2020/04/21 16:42:27 [/shop/shopping/load_payment_module.php] SendRequest:https://p01.mul-pay.jp/payment/SearchMember.idPass from 126.196.238.227
2020/04/21 16:42:27 [/shop/shopping/load_payment_module.php] Array
(
    [SiteID] => mst0000007602
    [SitePass] => ******
    [MemberID] => 8032
)
 from 126.196.238.227
2020/04/21 16:42:27 [/shop/shopping/load_payment_module.php] ErrCode=E01&ErrInfo=E01390002 from 126.196.238.227
2020/04/21 16:42:27 [/shop/shopping/load_payment_module.php] Array
(
    [0] => Array
        (
            [ErrCode] => E01
            [ErrInfo] => E01390002
        )

)
 from 126.196.238.227
2020/04/21 16:42:27 [/shop/shopping/load_payment_module.php] SendRequest:https://p01.mul-pay.jp/payment/SearchCard.idPass from 126.196.238.227
2020/04/21 16:42:27 [/shop/shopping/load_payment_module.php] Array
(
    [SiteID] => mst0000007602
    [SitePass] => ******
    [MemberID] => 8032
)
 from 126.196.238.227
2020/04/21 16:42:27 [/shop/shopping/load_payment_module.php] ErrCode=E01|E01&ErrInfo=E01390002|E01240002 from 126.196.238.227
2020/04/21 16:42:27 [/shop/shopping/load_payment_module.php] Array
(
    [0] => Array
        (
            [ErrCode] => E01
            [ErrInfo] => E01390002
        )

    [1] => Array
        (
            [ErrCode] => E01
            [ErrInfo] => E01240002
        )

)
 from 126.196.238.227
2020/04/21 16:43:01 [/shop/shopping/load_payment_module.php] SendRequest:https://p01.mul-pay.jp/payment/SearchMember.idPass from 126.196.238.227
2020/04/21 16:43:01 [/shop/shopping/load_payment_module.php] Array
(
    [SiteID] => mst0000007602
    [SitePass] => ******
    [MemberID] => 8032
)
 from 126.196.238.227
2020/04/21 16:43:02 [/shop/shopping/load_payment_module.php] ErrCode=E01&ErrInfo=E01390002 from 126.196.238.227
2020/04/21 16:43:02 [/shop/shopping/load_payment_module.php] Array
(
    [0] => Array
        (
            [ErrCode] => E01
            [ErrInfo] => E01390002
        )

)
 from 126.196.238.227
2020/04/21 16:43:02 [/shop/shopping/load_payment_module.php] SendRequest:https://p01.mul-pay.jp/payment/SearchCard.idPass from 126.196.238.227
2020/04/21 16:43:02 [/shop/shopping/load_payment_module.php] Array
(
    [SiteID] => mst0000007602
    [SitePass] => ******
    [MemberID] => 8032
)
 from 126.196.238.227
2020/04/21 16:43:02 [/shop/shopping/load_payment_module.php] ErrCode=E01|E01&ErrInfo=E01390002|E01240002 from 126.196.238.227
2020/04/21 16:43:02 [/shop/shopping/load_payment_module.php] Array
(
    [0] => Array
        (
            [ErrCode] => E01
            [ErrInfo] => E01390002
        )

    [1] => Array
        (
            [ErrCode] => E01
            [ErrInfo] => E01240002
        )

)
 from 126.196.238.227
2020/04/21 16:43:02 [/shop/shopping/load_payment_module.php] SendRequest:https://p01.mul-pay.jp/payment/EntryTran.idPass from 126.196.238.227
2020/04/21 16:43:02 [/shop/shopping/load_payment_module.php] Array
(
    [ShopID] => 9000034600950
    [ShopPass] => ******
    [OrderID] => 944153-21164302
    [JobCd] => CAPTURE
    [Amount] => 5571
    [TdFlag] => 0
    [TdTenantName] => 
)
 from 126.196.238.227
2020/04/21 16:43:02 [/shop/shopping/load_payment_module.php] AccessID=bb2501954848d1d9e7ee06e0b05077b1&AccessPass=d5026f97e65f83bc835801e9bb871b41 from 126.196.238.227
2020/04/21 16:43:02 [/shop/shopping/load_payment_module.php] Array
(
    [0] => Array
        (
            [AccessID] => bb2501954848d1d9e7ee06e0b05077b1
            [AccessPass] => d5026f97e65f83bc835801e9bb871b41
        )

)
 from 126.196.238.227
2020/04/21 16:43:02 [/shop/shopping/load_payment_module.php] load_payment_module.php set payment data:Array
(
    [AccessID] => bb2501954848d1d9e7ee06e0b05077b1
    [AccessPass] => d5026f97e65f83bc835801e9bb871b41
    [OrderID] => 944153-21164302
    [Amount] => 5571
    [JobCd] => CAPTURE
    [action_status] => 1
    [pay_status] => 0
)
 from 126.196.238.227
2020/04/21 16:43:02 [/shop/shopping/load_payment_module.php] SendRequest:https://p01.mul-pay.jp/payment/ExecTran.idPass from 126.196.238.227
2020/04/21 16:43:02 [/shop/shopping/load_payment_module.php] Array
(
    [AccessID] => bb2501954848d1d9e7ee06e0b05077b1
    [AccessPass] => d5026f97e65f83bc835801e9bb871b41
    [OrderID] => 944153-21164302
    [Method] => 1
    [Token] => 02e41ef75a2b3075b447c7986e258d7f7aabbea4373826ad153b9799caafe576
    [ClientField1] => 
    [ClientField2] => 
    [ClientField3] => EC-CUBE4.3.24
)
 from 126.196.238.227
2020/04/21 16:43:04 [/shop/shopping/load_payment_module.php] ACS=0&OrderID=944153-21164302&Forward=2S49631&Method=1&PayTimes=&Approve=0445965&TranID=2004211643602257210134113382&TranDate=20200421164304&CheckString=67383911567ef20b7649e9980291370f from 126.196.238.227
2020/04/21 16:43:04 [/shop/shopping/load_payment_module.php] Array
(
    [0] => Array
        (
            [ACS] => 0
            [OrderID] => 944153-21164302
            [Forward] => 2S49631
            [Method] => 1
            [PayTimes] => 
            [Approve] => 0445965
            [TranID] => 2004211643602257210134113382
            [TranDate] => 20200421164304
            [CheckString] => 67383911567ef20b7649e9980291370f
        )

)
 from 126.196.238.227
2020/04/21 16:43:04 [/shop/shopping/load_payment_module.php] load_payment_module.php set payment data:Array
(
    [ACS] => 0
    [Forward] => 2S49631
    [Method] => 1
    [PayTimes] => 
    [Approve] => 0445965
    [TranID] => 2004211643602257210134113382
    [TranDate] => 20200421164304
    [CheckString] => 67383911567ef20b7649e9980291370f
    [Amount] => 5571
    [JobCd] => CAPTURE
    [action_status] => 3
    [pay_status] => 13
)
 from 126.196.238.227
2020/04/21 16:43:04 [/shop/user_data/pg_mulpay_recv.php] ******* receiveer data start ******* from 210.175.7.20
2020/04/21 16:43:04 [/shop/user_data/pg_mulpay_recv.php] Array
(
    [ShopID] => 9000034600950
    [ShopPass] => **********
    [AccessID] => bb2501954848d1d9e7ee06e0b05077b1
    [AccessPass] => ********************************
    [OrderID] => 944153-21164302
    [Status] => CAPTURE
    [JobCd] => CAPTURE
    [Amount] => 5571
    [Tax] => 0
    [Currency] => JPN
    [Forward] => 2S49631
    [Method] => 1
    [PayTimes] => 
    [TranID] => 2004211643602257210134113382
    [Approve] => 0445965
    [TranDate] => 20200421164304
    [ErrCode] => 
    [ErrInfo] => 
    [PayType] => 0
)
 from 210.175.7.20
2020/04/21 16:43:04 [/shop/user_data/pg_mulpay_recv.php] ******* receiveer data end ******* from 210.175.7.20
2020/04/21 16:43:09 [/shop/user_data/pg_mulpay_recv.php] update order status:1 order_id=944153 from 210.175.7.20
2020/04/21 16:43:09 [/shop/user_data/pg_mulpay_recv.php] pg_mulpay_recv.php set payment data:Array
(
    [ShopID] => 9000034600950
    [AccessID] => bb2501954848d1d9e7ee06e0b05077b1
    [OrderID] => 944153-21164302
    [Status] => CAPTURE
    [JobCd] => CAPTURE
    [Amount] => 5571
    [Tax] => 0
    [Currency] => JPN
    [Forward] => 2S49631
    [Method] => 1
    [PayTimes] => 
    [TranID] => 2004211643602257210134113382
    [Approve] => 0445965
    [TranDate] => 20200421164304
    [ErrCode] => 
    [ErrInfo] => 
    [PayType] => 0
    [CvsCode] => 
    [CvsConfNo] => 
    [CvsReceiptNo] => 
    [EdyReceiptNo] => 
    [EdyOrderNo] => 
    [SuicaReceiptNo] => 
    [SuicaOrderNo] => 
    [CustID] => 
    [BkCode] => 
    [ConfNo] => 
    [PaymentTerm] => 
    [EncryptReceiptNo] => 
    [FinishDate] => 
    [ReceiptDate] => 
    [WebMoneyManagementNo] => 
    [WebMoneySettleCode] => 
    [AuPayInfoNo] => 
    [AuPayMethod] => 
    [AuCancelAmount] => 
    [AuCancelTax] => 
    [DocomoSettlementCode] => 
    [DocomoCancelAmount] => 
    [DocomoCancelTax] => 
    [pay_status] => 13
)
 from 210.175.7.20
2020/04/21 16:43:09 [/shop/user_data/pg_mulpay_recv.php] response:true from 210.175.7.20
