2018/09/08 00:01:03 [/shop/shopping/load_payment_module.php] SendRequest:https://p01.mul-pay.jp/payment/EntryTran.idPass from 115.134.128.228
2018/09/08 00:01:03 [/shop/shopping/load_payment_module.php] Array
(
    [ShopID] => 9000034600950
    [ShopPass] => ******
    [OrderID] => 929054-08000103
    [JobCd] => CAPTURE
    [Amount] => 6160
    [TdFlag] => 0
    [TdTenantName] => 
)
 from 115.134.128.228
2018/09/08 00:01:03 [/shop/shopping/load_payment_module.php] AccessID=42122d9f15b7818b7c55d5297c0c895b&AccessPass=b722000debc2bcdf685f00bb3bc54c7f from 115.134.128.228
2018/09/08 00:01:03 [/shop/shopping/load_payment_module.php] Array
(
    [0] => Array
        (
            [AccessID] => 42122d9f15b7818b7c55d5297c0c895b
            [AccessPass] => b722000debc2bcdf685f00bb3bc54c7f
        )

)
 from 115.134.128.228
2018/09/08 00:01:03 [/shop/shopping/load_payment_module.php] load_payment_module.php set payment data:Array
(
    [AccessID] => 42122d9f15b7818b7c55d5297c0c895b
    [AccessPass] => b722000debc2bcdf685f00bb3bc54c7f
    [OrderID] => 929054-08000103
    [Amount] => 6160
    [JobCd] => CAPTURE
    [action_status] => 1
    [pay_status] => 0
)
 from 115.134.128.228
2018/09/08 00:01:04 [/shop/shopping/load_payment_module.php] SendRequest:https://p01.mul-pay.jp/payment/ExecTran.idPass from 115.134.128.228
2018/09/08 00:01:04 [/shop/shopping/load_payment_module.php] Array
(
    [AccessID] => 42122d9f15b7818b7c55d5297c0c895b
    [AccessPass] => b722000debc2bcdf685f00bb3bc54c7f
    [OrderID] => 929054-08000103
    [Method] => 1
    [Token] => 3cf7a3e847b367ae5b5a35408f0739a74c9dab513897e3f6382dd8d3bcacb50b
    [ClientField1] => 
    [ClientField2] => 
    [ClientField3] => EC-CUBE4.3.24
)
 from 115.134.128.228
2018/09/08 00:01:06 [/shop/shopping/load_payment_module.php] ACS=0&OrderID=929054-08000103&Forward=2959876&Method=1&PayTimes=&Approve=0388013&TranID=1809080001602257210134127754&TranDate=20180908000106&CheckString=e468097227326569fa7bf51496b5044a from 115.134.128.228
2018/09/08 00:01:06 [/shop/shopping/load_payment_module.php] Array
(
    [0] => Array
        (
            [ACS] => 0
            [OrderID] => 929054-08000103
            [Forward] => 2959876
            [Method] => 1
            [PayTimes] => 
            [Approve] => 0388013
            [TranID] => 1809080001602257210134127754
            [TranDate] => 20180908000106
            [CheckString] => e468097227326569fa7bf51496b5044a
        )

)
 from 115.134.128.228
2018/09/08 00:01:06 [/shop/shopping/load_payment_module.php] load_payment_module.php set payment data:Array
(
    [ACS] => 0
    [Forward] => 2959876
    [Method] => 1
    [PayTimes] => 
    [Approve] => 0388013
    [TranID] => 1809080001602257210134127754
    [TranDate] => 20180908000106
    [CheckString] => e468097227326569fa7bf51496b5044a
    [Amount] => 6160
    [JobCd] => CAPTURE
    [action_status] => 3
    [pay_status] => 13
)
 from 115.134.128.228
2018/09/08 00:21:58 [/shop/shopping/load_payment_module.php] SendRequest:https://p01.mul-pay.jp/payment/SearchMember.idPass from 147.158.42.1
2018/09/08 00:21:58 [/shop/shopping/load_payment_module.php] Array
(
    [SiteID] => mst0000007602
    [SitePass] => ******
    [MemberID] => 7789
)
 from 147.158.42.1
2018/09/08 00:21:59 [/shop/shopping/load_payment_module.php] ErrCode=E01&ErrInfo=E01390002 from 147.158.42.1
2018/09/08 00:21:59 [/shop/shopping/load_payment_module.php] Array
(
    [0] => Array
        (
            [ErrCode] => E01
            [ErrInfo] => E01390002
        )

)
 from 147.158.42.1
2018/09/08 00:21:59 [/shop/shopping/load_payment_module.php] SendRequest:https://p01.mul-pay.jp/payment/SearchCard.idPass from 147.158.42.1
2018/09/08 00:21:59 [/shop/shopping/load_payment_module.php] Array
(
    [SiteID] => mst0000007602
    [SitePass] => ******
    [MemberID] => 7789
)
 from 147.158.42.1
2018/09/08 00:21:59 [/shop/shopping/load_payment_module.php] ErrCode=E01|E01&ErrInfo=E01390002|E01240002 from 147.158.42.1
2018/09/08 00:21:59 [/shop/shopping/load_payment_module.php] Array
(
    [0] => Array
        (
            [ErrCode] => E01
            [ErrInfo] => E01390002
        )

    [1] => Array
        (
            [ErrCode] => E01
            [ErrInfo] => E01240002
        )

)
 from 147.158.42.1
2018/09/08 00:22:56 [/shop/shopping/load_payment_module.php] SendRequest:https://p01.mul-pay.jp/payment/SearchMember.idPass from 147.158.42.1
2018/09/08 00:22:56 [/shop/shopping/load_payment_module.php] Array
(
    [SiteID] => mst0000007602
    [SitePass] => ******
    [MemberID] => 7789
)
 from 147.158.42.1
2018/09/08 00:22:56 [/shop/shopping/load_payment_module.php] ErrCode=E01&ErrInfo=E01390002 from 147.158.42.1
2018/09/08 00:22:56 [/shop/shopping/load_payment_module.php] Array
(
    [0] => Array
        (
            [ErrCode] => E01
            [ErrInfo] => E01390002
        )

)
 from 147.158.42.1
2018/09/08 00:22:56 [/shop/shopping/load_payment_module.php] SendRequest:https://p01.mul-pay.jp/payment/SearchCard.idPass from 147.158.42.1
2018/09/08 00:22:56 [/shop/shopping/load_payment_module.php] Array
(
    [SiteID] => mst0000007602
    [SitePass] => ******
    [MemberID] => 7789
)
 from 147.158.42.1
2018/09/08 00:22:56 [/shop/shopping/load_payment_module.php] ErrCode=E01|E01&ErrInfo=E01390002|E01240002 from 147.158.42.1
2018/09/08 00:22:56 [/shop/shopping/load_payment_module.php] Array
(
    [0] => Array
        (
            [ErrCode] => E01
            [ErrInfo] => E01390002
        )

    [1] => Array
        (
            [ErrCode] => E01
            [ErrInfo] => E01240002
        )

)
 from 147.158.42.1
2018/09/08 00:22:56 [/shop/shopping/load_payment_module.php] SendRequest:https://p01.mul-pay.jp/payment/EntryTran.idPass from 147.158.42.1
2018/09/08 00:22:56 [/shop/shopping/load_payment_module.php] Array
(
    [ShopID] => 9000034600950
    [ShopPass] => ******
    [OrderID] => 929056-08002256
    [JobCd] => CAPTURE
    [Amount] => 11160
    [TdFlag] => 0
    [TdTenantName] => 
)
 from 147.158.42.1
2018/09/08 00:22:56 [/shop/shopping/load_payment_module.php] AccessID=bab5597869cde3063250c4b9463b7773&AccessPass=828ec2be79d06305c0216b97c507213e from 147.158.42.1
2018/09/08 00:22:56 [/shop/shopping/load_payment_module.php] Array
(
    [0] => Array
        (
            [AccessID] => bab5597869cde3063250c4b9463b7773
            [AccessPass] => 828ec2be79d06305c0216b97c507213e
        )

)
 from 147.158.42.1
2018/09/08 00:22:56 [/shop/shopping/load_payment_module.php] load_payment_module.php set payment data:Array
(
    [AccessID] => bab5597869cde3063250c4b9463b7773
    [AccessPass] => 828ec2be79d06305c0216b97c507213e
    [OrderID] => 929056-08002256
    [Amount] => 11160
    [JobCd] => CAPTURE
    [action_status] => 1
    [pay_status] => 0
)
 from 147.158.42.1
2018/09/08 00:22:56 [/shop/shopping/load_payment_module.php] SendRequest:https://p01.mul-pay.jp/payment/ExecTran.idPass from 147.158.42.1
2018/09/08 00:22:56 [/shop/shopping/load_payment_module.php] Array
(
    [AccessID] => bab5597869cde3063250c4b9463b7773
    [AccessPass] => 828ec2be79d06305c0216b97c507213e
    [OrderID] => 929056-08002256
    [Method] => 1
    [Token] => df821b41f34af32dad22ab57544186d574a80fa93d2f0e46fd0e6fc3b77f378e
    [ClientField1] => 
    [ClientField2] => 
    [ClientField3] => EC-CUBE4.3.24
)
 from 147.158.42.1
2018/09/08 00:22:58 [/shop/shopping/load_payment_module.php] ACS=0&OrderID=929056-08002256&Forward=2959876&Method=1&PayTimes=&Approve=0381550&TranID=1809080022602257210134137681&TranDate=20180908002258&CheckString=002196eb91d84e93b8121da675fb0f77 from 147.158.42.1
2018/09/08 00:22:58 [/shop/shopping/load_payment_module.php] Array
(
    [0] => Array
        (
            [ACS] => 0
            [OrderID] => 929056-08002256
            [Forward] => 2959876
            [Method] => 1
            [PayTimes] => 
            [Approve] => 0381550
            [TranID] => 1809080022602257210134137681
            [TranDate] => 20180908002258
            [CheckString] => 002196eb91d84e93b8121da675fb0f77
        )

)
 from 147.158.42.1
2018/09/08 00:22:58 [/shop/shopping/load_payment_module.php] load_payment_module.php set payment data:Array
(
    [ACS] => 0
    [Forward] => 2959876
    [Method] => 1
    [PayTimes] => 
    [Approve] => 0381550
    [TranID] => 1809080022602257210134137681
    [TranDate] => 20180908002258
    [CheckString] => 002196eb91d84e93b8121da675fb0f77
    [Amount] => 11160
    [JobCd] => CAPTURE
    [action_status] => 3
    [pay_status] => 13
)
 from 147.158.42.1
2018/09/08 00:40:02 [/shop/shopping/load_payment_module.php] SendRequest:https://p01.mul-pay.jp/payment/EntryTran.idPass from 107.167.201.18
2018/09/08 00:40:02 [/shop/shopping/load_payment_module.php] Array
(
    [ShopID] => 9000034600950
    [ShopPass] => ******
    [OrderID] => 929057-08004002
    [JobCd] => CAPTURE
    [Amount] => 8660
    [TdFlag] => 0
    [TdTenantName] => 
)
 from 107.167.201.18
2018/09/08 00:40:02 [/shop/shopping/load_payment_module.php] AccessID=0aca31bda60b1f236cfe097269b60068&AccessPass=02a9930489e70c2c958a14d6489ffda8 from 107.167.201.18
2018/09/08 00:40:02 [/shop/shopping/load_payment_module.php] Array
(
    [0] => Array
        (
            [AccessID] => 0aca31bda60b1f236cfe097269b60068
            [AccessPass] => 02a9930489e70c2c958a14d6489ffda8
        )

)
 from 107.167.201.18
2018/09/08 00:40:02 [/shop/shopping/load_payment_module.php] load_payment_module.php set payment data:Array
(
    [AccessID] => 0aca31bda60b1f236cfe097269b60068
    [AccessPass] => 02a9930489e70c2c958a14d6489ffda8
    [OrderID] => 929057-08004002
    [Amount] => 8660
    [JobCd] => CAPTURE
    [action_status] => 1
    [pay_status] => 0
)
 from 107.167.201.18
2018/09/08 00:40:02 [/shop/shopping/load_payment_module.php] SendRequest:https://p01.mul-pay.jp/payment/ExecTran.idPass from 107.167.201.18
2018/09/08 00:40:02 [/shop/shopping/load_payment_module.php] Array
(
    [AccessID] => 0aca31bda60b1f236cfe097269b60068
    [AccessPass] => 02a9930489e70c2c958a14d6489ffda8
    [OrderID] => 929057-08004002
    [Method] => 1
    [Token] => 1f4a5b3e13ba05bd8144aab7cd606cea38a759d495b1d2d1ca7df07e3598881c
    [ClientField1] => 
    [ClientField2] => 
    [ClientField3] => EC-CUBE4.3.24
)
 from 107.167.201.18
2018/09/08 00:40:04 [/shop/shopping/load_payment_module.php] ACS=0&OrderID=929057-08004002&Forward=2a99661&Method=1&PayTimes=&Approve=0000056&TranID=1809080040602257210134117683&TranDate=20180908004004&CheckString=1db810001d1cde7797bcd21279fbac23 from 107.167.201.18
2018/09/08 00:40:04 [/shop/shopping/load_payment_module.php] Array
(
    [0] => Array
        (
            [ACS] => 0
            [OrderID] => 929057-08004002
            [Forward] => 2a99661
            [Method] => 1
            [PayTimes] => 
            [Approve] => 0000056
            [TranID] => 1809080040602257210134117683
            [TranDate] => 20180908004004
            [CheckString] => 1db810001d1cde7797bcd21279fbac23
        )

)
 from 107.167.201.18
2018/09/08 00:40:04 [/shop/shopping/load_payment_module.php] load_payment_module.php set payment data:Array
(
    [ACS] => 0
    [Forward] => 2a99661
    [Method] => 1
    [PayTimes] => 
    [Approve] => 0000056
    [TranID] => 1809080040602257210134117683
    [TranDate] => 20180908004004
    [CheckString] => 1db810001d1cde7797bcd21279fbac23
    [Amount] => 8660
    [JobCd] => CAPTURE
    [action_status] => 3
    [pay_status] => 13
)
 from 107.167.201.18
2018/09/08 01:56:26 [/shop/shopping/load_payment_module.php] SendRequest:https://p01.mul-pay.jp/payment/SearchMember.idPass from 177.102.128.118
2018/09/08 01:56:26 [/shop/shopping/load_payment_module.php] Array
(
    [SiteID] => mst0000007602
    [SitePass] => ******
    [MemberID] => 7790
)
 from 177.102.128.118
2018/09/08 01:56:26 [/shop/shopping/load_payment_module.php] ErrCode=E01&ErrInfo=E01390002 from 177.102.128.118
2018/09/08 01:56:26 [/shop/shopping/load_payment_module.php] Array
(
    [0] => Array
        (
            [ErrCode] => E01
            [ErrInfo] => E01390002
        )

)
 from 177.102.128.118
2018/09/08 01:56:26 [/shop/shopping/load_payment_module.php] SendRequest:https://p01.mul-pay.jp/payment/SearchCard.idPass from 177.102.128.118
2018/09/08 01:56:26 [/shop/shopping/load_payment_module.php] Array
(
    [SiteID] => mst0000007602
    [SitePass] => ******
    [MemberID] => 7790
)
 from 177.102.128.118
2018/09/08 01:56:26 [/shop/shopping/load_payment_module.php] ErrCode=E01|E01&ErrInfo=E01390002|E01240002 from 177.102.128.118
2018/09/08 01:56:26 [/shop/shopping/load_payment_module.php] Array
(
    [0] => Array
        (
            [ErrCode] => E01
            [ErrInfo] => E01390002
        )

    [1] => Array
        (
            [ErrCode] => E01
            [ErrInfo] => E01240002
        )

)
 from 177.102.128.118
2018/09/08 01:57:58 [/shop/shopping/load_payment_module.php] SendRequest:https://p01.mul-pay.jp/payment/SearchMember.idPass from 177.102.128.118
2018/09/08 01:57:58 [/shop/shopping/load_payment_module.php] Array
(
    [SiteID] => mst0000007602
    [SitePass] => ******
    [MemberID] => 7790
)
 from 177.102.128.118
2018/09/08 01:57:58 [/shop/shopping/load_payment_module.php] ErrCode=E01&ErrInfo=E01390002 from 177.102.128.118
2018/09/08 01:57:58 [/shop/shopping/load_payment_module.php] Array
(
    [0] => Array
        (
            [ErrCode] => E01
            [ErrInfo] => E01390002
        )

)
 from 177.102.128.118
2018/09/08 01:57:58 [/shop/shopping/load_payment_module.php] SendRequest:https://p01.mul-pay.jp/payment/SearchCard.idPass from 177.102.128.118
2018/09/08 01:57:58 [/shop/shopping/load_payment_module.php] Array
(
    [SiteID] => mst0000007602
    [SitePass] => ******
    [MemberID] => 7790
)
 from 177.102.128.118
2018/09/08 01:57:58 [/shop/shopping/load_payment_module.php] ErrCode=E01|E01&ErrInfo=E01390002|E01240002 from 177.102.128.118
2018/09/08 01:57:58 [/shop/shopping/load_payment_module.php] Array
(
    [0] => Array
        (
            [ErrCode] => E01
            [ErrInfo] => E01390002
        )

    [1] => Array
        (
            [ErrCode] => E01
            [ErrInfo] => E01240002
        )

)
 from 177.102.128.118
2018/09/08 01:57:58 [/shop/shopping/load_payment_module.php] SendRequest:https://p01.mul-pay.jp/payment/EntryTran.idPass from 177.102.128.118
2018/09/08 01:57:58 [/shop/shopping/load_payment_module.php] Array
(
    [ShopID] => 9000034600950
    [ShopPass] => ******
    [OrderID] => 929058-08015758
    [JobCd] => CAPTURE
    [Amount] => 4410
    [TdFlag] => 0
    [TdTenantName] => 
)
 from 177.102.128.118
2018/09/08 01:57:58 [/shop/shopping/load_payment_module.php] AccessID=3f20f0afca51a8ba5379e05a30f4041c&AccessPass=d0315c33b1dcd4569e2045207d6945da from 177.102.128.118
2018/09/08 01:57:58 [/shop/shopping/load_payment_module.php] Array
(
    [0] => Array
        (
            [AccessID] => 3f20f0afca51a8ba5379e05a30f4041c
            [AccessPass] => d0315c33b1dcd4569e2045207d6945da
        )

)
 from 177.102.128.118
2018/09/08 01:57:58 [/shop/shopping/load_payment_module.php] load_payment_module.php set payment data:Array
(
    [AccessID] => 3f20f0afca51a8ba5379e05a30f4041c
    [AccessPass] => d0315c33b1dcd4569e2045207d6945da
    [OrderID] => 929058-08015758
    [Amount] => 4410
    [JobCd] => CAPTURE
    [action_status] => 1
    [pay_status] => 0
)
 from 177.102.128.118
2018/09/08 01:57:58 [/shop/shopping/load_payment_module.php] SendRequest:https://p01.mul-pay.jp/payment/ExecTran.idPass from 177.102.128.118
2018/09/08 01:57:58 [/shop/shopping/load_payment_module.php] Array
(
    [AccessID] => 3f20f0afca51a8ba5379e05a30f4041c
    [AccessPass] => d0315c33b1dcd4569e2045207d6945da
    [OrderID] => 929058-08015758
    [Method] => 1
    [Token] => 872e371e078e3fde8b10729b633c0474fd7b91a973610a20a2073acec6fb8e37
    [ClientField1] => 
    [ClientField2] => 
    [ClientField3] => EC-CUBE4.3.24
)
 from 177.102.128.118
2018/09/08 01:57:59 [/shop/shopping/load_payment_module.php] ACS=0&OrderID=929058-08015758&Forward=2S49631&Method=1&PayTimes=&Approve=0675915&TranID=1809080157602257210134137682&TranDate=20180908015759&CheckString=b1f86f668c70d9f9f10567195d9f50b6 from 177.102.128.118
2018/09/08 01:57:59 [/shop/shopping/load_payment_module.php] Array
(
    [0] => Array
        (
            [ACS] => 0
            [OrderID] => 929058-08015758
            [Forward] => 2S49631
            [Method] => 1
            [PayTimes] => 
            [Approve] => 0675915
            [TranID] => 1809080157602257210134137682
            [TranDate] => 20180908015759
            [CheckString] => b1f86f668c70d9f9f10567195d9f50b6
        )

)
 from 177.102.128.118
2018/09/08 01:57:59 [/shop/shopping/load_payment_module.php] load_payment_module.php set payment data:Array
(
    [ACS] => 0
    [Forward] => 2S49631
    [Method] => 1
    [PayTimes] => 
    [Approve] => 0675915
    [TranID] => 1809080157602257210134137682
    [TranDate] => 20180908015759
    [CheckString] => b1f86f668c70d9f9f10567195d9f50b6
    [Amount] => 4410
    [JobCd] => CAPTURE
    [action_status] => 3
    [pay_status] => 13
)
 from 177.102.128.118
2018/09/08 04:33:23 [/shop/shopping/load_payment_module.php] SendRequest:https://p01.mul-pay.jp/payment/SearchMember.idPass from 187.170.35.91
2018/09/08 04:33:23 [/shop/shopping/load_payment_module.php] Array
(
    [SiteID] => mst0000007602
    [SitePass] => ******
    [MemberID] => 2231
)
 from 187.170.35.91
2018/09/08 04:33:23 [/shop/shopping/load_payment_module.php] ErrCode=E01&ErrInfo=E01390002 from 187.170.35.91
2018/09/08 04:33:23 [/shop/shopping/load_payment_module.php] Array
(
    [0] => Array
        (
            [ErrCode] => E01
            [ErrInfo] => E01390002
        )

)
 from 187.170.35.91
2018/09/08 04:33:23 [/shop/shopping/load_payment_module.php] SendRequest:https://p01.mul-pay.jp/payment/SearchCard.idPass from 187.170.35.91
2018/09/08 04:33:23 [/shop/shopping/load_payment_module.php] Array
(
    [SiteID] => mst0000007602
    [SitePass] => ******
    [MemberID] => 2231
)
 from 187.170.35.91
2018/09/08 04:33:23 [/shop/shopping/load_payment_module.php] ErrCode=E01|E01&ErrInfo=E01390002|E01240002 from 187.170.35.91
2018/09/08 04:33:23 [/shop/shopping/load_payment_module.php] Array
(
    [0] => Array
        (
            [ErrCode] => E01
            [ErrInfo] => E01390002
        )

    [1] => Array
        (
            [ErrCode] => E01
            [ErrInfo] => E01240002
        )

)
 from 187.170.35.91
2018/09/08 04:34:24 [/shop/shopping/load_payment_module.php] SendRequest:https://p01.mul-pay.jp/payment/SearchMember.idPass from 187.170.35.91
2018/09/08 04:34:24 [/shop/shopping/load_payment_module.php] Array
(
    [SiteID] => mst0000007602
    [SitePass] => ******
    [MemberID] => 2231
)
 from 187.170.35.91
2018/09/08 04:34:25 [/shop/shopping/load_payment_module.php] ErrCode=E01&ErrInfo=E01390002 from 187.170.35.91
2018/09/08 04:34:25 [/shop/shopping/load_payment_module.php] Array
(
    [0] => Array
        (
            [ErrCode] => E01
            [ErrInfo] => E01390002
        )

)
 from 187.170.35.91
2018/09/08 04:34:25 [/shop/shopping/load_payment_module.php] SendRequest:https://p01.mul-pay.jp/payment/SearchCard.idPass from 187.170.35.91
2018/09/08 04:34:25 [/shop/shopping/load_payment_module.php] Array
(
    [SiteID] => mst0000007602
    [SitePass] => ******
    [MemberID] => 2231
)
 from 187.170.35.91
2018/09/08 04:34:25 [/shop/shopping/load_payment_module.php] ErrCode=E01|E01&ErrInfo=E01390002|E01240002 from 187.170.35.91
2018/09/08 04:34:25 [/shop/shopping/load_payment_module.php] Array
(
    [0] => Array
        (
            [ErrCode] => E01
            [ErrInfo] => E01390002
        )

    [1] => Array
        (
            [ErrCode] => E01
            [ErrInfo] => E01240002
        )

)
 from 187.170.35.91
2018/09/08 04:34:25 [/shop/shopping/load_payment_module.php] SendRequest:https://p01.mul-pay.jp/payment/EntryTran.idPass from 187.170.35.91
2018/09/08 04:34:25 [/shop/shopping/load_payment_module.php] Array
(
    [ShopID] => 9000034600950
    [ShopPass] => ******
    [OrderID] => 929059-08043425
    [JobCd] => CAPTURE
    [Amount] => 16810
    [TdFlag] => 0
    [TdTenantName] => 
)
 from 187.170.35.91
2018/09/08 04:34:25 [/shop/shopping/load_payment_module.php] AccessID=d450038319c0e50753c0e87e8df088d1&AccessPass=35449fcb18affb3bac54b7c6056795c6 from 187.170.35.91
2018/09/08 04:34:25 [/shop/shopping/load_payment_module.php] Array
(
    [0] => Array
        (
            [AccessID] => d450038319c0e50753c0e87e8df088d1
            [AccessPass] => 35449fcb18affb3bac54b7c6056795c6
        )

)
 from 187.170.35.91
2018/09/08 04:34:25 [/shop/shopping/load_payment_module.php] load_payment_module.php set payment data:Array
(
    [AccessID] => d450038319c0e50753c0e87e8df088d1
    [AccessPass] => 35449fcb18affb3bac54b7c6056795c6
    [OrderID] => 929059-08043425
    [Amount] => 16810
    [JobCd] => CAPTURE
    [action_status] => 1
    [pay_status] => 0
)
 from 187.170.35.91
2018/09/08 04:34:25 [/shop/shopping/load_payment_module.php] SendRequest:https://p01.mul-pay.jp/payment/ExecTran.idPass from 187.170.35.91
2018/09/08 04:34:25 [/shop/shopping/load_payment_module.php] Array
(
    [AccessID] => d450038319c0e50753c0e87e8df088d1
    [AccessPass] => 35449fcb18affb3bac54b7c6056795c6
    [OrderID] => 929059-08043425
    [Method] => 1
    [Token] => 43886616e47cf6afd96bc37dcf5d3bd0055096fc95181d66c01bff2dbc3ff29a
    [ClientField1] => 
    [ClientField2] => 
    [ClientField3] => EC-CUBE4.3.24
)
 from 187.170.35.91
2018/09/08 04:34:26 [/shop/shopping/load_payment_module.php] ACS=0&OrderID=929059-08043425&Forward=2S49631&Method=1&PayTimes=&Approve=0956917&TranID=1809080434602257210134137683&TranDate=20180908043426&CheckString=9d0f4a064f105e05d90aef60221ccd7c from 187.170.35.91
2018/09/08 04:34:26 [/shop/shopping/load_payment_module.php] Array
(
    [0] => Array
        (
            [ACS] => 0
            [OrderID] => 929059-08043425
            [Forward] => 2S49631
            [Method] => 1
            [PayTimes] => 
            [Approve] => 0956917
            [TranID] => 1809080434602257210134137683
            [TranDate] => 20180908043426
            [CheckString] => 9d0f4a064f105e05d90aef60221ccd7c
        )

)
 from 187.170.35.91
2018/09/08 04:34:26 [/shop/shopping/load_payment_module.php] load_payment_module.php set payment data:Array
(
    [ACS] => 0
    [Forward] => 2S49631
    [Method] => 1
    [PayTimes] => 
    [Approve] => 0956917
    [TranID] => 1809080434602257210134137683
    [TranDate] => 20180908043426
    [CheckString] => 9d0f4a064f105e05d90aef60221ccd7c
    [Amount] => 16810
    [JobCd] => CAPTURE
    [action_status] => 3
    [pay_status] => 13
)
 from 187.170.35.91
2018/09/08 06:13:52 [/shop/shopping/load_payment_module.php] SendRequest:https://p01.mul-pay.jp/payment/EntryTran.idPass from 79.66.183.104
2018/09/08 06:13:52 [/shop/shopping/load_payment_module.php] Array
(
    [ShopID] => 9000034600950
    [ShopPass] => ******
    [OrderID] => 929060-08061352
    [JobCd] => CAPTURE
    [Amount] => 8910
    [TdFlag] => 0
    [TdTenantName] => 
)
 from 79.66.183.104
2018/09/08 06:13:52 [/shop/shopping/load_payment_module.php] AccessID=ba8649bb76f69eb3380c14f347fa0b39&AccessPass=fc17a81e22733781b291e1c201b1c19a from 79.66.183.104
2018/09/08 06:13:52 [/shop/shopping/load_payment_module.php] Array
(
    [0] => Array
        (
            [AccessID] => ba8649bb76f69eb3380c14f347fa0b39
            [AccessPass] => fc17a81e22733781b291e1c201b1c19a
        )

)
 from 79.66.183.104
2018/09/08 06:13:52 [/shop/shopping/load_payment_module.php] load_payment_module.php set payment data:Array
(
    [AccessID] => ba8649bb76f69eb3380c14f347fa0b39
    [AccessPass] => fc17a81e22733781b291e1c201b1c19a
    [OrderID] => 929060-08061352
    [Amount] => 8910
    [JobCd] => CAPTURE
    [action_status] => 1
    [pay_status] => 0
)
 from 79.66.183.104
2018/09/08 06:13:52 [/shop/shopping/load_payment_module.php] SendRequest:https://p01.mul-pay.jp/payment/ExecTran.idPass from 79.66.183.104
2018/09/08 06:13:52 [/shop/shopping/load_payment_module.php] Array
(
    [AccessID] => ba8649bb76f69eb3380c14f347fa0b39
    [AccessPass] => fc17a81e22733781b291e1c201b1c19a
    [OrderID] => 929060-08061352
    [Method] => 1
    [Token] => 736fd0994f473962616fc3fd63050b27a4d0639ea31676a1ac1cfbead7fe1d6a
    [ClientField1] => 
    [ClientField2] => 
    [ClientField3] => EC-CUBE4.3.24
)
 from 79.66.183.104
2018/09/08 06:13:53 [/shop/shopping/load_payment_module.php] ACS=0&OrderID=929060-08061352&Forward=2S49631&Method=1&PayTimes=&Approve=0011141&TranID=1809080613602257210134137684&TranDate=20180908061353&CheckString=3b087238ce17ab92633d5b0045001821 from 79.66.183.104
2018/09/08 06:13:53 [/shop/shopping/load_payment_module.php] Array
(
    [0] => Array
        (
            [ACS] => 0
            [OrderID] => 929060-08061352
            [Forward] => 2S49631
            [Method] => 1
            [PayTimes] => 
            [Approve] => 0011141
            [TranID] => 1809080613602257210134137684
            [TranDate] => 20180908061353
            [CheckString] => 3b087238ce17ab92633d5b0045001821
        )

)
 from 79.66.183.104
2018/09/08 06:13:53 [/shop/shopping/load_payment_module.php] load_payment_module.php set payment data:Array
(
    [ACS] => 0
    [Forward] => 2S49631
    [Method] => 1
    [PayTimes] => 
    [Approve] => 0011141
    [TranID] => 1809080613602257210134137684
    [TranDate] => 20180908061353
    [CheckString] => 3b087238ce17ab92633d5b0045001821
    [Amount] => 8910
    [JobCd] => CAPTURE
    [action_status] => 3
    [pay_status] => 13
)
 from 79.66.183.104
2018/09/08 06:41:26 [/shop/shopping/load_payment_module.php] SendRequest:https://p01.mul-pay.jp/payment/EntryTran.idPass from 222.149.252.18
2018/09/08 06:41:26 [/shop/shopping/load_payment_module.php] Array
(
    [ShopID] => 9000034600950
    [ShopPass] => ******
    [OrderID] => 929061-08064126
    [JobCd] => CAPTURE
    [Amount] => 6480
    [TdFlag] => 0
    [TdTenantName] => 
)
 from 222.149.252.18
2018/09/08 06:41:26 [/shop/shopping/load_payment_module.php] AccessID=817bb90d330efd5b29d75dfec30096e5&AccessPass=dbd896d72c22b96c14a11215c64e153f from 222.149.252.18
2018/09/08 06:41:26 [/shop/shopping/load_payment_module.php] Array
(
    [0] => Array
        (
            [AccessID] => 817bb90d330efd5b29d75dfec30096e5
            [AccessPass] => dbd896d72c22b96c14a11215c64e153f
        )

)
 from 222.149.252.18
2018/09/08 06:41:26 [/shop/shopping/load_payment_module.php] load_payment_module.php set payment data:Array
(
    [AccessID] => 817bb90d330efd5b29d75dfec30096e5
    [AccessPass] => dbd896d72c22b96c14a11215c64e153f
    [OrderID] => 929061-08064126
    [Amount] => 6480
    [JobCd] => CAPTURE
    [action_status] => 1
    [pay_status] => 0
)
 from 222.149.252.18
2018/09/08 06:41:26 [/shop/shopping/load_payment_module.php] SendRequest:https://p01.mul-pay.jp/payment/ExecTran.idPass from 222.149.252.18
2018/09/08 06:41:26 [/shop/shopping/load_payment_module.php] Array
(
    [AccessID] => 817bb90d330efd5b29d75dfec30096e5
    [AccessPass] => dbd896d72c22b96c14a11215c64e153f
    [OrderID] => 929061-08064126
    [Method] => 1
    [Token] => d7cc66b1a5eccf554ec996ed7e6ef4d75d14a3a8a4438ed28658c4d3b47cf082
    [ClientField1] => 
    [ClientField2] => 
    [ClientField3] => EC-CUBE4.3.24
)
 from 222.149.252.18
2018/09/08 06:41:27 [/shop/shopping/load_payment_module.php] ACS=0&OrderID=929061-08064126&Forward=2S49631&Method=1&PayTimes=&Approve=0001631&TranID=1809080641602257210134127755&TranDate=20180908064127&CheckString=0986522e487e93af8d52e8deaf9a58cf from 222.149.252.18
2018/09/08 06:41:27 [/shop/shopping/load_payment_module.php] Array
(
    [0] => Array
        (
            [ACS] => 0
            [OrderID] => 929061-08064126
            [Forward] => 2S49631
            [Method] => 1
            [PayTimes] => 
            [Approve] => 0001631
            [TranID] => 1809080641602257210134127755
            [TranDate] => 20180908064127
            [CheckString] => 0986522e487e93af8d52e8deaf9a58cf
        )

)
 from 222.149.252.18
2018/09/08 06:41:27 [/shop/shopping/load_payment_module.php] load_payment_module.php set payment data:Array
(
    [ACS] => 0
    [Forward] => 2S49631
    [Method] => 1
    [PayTimes] => 
    [Approve] => 0001631
    [TranID] => 1809080641602257210134127755
    [TranDate] => 20180908064127
    [CheckString] => 0986522e487e93af8d52e8deaf9a58cf
    [Amount] => 6480
    [JobCd] => CAPTURE
    [action_status] => 3
    [pay_status] => 13
)
 from 222.149.252.18
2018/09/08 06:49:10 [/shop/shopping/load_payment_module.php] SendRequest:https://p01.mul-pay.jp/payment/EntryTran.idPass from 222.149.252.18
2018/09/08 06:49:10 [/shop/shopping/load_payment_module.php] Array
(
    [ShopID] => 9000034600950
    [ShopPass] => ******
    [OrderID] => 929062-08064910
    [JobCd] => CAPTURE
    [Amount] => 2880
    [TdFlag] => 0
    [TdTenantName] => 
)
 from 222.149.252.18
2018/09/08 06:49:10 [/shop/shopping/load_payment_module.php] AccessID=8634df6569b0567519286c471c30665f&AccessPass=ff50dc0a5646fe6c6d8fd6fb78a2230e from 222.149.252.18
2018/09/08 06:49:10 [/shop/shopping/load_payment_module.php] Array
(
    [0] => Array
        (
            [AccessID] => 8634df6569b0567519286c471c30665f
            [AccessPass] => ff50dc0a5646fe6c6d8fd6fb78a2230e
        )

)
 from 222.149.252.18
2018/09/08 06:49:10 [/shop/shopping/load_payment_module.php] load_payment_module.php set payment data:Array
(
    [AccessID] => 8634df6569b0567519286c471c30665f
    [AccessPass] => ff50dc0a5646fe6c6d8fd6fb78a2230e
    [OrderID] => 929062-08064910
    [Amount] => 2880
    [JobCd] => CAPTURE
    [action_status] => 1
    [pay_status] => 0
)
 from 222.149.252.18
2018/09/08 06:49:10 [/shop/shopping/load_payment_module.php] SendRequest:https://p01.mul-pay.jp/payment/ExecTran.idPass from 222.149.252.18
2018/09/08 06:49:10 [/shop/shopping/load_payment_module.php] Array
(
    [AccessID] => 8634df6569b0567519286c471c30665f
    [AccessPass] => ff50dc0a5646fe6c6d8fd6fb78a2230e
    [OrderID] => 929062-08064910
    [Method] => 1
    [Token] => 6fc664ee87386c8a28978556364151e00b3e9e642220032bfedd644369620715
    [ClientField1] => 
    [ClientField2] => 
    [ClientField3] => EC-CUBE4.3.24
)
 from 222.149.252.18
2018/09/08 06:49:11 [/shop/shopping/load_payment_module.php] ACS=0&OrderID=929062-08064910&Forward=2S49631&Method=1&PayTimes=&Approve=0004224&TranID=1809080649602257210134117684&TranDate=20180908064911&CheckString=8a8c769e1a129acfe151017ef2ea7810 from 222.149.252.18
2018/09/08 06:49:11 [/shop/shopping/load_payment_module.php] Array
(
    [0] => Array
        (
            [ACS] => 0
            [OrderID] => 929062-08064910
            [Forward] => 2S49631
            [Method] => 1
            [PayTimes] => 
            [Approve] => 0004224
            [TranID] => 1809080649602257210134117684
            [TranDate] => 20180908064911
            [CheckString] => 8a8c769e1a129acfe151017ef2ea7810
        )

)
 from 222.149.252.18
2018/09/08 06:49:11 [/shop/shopping/load_payment_module.php] load_payment_module.php set payment data:Array
(
    [ACS] => 0
    [Forward] => 2S49631
    [Method] => 1
    [PayTimes] => 
    [Approve] => 0004224
    [TranID] => 1809080649602257210134117684
    [TranDate] => 20180908064911
    [CheckString] => 8a8c769e1a129acfe151017ef2ea7810
    [Amount] => 2880
    [JobCd] => CAPTURE
    [action_status] => 3
    [pay_status] => 13
)
 from 222.149.252.18
2018/09/08 07:19:50 [/shop/shopping/load_payment_module.php] SendRequest:https://p01.mul-pay.jp/payment/EntryTran.idPass from 207.6.72.243
2018/09/08 07:19:50 [/shop/shopping/load_payment_module.php] Array
(
    [ShopID] => 9000034600950
    [ShopPass] => ******
    [OrderID] => 929063-08071950
    [JobCd] => CAPTURE
    [Amount] => 9330
    [TdFlag] => 0
    [TdTenantName] => 
)
 from 207.6.72.243
2018/09/08 07:19:51 [/shop/shopping/load_payment_module.php] AccessID=38b3b0d8ee734c8d209a43e54ed8eaa0&AccessPass=5c2589a244d673158871a9ce8d0733f4 from 207.6.72.243
2018/09/08 07:19:51 [/shop/shopping/load_payment_module.php] Array
(
    [0] => Array
        (
            [AccessID] => 38b3b0d8ee734c8d209a43e54ed8eaa0
            [AccessPass] => 5c2589a244d673158871a9ce8d0733f4
        )

)
 from 207.6.72.243
2018/09/08 07:19:51 [/shop/shopping/load_payment_module.php] load_payment_module.php set payment data:Array
(
    [AccessID] => 38b3b0d8ee734c8d209a43e54ed8eaa0
    [AccessPass] => 5c2589a244d673158871a9ce8d0733f4
    [OrderID] => 929063-08071950
    [Amount] => 9330
    [JobCd] => CAPTURE
    [action_status] => 1
    [pay_status] => 0
)
 from 207.6.72.243
2018/09/08 07:19:51 [/shop/shopping/load_payment_module.php] SendRequest:https://p01.mul-pay.jp/payment/ExecTran.idPass from 207.6.72.243
2018/09/08 07:19:51 [/shop/shopping/load_payment_module.php] Array
(
    [AccessID] => 38b3b0d8ee734c8d209a43e54ed8eaa0
    [AccessPass] => 5c2589a244d673158871a9ce8d0733f4
    [OrderID] => 929063-08071950
    [Method] => 1
    [Token] => 4dc085e35f0c39bf28176c2b9ac263d6c45a966a7c2411a8a1ee5b13e570039a
    [ClientField1] => 
    [ClientField2] => 
    [ClientField3] => EC-CUBE4.3.24
)
 from 207.6.72.243
2018/09/08 07:19:51 [/shop/shopping/load_payment_module.php] ACS=0&OrderID=929063-08071950&Forward=2S49631&Method=1&PayTimes=&Approve=0085036&TranID=1809080719602257210134127756&TranDate=20180908071951&CheckString=73e0c628b0263978707d31a8bc267507 from 207.6.72.243
2018/09/08 07:19:51 [/shop/shopping/load_payment_module.php] Array
(
    [0] => Array
        (
            [ACS] => 0
            [OrderID] => 929063-08071950
            [Forward] => 2S49631
            [Method] => 1
            [PayTimes] => 
            [Approve] => 0085036
            [TranID] => 1809080719602257210134127756
            [TranDate] => 20180908071951
            [CheckString] => 73e0c628b0263978707d31a8bc267507
        )

)
 from 207.6.72.243
2018/09/08 07:19:51 [/shop/shopping/load_payment_module.php] load_payment_module.php set payment data:Array
(
    [ACS] => 0
    [Forward] => 2S49631
    [Method] => 1
    [PayTimes] => 
    [Approve] => 0085036
    [TranID] => 1809080719602257210134127756
    [TranDate] => 20180908071951
    [CheckString] => 73e0c628b0263978707d31a8bc267507
    [Amount] => 9330
    [JobCd] => CAPTURE
    [action_status] => 3
    [pay_status] => 13
)
 from 207.6.72.243
2018/09/08 07:43:44 [/shop/shopping/load_payment_module.php] SendRequest:https://p01.mul-pay.jp/payment/SearchMember.idPass from 99.62.92.189
2018/09/08 07:43:44 [/shop/shopping/load_payment_module.php] Array
(
    [SiteID] => mst0000007602
    [SitePass] => ******
    [MemberID] => 6374
)
 from 99.62.92.189
2018/09/08 07:43:44 [/shop/shopping/load_payment_module.php] ErrCode=E01&ErrInfo=E01390002 from 99.62.92.189
2018/09/08 07:43:44 [/shop/shopping/load_payment_module.php] Array
(
    [0] => Array
        (
            [ErrCode] => E01
            [ErrInfo] => E01390002
        )

)
 from 99.62.92.189
2018/09/08 07:43:44 [/shop/shopping/load_payment_module.php] SendRequest:https://p01.mul-pay.jp/payment/SearchCard.idPass from 99.62.92.189
2018/09/08 07:43:44 [/shop/shopping/load_payment_module.php] Array
(
    [SiteID] => mst0000007602
    [SitePass] => ******
    [MemberID] => 6374
)
 from 99.62.92.189
2018/09/08 07:43:44 [/shop/shopping/load_payment_module.php] ErrCode=E01|E01&ErrInfo=E01390002|E01240002 from 99.62.92.189
2018/09/08 07:43:44 [/shop/shopping/load_payment_module.php] Array
(
    [0] => Array
        (
            [ErrCode] => E01
            [ErrInfo] => E01390002
        )

    [1] => Array
        (
            [ErrCode] => E01
            [ErrInfo] => E01240002
        )

)
 from 99.62.92.189
2018/09/08 07:45:45 [/shop/shopping/load_payment_module.php] SendRequest:https://p01.mul-pay.jp/payment/SearchMember.idPass from 99.62.92.189
2018/09/08 07:45:45 [/shop/shopping/load_payment_module.php] Array
(
    [SiteID] => mst0000007602
    [SitePass] => ******
    [MemberID] => 6374
)
 from 99.62.92.189
2018/09/08 07:45:45 [/shop/shopping/load_payment_module.php] ErrCode=E01&ErrInfo=E01390002 from 99.62.92.189
2018/09/08 07:45:45 [/shop/shopping/load_payment_module.php] Array
(
    [0] => Array
        (
            [ErrCode] => E01
            [ErrInfo] => E01390002
        )

)
 from 99.62.92.189
2018/09/08 07:45:45 [/shop/shopping/load_payment_module.php] SendRequest:https://p01.mul-pay.jp/payment/SearchCard.idPass from 99.62.92.189
2018/09/08 07:45:45 [/shop/shopping/load_payment_module.php] Array
(
    [SiteID] => mst0000007602
    [SitePass] => ******
    [MemberID] => 6374
)
 from 99.62.92.189
2018/09/08 07:45:45 [/shop/shopping/load_payment_module.php] ErrCode=E01|E01&ErrInfo=E01390002|E01240002 from 99.62.92.189
2018/09/08 07:45:45 [/shop/shopping/load_payment_module.php] Array
(
    [0] => Array
        (
            [ErrCode] => E01
            [ErrInfo] => E01390002
        )

    [1] => Array
        (
            [ErrCode] => E01
            [ErrInfo] => E01240002
        )

)
 from 99.62.92.189
2018/09/08 07:45:45 [/shop/shopping/load_payment_module.php] SendRequest:https://p01.mul-pay.jp/payment/EntryTran.idPass from 99.62.92.189
2018/09/08 07:45:45 [/shop/shopping/load_payment_module.php] Array
(
    [ShopID] => 9000034600950
    [ShopPass] => ******
    [OrderID] => 929064-08074545
    [JobCd] => CAPTURE
    [Amount] => 6750
    [TdFlag] => 0
    [TdTenantName] => 
)
 from 99.62.92.189
2018/09/08 07:45:45 [/shop/shopping/load_payment_module.php] AccessID=04cb8ddd43709e07031a0836e5ad840f&AccessPass=bb477a5eaf7f3f17f1343f8ae03bb034 from 99.62.92.189
2018/09/08 07:45:45 [/shop/shopping/load_payment_module.php] Array
(
    [0] => Array
        (
            [AccessID] => 04cb8ddd43709e07031a0836e5ad840f
            [AccessPass] => bb477a5eaf7f3f17f1343f8ae03bb034
        )

)
 from 99.62.92.189
2018/09/08 07:45:45 [/shop/shopping/load_payment_module.php] load_payment_module.php set payment data:Array
(
    [AccessID] => 04cb8ddd43709e07031a0836e5ad840f
    [AccessPass] => bb477a5eaf7f3f17f1343f8ae03bb034
    [OrderID] => 929064-08074545
    [Amount] => 6750
    [JobCd] => CAPTURE
    [action_status] => 1
    [pay_status] => 0
)
 from 99.62.92.189
2018/09/08 07:45:45 [/shop/shopping/load_payment_module.php] SendRequest:https://p01.mul-pay.jp/payment/ExecTran.idPass from 99.62.92.189
2018/09/08 07:45:45 [/shop/shopping/load_payment_module.php] Array
(
    [AccessID] => 04cb8ddd43709e07031a0836e5ad840f
    [AccessPass] => bb477a5eaf7f3f17f1343f8ae03bb034
    [OrderID] => 929064-08074545
    [Method] => 1
    [Token] => cd2e518702ed3711ca30f46c27d63ae86f4660d9666de6b3370ca5e885a1c75f
    [ClientField1] => 
    [ClientField2] => 
    [ClientField3] => EC-CUBE4.3.24
)
 from 99.62.92.189
2018/09/08 07:45:47 [/shop/shopping/load_payment_module.php] ACS=0&OrderID=929064-08074545&Forward=2959876&Method=1&PayTimes=&Approve=0064059&TranID=1809080745602257210134127757&TranDate=20180908074547&CheckString=fdb5a93cbe5e1af6330c4c1b3e04dcc2 from 99.62.92.189
2018/09/08 07:45:47 [/shop/shopping/load_payment_module.php] Array
(
    [0] => Array
        (
            [ACS] => 0
            [OrderID] => 929064-08074545
            [Forward] => 2959876
            [Method] => 1
            [PayTimes] => 
            [Approve] => 0064059
            [TranID] => 1809080745602257210134127757
            [TranDate] => 20180908074547
            [CheckString] => fdb5a93cbe5e1af6330c4c1b3e04dcc2
        )

)
 from 99.62.92.189
2018/09/08 07:45:47 [/shop/shopping/load_payment_module.php] load_payment_module.php set payment data:Array
(
    [ACS] => 0
    [Forward] => 2959876
    [Method] => 1
    [PayTimes] => 
    [Approve] => 0064059
    [TranID] => 1809080745602257210134127757
    [TranDate] => 20180908074547
    [CheckString] => fdb5a93cbe5e1af6330c4c1b3e04dcc2
    [Amount] => 6750
    [JobCd] => CAPTURE
    [action_status] => 3
    [pay_status] => 13
)
 from 99.62.92.189
2018/09/08 07:57:37 [/shop/shopping/load_payment_module.php] SendRequest:https://p01.mul-pay.jp/payment/EntryTran.idPass from 99.241.162.36
2018/09/08 07:57:37 [/shop/shopping/load_payment_module.php] Array
(
    [ShopID] => 9000034600950
    [ShopPass] => ******
    [OrderID] => 929065-08075737
    [JobCd] => CAPTURE
    [Amount] => 6480
    [TdFlag] => 0
    [TdTenantName] => 
)
 from 99.241.162.36
2018/09/08 07:57:37 [/shop/shopping/load_payment_module.php] AccessID=149e0691677721994d2cfd4a34496c9f&AccessPass=4061d48287d19a93eb9010b33d7f5178 from 99.241.162.36
2018/09/08 07:57:37 [/shop/shopping/load_payment_module.php] Array
(
    [0] => Array
        (
            [AccessID] => 149e0691677721994d2cfd4a34496c9f
            [AccessPass] => 4061d48287d19a93eb9010b33d7f5178
        )

)
 from 99.241.162.36
2018/09/08 07:57:37 [/shop/shopping/load_payment_module.php] load_payment_module.php set payment data:Array
(
    [AccessID] => 149e0691677721994d2cfd4a34496c9f
    [AccessPass] => 4061d48287d19a93eb9010b33d7f5178
    [OrderID] => 929065-08075737
    [Amount] => 6480
    [JobCd] => CAPTURE
    [action_status] => 1
    [pay_status] => 0
)
 from 99.241.162.36
2018/09/08 07:57:37 [/shop/shopping/load_payment_module.php] SendRequest:https://p01.mul-pay.jp/payment/ExecTran.idPass from 99.241.162.36
2018/09/08 07:57:37 [/shop/shopping/load_payment_module.php] Array
(
    [AccessID] => 149e0691677721994d2cfd4a34496c9f
    [AccessPass] => 4061d48287d19a93eb9010b33d7f5178
    [OrderID] => 929065-08075737
    [Method] => 1
    [Token] => d039115eae15743ffb6f6010a19ad3e6c653b549e273bb79ce3a8f3404d1ab32
    [ClientField1] => 
    [ClientField2] => 
    [ClientField3] => EC-CUBE4.3.24
)
 from 99.241.162.36
2018/09/08 07:57:39 [/shop/shopping/load_payment_module.php] ACS=0&OrderID=929065-08075737&Forward=2959876&Method=1&PayTimes=&Approve=0021728&TranID=1809080757602257210134127758&TranDate=20180908075739&CheckString=128caa6a71b949339fb22d71ba27ab51 from 99.241.162.36
2018/09/08 07:57:39 [/shop/shopping/load_payment_module.php] Array
(
    [0] => Array
        (
            [ACS] => 0
            [OrderID] => 929065-08075737
            [Forward] => 2959876
            [Method] => 1
            [PayTimes] => 
            [Approve] => 0021728
            [TranID] => 1809080757602257210134127758
            [TranDate] => 20180908075739
            [CheckString] => 128caa6a71b949339fb22d71ba27ab51
        )

)
 from 99.241.162.36
2018/09/08 07:57:39 [/shop/shopping/load_payment_module.php] load_payment_module.php set payment data:Array
(
    [ACS] => 0
    [Forward] => 2959876
    [Method] => 1
    [PayTimes] => 
    [Approve] => 0021728
    [TranID] => 1809080757602257210134127758
    [TranDate] => 20180908075739
    [CheckString] => 128caa6a71b949339fb22d71ba27ab51
    [Amount] => 6480
    [JobCd] => CAPTURE
    [action_status] => 3
    [pay_status] => 13
)
 from 99.241.162.36
2018/09/08 09:32:15 [/shop/shopping/load_payment_module.php] SendRequest:https://p01.mul-pay.jp/payment/EntryTran.idPass from 175.34.68.237
2018/09/08 09:32:15 [/shop/shopping/load_payment_module.php] Array
(
    [ShopID] => 9000034600950
    [ShopPass] => ******
    [OrderID] => 929066-08093215
    [JobCd] => CAPTURE
    [Amount] => 9660
    [TdFlag] => 0
    [TdTenantName] => 
)
 from 175.34.68.237
2018/09/08 09:32:15 [/shop/shopping/load_payment_module.php] AccessID=4ee14d7a4927cb9e5d7fc634bc2f1e30&AccessPass=986587da07886797b018605d9365c291 from 175.34.68.237
2018/09/08 09:32:15 [/shop/shopping/load_payment_module.php] Array
(
    [0] => Array
        (
            [AccessID] => 4ee14d7a4927cb9e5d7fc634bc2f1e30
            [AccessPass] => 986587da07886797b018605d9365c291
        )

)
 from 175.34.68.237
2018/09/08 09:32:15 [/shop/shopping/load_payment_module.php] load_payment_module.php set payment data:Array
(
    [AccessID] => 4ee14d7a4927cb9e5d7fc634bc2f1e30
    [AccessPass] => 986587da07886797b018605d9365c291
    [OrderID] => 929066-08093215
    [Amount] => 9660
    [JobCd] => CAPTURE
    [action_status] => 1
    [pay_status] => 0
)
 from 175.34.68.237
2018/09/08 09:32:15 [/shop/shopping/load_payment_module.php] SendRequest:https://p01.mul-pay.jp/payment/ExecTran.idPass from 175.34.68.237
2018/09/08 09:32:15 [/shop/shopping/load_payment_module.php] Array
(
    [AccessID] => 4ee14d7a4927cb9e5d7fc634bc2f1e30
    [AccessPass] => 986587da07886797b018605d9365c291
    [OrderID] => 929066-08093215
    [Method] => 1
    [Token] => ab3173fa3fa1416c1daa23b030fe1d82c9e0677d4a284b052537617281246161
    [ClientField1] => 
    [ClientField2] => 
    [ClientField3] => EC-CUBE4.3.24
)
 from 175.34.68.237
2018/09/08 09:32:16 [/shop/shopping/load_payment_module.php] ACS=0&OrderID=929066-08093215&Forward=2959876&Method=1&PayTimes=&Approve=0130838&TranID=1809080932602257210134127759&TranDate=20180908093216&CheckString=8079054bc1e5bd88ca352e5a4b688f8c from 175.34.68.237
2018/09/08 09:32:16 [/shop/shopping/load_payment_module.php] Array
(
    [0] => Array
        (
            [ACS] => 0
            [OrderID] => 929066-08093215
            [Forward] => 2959876
            [Method] => 1
            [PayTimes] => 
            [Approve] => 0130838
            [TranID] => 1809080932602257210134127759
            [TranDate] => 20180908093216
            [CheckString] => 8079054bc1e5bd88ca352e5a4b688f8c
        )

)
 from 175.34.68.237
2018/09/08 09:32:16 [/shop/shopping/load_payment_module.php] load_payment_module.php set payment data:Array
(
    [ACS] => 0
    [Forward] => 2959876
    [Method] => 1
    [PayTimes] => 
    [Approve] => 0130838
    [TranID] => 1809080932602257210134127759
    [TranDate] => 20180908093216
    [CheckString] => 8079054bc1e5bd88ca352e5a4b688f8c
    [Amount] => 9660
    [JobCd] => CAPTURE
    [action_status] => 3
    [pay_status] => 13
)
 from 175.34.68.237
2018/09/08 10:41:12 [/shop/admin/order/edit.php] SendRequest:https://p01.mul-pay.jp/payment/AlterTran.idPass from 153.142.16.212
2018/09/08 10:41:12 [/shop/admin/order/edit.php] Array
(
    [ShopID] => 9000034600950
    [ShopPass] => ******
    [AccessID] => 61fcda1cf1cd6522b634eb20081ed200
    [AccessPass] => 453a44f12460e27ae829b882afdbdbe8
    [JobCd] => RETURNX
)
 from 153.142.16.212
2018/09/08 10:41:13 [/shop/admin/order/edit.php] AccessID=61fcda1cf1cd6522b634eb20081ed200&AccessPass=453a44f12460e27ae829b882afdbdbe8&Forward=2959876&Approve=0015768&TranID=1809081041602257210134137685&TranDate=20180908104113 from 153.142.16.212
2018/09/08 10:41:13 [/shop/admin/order/edit.php] Array
(
    [0] => Array
        (
            [AccessID] => 61fcda1cf1cd6522b634eb20081ed200
            [AccessPass] => 453a44f12460e27ae829b882afdbdbe8
            [Forward] => 2959876
            [Approve] => 0015768
            [TranID] => 1809081041602257210134137685
            [TranDate] => 20180908104113
        )

)
 from 153.142.16.212
2018/09/08 10:41:13 [/shop/admin/order/edit.php] edit.php set payment data:Array
(
    [AccessID] => 61fcda1cf1cd6522b634eb20081ed200
    [AccessPass] => 453a44f12460e27ae829b882afdbdbe8
    [Forward] => 2959876
    [Approve] => 0015768
    [TranID] => 1809081041602257210134137685
    [TranDate] => 20180908104113
    [JobCd] => RETURNX
    [action_status] => 6
    [pay_status] => 16
)
 from 153.142.16.212
2018/09/08 11:40:46 [/shop/shopping/load_payment_module.php] SendRequest:https://p01.mul-pay.jp/payment/SearchMember.idPass from 74.87.50.158
2018/09/08 11:40:46 [/shop/shopping/load_payment_module.php] Array
(
    [SiteID] => mst0000007602
    [SitePass] => ******
    [MemberID] => 2503
)
 from 74.87.50.158
2018/09/08 11:40:46 [/shop/shopping/load_payment_module.php] ErrCode=E01&ErrInfo=E01390002 from 74.87.50.158
2018/09/08 11:40:46 [/shop/shopping/load_payment_module.php] Array
(
    [0] => Array
        (
            [ErrCode] => E01
            [ErrInfo] => E01390002
        )

)
 from 74.87.50.158
2018/09/08 11:40:46 [/shop/shopping/load_payment_module.php] SendRequest:https://p01.mul-pay.jp/payment/SearchCard.idPass from 74.87.50.158
2018/09/08 11:40:46 [/shop/shopping/load_payment_module.php] Array
(
    [SiteID] => mst0000007602
    [SitePass] => ******
    [MemberID] => 2503
)
 from 74.87.50.158
2018/09/08 11:40:46 [/shop/shopping/load_payment_module.php] ErrCode=E01|E01&ErrInfo=E01390002|E01240002 from 74.87.50.158
2018/09/08 11:40:46 [/shop/shopping/load_payment_module.php] Array
(
    [0] => Array
        (
            [ErrCode] => E01
            [ErrInfo] => E01390002
        )

    [1] => Array
        (
            [ErrCode] => E01
            [ErrInfo] => E01240002
        )

)
 from 74.87.50.158
2018/09/08 11:40:59 [/shop/shopping/load_payment_module.php] SendRequest:https://p01.mul-pay.jp/payment/SearchMember.idPass from 74.87.50.158
2018/09/08 11:40:59 [/shop/shopping/load_payment_module.php] Array
(
    [SiteID] => mst0000007602
    [SitePass] => ******
    [MemberID] => 2503
)
 from 74.87.50.158
2018/09/08 11:40:59 [/shop/shopping/load_payment_module.php] ErrCode=E01&ErrInfo=E01390002 from 74.87.50.158
2018/09/08 11:40:59 [/shop/shopping/load_payment_module.php] Array
(
    [0] => Array
        (
            [ErrCode] => E01
            [ErrInfo] => E01390002
        )

)
 from 74.87.50.158
2018/09/08 11:40:59 [/shop/shopping/load_payment_module.php] SendRequest:https://p01.mul-pay.jp/payment/SearchCard.idPass from 74.87.50.158
2018/09/08 11:40:59 [/shop/shopping/load_payment_module.php] Array
(
    [SiteID] => mst0000007602
    [SitePass] => ******
    [MemberID] => 2503
)
 from 74.87.50.158
2018/09/08 11:40:59 [/shop/shopping/load_payment_module.php] ErrCode=E01|E01&ErrInfo=E01390002|E01240002 from 74.87.50.158
2018/09/08 11:40:59 [/shop/shopping/load_payment_module.php] Array
(
    [0] => Array
        (
            [ErrCode] => E01
            [ErrInfo] => E01390002
        )

    [1] => Array
        (
            [ErrCode] => E01
            [ErrInfo] => E01240002
        )

)
 from 74.87.50.158
2018/09/08 11:40:59 [/shop/shopping/load_payment_module.php] SendRequest:https://p01.mul-pay.jp/payment/EntryTran.idPass from 74.87.50.158
2018/09/08 11:40:59 [/shop/shopping/load_payment_module.php] Array
(
    [ShopID] => 9000034600950
    [ShopPass] => ******
    [OrderID] => 929067-08114059
    [JobCd] => CAPTURE
    [Amount] => 3830
    [TdFlag] => 0
    [TdTenantName] => 
)
 from 74.87.50.158
2018/09/08 11:40:59 [/shop/shopping/load_payment_module.php] AccessID=e91df550d1cbd1e371eb3e3200e3d4e8&AccessPass=3a9e2ba4614367e955c639c2c4535610 from 74.87.50.158
2018/09/08 11:40:59 [/shop/shopping/load_payment_module.php] Array
(
    [0] => Array
        (
            [AccessID] => e91df550d1cbd1e371eb3e3200e3d4e8
            [AccessPass] => 3a9e2ba4614367e955c639c2c4535610
        )

)
 from 74.87.50.158
2018/09/08 11:40:59 [/shop/shopping/load_payment_module.php] load_payment_module.php set payment data:Array
(
    [AccessID] => e91df550d1cbd1e371eb3e3200e3d4e8
    [AccessPass] => 3a9e2ba4614367e955c639c2c4535610
    [OrderID] => 929067-08114059
    [Amount] => 3830
    [JobCd] => CAPTURE
    [action_status] => 1
    [pay_status] => 0
)
 from 74.87.50.158
2018/09/08 11:40:59 [/shop/shopping/load_payment_module.php] SendRequest:https://p01.mul-pay.jp/payment/ExecTran.idPass from 74.87.50.158
2018/09/08 11:40:59 [/shop/shopping/load_payment_module.php] Array
(
    [AccessID] => e91df550d1cbd1e371eb3e3200e3d4e8
    [AccessPass] => 3a9e2ba4614367e955c639c2c4535610
    [OrderID] => 929067-08114059
    [Method] => 1
    [Token] => 6e1a83b31636b15ebff097b62c308d6398b632773bb966823b0b26514e07fbe6
    [ClientField1] => 
    [ClientField2] => 
    [ClientField3] => EC-CUBE4.3.24
)
 from 74.87.50.158
2018/09/08 11:41:00 [/shop/shopping/load_payment_module.php] ACS=0&OrderID=929067-08114059&Forward=2S49631&Method=1&PayTimes=&Approve=0007126&TranID=1809081140602257210134127760&TranDate=20180908114100&CheckString=351d2487307250cefc80ba2d11b11439 from 74.87.50.158
2018/09/08 11:41:00 [/shop/shopping/load_payment_module.php] Array
(
    [0] => Array
        (
            [ACS] => 0
            [OrderID] => 929067-08114059
            [Forward] => 2S49631
            [Method] => 1
            [PayTimes] => 
            [Approve] => 0007126
            [TranID] => 1809081140602257210134127760
            [TranDate] => 20180908114100
            [CheckString] => 351d2487307250cefc80ba2d11b11439
        )

)
 from 74.87.50.158
2018/09/08 11:41:00 [/shop/shopping/load_payment_module.php] load_payment_module.php set payment data:Array
(
    [ACS] => 0
    [Forward] => 2S49631
    [Method] => 1
    [PayTimes] => 
    [Approve] => 0007126
    [TranID] => 1809081140602257210134127760
    [TranDate] => 20180908114100
    [CheckString] => 351d2487307250cefc80ba2d11b11439
    [Amount] => 3830
    [JobCd] => CAPTURE
    [action_status] => 3
    [pay_status] => 13
)
 from 74.87.50.158
2018/09/08 13:07:27 [/shop/shopping/load_payment_module.php] SendRequest:https://p01.mul-pay.jp/payment/SearchMember.idPass from 71.238.73.140
2018/09/08 13:07:27 [/shop/shopping/load_payment_module.php] Array
(
    [SiteID] => mst0000007602
    [SitePass] => ******
    [MemberID] => 6157
)
 from 71.238.73.140
2018/09/08 13:07:27 [/shop/shopping/load_payment_module.php] ErrCode=E01&ErrInfo=E01390002 from 71.238.73.140
2018/09/08 13:07:27 [/shop/shopping/load_payment_module.php] Array
(
    [0] => Array
        (
            [ErrCode] => E01
            [ErrInfo] => E01390002
        )

)
 from 71.238.73.140
2018/09/08 13:07:27 [/shop/shopping/load_payment_module.php] SendRequest:https://p01.mul-pay.jp/payment/SearchCard.idPass from 71.238.73.140
2018/09/08 13:07:27 [/shop/shopping/load_payment_module.php] Array
(
    [SiteID] => mst0000007602
    [SitePass] => ******
    [MemberID] => 6157
)
 from 71.238.73.140
2018/09/08 13:07:27 [/shop/shopping/load_payment_module.php] ErrCode=E01|E01&ErrInfo=E01390002|E01240002 from 71.238.73.140
2018/09/08 13:07:27 [/shop/shopping/load_payment_module.php] Array
(
    [0] => Array
        (
            [ErrCode] => E01
            [ErrInfo] => E01390002
        )

    [1] => Array
        (
            [ErrCode] => E01
            [ErrInfo] => E01240002
        )

)
 from 71.238.73.140
2018/09/08 13:09:03 [/shop/shopping/load_payment_module.php] SendRequest:https://p01.mul-pay.jp/payment/SearchMember.idPass from 71.238.73.140
2018/09/08 13:09:03 [/shop/shopping/load_payment_module.php] Array
(
    [SiteID] => mst0000007602
    [SitePass] => ******
    [MemberID] => 6157
)
 from 71.238.73.140
2018/09/08 13:09:03 [/shop/shopping/load_payment_module.php] ErrCode=E01&ErrInfo=E01390002 from 71.238.73.140
2018/09/08 13:09:03 [/shop/shopping/load_payment_module.php] Array
(
    [0] => Array
        (
            [ErrCode] => E01
            [ErrInfo] => E01390002
        )

)
 from 71.238.73.140
2018/09/08 13:09:03 [/shop/shopping/load_payment_module.php] SendRequest:https://p01.mul-pay.jp/payment/SearchCard.idPass from 71.238.73.140
2018/09/08 13:09:03 [/shop/shopping/load_payment_module.php] Array
(
    [SiteID] => mst0000007602
    [SitePass] => ******
    [MemberID] => 6157
)
 from 71.238.73.140
2018/09/08 13:09:03 [/shop/shopping/load_payment_module.php] ErrCode=E01|E01&ErrInfo=E01390002|E01240002 from 71.238.73.140
2018/09/08 13:09:03 [/shop/shopping/load_payment_module.php] Array
(
    [0] => Array
        (
            [ErrCode] => E01
            [ErrInfo] => E01390002
        )

    [1] => Array
        (
            [ErrCode] => E01
            [ErrInfo] => E01240002
        )

)
 from 71.238.73.140
2018/09/08 13:09:39 [/shop/shopping/load_payment_module.php] SendRequest:https://p01.mul-pay.jp/payment/SearchMember.idPass from 71.238.73.140
2018/09/08 13:09:39 [/shop/shopping/load_payment_module.php] Array
(
    [SiteID] => mst0000007602
    [SitePass] => ******
    [MemberID] => 6157
)
 from 71.238.73.140
2018/09/08 13:09:39 [/shop/shopping/load_payment_module.php] ErrCode=E01&ErrInfo=E01390002 from 71.238.73.140
2018/09/08 13:09:39 [/shop/shopping/load_payment_module.php] Array
(
    [0] => Array
        (
            [ErrCode] => E01
            [ErrInfo] => E01390002
        )

)
 from 71.238.73.140
2018/09/08 13:09:39 [/shop/shopping/load_payment_module.php] SendRequest:https://p01.mul-pay.jp/payment/SearchCard.idPass from 71.238.73.140
2018/09/08 13:09:39 [/shop/shopping/load_payment_module.php] Array
(
    [SiteID] => mst0000007602
    [SitePass] => ******
    [MemberID] => 6157
)
 from 71.238.73.140
2018/09/08 13:09:39 [/shop/shopping/load_payment_module.php] ErrCode=E01|E01&ErrInfo=E01390002|E01240002 from 71.238.73.140
2018/09/08 13:09:39 [/shop/shopping/load_payment_module.php] Array
(
    [0] => Array
        (
            [ErrCode] => E01
            [ErrInfo] => E01390002
        )

    [1] => Array
        (
            [ErrCode] => E01
            [ErrInfo] => E01240002
        )

)
 from 71.238.73.140
2018/09/08 13:09:39 [/shop/shopping/load_payment_module.php] SendRequest:https://p01.mul-pay.jp/payment/EntryTran.idPass from 71.238.73.140
2018/09/08 13:09:39 [/shop/shopping/load_payment_module.php] Array
(
    [ShopID] => 9000034600950
    [ShopPass] => ******
    [OrderID] => 929068-08130939
    [JobCd] => CAPTURE
    [Amount] => 5414
    [TdFlag] => 0
    [TdTenantName] => 
)
 from 71.238.73.140
2018/09/08 13:09:39 [/shop/shopping/load_payment_module.php] AccessID=10da8e0e7d655ef0e9c06138ca624157&AccessPass=eb50a4c04991bf949b459f67cf81cad6 from 71.238.73.140
2018/09/08 13:09:39 [/shop/shopping/load_payment_module.php] Array
(
    [0] => Array
        (
            [AccessID] => 10da8e0e7d655ef0e9c06138ca624157
            [AccessPass] => eb50a4c04991bf949b459f67cf81cad6
        )

)
 from 71.238.73.140
2018/09/08 13:09:39 [/shop/shopping/load_payment_module.php] load_payment_module.php set payment data:Array
(
    [AccessID] => 10da8e0e7d655ef0e9c06138ca624157
    [AccessPass] => eb50a4c04991bf949b459f67cf81cad6
    [OrderID] => 929068-08130939
    [Amount] => 5414
    [JobCd] => CAPTURE
    [action_status] => 1
    [pay_status] => 0
)
 from 71.238.73.140
2018/09/08 13:09:39 [/shop/shopping/load_payment_module.php] SendRequest:https://p01.mul-pay.jp/payment/ExecTran.idPass from 71.238.73.140
2018/09/08 13:09:39 [/shop/shopping/load_payment_module.php] Array
(
    [AccessID] => 10da8e0e7d655ef0e9c06138ca624157
    [AccessPass] => eb50a4c04991bf949b459f67cf81cad6
    [OrderID] => 929068-08130939
    [Method] => 1
    [Token] => ddf87cfad541b91cfe54e36c184032426fdb124dad73736a2003b330796232fb
    [ClientField1] => 
    [ClientField2] => 
    [ClientField3] => EC-CUBE4.3.24
)
 from 71.238.73.140
2018/09/08 13:09:41 [/shop/shopping/load_payment_module.php] ACS=0&OrderID=929068-08130939&Forward=2S49631&Method=1&PayTimes=&Approve=0123647&TranID=1809081309602257210134127761&TranDate=20180908130941&CheckString=2ccb5dc7cca82edffbe7164865e9f758 from 71.238.73.140
2018/09/08 13:09:41 [/shop/shopping/load_payment_module.php] Array
(
    [0] => Array
        (
            [ACS] => 0
            [OrderID] => 929068-08130939
            [Forward] => 2S49631
            [Method] => 1
            [PayTimes] => 
            [Approve] => 0123647
            [TranID] => 1809081309602257210134127761
            [TranDate] => 20180908130941
            [CheckString] => 2ccb5dc7cca82edffbe7164865e9f758
        )

)
 from 71.238.73.140
2018/09/08 13:09:41 [/shop/shopping/load_payment_module.php] load_payment_module.php set payment data:Array
(
    [ACS] => 0
    [Forward] => 2S49631
    [Method] => 1
    [PayTimes] => 
    [Approve] => 0123647
    [TranID] => 1809081309602257210134127761
    [TranDate] => 20180908130941
    [CheckString] => 2ccb5dc7cca82edffbe7164865e9f758
    [Amount] => 5414
    [JobCd] => CAPTURE
    [action_status] => 3
    [pay_status] => 13
)
 from 71.238.73.140
2018/09/08 13:24:50 [/shop/admin/order/edit.php] edit.php set payment data:Array
(
    [no_update_status_flg] => 1
)
 from 153.142.16.212
2018/09/08 13:24:50 [/shop/admin/order/edit.php] SendRequest:https://p01.mul-pay.jp/payment/ChangeTran.idPass from 153.142.16.212
2018/09/08 13:24:50 [/shop/admin/order/edit.php] Array
(
    [ShopID] => 9000034600950
    [ShopPass] => ******
    [AccessID] => 73d815824a1ee306fe87222a7558a01b
    [AccessPass] => a8c2dede5439a24c72f8b41ee4a04dd6
    [JobCd] => CAPTURE
    [Amount] => 6930
)
 from 153.142.16.212
2018/09/08 13:24:53 [/shop/admin/order/edit.php] AccessID=73d815824a1ee306fe87222a7558a01b&AccessPass=a8c2dede5439a24c72f8b41ee4a04dd6&Forward=2S49631&Approve=0035281&TranID=1809081324602257210134137686&TranDate=20180908132452 from 153.142.16.212
2018/09/08 13:24:53 [/shop/admin/order/edit.php] Array
(
    [0] => Array
        (
            [AccessID] => 73d815824a1ee306fe87222a7558a01b
            [AccessPass] => a8c2dede5439a24c72f8b41ee4a04dd6
            [Forward] => 2S49631
            [Approve] => 0035281
            [TranID] => 1809081324602257210134137686
            [TranDate] => 20180908132452
        )

)
 from 153.142.16.212
2018/09/08 13:24:53 [/shop/admin/order/edit.php] edit.php set payment data:Array
(
    [AccessID] => 73d815824a1ee306fe87222a7558a01b
    [AccessPass] => a8c2dede5439a24c72f8b41ee4a04dd6
    [Forward] => 2S49631
    [Approve] => 0035281
    [TranID] => 1809081324602257210134137686
    [TranDate] => 20180908132452
    [action_status] => 6
    [pay_status] => 13
    [JobCd] => CAPTURE
    [Amount] => 6930
)
 from 153.142.16.212
2018/09/08 15:11:53 [/shop/shopping/load_payment_module.php] SendRequest:https://p01.mul-pay.jp/payment/EntryTran.idPass from 192.244.101.20
2018/09/08 15:11:53 [/shop/shopping/load_payment_module.php] Array
(
    [ShopID] => 9000034600950
    [ShopPass] => ******
    [OrderID] => 929069-08151153
    [JobCd] => CAPTURE
    [Amount] => 15700
    [TdFlag] => 0
    [TdTenantName] => 
)
 from 192.244.101.20
2018/09/08 15:11:53 [/shop/shopping/load_payment_module.php] AccessID=bfc1cc129df2128fa58fd06df5be7e87&AccessPass=b6cec66e0c1286b7bf330bb9fb807cc4 from 192.244.101.20
2018/09/08 15:11:53 [/shop/shopping/load_payment_module.php] Array
(
    [0] => Array
        (
            [AccessID] => bfc1cc129df2128fa58fd06df5be7e87
            [AccessPass] => b6cec66e0c1286b7bf330bb9fb807cc4
        )

)
 from 192.244.101.20
2018/09/08 15:11:53 [/shop/shopping/load_payment_module.php] load_payment_module.php set payment data:Array
(
    [AccessID] => bfc1cc129df2128fa58fd06df5be7e87
    [AccessPass] => b6cec66e0c1286b7bf330bb9fb807cc4
    [OrderID] => 929069-08151153
    [Amount] => 15700
    [JobCd] => CAPTURE
    [action_status] => 1
    [pay_status] => 0
)
 from 192.244.101.20
2018/09/08 15:11:53 [/shop/shopping/load_payment_module.php] SendRequest:https://p01.mul-pay.jp/payment/ExecTran.idPass from 192.244.101.20
2018/09/08 15:11:53 [/shop/shopping/load_payment_module.php] Array
(
    [AccessID] => bfc1cc129df2128fa58fd06df5be7e87
    [AccessPass] => b6cec66e0c1286b7bf330bb9fb807cc4
    [OrderID] => 929069-08151153
    [Method] => 1
    [Token] => 086f4180ed8d01c03c3ab2984a49b15fa8602765cb7a328bd0c4baa21ec84d89
    [ClientField1] => 
    [ClientField2] => 
    [ClientField3] => EC-CUBE4.3.24
)
 from 192.244.101.20
2018/09/08 15:11:55 [/shop/shopping/load_payment_module.php] ACS=0&OrderID=929069-08151153&Forward=2959876&Method=1&PayTimes=&Approve=0283042&TranID=1809081511602257210134117686&TranDate=20180908151154&CheckString=dd721aa8c59af2e08c414e37c62706fb from 192.244.101.20
2018/09/08 15:11:55 [/shop/shopping/load_payment_module.php] Array
(
    [0] => Array
        (
            [ACS] => 0
            [OrderID] => 929069-08151153
            [Forward] => 2959876
            [Method] => 1
            [PayTimes] => 
            [Approve] => 0283042
            [TranID] => 1809081511602257210134117686
            [TranDate] => 20180908151154
            [CheckString] => dd721aa8c59af2e08c414e37c62706fb
        )

)
 from 192.244.101.20
2018/09/08 15:11:55 [/shop/shopping/load_payment_module.php] load_payment_module.php set payment data:Array
(
    [ACS] => 0
    [Forward] => 2959876
    [Method] => 1
    [PayTimes] => 
    [Approve] => 0283042
    [TranID] => 1809081511602257210134117686
    [TranDate] => 20180908151154
    [CheckString] => dd721aa8c59af2e08c414e37c62706fb
    [Amount] => 15700
    [JobCd] => CAPTURE
    [action_status] => 3
    [pay_status] => 13
)
 from 192.244.101.20
2018/09/08 17:08:08 [/shop/shopping/load_payment_module.php] SendRequest:https://p01.mul-pay.jp/payment/EntryTran.idPass from 111.90.115.159
2018/09/08 17:08:08 [/shop/shopping/load_payment_module.php] Array
(
    [ShopID] => 9000034600950
    [ShopPass] => ******
    [OrderID] => 929071-08170808
    [JobCd] => CAPTURE
    [Amount] => 900
    [TdFlag] => 0
    [TdTenantName] => 
)
 from 111.90.115.159
2018/09/08 17:08:08 [/shop/shopping/load_payment_module.php] AccessID=dac4836cb127756b1d047b51f4e38d5a&AccessPass=bbf7dc6a6878788093bf25ea0bfad1b0 from 111.90.115.159
2018/09/08 17:08:08 [/shop/shopping/load_payment_module.php] Array
(
    [0] => Array
        (
            [AccessID] => dac4836cb127756b1d047b51f4e38d5a
            [AccessPass] => bbf7dc6a6878788093bf25ea0bfad1b0
        )

)
 from 111.90.115.159
2018/09/08 17:08:08 [/shop/shopping/load_payment_module.php] load_payment_module.php set payment data:Array
(
    [AccessID] => dac4836cb127756b1d047b51f4e38d5a
    [AccessPass] => bbf7dc6a6878788093bf25ea0bfad1b0
    [OrderID] => 929071-08170808
    [Amount] => 900
    [JobCd] => CAPTURE
    [action_status] => 1
    [pay_status] => 0
)
 from 111.90.115.159
2018/09/08 17:08:08 [/shop/shopping/load_payment_module.php] SendRequest:https://p01.mul-pay.jp/payment/ExecTran.idPass from 111.90.115.159
2018/09/08 17:08:08 [/shop/shopping/load_payment_module.php] Array
(
    [AccessID] => dac4836cb127756b1d047b51f4e38d5a
    [AccessPass] => bbf7dc6a6878788093bf25ea0bfad1b0
    [OrderID] => 929071-08170808
    [Method] => 1
    [Token] => 82981c00631dc64037786150fa3e163894ee088c10b7aa4667aa3bedc79c938a
    [ClientField1] => 
    [ClientField2] => 
    [ClientField3] => EC-CUBE4.3.24
)
 from 111.90.115.159
2018/09/08 17:08:10 [/shop/shopping/load_payment_module.php] ACS=0&OrderID=929071-08170808&Forward=2a99661&Method=1&PayTimes=&Approve=0000066&TranID=1809081708602257210134117687&TranDate=20180908170810&CheckString=10a8f882310ae8272eb51a658b59c362 from 111.90.115.159
2018/09/08 17:08:10 [/shop/shopping/load_payment_module.php] Array
(
    [0] => Array
        (
            [ACS] => 0
            [OrderID] => 929071-08170808
            [Forward] => 2a99661
            [Method] => 1
            [PayTimes] => 
            [Approve] => 0000066
            [TranID] => 1809081708602257210134117687
            [TranDate] => 20180908170810
            [CheckString] => 10a8f882310ae8272eb51a658b59c362
        )

)
 from 111.90.115.159
2018/09/08 17:08:10 [/shop/shopping/load_payment_module.php] load_payment_module.php set payment data:Array
(
    [ACS] => 0
    [Forward] => 2a99661
    [Method] => 1
    [PayTimes] => 
    [Approve] => 0000066
    [TranID] => 1809081708602257210134117687
    [TranDate] => 20180908170810
    [CheckString] => 10a8f882310ae8272eb51a658b59c362
    [Amount] => 900
    [JobCd] => CAPTURE
    [action_status] => 3
    [pay_status] => 13
)
 from 111.90.115.159
2018/09/08 17:08:27 [/shop/shopping/load_payment_module.php] SendRequest:https://p01.mul-pay.jp/payment/EntryTran.idPass from 196.146.130.80
2018/09/08 17:08:27 [/shop/shopping/load_payment_module.php] Array
(
    [ShopID] => 9000034600950
    [ShopPass] => ******
    [OrderID] => 929072-08170827
    [JobCd] => CAPTURE
    [Amount] => 4050
    [TdFlag] => 0
    [TdTenantName] => 
)
 from 196.146.130.80
2018/09/08 17:08:28 [/shop/shopping/load_payment_module.php] AccessID=fb285be7d381b3432ac92e4947bd2f00&AccessPass=7cfa064bceeead2769d292b5c27d3515 from 196.146.130.80
2018/09/08 17:08:28 [/shop/shopping/load_payment_module.php] Array
(
    [0] => Array
        (
            [AccessID] => fb285be7d381b3432ac92e4947bd2f00
            [AccessPass] => 7cfa064bceeead2769d292b5c27d3515
        )

)
 from 196.146.130.80
2018/09/08 17:08:28 [/shop/shopping/load_payment_module.php] load_payment_module.php set payment data:Array
(
    [AccessID] => fb285be7d381b3432ac92e4947bd2f00
    [AccessPass] => 7cfa064bceeead2769d292b5c27d3515
    [OrderID] => 929072-08170827
    [Amount] => 4050
    [JobCd] => CAPTURE
    [action_status] => 1
    [pay_status] => 0
)
 from 196.146.130.80
2018/09/08 17:08:28 [/shop/shopping/load_payment_module.php] SendRequest:https://p01.mul-pay.jp/payment/ExecTran.idPass from 196.146.130.80
2018/09/08 17:08:28 [/shop/shopping/load_payment_module.php] Array
(
    [AccessID] => fb285be7d381b3432ac92e4947bd2f00
    [AccessPass] => 7cfa064bceeead2769d292b5c27d3515
    [OrderID] => 929072-08170827
    [Method] => 1
    [Token] => 6626651ab2e09bde62af3ff4ac72f1cacc65ab28cb5f7eaf981f1b4849928e0c
    [ClientField1] => 
    [ClientField2] => 
    [ClientField3] => EC-CUBE4.3.24
)
 from 196.146.130.80
2018/09/08 17:08:30 [/shop/shopping/load_payment_module.php] ACS=0&OrderID=929072-08170827&Forward=2959876&Method=1&PayTimes=&Approve=0364825&TranID=1809081708602257210134137687&TranDate=20180908170830&CheckString=cb9f196a3d698485823603c784f1c225 from 196.146.130.80
2018/09/08 17:08:30 [/shop/shopping/load_payment_module.php] Array
(
    [0] => Array
        (
            [ACS] => 0
            [OrderID] => 929072-08170827
            [Forward] => 2959876
            [Method] => 1
            [PayTimes] => 
            [Approve] => 0364825
            [TranID] => 1809081708602257210134137687
            [TranDate] => 20180908170830
            [CheckString] => cb9f196a3d698485823603c784f1c225
        )

)
 from 196.146.130.80
2018/09/08 17:08:30 [/shop/shopping/load_payment_module.php] load_payment_module.php set payment data:Array
(
    [ACS] => 0
    [Forward] => 2959876
    [Method] => 1
    [PayTimes] => 
    [Approve] => 0364825
    [TranID] => 1809081708602257210134137687
    [TranDate] => 20180908170830
    [CheckString] => cb9f196a3d698485823603c784f1c225
    [Amount] => 4050
    [JobCd] => CAPTURE
    [action_status] => 3
    [pay_status] => 13
)
 from 196.146.130.80
2018/09/08 17:37:29 [/shop/shopping/load_payment_module.php] SendRequest:https://p01.mul-pay.jp/payment/SearchMember.idPass from 112.200.242.54
2018/09/08 17:37:29 [/shop/shopping/load_payment_module.php] Array
(
    [SiteID] => mst0000007602
    [SitePass] => ******
    [MemberID] => 3386
)
 from 112.200.242.54
2018/09/08 17:37:29 [/shop/shopping/load_payment_module.php] ErrCode=E01&ErrInfo=E01390002 from 112.200.242.54
2018/09/08 17:37:29 [/shop/shopping/load_payment_module.php] Array
(
    [0] => Array
        (
            [ErrCode] => E01
            [ErrInfo] => E01390002
        )

)
 from 112.200.242.54
2018/09/08 17:37:29 [/shop/shopping/load_payment_module.php] SendRequest:https://p01.mul-pay.jp/payment/SearchCard.idPass from 112.200.242.54
2018/09/08 17:37:29 [/shop/shopping/load_payment_module.php] Array
(
    [SiteID] => mst0000007602
    [SitePass] => ******
    [MemberID] => 3386
)
 from 112.200.242.54
2018/09/08 17:37:29 [/shop/shopping/load_payment_module.php] ErrCode=E01|E01&ErrInfo=E01390002|E01240002 from 112.200.242.54
2018/09/08 17:37:29 [/shop/shopping/load_payment_module.php] Array
(
    [0] => Array
        (
            [ErrCode] => E01
            [ErrInfo] => E01390002
        )

    [1] => Array
        (
            [ErrCode] => E01
            [ErrInfo] => E01240002
        )

)
 from 112.200.242.54
2018/09/08 17:38:28 [/shop/shopping/load_payment_module.php] SendRequest:https://p01.mul-pay.jp/payment/SearchMember.idPass from 112.200.242.54
2018/09/08 17:38:28 [/shop/shopping/load_payment_module.php] Array
(
    [SiteID] => mst0000007602
    [SitePass] => ******
    [MemberID] => 3386
)
 from 112.200.242.54
2018/09/08 17:38:28 [/shop/shopping/load_payment_module.php] ErrCode=E01&ErrInfo=E01390002 from 112.200.242.54
2018/09/08 17:38:28 [/shop/shopping/load_payment_module.php] Array
(
    [0] => Array
        (
            [ErrCode] => E01
            [ErrInfo] => E01390002
        )

)
 from 112.200.242.54
2018/09/08 17:38:28 [/shop/shopping/load_payment_module.php] SendRequest:https://p01.mul-pay.jp/payment/SearchCard.idPass from 112.200.242.54
2018/09/08 17:38:28 [/shop/shopping/load_payment_module.php] Array
(
    [SiteID] => mst0000007602
    [SitePass] => ******
    [MemberID] => 3386
)
 from 112.200.242.54
2018/09/08 17:38:28 [/shop/shopping/load_payment_module.php] ErrCode=E01|E01&ErrInfo=E01390002|E01240002 from 112.200.242.54
2018/09/08 17:38:28 [/shop/shopping/load_payment_module.php] Array
(
    [0] => Array
        (
            [ErrCode] => E01
            [ErrInfo] => E01390002
        )

    [1] => Array
        (
            [ErrCode] => E01
            [ErrInfo] => E01240002
        )

)
 from 112.200.242.54
2018/09/08 17:38:28 [/shop/shopping/load_payment_module.php] SendRequest:https://p01.mul-pay.jp/payment/EntryTran.idPass from 112.200.242.54
2018/09/08 17:38:28 [/shop/shopping/load_payment_module.php] Array
(
    [ShopID] => 9000034600950
    [ShopPass] => ******
    [OrderID] => 929073-08173828
    [JobCd] => CAPTURE
    [Amount] => 4770
    [TdFlag] => 0
    [TdTenantName] => 
)
 from 112.200.242.54
2018/09/08 17:38:28 [/shop/shopping/load_payment_module.php] AccessID=1a712bd7a6f6225bb41f81fe3bfa31ca&AccessPass=e881f60e572e8bc76cff056f73e6a9a0 from 112.200.242.54
2018/09/08 17:38:28 [/shop/shopping/load_payment_module.php] Array
(
    [0] => Array
        (
            [AccessID] => 1a712bd7a6f6225bb41f81fe3bfa31ca
            [AccessPass] => e881f60e572e8bc76cff056f73e6a9a0
        )

)
 from 112.200.242.54
2018/09/08 17:38:28 [/shop/shopping/load_payment_module.php] load_payment_module.php set payment data:Array
(
    [AccessID] => 1a712bd7a6f6225bb41f81fe3bfa31ca
    [AccessPass] => e881f60e572e8bc76cff056f73e6a9a0
    [OrderID] => 929073-08173828
    [Amount] => 4770
    [JobCd] => CAPTURE
    [action_status] => 1
    [pay_status] => 0
)
 from 112.200.242.54
2018/09/08 17:38:28 [/shop/shopping/load_payment_module.php] SendRequest:https://p01.mul-pay.jp/payment/ExecTran.idPass from 112.200.242.54
2018/09/08 17:38:28 [/shop/shopping/load_payment_module.php] Array
(
    [AccessID] => 1a712bd7a6f6225bb41f81fe3bfa31ca
    [AccessPass] => e881f60e572e8bc76cff056f73e6a9a0
    [OrderID] => 929073-08173828
    [Method] => 1
    [Token] => a871b8f97d679f7b9924f5f5582058aa985c176b61a6d5fd0c335d9cc51939cb
    [ClientField1] => 
    [ClientField2] => 
    [ClientField3] => EC-CUBE4.3.24
)
 from 112.200.242.54
2018/09/08 17:38:30 [/shop/shopping/load_payment_module.php] ACS=0&OrderID=929073-08173828&Forward=2a99661&Method=1&PayTimes=&Approve=0000040&TranID=1809081738602257210134137688&TranDate=20180908173830&CheckString=f6c36c45d415288019cbafc474a70de2 from 112.200.242.54
2018/09/08 17:38:30 [/shop/shopping/load_payment_module.php] Array
(
    [0] => Array
        (
            [ACS] => 0
            [OrderID] => 929073-08173828
            [Forward] => 2a99661
            [Method] => 1
            [PayTimes] => 
            [Approve] => 0000040
            [TranID] => 1809081738602257210134137688
            [TranDate] => 20180908173830
            [CheckString] => f6c36c45d415288019cbafc474a70de2
        )

)
 from 112.200.242.54
2018/09/08 17:38:30 [/shop/shopping/load_payment_module.php] load_payment_module.php set payment data:Array
(
    [ACS] => 0
    [Forward] => 2a99661
    [Method] => 1
    [PayTimes] => 
    [Approve] => 0000040
    [TranID] => 1809081738602257210134137688
    [TranDate] => 20180908173830
    [CheckString] => f6c36c45d415288019cbafc474a70de2
    [Amount] => 4770
    [JobCd] => CAPTURE
    [action_status] => 3
    [pay_status] => 13
)
 from 112.200.242.54
2018/09/08 19:09:40 [/shop/shopping/load_payment_module.php] SendRequest:https://p01.mul-pay.jp/payment/SearchMember.idPass from 119.104.28.224
2018/09/08 19:09:40 [/shop/shopping/load_payment_module.php] Array
(
    [SiteID] => mst0000007602
    [SitePass] => ******
    [MemberID] => 7791
)
 from 119.104.28.224
2018/09/08 19:09:40 [/shop/shopping/load_payment_module.php] ErrCode=E01&ErrInfo=E01390002 from 119.104.28.224
2018/09/08 19:09:40 [/shop/shopping/load_payment_module.php] Array
(
    [0] => Array
        (
            [ErrCode] => E01
            [ErrInfo] => E01390002
        )

)
 from 119.104.28.224
2018/09/08 19:09:40 [/shop/shopping/load_payment_module.php] SendRequest:https://p01.mul-pay.jp/payment/SearchCard.idPass from 119.104.28.224
2018/09/08 19:09:40 [/shop/shopping/load_payment_module.php] Array
(
    [SiteID] => mst0000007602
    [SitePass] => ******
    [MemberID] => 7791
)
 from 119.104.28.224
2018/09/08 19:09:40 [/shop/shopping/load_payment_module.php] ErrCode=E01|E01&ErrInfo=E01390002|E01240002 from 119.104.28.224
2018/09/08 19:09:40 [/shop/shopping/load_payment_module.php] Array
(
    [0] => Array
        (
            [ErrCode] => E01
            [ErrInfo] => E01390002
        )

    [1] => Array
        (
            [ErrCode] => E01
            [ErrInfo] => E01240002
        )

)
 from 119.104.28.224
2018/09/08 19:10:36 [/shop/shopping/load_payment_module.php] SendRequest:https://p01.mul-pay.jp/payment/SearchMember.idPass from 119.104.28.224
2018/09/08 19:10:36 [/shop/shopping/load_payment_module.php] Array
(
    [SiteID] => mst0000007602
    [SitePass] => ******
    [MemberID] => 7791
)
 from 119.104.28.224
2018/09/08 19:10:36 [/shop/shopping/load_payment_module.php] ErrCode=E01&ErrInfo=E01390002 from 119.104.28.224
2018/09/08 19:10:36 [/shop/shopping/load_payment_module.php] Array
(
    [0] => Array
        (
            [ErrCode] => E01
            [ErrInfo] => E01390002
        )

)
 from 119.104.28.224
2018/09/08 19:10:36 [/shop/shopping/load_payment_module.php] SendRequest:https://p01.mul-pay.jp/payment/SearchCard.idPass from 119.104.28.224
2018/09/08 19:10:36 [/shop/shopping/load_payment_module.php] Array
(
    [SiteID] => mst0000007602
    [SitePass] => ******
    [MemberID] => 7791
)
 from 119.104.28.224
2018/09/08 19:10:36 [/shop/shopping/load_payment_module.php] ErrCode=E01|E01&ErrInfo=E01390002|E01240002 from 119.104.28.224
2018/09/08 19:10:36 [/shop/shopping/load_payment_module.php] Array
(
    [0] => Array
        (
            [ErrCode] => E01
            [ErrInfo] => E01390002
        )

    [1] => Array
        (
            [ErrCode] => E01
            [ErrInfo] => E01240002
        )

)
 from 119.104.28.224
2018/09/08 19:10:36 [/shop/shopping/load_payment_module.php] SendRequest:https://p01.mul-pay.jp/payment/EntryTran.idPass from 119.104.28.224
2018/09/08 19:10:36 [/shop/shopping/load_payment_module.php] Array
(
    [ShopID] => 9000034600950
    [ShopPass] => ******
    [OrderID] => 929074-08191036
    [JobCd] => CAPTURE
    [Amount] => 24420
    [TdFlag] => 0
    [TdTenantName] => 
)
 from 119.104.28.224
2018/09/08 19:10:36 [/shop/shopping/load_payment_module.php] AccessID=889887890afe119459f45b3d540c8028&AccessPass=0600aa3f26a24855829361f78760b648 from 119.104.28.224
2018/09/08 19:10:36 [/shop/shopping/load_payment_module.php] Array
(
    [0] => Array
        (
            [AccessID] => 889887890afe119459f45b3d540c8028
            [AccessPass] => 0600aa3f26a24855829361f78760b648
        )

)
 from 119.104.28.224
2018/09/08 19:10:36 [/shop/shopping/load_payment_module.php] load_payment_module.php set payment data:Array
(
    [AccessID] => 889887890afe119459f45b3d540c8028
    [AccessPass] => 0600aa3f26a24855829361f78760b648
    [OrderID] => 929074-08191036
    [Amount] => 24420
    [JobCd] => CAPTURE
    [action_status] => 1
    [pay_status] => 0
)
 from 119.104.28.224
2018/09/08 19:10:36 [/shop/shopping/load_payment_module.php] SendRequest:https://p01.mul-pay.jp/payment/ExecTran.idPass from 119.104.28.224
2018/09/08 19:10:36 [/shop/shopping/load_payment_module.php] Array
(
    [AccessID] => 889887890afe119459f45b3d540c8028
    [AccessPass] => 0600aa3f26a24855829361f78760b648
    [OrderID] => 929074-08191036
    [Method] => 1
    [Token] => fe2f065186efceb2869cb1b6c2f2a79cacf5e8ab93f4e1d0c224567925bb7153
    [ClientField1] => 
    [ClientField2] => 
    [ClientField3] => EC-CUBE4.3.24
)
 from 119.104.28.224
2018/09/08 19:10:38 [/shop/shopping/load_payment_module.php] ACS=0&OrderID=929074-08191036&Forward=2S49631&Method=1&PayTimes=&Approve=0003746&TranID=1809081910602257210134127762&TranDate=20180908191037&CheckString=2b2acf8d04f238b1e5d3bf218caf51fd from 119.104.28.224
2018/09/08 19:10:38 [/shop/shopping/load_payment_module.php] Array
(
    [0] => Array
        (
            [ACS] => 0
            [OrderID] => 929074-08191036
            [Forward] => 2S49631
            [Method] => 1
            [PayTimes] => 
            [Approve] => 0003746
            [TranID] => 1809081910602257210134127762
            [TranDate] => 20180908191037
            [CheckString] => 2b2acf8d04f238b1e5d3bf218caf51fd
        )

)
 from 119.104.28.224
2018/09/08 19:10:38 [/shop/shopping/load_payment_module.php] load_payment_module.php set payment data:Array
(
    [ACS] => 0
    [Forward] => 2S49631
    [Method] => 1
    [PayTimes] => 
    [Approve] => 0003746
    [TranID] => 1809081910602257210134127762
    [TranDate] => 20180908191037
    [CheckString] => 2b2acf8d04f238b1e5d3bf218caf51fd
    [Amount] => 24420
    [JobCd] => CAPTURE
    [action_status] => 3
    [pay_status] => 13
)
 from 119.104.28.224
2018/09/08 21:36:00 [/shop/shopping/load_payment_module.php] SendRequest:https://p01.mul-pay.jp/payment/EntryTran.idPass from 121.2.75.35
2018/09/08 21:36:00 [/shop/shopping/load_payment_module.php] Array
(
    [ShopID] => 9000034600950
    [ShopPass] => ******
    [OrderID] => 929075-08213600
    [JobCd] => CAPTURE
    [Amount] => 12120
    [TdFlag] => 0
    [TdTenantName] => 
)
 from 121.2.75.35
2018/09/08 21:36:00 [/shop/shopping/load_payment_module.php] AccessID=ffe6d4b0ce83de7278ff22c5b629ca30&AccessPass=57732ddb997e977f3d4b148874b046ee from 121.2.75.35
2018/09/08 21:36:00 [/shop/shopping/load_payment_module.php] Array
(
    [0] => Array
        (
            [AccessID] => ffe6d4b0ce83de7278ff22c5b629ca30
            [AccessPass] => 57732ddb997e977f3d4b148874b046ee
        )

)
 from 121.2.75.35
2018/09/08 21:36:00 [/shop/shopping/load_payment_module.php] load_payment_module.php set payment data:Array
(
    [AccessID] => ffe6d4b0ce83de7278ff22c5b629ca30
    [AccessPass] => 57732ddb997e977f3d4b148874b046ee
    [OrderID] => 929075-08213600
    [Amount] => 12120
    [JobCd] => CAPTURE
    [action_status] => 1
    [pay_status] => 0
)
 from 121.2.75.35
2018/09/08 21:36:00 [/shop/shopping/load_payment_module.php] SendRequest:https://p01.mul-pay.jp/payment/ExecTran.idPass from 121.2.75.35
2018/09/08 21:36:00 [/shop/shopping/load_payment_module.php] Array
(
    [AccessID] => ffe6d4b0ce83de7278ff22c5b629ca30
    [AccessPass] => 57732ddb997e977f3d4b148874b046ee
    [OrderID] => 929075-08213600
    [Method] => 1
    [Token] => 2c9b400f130d70c1a5cebe80cb45102cd6b82c069570138d9ae880db37d9d4d9
    [ClientField1] => 
    [ClientField2] => 
    [ClientField3] => EC-CUBE4.3.24
)
 from 121.2.75.35
2018/09/08 21:36:02 [/shop/shopping/load_payment_module.php] ACS=0&OrderID=929075-08213600&Forward=2S49631&Method=1&PayTimes=&Approve=0296288&TranID=1809082136602257210134137689&TranDate=20180908213602&CheckString=1d774b78bb336728adc54d5512065fbb from 121.2.75.35
2018/09/08 21:36:02 [/shop/shopping/load_payment_module.php] Array
(
    [0] => Array
        (
            [ACS] => 0
            [OrderID] => 929075-08213600
            [Forward] => 2S49631
            [Method] => 1
            [PayTimes] => 
            [Approve] => 0296288
            [TranID] => 1809082136602257210134137689
            [TranDate] => 20180908213602
            [CheckString] => 1d774b78bb336728adc54d5512065fbb
        )

)
 from 121.2.75.35
2018/09/08 21:36:02 [/shop/shopping/load_payment_module.php] load_payment_module.php set payment data:Array
(
    [ACS] => 0
    [Forward] => 2S49631
    [Method] => 1
    [PayTimes] => 
    [Approve] => 0296288
    [TranID] => 1809082136602257210134137689
    [TranDate] => 20180908213602
    [CheckString] => 1d774b78bb336728adc54d5512065fbb
    [Amount] => 12120
    [JobCd] => CAPTURE
    [action_status] => 3
    [pay_status] => 13
)
 from 121.2.75.35
2018/09/08 23:56:14 [/shop/shopping/load_payment_module.php] SendRequest:https://p01.mul-pay.jp/payment/SearchMember.idPass from 106.167.61.16
2018/09/08 23:56:14 [/shop/shopping/load_payment_module.php] Array
(
    [SiteID] => mst0000007602
    [SitePass] => ******
    [MemberID] => 6574
)
 from 106.167.61.16
2018/09/08 23:56:14 [/shop/shopping/load_payment_module.php] ErrCode=E01&ErrInfo=E01390002 from 106.167.61.16
2018/09/08 23:56:14 [/shop/shopping/load_payment_module.php] Array
(
    [0] => Array
        (
            [ErrCode] => E01
            [ErrInfo] => E01390002
        )

)
 from 106.167.61.16
2018/09/08 23:56:14 [/shop/shopping/load_payment_module.php] SendRequest:https://p01.mul-pay.jp/payment/SearchCard.idPass from 106.167.61.16
2018/09/08 23:56:14 [/shop/shopping/load_payment_module.php] Array
(
    [SiteID] => mst0000007602
    [SitePass] => ******
    [MemberID] => 6574
)
 from 106.167.61.16
2018/09/08 23:56:15 [/shop/shopping/load_payment_module.php] ErrCode=E01|E01&ErrInfo=E01390002|E01240002 from 106.167.61.16
2018/09/08 23:56:15 [/shop/shopping/load_payment_module.php] Array
(
    [0] => Array
        (
            [ErrCode] => E01
            [ErrInfo] => E01390002
        )

    [1] => Array
        (
            [ErrCode] => E01
            [ErrInfo] => E01240002
        )

)
 from 106.167.61.16
2018/09/08 23:56:33 [/shop/shopping/load_payment_module.php] SendRequest:https://p01.mul-pay.jp/payment/SearchMember.idPass from 106.167.61.16
2018/09/08 23:56:33 [/shop/shopping/load_payment_module.php] Array
(
    [SiteID] => mst0000007602
    [SitePass] => ******
    [MemberID] => 6574
)
 from 106.167.61.16
2018/09/08 23:56:33 [/shop/shopping/load_payment_module.php] ErrCode=E01&ErrInfo=E01390002 from 106.167.61.16
2018/09/08 23:56:33 [/shop/shopping/load_payment_module.php] Array
(
    [0] => Array
        (
            [ErrCode] => E01
            [ErrInfo] => E01390002
        )

)
 from 106.167.61.16
2018/09/08 23:56:33 [/shop/shopping/load_payment_module.php] SendRequest:https://p01.mul-pay.jp/payment/SearchCard.idPass from 106.167.61.16
2018/09/08 23:56:33 [/shop/shopping/load_payment_module.php] Array
(
    [SiteID] => mst0000007602
    [SitePass] => ******
    [MemberID] => 6574
)
 from 106.167.61.16
2018/09/08 23:56:33 [/shop/shopping/load_payment_module.php] ErrCode=E01|E01&ErrInfo=E01390002|E01240002 from 106.167.61.16
2018/09/08 23:56:33 [/shop/shopping/load_payment_module.php] Array
(
    [0] => Array
        (
            [ErrCode] => E01
            [ErrInfo] => E01390002
        )

    [1] => Array
        (
            [ErrCode] => E01
            [ErrInfo] => E01240002
        )

)
 from 106.167.61.16
2018/09/08 23:56:33 [/shop/shopping/load_payment_module.php] SendRequest:https://p01.mul-pay.jp/payment/EntryTran.idPass from 106.167.61.16
2018/09/08 23:56:33 [/shop/shopping/load_payment_module.php] Array
(
    [ShopID] => 9000034600950
    [ShopPass] => ******
    [OrderID] => 929076-08235633
    [JobCd] => CAPTURE
    [Amount] => 24200
    [TdFlag] => 0
    [TdTenantName] => 
)
 from 106.167.61.16
2018/09/08 23:56:34 [/shop/shopping/load_payment_module.php] AccessID=18bbbe2b1a44e2644d55181625561ce5&AccessPass=ef1d96cb574d8749aa6d2a757854ddf7 from 106.167.61.16
2018/09/08 23:56:34 [/shop/shopping/load_payment_module.php] Array
(
    [0] => Array
        (
            [AccessID] => 18bbbe2b1a44e2644d55181625561ce5
            [AccessPass] => ef1d96cb574d8749aa6d2a757854ddf7
        )

)
 from 106.167.61.16
2018/09/08 23:56:34 [/shop/shopping/load_payment_module.php] load_payment_module.php set payment data:Array
(
    [AccessID] => 18bbbe2b1a44e2644d55181625561ce5
    [AccessPass] => ef1d96cb574d8749aa6d2a757854ddf7
    [OrderID] => 929076-08235633
    [Amount] => 24200
    [JobCd] => CAPTURE
    [action_status] => 1
    [pay_status] => 0
)
 from 106.167.61.16
2018/09/08 23:56:34 [/shop/shopping/load_payment_module.php] SendRequest:https://p01.mul-pay.jp/payment/ExecTran.idPass from 106.167.61.16
2018/09/08 23:56:34 [/shop/shopping/load_payment_module.php] Array
(
    [AccessID] => 18bbbe2b1a44e2644d55181625561ce5
    [AccessPass] => ef1d96cb574d8749aa6d2a757854ddf7
    [OrderID] => 929076-08235633
    [Method] => 1
    [Token] => 74ce90b666301730e490d3bfb481eb26479241d1d7532a055006398988e022df
    [ClientField1] => 
    [ClientField2] => 
    [ClientField3] => EC-CUBE4.3.24
)
 from 106.167.61.16
2018/09/08 23:56:35 [/shop/shopping/load_payment_module.php] ACS=0&OrderID=929076-08235633&Forward=2959876&Method=1&PayTimes=&Approve=0301637&TranID=1809082356602257210134137690&TranDate=20180908235635&CheckString=2c0f9fdaed5ecc504c4fb303cdf196ac from 106.167.61.16
2018/09/08 23:56:35 [/shop/shopping/load_payment_module.php] Array
(
    [0] => Array
        (
            [ACS] => 0
            [OrderID] => 929076-08235633
            [Forward] => 2959876
            [Method] => 1
            [PayTimes] => 
            [Approve] => 0301637
            [TranID] => 1809082356602257210134137690
            [TranDate] => 20180908235635
            [CheckString] => 2c0f9fdaed5ecc504c4fb303cdf196ac
        )

)
 from 106.167.61.16
2018/09/08 23:56:35 [/shop/shopping/load_payment_module.php] load_payment_module.php set payment data:Array
(
    [ACS] => 0
    [Forward] => 2959876
    [Method] => 1
    [PayTimes] => 
    [Approve] => 0301637
    [TranID] => 1809082356602257210134137690
    [TranDate] => 20180908235635
    [CheckString] => 2c0f9fdaed5ecc504c4fb303cdf196ac
    [Amount] => 24200
    [JobCd] => CAPTURE
    [action_status] => 3
    [pay_status] => 13
)
 from 106.167.61.16
