2022/01/31 09:41:09 [/shop/master/order/edit.php] SendRequest:https://p01.mul-pay.jp/payment/AlterTran.idPass from 114.160.216.147
2022/01/31 09:41:09 [/shop/master/order/edit.php] Array
(
    [ShopID] => 9000034600950
    [ShopPass] => ******
    [AccessID] => bf19f3cf28f5c2e9fc447e6fecaa2a93
    [AccessPass] => fae84ea647786f0a5b312d970fbd498e
    [JobCd] => RETURN
)
 from 114.160.216.147
2022/01/31 09:41:10 [/shop/master/order/edit.php] AccessID=bf19f3cf28f5c2e9fc447e6fecaa2a93&AccessPass=fae84ea647786f0a5b312d970fbd498e&Forward=2S49631&Approve=0015803&TranID=2201310941602257210134180039&TranDate=20220131094110 from 114.160.216.147
2022/01/31 09:41:10 [/shop/master/order/edit.php] Array
(
    [0] => Array
        (
            [AccessID] => bf19f3cf28f5c2e9fc447e6fecaa2a93
            [AccessPass] => fae84ea647786f0a5b312d970fbd498e
            [Forward] => 2S49631
            [Approve] => 0015803
            [TranID] => 2201310941602257210134180039
            [TranDate] => 20220131094110
        )

)
 from 114.160.216.147
2022/01/31 09:41:10 [/shop/master/order/edit.php] edit.php set payment data:Array
(
    [AccessID] => bf19f3cf28f5c2e9fc447e6fecaa2a93
    [AccessPass] => fae84ea647786f0a5b312d970fbd498e
    [Forward] => 2S49631
    [Approve] => 0015803
    [TranID] => 2201310941602257210134180039
    [TranDate] => 20220131094110
    [JobCd] => RETURN
    [action_status] => 6
    [pay_status] => 15
)
 from 114.160.216.147
2022/01/31 09:41:10 [/shop/user_data/pg_mulpay_recv.php] ******* receiveer data start ******* from 210.175.7.20
2022/01/31 09:41:10 [/shop/user_data/pg_mulpay_recv.php] Array
(
    [ShopID] => 9000034600950
    [ShopPass] => **********
    [AccessID] => bf19f3cf28f5c2e9fc447e6fecaa2a93
    [AccessPass] => ********************************
    [OrderID] => 946223-30174254
    [Status] => RETURN
    [JobCd] => RETURN
    [Amount] => 8180
    [Tax] => 0
    [Currency] => JPN
    [Forward] => 2S49631
    [Method] => 1
    [PayTimes] => 
    [TranID] => 2201310941602257210134180039
    [Approve] => 0015803
    [TranDate] => 20220131094110
    [ErrCode] => 
    [ErrInfo] => 
    [PayType] => 0
)
 from 210.175.7.20
2022/01/31 09:41:10 [/shop/user_data/pg_mulpay_recv.php] ******* receiveer data end ******* from 210.175.7.20
2022/01/31 09:41:10 [/shop/user_data/pg_mulpay_recv.php] pg_mulpay_recv.php set payment data:Array
(
    [ShopID] => 9000034600950
    [AccessID] => bf19f3cf28f5c2e9fc447e6fecaa2a93
    [OrderID] => 946223-30174254
    [Status] => RETURN
    [JobCd] => RETURN
    [Amount] => 8180
    [Tax] => 0
    [Currency] => JPN
    [Forward] => 2S49631
    [Method] => 1
    [PayTimes] => 
    [TranID] => 2201310941602257210134180039
    [Approve] => 0015803
    [TranDate] => 20220131094110
    [ErrCode] => 
    [ErrInfo] => 
    [PayType] => 0
    [CvsCode] => 
    [CvsConfNo] => 
    [CvsReceiptNo] => 
    [EdyReceiptNo] => 
    [EdyOrderNo] => 
    [SuicaReceiptNo] => 
    [SuicaOrderNo] => 
    [CustID] => 
    [BkCode] => 
    [ConfNo] => 
    [PaymentTerm] => 
    [EncryptReceiptNo] => 
    [FinishDate] => 
    [ReceiptDate] => 
    [WebMoneyManagementNo] => 
    [WebMoneySettleCode] => 
    [AuPayInfoNo] => 
    [AuPayMethod] => 
    [AuCancelAmount] => 
    [AuCancelTax] => 
    [DocomoSettlementCode] => 
    [DocomoCancelAmount] => 
    [DocomoCancelTax] => 
    [pay_status] => 15
)
 from 210.175.7.20
2022/01/31 09:41:10 [/shop/user_data/pg_mulpay_recv.php] response:true from 210.175.7.20
2022/01/31 11:59:16 [/shop/shopping/load_payment_module.php] SendRequest:https://p01.mul-pay.jp/payment/SearchMember.idPass from 92.203.98.82
2022/01/31 11:59:16 [/shop/shopping/load_payment_module.php] Array
(
    [SiteID] => mst0000007602
    [SitePass] => ******
    [MemberID] => 3060
)
 from 92.203.98.82
2022/01/31 11:59:16 [/shop/shopping/load_payment_module.php] ErrCode=E01&ErrInfo=E01390002 from 92.203.98.82
2022/01/31 11:59:16 [/shop/shopping/load_payment_module.php] Array
(
    [0] => Array
        (
            [ErrCode] => E01
            [ErrInfo] => E01390002
        )

)
 from 92.203.98.82
2022/01/31 11:59:16 [/shop/shopping/load_payment_module.php] SendRequest:https://p01.mul-pay.jp/payment/SearchCard.idPass from 92.203.98.82
2022/01/31 11:59:16 [/shop/shopping/load_payment_module.php] Array
(
    [SiteID] => mst0000007602
    [SitePass] => ******
    [MemberID] => 3060
)
 from 92.203.98.82
2022/01/31 11:59:16 [/shop/shopping/load_payment_module.php] ErrCode=E01|E01&ErrInfo=E01390002|E01240002 from 92.203.98.82
2022/01/31 11:59:16 [/shop/shopping/load_payment_module.php] Array
(
    [0] => Array
        (
            [ErrCode] => E01
            [ErrInfo] => E01390002
        )

    [1] => Array
        (
            [ErrCode] => E01
            [ErrInfo] => E01240002
        )

)
 from 92.203.98.82
2022/01/31 12:01:07 [/shop/shopping/load_payment_module.php] SendRequest:https://p01.mul-pay.jp/payment/SearchMember.idPass from 92.203.98.82
2022/01/31 12:01:07 [/shop/shopping/load_payment_module.php] Array
(
    [SiteID] => mst0000007602
    [SitePass] => ******
    [MemberID] => 3060
)
 from 92.203.98.82
2022/01/31 12:01:07 [/shop/shopping/load_payment_module.php] ErrCode=E01&ErrInfo=E01390002 from 92.203.98.82
2022/01/31 12:01:07 [/shop/shopping/load_payment_module.php] Array
(
    [0] => Array
        (
            [ErrCode] => E01
            [ErrInfo] => E01390002
        )

)
 from 92.203.98.82
2022/01/31 12:01:07 [/shop/shopping/load_payment_module.php] SendRequest:https://p01.mul-pay.jp/payment/SearchCard.idPass from 92.203.98.82
2022/01/31 12:01:07 [/shop/shopping/load_payment_module.php] Array
(
    [SiteID] => mst0000007602
    [SitePass] => ******
    [MemberID] => 3060
)
 from 92.203.98.82
2022/01/31 12:01:07 [/shop/shopping/load_payment_module.php] ErrCode=E01|E01&ErrInfo=E01390002|E01240002 from 92.203.98.82
2022/01/31 12:01:07 [/shop/shopping/load_payment_module.php] Array
(
    [0] => Array
        (
            [ErrCode] => E01
            [ErrInfo] => E01390002
        )

    [1] => Array
        (
            [ErrCode] => E01
            [ErrInfo] => E01240002
        )

)
 from 92.203.98.82
2022/01/31 12:01:07 [/shop/shopping/load_payment_module.php] SendRequest:https://p01.mul-pay.jp/payment/EntryTran.idPass from 92.203.98.82
2022/01/31 12:01:07 [/shop/shopping/load_payment_module.php] Array
(
    [ShopID] => 9000034600950
    [ShopPass] => ******
    [OrderID] => 946224-31120107
    [JobCd] => CAPTURE
    [Amount] => 8850
    [TdFlag] => 0
    [TdTenantName] => 
)
 from 92.203.98.82
2022/01/31 12:01:07 [/shop/shopping/load_payment_module.php] AccessID=41663d122b0fc71aae754c760f259303&AccessPass=c2df2f2990e362536ef2508c48b83b79 from 92.203.98.82
2022/01/31 12:01:07 [/shop/shopping/load_payment_module.php] Array
(
    [0] => Array
        (
            [AccessID] => 41663d122b0fc71aae754c760f259303
            [AccessPass] => c2df2f2990e362536ef2508c48b83b79
        )

)
 from 92.203.98.82
2022/01/31 12:01:07 [/shop/shopping/load_payment_module.php] load_payment_module.php set payment data:Array
(
    [AccessID] => 41663d122b0fc71aae754c760f259303
    [AccessPass] => c2df2f2990e362536ef2508c48b83b79
    [OrderID] => 946224-31120107
    [Amount] => 8850
    [JobCd] => CAPTURE
    [action_status] => 1
    [pay_status] => 0
)
 from 92.203.98.82
2022/01/31 12:01:07 [/shop/shopping/load_payment_module.php] SendRequest:https://p01.mul-pay.jp/payment/ExecTran.idPass from 92.203.98.82
2022/01/31 12:01:07 [/shop/shopping/load_payment_module.php] Array
(
    [AccessID] => 41663d122b0fc71aae754c760f259303
    [AccessPass] => c2df2f2990e362536ef2508c48b83b79
    [OrderID] => 946224-31120107
    [Method] => 1
    [Token] => a0a746a2eca46f405418e3e9ba962308a1a57d745805952c620a5ae3e99791bf
    [ClientField1] => 
    [ClientField2] => 
    [ClientField3] => EC-CUBE4.3.35
)
 from 92.203.98.82
2022/01/31 12:01:08 [/shop/shopping/load_payment_module.php] ACS=0&OrderID=946224-31120107&Forward=2S49631&Method=1&PayTimes=&Approve=0110577&TranID=2201311201602257210134150043&TranDate=20220131120108&CheckString=f0b158634f34bfc2056298b705f01850 from 92.203.98.82
2022/01/31 12:01:08 [/shop/shopping/load_payment_module.php] Array
(
    [0] => Array
        (
            [ACS] => 0
            [OrderID] => 946224-31120107
            [Forward] => 2S49631
            [Method] => 1
            [PayTimes] => 
            [Approve] => 0110577
            [TranID] => 2201311201602257210134150043
            [TranDate] => 20220131120108
            [CheckString] => f0b158634f34bfc2056298b705f01850
        )

)
 from 92.203.98.82
2022/01/31 12:01:08 [/shop/shopping/load_payment_module.php] load_payment_module.php set payment data:Array
(
    [ACS] => 0
    [Forward] => 2S49631
    [Method] => 1
    [PayTimes] => 
    [Approve] => 0110577
    [TranID] => 2201311201602257210134150043
    [TranDate] => 20220131120108
    [CheckString] => f0b158634f34bfc2056298b705f01850
    [Amount] => 8850
    [JobCd] => CAPTURE
    [action_status] => 3
    [pay_status] => 13
)
 from 92.203.98.82
2022/01/31 12:01:08 [/shop/user_data/pg_mulpay_recv.php] ******* receiveer data start ******* from 210.175.7.20
2022/01/31 12:01:08 [/shop/user_data/pg_mulpay_recv.php] Array
(
    [ShopID] => 9000034600950
    [ShopPass] => **********
    [AccessID] => 41663d122b0fc71aae754c760f259303
    [AccessPass] => ********************************
    [OrderID] => 946224-31120107
    [Status] => CAPTURE
    [JobCd] => CAPTURE
    [Amount] => 8850
    [Tax] => 0
    [Currency] => JPN
    [Forward] => 2S49631
    [Method] => 1
    [PayTimes] => 
    [TranID] => 2201311201602257210134150043
    [Approve] => 0110577
    [TranDate] => 20220131120108
    [ErrCode] => 
    [ErrInfo] => 
    [PayType] => 0
)
 from 210.175.7.20
2022/01/31 12:01:08 [/shop/user_data/pg_mulpay_recv.php] ******* receiveer data end ******* from 210.175.7.20
2022/01/31 12:01:13 [/shop/user_data/pg_mulpay_recv.php] update order status:1 order_id=946224 from 210.175.7.20
2022/01/31 12:01:13 [/shop/user_data/pg_mulpay_recv.php] pg_mulpay_recv.php set payment data:Array
(
    [ShopID] => 9000034600950
    [AccessID] => 41663d122b0fc71aae754c760f259303
    [OrderID] => 946224-31120107
    [Status] => CAPTURE
    [JobCd] => CAPTURE
    [Amount] => 8850
    [Tax] => 0
    [Currency] => JPN
    [Forward] => 2S49631
    [Method] => 1
    [PayTimes] => 
    [TranID] => 2201311201602257210134150043
    [Approve] => 0110577
    [TranDate] => 20220131120108
    [ErrCode] => 
    [ErrInfo] => 
    [PayType] => 0
    [CvsCode] => 
    [CvsConfNo] => 
    [CvsReceiptNo] => 
    [EdyReceiptNo] => 
    [EdyOrderNo] => 
    [SuicaReceiptNo] => 
    [SuicaOrderNo] => 
    [CustID] => 
    [BkCode] => 
    [ConfNo] => 
    [PaymentTerm] => 
    [EncryptReceiptNo] => 
    [FinishDate] => 
    [ReceiptDate] => 
    [WebMoneyManagementNo] => 
    [WebMoneySettleCode] => 
    [AuPayInfoNo] => 
    [AuPayMethod] => 
    [AuCancelAmount] => 
    [AuCancelTax] => 
    [DocomoSettlementCode] => 
    [DocomoCancelAmount] => 
    [DocomoCancelTax] => 
    [pay_status] => 13
)
 from 210.175.7.20
2022/01/31 12:01:13 [/shop/user_data/pg_mulpay_recv.php] response:true from 210.175.7.20
2022/01/31 17:08:23 [/shop/master/order/edit.php] edit.php set payment data:Array
(
    [no_update_status_flg] => 1
)
 from 114.160.216.147
2022/01/31 17:08:23 [/shop/master/order/edit.php] SendRequest:https://p01.mul-pay.jp/payment/ChangeTran.idPass from 114.160.216.147
2022/01/31 17:08:23 [/shop/master/order/edit.php] Array
(
    [ShopID] => 9000034600950
    [ShopPass] => ******
    [AccessID] => 3041a2f57100fbf8e6b60dc4a88f4f25
    [AccessPass] => 80114a0c76e702f69d257fa0ab7249b4
    [JobCd] => CAPTURE
    [Amount] => 12190
)
 from 114.160.216.147
2022/01/31 17:08:24 [/shop/master/order/edit.php] AccessID=3041a2f57100fbf8e6b60dc4a88f4f25&AccessPass=80114a0c76e702f69d257fa0ab7249b4&Forward=2959876&Approve=0008045&TranID=2201311708602257210134160046&TranDate=20220131170824 from 114.160.216.147
2022/01/31 17:08:24 [/shop/master/order/edit.php] Array
(
    [0] => Array
        (
            [AccessID] => 3041a2f57100fbf8e6b60dc4a88f4f25
            [AccessPass] => 80114a0c76e702f69d257fa0ab7249b4
            [Forward] => 2959876
            [Approve] => 0008045
            [TranID] => 2201311708602257210134160046
            [TranDate] => 20220131170824
        )

)
 from 114.160.216.147
2022/01/31 17:08:24 [/shop/master/order/edit.php] edit.php set payment data:Array
(
    [AccessID] => 3041a2f57100fbf8e6b60dc4a88f4f25
    [AccessPass] => 80114a0c76e702f69d257fa0ab7249b4
    [Forward] => 2959876
    [Approve] => 0008045
    [TranID] => 2201311708602257210134160046
    [TranDate] => 20220131170824
    [action_status] => 6
    [pay_status] => 13
    [JobCd] => CAPTURE
    [Amount] => 12190
)
 from 114.160.216.147
2022/01/31 17:08:24 [/shop/user_data/pg_mulpay_recv.php] ******* receiveer data start ******* from 210.175.7.20
2022/01/31 17:08:24 [/shop/user_data/pg_mulpay_recv.php] Array
(
    [ShopID] => 9000034600950
    [ShopPass] => **********
    [AccessID] => 3041a2f57100fbf8e6b60dc4a88f4f25
    [AccessPass] => ********************************
    [OrderID] => 946129-22154934
    [Status] => RETURNX
    [JobCd] => RETURNX
    [Amount] => 7350
    [Tax] => 0
    [Currency] => JPN
    [Forward] => 2959876
    [Method] => 1
    [PayTimes] => 
    [TranID] => 2201311708602257210134180040
    [Approve] =>        
    [TranDate] => 20220131170824
    [ErrCode] => 
    [ErrInfo] => 
    [PayType] => 0
)
 from 210.175.7.20
2022/01/31 17:08:24 [/shop/user_data/pg_mulpay_recv.php] ******* receiveer data end ******* from 210.175.7.20
2022/01/31 17:08:24 [/shop/user_data/pg_mulpay_recv.php] pg_mulpay_recv.php set payment data:Array
(
    [ShopID] => 9000034600950
    [AccessID] => 3041a2f57100fbf8e6b60dc4a88f4f25
    [OrderID] => 946129-22154934
    [Status] => RETURNX
    [JobCd] => RETURNX
    [Amount] => 7350
    [Tax] => 0
    [Currency] => JPN
    [Forward] => 2959876
    [Method] => 1
    [PayTimes] => 
    [TranID] => 2201311708602257210134180040
    [TranDate] => 20220131170824
    [ErrCode] => 
    [ErrInfo] => 
    [PayType] => 0
    [CvsCode] => 
    [CvsConfNo] => 
    [CvsReceiptNo] => 
    [EdyReceiptNo] => 
    [EdyOrderNo] => 
    [SuicaReceiptNo] => 
    [SuicaOrderNo] => 
    [CustID] => 
    [BkCode] => 
    [ConfNo] => 
    [PaymentTerm] => 
    [EncryptReceiptNo] => 
    [FinishDate] => 
    [ReceiptDate] => 
    [WebMoneyManagementNo] => 
    [WebMoneySettleCode] => 
    [AuPayInfoNo] => 
    [AuPayMethod] => 
    [AuCancelAmount] => 
    [AuCancelTax] => 
    [DocomoSettlementCode] => 
    [DocomoCancelAmount] => 
    [DocomoCancelTax] => 
    [pay_status] => 16
)
 from 210.175.7.20
2022/01/31 17:08:24 [/shop/user_data/pg_mulpay_recv.php] response:true from 210.175.7.20
2022/01/31 17:08:24 [/shop/user_data/pg_mulpay_recv.php] ******* receiveer data start ******* from 210.175.7.20
2022/01/31 17:08:24 [/shop/user_data/pg_mulpay_recv.php] Array
(
    [ShopID] => 9000034600950
    [ShopPass] => **********
    [AccessID] => 3041a2f57100fbf8e6b60dc4a88f4f25
    [AccessPass] => ********************************
    [OrderID] => 946129-22154934
    [Status] => CAPTURE
    [JobCd] => CAPTURE
    [Amount] => 12190
    [Tax] => 0
    [Currency] => JPN
    [Forward] => 2959876
    [Method] => 1
    [PayTimes] => 
    [TranID] => 2201311708602257210134160046
    [Approve] => 0008045
    [TranDate] => 20220131170824
    [ErrCode] => 
    [ErrInfo] => 
    [PayType] => 0
)
 from 210.175.7.20
2022/01/31 17:08:24 [/shop/user_data/pg_mulpay_recv.php] ******* receiveer data end ******* from 210.175.7.20
2022/01/31 17:08:29 [/shop/user_data/pg_mulpay_recv.php] no update order status order_id=946129 from 210.175.7.20
2022/01/31 17:08:29 [/shop/user_data/pg_mulpay_recv.php] pg_mulpay_recv.php set payment data:Array
(
    [ShopID] => 9000034600950
    [AccessID] => 3041a2f57100fbf8e6b60dc4a88f4f25
    [OrderID] => 946129-22154934
    [Status] => CAPTURE
    [JobCd] => CAPTURE
    [Amount] => 12190
    [Tax] => 0
    [Currency] => JPN
    [Forward] => 2959876
    [Method] => 1
    [PayTimes] => 
    [TranID] => 2201311708602257210134160046
    [Approve] => 0008045
    [TranDate] => 20220131170824
    [ErrCode] => 
    [ErrInfo] => 
    [PayType] => 0
    [CvsCode] => 
    [CvsConfNo] => 
    [CvsReceiptNo] => 
    [EdyReceiptNo] => 
    [EdyOrderNo] => 
    [SuicaReceiptNo] => 
    [SuicaOrderNo] => 
    [CustID] => 
    [BkCode] => 
    [ConfNo] => 
    [PaymentTerm] => 
    [EncryptReceiptNo] => 
    [FinishDate] => 
    [ReceiptDate] => 
    [WebMoneyManagementNo] => 
    [WebMoneySettleCode] => 
    [AuPayInfoNo] => 
    [AuPayMethod] => 
    [AuCancelAmount] => 
    [AuCancelTax] => 
    [DocomoSettlementCode] => 
    [DocomoCancelAmount] => 
    [DocomoCancelTax] => 
    [pay_status] => 13
    [no_update_status_flg] => 0
)
 from 210.175.7.20
2022/01/31 17:08:29 [/shop/user_data/pg_mulpay_recv.php] response:true from 210.175.7.20
2022/01/31 17:08:30 [/shop/master/order/edit.php] SendRequest:https://p01.mul-pay.jp/payment/SearchTrade.idPass from 114.160.216.147
2022/01/31 17:08:30 [/shop/master/order/edit.php] Array
(
    [ShopID] => 9000034600950
    [ShopPass] => ******
    [OrderID] => 946129-22154934
)
 from 114.160.216.147
2022/01/31 17:08:30 [/shop/master/order/edit.php] OrderID=946129-22154934&Status=CAPTURE&ProcessDate=20220131170824&JobCd=CAPTURE&AccessID=3041a2f57100fbf8e6b60dc4a88f4f25&AccessPass=80114a0c76e702f69d257fa0ab7249b4&ItemCode=0000990&Amount=12190&Tax=0&SiteID=&MemberID=&CardNo=************9016&Expire=2305&Method=1&PayTimes=&Forward=2959876&TranID=2201311708602257210134160046&Approve=0008045&ClientField1=&ClientField2=&ClientField3=EC-CUBE4.3.35 from 114.160.216.147
2022/01/31 17:08:30 [/shop/master/order/edit.php] Array
(
    [0] => Array
        (
            [OrderID] => 946129-22154934
            [Status] => CAPTURE
            [ProcessDate] => 20220131170824
            [JobCd] => CAPTURE
            [AccessID] => 3041a2f57100fbf8e6b60dc4a88f4f25
            [AccessPass] => 80114a0c76e702f69d257fa0ab7249b4
            [ItemCode] => 0000990
            [Amount] => 12190
            [Tax] => 0
            [SiteID] => 
            [MemberID] => 
            [CardNo] => ************9016
            [Expire] => 2305
            [Method] => 1
            [PayTimes] => 
            [Forward] => 2959876
            [TranID] => 2201311708602257210134160046
            [Approve] => 0008045
            [ClientField1] => 
            [ClientField2] => 
            [ClientField3] => EC-CUBE4.3.35
        )

)
 from 114.160.216.147
2022/01/31 17:08:30 [/shop/master/order/edit.php] edit.php set payment data:Array
(
    [OrderID] => 946129-22154934
    [Status] => CAPTURE
    [ProcessDate] => 20220131170824
    [JobCd] => CAPTURE
    [AccessID] => 3041a2f57100fbf8e6b60dc4a88f4f25
    [AccessPass] => 80114a0c76e702f69d257fa0ab7249b4
    [ItemCode] => 0000990
    [Amount] => 12190
    [Tax] => 0
    [SiteID] => 
    [MemberID] => 
    [CardNo] => ************9016
    [Expire] => 2305
    [Method] => 1
    [PayTimes] => 
    [Forward] => 2959876
    [TranID] => 2201311708602257210134160046
    [Approve] => 0008045
    [ClientField1] => 
    [ClientField2] => 
    [ClientField3] => EC-CUBE4.3.35
    [action_status] => 6
    [pay_status] => 13
)
 from 114.160.216.147
2022/01/31 17:20:33 [/shop/master/order/edit.php] edit.php set payment data:Array
(
    [no_update_status_flg] => 1
)
 from 114.160.216.147
2022/01/31 17:20:33 [/shop/master/order/edit.php] SendRequest:https://p01.mul-pay.jp/payment/ChangeTran.idPass from 114.160.216.147
2022/01/31 17:20:33 [/shop/master/order/edit.php] Array
(
    [ShopID] => 9000034600950
    [ShopPass] => ******
    [AccessID] => b8d34765fb4e75890ce8e6f1afd1b6b6
    [AccessPass] => 5f74976cda3239ea9a580252e8c6c5e7
    [JobCd] => CAPTURE
    [Amount] => 7580
)
 from 114.160.216.147
2022/01/31 17:20:34 [/shop/master/order/edit.php] AccessID=b8d34765fb4e75890ce8e6f1afd1b6b6&AccessPass=5f74976cda3239ea9a580252e8c6c5e7&Forward=2a99661&Approve=0606809&TranID=2201311720602257210134150044&TranDate=20220131172034 from 114.160.216.147
2022/01/31 17:20:34 [/shop/master/order/edit.php] Array
(
    [0] => Array
        (
            [AccessID] => b8d34765fb4e75890ce8e6f1afd1b6b6
            [AccessPass] => 5f74976cda3239ea9a580252e8c6c5e7
            [Forward] => 2a99661
            [Approve] => 0606809
            [TranID] => 2201311720602257210134150044
            [TranDate] => 20220131172034
        )

)
 from 114.160.216.147
2022/01/31 17:20:34 [/shop/master/order/edit.php] edit.php set payment data:Array
(
    [AccessID] => b8d34765fb4e75890ce8e6f1afd1b6b6
    [AccessPass] => 5f74976cda3239ea9a580252e8c6c5e7
    [Forward] => 2a99661
    [Approve] => 0606809
    [TranID] => 2201311720602257210134150044
    [TranDate] => 20220131172034
    [action_status] => 6
    [pay_status] => 13
    [JobCd] => CAPTURE
    [Amount] => 7580
)
 from 114.160.216.147
2022/01/31 17:20:34 [/shop/user_data/pg_mulpay_recv.php] ******* receiveer data start ******* from 210.175.7.20
2022/01/31 17:20:34 [/shop/user_data/pg_mulpay_recv.php] Array
(
    [ShopID] => 9000034600950
    [ShopPass] => **********
    [AccessID] => b8d34765fb4e75890ce8e6f1afd1b6b6
    [AccessPass] => ********************************
    [OrderID] => 946188-17084209
    [Status] => RETURN
    [JobCd] => RETURN
    [Amount] => 4720
    [Tax] => 0
    [Currency] => JPN
    [Forward] => 2a99661
    [Method] => 1
    [PayTimes] => 
    [TranID] => 2201311720602257210134180041
    [Approve] => 0000000
    [TranDate] => 20220131172034
    [ErrCode] => 
    [ErrInfo] => 
    [PayType] => 0
)
 from 210.175.7.20
2022/01/31 17:20:34 [/shop/user_data/pg_mulpay_recv.php] ******* receiveer data end ******* from 210.175.7.20
2022/01/31 17:20:34 [/shop/user_data/pg_mulpay_recv.php] pg_mulpay_recv.php set payment data:Array
(
    [ShopID] => 9000034600950
    [AccessID] => b8d34765fb4e75890ce8e6f1afd1b6b6
    [OrderID] => 946188-17084209
    [Status] => RETURN
    [JobCd] => RETURN
    [Amount] => 4720
    [Tax] => 0
    [Currency] => JPN
    [Forward] => 2a99661
    [Method] => 1
    [PayTimes] => 
    [TranID] => 2201311720602257210134180041
    [Approve] => 0000000
    [TranDate] => 20220131172034
    [ErrCode] => 
    [ErrInfo] => 
    [PayType] => 0
    [CvsCode] => 
    [CvsConfNo] => 
    [CvsReceiptNo] => 
    [EdyReceiptNo] => 
    [EdyOrderNo] => 
    [SuicaReceiptNo] => 
    [SuicaOrderNo] => 
    [CustID] => 
    [BkCode] => 
    [ConfNo] => 
    [PaymentTerm] => 
    [EncryptReceiptNo] => 
    [FinishDate] => 
    [ReceiptDate] => 
    [WebMoneyManagementNo] => 
    [WebMoneySettleCode] => 
    [AuPayInfoNo] => 
    [AuPayMethod] => 
    [AuCancelAmount] => 
    [AuCancelTax] => 
    [DocomoSettlementCode] => 
    [DocomoCancelAmount] => 
    [DocomoCancelTax] => 
    [pay_status] => 15
)
 from 210.175.7.20
2022/01/31 17:20:34 [/shop/user_data/pg_mulpay_recv.php] response:true from 210.175.7.20
2022/01/31 17:20:34 [/shop/user_data/pg_mulpay_recv.php] ******* receiveer data start ******* from 210.175.7.20
2022/01/31 17:20:34 [/shop/user_data/pg_mulpay_recv.php] Array
(
    [ShopID] => 9000034600950
    [ShopPass] => **********
    [AccessID] => b8d34765fb4e75890ce8e6f1afd1b6b6
    [AccessPass] => ********************************
    [OrderID] => 946188-17084209
    [Status] => CAPTURE
    [JobCd] => CAPTURE
    [Amount] => 7580
    [Tax] => 0
    [Currency] => JPN
    [Forward] => 2a99661
    [Method] => 1
    [PayTimes] => 
    [TranID] => 2201311720602257210134150044
    [Approve] => 0606809
    [TranDate] => 20220131172034
    [ErrCode] => 
    [ErrInfo] => 
    [PayType] => 0
)
 from 210.175.7.20
2022/01/31 17:20:34 [/shop/user_data/pg_mulpay_recv.php] ******* receiveer data end ******* from 210.175.7.20
2022/01/31 17:20:39 [/shop/master/order/edit.php] SendRequest:https://p01.mul-pay.jp/payment/SearchTrade.idPass from 114.160.216.147
2022/01/31 17:20:39 [/shop/master/order/edit.php] Array
(
    [ShopID] => 9000034600950
    [ShopPass] => ******
    [OrderID] => 946188-17084209
)
 from 114.160.216.147
2022/01/31 17:20:39 [/shop/master/order/edit.php] OrderID=946188-17084209&Status=CAPTURE&ProcessDate=20220131172034&JobCd=CAPTURE&AccessID=b8d34765fb4e75890ce8e6f1afd1b6b6&AccessPass=5f74976cda3239ea9a580252e8c6c5e7&ItemCode=0000990&Amount=7580&Tax=0&SiteID=&MemberID=&CardNo=************1096&Expire=2501&Method=1&PayTimes=&Forward=2a99661&TranID=2201311720602257210134150044&Approve=0606809&ClientField1=&ClientField2=&ClientField3=EC-CUBE4.3.35 from 114.160.216.147
2022/01/31 17:20:39 [/shop/master/order/edit.php] Array
(
    [0] => Array
        (
            [OrderID] => 946188-17084209
            [Status] => CAPTURE
            [ProcessDate] => 20220131172034
            [JobCd] => CAPTURE
            [AccessID] => b8d34765fb4e75890ce8e6f1afd1b6b6
            [AccessPass] => 5f74976cda3239ea9a580252e8c6c5e7
            [ItemCode] => 0000990
            [Amount] => 7580
            [Tax] => 0
            [SiteID] => 
            [MemberID] => 
            [CardNo] => ************1096
            [Expire] => 2501
            [Method] => 1
            [PayTimes] => 
            [Forward] => 2a99661
            [TranID] => 2201311720602257210134150044
            [Approve] => 0606809
            [ClientField1] => 
            [ClientField2] => 
            [ClientField3] => EC-CUBE4.3.35
        )

)
 from 114.160.216.147
2022/01/31 17:20:39 [/shop/master/order/edit.php] edit.php set payment data:Array
(
    [OrderID] => 946188-17084209
    [Status] => CAPTURE
    [ProcessDate] => 20220131172034
    [JobCd] => CAPTURE
    [AccessID] => b8d34765fb4e75890ce8e6f1afd1b6b6
    [AccessPass] => 5f74976cda3239ea9a580252e8c6c5e7
    [ItemCode] => 0000990
    [Amount] => 7580
    [Tax] => 0
    [SiteID] => 
    [MemberID] => 
    [CardNo] => ************1096
    [Expire] => 2501
    [Method] => 1
    [PayTimes] => 
    [Forward] => 2a99661
    [TranID] => 2201311720602257210134150044
    [Approve] => 0606809
    [ClientField1] => 
    [ClientField2] => 
    [ClientField3] => EC-CUBE4.3.35
    [action_status] => 6
    [pay_status] => 13
)
 from 114.160.216.147
2022/01/31 17:20:39 [/shop/user_data/pg_mulpay_recv.php] no update order status order_id=946188 from 210.175.7.20
2022/01/31 17:20:39 [/shop/user_data/pg_mulpay_recv.php] pg_mulpay_recv.php set payment data:Array
(
    [ShopID] => 9000034600950
    [AccessID] => b8d34765fb4e75890ce8e6f1afd1b6b6
    [OrderID] => 946188-17084209
    [Status] => CAPTURE
    [JobCd] => CAPTURE
    [Amount] => 7580
    [Tax] => 0
    [Currency] => JPN
    [Forward] => 2a99661
    [Method] => 1
    [PayTimes] => 
    [TranID] => 2201311720602257210134150044
    [Approve] => 0606809
    [TranDate] => 20220131172034
    [ErrCode] => 
    [ErrInfo] => 
    [PayType] => 0
    [CvsCode] => 
    [CvsConfNo] => 
    [CvsReceiptNo] => 
    [EdyReceiptNo] => 
    [EdyOrderNo] => 
    [SuicaReceiptNo] => 
    [SuicaOrderNo] => 
    [CustID] => 
    [BkCode] => 
    [ConfNo] => 
    [PaymentTerm] => 
    [EncryptReceiptNo] => 
    [FinishDate] => 
    [ReceiptDate] => 
    [WebMoneyManagementNo] => 
    [WebMoneySettleCode] => 
    [AuPayInfoNo] => 
    [AuPayMethod] => 
    [AuCancelAmount] => 
    [AuCancelTax] => 
    [DocomoSettlementCode] => 
    [DocomoCancelAmount] => 
    [DocomoCancelTax] => 
    [pay_status] => 13
    [no_update_status_flg] => 0
)
 from 210.175.7.20
2022/01/31 17:20:39 [/shop/user_data/pg_mulpay_recv.php] response:true from 210.175.7.20
