2022/05/01 00:58:49 [/shop/shopping/load_payment_module.php] SendRequest:https://p01.mul-pay.jp/payment/EntryTran.idPass from 73.130.229.146
2022/05/01 00:58:49 [/shop/shopping/load_payment_module.php] Array
(
    [ShopID] => 9000034600950
    [ShopPass] => ******
    [OrderID] => 946547-01005849
    [JobCd] => CAPTURE
    [Amount] => 6050
    [TdFlag] => 0
    [TdTenantName] => 
)
 from 73.130.229.146
2022/05/01 00:58:49 [/shop/shopping/load_payment_module.php] AccessID=ad8b403227aa00680f2130ef4cbfc5ff&AccessPass=da58bdd4f836256a4bc6a06b4a4e3bab from 73.130.229.146
2022/05/01 00:58:49 [/shop/shopping/load_payment_module.php] Array
(
    [0] => Array
        (
            [AccessID] => ad8b403227aa00680f2130ef4cbfc5ff
            [AccessPass] => da58bdd4f836256a4bc6a06b4a4e3bab
        )

)
 from 73.130.229.146
2022/05/01 00:58:49 [/shop/shopping/load_payment_module.php] load_payment_module.php set payment data:Array
(
    [AccessID] => ad8b403227aa00680f2130ef4cbfc5ff
    [AccessPass] => da58bdd4f836256a4bc6a06b4a4e3bab
    [OrderID] => 946547-01005849
    [Amount] => 6050
    [JobCd] => CAPTURE
    [action_status] => 1
    [pay_status] => 0
)
 from 73.130.229.146
2022/05/01 00:58:49 [/shop/shopping/load_payment_module.php] SendRequest:https://p01.mul-pay.jp/payment/ExecTran.idPass from 73.130.229.146
2022/05/01 00:58:49 [/shop/shopping/load_payment_module.php] Array
(
    [AccessID] => ad8b403227aa00680f2130ef4cbfc5ff
    [AccessPass] => da58bdd4f836256a4bc6a06b4a4e3bab
    [OrderID] => 946547-01005849
    [Method] => 1
    [Token] => 8527d6bed95cd7f7b90ad3c6ccf1b8ca4daf3d419715cf4a93ea38970644066c
    [ClientField1] => 
    [ClientField2] => 
    [ClientField3] => EC-CUBE4.3.35
)
 from 73.130.229.146
2022/05/01 00:58:51 [/shop/shopping/load_payment_module.php] ACS=0&OrderID=946547-01005849&Forward=2959876&Method=1&PayTimes=&Approve=0030679&TranID=2205010058602257210134150115&TranDate=20220501005851&CheckString=041c11fc442116769bfbfa0467d4d47e from 73.130.229.146
2022/05/01 00:58:51 [/shop/shopping/load_payment_module.php] Array
(
    [0] => Array
        (
            [ACS] => 0
            [OrderID] => 946547-01005849
            [Forward] => 2959876
            [Method] => 1
            [PayTimes] => 
            [Approve] => 0030679
            [TranID] => 2205010058602257210134150115
            [TranDate] => 20220501005851
            [CheckString] => 041c11fc442116769bfbfa0467d4d47e
        )

)
 from 73.130.229.146
2022/05/01 00:58:51 [/shop/shopping/load_payment_module.php] load_payment_module.php set payment data:Array
(
    [ACS] => 0
    [Forward] => 2959876
    [Method] => 1
    [PayTimes] => 
    [Approve] => 0030679
    [TranID] => 2205010058602257210134150115
    [TranDate] => 20220501005851
    [CheckString] => 041c11fc442116769bfbfa0467d4d47e
    [Amount] => 6050
    [JobCd] => CAPTURE
    [action_status] => 3
    [pay_status] => 13
)
 from 73.130.229.146
2022/05/01 00:58:51 [/shop/user_data/pg_mulpay_recv.php] ******* receiveer data start ******* from 210.175.7.20
2022/05/01 00:58:51 [/shop/user_data/pg_mulpay_recv.php] Array
(
    [ShopID] => 9000034600950
    [ShopPass] => **********
    [AccessID] => ad8b403227aa00680f2130ef4cbfc5ff
    [AccessPass] => ********************************
    [OrderID] => 946547-01005849
    [Status] => CAPTURE
    [JobCd] => CAPTURE
    [Amount] => 6050
    [Tax] => 0
    [Currency] => JPN
    [Forward] => 2959876
    [Method] => 1
    [PayTimes] => 
    [TranID] => 2205010058602257210134150115
    [Approve] => 0030679
    [TranDate] => 20220501005851
    [ErrCode] => 
    [ErrInfo] => 
    [PayType] => 0
)
 from 210.175.7.20
2022/05/01 00:58:51 [/shop/user_data/pg_mulpay_recv.php] ******* receiveer data end ******* from 210.175.7.20
2022/05/01 00:58:56 [/shop/user_data/pg_mulpay_recv.php] update order status:1 order_id=946547 from 210.175.7.20
2022/05/01 00:58:56 [/shop/user_data/pg_mulpay_recv.php] pg_mulpay_recv.php set payment data:Array
(
    [ShopID] => 9000034600950
    [AccessID] => ad8b403227aa00680f2130ef4cbfc5ff
    [OrderID] => 946547-01005849
    [Status] => CAPTURE
    [JobCd] => CAPTURE
    [Amount] => 6050
    [Tax] => 0
    [Currency] => JPN
    [Forward] => 2959876
    [Method] => 1
    [PayTimes] => 
    [TranID] => 2205010058602257210134150115
    [Approve] => 0030679
    [TranDate] => 20220501005851
    [ErrCode] => 
    [ErrInfo] => 
    [PayType] => 0
    [CvsCode] => 
    [CvsConfNo] => 
    [CvsReceiptNo] => 
    [EdyReceiptNo] => 
    [EdyOrderNo] => 
    [SuicaReceiptNo] => 
    [SuicaOrderNo] => 
    [CustID] => 
    [BkCode] => 
    [ConfNo] => 
    [PaymentTerm] => 
    [EncryptReceiptNo] => 
    [FinishDate] => 
    [ReceiptDate] => 
    [WebMoneyManagementNo] => 
    [WebMoneySettleCode] => 
    [AuPayInfoNo] => 
    [AuPayMethod] => 
    [AuCancelAmount] => 
    [AuCancelTax] => 
    [DocomoSettlementCode] => 
    [DocomoCancelAmount] => 
    [DocomoCancelTax] => 
    [pay_status] => 13
)
 from 210.175.7.20
2022/05/01 00:58:56 [/shop/user_data/pg_mulpay_recv.php] response:true from 210.175.7.20
2022/05/01 08:33:17 [/shop/shopping/load_payment_module.php] SendRequest:https://p01.mul-pay.jp/payment/SearchMember.idPass from 122.222.2.61
2022/05/01 08:33:17 [/shop/shopping/load_payment_module.php] Array
(
    [SiteID] => mst0000007602
    [SitePass] => ******
    [MemberID] => 10600
)
 from 122.222.2.61
2022/05/01 08:33:17 [/shop/shopping/load_payment_module.php] ErrCode=E01&ErrInfo=E01390002 from 122.222.2.61
2022/05/01 08:33:17 [/shop/shopping/load_payment_module.php] Array
(
    [0] => Array
        (
            [ErrCode] => E01
            [ErrInfo] => E01390002
        )

)
 from 122.222.2.61
2022/05/01 08:33:17 [/shop/shopping/load_payment_module.php] SendRequest:https://p01.mul-pay.jp/payment/SearchCard.idPass from 122.222.2.61
2022/05/01 08:33:17 [/shop/shopping/load_payment_module.php] Array
(
    [SiteID] => mst0000007602
    [SitePass] => ******
    [MemberID] => 10600
)
 from 122.222.2.61
2022/05/01 08:33:17 [/shop/shopping/load_payment_module.php] ErrCode=E01|E01&ErrInfo=E01390002|E01240002 from 122.222.2.61
2022/05/01 08:33:17 [/shop/shopping/load_payment_module.php] Array
(
    [0] => Array
        (
            [ErrCode] => E01
            [ErrInfo] => E01390002
        )

    [1] => Array
        (
            [ErrCode] => E01
            [ErrInfo] => E01240002
        )

)
 from 122.222.2.61
2022/05/01 08:33:46 [/shop/shopping/load_payment_module.php] SendRequest:https://p01.mul-pay.jp/payment/SearchMember.idPass from 122.222.2.61
2022/05/01 08:33:46 [/shop/shopping/load_payment_module.php] Array
(
    [SiteID] => mst0000007602
    [SitePass] => ******
    [MemberID] => 10600
)
 from 122.222.2.61
2022/05/01 08:33:46 [/shop/shopping/load_payment_module.php] ErrCode=E01&ErrInfo=E01390002 from 122.222.2.61
2022/05/01 08:33:46 [/shop/shopping/load_payment_module.php] Array
(
    [0] => Array
        (
            [ErrCode] => E01
            [ErrInfo] => E01390002
        )

)
 from 122.222.2.61
2022/05/01 08:33:46 [/shop/shopping/load_payment_module.php] SendRequest:https://p01.mul-pay.jp/payment/SearchCard.idPass from 122.222.2.61
2022/05/01 08:33:46 [/shop/shopping/load_payment_module.php] Array
(
    [SiteID] => mst0000007602
    [SitePass] => ******
    [MemberID] => 10600
)
 from 122.222.2.61
2022/05/01 08:33:46 [/shop/shopping/load_payment_module.php] ErrCode=E01|E01&ErrInfo=E01390002|E01240002 from 122.222.2.61
2022/05/01 08:33:46 [/shop/shopping/load_payment_module.php] Array
(
    [0] => Array
        (
            [ErrCode] => E01
            [ErrInfo] => E01390002
        )

    [1] => Array
        (
            [ErrCode] => E01
            [ErrInfo] => E01240002
        )

)
 from 122.222.2.61
2022/05/01 08:33:46 [/shop/shopping/load_payment_module.php] SendRequest:https://p01.mul-pay.jp/payment/EntryTran.idPass from 122.222.2.61
2022/05/01 08:33:46 [/shop/shopping/load_payment_module.php] Array
(
    [ShopID] => 9000034600950
    [ShopPass] => ******
    [OrderID] => 946548-01083346
    [JobCd] => CAPTURE
    [Amount] => 10500
    [TdFlag] => 0
    [TdTenantName] => 
)
 from 122.222.2.61
2022/05/01 08:33:46 [/shop/shopping/load_payment_module.php] AccessID=9e139a2170941639a11c053b829f9fd7&AccessPass=3a15037a5991612bdb16385f432a3510 from 122.222.2.61
2022/05/01 08:33:46 [/shop/shopping/load_payment_module.php] Array
(
    [0] => Array
        (
            [AccessID] => 9e139a2170941639a11c053b829f9fd7
            [AccessPass] => 3a15037a5991612bdb16385f432a3510
        )

)
 from 122.222.2.61
2022/05/01 08:33:46 [/shop/shopping/load_payment_module.php] load_payment_module.php set payment data:Array
(
    [AccessID] => 9e139a2170941639a11c053b829f9fd7
    [AccessPass] => 3a15037a5991612bdb16385f432a3510
    [OrderID] => 946548-01083346
    [Amount] => 10500
    [JobCd] => CAPTURE
    [action_status] => 1
    [pay_status] => 0
)
 from 122.222.2.61
2022/05/01 08:33:46 [/shop/shopping/load_payment_module.php] SendRequest:https://p01.mul-pay.jp/payment/ExecTran.idPass from 122.222.2.61
2022/05/01 08:33:46 [/shop/shopping/load_payment_module.php] Array
(
    [AccessID] => 9e139a2170941639a11c053b829f9fd7
    [AccessPass] => 3a15037a5991612bdb16385f432a3510
    [OrderID] => 946548-01083346
    [Method] => 1
    [Token] => 32559bcce6e8884d223ff53393d6828d9e03a1bcb3e87a17bae1f3cbfbd0bc0b
    [ClientField1] => 
    [ClientField2] => 
    [ClientField3] => EC-CUBE4.3.35
)
 from 122.222.2.61
2022/05/01 08:33:47 [/shop/shopping/load_payment_module.php] ACS=0&OrderID=946548-01083346&Forward=2S49631&Method=1&PayTimes=&Approve=0570279&TranID=2205010833602257210134150116&TranDate=20220501083347&CheckString=cf28ffc6ca5b67f00799bc39b74ada04 from 122.222.2.61
2022/05/01 08:33:47 [/shop/shopping/load_payment_module.php] Array
(
    [0] => Array
        (
            [ACS] => 0
            [OrderID] => 946548-01083346
            [Forward] => 2S49631
            [Method] => 1
            [PayTimes] => 
            [Approve] => 0570279
            [TranID] => 2205010833602257210134150116
            [TranDate] => 20220501083347
            [CheckString] => cf28ffc6ca5b67f00799bc39b74ada04
        )

)
 from 122.222.2.61
2022/05/01 08:33:47 [/shop/shopping/load_payment_module.php] load_payment_module.php set payment data:Array
(
    [ACS] => 0
    [Forward] => 2S49631
    [Method] => 1
    [PayTimes] => 
    [Approve] => 0570279
    [TranID] => 2205010833602257210134150116
    [TranDate] => 20220501083347
    [CheckString] => cf28ffc6ca5b67f00799bc39b74ada04
    [Amount] => 10500
    [JobCd] => CAPTURE
    [action_status] => 3
    [pay_status] => 13
)
 from 122.222.2.61
2022/05/01 08:33:47 [/shop/user_data/pg_mulpay_recv.php] ******* receiveer data start ******* from 210.175.7.20
2022/05/01 08:33:47 [/shop/user_data/pg_mulpay_recv.php] Array
(
    [ShopID] => 9000034600950
    [ShopPass] => **********
    [AccessID] => 9e139a2170941639a11c053b829f9fd7
    [AccessPass] => ********************************
    [OrderID] => 946548-01083346
    [Status] => CAPTURE
    [JobCd] => CAPTURE
    [Amount] => 10500
    [Tax] => 0
    [Currency] => JPN
    [Forward] => 2S49631
    [Method] => 1
    [PayTimes] => 
    [TranID] => 2205010833602257210134150116
    [Approve] => 0570279
    [TranDate] => 20220501083347
    [ErrCode] => 
    [ErrInfo] => 
    [PayType] => 0
)
 from 210.175.7.20
2022/05/01 08:33:47 [/shop/user_data/pg_mulpay_recv.php] ******* receiveer data end ******* from 210.175.7.20
2022/05/01 08:33:53 [/shop/user_data/pg_mulpay_recv.php] update order status:1 order_id=946548 from 210.175.7.20
2022/05/01 08:33:53 [/shop/user_data/pg_mulpay_recv.php] pg_mulpay_recv.php set payment data:Array
(
    [ShopID] => 9000034600950
    [AccessID] => 9e139a2170941639a11c053b829f9fd7
    [OrderID] => 946548-01083346
    [Status] => CAPTURE
    [JobCd] => CAPTURE
    [Amount] => 10500
    [Tax] => 0
    [Currency] => JPN
    [Forward] => 2S49631
    [Method] => 1
    [PayTimes] => 
    [TranID] => 2205010833602257210134150116
    [Approve] => 0570279
    [TranDate] => 20220501083347
    [ErrCode] => 
    [ErrInfo] => 
    [PayType] => 0
    [CvsCode] => 
    [CvsConfNo] => 
    [CvsReceiptNo] => 
    [EdyReceiptNo] => 
    [EdyOrderNo] => 
    [SuicaReceiptNo] => 
    [SuicaOrderNo] => 
    [CustID] => 
    [BkCode] => 
    [ConfNo] => 
    [PaymentTerm] => 
    [EncryptReceiptNo] => 
    [FinishDate] => 
    [ReceiptDate] => 
    [WebMoneyManagementNo] => 
    [WebMoneySettleCode] => 
    [AuPayInfoNo] => 
    [AuPayMethod] => 
    [AuCancelAmount] => 
    [AuCancelTax] => 
    [DocomoSettlementCode] => 
    [DocomoCancelAmount] => 
    [DocomoCancelTax] => 
    [pay_status] => 13
)
 from 210.175.7.20
2022/05/01 08:33:53 [/shop/user_data/pg_mulpay_recv.php] response:true from 210.175.7.20
2022/05/01 13:28:26 [/shop/shopping/load_payment_module.php] SendRequest:https://p01.mul-pay.jp/payment/SearchMember.idPass from 133.106.56.188
2022/05/01 13:28:26 [/shop/shopping/load_payment_module.php] Array
(
    [SiteID] => mst0000007602
    [SitePass] => ******
    [MemberID] => 10562
)
 from 133.106.56.188
2022/05/01 13:28:26 [/shop/shopping/load_payment_module.php] ErrCode=E01&ErrInfo=E01390002 from 133.106.56.188
2022/05/01 13:28:26 [/shop/shopping/load_payment_module.php] Array
(
    [0] => Array
        (
            [ErrCode] => E01
            [ErrInfo] => E01390002
        )

)
 from 133.106.56.188
2022/05/01 13:28:26 [/shop/shopping/load_payment_module.php] SendRequest:https://p01.mul-pay.jp/payment/SearchCard.idPass from 133.106.56.188
2022/05/01 13:28:26 [/shop/shopping/load_payment_module.php] Array
(
    [SiteID] => mst0000007602
    [SitePass] => ******
    [MemberID] => 10562
)
 from 133.106.56.188
2022/05/01 13:28:26 [/shop/shopping/load_payment_module.php] ErrCode=E01|E01&ErrInfo=E01390002|E01240002 from 133.106.56.188
2022/05/01 13:28:26 [/shop/shopping/load_payment_module.php] Array
(
    [0] => Array
        (
            [ErrCode] => E01
            [ErrInfo] => E01390002
        )

    [1] => Array
        (
            [ErrCode] => E01
            [ErrInfo] => E01240002
        )

)
 from 133.106.56.188
2022/05/01 13:29:28 [/shop/shopping/load_payment_module.php] SendRequest:https://p01.mul-pay.jp/payment/SearchMember.idPass from 133.106.56.188
2022/05/01 13:29:28 [/shop/shopping/load_payment_module.php] Array
(
    [SiteID] => mst0000007602
    [SitePass] => ******
    [MemberID] => 10562
)
 from 133.106.56.188
2022/05/01 13:29:28 [/shop/shopping/load_payment_module.php] ErrCode=E01&ErrInfo=E01390002 from 133.106.56.188
2022/05/01 13:29:28 [/shop/shopping/load_payment_module.php] Array
(
    [0] => Array
        (
            [ErrCode] => E01
            [ErrInfo] => E01390002
        )

)
 from 133.106.56.188
2022/05/01 13:29:28 [/shop/shopping/load_payment_module.php] SendRequest:https://p01.mul-pay.jp/payment/SearchCard.idPass from 133.106.56.188
2022/05/01 13:29:28 [/shop/shopping/load_payment_module.php] Array
(
    [SiteID] => mst0000007602
    [SitePass] => ******
    [MemberID] => 10562
)
 from 133.106.56.188
2022/05/01 13:29:28 [/shop/shopping/load_payment_module.php] ErrCode=E01|E01&ErrInfo=E01390002|E01240002 from 133.106.56.188
2022/05/01 13:29:28 [/shop/shopping/load_payment_module.php] Array
(
    [0] => Array
        (
            [ErrCode] => E01
            [ErrInfo] => E01390002
        )

    [1] => Array
        (
            [ErrCode] => E01
            [ErrInfo] => E01240002
        )

)
 from 133.106.56.188
2022/05/01 13:29:28 [/shop/shopping/load_payment_module.php] SendRequest:https://p01.mul-pay.jp/payment/EntryTran.idPass from 133.106.56.188
2022/05/01 13:29:28 [/shop/shopping/load_payment_module.php] Array
(
    [ShopID] => 9000034600950
    [ShopPass] => ******
    [OrderID] => 946549-01132928
    [JobCd] => CAPTURE
    [Amount] => 2270
    [TdFlag] => 0
    [TdTenantName] => 
)
 from 133.106.56.188
2022/05/01 13:29:28 [/shop/shopping/load_payment_module.php] AccessID=c7d8b9ca6a74b6f04ec03a037eae62ca&AccessPass=c1286b4fd82695840a0e09cc72abdd00 from 133.106.56.188
2022/05/01 13:29:28 [/shop/shopping/load_payment_module.php] Array
(
    [0] => Array
        (
            [AccessID] => c7d8b9ca6a74b6f04ec03a037eae62ca
            [AccessPass] => c1286b4fd82695840a0e09cc72abdd00
        )

)
 from 133.106.56.188
2022/05/01 13:29:28 [/shop/shopping/load_payment_module.php] load_payment_module.php set payment data:Array
(
    [AccessID] => c7d8b9ca6a74b6f04ec03a037eae62ca
    [AccessPass] => c1286b4fd82695840a0e09cc72abdd00
    [OrderID] => 946549-01132928
    [Amount] => 2270
    [JobCd] => CAPTURE
    [action_status] => 1
    [pay_status] => 0
)
 from 133.106.56.188
2022/05/01 13:29:28 [/shop/shopping/load_payment_module.php] SendRequest:https://p01.mul-pay.jp/payment/ExecTran.idPass from 133.106.56.188
2022/05/01 13:29:28 [/shop/shopping/load_payment_module.php] Array
(
    [AccessID] => c7d8b9ca6a74b6f04ec03a037eae62ca
    [AccessPass] => c1286b4fd82695840a0e09cc72abdd00
    [OrderID] => 946549-01132928
    [Method] => 1
    [Token] => 8b11c6a5d3c3113af9ac637cac7fc080e5f8add75c1266ee4dc54dae684d2b8a
    [ClientField1] => 
    [ClientField2] => 
    [ClientField3] => EC-CUBE4.3.35
)
 from 133.106.56.188
2022/05/01 13:29:29 [/shop/shopping/load_payment_module.php] ACS=0&OrderID=946549-01132928&Forward=2a99661&Method=1&PayTimes=&Approve=0290670&TranID=2205011329602257210134180129&TranDate=20220501132929&CheckString=66927e6ed7bf554c03061124fc7c2662 from 133.106.56.188
2022/05/01 13:29:29 [/shop/shopping/load_payment_module.php] Array
(
    [0] => Array
        (
            [ACS] => 0
            [OrderID] => 946549-01132928
            [Forward] => 2a99661
            [Method] => 1
            [PayTimes] => 
            [Approve] => 0290670
            [TranID] => 2205011329602257210134180129
            [TranDate] => 20220501132929
            [CheckString] => 66927e6ed7bf554c03061124fc7c2662
        )

)
 from 133.106.56.188
2022/05/01 13:29:29 [/shop/shopping/load_payment_module.php] load_payment_module.php set payment data:Array
(
    [ACS] => 0
    [Forward] => 2a99661
    [Method] => 1
    [PayTimes] => 
    [Approve] => 0290670
    [TranID] => 2205011329602257210134180129
    [TranDate] => 20220501132929
    [CheckString] => 66927e6ed7bf554c03061124fc7c2662
    [Amount] => 2270
    [JobCd] => CAPTURE
    [action_status] => 3
    [pay_status] => 13
)
 from 133.106.56.188
2022/05/01 13:29:29 [/shop/user_data/pg_mulpay_recv.php] ******* receiveer data start ******* from 210.175.7.20
2022/05/01 13:29:29 [/shop/user_data/pg_mulpay_recv.php] Array
(
    [ShopID] => 9000034600950
    [ShopPass] => **********
    [AccessID] => c7d8b9ca6a74b6f04ec03a037eae62ca
    [AccessPass] => ********************************
    [OrderID] => 946549-01132928
    [Status] => CAPTURE
    [JobCd] => CAPTURE
    [Amount] => 2270
    [Tax] => 0
    [Currency] => JPN
    [Forward] => 2a99661
    [Method] => 1
    [PayTimes] => 
    [TranID] => 2205011329602257210134180129
    [Approve] => 0290670
    [TranDate] => 20220501132929
    [ErrCode] => 
    [ErrInfo] => 
    [PayType] => 0
)
 from 210.175.7.20
2022/05/01 13:29:29 [/shop/user_data/pg_mulpay_recv.php] ******* receiveer data end ******* from 210.175.7.20
2022/05/01 13:29:34 [/shop/user_data/pg_mulpay_recv.php] update order status:1 order_id=946549 from 210.175.7.20
2022/05/01 13:29:34 [/shop/user_data/pg_mulpay_recv.php] pg_mulpay_recv.php set payment data:Array
(
    [ShopID] => 9000034600950
    [AccessID] => c7d8b9ca6a74b6f04ec03a037eae62ca
    [OrderID] => 946549-01132928
    [Status] => CAPTURE
    [JobCd] => CAPTURE
    [Amount] => 2270
    [Tax] => 0
    [Currency] => JPN
    [Forward] => 2a99661
    [Method] => 1
    [PayTimes] => 
    [TranID] => 2205011329602257210134180129
    [Approve] => 0290670
    [TranDate] => 20220501132929
    [ErrCode] => 
    [ErrInfo] => 
    [PayType] => 0
    [CvsCode] => 
    [CvsConfNo] => 
    [CvsReceiptNo] => 
    [EdyReceiptNo] => 
    [EdyOrderNo] => 
    [SuicaReceiptNo] => 
    [SuicaOrderNo] => 
    [CustID] => 
    [BkCode] => 
    [ConfNo] => 
    [PaymentTerm] => 
    [EncryptReceiptNo] => 
    [FinishDate] => 
    [ReceiptDate] => 
    [WebMoneyManagementNo] => 
    [WebMoneySettleCode] => 
    [AuPayInfoNo] => 
    [AuPayMethod] => 
    [AuCancelAmount] => 
    [AuCancelTax] => 
    [DocomoSettlementCode] => 
    [DocomoCancelAmount] => 
    [DocomoCancelTax] => 
    [pay_status] => 13
)
 from 210.175.7.20
2022/05/01 13:29:34 [/shop/user_data/pg_mulpay_recv.php] response:true from 210.175.7.20
2022/05/01 21:43:06 [/shop/shopping/load_payment_module.php] SendRequest:https://p01.mul-pay.jp/payment/SearchMember.idPass from 217.226.220.198
2022/05/01 21:43:06 [/shop/shopping/load_payment_module.php] Array
(
    [SiteID] => mst0000007602
    [SitePass] => ******
    [MemberID] => 4835
)
 from 217.226.220.198
2022/05/01 21:43:06 [/shop/shopping/load_payment_module.php] ErrCode=E01&ErrInfo=E01390002 from 217.226.220.198
2022/05/01 21:43:07 [/shop/shopping/load_payment_module.php] Array
(
    [0] => Array
        (
            [ErrCode] => E01
            [ErrInfo] => E01390002
        )

)
 from 217.226.220.198
2022/05/01 21:43:07 [/shop/shopping/load_payment_module.php] SendRequest:https://p01.mul-pay.jp/payment/SearchCard.idPass from 217.226.220.198
2022/05/01 21:43:07 [/shop/shopping/load_payment_module.php] Array
(
    [SiteID] => mst0000007602
    [SitePass] => ******
    [MemberID] => 4835
)
 from 217.226.220.198
2022/05/01 21:43:07 [/shop/shopping/load_payment_module.php] ErrCode=E01|E01&ErrInfo=E01390002|E01240002 from 217.226.220.198
2022/05/01 21:43:07 [/shop/shopping/load_payment_module.php] Array
(
    [0] => Array
        (
            [ErrCode] => E01
            [ErrInfo] => E01390002
        )

    [1] => Array
        (
            [ErrCode] => E01
            [ErrInfo] => E01240002
        )

)
 from 217.226.220.198
2022/05/01 21:44:17 [/shop/shopping/load_payment_module.php] SendRequest:https://p01.mul-pay.jp/payment/SearchMember.idPass from 217.226.220.198
2022/05/01 21:44:17 [/shop/shopping/load_payment_module.php] Array
(
    [SiteID] => mst0000007602
    [SitePass] => ******
    [MemberID] => 4835
)
 from 217.226.220.198
2022/05/01 21:44:17 [/shop/shopping/load_payment_module.php] ErrCode=E01&ErrInfo=E01390002 from 217.226.220.198
2022/05/01 21:44:17 [/shop/shopping/load_payment_module.php] Array
(
    [0] => Array
        (
            [ErrCode] => E01
            [ErrInfo] => E01390002
        )

)
 from 217.226.220.198
2022/05/01 21:44:17 [/shop/shopping/load_payment_module.php] SendRequest:https://p01.mul-pay.jp/payment/SearchCard.idPass from 217.226.220.198
2022/05/01 21:44:17 [/shop/shopping/load_payment_module.php] Array
(
    [SiteID] => mst0000007602
    [SitePass] => ******
    [MemberID] => 4835
)
 from 217.226.220.198
2022/05/01 21:44:18 [/shop/shopping/load_payment_module.php] ErrCode=E01|E01&ErrInfo=E01390002|E01240002 from 217.226.220.198
2022/05/01 21:44:18 [/shop/shopping/load_payment_module.php] Array
(
    [0] => Array
        (
            [ErrCode] => E01
            [ErrInfo] => E01390002
        )

    [1] => Array
        (
            [ErrCode] => E01
            [ErrInfo] => E01240002
        )

)
 from 217.226.220.198
2022/05/01 21:44:18 [/shop/shopping/load_payment_module.php] SendRequest:https://p01.mul-pay.jp/payment/EntryTran.idPass from 217.226.220.198
2022/05/01 21:44:18 [/shop/shopping/load_payment_module.php] Array
(
    [ShopID] => 9000034600950
    [ShopPass] => ******
    [OrderID] => 946550-01214418
    [JobCd] => CAPTURE
    [Amount] => 10373
    [TdFlag] => 0
    [TdTenantName] => 
)
 from 217.226.220.198
2022/05/01 21:44:18 [/shop/shopping/load_payment_module.php] AccessID=fbd3634542fa71d4be4c99df20913cfb&AccessPass=cee4c1c72b1ef6bcab9e23ae404faa0e from 217.226.220.198
2022/05/01 21:44:18 [/shop/shopping/load_payment_module.php] Array
(
    [0] => Array
        (
            [AccessID] => fbd3634542fa71d4be4c99df20913cfb
            [AccessPass] => cee4c1c72b1ef6bcab9e23ae404faa0e
        )

)
 from 217.226.220.198
2022/05/01 21:44:18 [/shop/shopping/load_payment_module.php] load_payment_module.php set payment data:Array
(
    [AccessID] => fbd3634542fa71d4be4c99df20913cfb
    [AccessPass] => cee4c1c72b1ef6bcab9e23ae404faa0e
    [OrderID] => 946550-01214418
    [Amount] => 10373
    [JobCd] => CAPTURE
    [action_status] => 1
    [pay_status] => 0
)
 from 217.226.220.198
2022/05/01 21:44:18 [/shop/shopping/load_payment_module.php] SendRequest:https://p01.mul-pay.jp/payment/ExecTran.idPass from 217.226.220.198
2022/05/01 21:44:18 [/shop/shopping/load_payment_module.php] Array
(
    [AccessID] => fbd3634542fa71d4be4c99df20913cfb
    [AccessPass] => cee4c1c72b1ef6bcab9e23ae404faa0e
    [OrderID] => 946550-01214418
    [Method] => 1
    [Token] => 08cbbdec19d29cbb37931db3829406c2ed1c72b6d81c73aa3ea129742e8f1314
    [ClientField1] => 
    [ClientField2] => 
    [ClientField3] => EC-CUBE4.3.35
)
 from 217.226.220.198
2022/05/01 21:44:19 [/shop/shopping/load_payment_module.php] ACS=0&OrderID=946550-01214418&Forward=2S49631&Method=1&PayTimes=&Approve=0144417&TranID=2205012144602257210134160125&TranDate=20220501214419&CheckString=b74b0e171d2481f573091c4772961eb6 from 217.226.220.198
2022/05/01 21:44:19 [/shop/shopping/load_payment_module.php] Array
(
    [0] => Array
        (
            [ACS] => 0
            [OrderID] => 946550-01214418
            [Forward] => 2S49631
            [Method] => 1
            [PayTimes] => 
            [Approve] => 0144417
            [TranID] => 2205012144602257210134160125
            [TranDate] => 20220501214419
            [CheckString] => b74b0e171d2481f573091c4772961eb6
        )

)
 from 217.226.220.198
2022/05/01 21:44:19 [/shop/shopping/load_payment_module.php] load_payment_module.php set payment data:Array
(
    [ACS] => 0
    [Forward] => 2S49631
    [Method] => 1
    [PayTimes] => 
    [Approve] => 0144417
    [TranID] => 2205012144602257210134160125
    [TranDate] => 20220501214419
    [CheckString] => b74b0e171d2481f573091c4772961eb6
    [Amount] => 10373
    [JobCd] => CAPTURE
    [action_status] => 3
    [pay_status] => 13
)
 from 217.226.220.198
2022/05/01 21:44:19 [/shop/user_data/pg_mulpay_recv.php] ******* receiveer data start ******* from 210.175.7.20
2022/05/01 21:44:19 [/shop/user_data/pg_mulpay_recv.php] Array
(
    [ShopID] => 9000034600950
    [ShopPass] => **********
    [AccessID] => fbd3634542fa71d4be4c99df20913cfb
    [AccessPass] => ********************************
    [OrderID] => 946550-01214418
    [Status] => CAPTURE
    [JobCd] => CAPTURE
    [Amount] => 10373
    [Tax] => 0
    [Currency] => JPN
    [Forward] => 2S49631
    [Method] => 1
    [PayTimes] => 
    [TranID] => 2205012144602257210134160125
    [Approve] => 0144417
    [TranDate] => 20220501214419
    [ErrCode] => 
    [ErrInfo] => 
    [PayType] => 0
)
 from 210.175.7.20
2022/05/01 21:44:19 [/shop/user_data/pg_mulpay_recv.php] ******* receiveer data end ******* from 210.175.7.20
2022/05/01 21:44:24 [/shop/user_data/pg_mulpay_recv.php] update order status:1 order_id=946550 from 210.175.7.20
2022/05/01 21:44:24 [/shop/user_data/pg_mulpay_recv.php] pg_mulpay_recv.php set payment data:Array
(
    [ShopID] => 9000034600950
    [AccessID] => fbd3634542fa71d4be4c99df20913cfb
    [OrderID] => 946550-01214418
    [Status] => CAPTURE
    [JobCd] => CAPTURE
    [Amount] => 10373
    [Tax] => 0
    [Currency] => JPN
    [Forward] => 2S49631
    [Method] => 1
    [PayTimes] => 
    [TranID] => 2205012144602257210134160125
    [Approve] => 0144417
    [TranDate] => 20220501214419
    [ErrCode] => 
    [ErrInfo] => 
    [PayType] => 0
    [CvsCode] => 
    [CvsConfNo] => 
    [CvsReceiptNo] => 
    [EdyReceiptNo] => 
    [EdyOrderNo] => 
    [SuicaReceiptNo] => 
    [SuicaOrderNo] => 
    [CustID] => 
    [BkCode] => 
    [ConfNo] => 
    [PaymentTerm] => 
    [EncryptReceiptNo] => 
    [FinishDate] => 
    [ReceiptDate] => 
    [WebMoneyManagementNo] => 
    [WebMoneySettleCode] => 
    [AuPayInfoNo] => 
    [AuPayMethod] => 
    [AuCancelAmount] => 
    [AuCancelTax] => 
    [DocomoSettlementCode] => 
    [DocomoCancelAmount] => 
    [DocomoCancelTax] => 
    [pay_status] => 13
)
 from 210.175.7.20
2022/05/01 21:44:24 [/shop/user_data/pg_mulpay_recv.php] response:true from 210.175.7.20
