2022/08/14 15:53:44 [/shop/master/order/edit.php] SendRequest:https://p01.mul-pay.jp/payment/AlterTran.idPass from 114.160.216.147
2022/08/14 15:53:44 [/shop/master/order/edit.php] Array
(
    [ShopID] => 9000034600950
    [ShopPass] => ******
    [AccessID] => 842687a0c9eb20a3d33884686f9beb02
    [AccessPass] => 485abba9fb49bedfa308880eff4a7caf
    [JobCd] => RETURN
)
 from 114.160.216.147
2022/08/14 15:53:45 [/shop/master/order/edit.php] AccessID=842687a0c9eb20a3d33884686f9beb02&AccessPass=485abba9fb49bedfa308880eff4a7caf&Forward=2S49631&Approve=0013248&TranID=2208141553602257210134170289&TranDate=20220814155345 from 114.160.216.147
2022/08/14 15:53:45 [/shop/master/order/edit.php] Array
(
    [0] => Array
        (
            [AccessID] => 842687a0c9eb20a3d33884686f9beb02
            [AccessPass] => 485abba9fb49bedfa308880eff4a7caf
            [Forward] => 2S49631
            [Approve] => 0013248
            [TranID] => 2208141553602257210134170289
            [TranDate] => 20220814155345
        )

)
 from 114.160.216.147
2022/08/14 15:53:45 [/shop/master/order/edit.php] edit.php set payment data:Array
(
    [AccessID] => 842687a0c9eb20a3d33884686f9beb02
    [AccessPass] => 485abba9fb49bedfa308880eff4a7caf
    [Forward] => 2S49631
    [Approve] => 0013248
    [TranID] => 2208141553602257210134170289
    [TranDate] => 20220814155345
    [JobCd] => RETURN
    [action_status] => 6
    [pay_status] => 15
)
 from 114.160.216.147
2022/08/14 15:53:45 [/shop/user_data/pg_mulpay_recv.php] ******* receiveer data start ******* from 210.175.7.20
2022/08/14 15:53:45 [/shop/user_data/pg_mulpay_recv.php] Array
(
    [ShopID] => 9000034600950
    [ShopPass] => **********
    [AccessID] => 842687a0c9eb20a3d33884686f9beb02
    [AccessPass] => ********************************
    [OrderID] => 947109-06233841
    [Status] => RETURN
    [JobCd] => RETURN
    [Amount] => 7500
    [Tax] => 0
    [Currency] => JPN
    [Forward] => 2S49631
    [Method] => 1
    [PayTimes] => 
    [TranID] => 2208141553602257210134170289
    [Approve] => 0013248
    [TranDate] => 20220814155345
    [ErrCode] => 
    [ErrInfo] => 
    [PayType] => 0
)
 from 210.175.7.20
2022/08/14 15:53:45 [/shop/user_data/pg_mulpay_recv.php] ******* receiveer data end ******* from 210.175.7.20
2022/08/14 15:53:45 [/shop/user_data/pg_mulpay_recv.php] pg_mulpay_recv.php set payment data:Array
(
    [ShopID] => 9000034600950
    [AccessID] => 842687a0c9eb20a3d33884686f9beb02
    [OrderID] => 947109-06233841
    [Status] => RETURN
    [JobCd] => RETURN
    [Amount] => 7500
    [Tax] => 0
    [Currency] => JPN
    [Forward] => 2S49631
    [Method] => 1
    [PayTimes] => 
    [TranID] => 2208141553602257210134170289
    [Approve] => 0013248
    [TranDate] => 20220814155345
    [ErrCode] => 
    [ErrInfo] => 
    [PayType] => 0
    [CvsCode] => 
    [CvsConfNo] => 
    [CvsReceiptNo] => 
    [EdyReceiptNo] => 
    [EdyOrderNo] => 
    [SuicaReceiptNo] => 
    [SuicaOrderNo] => 
    [CustID] => 
    [BkCode] => 
    [ConfNo] => 
    [PaymentTerm] => 
    [EncryptReceiptNo] => 
    [FinishDate] => 
    [ReceiptDate] => 
    [WebMoneyManagementNo] => 
    [WebMoneySettleCode] => 
    [AuPayInfoNo] => 
    [AuPayMethod] => 
    [AuCancelAmount] => 
    [AuCancelTax] => 
    [DocomoSettlementCode] => 
    [DocomoCancelAmount] => 
    [DocomoCancelTax] => 
    [pay_status] => 15
)
 from 210.175.7.20
2022/08/14 15:53:45 [/shop/user_data/pg_mulpay_recv.php] response:true from 210.175.7.20
2022/08/14 15:53:57 [/shop/master/order/edit.php] SendRequest:https://p01.mul-pay.jp/payment/SearchTrade.idPass from 114.160.216.147
2022/08/14 15:53:57 [/shop/master/order/edit.php] Array
(
    [ShopID] => 9000034600950
    [ShopPass] => ******
    [OrderID] => 947109-06233841
)
 from 114.160.216.147
2022/08/14 15:53:57 [/shop/master/order/edit.php] OrderID=947109-06233841&Status=RETURN&ProcessDate=20220814155345&JobCd=RETURN&AccessID=842687a0c9eb20a3d33884686f9beb02&AccessPass=485abba9fb49bedfa308880eff4a7caf&ItemCode=0000990&Amount=7500&Tax=0&SiteID=&MemberID=&CardNo=************4157&Expire=2607&Method=1&PayTimes=&Forward=2S49631&TranID=2208141553602257210134170289&Approve=0013248&ClientField1=&ClientField2=&ClientField3=EC-CUBE4.3.35 from 114.160.216.147
2022/08/14 15:53:57 [/shop/master/order/edit.php] Array
(
    [0] => Array
        (
            [OrderID] => 947109-06233841
            [Status] => RETURN
            [ProcessDate] => 20220814155345
            [JobCd] => RETURN
            [AccessID] => 842687a0c9eb20a3d33884686f9beb02
            [AccessPass] => 485abba9fb49bedfa308880eff4a7caf
            [ItemCode] => 0000990
            [Amount] => 7500
            [Tax] => 0
            [SiteID] => 
            [MemberID] => 
            [CardNo] => ************4157
            [Expire] => 2607
            [Method] => 1
            [PayTimes] => 
            [Forward] => 2S49631
            [TranID] => 2208141553602257210134170289
            [Approve] => 0013248
            [ClientField1] => 
            [ClientField2] => 
            [ClientField3] => EC-CUBE4.3.35
        )

)
 from 114.160.216.147
2022/08/14 15:53:57 [/shop/master/order/edit.php] edit.php set payment data:Array
(
    [OrderID] => 947109-06233841
    [Status] => RETURN
    [ProcessDate] => 20220814155345
    [JobCd] => RETURN
    [AccessID] => 842687a0c9eb20a3d33884686f9beb02
    [AccessPass] => 485abba9fb49bedfa308880eff4a7caf
    [ItemCode] => 0000990
    [Amount] => 7500
    [Tax] => 0
    [SiteID] => 
    [MemberID] => 
    [CardNo] => ************4157
    [Expire] => 2607
    [Method] => 1
    [PayTimes] => 
    [Forward] => 2S49631
    [TranID] => 2208141553602257210134170289
    [Approve] => 0013248
    [ClientField1] => 
    [ClientField2] => 
    [ClientField3] => EC-CUBE4.3.35
    [action_status] => 6
    [pay_status] => 15
)
 from 114.160.216.147
