2025/10/13 00:20:16 [/shop/user_data/pg_mulpay_recv.php] ******* receiveer data start ******* from 210.175.7.20
2025/10/13 00:20:16 [/shop/user_data/pg_mulpay_recv.php] Array
(
    [ShopID] => 9000034600950
    [ShopPass] => **********
    [AccessID] => 0f1868a4af180abe2dcb200d80847158
    [AccessPass] => ********************************
    [OrderID] => 962933-12221206
    [Status] => UNPROCESSED
    [JobCd] => CAPTURE
    [Amount] => 3050
    [Tax] => 0
    [Currency] => JPN
    [Forward] => 2S49631
    [Method] => 1
    [PayTimes] => 
    [TranID] => 2510122212602257210134102645
    [Approve] => 
    [TranDate] => 20251012221226
    [ErrCode] => G44
    [ErrInfo] => 42G440000
    [PayType] => 0
)
 from 210.175.7.20
2025/10/13 00:20:16 [/shop/user_data/pg_mulpay_recv.php] ******* receiveer data end ******* from 210.175.7.20
2025/10/13 00:20:16 [/shop/user_data/pg_mulpay_recv.php] getOrderPayData Error: deleted order. order_id = 962933 from 210.175.7.20
2025/10/13 00:20:16 [/shop/user_data/pg_mulpay_recv.php] param_error:PGマルチペイメントサービス決済モジュール 不一致データ検出 Param:Array
(
    [ShopID] => 9000034600950
    [ShopPass] => **********
    [AccessID] => 0f1868a4af180abe2dcb200d80847158
    [AccessPass] => ********************************
    [OrderID] => 962933-12221206
    [Status] => UNPROCESSED
    [JobCd] => CAPTURE
    [Amount] => 3050
    [Tax] => 0
    [Currency] => JPN
    [Forward] => 2S49631
    [Method] => 1
    [PayTimes] => 
    [TranID] => 2510122212602257210134102645
    [Approve] => 
    [TranDate] => 20251012221226
    [ErrCode] => G44
    [ErrInfo] => 42G440000
    [PayType] => 0
    [CvsCode] => 
    [CvsConfNo] => 
    [CvsReceiptNo] => 
    [EdyReceiptNo] => 
    [EdyOrderNo] => 
    [SuicaReceiptNo] => 
    [SuicaOrderNo] => 
    [CustID] => 
    [BkCode] => 
    [ConfNo] => 
    [PaymentTerm] => 
    [EncryptReceiptNo] => 
    [FinishDate] => 
    [ReceiptDate] => 
    [WebMoneyManagementNo] => 
    [WebMoneySettleCode] => 
    [AuPayInfoNo] => 
    [AuPayMethod] => 
    [AuCancelAmount] => 
    [AuCancelTax] => 
    [DocomoSettlementCode] => 
    [DocomoCancelAmount] => 
    [DocomoCancelTax] => 
)
 from 210.175.7.20
2025/10/13 00:20:16 [/shop/user_data/pg_mulpay_recv.php] response:false from 210.175.7.20
2025/10/13 01:25:11 [/shop/user_data/pg_mulpay_recv.php] ******* receiveer data start ******* from 210.175.7.20
2025/10/13 01:25:11 [/shop/user_data/pg_mulpay_recv.php] Array
(
    [ShopID] => 9000034600950
    [ShopPass] => **********
    [AccessID] => 0f1868a4af180abe2dcb200d80847158
    [AccessPass] => ********************************
    [OrderID] => 962933-12221206
    [Status] => UNPROCESSED
    [JobCd] => CAPTURE
    [Amount] => 3050
    [Tax] => 0
    [Currency] => JPN
    [Forward] => 2S49631
    [Method] => 1
    [PayTimes] => 
    [TranID] => 2510122212602257210134102645
    [Approve] => 
    [TranDate] => 20251012221226
    [ErrCode] => G44
    [ErrInfo] => 42G440000
    [PayType] => 0
)
 from 210.175.7.20
2025/10/13 01:25:11 [/shop/user_data/pg_mulpay_recv.php] ******* receiveer data end ******* from 210.175.7.20
2025/10/13 01:25:11 [/shop/user_data/pg_mulpay_recv.php] getOrderPayData Error: deleted order. order_id = 962933 from 210.175.7.20
2025/10/13 01:25:11 [/shop/user_data/pg_mulpay_recv.php] param_error:PGマルチペイメントサービス決済モジュール 不一致データ検出 Param:Array
(
    [ShopID] => 9000034600950
    [ShopPass] => **********
    [AccessID] => 0f1868a4af180abe2dcb200d80847158
    [AccessPass] => ********************************
    [OrderID] => 962933-12221206
    [Status] => UNPROCESSED
    [JobCd] => CAPTURE
    [Amount] => 3050
    [Tax] => 0
    [Currency] => JPN
    [Forward] => 2S49631
    [Method] => 1
    [PayTimes] => 
    [TranID] => 2510122212602257210134102645
    [Approve] => 
    [TranDate] => 20251012221226
    [ErrCode] => G44
    [ErrInfo] => 42G440000
    [PayType] => 0
    [CvsCode] => 
    [CvsConfNo] => 
    [CvsReceiptNo] => 
    [EdyReceiptNo] => 
    [EdyOrderNo] => 
    [SuicaReceiptNo] => 
    [SuicaOrderNo] => 
    [CustID] => 
    [BkCode] => 
    [ConfNo] => 
    [PaymentTerm] => 
    [EncryptReceiptNo] => 
    [FinishDate] => 
    [ReceiptDate] => 
    [WebMoneyManagementNo] => 
    [WebMoneySettleCode] => 
    [AuPayInfoNo] => 
    [AuPayMethod] => 
    [AuCancelAmount] => 
    [AuCancelTax] => 
    [DocomoSettlementCode] => 
    [DocomoCancelAmount] => 
    [DocomoCancelTax] => 
)
 from 210.175.7.20
2025/10/13 01:25:11 [/shop/user_data/pg_mulpay_recv.php] response:false from 210.175.7.20
2025/10/13 02:30:09 [/shop/user_data/pg_mulpay_recv.php] ******* receiveer data start ******* from 210.175.7.20
2025/10/13 02:30:09 [/shop/user_data/pg_mulpay_recv.php] Array
(
    [ShopID] => 9000034600950
    [ShopPass] => **********
    [AccessID] => 0f1868a4af180abe2dcb200d80847158
    [AccessPass] => ********************************
    [OrderID] => 962933-12221206
    [Status] => UNPROCESSED
    [JobCd] => CAPTURE
    [Amount] => 3050
    [Tax] => 0
    [Currency] => JPN
    [Forward] => 2S49631
    [Method] => 1
    [PayTimes] => 
    [TranID] => 2510122212602257210134102645
    [Approve] => 
    [TranDate] => 20251012221226
    [ErrCode] => G44
    [ErrInfo] => 42G440000
    [PayType] => 0
)
 from 210.175.7.20
2025/10/13 02:30:09 [/shop/user_data/pg_mulpay_recv.php] ******* receiveer data end ******* from 210.175.7.20
2025/10/13 02:30:09 [/shop/user_data/pg_mulpay_recv.php] getOrderPayData Error: deleted order. order_id = 962933 from 210.175.7.20
2025/10/13 02:30:09 [/shop/user_data/pg_mulpay_recv.php] param_error:PGマルチペイメントサービス決済モジュール 不一致データ検出 Param:Array
(
    [ShopID] => 9000034600950
    [ShopPass] => **********
    [AccessID] => 0f1868a4af180abe2dcb200d80847158
    [AccessPass] => ********************************
    [OrderID] => 962933-12221206
    [Status] => UNPROCESSED
    [JobCd] => CAPTURE
    [Amount] => 3050
    [Tax] => 0
    [Currency] => JPN
    [Forward] => 2S49631
    [Method] => 1
    [PayTimes] => 
    [TranID] => 2510122212602257210134102645
    [Approve] => 
    [TranDate] => 20251012221226
    [ErrCode] => G44
    [ErrInfo] => 42G440000
    [PayType] => 0
    [CvsCode] => 
    [CvsConfNo] => 
    [CvsReceiptNo] => 
    [EdyReceiptNo] => 
    [EdyOrderNo] => 
    [SuicaReceiptNo] => 
    [SuicaOrderNo] => 
    [CustID] => 
    [BkCode] => 
    [ConfNo] => 
    [PaymentTerm] => 
    [EncryptReceiptNo] => 
    [FinishDate] => 
    [ReceiptDate] => 
    [WebMoneyManagementNo] => 
    [WebMoneySettleCode] => 
    [AuPayInfoNo] => 
    [AuPayMethod] => 
    [AuCancelAmount] => 
    [AuCancelTax] => 
    [DocomoSettlementCode] => 
    [DocomoCancelAmount] => 
    [DocomoCancelTax] => 
)
 from 210.175.7.20
2025/10/13 02:30:09 [/shop/user_data/pg_mulpay_recv.php] response:false from 210.175.7.20
2025/10/13 03:08:06 [/shop/shopping/load_payment_module.php] SendRequest:https://p01.mul-pay.jp/payment/EntryTran.idPass from 31.134.187.165
2025/10/13 03:08:06 [/shop/shopping/load_payment_module.php] Array
(
    [ShopID] => 9000034600950
    [ShopPass] => ******
    [OrderID] => 962939-13030806
    [JobCd] => CAPTURE
    [Amount] => 7480
    [TdFlag] => 0
    [TdTenantName] => 
)
 from 31.134.187.165
2025/10/13 03:08:06 [/shop/shopping/load_payment_module.php] AccessID=61935cdb801fa85bd0ce1eda55188dc5&AccessPass=78faa97beeb1b718f2657186981c24a9 from 31.134.187.165
2025/10/13 03:08:06 [/shop/shopping/load_payment_module.php] Array
(
    [0] => Array
        (
            [AccessID] => 61935cdb801fa85bd0ce1eda55188dc5
            [AccessPass] => 78faa97beeb1b718f2657186981c24a9
        )

)
 from 31.134.187.165
2025/10/13 03:08:06 [/shop/shopping/load_payment_module.php] load_payment_module.php set payment data:Array
(
    [AccessID] => 61935cdb801fa85bd0ce1eda55188dc5
    [AccessPass] => 78faa97beeb1b718f2657186981c24a9
    [OrderID] => 962939-13030806
    [Amount] => 7480
    [JobCd] => CAPTURE
    [action_status] => 1
    [pay_status] => 0
)
 from 31.134.187.165
2025/10/13 03:08:06 [/shop/shopping/load_payment_module.php] SendRequest:https://p01.mul-pay.jp/payment/ExecTran.idPass from 31.134.187.165
2025/10/13 03:08:06 [/shop/shopping/load_payment_module.php] Array
(
    [AccessID] => 61935cdb801fa85bd0ce1eda55188dc5
    [AccessPass] => 78faa97beeb1b718f2657186981c24a9
    [OrderID] => 962939-13030806
    [Method] => 1
    [Token] => 6313b7e3b6c05aa49ea7e06ff3a045c311afc13d7e31a34204330854403bbd0a
    [ClientField1] => 
    [ClientField2] => 
    [ClientField3] => EC-CUBE4.3.35
)
 from 31.134.187.165
2025/10/13 03:08:06 [/shop/shopping/load_payment_module.php] ErrCode=G65&ErrInfo=42G650000 from 31.134.187.165
2025/10/13 03:08:06 [/shop/shopping/load_payment_module.php] Array
(
    [0] => Array
        (
            [ErrCode] => G65
            [ErrInfo] => 42G650000
        )

)
 from 31.134.187.165
2025/10/13 03:08:06 [/shop/shopping/load_payment_module.php] load_payment_module.php set payment data:Array
(
    [request_error] => Array
        (
            [0] => カード番号に誤りがあるために、決済を完了する事が出来ませんでした。 (G65-42G650000)
        )

    [Amount] => 7480
    [JobCd] => CAPTURE
    [action_status] => 3
)
 from 31.134.187.165
2025/10/13 03:08:06 [/shop/shopping/load_payment_module.php] Array
(
    [ipaddress] => 31.134.187.165
    [date_time] => 20251013030806
    [error_count] => 1
)
 from 31.134.187.165
2025/10/13 03:08:06 [/shop/user_data/pg_mulpay_recv.php] ******* receiveer data start ******* from 210.175.7.20
2025/10/13 03:08:06 [/shop/user_data/pg_mulpay_recv.php] Array
(
    [ShopID] => 9000034600950
    [ShopPass] => **********
    [AccessID] => 61935cdb801fa85bd0ce1eda55188dc5
    [AccessPass] => ********************************
    [OrderID] => 962939-13030806
    [Status] => UNPROCESSED
    [JobCd] => CAPTURE
    [Amount] => 7480
    [Tax] => 0
    [Currency] => JPN
    [Forward] => 2959876
    [Method] => 1
    [PayTimes] => 
    [TranID] => 2510130308602257210134102648
    [Approve] => 
    [TranDate] => 20251013030806
    [ErrCode] => G65
    [ErrInfo] => 42G650000
    [PayType] => 0
)
 from 210.175.7.20
2025/10/13 03:08:06 [/shop/user_data/pg_mulpay_recv.php] ******* receiveer data end ******* from 210.175.7.20
2025/10/13 03:08:06 [/shop/user_data/pg_mulpay_recv.php] pg_mulpay_recv.php set payment data:Array
(
    [ShopID] => 9000034600950
    [AccessID] => 61935cdb801fa85bd0ce1eda55188dc5
    [OrderID] => 962939-13030806
    [Status] => UNPROCESSED
    [JobCd] => CAPTURE
    [Amount] => 7480
    [Tax] => 0
    [Currency] => JPN
    [Forward] => 2959876
    [Method] => 1
    [PayTimes] => 
    [TranID] => 2510130308602257210134102648
    [Approve] => 
    [TranDate] => 20251013030806
    [ErrCode] => G65
    [ErrInfo] => 42G650000
    [PayType] => 0
    [CvsCode] => 
    [CvsConfNo] => 
    [CvsReceiptNo] => 
    [EdyReceiptNo] => 
    [EdyOrderNo] => 
    [SuicaReceiptNo] => 
    [SuicaOrderNo] => 
    [CustID] => 
    [BkCode] => 
    [ConfNo] => 
    [PaymentTerm] => 
    [EncryptReceiptNo] => 
    [FinishDate] => 
    [ReceiptDate] => 
    [WebMoneyManagementNo] => 
    [WebMoneySettleCode] => 
    [AuPayInfoNo] => 
    [AuPayMethod] => 
    [AuCancelAmount] => 
    [AuCancelTax] => 
    [DocomoSettlementCode] => 
    [DocomoCancelAmount] => 
    [DocomoCancelTax] => 
    [pay_status] => 0
)
 from 210.175.7.20
2025/10/13 03:08:06 [/shop/user_data/pg_mulpay_recv.php] response:true from 210.175.7.20
2025/10/13 03:09:39 [/shop/shopping/load_payment_module.php] SendRequest:https://p01.mul-pay.jp/payment/ExecTran.idPass from 31.134.187.165
2025/10/13 03:09:39 [/shop/shopping/load_payment_module.php] Array
(
    [AccessID] => 61935cdb801fa85bd0ce1eda55188dc5
    [AccessPass] => 78faa97beeb1b718f2657186981c24a9
    [OrderID] => 962939-13030806
    [Method] => 1
    [PayTimes] => 
    [Token] => 848e6b35d115f4629c064d10b1eb70b93bb3746027ab61041350a2dc7fc121ba
    [ClientField1] => 
    [ClientField2] => 
    [ClientField3] => EC-CUBE4.3.35
)
 from 31.134.187.165
2025/10/13 03:09:39 [/shop/shopping/load_payment_module.php] ErrCode=G97&ErrInfo=42G970000 from 31.134.187.165
2025/10/13 03:09:39 [/shop/shopping/load_payment_module.php] Array
(
    [0] => Array
        (
            [ErrCode] => G97
            [ErrInfo] => 42G970000
        )

)
 from 31.134.187.165
2025/10/13 03:09:39 [/shop/shopping/load_payment_module.php] load_payment_module.php set payment data:Array
(
    [request_error] => Array
        (
            [0] => このカードでは取引をする事が出来ません。 (G97-42G970000)
        )

    [Amount] => 7480
    [JobCd] => CAPTURE
    [action_status] => 3
)
 from 31.134.187.165
2025/10/13 03:09:39 [/shop/shopping/load_payment_module.php] Array
(
    [ipaddress] => 31.134.187.165
    [date_time] => 20251013030806
    [error_count] => 2
)
 from 31.134.187.165
2025/10/13 03:09:39 [/shop/user_data/pg_mulpay_recv.php] ******* receiveer data start ******* from 210.175.7.20
2025/10/13 03:09:39 [/shop/user_data/pg_mulpay_recv.php] Array
(
    [ShopID] => 9000034600950
    [ShopPass] => **********
    [AccessID] => 61935cdb801fa85bd0ce1eda55188dc5
    [AccessPass] => ********************************
    [OrderID] => 962939-13030806
    [Status] => UNPROCESSED
    [JobCd] => CAPTURE
    [Amount] => 7480
    [Tax] => 0
    [Currency] => JPN
    [Forward] => 2959876
    [Method] => 1
    [PayTimes] => 
    [TranID] => 2510130309602257210134102649
    [Approve] => 
    [TranDate] => 20251013030939
    [ErrCode] => G97
    [ErrInfo] => 42G970000
    [PayType] => 0
)
 from 210.175.7.20
2025/10/13 03:09:39 [/shop/user_data/pg_mulpay_recv.php] ******* receiveer data end ******* from 210.175.7.20
2025/10/13 03:09:39 [/shop/user_data/pg_mulpay_recv.php] pg_mulpay_recv.php set payment data:Array
(
    [ShopID] => 9000034600950
    [AccessID] => 61935cdb801fa85bd0ce1eda55188dc5
    [OrderID] => 962939-13030806
    [Status] => UNPROCESSED
    [JobCd] => CAPTURE
    [Amount] => 7480
    [Tax] => 0
    [Currency] => JPN
    [Forward] => 2959876
    [Method] => 1
    [PayTimes] => 
    [TranID] => 2510130309602257210134102649
    [Approve] => 
    [TranDate] => 20251013030939
    [ErrCode] => G97
    [ErrInfo] => 42G970000
    [PayType] => 0
    [CvsCode] => 
    [CvsConfNo] => 
    [CvsReceiptNo] => 
    [EdyReceiptNo] => 
    [EdyOrderNo] => 
    [SuicaReceiptNo] => 
    [SuicaOrderNo] => 
    [CustID] => 
    [BkCode] => 
    [ConfNo] => 
    [PaymentTerm] => 
    [EncryptReceiptNo] => 
    [FinishDate] => 
    [ReceiptDate] => 
    [WebMoneyManagementNo] => 
    [WebMoneySettleCode] => 
    [AuPayInfoNo] => 
    [AuPayMethod] => 
    [AuCancelAmount] => 
    [AuCancelTax] => 
    [DocomoSettlementCode] => 
    [DocomoCancelAmount] => 
    [DocomoCancelTax] => 
    [pay_status] => 0
)
 from 210.175.7.20
2025/10/13 03:09:50 [/shop/user_data/pg_mulpay_recv.php] response:true from 210.175.7.20
2025/10/13 03:29:37 [/shop/shopping/load_payment_module.php] SendRequest:https://p01.mul-pay.jp/payment/SearchMember.idPass from 82.136.87.244
2025/10/13 03:29:37 [/shop/shopping/load_payment_module.php] Array
(
    [SiteID] => mst0000007602
    [SitePass] => ******
    [MemberID] => 12277
)
 from 82.136.87.244
2025/10/13 03:29:37 [/shop/shopping/load_payment_module.php] ErrCode=E01&ErrInfo=E01390002 from 82.136.87.244
2025/10/13 03:29:37 [/shop/shopping/load_payment_module.php] Array
(
    [0] => Array
        (
            [ErrCode] => E01
            [ErrInfo] => E01390002
        )

)
 from 82.136.87.244
2025/10/13 03:29:37 [/shop/shopping/load_payment_module.php] SendRequest:https://p01.mul-pay.jp/payment/SearchCard.idPass from 82.136.87.244
2025/10/13 03:29:37 [/shop/shopping/load_payment_module.php] Array
(
    [SiteID] => mst0000007602
    [SitePass] => ******
    [MemberID] => 12277
)
 from 82.136.87.244
2025/10/13 03:29:37 [/shop/shopping/load_payment_module.php] ErrCode=E01|E01&ErrInfo=E01390002|E01240002 from 82.136.87.244
2025/10/13 03:29:37 [/shop/shopping/load_payment_module.php] Array
(
    [0] => Array
        (
            [ErrCode] => E01
            [ErrInfo] => E01390002
        )

    [1] => Array
        (
            [ErrCode] => E01
            [ErrInfo] => E01240002
        )

)
 from 82.136.87.244
2025/10/13 03:30:26 [/shop/shopping/load_payment_module.php] SendRequest:https://p01.mul-pay.jp/payment/SearchMember.idPass from 82.136.87.244
2025/10/13 03:30:26 [/shop/shopping/load_payment_module.php] Array
(
    [SiteID] => mst0000007602
    [SitePass] => ******
    [MemberID] => 12277
)
 from 82.136.87.244
2025/10/13 03:30:26 [/shop/shopping/load_payment_module.php] ErrCode=E01&ErrInfo=E01390002 from 82.136.87.244
2025/10/13 03:30:26 [/shop/shopping/load_payment_module.php] Array
(
    [0] => Array
        (
            [ErrCode] => E01
            [ErrInfo] => E01390002
        )

)
 from 82.136.87.244
2025/10/13 03:30:26 [/shop/shopping/load_payment_module.php] SendRequest:https://p01.mul-pay.jp/payment/SearchCard.idPass from 82.136.87.244
2025/10/13 03:30:26 [/shop/shopping/load_payment_module.php] Array
(
    [SiteID] => mst0000007602
    [SitePass] => ******
    [MemberID] => 12277
)
 from 82.136.87.244
2025/10/13 03:30:26 [/shop/shopping/load_payment_module.php] ErrCode=E01|E01&ErrInfo=E01390002|E01240002 from 82.136.87.244
2025/10/13 03:30:26 [/shop/shopping/load_payment_module.php] Array
(
    [0] => Array
        (
            [ErrCode] => E01
            [ErrInfo] => E01390002
        )

    [1] => Array
        (
            [ErrCode] => E01
            [ErrInfo] => E01240002
        )

)
 from 82.136.87.244
2025/10/13 03:30:26 [/shop/shopping/load_payment_module.php] SendRequest:https://p01.mul-pay.jp/payment/EntryTran.idPass from 82.136.87.244
2025/10/13 03:30:26 [/shop/shopping/load_payment_module.php] Array
(
    [ShopID] => 9000034600950
    [ShopPass] => ******
    [OrderID] => 962940-13033026
    [JobCd] => CAPTURE
    [Amount] => 27662
    [TdFlag] => 0
    [TdTenantName] => 
)
 from 82.136.87.244
2025/10/13 03:30:26 [/shop/shopping/load_payment_module.php] AccessID=694397d3148469ccb06534d71327c05f&AccessPass=521817754e52e9d13b12bd30c8d93faf from 82.136.87.244
2025/10/13 03:30:26 [/shop/shopping/load_payment_module.php] Array
(
    [0] => Array
        (
            [AccessID] => 694397d3148469ccb06534d71327c05f
            [AccessPass] => 521817754e52e9d13b12bd30c8d93faf
        )

)
 from 82.136.87.244
2025/10/13 03:30:26 [/shop/shopping/load_payment_module.php] load_payment_module.php set payment data:Array
(
    [AccessID] => 694397d3148469ccb06534d71327c05f
    [AccessPass] => 521817754e52e9d13b12bd30c8d93faf
    [OrderID] => 962940-13033026
    [Amount] => 27662
    [JobCd] => CAPTURE
    [action_status] => 1
    [pay_status] => 0
)
 from 82.136.87.244
2025/10/13 03:30:26 [/shop/shopping/load_payment_module.php] SendRequest:https://p01.mul-pay.jp/payment/ExecTran.idPass from 82.136.87.244
2025/10/13 03:30:26 [/shop/shopping/load_payment_module.php] Array
(
    [AccessID] => 694397d3148469ccb06534d71327c05f
    [AccessPass] => 521817754e52e9d13b12bd30c8d93faf
    [OrderID] => 962940-13033026
    [Method] => 1
    [Token] => 916aee44af42367605ce67b791a0d3a64d7107be87535841cd4d6667b3c9e2dd
    [ClientField1] => 
    [ClientField2] => 
    [ClientField3] => EC-CUBE4.3.35
)
 from 82.136.87.244
2025/10/13 03:30:27 [/shop/shopping/load_payment_module.php] ACS=0&OrderID=962940-13033026&Forward=2S49631&Method=1&PayTimes=&Approve=0496357&TranID=2510130330602257210134102650&TranDate=20251013033027&CheckString=14e780ea2e3530138c0773a136f6c7e2 from 82.136.87.244
2025/10/13 03:30:27 [/shop/shopping/load_payment_module.php] Array
(
    [0] => Array
        (
            [ACS] => 0
            [OrderID] => 962940-13033026
            [Forward] => 2S49631
            [Method] => 1
            [PayTimes] => 
            [Approve] => 0496357
            [TranID] => 2510130330602257210134102650
            [TranDate] => 20251013033027
            [CheckString] => 14e780ea2e3530138c0773a136f6c7e2
        )

)
 from 82.136.87.244
2025/10/13 03:30:27 [/shop/shopping/load_payment_module.php] load_payment_module.php set payment data:Array
(
    [ACS] => 0
    [Forward] => 2S49631
    [Method] => 1
    [PayTimes] => 
    [Approve] => 0496357
    [TranID] => 2510130330602257210134102650
    [TranDate] => 20251013033027
    [CheckString] => 14e780ea2e3530138c0773a136f6c7e2
    [Amount] => 27662
    [JobCd] => CAPTURE
    [action_status] => 3
    [pay_status] => 13
)
 from 82.136.87.244
2025/10/13 03:30:27 [/shop/user_data/pg_mulpay_recv.php] ******* receiveer data start ******* from 210.175.7.20
2025/10/13 03:30:27 [/shop/user_data/pg_mulpay_recv.php] Array
(
    [ShopID] => 9000034600950
    [ShopPass] => **********
    [AccessID] => 694397d3148469ccb06534d71327c05f
    [AccessPass] => ********************************
    [OrderID] => 962940-13033026
    [Status] => CAPTURE
    [JobCd] => CAPTURE
    [Amount] => 27662
    [Tax] => 0
    [Currency] => JPN
    [Forward] => 2S49631
    [Method] => 1
    [PayTimes] => 
    [TranID] => 2510130330602257210134102650
    [Approve] => 0496357
    [TranDate] => 20251013033027
    [ErrCode] => 
    [ErrInfo] => 
    [PayType] => 0
)
 from 210.175.7.20
2025/10/13 03:30:27 [/shop/user_data/pg_mulpay_recv.php] ******* receiveer data end ******* from 210.175.7.20
2025/10/13 03:30:32 [/shop/user_data/pg_mulpay_recv.php] update order status:1 order_id=962940 from 210.175.7.20
2025/10/13 03:30:32 [/shop/user_data/pg_mulpay_recv.php] pg_mulpay_recv.php set payment data:Array
(
    [ShopID] => 9000034600950
    [AccessID] => 694397d3148469ccb06534d71327c05f
    [OrderID] => 962940-13033026
    [Status] => CAPTURE
    [JobCd] => CAPTURE
    [Amount] => 27662
    [Tax] => 0
    [Currency] => JPN
    [Forward] => 2S49631
    [Method] => 1
    [PayTimes] => 
    [TranID] => 2510130330602257210134102650
    [Approve] => 0496357
    [TranDate] => 20251013033027
    [ErrCode] => 
    [ErrInfo] => 
    [PayType] => 0
    [CvsCode] => 
    [CvsConfNo] => 
    [CvsReceiptNo] => 
    [EdyReceiptNo] => 
    [EdyOrderNo] => 
    [SuicaReceiptNo] => 
    [SuicaOrderNo] => 
    [CustID] => 
    [BkCode] => 
    [ConfNo] => 
    [PaymentTerm] => 
    [EncryptReceiptNo] => 
    [FinishDate] => 
    [ReceiptDate] => 
    [WebMoneyManagementNo] => 
    [WebMoneySettleCode] => 
    [AuPayInfoNo] => 
    [AuPayMethod] => 
    [AuCancelAmount] => 
    [AuCancelTax] => 
    [DocomoSettlementCode] => 
    [DocomoCancelAmount] => 
    [DocomoCancelTax] => 
    [pay_status] => 13
)
 from 210.175.7.20
2025/10/13 03:30:32 [/shop/user_data/pg_mulpay_recv.php] response:true from 210.175.7.20
2025/10/13 03:35:04 [/shop/user_data/pg_mulpay_recv.php] ******* receiveer data start ******* from 210.175.7.20
2025/10/13 03:35:04 [/shop/user_data/pg_mulpay_recv.php] Array
(
    [ShopID] => 9000034600950
    [ShopPass] => **********
    [AccessID] => 0f1868a4af180abe2dcb200d80847158
    [AccessPass] => ********************************
    [OrderID] => 962933-12221206
    [Status] => UNPROCESSED
    [JobCd] => CAPTURE
    [Amount] => 3050
    [Tax] => 0
    [Currency] => JPN
    [Forward] => 2S49631
    [Method] => 1
    [PayTimes] => 
    [TranID] => 2510122212602257210134102645
    [Approve] => 
    [TranDate] => 20251012221226
    [ErrCode] => G44
    [ErrInfo] => 42G440000
    [PayType] => 0
)
 from 210.175.7.20
2025/10/13 03:35:04 [/shop/user_data/pg_mulpay_recv.php] ******* receiveer data end ******* from 210.175.7.20
2025/10/13 03:35:04 [/shop/user_data/pg_mulpay_recv.php] getOrderPayData Error: deleted order. order_id = 962933 from 210.175.7.20
2025/10/13 03:35:04 [/shop/user_data/pg_mulpay_recv.php] param_error:PGマルチペイメントサービス決済モジュール 不一致データ検出 Param:Array
(
    [ShopID] => 9000034600950
    [ShopPass] => **********
    [AccessID] => 0f1868a4af180abe2dcb200d80847158
    [AccessPass] => ********************************
    [OrderID] => 962933-12221206
    [Status] => UNPROCESSED
    [JobCd] => CAPTURE
    [Amount] => 3050
    [Tax] => 0
    [Currency] => JPN
    [Forward] => 2S49631
    [Method] => 1
    [PayTimes] => 
    [TranID] => 2510122212602257210134102645
    [Approve] => 
    [TranDate] => 20251012221226
    [ErrCode] => G44
    [ErrInfo] => 42G440000
    [PayType] => 0
    [CvsCode] => 
    [CvsConfNo] => 
    [CvsReceiptNo] => 
    [EdyReceiptNo] => 
    [EdyOrderNo] => 
    [SuicaReceiptNo] => 
    [SuicaOrderNo] => 
    [CustID] => 
    [BkCode] => 
    [ConfNo] => 
    [PaymentTerm] => 
    [EncryptReceiptNo] => 
    [FinishDate] => 
    [ReceiptDate] => 
    [WebMoneyManagementNo] => 
    [WebMoneySettleCode] => 
    [AuPayInfoNo] => 
    [AuPayMethod] => 
    [AuCancelAmount] => 
    [AuCancelTax] => 
    [DocomoSettlementCode] => 
    [DocomoCancelAmount] => 
    [DocomoCancelTax] => 
)
 from 210.175.7.20
2025/10/13 03:35:04 [/shop/user_data/pg_mulpay_recv.php] response:false from 210.175.7.20
2025/10/13 04:10:10 [/shop/user_data/pg_mulpay_recv.php] ******* receiveer data start ******* from 210.175.7.20
2025/10/13 04:10:10 [/shop/user_data/pg_mulpay_recv.php] Array
(
    [ShopID] => 9000034600950
    [ShopPass] => **********
    [AccessID] => 61935cdb801fa85bd0ce1eda55188dc5
    [AccessPass] => ********************************
    [OrderID] => 962939-13030806
    [Status] => UNPROCESSED
    [JobCd] => CAPTURE
    [Amount] => 7480
    [Tax] => 0
    [Currency] => JPN
    [Forward] => 2959876
    [Method] => 1
    [PayTimes] => 
    [TranID] => 2510130309602257210134102649
    [Approve] => 
    [TranDate] => 20251013030939
    [ErrCode] => G97
    [ErrInfo] => 42G970000
    [PayType] => 0
)
 from 210.175.7.20
2025/10/13 04:10:10 [/shop/user_data/pg_mulpay_recv.php] ******* receiveer data end ******* from 210.175.7.20
2025/10/13 04:10:10 [/shop/user_data/pg_mulpay_recv.php] getOrderPayData Error: deleted order. order_id = 962939 from 210.175.7.20
2025/10/13 04:10:10 [/shop/user_data/pg_mulpay_recv.php] param_error:PGマルチペイメントサービス決済モジュール 不一致データ検出 Param:Array
(
    [ShopID] => 9000034600950
    [ShopPass] => **********
    [AccessID] => 61935cdb801fa85bd0ce1eda55188dc5
    [AccessPass] => ********************************
    [OrderID] => 962939-13030806
    [Status] => UNPROCESSED
    [JobCd] => CAPTURE
    [Amount] => 7480
    [Tax] => 0
    [Currency] => JPN
    [Forward] => 2959876
    [Method] => 1
    [PayTimes] => 
    [TranID] => 2510130309602257210134102649
    [Approve] => 
    [TranDate] => 20251013030939
    [ErrCode] => G97
    [ErrInfo] => 42G970000
    [PayType] => 0
    [CvsCode] => 
    [CvsConfNo] => 
    [CvsReceiptNo] => 
    [EdyReceiptNo] => 
    [EdyOrderNo] => 
    [SuicaReceiptNo] => 
    [SuicaOrderNo] => 
    [CustID] => 
    [BkCode] => 
    [ConfNo] => 
    [PaymentTerm] => 
    [EncryptReceiptNo] => 
    [FinishDate] => 
    [ReceiptDate] => 
    [WebMoneyManagementNo] => 
    [WebMoneySettleCode] => 
    [AuPayInfoNo] => 
    [AuPayMethod] => 
    [AuCancelAmount] => 
    [AuCancelTax] => 
    [DocomoSettlementCode] => 
    [DocomoCancelAmount] => 
    [DocomoCancelTax] => 
)
 from 210.175.7.20
2025/10/13 04:10:10 [/shop/user_data/pg_mulpay_recv.php] response:false from 210.175.7.20
2025/10/13 05:15:07 [/shop/user_data/pg_mulpay_recv.php] ******* receiveer data start ******* from 210.175.7.20
2025/10/13 05:15:07 [/shop/user_data/pg_mulpay_recv.php] Array
(
    [ShopID] => 9000034600950
    [ShopPass] => **********
    [AccessID] => 61935cdb801fa85bd0ce1eda55188dc5
    [AccessPass] => ********************************
    [OrderID] => 962939-13030806
    [Status] => UNPROCESSED
    [JobCd] => CAPTURE
    [Amount] => 7480
    [Tax] => 0
    [Currency] => JPN
    [Forward] => 2959876
    [Method] => 1
    [PayTimes] => 
    [TranID] => 2510130309602257210134102649
    [Approve] => 
    [TranDate] => 20251013030939
    [ErrCode] => G97
    [ErrInfo] => 42G970000
    [PayType] => 0
)
 from 210.175.7.20
2025/10/13 05:15:07 [/shop/user_data/pg_mulpay_recv.php] ******* receiveer data end ******* from 210.175.7.20
2025/10/13 05:15:07 [/shop/user_data/pg_mulpay_recv.php] getOrderPayData Error: deleted order. order_id = 962939 from 210.175.7.20
2025/10/13 05:15:07 [/shop/user_data/pg_mulpay_recv.php] param_error:PGマルチペイメントサービス決済モジュール 不一致データ検出 Param:Array
(
    [ShopID] => 9000034600950
    [ShopPass] => **********
    [AccessID] => 61935cdb801fa85bd0ce1eda55188dc5
    [AccessPass] => ********************************
    [OrderID] => 962939-13030806
    [Status] => UNPROCESSED
    [JobCd] => CAPTURE
    [Amount] => 7480
    [Tax] => 0
    [Currency] => JPN
    [Forward] => 2959876
    [Method] => 1
    [PayTimes] => 
    [TranID] => 2510130309602257210134102649
    [Approve] => 
    [TranDate] => 20251013030939
    [ErrCode] => G97
    [ErrInfo] => 42G970000
    [PayType] => 0
    [CvsCode] => 
    [CvsConfNo] => 
    [CvsReceiptNo] => 
    [EdyReceiptNo] => 
    [EdyOrderNo] => 
    [SuicaReceiptNo] => 
    [SuicaOrderNo] => 
    [CustID] => 
    [BkCode] => 
    [ConfNo] => 
    [PaymentTerm] => 
    [EncryptReceiptNo] => 
    [FinishDate] => 
    [ReceiptDate] => 
    [WebMoneyManagementNo] => 
    [WebMoneySettleCode] => 
    [AuPayInfoNo] => 
    [AuPayMethod] => 
    [AuCancelAmount] => 
    [AuCancelTax] => 
    [DocomoSettlementCode] => 
    [DocomoCancelAmount] => 
    [DocomoCancelTax] => 
)
 from 210.175.7.20
2025/10/13 05:15:07 [/shop/user_data/pg_mulpay_recv.php] response:false from 210.175.7.20
2025/10/13 06:20:05 [/shop/user_data/pg_mulpay_recv.php] ******* receiveer data start ******* from 210.175.7.20
2025/10/13 06:20:05 [/shop/user_data/pg_mulpay_recv.php] Array
(
    [ShopID] => 9000034600950
    [ShopPass] => **********
    [AccessID] => 61935cdb801fa85bd0ce1eda55188dc5
    [AccessPass] => ********************************
    [OrderID] => 962939-13030806
    [Status] => UNPROCESSED
    [JobCd] => CAPTURE
    [Amount] => 7480
    [Tax] => 0
    [Currency] => JPN
    [Forward] => 2959876
    [Method] => 1
    [PayTimes] => 
    [TranID] => 2510130309602257210134102649
    [Approve] => 
    [TranDate] => 20251013030939
    [ErrCode] => G97
    [ErrInfo] => 42G970000
    [PayType] => 0
)
 from 210.175.7.20
2025/10/13 06:20:05 [/shop/user_data/pg_mulpay_recv.php] ******* receiveer data end ******* from 210.175.7.20
2025/10/13 06:20:05 [/shop/user_data/pg_mulpay_recv.php] getOrderPayData Error: deleted order. order_id = 962939 from 210.175.7.20
2025/10/13 06:20:05 [/shop/user_data/pg_mulpay_recv.php] param_error:PGマルチペイメントサービス決済モジュール 不一致データ検出 Param:Array
(
    [ShopID] => 9000034600950
    [ShopPass] => **********
    [AccessID] => 61935cdb801fa85bd0ce1eda55188dc5
    [AccessPass] => ********************************
    [OrderID] => 962939-13030806
    [Status] => UNPROCESSED
    [JobCd] => CAPTURE
    [Amount] => 7480
    [Tax] => 0
    [Currency] => JPN
    [Forward] => 2959876
    [Method] => 1
    [PayTimes] => 
    [TranID] => 2510130309602257210134102649
    [Approve] => 
    [TranDate] => 20251013030939
    [ErrCode] => G97
    [ErrInfo] => 42G970000
    [PayType] => 0
    [CvsCode] => 
    [CvsConfNo] => 
    [CvsReceiptNo] => 
    [EdyReceiptNo] => 
    [EdyOrderNo] => 
    [SuicaReceiptNo] => 
    [SuicaOrderNo] => 
    [CustID] => 
    [BkCode] => 
    [ConfNo] => 
    [PaymentTerm] => 
    [EncryptReceiptNo] => 
    [FinishDate] => 
    [ReceiptDate] => 
    [WebMoneyManagementNo] => 
    [WebMoneySettleCode] => 
    [AuPayInfoNo] => 
    [AuPayMethod] => 
    [AuCancelAmount] => 
    [AuCancelTax] => 
    [DocomoSettlementCode] => 
    [DocomoCancelAmount] => 
    [DocomoCancelTax] => 
)
 from 210.175.7.20
2025/10/13 06:20:05 [/shop/user_data/pg_mulpay_recv.php] response:false from 210.175.7.20
2025/10/13 07:25:03 [/shop/user_data/pg_mulpay_recv.php] ******* receiveer data start ******* from 210.175.7.20
2025/10/13 07:25:03 [/shop/user_data/pg_mulpay_recv.php] Array
(
    [ShopID] => 9000034600950
    [ShopPass] => **********
    [AccessID] => 61935cdb801fa85bd0ce1eda55188dc5
    [AccessPass] => ********************************
    [OrderID] => 962939-13030806
    [Status] => UNPROCESSED
    [JobCd] => CAPTURE
    [Amount] => 7480
    [Tax] => 0
    [Currency] => JPN
    [Forward] => 2959876
    [Method] => 1
    [PayTimes] => 
    [TranID] => 2510130309602257210134102649
    [Approve] => 
    [TranDate] => 20251013030939
    [ErrCode] => G97
    [ErrInfo] => 42G970000
    [PayType] => 0
)
 from 210.175.7.20
2025/10/13 07:25:03 [/shop/user_data/pg_mulpay_recv.php] ******* receiveer data end ******* from 210.175.7.20
2025/10/13 07:25:03 [/shop/user_data/pg_mulpay_recv.php] getOrderPayData Error: deleted order. order_id = 962939 from 210.175.7.20
2025/10/13 07:25:03 [/shop/user_data/pg_mulpay_recv.php] param_error:PGマルチペイメントサービス決済モジュール 不一致データ検出 Param:Array
(
    [ShopID] => 9000034600950
    [ShopPass] => **********
    [AccessID] => 61935cdb801fa85bd0ce1eda55188dc5
    [AccessPass] => ********************************
    [OrderID] => 962939-13030806
    [Status] => UNPROCESSED
    [JobCd] => CAPTURE
    [Amount] => 7480
    [Tax] => 0
    [Currency] => JPN
    [Forward] => 2959876
    [Method] => 1
    [PayTimes] => 
    [TranID] => 2510130309602257210134102649
    [Approve] => 
    [TranDate] => 20251013030939
    [ErrCode] => G97
    [ErrInfo] => 42G970000
    [PayType] => 0
    [CvsCode] => 
    [CvsConfNo] => 
    [CvsReceiptNo] => 
    [EdyReceiptNo] => 
    [EdyOrderNo] => 
    [SuicaReceiptNo] => 
    [SuicaOrderNo] => 
    [CustID] => 
    [BkCode] => 
    [ConfNo] => 
    [PaymentTerm] => 
    [EncryptReceiptNo] => 
    [FinishDate] => 
    [ReceiptDate] => 
    [WebMoneyManagementNo] => 
    [WebMoneySettleCode] => 
    [AuPayInfoNo] => 
    [AuPayMethod] => 
    [AuCancelAmount] => 
    [AuCancelTax] => 
    [DocomoSettlementCode] => 
    [DocomoCancelAmount] => 
    [DocomoCancelTax] => 
)
 from 210.175.7.20
2025/10/13 07:25:03 [/shop/user_data/pg_mulpay_recv.php] response:false from 210.175.7.20
2025/10/13 07:29:16 [/shop/shopping/load_payment_module.php] SendRequest:https://p01.mul-pay.jp/payment/SearchMember.idPass from 136.226.64.87
2025/10/13 07:29:16 [/shop/shopping/load_payment_module.php] Array
(
    [SiteID] => mst0000007602
    [SitePass] => ******
    [MemberID] => 10258
)
 from 136.226.64.87
2025/10/13 07:29:16 [/shop/shopping/load_payment_module.php] ErrCode=E01&ErrInfo=E01390002 from 136.226.64.87
2025/10/13 07:29:16 [/shop/shopping/load_payment_module.php] Array
(
    [0] => Array
        (
            [ErrCode] => E01
            [ErrInfo] => E01390002
        )

)
 from 136.226.64.87
2025/10/13 07:29:16 [/shop/shopping/load_payment_module.php] SendRequest:https://p01.mul-pay.jp/payment/SearchCard.idPass from 136.226.64.87
2025/10/13 07:29:16 [/shop/shopping/load_payment_module.php] Array
(
    [SiteID] => mst0000007602
    [SitePass] => ******
    [MemberID] => 10258
)
 from 136.226.64.87
2025/10/13 07:29:16 [/shop/shopping/load_payment_module.php] ErrCode=E01|E01&ErrInfo=E01390002|E01240002 from 136.226.64.87
2025/10/13 07:29:16 [/shop/shopping/load_payment_module.php] Array
(
    [0] => Array
        (
            [ErrCode] => E01
            [ErrInfo] => E01390002
        )

    [1] => Array
        (
            [ErrCode] => E01
            [ErrInfo] => E01240002
        )

)
 from 136.226.64.87
2025/10/13 07:30:38 [/shop/shopping/load_payment_module.php] SendRequest:https://p01.mul-pay.jp/payment/SearchMember.idPass from 136.226.64.87
2025/10/13 07:30:38 [/shop/shopping/load_payment_module.php] Array
(
    [SiteID] => mst0000007602
    [SitePass] => ******
    [MemberID] => 10258
)
 from 136.226.64.87
2025/10/13 07:30:38 [/shop/shopping/load_payment_module.php] ErrCode=E01&ErrInfo=E01390002 from 136.226.64.87
2025/10/13 07:30:38 [/shop/shopping/load_payment_module.php] Array
(
    [0] => Array
        (
            [ErrCode] => E01
            [ErrInfo] => E01390002
        )

)
 from 136.226.64.87
2025/10/13 07:30:38 [/shop/shopping/load_payment_module.php] SendRequest:https://p01.mul-pay.jp/payment/SearchCard.idPass from 136.226.64.87
2025/10/13 07:30:38 [/shop/shopping/load_payment_module.php] Array
(
    [SiteID] => mst0000007602
    [SitePass] => ******
    [MemberID] => 10258
)
 from 136.226.64.87
2025/10/13 07:30:38 [/shop/shopping/load_payment_module.php] ErrCode=E01|E01&ErrInfo=E01390002|E01240002 from 136.226.64.87
2025/10/13 07:30:38 [/shop/shopping/load_payment_module.php] Array
(
    [0] => Array
        (
            [ErrCode] => E01
            [ErrInfo] => E01390002
        )

    [1] => Array
        (
            [ErrCode] => E01
            [ErrInfo] => E01240002
        )

)
 from 136.226.64.87
2025/10/13 07:30:38 [/shop/shopping/load_payment_module.php] SendRequest:https://p01.mul-pay.jp/payment/EntryTran.idPass from 136.226.64.87
2025/10/13 07:30:38 [/shop/shopping/load_payment_module.php] Array
(
    [ShopID] => 9000034600950
    [ShopPass] => ******
    [OrderID] => 962941-13073038
    [JobCd] => CAPTURE
    [Amount] => 3990
    [TdFlag] => 0
    [TdTenantName] => 
)
 from 136.226.64.87
2025/10/13 07:30:38 [/shop/shopping/load_payment_module.php] AccessID=eedea9d51a1a92d32f5a13e04ba19800&AccessPass=12236a94758f3569d523cd08da783622 from 136.226.64.87
2025/10/13 07:30:38 [/shop/shopping/load_payment_module.php] Array
(
    [0] => Array
        (
            [AccessID] => eedea9d51a1a92d32f5a13e04ba19800
            [AccessPass] => 12236a94758f3569d523cd08da783622
        )

)
 from 136.226.64.87
2025/10/13 07:30:38 [/shop/shopping/load_payment_module.php] load_payment_module.php set payment data:Array
(
    [AccessID] => eedea9d51a1a92d32f5a13e04ba19800
    [AccessPass] => 12236a94758f3569d523cd08da783622
    [OrderID] => 962941-13073038
    [Amount] => 3990
    [JobCd] => CAPTURE
    [action_status] => 1
    [pay_status] => 0
)
 from 136.226.64.87
2025/10/13 07:30:38 [/shop/shopping/load_payment_module.php] SendRequest:https://p01.mul-pay.jp/payment/ExecTran.idPass from 136.226.64.87
2025/10/13 07:30:38 [/shop/shopping/load_payment_module.php] Array
(
    [AccessID] => eedea9d51a1a92d32f5a13e04ba19800
    [AccessPass] => 12236a94758f3569d523cd08da783622
    [OrderID] => 962941-13073038
    [Method] => 1
    [Token] => ad8026a8085936aba6e27db8ce860215e26e08f073fd97dd07f10e55ec504866
    [ClientField1] => 
    [ClientField2] => 
    [ClientField3] => EC-CUBE4.3.35
)
 from 136.226.64.87
2025/10/13 07:30:39 [/shop/shopping/load_payment_module.php] ACS=0&OrderID=962941-13073038&Forward=2S49631&Method=1&PayTimes=&Approve=0529334&TranID=2510130730602257210134102651&TranDate=20251013073039&CheckString=166d4cb04594317ac5b980bb25e28b90 from 136.226.64.87
2025/10/13 07:30:39 [/shop/shopping/load_payment_module.php] Array
(
    [0] => Array
        (
            [ACS] => 0
            [OrderID] => 962941-13073038
            [Forward] => 2S49631
            [Method] => 1
            [PayTimes] => 
            [Approve] => 0529334
            [TranID] => 2510130730602257210134102651
            [TranDate] => 20251013073039
            [CheckString] => 166d4cb04594317ac5b980bb25e28b90
        )

)
 from 136.226.64.87
2025/10/13 07:30:39 [/shop/shopping/load_payment_module.php] load_payment_module.php set payment data:Array
(
    [ACS] => 0
    [Forward] => 2S49631
    [Method] => 1
    [PayTimes] => 
    [Approve] => 0529334
    [TranID] => 2510130730602257210134102651
    [TranDate] => 20251013073039
    [CheckString] => 166d4cb04594317ac5b980bb25e28b90
    [Amount] => 3990
    [JobCd] => CAPTURE
    [action_status] => 3
    [pay_status] => 13
)
 from 136.226.64.87
2025/10/13 07:30:39 [/shop/user_data/pg_mulpay_recv.php] ******* receiveer data start ******* from 210.175.7.20
2025/10/13 07:30:39 [/shop/user_data/pg_mulpay_recv.php] Array
(
    [ShopID] => 9000034600950
    [ShopPass] => **********
    [AccessID] => eedea9d51a1a92d32f5a13e04ba19800
    [AccessPass] => ********************************
    [OrderID] => 962941-13073038
    [Status] => CAPTURE
    [JobCd] => CAPTURE
    [Amount] => 3990
    [Tax] => 0
    [Currency] => JPN
    [Forward] => 2S49631
    [Method] => 1
    [PayTimes] => 
    [TranID] => 2510130730602257210134102651
    [Approve] => 0529334
    [TranDate] => 20251013073039
    [ErrCode] => 
    [ErrInfo] => 
    [PayType] => 0
)
 from 210.175.7.20
2025/10/13 07:30:39 [/shop/user_data/pg_mulpay_recv.php] ******* receiveer data end ******* from 210.175.7.20
2025/10/13 07:30:44 [/shop/user_data/pg_mulpay_recv.php] update order status:1 order_id=962941 from 210.175.7.20
2025/10/13 07:30:44 [/shop/user_data/pg_mulpay_recv.php] pg_mulpay_recv.php set payment data:Array
(
    [ShopID] => 9000034600950
    [AccessID] => eedea9d51a1a92d32f5a13e04ba19800
    [OrderID] => 962941-13073038
    [Status] => CAPTURE
    [JobCd] => CAPTURE
    [Amount] => 3990
    [Tax] => 0
    [Currency] => JPN
    [Forward] => 2S49631
    [Method] => 1
    [PayTimes] => 
    [TranID] => 2510130730602257210134102651
    [Approve] => 0529334
    [TranDate] => 20251013073039
    [ErrCode] => 
    [ErrInfo] => 
    [PayType] => 0
    [CvsCode] => 
    [CvsConfNo] => 
    [CvsReceiptNo] => 
    [EdyReceiptNo] => 
    [EdyOrderNo] => 
    [SuicaReceiptNo] => 
    [SuicaOrderNo] => 
    [CustID] => 
    [BkCode] => 
    [ConfNo] => 
    [PaymentTerm] => 
    [EncryptReceiptNo] => 
    [FinishDate] => 
    [ReceiptDate] => 
    [WebMoneyManagementNo] => 
    [WebMoneySettleCode] => 
    [AuPayInfoNo] => 
    [AuPayMethod] => 
    [AuCancelAmount] => 
    [AuCancelTax] => 
    [DocomoSettlementCode] => 
    [DocomoCancelAmount] => 
    [DocomoCancelTax] => 
    [pay_status] => 13
)
 from 210.175.7.20
2025/10/13 07:30:44 [/shop/user_data/pg_mulpay_recv.php] response:true from 210.175.7.20
2025/10/13 08:30:02 [/shop/user_data/pg_mulpay_recv.php] ******* receiveer data start ******* from 210.175.7.20
2025/10/13 08:30:02 [/shop/user_data/pg_mulpay_recv.php] Array
(
    [ShopID] => 9000034600950
    [ShopPass] => **********
    [AccessID] => 61935cdb801fa85bd0ce1eda55188dc5
    [AccessPass] => ********************************
    [OrderID] => 962939-13030806
    [Status] => UNPROCESSED
    [JobCd] => CAPTURE
    [Amount] => 7480
    [Tax] => 0
    [Currency] => JPN
    [Forward] => 2959876
    [Method] => 1
    [PayTimes] => 
    [TranID] => 2510130309602257210134102649
    [Approve] => 
    [TranDate] => 20251013030939
    [ErrCode] => G97
    [ErrInfo] => 42G970000
    [PayType] => 0
)
 from 210.175.7.20
2025/10/13 08:30:02 [/shop/user_data/pg_mulpay_recv.php] ******* receiveer data end ******* from 210.175.7.20
2025/10/13 08:30:03 [/shop/user_data/pg_mulpay_recv.php] getOrderPayData Error: deleted order. order_id = 962939 from 210.175.7.20
2025/10/13 08:30:03 [/shop/user_data/pg_mulpay_recv.php] param_error:PGマルチペイメントサービス決済モジュール 不一致データ検出 Param:Array
(
    [ShopID] => 9000034600950
    [ShopPass] => **********
    [AccessID] => 61935cdb801fa85bd0ce1eda55188dc5
    [AccessPass] => ********************************
    [OrderID] => 962939-13030806
    [Status] => UNPROCESSED
    [JobCd] => CAPTURE
    [Amount] => 7480
    [Tax] => 0
    [Currency] => JPN
    [Forward] => 2959876
    [Method] => 1
    [PayTimes] => 
    [TranID] => 2510130309602257210134102649
    [Approve] => 
    [TranDate] => 20251013030939
    [ErrCode] => G97
    [ErrInfo] => 42G970000
    [PayType] => 0
    [CvsCode] => 
    [CvsConfNo] => 
    [CvsReceiptNo] => 
    [EdyReceiptNo] => 
    [EdyOrderNo] => 
    [SuicaReceiptNo] => 
    [SuicaOrderNo] => 
    [CustID] => 
    [BkCode] => 
    [ConfNo] => 
    [PaymentTerm] => 
    [EncryptReceiptNo] => 
    [FinishDate] => 
    [ReceiptDate] => 
    [WebMoneyManagementNo] => 
    [WebMoneySettleCode] => 
    [AuPayInfoNo] => 
    [AuPayMethod] => 
    [AuCancelAmount] => 
    [AuCancelTax] => 
    [DocomoSettlementCode] => 
    [DocomoCancelAmount] => 
    [DocomoCancelTax] => 
)
 from 210.175.7.20
2025/10/13 08:30:03 [/shop/user_data/pg_mulpay_recv.php] response:false from 210.175.7.20
2025/10/13 10:52:33 [/shop/shopping/load_payment_module.php] SendRequest:https://p01.mul-pay.jp/payment/SearchMember.idPass from 165.225.33.104
2025/10/13 10:52:33 [/shop/shopping/load_payment_module.php] Array
(
    [SiteID] => mst0000007602
    [SitePass] => ******
    [MemberID] => 13350
)
 from 165.225.33.104
2025/10/13 10:52:33 [/shop/shopping/load_payment_module.php] ErrCode=E01&ErrInfo=E01390002 from 165.225.33.104
2025/10/13 10:52:33 [/shop/shopping/load_payment_module.php] Array
(
    [0] => Array
        (
            [ErrCode] => E01
            [ErrInfo] => E01390002
        )

)
 from 165.225.33.104
2025/10/13 10:52:33 [/shop/shopping/load_payment_module.php] SendRequest:https://p01.mul-pay.jp/payment/SearchCard.idPass from 165.225.33.104
2025/10/13 10:52:33 [/shop/shopping/load_payment_module.php] Array
(
    [SiteID] => mst0000007602
    [SitePass] => ******
    [MemberID] => 13350
)
 from 165.225.33.104
2025/10/13 10:52:33 [/shop/shopping/load_payment_module.php] ErrCode=E01|E01&ErrInfo=E01390002|E01240002 from 165.225.33.104
2025/10/13 10:52:34 [/shop/shopping/load_payment_module.php] Array
(
    [0] => Array
        (
            [ErrCode] => E01
            [ErrInfo] => E01390002
        )

    [1] => Array
        (
            [ErrCode] => E01
            [ErrInfo] => E01240002
        )

)
 from 165.225.33.104
2025/10/13 10:53:29 [/shop/shopping/load_payment_module.php] SendRequest:https://p01.mul-pay.jp/payment/SearchMember.idPass from 165.225.33.104
2025/10/13 10:53:29 [/shop/shopping/load_payment_module.php] Array
(
    [SiteID] => mst0000007602
    [SitePass] => ******
    [MemberID] => 13350
)
 from 165.225.33.104
2025/10/13 10:53:29 [/shop/shopping/load_payment_module.php] ErrCode=E01&ErrInfo=E01390002 from 165.225.33.104
2025/10/13 10:53:29 [/shop/shopping/load_payment_module.php] Array
(
    [0] => Array
        (
            [ErrCode] => E01
            [ErrInfo] => E01390002
        )

)
 from 165.225.33.104
2025/10/13 10:53:29 [/shop/shopping/load_payment_module.php] SendRequest:https://p01.mul-pay.jp/payment/SearchCard.idPass from 165.225.33.104
2025/10/13 10:53:29 [/shop/shopping/load_payment_module.php] Array
(
    [SiteID] => mst0000007602
    [SitePass] => ******
    [MemberID] => 13350
)
 from 165.225.33.104
2025/10/13 10:53:29 [/shop/shopping/load_payment_module.php] ErrCode=E01|E01&ErrInfo=E01390002|E01240002 from 165.225.33.104
2025/10/13 10:53:29 [/shop/shopping/load_payment_module.php] Array
(
    [0] => Array
        (
            [ErrCode] => E01
            [ErrInfo] => E01390002
        )

    [1] => Array
        (
            [ErrCode] => E01
            [ErrInfo] => E01240002
        )

)
 from 165.225.33.104
2025/10/13 10:53:29 [/shop/shopping/load_payment_module.php] SendRequest:https://p01.mul-pay.jp/payment/EntryTran.idPass from 165.225.33.104
2025/10/13 10:53:29 [/shop/shopping/load_payment_module.php] Array
(
    [ShopID] => 9000034600950
    [ShopPass] => ******
    [OrderID] => 962942-13105329
    [JobCd] => CAPTURE
    [Amount] => 7410
    [TdFlag] => 0
    [TdTenantName] => 
)
 from 165.225.33.104
2025/10/13 10:53:29 [/shop/shopping/load_payment_module.php] AccessID=0a6230d716b41a0f33bf26fb5339b89c&AccessPass=a8a704ab2d8c839d65184d99bf05a344 from 165.225.33.104
2025/10/13 10:53:29 [/shop/shopping/load_payment_module.php] Array
(
    [0] => Array
        (
            [AccessID] => 0a6230d716b41a0f33bf26fb5339b89c
            [AccessPass] => a8a704ab2d8c839d65184d99bf05a344
        )

)
 from 165.225.33.104
2025/10/13 10:53:29 [/shop/shopping/load_payment_module.php] load_payment_module.php set payment data:Array
(
    [AccessID] => 0a6230d716b41a0f33bf26fb5339b89c
    [AccessPass] => a8a704ab2d8c839d65184d99bf05a344
    [OrderID] => 962942-13105329
    [Amount] => 7410
    [JobCd] => CAPTURE
    [action_status] => 1
    [pay_status] => 0
)
 from 165.225.33.104
2025/10/13 10:53:29 [/shop/shopping/load_payment_module.php] SendRequest:https://p01.mul-pay.jp/payment/ExecTran.idPass from 165.225.33.104
2025/10/13 10:53:29 [/shop/shopping/load_payment_module.php] Array
(
    [AccessID] => 0a6230d716b41a0f33bf26fb5339b89c
    [AccessPass] => a8a704ab2d8c839d65184d99bf05a344
    [OrderID] => 962942-13105329
    [Method] => 1
    [Token] => 5f827ddd6a047979f4e09af57cfea166705e273b0b3534fe5cbe425ea1986a2d
    [ClientField1] => 
    [ClientField2] => 
    [ClientField3] => EC-CUBE4.3.35
)
 from 165.225.33.104
2025/10/13 10:53:30 [/shop/shopping/load_payment_module.php] ACS=0&OrderID=962942-13105329&Forward=2a99661&Method=1&PayTimes=&Approve=0233177&TranID=2510131053602257210134102652&TranDate=20251013105330&CheckString=02761fdc279337d31182732144dfbe36 from 165.225.33.104
2025/10/13 10:53:30 [/shop/shopping/load_payment_module.php] Array
(
    [0] => Array
        (
            [ACS] => 0
            [OrderID] => 962942-13105329
            [Forward] => 2a99661
            [Method] => 1
            [PayTimes] => 
            [Approve] => 0233177
            [TranID] => 2510131053602257210134102652
            [TranDate] => 20251013105330
            [CheckString] => 02761fdc279337d31182732144dfbe36
        )

)
 from 165.225.33.104
2025/10/13 10:53:30 [/shop/shopping/load_payment_module.php] load_payment_module.php set payment data:Array
(
    [ACS] => 0
    [Forward] => 2a99661
    [Method] => 1
    [PayTimes] => 
    [Approve] => 0233177
    [TranID] => 2510131053602257210134102652
    [TranDate] => 20251013105330
    [CheckString] => 02761fdc279337d31182732144dfbe36
    [Amount] => 7410
    [JobCd] => CAPTURE
    [action_status] => 3
    [pay_status] => 13
)
 from 165.225.33.104
2025/10/13 10:53:30 [/shop/user_data/pg_mulpay_recv.php] ******* receiveer data start ******* from 210.175.7.20
2025/10/13 10:53:30 [/shop/user_data/pg_mulpay_recv.php] Array
(
    [ShopID] => 9000034600950
    [ShopPass] => **********
    [AccessID] => 0a6230d716b41a0f33bf26fb5339b89c
    [AccessPass] => ********************************
    [OrderID] => 962942-13105329
    [Status] => CAPTURE
    [JobCd] => CAPTURE
    [Amount] => 7410
    [Tax] => 0
    [Currency] => JPN
    [Forward] => 2a99661
    [Method] => 1
    [PayTimes] => 
    [TranID] => 2510131053602257210134102652
    [Approve] => 0233177
    [TranDate] => 20251013105330
    [ErrCode] => 
    [ErrInfo] => 
    [PayType] => 0
)
 from 210.175.7.20
2025/10/13 10:53:30 [/shop/user_data/pg_mulpay_recv.php] ******* receiveer data end ******* from 210.175.7.20
2025/10/13 10:53:35 [/shop/user_data/pg_mulpay_recv.php] update order status:1 order_id=962942 from 210.175.7.20
2025/10/13 10:53:35 [/shop/user_data/pg_mulpay_recv.php] pg_mulpay_recv.php set payment data:Array
(
    [ShopID] => 9000034600950
    [AccessID] => 0a6230d716b41a0f33bf26fb5339b89c
    [OrderID] => 962942-13105329
    [Status] => CAPTURE
    [JobCd] => CAPTURE
    [Amount] => 7410
    [Tax] => 0
    [Currency] => JPN
    [Forward] => 2a99661
    [Method] => 1
    [PayTimes] => 
    [TranID] => 2510131053602257210134102652
    [Approve] => 0233177
    [TranDate] => 20251013105330
    [ErrCode] => 
    [ErrInfo] => 
    [PayType] => 0
    [CvsCode] => 
    [CvsConfNo] => 
    [CvsReceiptNo] => 
    [EdyReceiptNo] => 
    [EdyOrderNo] => 
    [SuicaReceiptNo] => 
    [SuicaOrderNo] => 
    [CustID] => 
    [BkCode] => 
    [ConfNo] => 
    [PaymentTerm] => 
    [EncryptReceiptNo] => 
    [FinishDate] => 
    [ReceiptDate] => 
    [WebMoneyManagementNo] => 
    [WebMoneySettleCode] => 
    [AuPayInfoNo] => 
    [AuPayMethod] => 
    [AuCancelAmount] => 
    [AuCancelTax] => 
    [DocomoSettlementCode] => 
    [DocomoCancelAmount] => 
    [DocomoCancelTax] => 
    [pay_status] => 13
)
 from 210.175.7.20
2025/10/13 10:53:35 [/shop/user_data/pg_mulpay_recv.php] response:true from 210.175.7.20
2025/10/13 13:29:11 [/shop/shopping/load_payment_module.php] SendRequest:https://p01.mul-pay.jp/payment/EntryTran.idPass from 38.87.93.187
2025/10/13 13:29:11 [/shop/shopping/load_payment_module.php] Array
(
    [ShopID] => 9000034600950
    [ShopPass] => ******
    [OrderID] => 962943-13132911
    [JobCd] => CAPTURE
    [Amount] => 5390
    [TdFlag] => 0
    [TdTenantName] => 
)
 from 38.87.93.187
2025/10/13 13:29:11 [/shop/shopping/load_payment_module.php] AccessID=cc4c13639b8e29367292b83cf99cc92f&AccessPass=e8a88ca7af7e94473e5afa4a9d11297c from 38.87.93.187
2025/10/13 13:29:11 [/shop/shopping/load_payment_module.php] Array
(
    [0] => Array
        (
            [AccessID] => cc4c13639b8e29367292b83cf99cc92f
            [AccessPass] => e8a88ca7af7e94473e5afa4a9d11297c
        )

)
 from 38.87.93.187
2025/10/13 13:29:11 [/shop/shopping/load_payment_module.php] load_payment_module.php set payment data:Array
(
    [AccessID] => cc4c13639b8e29367292b83cf99cc92f
    [AccessPass] => e8a88ca7af7e94473e5afa4a9d11297c
    [OrderID] => 962943-13132911
    [Amount] => 5390
    [JobCd] => CAPTURE
    [action_status] => 1
    [pay_status] => 0
)
 from 38.87.93.187
2025/10/13 13:29:11 [/shop/shopping/load_payment_module.php] SendRequest:https://p01.mul-pay.jp/payment/ExecTran.idPass from 38.87.93.187
2025/10/13 13:29:11 [/shop/shopping/load_payment_module.php] Array
(
    [AccessID] => cc4c13639b8e29367292b83cf99cc92f
    [AccessPass] => e8a88ca7af7e94473e5afa4a9d11297c
    [OrderID] => 962943-13132911
    [Method] => 1
    [Token] => 1f34f8dce8847a90917531d42364655dcd1cfa2bae27c95d36c8b34fb1896a4f
    [ClientField1] => 
    [ClientField2] => 
    [ClientField3] => EC-CUBE4.3.35
)
 from 38.87.93.187
2025/10/13 13:29:12 [/shop/shopping/load_payment_module.php] ACS=0&OrderID=962943-13132911&Forward=2S49631&Method=1&PayTimes=&Approve=0626796&TranID=2510131329602257210134102653&TranDate=20251013132912&CheckString=fd71008403552708acd2db87fbd48858 from 38.87.93.187
2025/10/13 13:29:12 [/shop/shopping/load_payment_module.php] Array
(
    [0] => Array
        (
            [ACS] => 0
            [OrderID] => 962943-13132911
            [Forward] => 2S49631
            [Method] => 1
            [PayTimes] => 
            [Approve] => 0626796
            [TranID] => 2510131329602257210134102653
            [TranDate] => 20251013132912
            [CheckString] => fd71008403552708acd2db87fbd48858
        )

)
 from 38.87.93.187
2025/10/13 13:29:12 [/shop/shopping/load_payment_module.php] load_payment_module.php set payment data:Array
(
    [ACS] => 0
    [Forward] => 2S49631
    [Method] => 1
    [PayTimes] => 
    [Approve] => 0626796
    [TranID] => 2510131329602257210134102653
    [TranDate] => 20251013132912
    [CheckString] => fd71008403552708acd2db87fbd48858
    [Amount] => 5390
    [JobCd] => CAPTURE
    [action_status] => 3
    [pay_status] => 13
)
 from 38.87.93.187
2025/10/13 13:29:12 [/shop/user_data/pg_mulpay_recv.php] ******* receiveer data start ******* from 210.175.7.20
2025/10/13 13:29:12 [/shop/user_data/pg_mulpay_recv.php] Array
(
    [ShopID] => 9000034600950
    [ShopPass] => **********
    [AccessID] => cc4c13639b8e29367292b83cf99cc92f
    [AccessPass] => ********************************
    [OrderID] => 962943-13132911
    [Status] => CAPTURE
    [JobCd] => CAPTURE
    [Amount] => 5390
    [Tax] => 0
    [Currency] => JPN
    [Forward] => 2S49631
    [Method] => 1
    [PayTimes] => 
    [TranID] => 2510131329602257210134102653
    [Approve] => 0626796
    [TranDate] => 20251013132912
    [ErrCode] => 
    [ErrInfo] => 
    [PayType] => 0
)
 from 210.175.7.20
2025/10/13 13:29:12 [/shop/user_data/pg_mulpay_recv.php] ******* receiveer data end ******* from 210.175.7.20
2025/10/13 13:29:17 [/shop/user_data/pg_mulpay_recv.php] update order status:1 order_id=962943 from 210.175.7.20
2025/10/13 13:29:17 [/shop/user_data/pg_mulpay_recv.php] pg_mulpay_recv.php set payment data:Array
(
    [ShopID] => 9000034600950
    [AccessID] => cc4c13639b8e29367292b83cf99cc92f
    [OrderID] => 962943-13132911
    [Status] => CAPTURE
    [JobCd] => CAPTURE
    [Amount] => 5390
    [Tax] => 0
    [Currency] => JPN
    [Forward] => 2S49631
    [Method] => 1
    [PayTimes] => 
    [TranID] => 2510131329602257210134102653
    [Approve] => 0626796
    [TranDate] => 20251013132912
    [ErrCode] => 
    [ErrInfo] => 
    [PayType] => 0
    [CvsCode] => 
    [CvsConfNo] => 
    [CvsReceiptNo] => 
    [EdyReceiptNo] => 
    [EdyOrderNo] => 
    [SuicaReceiptNo] => 
    [SuicaOrderNo] => 
    [CustID] => 
    [BkCode] => 
    [ConfNo] => 
    [PaymentTerm] => 
    [EncryptReceiptNo] => 
    [FinishDate] => 
    [ReceiptDate] => 
    [WebMoneyManagementNo] => 
    [WebMoneySettleCode] => 
    [AuPayInfoNo] => 
    [AuPayMethod] => 
    [AuCancelAmount] => 
    [AuCancelTax] => 
    [DocomoSettlementCode] => 
    [DocomoCancelAmount] => 
    [DocomoCancelTax] => 
    [pay_status] => 13
)
 from 210.175.7.20
2025/10/13 13:29:17 [/shop/user_data/pg_mulpay_recv.php] response:true from 210.175.7.20
2025/10/13 16:08:03 [/shop/shopping/load_payment_module.php] SendRequest:https://p01.mul-pay.jp/payment/EntryTran.idPass from 45.143.82.207
2025/10/13 16:08:03 [/shop/shopping/load_payment_module.php] Array
(
    [ShopID] => 9000034600950
    [ShopPass] => ******
    [OrderID] => 962944-13160803
    [JobCd] => CAPTURE
    [Amount] => 2820
    [TdFlag] => 0
    [TdTenantName] => 
)
 from 45.143.82.207
2025/10/13 16:08:03 [/shop/shopping/load_payment_module.php] AccessID=f171e6bc369283829c71868d19fab702&AccessPass=0d575809dc7cea08cee72e5d5507bd3c from 45.143.82.207
2025/10/13 16:08:03 [/shop/shopping/load_payment_module.php] Array
(
    [0] => Array
        (
            [AccessID] => f171e6bc369283829c71868d19fab702
            [AccessPass] => 0d575809dc7cea08cee72e5d5507bd3c
        )

)
 from 45.143.82.207
2025/10/13 16:08:03 [/shop/shopping/load_payment_module.php] load_payment_module.php set payment data:Array
(
    [AccessID] => f171e6bc369283829c71868d19fab702
    [AccessPass] => 0d575809dc7cea08cee72e5d5507bd3c
    [OrderID] => 962944-13160803
    [Amount] => 2820
    [JobCd] => CAPTURE
    [action_status] => 1
    [pay_status] => 0
)
 from 45.143.82.207
2025/10/13 16:08:03 [/shop/shopping/load_payment_module.php] SendRequest:https://p01.mul-pay.jp/payment/ExecTran.idPass from 45.143.82.207
2025/10/13 16:08:03 [/shop/shopping/load_payment_module.php] Array
(
    [AccessID] => f171e6bc369283829c71868d19fab702
    [AccessPass] => 0d575809dc7cea08cee72e5d5507bd3c
    [OrderID] => 962944-13160803
    [Method] => 1
    [Token] => 6d403366861446e88837f9e0bcb3dd2d0166046762ec547868b05dbaa4c88099
    [ClientField1] => 
    [ClientField2] => 
    [ClientField3] => EC-CUBE4.3.35
)
 from 45.143.82.207
2025/10/13 16:08:04 [/shop/shopping/load_payment_module.php] ACS=0&OrderID=962944-13160803&Forward=2S49631&Method=1&PayTimes=&Approve=0041309&TranID=2510131608602257210134102654&TranDate=20251013160804&CheckString=3621735ba8bbffe872cfdf6fcaf8b88b from 45.143.82.207
2025/10/13 16:08:04 [/shop/shopping/load_payment_module.php] Array
(
    [0] => Array
        (
            [ACS] => 0
            [OrderID] => 962944-13160803
            [Forward] => 2S49631
            [Method] => 1
            [PayTimes] => 
            [Approve] => 0041309
            [TranID] => 2510131608602257210134102654
            [TranDate] => 20251013160804
            [CheckString] => 3621735ba8bbffe872cfdf6fcaf8b88b
        )

)
 from 45.143.82.207
2025/10/13 16:08:04 [/shop/shopping/load_payment_module.php] load_payment_module.php set payment data:Array
(
    [ACS] => 0
    [Forward] => 2S49631
    [Method] => 1
    [PayTimes] => 
    [Approve] => 0041309
    [TranID] => 2510131608602257210134102654
    [TranDate] => 20251013160804
    [CheckString] => 3621735ba8bbffe872cfdf6fcaf8b88b
    [Amount] => 2820
    [JobCd] => CAPTURE
    [action_status] => 3
    [pay_status] => 13
)
 from 45.143.82.207
2025/10/13 16:08:04 [/shop/user_data/pg_mulpay_recv.php] ******* receiveer data start ******* from 210.175.7.20
2025/10/13 16:08:04 [/shop/user_data/pg_mulpay_recv.php] Array
(
    [ShopID] => 9000034600950
    [ShopPass] => **********
    [AccessID] => f171e6bc369283829c71868d19fab702
    [AccessPass] => ********************************
    [OrderID] => 962944-13160803
    [Status] => CAPTURE
    [JobCd] => CAPTURE
    [Amount] => 2820
    [Tax] => 0
    [Currency] => JPN
    [Forward] => 2S49631
    [Method] => 1
    [PayTimes] => 
    [TranID] => 2510131608602257210134102654
    [Approve] => 0041309
    [TranDate] => 20251013160804
    [ErrCode] => 
    [ErrInfo] => 
    [PayType] => 0
)
 from 210.175.7.20
2025/10/13 16:08:04 [/shop/user_data/pg_mulpay_recv.php] ******* receiveer data end ******* from 210.175.7.20
2025/10/13 16:08:09 [/shop/user_data/pg_mulpay_recv.php] update order status:1 order_id=962944 from 210.175.7.20
2025/10/13 16:08:09 [/shop/user_data/pg_mulpay_recv.php] pg_mulpay_recv.php set payment data:Array
(
    [ShopID] => 9000034600950
    [AccessID] => f171e6bc369283829c71868d19fab702
    [OrderID] => 962944-13160803
    [Status] => CAPTURE
    [JobCd] => CAPTURE
    [Amount] => 2820
    [Tax] => 0
    [Currency] => JPN
    [Forward] => 2S49631
    [Method] => 1
    [PayTimes] => 
    [TranID] => 2510131608602257210134102654
    [Approve] => 0041309
    [TranDate] => 20251013160804
    [ErrCode] => 
    [ErrInfo] => 
    [PayType] => 0
    [CvsCode] => 
    [CvsConfNo] => 
    [CvsReceiptNo] => 
    [EdyReceiptNo] => 
    [EdyOrderNo] => 
    [SuicaReceiptNo] => 
    [SuicaOrderNo] => 
    [CustID] => 
    [BkCode] => 
    [ConfNo] => 
    [PaymentTerm] => 
    [EncryptReceiptNo] => 
    [FinishDate] => 
    [ReceiptDate] => 
    [WebMoneyManagementNo] => 
    [WebMoneySettleCode] => 
    [AuPayInfoNo] => 
    [AuPayMethod] => 
    [AuCancelAmount] => 
    [AuCancelTax] => 
    [DocomoSettlementCode] => 
    [DocomoCancelAmount] => 
    [DocomoCancelTax] => 
    [pay_status] => 13
)
 from 210.175.7.20
2025/10/13 16:08:09 [/shop/user_data/pg_mulpay_recv.php] response:true from 210.175.7.20
2025/10/13 20:47:05 [/shop/shopping/load_payment_module.php] SendRequest:https://p01.mul-pay.jp/payment/EntryTran.idPass from 101.115.4.13
2025/10/13 20:47:05 [/shop/shopping/load_payment_module.php] Array
(
    [ShopID] => 9000034600950
    [ShopPass] => ******
    [OrderID] => 962945-13204705
    [JobCd] => CAPTURE
    [Amount] => 17800
    [TdFlag] => 0
    [TdTenantName] => 
)
 from 101.115.4.13
2025/10/13 20:47:05 [/shop/shopping/load_payment_module.php] AccessID=dfd8dcd646ee66f69ea48bf0cd2e607c&AccessPass=85ce80f1058c4072b4473f52a44edbe9 from 101.115.4.13
2025/10/13 20:47:05 [/shop/shopping/load_payment_module.php] Array
(
    [0] => Array
        (
            [AccessID] => dfd8dcd646ee66f69ea48bf0cd2e607c
            [AccessPass] => 85ce80f1058c4072b4473f52a44edbe9
        )

)
 from 101.115.4.13
2025/10/13 20:47:05 [/shop/shopping/load_payment_module.php] load_payment_module.php set payment data:Array
(
    [AccessID] => dfd8dcd646ee66f69ea48bf0cd2e607c
    [AccessPass] => 85ce80f1058c4072b4473f52a44edbe9
    [OrderID] => 962945-13204705
    [Amount] => 17800
    [JobCd] => CAPTURE
    [action_status] => 1
    [pay_status] => 0
)
 from 101.115.4.13
2025/10/13 20:47:05 [/shop/shopping/load_payment_module.php] SendRequest:https://p01.mul-pay.jp/payment/ExecTran.idPass from 101.115.4.13
2025/10/13 20:47:05 [/shop/shopping/load_payment_module.php] Array
(
    [AccessID] => dfd8dcd646ee66f69ea48bf0cd2e607c
    [AccessPass] => 85ce80f1058c4072b4473f52a44edbe9
    [OrderID] => 962945-13204705
    [Method] => 1
    [Token] => daba3125664b0d5a87fff99405f6cd0b90132319c536d37ee07f07458717d322
    [ClientField1] => 
    [ClientField2] => 
    [ClientField3] => EC-CUBE4.3.35
)
 from 101.115.4.13
2025/10/13 20:47:06 [/shop/shopping/load_payment_module.php] ACS=0&OrderID=962945-13204705&Forward=2S49631&Method=1&PayTimes=&Approve=0442988&TranID=2510132047602257210134102655&TranDate=20251013204706&CheckString=247aff22a1dde37ae84b8265310a72ac from 101.115.4.13
2025/10/13 20:47:06 [/shop/shopping/load_payment_module.php] Array
(
    [0] => Array
        (
            [ACS] => 0
            [OrderID] => 962945-13204705
            [Forward] => 2S49631
            [Method] => 1
            [PayTimes] => 
            [Approve] => 0442988
            [TranID] => 2510132047602257210134102655
            [TranDate] => 20251013204706
            [CheckString] => 247aff22a1dde37ae84b8265310a72ac
        )

)
 from 101.115.4.13
2025/10/13 20:47:06 [/shop/shopping/load_payment_module.php] load_payment_module.php set payment data:Array
(
    [ACS] => 0
    [Forward] => 2S49631
    [Method] => 1
    [PayTimes] => 
    [Approve] => 0442988
    [TranID] => 2510132047602257210134102655
    [TranDate] => 20251013204706
    [CheckString] => 247aff22a1dde37ae84b8265310a72ac
    [Amount] => 17800
    [JobCd] => CAPTURE
    [action_status] => 3
    [pay_status] => 13
)
 from 101.115.4.13
2025/10/13 20:47:06 [/shop/user_data/pg_mulpay_recv.php] ******* receiveer data start ******* from 210.175.7.20
2025/10/13 20:47:06 [/shop/user_data/pg_mulpay_recv.php] Array
(
    [ShopID] => 9000034600950
    [ShopPass] => **********
    [AccessID] => dfd8dcd646ee66f69ea48bf0cd2e607c
    [AccessPass] => ********************************
    [OrderID] => 962945-13204705
    [Status] => CAPTURE
    [JobCd] => CAPTURE
    [Amount] => 17800
    [Tax] => 0
    [Currency] => JPN
    [Forward] => 2S49631
    [Method] => 1
    [PayTimes] => 
    [TranID] => 2510132047602257210134102655
    [Approve] => 0442988
    [TranDate] => 20251013204706
    [ErrCode] => 
    [ErrInfo] => 
    [PayType] => 0
)
 from 210.175.7.20
2025/10/13 20:47:06 [/shop/user_data/pg_mulpay_recv.php] ******* receiveer data end ******* from 210.175.7.20
2025/10/13 20:47:11 [/shop/user_data/pg_mulpay_recv.php] update order status:1 order_id=962945 from 210.175.7.20
2025/10/13 20:47:11 [/shop/user_data/pg_mulpay_recv.php] pg_mulpay_recv.php set payment data:Array
(
    [ShopID] => 9000034600950
    [AccessID] => dfd8dcd646ee66f69ea48bf0cd2e607c
    [OrderID] => 962945-13204705
    [Status] => CAPTURE
    [JobCd] => CAPTURE
    [Amount] => 17800
    [Tax] => 0
    [Currency] => JPN
    [Forward] => 2S49631
    [Method] => 1
    [PayTimes] => 
    [TranID] => 2510132047602257210134102655
    [Approve] => 0442988
    [TranDate] => 20251013204706
    [ErrCode] => 
    [ErrInfo] => 
    [PayType] => 0
    [CvsCode] => 
    [CvsConfNo] => 
    [CvsReceiptNo] => 
    [EdyReceiptNo] => 
    [EdyOrderNo] => 
    [SuicaReceiptNo] => 
    [SuicaOrderNo] => 
    [CustID] => 
    [BkCode] => 
    [ConfNo] => 
    [PaymentTerm] => 
    [EncryptReceiptNo] => 
    [FinishDate] => 
    [ReceiptDate] => 
    [WebMoneyManagementNo] => 
    [WebMoneySettleCode] => 
    [AuPayInfoNo] => 
    [AuPayMethod] => 
    [AuCancelAmount] => 
    [AuCancelTax] => 
    [DocomoSettlementCode] => 
    [DocomoCancelAmount] => 
    [DocomoCancelTax] => 
    [pay_status] => 13
)
 from 210.175.7.20
2025/10/13 20:47:11 [/shop/user_data/pg_mulpay_recv.php] response:true from 210.175.7.20
2025/10/13 20:52:55 [/shop/shopping/load_payment_module.php] SendRequest:https://p01.mul-pay.jp/payment/EntryTran.idPass from 115.130.9.243
2025/10/13 20:52:55 [/shop/shopping/load_payment_module.php] Array
(
    [ShopID] => 9000034600950
    [ShopPass] => ******
    [OrderID] => 962946-13205255
    [JobCd] => CAPTURE
    [Amount] => 11800
    [TdFlag] => 0
    [TdTenantName] => 
)
 from 115.130.9.243
2025/10/13 20:52:55 [/shop/shopping/load_payment_module.php] AccessID=b1bbe759aa6498299d8041e45e88f709&AccessPass=9d5a843e0546091821ee96911262be98 from 115.130.9.243
2025/10/13 20:52:55 [/shop/shopping/load_payment_module.php] Array
(
    [0] => Array
        (
            [AccessID] => b1bbe759aa6498299d8041e45e88f709
            [AccessPass] => 9d5a843e0546091821ee96911262be98
        )

)
 from 115.130.9.243
2025/10/13 20:52:55 [/shop/shopping/load_payment_module.php] load_payment_module.php set payment data:Array
(
    [AccessID] => b1bbe759aa6498299d8041e45e88f709
    [AccessPass] => 9d5a843e0546091821ee96911262be98
    [OrderID] => 962946-13205255
    [Amount] => 11800
    [JobCd] => CAPTURE
    [action_status] => 1
    [pay_status] => 0
)
 from 115.130.9.243
2025/10/13 20:52:55 [/shop/shopping/load_payment_module.php] SendRequest:https://p01.mul-pay.jp/payment/ExecTran.idPass from 115.130.9.243
2025/10/13 20:52:55 [/shop/shopping/load_payment_module.php] Array
(
    [AccessID] => b1bbe759aa6498299d8041e45e88f709
    [AccessPass] => 9d5a843e0546091821ee96911262be98
    [OrderID] => 962946-13205255
    [Method] => 1
    [Token] => d433be3c070e6278225eb82e5a77b6f6210d578f5fe4348e6fff5105b8b3a871
    [ClientField1] => 
    [ClientField2] => 
    [ClientField3] => EC-CUBE4.3.35
)
 from 115.130.9.243
2025/10/13 20:52:56 [/shop/shopping/load_payment_module.php] ACS=0&OrderID=962946-13205255&Forward=2S49631&Method=1&PayTimes=&Approve=0446912&TranID=2510132052602257210134102656&TranDate=20251013205256&CheckString=1e70025285281dfee4f261953ddcacbf from 115.130.9.243
2025/10/13 20:52:56 [/shop/shopping/load_payment_module.php] Array
(
    [0] => Array
        (
            [ACS] => 0
            [OrderID] => 962946-13205255
            [Forward] => 2S49631
            [Method] => 1
            [PayTimes] => 
            [Approve] => 0446912
            [TranID] => 2510132052602257210134102656
            [TranDate] => 20251013205256
            [CheckString] => 1e70025285281dfee4f261953ddcacbf
        )

)
 from 115.130.9.243
2025/10/13 20:52:56 [/shop/shopping/load_payment_module.php] load_payment_module.php set payment data:Array
(
    [ACS] => 0
    [Forward] => 2S49631
    [Method] => 1
    [PayTimes] => 
    [Approve] => 0446912
    [TranID] => 2510132052602257210134102656
    [TranDate] => 20251013205256
    [CheckString] => 1e70025285281dfee4f261953ddcacbf
    [Amount] => 11800
    [JobCd] => CAPTURE
    [action_status] => 3
    [pay_status] => 13
)
 from 115.130.9.243
2025/10/13 20:52:56 [/shop/user_data/pg_mulpay_recv.php] ******* receiveer data start ******* from 210.175.7.20
2025/10/13 20:52:56 [/shop/user_data/pg_mulpay_recv.php] Array
(
    [ShopID] => 9000034600950
    [ShopPass] => **********
    [AccessID] => b1bbe759aa6498299d8041e45e88f709
    [AccessPass] => ********************************
    [OrderID] => 962946-13205255
    [Status] => CAPTURE
    [JobCd] => CAPTURE
    [Amount] => 11800
    [Tax] => 0
    [Currency] => JPN
    [Forward] => 2S49631
    [Method] => 1
    [PayTimes] => 
    [TranID] => 2510132052602257210134102656
    [Approve] => 0446912
    [TranDate] => 20251013205256
    [ErrCode] => 
    [ErrInfo] => 
    [PayType] => 0
)
 from 210.175.7.20
2025/10/13 20:52:56 [/shop/user_data/pg_mulpay_recv.php] ******* receiveer data end ******* from 210.175.7.20
2025/10/13 20:53:01 [/shop/user_data/pg_mulpay_recv.php] update order status:1 order_id=962946 from 210.175.7.20
2025/10/13 20:53:01 [/shop/user_data/pg_mulpay_recv.php] pg_mulpay_recv.php set payment data:Array
(
    [ShopID] => 9000034600950
    [AccessID] => b1bbe759aa6498299d8041e45e88f709
    [OrderID] => 962946-13205255
    [Status] => CAPTURE
    [JobCd] => CAPTURE
    [Amount] => 11800
    [Tax] => 0
    [Currency] => JPN
    [Forward] => 2S49631
    [Method] => 1
    [PayTimes] => 
    [TranID] => 2510132052602257210134102656
    [Approve] => 0446912
    [TranDate] => 20251013205256
    [ErrCode] => 
    [ErrInfo] => 
    [PayType] => 0
    [CvsCode] => 
    [CvsConfNo] => 
    [CvsReceiptNo] => 
    [EdyReceiptNo] => 
    [EdyOrderNo] => 
    [SuicaReceiptNo] => 
    [SuicaOrderNo] => 
    [CustID] => 
    [BkCode] => 
    [ConfNo] => 
    [PaymentTerm] => 
    [EncryptReceiptNo] => 
    [FinishDate] => 
    [ReceiptDate] => 
    [WebMoneyManagementNo] => 
    [WebMoneySettleCode] => 
    [AuPayInfoNo] => 
    [AuPayMethod] => 
    [AuCancelAmount] => 
    [AuCancelTax] => 
    [DocomoSettlementCode] => 
    [DocomoCancelAmount] => 
    [DocomoCancelTax] => 
    [pay_status] => 13
)
 from 210.175.7.20
2025/10/13 20:53:01 [/shop/user_data/pg_mulpay_recv.php] response:true from 210.175.7.20
2025/10/13 21:23:21 [/shop/shopping/load_payment_module.php] SendRequest:https://p01.mul-pay.jp/payment/SearchMember.idPass from 86.252.114.77
2025/10/13 21:23:21 [/shop/shopping/load_payment_module.php] Array
(
    [SiteID] => mst0000007602
    [SitePass] => ******
    [MemberID] => 12146
)
 from 86.252.114.77
2025/10/13 21:23:21 [/shop/shopping/load_payment_module.php] ErrCode=E01&ErrInfo=E01390002 from 86.252.114.77
2025/10/13 21:23:21 [/shop/shopping/load_payment_module.php] Array
(
    [0] => Array
        (
            [ErrCode] => E01
            [ErrInfo] => E01390002
        )

)
 from 86.252.114.77
2025/10/13 21:23:21 [/shop/shopping/load_payment_module.php] SendRequest:https://p01.mul-pay.jp/payment/SearchCard.idPass from 86.252.114.77
2025/10/13 21:23:21 [/shop/shopping/load_payment_module.php] Array
(
    [SiteID] => mst0000007602
    [SitePass] => ******
    [MemberID] => 12146
)
 from 86.252.114.77
2025/10/13 21:23:21 [/shop/shopping/load_payment_module.php] ErrCode=E01|E01&ErrInfo=E01390002|E01240002 from 86.252.114.77
2025/10/13 21:23:21 [/shop/shopping/load_payment_module.php] Array
(
    [0] => Array
        (
            [ErrCode] => E01
            [ErrInfo] => E01390002
        )

    [1] => Array
        (
            [ErrCode] => E01
            [ErrInfo] => E01240002
        )

)
 from 86.252.114.77
2025/10/13 21:26:48 [/shop/shopping/load_payment_module.php] SendRequest:https://p01.mul-pay.jp/payment/SearchMember.idPass from 86.252.114.77
2025/10/13 21:26:48 [/shop/shopping/load_payment_module.php] Array
(
    [SiteID] => mst0000007602
    [SitePass] => ******
    [MemberID] => 12146
)
 from 86.252.114.77
2025/10/13 21:26:48 [/shop/shopping/load_payment_module.php] ErrCode=E01&ErrInfo=E01390002 from 86.252.114.77
2025/10/13 21:26:48 [/shop/shopping/load_payment_module.php] Array
(
    [0] => Array
        (
            [ErrCode] => E01
            [ErrInfo] => E01390002
        )

)
 from 86.252.114.77
2025/10/13 21:26:48 [/shop/shopping/load_payment_module.php] SendRequest:https://p01.mul-pay.jp/payment/SearchCard.idPass from 86.252.114.77
2025/10/13 21:26:48 [/shop/shopping/load_payment_module.php] Array
(
    [SiteID] => mst0000007602
    [SitePass] => ******
    [MemberID] => 12146
)
 from 86.252.114.77
2025/10/13 21:26:48 [/shop/shopping/load_payment_module.php] ErrCode=E01|E01&ErrInfo=E01390002|E01240002 from 86.252.114.77
2025/10/13 21:26:48 [/shop/shopping/load_payment_module.php] Array
(
    [0] => Array
        (
            [ErrCode] => E01
            [ErrInfo] => E01390002
        )

    [1] => Array
        (
            [ErrCode] => E01
            [ErrInfo] => E01240002
        )

)
 from 86.252.114.77
2025/10/13 21:26:48 [/shop/shopping/load_payment_module.php] SendRequest:https://p01.mul-pay.jp/payment/EntryTran.idPass from 86.252.114.77
2025/10/13 21:26:48 [/shop/shopping/load_payment_module.php] Array
(
    [ShopID] => 9000034600950
    [ShopPass] => ******
    [OrderID] => 962947-13212648
    [JobCd] => CAPTURE
    [Amount] => 1101
    [TdFlag] => 0
    [TdTenantName] => 
)
 from 86.252.114.77
2025/10/13 21:26:48 [/shop/shopping/load_payment_module.php] AccessID=76fbaeda23a3fc2f29f7f4d01f2dfe39&AccessPass=c818d37fc37dc5abeb5d7e4a0ce8dee0 from 86.252.114.77
2025/10/13 21:26:48 [/shop/shopping/load_payment_module.php] Array
(
    [0] => Array
        (
            [AccessID] => 76fbaeda23a3fc2f29f7f4d01f2dfe39
            [AccessPass] => c818d37fc37dc5abeb5d7e4a0ce8dee0
        )

)
 from 86.252.114.77
2025/10/13 21:26:48 [/shop/shopping/load_payment_module.php] load_payment_module.php set payment data:Array
(
    [AccessID] => 76fbaeda23a3fc2f29f7f4d01f2dfe39
    [AccessPass] => c818d37fc37dc5abeb5d7e4a0ce8dee0
    [OrderID] => 962947-13212648
    [Amount] => 1101
    [JobCd] => CAPTURE
    [action_status] => 1
    [pay_status] => 0
)
 from 86.252.114.77
2025/10/13 21:26:48 [/shop/shopping/load_payment_module.php] SendRequest:https://p01.mul-pay.jp/payment/ExecTran.idPass from 86.252.114.77
2025/10/13 21:26:48 [/shop/shopping/load_payment_module.php] Array
(
    [AccessID] => 76fbaeda23a3fc2f29f7f4d01f2dfe39
    [AccessPass] => c818d37fc37dc5abeb5d7e4a0ce8dee0
    [OrderID] => 962947-13212648
    [Method] => 1
    [Token] => 68c9e9e569ab62674a4eb7ef3458f66646b4c145d944c880af3f21afef0dbb49
    [ClientField1] => 
    [ClientField2] => 
    [ClientField3] => EC-CUBE4.3.35
)
 from 86.252.114.77
2025/10/13 21:26:49 [/shop/shopping/load_payment_module.php] ACS=0&OrderID=962947-13212648&Forward=2959876&Method=1&PayTimes=&Approve=0314611&TranID=2510132126602257210134102657&TranDate=20251013212649&CheckString=78b79ed5502a26e0b38ca6c3d2eb4778 from 86.252.114.77
2025/10/13 21:26:49 [/shop/shopping/load_payment_module.php] Array
(
    [0] => Array
        (
            [ACS] => 0
            [OrderID] => 962947-13212648
            [Forward] => 2959876
            [Method] => 1
            [PayTimes] => 
            [Approve] => 0314611
            [TranID] => 2510132126602257210134102657
            [TranDate] => 20251013212649
            [CheckString] => 78b79ed5502a26e0b38ca6c3d2eb4778
        )

)
 from 86.252.114.77
2025/10/13 21:26:49 [/shop/shopping/load_payment_module.php] load_payment_module.php set payment data:Array
(
    [ACS] => 0
    [Forward] => 2959876
    [Method] => 1
    [PayTimes] => 
    [Approve] => 0314611
    [TranID] => 2510132126602257210134102657
    [TranDate] => 20251013212649
    [CheckString] => 78b79ed5502a26e0b38ca6c3d2eb4778
    [Amount] => 1101
    [JobCd] => CAPTURE
    [action_status] => 3
    [pay_status] => 13
)
 from 86.252.114.77
2025/10/13 21:26:49 [/shop/user_data/pg_mulpay_recv.php] ******* receiveer data start ******* from 210.175.7.20
2025/10/13 21:26:49 [/shop/user_data/pg_mulpay_recv.php] Array
(
    [ShopID] => 9000034600950
    [ShopPass] => **********
    [AccessID] => 76fbaeda23a3fc2f29f7f4d01f2dfe39
    [AccessPass] => ********************************
    [OrderID] => 962947-13212648
    [Status] => CAPTURE
    [JobCd] => CAPTURE
    [Amount] => 1101
    [Tax] => 0
    [Currency] => JPN
    [Forward] => 2959876
    [Method] => 1
    [PayTimes] => 
    [TranID] => 2510132126602257210134102657
    [Approve] => 0314611
    [TranDate] => 20251013212649
    [ErrCode] => 
    [ErrInfo] => 
    [PayType] => 0
)
 from 210.175.7.20
2025/10/13 21:26:49 [/shop/user_data/pg_mulpay_recv.php] ******* receiveer data end ******* from 210.175.7.20
2025/10/13 21:26:54 [/shop/user_data/pg_mulpay_recv.php] update order status:1 order_id=962947 from 210.175.7.20
2025/10/13 21:26:54 [/shop/user_data/pg_mulpay_recv.php] pg_mulpay_recv.php set payment data:Array
(
    [ShopID] => 9000034600950
    [AccessID] => 76fbaeda23a3fc2f29f7f4d01f2dfe39
    [OrderID] => 962947-13212648
    [Status] => CAPTURE
    [JobCd] => CAPTURE
    [Amount] => 1101
    [Tax] => 0
    [Currency] => JPN
    [Forward] => 2959876
    [Method] => 1
    [PayTimes] => 
    [TranID] => 2510132126602257210134102657
    [Approve] => 0314611
    [TranDate] => 20251013212649
    [ErrCode] => 
    [ErrInfo] => 
    [PayType] => 0
    [CvsCode] => 
    [CvsConfNo] => 
    [CvsReceiptNo] => 
    [EdyReceiptNo] => 
    [EdyOrderNo] => 
    [SuicaReceiptNo] => 
    [SuicaOrderNo] => 
    [CustID] => 
    [BkCode] => 
    [ConfNo] => 
    [PaymentTerm] => 
    [EncryptReceiptNo] => 
    [FinishDate] => 
    [ReceiptDate] => 
    [WebMoneyManagementNo] => 
    [WebMoneySettleCode] => 
    [AuPayInfoNo] => 
    [AuPayMethod] => 
    [AuCancelAmount] => 
    [AuCancelTax] => 
    [DocomoSettlementCode] => 
    [DocomoCancelAmount] => 
    [DocomoCancelTax] => 
    [pay_status] => 13
)
 from 210.175.7.20
2025/10/13 21:26:54 [/shop/user_data/pg_mulpay_recv.php] response:true from 210.175.7.20
