2022/02/01 09:30:38 [/shop/shopping/load_payment_module.php] SendRequest:https://p01.mul-pay.jp/payment/EntryTran.idPass from 204.130.6.8
2022/02/01 09:30:38 [/shop/shopping/load_payment_module.php] Array
(
    [ShopID] => 9000034600950
    [ShopPass] => ******
    [OrderID] => 946225-01093038
    [JobCd] => CAPTURE
    [Amount] => 15700
    [TdFlag] => 0
    [TdTenantName] => 
)
 from 204.130.6.8
2022/02/01 09:30:38 [/shop/shopping/load_payment_module.php] AccessID=7158966b364a2bde368927d7245bf777&AccessPass=096d50268fca20bb14c133983a3f25f8 from 204.130.6.8
2022/02/01 09:30:38 [/shop/shopping/load_payment_module.php] Array
(
    [0] => Array
        (
            [AccessID] => 7158966b364a2bde368927d7245bf777
            [AccessPass] => 096d50268fca20bb14c133983a3f25f8
        )

)
 from 204.130.6.8
2022/02/01 09:30:38 [/shop/shopping/load_payment_module.php] load_payment_module.php set payment data:Array
(
    [AccessID] => 7158966b364a2bde368927d7245bf777
    [AccessPass] => 096d50268fca20bb14c133983a3f25f8
    [OrderID] => 946225-01093038
    [Amount] => 15700
    [JobCd] => CAPTURE
    [action_status] => 1
    [pay_status] => 0
)
 from 204.130.6.8
2022/02/01 09:30:38 [/shop/shopping/load_payment_module.php] SendRequest:https://p01.mul-pay.jp/payment/ExecTran.idPass from 204.130.6.8
2022/02/01 09:30:38 [/shop/shopping/load_payment_module.php] Array
(
    [AccessID] => 7158966b364a2bde368927d7245bf777
    [AccessPass] => 096d50268fca20bb14c133983a3f25f8
    [OrderID] => 946225-01093038
    [Method] => 1
    [Token] => ef8f29f31c62f62db5e9fb73d5757db399b69016884131b192c8024a5b822f9f
    [ClientField1] => 
    [ClientField2] => 
    [ClientField3] => EC-CUBE4.3.35
)
 from 204.130.6.8
2022/02/01 09:30:38 [/shop/shopping/load_payment_module.php] ACS=0&OrderID=946225-01093038&Forward=2S49631&Method=1&PayTimes=&Approve=0023361&TranID=2202010930602257210134180042&TranDate=20220201093038&CheckString=8a71558d4fcd46a3a7c5fa789516e55c from 204.130.6.8
2022/02/01 09:30:38 [/shop/shopping/load_payment_module.php] Array
(
    [0] => Array
        (
            [ACS] => 0
            [OrderID] => 946225-01093038
            [Forward] => 2S49631
            [Method] => 1
            [PayTimes] => 
            [Approve] => 0023361
            [TranID] => 2202010930602257210134180042
            [TranDate] => 20220201093038
            [CheckString] => 8a71558d4fcd46a3a7c5fa789516e55c
        )

)
 from 204.130.6.8
2022/02/01 09:30:38 [/shop/shopping/load_payment_module.php] load_payment_module.php set payment data:Array
(
    [ACS] => 0
    [Forward] => 2S49631
    [Method] => 1
    [PayTimes] => 
    [Approve] => 0023361
    [TranID] => 2202010930602257210134180042
    [TranDate] => 20220201093038
    [CheckString] => 8a71558d4fcd46a3a7c5fa789516e55c
    [Amount] => 15700
    [JobCd] => CAPTURE
    [action_status] => 3
    [pay_status] => 13
)
 from 204.130.6.8
2022/02/01 09:30:39 [/shop/user_data/pg_mulpay_recv.php] ******* receiveer data start ******* from 210.175.7.20
2022/02/01 09:30:39 [/shop/user_data/pg_mulpay_recv.php] Array
(
    [ShopID] => 9000034600950
    [ShopPass] => **********
    [AccessID] => 7158966b364a2bde368927d7245bf777
    [AccessPass] => ********************************
    [OrderID] => 946225-01093038
    [Status] => CAPTURE
    [JobCd] => CAPTURE
    [Amount] => 15700
    [Tax] => 0
    [Currency] => JPN
    [Forward] => 2S49631
    [Method] => 1
    [PayTimes] => 
    [TranID] => 2202010930602257210134180042
    [Approve] => 0023361
    [TranDate] => 20220201093038
    [ErrCode] => 
    [ErrInfo] => 
    [PayType] => 0
)
 from 210.175.7.20
2022/02/01 09:30:39 [/shop/user_data/pg_mulpay_recv.php] ******* receiveer data end ******* from 210.175.7.20
2022/02/01 09:30:44 [/shop/user_data/pg_mulpay_recv.php] update order status:1 order_id=946225 from 210.175.7.20
2022/02/01 09:30:44 [/shop/user_data/pg_mulpay_recv.php] pg_mulpay_recv.php set payment data:Array
(
    [ShopID] => 9000034600950
    [AccessID] => 7158966b364a2bde368927d7245bf777
    [OrderID] => 946225-01093038
    [Status] => CAPTURE
    [JobCd] => CAPTURE
    [Amount] => 15700
    [Tax] => 0
    [Currency] => JPN
    [Forward] => 2S49631
    [Method] => 1
    [PayTimes] => 
    [TranID] => 2202010930602257210134180042
    [Approve] => 0023361
    [TranDate] => 20220201093038
    [ErrCode] => 
    [ErrInfo] => 
    [PayType] => 0
    [CvsCode] => 
    [CvsConfNo] => 
    [CvsReceiptNo] => 
    [EdyReceiptNo] => 
    [EdyOrderNo] => 
    [SuicaReceiptNo] => 
    [SuicaOrderNo] => 
    [CustID] => 
    [BkCode] => 
    [ConfNo] => 
    [PaymentTerm] => 
    [EncryptReceiptNo] => 
    [FinishDate] => 
    [ReceiptDate] => 
    [WebMoneyManagementNo] => 
    [WebMoneySettleCode] => 
    [AuPayInfoNo] => 
    [AuPayMethod] => 
    [AuCancelAmount] => 
    [AuCancelTax] => 
    [DocomoSettlementCode] => 
    [DocomoCancelAmount] => 
    [DocomoCancelTax] => 
    [pay_status] => 13
)
 from 210.175.7.20
2022/02/01 09:30:44 [/shop/user_data/pg_mulpay_recv.php] response:true from 210.175.7.20
2022/02/01 17:38:54 [/shop/shopping/load_payment_module.php] SendRequest:https://p01.mul-pay.jp/payment/SearchMember.idPass from 153.246.159.19
2022/02/01 17:38:54 [/shop/shopping/load_payment_module.php] Array
(
    [SiteID] => mst0000007602
    [SitePass] => ******
    [MemberID] => 10497
)
 from 153.246.159.19
2022/02/01 17:38:54 [/shop/shopping/load_payment_module.php] ErrCode=E01&ErrInfo=E01390002 from 153.246.159.19
2022/02/01 17:38:54 [/shop/shopping/load_payment_module.php] Array
(
    [0] => Array
        (
            [ErrCode] => E01
            [ErrInfo] => E01390002
        )

)
 from 153.246.159.19
2022/02/01 17:38:54 [/shop/shopping/load_payment_module.php] SendRequest:https://p01.mul-pay.jp/payment/SearchCard.idPass from 153.246.159.19
2022/02/01 17:38:54 [/shop/shopping/load_payment_module.php] Array
(
    [SiteID] => mst0000007602
    [SitePass] => ******
    [MemberID] => 10497
)
 from 153.246.159.19
2022/02/01 17:38:54 [/shop/shopping/load_payment_module.php] ErrCode=E01|E01&ErrInfo=E01390002|E01240002 from 153.246.159.19
2022/02/01 17:38:54 [/shop/shopping/load_payment_module.php] Array
(
    [0] => Array
        (
            [ErrCode] => E01
            [ErrInfo] => E01390002
        )

    [1] => Array
        (
            [ErrCode] => E01
            [ErrInfo] => E01240002
        )

)
 from 153.246.159.19
2022/02/01 17:40:13 [/shop/shopping/load_payment_module.php] SendRequest:https://p01.mul-pay.jp/payment/SearchMember.idPass from 153.246.159.19
2022/02/01 17:40:13 [/shop/shopping/load_payment_module.php] Array
(
    [SiteID] => mst0000007602
    [SitePass] => ******
    [MemberID] => 10497
)
 from 153.246.159.19
2022/02/01 17:40:13 [/shop/shopping/load_payment_module.php] ErrCode=E01&ErrInfo=E01390002 from 153.246.159.19
2022/02/01 17:40:13 [/shop/shopping/load_payment_module.php] Array
(
    [0] => Array
        (
            [ErrCode] => E01
            [ErrInfo] => E01390002
        )

)
 from 153.246.159.19
2022/02/01 17:40:13 [/shop/shopping/load_payment_module.php] SendRequest:https://p01.mul-pay.jp/payment/SearchCard.idPass from 153.246.159.19
2022/02/01 17:40:13 [/shop/shopping/load_payment_module.php] Array
(
    [SiteID] => mst0000007602
    [SitePass] => ******
    [MemberID] => 10497
)
 from 153.246.159.19
2022/02/01 17:40:13 [/shop/shopping/load_payment_module.php] ErrCode=E01|E01&ErrInfo=E01390002|E01240002 from 153.246.159.19
2022/02/01 17:40:13 [/shop/shopping/load_payment_module.php] Array
(
    [0] => Array
        (
            [ErrCode] => E01
            [ErrInfo] => E01390002
        )

    [1] => Array
        (
            [ErrCode] => E01
            [ErrInfo] => E01240002
        )

)
 from 153.246.159.19
2022/02/01 17:40:13 [/shop/shopping/load_payment_module.php] SendRequest:https://p01.mul-pay.jp/payment/EntryTran.idPass from 153.246.159.19
2022/02/01 17:40:13 [/shop/shopping/load_payment_module.php] Array
(
    [ShopID] => 9000034600950
    [ShopPass] => ******
    [OrderID] => 946226-01174013
    [JobCd] => CAPTURE
    [Amount] => 3343
    [TdFlag] => 0
    [TdTenantName] => 
)
 from 153.246.159.19
2022/02/01 17:40:13 [/shop/shopping/load_payment_module.php] AccessID=48b628c924d5b3966053ebc3dc2e64c8&AccessPass=00328b7cc5d96fcd19b98c2cf72cffd9 from 153.246.159.19
2022/02/01 17:40:13 [/shop/shopping/load_payment_module.php] Array
(
    [0] => Array
        (
            [AccessID] => 48b628c924d5b3966053ebc3dc2e64c8
            [AccessPass] => 00328b7cc5d96fcd19b98c2cf72cffd9
        )

)
 from 153.246.159.19
2022/02/01 17:40:13 [/shop/shopping/load_payment_module.php] load_payment_module.php set payment data:Array
(
    [AccessID] => 48b628c924d5b3966053ebc3dc2e64c8
    [AccessPass] => 00328b7cc5d96fcd19b98c2cf72cffd9
    [OrderID] => 946226-01174013
    [Amount] => 3343
    [JobCd] => CAPTURE
    [action_status] => 1
    [pay_status] => 0
)
 from 153.246.159.19
2022/02/01 17:40:13 [/shop/shopping/load_payment_module.php] SendRequest:https://p01.mul-pay.jp/payment/ExecTran.idPass from 153.246.159.19
2022/02/01 17:40:13 [/shop/shopping/load_payment_module.php] Array
(
    [AccessID] => 48b628c924d5b3966053ebc3dc2e64c8
    [AccessPass] => 00328b7cc5d96fcd19b98c2cf72cffd9
    [OrderID] => 946226-01174013
    [Method] => 1
    [Token] => 6a3662a98924e062f56ce19439d8d61b73fe193d4362581b11f42d6b57dc7f43
    [ClientField1] => 
    [ClientField2] => 
    [ClientField3] => EC-CUBE4.3.35
)
 from 153.246.159.19
2022/02/01 17:40:14 [/shop/shopping/load_payment_module.php] ACS=0&OrderID=946226-01174013&Forward=2a99661&Method=1&PayTimes=&Approve=0798551&TranID=2202011740602257210134160047&TranDate=20220201174014&CheckString=132e8428870131acb4b4da0cb125e2f8 from 153.246.159.19
2022/02/01 17:40:14 [/shop/shopping/load_payment_module.php] Array
(
    [0] => Array
        (
            [ACS] => 0
            [OrderID] => 946226-01174013
            [Forward] => 2a99661
            [Method] => 1
            [PayTimes] => 
            [Approve] => 0798551
            [TranID] => 2202011740602257210134160047
            [TranDate] => 20220201174014
            [CheckString] => 132e8428870131acb4b4da0cb125e2f8
        )

)
 from 153.246.159.19
2022/02/01 17:40:14 [/shop/shopping/load_payment_module.php] load_payment_module.php set payment data:Array
(
    [ACS] => 0
    [Forward] => 2a99661
    [Method] => 1
    [PayTimes] => 
    [Approve] => 0798551
    [TranID] => 2202011740602257210134160047
    [TranDate] => 20220201174014
    [CheckString] => 132e8428870131acb4b4da0cb125e2f8
    [Amount] => 3343
    [JobCd] => CAPTURE
    [action_status] => 3
    [pay_status] => 13
)
 from 153.246.159.19
2022/02/01 17:40:14 [/shop/user_data/pg_mulpay_recv.php] ******* receiveer data start ******* from 210.175.7.20
2022/02/01 17:40:14 [/shop/user_data/pg_mulpay_recv.php] Array
(
    [ShopID] => 9000034600950
    [ShopPass] => **********
    [AccessID] => 48b628c924d5b3966053ebc3dc2e64c8
    [AccessPass] => ********************************
    [OrderID] => 946226-01174013
    [Status] => CAPTURE
    [JobCd] => CAPTURE
    [Amount] => 3343
    [Tax] => 0
    [Currency] => JPN
    [Forward] => 2a99661
    [Method] => 1
    [PayTimes] => 
    [TranID] => 2202011740602257210134160047
    [Approve] => 0798551
    [TranDate] => 20220201174014
    [ErrCode] => 
    [ErrInfo] => 
    [PayType] => 0
)
 from 210.175.7.20
2022/02/01 17:40:14 [/shop/user_data/pg_mulpay_recv.php] ******* receiveer data end ******* from 210.175.7.20
2022/02/01 17:40:19 [/shop/user_data/pg_mulpay_recv.php] update order status:1 order_id=946226 from 210.175.7.20
2022/02/01 17:40:19 [/shop/user_data/pg_mulpay_recv.php] pg_mulpay_recv.php set payment data:Array
(
    [ShopID] => 9000034600950
    [AccessID] => 48b628c924d5b3966053ebc3dc2e64c8
    [OrderID] => 946226-01174013
    [Status] => CAPTURE
    [JobCd] => CAPTURE
    [Amount] => 3343
    [Tax] => 0
    [Currency] => JPN
    [Forward] => 2a99661
    [Method] => 1
    [PayTimes] => 
    [TranID] => 2202011740602257210134160047
    [Approve] => 0798551
    [TranDate] => 20220201174014
    [ErrCode] => 
    [ErrInfo] => 
    [PayType] => 0
    [CvsCode] => 
    [CvsConfNo] => 
    [CvsReceiptNo] => 
    [EdyReceiptNo] => 
    [EdyOrderNo] => 
    [SuicaReceiptNo] => 
    [SuicaOrderNo] => 
    [CustID] => 
    [BkCode] => 
    [ConfNo] => 
    [PaymentTerm] => 
    [EncryptReceiptNo] => 
    [FinishDate] => 
    [ReceiptDate] => 
    [WebMoneyManagementNo] => 
    [WebMoneySettleCode] => 
    [AuPayInfoNo] => 
    [AuPayMethod] => 
    [AuCancelAmount] => 
    [AuCancelTax] => 
    [DocomoSettlementCode] => 
    [DocomoCancelAmount] => 
    [DocomoCancelTax] => 
    [pay_status] => 13
)
 from 210.175.7.20
2022/02/01 17:40:19 [/shop/user_data/pg_mulpay_recv.php] response:true from 210.175.7.20
2022/02/01 18:12:09 [/shop/shopping/load_payment_module.php] SendRequest:https://p01.mul-pay.jp/payment/SearchMember.idPass from 138.199.21.27
2022/02/01 18:12:09 [/shop/shopping/load_payment_module.php] Array
(
    [SiteID] => mst0000007602
    [SitePass] => ******
    [MemberID] => 10625
)
 from 138.199.21.27
2022/02/01 18:12:09 [/shop/shopping/load_payment_module.php] ErrCode=E01&ErrInfo=E01390002 from 138.199.21.27
2022/02/01 18:12:09 [/shop/shopping/load_payment_module.php] Array
(
    [0] => Array
        (
            [ErrCode] => E01
            [ErrInfo] => E01390002
        )

)
 from 138.199.21.27
2022/02/01 18:12:09 [/shop/shopping/load_payment_module.php] SendRequest:https://p01.mul-pay.jp/payment/SearchCard.idPass from 138.199.21.27
2022/02/01 18:12:09 [/shop/shopping/load_payment_module.php] Array
(
    [SiteID] => mst0000007602
    [SitePass] => ******
    [MemberID] => 10625
)
 from 138.199.21.27
2022/02/01 18:12:09 [/shop/shopping/load_payment_module.php] ErrCode=E01|E01&ErrInfo=E01390002|E01240002 from 138.199.21.27
2022/02/01 18:12:09 [/shop/shopping/load_payment_module.php] Array
(
    [0] => Array
        (
            [ErrCode] => E01
            [ErrInfo] => E01390002
        )

    [1] => Array
        (
            [ErrCode] => E01
            [ErrInfo] => E01240002
        )

)
 from 138.199.21.27
2022/02/01 18:12:40 [/shop/shopping/load_payment_module.php] SendRequest:https://p01.mul-pay.jp/payment/SearchMember.idPass from 138.199.21.27
2022/02/01 18:12:40 [/shop/shopping/load_payment_module.php] Array
(
    [SiteID] => mst0000007602
    [SitePass] => ******
    [MemberID] => 10625
)
 from 138.199.21.27
2022/02/01 18:12:40 [/shop/shopping/load_payment_module.php] ErrCode=E01&ErrInfo=E01390002 from 138.199.21.27
2022/02/01 18:12:40 [/shop/shopping/load_payment_module.php] Array
(
    [0] => Array
        (
            [ErrCode] => E01
            [ErrInfo] => E01390002
        )

)
 from 138.199.21.27
2022/02/01 18:12:40 [/shop/shopping/load_payment_module.php] SendRequest:https://p01.mul-pay.jp/payment/SearchCard.idPass from 138.199.21.27
2022/02/01 18:12:40 [/shop/shopping/load_payment_module.php] Array
(
    [SiteID] => mst0000007602
    [SitePass] => ******
    [MemberID] => 10625
)
 from 138.199.21.27
2022/02/01 18:12:41 [/shop/shopping/load_payment_module.php] ErrCode=E01|E01&ErrInfo=E01390002|E01240002 from 138.199.21.27
2022/02/01 18:12:41 [/shop/shopping/load_payment_module.php] Array
(
    [0] => Array
        (
            [ErrCode] => E01
            [ErrInfo] => E01390002
        )

    [1] => Array
        (
            [ErrCode] => E01
            [ErrInfo] => E01240002
        )

)
 from 138.199.21.27
2022/02/01 18:12:41 [/shop/shopping/load_payment_module.php] SendRequest:https://p01.mul-pay.jp/payment/EntryTran.idPass from 138.199.21.27
2022/02/01 18:12:41 [/shop/shopping/load_payment_module.php] Array
(
    [ShopID] => 9000034600950
    [ShopPass] => ******
    [OrderID] => 946227-01181241
    [JobCd] => CAPTURE
    [Amount] => 6950
    [TdFlag] => 0
    [TdTenantName] => 
)
 from 138.199.21.27
2022/02/01 18:12:41 [/shop/shopping/load_payment_module.php] AccessID=509c57a18e67992aa55e60047046ab1a&AccessPass=6db154d971f46cba21866ac9a40948af from 138.199.21.27
2022/02/01 18:12:41 [/shop/shopping/load_payment_module.php] Array
(
    [0] => Array
        (
            [AccessID] => 509c57a18e67992aa55e60047046ab1a
            [AccessPass] => 6db154d971f46cba21866ac9a40948af
        )

)
 from 138.199.21.27
2022/02/01 18:12:41 [/shop/shopping/load_payment_module.php] load_payment_module.php set payment data:Array
(
    [AccessID] => 509c57a18e67992aa55e60047046ab1a
    [AccessPass] => 6db154d971f46cba21866ac9a40948af
    [OrderID] => 946227-01181241
    [Amount] => 6950
    [JobCd] => CAPTURE
    [action_status] => 1
    [pay_status] => 0
)
 from 138.199.21.27
2022/02/01 18:12:41 [/shop/shopping/load_payment_module.php] SendRequest:https://p01.mul-pay.jp/payment/ExecTran.idPass from 138.199.21.27
2022/02/01 18:12:41 [/shop/shopping/load_payment_module.php] Array
(
    [AccessID] => 509c57a18e67992aa55e60047046ab1a
    [AccessPass] => 6db154d971f46cba21866ac9a40948af
    [OrderID] => 946227-01181241
    [Method] => 1
    [Token] => 1cb326f9260f3b762677a6a773b8033699f208714948f67b83c5ab11bf0dab3e
    [ClientField1] => 
    [ClientField2] => 
    [ClientField3] => EC-CUBE4.3.35
)
 from 138.199.21.27
2022/02/01 18:12:42 [/shop/shopping/load_payment_module.php] ACS=0&OrderID=946227-01181241&Forward=2a99661&Method=1&PayTimes=&Approve=0433001&TranID=2202011812602257210134150045&TranDate=20220201181242&CheckString=d8a3739375dd7b402693f7be8ed064b3 from 138.199.21.27
2022/02/01 18:12:42 [/shop/shopping/load_payment_module.php] Array
(
    [0] => Array
        (
            [ACS] => 0
            [OrderID] => 946227-01181241
            [Forward] => 2a99661
            [Method] => 1
            [PayTimes] => 
            [Approve] => 0433001
            [TranID] => 2202011812602257210134150045
            [TranDate] => 20220201181242
            [CheckString] => d8a3739375dd7b402693f7be8ed064b3
        )

)
 from 138.199.21.27
2022/02/01 18:12:42 [/shop/shopping/load_payment_module.php] load_payment_module.php set payment data:Array
(
    [ACS] => 0
    [Forward] => 2a99661
    [Method] => 1
    [PayTimes] => 
    [Approve] => 0433001
    [TranID] => 2202011812602257210134150045
    [TranDate] => 20220201181242
    [CheckString] => d8a3739375dd7b402693f7be8ed064b3
    [Amount] => 6950
    [JobCd] => CAPTURE
    [action_status] => 3
    [pay_status] => 13
)
 from 138.199.21.27
2022/02/01 18:12:42 [/shop/user_data/pg_mulpay_recv.php] ******* receiveer data start ******* from 210.175.7.20
2022/02/01 18:12:42 [/shop/user_data/pg_mulpay_recv.php] Array
(
    [ShopID] => 9000034600950
    [ShopPass] => **********
    [AccessID] => 509c57a18e67992aa55e60047046ab1a
    [AccessPass] => ********************************
    [OrderID] => 946227-01181241
    [Status] => CAPTURE
    [JobCd] => CAPTURE
    [Amount] => 6950
    [Tax] => 0
    [Currency] => JPN
    [Forward] => 2a99661
    [Method] => 1
    [PayTimes] => 
    [TranID] => 2202011812602257210134150045
    [Approve] => 0433001
    [TranDate] => 20220201181242
    [ErrCode] => 
    [ErrInfo] => 
    [PayType] => 0
)
 from 210.175.7.20
2022/02/01 18:12:42 [/shop/user_data/pg_mulpay_recv.php] ******* receiveer data end ******* from 210.175.7.20
2022/02/01 18:12:47 [/shop/user_data/pg_mulpay_recv.php] update order status:1 order_id=946227 from 210.175.7.20
2022/02/01 18:12:47 [/shop/user_data/pg_mulpay_recv.php] pg_mulpay_recv.php set payment data:Array
(
    [ShopID] => 9000034600950
    [AccessID] => 509c57a18e67992aa55e60047046ab1a
    [OrderID] => 946227-01181241
    [Status] => CAPTURE
    [JobCd] => CAPTURE
    [Amount] => 6950
    [Tax] => 0
    [Currency] => JPN
    [Forward] => 2a99661
    [Method] => 1
    [PayTimes] => 
    [TranID] => 2202011812602257210134150045
    [Approve] => 0433001
    [TranDate] => 20220201181242
    [ErrCode] => 
    [ErrInfo] => 
    [PayType] => 0
    [CvsCode] => 
    [CvsConfNo] => 
    [CvsReceiptNo] => 
    [EdyReceiptNo] => 
    [EdyOrderNo] => 
    [SuicaReceiptNo] => 
    [SuicaOrderNo] => 
    [CustID] => 
    [BkCode] => 
    [ConfNo] => 
    [PaymentTerm] => 
    [EncryptReceiptNo] => 
    [FinishDate] => 
    [ReceiptDate] => 
    [WebMoneyManagementNo] => 
    [WebMoneySettleCode] => 
    [AuPayInfoNo] => 
    [AuPayMethod] => 
    [AuCancelAmount] => 
    [AuCancelTax] => 
    [DocomoSettlementCode] => 
    [DocomoCancelAmount] => 
    [DocomoCancelTax] => 
    [pay_status] => 13
)
 from 210.175.7.20
2022/02/01 18:12:47 [/shop/user_data/pg_mulpay_recv.php] response:true from 210.175.7.20
