2018/12/31 01:57:37 [/shop/shopping/load_payment_module.php] SendRequest:https://p01.mul-pay.jp/payment/EntryTran.idPass from 78.223.171.233
2018/12/31 01:57:37 [/shop/shopping/load_payment_module.php] Array
(
    [ShopID] => 9000034600950
    [ShopPass] => ******
    [OrderID] => 932723-31015737
    [JobCd] => CAPTURE
    [Amount] => 9870
    [TdFlag] => 0
    [TdTenantName] => 
)
 from 78.223.171.233
2018/12/31 01:57:37 [/shop/shopping/load_payment_module.php] AccessID=3174debc091fa634743a86b55f3b6c9b&AccessPass=29646dd80e9517e5afe980e0c56784e4 from 78.223.171.233
2018/12/31 01:57:37 [/shop/shopping/load_payment_module.php] Array
(
    [0] => Array
        (
            [AccessID] => 3174debc091fa634743a86b55f3b6c9b
            [AccessPass] => 29646dd80e9517e5afe980e0c56784e4
        )

)
 from 78.223.171.233
2018/12/31 01:57:37 [/shop/shopping/load_payment_module.php] load_payment_module.php set payment data:Array
(
    [AccessID] => 3174debc091fa634743a86b55f3b6c9b
    [AccessPass] => 29646dd80e9517e5afe980e0c56784e4
    [OrderID] => 932723-31015737
    [Amount] => 9870
    [JobCd] => CAPTURE
    [action_status] => 1
    [pay_status] => 0
)
 from 78.223.171.233
2018/12/31 01:57:37 [/shop/shopping/load_payment_module.php] SendRequest:https://p01.mul-pay.jp/payment/ExecTran.idPass from 78.223.171.233
2018/12/31 01:57:37 [/shop/shopping/load_payment_module.php] Array
(
    [AccessID] => 3174debc091fa634743a86b55f3b6c9b
    [AccessPass] => 29646dd80e9517e5afe980e0c56784e4
    [OrderID] => 932723-31015737
    [Method] => 1
    [Token] => 2480bd96ad45e3232e6aa6cf10f7f7081f69f74bc9690110e00d812c0a4c9ea9
    [ClientField1] => 
    [ClientField2] => 
    [ClientField3] => EC-CUBE4.3.24
)
 from 78.223.171.233
2018/12/31 01:57:39 [/shop/shopping/load_payment_module.php] ACS=0&OrderID=932723-31015737&Forward=2959876&Method=1&PayTimes=&Approve=0569446&TranID=1812310157602257210134119049&TranDate=20181231015739&CheckString=0500290b0a24d8945131ff4de145e6da from 78.223.171.233
2018/12/31 01:57:39 [/shop/shopping/load_payment_module.php] Array
(
    [0] => Array
        (
            [ACS] => 0
            [OrderID] => 932723-31015737
            [Forward] => 2959876
            [Method] => 1
            [PayTimes] => 
            [Approve] => 0569446
            [TranID] => 1812310157602257210134119049
            [TranDate] => 20181231015739
            [CheckString] => 0500290b0a24d8945131ff4de145e6da
        )

)
 from 78.223.171.233
2018/12/31 01:57:39 [/shop/shopping/load_payment_module.php] load_payment_module.php set payment data:Array
(
    [ACS] => 0
    [Forward] => 2959876
    [Method] => 1
    [PayTimes] => 
    [Approve] => 0569446
    [TranID] => 1812310157602257210134119049
    [TranDate] => 20181231015739
    [CheckString] => 0500290b0a24d8945131ff4de145e6da
    [Amount] => 9870
    [JobCd] => CAPTURE
    [action_status] => 3
    [pay_status] => 13
)
 from 78.223.171.233
2018/12/31 02:32:47 [/shop/shopping/load_payment_module.php] SendRequest:https://p01.mul-pay.jp/payment/SearchMember.idPass from 108.74.250.2
2018/12/31 02:32:47 [/shop/shopping/load_payment_module.php] Array
(
    [SiteID] => mst0000007602
    [SitePass] => ******
    [MemberID] => 8379
)
 from 108.74.250.2
2018/12/31 02:32:47 [/shop/shopping/load_payment_module.php] ErrCode=E01&ErrInfo=E01390002 from 108.74.250.2
2018/12/31 02:32:47 [/shop/shopping/load_payment_module.php] Array
(
    [0] => Array
        (
            [ErrCode] => E01
            [ErrInfo] => E01390002
        )

)
 from 108.74.250.2
2018/12/31 02:32:47 [/shop/shopping/load_payment_module.php] SendRequest:https://p01.mul-pay.jp/payment/SearchCard.idPass from 108.74.250.2
2018/12/31 02:32:47 [/shop/shopping/load_payment_module.php] Array
(
    [SiteID] => mst0000007602
    [SitePass] => ******
    [MemberID] => 8379
)
 from 108.74.250.2
2018/12/31 02:32:47 [/shop/shopping/load_payment_module.php] ErrCode=E01|E01&ErrInfo=E01390002|E01240002 from 108.74.250.2
2018/12/31 02:32:47 [/shop/shopping/load_payment_module.php] Array
(
    [0] => Array
        (
            [ErrCode] => E01
            [ErrInfo] => E01390002
        )

    [1] => Array
        (
            [ErrCode] => E01
            [ErrInfo] => E01240002
        )

)
 from 108.74.250.2
2018/12/31 02:33:25 [/shop/shopping/load_payment_module.php] SendRequest:https://p01.mul-pay.jp/payment/SearchMember.idPass from 108.74.250.2
2018/12/31 02:33:25 [/shop/shopping/load_payment_module.php] Array
(
    [SiteID] => mst0000007602
    [SitePass] => ******
    [MemberID] => 8379
)
 from 108.74.250.2
2018/12/31 02:33:25 [/shop/shopping/load_payment_module.php] ErrCode=E01&ErrInfo=E01390002 from 108.74.250.2
2018/12/31 02:33:25 [/shop/shopping/load_payment_module.php] Array
(
    [0] => Array
        (
            [ErrCode] => E01
            [ErrInfo] => E01390002
        )

)
 from 108.74.250.2
2018/12/31 02:33:25 [/shop/shopping/load_payment_module.php] SendRequest:https://p01.mul-pay.jp/payment/SearchCard.idPass from 108.74.250.2
2018/12/31 02:33:25 [/shop/shopping/load_payment_module.php] Array
(
    [SiteID] => mst0000007602
    [SitePass] => ******
    [MemberID] => 8379
)
 from 108.74.250.2
2018/12/31 02:33:26 [/shop/shopping/load_payment_module.php] ErrCode=E01|E01&ErrInfo=E01390002|E01240002 from 108.74.250.2
2018/12/31 02:33:26 [/shop/shopping/load_payment_module.php] Array
(
    [0] => Array
        (
            [ErrCode] => E01
            [ErrInfo] => E01390002
        )

    [1] => Array
        (
            [ErrCode] => E01
            [ErrInfo] => E01240002
        )

)
 from 108.74.250.2
2018/12/31 02:33:26 [/shop/shopping/load_payment_module.php] SendRequest:https://p01.mul-pay.jp/payment/EntryTran.idPass from 108.74.250.2
2018/12/31 02:33:26 [/shop/shopping/load_payment_module.php] Array
(
    [ShopID] => 9000034600950
    [ShopPass] => ******
    [OrderID] => 932724-31023326
    [JobCd] => CAPTURE
    [Amount] => 7110
    [TdFlag] => 0
    [TdTenantName] => 
)
 from 108.74.250.2
2018/12/31 02:33:26 [/shop/shopping/load_payment_module.php] AccessID=3f61e35f70b8bf232b8ebfd23af72668&AccessPass=d229420b9544a99d179e43e61d2e418e from 108.74.250.2
2018/12/31 02:33:26 [/shop/shopping/load_payment_module.php] Array
(
    [0] => Array
        (
            [AccessID] => 3f61e35f70b8bf232b8ebfd23af72668
            [AccessPass] => d229420b9544a99d179e43e61d2e418e
        )

)
 from 108.74.250.2
2018/12/31 02:33:26 [/shop/shopping/load_payment_module.php] load_payment_module.php set payment data:Array
(
    [AccessID] => 3f61e35f70b8bf232b8ebfd23af72668
    [AccessPass] => d229420b9544a99d179e43e61d2e418e
    [OrderID] => 932724-31023326
    [Amount] => 7110
    [JobCd] => CAPTURE
    [action_status] => 1
    [pay_status] => 0
)
 from 108.74.250.2
2018/12/31 02:33:26 [/shop/shopping/load_payment_module.php] SendRequest:https://p01.mul-pay.jp/payment/ExecTran.idPass from 108.74.250.2
2018/12/31 02:33:26 [/shop/shopping/load_payment_module.php] Array
(
    [AccessID] => 3f61e35f70b8bf232b8ebfd23af72668
    [AccessPass] => d229420b9544a99d179e43e61d2e418e
    [OrderID] => 932724-31023326
    [Method] => 1
    [Token] => 6bebc167b5a4bc52bc9b19a45930c73404bcf3261d68b5ba6d73299fcd89e065
    [ClientField1] => 
    [ClientField2] => 
    [ClientField3] => EC-CUBE4.3.24
)
 from 108.74.250.2
2018/12/31 02:33:28 [/shop/shopping/load_payment_module.php] ACS=0&OrderID=932724-31023326&Forward=2959876&Method=1&PayTimes=&Approve=0403347&TranID=1812310233602257210134139003&TranDate=20181231023328&CheckString=b50bfd7881724326c67deaee6c3214c3 from 108.74.250.2
2018/12/31 02:33:28 [/shop/shopping/load_payment_module.php] Array
(
    [0] => Array
        (
            [ACS] => 0
            [OrderID] => 932724-31023326
            [Forward] => 2959876
            [Method] => 1
            [PayTimes] => 
            [Approve] => 0403347
            [TranID] => 1812310233602257210134139003
            [TranDate] => 20181231023328
            [CheckString] => b50bfd7881724326c67deaee6c3214c3
        )

)
 from 108.74.250.2
2018/12/31 02:33:28 [/shop/shopping/load_payment_module.php] load_payment_module.php set payment data:Array
(
    [ACS] => 0
    [Forward] => 2959876
    [Method] => 1
    [PayTimes] => 
    [Approve] => 0403347
    [TranID] => 1812310233602257210134139003
    [TranDate] => 20181231023328
    [CheckString] => b50bfd7881724326c67deaee6c3214c3
    [Amount] => 7110
    [JobCd] => CAPTURE
    [action_status] => 3
    [pay_status] => 13
)
 from 108.74.250.2
2018/12/31 02:50:51 [/shop/shopping/load_payment_module.php] SendRequest:https://p01.mul-pay.jp/payment/EntryTran.idPass from 91.17.172.136
2018/12/31 02:50:51 [/shop/shopping/load_payment_module.php] Array
(
    [ShopID] => 9000034600950
    [ShopPass] => ******
    [OrderID] => 932725-31025051
    [JobCd] => CAPTURE
    [Amount] => 9870
    [TdFlag] => 0
    [TdTenantName] => 
)
 from 91.17.172.136
2018/12/31 02:50:52 [/shop/shopping/load_payment_module.php] AccessID=83677493e6be57e15c048d68d30584ac&AccessPass=0e59a14265aeb1813b2b66a7ea10eb3e from 91.17.172.136
2018/12/31 02:50:52 [/shop/shopping/load_payment_module.php] Array
(
    [0] => Array
        (
            [AccessID] => 83677493e6be57e15c048d68d30584ac
            [AccessPass] => 0e59a14265aeb1813b2b66a7ea10eb3e
        )

)
 from 91.17.172.136
2018/12/31 02:50:52 [/shop/shopping/load_payment_module.php] load_payment_module.php set payment data:Array
(
    [AccessID] => 83677493e6be57e15c048d68d30584ac
    [AccessPass] => 0e59a14265aeb1813b2b66a7ea10eb3e
    [OrderID] => 932725-31025051
    [Amount] => 9870
    [JobCd] => CAPTURE
    [action_status] => 1
    [pay_status] => 0
)
 from 91.17.172.136
2018/12/31 02:50:52 [/shop/shopping/load_payment_module.php] SendRequest:https://p01.mul-pay.jp/payment/ExecTran.idPass from 91.17.172.136
2018/12/31 02:50:52 [/shop/shopping/load_payment_module.php] Array
(
    [AccessID] => 83677493e6be57e15c048d68d30584ac
    [AccessPass] => 0e59a14265aeb1813b2b66a7ea10eb3e
    [OrderID] => 932725-31025051
    [Method] => 1
    [Token] => a987750bb52a56007bed121ee02d40b60ada43eb2c8a7233d0ae60d9ae8c9a27
    [ClientField1] => 
    [ClientField2] => 
    [ClientField3] => EC-CUBE4.3.24
)
 from 91.17.172.136
2018/12/31 02:50:53 [/shop/shopping/load_payment_module.php] ACS=0&OrderID=932725-31025051&Forward=2959876&Method=1&PayTimes=&Approve=0015954&TranID=1812310250602257210134129070&TranDate=20181231025053&CheckString=ac3a0e6f6ae374cc25923665725f17e9 from 91.17.172.136
2018/12/31 02:50:53 [/shop/shopping/load_payment_module.php] Array
(
    [0] => Array
        (
            [ACS] => 0
            [OrderID] => 932725-31025051
            [Forward] => 2959876
            [Method] => 1
            [PayTimes] => 
            [Approve] => 0015954
            [TranID] => 1812310250602257210134129070
            [TranDate] => 20181231025053
            [CheckString] => ac3a0e6f6ae374cc25923665725f17e9
        )

)
 from 91.17.172.136
2018/12/31 02:50:53 [/shop/shopping/load_payment_module.php] load_payment_module.php set payment data:Array
(
    [ACS] => 0
    [Forward] => 2959876
    [Method] => 1
    [PayTimes] => 
    [Approve] => 0015954
    [TranID] => 1812310250602257210134129070
    [TranDate] => 20181231025053
    [CheckString] => ac3a0e6f6ae374cc25923665725f17e9
    [Amount] => 9870
    [JobCd] => CAPTURE
    [action_status] => 3
    [pay_status] => 13
)
 from 91.17.172.136
2018/12/31 10:48:10 [/shop/admin/order/edit.php] edit.php set payment data:Array
(
    [no_update_status_flg] => 1
)
 from 153.142.16.212
2018/12/31 10:48:10 [/shop/admin/order/edit.php] SendRequest:https://p01.mul-pay.jp/payment/ChangeTran.idPass from 153.142.16.212
2018/12/31 10:48:10 [/shop/admin/order/edit.php] Array
(
    [ShopID] => 9000034600950
    [ShopPass] => ******
    [AccessID] => 47c5afe0bb17a0329f7dfdd0862a2ebc
    [AccessPass] => b2af8bcb1e1a293d585fb1a26361af35
    [JobCd] => CAPTURE
    [Amount] => 15190
)
 from 153.142.16.212
2018/12/31 10:48:11 [/shop/admin/order/edit.php] AccessID=47c5afe0bb17a0329f7dfdd0862a2ebc&AccessPass=b2af8bcb1e1a293d585fb1a26361af35&Forward=2S49631&Approve=0043375&TranID=1812311048602257210134119050&TranDate=20181231104810 from 153.142.16.212
2018/12/31 10:48:11 [/shop/admin/order/edit.php] Array
(
    [0] => Array
        (
            [AccessID] => 47c5afe0bb17a0329f7dfdd0862a2ebc
            [AccessPass] => b2af8bcb1e1a293d585fb1a26361af35
            [Forward] => 2S49631
            [Approve] => 0043375
            [TranID] => 1812311048602257210134119050
            [TranDate] => 20181231104810
        )

)
 from 153.142.16.212
2018/12/31 10:48:11 [/shop/admin/order/edit.php] edit.php set payment data:Array
(
    [AccessID] => 47c5afe0bb17a0329f7dfdd0862a2ebc
    [AccessPass] => b2af8bcb1e1a293d585fb1a26361af35
    [Forward] => 2S49631
    [Approve] => 0043375
    [TranID] => 1812311048602257210134119050
    [TranDate] => 20181231104810
    [action_status] => 6
    [pay_status] => 13
    [JobCd] => CAPTURE
    [Amount] => 15190
)
 from 153.142.16.212
2018/12/31 12:28:59 [/shop/shopping/load_payment_module.php] SendRequest:https://p01.mul-pay.jp/payment/SearchMember.idPass from 121.101.168.56
2018/12/31 12:28:59 [/shop/shopping/load_payment_module.php] Array
(
    [SiteID] => mst0000007602
    [SitePass] => ******
    [MemberID] => 8380
)
 from 121.101.168.56
2018/12/31 12:28:59 [/shop/shopping/load_payment_module.php] ErrCode=E01&ErrInfo=E01390002 from 121.101.168.56
2018/12/31 12:28:59 [/shop/shopping/load_payment_module.php] Array
(
    [0] => Array
        (
            [ErrCode] => E01
            [ErrInfo] => E01390002
        )

)
 from 121.101.168.56
2018/12/31 12:28:59 [/shop/shopping/load_payment_module.php] SendRequest:https://p01.mul-pay.jp/payment/SearchCard.idPass from 121.101.168.56
2018/12/31 12:28:59 [/shop/shopping/load_payment_module.php] Array
(
    [SiteID] => mst0000007602
    [SitePass] => ******
    [MemberID] => 8380
)
 from 121.101.168.56
2018/12/31 12:28:59 [/shop/shopping/load_payment_module.php] ErrCode=E01|E01&ErrInfo=E01390002|E01240002 from 121.101.168.56
2018/12/31 12:28:59 [/shop/shopping/load_payment_module.php] Array
(
    [0] => Array
        (
            [ErrCode] => E01
            [ErrInfo] => E01390002
        )

    [1] => Array
        (
            [ErrCode] => E01
            [ErrInfo] => E01240002
        )

)
 from 121.101.168.56
2018/12/31 12:39:40 [/shop/shopping/load_payment_module.php] SendRequest:https://p01.mul-pay.jp/payment/SearchMember.idPass from 121.101.168.56
2018/12/31 12:39:40 [/shop/shopping/load_payment_module.php] Array
(
    [SiteID] => mst0000007602
    [SitePass] => ******
    [MemberID] => 8380
)
 from 121.101.168.56
2018/12/31 12:39:41 [/shop/shopping/load_payment_module.php] ErrCode=E01&ErrInfo=E01390002 from 121.101.168.56
2018/12/31 12:39:41 [/shop/shopping/load_payment_module.php] Array
(
    [0] => Array
        (
            [ErrCode] => E01
            [ErrInfo] => E01390002
        )

)
 from 121.101.168.56
2018/12/31 12:39:41 [/shop/shopping/load_payment_module.php] SendRequest:https://p01.mul-pay.jp/payment/SearchCard.idPass from 121.101.168.56
2018/12/31 12:39:41 [/shop/shopping/load_payment_module.php] Array
(
    [SiteID] => mst0000007602
    [SitePass] => ******
    [MemberID] => 8380
)
 from 121.101.168.56
2018/12/31 12:39:41 [/shop/shopping/load_payment_module.php] ErrCode=E01|E01&ErrInfo=E01390002|E01240002 from 121.101.168.56
2018/12/31 12:39:41 [/shop/shopping/load_payment_module.php] Array
(
    [0] => Array
        (
            [ErrCode] => E01
            [ErrInfo] => E01390002
        )

    [1] => Array
        (
            [ErrCode] => E01
            [ErrInfo] => E01240002
        )

)
 from 121.101.168.56
2018/12/31 13:07:20 [/shop/shopping/load_payment_module.php] SendRequest:https://p01.mul-pay.jp/payment/SearchMember.idPass from 121.101.168.56
2018/12/31 13:07:20 [/shop/shopping/load_payment_module.php] Array
(
    [SiteID] => mst0000007602
    [SitePass] => ******
    [MemberID] => 8380
)
 from 121.101.168.56
2018/12/31 13:07:20 [/shop/shopping/load_payment_module.php] ErrCode=E01&ErrInfo=E01390002 from 121.101.168.56
2018/12/31 13:07:20 [/shop/shopping/load_payment_module.php] Array
(
    [0] => Array
        (
            [ErrCode] => E01
            [ErrInfo] => E01390002
        )

)
 from 121.101.168.56
2018/12/31 13:07:20 [/shop/shopping/load_payment_module.php] SendRequest:https://p01.mul-pay.jp/payment/SearchCard.idPass from 121.101.168.56
2018/12/31 13:07:20 [/shop/shopping/load_payment_module.php] Array
(
    [SiteID] => mst0000007602
    [SitePass] => ******
    [MemberID] => 8380
)
 from 121.101.168.56
2018/12/31 13:07:20 [/shop/shopping/load_payment_module.php] ErrCode=E01|E01&ErrInfo=E01390002|E01240002 from 121.101.168.56
2018/12/31 13:07:20 [/shop/shopping/load_payment_module.php] Array
(
    [0] => Array
        (
            [ErrCode] => E01
            [ErrInfo] => E01390002
        )

    [1] => Array
        (
            [ErrCode] => E01
            [ErrInfo] => E01240002
        )

)
 from 121.101.168.56
2018/12/31 13:08:16 [/shop/shopping/load_payment_module.php] SendRequest:https://p01.mul-pay.jp/payment/SearchMember.idPass from 121.101.168.56
2018/12/31 13:08:16 [/shop/shopping/load_payment_module.php] Array
(
    [SiteID] => mst0000007602
    [SitePass] => ******
    [MemberID] => 8380
)
 from 121.101.168.56
2018/12/31 13:08:16 [/shop/shopping/load_payment_module.php] ErrCode=E01&ErrInfo=E01390002 from 121.101.168.56
2018/12/31 13:08:16 [/shop/shopping/load_payment_module.php] Array
(
    [0] => Array
        (
            [ErrCode] => E01
            [ErrInfo] => E01390002
        )

)
 from 121.101.168.56
2018/12/31 13:08:16 [/shop/shopping/load_payment_module.php] SendRequest:https://p01.mul-pay.jp/payment/SearchCard.idPass from 121.101.168.56
2018/12/31 13:08:16 [/shop/shopping/load_payment_module.php] Array
(
    [SiteID] => mst0000007602
    [SitePass] => ******
    [MemberID] => 8380
)
 from 121.101.168.56
2018/12/31 13:08:16 [/shop/shopping/load_payment_module.php] ErrCode=E01|E01&ErrInfo=E01390002|E01240002 from 121.101.168.56
2018/12/31 13:08:16 [/shop/shopping/load_payment_module.php] Array
(
    [0] => Array
        (
            [ErrCode] => E01
            [ErrInfo] => E01390002
        )

    [1] => Array
        (
            [ErrCode] => E01
            [ErrInfo] => E01240002
        )

)
 from 121.101.168.56
2018/12/31 13:08:16 [/shop/shopping/load_payment_module.php] SendRequest:https://p01.mul-pay.jp/payment/EntryTran.idPass from 121.101.168.56
2018/12/31 13:08:16 [/shop/shopping/load_payment_module.php] Array
(
    [ShopID] => 9000034600950
    [ShopPass] => ******
    [OrderID] => 932728-31130816
    [JobCd] => CAPTURE
    [Amount] => 8160
    [TdFlag] => 0
    [TdTenantName] => 
)
 from 121.101.168.56
2018/12/31 13:08:16 [/shop/shopping/load_payment_module.php] AccessID=0792a51a40071ee458101988bb2d061e&AccessPass=0dc6cb168781b7ceda328870b5b5c79c from 121.101.168.56
2018/12/31 13:08:16 [/shop/shopping/load_payment_module.php] Array
(
    [0] => Array
        (
            [AccessID] => 0792a51a40071ee458101988bb2d061e
            [AccessPass] => 0dc6cb168781b7ceda328870b5b5c79c
        )

)
 from 121.101.168.56
2018/12/31 13:08:16 [/shop/shopping/load_payment_module.php] load_payment_module.php set payment data:Array
(
    [AccessID] => 0792a51a40071ee458101988bb2d061e
    [AccessPass] => 0dc6cb168781b7ceda328870b5b5c79c
    [OrderID] => 932728-31130816
    [Amount] => 8160
    [JobCd] => CAPTURE
    [action_status] => 1
    [pay_status] => 0
)
 from 121.101.168.56
2018/12/31 13:08:16 [/shop/shopping/load_payment_module.php] SendRequest:https://p01.mul-pay.jp/payment/ExecTran.idPass from 121.101.168.56
2018/12/31 13:08:16 [/shop/shopping/load_payment_module.php] Array
(
    [AccessID] => 0792a51a40071ee458101988bb2d061e
    [AccessPass] => 0dc6cb168781b7ceda328870b5b5c79c
    [OrderID] => 932728-31130816
    [Method] => 1
    [Token] => 5a23c7632d17fdc20013674a995821f29352d4720eb32f7a5a8504de061b859d
    [ClientField1] => 
    [ClientField2] => 
    [ClientField3] => EC-CUBE4.3.24
)
 from 121.101.168.56
2018/12/31 13:08:18 [/shop/shopping/load_payment_module.php] ACS=0&OrderID=932728-31130816&Forward=2S49631&Method=1&PayTimes=&Approve=0078767&TranID=1812311308602257210134129071&TranDate=20181231130818&CheckString=add830ab36809f143fbccb05fb4155c3 from 121.101.168.56
2018/12/31 13:08:18 [/shop/shopping/load_payment_module.php] Array
(
    [0] => Array
        (
            [ACS] => 0
            [OrderID] => 932728-31130816
            [Forward] => 2S49631
            [Method] => 1
            [PayTimes] => 
            [Approve] => 0078767
            [TranID] => 1812311308602257210134129071
            [TranDate] => 20181231130818
            [CheckString] => add830ab36809f143fbccb05fb4155c3
        )

)
 from 121.101.168.56
2018/12/31 13:08:18 [/shop/shopping/load_payment_module.php] load_payment_module.php set payment data:Array
(
    [ACS] => 0
    [Forward] => 2S49631
    [Method] => 1
    [PayTimes] => 
    [Approve] => 0078767
    [TranID] => 1812311308602257210134129071
    [TranDate] => 20181231130818
    [CheckString] => add830ab36809f143fbccb05fb4155c3
    [Amount] => 8160
    [JobCd] => CAPTURE
    [action_status] => 3
    [pay_status] => 13
)
 from 121.101.168.56
2018/12/31 13:57:28 [/shop/shopping/load_payment_module.php] SendRequest:https://p01.mul-pay.jp/payment/EntryTran.idPass from 119.17.139.49
2018/12/31 13:57:28 [/shop/shopping/load_payment_module.php] Array
(
    [ShopID] => 9000034600950
    [ShopPass] => ******
    [OrderID] => 932729-31135728
    [JobCd] => CAPTURE
    [Amount] => 8760
    [TdFlag] => 0
    [TdTenantName] => 
)
 from 119.17.139.49
2018/12/31 13:57:29 [/shop/shopping/load_payment_module.php] AccessID=5dc2d62fb4883a76e7a14031e73d0075&AccessPass=d35a5593ff432f5f7645e239e5858e95 from 119.17.139.49
2018/12/31 13:57:29 [/shop/shopping/load_payment_module.php] Array
(
    [0] => Array
        (
            [AccessID] => 5dc2d62fb4883a76e7a14031e73d0075
            [AccessPass] => d35a5593ff432f5f7645e239e5858e95
        )

)
 from 119.17.139.49
2018/12/31 13:57:29 [/shop/shopping/load_payment_module.php] load_payment_module.php set payment data:Array
(
    [AccessID] => 5dc2d62fb4883a76e7a14031e73d0075
    [AccessPass] => d35a5593ff432f5f7645e239e5858e95
    [OrderID] => 932729-31135728
    [Amount] => 8760
    [JobCd] => CAPTURE
    [action_status] => 1
    [pay_status] => 0
)
 from 119.17.139.49
2018/12/31 13:57:29 [/shop/shopping/load_payment_module.php] SendRequest:https://p01.mul-pay.jp/payment/ExecTran.idPass from 119.17.139.49
2018/12/31 13:57:29 [/shop/shopping/load_payment_module.php] Array
(
    [AccessID] => 5dc2d62fb4883a76e7a14031e73d0075
    [AccessPass] => d35a5593ff432f5f7645e239e5858e95
    [OrderID] => 932729-31135728
    [Method] => 1
    [Token] => d75039dcea2d2ed0737c95e1f84bdc4db84ec3e4b63829b1b6bb5c0896d100fc
    [ClientField1] => 
    [ClientField2] => 
    [ClientField3] => EC-CUBE4.3.24
)
 from 119.17.139.49
2018/12/31 13:57:30 [/shop/shopping/load_payment_module.php] ACS=0&OrderID=932729-31135728&Forward=2S49631&Method=1&PayTimes=&Approve=0385268&TranID=1812311357602257210134119051&TranDate=20181231135730&CheckString=bc76e3d1d074cbb8a9711453817ea7c1 from 119.17.139.49
2018/12/31 13:57:30 [/shop/shopping/load_payment_module.php] Array
(
    [0] => Array
        (
            [ACS] => 0
            [OrderID] => 932729-31135728
            [Forward] => 2S49631
            [Method] => 1
            [PayTimes] => 
            [Approve] => 0385268
            [TranID] => 1812311357602257210134119051
            [TranDate] => 20181231135730
            [CheckString] => bc76e3d1d074cbb8a9711453817ea7c1
        )

)
 from 119.17.139.49
2018/12/31 13:57:30 [/shop/shopping/load_payment_module.php] load_payment_module.php set payment data:Array
(
    [ACS] => 0
    [Forward] => 2S49631
    [Method] => 1
    [PayTimes] => 
    [Approve] => 0385268
    [TranID] => 1812311357602257210134119051
    [TranDate] => 20181231135730
    [CheckString] => bc76e3d1d074cbb8a9711453817ea7c1
    [Amount] => 8760
    [JobCd] => CAPTURE
    [action_status] => 3
    [pay_status] => 13
)
 from 119.17.139.49
2018/12/31 14:43:56 [/shop/shopping/load_payment_module.php] SendRequest:https://p01.mul-pay.jp/payment/EntryTran.idPass from 95.66.127.221
2018/12/31 14:43:56 [/shop/shopping/load_payment_module.php] Array
(
    [ShopID] => 9000034600950
    [ShopPass] => ******
    [OrderID] => 932730-31144356
    [JobCd] => CAPTURE
    [Amount] => 36240
    [TdFlag] => 0
    [TdTenantName] => 
)
 from 95.66.127.221
2018/12/31 14:43:56 [/shop/shopping/load_payment_module.php] AccessID=cf6a3734041acb4eb11b515e9d56f55b&AccessPass=b75f816072cb709c32bad35a28138540 from 95.66.127.221
2018/12/31 14:43:56 [/shop/shopping/load_payment_module.php] Array
(
    [0] => Array
        (
            [AccessID] => cf6a3734041acb4eb11b515e9d56f55b
            [AccessPass] => b75f816072cb709c32bad35a28138540
        )

)
 from 95.66.127.221
2018/12/31 14:43:56 [/shop/shopping/load_payment_module.php] load_payment_module.php set payment data:Array
(
    [AccessID] => cf6a3734041acb4eb11b515e9d56f55b
    [AccessPass] => b75f816072cb709c32bad35a28138540
    [OrderID] => 932730-31144356
    [Amount] => 36240
    [JobCd] => CAPTURE
    [action_status] => 1
    [pay_status] => 0
)
 from 95.66.127.221
2018/12/31 14:43:56 [/shop/shopping/load_payment_module.php] SendRequest:https://p01.mul-pay.jp/payment/ExecTran.idPass from 95.66.127.221
2018/12/31 14:43:56 [/shop/shopping/load_payment_module.php] Array
(
    [AccessID] => cf6a3734041acb4eb11b515e9d56f55b
    [AccessPass] => b75f816072cb709c32bad35a28138540
    [OrderID] => 932730-31144356
    [Method] => 1
    [Token] => 94e303029c25eafa997af465a05e432f41d2fff6d957169253ad489c29b2a3df
    [ClientField1] => 
    [ClientField2] => 
    [ClientField3] => EC-CUBE4.3.24
)
 from 95.66.127.221
2018/12/31 14:43:57 [/shop/shopping/load_payment_module.php] ACS=0&OrderID=932730-31144356&Forward=2S49631&Method=1&PayTimes=&Approve=0233822&TranID=1812311443602257210134139005&TranDate=20181231144357&CheckString=edb9c2ef6e7575d4c03eecbfd1a74f9a from 95.66.127.221
2018/12/31 14:43:57 [/shop/shopping/load_payment_module.php] Array
(
    [0] => Array
        (
            [ACS] => 0
            [OrderID] => 932730-31144356
            [Forward] => 2S49631
            [Method] => 1
            [PayTimes] => 
            [Approve] => 0233822
            [TranID] => 1812311443602257210134139005
            [TranDate] => 20181231144357
            [CheckString] => edb9c2ef6e7575d4c03eecbfd1a74f9a
        )

)
 from 95.66.127.221
2018/12/31 14:43:57 [/shop/shopping/load_payment_module.php] load_payment_module.php set payment data:Array
(
    [ACS] => 0
    [Forward] => 2S49631
    [Method] => 1
    [PayTimes] => 
    [Approve] => 0233822
    [TranID] => 1812311443602257210134139005
    [TranDate] => 20181231144357
    [CheckString] => edb9c2ef6e7575d4c03eecbfd1a74f9a
    [Amount] => 36240
    [JobCd] => CAPTURE
    [action_status] => 3
    [pay_status] => 13
)
 from 95.66.127.221
2018/12/31 16:20:07 [/shop/shopping/load_payment_module.php] SendRequest:https://p01.mul-pay.jp/payment/SearchMember.idPass from 121.55.194.114
2018/12/31 16:20:07 [/shop/shopping/load_payment_module.php] Array
(
    [SiteID] => mst0000007602
    [SitePass] => ******
    [MemberID] => 8381
)
 from 121.55.194.114
2018/12/31 16:20:08 [/shop/shopping/load_payment_module.php] ErrCode=E01&ErrInfo=E01390002 from 121.55.194.114
2018/12/31 16:20:08 [/shop/shopping/load_payment_module.php] Array
(
    [0] => Array
        (
            [ErrCode] => E01
            [ErrInfo] => E01390002
        )

)
 from 121.55.194.114
2018/12/31 16:20:08 [/shop/shopping/load_payment_module.php] SendRequest:https://p01.mul-pay.jp/payment/SearchCard.idPass from 121.55.194.114
2018/12/31 16:20:08 [/shop/shopping/load_payment_module.php] Array
(
    [SiteID] => mst0000007602
    [SitePass] => ******
    [MemberID] => 8381
)
 from 121.55.194.114
2018/12/31 16:20:08 [/shop/shopping/load_payment_module.php] ErrCode=E01|E01&ErrInfo=E01390002|E01240002 from 121.55.194.114
2018/12/31 16:20:08 [/shop/shopping/load_payment_module.php] Array
(
    [0] => Array
        (
            [ErrCode] => E01
            [ErrInfo] => E01390002
        )

    [1] => Array
        (
            [ErrCode] => E01
            [ErrInfo] => E01240002
        )

)
 from 121.55.194.114
2018/12/31 16:20:47 [/shop/shopping/load_payment_module.php] SendRequest:https://p01.mul-pay.jp/payment/SearchMember.idPass from 121.55.194.114
2018/12/31 16:20:47 [/shop/shopping/load_payment_module.php] Array
(
    [SiteID] => mst0000007602
    [SitePass] => ******
    [MemberID] => 8381
)
 from 121.55.194.114
2018/12/31 16:20:47 [/shop/shopping/load_payment_module.php] ErrCode=E01&ErrInfo=E01390002 from 121.55.194.114
2018/12/31 16:20:47 [/shop/shopping/load_payment_module.php] Array
(
    [0] => Array
        (
            [ErrCode] => E01
            [ErrInfo] => E01390002
        )

)
 from 121.55.194.114
2018/12/31 16:20:47 [/shop/shopping/load_payment_module.php] SendRequest:https://p01.mul-pay.jp/payment/SearchCard.idPass from 121.55.194.114
2018/12/31 16:20:47 [/shop/shopping/load_payment_module.php] Array
(
    [SiteID] => mst0000007602
    [SitePass] => ******
    [MemberID] => 8381
)
 from 121.55.194.114
2018/12/31 16:20:47 [/shop/shopping/load_payment_module.php] ErrCode=E01|E01&ErrInfo=E01390002|E01240002 from 121.55.194.114
2018/12/31 16:20:47 [/shop/shopping/load_payment_module.php] Array
(
    [0] => Array
        (
            [ErrCode] => E01
            [ErrInfo] => E01390002
        )

    [1] => Array
        (
            [ErrCode] => E01
            [ErrInfo] => E01240002
        )

)
 from 121.55.194.114
2018/12/31 16:20:47 [/shop/shopping/load_payment_module.php] SendRequest:https://p01.mul-pay.jp/payment/EntryTran.idPass from 121.55.194.114
2018/12/31 16:20:47 [/shop/shopping/load_payment_module.php] Array
(
    [ShopID] => 9000034600950
    [ShopPass] => ******
    [OrderID] => 932731-31162047
    [JobCd] => CAPTURE
    [Amount] => 13680
    [TdFlag] => 0
    [TdTenantName] => 
)
 from 121.55.194.114
2018/12/31 16:20:47 [/shop/shopping/load_payment_module.php] AccessID=49552884bac1f5c87c095bdfae5a4176&AccessPass=0ec39017d3326c21e6f42b31baaf84d2 from 121.55.194.114
2018/12/31 16:20:47 [/shop/shopping/load_payment_module.php] Array
(
    [0] => Array
        (
            [AccessID] => 49552884bac1f5c87c095bdfae5a4176
            [AccessPass] => 0ec39017d3326c21e6f42b31baaf84d2
        )

)
 from 121.55.194.114
2018/12/31 16:20:47 [/shop/shopping/load_payment_module.php] load_payment_module.php set payment data:Array
(
    [AccessID] => 49552884bac1f5c87c095bdfae5a4176
    [AccessPass] => 0ec39017d3326c21e6f42b31baaf84d2
    [OrderID] => 932731-31162047
    [Amount] => 13680
    [JobCd] => CAPTURE
    [action_status] => 1
    [pay_status] => 0
)
 from 121.55.194.114
2018/12/31 16:20:47 [/shop/shopping/load_payment_module.php] SendRequest:https://p01.mul-pay.jp/payment/ExecTran.idPass from 121.55.194.114
2018/12/31 16:20:47 [/shop/shopping/load_payment_module.php] Array
(
    [AccessID] => 49552884bac1f5c87c095bdfae5a4176
    [AccessPass] => 0ec39017d3326c21e6f42b31baaf84d2
    [OrderID] => 932731-31162047
    [Method] => 1
    [Token] => 06e8080b39908d54a3431569422966fd04996a4c9e61bcfa93695362e49cdd0c
    [ClientField1] => 
    [ClientField2] => 
    [ClientField3] => EC-CUBE4.3.24
)
 from 121.55.194.114
2018/12/31 16:20:48 [/shop/shopping/load_payment_module.php] ACS=0&OrderID=932731-31162047&Forward=2S49631&Method=1&PayTimes=&Approve=0014577&TranID=1812311620602257210134139006&TranDate=20181231162048&CheckString=262220beeba66c04ed4c3a7773bfbca5 from 121.55.194.114
2018/12/31 16:20:48 [/shop/shopping/load_payment_module.php] Array
(
    [0] => Array
        (
            [ACS] => 0
            [OrderID] => 932731-31162047
            [Forward] => 2S49631
            [Method] => 1
            [PayTimes] => 
            [Approve] => 0014577
            [TranID] => 1812311620602257210134139006
            [TranDate] => 20181231162048
            [CheckString] => 262220beeba66c04ed4c3a7773bfbca5
        )

)
 from 121.55.194.114
2018/12/31 16:20:48 [/shop/shopping/load_payment_module.php] load_payment_module.php set payment data:Array
(
    [ACS] => 0
    [Forward] => 2S49631
    [Method] => 1
    [PayTimes] => 
    [Approve] => 0014577
    [TranID] => 1812311620602257210134139006
    [TranDate] => 20181231162048
    [CheckString] => 262220beeba66c04ed4c3a7773bfbca5
    [Amount] => 13680
    [JobCd] => CAPTURE
    [action_status] => 3
    [pay_status] => 13
)
 from 121.55.194.114
2018/12/31 16:49:21 [/shop/admin/order/edit.php] edit.php set payment data:Array
(
    [no_update_status_flg] => 1
)
 from 153.142.16.212
2018/12/31 16:49:21 [/shop/admin/order/edit.php] SendRequest:https://p01.mul-pay.jp/payment/ChangeTran.idPass from 153.142.16.212
2018/12/31 16:49:21 [/shop/admin/order/edit.php] Array
(
    [ShopID] => 9000034600950
    [ShopPass] => ******
    [AccessID] => 49552884bac1f5c87c095bdfae5a4176
    [AccessPass] => 0ec39017d3326c21e6f42b31baaf84d2
    [JobCd] => CAPTURE
    [Amount] => 7380
)
 from 153.142.16.212
2018/12/31 16:49:23 [/shop/admin/order/edit.php] AccessID=49552884bac1f5c87c095bdfae5a4176&AccessPass=0ec39017d3326c21e6f42b31baaf84d2&Forward=2S49631&Approve=0076967&TranID=1812311649602257210134119052&TranDate=20181231164922 from 153.142.16.212
2018/12/31 16:49:23 [/shop/admin/order/edit.php] Array
(
    [0] => Array
        (
            [AccessID] => 49552884bac1f5c87c095bdfae5a4176
            [AccessPass] => 0ec39017d3326c21e6f42b31baaf84d2
            [Forward] => 2S49631
            [Approve] => 0076967
            [TranID] => 1812311649602257210134119052
            [TranDate] => 20181231164922
        )

)
 from 153.142.16.212
2018/12/31 16:49:23 [/shop/admin/order/edit.php] edit.php set payment data:Array
(
    [AccessID] => 49552884bac1f5c87c095bdfae5a4176
    [AccessPass] => 0ec39017d3326c21e6f42b31baaf84d2
    [Forward] => 2S49631
    [Approve] => 0076967
    [TranID] => 1812311649602257210134119052
    [TranDate] => 20181231164922
    [action_status] => 6
    [pay_status] => 13
    [JobCd] => CAPTURE
    [Amount] => 7380
)
 from 153.142.16.212
2018/12/31 18:35:52 [/shop/shopping/load_payment_module.php] SendRequest:https://p01.mul-pay.jp/payment/SearchMember.idPass from 2.0.67.236
2018/12/31 18:35:52 [/shop/shopping/load_payment_module.php] Array
(
    [SiteID] => mst0000007602
    [SitePass] => ******
    [MemberID] => 7439
)
 from 2.0.67.236
2018/12/31 18:35:52 [/shop/shopping/load_payment_module.php] ErrCode=E01&ErrInfo=E01390002 from 2.0.67.236
2018/12/31 18:35:52 [/shop/shopping/load_payment_module.php] Array
(
    [0] => Array
        (
            [ErrCode] => E01
            [ErrInfo] => E01390002
        )

)
 from 2.0.67.236
2018/12/31 18:35:52 [/shop/shopping/load_payment_module.php] SendRequest:https://p01.mul-pay.jp/payment/SearchCard.idPass from 2.0.67.236
2018/12/31 18:35:52 [/shop/shopping/load_payment_module.php] Array
(
    [SiteID] => mst0000007602
    [SitePass] => ******
    [MemberID] => 7439
)
 from 2.0.67.236
2018/12/31 18:35:52 [/shop/shopping/load_payment_module.php] ErrCode=E01|E01&ErrInfo=E01390002|E01240002 from 2.0.67.236
2018/12/31 18:35:52 [/shop/shopping/load_payment_module.php] Array
(
    [0] => Array
        (
            [ErrCode] => E01
            [ErrInfo] => E01390002
        )

    [1] => Array
        (
            [ErrCode] => E01
            [ErrInfo] => E01240002
        )

)
 from 2.0.67.236
2018/12/31 18:36:55 [/shop/shopping/load_payment_module.php] SendRequest:https://p01.mul-pay.jp/payment/SearchMember.idPass from 2.0.67.236
2018/12/31 18:36:55 [/shop/shopping/load_payment_module.php] Array
(
    [SiteID] => mst0000007602
    [SitePass] => ******
    [MemberID] => 7439
)
 from 2.0.67.236
2018/12/31 18:36:55 [/shop/shopping/load_payment_module.php] ErrCode=E01&ErrInfo=E01390002 from 2.0.67.236
2018/12/31 18:36:55 [/shop/shopping/load_payment_module.php] Array
(
    [0] => Array
        (
            [ErrCode] => E01
            [ErrInfo] => E01390002
        )

)
 from 2.0.67.236
2018/12/31 18:36:55 [/shop/shopping/load_payment_module.php] SendRequest:https://p01.mul-pay.jp/payment/SearchCard.idPass from 2.0.67.236
2018/12/31 18:36:55 [/shop/shopping/load_payment_module.php] Array
(
    [SiteID] => mst0000007602
    [SitePass] => ******
    [MemberID] => 7439
)
 from 2.0.67.236
2018/12/31 18:36:55 [/shop/shopping/load_payment_module.php] ErrCode=E01|E01&ErrInfo=E01390002|E01240002 from 2.0.67.236
2018/12/31 18:36:55 [/shop/shopping/load_payment_module.php] Array
(
    [0] => Array
        (
            [ErrCode] => E01
            [ErrInfo] => E01390002
        )

    [1] => Array
        (
            [ErrCode] => E01
            [ErrInfo] => E01240002
        )

)
 from 2.0.67.236
2018/12/31 18:36:55 [/shop/shopping/load_payment_module.php] SendRequest:https://p01.mul-pay.jp/payment/EntryTran.idPass from 2.0.67.236
2018/12/31 18:36:55 [/shop/shopping/load_payment_module.php] Array
(
    [ShopID] => 9000034600950
    [ShopPass] => ******
    [OrderID] => 932732-31183655
    [JobCd] => CAPTURE
    [Amount] => 28220
    [TdFlag] => 0
    [TdTenantName] => 
)
 from 2.0.67.236
2018/12/31 18:36:56 [/shop/shopping/load_payment_module.php] AccessID=8583e972f4a6ce3042015436c620c61a&AccessPass=a9727fe0d4070a613dc685cd0ae021bd from 2.0.67.236
2018/12/31 18:36:56 [/shop/shopping/load_payment_module.php] Array
(
    [0] => Array
        (
            [AccessID] => 8583e972f4a6ce3042015436c620c61a
            [AccessPass] => a9727fe0d4070a613dc685cd0ae021bd
        )

)
 from 2.0.67.236
2018/12/31 18:36:56 [/shop/shopping/load_payment_module.php] load_payment_module.php set payment data:Array
(
    [AccessID] => 8583e972f4a6ce3042015436c620c61a
    [AccessPass] => a9727fe0d4070a613dc685cd0ae021bd
    [OrderID] => 932732-31183655
    [Amount] => 28220
    [JobCd] => CAPTURE
    [action_status] => 1
    [pay_status] => 0
)
 from 2.0.67.236
2018/12/31 18:36:56 [/shop/shopping/load_payment_module.php] SendRequest:https://p01.mul-pay.jp/payment/ExecTran.idPass from 2.0.67.236
2018/12/31 18:36:56 [/shop/shopping/load_payment_module.php] Array
(
    [AccessID] => 8583e972f4a6ce3042015436c620c61a
    [AccessPass] => a9727fe0d4070a613dc685cd0ae021bd
    [OrderID] => 932732-31183655
    [Method] => 1
    [Token] => a7addf983e783399e61d689fcc9449e1c2ec44d4e0a81c68f8bf3385e803f5cf
    [ClientField1] => 
    [ClientField2] => 
    [ClientField3] => EC-CUBE4.3.24
)
 from 2.0.67.236
2018/12/31 18:36:57 [/shop/shopping/load_payment_module.php] ACS=0&OrderID=932732-31183655&Forward=2S49631&Method=1&PayTimes=&Approve=0345561&TranID=1812311836602257210134119053&TranDate=20181231183657&CheckString=03cc924a53557a6928e5273c57bfd004 from 2.0.67.236
2018/12/31 18:36:57 [/shop/shopping/load_payment_module.php] Array
(
    [0] => Array
        (
            [ACS] => 0
            [OrderID] => 932732-31183655
            [Forward] => 2S49631
            [Method] => 1
            [PayTimes] => 
            [Approve] => 0345561
            [TranID] => 1812311836602257210134119053
            [TranDate] => 20181231183657
            [CheckString] => 03cc924a53557a6928e5273c57bfd004
        )

)
 from 2.0.67.236
2018/12/31 18:36:57 [/shop/shopping/load_payment_module.php] load_payment_module.php set payment data:Array
(
    [ACS] => 0
    [Forward] => 2S49631
    [Method] => 1
    [PayTimes] => 
    [Approve] => 0345561
    [TranID] => 1812311836602257210134119053
    [TranDate] => 20181231183657
    [CheckString] => 03cc924a53557a6928e5273c57bfd004
    [Amount] => 28220
    [JobCd] => CAPTURE
    [action_status] => 3
    [pay_status] => 13
)
 from 2.0.67.236
2018/12/31 18:51:28 [/shop/shopping/load_payment_module.php] SendRequest:https://p01.mul-pay.jp/payment/EntryTran.idPass from 193.33.224.222
2018/12/31 18:51:28 [/shop/shopping/load_payment_module.php] Array
(
    [ShopID] => 9000034600950
    [ShopPass] => ******
    [OrderID] => 932733-31185128
    [JobCd] => CAPTURE
    [Amount] => 43410
    [TdFlag] => 0
    [TdTenantName] => 
)
 from 193.33.224.222
2018/12/31 18:51:28 [/shop/shopping/load_payment_module.php] AccessID=5e5347894c3531d86fecf733906c1615&AccessPass=418c1633092e904ff141fb81f6da7971 from 193.33.224.222
2018/12/31 18:51:28 [/shop/shopping/load_payment_module.php] Array
(
    [0] => Array
        (
            [AccessID] => 5e5347894c3531d86fecf733906c1615
            [AccessPass] => 418c1633092e904ff141fb81f6da7971
        )

)
 from 193.33.224.222
2018/12/31 18:51:28 [/shop/shopping/load_payment_module.php] load_payment_module.php set payment data:Array
(
    [AccessID] => 5e5347894c3531d86fecf733906c1615
    [AccessPass] => 418c1633092e904ff141fb81f6da7971
    [OrderID] => 932733-31185128
    [Amount] => 43410
    [JobCd] => CAPTURE
    [action_status] => 1
    [pay_status] => 0
)
 from 193.33.224.222
2018/12/31 18:51:28 [/shop/shopping/load_payment_module.php] SendRequest:https://p01.mul-pay.jp/payment/ExecTran.idPass from 193.33.224.222
2018/12/31 18:51:28 [/shop/shopping/load_payment_module.php] Array
(
    [AccessID] => 5e5347894c3531d86fecf733906c1615
    [AccessPass] => 418c1633092e904ff141fb81f6da7971
    [OrderID] => 932733-31185128
    [Method] => 1
    [Token] => e68345141048cf9ef54af41ace1cc7bc2d4d3c33cb2e2ca48516fa90de69e2e2
    [ClientField1] => 
    [ClientField2] => 
    [ClientField3] => EC-CUBE4.3.24
)
 from 193.33.224.222
2018/12/31 18:51:30 [/shop/shopping/load_payment_module.php] ACS=0&OrderID=932733-31185128&Forward=2959876&Method=1&PayTimes=&Approve=0331762&TranID=1812311851602257210134119054&TranDate=20181231185130&CheckString=462a88b96ad8464f36f5a2c9c8d19247 from 193.33.224.222
2018/12/31 18:51:30 [/shop/shopping/load_payment_module.php] Array
(
    [0] => Array
        (
            [ACS] => 0
            [OrderID] => 932733-31185128
            [Forward] => 2959876
            [Method] => 1
            [PayTimes] => 
            [Approve] => 0331762
            [TranID] => 1812311851602257210134119054
            [TranDate] => 20181231185130
            [CheckString] => 462a88b96ad8464f36f5a2c9c8d19247
        )

)
 from 193.33.224.222
2018/12/31 18:51:30 [/shop/shopping/load_payment_module.php] load_payment_module.php set payment data:Array
(
    [ACS] => 0
    [Forward] => 2959876
    [Method] => 1
    [PayTimes] => 
    [Approve] => 0331762
    [TranID] => 1812311851602257210134119054
    [TranDate] => 20181231185130
    [CheckString] => 462a88b96ad8464f36f5a2c9c8d19247
    [Amount] => 43410
    [JobCd] => CAPTURE
    [action_status] => 3
    [pay_status] => 13
)
 from 193.33.224.222
2018/12/31 18:55:20 [/shop/shopping/load_payment_module.php] SendRequest:https://p01.mul-pay.jp/payment/SearchMember.idPass from 188.236.235.254
2018/12/31 18:55:20 [/shop/shopping/load_payment_module.php] Array
(
    [SiteID] => mst0000007602
    [SitePass] => ******
    [MemberID] => 6644
)
 from 188.236.235.254
2018/12/31 18:55:20 [/shop/shopping/load_payment_module.php] ErrCode=E01&ErrInfo=E01390002 from 188.236.235.254
2018/12/31 18:55:20 [/shop/shopping/load_payment_module.php] Array
(
    [0] => Array
        (
            [ErrCode] => E01
            [ErrInfo] => E01390002
        )

)
 from 188.236.235.254
2018/12/31 18:55:20 [/shop/shopping/load_payment_module.php] SendRequest:https://p01.mul-pay.jp/payment/SearchCard.idPass from 188.236.235.254
2018/12/31 18:55:20 [/shop/shopping/load_payment_module.php] Array
(
    [SiteID] => mst0000007602
    [SitePass] => ******
    [MemberID] => 6644
)
 from 188.236.235.254
2018/12/31 18:55:20 [/shop/shopping/load_payment_module.php] ErrCode=E01|E01&ErrInfo=E01390002|E01240002 from 188.236.235.254
2018/12/31 18:55:20 [/shop/shopping/load_payment_module.php] Array
(
    [0] => Array
        (
            [ErrCode] => E01
            [ErrInfo] => E01390002
        )

    [1] => Array
        (
            [ErrCode] => E01
            [ErrInfo] => E01240002
        )

)
 from 188.236.235.254
2018/12/31 18:57:46 [/shop/shopping/load_payment_module.php] SendRequest:https://p01.mul-pay.jp/payment/SearchMember.idPass from 188.236.235.254
2018/12/31 18:57:46 [/shop/shopping/load_payment_module.php] Array
(
    [SiteID] => mst0000007602
    [SitePass] => ******
    [MemberID] => 6644
)
 from 188.236.235.254
2018/12/31 18:57:47 [/shop/shopping/load_payment_module.php] ErrCode=E01&ErrInfo=E01390002 from 188.236.235.254
2018/12/31 18:57:47 [/shop/shopping/load_payment_module.php] Array
(
    [0] => Array
        (
            [ErrCode] => E01
            [ErrInfo] => E01390002
        )

)
 from 188.236.235.254
2018/12/31 18:57:47 [/shop/shopping/load_payment_module.php] SendRequest:https://p01.mul-pay.jp/payment/SearchCard.idPass from 188.236.235.254
2018/12/31 18:57:47 [/shop/shopping/load_payment_module.php] Array
(
    [SiteID] => mst0000007602
    [SitePass] => ******
    [MemberID] => 6644
)
 from 188.236.235.254
2018/12/31 18:57:47 [/shop/shopping/load_payment_module.php] ErrCode=E01|E01&ErrInfo=E01390002|E01240002 from 188.236.235.254
2018/12/31 18:57:47 [/shop/shopping/load_payment_module.php] Array
(
    [0] => Array
        (
            [ErrCode] => E01
            [ErrInfo] => E01390002
        )

    [1] => Array
        (
            [ErrCode] => E01
            [ErrInfo] => E01240002
        )

)
 from 188.236.235.254
2018/12/31 18:57:47 [/shop/shopping/load_payment_module.php] SendRequest:https://p01.mul-pay.jp/payment/EntryTran.idPass from 188.236.235.254
2018/12/31 18:57:47 [/shop/shopping/load_payment_module.php] Array
(
    [ShopID] => 9000034600950
    [ShopPass] => ******
    [OrderID] => 932734-31185747
    [JobCd] => CAPTURE
    [Amount] => 15360
    [TdFlag] => 0
    [TdTenantName] => 
)
 from 188.236.235.254
2018/12/31 18:57:47 [/shop/shopping/load_payment_module.php] AccessID=3b3ffc0c1bf35d2506f7a9d657d930bb&AccessPass=eeded78c2cf8b8e6a43922a021f012d0 from 188.236.235.254
2018/12/31 18:57:47 [/shop/shopping/load_payment_module.php] Array
(
    [0] => Array
        (
            [AccessID] => 3b3ffc0c1bf35d2506f7a9d657d930bb
            [AccessPass] => eeded78c2cf8b8e6a43922a021f012d0
        )

)
 from 188.236.235.254
2018/12/31 18:57:47 [/shop/shopping/load_payment_module.php] load_payment_module.php set payment data:Array
(
    [AccessID] => 3b3ffc0c1bf35d2506f7a9d657d930bb
    [AccessPass] => eeded78c2cf8b8e6a43922a021f012d0
    [OrderID] => 932734-31185747
    [Amount] => 15360
    [JobCd] => CAPTURE
    [action_status] => 1
    [pay_status] => 0
)
 from 188.236.235.254
2018/12/31 18:57:47 [/shop/shopping/load_payment_module.php] SendRequest:https://p01.mul-pay.jp/payment/ExecTran.idPass from 188.236.235.254
2018/12/31 18:57:47 [/shop/shopping/load_payment_module.php] Array
(
    [AccessID] => 3b3ffc0c1bf35d2506f7a9d657d930bb
    [AccessPass] => eeded78c2cf8b8e6a43922a021f012d0
    [OrderID] => 932734-31185747
    [Method] => 1
    [Token] => f544914e89b7639d153e11ea03109a0fc4994439218ef91d4de9f10b24c46550
    [ClientField1] => 
    [ClientField2] => 
    [ClientField3] => EC-CUBE4.3.24
)
 from 188.236.235.254
2018/12/31 18:57:49 [/shop/shopping/load_payment_module.php] ErrCode=G54&ErrInfo=42G540000 from 188.236.235.254
2018/12/31 18:57:49 [/shop/shopping/load_payment_module.php] Array
(
    [0] => Array
        (
            [ErrCode] => G54
            [ErrInfo] => 42G540000
        )

)
 from 188.236.235.254
2018/12/31 18:57:49 [/shop/shopping/load_payment_module.php] load_payment_module.php set payment data:Array
(
    [request_error] => Array
        (
            [0] => このカードでは取引をする事が出来ません。 (G54-42G540000)
        )

    [Amount] => 15360
    [JobCd] => CAPTURE
    [action_status] => 3
)
 from 188.236.235.254
2018/12/31 18:59:26 [/shop/shopping/load_payment_module.php] SendRequest:https://p01.mul-pay.jp/payment/SearchMember.idPass from 188.236.235.254
2018/12/31 18:59:26 [/shop/shopping/load_payment_module.php] Array
(
    [SiteID] => mst0000007602
    [SitePass] => ******
    [MemberID] => 6644
)
 from 188.236.235.254
2018/12/31 18:59:26 [/shop/shopping/load_payment_module.php] ErrCode=E01&ErrInfo=E01390002 from 188.236.235.254
2018/12/31 18:59:26 [/shop/shopping/load_payment_module.php] Array
(
    [0] => Array
        (
            [ErrCode] => E01
            [ErrInfo] => E01390002
        )

)
 from 188.236.235.254
2018/12/31 18:59:26 [/shop/shopping/load_payment_module.php] SendRequest:https://p01.mul-pay.jp/payment/SearchCard.idPass from 188.236.235.254
2018/12/31 18:59:26 [/shop/shopping/load_payment_module.php] Array
(
    [SiteID] => mst0000007602
    [SitePass] => ******
    [MemberID] => 6644
)
 from 188.236.235.254
2018/12/31 18:59:26 [/shop/shopping/load_payment_module.php] ErrCode=E01|E01&ErrInfo=E01390002|E01240002 from 188.236.235.254
2018/12/31 18:59:26 [/shop/shopping/load_payment_module.php] Array
(
    [0] => Array
        (
            [ErrCode] => E01
            [ErrInfo] => E01390002
        )

    [1] => Array
        (
            [ErrCode] => E01
            [ErrInfo] => E01240002
        )

)
 from 188.236.235.254
2018/12/31 18:59:26 [/shop/shopping/load_payment_module.php] SendRequest:https://p01.mul-pay.jp/payment/ExecTran.idPass from 188.236.235.254
2018/12/31 18:59:26 [/shop/shopping/load_payment_module.php] Array
(
    [AccessID] => 3b3ffc0c1bf35d2506f7a9d657d930bb
    [AccessPass] => eeded78c2cf8b8e6a43922a021f012d0
    [OrderID] => 932734-31185747
    [Method] => 1
    [Token] => 8fd768517501bc5cc0d2279374aacc7cc53cf944d818837066cc841403dfcaab
    [ClientField1] => 
    [ClientField2] => 
    [ClientField3] => EC-CUBE4.3.24
)
 from 188.236.235.254
2018/12/31 18:59:28 [/shop/shopping/load_payment_module.php] ErrCode=G54&ErrInfo=42G540000 from 188.236.235.254
2018/12/31 18:59:28 [/shop/shopping/load_payment_module.php] Array
(
    [0] => Array
        (
            [ErrCode] => G54
            [ErrInfo] => 42G540000
        )

)
 from 188.236.235.254
2018/12/31 18:59:28 [/shop/shopping/load_payment_module.php] load_payment_module.php set payment data:Array
(
    [request_error] => Array
        (
            [0] => このカードでは取引をする事が出来ません。 (G54-42G540000)
        )

    [Amount] => 15360
    [JobCd] => CAPTURE
    [action_status] => 3
)
 from 188.236.235.254
2018/12/31 19:00:56 [/shop/shopping/load_payment_module.php] SendRequest:https://p01.mul-pay.jp/payment/SearchMember.idPass from 188.236.235.254
2018/12/31 19:00:56 [/shop/shopping/load_payment_module.php] Array
(
    [SiteID] => mst0000007602
    [SitePass] => ******
    [MemberID] => 6644
)
 from 188.236.235.254
2018/12/31 19:00:57 [/shop/shopping/load_payment_module.php] ErrCode=E01&ErrInfo=E01390002 from 188.236.235.254
2018/12/31 19:00:57 [/shop/shopping/load_payment_module.php] Array
(
    [0] => Array
        (
            [ErrCode] => E01
            [ErrInfo] => E01390002
        )

)
 from 188.236.235.254
2018/12/31 19:00:57 [/shop/shopping/load_payment_module.php] SendRequest:https://p01.mul-pay.jp/payment/SearchCard.idPass from 188.236.235.254
2018/12/31 19:00:57 [/shop/shopping/load_payment_module.php] Array
(
    [SiteID] => mst0000007602
    [SitePass] => ******
    [MemberID] => 6644
)
 from 188.236.235.254
2018/12/31 19:00:57 [/shop/shopping/load_payment_module.php] ErrCode=E01|E01&ErrInfo=E01390002|E01240002 from 188.236.235.254
2018/12/31 19:00:57 [/shop/shopping/load_payment_module.php] Array
(
    [0] => Array
        (
            [ErrCode] => E01
            [ErrInfo] => E01390002
        )

    [1] => Array
        (
            [ErrCode] => E01
            [ErrInfo] => E01240002
        )

)
 from 188.236.235.254
2018/12/31 19:00:57 [/shop/shopping/load_payment_module.php] SendRequest:https://p01.mul-pay.jp/payment/ExecTran.idPass from 188.236.235.254
2018/12/31 19:00:57 [/shop/shopping/load_payment_module.php] Array
(
    [AccessID] => 3b3ffc0c1bf35d2506f7a9d657d930bb
    [AccessPass] => eeded78c2cf8b8e6a43922a021f012d0
    [OrderID] => 932734-31185747
    [Method] => 1
    [Token] => 0776544885fa8c4e3177943d9220d668618045187ccdb517651fb6694b8578f6
    [ClientField1] => 
    [ClientField2] => 
    [ClientField3] => EC-CUBE4.3.24
)
 from 188.236.235.254
2018/12/31 19:00:59 [/shop/shopping/load_payment_module.php] ACS=0&OrderID=932734-31185747&Forward=2S49631&Method=1&PayTimes=&Approve=0606727&TranID=1812311900602257210134139008&TranDate=20181231190059&CheckString=0e763bb184fe77d6080d70169fe1f4bf from 188.236.235.254
2018/12/31 19:00:59 [/shop/shopping/load_payment_module.php] Array
(
    [0] => Array
        (
            [ACS] => 0
            [OrderID] => 932734-31185747
            [Forward] => 2S49631
            [Method] => 1
            [PayTimes] => 
            [Approve] => 0606727
            [TranID] => 1812311900602257210134139008
            [TranDate] => 20181231190059
            [CheckString] => 0e763bb184fe77d6080d70169fe1f4bf
        )

)
 from 188.236.235.254
2018/12/31 19:00:59 [/shop/shopping/load_payment_module.php] load_payment_module.php set payment data:Array
(
    [ACS] => 0
    [Forward] => 2S49631
    [Method] => 1
    [PayTimes] => 
    [Approve] => 0606727
    [TranID] => 1812311900602257210134139008
    [TranDate] => 20181231190059
    [CheckString] => 0e763bb184fe77d6080d70169fe1f4bf
    [Amount] => 15360
    [JobCd] => CAPTURE
    [action_status] => 3
    [pay_status] => 13
)
 from 188.236.235.254
2018/12/31 20:25:04 [/shop/shopping/load_payment_module.php] SendRequest:https://p01.mul-pay.jp/payment/EntryTran.idPass from 81.254.144.217
2018/12/31 20:25:04 [/shop/shopping/load_payment_module.php] Array
(
    [ShopID] => 9000034600950
    [ShopPass] => ******
    [OrderID] => 932735-31202504
    [JobCd] => CAPTURE
    [Amount] => 8910
    [TdFlag] => 0
    [TdTenantName] => 
)
 from 81.254.144.217
2018/12/31 20:25:04 [/shop/shopping/load_payment_module.php] AccessID=1552fe7ceaa7348e82e55f938a5624b0&AccessPass=cd2224369c4ccc7eec20aef4982b5413 from 81.254.144.217
2018/12/31 20:25:04 [/shop/shopping/load_payment_module.php] Array
(
    [0] => Array
        (
            [AccessID] => 1552fe7ceaa7348e82e55f938a5624b0
            [AccessPass] => cd2224369c4ccc7eec20aef4982b5413
        )

)
 from 81.254.144.217
2018/12/31 20:25:04 [/shop/shopping/load_payment_module.php] load_payment_module.php set payment data:Array
(
    [AccessID] => 1552fe7ceaa7348e82e55f938a5624b0
    [AccessPass] => cd2224369c4ccc7eec20aef4982b5413
    [OrderID] => 932735-31202504
    [Amount] => 8910
    [JobCd] => CAPTURE
    [action_status] => 1
    [pay_status] => 0
)
 from 81.254.144.217
2018/12/31 20:25:04 [/shop/shopping/load_payment_module.php] SendRequest:https://p01.mul-pay.jp/payment/ExecTran.idPass from 81.254.144.217
2018/12/31 20:25:04 [/shop/shopping/load_payment_module.php] Array
(
    [AccessID] => 1552fe7ceaa7348e82e55f938a5624b0
    [AccessPass] => cd2224369c4ccc7eec20aef4982b5413
    [OrderID] => 932735-31202504
    [Method] => 1
    [Token] => d999eee60551542ae554cef2612cdcc0c6ea6104d5393644ca8fb53923313458
    [ClientField1] => 
    [ClientField2] => 
    [ClientField3] => EC-CUBE4.3.24
)
 from 81.254.144.217
2018/12/31 20:25:06 [/shop/shopping/load_payment_module.php] ACS=0&OrderID=932735-31202504&Forward=2S49631&Method=1&PayTimes=&Approve=0987433&TranID=1812312025602257210134139009&TranDate=20181231202505&CheckString=6609bbad48a91054abe75b11423b99a0 from 81.254.144.217
2018/12/31 20:25:06 [/shop/shopping/load_payment_module.php] Array
(
    [0] => Array
        (
            [ACS] => 0
            [OrderID] => 932735-31202504
            [Forward] => 2S49631
            [Method] => 1
            [PayTimes] => 
            [Approve] => 0987433
            [TranID] => 1812312025602257210134139009
            [TranDate] => 20181231202505
            [CheckString] => 6609bbad48a91054abe75b11423b99a0
        )

)
 from 81.254.144.217
2018/12/31 20:25:06 [/shop/shopping/load_payment_module.php] load_payment_module.php set payment data:Array
(
    [ACS] => 0
    [Forward] => 2S49631
    [Method] => 1
    [PayTimes] => 
    [Approve] => 0987433
    [TranID] => 1812312025602257210134139009
    [TranDate] => 20181231202505
    [CheckString] => 6609bbad48a91054abe75b11423b99a0
    [Amount] => 8910
    [JobCd] => CAPTURE
    [action_status] => 3
    [pay_status] => 13
)
 from 81.254.144.217
2018/12/31 22:40:16 [/shop/shopping/load_payment_module.php] SendRequest:https://p01.mul-pay.jp/payment/SearchMember.idPass from 185.244.213.152
2018/12/31 22:40:16 [/shop/shopping/load_payment_module.php] Array
(
    [SiteID] => mst0000007602
    [SitePass] => ******
    [MemberID] => 7366
)
 from 185.244.213.152
2018/12/31 22:40:17 [/shop/shopping/load_payment_module.php] ErrCode=E01&ErrInfo=E01390002 from 185.244.213.152
2018/12/31 22:40:17 [/shop/shopping/load_payment_module.php] Array
(
    [0] => Array
        (
            [ErrCode] => E01
            [ErrInfo] => E01390002
        )

)
 from 185.244.213.152
2018/12/31 22:40:17 [/shop/shopping/load_payment_module.php] SendRequest:https://p01.mul-pay.jp/payment/SearchCard.idPass from 185.244.213.152
2018/12/31 22:40:17 [/shop/shopping/load_payment_module.php] Array
(
    [SiteID] => mst0000007602
    [SitePass] => ******
    [MemberID] => 7366
)
 from 185.244.213.152
2018/12/31 22:40:17 [/shop/shopping/load_payment_module.php] ErrCode=E01|E01&ErrInfo=E01390002|E01240002 from 185.244.213.152
2018/12/31 22:40:17 [/shop/shopping/load_payment_module.php] Array
(
    [0] => Array
        (
            [ErrCode] => E01
            [ErrInfo] => E01390002
        )

    [1] => Array
        (
            [ErrCode] => E01
            [ErrInfo] => E01240002
        )

)
 from 185.244.213.152
2018/12/31 22:40:38 [/shop/shopping/load_payment_module.php] SendRequest:https://p01.mul-pay.jp/payment/SearchMember.idPass from 185.244.213.152
2018/12/31 22:40:38 [/shop/shopping/load_payment_module.php] Array
(
    [SiteID] => mst0000007602
    [SitePass] => ******
    [MemberID] => 7366
)
 from 185.244.213.152
2018/12/31 22:40:38 [/shop/shopping/load_payment_module.php] ErrCode=E01&ErrInfo=E01390002 from 185.244.213.152
2018/12/31 22:40:38 [/shop/shopping/load_payment_module.php] Array
(
    [0] => Array
        (
            [ErrCode] => E01
            [ErrInfo] => E01390002
        )

)
 from 185.244.213.152
2018/12/31 22:40:38 [/shop/shopping/load_payment_module.php] SendRequest:https://p01.mul-pay.jp/payment/SearchCard.idPass from 185.244.213.152
2018/12/31 22:40:38 [/shop/shopping/load_payment_module.php] Array
(
    [SiteID] => mst0000007602
    [SitePass] => ******
    [MemberID] => 7366
)
 from 185.244.213.152
2018/12/31 22:40:39 [/shop/shopping/load_payment_module.php] ErrCode=E01|E01&ErrInfo=E01390002|E01240002 from 185.244.213.152
2018/12/31 22:40:39 [/shop/shopping/load_payment_module.php] Array
(
    [0] => Array
        (
            [ErrCode] => E01
            [ErrInfo] => E01390002
        )

    [1] => Array
        (
            [ErrCode] => E01
            [ErrInfo] => E01240002
        )

)
 from 185.244.213.152
2018/12/31 22:40:39 [/shop/shopping/load_payment_module.php] SendRequest:https://p01.mul-pay.jp/payment/EntryTran.idPass from 185.244.213.152
2018/12/31 22:40:39 [/shop/shopping/load_payment_module.php] Array
(
    [ShopID] => 9000034600950
    [ShopPass] => ******
    [OrderID] => 932736-31224039
    [JobCd] => CAPTURE
    [Amount] => 8370
    [TdFlag] => 0
    [TdTenantName] => 
)
 from 185.244.213.152
2018/12/31 22:40:39 [/shop/shopping/load_payment_module.php] AccessID=0a9dc0c7268d070b80da6c1f4baf58a8&AccessPass=d0ab9442951194044f628bb0efefafc7 from 185.244.213.152
2018/12/31 22:40:39 [/shop/shopping/load_payment_module.php] Array
(
    [0] => Array
        (
            [AccessID] => 0a9dc0c7268d070b80da6c1f4baf58a8
            [AccessPass] => d0ab9442951194044f628bb0efefafc7
        )

)
 from 185.244.213.152
2018/12/31 22:40:39 [/shop/shopping/load_payment_module.php] load_payment_module.php set payment data:Array
(
    [AccessID] => 0a9dc0c7268d070b80da6c1f4baf58a8
    [AccessPass] => d0ab9442951194044f628bb0efefafc7
    [OrderID] => 932736-31224039
    [Amount] => 8370
    [JobCd] => CAPTURE
    [action_status] => 1
    [pay_status] => 0
)
 from 185.244.213.152
2018/12/31 22:40:39 [/shop/shopping/load_payment_module.php] SendRequest:https://p01.mul-pay.jp/payment/ExecTran.idPass from 185.244.213.152
2018/12/31 22:40:39 [/shop/shopping/load_payment_module.php] Array
(
    [AccessID] => 0a9dc0c7268d070b80da6c1f4baf58a8
    [AccessPass] => d0ab9442951194044f628bb0efefafc7
    [OrderID] => 932736-31224039
    [Method] => 1
    [Token] => 9fea0dfd3a17adeccfe8305bc8d463b4c12ebf23324e82717b7293118eeeb0ba
    [ClientField1] => 
    [ClientField2] => 
    [ClientField3] => EC-CUBE4.3.24
)
 from 185.244.213.152
2018/12/31 22:40:40 [/shop/shopping/load_payment_module.php] ACS=0&OrderID=932736-31224039&Forward=2S49631&Method=1&PayTimes=&Approve=0183601&TranID=1812312240602257210134139010&TranDate=20181231224040&CheckString=106bb03662744a75405d8ae6f4927351 from 185.244.213.152
2018/12/31 22:40:40 [/shop/shopping/load_payment_module.php] Array
(
    [0] => Array
        (
            [ACS] => 0
            [OrderID] => 932736-31224039
            [Forward] => 2S49631
            [Method] => 1
            [PayTimes] => 
            [Approve] => 0183601
            [TranID] => 1812312240602257210134139010
            [TranDate] => 20181231224040
            [CheckString] => 106bb03662744a75405d8ae6f4927351
        )

)
 from 185.244.213.152
2018/12/31 22:40:40 [/shop/shopping/load_payment_module.php] load_payment_module.php set payment data:Array
(
    [ACS] => 0
    [Forward] => 2S49631
    [Method] => 1
    [PayTimes] => 
    [Approve] => 0183601
    [TranID] => 1812312240602257210134139010
    [TranDate] => 20181231224040
    [CheckString] => 106bb03662744a75405d8ae6f4927351
    [Amount] => 8370
    [JobCd] => CAPTURE
    [action_status] => 3
    [pay_status] => 13
)
 from 185.244.213.152
2018/12/31 22:48:51 [/shop/shopping/load_payment_module.php] SendRequest:https://p01.mul-pay.jp/payment/SearchMember.idPass from 123.219.67.210
2018/12/31 22:48:51 [/shop/shopping/load_payment_module.php] Array
(
    [SiteID] => mst0000007602
    [SitePass] => ******
    [MemberID] => 8344
)
 from 123.219.67.210
2018/12/31 22:48:51 [/shop/shopping/load_payment_module.php] ErrCode=E01&ErrInfo=E01390002 from 123.219.67.210
2018/12/31 22:48:51 [/shop/shopping/load_payment_module.php] Array
(
    [0] => Array
        (
            [ErrCode] => E01
            [ErrInfo] => E01390002
        )

)
 from 123.219.67.210
2018/12/31 22:48:51 [/shop/shopping/load_payment_module.php] SendRequest:https://p01.mul-pay.jp/payment/SearchCard.idPass from 123.219.67.210
2018/12/31 22:48:51 [/shop/shopping/load_payment_module.php] Array
(
    [SiteID] => mst0000007602
    [SitePass] => ******
    [MemberID] => 8344
)
 from 123.219.67.210
2018/12/31 22:48:52 [/shop/shopping/load_payment_module.php] ErrCode=E01|E01&ErrInfo=E01390002|E01240002 from 123.219.67.210
2018/12/31 22:48:52 [/shop/shopping/load_payment_module.php] Array
(
    [0] => Array
        (
            [ErrCode] => E01
            [ErrInfo] => E01390002
        )

    [1] => Array
        (
            [ErrCode] => E01
            [ErrInfo] => E01240002
        )

)
 from 123.219.67.210
2018/12/31 22:50:14 [/shop/shopping/load_payment_module.php] SendRequest:https://p01.mul-pay.jp/payment/SearchMember.idPass from 123.219.67.210
2018/12/31 22:50:14 [/shop/shopping/load_payment_module.php] Array
(
    [SiteID] => mst0000007602
    [SitePass] => ******
    [MemberID] => 8344
)
 from 123.219.67.210
2018/12/31 22:50:14 [/shop/shopping/load_payment_module.php] ErrCode=E01&ErrInfo=E01390002 from 123.219.67.210
2018/12/31 22:50:14 [/shop/shopping/load_payment_module.php] Array
(
    [0] => Array
        (
            [ErrCode] => E01
            [ErrInfo] => E01390002
        )

)
 from 123.219.67.210
2018/12/31 22:50:14 [/shop/shopping/load_payment_module.php] SendRequest:https://p01.mul-pay.jp/payment/SearchCard.idPass from 123.219.67.210
2018/12/31 22:50:14 [/shop/shopping/load_payment_module.php] Array
(
    [SiteID] => mst0000007602
    [SitePass] => ******
    [MemberID] => 8344
)
 from 123.219.67.210
2018/12/31 22:50:15 [/shop/shopping/load_payment_module.php] ErrCode=E01|E01&ErrInfo=E01390002|E01240002 from 123.219.67.210
2018/12/31 22:50:15 [/shop/shopping/load_payment_module.php] Array
(
    [0] => Array
        (
            [ErrCode] => E01
            [ErrInfo] => E01390002
        )

    [1] => Array
        (
            [ErrCode] => E01
            [ErrInfo] => E01240002
        )

)
 from 123.219.67.210
2018/12/31 22:50:15 [/shop/shopping/load_payment_module.php] SendRequest:https://p01.mul-pay.jp/payment/EntryTran.idPass from 123.219.67.210
2018/12/31 22:50:15 [/shop/shopping/load_payment_module.php] Array
(
    [ShopID] => 9000034600950
    [ShopPass] => ******
    [OrderID] => 932737-31225015
    [JobCd] => CAPTURE
    [Amount] => 1100
    [TdFlag] => 0
    [TdTenantName] => 
)
 from 123.219.67.210
2018/12/31 22:50:15 [/shop/shopping/load_payment_module.php] AccessID=862a2b66abf0b08d811b35d59288a005&AccessPass=ec45830b59629d48c9636e4b1fb454d1 from 123.219.67.210
2018/12/31 22:50:15 [/shop/shopping/load_payment_module.php] Array
(
    [0] => Array
        (
            [AccessID] => 862a2b66abf0b08d811b35d59288a005
            [AccessPass] => ec45830b59629d48c9636e4b1fb454d1
        )

)
 from 123.219.67.210
2018/12/31 22:50:15 [/shop/shopping/load_payment_module.php] load_payment_module.php set payment data:Array
(
    [AccessID] => 862a2b66abf0b08d811b35d59288a005
    [AccessPass] => ec45830b59629d48c9636e4b1fb454d1
    [OrderID] => 932737-31225015
    [Amount] => 1100
    [JobCd] => CAPTURE
    [action_status] => 1
    [pay_status] => 0
)
 from 123.219.67.210
2018/12/31 22:50:15 [/shop/shopping/load_payment_module.php] SendRequest:https://p01.mul-pay.jp/payment/ExecTran.idPass from 123.219.67.210
2018/12/31 22:50:15 [/shop/shopping/load_payment_module.php] Array
(
    [AccessID] => 862a2b66abf0b08d811b35d59288a005
    [AccessPass] => ec45830b59629d48c9636e4b1fb454d1
    [OrderID] => 932737-31225015
    [Method] => 1
    [Token] => 0ad5632a76338aee0847f41d9d3e04c0b7735ef2e44de20d960c17ec11053b4a
    [ClientField1] => 
    [ClientField2] => 
    [ClientField3] => EC-CUBE4.3.24
)
 from 123.219.67.210
2018/12/31 22:50:18 [/shop/shopping/load_payment_module.php] ACS=0&OrderID=932737-31225015&Forward=2959876&Method=1&PayTimes=&Approve=0005182&TranID=1812312250602257210134139011&TranDate=20181231225017&CheckString=5fdb7eb65bac5773e16e62f37037f462 from 123.219.67.210
2018/12/31 22:50:18 [/shop/shopping/load_payment_module.php] Array
(
    [0] => Array
        (
            [ACS] => 0
            [OrderID] => 932737-31225015
            [Forward] => 2959876
            [Method] => 1
            [PayTimes] => 
            [Approve] => 0005182
            [TranID] => 1812312250602257210134139011
            [TranDate] => 20181231225017
            [CheckString] => 5fdb7eb65bac5773e16e62f37037f462
        )

)
 from 123.219.67.210
2018/12/31 22:50:18 [/shop/shopping/load_payment_module.php] load_payment_module.php set payment data:Array
(
    [ACS] => 0
    [Forward] => 2959876
    [Method] => 1
    [PayTimes] => 
    [Approve] => 0005182
    [TranID] => 1812312250602257210134139011
    [TranDate] => 20181231225017
    [CheckString] => 5fdb7eb65bac5773e16e62f37037f462
    [Amount] => 1100
    [JobCd] => CAPTURE
    [action_status] => 3
    [pay_status] => 13
)
 from 123.219.67.210
