2018/12/26 01:27:34 [/shop/shopping/load_payment_module.php] SendRequest:https://p01.mul-pay.jp/payment/EntryTran.idPass from 91.133.71.114
2018/12/26 01:27:34 [/shop/shopping/load_payment_module.php] Array
(
    [ShopID] => 9000034600950
    [ShopPass] => ******
    [OrderID] => 932632-26012734
    [JobCd] => CAPTURE
    [Amount] => 9630
    [TdFlag] => 0
    [TdTenantName] => 
)
 from 91.133.71.114
2018/12/26 01:27:35 [/shop/shopping/load_payment_module.php] AccessID=6a2d03cb247d7b8fbe8a9b968b499cad&AccessPass=f34f5c5f3a14a057c93c228ccfb27271 from 91.133.71.114
2018/12/26 01:27:35 [/shop/shopping/load_payment_module.php] Array
(
    [0] => Array
        (
            [AccessID] => 6a2d03cb247d7b8fbe8a9b968b499cad
            [AccessPass] => f34f5c5f3a14a057c93c228ccfb27271
        )

)
 from 91.133.71.114
2018/12/26 01:27:35 [/shop/shopping/load_payment_module.php] load_payment_module.php set payment data:Array
(
    [AccessID] => 6a2d03cb247d7b8fbe8a9b968b499cad
    [AccessPass] => f34f5c5f3a14a057c93c228ccfb27271
    [OrderID] => 932632-26012734
    [Amount] => 9630
    [JobCd] => CAPTURE
    [action_status] => 1
    [pay_status] => 0
)
 from 91.133.71.114
2018/12/26 01:27:35 [/shop/shopping/load_payment_module.php] SendRequest:https://p01.mul-pay.jp/payment/ExecTran.idPass from 91.133.71.114
2018/12/26 01:27:35 [/shop/shopping/load_payment_module.php] Array
(
    [AccessID] => 6a2d03cb247d7b8fbe8a9b968b499cad
    [AccessPass] => f34f5c5f3a14a057c93c228ccfb27271
    [OrderID] => 932632-26012734
    [Method] => 1
    [Token] => 86b684e7e12ac4ae89e7bb30dddb47259af899a23c0b84f1c79044fbde417430
    [ClientField1] => 
    [ClientField2] => 
    [ClientField3] => EC-CUBE4.3.24
)
 from 91.133.71.114
2018/12/26 01:27:36 [/shop/shopping/load_payment_module.php] ACS=0&OrderID=932632-26012734&Forward=2S49631&Method=1&PayTimes=&Approve=0562855&TranID=1812260127602257210134119008&TranDate=20181226012736&CheckString=8c0db52125af24175b30defde719629e from 91.133.71.114
2018/12/26 01:27:36 [/shop/shopping/load_payment_module.php] Array
(
    [0] => Array
        (
            [ACS] => 0
            [OrderID] => 932632-26012734
            [Forward] => 2S49631
            [Method] => 1
            [PayTimes] => 
            [Approve] => 0562855
            [TranID] => 1812260127602257210134119008
            [TranDate] => 20181226012736
            [CheckString] => 8c0db52125af24175b30defde719629e
        )

)
 from 91.133.71.114
2018/12/26 01:27:36 [/shop/shopping/load_payment_module.php] load_payment_module.php set payment data:Array
(
    [ACS] => 0
    [Forward] => 2S49631
    [Method] => 1
    [PayTimes] => 
    [Approve] => 0562855
    [TranID] => 1812260127602257210134119008
    [TranDate] => 20181226012736
    [CheckString] => 8c0db52125af24175b30defde719629e
    [Amount] => 9630
    [JobCd] => CAPTURE
    [action_status] => 3
    [pay_status] => 13
)
 from 91.133.71.114
2018/12/26 02:47:07 [/shop/shopping/load_payment_module.php] SendRequest:https://p01.mul-pay.jp/payment/SearchMember.idPass from 72.69.0.246
2018/12/26 02:47:07 [/shop/shopping/load_payment_module.php] Array
(
    [SiteID] => mst0000007602
    [SitePass] => ******
    [MemberID] => 8370
)
 from 72.69.0.246
2018/12/26 02:47:07 [/shop/shopping/load_payment_module.php] ErrCode=E01&ErrInfo=E01390002 from 72.69.0.246
2018/12/26 02:47:07 [/shop/shopping/load_payment_module.php] Array
(
    [0] => Array
        (
            [ErrCode] => E01
            [ErrInfo] => E01390002
        )

)
 from 72.69.0.246
2018/12/26 02:47:07 [/shop/shopping/load_payment_module.php] SendRequest:https://p01.mul-pay.jp/payment/SearchCard.idPass from 72.69.0.246
2018/12/26 02:47:07 [/shop/shopping/load_payment_module.php] Array
(
    [SiteID] => mst0000007602
    [SitePass] => ******
    [MemberID] => 8370
)
 from 72.69.0.246
2018/12/26 02:47:07 [/shop/shopping/load_payment_module.php] ErrCode=E01|E01&ErrInfo=E01390002|E01240002 from 72.69.0.246
2018/12/26 02:47:07 [/shop/shopping/load_payment_module.php] Array
(
    [0] => Array
        (
            [ErrCode] => E01
            [ErrInfo] => E01390002
        )

    [1] => Array
        (
            [ErrCode] => E01
            [ErrInfo] => E01240002
        )

)
 from 72.69.0.246
2018/12/26 02:49:03 [/shop/shopping/load_payment_module.php] SendRequest:https://p01.mul-pay.jp/payment/SearchMember.idPass from 72.69.0.246
2018/12/26 02:49:03 [/shop/shopping/load_payment_module.php] Array
(
    [SiteID] => mst0000007602
    [SitePass] => ******
    [MemberID] => 8370
)
 from 72.69.0.246
2018/12/26 02:49:03 [/shop/shopping/load_payment_module.php] ErrCode=E01&ErrInfo=E01390002 from 72.69.0.246
2018/12/26 02:49:03 [/shop/shopping/load_payment_module.php] Array
(
    [0] => Array
        (
            [ErrCode] => E01
            [ErrInfo] => E01390002
        )

)
 from 72.69.0.246
2018/12/26 02:49:03 [/shop/shopping/load_payment_module.php] SendRequest:https://p01.mul-pay.jp/payment/SearchCard.idPass from 72.69.0.246
2018/12/26 02:49:03 [/shop/shopping/load_payment_module.php] Array
(
    [SiteID] => mst0000007602
    [SitePass] => ******
    [MemberID] => 8370
)
 from 72.69.0.246
2018/12/26 02:49:03 [/shop/shopping/load_payment_module.php] ErrCode=E01|E01&ErrInfo=E01390002|E01240002 from 72.69.0.246
2018/12/26 02:49:03 [/shop/shopping/load_payment_module.php] Array
(
    [0] => Array
        (
            [ErrCode] => E01
            [ErrInfo] => E01390002
        )

    [1] => Array
        (
            [ErrCode] => E01
            [ErrInfo] => E01240002
        )

)
 from 72.69.0.246
2018/12/26 02:49:03 [/shop/shopping/load_payment_module.php] SendRequest:https://p01.mul-pay.jp/payment/EntryTran.idPass from 72.69.0.246
2018/12/26 02:49:03 [/shop/shopping/load_payment_module.php] Array
(
    [ShopID] => 9000034600950
    [ShopPass] => ******
    [OrderID] => 932633-26024903
    [JobCd] => CAPTURE
    [Amount] => 10410
    [TdFlag] => 0
    [TdTenantName] => 
)
 from 72.69.0.246
2018/12/26 02:49:03 [/shop/shopping/load_payment_module.php] AccessID=395ca657a752880258e0e1eb242929ed&AccessPass=16f2f0d6ff1c3bd0ca4e7d20dc229776 from 72.69.0.246
2018/12/26 02:49:03 [/shop/shopping/load_payment_module.php] Array
(
    [0] => Array
        (
            [AccessID] => 395ca657a752880258e0e1eb242929ed
            [AccessPass] => 16f2f0d6ff1c3bd0ca4e7d20dc229776
        )

)
 from 72.69.0.246
2018/12/26 02:49:03 [/shop/shopping/load_payment_module.php] load_payment_module.php set payment data:Array
(
    [AccessID] => 395ca657a752880258e0e1eb242929ed
    [AccessPass] => 16f2f0d6ff1c3bd0ca4e7d20dc229776
    [OrderID] => 932633-26024903
    [Amount] => 10410
    [JobCd] => CAPTURE
    [action_status] => 1
    [pay_status] => 0
)
 from 72.69.0.246
2018/12/26 02:49:03 [/shop/shopping/load_payment_module.php] SendRequest:https://p01.mul-pay.jp/payment/ExecTran.idPass from 72.69.0.246
2018/12/26 02:49:03 [/shop/shopping/load_payment_module.php] Array
(
    [AccessID] => 395ca657a752880258e0e1eb242929ed
    [AccessPass] => 16f2f0d6ff1c3bd0ca4e7d20dc229776
    [OrderID] => 932633-26024903
    [Method] => 1
    [Token] => d65db3867a62ea98c30917fbc3c12c6ee049a9ffd96ca632b345f414f98c0a8f
    [ClientField1] => 
    [ClientField2] => 
    [ClientField3] => EC-CUBE4.3.24
)
 from 72.69.0.246
2018/12/26 02:49:04 [/shop/shopping/load_payment_module.php] ACS=0&OrderID=932633-26024903&Forward=2a99661&Method=1&PayTimes=&Approve=0000061&TranID=1812260249602257210134119009&TranDate=20181226024904&CheckString=758a6092d28d7533435be7f651d00a3d from 72.69.0.246
2018/12/26 02:49:04 [/shop/shopping/load_payment_module.php] Array
(
    [0] => Array
        (
            [ACS] => 0
            [OrderID] => 932633-26024903
            [Forward] => 2a99661
            [Method] => 1
            [PayTimes] => 
            [Approve] => 0000061
            [TranID] => 1812260249602257210134119009
            [TranDate] => 20181226024904
            [CheckString] => 758a6092d28d7533435be7f651d00a3d
        )

)
 from 72.69.0.246
2018/12/26 02:49:04 [/shop/shopping/load_payment_module.php] load_payment_module.php set payment data:Array
(
    [ACS] => 0
    [Forward] => 2a99661
    [Method] => 1
    [PayTimes] => 
    [Approve] => 0000061
    [TranID] => 1812260249602257210134119009
    [TranDate] => 20181226024904
    [CheckString] => 758a6092d28d7533435be7f651d00a3d
    [Amount] => 10410
    [JobCd] => CAPTURE
    [action_status] => 3
    [pay_status] => 13
)
 from 72.69.0.246
2018/12/26 05:08:06 [/shop/shopping/load_payment_module.php] SendRequest:https://p01.mul-pay.jp/payment/SearchMember.idPass from 188.50.11.208
2018/12/26 05:08:06 [/shop/shopping/load_payment_module.php] Array
(
    [SiteID] => mst0000007602
    [SitePass] => ******
    [MemberID] => 8371
)
 from 188.50.11.208
2018/12/26 05:08:06 [/shop/shopping/load_payment_module.php] ErrCode=E01&ErrInfo=E01390002 from 188.50.11.208
2018/12/26 05:08:06 [/shop/shopping/load_payment_module.php] Array
(
    [0] => Array
        (
            [ErrCode] => E01
            [ErrInfo] => E01390002
        )

)
 from 188.50.11.208
2018/12/26 05:08:06 [/shop/shopping/load_payment_module.php] SendRequest:https://p01.mul-pay.jp/payment/SearchCard.idPass from 188.50.11.208
2018/12/26 05:08:06 [/shop/shopping/load_payment_module.php] Array
(
    [SiteID] => mst0000007602
    [SitePass] => ******
    [MemberID] => 8371
)
 from 188.50.11.208
2018/12/26 05:08:06 [/shop/shopping/load_payment_module.php] ErrCode=E01|E01&ErrInfo=E01390002|E01240002 from 188.50.11.208
2018/12/26 05:08:06 [/shop/shopping/load_payment_module.php] Array
(
    [0] => Array
        (
            [ErrCode] => E01
            [ErrInfo] => E01390002
        )

    [1] => Array
        (
            [ErrCode] => E01
            [ErrInfo] => E01240002
        )

)
 from 188.50.11.208
2018/12/26 05:09:04 [/shop/shopping/load_payment_module.php] SendRequest:https://p01.mul-pay.jp/payment/SearchMember.idPass from 188.50.11.208
2018/12/26 05:09:04 [/shop/shopping/load_payment_module.php] Array
(
    [SiteID] => mst0000007602
    [SitePass] => ******
    [MemberID] => 8371
)
 from 188.50.11.208
2018/12/26 05:09:04 [/shop/shopping/load_payment_module.php] ErrCode=E01&ErrInfo=E01390002 from 188.50.11.208
2018/12/26 05:09:04 [/shop/shopping/load_payment_module.php] Array
(
    [0] => Array
        (
            [ErrCode] => E01
            [ErrInfo] => E01390002
        )

)
 from 188.50.11.208
2018/12/26 05:09:04 [/shop/shopping/load_payment_module.php] SendRequest:https://p01.mul-pay.jp/payment/SearchCard.idPass from 188.50.11.208
2018/12/26 05:09:04 [/shop/shopping/load_payment_module.php] Array
(
    [SiteID] => mst0000007602
    [SitePass] => ******
    [MemberID] => 8371
)
 from 188.50.11.208
2018/12/26 05:09:04 [/shop/shopping/load_payment_module.php] ErrCode=E01|E01&ErrInfo=E01390002|E01240002 from 188.50.11.208
2018/12/26 05:09:04 [/shop/shopping/load_payment_module.php] Array
(
    [0] => Array
        (
            [ErrCode] => E01
            [ErrInfo] => E01390002
        )

    [1] => Array
        (
            [ErrCode] => E01
            [ErrInfo] => E01240002
        )

)
 from 188.50.11.208
2018/12/26 05:09:04 [/shop/shopping/load_payment_module.php] SendRequest:https://p01.mul-pay.jp/payment/EntryTran.idPass from 188.50.11.208
2018/12/26 05:09:04 [/shop/shopping/load_payment_module.php] Array
(
    [ShopID] => 9000034600950
    [ShopPass] => ******
    [OrderID] => 932634-26050904
    [JobCd] => CAPTURE
    [Amount] => 6480
    [TdFlag] => 0
    [TdTenantName] => 
)
 from 188.50.11.208
2018/12/26 05:09:05 [/shop/shopping/load_payment_module.php] AccessID=068ba38c43968fb68b3aaea0dbede459&AccessPass=4ec3b904399e3b04ace9fb5b617a6b55 from 188.50.11.208
2018/12/26 05:09:05 [/shop/shopping/load_payment_module.php] Array
(
    [0] => Array
        (
            [AccessID] => 068ba38c43968fb68b3aaea0dbede459
            [AccessPass] => 4ec3b904399e3b04ace9fb5b617a6b55
        )

)
 from 188.50.11.208
2018/12/26 05:09:05 [/shop/shopping/load_payment_module.php] load_payment_module.php set payment data:Array
(
    [AccessID] => 068ba38c43968fb68b3aaea0dbede459
    [AccessPass] => 4ec3b904399e3b04ace9fb5b617a6b55
    [OrderID] => 932634-26050904
    [Amount] => 6480
    [JobCd] => CAPTURE
    [action_status] => 1
    [pay_status] => 0
)
 from 188.50.11.208
2018/12/26 05:09:05 [/shop/shopping/load_payment_module.php] SendRequest:https://p01.mul-pay.jp/payment/ExecTran.idPass from 188.50.11.208
2018/12/26 05:09:05 [/shop/shopping/load_payment_module.php] Array
(
    [AccessID] => 068ba38c43968fb68b3aaea0dbede459
    [AccessPass] => 4ec3b904399e3b04ace9fb5b617a6b55
    [OrderID] => 932634-26050904
    [Method] => 1
    [Token] => a7946ec60d41dd81ff9b5dfa12a7a944425e5e919554d06478098e3aac633417
    [ClientField1] => 
    [ClientField2] => 
    [ClientField3] => EC-CUBE4.3.24
)
 from 188.50.11.208
2018/12/26 05:09:06 [/shop/shopping/load_payment_module.php] ACS=0&OrderID=932634-26050904&Forward=2S49631&Method=1&PayTimes=&Approve=0348616&TranID=1812260509602257210134129029&TranDate=20181226050906&CheckString=72d261fbbd67c0c866e2a2eaea1754df from 188.50.11.208
2018/12/26 05:09:06 [/shop/shopping/load_payment_module.php] Array
(
    [0] => Array
        (
            [ACS] => 0
            [OrderID] => 932634-26050904
            [Forward] => 2S49631
            [Method] => 1
            [PayTimes] => 
            [Approve] => 0348616
            [TranID] => 1812260509602257210134129029
            [TranDate] => 20181226050906
            [CheckString] => 72d261fbbd67c0c866e2a2eaea1754df
        )

)
 from 188.50.11.208
2018/12/26 05:09:06 [/shop/shopping/load_payment_module.php] load_payment_module.php set payment data:Array
(
    [ACS] => 0
    [Forward] => 2S49631
    [Method] => 1
    [PayTimes] => 
    [Approve] => 0348616
    [TranID] => 1812260509602257210134129029
    [TranDate] => 20181226050906
    [CheckString] => 72d261fbbd67c0c866e2a2eaea1754df
    [Amount] => 6480
    [JobCd] => CAPTURE
    [action_status] => 3
    [pay_status] => 13
)
 from 188.50.11.208
2018/12/26 07:04:12 [/shop/shopping/load_payment_module.php] SendRequest:https://p01.mul-pay.jp/payment/SearchMember.idPass from 180.244.35.85
2018/12/26 07:04:12 [/shop/shopping/load_payment_module.php] Array
(
    [SiteID] => mst0000007602
    [SitePass] => ******
    [MemberID] => 2140
)
 from 180.244.35.85
2018/12/26 07:04:12 [/shop/shopping/load_payment_module.php] ErrCode=E01&ErrInfo=E01390002 from 180.244.35.85
2018/12/26 07:04:12 [/shop/shopping/load_payment_module.php] Array
(
    [0] => Array
        (
            [ErrCode] => E01
            [ErrInfo] => E01390002
        )

)
 from 180.244.35.85
2018/12/26 07:04:12 [/shop/shopping/load_payment_module.php] SendRequest:https://p01.mul-pay.jp/payment/SearchCard.idPass from 180.244.35.85
2018/12/26 07:04:12 [/shop/shopping/load_payment_module.php] Array
(
    [SiteID] => mst0000007602
    [SitePass] => ******
    [MemberID] => 2140
)
 from 180.244.35.85
2018/12/26 07:04:12 [/shop/shopping/load_payment_module.php] ErrCode=E01|E01&ErrInfo=E01390002|E01240002 from 180.244.35.85
2018/12/26 07:04:12 [/shop/shopping/load_payment_module.php] Array
(
    [0] => Array
        (
            [ErrCode] => E01
            [ErrInfo] => E01390002
        )

    [1] => Array
        (
            [ErrCode] => E01
            [ErrInfo] => E01240002
        )

)
 from 180.244.35.85
2018/12/26 07:04:47 [/shop/shopping/load_payment_module.php] SendRequest:https://p01.mul-pay.jp/payment/SearchMember.idPass from 180.244.35.85
2018/12/26 07:04:47 [/shop/shopping/load_payment_module.php] Array
(
    [SiteID] => mst0000007602
    [SitePass] => ******
    [MemberID] => 2140
)
 from 180.244.35.85
2018/12/26 07:04:47 [/shop/shopping/load_payment_module.php] ErrCode=E01&ErrInfo=E01390002 from 180.244.35.85
2018/12/26 07:04:47 [/shop/shopping/load_payment_module.php] Array
(
    [0] => Array
        (
            [ErrCode] => E01
            [ErrInfo] => E01390002
        )

)
 from 180.244.35.85
2018/12/26 07:04:47 [/shop/shopping/load_payment_module.php] SendRequest:https://p01.mul-pay.jp/payment/SearchCard.idPass from 180.244.35.85
2018/12/26 07:04:47 [/shop/shopping/load_payment_module.php] Array
(
    [SiteID] => mst0000007602
    [SitePass] => ******
    [MemberID] => 2140
)
 from 180.244.35.85
2018/12/26 07:04:47 [/shop/shopping/load_payment_module.php] ErrCode=E01|E01&ErrInfo=E01390002|E01240002 from 180.244.35.85
2018/12/26 07:04:47 [/shop/shopping/load_payment_module.php] Array
(
    [0] => Array
        (
            [ErrCode] => E01
            [ErrInfo] => E01390002
        )

    [1] => Array
        (
            [ErrCode] => E01
            [ErrInfo] => E01240002
        )

)
 from 180.244.35.85
2018/12/26 07:04:47 [/shop/shopping/load_payment_module.php] SendRequest:https://p01.mul-pay.jp/payment/EntryTran.idPass from 180.244.35.85
2018/12/26 07:04:47 [/shop/shopping/load_payment_module.php] Array
(
    [ShopID] => 9000034600950
    [ShopPass] => ******
    [OrderID] => 932635-26070447
    [JobCd] => CAPTURE
    [Amount] => 4299
    [TdFlag] => 0
    [TdTenantName] => 
)
 from 180.244.35.85
2018/12/26 07:04:47 [/shop/shopping/load_payment_module.php] AccessID=4c9538bd6fb2317c831348fad6e5ac2c&AccessPass=aacb44563b92059c8133955df7adae9f from 180.244.35.85
2018/12/26 07:04:47 [/shop/shopping/load_payment_module.php] Array
(
    [0] => Array
        (
            [AccessID] => 4c9538bd6fb2317c831348fad6e5ac2c
            [AccessPass] => aacb44563b92059c8133955df7adae9f
        )

)
 from 180.244.35.85
2018/12/26 07:04:47 [/shop/shopping/load_payment_module.php] load_payment_module.php set payment data:Array
(
    [AccessID] => 4c9538bd6fb2317c831348fad6e5ac2c
    [AccessPass] => aacb44563b92059c8133955df7adae9f
    [OrderID] => 932635-26070447
    [Amount] => 4299
    [JobCd] => CAPTURE
    [action_status] => 1
    [pay_status] => 0
)
 from 180.244.35.85
2018/12/26 07:04:47 [/shop/shopping/load_payment_module.php] SendRequest:https://p01.mul-pay.jp/payment/ExecTran.idPass from 180.244.35.85
2018/12/26 07:04:47 [/shop/shopping/load_payment_module.php] Array
(
    [AccessID] => 4c9538bd6fb2317c831348fad6e5ac2c
    [AccessPass] => aacb44563b92059c8133955df7adae9f
    [OrderID] => 932635-26070447
    [Method] => 1
    [Token] => f69e75b3eb2889576e81d1d16e074eefa9efe36e4b0992af97b732730c425e38
    [ClientField1] => 
    [ClientField2] => 
    [ClientField3] => EC-CUBE4.3.24
)
 from 180.244.35.85
2018/12/26 07:04:48 [/shop/shopping/load_payment_module.php] ACS=0&OrderID=932635-26070447&Forward=2S49631&Method=1&PayTimes=&Approve=0257280&TranID=1812260704602257210134138963&TranDate=20181226070448&CheckString=deba87113e76a363ffaab39eff600368 from 180.244.35.85
2018/12/26 07:04:48 [/shop/shopping/load_payment_module.php] Array
(
    [0] => Array
        (
            [ACS] => 0
            [OrderID] => 932635-26070447
            [Forward] => 2S49631
            [Method] => 1
            [PayTimes] => 
            [Approve] => 0257280
            [TranID] => 1812260704602257210134138963
            [TranDate] => 20181226070448
            [CheckString] => deba87113e76a363ffaab39eff600368
        )

)
 from 180.244.35.85
2018/12/26 07:04:48 [/shop/shopping/load_payment_module.php] load_payment_module.php set payment data:Array
(
    [ACS] => 0
    [Forward] => 2S49631
    [Method] => 1
    [PayTimes] => 
    [Approve] => 0257280
    [TranID] => 1812260704602257210134138963
    [TranDate] => 20181226070448
    [CheckString] => deba87113e76a363ffaab39eff600368
    [Amount] => 4299
    [JobCd] => CAPTURE
    [action_status] => 3
    [pay_status] => 13
)
 from 180.244.35.85
2018/12/26 08:45:23 [/shop/shopping/load_payment_module.php] SendRequest:https://p01.mul-pay.jp/payment/SearchMember.idPass from 72.130.165.86
2018/12/26 08:45:23 [/shop/shopping/load_payment_module.php] Array
(
    [SiteID] => mst0000007602
    [SitePass] => ******
    [MemberID] => 3504
)
 from 72.130.165.86
2018/12/26 08:45:24 [/shop/shopping/load_payment_module.php] ErrCode=E01&ErrInfo=E01390002 from 72.130.165.86
2018/12/26 08:45:24 [/shop/shopping/load_payment_module.php] Array
(
    [0] => Array
        (
            [ErrCode] => E01
            [ErrInfo] => E01390002
        )

)
 from 72.130.165.86
2018/12/26 08:45:24 [/shop/shopping/load_payment_module.php] SendRequest:https://p01.mul-pay.jp/payment/SearchCard.idPass from 72.130.165.86
2018/12/26 08:45:24 [/shop/shopping/load_payment_module.php] Array
(
    [SiteID] => mst0000007602
    [SitePass] => ******
    [MemberID] => 3504
)
 from 72.130.165.86
2018/12/26 08:45:24 [/shop/shopping/load_payment_module.php] ErrCode=E01|E01&ErrInfo=E01390002|E01240002 from 72.130.165.86
2018/12/26 08:45:24 [/shop/shopping/load_payment_module.php] Array
(
    [0] => Array
        (
            [ErrCode] => E01
            [ErrInfo] => E01390002
        )

    [1] => Array
        (
            [ErrCode] => E01
            [ErrInfo] => E01240002
        )

)
 from 72.130.165.86
2018/12/26 08:46:57 [/shop/shopping/load_payment_module.php] SendRequest:https://p01.mul-pay.jp/payment/SearchMember.idPass from 72.130.165.86
2018/12/26 08:46:57 [/shop/shopping/load_payment_module.php] Array
(
    [SiteID] => mst0000007602
    [SitePass] => ******
    [MemberID] => 3504
)
 from 72.130.165.86
2018/12/26 08:46:57 [/shop/shopping/load_payment_module.php] ErrCode=E01&ErrInfo=E01390002 from 72.130.165.86
2018/12/26 08:46:57 [/shop/shopping/load_payment_module.php] Array
(
    [0] => Array
        (
            [ErrCode] => E01
            [ErrInfo] => E01390002
        )

)
 from 72.130.165.86
2018/12/26 08:46:57 [/shop/shopping/load_payment_module.php] SendRequest:https://p01.mul-pay.jp/payment/SearchCard.idPass from 72.130.165.86
2018/12/26 08:46:57 [/shop/shopping/load_payment_module.php] Array
(
    [SiteID] => mst0000007602
    [SitePass] => ******
    [MemberID] => 3504
)
 from 72.130.165.86
2018/12/26 08:46:57 [/shop/shopping/load_payment_module.php] ErrCode=E01|E01&ErrInfo=E01390002|E01240002 from 72.130.165.86
2018/12/26 08:46:57 [/shop/shopping/load_payment_module.php] Array
(
    [0] => Array
        (
            [ErrCode] => E01
            [ErrInfo] => E01390002
        )

    [1] => Array
        (
            [ErrCode] => E01
            [ErrInfo] => E01240002
        )

)
 from 72.130.165.86
2018/12/26 08:46:57 [/shop/shopping/load_payment_module.php] SendRequest:https://p01.mul-pay.jp/payment/EntryTran.idPass from 72.130.165.86
2018/12/26 08:46:57 [/shop/shopping/load_payment_module.php] Array
(
    [ShopID] => 9000034600950
    [ShopPass] => ******
    [OrderID] => 932636-26084657
    [JobCd] => CAPTURE
    [Amount] => 14580
    [TdFlag] => 0
    [TdTenantName] => 
)
 from 72.130.165.86
2018/12/26 08:46:57 [/shop/shopping/load_payment_module.php] AccessID=30eb44e442875563694022a554111f53&AccessPass=875a1a34de728c629550e3e6dcf49911 from 72.130.165.86
2018/12/26 08:46:57 [/shop/shopping/load_payment_module.php] Array
(
    [0] => Array
        (
            [AccessID] => 30eb44e442875563694022a554111f53
            [AccessPass] => 875a1a34de728c629550e3e6dcf49911
        )

)
 from 72.130.165.86
2018/12/26 08:46:57 [/shop/shopping/load_payment_module.php] load_payment_module.php set payment data:Array
(
    [AccessID] => 30eb44e442875563694022a554111f53
    [AccessPass] => 875a1a34de728c629550e3e6dcf49911
    [OrderID] => 932636-26084657
    [Amount] => 14580
    [JobCd] => CAPTURE
    [action_status] => 1
    [pay_status] => 0
)
 from 72.130.165.86
2018/12/26 08:46:57 [/shop/shopping/load_payment_module.php] SendRequest:https://p01.mul-pay.jp/payment/ExecTran.idPass from 72.130.165.86
2018/12/26 08:46:57 [/shop/shopping/load_payment_module.php] Array
(
    [AccessID] => 30eb44e442875563694022a554111f53
    [AccessPass] => 875a1a34de728c629550e3e6dcf49911
    [OrderID] => 932636-26084657
    [Method] => 1
    [Token] => e665d1861e73a774fff5e9587a9e63dbd606da692cfe550fe6b7c692503c888f
    [ClientField1] => 
    [ClientField2] => 
    [ClientField3] => EC-CUBE4.3.24
)
 from 72.130.165.86
2018/12/26 08:46:58 [/shop/shopping/load_payment_module.php] ACS=0&OrderID=932636-26084657&Forward=2a99661&Method=1&PayTimes=&Approve=0000039&TranID=1812260846602257210134138964&TranDate=20181226084658&CheckString=9fb157e99b21bcc7577f25dbf3103dae from 72.130.165.86
2018/12/26 08:46:58 [/shop/shopping/load_payment_module.php] Array
(
    [0] => Array
        (
            [ACS] => 0
            [OrderID] => 932636-26084657
            [Forward] => 2a99661
            [Method] => 1
            [PayTimes] => 
            [Approve] => 0000039
            [TranID] => 1812260846602257210134138964
            [TranDate] => 20181226084658
            [CheckString] => 9fb157e99b21bcc7577f25dbf3103dae
        )

)
 from 72.130.165.86
2018/12/26 08:46:58 [/shop/shopping/load_payment_module.php] load_payment_module.php set payment data:Array
(
    [ACS] => 0
    [Forward] => 2a99661
    [Method] => 1
    [PayTimes] => 
    [Approve] => 0000039
    [TranID] => 1812260846602257210134138964
    [TranDate] => 20181226084658
    [CheckString] => 9fb157e99b21bcc7577f25dbf3103dae
    [Amount] => 14580
    [JobCd] => CAPTURE
    [action_status] => 3
    [pay_status] => 13
)
 from 72.130.165.86
2018/12/26 09:19:08 [/shop/shopping/load_payment_module.php] SendRequest:https://p01.mul-pay.jp/payment/EntryTran.idPass from 73.58.187.112
2018/12/26 09:19:08 [/shop/shopping/load_payment_module.php] Array
(
    [ShopID] => 9000034600950
    [ShopPass] => ******
    [OrderID] => 932637-26091908
    [JobCd] => CAPTURE
    [Amount] => 11260
    [TdFlag] => 0
    [TdTenantName] => 
)
 from 73.58.187.112
2018/12/26 09:19:08 [/shop/shopping/load_payment_module.php] AccessID=a13b6dd73da3ce77f870e01c03fd7dde&AccessPass=31bb4675097c200fcb809e1f2ae16ba8 from 73.58.187.112
2018/12/26 09:19:08 [/shop/shopping/load_payment_module.php] Array
(
    [0] => Array
        (
            [AccessID] => a13b6dd73da3ce77f870e01c03fd7dde
            [AccessPass] => 31bb4675097c200fcb809e1f2ae16ba8
        )

)
 from 73.58.187.112
2018/12/26 09:19:08 [/shop/shopping/load_payment_module.php] load_payment_module.php set payment data:Array
(
    [AccessID] => a13b6dd73da3ce77f870e01c03fd7dde
    [AccessPass] => 31bb4675097c200fcb809e1f2ae16ba8
    [OrderID] => 932637-26091908
    [Amount] => 11260
    [JobCd] => CAPTURE
    [action_status] => 1
    [pay_status] => 0
)
 from 73.58.187.112
2018/12/26 09:19:08 [/shop/shopping/load_payment_module.php] SendRequest:https://p01.mul-pay.jp/payment/ExecTran.idPass from 73.58.187.112
2018/12/26 09:19:08 [/shop/shopping/load_payment_module.php] Array
(
    [AccessID] => a13b6dd73da3ce77f870e01c03fd7dde
    [AccessPass] => 31bb4675097c200fcb809e1f2ae16ba8
    [OrderID] => 932637-26091908
    [Method] => 1
    [Token] => 42047075fc45ce7e3fd1279cd54ff096f49bc46859209c3ec8867418d2a02db2
    [ClientField1] => 
    [ClientField2] => 
    [ClientField3] => EC-CUBE4.3.24
)
 from 73.58.187.112
2018/12/26 09:19:09 [/shop/shopping/load_payment_module.php] ACS=0&OrderID=932637-26091908&Forward=2S49631&Method=1&PayTimes=&Approve=0072814&TranID=1812260919602257210134119010&TranDate=20181226091909&CheckString=5c139f244f66302af49c639786e523c6 from 73.58.187.112
2018/12/26 09:19:09 [/shop/shopping/load_payment_module.php] Array
(
    [0] => Array
        (
            [ACS] => 0
            [OrderID] => 932637-26091908
            [Forward] => 2S49631
            [Method] => 1
            [PayTimes] => 
            [Approve] => 0072814
            [TranID] => 1812260919602257210134119010
            [TranDate] => 20181226091909
            [CheckString] => 5c139f244f66302af49c639786e523c6
        )

)
 from 73.58.187.112
2018/12/26 09:19:09 [/shop/shopping/load_payment_module.php] load_payment_module.php set payment data:Array
(
    [ACS] => 0
    [Forward] => 2S49631
    [Method] => 1
    [PayTimes] => 
    [Approve] => 0072814
    [TranID] => 1812260919602257210134119010
    [TranDate] => 20181226091909
    [CheckString] => 5c139f244f66302af49c639786e523c6
    [Amount] => 11260
    [JobCd] => CAPTURE
    [action_status] => 3
    [pay_status] => 13
)
 from 73.58.187.112
2018/12/26 10:34:46 [/shop/shopping/load_payment_module.php] SendRequest:https://p01.mul-pay.jp/payment/EntryTran.idPass from 103.237.80.10
2018/12/26 10:34:46 [/shop/shopping/load_payment_module.php] Array
(
    [ShopID] => 9000034600950
    [ShopPass] => ******
    [OrderID] => 932638-26103446
    [JobCd] => CAPTURE
    [Amount] => 5670
    [TdFlag] => 0
    [TdTenantName] => 
)
 from 103.237.80.10
2018/12/26 10:34:46 [/shop/shopping/load_payment_module.php] AccessID=5c26a29ae7e42e31f9e9c6ee39a1cde3&AccessPass=98f18b9e427bd0c0c56a59a08fd6a6f0 from 103.237.80.10
2018/12/26 10:34:46 [/shop/shopping/load_payment_module.php] Array
(
    [0] => Array
        (
            [AccessID] => 5c26a29ae7e42e31f9e9c6ee39a1cde3
            [AccessPass] => 98f18b9e427bd0c0c56a59a08fd6a6f0
        )

)
 from 103.237.80.10
2018/12/26 10:34:46 [/shop/shopping/load_payment_module.php] load_payment_module.php set payment data:Array
(
    [AccessID] => 5c26a29ae7e42e31f9e9c6ee39a1cde3
    [AccessPass] => 98f18b9e427bd0c0c56a59a08fd6a6f0
    [OrderID] => 932638-26103446
    [Amount] => 5670
    [JobCd] => CAPTURE
    [action_status] => 1
    [pay_status] => 0
)
 from 103.237.80.10
2018/12/26 10:34:46 [/shop/shopping/load_payment_module.php] SendRequest:https://p01.mul-pay.jp/payment/ExecTran.idPass from 103.237.80.10
2018/12/26 10:34:46 [/shop/shopping/load_payment_module.php] Array
(
    [AccessID] => 5c26a29ae7e42e31f9e9c6ee39a1cde3
    [AccessPass] => 98f18b9e427bd0c0c56a59a08fd6a6f0
    [OrderID] => 932638-26103446
    [Method] => 1
    [Token] => 82fc8382ac1752e579b53a565420241ba910b8236d995a406ba05fcdd5c494bb
    [ClientField1] => 
    [ClientField2] => 
    [ClientField3] => EC-CUBE4.3.24
)
 from 103.237.80.10
2018/12/26 10:34:47 [/shop/shopping/load_payment_module.php] ACS=0&OrderID=932638-26103446&Forward=2S49631&Method=1&PayTimes=&Approve=0034169&TranID=1812261034602257210134138965&TranDate=20181226103447&CheckString=e22a3204ad21d44feb57e216f6a0631e from 103.237.80.10
2018/12/26 10:34:47 [/shop/shopping/load_payment_module.php] Array
(
    [0] => Array
        (
            [ACS] => 0
            [OrderID] => 932638-26103446
            [Forward] => 2S49631
            [Method] => 1
            [PayTimes] => 
            [Approve] => 0034169
            [TranID] => 1812261034602257210134138965
            [TranDate] => 20181226103447
            [CheckString] => e22a3204ad21d44feb57e216f6a0631e
        )

)
 from 103.237.80.10
2018/12/26 10:34:47 [/shop/shopping/load_payment_module.php] load_payment_module.php set payment data:Array
(
    [ACS] => 0
    [Forward] => 2S49631
    [Method] => 1
    [PayTimes] => 
    [Approve] => 0034169
    [TranID] => 1812261034602257210134138965
    [TranDate] => 20181226103447
    [CheckString] => e22a3204ad21d44feb57e216f6a0631e
    [Amount] => 5670
    [JobCd] => CAPTURE
    [action_status] => 3
    [pay_status] => 13
)
 from 103.237.80.10
2018/12/26 12:24:40 [/shop/shopping/load_payment_module.php] SendRequest:https://p01.mul-pay.jp/payment/EntryTran.idPass from 153.142.16.212
2018/12/26 12:24:40 [/shop/shopping/load_payment_module.php] Array
(
    [ShopID] => 9000034600950
    [ShopPass] => ******
    [OrderID] => 932639-26122440
    [JobCd] => CAPTURE
    [Amount] => 9330
    [TdFlag] => 0
    [TdTenantName] => 
)
 from 153.142.16.212
2018/12/26 12:24:41 [/shop/shopping/load_payment_module.php] AccessID=a9d1e1886c579d6568e5a10ecba4c869&AccessPass=6f5959384926a922d3048632dbdf7b73 from 153.142.16.212
2018/12/26 12:24:41 [/shop/shopping/load_payment_module.php] Array
(
    [0] => Array
        (
            [AccessID] => a9d1e1886c579d6568e5a10ecba4c869
            [AccessPass] => 6f5959384926a922d3048632dbdf7b73
        )

)
 from 153.142.16.212
2018/12/26 12:24:41 [/shop/shopping/load_payment_module.php] load_payment_module.php set payment data:Array
(
    [AccessID] => a9d1e1886c579d6568e5a10ecba4c869
    [AccessPass] => 6f5959384926a922d3048632dbdf7b73
    [OrderID] => 932639-26122440
    [Amount] => 9330
    [JobCd] => CAPTURE
    [action_status] => 1
    [pay_status] => 0
)
 from 153.142.16.212
2018/12/26 12:24:41 [/shop/shopping/load_payment_module.php] SendRequest:https://p01.mul-pay.jp/payment/ExecTran.idPass from 153.142.16.212
2018/12/26 12:24:41 [/shop/shopping/load_payment_module.php] Array
(
    [AccessID] => a9d1e1886c579d6568e5a10ecba4c869
    [AccessPass] => 6f5959384926a922d3048632dbdf7b73
    [OrderID] => 932639-26122440
    [Method] => 1
    [Token] => 023718d8ab986d8fbfe6c6e7c7fc48d30b82e7c703576ef6e16382f3bedfd46e
    [ClientField1] => 
    [ClientField2] => 
    [ClientField3] => EC-CUBE4.3.24
)
 from 153.142.16.212
2018/12/26 12:24:42 [/shop/shopping/load_payment_module.php] ACS=0&OrderID=932639-26122440&Forward=2959876&Method=1&PayTimes=&Approve=0268144&TranID=1812261224602257210134129030&TranDate=20181226122442&CheckString=b46a0e6c843fbfae463aa03c99b13c67 from 153.142.16.212
2018/12/26 12:24:42 [/shop/shopping/load_payment_module.php] Array
(
    [0] => Array
        (
            [ACS] => 0
            [OrderID] => 932639-26122440
            [Forward] => 2959876
            [Method] => 1
            [PayTimes] => 
            [Approve] => 0268144
            [TranID] => 1812261224602257210134129030
            [TranDate] => 20181226122442
            [CheckString] => b46a0e6c843fbfae463aa03c99b13c67
        )

)
 from 153.142.16.212
2018/12/26 12:24:42 [/shop/shopping/load_payment_module.php] load_payment_module.php set payment data:Array
(
    [ACS] => 0
    [Forward] => 2959876
    [Method] => 1
    [PayTimes] => 
    [Approve] => 0268144
    [TranID] => 1812261224602257210134129030
    [TranDate] => 20181226122442
    [CheckString] => b46a0e6c843fbfae463aa03c99b13c67
    [Amount] => 9330
    [JobCd] => CAPTURE
    [action_status] => 3
    [pay_status] => 13
)
 from 153.142.16.212
2018/12/26 14:46:23 [/shop/shopping/load_payment_module.php] SendRequest:https://p01.mul-pay.jp/payment/SearchMember.idPass from 121.117.164.240
2018/12/26 14:46:23 [/shop/shopping/load_payment_module.php] Array
(
    [SiteID] => mst0000007602
    [SitePass] => ******
    [MemberID] => 5813
)
 from 121.117.164.240
2018/12/26 14:46:23 [/shop/shopping/load_payment_module.php] ErrCode=E01&ErrInfo=E01390002 from 121.117.164.240
2018/12/26 14:46:23 [/shop/shopping/load_payment_module.php] Array
(
    [0] => Array
        (
            [ErrCode] => E01
            [ErrInfo] => E01390002
        )

)
 from 121.117.164.240
2018/12/26 14:46:23 [/shop/shopping/load_payment_module.php] SendRequest:https://p01.mul-pay.jp/payment/SearchCard.idPass from 121.117.164.240
2018/12/26 14:46:23 [/shop/shopping/load_payment_module.php] Array
(
    [SiteID] => mst0000007602
    [SitePass] => ******
    [MemberID] => 5813
)
 from 121.117.164.240
2018/12/26 14:46:23 [/shop/shopping/load_payment_module.php] ErrCode=E01|E01&ErrInfo=E01390002|E01240002 from 121.117.164.240
2018/12/26 14:46:23 [/shop/shopping/load_payment_module.php] Array
(
    [0] => Array
        (
            [ErrCode] => E01
            [ErrInfo] => E01390002
        )

    [1] => Array
        (
            [ErrCode] => E01
            [ErrInfo] => E01240002
        )

)
 from 121.117.164.240
2018/12/26 14:47:12 [/shop/shopping/load_payment_module.php] SendRequest:https://p01.mul-pay.jp/payment/SearchMember.idPass from 121.117.164.240
2018/12/26 14:47:12 [/shop/shopping/load_payment_module.php] Array
(
    [SiteID] => mst0000007602
    [SitePass] => ******
    [MemberID] => 5813
)
 from 121.117.164.240
2018/12/26 14:47:12 [/shop/shopping/load_payment_module.php] ErrCode=E01&ErrInfo=E01390002 from 121.117.164.240
2018/12/26 14:47:12 [/shop/shopping/load_payment_module.php] Array
(
    [0] => Array
        (
            [ErrCode] => E01
            [ErrInfo] => E01390002
        )

)
 from 121.117.164.240
2018/12/26 14:47:12 [/shop/shopping/load_payment_module.php] SendRequest:https://p01.mul-pay.jp/payment/SearchCard.idPass from 121.117.164.240
2018/12/26 14:47:12 [/shop/shopping/load_payment_module.php] Array
(
    [SiteID] => mst0000007602
    [SitePass] => ******
    [MemberID] => 5813
)
 from 121.117.164.240
2018/12/26 14:47:13 [/shop/shopping/load_payment_module.php] ErrCode=E01|E01&ErrInfo=E01390002|E01240002 from 121.117.164.240
2018/12/26 14:47:13 [/shop/shopping/load_payment_module.php] Array
(
    [0] => Array
        (
            [ErrCode] => E01
            [ErrInfo] => E01390002
        )

    [1] => Array
        (
            [ErrCode] => E01
            [ErrInfo] => E01240002
        )

)
 from 121.117.164.240
2018/12/26 14:47:13 [/shop/shopping/load_payment_module.php] SendRequest:https://p01.mul-pay.jp/payment/EntryTran.idPass from 121.117.164.240
2018/12/26 14:47:13 [/shop/shopping/load_payment_module.php] Array
(
    [ShopID] => 9000034600950
    [ShopPass] => ******
    [OrderID] => 932640-26144713
    [JobCd] => CAPTURE
    [Amount] => 834
    [TdFlag] => 0
    [TdTenantName] => 
)
 from 121.117.164.240
2018/12/26 14:47:13 [/shop/shopping/load_payment_module.php] AccessID=962df01f6ac869f94e6f6fac6f2db767&AccessPass=4b66067a56c4764e3ed855d1b101dfe4 from 121.117.164.240
2018/12/26 14:47:13 [/shop/shopping/load_payment_module.php] Array
(
    [0] => Array
        (
            [AccessID] => 962df01f6ac869f94e6f6fac6f2db767
            [AccessPass] => 4b66067a56c4764e3ed855d1b101dfe4
        )

)
 from 121.117.164.240
2018/12/26 14:47:13 [/shop/shopping/load_payment_module.php] load_payment_module.php set payment data:Array
(
    [AccessID] => 962df01f6ac869f94e6f6fac6f2db767
    [AccessPass] => 4b66067a56c4764e3ed855d1b101dfe4
    [OrderID] => 932640-26144713
    [Amount] => 834
    [JobCd] => CAPTURE
    [action_status] => 1
    [pay_status] => 0
)
 from 121.117.164.240
2018/12/26 14:47:13 [/shop/shopping/load_payment_module.php] SendRequest:https://p01.mul-pay.jp/payment/ExecTran.idPass from 121.117.164.240
2018/12/26 14:47:13 [/shop/shopping/load_payment_module.php] Array
(
    [AccessID] => 962df01f6ac869f94e6f6fac6f2db767
    [AccessPass] => 4b66067a56c4764e3ed855d1b101dfe4
    [OrderID] => 932640-26144713
    [Method] => 1
    [Token] => 9de0d083ed556d7df340dcc06ff1641d4c02fd2eb0d4f9dbdbf6dbb8cf18292b
    [ClientField1] => 
    [ClientField2] => 
    [ClientField3] => EC-CUBE4.3.24
)
 from 121.117.164.240
2018/12/26 14:47:15 [/shop/shopping/load_payment_module.php] ACS=0&OrderID=932640-26144713&Forward=2959876&Method=1&PayTimes=&Approve=0519812&TranID=1812261447602257210134119011&TranDate=20181226144715&CheckString=14dd83773f97cca9d37f64ec1cc42753 from 121.117.164.240
2018/12/26 14:47:15 [/shop/shopping/load_payment_module.php] Array
(
    [0] => Array
        (
            [ACS] => 0
            [OrderID] => 932640-26144713
            [Forward] => 2959876
            [Method] => 1
            [PayTimes] => 
            [Approve] => 0519812
            [TranID] => 1812261447602257210134119011
            [TranDate] => 20181226144715
            [CheckString] => 14dd83773f97cca9d37f64ec1cc42753
        )

)
 from 121.117.164.240
2018/12/26 14:47:15 [/shop/shopping/load_payment_module.php] load_payment_module.php set payment data:Array
(
    [ACS] => 0
    [Forward] => 2959876
    [Method] => 1
    [PayTimes] => 
    [Approve] => 0519812
    [TranID] => 1812261447602257210134119011
    [TranDate] => 20181226144715
    [CheckString] => 14dd83773f97cca9d37f64ec1cc42753
    [Amount] => 834
    [JobCd] => CAPTURE
    [action_status] => 3
    [pay_status] => 13
)
 from 121.117.164.240
2018/12/26 16:38:09 [/shop/shopping/load_payment_module.php] SendRequest:https://p01.mul-pay.jp/payment/EntryTran.idPass from 112.201.74.54
2018/12/26 16:38:09 [/shop/shopping/load_payment_module.php] Array
(
    [ShopID] => 9000034600950
    [ShopPass] => ******
    [OrderID] => 932641-26163809
    [JobCd] => CAPTURE
    [Amount] => 4380
    [TdFlag] => 0
    [TdTenantName] => 
)
 from 112.201.74.54
2018/12/26 16:38:10 [/shop/shopping/load_payment_module.php] AccessID=ab4e748505cd95398ad1a5a90bbadb3c&AccessPass=05166ca41a81b0433b389035203babe3 from 112.201.74.54
2018/12/26 16:38:10 [/shop/shopping/load_payment_module.php] Array
(
    [0] => Array
        (
            [AccessID] => ab4e748505cd95398ad1a5a90bbadb3c
            [AccessPass] => 05166ca41a81b0433b389035203babe3
        )

)
 from 112.201.74.54
2018/12/26 16:38:10 [/shop/shopping/load_payment_module.php] load_payment_module.php set payment data:Array
(
    [AccessID] => ab4e748505cd95398ad1a5a90bbadb3c
    [AccessPass] => 05166ca41a81b0433b389035203babe3
    [OrderID] => 932641-26163809
    [Amount] => 4380
    [JobCd] => CAPTURE
    [action_status] => 1
    [pay_status] => 0
)
 from 112.201.74.54
2018/12/26 16:38:10 [/shop/shopping/load_payment_module.php] SendRequest:https://p01.mul-pay.jp/payment/ExecTran.idPass from 112.201.74.54
2018/12/26 16:38:10 [/shop/shopping/load_payment_module.php] Array
(
    [AccessID] => ab4e748505cd95398ad1a5a90bbadb3c
    [AccessPass] => 05166ca41a81b0433b389035203babe3
    [OrderID] => 932641-26163809
    [Method] => 1
    [Token] => 6460a5770b2735c1a9a52c39c70be50bb5b0390b98a0fa65e3c77c5ac4536aa9
    [ClientField1] => 
    [ClientField2] => 
    [ClientField3] => EC-CUBE4.3.24
)
 from 112.201.74.54
2018/12/26 16:38:11 [/shop/shopping/load_payment_module.php] ACS=0&OrderID=932641-26163809&Forward=2S49631&Method=1&PayTimes=&Approve=0693439&TranID=1812261638602257210134119012&TranDate=20181226163811&CheckString=4575147bfe60738eb57f60799d3fe282 from 112.201.74.54
2018/12/26 16:38:11 [/shop/shopping/load_payment_module.php] Array
(
    [0] => Array
        (
            [ACS] => 0
            [OrderID] => 932641-26163809
            [Forward] => 2S49631
            [Method] => 1
            [PayTimes] => 
            [Approve] => 0693439
            [TranID] => 1812261638602257210134119012
            [TranDate] => 20181226163811
            [CheckString] => 4575147bfe60738eb57f60799d3fe282
        )

)
 from 112.201.74.54
2018/12/26 16:38:11 [/shop/shopping/load_payment_module.php] load_payment_module.php set payment data:Array
(
    [ACS] => 0
    [Forward] => 2S49631
    [Method] => 1
    [PayTimes] => 
    [Approve] => 0693439
    [TranID] => 1812261638602257210134119012
    [TranDate] => 20181226163811
    [CheckString] => 4575147bfe60738eb57f60799d3fe282
    [Amount] => 4380
    [JobCd] => CAPTURE
    [action_status] => 3
    [pay_status] => 13
)
 from 112.201.74.54
2018/12/26 17:09:25 [/shop/shopping/load_payment_module.php] SendRequest:https://p01.mul-pay.jp/payment/EntryTran.idPass from 113.156.150.194
2018/12/26 17:09:25 [/shop/shopping/load_payment_module.php] Array
(
    [ShopID] => 9000034600950
    [ShopPass] => ******
    [OrderID] => 932643-26170925
    [JobCd] => CAPTURE
    [Amount] => 5580
    [TdFlag] => 0
    [TdTenantName] => 
)
 from 113.156.150.194
2018/12/26 17:09:25 [/shop/shopping/load_payment_module.php] AccessID=9b361bd942b4b9461cd7dee0996db586&AccessPass=d1b788b1dec7c1602c7ff7960e0626fd from 113.156.150.194
2018/12/26 17:09:25 [/shop/shopping/load_payment_module.php] Array
(
    [0] => Array
        (
            [AccessID] => 9b361bd942b4b9461cd7dee0996db586
            [AccessPass] => d1b788b1dec7c1602c7ff7960e0626fd
        )

)
 from 113.156.150.194
2018/12/26 17:09:25 [/shop/shopping/load_payment_module.php] load_payment_module.php set payment data:Array
(
    [AccessID] => 9b361bd942b4b9461cd7dee0996db586
    [AccessPass] => d1b788b1dec7c1602c7ff7960e0626fd
    [OrderID] => 932643-26170925
    [Amount] => 5580
    [JobCd] => CAPTURE
    [action_status] => 1
    [pay_status] => 0
)
 from 113.156.150.194
2018/12/26 17:09:25 [/shop/shopping/load_payment_module.php] SendRequest:https://p01.mul-pay.jp/payment/ExecTran.idPass from 113.156.150.194
2018/12/26 17:09:25 [/shop/shopping/load_payment_module.php] Array
(
    [AccessID] => 9b361bd942b4b9461cd7dee0996db586
    [AccessPass] => d1b788b1dec7c1602c7ff7960e0626fd
    [OrderID] => 932643-26170925
    [Method] => 1
    [Token] => e405fe9314204c22ba843f7d01a473a8897e212fd9476902380403842241dfe3
    [ClientField1] => 
    [ClientField2] => 
    [ClientField3] => EC-CUBE4.3.24
)
 from 113.156.150.194
2018/12/26 17:09:26 [/shop/shopping/load_payment_module.php] ErrCode=E41&ErrInfo=E41170099 from 113.156.150.194
2018/12/26 17:09:26 [/shop/shopping/load_payment_module.php] Array
(
    [0] => Array
        (
            [ErrCode] => E41
            [ErrInfo] => E41170099
        )

)
 from 113.156.150.194
2018/12/26 17:09:26 [/shop/shopping/load_payment_module.php] load_payment_module.php set payment data:Array
(
    [request_error] => Array
        (
            [0] => カード番号に誤りがあります。再度確認して入力して下さい。 (E41-E41170099)
        )

    [Amount] => 5580
    [JobCd] => CAPTURE
    [action_status] => 3
)
 from 113.156.150.194
2018/12/26 17:10:03 [/shop/shopping/load_payment_module.php] SendRequest:https://p01.mul-pay.jp/payment/ExecTran.idPass from 113.156.150.194
2018/12/26 17:10:03 [/shop/shopping/load_payment_module.php] Array
(
    [AccessID] => 9b361bd942b4b9461cd7dee0996db586
    [AccessPass] => d1b788b1dec7c1602c7ff7960e0626fd
    [OrderID] => 932643-26170925
    [Method] => 1
    [Token] => add4597d4b5a2c027eb12b3b76110bb064ba60720a9b4eb70c78b7790adc6d5e
    [ClientField1] => 
    [ClientField2] => 
    [ClientField3] => EC-CUBE4.3.24
)
 from 113.156.150.194
2018/12/26 17:10:05 [/shop/shopping/load_payment_module.php] ACS=0&OrderID=932643-26170925&Forward=2a99661&Method=1&PayTimes=&Approve=0729031&TranID=1812261710602257210134129031&TranDate=20181226171005&CheckString=db3bb712fb5df0991ae19fe3e78db6af from 113.156.150.194
2018/12/26 17:10:05 [/shop/shopping/load_payment_module.php] Array
(
    [0] => Array
        (
            [ACS] => 0
            [OrderID] => 932643-26170925
            [Forward] => 2a99661
            [Method] => 1
            [PayTimes] => 
            [Approve] => 0729031
            [TranID] => 1812261710602257210134129031
            [TranDate] => 20181226171005
            [CheckString] => db3bb712fb5df0991ae19fe3e78db6af
        )

)
 from 113.156.150.194
2018/12/26 17:10:05 [/shop/shopping/load_payment_module.php] load_payment_module.php set payment data:Array
(
    [ACS] => 0
    [Forward] => 2a99661
    [Method] => 1
    [PayTimes] => 
    [Approve] => 0729031
    [TranID] => 1812261710602257210134129031
    [TranDate] => 20181226171005
    [CheckString] => db3bb712fb5df0991ae19fe3e78db6af
    [Amount] => 5580
    [JobCd] => CAPTURE
    [action_status] => 3
    [pay_status] => 13
)
 from 113.156.150.194
2018/12/26 17:23:25 [/shop/admin/order/edit.php] edit.php set payment data:Array
(
    [no_update_status_flg] => 1
)
 from 153.142.16.212
2018/12/26 17:23:25 [/shop/admin/order/edit.php] SendRequest:https://p01.mul-pay.jp/payment/ChangeTran.idPass from 153.142.16.212
2018/12/26 17:23:25 [/shop/admin/order/edit.php] Array
(
    [ShopID] => 9000034600950
    [ShopPass] => ******
    [AccessID] => e6880aea7c9315ea8400a0c0400f7570
    [AccessPass] => b80ad324355a362d635e5a815ecf6041
    [JobCd] => CAPTURE
    [Amount] => 6444
)
 from 153.142.16.212
2018/12/26 17:23:28 [/shop/admin/order/edit.php] AccessID=e6880aea7c9315ea8400a0c0400f7570&AccessPass=b80ad324355a362d635e5a815ecf6041&Forward=2S49631&Approve=0002728&TranID=1812261723602257210134138967&TranDate=20181226172327 from 153.142.16.212
2018/12/26 17:23:28 [/shop/admin/order/edit.php] Array
(
    [0] => Array
        (
            [AccessID] => e6880aea7c9315ea8400a0c0400f7570
            [AccessPass] => b80ad324355a362d635e5a815ecf6041
            [Forward] => 2S49631
            [Approve] => 0002728
            [TranID] => 1812261723602257210134138967
            [TranDate] => 20181226172327
        )

)
 from 153.142.16.212
2018/12/26 17:23:28 [/shop/admin/order/edit.php] edit.php set payment data:Array
(
    [AccessID] => e6880aea7c9315ea8400a0c0400f7570
    [AccessPass] => b80ad324355a362d635e5a815ecf6041
    [Forward] => 2S49631
    [Approve] => 0002728
    [TranID] => 1812261723602257210134138967
    [TranDate] => 20181226172327
    [action_status] => 6
    [pay_status] => 13
    [JobCd] => CAPTURE
    [Amount] => 6444
)
 from 153.142.16.212
2018/12/26 18:38:28 [/shop/shopping/load_payment_module.php] SendRequest:https://p01.mul-pay.jp/payment/SearchMember.idPass from 165.225.112.187
2018/12/26 18:38:28 [/shop/shopping/load_payment_module.php] Array
(
    [SiteID] => mst0000007602
    [SitePass] => ******
    [MemberID] => 8372
)
 from 165.225.112.187
2018/12/26 18:38:28 [/shop/shopping/load_payment_module.php] ErrCode=E01&ErrInfo=E01390002 from 165.225.112.187
2018/12/26 18:38:28 [/shop/shopping/load_payment_module.php] Array
(
    [0] => Array
        (
            [ErrCode] => E01
            [ErrInfo] => E01390002
        )

)
 from 165.225.112.187
2018/12/26 18:38:28 [/shop/shopping/load_payment_module.php] SendRequest:https://p01.mul-pay.jp/payment/SearchCard.idPass from 165.225.112.187
2018/12/26 18:38:28 [/shop/shopping/load_payment_module.php] Array
(
    [SiteID] => mst0000007602
    [SitePass] => ******
    [MemberID] => 8372
)
 from 165.225.112.187
2018/12/26 18:38:28 [/shop/shopping/load_payment_module.php] ErrCode=E01|E01&ErrInfo=E01390002|E01240002 from 165.225.112.187
2018/12/26 18:38:28 [/shop/shopping/load_payment_module.php] Array
(
    [0] => Array
        (
            [ErrCode] => E01
            [ErrInfo] => E01390002
        )

    [1] => Array
        (
            [ErrCode] => E01
            [ErrInfo] => E01240002
        )

)
 from 165.225.112.187
2018/12/26 18:39:11 [/shop/shopping/load_payment_module.php] SendRequest:https://p01.mul-pay.jp/payment/SearchMember.idPass from 165.225.112.187
2018/12/26 18:39:11 [/shop/shopping/load_payment_module.php] Array
(
    [SiteID] => mst0000007602
    [SitePass] => ******
    [MemberID] => 8372
)
 from 165.225.112.187
2018/12/26 18:39:11 [/shop/shopping/load_payment_module.php] ErrCode=E01&ErrInfo=E01390002 from 165.225.112.187
2018/12/26 18:39:11 [/shop/shopping/load_payment_module.php] Array
(
    [0] => Array
        (
            [ErrCode] => E01
            [ErrInfo] => E01390002
        )

)
 from 165.225.112.187
2018/12/26 18:39:11 [/shop/shopping/load_payment_module.php] SendRequest:https://p01.mul-pay.jp/payment/SearchCard.idPass from 165.225.112.187
2018/12/26 18:39:11 [/shop/shopping/load_payment_module.php] Array
(
    [SiteID] => mst0000007602
    [SitePass] => ******
    [MemberID] => 8372
)
 from 165.225.112.187
2018/12/26 18:39:12 [/shop/shopping/load_payment_module.php] ErrCode=E01|E01&ErrInfo=E01390002|E01240002 from 165.225.112.187
2018/12/26 18:39:12 [/shop/shopping/load_payment_module.php] Array
(
    [0] => Array
        (
            [ErrCode] => E01
            [ErrInfo] => E01390002
        )

    [1] => Array
        (
            [ErrCode] => E01
            [ErrInfo] => E01240002
        )

)
 from 165.225.112.187
2018/12/26 18:39:12 [/shop/shopping/load_payment_module.php] SendRequest:https://p01.mul-pay.jp/payment/EntryTran.idPass from 165.225.112.187
2018/12/26 18:39:12 [/shop/shopping/load_payment_module.php] Array
(
    [ShopID] => 9000034600950
    [ShopPass] => ******
    [OrderID] => 932644-26183912
    [JobCd] => CAPTURE
    [Amount] => 3780
    [TdFlag] => 0
    [TdTenantName] => 
)
 from 165.225.112.187
2018/12/26 18:39:12 [/shop/shopping/load_payment_module.php] AccessID=bb25c559ed8532d7866b24f711a7fc47&AccessPass=0dd2786ac5a7f4868547e1677e49f2d2 from 165.225.112.187
2018/12/26 18:39:12 [/shop/shopping/load_payment_module.php] Array
(
    [0] => Array
        (
            [AccessID] => bb25c559ed8532d7866b24f711a7fc47
            [AccessPass] => 0dd2786ac5a7f4868547e1677e49f2d2
        )

)
 from 165.225.112.187
2018/12/26 18:39:12 [/shop/shopping/load_payment_module.php] load_payment_module.php set payment data:Array
(
    [AccessID] => bb25c559ed8532d7866b24f711a7fc47
    [AccessPass] => 0dd2786ac5a7f4868547e1677e49f2d2
    [OrderID] => 932644-26183912
    [Amount] => 3780
    [JobCd] => CAPTURE
    [action_status] => 1
    [pay_status] => 0
)
 from 165.225.112.187
2018/12/26 18:39:12 [/shop/shopping/load_payment_module.php] SendRequest:https://p01.mul-pay.jp/payment/ExecTran.idPass from 165.225.112.187
2018/12/26 18:39:12 [/shop/shopping/load_payment_module.php] Array
(
    [AccessID] => bb25c559ed8532d7866b24f711a7fc47
    [AccessPass] => 0dd2786ac5a7f4868547e1677e49f2d2
    [OrderID] => 932644-26183912
    [Method] => 1
    [Token] => 5a6bc3e553f8d1e1a339351593fb293339b49abb5bba77d81ee0ebb4b62a9570
    [ClientField1] => 
    [ClientField2] => 
    [ClientField3] => EC-CUBE4.3.24
)
 from 165.225.112.187
2018/12/26 18:39:13 [/shop/shopping/load_payment_module.php] ACS=0&OrderID=932644-26183912&Forward=2S49631&Method=1&PayTimes=&Approve=0007610&TranID=1812261839602257210134129032&TranDate=20181226183913&CheckString=9c36b689d274a36aed04881aa2cba7c8 from 165.225.112.187
2018/12/26 18:39:13 [/shop/shopping/load_payment_module.php] Array
(
    [0] => Array
        (
            [ACS] => 0
            [OrderID] => 932644-26183912
            [Forward] => 2S49631
            [Method] => 1
            [PayTimes] => 
            [Approve] => 0007610
            [TranID] => 1812261839602257210134129032
            [TranDate] => 20181226183913
            [CheckString] => 9c36b689d274a36aed04881aa2cba7c8
        )

)
 from 165.225.112.187
2018/12/26 18:39:13 [/shop/shopping/load_payment_module.php] load_payment_module.php set payment data:Array
(
    [ACS] => 0
    [Forward] => 2S49631
    [Method] => 1
    [PayTimes] => 
    [Approve] => 0007610
    [TranID] => 1812261839602257210134129032
    [TranDate] => 20181226183913
    [CheckString] => 9c36b689d274a36aed04881aa2cba7c8
    [Amount] => 3780
    [JobCd] => CAPTURE
    [action_status] => 3
    [pay_status] => 13
)
 from 165.225.112.187
2018/12/26 18:42:57 [/shop/shopping/load_payment_module.php] SendRequest:https://p01.mul-pay.jp/payment/SearchMember.idPass from 74.174.236.72
2018/12/26 18:42:57 [/shop/shopping/load_payment_module.php] Array
(
    [SiteID] => mst0000007602
    [SitePass] => ******
    [MemberID] => 7246
)
 from 74.174.236.72
2018/12/26 18:42:57 [/shop/shopping/load_payment_module.php] ErrCode=E01&ErrInfo=E01390002 from 74.174.236.72
2018/12/26 18:42:57 [/shop/shopping/load_payment_module.php] Array
(
    [0] => Array
        (
            [ErrCode] => E01
            [ErrInfo] => E01390002
        )

)
 from 74.174.236.72
2018/12/26 18:42:57 [/shop/shopping/load_payment_module.php] SendRequest:https://p01.mul-pay.jp/payment/SearchCard.idPass from 74.174.236.72
2018/12/26 18:42:57 [/shop/shopping/load_payment_module.php] Array
(
    [SiteID] => mst0000007602
    [SitePass] => ******
    [MemberID] => 7246
)
 from 74.174.236.72
2018/12/26 18:42:58 [/shop/shopping/load_payment_module.php] ErrCode=E01|E01&ErrInfo=E01390002|E01240002 from 74.174.236.72
2018/12/26 18:42:58 [/shop/shopping/load_payment_module.php] Array
(
    [0] => Array
        (
            [ErrCode] => E01
            [ErrInfo] => E01390002
        )

    [1] => Array
        (
            [ErrCode] => E01
            [ErrInfo] => E01240002
        )

)
 from 74.174.236.72
2018/12/26 18:43:34 [/shop/shopping/load_payment_module.php] SendRequest:https://p01.mul-pay.jp/payment/SearchMember.idPass from 180.59.211.147
2018/12/26 18:43:34 [/shop/shopping/load_payment_module.php] Array
(
    [SiteID] => mst0000007602
    [SitePass] => ******
    [MemberID] => 5043
)
 from 180.59.211.147
2018/12/26 18:43:34 [/shop/shopping/load_payment_module.php] ErrCode=E01&ErrInfo=E01390002 from 180.59.211.147
2018/12/26 18:43:34 [/shop/shopping/load_payment_module.php] Array
(
    [0] => Array
        (
            [ErrCode] => E01
            [ErrInfo] => E01390002
        )

)
 from 180.59.211.147
2018/12/26 18:43:34 [/shop/shopping/load_payment_module.php] SendRequest:https://p01.mul-pay.jp/payment/SearchCard.idPass from 180.59.211.147
2018/12/26 18:43:34 [/shop/shopping/load_payment_module.php] Array
(
    [SiteID] => mst0000007602
    [SitePass] => ******
    [MemberID] => 5043
)
 from 180.59.211.147
2018/12/26 18:43:35 [/shop/shopping/load_payment_module.php] ErrCode=E01|E01&ErrInfo=E01390002|E01240002 from 180.59.211.147
2018/12/26 18:43:35 [/shop/shopping/load_payment_module.php] Array
(
    [0] => Array
        (
            [ErrCode] => E01
            [ErrInfo] => E01390002
        )

    [1] => Array
        (
            [ErrCode] => E01
            [ErrInfo] => E01240002
        )

)
 from 180.59.211.147
2018/12/26 18:44:08 [/shop/shopping/load_payment_module.php] SendRequest:https://p01.mul-pay.jp/payment/SearchMember.idPass from 74.174.236.72
2018/12/26 18:44:08 [/shop/shopping/load_payment_module.php] Array
(
    [SiteID] => mst0000007602
    [SitePass] => ******
    [MemberID] => 7246
)
 from 74.174.236.72
2018/12/26 18:44:08 [/shop/shopping/load_payment_module.php] ErrCode=E01&ErrInfo=E01390002 from 74.174.236.72
2018/12/26 18:44:08 [/shop/shopping/load_payment_module.php] Array
(
    [0] => Array
        (
            [ErrCode] => E01
            [ErrInfo] => E01390002
        )

)
 from 74.174.236.72
2018/12/26 18:44:08 [/shop/shopping/load_payment_module.php] SendRequest:https://p01.mul-pay.jp/payment/SearchCard.idPass from 74.174.236.72
2018/12/26 18:44:08 [/shop/shopping/load_payment_module.php] Array
(
    [SiteID] => mst0000007602
    [SitePass] => ******
    [MemberID] => 7246
)
 from 74.174.236.72
2018/12/26 18:44:09 [/shop/shopping/load_payment_module.php] ErrCode=E01|E01&ErrInfo=E01390002|E01240002 from 74.174.236.72
2018/12/26 18:44:09 [/shop/shopping/load_payment_module.php] Array
(
    [0] => Array
        (
            [ErrCode] => E01
            [ErrInfo] => E01390002
        )

    [1] => Array
        (
            [ErrCode] => E01
            [ErrInfo] => E01240002
        )

)
 from 74.174.236.72
2018/12/26 18:44:09 [/shop/shopping/load_payment_module.php] SendRequest:https://p01.mul-pay.jp/payment/EntryTran.idPass from 74.174.236.72
2018/12/26 18:44:09 [/shop/shopping/load_payment_module.php] Array
(
    [ShopID] => 9000034600950
    [ShopPass] => ******
    [OrderID] => 932645-26184409
    [JobCd] => CAPTURE
    [Amount] => 7920
    [TdFlag] => 0
    [TdTenantName] => 
)
 from 74.174.236.72
2018/12/26 18:44:09 [/shop/shopping/load_payment_module.php] AccessID=88953df186d7ab109a7501282267e9f3&AccessPass=fea04532f1e9a141ddb7927fc0b68650 from 74.174.236.72
2018/12/26 18:44:09 [/shop/shopping/load_payment_module.php] Array
(
    [0] => Array
        (
            [AccessID] => 88953df186d7ab109a7501282267e9f3
            [AccessPass] => fea04532f1e9a141ddb7927fc0b68650
        )

)
 from 74.174.236.72
2018/12/26 18:44:09 [/shop/shopping/load_payment_module.php] load_payment_module.php set payment data:Array
(
    [AccessID] => 88953df186d7ab109a7501282267e9f3
    [AccessPass] => fea04532f1e9a141ddb7927fc0b68650
    [OrderID] => 932645-26184409
    [Amount] => 7920
    [JobCd] => CAPTURE
    [action_status] => 1
    [pay_status] => 0
)
 from 74.174.236.72
2018/12/26 18:44:09 [/shop/shopping/load_payment_module.php] SendRequest:https://p01.mul-pay.jp/payment/ExecTran.idPass from 74.174.236.72
2018/12/26 18:44:09 [/shop/shopping/load_payment_module.php] Array
(
    [AccessID] => 88953df186d7ab109a7501282267e9f3
    [AccessPass] => fea04532f1e9a141ddb7927fc0b68650
    [OrderID] => 932645-26184409
    [Method] => 1
    [Token] => ee83fe0d87f8d1b2f43057cda031c06730f16a353a3f07892fc29971d7cd840c
    [ClientField1] => 
    [ClientField2] => 
    [ClientField3] => EC-CUBE4.3.24
)
 from 74.174.236.72
2018/12/26 18:44:10 [/shop/shopping/load_payment_module.php] ACS=0&OrderID=932645-26184409&Forward=2a99661&Method=1&PayTimes=&Approve=0000025&TranID=1812261844602257210134129033&TranDate=20181226184410&CheckString=ce5931f6e2e14f4f9760520d10a21c1c from 74.174.236.72
2018/12/26 18:44:10 [/shop/shopping/load_payment_module.php] Array
(
    [0] => Array
        (
            [ACS] => 0
            [OrderID] => 932645-26184409
            [Forward] => 2a99661
            [Method] => 1
            [PayTimes] => 
            [Approve] => 0000025
            [TranID] => 1812261844602257210134129033
            [TranDate] => 20181226184410
            [CheckString] => ce5931f6e2e14f4f9760520d10a21c1c
        )

)
 from 74.174.236.72
2018/12/26 18:44:10 [/shop/shopping/load_payment_module.php] load_payment_module.php set payment data:Array
(
    [ACS] => 0
    [Forward] => 2a99661
    [Method] => 1
    [PayTimes] => 
    [Approve] => 0000025
    [TranID] => 1812261844602257210134129033
    [TranDate] => 20181226184410
    [CheckString] => ce5931f6e2e14f4f9760520d10a21c1c
    [Amount] => 7920
    [JobCd] => CAPTURE
    [action_status] => 3
    [pay_status] => 13
)
 from 74.174.236.72
2018/12/26 18:45:21 [/shop/shopping/load_payment_module.php] SendRequest:https://p01.mul-pay.jp/payment/SearchMember.idPass from 180.59.211.147
2018/12/26 18:45:21 [/shop/shopping/load_payment_module.php] Array
(
    [SiteID] => mst0000007602
    [SitePass] => ******
    [MemberID] => 5043
)
 from 180.59.211.147
2018/12/26 18:45:21 [/shop/shopping/load_payment_module.php] ErrCode=E01&ErrInfo=E01390002 from 180.59.211.147
2018/12/26 18:45:21 [/shop/shopping/load_payment_module.php] Array
(
    [0] => Array
        (
            [ErrCode] => E01
            [ErrInfo] => E01390002
        )

)
 from 180.59.211.147
2018/12/26 18:45:21 [/shop/shopping/load_payment_module.php] SendRequest:https://p01.mul-pay.jp/payment/SearchCard.idPass from 180.59.211.147
2018/12/26 18:45:21 [/shop/shopping/load_payment_module.php] Array
(
    [SiteID] => mst0000007602
    [SitePass] => ******
    [MemberID] => 5043
)
 from 180.59.211.147
2018/12/26 18:45:22 [/shop/shopping/load_payment_module.php] ErrCode=E01|E01&ErrInfo=E01390002|E01240002 from 180.59.211.147
2018/12/26 18:45:22 [/shop/shopping/load_payment_module.php] Array
(
    [0] => Array
        (
            [ErrCode] => E01
            [ErrInfo] => E01390002
        )

    [1] => Array
        (
            [ErrCode] => E01
            [ErrInfo] => E01240002
        )

)
 from 180.59.211.147
2018/12/26 18:45:22 [/shop/shopping/load_payment_module.php] SendRequest:https://p01.mul-pay.jp/payment/EntryTran.idPass from 180.59.211.147
2018/12/26 18:45:22 [/shop/shopping/load_payment_module.php] Array
(
    [ShopID] => 9000034600950
    [ShopPass] => ******
    [OrderID] => 932646-26184522
    [JobCd] => CAPTURE
    [Amount] => 21714
    [TdFlag] => 0
    [TdTenantName] => 
)
 from 180.59.211.147
2018/12/26 18:45:22 [/shop/shopping/load_payment_module.php] AccessID=d4831ba93dc0a981df6ad2b1ec502872&AccessPass=77507df29936c05acd407952e55a52f3 from 180.59.211.147
2018/12/26 18:45:22 [/shop/shopping/load_payment_module.php] Array
(
    [0] => Array
        (
            [AccessID] => d4831ba93dc0a981df6ad2b1ec502872
            [AccessPass] => 77507df29936c05acd407952e55a52f3
        )

)
 from 180.59.211.147
2018/12/26 18:45:22 [/shop/shopping/load_payment_module.php] load_payment_module.php set payment data:Array
(
    [AccessID] => d4831ba93dc0a981df6ad2b1ec502872
    [AccessPass] => 77507df29936c05acd407952e55a52f3
    [OrderID] => 932646-26184522
    [Amount] => 21714
    [JobCd] => CAPTURE
    [action_status] => 1
    [pay_status] => 0
)
 from 180.59.211.147
2018/12/26 18:45:22 [/shop/shopping/load_payment_module.php] SendRequest:https://p01.mul-pay.jp/payment/ExecTran.idPass from 180.59.211.147
2018/12/26 18:45:22 [/shop/shopping/load_payment_module.php] Array
(
    [AccessID] => d4831ba93dc0a981df6ad2b1ec502872
    [AccessPass] => 77507df29936c05acd407952e55a52f3
    [OrderID] => 932646-26184522
    [Method] => 1
    [Token] => 7f523e03456a3eac1763d406bbabac0b658ba716ba76beb1df9fc43e2d100f6f
    [ClientField1] => 
    [ClientField2] => 
    [ClientField3] => EC-CUBE4.3.24
)
 from 180.59.211.147
2018/12/26 18:45:23 [/shop/shopping/load_payment_module.php] ErrCode=G12&ErrInfo=42G120000 from 180.59.211.147
2018/12/26 18:45:23 [/shop/shopping/load_payment_module.php] Array
(
    [0] => Array
        (
            [ErrCode] => G12
            [ErrInfo] => 42G120000
        )

)
 from 180.59.211.147
2018/12/26 18:45:23 [/shop/shopping/load_payment_module.php] load_payment_module.php set payment data:Array
(
    [request_error] => Array
        (
            [0] => このカードでは取引をする事が出来ません。 (G12-42G120000)
        )

    [Amount] => 21714
    [JobCd] => CAPTURE
    [action_status] => 3
)
 from 180.59.211.147
2018/12/26 18:46:05 [/shop/shopping/load_payment_module.php] SendRequest:https://p01.mul-pay.jp/payment/SearchMember.idPass from 180.59.211.147
2018/12/26 18:46:05 [/shop/shopping/load_payment_module.php] Array
(
    [SiteID] => mst0000007602
    [SitePass] => ******
    [MemberID] => 5043
)
 from 180.59.211.147
2018/12/26 18:46:05 [/shop/shopping/load_payment_module.php] ErrCode=E01&ErrInfo=E01390002 from 180.59.211.147
2018/12/26 18:46:05 [/shop/shopping/load_payment_module.php] Array
(
    [0] => Array
        (
            [ErrCode] => E01
            [ErrInfo] => E01390002
        )

)
 from 180.59.211.147
2018/12/26 18:46:05 [/shop/shopping/load_payment_module.php] SendRequest:https://p01.mul-pay.jp/payment/SearchCard.idPass from 180.59.211.147
2018/12/26 18:46:05 [/shop/shopping/load_payment_module.php] Array
(
    [SiteID] => mst0000007602
    [SitePass] => ******
    [MemberID] => 5043
)
 from 180.59.211.147
2018/12/26 18:46:05 [/shop/shopping/load_payment_module.php] ErrCode=E01|E01&ErrInfo=E01390002|E01240002 from 180.59.211.147
2018/12/26 18:46:05 [/shop/shopping/load_payment_module.php] Array
(
    [0] => Array
        (
            [ErrCode] => E01
            [ErrInfo] => E01390002
        )

    [1] => Array
        (
            [ErrCode] => E01
            [ErrInfo] => E01240002
        )

)
 from 180.59.211.147
2018/12/26 18:46:05 [/shop/shopping/load_payment_module.php] SendRequest:https://p01.mul-pay.jp/payment/ExecTran.idPass from 180.59.211.147
2018/12/26 18:46:05 [/shop/shopping/load_payment_module.php] Array
(
    [AccessID] => d4831ba93dc0a981df6ad2b1ec502872
    [AccessPass] => 77507df29936c05acd407952e55a52f3
    [OrderID] => 932646-26184522
    [Method] => 1
    [Token] => db75577149a5a9d2af4f378f7162d9c16c07392a4396de0f47848612344c38e8
    [ClientField1] => 
    [ClientField2] => 
    [ClientField3] => EC-CUBE4.3.24
)
 from 180.59.211.147
2018/12/26 18:46:06 [/shop/shopping/load_payment_module.php] ErrCode=G12&ErrInfo=42G120000 from 180.59.211.147
2018/12/26 18:46:06 [/shop/shopping/load_payment_module.php] Array
(
    [0] => Array
        (
            [ErrCode] => G12
            [ErrInfo] => 42G120000
        )

)
 from 180.59.211.147
2018/12/26 18:46:06 [/shop/shopping/load_payment_module.php] load_payment_module.php set payment data:Array
(
    [request_error] => Array
        (
            [0] => このカードでは取引をする事が出来ません。 (G12-42G120000)
        )

    [Amount] => 21714
    [JobCd] => CAPTURE
    [action_status] => 3
)
 from 180.59.211.147
2018/12/26 18:47:21 [/shop/shopping/load_payment_module.php] SendRequest:https://p01.mul-pay.jp/payment/SearchMember.idPass from 180.59.211.147
2018/12/26 18:47:21 [/shop/shopping/load_payment_module.php] Array
(
    [SiteID] => mst0000007602
    [SitePass] => ******
    [MemberID] => 5043
)
 from 180.59.211.147
2018/12/26 18:47:21 [/shop/shopping/load_payment_module.php] ErrCode=E01&ErrInfo=E01390002 from 180.59.211.147
2018/12/26 18:47:21 [/shop/shopping/load_payment_module.php] Array
(
    [0] => Array
        (
            [ErrCode] => E01
            [ErrInfo] => E01390002
        )

)
 from 180.59.211.147
2018/12/26 18:47:21 [/shop/shopping/load_payment_module.php] SendRequest:https://p01.mul-pay.jp/payment/SearchCard.idPass from 180.59.211.147
2018/12/26 18:47:21 [/shop/shopping/load_payment_module.php] Array
(
    [SiteID] => mst0000007602
    [SitePass] => ******
    [MemberID] => 5043
)
 from 180.59.211.147
2018/12/26 18:47:21 [/shop/shopping/load_payment_module.php] ErrCode=E01|E01&ErrInfo=E01390002|E01240002 from 180.59.211.147
2018/12/26 18:47:21 [/shop/shopping/load_payment_module.php] Array
(
    [0] => Array
        (
            [ErrCode] => E01
            [ErrInfo] => E01390002
        )

    [1] => Array
        (
            [ErrCode] => E01
            [ErrInfo] => E01240002
        )

)
 from 180.59.211.147
2018/12/26 18:47:21 [/shop/shopping/load_payment_module.php] SendRequest:https://p01.mul-pay.jp/payment/ExecTran.idPass from 180.59.211.147
2018/12/26 18:47:21 [/shop/shopping/load_payment_module.php] Array
(
    [AccessID] => d4831ba93dc0a981df6ad2b1ec502872
    [AccessPass] => 77507df29936c05acd407952e55a52f3
    [OrderID] => 932646-26184522
    [Method] => 1
    [Token] => 5dc4c8f34a94fe9b937ff3e4c8603e60325dc34028f5c7bab2b4e68e20bb84c7
    [ClientField1] => 
    [ClientField2] => 
    [ClientField3] => EC-CUBE4.3.24
)
 from 180.59.211.147
2018/12/26 18:47:22 [/shop/shopping/load_payment_module.php] ErrCode=G12&ErrInfo=42G120000 from 180.59.211.147
2018/12/26 18:47:22 [/shop/shopping/load_payment_module.php] Array
(
    [0] => Array
        (
            [ErrCode] => G12
            [ErrInfo] => 42G120000
        )

)
 from 180.59.211.147
2018/12/26 18:47:22 [/shop/shopping/load_payment_module.php] load_payment_module.php set payment data:Array
(
    [request_error] => Array
        (
            [0] => このカードでは取引をする事が出来ません。 (G12-42G120000)
        )

    [Amount] => 21714
    [JobCd] => CAPTURE
    [action_status] => 3
)
 from 180.59.211.147
2018/12/26 18:55:03 [/shop/shopping/load_payment_module.php] SendRequest:https://p01.mul-pay.jp/payment/SearchMember.idPass from 180.59.211.147
2018/12/26 18:55:03 [/shop/shopping/load_payment_module.php] Array
(
    [SiteID] => mst0000007602
    [SitePass] => ******
    [MemberID] => 5043
)
 from 180.59.211.147
2018/12/26 18:55:03 [/shop/shopping/load_payment_module.php] ErrCode=E01&ErrInfo=E01390002 from 180.59.211.147
2018/12/26 18:55:03 [/shop/shopping/load_payment_module.php] Array
(
    [0] => Array
        (
            [ErrCode] => E01
            [ErrInfo] => E01390002
        )

)
 from 180.59.211.147
2018/12/26 18:55:03 [/shop/shopping/load_payment_module.php] SendRequest:https://p01.mul-pay.jp/payment/SearchCard.idPass from 180.59.211.147
2018/12/26 18:55:03 [/shop/shopping/load_payment_module.php] Array
(
    [SiteID] => mst0000007602
    [SitePass] => ******
    [MemberID] => 5043
)
 from 180.59.211.147
2018/12/26 18:55:03 [/shop/shopping/load_payment_module.php] ErrCode=E01|E01&ErrInfo=E01390002|E01240002 from 180.59.211.147
2018/12/26 18:55:03 [/shop/shopping/load_payment_module.php] Array
(
    [0] => Array
        (
            [ErrCode] => E01
            [ErrInfo] => E01390002
        )

    [1] => Array
        (
            [ErrCode] => E01
            [ErrInfo] => E01240002
        )

)
 from 180.59.211.147
2018/12/26 18:55:10 [/shop/shopping/load_payment_module.php] SendRequest:https://p01.mul-pay.jp/payment/SearchMember.idPass from 180.59.211.147
2018/12/26 18:55:10 [/shop/shopping/load_payment_module.php] Array
(
    [SiteID] => mst0000007602
    [SitePass] => ******
    [MemberID] => 5043
)
 from 180.59.211.147
2018/12/26 18:55:11 [/shop/shopping/load_payment_module.php] ErrCode=E01&ErrInfo=E01390002 from 180.59.211.147
2018/12/26 18:55:11 [/shop/shopping/load_payment_module.php] Array
(
    [0] => Array
        (
            [ErrCode] => E01
            [ErrInfo] => E01390002
        )

)
 from 180.59.211.147
2018/12/26 18:55:11 [/shop/shopping/load_payment_module.php] SendRequest:https://p01.mul-pay.jp/payment/SearchCard.idPass from 180.59.211.147
2018/12/26 18:55:11 [/shop/shopping/load_payment_module.php] Array
(
    [SiteID] => mst0000007602
    [SitePass] => ******
    [MemberID] => 5043
)
 from 180.59.211.147
2018/12/26 18:55:11 [/shop/shopping/load_payment_module.php] ErrCode=E01|E01&ErrInfo=E01390002|E01240002 from 180.59.211.147
2018/12/26 18:55:11 [/shop/shopping/load_payment_module.php] Array
(
    [0] => Array
        (
            [ErrCode] => E01
            [ErrInfo] => E01390002
        )

    [1] => Array
        (
            [ErrCode] => E01
            [ErrInfo] => E01240002
        )

)
 from 180.59.211.147
2018/12/26 19:37:38 [/shop/shopping/load_payment_module.php] SendRequest:https://p01.mul-pay.jp/payment/SearchMember.idPass from 73.93.141.44
2018/12/26 19:37:38 [/shop/shopping/load_payment_module.php] Array
(
    [SiteID] => mst0000007602
    [SitePass] => ******
    [MemberID] => 4026
)
 from 73.93.141.44
2018/12/26 19:37:39 [/shop/shopping/load_payment_module.php] ErrCode=E01&ErrInfo=E01390002 from 73.93.141.44
2018/12/26 19:37:39 [/shop/shopping/load_payment_module.php] Array
(
    [0] => Array
        (
            [ErrCode] => E01
            [ErrInfo] => E01390002
        )

)
 from 73.93.141.44
2018/12/26 19:37:39 [/shop/shopping/load_payment_module.php] SendRequest:https://p01.mul-pay.jp/payment/SearchCard.idPass from 73.93.141.44
2018/12/26 19:37:39 [/shop/shopping/load_payment_module.php] Array
(
    [SiteID] => mst0000007602
    [SitePass] => ******
    [MemberID] => 4026
)
 from 73.93.141.44
2018/12/26 19:37:39 [/shop/shopping/load_payment_module.php] ErrCode=E01|E01&ErrInfo=E01390002|E01240002 from 73.93.141.44
2018/12/26 19:37:39 [/shop/shopping/load_payment_module.php] Array
(
    [0] => Array
        (
            [ErrCode] => E01
            [ErrInfo] => E01390002
        )

    [1] => Array
        (
            [ErrCode] => E01
            [ErrInfo] => E01240002
        )

)
 from 73.93.141.44
2018/12/26 19:38:52 [/shop/shopping/load_payment_module.php] SendRequest:https://p01.mul-pay.jp/payment/SearchMember.idPass from 73.93.141.44
2018/12/26 19:38:52 [/shop/shopping/load_payment_module.php] Array
(
    [SiteID] => mst0000007602
    [SitePass] => ******
    [MemberID] => 4026
)
 from 73.93.141.44
2018/12/26 19:38:52 [/shop/shopping/load_payment_module.php] ErrCode=E01&ErrInfo=E01390002 from 73.93.141.44
2018/12/26 19:38:52 [/shop/shopping/load_payment_module.php] Array
(
    [0] => Array
        (
            [ErrCode] => E01
            [ErrInfo] => E01390002
        )

)
 from 73.93.141.44
2018/12/26 19:38:52 [/shop/shopping/load_payment_module.php] SendRequest:https://p01.mul-pay.jp/payment/SearchCard.idPass from 73.93.141.44
2018/12/26 19:38:52 [/shop/shopping/load_payment_module.php] Array
(
    [SiteID] => mst0000007602
    [SitePass] => ******
    [MemberID] => 4026
)
 from 73.93.141.44
2018/12/26 19:38:53 [/shop/shopping/load_payment_module.php] ErrCode=E01|E01&ErrInfo=E01390002|E01240002 from 73.93.141.44
2018/12/26 19:38:53 [/shop/shopping/load_payment_module.php] Array
(
    [0] => Array
        (
            [ErrCode] => E01
            [ErrInfo] => E01390002
        )

    [1] => Array
        (
            [ErrCode] => E01
            [ErrInfo] => E01240002
        )

)
 from 73.93.141.44
2018/12/26 19:38:53 [/shop/shopping/load_payment_module.php] SendRequest:https://p01.mul-pay.jp/payment/EntryTran.idPass from 73.93.141.44
2018/12/26 19:38:53 [/shop/shopping/load_payment_module.php] Array
(
    [ShopID] => 9000034600950
    [ShopPass] => ******
    [OrderID] => 932647-26193853
    [JobCd] => CAPTURE
    [Amount] => 5497
    [TdFlag] => 0
    [TdTenantName] => 
)
 from 73.93.141.44
2018/12/26 19:38:53 [/shop/shopping/load_payment_module.php] AccessID=266cd308ae31ddc9a5a9637d22bf0eeb&AccessPass=d13aa47d6c0538c9c496898c775b12c2 from 73.93.141.44
2018/12/26 19:38:53 [/shop/shopping/load_payment_module.php] Array
(
    [0] => Array
        (
            [AccessID] => 266cd308ae31ddc9a5a9637d22bf0eeb
            [AccessPass] => d13aa47d6c0538c9c496898c775b12c2
        )

)
 from 73.93.141.44
2018/12/26 19:38:53 [/shop/shopping/load_payment_module.php] load_payment_module.php set payment data:Array
(
    [AccessID] => 266cd308ae31ddc9a5a9637d22bf0eeb
    [AccessPass] => d13aa47d6c0538c9c496898c775b12c2
    [OrderID] => 932647-26193853
    [Amount] => 5497
    [JobCd] => CAPTURE
    [action_status] => 1
    [pay_status] => 0
)
 from 73.93.141.44
2018/12/26 19:38:53 [/shop/shopping/load_payment_module.php] SendRequest:https://p01.mul-pay.jp/payment/ExecTran.idPass from 73.93.141.44
2018/12/26 19:38:53 [/shop/shopping/load_payment_module.php] Array
(
    [AccessID] => 266cd308ae31ddc9a5a9637d22bf0eeb
    [AccessPass] => d13aa47d6c0538c9c496898c775b12c2
    [OrderID] => 932647-26193853
    [Method] => 1
    [Token] => 4d4e58db3f62a97ff75d3ffaab0ca9bd365fc251b791cbacf8b10e5a2d13f2d4
    [ClientField1] => 
    [ClientField2] => 
    [ClientField3] => EC-CUBE4.3.24
)
 from 73.93.141.44
2018/12/26 19:38:54 [/shop/shopping/load_payment_module.php] ACS=0&OrderID=932647-26193853&Forward=2S49631&Method=1&PayTimes=&Approve=0056214&TranID=1812261938602257210134129035&TranDate=20181226193854&CheckString=6eb623ce91afa5c243c999cb568900a4 from 73.93.141.44
2018/12/26 19:38:54 [/shop/shopping/load_payment_module.php] Array
(
    [0] => Array
        (
            [ACS] => 0
            [OrderID] => 932647-26193853
            [Forward] => 2S49631
            [Method] => 1
            [PayTimes] => 
            [Approve] => 0056214
            [TranID] => 1812261938602257210134129035
            [TranDate] => 20181226193854
            [CheckString] => 6eb623ce91afa5c243c999cb568900a4
        )

)
 from 73.93.141.44
2018/12/26 19:38:54 [/shop/shopping/load_payment_module.php] load_payment_module.php set payment data:Array
(
    [ACS] => 0
    [Forward] => 2S49631
    [Method] => 1
    [PayTimes] => 
    [Approve] => 0056214
    [TranID] => 1812261938602257210134129035
    [TranDate] => 20181226193854
    [CheckString] => 6eb623ce91afa5c243c999cb568900a4
    [Amount] => 5497
    [JobCd] => CAPTURE
    [action_status] => 3
    [pay_status] => 13
)
 from 73.93.141.44
2018/12/26 22:17:51 [/shop/shopping/load_payment_module.php] SendRequest:https://p01.mul-pay.jp/payment/SearchMember.idPass from 126.116.55.54
2018/12/26 22:17:51 [/shop/shopping/load_payment_module.php] Array
(
    [SiteID] => mst0000007602
    [SitePass] => ******
    [MemberID] => 3497
)
 from 126.116.55.54
2018/12/26 22:17:52 [/shop/shopping/load_payment_module.php] ErrCode=E01&ErrInfo=E01390002 from 126.116.55.54
2018/12/26 22:17:52 [/shop/shopping/load_payment_module.php] Array
(
    [0] => Array
        (
            [ErrCode] => E01
            [ErrInfo] => E01390002
        )

)
 from 126.116.55.54
2018/12/26 22:17:52 [/shop/shopping/load_payment_module.php] SendRequest:https://p01.mul-pay.jp/payment/SearchCard.idPass from 126.116.55.54
2018/12/26 22:17:52 [/shop/shopping/load_payment_module.php] Array
(
    [SiteID] => mst0000007602
    [SitePass] => ******
    [MemberID] => 3497
)
 from 126.116.55.54
2018/12/26 22:17:52 [/shop/shopping/load_payment_module.php] ErrCode=E01|E01&ErrInfo=E01390002|E01240002 from 126.116.55.54
2018/12/26 22:17:52 [/shop/shopping/load_payment_module.php] Array
(
    [0] => Array
        (
            [ErrCode] => E01
            [ErrInfo] => E01390002
        )

    [1] => Array
        (
            [ErrCode] => E01
            [ErrInfo] => E01240002
        )

)
 from 126.116.55.54
2018/12/26 22:17:54 [/shop/shopping/load_payment_module.php] SendRequest:https://p01.mul-pay.jp/payment/SearchMember.idPass from 118.238.219.43
2018/12/26 22:17:54 [/shop/shopping/load_payment_module.php] Array
(
    [SiteID] => mst0000007602
    [SitePass] => ******
    [MemberID] => 7872
)
 from 118.238.219.43
2018/12/26 22:17:54 [/shop/shopping/load_payment_module.php] ErrCode=E01&ErrInfo=E01390002 from 118.238.219.43
2018/12/26 22:17:54 [/shop/shopping/load_payment_module.php] Array
(
    [0] => Array
        (
            [ErrCode] => E01
            [ErrInfo] => E01390002
        )

)
 from 118.238.219.43
2018/12/26 22:17:54 [/shop/shopping/load_payment_module.php] SendRequest:https://p01.mul-pay.jp/payment/SearchCard.idPass from 118.238.219.43
2018/12/26 22:17:54 [/shop/shopping/load_payment_module.php] Array
(
    [SiteID] => mst0000007602
    [SitePass] => ******
    [MemberID] => 7872
)
 from 118.238.219.43
2018/12/26 22:17:54 [/shop/shopping/load_payment_module.php] ErrCode=E01|E01&ErrInfo=E01390002|E01240002 from 118.238.219.43
2018/12/26 22:17:54 [/shop/shopping/load_payment_module.php] Array
(
    [0] => Array
        (
            [ErrCode] => E01
            [ErrInfo] => E01390002
        )

    [1] => Array
        (
            [ErrCode] => E01
            [ErrInfo] => E01240002
        )

)
 from 118.238.219.43
2018/12/26 22:19:26 [/shop/shopping/load_payment_module.php] SendRequest:https://p01.mul-pay.jp/payment/SearchMember.idPass from 126.116.55.54
2018/12/26 22:19:26 [/shop/shopping/load_payment_module.php] Array
(
    [SiteID] => mst0000007602
    [SitePass] => ******
    [MemberID] => 3497
)
 from 126.116.55.54
2018/12/26 22:19:27 [/shop/shopping/load_payment_module.php] ErrCode=E01&ErrInfo=E01390002 from 126.116.55.54
2018/12/26 22:19:27 [/shop/shopping/load_payment_module.php] Array
(
    [0] => Array
        (
            [ErrCode] => E01
            [ErrInfo] => E01390002
        )

)
 from 126.116.55.54
2018/12/26 22:19:27 [/shop/shopping/load_payment_module.php] SendRequest:https://p01.mul-pay.jp/payment/SearchCard.idPass from 126.116.55.54
2018/12/26 22:19:27 [/shop/shopping/load_payment_module.php] Array
(
    [SiteID] => mst0000007602
    [SitePass] => ******
    [MemberID] => 3497
)
 from 126.116.55.54
2018/12/26 22:19:27 [/shop/shopping/load_payment_module.php] ErrCode=E01|E01&ErrInfo=E01390002|E01240002 from 126.116.55.54
2018/12/26 22:19:27 [/shop/shopping/load_payment_module.php] Array
(
    [0] => Array
        (
            [ErrCode] => E01
            [ErrInfo] => E01390002
        )

    [1] => Array
        (
            [ErrCode] => E01
            [ErrInfo] => E01240002
        )

)
 from 126.116.55.54
2018/12/26 22:19:27 [/shop/shopping/load_payment_module.php] SendRequest:https://p01.mul-pay.jp/payment/EntryTran.idPass from 126.116.55.54
2018/12/26 22:19:27 [/shop/shopping/load_payment_module.php] Array
(
    [ShopID] => 9000034600950
    [ShopPass] => ******
    [OrderID] => 932648-26221927
    [JobCd] => CAPTURE
    [Amount] => 2037
    [TdFlag] => 0
    [TdTenantName] => 
)
 from 126.116.55.54
2018/12/26 22:19:27 [/shop/shopping/load_payment_module.php] AccessID=7bb1f2dec00a16531e862fa294ef4632&AccessPass=5576f122a112e97671322b6491c3b42e from 126.116.55.54
2018/12/26 22:19:27 [/shop/shopping/load_payment_module.php] Array
(
    [0] => Array
        (
            [AccessID] => 7bb1f2dec00a16531e862fa294ef4632
            [AccessPass] => 5576f122a112e97671322b6491c3b42e
        )

)
 from 126.116.55.54
2018/12/26 22:19:27 [/shop/shopping/load_payment_module.php] load_payment_module.php set payment data:Array
(
    [AccessID] => 7bb1f2dec00a16531e862fa294ef4632
    [AccessPass] => 5576f122a112e97671322b6491c3b42e
    [OrderID] => 932648-26221927
    [Amount] => 2037
    [JobCd] => CAPTURE
    [action_status] => 1
    [pay_status] => 0
)
 from 126.116.55.54
2018/12/26 22:19:27 [/shop/shopping/load_payment_module.php] SendRequest:https://p01.mul-pay.jp/payment/ExecTran.idPass from 126.116.55.54
2018/12/26 22:19:27 [/shop/shopping/load_payment_module.php] Array
(
    [AccessID] => 7bb1f2dec00a16531e862fa294ef4632
    [AccessPass] => 5576f122a112e97671322b6491c3b42e
    [OrderID] => 932648-26221927
    [Method] => 1
    [Token] => babe92b952d1729d2c19b7958630b124d55e65f4ede7958377c95e910a3cb1ab
    [ClientField1] => 
    [ClientField2] => 
    [ClientField3] => EC-CUBE4.3.24
)
 from 126.116.55.54
2018/12/26 22:19:29 [/shop/shopping/load_payment_module.php] ACS=0&OrderID=932648-26221927&Forward=2S49631&Method=1&PayTimes=&Approve=0226108&TranID=1812262219602257210134138968&TranDate=20181226221929&CheckString=bb78cfb6775a97e51ca204abe235f06c from 126.116.55.54
2018/12/26 22:19:29 [/shop/shopping/load_payment_module.php] Array
(
    [0] => Array
        (
            [ACS] => 0
            [OrderID] => 932648-26221927
            [Forward] => 2S49631
            [Method] => 1
            [PayTimes] => 
            [Approve] => 0226108
            [TranID] => 1812262219602257210134138968
            [TranDate] => 20181226221929
            [CheckString] => bb78cfb6775a97e51ca204abe235f06c
        )

)
 from 126.116.55.54
2018/12/26 22:19:29 [/shop/shopping/load_payment_module.php] load_payment_module.php set payment data:Array
(
    [ACS] => 0
    [Forward] => 2S49631
    [Method] => 1
    [PayTimes] => 
    [Approve] => 0226108
    [TranID] => 1812262219602257210134138968
    [TranDate] => 20181226221929
    [CheckString] => bb78cfb6775a97e51ca204abe235f06c
    [Amount] => 2037
    [JobCd] => CAPTURE
    [action_status] => 3
    [pay_status] => 13
)
 from 126.116.55.54
2018/12/26 22:19:38 [/shop/shopping/load_payment_module.php] SendRequest:https://p01.mul-pay.jp/payment/SearchMember.idPass from 118.238.219.43
2018/12/26 22:19:38 [/shop/shopping/load_payment_module.php] Array
(
    [SiteID] => mst0000007602
    [SitePass] => ******
    [MemberID] => 7872
)
 from 118.238.219.43
2018/12/26 22:19:38 [/shop/shopping/load_payment_module.php] ErrCode=E01&ErrInfo=E01390002 from 118.238.219.43
2018/12/26 22:19:38 [/shop/shopping/load_payment_module.php] Array
(
    [0] => Array
        (
            [ErrCode] => E01
            [ErrInfo] => E01390002
        )

)
 from 118.238.219.43
2018/12/26 22:19:38 [/shop/shopping/load_payment_module.php] SendRequest:https://p01.mul-pay.jp/payment/SearchCard.idPass from 118.238.219.43
2018/12/26 22:19:38 [/shop/shopping/load_payment_module.php] Array
(
    [SiteID] => mst0000007602
    [SitePass] => ******
    [MemberID] => 7872
)
 from 118.238.219.43
2018/12/26 22:19:38 [/shop/shopping/load_payment_module.php] ErrCode=E01|E01&ErrInfo=E01390002|E01240002 from 118.238.219.43
2018/12/26 22:19:38 [/shop/shopping/load_payment_module.php] Array
(
    [0] => Array
        (
            [ErrCode] => E01
            [ErrInfo] => E01390002
        )

    [1] => Array
        (
            [ErrCode] => E01
            [ErrInfo] => E01240002
        )

)
 from 118.238.219.43
2018/12/26 22:19:38 [/shop/shopping/load_payment_module.php] SendRequest:https://p01.mul-pay.jp/payment/EntryTran.idPass from 118.238.219.43
2018/12/26 22:19:38 [/shop/shopping/load_payment_module.php] Array
(
    [ShopID] => 9000034600950
    [ShopPass] => ******
    [OrderID] => 932649-26221938
    [JobCd] => CAPTURE
    [Amount] => 5786
    [TdFlag] => 0
    [TdTenantName] => 
)
 from 118.238.219.43
2018/12/26 22:19:39 [/shop/shopping/load_payment_module.php] AccessID=98583116e0f8bf7e34e119fd925fe206&AccessPass=47832987c6cefc25b30192ef0cbbcdc4 from 118.238.219.43
2018/12/26 22:19:39 [/shop/shopping/load_payment_module.php] Array
(
    [0] => Array
        (
            [AccessID] => 98583116e0f8bf7e34e119fd925fe206
            [AccessPass] => 47832987c6cefc25b30192ef0cbbcdc4
        )

)
 from 118.238.219.43
2018/12/26 22:19:39 [/shop/shopping/load_payment_module.php] load_payment_module.php set payment data:Array
(
    [AccessID] => 98583116e0f8bf7e34e119fd925fe206
    [AccessPass] => 47832987c6cefc25b30192ef0cbbcdc4
    [OrderID] => 932649-26221938
    [Amount] => 5786
    [JobCd] => CAPTURE
    [action_status] => 1
    [pay_status] => 0
)
 from 118.238.219.43
2018/12/26 22:19:39 [/shop/shopping/load_payment_module.php] SendRequest:https://p01.mul-pay.jp/payment/ExecTran.idPass from 118.238.219.43
2018/12/26 22:19:39 [/shop/shopping/load_payment_module.php] Array
(
    [AccessID] => 98583116e0f8bf7e34e119fd925fe206
    [AccessPass] => 47832987c6cefc25b30192ef0cbbcdc4
    [OrderID] => 932649-26221938
    [Method] => 1
    [Token] => 37c80b62c967cb7a6ae7aabe732513df777aa2473c8d7d1e32885efded36a9b0
    [ClientField1] => 
    [ClientField2] => 
    [ClientField3] => EC-CUBE4.3.24
)
 from 118.238.219.43
2018/12/26 22:19:40 [/shop/shopping/load_payment_module.php] ACS=0&OrderID=932649-26221938&Forward=2S49631&Method=1&PayTimes=&Approve=0739577&TranID=1812262219602257210134138969&TranDate=20181226221940&CheckString=08b601370a0d913b27d4245d81015d2a from 118.238.219.43
2018/12/26 22:19:40 [/shop/shopping/load_payment_module.php] Array
(
    [0] => Array
        (
            [ACS] => 0
            [OrderID] => 932649-26221938
            [Forward] => 2S49631
            [Method] => 1
            [PayTimes] => 
            [Approve] => 0739577
            [TranID] => 1812262219602257210134138969
            [TranDate] => 20181226221940
            [CheckString] => 08b601370a0d913b27d4245d81015d2a
        )

)
 from 118.238.219.43
2018/12/26 22:19:40 [/shop/shopping/load_payment_module.php] load_payment_module.php set payment data:Array
(
    [ACS] => 0
    [Forward] => 2S49631
    [Method] => 1
    [PayTimes] => 
    [Approve] => 0739577
    [TranID] => 1812262219602257210134138969
    [TranDate] => 20181226221940
    [CheckString] => 08b601370a0d913b27d4245d81015d2a
    [Amount] => 5786
    [JobCd] => CAPTURE
    [action_status] => 3
    [pay_status] => 13
)
 from 118.238.219.43
2018/12/26 23:11:38 [/shop/shopping/load_payment_module.php] SendRequest:https://p01.mul-pay.jp/payment/EntryTran.idPass from 84.72.34.84
2018/12/26 23:11:38 [/shop/shopping/load_payment_module.php] Array
(
    [ShopID] => 9000034600950
    [ShopPass] => ******
    [OrderID] => 932650-26231138
    [JobCd] => CAPTURE
    [Amount] => 8370
    [TdFlag] => 0
    [TdTenantName] => 
)
 from 84.72.34.84
2018/12/26 23:11:38 [/shop/shopping/load_payment_module.php] AccessID=053f6da696720c7e5b548d7eedc5f85e&AccessPass=c634564499875bb7e2ecbe5eebb045ab from 84.72.34.84
2018/12/26 23:11:38 [/shop/shopping/load_payment_module.php] Array
(
    [0] => Array
        (
            [AccessID] => 053f6da696720c7e5b548d7eedc5f85e
            [AccessPass] => c634564499875bb7e2ecbe5eebb045ab
        )

)
 from 84.72.34.84
2018/12/26 23:11:38 [/shop/shopping/load_payment_module.php] load_payment_module.php set payment data:Array
(
    [AccessID] => 053f6da696720c7e5b548d7eedc5f85e
    [AccessPass] => c634564499875bb7e2ecbe5eebb045ab
    [OrderID] => 932650-26231138
    [Amount] => 8370
    [JobCd] => CAPTURE
    [action_status] => 1
    [pay_status] => 0
)
 from 84.72.34.84
2018/12/26 23:11:38 [/shop/shopping/load_payment_module.php] SendRequest:https://p01.mul-pay.jp/payment/ExecTran.idPass from 84.72.34.84
2018/12/26 23:11:38 [/shop/shopping/load_payment_module.php] Array
(
    [AccessID] => 053f6da696720c7e5b548d7eedc5f85e
    [AccessPass] => c634564499875bb7e2ecbe5eebb045ab
    [OrderID] => 932650-26231138
    [Method] => 1
    [Token] => a62bb99195766698d505a0056a42d9eda9c86565729a52f884d061f7d22ae0c4
    [ClientField1] => 
    [ClientField2] => 
    [ClientField3] => EC-CUBE4.3.24
)
 from 84.72.34.84
2018/12/26 23:11:39 [/shop/shopping/load_payment_module.php] ACS=0&OrderID=932650-26231138&Forward=2S49631&Method=1&PayTimes=&Approve=0426411&TranID=1812262311602257210134119016&TranDate=20181226231139&CheckString=ae8e2b843f0833b7a0d4c21e3883d8d2 from 84.72.34.84
2018/12/26 23:11:39 [/shop/shopping/load_payment_module.php] Array
(
    [0] => Array
        (
            [ACS] => 0
            [OrderID] => 932650-26231138
            [Forward] => 2S49631
            [Method] => 1
            [PayTimes] => 
            [Approve] => 0426411
            [TranID] => 1812262311602257210134119016
            [TranDate] => 20181226231139
            [CheckString] => ae8e2b843f0833b7a0d4c21e3883d8d2
        )

)
 from 84.72.34.84
2018/12/26 23:11:39 [/shop/shopping/load_payment_module.php] load_payment_module.php set payment data:Array
(
    [ACS] => 0
    [Forward] => 2S49631
    [Method] => 1
    [PayTimes] => 
    [Approve] => 0426411
    [TranID] => 1812262311602257210134119016
    [TranDate] => 20181226231139
    [CheckString] => ae8e2b843f0833b7a0d4c21e3883d8d2
    [Amount] => 8370
    [JobCd] => CAPTURE
    [action_status] => 3
    [pay_status] => 13
)
 from 84.72.34.84
2018/12/26 23:28:07 [/shop/shopping/load_payment_module.php] SendRequest:https://p01.mul-pay.jp/payment/EntryTran.idPass from 110.169.11.202
2018/12/26 23:28:07 [/shop/shopping/load_payment_module.php] Array
(
    [ShopID] => 9000034600950
    [ShopPass] => ******
    [OrderID] => 932651-26232807
    [JobCd] => CAPTURE
    [Amount] => 7830
    [TdFlag] => 0
    [TdTenantName] => 
)
 from 110.169.11.202
2018/12/26 23:28:07 [/shop/shopping/load_payment_module.php] AccessID=b711d2dc7cd3b7aaa42b458b1aae245e&AccessPass=ceaaf8a145cab4529c269e33c5df6769 from 110.169.11.202
2018/12/26 23:28:07 [/shop/shopping/load_payment_module.php] Array
(
    [0] => Array
        (
            [AccessID] => b711d2dc7cd3b7aaa42b458b1aae245e
            [AccessPass] => ceaaf8a145cab4529c269e33c5df6769
        )

)
 from 110.169.11.202
2018/12/26 23:28:07 [/shop/shopping/load_payment_module.php] load_payment_module.php set payment data:Array
(
    [AccessID] => b711d2dc7cd3b7aaa42b458b1aae245e
    [AccessPass] => ceaaf8a145cab4529c269e33c5df6769
    [OrderID] => 932651-26232807
    [Amount] => 7830
    [JobCd] => CAPTURE
    [action_status] => 1
    [pay_status] => 0
)
 from 110.169.11.202
2018/12/26 23:28:07 [/shop/shopping/load_payment_module.php] SendRequest:https://p01.mul-pay.jp/payment/ExecTran.idPass from 110.169.11.202
2018/12/26 23:28:07 [/shop/shopping/load_payment_module.php] Array
(
    [AccessID] => b711d2dc7cd3b7aaa42b458b1aae245e
    [AccessPass] => ceaaf8a145cab4529c269e33c5df6769
    [OrderID] => 932651-26232807
    [Method] => 1
    [Token] => 06989f185c7224930a0500510c322a89d95d3d9b6a9ad7db0d58a8433f580c97
    [ClientField1] => 
    [ClientField2] => 
    [ClientField3] => EC-CUBE4.3.24
)
 from 110.169.11.202
2018/12/26 23:28:09 [/shop/shopping/load_payment_module.php] ACS=0&OrderID=932651-26232807&Forward=2959876&Method=1&PayTimes=&Approve=0147867&TranID=1812262328602257210134138970&TranDate=20181226232809&CheckString=059f3c9eea9b085f621ca7555dcf5843 from 110.169.11.202
2018/12/26 23:28:09 [/shop/shopping/load_payment_module.php] Array
(
    [0] => Array
        (
            [ACS] => 0
            [OrderID] => 932651-26232807
            [Forward] => 2959876
            [Method] => 1
            [PayTimes] => 
            [Approve] => 0147867
            [TranID] => 1812262328602257210134138970
            [TranDate] => 20181226232809
            [CheckString] => 059f3c9eea9b085f621ca7555dcf5843
        )

)
 from 110.169.11.202
2018/12/26 23:28:09 [/shop/shopping/load_payment_module.php] load_payment_module.php set payment data:Array
(
    [ACS] => 0
    [Forward] => 2959876
    [Method] => 1
    [PayTimes] => 
    [Approve] => 0147867
    [TranID] => 1812262328602257210134138970
    [TranDate] => 20181226232809
    [CheckString] => 059f3c9eea9b085f621ca7555dcf5843
    [Amount] => 7830
    [JobCd] => CAPTURE
    [action_status] => 3
    [pay_status] => 13
)
 from 110.169.11.202
