2020/12/31 10:16:20 [/shop/shopping/load_payment_module.php] SendRequest:https://p01.mul-pay.jp/payment/SearchMember.idPass from 126.51.242.243
2020/12/31 10:16:20 [/shop/shopping/load_payment_module.php] Array
(
    [SiteID] => mst0000007602
    [SitePass] => ******
    [MemberID] => 10476
)
 from 126.51.242.243
2020/12/31 10:16:20 [/shop/shopping/load_payment_module.php] ErrCode=E01&ErrInfo=E01390002 from 126.51.242.243
2020/12/31 10:16:20 [/shop/shopping/load_payment_module.php] Array
(
    [0] => Array
        (
            [ErrCode] => E01
            [ErrInfo] => E01390002
        )

)
 from 126.51.242.243
2020/12/31 10:16:20 [/shop/shopping/load_payment_module.php] SendRequest:https://p01.mul-pay.jp/payment/SearchCard.idPass from 126.51.242.243
2020/12/31 10:16:20 [/shop/shopping/load_payment_module.php] Array
(
    [SiteID] => mst0000007602
    [SitePass] => ******
    [MemberID] => 10476
)
 from 126.51.242.243
2020/12/31 10:16:21 [/shop/shopping/load_payment_module.php] ErrCode=E01|E01&ErrInfo=E01390002|E01240002 from 126.51.242.243
2020/12/31 10:16:21 [/shop/shopping/load_payment_module.php] Array
(
    [0] => Array
        (
            [ErrCode] => E01
            [ErrInfo] => E01390002
        )

    [1] => Array
        (
            [ErrCode] => E01
            [ErrInfo] => E01240002
        )

)
 from 126.51.242.243
2020/12/31 10:17:09 [/shop/shopping/load_payment_module.php] SendRequest:https://p01.mul-pay.jp/payment/SearchMember.idPass from 126.51.242.243
2020/12/31 10:17:09 [/shop/shopping/load_payment_module.php] Array
(
    [SiteID] => mst0000007602
    [SitePass] => ******
    [MemberID] => 10476
)
 from 126.51.242.243
2020/12/31 10:17:09 [/shop/shopping/load_payment_module.php] ErrCode=E01&ErrInfo=E01390002 from 126.51.242.243
2020/12/31 10:17:09 [/shop/shopping/load_payment_module.php] Array
(
    [0] => Array
        (
            [ErrCode] => E01
            [ErrInfo] => E01390002
        )

)
 from 126.51.242.243
2020/12/31 10:17:09 [/shop/shopping/load_payment_module.php] SendRequest:https://p01.mul-pay.jp/payment/SearchCard.idPass from 126.51.242.243
2020/12/31 10:17:09 [/shop/shopping/load_payment_module.php] Array
(
    [SiteID] => mst0000007602
    [SitePass] => ******
    [MemberID] => 10476
)
 from 126.51.242.243
2020/12/31 10:17:10 [/shop/shopping/load_payment_module.php] ErrCode=E01|E01&ErrInfo=E01390002|E01240002 from 126.51.242.243
2020/12/31 10:17:10 [/shop/shopping/load_payment_module.php] Array
(
    [0] => Array
        (
            [ErrCode] => E01
            [ErrInfo] => E01390002
        )

    [1] => Array
        (
            [ErrCode] => E01
            [ErrInfo] => E01240002
        )

)
 from 126.51.242.243
2020/12/31 10:17:10 [/shop/shopping/load_payment_module.php] SendRequest:https://p01.mul-pay.jp/payment/EntryTran.idPass from 126.51.242.243
2020/12/31 10:17:10 [/shop/shopping/load_payment_module.php] Array
(
    [ShopID] => 9000034600950
    [ShopPass] => ******
    [OrderID] => 944989-31101710
    [JobCd] => CAPTURE
    [Amount] => 12350
    [TdFlag] => 0
    [TdTenantName] => 
)
 from 126.51.242.243
2020/12/31 10:17:10 [/shop/shopping/load_payment_module.php] AccessID=2251612392012bae82c8c2d33e57a284&AccessPass=e2bab5f05e17b85a8170e468a90c9f54 from 126.51.242.243
2020/12/31 10:17:10 [/shop/shopping/load_payment_module.php] Array
(
    [0] => Array
        (
            [AccessID] => 2251612392012bae82c8c2d33e57a284
            [AccessPass] => e2bab5f05e17b85a8170e468a90c9f54
        )

)
 from 126.51.242.243
2020/12/31 10:17:10 [/shop/shopping/load_payment_module.php] load_payment_module.php set payment data:Array
(
    [AccessID] => 2251612392012bae82c8c2d33e57a284
    [AccessPass] => e2bab5f05e17b85a8170e468a90c9f54
    [OrderID] => 944989-31101710
    [Amount] => 12350
    [JobCd] => CAPTURE
    [action_status] => 1
    [pay_status] => 0
)
 from 126.51.242.243
2020/12/31 10:17:10 [/shop/shopping/load_payment_module.php] SendRequest:https://p01.mul-pay.jp/payment/ExecTran.idPass from 126.51.242.243
2020/12/31 10:17:10 [/shop/shopping/load_payment_module.php] Array
(
    [AccessID] => 2251612392012bae82c8c2d33e57a284
    [AccessPass] => e2bab5f05e17b85a8170e468a90c9f54
    [OrderID] => 944989-31101710
    [Method] => 1
    [Token] => e4c803ea4c1c0d8c356ce995e1cfbb4d38faf381d1d8dd7759467e1d68573944
    [ClientField1] => 
    [ClientField2] => 
    [ClientField3] => EC-CUBE4.3.24
)
 from 126.51.242.243
2020/12/31 10:17:11 [/shop/shopping/load_payment_module.php] ACS=0&OrderID=944989-31101710&Forward=2S49631&Method=1&PayTimes=&Approve=0013399&TranID=2012311017602257210134123760&TranDate=20201231101711&CheckString=d246defdca83234d03339ca1883ff502 from 126.51.242.243
2020/12/31 10:17:11 [/shop/shopping/load_payment_module.php] Array
(
    [0] => Array
        (
            [ACS] => 0
            [OrderID] => 944989-31101710
            [Forward] => 2S49631
            [Method] => 1
            [PayTimes] => 
            [Approve] => 0013399
            [TranID] => 2012311017602257210134123760
            [TranDate] => 20201231101711
            [CheckString] => d246defdca83234d03339ca1883ff502
        )

)
 from 126.51.242.243
2020/12/31 10:17:11 [/shop/shopping/load_payment_module.php] load_payment_module.php set payment data:Array
(
    [ACS] => 0
    [Forward] => 2S49631
    [Method] => 1
    [PayTimes] => 
    [Approve] => 0013399
    [TranID] => 2012311017602257210134123760
    [TranDate] => 20201231101711
    [CheckString] => d246defdca83234d03339ca1883ff502
    [Amount] => 12350
    [JobCd] => CAPTURE
    [action_status] => 3
    [pay_status] => 13
)
 from 126.51.242.243
2020/12/31 10:17:12 [/shop/user_data/pg_mulpay_recv.php] ******* receiveer data start ******* from 210.175.7.20
2020/12/31 10:17:12 [/shop/user_data/pg_mulpay_recv.php] Array
(
    [ShopID] => 9000034600950
    [ShopPass] => **********
    [AccessID] => 2251612392012bae82c8c2d33e57a284
    [AccessPass] => ********************************
    [OrderID] => 944989-31101710
    [Status] => CAPTURE
    [JobCd] => CAPTURE
    [Amount] => 12350
    [Tax] => 0
    [Currency] => JPN
    [Forward] => 2S49631
    [Method] => 1
    [PayTimes] => 
    [TranID] => 2012311017602257210134123760
    [Approve] => 0013399
    [TranDate] => 20201231101711
    [ErrCode] => 
    [ErrInfo] => 
    [PayType] => 0
)
 from 210.175.7.20
2020/12/31 10:17:12 [/shop/user_data/pg_mulpay_recv.php] ******* receiveer data end ******* from 210.175.7.20
2020/12/31 10:17:17 [/shop/user_data/pg_mulpay_recv.php] update order status:1 order_id=944989 from 210.175.7.20
2020/12/31 10:17:17 [/shop/user_data/pg_mulpay_recv.php] pg_mulpay_recv.php set payment data:Array
(
    [ShopID] => 9000034600950
    [AccessID] => 2251612392012bae82c8c2d33e57a284
    [OrderID] => 944989-31101710
    [Status] => CAPTURE
    [JobCd] => CAPTURE
    [Amount] => 12350
    [Tax] => 0
    [Currency] => JPN
    [Forward] => 2S49631
    [Method] => 1
    [PayTimes] => 
    [TranID] => 2012311017602257210134123760
    [Approve] => 0013399
    [TranDate] => 20201231101711
    [ErrCode] => 
    [ErrInfo] => 
    [PayType] => 0
    [CvsCode] => 
    [CvsConfNo] => 
    [CvsReceiptNo] => 
    [EdyReceiptNo] => 
    [EdyOrderNo] => 
    [SuicaReceiptNo] => 
    [SuicaOrderNo] => 
    [CustID] => 
    [BkCode] => 
    [ConfNo] => 
    [PaymentTerm] => 
    [EncryptReceiptNo] => 
    [FinishDate] => 
    [ReceiptDate] => 
    [WebMoneyManagementNo] => 
    [WebMoneySettleCode] => 
    [AuPayInfoNo] => 
    [AuPayMethod] => 
    [AuCancelAmount] => 
    [AuCancelTax] => 
    [DocomoSettlementCode] => 
    [DocomoCancelAmount] => 
    [DocomoCancelTax] => 
    [pay_status] => 13
)
 from 210.175.7.20
2020/12/31 10:17:17 [/shop/user_data/pg_mulpay_recv.php] response:true from 210.175.7.20
2020/12/31 15:11:09 [/shop/shopping/load_payment_module.php] SendRequest:https://p01.mul-pay.jp/payment/EntryTran.idPass from 49.98.216.143
2020/12/31 15:11:09 [/shop/shopping/load_payment_module.php] Array
(
    [ShopID] => 9000034600950
    [ShopPass] => ******
    [OrderID] => 944991-31151109
    [JobCd] => CAPTURE
    [Amount] => 19950
    [TdFlag] => 0
    [TdTenantName] => 
)
 from 49.98.216.143
2020/12/31 15:11:10 [/shop/shopping/load_payment_module.php] AccessID=51081f621e3720aebfb50c5379f6b5ab&AccessPass=0c5c923f31d3a196e1b40ea5160f958c from 49.98.216.143
2020/12/31 15:11:10 [/shop/shopping/load_payment_module.php] Array
(
    [0] => Array
        (
            [AccessID] => 51081f621e3720aebfb50c5379f6b5ab
            [AccessPass] => 0c5c923f31d3a196e1b40ea5160f958c
        )

)
 from 49.98.216.143
2020/12/31 15:11:10 [/shop/shopping/load_payment_module.php] load_payment_module.php set payment data:Array
(
    [AccessID] => 51081f621e3720aebfb50c5379f6b5ab
    [AccessPass] => 0c5c923f31d3a196e1b40ea5160f958c
    [OrderID] => 944991-31151109
    [Amount] => 19950
    [JobCd] => CAPTURE
    [action_status] => 1
    [pay_status] => 0
)
 from 49.98.216.143
2020/12/31 15:11:10 [/shop/shopping/load_payment_module.php] SendRequest:https://p01.mul-pay.jp/payment/ExecTran.idPass from 49.98.216.143
2020/12/31 15:11:10 [/shop/shopping/load_payment_module.php] Array
(
    [AccessID] => 51081f621e3720aebfb50c5379f6b5ab
    [AccessPass] => 0c5c923f31d3a196e1b40ea5160f958c
    [OrderID] => 944991-31151109
    [Method] => 1
    [Token] => 9ae329673b5bdd3027fc445f79b0d5feb4f2276ac5601fec3d72e763c28f5518
    [ClientField1] => 
    [ClientField2] => 
    [ClientField3] => EC-CUBE4.3.24
)
 from 49.98.216.143
2020/12/31 15:11:11 [/shop/shopping/load_payment_module.php] ACS=0&OrderID=944991-31151109&Forward=2S49631&Method=1&PayTimes=&Approve=0001770&TranID=2012311511602257210134123761&TranDate=20201231151111&CheckString=00972d6706a567f6b89f10ada089efd5 from 49.98.216.143
2020/12/31 15:11:11 [/shop/shopping/load_payment_module.php] Array
(
    [0] => Array
        (
            [ACS] => 0
            [OrderID] => 944991-31151109
            [Forward] => 2S49631
            [Method] => 1
            [PayTimes] => 
            [Approve] => 0001770
            [TranID] => 2012311511602257210134123761
            [TranDate] => 20201231151111
            [CheckString] => 00972d6706a567f6b89f10ada089efd5
        )

)
 from 49.98.216.143
2020/12/31 15:11:11 [/shop/shopping/load_payment_module.php] load_payment_module.php set payment data:Array
(
    [ACS] => 0
    [Forward] => 2S49631
    [Method] => 1
    [PayTimes] => 
    [Approve] => 0001770
    [TranID] => 2012311511602257210134123761
    [TranDate] => 20201231151111
    [CheckString] => 00972d6706a567f6b89f10ada089efd5
    [Amount] => 19950
    [JobCd] => CAPTURE
    [action_status] => 3
    [pay_status] => 13
)
 from 49.98.216.143
2020/12/31 15:11:11 [/shop/user_data/pg_mulpay_recv.php] ******* receiveer data start ******* from 210.175.7.20
2020/12/31 15:11:11 [/shop/user_data/pg_mulpay_recv.php] Array
(
    [ShopID] => 9000034600950
    [ShopPass] => **********
    [AccessID] => 51081f621e3720aebfb50c5379f6b5ab
    [AccessPass] => ********************************
    [OrderID] => 944991-31151109
    [Status] => CAPTURE
    [JobCd] => CAPTURE
    [Amount] => 19950
    [Tax] => 0
    [Currency] => JPN
    [Forward] => 2S49631
    [Method] => 1
    [PayTimes] => 
    [TranID] => 2012311511602257210134123761
    [Approve] => 0001770
    [TranDate] => 20201231151111
    [ErrCode] => 
    [ErrInfo] => 
    [PayType] => 0
)
 from 210.175.7.20
2020/12/31 15:11:11 [/shop/user_data/pg_mulpay_recv.php] ******* receiveer data end ******* from 210.175.7.20
2020/12/31 15:11:16 [/shop/user_data/pg_mulpay_recv.php] update order status:1 order_id=944991 from 210.175.7.20
2020/12/31 15:11:16 [/shop/user_data/pg_mulpay_recv.php] pg_mulpay_recv.php set payment data:Array
(
    [ShopID] => 9000034600950
    [AccessID] => 51081f621e3720aebfb50c5379f6b5ab
    [OrderID] => 944991-31151109
    [Status] => CAPTURE
    [JobCd] => CAPTURE
    [Amount] => 19950
    [Tax] => 0
    [Currency] => JPN
    [Forward] => 2S49631
    [Method] => 1
    [PayTimes] => 
    [TranID] => 2012311511602257210134123761
    [Approve] => 0001770
    [TranDate] => 20201231151111
    [ErrCode] => 
    [ErrInfo] => 
    [PayType] => 0
    [CvsCode] => 
    [CvsConfNo] => 
    [CvsReceiptNo] => 
    [EdyReceiptNo] => 
    [EdyOrderNo] => 
    [SuicaReceiptNo] => 
    [SuicaOrderNo] => 
    [CustID] => 
    [BkCode] => 
    [ConfNo] => 
    [PaymentTerm] => 
    [EncryptReceiptNo] => 
    [FinishDate] => 
    [ReceiptDate] => 
    [WebMoneyManagementNo] => 
    [WebMoneySettleCode] => 
    [AuPayInfoNo] => 
    [AuPayMethod] => 
    [AuCancelAmount] => 
    [AuCancelTax] => 
    [DocomoSettlementCode] => 
    [DocomoCancelAmount] => 
    [DocomoCancelTax] => 
    [pay_status] => 13
)
 from 210.175.7.20
2020/12/31 15:11:16 [/shop/user_data/pg_mulpay_recv.php] response:true from 210.175.7.20
