2024/02/09 00:57:58 [/shop/shopping/load_payment_module.php] SendRequest:https://p01.mul-pay.jp/payment/EntryTran.idPass from 104.129.206.88
2024/02/09 00:57:58 [/shop/shopping/load_payment_module.php] Array
(
    [ShopID] => 9000034600950
    [ShopPass] => ******
    [OrderID] => 956023-09005758
    [JobCd] => CAPTURE
    [Amount] => 3120
    [TdFlag] => 0
    [TdTenantName] => 
)
 from 104.129.206.88
2024/02/09 00:57:58 [/shop/shopping/load_payment_module.php] AccessID=ca66ef63696d0b1b23f31e315b36952a&AccessPass=a128a424baf8fedf7fbc13aa8ef29e0a from 104.129.206.88
2024/02/09 00:57:58 [/shop/shopping/load_payment_module.php] Array
(
    [0] => Array
        (
            [AccessID] => ca66ef63696d0b1b23f31e315b36952a
            [AccessPass] => a128a424baf8fedf7fbc13aa8ef29e0a
        )

)
 from 104.129.206.88
2024/02/09 00:57:58 [/shop/shopping/load_payment_module.php] load_payment_module.php set payment data:Array
(
    [AccessID] => ca66ef63696d0b1b23f31e315b36952a
    [AccessPass] => a128a424baf8fedf7fbc13aa8ef29e0a
    [OrderID] => 956023-09005758
    [Amount] => 3120
    [JobCd] => CAPTURE
    [action_status] => 1
    [pay_status] => 0
)
 from 104.129.206.88
2024/02/09 00:57:58 [/shop/shopping/load_payment_module.php] SendRequest:https://p01.mul-pay.jp/payment/ExecTran.idPass from 104.129.206.88
2024/02/09 00:57:58 [/shop/shopping/load_payment_module.php] Array
(
    [AccessID] => ca66ef63696d0b1b23f31e315b36952a
    [AccessPass] => a128a424baf8fedf7fbc13aa8ef29e0a
    [OrderID] => 956023-09005758
    [Method] => 1
    [Token] => 0983c0a0f0fa29eafa8110e77aa309f9e800cf1eba76f59467fff15805adb994
    [ClientField1] => 
    [ClientField2] => 
    [ClientField3] => EC-CUBE4.3.35
)
 from 104.129.206.88
2024/02/09 00:57:58 [/shop/shopping/load_payment_module.php] ErrCode=E41&ErrInfo=E41170099 from 104.129.206.88
2024/02/09 00:57:58 [/shop/shopping/load_payment_module.php] Array
(
    [0] => Array
        (
            [ErrCode] => E41
            [ErrInfo] => E41170099
        )

)
 from 104.129.206.88
2024/02/09 00:57:58 [/shop/shopping/load_payment_module.php] load_payment_module.php set payment data:Array
(
    [request_error] => Array
        (
            [0] => カード番号に誤りがあります。再度確認して入力して下さい。 (E41-E41170099)
        )

    [Amount] => 3120
    [JobCd] => CAPTURE
    [action_status] => 3
)
 from 104.129.206.88
2024/02/09 00:57:58 [/shop/user_data/pg_mulpay_recv.php] ******* receiveer data start ******* from 210.175.7.20
2024/02/09 00:57:58 [/shop/user_data/pg_mulpay_recv.php] Array
(
    [ShopID] => 9000034600950
    [ShopPass] => **********
    [AccessID] => ca66ef63696d0b1b23f31e315b36952a
    [AccessPass] => ********************************
    [OrderID] => 956023-09005758
    [Status] => UNPROCESSED
    [JobCd] => CAPTURE
    [Amount] => 3120
    [Tax] => 0
    [Currency] => JPN
    [Forward] => 2a99661
    [Method] => 1
    [PayTimes] => 
    [TranID] => 2402090057602257210134172616
    [Approve] =>        
    [TranDate] => 20240209005758
    [ErrCode] => E41
    [ErrInfo] => E41170099
    [PayType] => 0
)
 from 210.175.7.20
2024/02/09 00:57:58 [/shop/user_data/pg_mulpay_recv.php] ******* receiveer data end ******* from 210.175.7.20
2024/02/09 00:57:58 [/shop/user_data/pg_mulpay_recv.php] pg_mulpay_recv.php set payment data:Array
(
    [ShopID] => 9000034600950
    [AccessID] => ca66ef63696d0b1b23f31e315b36952a
    [OrderID] => 956023-09005758
    [Status] => UNPROCESSED
    [JobCd] => CAPTURE
    [Amount] => 3120
    [Tax] => 0
    [Currency] => JPN
    [Forward] => 2a99661
    [Method] => 1
    [PayTimes] => 
    [TranID] => 2402090057602257210134172616
    [Approve] => 
    [TranDate] => 20240209005758
    [ErrCode] => E41
    [ErrInfo] => E41170099
    [PayType] => 0
    [CvsCode] => 
    [CvsConfNo] => 
    [CvsReceiptNo] => 
    [EdyReceiptNo] => 
    [EdyOrderNo] => 
    [SuicaReceiptNo] => 
    [SuicaOrderNo] => 
    [CustID] => 
    [BkCode] => 
    [ConfNo] => 
    [PaymentTerm] => 
    [EncryptReceiptNo] => 
    [FinishDate] => 
    [ReceiptDate] => 
    [WebMoneyManagementNo] => 
    [WebMoneySettleCode] => 
    [AuPayInfoNo] => 
    [AuPayMethod] => 
    [AuCancelAmount] => 
    [AuCancelTax] => 
    [DocomoSettlementCode] => 
    [DocomoCancelAmount] => 
    [DocomoCancelTax] => 
    [pay_status] => 0
)
 from 210.175.7.20
2024/02/09 00:57:58 [/shop/user_data/pg_mulpay_recv.php] response:true from 210.175.7.20
2024/02/09 00:58:53 [/shop/shopping/load_payment_module.php] SendRequest:https://p01.mul-pay.jp/payment/ExecTran.idPass from 104.129.206.88
2024/02/09 00:58:53 [/shop/shopping/load_payment_module.php] Array
(
    [AccessID] => ca66ef63696d0b1b23f31e315b36952a
    [AccessPass] => a128a424baf8fedf7fbc13aa8ef29e0a
    [OrderID] => 956023-09005758
    [Method] => 1
    [PayTimes] => 
    [Token] => 78eb519bc5a6ee2d946aa3a695dfff4d7fa29d2352ab3e98f0ec6a3d123a88cd
    [ClientField1] => 
    [ClientField2] => 
    [ClientField3] => EC-CUBE4.3.35
)
 from 104.129.206.88
2024/02/09 00:58:54 [/shop/shopping/load_payment_module.php] ACS=0&OrderID=956023-09005758&Forward=2a99661&Method=1&PayTimes=&Approve=0254907&TranID=2402090058602257210134182673&TranDate=20240209005854&CheckString=38ca5c7cfbf91c5aec1eb6279fc5fa24 from 104.129.206.88
2024/02/09 00:58:54 [/shop/shopping/load_payment_module.php] Array
(
    [0] => Array
        (
            [ACS] => 0
            [OrderID] => 956023-09005758
            [Forward] => 2a99661
            [Method] => 1
            [PayTimes] => 
            [Approve] => 0254907
            [TranID] => 2402090058602257210134182673
            [TranDate] => 20240209005854
            [CheckString] => 38ca5c7cfbf91c5aec1eb6279fc5fa24
        )

)
 from 104.129.206.88
2024/02/09 00:58:54 [/shop/shopping/load_payment_module.php] load_payment_module.php set payment data:Array
(
    [ACS] => 0
    [Forward] => 2a99661
    [Method] => 1
    [PayTimes] => 
    [Approve] => 0254907
    [TranID] => 2402090058602257210134182673
    [TranDate] => 20240209005854
    [CheckString] => 38ca5c7cfbf91c5aec1eb6279fc5fa24
    [Amount] => 3120
    [JobCd] => CAPTURE
    [action_status] => 3
    [pay_status] => 13
)
 from 104.129.206.88
2024/02/09 00:58:54 [/shop/user_data/pg_mulpay_recv.php] ******* receiveer data start ******* from 210.175.7.20
2024/02/09 00:58:54 [/shop/user_data/pg_mulpay_recv.php] Array
(
    [ShopID] => 9000034600950
    [ShopPass] => **********
    [AccessID] => ca66ef63696d0b1b23f31e315b36952a
    [AccessPass] => ********************************
    [OrderID] => 956023-09005758
    [Status] => CAPTURE
    [JobCd] => CAPTURE
    [Amount] => 3120
    [Tax] => 0
    [Currency] => JPN
    [Forward] => 2a99661
    [Method] => 1
    [PayTimes] => 
    [TranID] => 2402090058602257210134182673
    [Approve] => 0254907
    [TranDate] => 20240209005854
    [ErrCode] => 
    [ErrInfo] => 
    [PayType] => 0
)
 from 210.175.7.20
2024/02/09 00:58:54 [/shop/user_data/pg_mulpay_recv.php] ******* receiveer data end ******* from 210.175.7.20
2024/02/09 00:58:59 [/shop/user_data/pg_mulpay_recv.php] update order status:1 order_id=956023 from 210.175.7.20
2024/02/09 00:58:59 [/shop/user_data/pg_mulpay_recv.php] pg_mulpay_recv.php set payment data:Array
(
    [ShopID] => 9000034600950
    [AccessID] => ca66ef63696d0b1b23f31e315b36952a
    [OrderID] => 956023-09005758
    [Status] => CAPTURE
    [JobCd] => CAPTURE
    [Amount] => 3120
    [Tax] => 0
    [Currency] => JPN
    [Forward] => 2a99661
    [Method] => 1
    [PayTimes] => 
    [TranID] => 2402090058602257210134182673
    [Approve] => 0254907
    [TranDate] => 20240209005854
    [PayType] => 0
    [CvsCode] => 
    [CvsConfNo] => 
    [CvsReceiptNo] => 
    [EdyReceiptNo] => 
    [EdyOrderNo] => 
    [SuicaReceiptNo] => 
    [SuicaOrderNo] => 
    [CustID] => 
    [BkCode] => 
    [ConfNo] => 
    [PaymentTerm] => 
    [EncryptReceiptNo] => 
    [FinishDate] => 
    [ReceiptDate] => 
    [WebMoneyManagementNo] => 
    [WebMoneySettleCode] => 
    [AuPayInfoNo] => 
    [AuPayMethod] => 
    [AuCancelAmount] => 
    [AuCancelTax] => 
    [DocomoSettlementCode] => 
    [DocomoCancelAmount] => 
    [DocomoCancelTax] => 
    [pay_status] => 13
)
 from 210.175.7.20
2024/02/09 00:58:59 [/shop/user_data/pg_mulpay_recv.php] response:true from 210.175.7.20
2024/02/09 01:12:03 [/shop/shopping/load_payment_module.php] SendRequest:https://p01.mul-pay.jp/payment/SearchMember.idPass from 187.251.245.178
2024/02/09 01:12:03 [/shop/shopping/load_payment_module.php] Array
(
    [SiteID] => mst0000007602
    [SitePass] => ******
    [MemberID] => 2231
)
 from 187.251.245.178
2024/02/09 01:12:03 [/shop/shopping/load_payment_module.php] ErrCode=E01&ErrInfo=E01390002 from 187.251.245.178
2024/02/09 01:12:03 [/shop/shopping/load_payment_module.php] Array
(
    [0] => Array
        (
            [ErrCode] => E01
            [ErrInfo] => E01390002
        )

)
 from 187.251.245.178
2024/02/09 01:12:03 [/shop/shopping/load_payment_module.php] SendRequest:https://p01.mul-pay.jp/payment/SearchCard.idPass from 187.251.245.178
2024/02/09 01:12:03 [/shop/shopping/load_payment_module.php] Array
(
    [SiteID] => mst0000007602
    [SitePass] => ******
    [MemberID] => 2231
)
 from 187.251.245.178
2024/02/09 01:12:03 [/shop/shopping/load_payment_module.php] ErrCode=E01|E01&ErrInfo=E01390002|E01240002 from 187.251.245.178
2024/02/09 01:12:03 [/shop/shopping/load_payment_module.php] Array
(
    [0] => Array
        (
            [ErrCode] => E01
            [ErrInfo] => E01390002
        )

    [1] => Array
        (
            [ErrCode] => E01
            [ErrInfo] => E01240002
        )

)
 from 187.251.245.178
2024/02/09 01:15:29 [/shop/shopping/load_payment_module.php] SendRequest:https://p01.mul-pay.jp/payment/SearchMember.idPass from 187.251.245.178
2024/02/09 01:15:29 [/shop/shopping/load_payment_module.php] Array
(
    [SiteID] => mst0000007602
    [SitePass] => ******
    [MemberID] => 2231
)
 from 187.251.245.178
2024/02/09 01:15:29 [/shop/shopping/load_payment_module.php] ErrCode=E01&ErrInfo=E01390002 from 187.251.245.178
2024/02/09 01:15:29 [/shop/shopping/load_payment_module.php] Array
(
    [0] => Array
        (
            [ErrCode] => E01
            [ErrInfo] => E01390002
        )

)
 from 187.251.245.178
2024/02/09 01:15:29 [/shop/shopping/load_payment_module.php] SendRequest:https://p01.mul-pay.jp/payment/SearchCard.idPass from 187.251.245.178
2024/02/09 01:15:29 [/shop/shopping/load_payment_module.php] Array
(
    [SiteID] => mst0000007602
    [SitePass] => ******
    [MemberID] => 2231
)
 from 187.251.245.178
2024/02/09 01:15:29 [/shop/shopping/load_payment_module.php] ErrCode=E01|E01&ErrInfo=E01390002|E01240002 from 187.251.245.178
2024/02/09 01:15:29 [/shop/shopping/load_payment_module.php] Array
(
    [0] => Array
        (
            [ErrCode] => E01
            [ErrInfo] => E01390002
        )

    [1] => Array
        (
            [ErrCode] => E01
            [ErrInfo] => E01240002
        )

)
 from 187.251.245.178
2024/02/09 01:15:29 [/shop/shopping/load_payment_module.php] SendRequest:https://p01.mul-pay.jp/payment/EntryTran.idPass from 187.251.245.178
2024/02/09 01:15:29 [/shop/shopping/load_payment_module.php] Array
(
    [ShopID] => 9000034600950
    [ShopPass] => ******
    [OrderID] => 956024-09011529
    [JobCd] => CAPTURE
    [Amount] => 11800
    [TdFlag] => 0
    [TdTenantName] => 
)
 from 187.251.245.178
2024/02/09 01:15:29 [/shop/shopping/load_payment_module.php] AccessID=3c840be5cb4af93834fc730a86495c38&AccessPass=6b6d528ff1f9877764ef00b3ff8ded7e from 187.251.245.178
2024/02/09 01:15:29 [/shop/shopping/load_payment_module.php] Array
(
    [0] => Array
        (
            [AccessID] => 3c840be5cb4af93834fc730a86495c38
            [AccessPass] => 6b6d528ff1f9877764ef00b3ff8ded7e
        )

)
 from 187.251.245.178
2024/02/09 01:15:29 [/shop/shopping/load_payment_module.php] load_payment_module.php set payment data:Array
(
    [AccessID] => 3c840be5cb4af93834fc730a86495c38
    [AccessPass] => 6b6d528ff1f9877764ef00b3ff8ded7e
    [OrderID] => 956024-09011529
    [Amount] => 11800
    [JobCd] => CAPTURE
    [action_status] => 1
    [pay_status] => 0
)
 from 187.251.245.178
2024/02/09 01:15:29 [/shop/shopping/load_payment_module.php] SendRequest:https://p01.mul-pay.jp/payment/ExecTran.idPass from 187.251.245.178
2024/02/09 01:15:29 [/shop/shopping/load_payment_module.php] Array
(
    [AccessID] => 3c840be5cb4af93834fc730a86495c38
    [AccessPass] => 6b6d528ff1f9877764ef00b3ff8ded7e
    [OrderID] => 956024-09011529
    [Method] => 1
    [Token] => 7bcb809a84d5ae84858d30346f571eeb95a52e89b67a7ee3edcc8ced4740f2e1
    [ClientField1] => 
    [ClientField2] => 
    [ClientField3] => EC-CUBE4.3.35
)
 from 187.251.245.178
2024/02/09 01:15:31 [/shop/shopping/load_payment_module.php] ACS=0&OrderID=956024-09011529&Forward=2a99661&Method=1&PayTimes=&Approve=0202758&TranID=2402090115602257210134172617&TranDate=20240209011531&CheckString=3445eba900fc4df1fde31ab503f4554c from 187.251.245.178
2024/02/09 01:15:31 [/shop/shopping/load_payment_module.php] Array
(
    [0] => Array
        (
            [ACS] => 0
            [OrderID] => 956024-09011529
            [Forward] => 2a99661
            [Method] => 1
            [PayTimes] => 
            [Approve] => 0202758
            [TranID] => 2402090115602257210134172617
            [TranDate] => 20240209011531
            [CheckString] => 3445eba900fc4df1fde31ab503f4554c
        )

)
 from 187.251.245.178
2024/02/09 01:15:31 [/shop/shopping/load_payment_module.php] load_payment_module.php set payment data:Array
(
    [ACS] => 0
    [Forward] => 2a99661
    [Method] => 1
    [PayTimes] => 
    [Approve] => 0202758
    [TranID] => 2402090115602257210134172617
    [TranDate] => 20240209011531
    [CheckString] => 3445eba900fc4df1fde31ab503f4554c
    [Amount] => 11800
    [JobCd] => CAPTURE
    [action_status] => 3
    [pay_status] => 13
)
 from 187.251.245.178
2024/02/09 01:15:31 [/shop/user_data/pg_mulpay_recv.php] ******* receiveer data start ******* from 210.175.7.20
2024/02/09 01:15:31 [/shop/user_data/pg_mulpay_recv.php] Array
(
    [ShopID] => 9000034600950
    [ShopPass] => **********
    [AccessID] => 3c840be5cb4af93834fc730a86495c38
    [AccessPass] => ********************************
    [OrderID] => 956024-09011529
    [Status] => CAPTURE
    [JobCd] => CAPTURE
    [Amount] => 11800
    [Tax] => 0
    [Currency] => JPN
    [Forward] => 2a99661
    [Method] => 1
    [PayTimes] => 
    [TranID] => 2402090115602257210134172617
    [Approve] => 0202758
    [TranDate] => 20240209011531
    [ErrCode] => 
    [ErrInfo] => 
    [PayType] => 0
)
 from 210.175.7.20
2024/02/09 01:15:31 [/shop/user_data/pg_mulpay_recv.php] ******* receiveer data end ******* from 210.175.7.20
2024/02/09 01:15:36 [/shop/user_data/pg_mulpay_recv.php] update order status:1 order_id=956024 from 210.175.7.20
2024/02/09 01:15:36 [/shop/user_data/pg_mulpay_recv.php] pg_mulpay_recv.php set payment data:Array
(
    [ShopID] => 9000034600950
    [AccessID] => 3c840be5cb4af93834fc730a86495c38
    [OrderID] => 956024-09011529
    [Status] => CAPTURE
    [JobCd] => CAPTURE
    [Amount] => 11800
    [Tax] => 0
    [Currency] => JPN
    [Forward] => 2a99661
    [Method] => 1
    [PayTimes] => 
    [TranID] => 2402090115602257210134172617
    [Approve] => 0202758
    [TranDate] => 20240209011531
    [ErrCode] => 
    [ErrInfo] => 
    [PayType] => 0
    [CvsCode] => 
    [CvsConfNo] => 
    [CvsReceiptNo] => 
    [EdyReceiptNo] => 
    [EdyOrderNo] => 
    [SuicaReceiptNo] => 
    [SuicaOrderNo] => 
    [CustID] => 
    [BkCode] => 
    [ConfNo] => 
    [PaymentTerm] => 
    [EncryptReceiptNo] => 
    [FinishDate] => 
    [ReceiptDate] => 
    [WebMoneyManagementNo] => 
    [WebMoneySettleCode] => 
    [AuPayInfoNo] => 
    [AuPayMethod] => 
    [AuCancelAmount] => 
    [AuCancelTax] => 
    [DocomoSettlementCode] => 
    [DocomoCancelAmount] => 
    [DocomoCancelTax] => 
    [pay_status] => 13
)
 from 210.175.7.20
2024/02/09 01:15:36 [/shop/user_data/pg_mulpay_recv.php] response:true from 210.175.7.20
2024/02/09 02:25:24 [/shop/shopping/load_payment_module.php] SendRequest:https://p01.mul-pay.jp/payment/EntryTran.idPass from 88.130.50.148
2024/02/09 02:25:24 [/shop/shopping/load_payment_module.php] Array
(
    [ShopID] => 9000034600950
    [ShopPass] => ******
    [OrderID] => 956025-09022524
    [JobCd] => CAPTURE
    [Amount] => 11510
    [TdFlag] => 0
    [TdTenantName] => 
)
 from 88.130.50.148
2024/02/09 02:25:24 [/shop/shopping/load_payment_module.php] AccessID=67f027341f7aeab42c5d03f9611be3dd&AccessPass=1b3a5133c01f8118455dfe7dc5e12252 from 88.130.50.148
2024/02/09 02:25:24 [/shop/shopping/load_payment_module.php] Array
(
    [0] => Array
        (
            [AccessID] => 67f027341f7aeab42c5d03f9611be3dd
            [AccessPass] => 1b3a5133c01f8118455dfe7dc5e12252
        )

)
 from 88.130.50.148
2024/02/09 02:25:24 [/shop/shopping/load_payment_module.php] load_payment_module.php set payment data:Array
(
    [AccessID] => 67f027341f7aeab42c5d03f9611be3dd
    [AccessPass] => 1b3a5133c01f8118455dfe7dc5e12252
    [OrderID] => 956025-09022524
    [Amount] => 11510
    [JobCd] => CAPTURE
    [action_status] => 1
    [pay_status] => 0
)
 from 88.130.50.148
2024/02/09 02:25:24 [/shop/shopping/load_payment_module.php] SendRequest:https://p01.mul-pay.jp/payment/ExecTran.idPass from 88.130.50.148
2024/02/09 02:25:24 [/shop/shopping/load_payment_module.php] Array
(
    [AccessID] => 67f027341f7aeab42c5d03f9611be3dd
    [AccessPass] => 1b3a5133c01f8118455dfe7dc5e12252
    [OrderID] => 956025-09022524
    [Method] => 1
    [Token] => d90066e87bde054e0446c89bf575c6992560e96f3c92d7aac3c6d9d80998eaf8
    [ClientField1] => 
    [ClientField2] => 
    [ClientField3] => EC-CUBE4.3.35
)
 from 88.130.50.148
2024/02/09 02:25:25 [/shop/shopping/load_payment_module.php] ACS=0&OrderID=956025-09022524&Forward=2S49631&Method=1&PayTimes=&Approve=0361381&TranID=2402090225602257210134182674&TranDate=20240209022525&CheckString=655c1f2230ce90234f6bcfbcbe28c670 from 88.130.50.148
2024/02/09 02:25:25 [/shop/shopping/load_payment_module.php] Array
(
    [0] => Array
        (
            [ACS] => 0
            [OrderID] => 956025-09022524
            [Forward] => 2S49631
            [Method] => 1
            [PayTimes] => 
            [Approve] => 0361381
            [TranID] => 2402090225602257210134182674
            [TranDate] => 20240209022525
            [CheckString] => 655c1f2230ce90234f6bcfbcbe28c670
        )

)
 from 88.130.50.148
2024/02/09 02:25:25 [/shop/shopping/load_payment_module.php] load_payment_module.php set payment data:Array
(
    [ACS] => 0
    [Forward] => 2S49631
    [Method] => 1
    [PayTimes] => 
    [Approve] => 0361381
    [TranID] => 2402090225602257210134182674
    [TranDate] => 20240209022525
    [CheckString] => 655c1f2230ce90234f6bcfbcbe28c670
    [Amount] => 11510
    [JobCd] => CAPTURE
    [action_status] => 3
    [pay_status] => 13
)
 from 88.130.50.148
2024/02/09 02:25:25 [/shop/user_data/pg_mulpay_recv.php] ******* receiveer data start ******* from 210.175.7.20
2024/02/09 02:25:25 [/shop/user_data/pg_mulpay_recv.php] Array
(
    [ShopID] => 9000034600950
    [ShopPass] => **********
    [AccessID] => 67f027341f7aeab42c5d03f9611be3dd
    [AccessPass] => ********************************
    [OrderID] => 956025-09022524
    [Status] => CAPTURE
    [JobCd] => CAPTURE
    [Amount] => 11510
    [Tax] => 0
    [Currency] => JPN
    [Forward] => 2S49631
    [Method] => 1
    [PayTimes] => 
    [TranID] => 2402090225602257210134182674
    [Approve] => 0361381
    [TranDate] => 20240209022525
    [ErrCode] => 
    [ErrInfo] => 
    [PayType] => 0
)
 from 210.175.7.20
2024/02/09 02:25:25 [/shop/user_data/pg_mulpay_recv.php] ******* receiveer data end ******* from 210.175.7.20
2024/02/09 02:25:30 [/shop/user_data/pg_mulpay_recv.php] update order status:1 order_id=956025 from 210.175.7.20
2024/02/09 02:25:30 [/shop/user_data/pg_mulpay_recv.php] pg_mulpay_recv.php set payment data:Array
(
    [ShopID] => 9000034600950
    [AccessID] => 67f027341f7aeab42c5d03f9611be3dd
    [OrderID] => 956025-09022524
    [Status] => CAPTURE
    [JobCd] => CAPTURE
    [Amount] => 11510
    [Tax] => 0
    [Currency] => JPN
    [Forward] => 2S49631
    [Method] => 1
    [PayTimes] => 
    [TranID] => 2402090225602257210134182674
    [Approve] => 0361381
    [TranDate] => 20240209022525
    [ErrCode] => 
    [ErrInfo] => 
    [PayType] => 0
    [CvsCode] => 
    [CvsConfNo] => 
    [CvsReceiptNo] => 
    [EdyReceiptNo] => 
    [EdyOrderNo] => 
    [SuicaReceiptNo] => 
    [SuicaOrderNo] => 
    [CustID] => 
    [BkCode] => 
    [ConfNo] => 
    [PaymentTerm] => 
    [EncryptReceiptNo] => 
    [FinishDate] => 
    [ReceiptDate] => 
    [WebMoneyManagementNo] => 
    [WebMoneySettleCode] => 
    [AuPayInfoNo] => 
    [AuPayMethod] => 
    [AuCancelAmount] => 
    [AuCancelTax] => 
    [DocomoSettlementCode] => 
    [DocomoCancelAmount] => 
    [DocomoCancelTax] => 
    [pay_status] => 13
)
 from 210.175.7.20
2024/02/09 02:25:30 [/shop/user_data/pg_mulpay_recv.php] response:true from 210.175.7.20
2024/02/09 07:43:16 [/shop/shopping/load_payment_module.php] SendRequest:https://p01.mul-pay.jp/payment/SearchMember.idPass from 158.62.26.144
2024/02/09 07:43:16 [/shop/shopping/load_payment_module.php] Array
(
    [SiteID] => mst0000007602
    [SitePass] => ******
    [MemberID] => 4107
)
 from 158.62.26.144
2024/02/09 07:43:16 [/shop/shopping/load_payment_module.php] ErrCode=E01&ErrInfo=E01390002 from 158.62.26.144
2024/02/09 07:43:16 [/shop/shopping/load_payment_module.php] Array
(
    [0] => Array
        (
            [ErrCode] => E01
            [ErrInfo] => E01390002
        )

)
 from 158.62.26.144
2024/02/09 07:43:16 [/shop/shopping/load_payment_module.php] SendRequest:https://p01.mul-pay.jp/payment/SearchCard.idPass from 158.62.26.144
2024/02/09 07:43:16 [/shop/shopping/load_payment_module.php] Array
(
    [SiteID] => mst0000007602
    [SitePass] => ******
    [MemberID] => 4107
)
 from 158.62.26.144
2024/02/09 07:43:16 [/shop/shopping/load_payment_module.php] ErrCode=E01|E01&ErrInfo=E01390002|E01240002 from 158.62.26.144
2024/02/09 07:43:16 [/shop/shopping/load_payment_module.php] Array
(
    [0] => Array
        (
            [ErrCode] => E01
            [ErrInfo] => E01390002
        )

    [1] => Array
        (
            [ErrCode] => E01
            [ErrInfo] => E01240002
        )

)
 from 158.62.26.144
2024/02/09 07:46:05 [/shop/shopping/load_payment_module.php] SendRequest:https://p01.mul-pay.jp/payment/SearchMember.idPass from 158.62.26.144
2024/02/09 07:46:05 [/shop/shopping/load_payment_module.php] Array
(
    [SiteID] => mst0000007602
    [SitePass] => ******
    [MemberID] => 4107
)
 from 158.62.26.144
2024/02/09 07:46:05 [/shop/shopping/load_payment_module.php] ErrCode=E01&ErrInfo=E01390002 from 158.62.26.144
2024/02/09 07:46:05 [/shop/shopping/load_payment_module.php] Array
(
    [0] => Array
        (
            [ErrCode] => E01
            [ErrInfo] => E01390002
        )

)
 from 158.62.26.144
2024/02/09 07:46:05 [/shop/shopping/load_payment_module.php] SendRequest:https://p01.mul-pay.jp/payment/SearchCard.idPass from 158.62.26.144
2024/02/09 07:46:05 [/shop/shopping/load_payment_module.php] Array
(
    [SiteID] => mst0000007602
    [SitePass] => ******
    [MemberID] => 4107
)
 from 158.62.26.144
2024/02/09 07:46:05 [/shop/shopping/load_payment_module.php] ErrCode=E01|E01&ErrInfo=E01390002|E01240002 from 158.62.26.144
2024/02/09 07:46:05 [/shop/shopping/load_payment_module.php] Array
(
    [0] => Array
        (
            [ErrCode] => E01
            [ErrInfo] => E01390002
        )

    [1] => Array
        (
            [ErrCode] => E01
            [ErrInfo] => E01240002
        )

)
 from 158.62.26.144
2024/02/09 07:46:05 [/shop/shopping/load_payment_module.php] SendRequest:https://p01.mul-pay.jp/payment/EntryTran.idPass from 158.62.26.144
2024/02/09 07:46:05 [/shop/shopping/load_payment_module.php] Array
(
    [ShopID] => 9000034600950
    [ShopPass] => ******
    [OrderID] => 956026-09074605
    [JobCd] => CAPTURE
    [Amount] => 20024
    [TdFlag] => 0
    [TdTenantName] => 
)
 from 158.62.26.144
2024/02/09 07:46:05 [/shop/shopping/load_payment_module.php] AccessID=d4683176f0d03c024df71be6bd880b85&AccessPass=c83d39e3db5a20da6f9d5bbddbe6f409 from 158.62.26.144
2024/02/09 07:46:05 [/shop/shopping/load_payment_module.php] Array
(
    [0] => Array
        (
            [AccessID] => d4683176f0d03c024df71be6bd880b85
            [AccessPass] => c83d39e3db5a20da6f9d5bbddbe6f409
        )

)
 from 158.62.26.144
2024/02/09 07:46:05 [/shop/shopping/load_payment_module.php] load_payment_module.php set payment data:Array
(
    [AccessID] => d4683176f0d03c024df71be6bd880b85
    [AccessPass] => c83d39e3db5a20da6f9d5bbddbe6f409
    [OrderID] => 956026-09074605
    [Amount] => 20024
    [JobCd] => CAPTURE
    [action_status] => 1
    [pay_status] => 0
)
 from 158.62.26.144
2024/02/09 07:46:05 [/shop/shopping/load_payment_module.php] SendRequest:https://p01.mul-pay.jp/payment/ExecTran.idPass from 158.62.26.144
2024/02/09 07:46:05 [/shop/shopping/load_payment_module.php] Array
(
    [AccessID] => d4683176f0d03c024df71be6bd880b85
    [AccessPass] => c83d39e3db5a20da6f9d5bbddbe6f409
    [OrderID] => 956026-09074605
    [Method] => 1
    [Token] => 7d769fad60af9c0b2355d31130183ba645da4bf5f6d2c13323d0823be100cc38
    [ClientField1] => 
    [ClientField2] => 
    [ClientField3] => EC-CUBE4.3.35
)
 from 158.62.26.144
2024/02/09 07:46:05 [/shop/shopping/load_payment_module.php] ErrCode=E01&ErrInfo=E01260010 from 158.62.26.144
2024/02/09 07:46:05 [/shop/shopping/load_payment_module.php] Array
(
    [0] => Array
        (
            [ErrCode] => E01
            [ErrInfo] => E01260010
        )

)
 from 158.62.26.144
2024/02/09 07:46:05 [/shop/shopping/load_payment_module.php] load_payment_module.php set payment data:Array
(
    [request_error] => Array
        (
            [0] => 指定された支払方法はご利用できません。 (E01-E01260010)
        )

    [Amount] => 20024
    [JobCd] => CAPTURE
    [action_status] => 3
)
 from 158.62.26.144
2024/02/09 07:47:26 [/shop/shopping/load_payment_module.php] SendRequest:https://p01.mul-pay.jp/payment/SearchMember.idPass from 158.62.26.144
2024/02/09 07:47:26 [/shop/shopping/load_payment_module.php] Array
(
    [SiteID] => mst0000007602
    [SitePass] => ******
    [MemberID] => 4107
)
 from 158.62.26.144
2024/02/09 07:47:26 [/shop/shopping/load_payment_module.php] ErrCode=E01&ErrInfo=E01390002 from 158.62.26.144
2024/02/09 07:47:26 [/shop/shopping/load_payment_module.php] Array
(
    [0] => Array
        (
            [ErrCode] => E01
            [ErrInfo] => E01390002
        )

)
 from 158.62.26.144
2024/02/09 07:47:26 [/shop/shopping/load_payment_module.php] SendRequest:https://p01.mul-pay.jp/payment/SearchCard.idPass from 158.62.26.144
2024/02/09 07:47:26 [/shop/shopping/load_payment_module.php] Array
(
    [SiteID] => mst0000007602
    [SitePass] => ******
    [MemberID] => 4107
)
 from 158.62.26.144
2024/02/09 07:47:26 [/shop/shopping/load_payment_module.php] ErrCode=E01|E01&ErrInfo=E01390002|E01240002 from 158.62.26.144
2024/02/09 07:47:26 [/shop/shopping/load_payment_module.php] Array
(
    [0] => Array
        (
            [ErrCode] => E01
            [ErrInfo] => E01390002
        )

    [1] => Array
        (
            [ErrCode] => E01
            [ErrInfo] => E01240002
        )

)
 from 158.62.26.144
2024/02/09 07:47:26 [/shop/shopping/load_payment_module.php] SendRequest:https://p01.mul-pay.jp/payment/ExecTran.idPass from 158.62.26.144
2024/02/09 07:47:26 [/shop/shopping/load_payment_module.php] Array
(
    [AccessID] => d4683176f0d03c024df71be6bd880b85
    [AccessPass] => c83d39e3db5a20da6f9d5bbddbe6f409
    [OrderID] => 956026-09074605
    [Method] => 1
    [Token] => 0b815854b04daa0cfcb9c88a6e289605e9b6674db3dfec107140557822e198a6
    [ClientField1] => 
    [ClientField2] => 
    [ClientField3] => EC-CUBE4.3.35
)
 from 158.62.26.144
2024/02/09 07:47:28 [/shop/shopping/load_payment_module.php] ACS=0&OrderID=956026-09074605&Forward=2S49631&Method=1&PayTimes=&Approve=0001246&TranID=2402090747602257210134152694&TranDate=20240209074728&CheckString=8e94a86cf8e3535c6b52f62860b590b5 from 158.62.26.144
2024/02/09 07:47:28 [/shop/shopping/load_payment_module.php] Array
(
    [0] => Array
        (
            [ACS] => 0
            [OrderID] => 956026-09074605
            [Forward] => 2S49631
            [Method] => 1
            [PayTimes] => 
            [Approve] => 0001246
            [TranID] => 2402090747602257210134152694
            [TranDate] => 20240209074728
            [CheckString] => 8e94a86cf8e3535c6b52f62860b590b5
        )

)
 from 158.62.26.144
2024/02/09 07:47:28 [/shop/shopping/load_payment_module.php] load_payment_module.php set payment data:Array
(
    [ACS] => 0
    [Forward] => 2S49631
    [Method] => 1
    [PayTimes] => 
    [Approve] => 0001246
    [TranID] => 2402090747602257210134152694
    [TranDate] => 20240209074728
    [CheckString] => 8e94a86cf8e3535c6b52f62860b590b5
    [Amount] => 20024
    [JobCd] => CAPTURE
    [action_status] => 3
    [pay_status] => 13
)
 from 158.62.26.144
2024/02/09 07:47:28 [/shop/user_data/pg_mulpay_recv.php] ******* receiveer data start ******* from 210.175.7.20
2024/02/09 07:47:28 [/shop/user_data/pg_mulpay_recv.php] Array
(
    [ShopID] => 9000034600950
    [ShopPass] => **********
    [AccessID] => d4683176f0d03c024df71be6bd880b85
    [AccessPass] => ********************************
    [OrderID] => 956026-09074605
    [Status] => CAPTURE
    [JobCd] => CAPTURE
    [Amount] => 20024
    [Tax] => 0
    [Currency] => JPN
    [Forward] => 2S49631
    [Method] => 1
    [PayTimes] => 
    [TranID] => 2402090747602257210134152694
    [Approve] => 0001246
    [TranDate] => 20240209074728
    [ErrCode] => 
    [ErrInfo] => 
    [PayType] => 0
)
 from 210.175.7.20
2024/02/09 07:47:28 [/shop/user_data/pg_mulpay_recv.php] ******* receiveer data end ******* from 210.175.7.20
2024/02/09 07:47:33 [/shop/user_data/pg_mulpay_recv.php] update order status:1 order_id=956026 from 210.175.7.20
2024/02/09 07:47:33 [/shop/user_data/pg_mulpay_recv.php] pg_mulpay_recv.php set payment data:Array
(
    [ShopID] => 9000034600950
    [AccessID] => d4683176f0d03c024df71be6bd880b85
    [OrderID] => 956026-09074605
    [Status] => CAPTURE
    [JobCd] => CAPTURE
    [Amount] => 20024
    [Tax] => 0
    [Currency] => JPN
    [Forward] => 2S49631
    [Method] => 1
    [PayTimes] => 
    [TranID] => 2402090747602257210134152694
    [Approve] => 0001246
    [TranDate] => 20240209074728
    [ErrCode] => 
    [ErrInfo] => 
    [PayType] => 0
    [CvsCode] => 
    [CvsConfNo] => 
    [CvsReceiptNo] => 
    [EdyReceiptNo] => 
    [EdyOrderNo] => 
    [SuicaReceiptNo] => 
    [SuicaOrderNo] => 
    [CustID] => 
    [BkCode] => 
    [ConfNo] => 
    [PaymentTerm] => 
    [EncryptReceiptNo] => 
    [FinishDate] => 
    [ReceiptDate] => 
    [WebMoneyManagementNo] => 
    [WebMoneySettleCode] => 
    [AuPayInfoNo] => 
    [AuPayMethod] => 
    [AuCancelAmount] => 
    [AuCancelTax] => 
    [DocomoSettlementCode] => 
    [DocomoCancelAmount] => 
    [DocomoCancelTax] => 
    [pay_status] => 13
)
 from 210.175.7.20
2024/02/09 07:47:33 [/shop/user_data/pg_mulpay_recv.php] response:true from 210.175.7.20
2024/02/09 10:47:37 [/shop/shopping/load_payment_module.php] SendRequest:https://p01.mul-pay.jp/payment/EntryTran.idPass from 133.106.132.129
2024/02/09 10:47:37 [/shop/shopping/load_payment_module.php] Array
(
    [ShopID] => 9000034600950
    [ShopPass] => ******
    [OrderID] => 956027-09104737
    [JobCd] => CAPTURE
    [Amount] => 1330
    [TdFlag] => 0
    [TdTenantName] => 
)
 from 133.106.132.129
2024/02/09 10:47:37 [/shop/shopping/load_payment_module.php] AccessID=579abc5ef259b66b35528ab24f2145d6&AccessPass=cf982aeace992a97195f76418eff17bc from 133.106.132.129
2024/02/09 10:47:37 [/shop/shopping/load_payment_module.php] Array
(
    [0] => Array
        (
            [AccessID] => 579abc5ef259b66b35528ab24f2145d6
            [AccessPass] => cf982aeace992a97195f76418eff17bc
        )

)
 from 133.106.132.129
2024/02/09 10:47:37 [/shop/shopping/load_payment_module.php] load_payment_module.php set payment data:Array
(
    [AccessID] => 579abc5ef259b66b35528ab24f2145d6
    [AccessPass] => cf982aeace992a97195f76418eff17bc
    [OrderID] => 956027-09104737
    [Amount] => 1330
    [JobCd] => CAPTURE
    [action_status] => 1
    [pay_status] => 0
)
 from 133.106.132.129
2024/02/09 10:47:37 [/shop/shopping/load_payment_module.php] SendRequest:https://p01.mul-pay.jp/payment/ExecTran.idPass from 133.106.132.129
2024/02/09 10:47:37 [/shop/shopping/load_payment_module.php] Array
(
    [AccessID] => 579abc5ef259b66b35528ab24f2145d6
    [AccessPass] => cf982aeace992a97195f76418eff17bc
    [OrderID] => 956027-09104737
    [Method] => 1
    [Token] => 71bfbcce2493ff46949880d9473ff9f50ffc26460f4d22a78bc1df58d35445de
    [ClientField1] => 
    [ClientField2] => 
    [ClientField3] => EC-CUBE4.3.35
)
 from 133.106.132.129
2024/02/09 10:47:38 [/shop/shopping/load_payment_module.php] ACS=0&OrderID=956027-09104737&Forward=2959876&Method=1&PayTimes=&Approve=0478892&TranID=2402091047602257210134152695&TranDate=20240209104738&CheckString=bfc94929f2d511ce16227ae491556b05 from 133.106.132.129
2024/02/09 10:47:38 [/shop/shopping/load_payment_module.php] Array
(
    [0] => Array
        (
            [ACS] => 0
            [OrderID] => 956027-09104737
            [Forward] => 2959876
            [Method] => 1
            [PayTimes] => 
            [Approve] => 0478892
            [TranID] => 2402091047602257210134152695
            [TranDate] => 20240209104738
            [CheckString] => bfc94929f2d511ce16227ae491556b05
        )

)
 from 133.106.132.129
2024/02/09 10:47:38 [/shop/shopping/load_payment_module.php] load_payment_module.php set payment data:Array
(
    [ACS] => 0
    [Forward] => 2959876
    [Method] => 1
    [PayTimes] => 
    [Approve] => 0478892
    [TranID] => 2402091047602257210134152695
    [TranDate] => 20240209104738
    [CheckString] => bfc94929f2d511ce16227ae491556b05
    [Amount] => 1330
    [JobCd] => CAPTURE
    [action_status] => 3
    [pay_status] => 13
)
 from 133.106.132.129
2024/02/09 10:47:39 [/shop/user_data/pg_mulpay_recv.php] ******* receiveer data start ******* from 210.175.7.20
2024/02/09 10:47:39 [/shop/user_data/pg_mulpay_recv.php] Array
(
    [ShopID] => 9000034600950
    [ShopPass] => **********
    [AccessID] => 579abc5ef259b66b35528ab24f2145d6
    [AccessPass] => ********************************
    [OrderID] => 956027-09104737
    [Status] => CAPTURE
    [JobCd] => CAPTURE
    [Amount] => 1330
    [Tax] => 0
    [Currency] => JPN
    [Forward] => 2959876
    [Method] => 1
    [PayTimes] => 
    [TranID] => 2402091047602257210134152695
    [Approve] => 0478892
    [TranDate] => 20240209104738
    [ErrCode] => 
    [ErrInfo] => 
    [PayType] => 0
)
 from 210.175.7.20
2024/02/09 10:47:39 [/shop/user_data/pg_mulpay_recv.php] ******* receiveer data end ******* from 210.175.7.20
2024/02/09 10:47:44 [/shop/user_data/pg_mulpay_recv.php] update order status:1 order_id=956027 from 210.175.7.20
2024/02/09 10:47:44 [/shop/user_data/pg_mulpay_recv.php] pg_mulpay_recv.php set payment data:Array
(
    [ShopID] => 9000034600950
    [AccessID] => 579abc5ef259b66b35528ab24f2145d6
    [OrderID] => 956027-09104737
    [Status] => CAPTURE
    [JobCd] => CAPTURE
    [Amount] => 1330
    [Tax] => 0
    [Currency] => JPN
    [Forward] => 2959876
    [Method] => 1
    [PayTimes] => 
    [TranID] => 2402091047602257210134152695
    [Approve] => 0478892
    [TranDate] => 20240209104738
    [ErrCode] => 
    [ErrInfo] => 
    [PayType] => 0
    [CvsCode] => 
    [CvsConfNo] => 
    [CvsReceiptNo] => 
    [EdyReceiptNo] => 
    [EdyOrderNo] => 
    [SuicaReceiptNo] => 
    [SuicaOrderNo] => 
    [CustID] => 
    [BkCode] => 
    [ConfNo] => 
    [PaymentTerm] => 
    [EncryptReceiptNo] => 
    [FinishDate] => 
    [ReceiptDate] => 
    [WebMoneyManagementNo] => 
    [WebMoneySettleCode] => 
    [AuPayInfoNo] => 
    [AuPayMethod] => 
    [AuCancelAmount] => 
    [AuCancelTax] => 
    [DocomoSettlementCode] => 
    [DocomoCancelAmount] => 
    [DocomoCancelTax] => 
    [pay_status] => 13
)
 from 210.175.7.20
2024/02/09 10:47:44 [/shop/user_data/pg_mulpay_recv.php] response:true from 210.175.7.20
2024/02/09 10:50:25 [/shop/shopping/load_payment_module.php] SendRequest:https://p01.mul-pay.jp/payment/EntryTran.idPass from 133.106.132.129
2024/02/09 10:50:25 [/shop/shopping/load_payment_module.php] Array
(
    [ShopID] => 9000034600950
    [ShopPass] => ******
    [OrderID] => 956028-09105025
    [JobCd] => CAPTURE
    [Amount] => 4510
    [TdFlag] => 0
    [TdTenantName] => 
)
 from 133.106.132.129
2024/02/09 10:50:25 [/shop/shopping/load_payment_module.php] AccessID=41867ff0f1f952fffd8df7c60d6f704f&AccessPass=d289cfabb331dd5d22e0edefd58b16c3 from 133.106.132.129
2024/02/09 10:50:25 [/shop/shopping/load_payment_module.php] Array
(
    [0] => Array
        (
            [AccessID] => 41867ff0f1f952fffd8df7c60d6f704f
            [AccessPass] => d289cfabb331dd5d22e0edefd58b16c3
        )

)
 from 133.106.132.129
2024/02/09 10:50:25 [/shop/shopping/load_payment_module.php] load_payment_module.php set payment data:Array
(
    [AccessID] => 41867ff0f1f952fffd8df7c60d6f704f
    [AccessPass] => d289cfabb331dd5d22e0edefd58b16c3
    [OrderID] => 956028-09105025
    [Amount] => 4510
    [JobCd] => CAPTURE
    [action_status] => 1
    [pay_status] => 0
)
 from 133.106.132.129
2024/02/09 10:50:25 [/shop/shopping/load_payment_module.php] SendRequest:https://p01.mul-pay.jp/payment/ExecTran.idPass from 133.106.132.129
2024/02/09 10:50:25 [/shop/shopping/load_payment_module.php] Array
(
    [AccessID] => 41867ff0f1f952fffd8df7c60d6f704f
    [AccessPass] => d289cfabb331dd5d22e0edefd58b16c3
    [OrderID] => 956028-09105025
    [Method] => 1
    [Token] => e171a454a2a28f60fe8dd82b985b4fb86a35caa625f61b67cf022488163170f5
    [ClientField1] => 
    [ClientField2] => 
    [ClientField3] => EC-CUBE4.3.35
)
 from 133.106.132.129
2024/02/09 10:50:27 [/shop/shopping/load_payment_module.php] ACS=0&OrderID=956028-09105025&Forward=2959876&Method=1&PayTimes=&Approve=0268086&TranID=2402091050602257210134152696&TranDate=20240209105027&CheckString=99cd8a1c68752d28d7d60cc2f8b614b5 from 133.106.132.129
2024/02/09 10:50:27 [/shop/shopping/load_payment_module.php] Array
(
    [0] => Array
        (
            [ACS] => 0
            [OrderID] => 956028-09105025
            [Forward] => 2959876
            [Method] => 1
            [PayTimes] => 
            [Approve] => 0268086
            [TranID] => 2402091050602257210134152696
            [TranDate] => 20240209105027
            [CheckString] => 99cd8a1c68752d28d7d60cc2f8b614b5
        )

)
 from 133.106.132.129
2024/02/09 10:50:27 [/shop/shopping/load_payment_module.php] load_payment_module.php set payment data:Array
(
    [ACS] => 0
    [Forward] => 2959876
    [Method] => 1
    [PayTimes] => 
    [Approve] => 0268086
    [TranID] => 2402091050602257210134152696
    [TranDate] => 20240209105027
    [CheckString] => 99cd8a1c68752d28d7d60cc2f8b614b5
    [Amount] => 4510
    [JobCd] => CAPTURE
    [action_status] => 3
    [pay_status] => 13
)
 from 133.106.132.129
2024/02/09 10:50:27 [/shop/user_data/pg_mulpay_recv.php] ******* receiveer data start ******* from 210.175.7.20
2024/02/09 10:50:27 [/shop/user_data/pg_mulpay_recv.php] Array
(
    [ShopID] => 9000034600950
    [ShopPass] => **********
    [AccessID] => 41867ff0f1f952fffd8df7c60d6f704f
    [AccessPass] => ********************************
    [OrderID] => 956028-09105025
    [Status] => CAPTURE
    [JobCd] => CAPTURE
    [Amount] => 4510
    [Tax] => 0
    [Currency] => JPN
    [Forward] => 2959876
    [Method] => 1
    [PayTimes] => 
    [TranID] => 2402091050602257210134152696
    [Approve] => 0268086
    [TranDate] => 20240209105027
    [ErrCode] => 
    [ErrInfo] => 
    [PayType] => 0
)
 from 210.175.7.20
2024/02/09 10:50:27 [/shop/user_data/pg_mulpay_recv.php] ******* receiveer data end ******* from 210.175.7.20
2024/02/09 10:50:32 [/shop/user_data/pg_mulpay_recv.php] update order status:1 order_id=956028 from 210.175.7.20
2024/02/09 10:50:32 [/shop/user_data/pg_mulpay_recv.php] pg_mulpay_recv.php set payment data:Array
(
    [ShopID] => 9000034600950
    [AccessID] => 41867ff0f1f952fffd8df7c60d6f704f
    [OrderID] => 956028-09105025
    [Status] => CAPTURE
    [JobCd] => CAPTURE
    [Amount] => 4510
    [Tax] => 0
    [Currency] => JPN
    [Forward] => 2959876
    [Method] => 1
    [PayTimes] => 
    [TranID] => 2402091050602257210134152696
    [Approve] => 0268086
    [TranDate] => 20240209105027
    [ErrCode] => 
    [ErrInfo] => 
    [PayType] => 0
    [CvsCode] => 
    [CvsConfNo] => 
    [CvsReceiptNo] => 
    [EdyReceiptNo] => 
    [EdyOrderNo] => 
    [SuicaReceiptNo] => 
    [SuicaOrderNo] => 
    [CustID] => 
    [BkCode] => 
    [ConfNo] => 
    [PaymentTerm] => 
    [EncryptReceiptNo] => 
    [FinishDate] => 
    [ReceiptDate] => 
    [WebMoneyManagementNo] => 
    [WebMoneySettleCode] => 
    [AuPayInfoNo] => 
    [AuPayMethod] => 
    [AuCancelAmount] => 
    [AuCancelTax] => 
    [DocomoSettlementCode] => 
    [DocomoCancelAmount] => 
    [DocomoCancelTax] => 
    [pay_status] => 13
)
 from 210.175.7.20
2024/02/09 10:50:32 [/shop/user_data/pg_mulpay_recv.php] response:true from 210.175.7.20
2024/02/09 11:28:13 [/shop/shopping/load_payment_module.php] SendRequest:https://p01.mul-pay.jp/payment/EntryTran.idPass from 60.140.172.197
2024/02/09 11:28:13 [/shop/shopping/load_payment_module.php] Array
(
    [ShopID] => 9000034600950
    [ShopPass] => ******
    [OrderID] => 956029-09112813
    [JobCd] => CAPTURE
    [Amount] => 7500
    [TdFlag] => 0
    [TdTenantName] => 
)
 from 60.140.172.197
2024/02/09 11:28:13 [/shop/shopping/load_payment_module.php] AccessID=d73d06d58620d6b3110218b70d9849f9&AccessPass=7c56d5da267deac18a7212c9f05994bf from 60.140.172.197
2024/02/09 11:28:13 [/shop/shopping/load_payment_module.php] Array
(
    [0] => Array
        (
            [AccessID] => d73d06d58620d6b3110218b70d9849f9
            [AccessPass] => 7c56d5da267deac18a7212c9f05994bf
        )

)
 from 60.140.172.197
2024/02/09 11:28:13 [/shop/shopping/load_payment_module.php] load_payment_module.php set payment data:Array
(
    [AccessID] => d73d06d58620d6b3110218b70d9849f9
    [AccessPass] => 7c56d5da267deac18a7212c9f05994bf
    [OrderID] => 956029-09112813
    [Amount] => 7500
    [JobCd] => CAPTURE
    [action_status] => 1
    [pay_status] => 0
)
 from 60.140.172.197
2024/02/09 11:28:13 [/shop/shopping/load_payment_module.php] SendRequest:https://p01.mul-pay.jp/payment/ExecTran.idPass from 60.140.172.197
2024/02/09 11:28:13 [/shop/shopping/load_payment_module.php] Array
(
    [AccessID] => d73d06d58620d6b3110218b70d9849f9
    [AccessPass] => 7c56d5da267deac18a7212c9f05994bf
    [OrderID] => 956029-09112813
    [Method] => 1
    [Token] => 71e259f1e9274bd55c03d398dbf8e4c038dbfbeef51cb9214b287bad63f80b2a
    [ClientField1] => 
    [ClientField2] => 
    [ClientField3] => EC-CUBE4.3.35
)
 from 60.140.172.197
2024/02/09 11:28:14 [/shop/shopping/load_payment_module.php] ACS=0&OrderID=956029-09112813&Forward=2959876&Method=1&PayTimes=&Approve=0723638&TranID=2402091128602257210134172618&TranDate=20240209112814&CheckString=ce284f2491d193183ad36c39afb25ba7 from 60.140.172.197
2024/02/09 11:28:14 [/shop/shopping/load_payment_module.php] Array
(
    [0] => Array
        (
            [ACS] => 0
            [OrderID] => 956029-09112813
            [Forward] => 2959876
            [Method] => 1
            [PayTimes] => 
            [Approve] => 0723638
            [TranID] => 2402091128602257210134172618
            [TranDate] => 20240209112814
            [CheckString] => ce284f2491d193183ad36c39afb25ba7
        )

)
 from 60.140.172.197
2024/02/09 11:28:14 [/shop/shopping/load_payment_module.php] load_payment_module.php set payment data:Array
(
    [ACS] => 0
    [Forward] => 2959876
    [Method] => 1
    [PayTimes] => 
    [Approve] => 0723638
    [TranID] => 2402091128602257210134172618
    [TranDate] => 20240209112814
    [CheckString] => ce284f2491d193183ad36c39afb25ba7
    [Amount] => 7500
    [JobCd] => CAPTURE
    [action_status] => 3
    [pay_status] => 13
)
 from 60.140.172.197
2024/02/09 11:28:14 [/shop/user_data/pg_mulpay_recv.php] ******* receiveer data start ******* from 210.175.7.20
2024/02/09 11:28:14 [/shop/user_data/pg_mulpay_recv.php] Array
(
    [ShopID] => 9000034600950
    [ShopPass] => **********
    [AccessID] => d73d06d58620d6b3110218b70d9849f9
    [AccessPass] => ********************************
    [OrderID] => 956029-09112813
    [Status] => CAPTURE
    [JobCd] => CAPTURE
    [Amount] => 7500
    [Tax] => 0
    [Currency] => JPN
    [Forward] => 2959876
    [Method] => 1
    [PayTimes] => 
    [TranID] => 2402091128602257210134172618
    [Approve] => 0723638
    [TranDate] => 20240209112814
    [ErrCode] => 
    [ErrInfo] => 
    [PayType] => 0
)
 from 210.175.7.20
2024/02/09 11:28:14 [/shop/user_data/pg_mulpay_recv.php] ******* receiveer data end ******* from 210.175.7.20
2024/02/09 11:28:19 [/shop/user_data/pg_mulpay_recv.php] update order status:1 order_id=956029 from 210.175.7.20
2024/02/09 11:28:19 [/shop/user_data/pg_mulpay_recv.php] pg_mulpay_recv.php set payment data:Array
(
    [ShopID] => 9000034600950
    [AccessID] => d73d06d58620d6b3110218b70d9849f9
    [OrderID] => 956029-09112813
    [Status] => CAPTURE
    [JobCd] => CAPTURE
    [Amount] => 7500
    [Tax] => 0
    [Currency] => JPN
    [Forward] => 2959876
    [Method] => 1
    [PayTimes] => 
    [TranID] => 2402091128602257210134172618
    [Approve] => 0723638
    [TranDate] => 20240209112814
    [ErrCode] => 
    [ErrInfo] => 
    [PayType] => 0
    [CvsCode] => 
    [CvsConfNo] => 
    [CvsReceiptNo] => 
    [EdyReceiptNo] => 
    [EdyOrderNo] => 
    [SuicaReceiptNo] => 
    [SuicaOrderNo] => 
    [CustID] => 
    [BkCode] => 
    [ConfNo] => 
    [PaymentTerm] => 
    [EncryptReceiptNo] => 
    [FinishDate] => 
    [ReceiptDate] => 
    [WebMoneyManagementNo] => 
    [WebMoneySettleCode] => 
    [AuPayInfoNo] => 
    [AuPayMethod] => 
    [AuCancelAmount] => 
    [AuCancelTax] => 
    [DocomoSettlementCode] => 
    [DocomoCancelAmount] => 
    [DocomoCancelTax] => 
    [pay_status] => 13
)
 from 210.175.7.20
2024/02/09 11:28:19 [/shop/user_data/pg_mulpay_recv.php] response:true from 210.175.7.20
2024/02/09 16:21:51 [/shop/shopping/load_payment_module.php] SendRequest:https://p01.mul-pay.jp/payment/SearchMember.idPass from 140.213.1.218
2024/02/09 16:21:51 [/shop/shopping/load_payment_module.php] Array
(
    [SiteID] => mst0000007602
    [SitePass] => ******
    [MemberID] => 10922
)
 from 140.213.1.218
2024/02/09 16:21:51 [/shop/shopping/load_payment_module.php] ErrCode=E01&ErrInfo=E01390002 from 140.213.1.218
2024/02/09 16:21:51 [/shop/shopping/load_payment_module.php] Array
(
    [0] => Array
        (
            [ErrCode] => E01
            [ErrInfo] => E01390002
        )

)
 from 140.213.1.218
2024/02/09 16:21:51 [/shop/shopping/load_payment_module.php] SendRequest:https://p01.mul-pay.jp/payment/SearchCard.idPass from 140.213.1.218
2024/02/09 16:21:51 [/shop/shopping/load_payment_module.php] Array
(
    [SiteID] => mst0000007602
    [SitePass] => ******
    [MemberID] => 10922
)
 from 140.213.1.218
2024/02/09 16:21:51 [/shop/shopping/load_payment_module.php] ErrCode=E01|E01&ErrInfo=E01390002|E01240002 from 140.213.1.218
2024/02/09 16:21:51 [/shop/shopping/load_payment_module.php] Array
(
    [0] => Array
        (
            [ErrCode] => E01
            [ErrInfo] => E01390002
        )

    [1] => Array
        (
            [ErrCode] => E01
            [ErrInfo] => E01240002
        )

)
 from 140.213.1.218
2024/02/09 16:22:05 [/shop/shopping/load_payment_module.php] SendRequest:https://p01.mul-pay.jp/payment/SearchMember.idPass from 140.213.1.218
2024/02/09 16:22:05 [/shop/shopping/load_payment_module.php] Array
(
    [SiteID] => mst0000007602
    [SitePass] => ******
    [MemberID] => 10922
)
 from 140.213.1.218
2024/02/09 16:22:05 [/shop/shopping/load_payment_module.php] ErrCode=E01&ErrInfo=E01390002 from 140.213.1.218
2024/02/09 16:22:05 [/shop/shopping/load_payment_module.php] Array
(
    [0] => Array
        (
            [ErrCode] => E01
            [ErrInfo] => E01390002
        )

)
 from 140.213.1.218
2024/02/09 16:22:05 [/shop/shopping/load_payment_module.php] SendRequest:https://p01.mul-pay.jp/payment/SearchCard.idPass from 140.213.1.218
2024/02/09 16:22:05 [/shop/shopping/load_payment_module.php] Array
(
    [SiteID] => mst0000007602
    [SitePass] => ******
    [MemberID] => 10922
)
 from 140.213.1.218
2024/02/09 16:22:05 [/shop/shopping/load_payment_module.php] ErrCode=E01|E01&ErrInfo=E01390002|E01240002 from 140.213.1.218
2024/02/09 16:22:05 [/shop/shopping/load_payment_module.php] Array
(
    [0] => Array
        (
            [ErrCode] => E01
            [ErrInfo] => E01390002
        )

    [1] => Array
        (
            [ErrCode] => E01
            [ErrInfo] => E01240002
        )

)
 from 140.213.1.218
2024/02/09 16:22:05 [/shop/shopping/load_payment_module.php] SendRequest:https://p01.mul-pay.jp/payment/EntryTran.idPass from 140.213.1.218
2024/02/09 16:22:05 [/shop/shopping/load_payment_module.php] Array
(
    [ShopID] => 9000034600950
    [ShopPass] => ******
    [OrderID] => 956030-09162205
    [JobCd] => CAPTURE
    [Amount] => 7907
    [TdFlag] => 0
    [TdTenantName] => 
)
 from 140.213.1.218
2024/02/09 16:22:06 [/shop/shopping/load_payment_module.php] AccessID=4ccf89776d0d691a3941d2e25a13c58f&AccessPass=f1022595e7df6cca480878ee47d104b8 from 140.213.1.218
2024/02/09 16:22:06 [/shop/shopping/load_payment_module.php] Array
(
    [0] => Array
        (
            [AccessID] => 4ccf89776d0d691a3941d2e25a13c58f
            [AccessPass] => f1022595e7df6cca480878ee47d104b8
        )

)
 from 140.213.1.218
2024/02/09 16:22:06 [/shop/shopping/load_payment_module.php] load_payment_module.php set payment data:Array
(
    [AccessID] => 4ccf89776d0d691a3941d2e25a13c58f
    [AccessPass] => f1022595e7df6cca480878ee47d104b8
    [OrderID] => 956030-09162205
    [Amount] => 7907
    [JobCd] => CAPTURE
    [action_status] => 1
    [pay_status] => 0
)
 from 140.213.1.218
2024/02/09 16:22:06 [/shop/shopping/load_payment_module.php] SendRequest:https://p01.mul-pay.jp/payment/ExecTran.idPass from 140.213.1.218
2024/02/09 16:22:06 [/shop/shopping/load_payment_module.php] Array
(
    [AccessID] => 4ccf89776d0d691a3941d2e25a13c58f
    [AccessPass] => f1022595e7df6cca480878ee47d104b8
    [OrderID] => 956030-09162205
    [Method] => 1
    [Token] => 6838be8c13ffb6f998578787168d55cfd2337236840301a40d4416171de3bf3a
    [ClientField1] => 
    [ClientField2] => 
    [ClientField3] => EC-CUBE4.3.35
)
 from 140.213.1.218
2024/02/09 16:22:06 [/shop/shopping/load_payment_module.php] ACS=0&OrderID=956030-09162205&Forward=2959876&Method=1&PayTimes=&Approve=0947058&TranID=2402091622602257210134162746&TranDate=20240209162206&CheckString=c78d031017ba9ae62fb60beb2329aa6d from 140.213.1.218
2024/02/09 16:22:06 [/shop/shopping/load_payment_module.php] Array
(
    [0] => Array
        (
            [ACS] => 0
            [OrderID] => 956030-09162205
            [Forward] => 2959876
            [Method] => 1
            [PayTimes] => 
            [Approve] => 0947058
            [TranID] => 2402091622602257210134162746
            [TranDate] => 20240209162206
            [CheckString] => c78d031017ba9ae62fb60beb2329aa6d
        )

)
 from 140.213.1.218
2024/02/09 16:22:06 [/shop/shopping/load_payment_module.php] load_payment_module.php set payment data:Array
(
    [ACS] => 0
    [Forward] => 2959876
    [Method] => 1
    [PayTimes] => 
    [Approve] => 0947058
    [TranID] => 2402091622602257210134162746
    [TranDate] => 20240209162206
    [CheckString] => c78d031017ba9ae62fb60beb2329aa6d
    [Amount] => 7907
    [JobCd] => CAPTURE
    [action_status] => 3
    [pay_status] => 13
)
 from 140.213.1.218
2024/02/09 16:22:07 [/shop/user_data/pg_mulpay_recv.php] ******* receiveer data start ******* from 210.175.7.20
2024/02/09 16:22:07 [/shop/user_data/pg_mulpay_recv.php] Array
(
    [ShopID] => 9000034600950
    [ShopPass] => **********
    [AccessID] => 4ccf89776d0d691a3941d2e25a13c58f
    [AccessPass] => ********************************
    [OrderID] => 956030-09162205
    [Status] => CAPTURE
    [JobCd] => CAPTURE
    [Amount] => 7907
    [Tax] => 0
    [Currency] => JPN
    [Forward] => 2959876
    [Method] => 1
    [PayTimes] => 
    [TranID] => 2402091622602257210134162746
    [Approve] => 0947058
    [TranDate] => 20240209162206
    [ErrCode] => 
    [ErrInfo] => 
    [PayType] => 0
)
 from 210.175.7.20
2024/02/09 16:22:07 [/shop/user_data/pg_mulpay_recv.php] ******* receiveer data end ******* from 210.175.7.20
2024/02/09 16:22:12 [/shop/user_data/pg_mulpay_recv.php] update order status:1 order_id=956030 from 210.175.7.20
2024/02/09 16:22:12 [/shop/user_data/pg_mulpay_recv.php] pg_mulpay_recv.php set payment data:Array
(
    [ShopID] => 9000034600950
    [AccessID] => 4ccf89776d0d691a3941d2e25a13c58f
    [OrderID] => 956030-09162205
    [Status] => CAPTURE
    [JobCd] => CAPTURE
    [Amount] => 7907
    [Tax] => 0
    [Currency] => JPN
    [Forward] => 2959876
    [Method] => 1
    [PayTimes] => 
    [TranID] => 2402091622602257210134162746
    [Approve] => 0947058
    [TranDate] => 20240209162206
    [ErrCode] => 
    [ErrInfo] => 
    [PayType] => 0
    [CvsCode] => 
    [CvsConfNo] => 
    [CvsReceiptNo] => 
    [EdyReceiptNo] => 
    [EdyOrderNo] => 
    [SuicaReceiptNo] => 
    [SuicaOrderNo] => 
    [CustID] => 
    [BkCode] => 
    [ConfNo] => 
    [PaymentTerm] => 
    [EncryptReceiptNo] => 
    [FinishDate] => 
    [ReceiptDate] => 
    [WebMoneyManagementNo] => 
    [WebMoneySettleCode] => 
    [AuPayInfoNo] => 
    [AuPayMethod] => 
    [AuCancelAmount] => 
    [AuCancelTax] => 
    [DocomoSettlementCode] => 
    [DocomoCancelAmount] => 
    [DocomoCancelTax] => 
    [pay_status] => 13
)
 from 210.175.7.20
2024/02/09 16:22:12 [/shop/user_data/pg_mulpay_recv.php] response:true from 210.175.7.20
2024/02/09 17:26:11 [/shop/master/basis/payment_input.php] is mulpay payment payment_id:7 pay_id:98 from 153.124.178.20
2024/02/09 19:45:08 [/shop/shopping/load_payment_module.php] SendRequest:https://p01.mul-pay.jp/payment/EntryTran.idPass from 172.56.186.78
2024/02/09 19:45:08 [/shop/shopping/load_payment_module.php] Array
(
    [ShopID] => 9000034600950
    [ShopPass] => ******
    [OrderID] => 956031-09194508
    [JobCd] => CAPTURE
    [Amount] => 9550
    [TdFlag] => 0
    [TdTenantName] => 
)
 from 172.56.186.78
2024/02/09 19:45:08 [/shop/shopping/load_payment_module.php] AccessID=18bb7152fdf6558fbb267f933583cd65&AccessPass=0ef058e04fe65d995066b95655dc3734 from 172.56.186.78
2024/02/09 19:45:08 [/shop/shopping/load_payment_module.php] Array
(
    [0] => Array
        (
            [AccessID] => 18bb7152fdf6558fbb267f933583cd65
            [AccessPass] => 0ef058e04fe65d995066b95655dc3734
        )

)
 from 172.56.186.78
2024/02/09 19:45:08 [/shop/shopping/load_payment_module.php] load_payment_module.php set payment data:Array
(
    [AccessID] => 18bb7152fdf6558fbb267f933583cd65
    [AccessPass] => 0ef058e04fe65d995066b95655dc3734
    [OrderID] => 956031-09194508
    [Amount] => 9550
    [JobCd] => CAPTURE
    [action_status] => 1
    [pay_status] => 0
)
 from 172.56.186.78
2024/02/09 19:45:08 [/shop/shopping/load_payment_module.php] SendRequest:https://p01.mul-pay.jp/payment/ExecTran.idPass from 172.56.186.78
2024/02/09 19:45:08 [/shop/shopping/load_payment_module.php] Array
(
    [AccessID] => 18bb7152fdf6558fbb267f933583cd65
    [AccessPass] => 0ef058e04fe65d995066b95655dc3734
    [OrderID] => 956031-09194508
    [Method] => 1
    [Token] => a78b8dca8c94ecb71ef6f40ed00c4952261e0e7bcdae91bb7f2237077398af93
    [ClientField1] => 
    [ClientField2] => 
    [ClientField3] => EC-CUBE4.3.35
)
 from 172.56.186.78
2024/02/09 19:45:09 [/shop/shopping/load_payment_module.php] ACS=0&OrderID=956031-09194508&Forward=2S49631&Method=1&PayTimes=&Approve=0052704&TranID=2402091945602257210134162747&TranDate=20240209194509&CheckString=62450bb596390bf7df5e8cc05bc9f394 from 172.56.186.78
2024/02/09 19:45:09 [/shop/shopping/load_payment_module.php] Array
(
    [0] => Array
        (
            [ACS] => 0
            [OrderID] => 956031-09194508
            [Forward] => 2S49631
            [Method] => 1
            [PayTimes] => 
            [Approve] => 0052704
            [TranID] => 2402091945602257210134162747
            [TranDate] => 20240209194509
            [CheckString] => 62450bb596390bf7df5e8cc05bc9f394
        )

)
 from 172.56.186.78
2024/02/09 19:45:09 [/shop/shopping/load_payment_module.php] load_payment_module.php set payment data:Array
(
    [ACS] => 0
    [Forward] => 2S49631
    [Method] => 1
    [PayTimes] => 
    [Approve] => 0052704
    [TranID] => 2402091945602257210134162747
    [TranDate] => 20240209194509
    [CheckString] => 62450bb596390bf7df5e8cc05bc9f394
    [Amount] => 9550
    [JobCd] => CAPTURE
    [action_status] => 3
    [pay_status] => 13
)
 from 172.56.186.78
2024/02/09 19:45:09 [/shop/user_data/pg_mulpay_recv.php] ******* receiveer data start ******* from 210.175.7.20
2024/02/09 19:45:09 [/shop/user_data/pg_mulpay_recv.php] Array
(
    [ShopID] => 9000034600950
    [ShopPass] => **********
    [AccessID] => 18bb7152fdf6558fbb267f933583cd65
    [AccessPass] => ********************************
    [OrderID] => 956031-09194508
    [Status] => CAPTURE
    [JobCd] => CAPTURE
    [Amount] => 9550
    [Tax] => 0
    [Currency] => JPN
    [Forward] => 2S49631
    [Method] => 1
    [PayTimes] => 
    [TranID] => 2402091945602257210134162747
    [Approve] => 0052704
    [TranDate] => 20240209194509
    [ErrCode] => 
    [ErrInfo] => 
    [PayType] => 0
)
 from 210.175.7.20
2024/02/09 19:45:09 [/shop/user_data/pg_mulpay_recv.php] ******* receiveer data end ******* from 210.175.7.20
2024/02/09 19:45:14 [/shop/user_data/pg_mulpay_recv.php] update order status:1 order_id=956031 from 210.175.7.20
2024/02/09 19:45:14 [/shop/user_data/pg_mulpay_recv.php] pg_mulpay_recv.php set payment data:Array
(
    [ShopID] => 9000034600950
    [AccessID] => 18bb7152fdf6558fbb267f933583cd65
    [OrderID] => 956031-09194508
    [Status] => CAPTURE
    [JobCd] => CAPTURE
    [Amount] => 9550
    [Tax] => 0
    [Currency] => JPN
    [Forward] => 2S49631
    [Method] => 1
    [PayTimes] => 
    [TranID] => 2402091945602257210134162747
    [Approve] => 0052704
    [TranDate] => 20240209194509
    [ErrCode] => 
    [ErrInfo] => 
    [PayType] => 0
    [CvsCode] => 
    [CvsConfNo] => 
    [CvsReceiptNo] => 
    [EdyReceiptNo] => 
    [EdyOrderNo] => 
    [SuicaReceiptNo] => 
    [SuicaOrderNo] => 
    [CustID] => 
    [BkCode] => 
    [ConfNo] => 
    [PaymentTerm] => 
    [EncryptReceiptNo] => 
    [FinishDate] => 
    [ReceiptDate] => 
    [WebMoneyManagementNo] => 
    [WebMoneySettleCode] => 
    [AuPayInfoNo] => 
    [AuPayMethod] => 
    [AuCancelAmount] => 
    [AuCancelTax] => 
    [DocomoSettlementCode] => 
    [DocomoCancelAmount] => 
    [DocomoCancelTax] => 
    [pay_status] => 13
)
 from 210.175.7.20
2024/02/09 19:45:14 [/shop/user_data/pg_mulpay_recv.php] response:true from 210.175.7.20
2024/02/09 22:23:52 [/shop/shopping/load_payment_module.php] SendRequest:https://p01.mul-pay.jp/payment/EntryTran.idPass from 198.208.47.96
2024/02/09 22:23:52 [/shop/shopping/load_payment_module.php] Array
(
    [ShopID] => 9000034600950
    [ShopPass] => ******
    [OrderID] => 956032-09222352
    [JobCd] => CAPTURE
    [Amount] => 9550
    [TdFlag] => 0
    [TdTenantName] => 
)
 from 198.208.47.96
2024/02/09 22:23:52 [/shop/shopping/load_payment_module.php] AccessID=aad1b6bf3acc1abecaef21d1a91dd811&AccessPass=87a37244ba7929e94704569b0f93fcee from 198.208.47.96
2024/02/09 22:23:52 [/shop/shopping/load_payment_module.php] Array
(
    [0] => Array
        (
            [AccessID] => aad1b6bf3acc1abecaef21d1a91dd811
            [AccessPass] => 87a37244ba7929e94704569b0f93fcee
        )

)
 from 198.208.47.96
2024/02/09 22:23:52 [/shop/shopping/load_payment_module.php] load_payment_module.php set payment data:Array
(
    [AccessID] => aad1b6bf3acc1abecaef21d1a91dd811
    [AccessPass] => 87a37244ba7929e94704569b0f93fcee
    [OrderID] => 956032-09222352
    [Amount] => 9550
    [JobCd] => CAPTURE
    [action_status] => 1
    [pay_status] => 0
)
 from 198.208.47.96
2024/02/09 22:23:52 [/shop/shopping/load_payment_module.php] SendRequest:https://p01.mul-pay.jp/payment/ExecTran.idPass from 198.208.47.96
2024/02/09 22:23:52 [/shop/shopping/load_payment_module.php] Array
(
    [AccessID] => aad1b6bf3acc1abecaef21d1a91dd811
    [AccessPass] => 87a37244ba7929e94704569b0f93fcee
    [OrderID] => 956032-09222352
    [Method] => 1
    [Token] => 7caf8661161d666befe643b2b69aed8ca2e78d274fb6f38ea25b0dad93fdf41b
    [ClientField1] => 
    [ClientField2] => 
    [ClientField3] => EC-CUBE4.3.35
)
 from 198.208.47.96
2024/02/09 22:23:53 [/shop/shopping/load_payment_module.php] ACS=0&OrderID=956032-09222352&Forward=2a99661&Method=1&PayTimes=&Approve=0269078&TranID=2402092223602257210134162748&TranDate=20240209222353&CheckString=993b89004dbeaac7175b1e159075f52d from 198.208.47.96
2024/02/09 22:23:53 [/shop/shopping/load_payment_module.php] Array
(
    [0] => Array
        (
            [ACS] => 0
            [OrderID] => 956032-09222352
            [Forward] => 2a99661
            [Method] => 1
            [PayTimes] => 
            [Approve] => 0269078
            [TranID] => 2402092223602257210134162748
            [TranDate] => 20240209222353
            [CheckString] => 993b89004dbeaac7175b1e159075f52d
        )

)
 from 198.208.47.96
2024/02/09 22:23:53 [/shop/shopping/load_payment_module.php] load_payment_module.php set payment data:Array
(
    [ACS] => 0
    [Forward] => 2a99661
    [Method] => 1
    [PayTimes] => 
    [Approve] => 0269078
    [TranID] => 2402092223602257210134162748
    [TranDate] => 20240209222353
    [CheckString] => 993b89004dbeaac7175b1e159075f52d
    [Amount] => 9550
    [JobCd] => CAPTURE
    [action_status] => 3
    [pay_status] => 13
)
 from 198.208.47.96
2024/02/09 22:23:53 [/shop/user_data/pg_mulpay_recv.php] ******* receiveer data start ******* from 210.175.7.20
2024/02/09 22:23:53 [/shop/user_data/pg_mulpay_recv.php] Array
(
    [ShopID] => 9000034600950
    [ShopPass] => **********
    [AccessID] => aad1b6bf3acc1abecaef21d1a91dd811
    [AccessPass] => ********************************
    [OrderID] => 956032-09222352
    [Status] => CAPTURE
    [JobCd] => CAPTURE
    [Amount] => 9550
    [Tax] => 0
    [Currency] => JPN
    [Forward] => 2a99661
    [Method] => 1
    [PayTimes] => 
    [TranID] => 2402092223602257210134162748
    [Approve] => 0269078
    [TranDate] => 20240209222353
    [ErrCode] => 
    [ErrInfo] => 
    [PayType] => 0
)
 from 210.175.7.20
2024/02/09 22:23:53 [/shop/user_data/pg_mulpay_recv.php] ******* receiveer data end ******* from 210.175.7.20
2024/02/09 22:23:58 [/shop/user_data/pg_mulpay_recv.php] update order status:1 order_id=956032 from 210.175.7.20
2024/02/09 22:23:58 [/shop/user_data/pg_mulpay_recv.php] pg_mulpay_recv.php set payment data:Array
(
    [ShopID] => 9000034600950
    [AccessID] => aad1b6bf3acc1abecaef21d1a91dd811
    [OrderID] => 956032-09222352
    [Status] => CAPTURE
    [JobCd] => CAPTURE
    [Amount] => 9550
    [Tax] => 0
    [Currency] => JPN
    [Forward] => 2a99661
    [Method] => 1
    [PayTimes] => 
    [TranID] => 2402092223602257210134162748
    [Approve] => 0269078
    [TranDate] => 20240209222353
    [ErrCode] => 
    [ErrInfo] => 
    [PayType] => 0
    [CvsCode] => 
    [CvsConfNo] => 
    [CvsReceiptNo] => 
    [EdyReceiptNo] => 
    [EdyOrderNo] => 
    [SuicaReceiptNo] => 
    [SuicaOrderNo] => 
    [CustID] => 
    [BkCode] => 
    [ConfNo] => 
    [PaymentTerm] => 
    [EncryptReceiptNo] => 
    [FinishDate] => 
    [ReceiptDate] => 
    [WebMoneyManagementNo] => 
    [WebMoneySettleCode] => 
    [AuPayInfoNo] => 
    [AuPayMethod] => 
    [AuCancelAmount] => 
    [AuCancelTax] => 
    [DocomoSettlementCode] => 
    [DocomoCancelAmount] => 
    [DocomoCancelTax] => 
    [pay_status] => 13
)
 from 210.175.7.20
2024/02/09 22:23:58 [/shop/user_data/pg_mulpay_recv.php] response:true from 210.175.7.20
2024/02/09 22:52:04 [/shop/shopping/load_payment_module.php] SendRequest:https://p01.mul-pay.jp/payment/SearchMember.idPass from 193.188.123.65
2024/02/09 22:52:04 [/shop/shopping/load_payment_module.php] Array
(
    [SiteID] => mst0000007602
    [SitePass] => ******
    [MemberID] => 6745
)
 from 193.188.123.65
2024/02/09 22:52:04 [/shop/shopping/load_payment_module.php] ErrCode=E01&ErrInfo=E01390002 from 193.188.123.65
2024/02/09 22:52:04 [/shop/shopping/load_payment_module.php] Array
(
    [0] => Array
        (
            [ErrCode] => E01
            [ErrInfo] => E01390002
        )

)
 from 193.188.123.65
2024/02/09 22:52:04 [/shop/shopping/load_payment_module.php] SendRequest:https://p01.mul-pay.jp/payment/SearchCard.idPass from 193.188.123.65
2024/02/09 22:52:04 [/shop/shopping/load_payment_module.php] Array
(
    [SiteID] => mst0000007602
    [SitePass] => ******
    [MemberID] => 6745
)
 from 193.188.123.65
2024/02/09 22:52:04 [/shop/shopping/load_payment_module.php] ErrCode=E01|E01&ErrInfo=E01390002|E01240002 from 193.188.123.65
2024/02/09 22:52:04 [/shop/shopping/load_payment_module.php] Array
(
    [0] => Array
        (
            [ErrCode] => E01
            [ErrInfo] => E01390002
        )

    [1] => Array
        (
            [ErrCode] => E01
            [ErrInfo] => E01240002
        )

)
 from 193.188.123.65
2024/02/09 22:52:37 [/shop/shopping/load_payment_module.php] SendRequest:https://p01.mul-pay.jp/payment/SearchMember.idPass from 193.188.123.65
2024/02/09 22:52:37 [/shop/shopping/load_payment_module.php] Array
(
    [SiteID] => mst0000007602
    [SitePass] => ******
    [MemberID] => 6745
)
 from 193.188.123.65
2024/02/09 22:52:37 [/shop/shopping/load_payment_module.php] ErrCode=E01&ErrInfo=E01390002 from 193.188.123.65
2024/02/09 22:52:37 [/shop/shopping/load_payment_module.php] Array
(
    [0] => Array
        (
            [ErrCode] => E01
            [ErrInfo] => E01390002
        )

)
 from 193.188.123.65
2024/02/09 22:52:37 [/shop/shopping/load_payment_module.php] SendRequest:https://p01.mul-pay.jp/payment/SearchCard.idPass from 193.188.123.65
2024/02/09 22:52:37 [/shop/shopping/load_payment_module.php] Array
(
    [SiteID] => mst0000007602
    [SitePass] => ******
    [MemberID] => 6745
)
 from 193.188.123.65
2024/02/09 22:52:37 [/shop/shopping/load_payment_module.php] ErrCode=E01|E01&ErrInfo=E01390002|E01240002 from 193.188.123.65
2024/02/09 22:52:37 [/shop/shopping/load_payment_module.php] Array
(
    [0] => Array
        (
            [ErrCode] => E01
            [ErrInfo] => E01390002
        )

    [1] => Array
        (
            [ErrCode] => E01
            [ErrInfo] => E01240002
        )

)
 from 193.188.123.65
2024/02/09 22:52:37 [/shop/shopping/load_payment_module.php] SendRequest:https://p01.mul-pay.jp/payment/EntryTran.idPass from 193.188.123.65
2024/02/09 22:52:37 [/shop/shopping/load_payment_module.php] Array
(
    [ShopID] => 9000034600950
    [ShopPass] => ******
    [OrderID] => 956033-09225237
    [JobCd] => CAPTURE
    [Amount] => 7768
    [TdFlag] => 0
    [TdTenantName] => 
)
 from 193.188.123.65
2024/02/09 22:52:37 [/shop/shopping/load_payment_module.php] AccessID=f21bc10b978a857af0fa2e7997f7ecc7&AccessPass=c69232fae99680583cb2744818181914 from 193.188.123.65
2024/02/09 22:52:37 [/shop/shopping/load_payment_module.php] Array
(
    [0] => Array
        (
            [AccessID] => f21bc10b978a857af0fa2e7997f7ecc7
            [AccessPass] => c69232fae99680583cb2744818181914
        )

)
 from 193.188.123.65
2024/02/09 22:52:37 [/shop/shopping/load_payment_module.php] load_payment_module.php set payment data:Array
(
    [AccessID] => f21bc10b978a857af0fa2e7997f7ecc7
    [AccessPass] => c69232fae99680583cb2744818181914
    [OrderID] => 956033-09225237
    [Amount] => 7768
    [JobCd] => CAPTURE
    [action_status] => 1
    [pay_status] => 0
)
 from 193.188.123.65
2024/02/09 22:52:37 [/shop/shopping/load_payment_module.php] SendRequest:https://p01.mul-pay.jp/payment/ExecTran.idPass from 193.188.123.65
2024/02/09 22:52:37 [/shop/shopping/load_payment_module.php] Array
(
    [AccessID] => f21bc10b978a857af0fa2e7997f7ecc7
    [AccessPass] => c69232fae99680583cb2744818181914
    [OrderID] => 956033-09225237
    [Method] => 1
    [Token] => 1526becf3c373ac5a6d394e3b60dde92cb4943a2c5abe65efa17d25f17203640
    [ClientField1] => 
    [ClientField2] => 
    [ClientField3] => EC-CUBE4.3.35
)
 from 193.188.123.65
2024/02/09 22:52:38 [/shop/shopping/load_payment_module.php] ACS=0&OrderID=956033-09225237&Forward=2S49631&Method=1&PayTimes=&Approve=0053807&TranID=2402092252602257210134162749&TranDate=20240209225238&CheckString=d6b660d5d6a489d59142aadea4324453 from 193.188.123.65
2024/02/09 22:52:38 [/shop/shopping/load_payment_module.php] Array
(
    [0] => Array
        (
            [ACS] => 0
            [OrderID] => 956033-09225237
            [Forward] => 2S49631
            [Method] => 1
            [PayTimes] => 
            [Approve] => 0053807
            [TranID] => 2402092252602257210134162749
            [TranDate] => 20240209225238
            [CheckString] => d6b660d5d6a489d59142aadea4324453
        )

)
 from 193.188.123.65
2024/02/09 22:52:38 [/shop/shopping/load_payment_module.php] load_payment_module.php set payment data:Array
(
    [ACS] => 0
    [Forward] => 2S49631
    [Method] => 1
    [PayTimes] => 
    [Approve] => 0053807
    [TranID] => 2402092252602257210134162749
    [TranDate] => 20240209225238
    [CheckString] => d6b660d5d6a489d59142aadea4324453
    [Amount] => 7768
    [JobCd] => CAPTURE
    [action_status] => 3
    [pay_status] => 13
)
 from 193.188.123.65
2024/02/09 22:52:39 [/shop/user_data/pg_mulpay_recv.php] ******* receiveer data start ******* from 210.175.7.20
2024/02/09 22:52:39 [/shop/user_data/pg_mulpay_recv.php] Array
(
    [ShopID] => 9000034600950
    [ShopPass] => **********
    [AccessID] => f21bc10b978a857af0fa2e7997f7ecc7
    [AccessPass] => ********************************
    [OrderID] => 956033-09225237
    [Status] => CAPTURE
    [JobCd] => CAPTURE
    [Amount] => 7768
    [Tax] => 0
    [Currency] => JPN
    [Forward] => 2S49631
    [Method] => 1
    [PayTimes] => 
    [TranID] => 2402092252602257210134162749
    [Approve] => 0053807
    [TranDate] => 20240209225238
    [ErrCode] => 
    [ErrInfo] => 
    [PayType] => 0
)
 from 210.175.7.20
2024/02/09 22:52:39 [/shop/user_data/pg_mulpay_recv.php] ******* receiveer data end ******* from 210.175.7.20
2024/02/09 22:52:44 [/shop/user_data/pg_mulpay_recv.php] update order status:1 order_id=956033 from 210.175.7.20
2024/02/09 22:52:44 [/shop/user_data/pg_mulpay_recv.php] pg_mulpay_recv.php set payment data:Array
(
    [ShopID] => 9000034600950
    [AccessID] => f21bc10b978a857af0fa2e7997f7ecc7
    [OrderID] => 956033-09225237
    [Status] => CAPTURE
    [JobCd] => CAPTURE
    [Amount] => 7768
    [Tax] => 0
    [Currency] => JPN
    [Forward] => 2S49631
    [Method] => 1
    [PayTimes] => 
    [TranID] => 2402092252602257210134162749
    [Approve] => 0053807
    [TranDate] => 20240209225238
    [ErrCode] => 
    [ErrInfo] => 
    [PayType] => 0
    [CvsCode] => 
    [CvsConfNo] => 
    [CvsReceiptNo] => 
    [EdyReceiptNo] => 
    [EdyOrderNo] => 
    [SuicaReceiptNo] => 
    [SuicaOrderNo] => 
    [CustID] => 
    [BkCode] => 
    [ConfNo] => 
    [PaymentTerm] => 
    [EncryptReceiptNo] => 
    [FinishDate] => 
    [ReceiptDate] => 
    [WebMoneyManagementNo] => 
    [WebMoneySettleCode] => 
    [AuPayInfoNo] => 
    [AuPayMethod] => 
    [AuCancelAmount] => 
    [AuCancelTax] => 
    [DocomoSettlementCode] => 
    [DocomoCancelAmount] => 
    [DocomoCancelTax] => 
    [pay_status] => 13
)
 from 210.175.7.20
2024/02/09 22:52:44 [/shop/user_data/pg_mulpay_recv.php] response:true from 210.175.7.20
2024/02/09 23:34:22 [/shop/shopping/load_payment_module.php] SendRequest:https://p01.mul-pay.jp/payment/EntryTran.idPass from 81.134.3.19
2024/02/09 23:34:22 [/shop/shopping/load_payment_module.php] Array
(
    [ShopID] => 9000034600950
    [ShopPass] => ******
    [OrderID] => 956034-09233422
    [JobCd] => CAPTURE
    [Amount] => 5160
    [TdFlag] => 0
    [TdTenantName] => 
)
 from 81.134.3.19
2024/02/09 23:34:22 [/shop/shopping/load_payment_module.php] AccessID=c039daa55333cd5c3515d50003874eb4&AccessPass=180bb4e0b8d2e0728da3b5357c26337c from 81.134.3.19
2024/02/09 23:34:22 [/shop/shopping/load_payment_module.php] Array
(
    [0] => Array
        (
            [AccessID] => c039daa55333cd5c3515d50003874eb4
            [AccessPass] => 180bb4e0b8d2e0728da3b5357c26337c
        )

)
 from 81.134.3.19
2024/02/09 23:34:22 [/shop/shopping/load_payment_module.php] load_payment_module.php set payment data:Array
(
    [AccessID] => c039daa55333cd5c3515d50003874eb4
    [AccessPass] => 180bb4e0b8d2e0728da3b5357c26337c
    [OrderID] => 956034-09233422
    [Amount] => 5160
    [JobCd] => CAPTURE
    [action_status] => 1
    [pay_status] => 0
)
 from 81.134.3.19
2024/02/09 23:34:22 [/shop/shopping/load_payment_module.php] SendRequest:https://p01.mul-pay.jp/payment/ExecTran.idPass from 81.134.3.19
2024/02/09 23:34:22 [/shop/shopping/load_payment_module.php] Array
(
    [AccessID] => c039daa55333cd5c3515d50003874eb4
    [AccessPass] => 180bb4e0b8d2e0728da3b5357c26337c
    [OrderID] => 956034-09233422
    [Method] => 1
    [Token] => ce8f0f61203477f12a4ce66d8242723cc8f28b73cc1b6bc3c17278b455ff2595
    [ClientField1] => 
    [ClientField2] => 
    [ClientField3] => EC-CUBE4.3.35
)
 from 81.134.3.19
2024/02/09 23:34:23 [/shop/shopping/load_payment_module.php] ACS=0&OrderID=956034-09233422&Forward=2S49631&Method=1&PayTimes=&Approve=0067873&TranID=2402092334602257210134172619&TranDate=20240209233423&CheckString=5aad2b5d1564b8629bf5e4b76146fd3f from 81.134.3.19
2024/02/09 23:34:23 [/shop/shopping/load_payment_module.php] Array
(
    [0] => Array
        (
            [ACS] => 0
            [OrderID] => 956034-09233422
            [Forward] => 2S49631
            [Method] => 1
            [PayTimes] => 
            [Approve] => 0067873
            [TranID] => 2402092334602257210134172619
            [TranDate] => 20240209233423
            [CheckString] => 5aad2b5d1564b8629bf5e4b76146fd3f
        )

)
 from 81.134.3.19
2024/02/09 23:34:23 [/shop/shopping/load_payment_module.php] load_payment_module.php set payment data:Array
(
    [ACS] => 0
    [Forward] => 2S49631
    [Method] => 1
    [PayTimes] => 
    [Approve] => 0067873
    [TranID] => 2402092334602257210134172619
    [TranDate] => 20240209233423
    [CheckString] => 5aad2b5d1564b8629bf5e4b76146fd3f
    [Amount] => 5160
    [JobCd] => CAPTURE
    [action_status] => 3
    [pay_status] => 13
)
 from 81.134.3.19
2024/02/09 23:34:23 [/shop/user_data/pg_mulpay_recv.php] ******* receiveer data start ******* from 210.175.7.20
2024/02/09 23:34:23 [/shop/user_data/pg_mulpay_recv.php] Array
(
    [ShopID] => 9000034600950
    [ShopPass] => **********
    [AccessID] => c039daa55333cd5c3515d50003874eb4
    [AccessPass] => ********************************
    [OrderID] => 956034-09233422
    [Status] => CAPTURE
    [JobCd] => CAPTURE
    [Amount] => 5160
    [Tax] => 0
    [Currency] => JPN
    [Forward] => 2S49631
    [Method] => 1
    [PayTimes] => 
    [TranID] => 2402092334602257210134172619
    [Approve] => 0067873
    [TranDate] => 20240209233423
    [ErrCode] => 
    [ErrInfo] => 
    [PayType] => 0
)
 from 210.175.7.20
2024/02/09 23:34:23 [/shop/user_data/pg_mulpay_recv.php] ******* receiveer data end ******* from 210.175.7.20
2024/02/09 23:34:28 [/shop/user_data/pg_mulpay_recv.php] update order status:1 order_id=956034 from 210.175.7.20
2024/02/09 23:34:28 [/shop/user_data/pg_mulpay_recv.php] pg_mulpay_recv.php set payment data:Array
(
    [ShopID] => 9000034600950
    [AccessID] => c039daa55333cd5c3515d50003874eb4
    [OrderID] => 956034-09233422
    [Status] => CAPTURE
    [JobCd] => CAPTURE
    [Amount] => 5160
    [Tax] => 0
    [Currency] => JPN
    [Forward] => 2S49631
    [Method] => 1
    [PayTimes] => 
    [TranID] => 2402092334602257210134172619
    [Approve] => 0067873
    [TranDate] => 20240209233423
    [ErrCode] => 
    [ErrInfo] => 
    [PayType] => 0
    [CvsCode] => 
    [CvsConfNo] => 
    [CvsReceiptNo] => 
    [EdyReceiptNo] => 
    [EdyOrderNo] => 
    [SuicaReceiptNo] => 
    [SuicaOrderNo] => 
    [CustID] => 
    [BkCode] => 
    [ConfNo] => 
    [PaymentTerm] => 
    [EncryptReceiptNo] => 
    [FinishDate] => 
    [ReceiptDate] => 
    [WebMoneyManagementNo] => 
    [WebMoneySettleCode] => 
    [AuPayInfoNo] => 
    [AuPayMethod] => 
    [AuCancelAmount] => 
    [AuCancelTax] => 
    [DocomoSettlementCode] => 
    [DocomoCancelAmount] => 
    [DocomoCancelTax] => 
    [pay_status] => 13
)
 from 210.175.7.20
2024/02/09 23:34:28 [/shop/user_data/pg_mulpay_recv.php] response:true from 210.175.7.20
