2021/11/22 12:43:33 [/shop/shopping/load_payment_module.php] SendRequest:https://p01.mul-pay.jp/payment/SearchMember.idPass from 114.160.216.147
2021/11/22 12:43:33 [/shop/shopping/load_payment_module.php] Array
(
    [SiteID] => mst0000007602
    [SitePass] => ******
    [MemberID] => 10449
)
 from 114.160.216.147
2021/11/22 12:43:33 [/shop/shopping/load_payment_module.php] ErrCode=E01&ErrInfo=E01390002 from 114.160.216.147
2021/11/22 12:43:33 [/shop/shopping/load_payment_module.php] Array
(
    [0] => Array
        (
            [ErrCode] => E01
            [ErrInfo] => E01390002
        )

)
 from 114.160.216.147
2021/11/22 12:43:33 [/shop/shopping/load_payment_module.php] SendRequest:https://p01.mul-pay.jp/payment/SearchCard.idPass from 114.160.216.147
2021/11/22 12:43:33 [/shop/shopping/load_payment_module.php] Array
(
    [SiteID] => mst0000007602
    [SitePass] => ******
    [MemberID] => 10449
)
 from 114.160.216.147
2021/11/22 12:43:33 [/shop/shopping/load_payment_module.php] ErrCode=E01|E01&ErrInfo=E01390002|E01240002 from 114.160.216.147
2021/11/22 12:43:33 [/shop/shopping/load_payment_module.php] Array
(
    [0] => Array
        (
            [ErrCode] => E01
            [ErrInfo] => E01390002
        )

    [1] => Array
        (
            [ErrCode] => E01
            [ErrInfo] => E01240002
        )

)
 from 114.160.216.147
2021/11/22 12:44:09 [/shop/shopping/load_payment_module.php] SendRequest:https://p01.mul-pay.jp/payment/SearchMember.idPass from 114.160.216.147
2021/11/22 12:44:09 [/shop/shopping/load_payment_module.php] Array
(
    [SiteID] => mst0000007602
    [SitePass] => ******
    [MemberID] => 10449
)
 from 114.160.216.147
2021/11/22 12:44:10 [/shop/shopping/load_payment_module.php] ErrCode=E01&ErrInfo=E01390002 from 114.160.216.147
2021/11/22 12:44:10 [/shop/shopping/load_payment_module.php] Array
(
    [0] => Array
        (
            [ErrCode] => E01
            [ErrInfo] => E01390002
        )

)
 from 114.160.216.147
2021/11/22 12:44:10 [/shop/shopping/load_payment_module.php] SendRequest:https://p01.mul-pay.jp/payment/SearchCard.idPass from 114.160.216.147
2021/11/22 12:44:10 [/shop/shopping/load_payment_module.php] Array
(
    [SiteID] => mst0000007602
    [SitePass] => ******
    [MemberID] => 10449
)
 from 114.160.216.147
2021/11/22 12:44:10 [/shop/shopping/load_payment_module.php] ErrCode=E01|E01&ErrInfo=E01390002|E01240002 from 114.160.216.147
2021/11/22 12:44:10 [/shop/shopping/load_payment_module.php] Array
(
    [0] => Array
        (
            [ErrCode] => E01
            [ErrInfo] => E01390002
        )

    [1] => Array
        (
            [ErrCode] => E01
            [ErrInfo] => E01240002
        )

)
 from 114.160.216.147
2021/11/22 12:44:10 [/shop/shopping/load_payment_module.php] SendRequest:https://p01.mul-pay.jp/payment/EntryTran.idPass from 114.160.216.147
2021/11/22 12:44:10 [/shop/shopping/load_payment_module.php] Array
(
    [ShopID] => 9000034600950
    [ShopPass] => ******
    [OrderID] => 946011-22124410
    [JobCd] => CAPTURE
    [Amount] => 31726
    [TdFlag] => 0
    [TdTenantName] => 
)
 from 114.160.216.147
2021/11/22 12:44:10 [/shop/shopping/load_payment_module.php] AccessID=ec0436b7a358a9cc46329ae653aa40e8&AccessPass=aa4bad65870f4ab6109a367e79f4d679 from 114.160.216.147
2021/11/22 12:44:10 [/shop/shopping/load_payment_module.php] Array
(
    [0] => Array
        (
            [AccessID] => ec0436b7a358a9cc46329ae653aa40e8
            [AccessPass] => aa4bad65870f4ab6109a367e79f4d679
        )

)
 from 114.160.216.147
2021/11/22 12:44:10 [/shop/shopping/load_payment_module.php] load_payment_module.php set payment data:Array
(
    [AccessID] => ec0436b7a358a9cc46329ae653aa40e8
    [AccessPass] => aa4bad65870f4ab6109a367e79f4d679
    [OrderID] => 946011-22124410
    [Amount] => 31726
    [JobCd] => CAPTURE
    [action_status] => 1
    [pay_status] => 0
)
 from 114.160.216.147
2021/11/22 12:44:10 [/shop/shopping/load_payment_module.php] SendRequest:https://p01.mul-pay.jp/payment/ExecTran.idPass from 114.160.216.147
2021/11/22 12:44:10 [/shop/shopping/load_payment_module.php] Array
(
    [AccessID] => ec0436b7a358a9cc46329ae653aa40e8
    [AccessPass] => aa4bad65870f4ab6109a367e79f4d679
    [OrderID] => 946011-22124410
    [Method] => 1
    [Token] => 7ec6aa6e986f7b5d8d168aad2848cbdc9ee7855973d05e1526e6dee8d2a18e96
    [ClientField1] => 
    [ClientField2] => 
    [ClientField3] => EC-CUBE4.3.35
)
 from 114.160.216.147
2021/11/22 12:44:10 [/shop/shopping/load_payment_module.php] ACS=0&OrderID=946011-22124410&Forward=2S49631&Method=1&PayTimes=&Approve=0045354&TranID=2111221244602257210134150001&TranDate=20211122124410&CheckString=f0649f45de88202789f6f3120c110582 from 114.160.216.147
2021/11/22 12:44:10 [/shop/shopping/load_payment_module.php] Array
(
    [0] => Array
        (
            [ACS] => 0
            [OrderID] => 946011-22124410
            [Forward] => 2S49631
            [Method] => 1
            [PayTimes] => 
            [Approve] => 0045354
            [TranID] => 2111221244602257210134150001
            [TranDate] => 20211122124410
            [CheckString] => f0649f45de88202789f6f3120c110582
        )

)
 from 114.160.216.147
2021/11/22 12:44:10 [/shop/shopping/load_payment_module.php] load_payment_module.php set payment data:Array
(
    [ACS] => 0
    [Forward] => 2S49631
    [Method] => 1
    [PayTimes] => 
    [Approve] => 0045354
    [TranID] => 2111221244602257210134150001
    [TranDate] => 20211122124410
    [CheckString] => f0649f45de88202789f6f3120c110582
    [Amount] => 31726
    [JobCd] => CAPTURE
    [action_status] => 3
    [pay_status] => 13
)
 from 114.160.216.147
2021/11/22 12:44:11 [/shop/user_data/pg_mulpay_recv.php] ******* receiveer data start ******* from 210.175.7.20
2021/11/22 12:44:11 [/shop/user_data/pg_mulpay_recv.php] Array
(
    [ShopID] => 9000034600950
    [ShopPass] => **********
    [AccessID] => ec0436b7a358a9cc46329ae653aa40e8
    [AccessPass] => ********************************
    [OrderID] => 946011-22124410
    [Status] => CAPTURE
    [JobCd] => CAPTURE
    [Amount] => 31726
    [Tax] => 0
    [Currency] => JPN
    [Forward] => 2S49631
    [Method] => 1
    [PayTimes] => 
    [TranID] => 2111221244602257210134150001
    [Approve] => 0045354
    [TranDate] => 20211122124410
    [ErrCode] => 
    [ErrInfo] => 
    [PayType] => 0
)
 from 210.175.7.20
2021/11/22 12:44:11 [/shop/user_data/pg_mulpay_recv.php] ******* receiveer data end ******* from 210.175.7.20
2021/11/22 12:44:16 [/shop/user_data/pg_mulpay_recv.php] update order status:1 order_id=946011 from 210.175.7.20
2021/11/22 12:44:16 [/shop/user_data/pg_mulpay_recv.php] pg_mulpay_recv.php set payment data:Array
(
    [ShopID] => 9000034600950
    [AccessID] => ec0436b7a358a9cc46329ae653aa40e8
    [OrderID] => 946011-22124410
    [Status] => CAPTURE
    [JobCd] => CAPTURE
    [Amount] => 31726
    [Tax] => 0
    [Currency] => JPN
    [Forward] => 2S49631
    [Method] => 1
    [PayTimes] => 
    [TranID] => 2111221244602257210134150001
    [Approve] => 0045354
    [TranDate] => 20211122124410
    [ErrCode] => 
    [ErrInfo] => 
    [PayType] => 0
    [CvsCode] => 
    [CvsConfNo] => 
    [CvsReceiptNo] => 
    [EdyReceiptNo] => 
    [EdyOrderNo] => 
    [SuicaReceiptNo] => 
    [SuicaOrderNo] => 
    [CustID] => 
    [BkCode] => 
    [ConfNo] => 
    [PaymentTerm] => 
    [EncryptReceiptNo] => 
    [FinishDate] => 
    [ReceiptDate] => 
    [WebMoneyManagementNo] => 
    [WebMoneySettleCode] => 
    [AuPayInfoNo] => 
    [AuPayMethod] => 
    [AuCancelAmount] => 
    [AuCancelTax] => 
    [DocomoSettlementCode] => 
    [DocomoCancelAmount] => 
    [DocomoCancelTax] => 
    [pay_status] => 13
)
 from 210.175.7.20
2021/11/22 12:44:16 [/shop/user_data/pg_mulpay_recv.php] response:true from 210.175.7.20
2021/11/22 13:01:19 [/shop/shopping/load_payment_module.php] SendRequest:https://p01.mul-pay.jp/payment/SearchMember.idPass from 126.167.65.238
2021/11/22 13:01:19 [/shop/shopping/load_payment_module.php] Array
(
    [SiteID] => mst0000007602
    [SitePass] => ******
    [MemberID] => 2825
)
 from 126.167.65.238
2021/11/22 13:01:19 [/shop/shopping/load_payment_module.php] ErrCode=E01&ErrInfo=E01390002 from 126.167.65.238
2021/11/22 13:01:19 [/shop/shopping/load_payment_module.php] Array
(
    [0] => Array
        (
            [ErrCode] => E01
            [ErrInfo] => E01390002
        )

)
 from 126.167.65.238
2021/11/22 13:01:19 [/shop/shopping/load_payment_module.php] SendRequest:https://p01.mul-pay.jp/payment/SearchCard.idPass from 126.167.65.238
2021/11/22 13:01:19 [/shop/shopping/load_payment_module.php] Array
(
    [SiteID] => mst0000007602
    [SitePass] => ******
    [MemberID] => 2825
)
 from 126.167.65.238
2021/11/22 13:01:19 [/shop/shopping/load_payment_module.php] ErrCode=E01|E01&ErrInfo=E01390002|E01240002 from 126.167.65.238
2021/11/22 13:01:19 [/shop/shopping/load_payment_module.php] Array
(
    [0] => Array
        (
            [ErrCode] => E01
            [ErrInfo] => E01390002
        )

    [1] => Array
        (
            [ErrCode] => E01
            [ErrInfo] => E01240002
        )

)
 from 126.167.65.238
2021/11/22 13:01:22 [/shop/shopping/load_payment_module.php] SendRequest:https://p01.mul-pay.jp/payment/SearchMember.idPass from 126.167.65.238
2021/11/22 13:01:22 [/shop/shopping/load_payment_module.php] Array
(
    [SiteID] => mst0000007602
    [SitePass] => ******
    [MemberID] => 2825
)
 from 126.167.65.238
2021/11/22 13:01:22 [/shop/shopping/load_payment_module.php] ErrCode=E01&ErrInfo=E01390002 from 126.167.65.238
2021/11/22 13:01:22 [/shop/shopping/load_payment_module.php] Array
(
    [0] => Array
        (
            [ErrCode] => E01
            [ErrInfo] => E01390002
        )

)
 from 126.167.65.238
2021/11/22 13:01:22 [/shop/shopping/load_payment_module.php] SendRequest:https://p01.mul-pay.jp/payment/SearchCard.idPass from 126.167.65.238
2021/11/22 13:01:22 [/shop/shopping/load_payment_module.php] Array
(
    [SiteID] => mst0000007602
    [SitePass] => ******
    [MemberID] => 2825
)
 from 126.167.65.238
2021/11/22 13:01:22 [/shop/shopping/load_payment_module.php] ErrCode=E01|E01&ErrInfo=E01390002|E01240002 from 126.167.65.238
2021/11/22 13:01:22 [/shop/shopping/load_payment_module.php] Array
(
    [0] => Array
        (
            [ErrCode] => E01
            [ErrInfo] => E01390002
        )

    [1] => Array
        (
            [ErrCode] => E01
            [ErrInfo] => E01240002
        )

)
 from 126.167.65.238
2021/11/22 13:02:26 [/shop/shopping/load_payment_module.php] SendRequest:https://p01.mul-pay.jp/payment/SearchMember.idPass from 126.167.65.238
2021/11/22 13:02:26 [/shop/shopping/load_payment_module.php] Array
(
    [SiteID] => mst0000007602
    [SitePass] => ******
    [MemberID] => 2825
)
 from 126.167.65.238
2021/11/22 13:02:26 [/shop/shopping/load_payment_module.php] ErrCode=E01&ErrInfo=E01390002 from 126.167.65.238
2021/11/22 13:02:26 [/shop/shopping/load_payment_module.php] Array
(
    [0] => Array
        (
            [ErrCode] => E01
            [ErrInfo] => E01390002
        )

)
 from 126.167.65.238
2021/11/22 13:02:26 [/shop/shopping/load_payment_module.php] SendRequest:https://p01.mul-pay.jp/payment/SearchCard.idPass from 126.167.65.238
2021/11/22 13:02:26 [/shop/shopping/load_payment_module.php] Array
(
    [SiteID] => mst0000007602
    [SitePass] => ******
    [MemberID] => 2825
)
 from 126.167.65.238
2021/11/22 13:02:26 [/shop/shopping/load_payment_module.php] ErrCode=E01|E01&ErrInfo=E01390002|E01240002 from 126.167.65.238
2021/11/22 13:02:26 [/shop/shopping/load_payment_module.php] Array
(
    [0] => Array
        (
            [ErrCode] => E01
            [ErrInfo] => E01390002
        )

    [1] => Array
        (
            [ErrCode] => E01
            [ErrInfo] => E01240002
        )

)
 from 126.167.65.238
2021/11/22 13:03:21 [/shop/shopping/load_payment_module.php] SendRequest:https://p01.mul-pay.jp/payment/SearchMember.idPass from 126.167.65.238
2021/11/22 13:03:21 [/shop/shopping/load_payment_module.php] Array
(
    [SiteID] => mst0000007602
    [SitePass] => ******
    [MemberID] => 2825
)
 from 126.167.65.238
2021/11/22 13:03:21 [/shop/shopping/load_payment_module.php] ErrCode=E01&ErrInfo=E01390002 from 126.167.65.238
2021/11/22 13:03:21 [/shop/shopping/load_payment_module.php] Array
(
    [0] => Array
        (
            [ErrCode] => E01
            [ErrInfo] => E01390002
        )

)
 from 126.167.65.238
2021/11/22 13:03:21 [/shop/shopping/load_payment_module.php] SendRequest:https://p01.mul-pay.jp/payment/SearchCard.idPass from 126.167.65.238
2021/11/22 13:03:21 [/shop/shopping/load_payment_module.php] Array
(
    [SiteID] => mst0000007602
    [SitePass] => ******
    [MemberID] => 2825
)
 from 126.167.65.238
2021/11/22 13:03:21 [/shop/shopping/load_payment_module.php] ErrCode=E01|E01&ErrInfo=E01390002|E01240002 from 126.167.65.238
2021/11/22 13:03:21 [/shop/shopping/load_payment_module.php] Array
(
    [0] => Array
        (
            [ErrCode] => E01
            [ErrInfo] => E01390002
        )

    [1] => Array
        (
            [ErrCode] => E01
            [ErrInfo] => E01240002
        )

)
 from 126.167.65.238
2021/11/22 13:03:21 [/shop/shopping/load_payment_module.php] SendRequest:https://p01.mul-pay.jp/payment/EntryTran.idPass from 126.167.65.238
2021/11/22 13:03:21 [/shop/shopping/load_payment_module.php] Array
(
    [ShopID] => 9000034600950
    [ShopPass] => ******
    [OrderID] => 946013-22130321
    [JobCd] => CAPTURE
    [Amount] => 4590
    [TdFlag] => 0
    [TdTenantName] => 
)
 from 126.167.65.238
2021/11/22 13:03:21 [/shop/shopping/load_payment_module.php] AccessID=f218d7906a3cf285d4beb449229262ad&AccessPass=efd0cb673ce927088a612c32658f1c08 from 126.167.65.238
2021/11/22 13:03:21 [/shop/shopping/load_payment_module.php] Array
(
    [0] => Array
        (
            [AccessID] => f218d7906a3cf285d4beb449229262ad
            [AccessPass] => efd0cb673ce927088a612c32658f1c08
        )

)
 from 126.167.65.238
2021/11/22 13:03:21 [/shop/shopping/load_payment_module.php] load_payment_module.php set payment data:Array
(
    [AccessID] => f218d7906a3cf285d4beb449229262ad
    [AccessPass] => efd0cb673ce927088a612c32658f1c08
    [OrderID] => 946013-22130321
    [Amount] => 4590
    [JobCd] => CAPTURE
    [action_status] => 1
    [pay_status] => 0
)
 from 126.167.65.238
2021/11/22 13:03:21 [/shop/shopping/load_payment_module.php] SendRequest:https://p01.mul-pay.jp/payment/ExecTran.idPass from 126.167.65.238
2021/11/22 13:03:21 [/shop/shopping/load_payment_module.php] Array
(
    [AccessID] => f218d7906a3cf285d4beb449229262ad
    [AccessPass] => efd0cb673ce927088a612c32658f1c08
    [OrderID] => 946013-22130321
    [Method] => 1
    [Token] => c98111e351cf7768474b8e6206d0119b9935d29fb9a991224582fe3256c17c31
    [ClientField1] => 
    [ClientField2] => 
    [ClientField3] => EC-CUBE4.3.35
)
 from 126.167.65.238
2021/11/22 13:03:22 [/shop/shopping/load_payment_module.php] ACS=0&OrderID=946013-22130321&Forward=2S49631&Method=1&PayTimes=&Approve=0003457&TranID=2111221303602257210134100595&TranDate=20211122130322&CheckString=db842dba5ceefb0f725e4070b7844df0 from 126.167.65.238
2021/11/22 13:03:22 [/shop/shopping/load_payment_module.php] Array
(
    [0] => Array
        (
            [ACS] => 0
            [OrderID] => 946013-22130321
            [Forward] => 2S49631
            [Method] => 1
            [PayTimes] => 
            [Approve] => 0003457
            [TranID] => 2111221303602257210134100595
            [TranDate] => 20211122130322
            [CheckString] => db842dba5ceefb0f725e4070b7844df0
        )

)
 from 126.167.65.238
2021/11/22 13:03:22 [/shop/shopping/load_payment_module.php] load_payment_module.php set payment data:Array
(
    [ACS] => 0
    [Forward] => 2S49631
    [Method] => 1
    [PayTimes] => 
    [Approve] => 0003457
    [TranID] => 2111221303602257210134100595
    [TranDate] => 20211122130322
    [CheckString] => db842dba5ceefb0f725e4070b7844df0
    [Amount] => 4590
    [JobCd] => CAPTURE
    [action_status] => 3
    [pay_status] => 13
)
 from 126.167.65.238
2021/11/22 13:03:22 [/shop/user_data/pg_mulpay_recv.php] ******* receiveer data start ******* from 210.175.7.20
2021/11/22 13:03:22 [/shop/user_data/pg_mulpay_recv.php] Array
(
    [ShopID] => 9000034600950
    [ShopPass] => **********
    [AccessID] => f218d7906a3cf285d4beb449229262ad
    [AccessPass] => ********************************
    [OrderID] => 946013-22130321
    [Status] => CAPTURE
    [JobCd] => CAPTURE
    [Amount] => 4590
    [Tax] => 0
    [Currency] => JPN
    [Forward] => 2S49631
    [Method] => 1
    [PayTimes] => 
    [TranID] => 2111221303602257210134100595
    [Approve] => 0003457
    [TranDate] => 20211122130322
    [ErrCode] => 
    [ErrInfo] => 
    [PayType] => 0
)
 from 210.175.7.20
2021/11/22 13:03:22 [/shop/user_data/pg_mulpay_recv.php] ******* receiveer data end ******* from 210.175.7.20
2021/11/22 13:03:27 [/shop/user_data/pg_mulpay_recv.php] update order status:1 order_id=946013 from 210.175.7.20
2021/11/22 13:03:27 [/shop/user_data/pg_mulpay_recv.php] pg_mulpay_recv.php set payment data:Array
(
    [ShopID] => 9000034600950
    [AccessID] => f218d7906a3cf285d4beb449229262ad
    [OrderID] => 946013-22130321
    [Status] => CAPTURE
    [JobCd] => CAPTURE
    [Amount] => 4590
    [Tax] => 0
    [Currency] => JPN
    [Forward] => 2S49631
    [Method] => 1
    [PayTimes] => 
    [TranID] => 2111221303602257210134100595
    [Approve] => 0003457
    [TranDate] => 20211122130322
    [ErrCode] => 
    [ErrInfo] => 
    [PayType] => 0
    [CvsCode] => 
    [CvsConfNo] => 
    [CvsReceiptNo] => 
    [EdyReceiptNo] => 
    [EdyOrderNo] => 
    [SuicaReceiptNo] => 
    [SuicaOrderNo] => 
    [CustID] => 
    [BkCode] => 
    [ConfNo] => 
    [PaymentTerm] => 
    [EncryptReceiptNo] => 
    [FinishDate] => 
    [ReceiptDate] => 
    [WebMoneyManagementNo] => 
    [WebMoneySettleCode] => 
    [AuPayInfoNo] => 
    [AuPayMethod] => 
    [AuCancelAmount] => 
    [AuCancelTax] => 
    [DocomoSettlementCode] => 
    [DocomoCancelAmount] => 
    [DocomoCancelTax] => 
    [pay_status] => 13
)
 from 210.175.7.20
2021/11/22 13:03:27 [/shop/user_data/pg_mulpay_recv.php] response:true from 210.175.7.20
2021/11/22 13:28:51 [/shop/shopping/load_payment_module.php] SendRequest:https://p01.mul-pay.jp/payment/SearchMember.idPass from 92.203.98.82
2021/11/22 13:28:51 [/shop/shopping/load_payment_module.php] Array
(
    [SiteID] => mst0000007602
    [SitePass] => ******
    [MemberID] => 3060
)
 from 92.203.98.82
2021/11/22 13:28:51 [/shop/shopping/load_payment_module.php] ErrCode=E01&ErrInfo=E01390002 from 92.203.98.82
2021/11/22 13:28:51 [/shop/shopping/load_payment_module.php] Array
(
    [0] => Array
        (
            [ErrCode] => E01
            [ErrInfo] => E01390002
        )

)
 from 92.203.98.82
2021/11/22 13:28:51 [/shop/shopping/load_payment_module.php] SendRequest:https://p01.mul-pay.jp/payment/SearchCard.idPass from 92.203.98.82
2021/11/22 13:28:51 [/shop/shopping/load_payment_module.php] Array
(
    [SiteID] => mst0000007602
    [SitePass] => ******
    [MemberID] => 3060
)
 from 92.203.98.82
2021/11/22 13:28:52 [/shop/shopping/load_payment_module.php] ErrCode=E01|E01&ErrInfo=E01390002|E01240002 from 92.203.98.82
2021/11/22 13:28:52 [/shop/shopping/load_payment_module.php] Array
(
    [0] => Array
        (
            [ErrCode] => E01
            [ErrInfo] => E01390002
        )

    [1] => Array
        (
            [ErrCode] => E01
            [ErrInfo] => E01240002
        )

)
 from 92.203.98.82
2021/11/22 13:30:31 [/shop/shopping/load_payment_module.php] SendRequest:https://p01.mul-pay.jp/payment/SearchMember.idPass from 92.203.98.82
2021/11/22 13:30:31 [/shop/shopping/load_payment_module.php] Array
(
    [SiteID] => mst0000007602
    [SitePass] => ******
    [MemberID] => 3060
)
 from 92.203.98.82
2021/11/22 13:30:31 [/shop/shopping/load_payment_module.php] ErrCode=E01&ErrInfo=E01390002 from 92.203.98.82
2021/11/22 13:30:31 [/shop/shopping/load_payment_module.php] Array
(
    [0] => Array
        (
            [ErrCode] => E01
            [ErrInfo] => E01390002
        )

)
 from 92.203.98.82
2021/11/22 13:30:31 [/shop/shopping/load_payment_module.php] SendRequest:https://p01.mul-pay.jp/payment/SearchCard.idPass from 92.203.98.82
2021/11/22 13:30:31 [/shop/shopping/load_payment_module.php] Array
(
    [SiteID] => mst0000007602
    [SitePass] => ******
    [MemberID] => 3060
)
 from 92.203.98.82
2021/11/22 13:30:31 [/shop/shopping/load_payment_module.php] ErrCode=E01|E01&ErrInfo=E01390002|E01240002 from 92.203.98.82
2021/11/22 13:30:31 [/shop/shopping/load_payment_module.php] Array
(
    [0] => Array
        (
            [ErrCode] => E01
            [ErrInfo] => E01390002
        )

    [1] => Array
        (
            [ErrCode] => E01
            [ErrInfo] => E01240002
        )

)
 from 92.203.98.82
2021/11/22 13:30:31 [/shop/shopping/load_payment_module.php] SendRequest:https://p01.mul-pay.jp/payment/EntryTran.idPass from 92.203.98.82
2021/11/22 13:30:31 [/shop/shopping/load_payment_module.php] Array
(
    [ShopID] => 9000034600950
    [ShopPass] => ******
    [OrderID] => 946014-22133031
    [JobCd] => CAPTURE
    [Amount] => 20952
    [TdFlag] => 0
    [TdTenantName] => 
)
 from 92.203.98.82
2021/11/22 13:30:31 [/shop/shopping/load_payment_module.php] AccessID=41b332f0e3a74adfb737f0a18a67cc48&AccessPass=916c4f3840900d34b531d0da988efc31 from 92.203.98.82
2021/11/22 13:30:31 [/shop/shopping/load_payment_module.php] Array
(
    [0] => Array
        (
            [AccessID] => 41b332f0e3a74adfb737f0a18a67cc48
            [AccessPass] => 916c4f3840900d34b531d0da988efc31
        )

)
 from 92.203.98.82
2021/11/22 13:30:31 [/shop/shopping/load_payment_module.php] load_payment_module.php set payment data:Array
(
    [AccessID] => 41b332f0e3a74adfb737f0a18a67cc48
    [AccessPass] => 916c4f3840900d34b531d0da988efc31
    [OrderID] => 946014-22133031
    [Amount] => 20952
    [JobCd] => CAPTURE
    [action_status] => 1
    [pay_status] => 0
)
 from 92.203.98.82
2021/11/22 13:30:31 [/shop/shopping/load_payment_module.php] SendRequest:https://p01.mul-pay.jp/payment/ExecTran.idPass from 92.203.98.82
2021/11/22 13:30:31 [/shop/shopping/load_payment_module.php] Array
(
    [AccessID] => 41b332f0e3a74adfb737f0a18a67cc48
    [AccessPass] => 916c4f3840900d34b531d0da988efc31
    [OrderID] => 946014-22133031
    [Method] => 1
    [Token] => e0c146bf45493e688f407e8e1378cd87f2b166c352ce549f3f1bec1d55fdb233
    [ClientField1] => 
    [ClientField2] => 
    [ClientField3] => EC-CUBE4.3.35
)
 from 92.203.98.82
2021/11/22 13:30:32 [/shop/shopping/load_payment_module.php] ACS=0&OrderID=946014-22133031&Forward=2S49631&Method=1&PayTimes=&Approve=0004975&TranID=2111221330602257210134124147&TranDate=20211122133032&CheckString=3ff36b1306b90c1918ea371fd11d3eaa from 92.203.98.82
2021/11/22 13:30:32 [/shop/shopping/load_payment_module.php] Array
(
    [0] => Array
        (
            [ACS] => 0
            [OrderID] => 946014-22133031
            [Forward] => 2S49631
            [Method] => 1
            [PayTimes] => 
            [Approve] => 0004975
            [TranID] => 2111221330602257210134124147
            [TranDate] => 20211122133032
            [CheckString] => 3ff36b1306b90c1918ea371fd11d3eaa
        )

)
 from 92.203.98.82
2021/11/22 13:30:32 [/shop/shopping/load_payment_module.php] load_payment_module.php set payment data:Array
(
    [ACS] => 0
    [Forward] => 2S49631
    [Method] => 1
    [PayTimes] => 
    [Approve] => 0004975
    [TranID] => 2111221330602257210134124147
    [TranDate] => 20211122133032
    [CheckString] => 3ff36b1306b90c1918ea371fd11d3eaa
    [Amount] => 20952
    [JobCd] => CAPTURE
    [action_status] => 3
    [pay_status] => 13
)
 from 92.203.98.82
2021/11/22 13:30:32 [/shop/user_data/pg_mulpay_recv.php] ******* receiveer data start ******* from 210.175.7.20
2021/11/22 13:30:32 [/shop/user_data/pg_mulpay_recv.php] Array
(
    [ShopID] => 9000034600950
    [ShopPass] => **********
    [AccessID] => 41b332f0e3a74adfb737f0a18a67cc48
    [AccessPass] => ********************************
    [OrderID] => 946014-22133031
    [Status] => CAPTURE
    [JobCd] => CAPTURE
    [Amount] => 20952
    [Tax] => 0
    [Currency] => JPN
    [Forward] => 2S49631
    [Method] => 1
    [PayTimes] => 
    [TranID] => 2111221330602257210134124147
    [Approve] => 0004975
    [TranDate] => 20211122133032
    [ErrCode] => 
    [ErrInfo] => 
    [PayType] => 0
)
 from 210.175.7.20
2021/11/22 13:30:32 [/shop/user_data/pg_mulpay_recv.php] ******* receiveer data end ******* from 210.175.7.20
2021/11/22 13:30:37 [/shop/user_data/pg_mulpay_recv.php] update order status:1 order_id=946014 from 210.175.7.20
2021/11/22 13:30:37 [/shop/user_data/pg_mulpay_recv.php] pg_mulpay_recv.php set payment data:Array
(
    [ShopID] => 9000034600950
    [AccessID] => 41b332f0e3a74adfb737f0a18a67cc48
    [OrderID] => 946014-22133031
    [Status] => CAPTURE
    [JobCd] => CAPTURE
    [Amount] => 20952
    [Tax] => 0
    [Currency] => JPN
    [Forward] => 2S49631
    [Method] => 1
    [PayTimes] => 
    [TranID] => 2111221330602257210134124147
    [Approve] => 0004975
    [TranDate] => 20211122133032
    [ErrCode] => 
    [ErrInfo] => 
    [PayType] => 0
    [CvsCode] => 
    [CvsConfNo] => 
    [CvsReceiptNo] => 
    [EdyReceiptNo] => 
    [EdyOrderNo] => 
    [SuicaReceiptNo] => 
    [SuicaOrderNo] => 
    [CustID] => 
    [BkCode] => 
    [ConfNo] => 
    [PaymentTerm] => 
    [EncryptReceiptNo] => 
    [FinishDate] => 
    [ReceiptDate] => 
    [WebMoneyManagementNo] => 
    [WebMoneySettleCode] => 
    [AuPayInfoNo] => 
    [AuPayMethod] => 
    [AuCancelAmount] => 
    [AuCancelTax] => 
    [DocomoSettlementCode] => 
    [DocomoCancelAmount] => 
    [DocomoCancelTax] => 
    [pay_status] => 13
)
 from 210.175.7.20
2021/11/22 13:30:37 [/shop/user_data/pg_mulpay_recv.php] response:true from 210.175.7.20
2021/11/22 15:39:51 [/shop/master/order/edit.php] edit.php set payment data:Array
(
    [no_update_status_flg] => 1
)
 from 114.160.216.147
2021/11/22 15:39:51 [/shop/master/order/edit.php] SendRequest:https://p01.mul-pay.jp/payment/ChangeTran.idPass from 114.160.216.147
2021/11/22 15:39:51 [/shop/master/order/edit.php] Array
(
    [ShopID] => 9000034600950
    [ShopPass] => ******
    [AccessID] => 0e63056d4eb993a1cb73bd473050fe6c
    [AccessPass] => 21be212c6899fe6578b3a6e40774e7e3
    [JobCd] => CAPTURE
    [Amount] => 58350
)
 from 114.160.216.147
2021/11/22 15:39:53 [/shop/master/order/edit.php] ErrCode=G54&ErrInfo=42G540000 from 114.160.216.147
2021/11/22 15:39:53 [/shop/master/order/edit.php] Array
(
    [0] => Array
        (
            [ErrCode] => G54
            [ErrInfo] => 42G540000
        )

)
 from 114.160.216.147
2021/11/22 15:39:53 [/shop/user_data/pg_mulpay_recv.php] ******* receiveer data start ******* from 210.175.7.20
2021/11/22 15:39:53 [/shop/user_data/pg_mulpay_recv.php] Array
(
    [ShopID] => 9000034600950
    [ShopPass] => **********
    [AccessID] => 0e63056d4eb993a1cb73bd473050fe6c
    [AccessPass] => ********************************
    [OrderID] => 945858-09133722
    [Status] => CAPTURE
    [JobCd] => CAPTURE
    [Amount] => 58350
    [Tax] => 0
    [Currency] => JPN
    [Forward] => 2S49631
    [Method] => 1
    [PayTimes] => 
    [TranID] => 2111221539602257210134133808
    [Approve] =>        
    [TranDate] => 20211122153952
    [ErrCode] => G54
    [ErrInfo] => 42G540000
    [PayType] => 0
)
 from 210.175.7.20
2021/11/22 15:39:53 [/shop/user_data/pg_mulpay_recv.php] ******* receiveer data end ******* from 210.175.7.20
2021/11/22 15:39:58 [/shop/user_data/pg_mulpay_recv.php] no update order status order_id=945858 from 210.175.7.20
2021/11/22 15:39:58 [/shop/user_data/pg_mulpay_recv.php] pg_mulpay_recv.php set payment data:Array
(
    [ShopID] => 9000034600950
    [AccessID] => 0e63056d4eb993a1cb73bd473050fe6c
    [OrderID] => 945858-09133722
    [Status] => CAPTURE
    [JobCd] => CAPTURE
    [Amount] => 58350
    [Tax] => 0
    [Currency] => JPN
    [Forward] => 2S49631
    [Method] => 1
    [PayTimes] => 
    [TranID] => 2111221539602257210134133808
    [TranDate] => 20211122153952
    [ErrCode] => G54
    [ErrInfo] => 42G540000
    [PayType] => 0
    [CvsCode] => 
    [CvsConfNo] => 
    [CvsReceiptNo] => 
    [EdyReceiptNo] => 
    [EdyOrderNo] => 
    [SuicaReceiptNo] => 
    [SuicaOrderNo] => 
    [CustID] => 
    [BkCode] => 
    [ConfNo] => 
    [PaymentTerm] => 
    [EncryptReceiptNo] => 
    [FinishDate] => 
    [ReceiptDate] => 
    [WebMoneyManagementNo] => 
    [WebMoneySettleCode] => 
    [AuPayInfoNo] => 
    [AuPayMethod] => 
    [AuCancelAmount] => 
    [AuCancelTax] => 
    [DocomoSettlementCode] => 
    [DocomoCancelAmount] => 
    [DocomoCancelTax] => 
    [pay_status] => 13
    [no_update_status_flg] => 0
)
 from 210.175.7.20
2021/11/22 15:39:58 [/shop/user_data/pg_mulpay_recv.php] response:true from 210.175.7.20
2021/11/22 15:40:01 [/shop/master/order/edit.php] SendRequest:https://p01.mul-pay.jp/payment/SearchTrade.idPass from 114.160.216.147
2021/11/22 15:40:01 [/shop/master/order/edit.php] Array
(
    [ShopID] => 9000034600950
    [ShopPass] => ******
    [OrderID] => 945858-09133722
)
 from 114.160.216.147
2021/11/22 15:40:01 [/shop/master/order/edit.php] OrderID=945858-09133722&Status=CAPTURE&ProcessDate=20211009133726&JobCd=CAPTURE&AccessID=0e63056d4eb993a1cb73bd473050fe6c&AccessPass=21be212c6899fe6578b3a6e40774e7e3&ItemCode=0000990&Amount=9950&Tax=0&SiteID=&MemberID=&CardNo=************7652&Expire=2509&Method=1&PayTimes=&Forward=2S49631&TranID=2110091337602257210134124086&Approve=0021730&ClientField1=&ClientField2=&ClientField3=EC-CUBE4.3.35 from 114.160.216.147
2021/11/22 15:40:01 [/shop/master/order/edit.php] Array
(
    [0] => Array
        (
            [OrderID] => 945858-09133722
            [Status] => CAPTURE
            [ProcessDate] => 20211009133726
            [JobCd] => CAPTURE
            [AccessID] => 0e63056d4eb993a1cb73bd473050fe6c
            [AccessPass] => 21be212c6899fe6578b3a6e40774e7e3
            [ItemCode] => 0000990
            [Amount] => 9950
            [Tax] => 0
            [SiteID] => 
            [MemberID] => 
            [CardNo] => ************7652
            [Expire] => 2509
            [Method] => 1
            [PayTimes] => 
            [Forward] => 2S49631
            [TranID] => 2110091337602257210134124086
            [Approve] => 0021730
            [ClientField1] => 
            [ClientField2] => 
            [ClientField3] => EC-CUBE4.3.35
        )

)
 from 114.160.216.147
2021/11/22 15:40:01 [/shop/master/order/edit.php] edit.php set payment data:Array
(
    [OrderID] => 945858-09133722
    [Status] => CAPTURE
    [ProcessDate] => 20211009133726
    [JobCd] => CAPTURE
    [AccessID] => 0e63056d4eb993a1cb73bd473050fe6c
    [AccessPass] => 21be212c6899fe6578b3a6e40774e7e3
    [ItemCode] => 0000990
    [Amount] => 9950
    [Tax] => 0
    [SiteID] => 
    [MemberID] => 
    [CardNo] => ************7652
    [Expire] => 2509
    [Method] => 1
    [PayTimes] => 
    [Forward] => 2S49631
    [TranID] => 2110091337602257210134124086
    [Approve] => 0021730
    [ClientField1] => 
    [ClientField2] => 
    [ClientField3] => EC-CUBE4.3.35
    [action_status] => 6
    [pay_status] => 13
)
 from 114.160.216.147
2021/11/22 15:46:04 [/shop/master/order/edit.php] edit.php set payment data:Array
(
    [no_update_status_flg] => 1
)
 from 114.160.216.147
2021/11/22 15:46:04 [/shop/master/order/edit.php] SendRequest:https://p01.mul-pay.jp/payment/ChangeTran.idPass from 114.160.216.147
2021/11/22 15:46:04 [/shop/master/order/edit.php] Array
(
    [ShopID] => 9000034600950
    [ShopPass] => ******
    [AccessID] => feddaa5a0c1c772ebe5b591164bbfbd2
    [AccessPass] => 9f229763ab5d8abe40e83c99285d5207
    [JobCd] => CAPTURE
    [Amount] => 43121
)
 from 114.160.216.147
2021/11/22 15:46:06 [/shop/master/order/edit.php] AccessID=feddaa5a0c1c772ebe5b591164bbfbd2&AccessPass=9f229763ab5d8abe40e83c99285d5207&Forward=2S49631&Approve=0022723&TranID=2111221546602257210134170001&TranDate=20211122154606 from 114.160.216.147
2021/11/22 15:46:06 [/shop/master/order/edit.php] Array
(
    [0] => Array
        (
            [AccessID] => feddaa5a0c1c772ebe5b591164bbfbd2
            [AccessPass] => 9f229763ab5d8abe40e83c99285d5207
            [Forward] => 2S49631
            [Approve] => 0022723
            [TranID] => 2111221546602257210134170001
            [TranDate] => 20211122154606
        )

)
 from 114.160.216.147
2021/11/22 15:46:06 [/shop/master/order/edit.php] edit.php set payment data:Array
(
    [AccessID] => feddaa5a0c1c772ebe5b591164bbfbd2
    [AccessPass] => 9f229763ab5d8abe40e83c99285d5207
    [Forward] => 2S49631
    [Approve] => 0022723
    [TranID] => 2111221546602257210134170001
    [TranDate] => 20211122154606
    [action_status] => 6
    [pay_status] => 13
    [JobCd] => CAPTURE
    [Amount] => 43121
)
 from 114.160.216.147
2021/11/22 15:46:06 [/shop/user_data/pg_mulpay_recv.php] ******* receiveer data start ******* from 210.175.7.20
2021/11/22 15:46:06 [/shop/user_data/pg_mulpay_recv.php] Array
(
    [ShopID] => 9000034600950
    [ShopPass] => **********
    [AccessID] => feddaa5a0c1c772ebe5b591164bbfbd2
    [AccessPass] => ********************************
    [OrderID] => 945853-07143412
    [Status] => RETURNX
    [JobCd] => RETURNX
    [Amount] => 1
    [Tax] => 0
    [Currency] => JPN
    [Forward] => 2S49631
    [Method] => 1
    [PayTimes] => 
    [TranID] => 2111221546602257210134180001
    [Approve] =>        
    [TranDate] => 20211122154606
    [ErrCode] => 
    [ErrInfo] => 
    [PayType] => 0
)
 from 210.175.7.20
2021/11/22 15:46:06 [/shop/user_data/pg_mulpay_recv.php] ******* receiveer data end ******* from 210.175.7.20
2021/11/22 15:46:06 [/shop/user_data/pg_mulpay_recv.php] pg_mulpay_recv.php set payment data:Array
(
    [ShopID] => 9000034600950
    [AccessID] => feddaa5a0c1c772ebe5b591164bbfbd2
    [OrderID] => 945853-07143412
    [Status] => RETURNX
    [JobCd] => RETURNX
    [Amount] => 1
    [Tax] => 0
    [Currency] => JPN
    [Forward] => 2S49631
    [Method] => 1
    [PayTimes] => 
    [TranID] => 2111221546602257210134180001
    [TranDate] => 20211122154606
    [ErrCode] => 
    [ErrInfo] => 
    [PayType] => 0
    [CvsCode] => 
    [CvsConfNo] => 
    [CvsReceiptNo] => 
    [EdyReceiptNo] => 
    [EdyOrderNo] => 
    [SuicaReceiptNo] => 
    [SuicaOrderNo] => 
    [CustID] => 
    [BkCode] => 
    [ConfNo] => 
    [PaymentTerm] => 
    [EncryptReceiptNo] => 
    [FinishDate] => 
    [ReceiptDate] => 
    [WebMoneyManagementNo] => 
    [WebMoneySettleCode] => 
    [AuPayInfoNo] => 
    [AuPayMethod] => 
    [AuCancelAmount] => 
    [AuCancelTax] => 
    [DocomoSettlementCode] => 
    [DocomoCancelAmount] => 
    [DocomoCancelTax] => 
    [pay_status] => 16
)
 from 210.175.7.20
2021/11/22 15:46:06 [/shop/user_data/pg_mulpay_recv.php] response:true from 210.175.7.20
2021/11/22 15:46:06 [/shop/user_data/pg_mulpay_recv.php] ******* receiveer data start ******* from 210.175.7.20
2021/11/22 15:46:06 [/shop/user_data/pg_mulpay_recv.php] Array
(
    [ShopID] => 9000034600950
    [ShopPass] => **********
    [AccessID] => feddaa5a0c1c772ebe5b591164bbfbd2
    [AccessPass] => ********************************
    [OrderID] => 945853-07143412
    [Status] => CAPTURE
    [JobCd] => CAPTURE
    [Amount] => 43121
    [Tax] => 0
    [Currency] => JPN
    [Forward] => 2S49631
    [Method] => 1
    [PayTimes] => 
    [TranID] => 2111221546602257210134170001
    [Approve] => 0022723
    [TranDate] => 20211122154606
    [ErrCode] => 
    [ErrInfo] => 
    [PayType] => 0
)
 from 210.175.7.20
2021/11/22 15:46:06 [/shop/user_data/pg_mulpay_recv.php] ******* receiveer data end ******* from 210.175.7.20
2021/11/22 15:46:11 [/shop/user_data/pg_mulpay_recv.php] no update order status order_id=945853 from 210.175.7.20
2021/11/22 15:46:11 [/shop/user_data/pg_mulpay_recv.php] pg_mulpay_recv.php set payment data:Array
(
    [ShopID] => 9000034600950
    [AccessID] => feddaa5a0c1c772ebe5b591164bbfbd2
    [OrderID] => 945853-07143412
    [Status] => CAPTURE
    [JobCd] => CAPTURE
    [Amount] => 43121
    [Tax] => 0
    [Currency] => JPN
    [Forward] => 2S49631
    [Method] => 1
    [PayTimes] => 
    [TranID] => 2111221546602257210134170001
    [Approve] => 0022723
    [TranDate] => 20211122154606
    [ErrCode] => 
    [ErrInfo] => 
    [PayType] => 0
    [CvsCode] => 
    [CvsConfNo] => 
    [CvsReceiptNo] => 
    [EdyReceiptNo] => 
    [EdyOrderNo] => 
    [SuicaReceiptNo] => 
    [SuicaOrderNo] => 
    [CustID] => 
    [BkCode] => 
    [ConfNo] => 
    [PaymentTerm] => 
    [EncryptReceiptNo] => 
    [FinishDate] => 
    [ReceiptDate] => 
    [WebMoneyManagementNo] => 
    [WebMoneySettleCode] => 
    [AuPayInfoNo] => 
    [AuPayMethod] => 
    [AuCancelAmount] => 
    [AuCancelTax] => 
    [DocomoSettlementCode] => 
    [DocomoCancelAmount] => 
    [DocomoCancelTax] => 
    [pay_status] => 13
    [no_update_status_flg] => 0
)
 from 210.175.7.20
2021/11/22 15:46:11 [/shop/user_data/pg_mulpay_recv.php] response:true from 210.175.7.20
2021/11/22 15:46:12 [/shop/master/order/edit.php] SendRequest:https://p01.mul-pay.jp/payment/SearchTrade.idPass from 114.160.216.147
2021/11/22 15:46:12 [/shop/master/order/edit.php] Array
(
    [ShopID] => 9000034600950
    [ShopPass] => ******
    [OrderID] => 945853-07143412
)
 from 114.160.216.147
2021/11/22 15:46:12 [/shop/master/order/edit.php] OrderID=945853-07143412&Status=CAPTURE&ProcessDate=20211122154606&JobCd=CAPTURE&AccessID=feddaa5a0c1c772ebe5b591164bbfbd2&AccessPass=9f229763ab5d8abe40e83c99285d5207&ItemCode=0000990&Amount=43121&Tax=0&SiteID=&MemberID=&CardNo=************4917&Expire=2208&Method=1&PayTimes=&Forward=2S49631&TranID=2111221546602257210134170001&Approve=0022723&ClientField1=&ClientField2=&ClientField3=EC-CUBE4.3.35 from 114.160.216.147
2021/11/22 15:46:12 [/shop/master/order/edit.php] Array
(
    [0] => Array
        (
            [OrderID] => 945853-07143412
            [Status] => CAPTURE
            [ProcessDate] => 20211122154606
            [JobCd] => CAPTURE
            [AccessID] => feddaa5a0c1c772ebe5b591164bbfbd2
            [AccessPass] => 9f229763ab5d8abe40e83c99285d5207
            [ItemCode] => 0000990
            [Amount] => 43121
            [Tax] => 0
            [SiteID] => 
            [MemberID] => 
            [CardNo] => ************4917
            [Expire] => 2208
            [Method] => 1
            [PayTimes] => 
            [Forward] => 2S49631
            [TranID] => 2111221546602257210134170001
            [Approve] => 0022723
            [ClientField1] => 
            [ClientField2] => 
            [ClientField3] => EC-CUBE4.3.35
        )

)
 from 114.160.216.147
2021/11/22 15:46:12 [/shop/master/order/edit.php] edit.php set payment data:Array
(
    [OrderID] => 945853-07143412
    [Status] => CAPTURE
    [ProcessDate] => 20211122154606
    [JobCd] => CAPTURE
    [AccessID] => feddaa5a0c1c772ebe5b591164bbfbd2
    [AccessPass] => 9f229763ab5d8abe40e83c99285d5207
    [ItemCode] => 0000990
    [Amount] => 43121
    [Tax] => 0
    [SiteID] => 
    [MemberID] => 
    [CardNo] => ************4917
    [Expire] => 2208
    [Method] => 1
    [PayTimes] => 
    [Forward] => 2S49631
    [TranID] => 2111221546602257210134170001
    [Approve] => 0022723
    [ClientField1] => 
    [ClientField2] => 
    [ClientField3] => EC-CUBE4.3.35
    [action_status] => 6
    [pay_status] => 13
)
 from 114.160.216.147
2021/11/22 16:10:39 [/shop/shopping/load_payment_module.php] SendRequest:https://p01.mul-pay.jp/payment/SearchMember.idPass from 89.8.103.53
2021/11/22 16:10:39 [/shop/shopping/load_payment_module.php] Array
(
    [SiteID] => mst0000007602
    [SitePass] => ******
    [MemberID] => 10598
)
 from 89.8.103.53
2021/11/22 16:10:39 [/shop/shopping/load_payment_module.php] ErrCode=E01&ErrInfo=E01390002 from 89.8.103.53
2021/11/22 16:10:39 [/shop/shopping/load_payment_module.php] Array
(
    [0] => Array
        (
            [ErrCode] => E01
            [ErrInfo] => E01390002
        )

)
 from 89.8.103.53
2021/11/22 16:10:39 [/shop/shopping/load_payment_module.php] SendRequest:https://p01.mul-pay.jp/payment/SearchCard.idPass from 89.8.103.53
2021/11/22 16:10:39 [/shop/shopping/load_payment_module.php] Array
(
    [SiteID] => mst0000007602
    [SitePass] => ******
    [MemberID] => 10598
)
 from 89.8.103.53
2021/11/22 16:10:40 [/shop/shopping/load_payment_module.php] ErrCode=E01|E01&ErrInfo=E01390002|E01240002 from 89.8.103.53
2021/11/22 16:10:40 [/shop/shopping/load_payment_module.php] Array
(
    [0] => Array
        (
            [ErrCode] => E01
            [ErrInfo] => E01390002
        )

    [1] => Array
        (
            [ErrCode] => E01
            [ErrInfo] => E01240002
        )

)
 from 89.8.103.53
2021/11/22 16:12:10 [/shop/shopping/load_payment_module.php] SendRequest:https://p01.mul-pay.jp/payment/SearchMember.idPass from 89.8.103.53
2021/11/22 16:12:10 [/shop/shopping/load_payment_module.php] Array
(
    [SiteID] => mst0000007602
    [SitePass] => ******
    [MemberID] => 10598
)
 from 89.8.103.53
2021/11/22 16:12:10 [/shop/shopping/load_payment_module.php] ErrCode=E01&ErrInfo=E01390002 from 89.8.103.53
2021/11/22 16:12:10 [/shop/shopping/load_payment_module.php] Array
(
    [0] => Array
        (
            [ErrCode] => E01
            [ErrInfo] => E01390002
        )

)
 from 89.8.103.53
2021/11/22 16:12:10 [/shop/shopping/load_payment_module.php] SendRequest:https://p01.mul-pay.jp/payment/SearchCard.idPass from 89.8.103.53
2021/11/22 16:12:10 [/shop/shopping/load_payment_module.php] Array
(
    [SiteID] => mst0000007602
    [SitePass] => ******
    [MemberID] => 10598
)
 from 89.8.103.53
2021/11/22 16:12:10 [/shop/shopping/load_payment_module.php] ErrCode=E01|E01&ErrInfo=E01390002|E01240002 from 89.8.103.53
2021/11/22 16:12:10 [/shop/shopping/load_payment_module.php] Array
(
    [0] => Array
        (
            [ErrCode] => E01
            [ErrInfo] => E01390002
        )

    [1] => Array
        (
            [ErrCode] => E01
            [ErrInfo] => E01240002
        )

)
 from 89.8.103.53
2021/11/22 16:12:10 [/shop/shopping/load_payment_module.php] SendRequest:https://p01.mul-pay.jp/payment/EntryTran.idPass from 89.8.103.53
2021/11/22 16:12:10 [/shop/shopping/load_payment_module.php] Array
(
    [ShopID] => 9000034600950
    [ShopPass] => ******
    [OrderID] => 946015-22161210
    [JobCd] => CAPTURE
    [Amount] => 14150
    [TdFlag] => 0
    [TdTenantName] => 
)
 from 89.8.103.53
2021/11/22 16:12:10 [/shop/shopping/load_payment_module.php] AccessID=b6a9d35c553253275c0a9ce510263891&AccessPass=eaba788ecbd3fd243addb20d0c6c4cbb from 89.8.103.53
2021/11/22 16:12:10 [/shop/shopping/load_payment_module.php] Array
(
    [0] => Array
        (
            [AccessID] => b6a9d35c553253275c0a9ce510263891
            [AccessPass] => eaba788ecbd3fd243addb20d0c6c4cbb
        )

)
 from 89.8.103.53
2021/11/22 16:12:10 [/shop/shopping/load_payment_module.php] load_payment_module.php set payment data:Array
(
    [AccessID] => b6a9d35c553253275c0a9ce510263891
    [AccessPass] => eaba788ecbd3fd243addb20d0c6c4cbb
    [OrderID] => 946015-22161210
    [Amount] => 14150
    [JobCd] => CAPTURE
    [action_status] => 1
    [pay_status] => 0
)
 from 89.8.103.53
2021/11/22 16:12:10 [/shop/shopping/load_payment_module.php] SendRequest:https://p01.mul-pay.jp/payment/ExecTran.idPass from 89.8.103.53
2021/11/22 16:12:10 [/shop/shopping/load_payment_module.php] Array
(
    [AccessID] => b6a9d35c553253275c0a9ce510263891
    [AccessPass] => eaba788ecbd3fd243addb20d0c6c4cbb
    [OrderID] => 946015-22161210
    [Method] => 1
    [Token] => cbcade8b46b2adaecc1b83a96533856a9c05e9ef38166422c74da386ef7f3fb8
    [ClientField1] => 
    [ClientField2] => 
    [ClientField3] => EC-CUBE4.3.35
)
 from 89.8.103.53
2021/11/22 16:12:11 [/shop/shopping/load_payment_module.php] ACS=0&OrderID=946015-22161210&Forward=2S49631&Method=1&PayTimes=&Approve=0006251&TranID=2111221612602257210134180002&TranDate=20211122161211&CheckString=104617c9ffd12012f62b70a9432b21e2 from 89.8.103.53
2021/11/22 16:12:11 [/shop/shopping/load_payment_module.php] Array
(
    [0] => Array
        (
            [ACS] => 0
            [OrderID] => 946015-22161210
            [Forward] => 2S49631
            [Method] => 1
            [PayTimes] => 
            [Approve] => 0006251
            [TranID] => 2111221612602257210134180002
            [TranDate] => 20211122161211
            [CheckString] => 104617c9ffd12012f62b70a9432b21e2
        )

)
 from 89.8.103.53
2021/11/22 16:12:11 [/shop/shopping/load_payment_module.php] load_payment_module.php set payment data:Array
(
    [ACS] => 0
    [Forward] => 2S49631
    [Method] => 1
    [PayTimes] => 
    [Approve] => 0006251
    [TranID] => 2111221612602257210134180002
    [TranDate] => 20211122161211
    [CheckString] => 104617c9ffd12012f62b70a9432b21e2
    [Amount] => 14150
    [JobCd] => CAPTURE
    [action_status] => 3
    [pay_status] => 13
)
 from 89.8.103.53
2021/11/22 16:12:11 [/shop/user_data/pg_mulpay_recv.php] ******* receiveer data start ******* from 210.175.7.20
2021/11/22 16:12:11 [/shop/user_data/pg_mulpay_recv.php] Array
(
    [ShopID] => 9000034600950
    [ShopPass] => **********
    [AccessID] => b6a9d35c553253275c0a9ce510263891
    [AccessPass] => ********************************
    [OrderID] => 946015-22161210
    [Status] => CAPTURE
    [JobCd] => CAPTURE
    [Amount] => 14150
    [Tax] => 0
    [Currency] => JPN
    [Forward] => 2S49631
    [Method] => 1
    [PayTimes] => 
    [TranID] => 2111221612602257210134180002
    [Approve] => 0006251
    [TranDate] => 20211122161211
    [ErrCode] => 
    [ErrInfo] => 
    [PayType] => 0
)
 from 210.175.7.20
2021/11/22 16:12:11 [/shop/user_data/pg_mulpay_recv.php] ******* receiveer data end ******* from 210.175.7.20
2021/11/22 16:12:16 [/shop/user_data/pg_mulpay_recv.php] update order status:1 order_id=946015 from 210.175.7.20
2021/11/22 16:12:16 [/shop/user_data/pg_mulpay_recv.php] pg_mulpay_recv.php set payment data:Array
(
    [ShopID] => 9000034600950
    [AccessID] => b6a9d35c553253275c0a9ce510263891
    [OrderID] => 946015-22161210
    [Status] => CAPTURE
    [JobCd] => CAPTURE
    [Amount] => 14150
    [Tax] => 0
    [Currency] => JPN
    [Forward] => 2S49631
    [Method] => 1
    [PayTimes] => 
    [TranID] => 2111221612602257210134180002
    [Approve] => 0006251
    [TranDate] => 20211122161211
    [ErrCode] => 
    [ErrInfo] => 
    [PayType] => 0
    [CvsCode] => 
    [CvsConfNo] => 
    [CvsReceiptNo] => 
    [EdyReceiptNo] => 
    [EdyOrderNo] => 
    [SuicaReceiptNo] => 
    [SuicaOrderNo] => 
    [CustID] => 
    [BkCode] => 
    [ConfNo] => 
    [PaymentTerm] => 
    [EncryptReceiptNo] => 
    [FinishDate] => 
    [ReceiptDate] => 
    [WebMoneyManagementNo] => 
    [WebMoneySettleCode] => 
    [AuPayInfoNo] => 
    [AuPayMethod] => 
    [AuCancelAmount] => 
    [AuCancelTax] => 
    [DocomoSettlementCode] => 
    [DocomoCancelAmount] => 
    [DocomoCancelTax] => 
    [pay_status] => 13
)
 from 210.175.7.20
2021/11/22 16:12:16 [/shop/user_data/pg_mulpay_recv.php] response:true from 210.175.7.20
2021/11/22 16:48:13 [/shop/shopping/load_payment_module.php] SendRequest:https://p01.mul-pay.jp/payment/SearchMember.idPass from 219.101.36.3
2021/11/22 16:48:13 [/shop/shopping/load_payment_module.php] Array
(
    [SiteID] => mst0000007602
    [SitePass] => ******
    [MemberID] => 9997
)
 from 219.101.36.3
2021/11/22 16:48:13 [/shop/shopping/load_payment_module.php] ErrCode=E01&ErrInfo=E01390002 from 219.101.36.3
2021/11/22 16:48:13 [/shop/shopping/load_payment_module.php] Array
(
    [0] => Array
        (
            [ErrCode] => E01
            [ErrInfo] => E01390002
        )

)
 from 219.101.36.3
2021/11/22 16:48:13 [/shop/shopping/load_payment_module.php] SendRequest:https://p01.mul-pay.jp/payment/SearchCard.idPass from 219.101.36.3
2021/11/22 16:48:13 [/shop/shopping/load_payment_module.php] Array
(
    [SiteID] => mst0000007602
    [SitePass] => ******
    [MemberID] => 9997
)
 from 219.101.36.3
2021/11/22 16:48:13 [/shop/shopping/load_payment_module.php] ErrCode=E01|E01&ErrInfo=E01390002|E01240002 from 219.101.36.3
2021/11/22 16:48:13 [/shop/shopping/load_payment_module.php] Array
(
    [0] => Array
        (
            [ErrCode] => E01
            [ErrInfo] => E01390002
        )

    [1] => Array
        (
            [ErrCode] => E01
            [ErrInfo] => E01240002
        )

)
 from 219.101.36.3
2021/11/22 16:48:40 [/shop/shopping/load_payment_module.php] SendRequest:https://p01.mul-pay.jp/payment/SearchMember.idPass from 219.101.36.3
2021/11/22 16:48:40 [/shop/shopping/load_payment_module.php] Array
(
    [SiteID] => mst0000007602
    [SitePass] => ******
    [MemberID] => 9997
)
 from 219.101.36.3
2021/11/22 16:48:40 [/shop/shopping/load_payment_module.php] ErrCode=E01&ErrInfo=E01390002 from 219.101.36.3
2021/11/22 16:48:40 [/shop/shopping/load_payment_module.php] Array
(
    [0] => Array
        (
            [ErrCode] => E01
            [ErrInfo] => E01390002
        )

)
 from 219.101.36.3
2021/11/22 16:48:40 [/shop/shopping/load_payment_module.php] SendRequest:https://p01.mul-pay.jp/payment/SearchCard.idPass from 219.101.36.3
2021/11/22 16:48:40 [/shop/shopping/load_payment_module.php] Array
(
    [SiteID] => mst0000007602
    [SitePass] => ******
    [MemberID] => 9997
)
 from 219.101.36.3
2021/11/22 16:48:40 [/shop/shopping/load_payment_module.php] ErrCode=E01|E01&ErrInfo=E01390002|E01240002 from 219.101.36.3
2021/11/22 16:48:40 [/shop/shopping/load_payment_module.php] Array
(
    [0] => Array
        (
            [ErrCode] => E01
            [ErrInfo] => E01390002
        )

    [1] => Array
        (
            [ErrCode] => E01
            [ErrInfo] => E01240002
        )

)
 from 219.101.36.3
2021/11/22 16:48:40 [/shop/shopping/load_payment_module.php] SendRequest:https://p01.mul-pay.jp/payment/EntryTran.idPass from 219.101.36.3
2021/11/22 16:48:40 [/shop/shopping/load_payment_module.php] Array
(
    [ShopID] => 9000034600950
    [ShopPass] => ******
    [OrderID] => 946016-22164840
    [JobCd] => CAPTURE
    [Amount] => 9600
    [TdFlag] => 0
    [TdTenantName] => 
)
 from 219.101.36.3
2021/11/22 16:48:40 [/shop/shopping/load_payment_module.php] AccessID=1df22ba7ba8fc6e2a77e1cd24381afae&AccessPass=3f85bcc24d166aa5282ca06b95d584e1 from 219.101.36.3
2021/11/22 16:48:40 [/shop/shopping/load_payment_module.php] Array
(
    [0] => Array
        (
            [AccessID] => 1df22ba7ba8fc6e2a77e1cd24381afae
            [AccessPass] => 3f85bcc24d166aa5282ca06b95d584e1
        )

)
 from 219.101.36.3
2021/11/22 16:48:40 [/shop/shopping/load_payment_module.php] load_payment_module.php set payment data:Array
(
    [AccessID] => 1df22ba7ba8fc6e2a77e1cd24381afae
    [AccessPass] => 3f85bcc24d166aa5282ca06b95d584e1
    [OrderID] => 946016-22164840
    [Amount] => 9600
    [JobCd] => CAPTURE
    [action_status] => 1
    [pay_status] => 0
)
 from 219.101.36.3
2021/11/22 16:48:40 [/shop/shopping/load_payment_module.php] SendRequest:https://p01.mul-pay.jp/payment/ExecTran.idPass from 219.101.36.3
2021/11/22 16:48:40 [/shop/shopping/load_payment_module.php] Array
(
    [AccessID] => 1df22ba7ba8fc6e2a77e1cd24381afae
    [AccessPass] => 3f85bcc24d166aa5282ca06b95d584e1
    [OrderID] => 946016-22164840
    [Method] => 1
    [Token] => 7bfacf59a4254531285c56531dfd079db21e6fa3fcf8db282ae11d1f996f29c8
    [ClientField1] => 
    [ClientField2] => 
    [ClientField3] => EC-CUBE4.3.35
)
 from 219.101.36.3
2021/11/22 16:48:41 [/shop/shopping/load_payment_module.php] ACS=0&OrderID=946016-22164840&Forward=2a99661&Method=1&PayTimes=&Approve=0201933&TranID=2111221648602257210134150003&TranDate=20211122164841&CheckString=b9db1a3bfc26ed4736cedc6bc99d79f6 from 219.101.36.3
2021/11/22 16:48:41 [/shop/shopping/load_payment_module.php] Array
(
    [0] => Array
        (
            [ACS] => 0
            [OrderID] => 946016-22164840
            [Forward] => 2a99661
            [Method] => 1
            [PayTimes] => 
            [Approve] => 0201933
            [TranID] => 2111221648602257210134150003
            [TranDate] => 20211122164841
            [CheckString] => b9db1a3bfc26ed4736cedc6bc99d79f6
        )

)
 from 219.101.36.3
2021/11/22 16:48:41 [/shop/shopping/load_payment_module.php] load_payment_module.php set payment data:Array
(
    [ACS] => 0
    [Forward] => 2a99661
    [Method] => 1
    [PayTimes] => 
    [Approve] => 0201933
    [TranID] => 2111221648602257210134150003
    [TranDate] => 20211122164841
    [CheckString] => b9db1a3bfc26ed4736cedc6bc99d79f6
    [Amount] => 9600
    [JobCd] => CAPTURE
    [action_status] => 3
    [pay_status] => 13
)
 from 219.101.36.3
2021/11/22 16:48:41 [/shop/user_data/pg_mulpay_recv.php] ******* receiveer data start ******* from 210.175.7.20
2021/11/22 16:48:41 [/shop/user_data/pg_mulpay_recv.php] Array
(
    [ShopID] => 9000034600950
    [ShopPass] => **********
    [AccessID] => 1df22ba7ba8fc6e2a77e1cd24381afae
    [AccessPass] => ********************************
    [OrderID] => 946016-22164840
    [Status] => CAPTURE
    [JobCd] => CAPTURE
    [Amount] => 9600
    [Tax] => 0
    [Currency] => JPN
    [Forward] => 2a99661
    [Method] => 1
    [PayTimes] => 
    [TranID] => 2111221648602257210134150003
    [Approve] => 0201933
    [TranDate] => 20211122164841
    [ErrCode] => 
    [ErrInfo] => 
    [PayType] => 0
)
 from 210.175.7.20
2021/11/22 16:48:41 [/shop/user_data/pg_mulpay_recv.php] ******* receiveer data end ******* from 210.175.7.20
2021/11/22 16:48:46 [/shop/user_data/pg_mulpay_recv.php] update order status:1 order_id=946016 from 210.175.7.20
2021/11/22 16:48:46 [/shop/user_data/pg_mulpay_recv.php] pg_mulpay_recv.php set payment data:Array
(
    [ShopID] => 9000034600950
    [AccessID] => 1df22ba7ba8fc6e2a77e1cd24381afae
    [OrderID] => 946016-22164840
    [Status] => CAPTURE
    [JobCd] => CAPTURE
    [Amount] => 9600
    [Tax] => 0
    [Currency] => JPN
    [Forward] => 2a99661
    [Method] => 1
    [PayTimes] => 
    [TranID] => 2111221648602257210134150003
    [Approve] => 0201933
    [TranDate] => 20211122164841
    [ErrCode] => 
    [ErrInfo] => 
    [PayType] => 0
    [CvsCode] => 
    [CvsConfNo] => 
    [CvsReceiptNo] => 
    [EdyReceiptNo] => 
    [EdyOrderNo] => 
    [SuicaReceiptNo] => 
    [SuicaOrderNo] => 
    [CustID] => 
    [BkCode] => 
    [ConfNo] => 
    [PaymentTerm] => 
    [EncryptReceiptNo] => 
    [FinishDate] => 
    [ReceiptDate] => 
    [WebMoneyManagementNo] => 
    [WebMoneySettleCode] => 
    [AuPayInfoNo] => 
    [AuPayMethod] => 
    [AuCancelAmount] => 
    [AuCancelTax] => 
    [DocomoSettlementCode] => 
    [DocomoCancelAmount] => 
    [DocomoCancelTax] => 
    [pay_status] => 13
)
 from 210.175.7.20
2021/11/22 16:48:46 [/shop/user_data/pg_mulpay_recv.php] response:true from 210.175.7.20
2021/11/22 18:44:20 [/shop/shopping/load_payment_module.php] SendRequest:https://p01.mul-pay.jp/payment/SearchMember.idPass from 92.203.98.82
2021/11/22 18:44:20 [/shop/shopping/load_payment_module.php] Array
(
    [SiteID] => mst0000007602
    [SitePass] => ******
    [MemberID] => 3060
)
 from 92.203.98.82
2021/11/22 18:44:20 [/shop/shopping/load_payment_module.php] ErrCode=E01&ErrInfo=E01390002 from 92.203.98.82
2021/11/22 18:44:20 [/shop/shopping/load_payment_module.php] Array
(
    [0] => Array
        (
            [ErrCode] => E01
            [ErrInfo] => E01390002
        )

)
 from 92.203.98.82
2021/11/22 18:44:20 [/shop/shopping/load_payment_module.php] SendRequest:https://p01.mul-pay.jp/payment/SearchCard.idPass from 92.203.98.82
2021/11/22 18:44:20 [/shop/shopping/load_payment_module.php] Array
(
    [SiteID] => mst0000007602
    [SitePass] => ******
    [MemberID] => 3060
)
 from 92.203.98.82
2021/11/22 18:44:20 [/shop/shopping/load_payment_module.php] ErrCode=E01|E01&ErrInfo=E01390002|E01240002 from 92.203.98.82
2021/11/22 18:44:20 [/shop/shopping/load_payment_module.php] Array
(
    [0] => Array
        (
            [ErrCode] => E01
            [ErrInfo] => E01390002
        )

    [1] => Array
        (
            [ErrCode] => E01
            [ErrInfo] => E01240002
        )

)
 from 92.203.98.82
2021/11/22 18:45:21 [/shop/shopping/load_payment_module.php] SendRequest:https://p01.mul-pay.jp/payment/SearchMember.idPass from 92.203.98.82
2021/11/22 18:45:21 [/shop/shopping/load_payment_module.php] Array
(
    [SiteID] => mst0000007602
    [SitePass] => ******
    [MemberID] => 3060
)
 from 92.203.98.82
2021/11/22 18:45:21 [/shop/shopping/load_payment_module.php] ErrCode=E01&ErrInfo=E01390002 from 92.203.98.82
2021/11/22 18:45:21 [/shop/shopping/load_payment_module.php] Array
(
    [0] => Array
        (
            [ErrCode] => E01
            [ErrInfo] => E01390002
        )

)
 from 92.203.98.82
2021/11/22 18:45:21 [/shop/shopping/load_payment_module.php] SendRequest:https://p01.mul-pay.jp/payment/SearchCard.idPass from 92.203.98.82
2021/11/22 18:45:21 [/shop/shopping/load_payment_module.php] Array
(
    [SiteID] => mst0000007602
    [SitePass] => ******
    [MemberID] => 3060
)
 from 92.203.98.82
2021/11/22 18:45:21 [/shop/shopping/load_payment_module.php] ErrCode=E01|E01&ErrInfo=E01390002|E01240002 from 92.203.98.82
2021/11/22 18:45:21 [/shop/shopping/load_payment_module.php] Array
(
    [0] => Array
        (
            [ErrCode] => E01
            [ErrInfo] => E01390002
        )

    [1] => Array
        (
            [ErrCode] => E01
            [ErrInfo] => E01240002
        )

)
 from 92.203.98.82
2021/11/22 18:45:21 [/shop/shopping/load_payment_module.php] SendRequest:https://p01.mul-pay.jp/payment/EntryTran.idPass from 92.203.98.82
2021/11/22 18:45:21 [/shop/shopping/load_payment_module.php] Array
(
    [ShopID] => 9000034600950
    [ShopPass] => ******
    [OrderID] => 946017-22184521
    [JobCd] => CAPTURE
    [Amount] => 20952
    [TdFlag] => 0
    [TdTenantName] => 
)
 from 92.203.98.82
2021/11/22 18:45:21 [/shop/shopping/load_payment_module.php] AccessID=4c80ef6c75963c455c840c658b72c749&AccessPass=970e313aedf0ff7adaac9ed83498df19 from 92.203.98.82
2021/11/22 18:45:21 [/shop/shopping/load_payment_module.php] Array
(
    [0] => Array
        (
            [AccessID] => 4c80ef6c75963c455c840c658b72c749
            [AccessPass] => 970e313aedf0ff7adaac9ed83498df19
        )

)
 from 92.203.98.82
2021/11/22 18:45:21 [/shop/shopping/load_payment_module.php] load_payment_module.php set payment data:Array
(
    [AccessID] => 4c80ef6c75963c455c840c658b72c749
    [AccessPass] => 970e313aedf0ff7adaac9ed83498df19
    [OrderID] => 946017-22184521
    [Amount] => 20952
    [JobCd] => CAPTURE
    [action_status] => 1
    [pay_status] => 0
)
 from 92.203.98.82
2021/11/22 18:45:21 [/shop/shopping/load_payment_module.php] SendRequest:https://p01.mul-pay.jp/payment/ExecTran.idPass from 92.203.98.82
2021/11/22 18:45:21 [/shop/shopping/load_payment_module.php] Array
(
    [AccessID] => 4c80ef6c75963c455c840c658b72c749
    [AccessPass] => 970e313aedf0ff7adaac9ed83498df19
    [OrderID] => 946017-22184521
    [Method] => 1
    [Token] => 902e69e099dc9005ab00b7f96cbe3ea55dcb8509f284b87e72efd4c5d2b70ed2
    [ClientField1] => 
    [ClientField2] => 
    [ClientField3] => EC-CUBE4.3.35
)
 from 92.203.98.82
2021/11/22 18:45:22 [/shop/shopping/load_payment_module.php] ACS=0&OrderID=946017-22184521&Forward=2S49631&Method=1&PayTimes=&Approve=0004635&TranID=2111221845602257210134180003&TranDate=20211122184522&CheckString=0642920d669765dfcec784183272abed from 92.203.98.82
2021/11/22 18:45:22 [/shop/shopping/load_payment_module.php] Array
(
    [0] => Array
        (
            [ACS] => 0
            [OrderID] => 946017-22184521
            [Forward] => 2S49631
            [Method] => 1
            [PayTimes] => 
            [Approve] => 0004635
            [TranID] => 2111221845602257210134180003
            [TranDate] => 20211122184522
            [CheckString] => 0642920d669765dfcec784183272abed
        )

)
 from 92.203.98.82
2021/11/22 18:45:22 [/shop/shopping/load_payment_module.php] load_payment_module.php set payment data:Array
(
    [ACS] => 0
    [Forward] => 2S49631
    [Method] => 1
    [PayTimes] => 
    [Approve] => 0004635
    [TranID] => 2111221845602257210134180003
    [TranDate] => 20211122184522
    [CheckString] => 0642920d669765dfcec784183272abed
    [Amount] => 20952
    [JobCd] => CAPTURE
    [action_status] => 3
    [pay_status] => 13
)
 from 92.203.98.82
2021/11/22 18:45:22 [/shop/user_data/pg_mulpay_recv.php] ******* receiveer data start ******* from 210.175.7.20
2021/11/22 18:45:22 [/shop/user_data/pg_mulpay_recv.php] Array
(
    [ShopID] => 9000034600950
    [ShopPass] => **********
    [AccessID] => 4c80ef6c75963c455c840c658b72c749
    [AccessPass] => ********************************
    [OrderID] => 946017-22184521
    [Status] => CAPTURE
    [JobCd] => CAPTURE
    [Amount] => 20952
    [Tax] => 0
    [Currency] => JPN
    [Forward] => 2S49631
    [Method] => 1
    [PayTimes] => 
    [TranID] => 2111221845602257210134180003
    [Approve] => 0004635
    [TranDate] => 20211122184522
    [ErrCode] => 
    [ErrInfo] => 
    [PayType] => 0
)
 from 210.175.7.20
2021/11/22 18:45:22 [/shop/user_data/pg_mulpay_recv.php] ******* receiveer data end ******* from 210.175.7.20
2021/11/22 18:45:27 [/shop/user_data/pg_mulpay_recv.php] update order status:1 order_id=946017 from 210.175.7.20
2021/11/22 18:45:27 [/shop/user_data/pg_mulpay_recv.php] pg_mulpay_recv.php set payment data:Array
(
    [ShopID] => 9000034600950
    [AccessID] => 4c80ef6c75963c455c840c658b72c749
    [OrderID] => 946017-22184521
    [Status] => CAPTURE
    [JobCd] => CAPTURE
    [Amount] => 20952
    [Tax] => 0
    [Currency] => JPN
    [Forward] => 2S49631
    [Method] => 1
    [PayTimes] => 
    [TranID] => 2111221845602257210134180003
    [Approve] => 0004635
    [TranDate] => 20211122184522
    [ErrCode] => 
    [ErrInfo] => 
    [PayType] => 0
    [CvsCode] => 
    [CvsConfNo] => 
    [CvsReceiptNo] => 
    [EdyReceiptNo] => 
    [EdyOrderNo] => 
    [SuicaReceiptNo] => 
    [SuicaOrderNo] => 
    [CustID] => 
    [BkCode] => 
    [ConfNo] => 
    [PaymentTerm] => 
    [EncryptReceiptNo] => 
    [FinishDate] => 
    [ReceiptDate] => 
    [WebMoneyManagementNo] => 
    [WebMoneySettleCode] => 
    [AuPayInfoNo] => 
    [AuPayMethod] => 
    [AuCancelAmount] => 
    [AuCancelTax] => 
    [DocomoSettlementCode] => 
    [DocomoCancelAmount] => 
    [DocomoCancelTax] => 
    [pay_status] => 13
)
 from 210.175.7.20
2021/11/22 18:45:27 [/shop/user_data/pg_mulpay_recv.php] response:true from 210.175.7.20
