2022/07/21 06:30:40 [/shop/shopping/load_payment_module.php] SendRequest:https://p01.mul-pay.jp/payment/SearchMember.idPass from 114.142.206.97
2022/07/21 06:30:40 [/shop/shopping/load_payment_module.php] Array
(
    [SiteID] => mst0000007602
    [SitePass] => ******
    [MemberID] => 9639
)
 from 114.142.206.97
2022/07/21 06:30:41 [/shop/shopping/load_payment_module.php] ErrCode=E01&ErrInfo=E01390002 from 114.142.206.97
2022/07/21 06:30:41 [/shop/shopping/load_payment_module.php] Array
(
    [0] => Array
        (
            [ErrCode] => E01
            [ErrInfo] => E01390002
        )

)
 from 114.142.206.97
2022/07/21 06:30:41 [/shop/shopping/load_payment_module.php] SendRequest:https://p01.mul-pay.jp/payment/SearchCard.idPass from 114.142.206.97
2022/07/21 06:30:41 [/shop/shopping/load_payment_module.php] Array
(
    [SiteID] => mst0000007602
    [SitePass] => ******
    [MemberID] => 9639
)
 from 114.142.206.97
2022/07/21 06:30:41 [/shop/shopping/load_payment_module.php] ErrCode=E01|E01&ErrInfo=E01390002|E01240002 from 114.142.206.97
2022/07/21 06:30:41 [/shop/shopping/load_payment_module.php] Array
(
    [0] => Array
        (
            [ErrCode] => E01
            [ErrInfo] => E01390002
        )

    [1] => Array
        (
            [ErrCode] => E01
            [ErrInfo] => E01240002
        )

)
 from 114.142.206.97
2022/07/21 06:31:44 [/shop/shopping/load_payment_module.php] SendRequest:https://p01.mul-pay.jp/payment/SearchMember.idPass from 114.142.206.97
2022/07/21 06:31:44 [/shop/shopping/load_payment_module.php] Array
(
    [SiteID] => mst0000007602
    [SitePass] => ******
    [MemberID] => 9639
)
 from 114.142.206.97
2022/07/21 06:31:44 [/shop/shopping/load_payment_module.php] ErrCode=E01&ErrInfo=E01390002 from 114.142.206.97
2022/07/21 06:31:44 [/shop/shopping/load_payment_module.php] Array
(
    [0] => Array
        (
            [ErrCode] => E01
            [ErrInfo] => E01390002
        )

)
 from 114.142.206.97
2022/07/21 06:31:44 [/shop/shopping/load_payment_module.php] SendRequest:https://p01.mul-pay.jp/payment/SearchCard.idPass from 114.142.206.97
2022/07/21 06:31:44 [/shop/shopping/load_payment_module.php] Array
(
    [SiteID] => mst0000007602
    [SitePass] => ******
    [MemberID] => 9639
)
 from 114.142.206.97
2022/07/21 06:31:44 [/shop/shopping/load_payment_module.php] ErrCode=E01|E01&ErrInfo=E01390002|E01240002 from 114.142.206.97
2022/07/21 06:31:44 [/shop/shopping/load_payment_module.php] Array
(
    [0] => Array
        (
            [ErrCode] => E01
            [ErrInfo] => E01390002
        )

    [1] => Array
        (
            [ErrCode] => E01
            [ErrInfo] => E01240002
        )

)
 from 114.142.206.97
2022/07/21 06:31:44 [/shop/shopping/load_payment_module.php] SendRequest:https://p01.mul-pay.jp/payment/EntryTran.idPass from 114.142.206.97
2022/07/21 06:31:44 [/shop/shopping/load_payment_module.php] Array
(
    [ShopID] => 9000034600950
    [ShopPass] => ******
    [OrderID] => 947021-21063144
    [JobCd] => CAPTURE
    [Amount] => 7280
    [TdFlag] => 0
    [TdTenantName] => 
)
 from 114.142.206.97
2022/07/21 06:31:44 [/shop/shopping/load_payment_module.php] AccessID=aeac28ca2c8ae9fc8ef7805c54994cca&AccessPass=268017a5bd0396a1f691643b68a935ce from 114.142.206.97
2022/07/21 06:31:44 [/shop/shopping/load_payment_module.php] Array
(
    [0] => Array
        (
            [AccessID] => aeac28ca2c8ae9fc8ef7805c54994cca
            [AccessPass] => 268017a5bd0396a1f691643b68a935ce
        )

)
 from 114.142.206.97
2022/07/21 06:31:44 [/shop/shopping/load_payment_module.php] load_payment_module.php set payment data:Array
(
    [AccessID] => aeac28ca2c8ae9fc8ef7805c54994cca
    [AccessPass] => 268017a5bd0396a1f691643b68a935ce
    [OrderID] => 947021-21063144
    [Amount] => 7280
    [JobCd] => CAPTURE
    [action_status] => 1
    [pay_status] => 0
)
 from 114.142.206.97
2022/07/21 06:31:44 [/shop/shopping/load_payment_module.php] SendRequest:https://p01.mul-pay.jp/payment/ExecTran.idPass from 114.142.206.97
2022/07/21 06:31:44 [/shop/shopping/load_payment_module.php] Array
(
    [AccessID] => aeac28ca2c8ae9fc8ef7805c54994cca
    [AccessPass] => 268017a5bd0396a1f691643b68a935ce
    [OrderID] => 947021-21063144
    [Method] => 1
    [Token] => 4652b94905e4913dd366dc4e0cbaaeb74a1af353089ea74ab15dd2d64d5126eb
    [ClientField1] => 
    [ClientField2] => 
    [ClientField3] => EC-CUBE4.3.35
)
 from 114.142.206.97
2022/07/21 06:31:45 [/shop/shopping/load_payment_module.php] ACS=0&OrderID=947021-21063144&Forward=2959876&Method=1&PayTimes=&Approve=0043709&TranID=2207210631602257210134160254&TranDate=20220721063145&CheckString=46d0846ce687aef7fe177065ffb9c69b from 114.142.206.97
2022/07/21 06:31:45 [/shop/shopping/load_payment_module.php] Array
(
    [0] => Array
        (
            [ACS] => 0
            [OrderID] => 947021-21063144
            [Forward] => 2959876
            [Method] => 1
            [PayTimes] => 
            [Approve] => 0043709
            [TranID] => 2207210631602257210134160254
            [TranDate] => 20220721063145
            [CheckString] => 46d0846ce687aef7fe177065ffb9c69b
        )

)
 from 114.142.206.97
2022/07/21 06:31:45 [/shop/shopping/load_payment_module.php] load_payment_module.php set payment data:Array
(
    [ACS] => 0
    [Forward] => 2959876
    [Method] => 1
    [PayTimes] => 
    [Approve] => 0043709
    [TranID] => 2207210631602257210134160254
    [TranDate] => 20220721063145
    [CheckString] => 46d0846ce687aef7fe177065ffb9c69b
    [Amount] => 7280
    [JobCd] => CAPTURE
    [action_status] => 3
    [pay_status] => 13
)
 from 114.142.206.97
2022/07/21 06:31:45 [/shop/user_data/pg_mulpay_recv.php] ******* receiveer data start ******* from 210.175.7.20
2022/07/21 06:31:45 [/shop/user_data/pg_mulpay_recv.php] Array
(
    [ShopID] => 9000034600950
    [ShopPass] => **********
    [AccessID] => aeac28ca2c8ae9fc8ef7805c54994cca
    [AccessPass] => ********************************
    [OrderID] => 947021-21063144
    [Status] => CAPTURE
    [JobCd] => CAPTURE
    [Amount] => 7280
    [Tax] => 0
    [Currency] => JPN
    [Forward] => 2959876
    [Method] => 1
    [PayTimes] => 
    [TranID] => 2207210631602257210134160254
    [Approve] => 0043709
    [TranDate] => 20220721063145
    [ErrCode] => 
    [ErrInfo] => 
    [PayType] => 0
)
 from 210.175.7.20
2022/07/21 06:31:45 [/shop/user_data/pg_mulpay_recv.php] ******* receiveer data end ******* from 210.175.7.20
2022/07/21 06:31:50 [/shop/user_data/pg_mulpay_recv.php] update order status:1 order_id=947021 from 210.175.7.20
2022/07/21 06:31:51 [/shop/user_data/pg_mulpay_recv.php] pg_mulpay_recv.php set payment data:Array
(
    [ShopID] => 9000034600950
    [AccessID] => aeac28ca2c8ae9fc8ef7805c54994cca
    [OrderID] => 947021-21063144
    [Status] => CAPTURE
    [JobCd] => CAPTURE
    [Amount] => 7280
    [Tax] => 0
    [Currency] => JPN
    [Forward] => 2959876
    [Method] => 1
    [PayTimes] => 
    [TranID] => 2207210631602257210134160254
    [Approve] => 0043709
    [TranDate] => 20220721063145
    [ErrCode] => 
    [ErrInfo] => 
    [PayType] => 0
    [CvsCode] => 
    [CvsConfNo] => 
    [CvsReceiptNo] => 
    [EdyReceiptNo] => 
    [EdyOrderNo] => 
    [SuicaReceiptNo] => 
    [SuicaOrderNo] => 
    [CustID] => 
    [BkCode] => 
    [ConfNo] => 
    [PaymentTerm] => 
    [EncryptReceiptNo] => 
    [FinishDate] => 
    [ReceiptDate] => 
    [WebMoneyManagementNo] => 
    [WebMoneySettleCode] => 
    [AuPayInfoNo] => 
    [AuPayMethod] => 
    [AuCancelAmount] => 
    [AuCancelTax] => 
    [DocomoSettlementCode] => 
    [DocomoCancelAmount] => 
    [DocomoCancelTax] => 
    [pay_status] => 13
)
 from 210.175.7.20
2022/07/21 06:31:51 [/shop/user_data/pg_mulpay_recv.php] response:true from 210.175.7.20
2022/07/21 09:02:03 [/shop/shopping/load_payment_module.php] SendRequest:https://p01.mul-pay.jp/payment/SearchMember.idPass from 14.13.226.160
2022/07/21 09:02:03 [/shop/shopping/load_payment_module.php] Array
(
    [SiteID] => mst0000007602
    [SitePass] => ******
    [MemberID] => 10716
)
 from 14.13.226.160
2022/07/21 09:02:04 [/shop/shopping/load_payment_module.php] ErrCode=E01&ErrInfo=E01390002 from 14.13.226.160
2022/07/21 09:02:04 [/shop/shopping/load_payment_module.php] Array
(
    [0] => Array
        (
            [ErrCode] => E01
            [ErrInfo] => E01390002
        )

)
 from 14.13.226.160
2022/07/21 09:02:04 [/shop/shopping/load_payment_module.php] SendRequest:https://p01.mul-pay.jp/payment/SearchCard.idPass from 14.13.226.160
2022/07/21 09:02:04 [/shop/shopping/load_payment_module.php] Array
(
    [SiteID] => mst0000007602
    [SitePass] => ******
    [MemberID] => 10716
)
 from 14.13.226.160
2022/07/21 09:02:04 [/shop/shopping/load_payment_module.php] ErrCode=E01|E01&ErrInfo=E01390002|E01240002 from 14.13.226.160
2022/07/21 09:02:04 [/shop/shopping/load_payment_module.php] Array
(
    [0] => Array
        (
            [ErrCode] => E01
            [ErrInfo] => E01390002
        )

    [1] => Array
        (
            [ErrCode] => E01
            [ErrInfo] => E01240002
        )

)
 from 14.13.226.160
2022/07/21 09:03:03 [/shop/shopping/load_payment_module.php] SendRequest:https://p01.mul-pay.jp/payment/SearchMember.idPass from 14.13.226.160
2022/07/21 09:03:03 [/shop/shopping/load_payment_module.php] Array
(
    [SiteID] => mst0000007602
    [SitePass] => ******
    [MemberID] => 10716
)
 from 14.13.226.160
2022/07/21 09:03:03 [/shop/shopping/load_payment_module.php] ErrCode=E01&ErrInfo=E01390002 from 14.13.226.160
2022/07/21 09:03:03 [/shop/shopping/load_payment_module.php] Array
(
    [0] => Array
        (
            [ErrCode] => E01
            [ErrInfo] => E01390002
        )

)
 from 14.13.226.160
2022/07/21 09:03:03 [/shop/shopping/load_payment_module.php] SendRequest:https://p01.mul-pay.jp/payment/SearchCard.idPass from 14.13.226.160
2022/07/21 09:03:03 [/shop/shopping/load_payment_module.php] Array
(
    [SiteID] => mst0000007602
    [SitePass] => ******
    [MemberID] => 10716
)
 from 14.13.226.160
2022/07/21 09:03:03 [/shop/shopping/load_payment_module.php] ErrCode=E01|E01&ErrInfo=E01390002|E01240002 from 14.13.226.160
2022/07/21 09:03:03 [/shop/shopping/load_payment_module.php] Array
(
    [0] => Array
        (
            [ErrCode] => E01
            [ErrInfo] => E01390002
        )

    [1] => Array
        (
            [ErrCode] => E01
            [ErrInfo] => E01240002
        )

)
 from 14.13.226.160
2022/07/21 09:03:03 [/shop/shopping/load_payment_module.php] SendRequest:https://p01.mul-pay.jp/payment/EntryTran.idPass from 14.13.226.160
2022/07/21 09:03:03 [/shop/shopping/load_payment_module.php] Array
(
    [ShopID] => 9000034600950
    [ShopPass] => ******
    [OrderID] => 947022-21090303
    [JobCd] => CAPTURE
    [Amount] => 2283
    [TdFlag] => 0
    [TdTenantName] => 
)
 from 14.13.226.160
2022/07/21 09:03:03 [/shop/shopping/load_payment_module.php] AccessID=99c9ada2ed3df0b153f552d18353cf03&AccessPass=43701ee7b9e98d1fa12846b49666625e from 14.13.226.160
2022/07/21 09:03:03 [/shop/shopping/load_payment_module.php] Array
(
    [0] => Array
        (
            [AccessID] => 99c9ada2ed3df0b153f552d18353cf03
            [AccessPass] => 43701ee7b9e98d1fa12846b49666625e
        )

)
 from 14.13.226.160
2022/07/21 09:03:03 [/shop/shopping/load_payment_module.php] load_payment_module.php set payment data:Array
(
    [AccessID] => 99c9ada2ed3df0b153f552d18353cf03
    [AccessPass] => 43701ee7b9e98d1fa12846b49666625e
    [OrderID] => 947022-21090303
    [Amount] => 2283
    [JobCd] => CAPTURE
    [action_status] => 1
    [pay_status] => 0
)
 from 14.13.226.160
2022/07/21 09:03:03 [/shop/shopping/load_payment_module.php] SendRequest:https://p01.mul-pay.jp/payment/ExecTran.idPass from 14.13.226.160
2022/07/21 09:03:03 [/shop/shopping/load_payment_module.php] Array
(
    [AccessID] => 99c9ada2ed3df0b153f552d18353cf03
    [AccessPass] => 43701ee7b9e98d1fa12846b49666625e
    [OrderID] => 947022-21090303
    [Method] => 1
    [Token] => 1c2509f841d2319ad91790864e0e3fbb37fad39e3b70228ffa7d466d827b29e8
    [ClientField1] => 
    [ClientField2] => 
    [ClientField3] => EC-CUBE4.3.35
)
 from 14.13.226.160
2022/07/21 09:03:05 [/shop/shopping/load_payment_module.php] ACS=0&OrderID=947022-21090303&Forward=2a99661&Method=1&PayTimes=&Approve=0203404&TranID=2207210903602257210134160255&TranDate=20220721090305&CheckString=043f862c8b93f7a05db13656ec2948f9 from 14.13.226.160
2022/07/21 09:03:05 [/shop/shopping/load_payment_module.php] Array
(
    [0] => Array
        (
            [ACS] => 0
            [OrderID] => 947022-21090303
            [Forward] => 2a99661
            [Method] => 1
            [PayTimes] => 
            [Approve] => 0203404
            [TranID] => 2207210903602257210134160255
            [TranDate] => 20220721090305
            [CheckString] => 043f862c8b93f7a05db13656ec2948f9
        )

)
 from 14.13.226.160
2022/07/21 09:03:05 [/shop/shopping/load_payment_module.php] load_payment_module.php set payment data:Array
(
    [ACS] => 0
    [Forward] => 2a99661
    [Method] => 1
    [PayTimes] => 
    [Approve] => 0203404
    [TranID] => 2207210903602257210134160255
    [TranDate] => 20220721090305
    [CheckString] => 043f862c8b93f7a05db13656ec2948f9
    [Amount] => 2283
    [JobCd] => CAPTURE
    [action_status] => 3
    [pay_status] => 13
)
 from 14.13.226.160
2022/07/21 09:03:05 [/shop/user_data/pg_mulpay_recv.php] ******* receiveer data start ******* from 210.175.7.20
2022/07/21 09:03:05 [/shop/user_data/pg_mulpay_recv.php] Array
(
    [ShopID] => 9000034600950
    [ShopPass] => **********
    [AccessID] => 99c9ada2ed3df0b153f552d18353cf03
    [AccessPass] => ********************************
    [OrderID] => 947022-21090303
    [Status] => CAPTURE
    [JobCd] => CAPTURE
    [Amount] => 2283
    [Tax] => 0
    [Currency] => JPN
    [Forward] => 2a99661
    [Method] => 1
    [PayTimes] => 
    [TranID] => 2207210903602257210134160255
    [Approve] => 0203404
    [TranDate] => 20220721090305
    [ErrCode] => 
    [ErrInfo] => 
    [PayType] => 0
)
 from 210.175.7.20
2022/07/21 09:03:05 [/shop/user_data/pg_mulpay_recv.php] ******* receiveer data end ******* from 210.175.7.20
2022/07/21 09:03:10 [/shop/user_data/pg_mulpay_recv.php] update order status:1 order_id=947022 from 210.175.7.20
2022/07/21 09:03:10 [/shop/user_data/pg_mulpay_recv.php] pg_mulpay_recv.php set payment data:Array
(
    [ShopID] => 9000034600950
    [AccessID] => 99c9ada2ed3df0b153f552d18353cf03
    [OrderID] => 947022-21090303
    [Status] => CAPTURE
    [JobCd] => CAPTURE
    [Amount] => 2283
    [Tax] => 0
    [Currency] => JPN
    [Forward] => 2a99661
    [Method] => 1
    [PayTimes] => 
    [TranID] => 2207210903602257210134160255
    [Approve] => 0203404
    [TranDate] => 20220721090305
    [ErrCode] => 
    [ErrInfo] => 
    [PayType] => 0
    [CvsCode] => 
    [CvsConfNo] => 
    [CvsReceiptNo] => 
    [EdyReceiptNo] => 
    [EdyOrderNo] => 
    [SuicaReceiptNo] => 
    [SuicaOrderNo] => 
    [CustID] => 
    [BkCode] => 
    [ConfNo] => 
    [PaymentTerm] => 
    [EncryptReceiptNo] => 
    [FinishDate] => 
    [ReceiptDate] => 
    [WebMoneyManagementNo] => 
    [WebMoneySettleCode] => 
    [AuPayInfoNo] => 
    [AuPayMethod] => 
    [AuCancelAmount] => 
    [AuCancelTax] => 
    [DocomoSettlementCode] => 
    [DocomoCancelAmount] => 
    [DocomoCancelTax] => 
    [pay_status] => 13
)
 from 210.175.7.20
2022/07/21 09:03:10 [/shop/user_data/pg_mulpay_recv.php] response:true from 210.175.7.20
2022/07/21 11:32:19 [/shop/shopping/load_payment_module.php] SendRequest:https://p01.mul-pay.jp/payment/SearchMember.idPass from 173.80.156.189
2022/07/21 11:32:19 [/shop/shopping/load_payment_module.php] Array
(
    [SiteID] => mst0000007602
    [SitePass] => ******
    [MemberID] => 10737
)
 from 173.80.156.189
2022/07/21 11:32:19 [/shop/shopping/load_payment_module.php] ErrCode=E01&ErrInfo=E01390002 from 173.80.156.189
2022/07/21 11:32:19 [/shop/shopping/load_payment_module.php] Array
(
    [0] => Array
        (
            [ErrCode] => E01
            [ErrInfo] => E01390002
        )

)
 from 173.80.156.189
2022/07/21 11:32:19 [/shop/shopping/load_payment_module.php] SendRequest:https://p01.mul-pay.jp/payment/SearchCard.idPass from 173.80.156.189
2022/07/21 11:32:19 [/shop/shopping/load_payment_module.php] Array
(
    [SiteID] => mst0000007602
    [SitePass] => ******
    [MemberID] => 10737
)
 from 173.80.156.189
2022/07/21 11:32:19 [/shop/shopping/load_payment_module.php] ErrCode=E01|E01&ErrInfo=E01390002|E01240002 from 173.80.156.189
2022/07/21 11:32:19 [/shop/shopping/load_payment_module.php] Array
(
    [0] => Array
        (
            [ErrCode] => E01
            [ErrInfo] => E01390002
        )

    [1] => Array
        (
            [ErrCode] => E01
            [ErrInfo] => E01240002
        )

)
 from 173.80.156.189
2022/07/21 11:33:03 [/shop/shopping/load_payment_module.php] SendRequest:https://p01.mul-pay.jp/payment/SearchMember.idPass from 173.80.156.189
2022/07/21 11:33:03 [/shop/shopping/load_payment_module.php] Array
(
    [SiteID] => mst0000007602
    [SitePass] => ******
    [MemberID] => 10737
)
 from 173.80.156.189
2022/07/21 11:33:03 [/shop/shopping/load_payment_module.php] ErrCode=E01&ErrInfo=E01390002 from 173.80.156.189
2022/07/21 11:33:03 [/shop/shopping/load_payment_module.php] Array
(
    [0] => Array
        (
            [ErrCode] => E01
            [ErrInfo] => E01390002
        )

)
 from 173.80.156.189
2022/07/21 11:33:03 [/shop/shopping/load_payment_module.php] SendRequest:https://p01.mul-pay.jp/payment/SearchCard.idPass from 173.80.156.189
2022/07/21 11:33:03 [/shop/shopping/load_payment_module.php] Array
(
    [SiteID] => mst0000007602
    [SitePass] => ******
    [MemberID] => 10737
)
 from 173.80.156.189
2022/07/21 11:33:03 [/shop/shopping/load_payment_module.php] ErrCode=E01|E01&ErrInfo=E01390002|E01240002 from 173.80.156.189
2022/07/21 11:33:03 [/shop/shopping/load_payment_module.php] Array
(
    [0] => Array
        (
            [ErrCode] => E01
            [ErrInfo] => E01390002
        )

    [1] => Array
        (
            [ErrCode] => E01
            [ErrInfo] => E01240002
        )

)
 from 173.80.156.189
2022/07/21 11:33:03 [/shop/shopping/load_payment_module.php] SendRequest:https://p01.mul-pay.jp/payment/EntryTran.idPass from 173.80.156.189
2022/07/21 11:33:03 [/shop/shopping/load_payment_module.php] Array
(
    [ShopID] => 9000034600950
    [ShopPass] => ******
    [OrderID] => 947023-21113303
    [JobCd] => CAPTURE
    [Amount] => 9970
    [TdFlag] => 0
    [TdTenantName] => 
)
 from 173.80.156.189
2022/07/21 11:33:03 [/shop/shopping/load_payment_module.php] AccessID=2a58a8949f8cfcdd6ee475b771935b12&AccessPass=b4b6f7d9d0924a9dca520962837db634 from 173.80.156.189
2022/07/21 11:33:03 [/shop/shopping/load_payment_module.php] Array
(
    [0] => Array
        (
            [AccessID] => 2a58a8949f8cfcdd6ee475b771935b12
            [AccessPass] => b4b6f7d9d0924a9dca520962837db634
        )

)
 from 173.80.156.189
2022/07/21 11:33:03 [/shop/shopping/load_payment_module.php] load_payment_module.php set payment data:Array
(
    [AccessID] => 2a58a8949f8cfcdd6ee475b771935b12
    [AccessPass] => b4b6f7d9d0924a9dca520962837db634
    [OrderID] => 947023-21113303
    [Amount] => 9970
    [JobCd] => CAPTURE
    [action_status] => 1
    [pay_status] => 0
)
 from 173.80.156.189
2022/07/21 11:33:03 [/shop/shopping/load_payment_module.php] SendRequest:https://p01.mul-pay.jp/payment/ExecTran.idPass from 173.80.156.189
2022/07/21 11:33:03 [/shop/shopping/load_payment_module.php] Array
(
    [AccessID] => 2a58a8949f8cfcdd6ee475b771935b12
    [AccessPass] => b4b6f7d9d0924a9dca520962837db634
    [OrderID] => 947023-21113303
    [Method] => 1
    [Token] => b90faf95f243376acc4c46d001573f5969a6c222246ab5940b1093a99498ab56
    [ClientField1] => 
    [ClientField2] => 
    [ClientField3] => EC-CUBE4.3.35
)
 from 173.80.156.189
2022/07/21 11:33:04 [/shop/shopping/load_payment_module.php] ACS=0&OrderID=947023-21113303&Forward=2S49631&Method=1&PayTimes=&Approve=0091293&TranID=2207211133602257210134150250&TranDate=20220721113304&CheckString=c24c5aeb0d4a0a8d407951ffa7885341 from 173.80.156.189
2022/07/21 11:33:04 [/shop/shopping/load_payment_module.php] Array
(
    [0] => Array
        (
            [ACS] => 0
            [OrderID] => 947023-21113303
            [Forward] => 2S49631
            [Method] => 1
            [PayTimes] => 
            [Approve] => 0091293
            [TranID] => 2207211133602257210134150250
            [TranDate] => 20220721113304
            [CheckString] => c24c5aeb0d4a0a8d407951ffa7885341
        )

)
 from 173.80.156.189
2022/07/21 11:33:04 [/shop/shopping/load_payment_module.php] load_payment_module.php set payment data:Array
(
    [ACS] => 0
    [Forward] => 2S49631
    [Method] => 1
    [PayTimes] => 
    [Approve] => 0091293
    [TranID] => 2207211133602257210134150250
    [TranDate] => 20220721113304
    [CheckString] => c24c5aeb0d4a0a8d407951ffa7885341
    [Amount] => 9970
    [JobCd] => CAPTURE
    [action_status] => 3
    [pay_status] => 13
)
 from 173.80.156.189
2022/07/21 11:33:04 [/shop/user_data/pg_mulpay_recv.php] ******* receiveer data start ******* from 210.175.7.20
2022/07/21 11:33:04 [/shop/user_data/pg_mulpay_recv.php] Array
(
    [ShopID] => 9000034600950
    [ShopPass] => **********
    [AccessID] => 2a58a8949f8cfcdd6ee475b771935b12
    [AccessPass] => ********************************
    [OrderID] => 947023-21113303
    [Status] => CAPTURE
    [JobCd] => CAPTURE
    [Amount] => 9970
    [Tax] => 0
    [Currency] => JPN
    [Forward] => 2S49631
    [Method] => 1
    [PayTimes] => 
    [TranID] => 2207211133602257210134150250
    [Approve] => 0091293
    [TranDate] => 20220721113304
    [ErrCode] => 
    [ErrInfo] => 
    [PayType] => 0
)
 from 210.175.7.20
2022/07/21 11:33:04 [/shop/user_data/pg_mulpay_recv.php] ******* receiveer data end ******* from 210.175.7.20
2022/07/21 11:33:09 [/shop/user_data/pg_mulpay_recv.php] update order status:1 order_id=947023 from 210.175.7.20
2022/07/21 11:33:09 [/shop/user_data/pg_mulpay_recv.php] pg_mulpay_recv.php set payment data:Array
(
    [ShopID] => 9000034600950
    [AccessID] => 2a58a8949f8cfcdd6ee475b771935b12
    [OrderID] => 947023-21113303
    [Status] => CAPTURE
    [JobCd] => CAPTURE
    [Amount] => 9970
    [Tax] => 0
    [Currency] => JPN
    [Forward] => 2S49631
    [Method] => 1
    [PayTimes] => 
    [TranID] => 2207211133602257210134150250
    [Approve] => 0091293
    [TranDate] => 20220721113304
    [ErrCode] => 
    [ErrInfo] => 
    [PayType] => 0
    [CvsCode] => 
    [CvsConfNo] => 
    [CvsReceiptNo] => 
    [EdyReceiptNo] => 
    [EdyOrderNo] => 
    [SuicaReceiptNo] => 
    [SuicaOrderNo] => 
    [CustID] => 
    [BkCode] => 
    [ConfNo] => 
    [PaymentTerm] => 
    [EncryptReceiptNo] => 
    [FinishDate] => 
    [ReceiptDate] => 
    [WebMoneyManagementNo] => 
    [WebMoneySettleCode] => 
    [AuPayInfoNo] => 
    [AuPayMethod] => 
    [AuCancelAmount] => 
    [AuCancelTax] => 
    [DocomoSettlementCode] => 
    [DocomoCancelAmount] => 
    [DocomoCancelTax] => 
    [pay_status] => 13
)
 from 210.175.7.20
2022/07/21 11:33:09 [/shop/user_data/pg_mulpay_recv.php] response:true from 210.175.7.20
2022/07/21 12:13:42 [/shop/shopping/load_payment_module.php] SendRequest:https://p01.mul-pay.jp/payment/SearchMember.idPass from 174.198.14.23
2022/07/21 12:13:42 [/shop/shopping/load_payment_module.php] Array
(
    [SiteID] => mst0000007602
    [SitePass] => ******
    [MemberID] => 10613
)
 from 174.198.14.23
2022/07/21 12:13:42 [/shop/shopping/load_payment_module.php] ErrCode=E01&ErrInfo=E01390002 from 174.198.14.23
2022/07/21 12:13:42 [/shop/shopping/load_payment_module.php] Array
(
    [0] => Array
        (
            [ErrCode] => E01
            [ErrInfo] => E01390002
        )

)
 from 174.198.14.23
2022/07/21 12:13:42 [/shop/shopping/load_payment_module.php] SendRequest:https://p01.mul-pay.jp/payment/SearchCard.idPass from 174.198.14.23
2022/07/21 12:13:42 [/shop/shopping/load_payment_module.php] Array
(
    [SiteID] => mst0000007602
    [SitePass] => ******
    [MemberID] => 10613
)
 from 174.198.14.23
2022/07/21 12:13:42 [/shop/shopping/load_payment_module.php] ErrCode=E01|E01&ErrInfo=E01390002|E01240002 from 174.198.14.23
2022/07/21 12:13:42 [/shop/shopping/load_payment_module.php] Array
(
    [0] => Array
        (
            [ErrCode] => E01
            [ErrInfo] => E01390002
        )

    [1] => Array
        (
            [ErrCode] => E01
            [ErrInfo] => E01240002
        )

)
 from 174.198.14.23
2022/07/21 12:14:51 [/shop/shopping/load_payment_module.php] SendRequest:https://p01.mul-pay.jp/payment/SearchMember.idPass from 174.198.14.23
2022/07/21 12:14:51 [/shop/shopping/load_payment_module.php] Array
(
    [SiteID] => mst0000007602
    [SitePass] => ******
    [MemberID] => 10613
)
 from 174.198.14.23
2022/07/21 12:14:51 [/shop/shopping/load_payment_module.php] ErrCode=E01&ErrInfo=E01390002 from 174.198.14.23
2022/07/21 12:14:51 [/shop/shopping/load_payment_module.php] Array
(
    [0] => Array
        (
            [ErrCode] => E01
            [ErrInfo] => E01390002
        )

)
 from 174.198.14.23
2022/07/21 12:14:51 [/shop/shopping/load_payment_module.php] SendRequest:https://p01.mul-pay.jp/payment/SearchCard.idPass from 174.198.14.23
2022/07/21 12:14:51 [/shop/shopping/load_payment_module.php] Array
(
    [SiteID] => mst0000007602
    [SitePass] => ******
    [MemberID] => 10613
)
 from 174.198.14.23
2022/07/21 12:14:51 [/shop/shopping/load_payment_module.php] ErrCode=E01|E01&ErrInfo=E01390002|E01240002 from 174.198.14.23
2022/07/21 12:14:51 [/shop/shopping/load_payment_module.php] Array
(
    [0] => Array
        (
            [ErrCode] => E01
            [ErrInfo] => E01390002
        )

    [1] => Array
        (
            [ErrCode] => E01
            [ErrInfo] => E01240002
        )

)
 from 174.198.14.23
2022/07/21 12:14:51 [/shop/shopping/load_payment_module.php] SendRequest:https://p01.mul-pay.jp/payment/EntryTran.idPass from 174.198.14.23
2022/07/21 12:14:51 [/shop/shopping/load_payment_module.php] Array
(
    [ShopID] => 9000034600950
    [ShopPass] => ******
    [OrderID] => 947024-21121451
    [JobCd] => CAPTURE
    [Amount] => 8140
    [TdFlag] => 0
    [TdTenantName] => 
)
 from 174.198.14.23
2022/07/21 12:14:51 [/shop/shopping/load_payment_module.php] AccessID=a225ae00c720c221d9bdebf577ec2c86&AccessPass=9c6635af4959a9f8af49fb7fc31efd43 from 174.198.14.23
2022/07/21 12:14:51 [/shop/shopping/load_payment_module.php] Array
(
    [0] => Array
        (
            [AccessID] => a225ae00c720c221d9bdebf577ec2c86
            [AccessPass] => 9c6635af4959a9f8af49fb7fc31efd43
        )

)
 from 174.198.14.23
2022/07/21 12:14:51 [/shop/shopping/load_payment_module.php] load_payment_module.php set payment data:Array
(
    [AccessID] => a225ae00c720c221d9bdebf577ec2c86
    [AccessPass] => 9c6635af4959a9f8af49fb7fc31efd43
    [OrderID] => 947024-21121451
    [Amount] => 8140
    [JobCd] => CAPTURE
    [action_status] => 1
    [pay_status] => 0
)
 from 174.198.14.23
2022/07/21 12:14:51 [/shop/shopping/load_payment_module.php] SendRequest:https://p01.mul-pay.jp/payment/ExecTran.idPass from 174.198.14.23
2022/07/21 12:14:51 [/shop/shopping/load_payment_module.php] Array
(
    [AccessID] => a225ae00c720c221d9bdebf577ec2c86
    [AccessPass] => 9c6635af4959a9f8af49fb7fc31efd43
    [OrderID] => 947024-21121451
    [Method] => 1
    [Token] => a38dd954416c9b895b0b3011a500367438db045c8e4dc5ba1c70f8993def5fbb
    [ClientField1] => 
    [ClientField2] => 
    [ClientField3] => EC-CUBE4.3.35
)
 from 174.198.14.23
2022/07/21 12:14:53 [/shop/shopping/load_payment_module.php] ACS=0&OrderID=947024-21121451&Forward=2a99661&Method=1&PayTimes=&Approve=0203171&TranID=2207211214602257210134180267&TranDate=20220721121453&CheckString=cdf7d8b969306801af0aadb61bc3e1ec from 174.198.14.23
2022/07/21 12:14:53 [/shop/shopping/load_payment_module.php] Array
(
    [0] => Array
        (
            [ACS] => 0
            [OrderID] => 947024-21121451
            [Forward] => 2a99661
            [Method] => 1
            [PayTimes] => 
            [Approve] => 0203171
            [TranID] => 2207211214602257210134180267
            [TranDate] => 20220721121453
            [CheckString] => cdf7d8b969306801af0aadb61bc3e1ec
        )

)
 from 174.198.14.23
2022/07/21 12:14:53 [/shop/shopping/load_payment_module.php] load_payment_module.php set payment data:Array
(
    [ACS] => 0
    [Forward] => 2a99661
    [Method] => 1
    [PayTimes] => 
    [Approve] => 0203171
    [TranID] => 2207211214602257210134180267
    [TranDate] => 20220721121453
    [CheckString] => cdf7d8b969306801af0aadb61bc3e1ec
    [Amount] => 8140
    [JobCd] => CAPTURE
    [action_status] => 3
    [pay_status] => 13
)
 from 174.198.14.23
2022/07/21 12:14:53 [/shop/user_data/pg_mulpay_recv.php] ******* receiveer data start ******* from 210.175.7.20
2022/07/21 12:14:53 [/shop/user_data/pg_mulpay_recv.php] Array
(
    [ShopID] => 9000034600950
    [ShopPass] => **********
    [AccessID] => a225ae00c720c221d9bdebf577ec2c86
    [AccessPass] => ********************************
    [OrderID] => 947024-21121451
    [Status] => CAPTURE
    [JobCd] => CAPTURE
    [Amount] => 8140
    [Tax] => 0
    [Currency] => JPN
    [Forward] => 2a99661
    [Method] => 1
    [PayTimes] => 
    [TranID] => 2207211214602257210134180267
    [Approve] => 0203171
    [TranDate] => 20220721121453
    [ErrCode] => 
    [ErrInfo] => 
    [PayType] => 0
)
 from 210.175.7.20
2022/07/21 12:14:53 [/shop/user_data/pg_mulpay_recv.php] ******* receiveer data end ******* from 210.175.7.20
2022/07/21 12:14:58 [/shop/user_data/pg_mulpay_recv.php] update order status:1 order_id=947024 from 210.175.7.20
2022/07/21 12:14:58 [/shop/user_data/pg_mulpay_recv.php] pg_mulpay_recv.php set payment data:Array
(
    [ShopID] => 9000034600950
    [AccessID] => a225ae00c720c221d9bdebf577ec2c86
    [OrderID] => 947024-21121451
    [Status] => CAPTURE
    [JobCd] => CAPTURE
    [Amount] => 8140
    [Tax] => 0
    [Currency] => JPN
    [Forward] => 2a99661
    [Method] => 1
    [PayTimes] => 
    [TranID] => 2207211214602257210134180267
    [Approve] => 0203171
    [TranDate] => 20220721121453
    [ErrCode] => 
    [ErrInfo] => 
    [PayType] => 0
    [CvsCode] => 
    [CvsConfNo] => 
    [CvsReceiptNo] => 
    [EdyReceiptNo] => 
    [EdyOrderNo] => 
    [SuicaReceiptNo] => 
    [SuicaOrderNo] => 
    [CustID] => 
    [BkCode] => 
    [ConfNo] => 
    [PaymentTerm] => 
    [EncryptReceiptNo] => 
    [FinishDate] => 
    [ReceiptDate] => 
    [WebMoneyManagementNo] => 
    [WebMoneySettleCode] => 
    [AuPayInfoNo] => 
    [AuPayMethod] => 
    [AuCancelAmount] => 
    [AuCancelTax] => 
    [DocomoSettlementCode] => 
    [DocomoCancelAmount] => 
    [DocomoCancelTax] => 
    [pay_status] => 13
)
 from 210.175.7.20
2022/07/21 12:14:58 [/shop/user_data/pg_mulpay_recv.php] response:true from 210.175.7.20
