2024/09/06 00:14:46 [/shop/shopping/load_payment_module.php] SendRequest:https://p01.mul-pay.jp/payment/EntryTran.idPass from 75.141.62.2
2024/09/06 00:14:46 [/shop/shopping/load_payment_module.php] Array
(
    [ShopID] => 9000034600950
    [ShopPass] => ******
    [OrderID] => 958785-06001446
    [JobCd] => CAPTURE
    [Amount] => 9910
    [TdFlag] => 0
    [TdTenantName] => 
)
 from 75.141.62.2
2024/09/06 00:14:47 [/shop/shopping/load_payment_module.php] AccessID=4ad0352ffbbebf4adb582dd0be7736bb&AccessPass=2b1f8801acd47d8aed4c38e3c7bf9871 from 75.141.62.2
2024/09/06 00:14:47 [/shop/shopping/load_payment_module.php] Array
(
    [0] => Array
        (
            [AccessID] => 4ad0352ffbbebf4adb582dd0be7736bb
            [AccessPass] => 2b1f8801acd47d8aed4c38e3c7bf9871
        )

)
 from 75.141.62.2
2024/09/06 00:14:47 [/shop/shopping/load_payment_module.php] load_payment_module.php set payment data:Array
(
    [AccessID] => 4ad0352ffbbebf4adb582dd0be7736bb
    [AccessPass] => 2b1f8801acd47d8aed4c38e3c7bf9871
    [OrderID] => 958785-06001446
    [Amount] => 9910
    [JobCd] => CAPTURE
    [action_status] => 1
    [pay_status] => 0
)
 from 75.141.62.2
2024/09/06 00:14:47 [/shop/shopping/load_payment_module.php] SendRequest:https://p01.mul-pay.jp/payment/ExecTran.idPass from 75.141.62.2
2024/09/06 00:14:47 [/shop/shopping/load_payment_module.php] Array
(
    [AccessID] => 4ad0352ffbbebf4adb582dd0be7736bb
    [AccessPass] => 2b1f8801acd47d8aed4c38e3c7bf9871
    [OrderID] => 958785-06001446
    [Method] => 1
    [Token] => 569f1002b26bf94b8003003c1097c829347e6ae50dfd00c0ef9b43b02a7a9af7
    [ClientField1] => 
    [ClientField2] => 
    [ClientField3] => EC-CUBE4.3.35
)
 from 75.141.62.2
2024/09/06 00:14:47 [/shop/shopping/load_payment_module.php] ACS=0&OrderID=958785-06001446&Forward=2S49631&Method=1&PayTimes=&Approve=0015041&TranID=2409060014602257210134183391&TranDate=20240906001447&CheckString=a8e39aed7bc5959834af2d84b204797a from 75.141.62.2
2024/09/06 00:14:47 [/shop/shopping/load_payment_module.php] Array
(
    [0] => Array
        (
            [ACS] => 0
            [OrderID] => 958785-06001446
            [Forward] => 2S49631
            [Method] => 1
            [PayTimes] => 
            [Approve] => 0015041
            [TranID] => 2409060014602257210134183391
            [TranDate] => 20240906001447
            [CheckString] => a8e39aed7bc5959834af2d84b204797a
        )

)
 from 75.141.62.2
2024/09/06 00:14:47 [/shop/shopping/load_payment_module.php] load_payment_module.php set payment data:Array
(
    [ACS] => 0
    [Forward] => 2S49631
    [Method] => 1
    [PayTimes] => 
    [Approve] => 0015041
    [TranID] => 2409060014602257210134183391
    [TranDate] => 20240906001447
    [CheckString] => a8e39aed7bc5959834af2d84b204797a
    [Amount] => 9910
    [JobCd] => CAPTURE
    [action_status] => 3
    [pay_status] => 13
)
 from 75.141.62.2
2024/09/06 00:14:47 [/shop/user_data/pg_mulpay_recv.php] ******* receiveer data start ******* from 210.175.7.20
2024/09/06 00:14:47 [/shop/user_data/pg_mulpay_recv.php] Array
(
    [ShopID] => 9000034600950
    [ShopPass] => **********
    [AccessID] => 4ad0352ffbbebf4adb582dd0be7736bb
    [AccessPass] => ********************************
    [OrderID] => 958785-06001446
    [Status] => CAPTURE
    [JobCd] => CAPTURE
    [Amount] => 9910
    [Tax] => 0
    [Currency] => JPN
    [Forward] => 2S49631
    [Method] => 1
    [PayTimes] => 
    [TranID] => 2409060014602257210134183391
    [Approve] => 0015041
    [TranDate] => 20240906001447
    [ErrCode] => 
    [ErrInfo] => 
    [PayType] => 0
)
 from 210.175.7.20
2024/09/06 00:14:47 [/shop/user_data/pg_mulpay_recv.php] ******* receiveer data end ******* from 210.175.7.20
2024/09/06 00:14:52 [/shop/user_data/pg_mulpay_recv.php] update order status:1 order_id=958785 from 210.175.7.20
2024/09/06 00:14:52 [/shop/user_data/pg_mulpay_recv.php] pg_mulpay_recv.php set payment data:Array
(
    [ShopID] => 9000034600950
    [AccessID] => 4ad0352ffbbebf4adb582dd0be7736bb
    [OrderID] => 958785-06001446
    [Status] => CAPTURE
    [JobCd] => CAPTURE
    [Amount] => 9910
    [Tax] => 0
    [Currency] => JPN
    [Forward] => 2S49631
    [Method] => 1
    [PayTimes] => 
    [TranID] => 2409060014602257210134183391
    [Approve] => 0015041
    [TranDate] => 20240906001447
    [ErrCode] => 
    [ErrInfo] => 
    [PayType] => 0
    [CvsCode] => 
    [CvsConfNo] => 
    [CvsReceiptNo] => 
    [EdyReceiptNo] => 
    [EdyOrderNo] => 
    [SuicaReceiptNo] => 
    [SuicaOrderNo] => 
    [CustID] => 
    [BkCode] => 
    [ConfNo] => 
    [PaymentTerm] => 
    [EncryptReceiptNo] => 
    [FinishDate] => 
    [ReceiptDate] => 
    [WebMoneyManagementNo] => 
    [WebMoneySettleCode] => 
    [AuPayInfoNo] => 
    [AuPayMethod] => 
    [AuCancelAmount] => 
    [AuCancelTax] => 
    [DocomoSettlementCode] => 
    [DocomoCancelAmount] => 
    [DocomoCancelTax] => 
    [pay_status] => 13
)
 from 210.175.7.20
2024/09/06 00:14:52 [/shop/user_data/pg_mulpay_recv.php] response:true from 210.175.7.20
2024/09/06 03:08:20 [/shop/shopping/load_payment_module.php] SendRequest:https://p01.mul-pay.jp/payment/SearchMember.idPass from 84.155.150.78
2024/09/06 03:08:20 [/shop/shopping/load_payment_module.php] Array
(
    [SiteID] => mst0000007602
    [SitePass] => ******
    [MemberID] => 11095
)
 from 84.155.150.78
2024/09/06 03:08:20 [/shop/shopping/load_payment_module.php] ErrCode=E01&ErrInfo=E01390002 from 84.155.150.78
2024/09/06 03:08:20 [/shop/shopping/load_payment_module.php] Array
(
    [0] => Array
        (
            [ErrCode] => E01
            [ErrInfo] => E01390002
        )

)
 from 84.155.150.78
2024/09/06 03:08:20 [/shop/shopping/load_payment_module.php] SendRequest:https://p01.mul-pay.jp/payment/SearchCard.idPass from 84.155.150.78
2024/09/06 03:08:20 [/shop/shopping/load_payment_module.php] Array
(
    [SiteID] => mst0000007602
    [SitePass] => ******
    [MemberID] => 11095
)
 from 84.155.150.78
2024/09/06 03:08:20 [/shop/shopping/load_payment_module.php] ErrCode=E01|E01&ErrInfo=E01390002|E01240002 from 84.155.150.78
2024/09/06 03:08:20 [/shop/shopping/load_payment_module.php] Array
(
    [0] => Array
        (
            [ErrCode] => E01
            [ErrInfo] => E01390002
        )

    [1] => Array
        (
            [ErrCode] => E01
            [ErrInfo] => E01240002
        )

)
 from 84.155.150.78
2024/09/06 03:10:10 [/shop/shopping/load_payment_module.php] SendRequest:https://p01.mul-pay.jp/payment/SearchMember.idPass from 84.155.150.78
2024/09/06 03:10:10 [/shop/shopping/load_payment_module.php] Array
(
    [SiteID] => mst0000007602
    [SitePass] => ******
    [MemberID] => 11095
)
 from 84.155.150.78
2024/09/06 03:10:10 [/shop/shopping/load_payment_module.php] ErrCode=E01&ErrInfo=E01390002 from 84.155.150.78
2024/09/06 03:10:10 [/shop/shopping/load_payment_module.php] Array
(
    [0] => Array
        (
            [ErrCode] => E01
            [ErrInfo] => E01390002
        )

)
 from 84.155.150.78
2024/09/06 03:10:10 [/shop/shopping/load_payment_module.php] SendRequest:https://p01.mul-pay.jp/payment/SearchCard.idPass from 84.155.150.78
2024/09/06 03:10:10 [/shop/shopping/load_payment_module.php] Array
(
    [SiteID] => mst0000007602
    [SitePass] => ******
    [MemberID] => 11095
)
 from 84.155.150.78
2024/09/06 03:10:10 [/shop/shopping/load_payment_module.php] ErrCode=E01|E01&ErrInfo=E01390002|E01240002 from 84.155.150.78
2024/09/06 03:10:10 [/shop/shopping/load_payment_module.php] Array
(
    [0] => Array
        (
            [ErrCode] => E01
            [ErrInfo] => E01390002
        )

    [1] => Array
        (
            [ErrCode] => E01
            [ErrInfo] => E01240002
        )

)
 from 84.155.150.78
2024/09/06 03:10:10 [/shop/shopping/load_payment_module.php] SendRequest:https://p01.mul-pay.jp/payment/EntryTran.idPass from 84.155.150.78
2024/09/06 03:10:10 [/shop/shopping/load_payment_module.php] Array
(
    [ShopID] => 9000034600950
    [ShopPass] => ******
    [OrderID] => 958786-06031010
    [JobCd] => CAPTURE
    [Amount] => 9530
    [TdFlag] => 0
    [TdTenantName] => 
)
 from 84.155.150.78
2024/09/06 03:10:10 [/shop/shopping/load_payment_module.php] AccessID=9f3949355ba0f68d0c6a928a0adc785c&AccessPass=027bdae7bdc350179fb922ffb3cc7714 from 84.155.150.78
2024/09/06 03:10:10 [/shop/shopping/load_payment_module.php] Array
(
    [0] => Array
        (
            [AccessID] => 9f3949355ba0f68d0c6a928a0adc785c
            [AccessPass] => 027bdae7bdc350179fb922ffb3cc7714
        )

)
 from 84.155.150.78
2024/09/06 03:10:10 [/shop/shopping/load_payment_module.php] load_payment_module.php set payment data:Array
(
    [AccessID] => 9f3949355ba0f68d0c6a928a0adc785c
    [AccessPass] => 027bdae7bdc350179fb922ffb3cc7714
    [OrderID] => 958786-06031010
    [Amount] => 9530
    [JobCd] => CAPTURE
    [action_status] => 1
    [pay_status] => 0
)
 from 84.155.150.78
2024/09/06 03:10:10 [/shop/shopping/load_payment_module.php] SendRequest:https://p01.mul-pay.jp/payment/ExecTran.idPass from 84.155.150.78
2024/09/06 03:10:10 [/shop/shopping/load_payment_module.php] Array
(
    [AccessID] => 9f3949355ba0f68d0c6a928a0adc785c
    [AccessPass] => 027bdae7bdc350179fb922ffb3cc7714
    [OrderID] => 958786-06031010
    [Method] => 1
    [Token] => 5fce7db6799c6bfd54bf449bcbada06306d423d9fb6ff47ae4fb052459fbdc50
    [ClientField1] => 
    [ClientField2] => 
    [ClientField3] => EC-CUBE4.3.35
)
 from 84.155.150.78
2024/09/06 03:10:11 [/shop/shopping/load_payment_module.php] ACS=0&OrderID=958786-06031010&Forward=2S49631&Method=1&PayTimes=&Approve=0201010&TranID=2409060310602257210134183392&TranDate=20240906031011&CheckString=eb12872d516a4a0c281e906fd6ca4a53 from 84.155.150.78
2024/09/06 03:10:11 [/shop/shopping/load_payment_module.php] Array
(
    [0] => Array
        (
            [ACS] => 0
            [OrderID] => 958786-06031010
            [Forward] => 2S49631
            [Method] => 1
            [PayTimes] => 
            [Approve] => 0201010
            [TranID] => 2409060310602257210134183392
            [TranDate] => 20240906031011
            [CheckString] => eb12872d516a4a0c281e906fd6ca4a53
        )

)
 from 84.155.150.78
2024/09/06 03:10:11 [/shop/shopping/load_payment_module.php] load_payment_module.php set payment data:Array
(
    [ACS] => 0
    [Forward] => 2S49631
    [Method] => 1
    [PayTimes] => 
    [Approve] => 0201010
    [TranID] => 2409060310602257210134183392
    [TranDate] => 20240906031011
    [CheckString] => eb12872d516a4a0c281e906fd6ca4a53
    [Amount] => 9530
    [JobCd] => CAPTURE
    [action_status] => 3
    [pay_status] => 13
)
 from 84.155.150.78
2024/09/06 03:10:11 [/shop/user_data/pg_mulpay_recv.php] ******* receiveer data start ******* from 210.175.7.20
2024/09/06 03:10:11 [/shop/user_data/pg_mulpay_recv.php] Array
(
    [ShopID] => 9000034600950
    [ShopPass] => **********
    [AccessID] => 9f3949355ba0f68d0c6a928a0adc785c
    [AccessPass] => ********************************
    [OrderID] => 958786-06031010
    [Status] => CAPTURE
    [JobCd] => CAPTURE
    [Amount] => 9530
    [Tax] => 0
    [Currency] => JPN
    [Forward] => 2S49631
    [Method] => 1
    [PayTimes] => 
    [TranID] => 2409060310602257210134183392
    [Approve] => 0201010
    [TranDate] => 20240906031011
    [ErrCode] => 
    [ErrInfo] => 
    [PayType] => 0
)
 from 210.175.7.20
2024/09/06 03:10:11 [/shop/user_data/pg_mulpay_recv.php] ******* receiveer data end ******* from 210.175.7.20
2024/09/06 03:10:16 [/shop/user_data/pg_mulpay_recv.php] update order status:1 order_id=958786 from 210.175.7.20
2024/09/06 03:10:16 [/shop/user_data/pg_mulpay_recv.php] pg_mulpay_recv.php set payment data:Array
(
    [ShopID] => 9000034600950
    [AccessID] => 9f3949355ba0f68d0c6a928a0adc785c
    [OrderID] => 958786-06031010
    [Status] => CAPTURE
    [JobCd] => CAPTURE
    [Amount] => 9530
    [Tax] => 0
    [Currency] => JPN
    [Forward] => 2S49631
    [Method] => 1
    [PayTimes] => 
    [TranID] => 2409060310602257210134183392
    [Approve] => 0201010
    [TranDate] => 20240906031011
    [ErrCode] => 
    [ErrInfo] => 
    [PayType] => 0
    [CvsCode] => 
    [CvsConfNo] => 
    [CvsReceiptNo] => 
    [EdyReceiptNo] => 
    [EdyOrderNo] => 
    [SuicaReceiptNo] => 
    [SuicaOrderNo] => 
    [CustID] => 
    [BkCode] => 
    [ConfNo] => 
    [PaymentTerm] => 
    [EncryptReceiptNo] => 
    [FinishDate] => 
    [ReceiptDate] => 
    [WebMoneyManagementNo] => 
    [WebMoneySettleCode] => 
    [AuPayInfoNo] => 
    [AuPayMethod] => 
    [AuCancelAmount] => 
    [AuCancelTax] => 
    [DocomoSettlementCode] => 
    [DocomoCancelAmount] => 
    [DocomoCancelTax] => 
    [pay_status] => 13
)
 from 210.175.7.20
2024/09/06 03:10:16 [/shop/user_data/pg_mulpay_recv.php] response:true from 210.175.7.20
2024/09/06 06:15:16 [/shop/shopping/load_payment_module.php] SendRequest:https://p01.mul-pay.jp/payment/EntryTran.idPass from 64.229.42.179
2024/09/06 06:15:16 [/shop/shopping/load_payment_module.php] Array
(
    [ShopID] => 9000034600950
    [ShopPass] => ******
    [OrderID] => 958787-06061516
    [JobCd] => CAPTURE
    [Amount] => 7270
    [TdFlag] => 0
    [TdTenantName] => 
)
 from 64.229.42.179
2024/09/06 06:15:16 [/shop/shopping/load_payment_module.php] AccessID=80ee36d46d4a96436fd52dc2adfdacc2&AccessPass=d7f2351bb63da0c519e1f2427e52fd47 from 64.229.42.179
2024/09/06 06:15:16 [/shop/shopping/load_payment_module.php] Array
(
    [0] => Array
        (
            [AccessID] => 80ee36d46d4a96436fd52dc2adfdacc2
            [AccessPass] => d7f2351bb63da0c519e1f2427e52fd47
        )

)
 from 64.229.42.179
2024/09/06 06:15:16 [/shop/shopping/load_payment_module.php] load_payment_module.php set payment data:Array
(
    [AccessID] => 80ee36d46d4a96436fd52dc2adfdacc2
    [AccessPass] => d7f2351bb63da0c519e1f2427e52fd47
    [OrderID] => 958787-06061516
    [Amount] => 7270
    [JobCd] => CAPTURE
    [action_status] => 1
    [pay_status] => 0
)
 from 64.229.42.179
2024/09/06 06:15:16 [/shop/shopping/load_payment_module.php] SendRequest:https://p01.mul-pay.jp/payment/ExecTran.idPass from 64.229.42.179
2024/09/06 06:15:16 [/shop/shopping/load_payment_module.php] Array
(
    [AccessID] => 80ee36d46d4a96436fd52dc2adfdacc2
    [AccessPass] => d7f2351bb63da0c519e1f2427e52fd47
    [OrderID] => 958787-06061516
    [Method] => 1
    [Token] => 439cd60a28045bea7329bbdb4a5d0d667fa087a9aad3c91107f8d51199567989
    [ClientField1] => 
    [ClientField2] => 
    [ClientField3] => EC-CUBE4.3.35
)
 from 64.229.42.179
2024/09/06 06:15:17 [/shop/shopping/load_payment_module.php] ACS=0&OrderID=958787-06061516&Forward=2959876&Method=1&PayTimes=&Approve=0055209&TranID=2409060615602257210134163491&TranDate=20240906061517&CheckString=0ccde302e376ead2192383beba58bac8 from 64.229.42.179
2024/09/06 06:15:17 [/shop/shopping/load_payment_module.php] Array
(
    [0] => Array
        (
            [ACS] => 0
            [OrderID] => 958787-06061516
            [Forward] => 2959876
            [Method] => 1
            [PayTimes] => 
            [Approve] => 0055209
            [TranID] => 2409060615602257210134163491
            [TranDate] => 20240906061517
            [CheckString] => 0ccde302e376ead2192383beba58bac8
        )

)
 from 64.229.42.179
2024/09/06 06:15:17 [/shop/shopping/load_payment_module.php] load_payment_module.php set payment data:Array
(
    [ACS] => 0
    [Forward] => 2959876
    [Method] => 1
    [PayTimes] => 
    [Approve] => 0055209
    [TranID] => 2409060615602257210134163491
    [TranDate] => 20240906061517
    [CheckString] => 0ccde302e376ead2192383beba58bac8
    [Amount] => 7270
    [JobCd] => CAPTURE
    [action_status] => 3
    [pay_status] => 13
)
 from 64.229.42.179
2024/09/06 06:15:17 [/shop/user_data/pg_mulpay_recv.php] ******* receiveer data start ******* from 210.175.7.20
2024/09/06 06:15:17 [/shop/user_data/pg_mulpay_recv.php] Array
(
    [ShopID] => 9000034600950
    [ShopPass] => **********
    [AccessID] => 80ee36d46d4a96436fd52dc2adfdacc2
    [AccessPass] => ********************************
    [OrderID] => 958787-06061516
    [Status] => CAPTURE
    [JobCd] => CAPTURE
    [Amount] => 7270
    [Tax] => 0
    [Currency] => JPN
    [Forward] => 2959876
    [Method] => 1
    [PayTimes] => 
    [TranID] => 2409060615602257210134163491
    [Approve] => 0055209
    [TranDate] => 20240906061517
    [ErrCode] => 
    [ErrInfo] => 
    [PayType] => 0
)
 from 210.175.7.20
2024/09/06 06:15:17 [/shop/user_data/pg_mulpay_recv.php] ******* receiveer data end ******* from 210.175.7.20
2024/09/06 06:15:22 [/shop/user_data/pg_mulpay_recv.php] update order status:1 order_id=958787 from 210.175.7.20
2024/09/06 06:15:22 [/shop/user_data/pg_mulpay_recv.php] pg_mulpay_recv.php set payment data:Array
(
    [ShopID] => 9000034600950
    [AccessID] => 80ee36d46d4a96436fd52dc2adfdacc2
    [OrderID] => 958787-06061516
    [Status] => CAPTURE
    [JobCd] => CAPTURE
    [Amount] => 7270
    [Tax] => 0
    [Currency] => JPN
    [Forward] => 2959876
    [Method] => 1
    [PayTimes] => 
    [TranID] => 2409060615602257210134163491
    [Approve] => 0055209
    [TranDate] => 20240906061517
    [ErrCode] => 
    [ErrInfo] => 
    [PayType] => 0
    [CvsCode] => 
    [CvsConfNo] => 
    [CvsReceiptNo] => 
    [EdyReceiptNo] => 
    [EdyOrderNo] => 
    [SuicaReceiptNo] => 
    [SuicaOrderNo] => 
    [CustID] => 
    [BkCode] => 
    [ConfNo] => 
    [PaymentTerm] => 
    [EncryptReceiptNo] => 
    [FinishDate] => 
    [ReceiptDate] => 
    [WebMoneyManagementNo] => 
    [WebMoneySettleCode] => 
    [AuPayInfoNo] => 
    [AuPayMethod] => 
    [AuCancelAmount] => 
    [AuCancelTax] => 
    [DocomoSettlementCode] => 
    [DocomoCancelAmount] => 
    [DocomoCancelTax] => 
    [pay_status] => 13
)
 from 210.175.7.20
2024/09/06 06:15:22 [/shop/user_data/pg_mulpay_recv.php] response:true from 210.175.7.20
2024/09/06 07:36:01 [/shop/shopping/load_payment_module.php] SendRequest:https://p01.mul-pay.jp/payment/SearchMember.idPass from 187.251.245.178
2024/09/06 07:36:01 [/shop/shopping/load_payment_module.php] Array
(
    [SiteID] => mst0000007602
    [SitePass] => ******
    [MemberID] => 2231
)
 from 187.251.245.178
2024/09/06 07:36:01 [/shop/shopping/load_payment_module.php] ErrCode=E01&ErrInfo=E01390002 from 187.251.245.178
2024/09/06 07:36:01 [/shop/shopping/load_payment_module.php] Array
(
    [0] => Array
        (
            [ErrCode] => E01
            [ErrInfo] => E01390002
        )

)
 from 187.251.245.178
2024/09/06 07:36:01 [/shop/shopping/load_payment_module.php] SendRequest:https://p01.mul-pay.jp/payment/SearchCard.idPass from 187.251.245.178
2024/09/06 07:36:01 [/shop/shopping/load_payment_module.php] Array
(
    [SiteID] => mst0000007602
    [SitePass] => ******
    [MemberID] => 2231
)
 from 187.251.245.178
2024/09/06 07:36:01 [/shop/shopping/load_payment_module.php] ErrCode=E01|E01&ErrInfo=E01390002|E01240002 from 187.251.245.178
2024/09/06 07:36:01 [/shop/shopping/load_payment_module.php] Array
(
    [0] => Array
        (
            [ErrCode] => E01
            [ErrInfo] => E01390002
        )

    [1] => Array
        (
            [ErrCode] => E01
            [ErrInfo] => E01240002
        )

)
 from 187.251.245.178
2024/09/06 07:37:14 [/shop/shopping/load_payment_module.php] SendRequest:https://p01.mul-pay.jp/payment/SearchMember.idPass from 187.251.245.178
2024/09/06 07:37:14 [/shop/shopping/load_payment_module.php] Array
(
    [SiteID] => mst0000007602
    [SitePass] => ******
    [MemberID] => 2231
)
 from 187.251.245.178
2024/09/06 07:37:14 [/shop/shopping/load_payment_module.php] ErrCode=E01&ErrInfo=E01390002 from 187.251.245.178
2024/09/06 07:37:14 [/shop/shopping/load_payment_module.php] Array
(
    [0] => Array
        (
            [ErrCode] => E01
            [ErrInfo] => E01390002
        )

)
 from 187.251.245.178
2024/09/06 07:37:14 [/shop/shopping/load_payment_module.php] SendRequest:https://p01.mul-pay.jp/payment/SearchCard.idPass from 187.251.245.178
2024/09/06 07:37:14 [/shop/shopping/load_payment_module.php] Array
(
    [SiteID] => mst0000007602
    [SitePass] => ******
    [MemberID] => 2231
)
 from 187.251.245.178
2024/09/06 07:37:14 [/shop/shopping/load_payment_module.php] ErrCode=E01|E01&ErrInfo=E01390002|E01240002 from 187.251.245.178
2024/09/06 07:37:14 [/shop/shopping/load_payment_module.php] Array
(
    [0] => Array
        (
            [ErrCode] => E01
            [ErrInfo] => E01390002
        )

    [1] => Array
        (
            [ErrCode] => E01
            [ErrInfo] => E01240002
        )

)
 from 187.251.245.178
2024/09/06 07:37:14 [/shop/shopping/load_payment_module.php] SendRequest:https://p01.mul-pay.jp/payment/EntryTran.idPass from 187.251.245.178
2024/09/06 07:37:14 [/shop/shopping/load_payment_module.php] Array
(
    [ShopID] => 9000034600950
    [ShopPass] => ******
    [OrderID] => 958788-06073714
    [JobCd] => CAPTURE
    [Amount] => 7920
    [TdFlag] => 0
    [TdTenantName] => 
)
 from 187.251.245.178
2024/09/06 07:37:14 [/shop/shopping/load_payment_module.php] AccessID=ab48d6213c7ea3021f86a53ff57b68e3&AccessPass=f3475c95a29f9805d89f17c7e1466bee from 187.251.245.178
2024/09/06 07:37:14 [/shop/shopping/load_payment_module.php] Array
(
    [0] => Array
        (
            [AccessID] => ab48d6213c7ea3021f86a53ff57b68e3
            [AccessPass] => f3475c95a29f9805d89f17c7e1466bee
        )

)
 from 187.251.245.178
2024/09/06 07:37:14 [/shop/shopping/load_payment_module.php] load_payment_module.php set payment data:Array
(
    [AccessID] => ab48d6213c7ea3021f86a53ff57b68e3
    [AccessPass] => f3475c95a29f9805d89f17c7e1466bee
    [OrderID] => 958788-06073714
    [Amount] => 7920
    [JobCd] => CAPTURE
    [action_status] => 1
    [pay_status] => 0
)
 from 187.251.245.178
2024/09/06 07:37:14 [/shop/shopping/load_payment_module.php] SendRequest:https://p01.mul-pay.jp/payment/ExecTran.idPass from 187.251.245.178
2024/09/06 07:37:14 [/shop/shopping/load_payment_module.php] Array
(
    [AccessID] => ab48d6213c7ea3021f86a53ff57b68e3
    [AccessPass] => f3475c95a29f9805d89f17c7e1466bee
    [OrderID] => 958788-06073714
    [Method] => 1
    [Token] => 236b9e5bb380b7c363ffdaaa46d2a4ff1f3c1282e85edbb742d356d7ad697298
    [ClientField1] => 
    [ClientField2] => 
    [ClientField3] => EC-CUBE4.3.35
)
 from 187.251.245.178
2024/09/06 07:37:15 [/shop/shopping/load_payment_module.php] ACS=0&OrderID=958788-06073714&Forward=2S49631&Method=1&PayTimes=&Approve=0416798&TranID=2409060737602257210134173355&TranDate=20240906073715&CheckString=81d0a1adaa328ab111fe2568fa4ce009 from 187.251.245.178
2024/09/06 07:37:15 [/shop/shopping/load_payment_module.php] Array
(
    [0] => Array
        (
            [ACS] => 0
            [OrderID] => 958788-06073714
            [Forward] => 2S49631
            [Method] => 1
            [PayTimes] => 
            [Approve] => 0416798
            [TranID] => 2409060737602257210134173355
            [TranDate] => 20240906073715
            [CheckString] => 81d0a1adaa328ab111fe2568fa4ce009
        )

)
 from 187.251.245.178
2024/09/06 07:37:15 [/shop/shopping/load_payment_module.php] load_payment_module.php set payment data:Array
(
    [ACS] => 0
    [Forward] => 2S49631
    [Method] => 1
    [PayTimes] => 
    [Approve] => 0416798
    [TranID] => 2409060737602257210134173355
    [TranDate] => 20240906073715
    [CheckString] => 81d0a1adaa328ab111fe2568fa4ce009
    [Amount] => 7920
    [JobCd] => CAPTURE
    [action_status] => 3
    [pay_status] => 13
)
 from 187.251.245.178
2024/09/06 07:37:15 [/shop/user_data/pg_mulpay_recv.php] ******* receiveer data start ******* from 210.175.7.20
2024/09/06 07:37:15 [/shop/user_data/pg_mulpay_recv.php] Array
(
    [ShopID] => 9000034600950
    [ShopPass] => **********
    [AccessID] => ab48d6213c7ea3021f86a53ff57b68e3
    [AccessPass] => ********************************
    [OrderID] => 958788-06073714
    [Status] => CAPTURE
    [JobCd] => CAPTURE
    [Amount] => 7920
    [Tax] => 0
    [Currency] => JPN
    [Forward] => 2S49631
    [Method] => 1
    [PayTimes] => 
    [TranID] => 2409060737602257210134173355
    [Approve] => 0416798
    [TranDate] => 20240906073715
    [ErrCode] => 
    [ErrInfo] => 
    [PayType] => 0
)
 from 210.175.7.20
2024/09/06 07:37:15 [/shop/user_data/pg_mulpay_recv.php] ******* receiveer data end ******* from 210.175.7.20
2024/09/06 07:37:20 [/shop/user_data/pg_mulpay_recv.php] update order status:1 order_id=958788 from 210.175.7.20
2024/09/06 07:37:20 [/shop/user_data/pg_mulpay_recv.php] pg_mulpay_recv.php set payment data:Array
(
    [ShopID] => 9000034600950
    [AccessID] => ab48d6213c7ea3021f86a53ff57b68e3
    [OrderID] => 958788-06073714
    [Status] => CAPTURE
    [JobCd] => CAPTURE
    [Amount] => 7920
    [Tax] => 0
    [Currency] => JPN
    [Forward] => 2S49631
    [Method] => 1
    [PayTimes] => 
    [TranID] => 2409060737602257210134173355
    [Approve] => 0416798
    [TranDate] => 20240906073715
    [ErrCode] => 
    [ErrInfo] => 
    [PayType] => 0
    [CvsCode] => 
    [CvsConfNo] => 
    [CvsReceiptNo] => 
    [EdyReceiptNo] => 
    [EdyOrderNo] => 
    [SuicaReceiptNo] => 
    [SuicaOrderNo] => 
    [CustID] => 
    [BkCode] => 
    [ConfNo] => 
    [PaymentTerm] => 
    [EncryptReceiptNo] => 
    [FinishDate] => 
    [ReceiptDate] => 
    [WebMoneyManagementNo] => 
    [WebMoneySettleCode] => 
    [AuPayInfoNo] => 
    [AuPayMethod] => 
    [AuCancelAmount] => 
    [AuCancelTax] => 
    [DocomoSettlementCode] => 
    [DocomoCancelAmount] => 
    [DocomoCancelTax] => 
    [pay_status] => 13
)
 from 210.175.7.20
2024/09/06 07:37:20 [/shop/user_data/pg_mulpay_recv.php] response:true from 210.175.7.20
2024/09/06 09:40:08 [/shop/shopping/load_payment_module.php] SendRequest:https://p01.mul-pay.jp/payment/EntryTran.idPass from 36.10.56.12
2024/09/06 09:40:08 [/shop/shopping/load_payment_module.php] Array
(
    [ShopID] => 9000034600950
    [ShopPass] => ******
    [OrderID] => 958789-06094008
    [JobCd] => CAPTURE
    [Amount] => 7900
    [TdFlag] => 0
    [TdTenantName] => 
)
 from 36.10.56.12
2024/09/06 09:40:08 [/shop/shopping/load_payment_module.php] AccessID=86c7fefd9b098fa8a5149041579fe2f8&AccessPass=189cc8f71320b006823bd48a34f25351 from 36.10.56.12
2024/09/06 09:40:08 [/shop/shopping/load_payment_module.php] Array
(
    [0] => Array
        (
            [AccessID] => 86c7fefd9b098fa8a5149041579fe2f8
            [AccessPass] => 189cc8f71320b006823bd48a34f25351
        )

)
 from 36.10.56.12
2024/09/06 09:40:08 [/shop/shopping/load_payment_module.php] load_payment_module.php set payment data:Array
(
    [AccessID] => 86c7fefd9b098fa8a5149041579fe2f8
    [AccessPass] => 189cc8f71320b006823bd48a34f25351
    [OrderID] => 958789-06094008
    [Amount] => 7900
    [JobCd] => CAPTURE
    [action_status] => 1
    [pay_status] => 0
)
 from 36.10.56.12
2024/09/06 09:40:08 [/shop/shopping/load_payment_module.php] SendRequest:https://p01.mul-pay.jp/payment/ExecTran.idPass from 36.10.56.12
2024/09/06 09:40:08 [/shop/shopping/load_payment_module.php] Array
(
    [AccessID] => 86c7fefd9b098fa8a5149041579fe2f8
    [AccessPass] => 189cc8f71320b006823bd48a34f25351
    [OrderID] => 958789-06094008
    [Method] => 1
    [Token] => d2a4735cf85204646c62dbef37afeeda8f5784343db048fffb64452c666ab344
    [ClientField1] => 
    [ClientField2] => 
    [ClientField3] => EC-CUBE4.3.35
)
 from 36.10.56.12
2024/09/06 09:40:08 [/shop/shopping/load_payment_module.php] ACS=0&OrderID=958789-06094008&Forward=2S49631&Method=1&PayTimes=&Approve=0002554&TranID=2409060940602257210134173356&TranDate=20240906094008&CheckString=2d4203e8b7e4577c767916de4f6402a9 from 36.10.56.12
2024/09/06 09:40:08 [/shop/shopping/load_payment_module.php] Array
(
    [0] => Array
        (
            [ACS] => 0
            [OrderID] => 958789-06094008
            [Forward] => 2S49631
            [Method] => 1
            [PayTimes] => 
            [Approve] => 0002554
            [TranID] => 2409060940602257210134173356
            [TranDate] => 20240906094008
            [CheckString] => 2d4203e8b7e4577c767916de4f6402a9
        )

)
 from 36.10.56.12
2024/09/06 09:40:08 [/shop/shopping/load_payment_module.php] load_payment_module.php set payment data:Array
(
    [ACS] => 0
    [Forward] => 2S49631
    [Method] => 1
    [PayTimes] => 
    [Approve] => 0002554
    [TranID] => 2409060940602257210134173356
    [TranDate] => 20240906094008
    [CheckString] => 2d4203e8b7e4577c767916de4f6402a9
    [Amount] => 7900
    [JobCd] => CAPTURE
    [action_status] => 3
    [pay_status] => 13
)
 from 36.10.56.12
2024/09/06 09:40:09 [/shop/user_data/pg_mulpay_recv.php] ******* receiveer data start ******* from 210.175.7.20
2024/09/06 09:40:09 [/shop/user_data/pg_mulpay_recv.php] Array
(
    [ShopID] => 9000034600950
    [ShopPass] => **********
    [AccessID] => 86c7fefd9b098fa8a5149041579fe2f8
    [AccessPass] => ********************************
    [OrderID] => 958789-06094008
    [Status] => CAPTURE
    [JobCd] => CAPTURE
    [Amount] => 7900
    [Tax] => 0
    [Currency] => JPN
    [Forward] => 2S49631
    [Method] => 1
    [PayTimes] => 
    [TranID] => 2409060940602257210134173356
    [Approve] => 0002554
    [TranDate] => 20240906094008
    [ErrCode] => 
    [ErrInfo] => 
    [PayType] => 0
)
 from 210.175.7.20
2024/09/06 09:40:09 [/shop/user_data/pg_mulpay_recv.php] ******* receiveer data end ******* from 210.175.7.20
2024/09/06 09:40:14 [/shop/user_data/pg_mulpay_recv.php] update order status:1 order_id=958789 from 210.175.7.20
2024/09/06 09:40:14 [/shop/user_data/pg_mulpay_recv.php] pg_mulpay_recv.php set payment data:Array
(
    [ShopID] => 9000034600950
    [AccessID] => 86c7fefd9b098fa8a5149041579fe2f8
    [OrderID] => 958789-06094008
    [Status] => CAPTURE
    [JobCd] => CAPTURE
    [Amount] => 7900
    [Tax] => 0
    [Currency] => JPN
    [Forward] => 2S49631
    [Method] => 1
    [PayTimes] => 
    [TranID] => 2409060940602257210134173356
    [Approve] => 0002554
    [TranDate] => 20240906094008
    [ErrCode] => 
    [ErrInfo] => 
    [PayType] => 0
    [CvsCode] => 
    [CvsConfNo] => 
    [CvsReceiptNo] => 
    [EdyReceiptNo] => 
    [EdyOrderNo] => 
    [SuicaReceiptNo] => 
    [SuicaOrderNo] => 
    [CustID] => 
    [BkCode] => 
    [ConfNo] => 
    [PaymentTerm] => 
    [EncryptReceiptNo] => 
    [FinishDate] => 
    [ReceiptDate] => 
    [WebMoneyManagementNo] => 
    [WebMoneySettleCode] => 
    [AuPayInfoNo] => 
    [AuPayMethod] => 
    [AuCancelAmount] => 
    [AuCancelTax] => 
    [DocomoSettlementCode] => 
    [DocomoCancelAmount] => 
    [DocomoCancelTax] => 
    [pay_status] => 13
)
 from 210.175.7.20
2024/09/06 09:40:14 [/shop/user_data/pg_mulpay_recv.php] response:true from 210.175.7.20
2024/09/06 12:08:39 [/shop/master/order/edit.php] edit.php set payment data:Array
(
    [no_update_status_flg] => 1
)
 from 114.160.216.147
2024/09/06 12:08:39 [/shop/master/order/edit.php] SendRequest:https://p01.mul-pay.jp/payment/ChangeTran.idPass from 114.160.216.147
2024/09/06 12:08:39 [/shop/master/order/edit.php] Array
(
    [ShopID] => 9000034600950
    [ShopPass] => ******
    [AccessID] => 74e87019a120bcbcb6bacd21cb41bcee
    [AccessPass] => 396bb33d44a5a840e1ec87e89c71899d
    [JobCd] => CAPTURE
    [Amount] => 1140
)
 from 114.160.216.147
2024/09/06 12:08:41 [/shop/master/order/edit.php] ErrCode=G54&ErrInfo=42G540000 from 114.160.216.147
2024/09/06 12:08:41 [/shop/master/order/edit.php] Array
(
    [0] => Array
        (
            [ErrCode] => G54
            [ErrInfo] => 42G540000
        )

)
 from 114.160.216.147
2024/09/06 12:08:41 [/shop/user_data/pg_mulpay_recv.php] ******* receiveer data start ******* from 210.175.7.20
2024/09/06 12:08:41 [/shop/user_data/pg_mulpay_recv.php] Array
(
    [ShopID] => 9000034600950
    [ShopPass] => **********
    [AccessID] => 74e87019a120bcbcb6bacd21cb41bcee
    [AccessPass] => ********************************
    [OrderID] => 958774-05151334
    [Status] => CAPTURE
    [JobCd] => CAPTURE
    [Amount] => 1140
    [Tax] => 0
    [Currency] => JPN
    [Forward] => 2959876
    [Method] => 1
    [PayTimes] => 
    [TranID] => 2409061208602257210134163492
    [Approve] =>        
    [TranDate] => 20240906120841
    [ErrCode] => G54
    [ErrInfo] => 42G540000
    [PayType] => 0
)
 from 210.175.7.20
2024/09/06 12:08:41 [/shop/user_data/pg_mulpay_recv.php] ******* receiveer data end ******* from 210.175.7.20
2024/09/06 12:08:46 [/shop/user_data/pg_mulpay_recv.php] no update order status order_id=958774 from 210.175.7.20
2024/09/06 12:08:46 [/shop/user_data/pg_mulpay_recv.php] pg_mulpay_recv.php set payment data:Array
(
    [ShopID] => 9000034600950
    [AccessID] => 74e87019a120bcbcb6bacd21cb41bcee
    [OrderID] => 958774-05151334
    [Status] => CAPTURE
    [JobCd] => CAPTURE
    [Amount] => 1140
    [Tax] => 0
    [Currency] => JPN
    [Forward] => 2959876
    [Method] => 1
    [PayTimes] => 
    [TranID] => 2409061208602257210134163492
    [TranDate] => 20240906120841
    [ErrCode] => G54
    [ErrInfo] => 42G540000
    [PayType] => 0
    [CvsCode] => 
    [CvsConfNo] => 
    [CvsReceiptNo] => 
    [EdyReceiptNo] => 
    [EdyOrderNo] => 
    [SuicaReceiptNo] => 
    [SuicaOrderNo] => 
    [CustID] => 
    [BkCode] => 
    [ConfNo] => 
    [PaymentTerm] => 
    [EncryptReceiptNo] => 
    [FinishDate] => 
    [ReceiptDate] => 
    [WebMoneyManagementNo] => 
    [WebMoneySettleCode] => 
    [AuPayInfoNo] => 
    [AuPayMethod] => 
    [AuCancelAmount] => 
    [AuCancelTax] => 
    [DocomoSettlementCode] => 
    [DocomoCancelAmount] => 
    [DocomoCancelTax] => 
    [pay_status] => 13
    [no_update_status_flg] => 0
)
 from 210.175.7.20
2024/09/06 12:08:46 [/shop/user_data/pg_mulpay_recv.php] response:true from 210.175.7.20
2024/09/06 13:51:18 [/shop/shopping/load_payment_module.php] SendRequest:https://p01.mul-pay.jp/payment/SearchMember.idPass from 92.203.18.218
2024/09/06 13:51:18 [/shop/shopping/load_payment_module.php] Array
(
    [SiteID] => mst0000007602
    [SitePass] => ******
    [MemberID] => 3060
)
 from 92.203.18.218
2024/09/06 13:51:18 [/shop/shopping/load_payment_module.php] ErrCode=E01&ErrInfo=E01390002 from 92.203.18.218
2024/09/06 13:51:18 [/shop/shopping/load_payment_module.php] Array
(
    [0] => Array
        (
            [ErrCode] => E01
            [ErrInfo] => E01390002
        )

)
 from 92.203.18.218
2024/09/06 13:51:18 [/shop/shopping/load_payment_module.php] SendRequest:https://p01.mul-pay.jp/payment/SearchCard.idPass from 92.203.18.218
2024/09/06 13:51:18 [/shop/shopping/load_payment_module.php] Array
(
    [SiteID] => mst0000007602
    [SitePass] => ******
    [MemberID] => 3060
)
 from 92.203.18.218
2024/09/06 13:51:18 [/shop/shopping/load_payment_module.php] ErrCode=E01|E01&ErrInfo=E01390002|E01240002 from 92.203.18.218
2024/09/06 13:51:18 [/shop/shopping/load_payment_module.php] Array
(
    [0] => Array
        (
            [ErrCode] => E01
            [ErrInfo] => E01390002
        )

    [1] => Array
        (
            [ErrCode] => E01
            [ErrInfo] => E01240002
        )

)
 from 92.203.18.218
2024/09/06 13:52:04 [/shop/shopping/load_payment_module.php] SendRequest:https://p01.mul-pay.jp/payment/SearchMember.idPass from 92.203.18.218
2024/09/06 13:52:04 [/shop/shopping/load_payment_module.php] Array
(
    [SiteID] => mst0000007602
    [SitePass] => ******
    [MemberID] => 3060
)
 from 92.203.18.218
2024/09/06 13:52:04 [/shop/shopping/load_payment_module.php] ErrCode=E01&ErrInfo=E01390002 from 92.203.18.218
2024/09/06 13:52:04 [/shop/shopping/load_payment_module.php] Array
(
    [0] => Array
        (
            [ErrCode] => E01
            [ErrInfo] => E01390002
        )

)
 from 92.203.18.218
2024/09/06 13:52:04 [/shop/shopping/load_payment_module.php] SendRequest:https://p01.mul-pay.jp/payment/SearchCard.idPass from 92.203.18.218
2024/09/06 13:52:04 [/shop/shopping/load_payment_module.php] Array
(
    [SiteID] => mst0000007602
    [SitePass] => ******
    [MemberID] => 3060
)
 from 92.203.18.218
2024/09/06 13:52:04 [/shop/shopping/load_payment_module.php] ErrCode=E01|E01&ErrInfo=E01390002|E01240002 from 92.203.18.218
2024/09/06 13:52:04 [/shop/shopping/load_payment_module.php] Array
(
    [0] => Array
        (
            [ErrCode] => E01
            [ErrInfo] => E01390002
        )

    [1] => Array
        (
            [ErrCode] => E01
            [ErrInfo] => E01240002
        )

)
 from 92.203.18.218
2024/09/06 13:52:04 [/shop/shopping/load_payment_module.php] SendRequest:https://p01.mul-pay.jp/payment/EntryTran.idPass from 92.203.18.218
2024/09/06 13:52:04 [/shop/shopping/load_payment_module.php] Array
(
    [ShopID] => 9000034600950
    [ShopPass] => ******
    [OrderID] => 958790-06135204
    [JobCd] => CAPTURE
    [Amount] => 22000
    [TdFlag] => 0
    [TdTenantName] => 
)
 from 92.203.18.218
2024/09/06 13:52:04 [/shop/shopping/load_payment_module.php] AccessID=a3265942ddb07330b932f4ad24939e25&AccessPass=352ed7798383f419c016728e8ecf601f from 92.203.18.218
2024/09/06 13:52:04 [/shop/shopping/load_payment_module.php] Array
(
    [0] => Array
        (
            [AccessID] => a3265942ddb07330b932f4ad24939e25
            [AccessPass] => 352ed7798383f419c016728e8ecf601f
        )

)
 from 92.203.18.218
2024/09/06 13:52:04 [/shop/shopping/load_payment_module.php] load_payment_module.php set payment data:Array
(
    [AccessID] => a3265942ddb07330b932f4ad24939e25
    [AccessPass] => 352ed7798383f419c016728e8ecf601f
    [OrderID] => 958790-06135204
    [Amount] => 22000
    [JobCd] => CAPTURE
    [action_status] => 1
    [pay_status] => 0
)
 from 92.203.18.218
2024/09/06 13:52:04 [/shop/shopping/load_payment_module.php] SendRequest:https://p01.mul-pay.jp/payment/ExecTran.idPass from 92.203.18.218
2024/09/06 13:52:04 [/shop/shopping/load_payment_module.php] Array
(
    [AccessID] => a3265942ddb07330b932f4ad24939e25
    [AccessPass] => 352ed7798383f419c016728e8ecf601f
    [OrderID] => 958790-06135204
    [Method] => 1
    [Token] => 5c17148ec547f1b15a9ed13bb71538d19278da22cbbeb744f5666db1c10bdfb8
    [ClientField1] => 
    [ClientField2] => 
    [ClientField3] => EC-CUBE4.3.35
)
 from 92.203.18.218
2024/09/06 13:52:05 [/shop/shopping/load_payment_module.php] ACS=0&OrderID=958790-06135204&Forward=2S49631&Method=1&PayTimes=&Approve=0840570&TranID=2409061352602257210134173357&TranDate=20240906135205&CheckString=6dee25d83eb0b0d86c35de9f6016da1d from 92.203.18.218
2024/09/06 13:52:05 [/shop/shopping/load_payment_module.php] Array
(
    [0] => Array
        (
            [ACS] => 0
            [OrderID] => 958790-06135204
            [Forward] => 2S49631
            [Method] => 1
            [PayTimes] => 
            [Approve] => 0840570
            [TranID] => 2409061352602257210134173357
            [TranDate] => 20240906135205
            [CheckString] => 6dee25d83eb0b0d86c35de9f6016da1d
        )

)
 from 92.203.18.218
2024/09/06 13:52:05 [/shop/shopping/load_payment_module.php] load_payment_module.php set payment data:Array
(
    [ACS] => 0
    [Forward] => 2S49631
    [Method] => 1
    [PayTimes] => 
    [Approve] => 0840570
    [TranID] => 2409061352602257210134173357
    [TranDate] => 20240906135205
    [CheckString] => 6dee25d83eb0b0d86c35de9f6016da1d
    [Amount] => 22000
    [JobCd] => CAPTURE
    [action_status] => 3
    [pay_status] => 13
)
 from 92.203.18.218
2024/09/06 13:52:05 [/shop/user_data/pg_mulpay_recv.php] ******* receiveer data start ******* from 210.175.7.20
2024/09/06 13:52:05 [/shop/user_data/pg_mulpay_recv.php] Array
(
    [ShopID] => 9000034600950
    [ShopPass] => **********
    [AccessID] => a3265942ddb07330b932f4ad24939e25
    [AccessPass] => ********************************
    [OrderID] => 958790-06135204
    [Status] => CAPTURE
    [JobCd] => CAPTURE
    [Amount] => 22000
    [Tax] => 0
    [Currency] => JPN
    [Forward] => 2S49631
    [Method] => 1
    [PayTimes] => 
    [TranID] => 2409061352602257210134173357
    [Approve] => 0840570
    [TranDate] => 20240906135205
    [ErrCode] => 
    [ErrInfo] => 
    [PayType] => 0
)
 from 210.175.7.20
2024/09/06 13:52:05 [/shop/user_data/pg_mulpay_recv.php] ******* receiveer data end ******* from 210.175.7.20
2024/09/06 13:52:10 [/shop/user_data/pg_mulpay_recv.php] update order status:1 order_id=958790 from 210.175.7.20
2024/09/06 13:52:10 [/shop/user_data/pg_mulpay_recv.php] pg_mulpay_recv.php set payment data:Array
(
    [ShopID] => 9000034600950
    [AccessID] => a3265942ddb07330b932f4ad24939e25
    [OrderID] => 958790-06135204
    [Status] => CAPTURE
    [JobCd] => CAPTURE
    [Amount] => 22000
    [Tax] => 0
    [Currency] => JPN
    [Forward] => 2S49631
    [Method] => 1
    [PayTimes] => 
    [TranID] => 2409061352602257210134173357
    [Approve] => 0840570
    [TranDate] => 20240906135205
    [ErrCode] => 
    [ErrInfo] => 
    [PayType] => 0
    [CvsCode] => 
    [CvsConfNo] => 
    [CvsReceiptNo] => 
    [EdyReceiptNo] => 
    [EdyOrderNo] => 
    [SuicaReceiptNo] => 
    [SuicaOrderNo] => 
    [CustID] => 
    [BkCode] => 
    [ConfNo] => 
    [PaymentTerm] => 
    [EncryptReceiptNo] => 
    [FinishDate] => 
    [ReceiptDate] => 
    [WebMoneyManagementNo] => 
    [WebMoneySettleCode] => 
    [AuPayInfoNo] => 
    [AuPayMethod] => 
    [AuCancelAmount] => 
    [AuCancelTax] => 
    [DocomoSettlementCode] => 
    [DocomoCancelAmount] => 
    [DocomoCancelTax] => 
    [pay_status] => 13
)
 from 210.175.7.20
2024/09/06 13:52:10 [/shop/user_data/pg_mulpay_recv.php] response:true from 210.175.7.20
2024/09/06 14:26:34 [/shop/shopping/load_payment_module.php] SendRequest:https://p01.mul-pay.jp/payment/SearchMember.idPass from 126.1.5.225
2024/09/06 14:26:34 [/shop/shopping/load_payment_module.php] Array
(
    [SiteID] => mst0000007602
    [SitePass] => ******
    [MemberID] => 11609
)
 from 126.1.5.225
2024/09/06 14:26:34 [/shop/shopping/load_payment_module.php] MemberID=11609&MemberName=r64436d4230f30hNRmXTeC&DeleteFlag=0 from 126.1.5.225
2024/09/06 14:26:34 [/shop/shopping/load_payment_module.php] Array
(
    [0] => Array
        (
            [MemberID] => 11609
            [MemberName] => r64436d4230f30hNRmXTeC
            [DeleteFlag] => 0
        )

)
 from 126.1.5.225
2024/09/06 14:26:34 [/shop/shopping/load_payment_module.php] SendRequest:https://p01.mul-pay.jp/payment/SearchCard.idPass from 126.1.5.225
2024/09/06 14:26:34 [/shop/shopping/load_payment_module.php] Array
(
    [SiteID] => mst0000007602
    [SitePass] => ******
    [MemberID] => 11609
)
 from 126.1.5.225
2024/09/06 14:26:34 [/shop/shopping/load_payment_module.php] CardSeq=0&DefaultFlag=1&CardName=&CardNo=*************844&Expire=2606&HolderName=AXELDEROUBAIX&DeleteFlag=0 from 126.1.5.225
2024/09/06 14:26:34 [/shop/shopping/load_payment_module.php] Array
(
    [0] => Array
        (
            [CardSeq] => 0
            [DefaultFlag] => 1
            [CardName] => 
            [CardNo] => *************844
            [Expire] => 2606
            [HolderName] => AXELDEROUBAIX
            [DeleteFlag] => 0
        )

)
 from 126.1.5.225
2024/09/06 14:26:47 [/shop/shopping/load_payment_module.php] SendRequest:https://p01.mul-pay.jp/payment/SearchMember.idPass from 126.1.5.225
2024/09/06 14:26:47 [/shop/shopping/load_payment_module.php] Array
(
    [SiteID] => mst0000007602
    [SitePass] => ******
    [MemberID] => 11609
)
 from 126.1.5.225
2024/09/06 14:26:47 [/shop/shopping/load_payment_module.php] MemberID=11609&MemberName=r64436d4230f30hNRmXTeC&DeleteFlag=0 from 126.1.5.225
2024/09/06 14:26:47 [/shop/shopping/load_payment_module.php] Array
(
    [0] => Array
        (
            [MemberID] => 11609
            [MemberName] => r64436d4230f30hNRmXTeC
            [DeleteFlag] => 0
        )

)
 from 126.1.5.225
2024/09/06 14:26:47 [/shop/shopping/load_payment_module.php] SendRequest:https://p01.mul-pay.jp/payment/SearchCard.idPass from 126.1.5.225
2024/09/06 14:26:47 [/shop/shopping/load_payment_module.php] Array
(
    [SiteID] => mst0000007602
    [SitePass] => ******
    [MemberID] => 11609
)
 from 126.1.5.225
2024/09/06 14:26:47 [/shop/shopping/load_payment_module.php] CardSeq=0&DefaultFlag=1&CardName=&CardNo=*************844&Expire=2606&HolderName=AXELDEROUBAIX&DeleteFlag=0 from 126.1.5.225
2024/09/06 14:26:47 [/shop/shopping/load_payment_module.php] Array
(
    [0] => Array
        (
            [CardSeq] => 0
            [DefaultFlag] => 1
            [CardName] => 
            [CardNo] => *************844
            [Expire] => 2606
            [HolderName] => AXELDEROUBAIX
            [DeleteFlag] => 0
        )

)
 from 126.1.5.225
2024/09/06 14:26:47 [/shop/shopping/load_payment_module.php] SendRequest:https://p01.mul-pay.jp/payment/EntryTran.idPass from 126.1.5.225
2024/09/06 14:26:47 [/shop/shopping/load_payment_module.php] Array
(
    [ShopID] => 9000034600950
    [ShopPass] => ******
    [OrderID] => 958791-06142647
    [JobCd] => CAPTURE
    [Amount] => 16500
    [TdFlag] => 0
    [TdTenantName] => 
)
 from 126.1.5.225
2024/09/06 14:26:47 [/shop/shopping/load_payment_module.php] AccessID=6a824b060ca291a7eb81bbbd0037875d&AccessPass=c4bd322c685273f5911299e96ebdb5ff from 126.1.5.225
2024/09/06 14:26:47 [/shop/shopping/load_payment_module.php] Array
(
    [0] => Array
        (
            [AccessID] => 6a824b060ca291a7eb81bbbd0037875d
            [AccessPass] => c4bd322c685273f5911299e96ebdb5ff
        )

)
 from 126.1.5.225
2024/09/06 14:26:47 [/shop/shopping/load_payment_module.php] load_payment_module.php set payment data:Array
(
    [AccessID] => 6a824b060ca291a7eb81bbbd0037875d
    [AccessPass] => c4bd322c685273f5911299e96ebdb5ff
    [OrderID] => 958791-06142647
    [Amount] => 16500
    [JobCd] => CAPTURE
    [action_status] => 1
    [pay_status] => 0
)
 from 126.1.5.225
2024/09/06 14:26:47 [/shop/shopping/load_payment_module.php] SendRequest:https://p01.mul-pay.jp/payment/ExecTran.idPass from 126.1.5.225
2024/09/06 14:26:47 [/shop/shopping/load_payment_module.php] Array
(
    [AccessID] => 6a824b060ca291a7eb81bbbd0037875d
    [AccessPass] => c4bd322c685273f5911299e96ebdb5ff
    [OrderID] => 958791-06142647
    [Method] => 1
    [Token] => 275c0113d9c07c6709d31d72f28bedeaf5b6506d18c5b177453582fb44755ff8
    [ClientField1] => 
    [ClientField2] => 
    [ClientField3] => EC-CUBE4.3.35
)
 from 126.1.5.225
2024/09/06 14:26:48 [/shop/shopping/load_payment_module.php] ACS=0&OrderID=958791-06142647&Forward=2S49631&Method=1&PayTimes=&Approve=0260075&TranID=2409061426602257210134173358&TranDate=20240906142648&CheckString=aada32e8e2b69c3f5805cae854af541a from 126.1.5.225
2024/09/06 14:26:48 [/shop/shopping/load_payment_module.php] Array
(
    [0] => Array
        (
            [ACS] => 0
            [OrderID] => 958791-06142647
            [Forward] => 2S49631
            [Method] => 1
            [PayTimes] => 
            [Approve] => 0260075
            [TranID] => 2409061426602257210134173358
            [TranDate] => 20240906142648
            [CheckString] => aada32e8e2b69c3f5805cae854af541a
        )

)
 from 126.1.5.225
2024/09/06 14:26:48 [/shop/shopping/load_payment_module.php] load_payment_module.php set payment data:Array
(
    [ACS] => 0
    [Forward] => 2S49631
    [Method] => 1
    [PayTimes] => 
    [Approve] => 0260075
    [TranID] => 2409061426602257210134173358
    [TranDate] => 20240906142648
    [CheckString] => aada32e8e2b69c3f5805cae854af541a
    [Amount] => 16500
    [JobCd] => CAPTURE
    [action_status] => 3
    [pay_status] => 13
)
 from 126.1.5.225
2024/09/06 14:26:48 [/shop/user_data/pg_mulpay_recv.php] ******* receiveer data start ******* from 210.175.7.20
2024/09/06 14:26:48 [/shop/user_data/pg_mulpay_recv.php] Array
(
    [ShopID] => 9000034600950
    [ShopPass] => **********
    [AccessID] => 6a824b060ca291a7eb81bbbd0037875d
    [AccessPass] => ********************************
    [OrderID] => 958791-06142647
    [Status] => CAPTURE
    [JobCd] => CAPTURE
    [Amount] => 16500
    [Tax] => 0
    [Currency] => JPN
    [Forward] => 2S49631
    [Method] => 1
    [PayTimes] => 
    [TranID] => 2409061426602257210134173358
    [Approve] => 0260075
    [TranDate] => 20240906142648
    [ErrCode] => 
    [ErrInfo] => 
    [PayType] => 0
)
 from 210.175.7.20
2024/09/06 14:26:48 [/shop/user_data/pg_mulpay_recv.php] ******* receiveer data end ******* from 210.175.7.20
2024/09/06 14:26:53 [/shop/user_data/pg_mulpay_recv.php] update order status:1 order_id=958791 from 210.175.7.20
2024/09/06 14:26:53 [/shop/user_data/pg_mulpay_recv.php] pg_mulpay_recv.php set payment data:Array
(
    [ShopID] => 9000034600950
    [AccessID] => 6a824b060ca291a7eb81bbbd0037875d
    [OrderID] => 958791-06142647
    [Status] => CAPTURE
    [JobCd] => CAPTURE
    [Amount] => 16500
    [Tax] => 0
    [Currency] => JPN
    [Forward] => 2S49631
    [Method] => 1
    [PayTimes] => 
    [TranID] => 2409061426602257210134173358
    [Approve] => 0260075
    [TranDate] => 20240906142648
    [ErrCode] => 
    [ErrInfo] => 
    [PayType] => 0
    [CvsCode] => 
    [CvsConfNo] => 
    [CvsReceiptNo] => 
    [EdyReceiptNo] => 
    [EdyOrderNo] => 
    [SuicaReceiptNo] => 
    [SuicaOrderNo] => 
    [CustID] => 
    [BkCode] => 
    [ConfNo] => 
    [PaymentTerm] => 
    [EncryptReceiptNo] => 
    [FinishDate] => 
    [ReceiptDate] => 
    [WebMoneyManagementNo] => 
    [WebMoneySettleCode] => 
    [AuPayInfoNo] => 
    [AuPayMethod] => 
    [AuCancelAmount] => 
    [AuCancelTax] => 
    [DocomoSettlementCode] => 
    [DocomoCancelAmount] => 
    [DocomoCancelTax] => 
    [pay_status] => 13
)
 from 210.175.7.20
2024/09/06 14:26:53 [/shop/user_data/pg_mulpay_recv.php] response:true from 210.175.7.20
2024/09/06 17:27:43 [/shop/master/order/edit.php] edit.php set payment data:Array
(
    [no_update_status_flg] => 1
)
 from 114.160.216.147
2024/09/06 17:27:43 [/shop/master/order/edit.php] SendRequest:https://p01.mul-pay.jp/payment/ChangeTran.idPass from 114.160.216.147
2024/09/06 17:27:43 [/shop/master/order/edit.php] Array
(
    [ShopID] => 9000034600950
    [ShopPass] => ******
    [AccessID] => d5ff9fa251fc3b64cebf1bb3ed9c12cf
    [AccessPass] => c303123a03a7ecd1f677363d4278c197
    [JobCd] => CAPTURE
    [Amount] => 16990
)
 from 114.160.216.147
2024/09/06 17:27:44 [/shop/master/order/edit.php] AccessID=d5ff9fa251fc3b64cebf1bb3ed9c12cf&AccessPass=c303123a03a7ecd1f677363d4278c197&Forward=2S49631&Approve=0264813&TranID=2409061727602257210134183393&TranDate=20240906172744 from 114.160.216.147
2024/09/06 17:27:44 [/shop/master/order/edit.php] Array
(
    [0] => Array
        (
            [AccessID] => d5ff9fa251fc3b64cebf1bb3ed9c12cf
            [AccessPass] => c303123a03a7ecd1f677363d4278c197
            [Forward] => 2S49631
            [Approve] => 0264813
            [TranID] => 2409061727602257210134183393
            [TranDate] => 20240906172744
        )

)
 from 114.160.216.147
2024/09/06 17:27:44 [/shop/master/order/edit.php] edit.php set payment data:Array
(
    [AccessID] => d5ff9fa251fc3b64cebf1bb3ed9c12cf
    [AccessPass] => c303123a03a7ecd1f677363d4278c197
    [Forward] => 2S49631
    [Approve] => 0264813
    [TranID] => 2409061727602257210134183393
    [TranDate] => 20240906172744
    [action_status] => 6
    [pay_status] => 13
    [JobCd] => CAPTURE
    [Amount] => 16990
)
 from 114.160.216.147
2024/09/06 17:27:44 [/shop/user_data/pg_mulpay_recv.php] ******* receiveer data start ******* from 210.175.7.20
2024/09/06 17:27:44 [/shop/user_data/pg_mulpay_recv.php] Array
(
    [ShopID] => 9000034600950
    [ShopPass] => **********
    [AccessID] => d5ff9fa251fc3b64cebf1bb3ed9c12cf
    [AccessPass] => ********************************
    [OrderID] => 958241-10120336
    [Status] => RETURNX
    [JobCd] => RETURNX
    [Amount] => 16500
    [Tax] => 0
    [Currency] => JPN
    [Forward] => 2S49631
    [Method] => 1
    [PayTimes] => 
    [TranID] => 2409061727602257210134163493
    [Approve] =>        
    [TranDate] => 20240906172744
    [ErrCode] => 
    [ErrInfo] => 
    [PayType] => 0
)
 from 210.175.7.20
2024/09/06 17:27:44 [/shop/user_data/pg_mulpay_recv.php] ******* receiveer data end ******* from 210.175.7.20
2024/09/06 17:27:44 [/shop/user_data/pg_mulpay_recv.php] ******* receiveer data start ******* from 210.175.7.20
2024/09/06 17:27:44 [/shop/user_data/pg_mulpay_recv.php] Array
(
    [ShopID] => 9000034600950
    [ShopPass] => **********
    [AccessID] => d5ff9fa251fc3b64cebf1bb3ed9c12cf
    [AccessPass] => ********************************
    [OrderID] => 958241-10120336
    [Status] => CAPTURE
    [JobCd] => CAPTURE
    [Amount] => 16990
    [Tax] => 0
    [Currency] => JPN
    [Forward] => 2S49631
    [Method] => 1
    [PayTimes] => 
    [TranID] => 2409061727602257210134183393
    [Approve] => 0264813
    [TranDate] => 20240906172744
    [ErrCode] => 
    [ErrInfo] => 
    [PayType] => 0
)
 from 210.175.7.20
2024/09/06 17:27:44 [/shop/user_data/pg_mulpay_recv.php] ******* receiveer data end ******* from 210.175.7.20
2024/09/06 17:27:45 [/shop/user_data/pg_mulpay_recv.php] pg_mulpay_recv.php set payment data:Array
(
    [ShopID] => 9000034600950
    [AccessID] => d5ff9fa251fc3b64cebf1bb3ed9c12cf
    [OrderID] => 958241-10120336
    [Status] => RETURNX
    [JobCd] => RETURNX
    [Amount] => 16500
    [Tax] => 0
    [Currency] => JPN
    [Forward] => 2S49631
    [Method] => 1
    [PayTimes] => 
    [TranID] => 2409061727602257210134163493
    [TranDate] => 20240906172744
    [ErrCode] => 
    [ErrInfo] => 
    [PayType] => 0
    [CvsCode] => 
    [CvsConfNo] => 
    [CvsReceiptNo] => 
    [EdyReceiptNo] => 
    [EdyOrderNo] => 
    [SuicaReceiptNo] => 
    [SuicaOrderNo] => 
    [CustID] => 
    [BkCode] => 
    [ConfNo] => 
    [PaymentTerm] => 
    [EncryptReceiptNo] => 
    [FinishDate] => 
    [ReceiptDate] => 
    [WebMoneyManagementNo] => 
    [WebMoneySettleCode] => 
    [AuPayInfoNo] => 
    [AuPayMethod] => 
    [AuCancelAmount] => 
    [AuCancelTax] => 
    [DocomoSettlementCode] => 
    [DocomoCancelAmount] => 
    [DocomoCancelTax] => 
    [pay_status] => 16
)
 from 210.175.7.20
2024/09/06 17:27:45 [/shop/user_data/pg_mulpay_recv.php] response:true from 210.175.7.20
2024/09/06 17:27:50 [/shop/user_data/pg_mulpay_recv.php] no update order status order_id=958241 from 210.175.7.20
2024/09/06 17:27:50 [/shop/user_data/pg_mulpay_recv.php] pg_mulpay_recv.php set payment data:Array
(
    [ShopID] => 9000034600950
    [AccessID] => d5ff9fa251fc3b64cebf1bb3ed9c12cf
    [OrderID] => 958241-10120336
    [Status] => CAPTURE
    [JobCd] => CAPTURE
    [Amount] => 16990
    [Tax] => 0
    [Currency] => JPN
    [Forward] => 2S49631
    [Method] => 1
    [PayTimes] => 
    [TranID] => 2409061727602257210134183393
    [Approve] => 0264813
    [TranDate] => 20240906172744
    [ErrCode] => 
    [ErrInfo] => 
    [PayType] => 0
    [CvsCode] => 
    [CvsConfNo] => 
    [CvsReceiptNo] => 
    [EdyReceiptNo] => 
    [EdyOrderNo] => 
    [SuicaReceiptNo] => 
    [SuicaOrderNo] => 
    [CustID] => 
    [BkCode] => 
    [ConfNo] => 
    [PaymentTerm] => 
    [EncryptReceiptNo] => 
    [FinishDate] => 
    [ReceiptDate] => 
    [WebMoneyManagementNo] => 
    [WebMoneySettleCode] => 
    [AuPayInfoNo] => 
    [AuPayMethod] => 
    [AuCancelAmount] => 
    [AuCancelTax] => 
    [DocomoSettlementCode] => 
    [DocomoCancelAmount] => 
    [DocomoCancelTax] => 
    [pay_status] => 13
    [no_update_status_flg] => 0
)
 from 210.175.7.20
2024/09/06 17:27:50 [/shop/user_data/pg_mulpay_recv.php] response:true from 210.175.7.20
2024/09/06 17:28:02 [/shop/master/order/edit.php] SendRequest:https://p01.mul-pay.jp/payment/SearchTrade.idPass from 114.160.216.147
2024/09/06 17:28:02 [/shop/master/order/edit.php] Array
(
    [ShopID] => 9000034600950
    [ShopPass] => ******
    [OrderID] => 958241-10120336
)
 from 114.160.216.147
2024/09/06 17:28:03 [/shop/master/order/edit.php] OrderID=958241-10120336&Status=CAPTURE&ProcessDate=20240906172744&JobCd=CAPTURE&AccessID=d5ff9fa251fc3b64cebf1bb3ed9c12cf&AccessPass=c303123a03a7ecd1f677363d4278c197&ItemCode=0000990&Amount=16990&Tax=0&SiteID=&MemberID=&CardNo=************4018&Expire=2902&Method=1&PayTimes=&Forward=2S49631&TranID=2409061727602257210134183393&Approve=0264813&ClientField1=&ClientField2=&ClientField3=EC-CUBE4.3.35 from 114.160.216.147
2024/09/06 17:28:03 [/shop/master/order/edit.php] Array
(
    [0] => Array
        (
            [OrderID] => 958241-10120336
            [Status] => CAPTURE
            [ProcessDate] => 20240906172744
            [JobCd] => CAPTURE
            [AccessID] => d5ff9fa251fc3b64cebf1bb3ed9c12cf
            [AccessPass] => c303123a03a7ecd1f677363d4278c197
            [ItemCode] => 0000990
            [Amount] => 16990
            [Tax] => 0
            [SiteID] => 
            [MemberID] => 
            [CardNo] => ************4018
            [Expire] => 2902
            [Method] => 1
            [PayTimes] => 
            [Forward] => 2S49631
            [TranID] => 2409061727602257210134183393
            [Approve] => 0264813
            [ClientField1] => 
            [ClientField2] => 
            [ClientField3] => EC-CUBE4.3.35
        )

)
 from 114.160.216.147
2024/09/06 17:28:03 [/shop/master/order/edit.php] edit.php set payment data:Array
(
    [OrderID] => 958241-10120336
    [Status] => CAPTURE
    [ProcessDate] => 20240906172744
    [JobCd] => CAPTURE
    [AccessID] => d5ff9fa251fc3b64cebf1bb3ed9c12cf
    [AccessPass] => c303123a03a7ecd1f677363d4278c197
    [ItemCode] => 0000990
    [Amount] => 16990
    [Tax] => 0
    [SiteID] => 
    [MemberID] => 
    [CardNo] => ************4018
    [Expire] => 2902
    [Method] => 1
    [PayTimes] => 
    [Forward] => 2S49631
    [TranID] => 2409061727602257210134183393
    [Approve] => 0264813
    [ClientField1] => 
    [ClientField2] => 
    [ClientField3] => EC-CUBE4.3.35
    [action_status] => 6
    [pay_status] => 13
)
 from 114.160.216.147
2024/09/06 18:00:49 [/shop/master/order/edit.php] edit.php set payment data:Array
(
    [no_update_status_flg] => 1
)
 from 114.160.216.147
2024/09/06 18:00:49 [/shop/master/order/edit.php] SendRequest:https://p01.mul-pay.jp/payment/ChangeTran.idPass from 114.160.216.147
2024/09/06 18:00:49 [/shop/master/order/edit.php] Array
(
    [ShopID] => 9000034600950
    [ShopPass] => ******
    [AccessID] => 5c6a046d836af2e46cdc461767e45609
    [AccessPass] => 21d4bc45a832c2a731c4c1c1b2fd56a1
    [JobCd] => CAPTURE
    [Amount] => 8290
)
 from 114.160.216.147
2024/09/06 18:00:51 [/shop/master/order/edit.php] AccessID=5c6a046d836af2e46cdc461767e45609&AccessPass=21d4bc45a832c2a731c4c1c1b2fd56a1&Forward=2S49631&Approve=0668824&TranID=2409061800602257210134153489&TranDate=20240906180051 from 114.160.216.147
2024/09/06 18:00:51 [/shop/master/order/edit.php] Array
(
    [0] => Array
        (
            [AccessID] => 5c6a046d836af2e46cdc461767e45609
            [AccessPass] => 21d4bc45a832c2a731c4c1c1b2fd56a1
            [Forward] => 2S49631
            [Approve] => 0668824
            [TranID] => 2409061800602257210134153489
            [TranDate] => 20240906180051
        )

)
 from 114.160.216.147
2024/09/06 18:00:51 [/shop/master/order/edit.php] edit.php set payment data:Array
(
    [AccessID] => 5c6a046d836af2e46cdc461767e45609
    [AccessPass] => 21d4bc45a832c2a731c4c1c1b2fd56a1
    [Forward] => 2S49631
    [Approve] => 0668824
    [TranID] => 2409061800602257210134153489
    [TranDate] => 20240906180051
    [action_status] => 6
    [pay_status] => 13
    [JobCd] => CAPTURE
    [Amount] => 8290
)
 from 114.160.216.147
2024/09/06 18:00:51 [/shop/user_data/pg_mulpay_recv.php] ******* receiveer data start ******* from 210.175.7.20
2024/09/06 18:00:51 [/shop/user_data/pg_mulpay_recv.php] Array
(
    [ShopID] => 9000034600950
    [ShopPass] => **********
    [AccessID] => 5c6a046d836af2e46cdc461767e45609
    [AccessPass] => ********************************
    [OrderID] => 958572-16182858
    [Status] => RETURNX
    [JobCd] => RETURNX
    [Amount] => 7410
    [Tax] => 0
    [Currency] => JPN
    [Forward] => 2S49631
    [Method] => 1
    [PayTimes] => 
    [TranID] => 2409061800602257210134153488
    [Approve] => 0011694
    [TranDate] => 20240906180051
    [ErrCode] => 
    [ErrInfo] => 
    [PayType] => 0
)
 from 210.175.7.20
2024/09/06 18:00:51 [/shop/user_data/pg_mulpay_recv.php] ******* receiveer data end ******* from 210.175.7.20
2024/09/06 18:00:51 [/shop/user_data/pg_mulpay_recv.php] pg_mulpay_recv.php set payment data:Array
(
    [ShopID] => 9000034600950
    [AccessID] => 5c6a046d836af2e46cdc461767e45609
    [OrderID] => 958572-16182858
    [Status] => RETURNX
    [JobCd] => RETURNX
    [Amount] => 7410
    [Tax] => 0
    [Currency] => JPN
    [Forward] => 2S49631
    [Method] => 1
    [PayTimes] => 
    [TranID] => 2409061800602257210134153488
    [Approve] => 0011694
    [TranDate] => 20240906180051
    [ErrCode] => 
    [ErrInfo] => 
    [PayType] => 0
    [CvsCode] => 
    [CvsConfNo] => 
    [CvsReceiptNo] => 
    [EdyReceiptNo] => 
    [EdyOrderNo] => 
    [SuicaReceiptNo] => 
    [SuicaOrderNo] => 
    [CustID] => 
    [BkCode] => 
    [ConfNo] => 
    [PaymentTerm] => 
    [EncryptReceiptNo] => 
    [FinishDate] => 
    [ReceiptDate] => 
    [WebMoneyManagementNo] => 
    [WebMoneySettleCode] => 
    [AuPayInfoNo] => 
    [AuPayMethod] => 
    [AuCancelAmount] => 
    [AuCancelTax] => 
    [DocomoSettlementCode] => 
    [DocomoCancelAmount] => 
    [DocomoCancelTax] => 
    [pay_status] => 16
)
 from 210.175.7.20
2024/09/06 18:00:51 [/shop/user_data/pg_mulpay_recv.php] ******* receiveer data start ******* from 210.175.7.20
2024/09/06 18:00:51 [/shop/user_data/pg_mulpay_recv.php] Array
(
    [ShopID] => 9000034600950
    [ShopPass] => **********
    [AccessID] => 5c6a046d836af2e46cdc461767e45609
    [AccessPass] => ********************************
    [OrderID] => 958572-16182858
    [Status] => CAPTURE
    [JobCd] => CAPTURE
    [Amount] => 8290
    [Tax] => 0
    [Currency] => JPN
    [Forward] => 2S49631
    [Method] => 1
    [PayTimes] => 
    [TranID] => 2409061800602257210134153489
    [Approve] => 0668824
    [TranDate] => 20240906180051
    [ErrCode] => 
    [ErrInfo] => 
    [PayType] => 0
)
 from 210.175.7.20
2024/09/06 18:00:51 [/shop/user_data/pg_mulpay_recv.php] ******* receiveer data end ******* from 210.175.7.20
2024/09/06 18:00:51 [/shop/user_data/pg_mulpay_recv.php] response:true from 210.175.7.20
2024/09/06 18:00:56 [/shop/user_data/pg_mulpay_recv.php] no update order status order_id=958572 from 210.175.7.20
2024/09/06 18:00:56 [/shop/user_data/pg_mulpay_recv.php] pg_mulpay_recv.php set payment data:Array
(
    [ShopID] => 9000034600950
    [AccessID] => 5c6a046d836af2e46cdc461767e45609
    [OrderID] => 958572-16182858
    [Status] => CAPTURE
    [JobCd] => CAPTURE
    [Amount] => 8290
    [Tax] => 0
    [Currency] => JPN
    [Forward] => 2S49631
    [Method] => 1
    [PayTimes] => 
    [TranID] => 2409061800602257210134153489
    [Approve] => 0668824
    [TranDate] => 20240906180051
    [ErrCode] => 
    [ErrInfo] => 
    [PayType] => 0
    [CvsCode] => 
    [CvsConfNo] => 
    [CvsReceiptNo] => 
    [EdyReceiptNo] => 
    [EdyOrderNo] => 
    [SuicaReceiptNo] => 
    [SuicaOrderNo] => 
    [CustID] => 
    [BkCode] => 
    [ConfNo] => 
    [PaymentTerm] => 
    [EncryptReceiptNo] => 
    [FinishDate] => 
    [ReceiptDate] => 
    [WebMoneyManagementNo] => 
    [WebMoneySettleCode] => 
    [AuPayInfoNo] => 
    [AuPayMethod] => 
    [AuCancelAmount] => 
    [AuCancelTax] => 
    [DocomoSettlementCode] => 
    [DocomoCancelAmount] => 
    [DocomoCancelTax] => 
    [pay_status] => 13
    [no_update_status_flg] => 0
)
 from 210.175.7.20
2024/09/06 18:00:56 [/shop/user_data/pg_mulpay_recv.php] response:true from 210.175.7.20
2024/09/06 18:01:12 [/shop/master/order/edit.php] SendRequest:https://p01.mul-pay.jp/payment/SearchTrade.idPass from 114.160.216.147
2024/09/06 18:01:12 [/shop/master/order/edit.php] Array
(
    [ShopID] => 9000034600950
    [ShopPass] => ******
    [OrderID] => 958572-16182858
)
 from 114.160.216.147
2024/09/06 18:01:12 [/shop/master/order/edit.php] OrderID=958572-16182858&Status=CAPTURE&ProcessDate=20240906180051&JobCd=CAPTURE&AccessID=5c6a046d836af2e46cdc461767e45609&AccessPass=21d4bc45a832c2a731c4c1c1b2fd56a1&ItemCode=0000990&Amount=8290&Tax=0&SiteID=&MemberID=&CardNo=************2656&Expire=2607&Method=1&PayTimes=&Forward=2S49631&TranID=2409061800602257210134153489&Approve=0668824&ClientField1=&ClientField2=&ClientField3=EC-CUBE4.3.35 from 114.160.216.147
2024/09/06 18:01:12 [/shop/master/order/edit.php] Array
(
    [0] => Array
        (
            [OrderID] => 958572-16182858
            [Status] => CAPTURE
            [ProcessDate] => 20240906180051
            [JobCd] => CAPTURE
            [AccessID] => 5c6a046d836af2e46cdc461767e45609
            [AccessPass] => 21d4bc45a832c2a731c4c1c1b2fd56a1
            [ItemCode] => 0000990
            [Amount] => 8290
            [Tax] => 0
            [SiteID] => 
            [MemberID] => 
            [CardNo] => ************2656
            [Expire] => 2607
            [Method] => 1
            [PayTimes] => 
            [Forward] => 2S49631
            [TranID] => 2409061800602257210134153489
            [Approve] => 0668824
            [ClientField1] => 
            [ClientField2] => 
            [ClientField3] => EC-CUBE4.3.35
        )

)
 from 114.160.216.147
2024/09/06 18:01:12 [/shop/master/order/edit.php] edit.php set payment data:Array
(
    [OrderID] => 958572-16182858
    [Status] => CAPTURE
    [ProcessDate] => 20240906180051
    [JobCd] => CAPTURE
    [AccessID] => 5c6a046d836af2e46cdc461767e45609
    [AccessPass] => 21d4bc45a832c2a731c4c1c1b2fd56a1
    [ItemCode] => 0000990
    [Amount] => 8290
    [Tax] => 0
    [SiteID] => 
    [MemberID] => 
    [CardNo] => ************2656
    [Expire] => 2607
    [Method] => 1
    [PayTimes] => 
    [Forward] => 2S49631
    [TranID] => 2409061800602257210134153489
    [Approve] => 0668824
    [ClientField1] => 
    [ClientField2] => 
    [ClientField3] => EC-CUBE4.3.35
    [action_status] => 6
    [pay_status] => 13
)
 from 114.160.216.147
2024/09/06 18:18:02 [/shop/shopping/load_payment_module.php] SendRequest:https://p01.mul-pay.jp/payment/EntryTran.idPass from 5.178.76.67
2024/09/06 18:18:02 [/shop/shopping/load_payment_module.php] Array
(
    [ShopID] => 9000034600950
    [ShopPass] => ******
    [OrderID] => 958792-06181802
    [JobCd] => CAPTURE
    [Amount] => 8050
    [TdFlag] => 0
    [TdTenantName] => 
)
 from 5.178.76.67
2024/09/06 18:18:02 [/shop/shopping/load_payment_module.php] AccessID=80cb22266fed61f2d83686010e53279e&AccessPass=93b6185825fefeac0bd31cf22eaf51ba from 5.178.76.67
2024/09/06 18:18:02 [/shop/shopping/load_payment_module.php] Array
(
    [0] => Array
        (
            [AccessID] => 80cb22266fed61f2d83686010e53279e
            [AccessPass] => 93b6185825fefeac0bd31cf22eaf51ba
        )

)
 from 5.178.76.67
2024/09/06 18:18:02 [/shop/shopping/load_payment_module.php] load_payment_module.php set payment data:Array
(
    [AccessID] => 80cb22266fed61f2d83686010e53279e
    [AccessPass] => 93b6185825fefeac0bd31cf22eaf51ba
    [OrderID] => 958792-06181802
    [Amount] => 8050
    [JobCd] => CAPTURE
    [action_status] => 1
    [pay_status] => 0
)
 from 5.178.76.67
2024/09/06 18:18:02 [/shop/shopping/load_payment_module.php] SendRequest:https://p01.mul-pay.jp/payment/ExecTran.idPass from 5.178.76.67
2024/09/06 18:18:02 [/shop/shopping/load_payment_module.php] Array
(
    [AccessID] => 80cb22266fed61f2d83686010e53279e
    [AccessPass] => 93b6185825fefeac0bd31cf22eaf51ba
    [OrderID] => 958792-06181802
    [Method] => 1
    [Token] => ea5fa7b357063b94fa23635fe38f7ca52a7e50672276d85ccea8843e83411a59
    [ClientField1] => 
    [ClientField2] => 
    [ClientField3] => EC-CUBE4.3.35
)
 from 5.178.76.67
2024/09/06 18:18:03 [/shop/shopping/load_payment_module.php] ACS=0&OrderID=958792-06181802&Forward=2959876&Method=1&PayTimes=&Approve=0760737&TranID=2409061818602257210134153490&TranDate=20240906181803&CheckString=7ce78afb9128ec64e2dba1b2314f10c4 from 5.178.76.67
2024/09/06 18:18:03 [/shop/shopping/load_payment_module.php] Array
(
    [0] => Array
        (
            [ACS] => 0
            [OrderID] => 958792-06181802
            [Forward] => 2959876
            [Method] => 1
            [PayTimes] => 
            [Approve] => 0760737
            [TranID] => 2409061818602257210134153490
            [TranDate] => 20240906181803
            [CheckString] => 7ce78afb9128ec64e2dba1b2314f10c4
        )

)
 from 5.178.76.67
2024/09/06 18:18:03 [/shop/shopping/load_payment_module.php] load_payment_module.php set payment data:Array
(
    [ACS] => 0
    [Forward] => 2959876
    [Method] => 1
    [PayTimes] => 
    [Approve] => 0760737
    [TranID] => 2409061818602257210134153490
    [TranDate] => 20240906181803
    [CheckString] => 7ce78afb9128ec64e2dba1b2314f10c4
    [Amount] => 8050
    [JobCd] => CAPTURE
    [action_status] => 3
    [pay_status] => 13
)
 from 5.178.76.67
2024/09/06 18:18:03 [/shop/user_data/pg_mulpay_recv.php] ******* receiveer data start ******* from 210.175.7.20
2024/09/06 18:18:03 [/shop/user_data/pg_mulpay_recv.php] Array
(
    [ShopID] => 9000034600950
    [ShopPass] => **********
    [AccessID] => 80cb22266fed61f2d83686010e53279e
    [AccessPass] => ********************************
    [OrderID] => 958792-06181802
    [Status] => CAPTURE
    [JobCd] => CAPTURE
    [Amount] => 8050
    [Tax] => 0
    [Currency] => JPN
    [Forward] => 2959876
    [Method] => 1
    [PayTimes] => 
    [TranID] => 2409061818602257210134153490
    [Approve] => 0760737
    [TranDate] => 20240906181803
    [ErrCode] => 
    [ErrInfo] => 
    [PayType] => 0
)
 from 210.175.7.20
2024/09/06 18:18:03 [/shop/user_data/pg_mulpay_recv.php] ******* receiveer data end ******* from 210.175.7.20
2024/09/06 18:18:08 [/shop/user_data/pg_mulpay_recv.php] update order status:1 order_id=958792 from 210.175.7.20
2024/09/06 18:18:08 [/shop/user_data/pg_mulpay_recv.php] pg_mulpay_recv.php set payment data:Array
(
    [ShopID] => 9000034600950
    [AccessID] => 80cb22266fed61f2d83686010e53279e
    [OrderID] => 958792-06181802
    [Status] => CAPTURE
    [JobCd] => CAPTURE
    [Amount] => 8050
    [Tax] => 0
    [Currency] => JPN
    [Forward] => 2959876
    [Method] => 1
    [PayTimes] => 
    [TranID] => 2409061818602257210134153490
    [Approve] => 0760737
    [TranDate] => 20240906181803
    [ErrCode] => 
    [ErrInfo] => 
    [PayType] => 0
    [CvsCode] => 
    [CvsConfNo] => 
    [CvsReceiptNo] => 
    [EdyReceiptNo] => 
    [EdyOrderNo] => 
    [SuicaReceiptNo] => 
    [SuicaOrderNo] => 
    [CustID] => 
    [BkCode] => 
    [ConfNo] => 
    [PaymentTerm] => 
    [EncryptReceiptNo] => 
    [FinishDate] => 
    [ReceiptDate] => 
    [WebMoneyManagementNo] => 
    [WebMoneySettleCode] => 
    [AuPayInfoNo] => 
    [AuPayMethod] => 
    [AuCancelAmount] => 
    [AuCancelTax] => 
    [DocomoSettlementCode] => 
    [DocomoCancelAmount] => 
    [DocomoCancelTax] => 
    [pay_status] => 13
)
 from 210.175.7.20
2024/09/06 18:18:08 [/shop/user_data/pg_mulpay_recv.php] response:true from 210.175.7.20
