2025/10/14 01:49:08 [/shop/shopping/load_payment_module.php] SendRequest:https://p01.mul-pay.jp/payment/SearchMember.idPass from 86.48.13.169
2025/10/14 01:49:08 [/shop/shopping/load_payment_module.php] Array
(
    [SiteID] => mst0000007602
    [SitePass] => ******
    [MemberID] => 10923
)
 from 86.48.13.169
2025/10/14 01:49:08 [/shop/shopping/load_payment_module.php] ErrCode=E01&ErrInfo=E01390002 from 86.48.13.169
2025/10/14 01:49:08 [/shop/shopping/load_payment_module.php] Array
(
    [0] => Array
        (
            [ErrCode] => E01
            [ErrInfo] => E01390002
        )

)
 from 86.48.13.169
2025/10/14 01:49:08 [/shop/shopping/load_payment_module.php] SendRequest:https://p01.mul-pay.jp/payment/SearchCard.idPass from 86.48.13.169
2025/10/14 01:49:08 [/shop/shopping/load_payment_module.php] Array
(
    [SiteID] => mst0000007602
    [SitePass] => ******
    [MemberID] => 10923
)
 from 86.48.13.169
2025/10/14 01:49:08 [/shop/shopping/load_payment_module.php] ErrCode=E01|E01&ErrInfo=E01390002|E01240002 from 86.48.13.169
2025/10/14 01:49:08 [/shop/shopping/load_payment_module.php] Array
(
    [0] => Array
        (
            [ErrCode] => E01
            [ErrInfo] => E01390002
        )

    [1] => Array
        (
            [ErrCode] => E01
            [ErrInfo] => E01240002
        )

)
 from 86.48.13.169
2025/10/14 01:50:11 [/shop/shopping/load_payment_module.php] SendRequest:https://p01.mul-pay.jp/payment/SearchMember.idPass from 86.48.13.169
2025/10/14 01:50:11 [/shop/shopping/load_payment_module.php] Array
(
    [SiteID] => mst0000007602
    [SitePass] => ******
    [MemberID] => 10923
)
 from 86.48.13.169
2025/10/14 01:50:11 [/shop/shopping/load_payment_module.php] ErrCode=E01&ErrInfo=E01390002 from 86.48.13.169
2025/10/14 01:50:11 [/shop/shopping/load_payment_module.php] Array
(
    [0] => Array
        (
            [ErrCode] => E01
            [ErrInfo] => E01390002
        )

)
 from 86.48.13.169
2025/10/14 01:50:11 [/shop/shopping/load_payment_module.php] SendRequest:https://p01.mul-pay.jp/payment/SearchCard.idPass from 86.48.13.169
2025/10/14 01:50:11 [/shop/shopping/load_payment_module.php] Array
(
    [SiteID] => mst0000007602
    [SitePass] => ******
    [MemberID] => 10923
)
 from 86.48.13.169
2025/10/14 01:50:11 [/shop/shopping/load_payment_module.php] ErrCode=E01|E01&ErrInfo=E01390002|E01240002 from 86.48.13.169
2025/10/14 01:50:11 [/shop/shopping/load_payment_module.php] Array
(
    [0] => Array
        (
            [ErrCode] => E01
            [ErrInfo] => E01390002
        )

    [1] => Array
        (
            [ErrCode] => E01
            [ErrInfo] => E01240002
        )

)
 from 86.48.13.169
2025/10/14 01:50:11 [/shop/shopping/load_payment_module.php] SendRequest:https://p01.mul-pay.jp/payment/EntryTran.idPass from 86.48.13.169
2025/10/14 01:50:11 [/shop/shopping/load_payment_module.php] Array
(
    [ShopID] => 9000034600950
    [ShopPass] => ******
    [OrderID] => 962948-14015011
    [JobCd] => CAPTURE
    [Amount] => 15510
    [TdFlag] => 0
    [TdTenantName] => 
)
 from 86.48.13.169
2025/10/14 01:50:11 [/shop/shopping/load_payment_module.php] AccessID=f7241f3a19bf2221b94f6f3f13f85500&AccessPass=b58969fbd4e3262816439ba0d17efa98 from 86.48.13.169
2025/10/14 01:50:11 [/shop/shopping/load_payment_module.php] Array
(
    [0] => Array
        (
            [AccessID] => f7241f3a19bf2221b94f6f3f13f85500
            [AccessPass] => b58969fbd4e3262816439ba0d17efa98
        )

)
 from 86.48.13.169
2025/10/14 01:50:11 [/shop/shopping/load_payment_module.php] load_payment_module.php set payment data:Array
(
    [AccessID] => f7241f3a19bf2221b94f6f3f13f85500
    [AccessPass] => b58969fbd4e3262816439ba0d17efa98
    [OrderID] => 962948-14015011
    [Amount] => 15510
    [JobCd] => CAPTURE
    [action_status] => 1
    [pay_status] => 0
)
 from 86.48.13.169
2025/10/14 01:50:11 [/shop/shopping/load_payment_module.php] SendRequest:https://p01.mul-pay.jp/payment/ExecTran.idPass from 86.48.13.169
2025/10/14 01:50:11 [/shop/shopping/load_payment_module.php] Array
(
    [AccessID] => f7241f3a19bf2221b94f6f3f13f85500
    [AccessPass] => b58969fbd4e3262816439ba0d17efa98
    [OrderID] => 962948-14015011
    [Method] => 1
    [Token] => 092a0912dd09357ae894fe20aac23d93b08c8fc332a68ad32d74add96960a052
    [ClientField1] => 
    [ClientField2] => 
    [ClientField3] => EC-CUBE4.3.35
)
 from 86.48.13.169
2025/10/14 01:50:13 [/shop/shopping/load_payment_module.php] ACS=0&OrderID=962948-14015011&Forward=2a99661&Method=1&PayTimes=&Approve=0223288&TranID=2510140150602257210134102658&TranDate=20251014015013&CheckString=2125e001381145187c4b78e87f362b29 from 86.48.13.169
2025/10/14 01:50:13 [/shop/shopping/load_payment_module.php] Array
(
    [0] => Array
        (
            [ACS] => 0
            [OrderID] => 962948-14015011
            [Forward] => 2a99661
            [Method] => 1
            [PayTimes] => 
            [Approve] => 0223288
            [TranID] => 2510140150602257210134102658
            [TranDate] => 20251014015013
            [CheckString] => 2125e001381145187c4b78e87f362b29
        )

)
 from 86.48.13.169
2025/10/14 01:50:13 [/shop/shopping/load_payment_module.php] load_payment_module.php set payment data:Array
(
    [ACS] => 0
    [Forward] => 2a99661
    [Method] => 1
    [PayTimes] => 
    [Approve] => 0223288
    [TranID] => 2510140150602257210134102658
    [TranDate] => 20251014015013
    [CheckString] => 2125e001381145187c4b78e87f362b29
    [Amount] => 15510
    [JobCd] => CAPTURE
    [action_status] => 3
    [pay_status] => 13
)
 from 86.48.13.169
2025/10/14 01:50:13 [/shop/user_data/pg_mulpay_recv.php] ******* receiveer data start ******* from 210.175.7.20
2025/10/14 01:50:13 [/shop/user_data/pg_mulpay_recv.php] Array
(
    [ShopID] => 9000034600950
    [ShopPass] => **********
    [AccessID] => f7241f3a19bf2221b94f6f3f13f85500
    [AccessPass] => ********************************
    [OrderID] => 962948-14015011
    [Status] => CAPTURE
    [JobCd] => CAPTURE
    [Amount] => 15510
    [Tax] => 0
    [Currency] => JPN
    [Forward] => 2a99661
    [Method] => 1
    [PayTimes] => 
    [TranID] => 2510140150602257210134102658
    [Approve] => 0223288
    [TranDate] => 20251014015013
    [ErrCode] => 
    [ErrInfo] => 
    [PayType] => 0
)
 from 210.175.7.20
2025/10/14 01:50:13 [/shop/user_data/pg_mulpay_recv.php] ******* receiveer data end ******* from 210.175.7.20
2025/10/14 01:50:18 [/shop/user_data/pg_mulpay_recv.php] update order status:1 order_id=962948 from 210.175.7.20
2025/10/14 01:50:18 [/shop/user_data/pg_mulpay_recv.php] pg_mulpay_recv.php set payment data:Array
(
    [ShopID] => 9000034600950
    [AccessID] => f7241f3a19bf2221b94f6f3f13f85500
    [OrderID] => 962948-14015011
    [Status] => CAPTURE
    [JobCd] => CAPTURE
    [Amount] => 15510
    [Tax] => 0
    [Currency] => JPN
    [Forward] => 2a99661
    [Method] => 1
    [PayTimes] => 
    [TranID] => 2510140150602257210134102658
    [Approve] => 0223288
    [TranDate] => 20251014015013
    [ErrCode] => 
    [ErrInfo] => 
    [PayType] => 0
    [CvsCode] => 
    [CvsConfNo] => 
    [CvsReceiptNo] => 
    [EdyReceiptNo] => 
    [EdyOrderNo] => 
    [SuicaReceiptNo] => 
    [SuicaOrderNo] => 
    [CustID] => 
    [BkCode] => 
    [ConfNo] => 
    [PaymentTerm] => 
    [EncryptReceiptNo] => 
    [FinishDate] => 
    [ReceiptDate] => 
    [WebMoneyManagementNo] => 
    [WebMoneySettleCode] => 
    [AuPayInfoNo] => 
    [AuPayMethod] => 
    [AuCancelAmount] => 
    [AuCancelTax] => 
    [DocomoSettlementCode] => 
    [DocomoCancelAmount] => 
    [DocomoCancelTax] => 
    [pay_status] => 13
)
 from 210.175.7.20
2025/10/14 01:50:18 [/shop/user_data/pg_mulpay_recv.php] response:true from 210.175.7.20
2025/10/14 03:26:43 [/shop/shopping/load_payment_module.php] SendRequest:https://p01.mul-pay.jp/payment/SearchMember.idPass from 99.24.53.8
2025/10/14 03:26:43 [/shop/shopping/load_payment_module.php] Array
(
    [SiteID] => mst0000007602
    [SitePass] => ******
    [MemberID] => 3107
)
 from 99.24.53.8
2025/10/14 03:26:43 [/shop/shopping/load_payment_module.php] ErrCode=E01&ErrInfo=E01390002 from 99.24.53.8
2025/10/14 03:26:43 [/shop/shopping/load_payment_module.php] Array
(
    [0] => Array
        (
            [ErrCode] => E01
            [ErrInfo] => E01390002
        )

)
 from 99.24.53.8
2025/10/14 03:26:43 [/shop/shopping/load_payment_module.php] SendRequest:https://p01.mul-pay.jp/payment/SearchCard.idPass from 99.24.53.8
2025/10/14 03:26:43 [/shop/shopping/load_payment_module.php] Array
(
    [SiteID] => mst0000007602
    [SitePass] => ******
    [MemberID] => 3107
)
 from 99.24.53.8
2025/10/14 03:26:43 [/shop/shopping/load_payment_module.php] ErrCode=E01|E01&ErrInfo=E01390002|E01240002 from 99.24.53.8
2025/10/14 03:26:43 [/shop/shopping/load_payment_module.php] Array
(
    [0] => Array
        (
            [ErrCode] => E01
            [ErrInfo] => E01390002
        )

    [1] => Array
        (
            [ErrCode] => E01
            [ErrInfo] => E01240002
        )

)
 from 99.24.53.8
2025/10/14 03:27:37 [/shop/shopping/load_payment_module.php] SendRequest:https://p01.mul-pay.jp/payment/SearchMember.idPass from 99.24.53.8
2025/10/14 03:27:37 [/shop/shopping/load_payment_module.php] Array
(
    [SiteID] => mst0000007602
    [SitePass] => ******
    [MemberID] => 3107
)
 from 99.24.53.8
2025/10/14 03:27:37 [/shop/shopping/load_payment_module.php] ErrCode=E01&ErrInfo=E01390002 from 99.24.53.8
2025/10/14 03:27:37 [/shop/shopping/load_payment_module.php] Array
(
    [0] => Array
        (
            [ErrCode] => E01
            [ErrInfo] => E01390002
        )

)
 from 99.24.53.8
2025/10/14 03:27:37 [/shop/shopping/load_payment_module.php] SendRequest:https://p01.mul-pay.jp/payment/SearchCard.idPass from 99.24.53.8
2025/10/14 03:27:37 [/shop/shopping/load_payment_module.php] Array
(
    [SiteID] => mst0000007602
    [SitePass] => ******
    [MemberID] => 3107
)
 from 99.24.53.8
2025/10/14 03:27:37 [/shop/shopping/load_payment_module.php] ErrCode=E01|E01&ErrInfo=E01390002|E01240002 from 99.24.53.8
2025/10/14 03:27:37 [/shop/shopping/load_payment_module.php] Array
(
    [0] => Array
        (
            [ErrCode] => E01
            [ErrInfo] => E01390002
        )

    [1] => Array
        (
            [ErrCode] => E01
            [ErrInfo] => E01240002
        )

)
 from 99.24.53.8
2025/10/14 03:27:37 [/shop/shopping/load_payment_module.php] SendRequest:https://p01.mul-pay.jp/payment/EntryTran.idPass from 99.24.53.8
2025/10/14 03:27:37 [/shop/shopping/load_payment_module.php] Array
(
    [ShopID] => 9000034600950
    [ShopPass] => ******
    [OrderID] => 962949-14032737
    [JobCd] => CAPTURE
    [Amount] => 5948
    [TdFlag] => 0
    [TdTenantName] => 
)
 from 99.24.53.8
2025/10/14 03:27:37 [/shop/shopping/load_payment_module.php] AccessID=01f4fbc9f323442b8300f73f80f6c41c&AccessPass=4bbc71bb6e716daac613d02be4b02baf from 99.24.53.8
2025/10/14 03:27:37 [/shop/shopping/load_payment_module.php] Array
(
    [0] => Array
        (
            [AccessID] => 01f4fbc9f323442b8300f73f80f6c41c
            [AccessPass] => 4bbc71bb6e716daac613d02be4b02baf
        )

)
 from 99.24.53.8
2025/10/14 03:27:37 [/shop/shopping/load_payment_module.php] load_payment_module.php set payment data:Array
(
    [AccessID] => 01f4fbc9f323442b8300f73f80f6c41c
    [AccessPass] => 4bbc71bb6e716daac613d02be4b02baf
    [OrderID] => 962949-14032737
    [Amount] => 5948
    [JobCd] => CAPTURE
    [action_status] => 1
    [pay_status] => 0
)
 from 99.24.53.8
2025/10/14 03:27:37 [/shop/shopping/load_payment_module.php] SendRequest:https://p01.mul-pay.jp/payment/ExecTran.idPass from 99.24.53.8
2025/10/14 03:27:37 [/shop/shopping/load_payment_module.php] Array
(
    [AccessID] => 01f4fbc9f323442b8300f73f80f6c41c
    [AccessPass] => 4bbc71bb6e716daac613d02be4b02baf
    [OrderID] => 962949-14032737
    [Method] => 1
    [Token] => 62d7bb5244e42497ca28263a655c89b37abb514c5dc549e386a068febb89ddbb
    [ClientField1] => 
    [ClientField2] => 
    [ClientField3] => EC-CUBE4.3.35
)
 from 99.24.53.8
2025/10/14 03:27:37 [/shop/shopping/load_payment_module.php] ErrCode=G30&ErrInfo=42G300000 from 99.24.53.8
2025/10/14 03:27:37 [/shop/shopping/load_payment_module.php] Array
(
    [0] => Array
        (
            [ErrCode] => G30
            [ErrInfo] => 42G300000
        )

)
 from 99.24.53.8
2025/10/14 03:27:37 [/shop/shopping/load_payment_module.php] load_payment_module.php set payment data:Array
(
    [request_error] => Array
        (
            [0] => このカードでは取引をする事が出来ません。 (G30-42G300000)
        )

    [Amount] => 5948
    [JobCd] => CAPTURE
    [action_status] => 3
)
 from 99.24.53.8
2025/10/14 03:27:37 [/shop/shopping/load_payment_module.php] Array
(
    [ipaddress] => 99.24.53.8
    [date_time] => 20251014032737
    [error_count] => 1
)
 from 99.24.53.8
2025/10/14 03:27:37 [/shop/user_data/pg_mulpay_recv.php] ******* receiveer data start ******* from 210.175.7.20
2025/10/14 03:27:37 [/shop/user_data/pg_mulpay_recv.php] Array
(
    [ShopID] => 9000034600950
    [ShopPass] => **********
    [AccessID] => 01f4fbc9f323442b8300f73f80f6c41c
    [AccessPass] => ********************************
    [OrderID] => 962949-14032737
    [Status] => UNPROCESSED
    [JobCd] => CAPTURE
    [Amount] => 5948
    [Tax] => 0
    [Currency] => JPN
    [Forward] => 2S49631
    [Method] => 1
    [PayTimes] => 
    [TranID] => 2510140327602257210134102659
    [Approve] => 
    [TranDate] => 20251014032737
    [ErrCode] => G30
    [ErrInfo] => 42G300000
    [PayType] => 0
)
 from 210.175.7.20
2025/10/14 03:27:37 [/shop/user_data/pg_mulpay_recv.php] ******* receiveer data end ******* from 210.175.7.20
2025/10/14 03:27:37 [/shop/user_data/pg_mulpay_recv.php] pg_mulpay_recv.php set payment data:Array
(
    [ShopID] => 9000034600950
    [AccessID] => 01f4fbc9f323442b8300f73f80f6c41c
    [OrderID] => 962949-14032737
    [Status] => UNPROCESSED
    [JobCd] => CAPTURE
    [Amount] => 5948
    [Tax] => 0
    [Currency] => JPN
    [Forward] => 2S49631
    [Method] => 1
    [PayTimes] => 
    [TranID] => 2510140327602257210134102659
    [Approve] => 
    [TranDate] => 20251014032737
    [ErrCode] => G30
    [ErrInfo] => 42G300000
    [PayType] => 0
    [CvsCode] => 
    [CvsConfNo] => 
    [CvsReceiptNo] => 
    [EdyReceiptNo] => 
    [EdyOrderNo] => 
    [SuicaReceiptNo] => 
    [SuicaOrderNo] => 
    [CustID] => 
    [BkCode] => 
    [ConfNo] => 
    [PaymentTerm] => 
    [EncryptReceiptNo] => 
    [FinishDate] => 
    [ReceiptDate] => 
    [WebMoneyManagementNo] => 
    [WebMoneySettleCode] => 
    [AuPayInfoNo] => 
    [AuPayMethod] => 
    [AuCancelAmount] => 
    [AuCancelTax] => 
    [DocomoSettlementCode] => 
    [DocomoCancelAmount] => 
    [DocomoCancelTax] => 
    [pay_status] => 0
)
 from 210.175.7.20
2025/10/14 03:27:37 [/shop/user_data/pg_mulpay_recv.php] response:true from 210.175.7.20
2025/10/14 03:28:18 [/shop/shopping/load_payment_module.php] SendRequest:https://p01.mul-pay.jp/payment/SearchMember.idPass from 99.24.53.8
2025/10/14 03:28:18 [/shop/shopping/load_payment_module.php] Array
(
    [SiteID] => mst0000007602
    [SitePass] => ******
    [MemberID] => 3107
)
 from 99.24.53.8
2025/10/14 03:28:18 [/shop/shopping/load_payment_module.php] ErrCode=E01&ErrInfo=E01390002 from 99.24.53.8
2025/10/14 03:28:18 [/shop/shopping/load_payment_module.php] Array
(
    [0] => Array
        (
            [ErrCode] => E01
            [ErrInfo] => E01390002
        )

)
 from 99.24.53.8
2025/10/14 03:28:18 [/shop/shopping/load_payment_module.php] SendRequest:https://p01.mul-pay.jp/payment/SearchCard.idPass from 99.24.53.8
2025/10/14 03:28:18 [/shop/shopping/load_payment_module.php] Array
(
    [SiteID] => mst0000007602
    [SitePass] => ******
    [MemberID] => 3107
)
 from 99.24.53.8
2025/10/14 03:28:18 [/shop/shopping/load_payment_module.php] ErrCode=E01|E01&ErrInfo=E01390002|E01240002 from 99.24.53.8
2025/10/14 03:28:18 [/shop/shopping/load_payment_module.php] Array
(
    [0] => Array
        (
            [ErrCode] => E01
            [ErrInfo] => E01390002
        )

    [1] => Array
        (
            [ErrCode] => E01
            [ErrInfo] => E01240002
        )

)
 from 99.24.53.8
2025/10/14 03:28:18 [/shop/shopping/load_payment_module.php] SendRequest:https://p01.mul-pay.jp/payment/ExecTran.idPass from 99.24.53.8
2025/10/14 03:28:18 [/shop/shopping/load_payment_module.php] Array
(
    [AccessID] => 01f4fbc9f323442b8300f73f80f6c41c
    [AccessPass] => 4bbc71bb6e716daac613d02be4b02baf
    [OrderID] => 962949-14032737
    [Method] => 1
    [PayTimes] => 
    [Token] => 5b5256b28a099739e664f42f2bfbe352b0d95c66adde6246b937cc9989829094
    [ClientField1] => 
    [ClientField2] => 
    [ClientField3] => EC-CUBE4.3.35
)
 from 99.24.53.8
2025/10/14 03:28:19 [/shop/shopping/load_payment_module.php] ErrCode=G30&ErrInfo=42G300000 from 99.24.53.8
2025/10/14 03:28:19 [/shop/shopping/load_payment_module.php] Array
(
    [0] => Array
        (
            [ErrCode] => G30
            [ErrInfo] => 42G300000
        )

)
 from 99.24.53.8
2025/10/14 03:28:19 [/shop/shopping/load_payment_module.php] load_payment_module.php set payment data:Array
(
    [request_error] => Array
        (
            [0] => このカードでは取引をする事が出来ません。 (G30-42G300000)
        )

    [Amount] => 5948
    [JobCd] => CAPTURE
    [action_status] => 3
)
 from 99.24.53.8
2025/10/14 03:28:19 [/shop/shopping/load_payment_module.php] Array
(
    [ipaddress] => 99.24.53.8
    [date_time] => 20251014032737
    [error_count] => 2
)
 from 99.24.53.8
2025/10/14 03:28:19 [/shop/user_data/pg_mulpay_recv.php] ******* receiveer data start ******* from 210.175.7.20
2025/10/14 03:28:19 [/shop/user_data/pg_mulpay_recv.php] Array
(
    [ShopID] => 9000034600950
    [ShopPass] => **********
    [AccessID] => 01f4fbc9f323442b8300f73f80f6c41c
    [AccessPass] => ********************************
    [OrderID] => 962949-14032737
    [Status] => UNPROCESSED
    [JobCd] => CAPTURE
    [Amount] => 5948
    [Tax] => 0
    [Currency] => JPN
    [Forward] => 2S49631
    [Method] => 1
    [PayTimes] => 
    [TranID] => 2510140328602257210134102660
    [Approve] => 
    [TranDate] => 20251014032819
    [ErrCode] => G30
    [ErrInfo] => 42G300000
    [PayType] => 0
)
 from 210.175.7.20
2025/10/14 03:28:19 [/shop/user_data/pg_mulpay_recv.php] ******* receiveer data end ******* from 210.175.7.20
2025/10/14 03:28:19 [/shop/user_data/pg_mulpay_recv.php] pg_mulpay_recv.php set payment data:Array
(
    [ShopID] => 9000034600950
    [AccessID] => 01f4fbc9f323442b8300f73f80f6c41c
    [OrderID] => 962949-14032737
    [Status] => UNPROCESSED
    [JobCd] => CAPTURE
    [Amount] => 5948
    [Tax] => 0
    [Currency] => JPN
    [Forward] => 2S49631
    [Method] => 1
    [PayTimes] => 
    [TranID] => 2510140328602257210134102660
    [Approve] => 
    [TranDate] => 20251014032819
    [ErrCode] => G30
    [ErrInfo] => 42G300000
    [PayType] => 0
    [CvsCode] => 
    [CvsConfNo] => 
    [CvsReceiptNo] => 
    [EdyReceiptNo] => 
    [EdyOrderNo] => 
    [SuicaReceiptNo] => 
    [SuicaOrderNo] => 
    [CustID] => 
    [BkCode] => 
    [ConfNo] => 
    [PaymentTerm] => 
    [EncryptReceiptNo] => 
    [FinishDate] => 
    [ReceiptDate] => 
    [WebMoneyManagementNo] => 
    [WebMoneySettleCode] => 
    [AuPayInfoNo] => 
    [AuPayMethod] => 
    [AuCancelAmount] => 
    [AuCancelTax] => 
    [DocomoSettlementCode] => 
    [DocomoCancelAmount] => 
    [DocomoCancelTax] => 
    [pay_status] => 0
)
 from 210.175.7.20
2025/10/14 03:28:32 [/shop/user_data/pg_mulpay_recv.php] response:true from 210.175.7.20
2025/10/14 03:34:47 [/shop/shopping/load_payment_module.php] SendRequest:https://p01.mul-pay.jp/payment/SearchMember.idPass from 99.24.53.8
2025/10/14 03:34:47 [/shop/shopping/load_payment_module.php] Array
(
    [SiteID] => mst0000007602
    [SitePass] => ******
    [MemberID] => 3107
)
 from 99.24.53.8
2025/10/14 03:34:47 [/shop/shopping/load_payment_module.php] ErrCode=E01&ErrInfo=E01390002 from 99.24.53.8
2025/10/14 03:34:47 [/shop/shopping/load_payment_module.php] Array
(
    [0] => Array
        (
            [ErrCode] => E01
            [ErrInfo] => E01390002
        )

)
 from 99.24.53.8
2025/10/14 03:34:47 [/shop/shopping/load_payment_module.php] SendRequest:https://p01.mul-pay.jp/payment/SearchCard.idPass from 99.24.53.8
2025/10/14 03:34:47 [/shop/shopping/load_payment_module.php] Array
(
    [SiteID] => mst0000007602
    [SitePass] => ******
    [MemberID] => 3107
)
 from 99.24.53.8
2025/10/14 03:34:47 [/shop/shopping/load_payment_module.php] ErrCode=E01|E01&ErrInfo=E01390002|E01240002 from 99.24.53.8
2025/10/14 03:34:47 [/shop/shopping/load_payment_module.php] Array
(
    [0] => Array
        (
            [ErrCode] => E01
            [ErrInfo] => E01390002
        )

    [1] => Array
        (
            [ErrCode] => E01
            [ErrInfo] => E01240002
        )

)
 from 99.24.53.8
2025/10/14 03:45:36 [/shop/shopping/load_payment_module.php] SendRequest:https://p01.mul-pay.jp/payment/SearchMember.idPass from 99.24.53.8
2025/10/14 03:45:36 [/shop/shopping/load_payment_module.php] Array
(
    [SiteID] => mst0000007602
    [SitePass] => ******
    [MemberID] => 13474
)
 from 99.24.53.8
2025/10/14 03:45:36 [/shop/shopping/load_payment_module.php] ErrCode=E01&ErrInfo=E01390002 from 99.24.53.8
2025/10/14 03:45:36 [/shop/shopping/load_payment_module.php] Array
(
    [0] => Array
        (
            [ErrCode] => E01
            [ErrInfo] => E01390002
        )

)
 from 99.24.53.8
2025/10/14 03:45:36 [/shop/shopping/load_payment_module.php] SendRequest:https://p01.mul-pay.jp/payment/SearchCard.idPass from 99.24.53.8
2025/10/14 03:45:36 [/shop/shopping/load_payment_module.php] Array
(
    [SiteID] => mst0000007602
    [SitePass] => ******
    [MemberID] => 13474
)
 from 99.24.53.8
2025/10/14 03:45:36 [/shop/shopping/load_payment_module.php] ErrCode=E01|E01&ErrInfo=E01390002|E01240002 from 99.24.53.8
2025/10/14 03:45:36 [/shop/shopping/load_payment_module.php] Array
(
    [0] => Array
        (
            [ErrCode] => E01
            [ErrInfo] => E01390002
        )

    [1] => Array
        (
            [ErrCode] => E01
            [ErrInfo] => E01240002
        )

)
 from 99.24.53.8
2025/10/14 03:45:48 [/shop/shopping/load_payment_module.php] SendRequest:https://p01.mul-pay.jp/payment/SearchMember.idPass from 99.24.53.8
2025/10/14 03:45:48 [/shop/shopping/load_payment_module.php] Array
(
    [SiteID] => mst0000007602
    [SitePass] => ******
    [MemberID] => 13474
)
 from 99.24.53.8
2025/10/14 03:45:48 [/shop/shopping/load_payment_module.php] ErrCode=E01&ErrInfo=E01390002 from 99.24.53.8
2025/10/14 03:45:48 [/shop/shopping/load_payment_module.php] Array
(
    [0] => Array
        (
            [ErrCode] => E01
            [ErrInfo] => E01390002
        )

)
 from 99.24.53.8
2025/10/14 03:45:48 [/shop/shopping/load_payment_module.php] SendRequest:https://p01.mul-pay.jp/payment/SearchCard.idPass from 99.24.53.8
2025/10/14 03:45:48 [/shop/shopping/load_payment_module.php] Array
(
    [SiteID] => mst0000007602
    [SitePass] => ******
    [MemberID] => 13474
)
 from 99.24.53.8
2025/10/14 03:45:48 [/shop/shopping/load_payment_module.php] ErrCode=E01|E01&ErrInfo=E01390002|E01240002 from 99.24.53.8
2025/10/14 03:45:48 [/shop/shopping/load_payment_module.php] Array
(
    [0] => Array
        (
            [ErrCode] => E01
            [ErrInfo] => E01390002
        )

    [1] => Array
        (
            [ErrCode] => E01
            [ErrInfo] => E01240002
        )

)
 from 99.24.53.8
2025/10/14 03:46:18 [/shop/shopping/load_payment_module.php] SendRequest:https://p01.mul-pay.jp/payment/SearchMember.idPass from 99.24.53.8
2025/10/14 03:46:18 [/shop/shopping/load_payment_module.php] Array
(
    [SiteID] => mst0000007602
    [SitePass] => ******
    [MemberID] => 13474
)
 from 99.24.53.8
2025/10/14 03:46:18 [/shop/shopping/load_payment_module.php] ErrCode=E01&ErrInfo=E01390002 from 99.24.53.8
2025/10/14 03:46:18 [/shop/shopping/load_payment_module.php] Array
(
    [0] => Array
        (
            [ErrCode] => E01
            [ErrInfo] => E01390002
        )

)
 from 99.24.53.8
2025/10/14 03:46:18 [/shop/shopping/load_payment_module.php] SendRequest:https://p01.mul-pay.jp/payment/SearchCard.idPass from 99.24.53.8
2025/10/14 03:46:18 [/shop/shopping/load_payment_module.php] Array
(
    [SiteID] => mst0000007602
    [SitePass] => ******
    [MemberID] => 13474
)
 from 99.24.53.8
2025/10/14 03:46:18 [/shop/shopping/load_payment_module.php] ErrCode=E01|E01&ErrInfo=E01390002|E01240002 from 99.24.53.8
2025/10/14 03:46:18 [/shop/shopping/load_payment_module.php] Array
(
    [0] => Array
        (
            [ErrCode] => E01
            [ErrInfo] => E01390002
        )

    [1] => Array
        (
            [ErrCode] => E01
            [ErrInfo] => E01240002
        )

)
 from 99.24.53.8
2025/10/14 03:46:49 [/shop/shopping/load_payment_module.php] SendRequest:https://p01.mul-pay.jp/payment/SearchMember.idPass from 99.24.53.8
2025/10/14 03:46:49 [/shop/shopping/load_payment_module.php] Array
(
    [SiteID] => mst0000007602
    [SitePass] => ******
    [MemberID] => 13474
)
 from 99.24.53.8
2025/10/14 03:46:49 [/shop/shopping/load_payment_module.php] ErrCode=E01&ErrInfo=E01390002 from 99.24.53.8
2025/10/14 03:46:49 [/shop/shopping/load_payment_module.php] Array
(
    [0] => Array
        (
            [ErrCode] => E01
            [ErrInfo] => E01390002
        )

)
 from 99.24.53.8
2025/10/14 03:46:49 [/shop/shopping/load_payment_module.php] SendRequest:https://p01.mul-pay.jp/payment/SearchCard.idPass from 99.24.53.8
2025/10/14 03:46:49 [/shop/shopping/load_payment_module.php] Array
(
    [SiteID] => mst0000007602
    [SitePass] => ******
    [MemberID] => 13474
)
 from 99.24.53.8
2025/10/14 03:46:49 [/shop/shopping/load_payment_module.php] ErrCode=E01|E01&ErrInfo=E01390002|E01240002 from 99.24.53.8
2025/10/14 03:46:49 [/shop/shopping/load_payment_module.php] Array
(
    [0] => Array
        (
            [ErrCode] => E01
            [ErrInfo] => E01390002
        )

    [1] => Array
        (
            [ErrCode] => E01
            [ErrInfo] => E01240002
        )

)
 from 99.24.53.8
2025/10/14 03:46:49 [/shop/shopping/load_payment_module.php] SendRequest:https://p01.mul-pay.jp/payment/EntryTran.idPass from 99.24.53.8
2025/10/14 03:46:49 [/shop/shopping/load_payment_module.php] Array
(
    [ShopID] => 9000034600950
    [ShopPass] => ******
    [OrderID] => 962952-14034649
    [JobCd] => CAPTURE
    [Amount] => 6170
    [TdFlag] => 0
    [TdTenantName] => 
)
 from 99.24.53.8
2025/10/14 03:46:49 [/shop/shopping/load_payment_module.php] AccessID=3f2659640e4efc968d557e8e6e349bc7&AccessPass=85345b0ce756ade2356f4248d07e2ede from 99.24.53.8
2025/10/14 03:46:49 [/shop/shopping/load_payment_module.php] Array
(
    [0] => Array
        (
            [AccessID] => 3f2659640e4efc968d557e8e6e349bc7
            [AccessPass] => 85345b0ce756ade2356f4248d07e2ede
        )

)
 from 99.24.53.8
2025/10/14 03:46:49 [/shop/shopping/load_payment_module.php] load_payment_module.php set payment data:Array
(
    [AccessID] => 3f2659640e4efc968d557e8e6e349bc7
    [AccessPass] => 85345b0ce756ade2356f4248d07e2ede
    [OrderID] => 962952-14034649
    [Amount] => 6170
    [JobCd] => CAPTURE
    [action_status] => 1
    [pay_status] => 0
)
 from 99.24.53.8
2025/10/14 03:46:49 [/shop/shopping/load_payment_module.php] SendRequest:https://p01.mul-pay.jp/payment/ExecTran.idPass from 99.24.53.8
2025/10/14 03:46:49 [/shop/shopping/load_payment_module.php] Array
(
    [AccessID] => 3f2659640e4efc968d557e8e6e349bc7
    [AccessPass] => 85345b0ce756ade2356f4248d07e2ede
    [OrderID] => 962952-14034649
    [Method] => 1
    [Token] => 90434ca6c9390c7929d1ff539fa9187e399dace758b96c885ce45b392ed8c0ed
    [ClientField1] => 
    [ClientField2] => 
    [ClientField3] => EC-CUBE4.3.35
)
 from 99.24.53.8
2025/10/14 03:46:49 [/shop/shopping/load_payment_module.php] ACS=0&OrderID=962952-14034649&Forward=2S49631&Method=1&PayTimes=&Approve=0468794&TranID=2510140346602257210134102661&TranDate=20251014034649&CheckString=26f4a3f4550ffe431c868ee5517ebf32 from 99.24.53.8
2025/10/14 03:46:49 [/shop/shopping/load_payment_module.php] Array
(
    [0] => Array
        (
            [ACS] => 0
            [OrderID] => 962952-14034649
            [Forward] => 2S49631
            [Method] => 1
            [PayTimes] => 
            [Approve] => 0468794
            [TranID] => 2510140346602257210134102661
            [TranDate] => 20251014034649
            [CheckString] => 26f4a3f4550ffe431c868ee5517ebf32
        )

)
 from 99.24.53.8
2025/10/14 03:46:49 [/shop/shopping/load_payment_module.php] load_payment_module.php set payment data:Array
(
    [ACS] => 0
    [Forward] => 2S49631
    [Method] => 1
    [PayTimes] => 
    [Approve] => 0468794
    [TranID] => 2510140346602257210134102661
    [TranDate] => 20251014034649
    [CheckString] => 26f4a3f4550ffe431c868ee5517ebf32
    [Amount] => 6170
    [JobCd] => CAPTURE
    [action_status] => 3
    [pay_status] => 13
)
 from 99.24.53.8
2025/10/14 03:46:50 [/shop/user_data/pg_mulpay_recv.php] ******* receiveer data start ******* from 210.175.7.20
2025/10/14 03:46:50 [/shop/user_data/pg_mulpay_recv.php] Array
(
    [ShopID] => 9000034600950
    [ShopPass] => **********
    [AccessID] => 3f2659640e4efc968d557e8e6e349bc7
    [AccessPass] => ********************************
    [OrderID] => 962952-14034649
    [Status] => CAPTURE
    [JobCd] => CAPTURE
    [Amount] => 6170
    [Tax] => 0
    [Currency] => JPN
    [Forward] => 2S49631
    [Method] => 1
    [PayTimes] => 
    [TranID] => 2510140346602257210134102661
    [Approve] => 0468794
    [TranDate] => 20251014034649
    [ErrCode] => 
    [ErrInfo] => 
    [PayType] => 0
)
 from 210.175.7.20
2025/10/14 03:46:50 [/shop/user_data/pg_mulpay_recv.php] ******* receiveer data end ******* from 210.175.7.20
2025/10/14 03:46:55 [/shop/user_data/pg_mulpay_recv.php] update order status:1 order_id=962952 from 210.175.7.20
2025/10/14 03:46:55 [/shop/user_data/pg_mulpay_recv.php] pg_mulpay_recv.php set payment data:Array
(
    [ShopID] => 9000034600950
    [AccessID] => 3f2659640e4efc968d557e8e6e349bc7
    [OrderID] => 962952-14034649
    [Status] => CAPTURE
    [JobCd] => CAPTURE
    [Amount] => 6170
    [Tax] => 0
    [Currency] => JPN
    [Forward] => 2S49631
    [Method] => 1
    [PayTimes] => 
    [TranID] => 2510140346602257210134102661
    [Approve] => 0468794
    [TranDate] => 20251014034649
    [ErrCode] => 
    [ErrInfo] => 
    [PayType] => 0
    [CvsCode] => 
    [CvsConfNo] => 
    [CvsReceiptNo] => 
    [EdyReceiptNo] => 
    [EdyOrderNo] => 
    [SuicaReceiptNo] => 
    [SuicaOrderNo] => 
    [CustID] => 
    [BkCode] => 
    [ConfNo] => 
    [PaymentTerm] => 
    [EncryptReceiptNo] => 
    [FinishDate] => 
    [ReceiptDate] => 
    [WebMoneyManagementNo] => 
    [WebMoneySettleCode] => 
    [AuPayInfoNo] => 
    [AuPayMethod] => 
    [AuCancelAmount] => 
    [AuCancelTax] => 
    [DocomoSettlementCode] => 
    [DocomoCancelAmount] => 
    [DocomoCancelTax] => 
    [pay_status] => 13
)
 from 210.175.7.20
2025/10/14 03:46:55 [/shop/user_data/pg_mulpay_recv.php] response:true from 210.175.7.20
2025/10/14 03:51:36 [/shop/shopping/load_payment_module.php] SendRequest:https://p01.mul-pay.jp/payment/EntryTran.idPass from 177.115.102.178
2025/10/14 03:51:36 [/shop/shopping/load_payment_module.php] Array
(
    [ShopID] => 9000034600950
    [ShopPass] => ******
    [OrderID] => 962953-14035136
    [JobCd] => CAPTURE
    [Amount] => 11050
    [TdFlag] => 0
    [TdTenantName] => 
)
 from 177.115.102.178
2025/10/14 03:51:36 [/shop/shopping/load_payment_module.php] AccessID=a34ba774a69d802c442418a346c2647c&AccessPass=2b8284d8b6561f67dab995797071acf7 from 177.115.102.178
2025/10/14 03:51:36 [/shop/shopping/load_payment_module.php] Array
(
    [0] => Array
        (
            [AccessID] => a34ba774a69d802c442418a346c2647c
            [AccessPass] => 2b8284d8b6561f67dab995797071acf7
        )

)
 from 177.115.102.178
2025/10/14 03:51:36 [/shop/shopping/load_payment_module.php] load_payment_module.php set payment data:Array
(
    [AccessID] => a34ba774a69d802c442418a346c2647c
    [AccessPass] => 2b8284d8b6561f67dab995797071acf7
    [OrderID] => 962953-14035136
    [Amount] => 11050
    [JobCd] => CAPTURE
    [action_status] => 1
    [pay_status] => 0
)
 from 177.115.102.178
2025/10/14 03:51:36 [/shop/shopping/load_payment_module.php] SendRequest:https://p01.mul-pay.jp/payment/ExecTran.idPass from 177.115.102.178
2025/10/14 03:51:36 [/shop/shopping/load_payment_module.php] Array
(
    [AccessID] => a34ba774a69d802c442418a346c2647c
    [AccessPass] => 2b8284d8b6561f67dab995797071acf7
    [OrderID] => 962953-14035136
    [Method] => 1
    [Token] => 5ed961761c98c08a0b105c314e65ac7dba19ab660bd83325d6be791d4cb235c5
    [ClientField1] => 
    [ClientField2] => 
    [ClientField3] => EC-CUBE4.3.35
)
 from 177.115.102.178
2025/10/14 03:51:37 [/shop/shopping/load_payment_module.php] ACS=0&OrderID=962953-14035136&Forward=2959876&Method=1&PayTimes=&Approve=0063586&TranID=2510140351602257210134102662&TranDate=20251014035137&CheckString=e59519da013636fc813983109079a1d9 from 177.115.102.178
2025/10/14 03:51:37 [/shop/shopping/load_payment_module.php] Array
(
    [0] => Array
        (
            [ACS] => 0
            [OrderID] => 962953-14035136
            [Forward] => 2959876
            [Method] => 1
            [PayTimes] => 
            [Approve] => 0063586
            [TranID] => 2510140351602257210134102662
            [TranDate] => 20251014035137
            [CheckString] => e59519da013636fc813983109079a1d9
        )

)
 from 177.115.102.178
2025/10/14 03:51:37 [/shop/shopping/load_payment_module.php] load_payment_module.php set payment data:Array
(
    [ACS] => 0
    [Forward] => 2959876
    [Method] => 1
    [PayTimes] => 
    [Approve] => 0063586
    [TranID] => 2510140351602257210134102662
    [TranDate] => 20251014035137
    [CheckString] => e59519da013636fc813983109079a1d9
    [Amount] => 11050
    [JobCd] => CAPTURE
    [action_status] => 3
    [pay_status] => 13
)
 from 177.115.102.178
2025/10/14 03:51:37 [/shop/user_data/pg_mulpay_recv.php] ******* receiveer data start ******* from 210.175.7.20
2025/10/14 03:51:37 [/shop/user_data/pg_mulpay_recv.php] Array
(
    [ShopID] => 9000034600950
    [ShopPass] => **********
    [AccessID] => a34ba774a69d802c442418a346c2647c
    [AccessPass] => ********************************
    [OrderID] => 962953-14035136
    [Status] => CAPTURE
    [JobCd] => CAPTURE
    [Amount] => 11050
    [Tax] => 0
    [Currency] => JPN
    [Forward] => 2959876
    [Method] => 1
    [PayTimes] => 
    [TranID] => 2510140351602257210134102662
    [Approve] => 0063586
    [TranDate] => 20251014035137
    [ErrCode] => 
    [ErrInfo] => 
    [PayType] => 0
)
 from 210.175.7.20
2025/10/14 03:51:37 [/shop/user_data/pg_mulpay_recv.php] ******* receiveer data end ******* from 210.175.7.20
2025/10/14 03:51:42 [/shop/user_data/pg_mulpay_recv.php] update order status:1 order_id=962953 from 210.175.7.20
2025/10/14 03:51:42 [/shop/user_data/pg_mulpay_recv.php] pg_mulpay_recv.php set payment data:Array
(
    [ShopID] => 9000034600950
    [AccessID] => a34ba774a69d802c442418a346c2647c
    [OrderID] => 962953-14035136
    [Status] => CAPTURE
    [JobCd] => CAPTURE
    [Amount] => 11050
    [Tax] => 0
    [Currency] => JPN
    [Forward] => 2959876
    [Method] => 1
    [PayTimes] => 
    [TranID] => 2510140351602257210134102662
    [Approve] => 0063586
    [TranDate] => 20251014035137
    [ErrCode] => 
    [ErrInfo] => 
    [PayType] => 0
    [CvsCode] => 
    [CvsConfNo] => 
    [CvsReceiptNo] => 
    [EdyReceiptNo] => 
    [EdyOrderNo] => 
    [SuicaReceiptNo] => 
    [SuicaOrderNo] => 
    [CustID] => 
    [BkCode] => 
    [ConfNo] => 
    [PaymentTerm] => 
    [EncryptReceiptNo] => 
    [FinishDate] => 
    [ReceiptDate] => 
    [WebMoneyManagementNo] => 
    [WebMoneySettleCode] => 
    [AuPayInfoNo] => 
    [AuPayMethod] => 
    [AuCancelAmount] => 
    [AuCancelTax] => 
    [DocomoSettlementCode] => 
    [DocomoCancelAmount] => 
    [DocomoCancelTax] => 
    [pay_status] => 13
)
 from 210.175.7.20
2025/10/14 03:51:42 [/shop/user_data/pg_mulpay_recv.php] response:true from 210.175.7.20
2025/10/14 04:30:30 [/shop/user_data/pg_mulpay_recv.php] ******* receiveer data start ******* from 210.175.7.20
2025/10/14 04:30:30 [/shop/user_data/pg_mulpay_recv.php] Array
(
    [ShopID] => 9000034600950
    [ShopPass] => **********
    [AccessID] => 01f4fbc9f323442b8300f73f80f6c41c
    [AccessPass] => ********************************
    [OrderID] => 962949-14032737
    [Status] => UNPROCESSED
    [JobCd] => CAPTURE
    [Amount] => 5948
    [Tax] => 0
    [Currency] => JPN
    [Forward] => 2S49631
    [Method] => 1
    [PayTimes] => 
    [TranID] => 2510140328602257210134102660
    [Approve] => 
    [TranDate] => 20251014032819
    [ErrCode] => G30
    [ErrInfo] => 42G300000
    [PayType] => 0
)
 from 210.175.7.20
2025/10/14 04:30:30 [/shop/user_data/pg_mulpay_recv.php] ******* receiveer data end ******* from 210.175.7.20
2025/10/14 04:30:30 [/shop/user_data/pg_mulpay_recv.php] getOrderPayData Error: deleted order. order_id = 962949 from 210.175.7.20
2025/10/14 04:30:30 [/shop/user_data/pg_mulpay_recv.php] param_error:PGマルチペイメントサービス決済モジュール 不一致データ検出 Param:Array
(
    [ShopID] => 9000034600950
    [ShopPass] => **********
    [AccessID] => 01f4fbc9f323442b8300f73f80f6c41c
    [AccessPass] => ********************************
    [OrderID] => 962949-14032737
    [Status] => UNPROCESSED
    [JobCd] => CAPTURE
    [Amount] => 5948
    [Tax] => 0
    [Currency] => JPN
    [Forward] => 2S49631
    [Method] => 1
    [PayTimes] => 
    [TranID] => 2510140328602257210134102660
    [Approve] => 
    [TranDate] => 20251014032819
    [ErrCode] => G30
    [ErrInfo] => 42G300000
    [PayType] => 0
    [CvsCode] => 
    [CvsConfNo] => 
    [CvsReceiptNo] => 
    [EdyReceiptNo] => 
    [EdyOrderNo] => 
    [SuicaReceiptNo] => 
    [SuicaOrderNo] => 
    [CustID] => 
    [BkCode] => 
    [ConfNo] => 
    [PaymentTerm] => 
    [EncryptReceiptNo] => 
    [FinishDate] => 
    [ReceiptDate] => 
    [WebMoneyManagementNo] => 
    [WebMoneySettleCode] => 
    [AuPayInfoNo] => 
    [AuPayMethod] => 
    [AuCancelAmount] => 
    [AuCancelTax] => 
    [DocomoSettlementCode] => 
    [DocomoCancelAmount] => 
    [DocomoCancelTax] => 
)
 from 210.175.7.20
2025/10/14 04:30:30 [/shop/user_data/pg_mulpay_recv.php] response:false from 210.175.7.20
2025/10/14 05:10:43 [/shop/shopping/load_payment_module.php] SendRequest:https://p01.mul-pay.jp/payment/SearchMember.idPass from 111.108.23.212
2025/10/14 05:10:43 [/shop/shopping/load_payment_module.php] Array
(
    [SiteID] => mst0000007602
    [SitePass] => ******
    [MemberID] => 12170
)
 from 111.108.23.212
2025/10/14 05:10:43 [/shop/shopping/load_payment_module.php] ErrCode=E01&ErrInfo=E01390002 from 111.108.23.212
2025/10/14 05:10:43 [/shop/shopping/load_payment_module.php] Array
(
    [0] => Array
        (
            [ErrCode] => E01
            [ErrInfo] => E01390002
        )

)
 from 111.108.23.212
2025/10/14 05:10:43 [/shop/shopping/load_payment_module.php] SendRequest:https://p01.mul-pay.jp/payment/SearchCard.idPass from 111.108.23.212
2025/10/14 05:10:43 [/shop/shopping/load_payment_module.php] Array
(
    [SiteID] => mst0000007602
    [SitePass] => ******
    [MemberID] => 12170
)
 from 111.108.23.212
2025/10/14 05:10:43 [/shop/shopping/load_payment_module.php] ErrCode=E01|E01&ErrInfo=E01390002|E01240002 from 111.108.23.212
2025/10/14 05:10:43 [/shop/shopping/load_payment_module.php] Array
(
    [0] => Array
        (
            [ErrCode] => E01
            [ErrInfo] => E01390002
        )

    [1] => Array
        (
            [ErrCode] => E01
            [ErrInfo] => E01240002
        )

)
 from 111.108.23.212
2025/10/14 05:11:45 [/shop/shopping/load_payment_module.php] SendRequest:https://p01.mul-pay.jp/payment/SearchMember.idPass from 111.108.23.212
2025/10/14 05:11:45 [/shop/shopping/load_payment_module.php] Array
(
    [SiteID] => mst0000007602
    [SitePass] => ******
    [MemberID] => 12170
)
 from 111.108.23.212
2025/10/14 05:11:45 [/shop/shopping/load_payment_module.php] ErrCode=E01&ErrInfo=E01390002 from 111.108.23.212
2025/10/14 05:11:45 [/shop/shopping/load_payment_module.php] Array
(
    [0] => Array
        (
            [ErrCode] => E01
            [ErrInfo] => E01390002
        )

)
 from 111.108.23.212
2025/10/14 05:11:45 [/shop/shopping/load_payment_module.php] SendRequest:https://p01.mul-pay.jp/payment/SearchCard.idPass from 111.108.23.212
2025/10/14 05:11:45 [/shop/shopping/load_payment_module.php] Array
(
    [SiteID] => mst0000007602
    [SitePass] => ******
    [MemberID] => 12170
)
 from 111.108.23.212
2025/10/14 05:11:45 [/shop/shopping/load_payment_module.php] ErrCode=E01|E01&ErrInfo=E01390002|E01240002 from 111.108.23.212
2025/10/14 05:11:45 [/shop/shopping/load_payment_module.php] Array
(
    [0] => Array
        (
            [ErrCode] => E01
            [ErrInfo] => E01390002
        )

    [1] => Array
        (
            [ErrCode] => E01
            [ErrInfo] => E01240002
        )

)
 from 111.108.23.212
2025/10/14 05:11:45 [/shop/shopping/load_payment_module.php] SendRequest:https://p01.mul-pay.jp/payment/EntryTran.idPass from 111.108.23.212
2025/10/14 05:11:45 [/shop/shopping/load_payment_module.php] Array
(
    [ShopID] => 9000034600950
    [ShopPass] => ******
    [OrderID] => 962954-14051145
    [JobCd] => CAPTURE
    [Amount] => 38850
    [TdFlag] => 0
    [TdTenantName] => 
)
 from 111.108.23.212
2025/10/14 05:11:45 [/shop/shopping/load_payment_module.php] AccessID=6e756fefcab255383e769631a7d85b8e&AccessPass=f89d6173ddf42a59addf69cd8b6884fd from 111.108.23.212
2025/10/14 05:11:45 [/shop/shopping/load_payment_module.php] Array
(
    [0] => Array
        (
            [AccessID] => 6e756fefcab255383e769631a7d85b8e
            [AccessPass] => f89d6173ddf42a59addf69cd8b6884fd
        )

)
 from 111.108.23.212
2025/10/14 05:11:45 [/shop/shopping/load_payment_module.php] load_payment_module.php set payment data:Array
(
    [AccessID] => 6e756fefcab255383e769631a7d85b8e
    [AccessPass] => f89d6173ddf42a59addf69cd8b6884fd
    [OrderID] => 962954-14051145
    [Amount] => 38850
    [JobCd] => CAPTURE
    [action_status] => 1
    [pay_status] => 0
)
 from 111.108.23.212
2025/10/14 05:11:45 [/shop/shopping/load_payment_module.php] SendRequest:https://p01.mul-pay.jp/payment/ExecTran.idPass from 111.108.23.212
2025/10/14 05:11:45 [/shop/shopping/load_payment_module.php] Array
(
    [AccessID] => 6e756fefcab255383e769631a7d85b8e
    [AccessPass] => f89d6173ddf42a59addf69cd8b6884fd
    [OrderID] => 962954-14051145
    [Method] => 1
    [Token] => a2b3dd724f430d6cef12f9eb2c452336f4d0d8643a5621880812666f01e61906
    [ClientField1] => 
    [ClientField2] => 
    [ClientField3] => EC-CUBE4.3.35
)
 from 111.108.23.212
2025/10/14 05:11:45 [/shop/shopping/load_payment_module.php] ACS=0&OrderID=962954-14051145&Forward=2S49631&Method=1&PayTimes=&Approve=0013770&TranID=2510140511602257210134102663&TranDate=20251014051145&CheckString=4aa32a3bb9f623a4916ae8f5ab348aa3 from 111.108.23.212
2025/10/14 05:11:45 [/shop/shopping/load_payment_module.php] Array
(
    [0] => Array
        (
            [ACS] => 0
            [OrderID] => 962954-14051145
            [Forward] => 2S49631
            [Method] => 1
            [PayTimes] => 
            [Approve] => 0013770
            [TranID] => 2510140511602257210134102663
            [TranDate] => 20251014051145
            [CheckString] => 4aa32a3bb9f623a4916ae8f5ab348aa3
        )

)
 from 111.108.23.212
2025/10/14 05:11:45 [/shop/shopping/load_payment_module.php] load_payment_module.php set payment data:Array
(
    [ACS] => 0
    [Forward] => 2S49631
    [Method] => 1
    [PayTimes] => 
    [Approve] => 0013770
    [TranID] => 2510140511602257210134102663
    [TranDate] => 20251014051145
    [CheckString] => 4aa32a3bb9f623a4916ae8f5ab348aa3
    [Amount] => 38850
    [JobCd] => CAPTURE
    [action_status] => 3
    [pay_status] => 13
)
 from 111.108.23.212
2025/10/14 05:11:45 [/shop/user_data/pg_mulpay_recv.php] ******* receiveer data start ******* from 210.175.7.20
2025/10/14 05:11:45 [/shop/user_data/pg_mulpay_recv.php] Array
(
    [ShopID] => 9000034600950
    [ShopPass] => **********
    [AccessID] => 6e756fefcab255383e769631a7d85b8e
    [AccessPass] => ********************************
    [OrderID] => 962954-14051145
    [Status] => CAPTURE
    [JobCd] => CAPTURE
    [Amount] => 38850
    [Tax] => 0
    [Currency] => JPN
    [Forward] => 2S49631
    [Method] => 1
    [PayTimes] => 
    [TranID] => 2510140511602257210134102663
    [Approve] => 0013770
    [TranDate] => 20251014051145
    [ErrCode] => 
    [ErrInfo] => 
    [PayType] => 0
)
 from 210.175.7.20
2025/10/14 05:11:45 [/shop/user_data/pg_mulpay_recv.php] ******* receiveer data end ******* from 210.175.7.20
2025/10/14 05:11:50 [/shop/user_data/pg_mulpay_recv.php] update order status:1 order_id=962954 from 210.175.7.20
2025/10/14 05:11:50 [/shop/user_data/pg_mulpay_recv.php] pg_mulpay_recv.php set payment data:Array
(
    [ShopID] => 9000034600950
    [AccessID] => 6e756fefcab255383e769631a7d85b8e
    [OrderID] => 962954-14051145
    [Status] => CAPTURE
    [JobCd] => CAPTURE
    [Amount] => 38850
    [Tax] => 0
    [Currency] => JPN
    [Forward] => 2S49631
    [Method] => 1
    [PayTimes] => 
    [TranID] => 2510140511602257210134102663
    [Approve] => 0013770
    [TranDate] => 20251014051145
    [ErrCode] => 
    [ErrInfo] => 
    [PayType] => 0
    [CvsCode] => 
    [CvsConfNo] => 
    [CvsReceiptNo] => 
    [EdyReceiptNo] => 
    [EdyOrderNo] => 
    [SuicaReceiptNo] => 
    [SuicaOrderNo] => 
    [CustID] => 
    [BkCode] => 
    [ConfNo] => 
    [PaymentTerm] => 
    [EncryptReceiptNo] => 
    [FinishDate] => 
    [ReceiptDate] => 
    [WebMoneyManagementNo] => 
    [WebMoneySettleCode] => 
    [AuPayInfoNo] => 
    [AuPayMethod] => 
    [AuCancelAmount] => 
    [AuCancelTax] => 
    [DocomoSettlementCode] => 
    [DocomoCancelAmount] => 
    [DocomoCancelTax] => 
    [pay_status] => 13
)
 from 210.175.7.20
2025/10/14 05:11:50 [/shop/user_data/pg_mulpay_recv.php] response:true from 210.175.7.20
2025/10/14 05:35:22 [/shop/user_data/pg_mulpay_recv.php] ******* receiveer data start ******* from 210.175.7.20
2025/10/14 05:35:22 [/shop/user_data/pg_mulpay_recv.php] Array
(
    [ShopID] => 9000034600950
    [ShopPass] => **********
    [AccessID] => 01f4fbc9f323442b8300f73f80f6c41c
    [AccessPass] => ********************************
    [OrderID] => 962949-14032737
    [Status] => UNPROCESSED
    [JobCd] => CAPTURE
    [Amount] => 5948
    [Tax] => 0
    [Currency] => JPN
    [Forward] => 2S49631
    [Method] => 1
    [PayTimes] => 
    [TranID] => 2510140328602257210134102660
    [Approve] => 
    [TranDate] => 20251014032819
    [ErrCode] => G30
    [ErrInfo] => 42G300000
    [PayType] => 0
)
 from 210.175.7.20
2025/10/14 05:35:22 [/shop/user_data/pg_mulpay_recv.php] ******* receiveer data end ******* from 210.175.7.20
2025/10/14 05:35:22 [/shop/user_data/pg_mulpay_recv.php] getOrderPayData Error: deleted order. order_id = 962949 from 210.175.7.20
2025/10/14 05:35:22 [/shop/user_data/pg_mulpay_recv.php] param_error:PGマルチペイメントサービス決済モジュール 不一致データ検出 Param:Array
(
    [ShopID] => 9000034600950
    [ShopPass] => **********
    [AccessID] => 01f4fbc9f323442b8300f73f80f6c41c
    [AccessPass] => ********************************
    [OrderID] => 962949-14032737
    [Status] => UNPROCESSED
    [JobCd] => CAPTURE
    [Amount] => 5948
    [Tax] => 0
    [Currency] => JPN
    [Forward] => 2S49631
    [Method] => 1
    [PayTimes] => 
    [TranID] => 2510140328602257210134102660
    [Approve] => 
    [TranDate] => 20251014032819
    [ErrCode] => G30
    [ErrInfo] => 42G300000
    [PayType] => 0
    [CvsCode] => 
    [CvsConfNo] => 
    [CvsReceiptNo] => 
    [EdyReceiptNo] => 
    [EdyOrderNo] => 
    [SuicaReceiptNo] => 
    [SuicaOrderNo] => 
    [CustID] => 
    [BkCode] => 
    [ConfNo] => 
    [PaymentTerm] => 
    [EncryptReceiptNo] => 
    [FinishDate] => 
    [ReceiptDate] => 
    [WebMoneyManagementNo] => 
    [WebMoneySettleCode] => 
    [AuPayInfoNo] => 
    [AuPayMethod] => 
    [AuCancelAmount] => 
    [AuCancelTax] => 
    [DocomoSettlementCode] => 
    [DocomoCancelAmount] => 
    [DocomoCancelTax] => 
)
 from 210.175.7.20
2025/10/14 05:35:22 [/shop/user_data/pg_mulpay_recv.php] response:false from 210.175.7.20
2025/10/14 06:40:16 [/shop/user_data/pg_mulpay_recv.php] ******* receiveer data start ******* from 210.175.7.20
2025/10/14 06:40:16 [/shop/user_data/pg_mulpay_recv.php] Array
(
    [ShopID] => 9000034600950
    [ShopPass] => **********
    [AccessID] => 01f4fbc9f323442b8300f73f80f6c41c
    [AccessPass] => ********************************
    [OrderID] => 962949-14032737
    [Status] => UNPROCESSED
    [JobCd] => CAPTURE
    [Amount] => 5948
    [Tax] => 0
    [Currency] => JPN
    [Forward] => 2S49631
    [Method] => 1
    [PayTimes] => 
    [TranID] => 2510140328602257210134102660
    [Approve] => 
    [TranDate] => 20251014032819
    [ErrCode] => G30
    [ErrInfo] => 42G300000
    [PayType] => 0
)
 from 210.175.7.20
2025/10/14 06:40:16 [/shop/user_data/pg_mulpay_recv.php] ******* receiveer data end ******* from 210.175.7.20
2025/10/14 06:40:16 [/shop/user_data/pg_mulpay_recv.php] getOrderPayData Error: deleted order. order_id = 962949 from 210.175.7.20
2025/10/14 06:40:16 [/shop/user_data/pg_mulpay_recv.php] param_error:PGマルチペイメントサービス決済モジュール 不一致データ検出 Param:Array
(
    [ShopID] => 9000034600950
    [ShopPass] => **********
    [AccessID] => 01f4fbc9f323442b8300f73f80f6c41c
    [AccessPass] => ********************************
    [OrderID] => 962949-14032737
    [Status] => UNPROCESSED
    [JobCd] => CAPTURE
    [Amount] => 5948
    [Tax] => 0
    [Currency] => JPN
    [Forward] => 2S49631
    [Method] => 1
    [PayTimes] => 
    [TranID] => 2510140328602257210134102660
    [Approve] => 
    [TranDate] => 20251014032819
    [ErrCode] => G30
    [ErrInfo] => 42G300000
    [PayType] => 0
    [CvsCode] => 
    [CvsConfNo] => 
    [CvsReceiptNo] => 
    [EdyReceiptNo] => 
    [EdyOrderNo] => 
    [SuicaReceiptNo] => 
    [SuicaOrderNo] => 
    [CustID] => 
    [BkCode] => 
    [ConfNo] => 
    [PaymentTerm] => 
    [EncryptReceiptNo] => 
    [FinishDate] => 
    [ReceiptDate] => 
    [WebMoneyManagementNo] => 
    [WebMoneySettleCode] => 
    [AuPayInfoNo] => 
    [AuPayMethod] => 
    [AuCancelAmount] => 
    [AuCancelTax] => 
    [DocomoSettlementCode] => 
    [DocomoCancelAmount] => 
    [DocomoCancelTax] => 
)
 from 210.175.7.20
2025/10/14 06:40:16 [/shop/user_data/pg_mulpay_recv.php] response:false from 210.175.7.20
2025/10/14 07:45:12 [/shop/user_data/pg_mulpay_recv.php] ******* receiveer data start ******* from 210.175.7.20
2025/10/14 07:45:12 [/shop/user_data/pg_mulpay_recv.php] Array
(
    [ShopID] => 9000034600950
    [ShopPass] => **********
    [AccessID] => 01f4fbc9f323442b8300f73f80f6c41c
    [AccessPass] => ********************************
    [OrderID] => 962949-14032737
    [Status] => UNPROCESSED
    [JobCd] => CAPTURE
    [Amount] => 5948
    [Tax] => 0
    [Currency] => JPN
    [Forward] => 2S49631
    [Method] => 1
    [PayTimes] => 
    [TranID] => 2510140328602257210134102660
    [Approve] => 
    [TranDate] => 20251014032819
    [ErrCode] => G30
    [ErrInfo] => 42G300000
    [PayType] => 0
)
 from 210.175.7.20
2025/10/14 07:45:12 [/shop/user_data/pg_mulpay_recv.php] ******* receiveer data end ******* from 210.175.7.20
2025/10/14 07:45:12 [/shop/user_data/pg_mulpay_recv.php] getOrderPayData Error: deleted order. order_id = 962949 from 210.175.7.20
2025/10/14 07:45:12 [/shop/user_data/pg_mulpay_recv.php] param_error:PGマルチペイメントサービス決済モジュール 不一致データ検出 Param:Array
(
    [ShopID] => 9000034600950
    [ShopPass] => **********
    [AccessID] => 01f4fbc9f323442b8300f73f80f6c41c
    [AccessPass] => ********************************
    [OrderID] => 962949-14032737
    [Status] => UNPROCESSED
    [JobCd] => CAPTURE
    [Amount] => 5948
    [Tax] => 0
    [Currency] => JPN
    [Forward] => 2S49631
    [Method] => 1
    [PayTimes] => 
    [TranID] => 2510140328602257210134102660
    [Approve] => 
    [TranDate] => 20251014032819
    [ErrCode] => G30
    [ErrInfo] => 42G300000
    [PayType] => 0
    [CvsCode] => 
    [CvsConfNo] => 
    [CvsReceiptNo] => 
    [EdyReceiptNo] => 
    [EdyOrderNo] => 
    [SuicaReceiptNo] => 
    [SuicaOrderNo] => 
    [CustID] => 
    [BkCode] => 
    [ConfNo] => 
    [PaymentTerm] => 
    [EncryptReceiptNo] => 
    [FinishDate] => 
    [ReceiptDate] => 
    [WebMoneyManagementNo] => 
    [WebMoneySettleCode] => 
    [AuPayInfoNo] => 
    [AuPayMethod] => 
    [AuCancelAmount] => 
    [AuCancelTax] => 
    [DocomoSettlementCode] => 
    [DocomoCancelAmount] => 
    [DocomoCancelTax] => 
)
 from 210.175.7.20
2025/10/14 07:45:12 [/shop/user_data/pg_mulpay_recv.php] response:false from 210.175.7.20
2025/10/14 07:45:38 [/shop/shopping/load_payment_module.php] SendRequest:https://p01.mul-pay.jp/payment/EntryTran.idPass from 72.253.205.135
2025/10/14 07:45:38 [/shop/shopping/load_payment_module.php] Array
(
    [ShopID] => 9000034600950
    [ShopPass] => ******
    [OrderID] => 962955-14074538
    [JobCd] => CAPTURE
    [Amount] => 6980
    [TdFlag] => 0
    [TdTenantName] => 
)
 from 72.253.205.135
2025/10/14 07:45:38 [/shop/shopping/load_payment_module.php] AccessID=0316523c864de33b2d0eb54463968b03&AccessPass=2629d0df2551f1dc3158b915d74b8e43 from 72.253.205.135
2025/10/14 07:45:38 [/shop/shopping/load_payment_module.php] Array
(
    [0] => Array
        (
            [AccessID] => 0316523c864de33b2d0eb54463968b03
            [AccessPass] => 2629d0df2551f1dc3158b915d74b8e43
        )

)
 from 72.253.205.135
2025/10/14 07:45:38 [/shop/shopping/load_payment_module.php] load_payment_module.php set payment data:Array
(
    [AccessID] => 0316523c864de33b2d0eb54463968b03
    [AccessPass] => 2629d0df2551f1dc3158b915d74b8e43
    [OrderID] => 962955-14074538
    [Amount] => 6980
    [JobCd] => CAPTURE
    [action_status] => 1
    [pay_status] => 0
)
 from 72.253.205.135
2025/10/14 07:45:38 [/shop/shopping/load_payment_module.php] SendRequest:https://p01.mul-pay.jp/payment/ExecTran.idPass from 72.253.205.135
2025/10/14 07:45:38 [/shop/shopping/load_payment_module.php] Array
(
    [AccessID] => 0316523c864de33b2d0eb54463968b03
    [AccessPass] => 2629d0df2551f1dc3158b915d74b8e43
    [OrderID] => 962955-14074538
    [Method] => 1
    [Token] => 70c1e067600ca936053a7a67502abb3aea66c2db51bf40fc1559be7bd14957b5
    [ClientField1] => 
    [ClientField2] => 
    [ClientField3] => EC-CUBE4.3.35
)
 from 72.253.205.135
2025/10/14 07:45:38 [/shop/shopping/load_payment_module.php] ACS=0&OrderID=962955-14074538&Forward=2S49631&Method=1&PayTimes=&Approve=0061534&TranID=2510140745602257210134102664&TranDate=20251014074538&CheckString=c457402f314cec02a9adc3f854e23e50 from 72.253.205.135
2025/10/14 07:45:38 [/shop/shopping/load_payment_module.php] Array
(
    [0] => Array
        (
            [ACS] => 0
            [OrderID] => 962955-14074538
            [Forward] => 2S49631
            [Method] => 1
            [PayTimes] => 
            [Approve] => 0061534
            [TranID] => 2510140745602257210134102664
            [TranDate] => 20251014074538
            [CheckString] => c457402f314cec02a9adc3f854e23e50
        )

)
 from 72.253.205.135
2025/10/14 07:45:38 [/shop/shopping/load_payment_module.php] load_payment_module.php set payment data:Array
(
    [ACS] => 0
    [Forward] => 2S49631
    [Method] => 1
    [PayTimes] => 
    [Approve] => 0061534
    [TranID] => 2510140745602257210134102664
    [TranDate] => 20251014074538
    [CheckString] => c457402f314cec02a9adc3f854e23e50
    [Amount] => 6980
    [JobCd] => CAPTURE
    [action_status] => 3
    [pay_status] => 13
)
 from 72.253.205.135
2025/10/14 07:45:38 [/shop/user_data/pg_mulpay_recv.php] ******* receiveer data start ******* from 210.175.7.20
2025/10/14 07:45:38 [/shop/user_data/pg_mulpay_recv.php] Array
(
    [ShopID] => 9000034600950
    [ShopPass] => **********
    [AccessID] => 0316523c864de33b2d0eb54463968b03
    [AccessPass] => ********************************
    [OrderID] => 962955-14074538
    [Status] => CAPTURE
    [JobCd] => CAPTURE
    [Amount] => 6980
    [Tax] => 0
    [Currency] => JPN
    [Forward] => 2S49631
    [Method] => 1
    [PayTimes] => 
    [TranID] => 2510140745602257210134102664
    [Approve] => 0061534
    [TranDate] => 20251014074538
    [ErrCode] => 
    [ErrInfo] => 
    [PayType] => 0
)
 from 210.175.7.20
2025/10/14 07:45:38 [/shop/user_data/pg_mulpay_recv.php] ******* receiveer data end ******* from 210.175.7.20
2025/10/14 07:45:43 [/shop/user_data/pg_mulpay_recv.php] update order status:1 order_id=962955 from 210.175.7.20
2025/10/14 07:45:43 [/shop/user_data/pg_mulpay_recv.php] pg_mulpay_recv.php set payment data:Array
(
    [ShopID] => 9000034600950
    [AccessID] => 0316523c864de33b2d0eb54463968b03
    [OrderID] => 962955-14074538
    [Status] => CAPTURE
    [JobCd] => CAPTURE
    [Amount] => 6980
    [Tax] => 0
    [Currency] => JPN
    [Forward] => 2S49631
    [Method] => 1
    [PayTimes] => 
    [TranID] => 2510140745602257210134102664
    [Approve] => 0061534
    [TranDate] => 20251014074538
    [ErrCode] => 
    [ErrInfo] => 
    [PayType] => 0
    [CvsCode] => 
    [CvsConfNo] => 
    [CvsReceiptNo] => 
    [EdyReceiptNo] => 
    [EdyOrderNo] => 
    [SuicaReceiptNo] => 
    [SuicaOrderNo] => 
    [CustID] => 
    [BkCode] => 
    [ConfNo] => 
    [PaymentTerm] => 
    [EncryptReceiptNo] => 
    [FinishDate] => 
    [ReceiptDate] => 
    [WebMoneyManagementNo] => 
    [WebMoneySettleCode] => 
    [AuPayInfoNo] => 
    [AuPayMethod] => 
    [AuCancelAmount] => 
    [AuCancelTax] => 
    [DocomoSettlementCode] => 
    [DocomoCancelAmount] => 
    [DocomoCancelTax] => 
    [pay_status] => 13
)
 from 210.175.7.20
2025/10/14 07:45:43 [/shop/user_data/pg_mulpay_recv.php] response:true from 210.175.7.20
2025/10/14 08:50:02 [/shop/user_data/pg_mulpay_recv.php] ******* receiveer data start ******* from 210.175.7.20
2025/10/14 08:50:02 [/shop/user_data/pg_mulpay_recv.php] Array
(
    [ShopID] => 9000034600950
    [ShopPass] => **********
    [AccessID] => 01f4fbc9f323442b8300f73f80f6c41c
    [AccessPass] => ********************************
    [OrderID] => 962949-14032737
    [Status] => UNPROCESSED
    [JobCd] => CAPTURE
    [Amount] => 5948
    [Tax] => 0
    [Currency] => JPN
    [Forward] => 2S49631
    [Method] => 1
    [PayTimes] => 
    [TranID] => 2510140328602257210134102660
    [Approve] => 
    [TranDate] => 20251014032819
    [ErrCode] => G30
    [ErrInfo] => 42G300000
    [PayType] => 0
)
 from 210.175.7.20
2025/10/14 08:50:02 [/shop/user_data/pg_mulpay_recv.php] ******* receiveer data end ******* from 210.175.7.20
2025/10/14 08:50:02 [/shop/user_data/pg_mulpay_recv.php] getOrderPayData Error: deleted order. order_id = 962949 from 210.175.7.20
2025/10/14 08:50:02 [/shop/user_data/pg_mulpay_recv.php] param_error:PGマルチペイメントサービス決済モジュール 不一致データ検出 Param:Array
(
    [ShopID] => 9000034600950
    [ShopPass] => **********
    [AccessID] => 01f4fbc9f323442b8300f73f80f6c41c
    [AccessPass] => ********************************
    [OrderID] => 962949-14032737
    [Status] => UNPROCESSED
    [JobCd] => CAPTURE
    [Amount] => 5948
    [Tax] => 0
    [Currency] => JPN
    [Forward] => 2S49631
    [Method] => 1
    [PayTimes] => 
    [TranID] => 2510140328602257210134102660
    [Approve] => 
    [TranDate] => 20251014032819
    [ErrCode] => G30
    [ErrInfo] => 42G300000
    [PayType] => 0
    [CvsCode] => 
    [CvsConfNo] => 
    [CvsReceiptNo] => 
    [EdyReceiptNo] => 
    [EdyOrderNo] => 
    [SuicaReceiptNo] => 
    [SuicaOrderNo] => 
    [CustID] => 
    [BkCode] => 
    [ConfNo] => 
    [PaymentTerm] => 
    [EncryptReceiptNo] => 
    [FinishDate] => 
    [ReceiptDate] => 
    [WebMoneyManagementNo] => 
    [WebMoneySettleCode] => 
    [AuPayInfoNo] => 
    [AuPayMethod] => 
    [AuCancelAmount] => 
    [AuCancelTax] => 
    [DocomoSettlementCode] => 
    [DocomoCancelAmount] => 
    [DocomoCancelTax] => 
)
 from 210.175.7.20
2025/10/14 08:50:02 [/shop/user_data/pg_mulpay_recv.php] response:false from 210.175.7.20
2025/10/14 14:02:21 [/shop/shopping/load_payment_module.php] SendRequest:https://p01.mul-pay.jp/payment/EntryTran.idPass from 106.183.64.108
2025/10/14 14:02:21 [/shop/shopping/load_payment_module.php] Array
(
    [ShopID] => 9000034600950
    [ShopPass] => ******
    [OrderID] => 962956-14140221
    [JobCd] => CAPTURE
    [Amount] => 11440
    [TdFlag] => 0
    [TdTenantName] => 
)
 from 106.183.64.108
2025/10/14 14:02:21 [/shop/shopping/load_payment_module.php] AccessID=d46e0a27abd7523fea99c0d3804f2950&AccessPass=27f815198e3a5c56655667e7d9f98c29 from 106.183.64.108
2025/10/14 14:02:21 [/shop/shopping/load_payment_module.php] Array
(
    [0] => Array
        (
            [AccessID] => d46e0a27abd7523fea99c0d3804f2950
            [AccessPass] => 27f815198e3a5c56655667e7d9f98c29
        )

)
 from 106.183.64.108
2025/10/14 14:02:21 [/shop/shopping/load_payment_module.php] load_payment_module.php set payment data:Array
(
    [AccessID] => d46e0a27abd7523fea99c0d3804f2950
    [AccessPass] => 27f815198e3a5c56655667e7d9f98c29
    [OrderID] => 962956-14140221
    [Amount] => 11440
    [JobCd] => CAPTURE
    [action_status] => 1
    [pay_status] => 0
)
 from 106.183.64.108
2025/10/14 14:02:21 [/shop/shopping/load_payment_module.php] SendRequest:https://p01.mul-pay.jp/payment/ExecTran.idPass from 106.183.64.108
2025/10/14 14:02:21 [/shop/shopping/load_payment_module.php] Array
(
    [AccessID] => d46e0a27abd7523fea99c0d3804f2950
    [AccessPass] => 27f815198e3a5c56655667e7d9f98c29
    [OrderID] => 962956-14140221
    [Method] => 1
    [Token] => 9037926fa5c8db2a2d254d3769aad07c791d1c82c39c11fb5d77dc34301cb886
    [ClientField1] => 
    [ClientField2] => 
    [ClientField3] => EC-CUBE4.3.35
)
 from 106.183.64.108
2025/10/14 14:02:22 [/shop/shopping/load_payment_module.php] ACS=0&OrderID=962956-14140221&Forward=2a99661&Method=1&PayTimes=&Approve=0298912&TranID=2510141402602257210134102665&TranDate=20251014140222&CheckString=15e5e28766f9aefd5c31f6eb2214be71 from 106.183.64.108
2025/10/14 14:02:22 [/shop/shopping/load_payment_module.php] Array
(
    [0] => Array
        (
            [ACS] => 0
            [OrderID] => 962956-14140221
            [Forward] => 2a99661
            [Method] => 1
            [PayTimes] => 
            [Approve] => 0298912
            [TranID] => 2510141402602257210134102665
            [TranDate] => 20251014140222
            [CheckString] => 15e5e28766f9aefd5c31f6eb2214be71
        )

)
 from 106.183.64.108
2025/10/14 14:02:22 [/shop/shopping/load_payment_module.php] load_payment_module.php set payment data:Array
(
    [ACS] => 0
    [Forward] => 2a99661
    [Method] => 1
    [PayTimes] => 
    [Approve] => 0298912
    [TranID] => 2510141402602257210134102665
    [TranDate] => 20251014140222
    [CheckString] => 15e5e28766f9aefd5c31f6eb2214be71
    [Amount] => 11440
    [JobCd] => CAPTURE
    [action_status] => 3
    [pay_status] => 13
)
 from 106.183.64.108
2025/10/14 14:02:22 [/shop/user_data/pg_mulpay_recv.php] ******* receiveer data start ******* from 210.175.7.20
2025/10/14 14:02:22 [/shop/user_data/pg_mulpay_recv.php] Array
(
    [ShopID] => 9000034600950
    [ShopPass] => **********
    [AccessID] => d46e0a27abd7523fea99c0d3804f2950
    [AccessPass] => ********************************
    [OrderID] => 962956-14140221
    [Status] => CAPTURE
    [JobCd] => CAPTURE
    [Amount] => 11440
    [Tax] => 0
    [Currency] => JPN
    [Forward] => 2a99661
    [Method] => 1
    [PayTimes] => 
    [TranID] => 2510141402602257210134102665
    [Approve] => 0298912
    [TranDate] => 20251014140222
    [ErrCode] => 
    [ErrInfo] => 
    [PayType] => 0
)
 from 210.175.7.20
2025/10/14 14:02:22 [/shop/user_data/pg_mulpay_recv.php] ******* receiveer data end ******* from 210.175.7.20
2025/10/14 14:02:27 [/shop/user_data/pg_mulpay_recv.php] update order status:1 order_id=962956 from 210.175.7.20
2025/10/14 14:02:27 [/shop/user_data/pg_mulpay_recv.php] pg_mulpay_recv.php set payment data:Array
(
    [ShopID] => 9000034600950
    [AccessID] => d46e0a27abd7523fea99c0d3804f2950
    [OrderID] => 962956-14140221
    [Status] => CAPTURE
    [JobCd] => CAPTURE
    [Amount] => 11440
    [Tax] => 0
    [Currency] => JPN
    [Forward] => 2a99661
    [Method] => 1
    [PayTimes] => 
    [TranID] => 2510141402602257210134102665
    [Approve] => 0298912
    [TranDate] => 20251014140222
    [ErrCode] => 
    [ErrInfo] => 
    [PayType] => 0
    [CvsCode] => 
    [CvsConfNo] => 
    [CvsReceiptNo] => 
    [EdyReceiptNo] => 
    [EdyOrderNo] => 
    [SuicaReceiptNo] => 
    [SuicaOrderNo] => 
    [CustID] => 
    [BkCode] => 
    [ConfNo] => 
    [PaymentTerm] => 
    [EncryptReceiptNo] => 
    [FinishDate] => 
    [ReceiptDate] => 
    [WebMoneyManagementNo] => 
    [WebMoneySettleCode] => 
    [AuPayInfoNo] => 
    [AuPayMethod] => 
    [AuCancelAmount] => 
    [AuCancelTax] => 
    [DocomoSettlementCode] => 
    [DocomoCancelAmount] => 
    [DocomoCancelTax] => 
    [pay_status] => 13
)
 from 210.175.7.20
2025/10/14 14:02:27 [/shop/user_data/pg_mulpay_recv.php] response:true from 210.175.7.20
2025/10/14 14:13:49 [/shop/shopping/load_payment_module.php] SendRequest:https://p01.mul-pay.jp/payment/SearchMember.idPass from 82.217.38.178
2025/10/14 14:13:49 [/shop/shopping/load_payment_module.php] Array
(
    [SiteID] => mst0000007602
    [SitePass] => ******
    [MemberID] => 13475
)
 from 82.217.38.178
2025/10/14 14:13:50 [/shop/shopping/load_payment_module.php] ErrCode=E01&ErrInfo=E01390002 from 82.217.38.178
2025/10/14 14:13:50 [/shop/shopping/load_payment_module.php] Array
(
    [0] => Array
        (
            [ErrCode] => E01
            [ErrInfo] => E01390002
        )

)
 from 82.217.38.178
2025/10/14 14:13:50 [/shop/shopping/load_payment_module.php] SendRequest:https://p01.mul-pay.jp/payment/SearchCard.idPass from 82.217.38.178
2025/10/14 14:13:50 [/shop/shopping/load_payment_module.php] Array
(
    [SiteID] => mst0000007602
    [SitePass] => ******
    [MemberID] => 13475
)
 from 82.217.38.178
2025/10/14 14:13:50 [/shop/shopping/load_payment_module.php] ErrCode=E01|E01&ErrInfo=E01390002|E01240002 from 82.217.38.178
2025/10/14 14:13:50 [/shop/shopping/load_payment_module.php] Array
(
    [0] => Array
        (
            [ErrCode] => E01
            [ErrInfo] => E01390002
        )

    [1] => Array
        (
            [ErrCode] => E01
            [ErrInfo] => E01240002
        )

)
 from 82.217.38.178
2025/10/14 14:14:51 [/shop/shopping/load_payment_module.php] SendRequest:https://p01.mul-pay.jp/payment/SearchMember.idPass from 82.217.38.178
2025/10/14 14:14:51 [/shop/shopping/load_payment_module.php] Array
(
    [SiteID] => mst0000007602
    [SitePass] => ******
    [MemberID] => 13475
)
 from 82.217.38.178
2025/10/14 14:14:51 [/shop/shopping/load_payment_module.php] ErrCode=E01&ErrInfo=E01390002 from 82.217.38.178
2025/10/14 14:14:51 [/shop/shopping/load_payment_module.php] Array
(
    [0] => Array
        (
            [ErrCode] => E01
            [ErrInfo] => E01390002
        )

)
 from 82.217.38.178
2025/10/14 14:14:51 [/shop/shopping/load_payment_module.php] SendRequest:https://p01.mul-pay.jp/payment/SearchCard.idPass from 82.217.38.178
2025/10/14 14:14:51 [/shop/shopping/load_payment_module.php] Array
(
    [SiteID] => mst0000007602
    [SitePass] => ******
    [MemberID] => 13475
)
 from 82.217.38.178
2025/10/14 14:14:51 [/shop/shopping/load_payment_module.php] ErrCode=E01|E01&ErrInfo=E01390002|E01240002 from 82.217.38.178
2025/10/14 14:14:51 [/shop/shopping/load_payment_module.php] Array
(
    [0] => Array
        (
            [ErrCode] => E01
            [ErrInfo] => E01390002
        )

    [1] => Array
        (
            [ErrCode] => E01
            [ErrInfo] => E01240002
        )

)
 from 82.217.38.178
2025/10/14 14:14:51 [/shop/shopping/load_payment_module.php] SendRequest:https://p01.mul-pay.jp/payment/EntryTran.idPass from 82.217.38.178
2025/10/14 14:14:51 [/shop/shopping/load_payment_module.php] Array
(
    [ShopID] => 9000034600950
    [ShopPass] => ******
    [OrderID] => 962957-14141451
    [JobCd] => CAPTURE
    [Amount] => 8050
    [TdFlag] => 0
    [TdTenantName] => 
)
 from 82.217.38.178
2025/10/14 14:14:51 [/shop/shopping/load_payment_module.php] AccessID=dbcda6fbafa696c3fb42021acaf51bd1&AccessPass=a84f550bd128d29c61178f5da8a8495f from 82.217.38.178
2025/10/14 14:14:51 [/shop/shopping/load_payment_module.php] Array
(
    [0] => Array
        (
            [AccessID] => dbcda6fbafa696c3fb42021acaf51bd1
            [AccessPass] => a84f550bd128d29c61178f5da8a8495f
        )

)
 from 82.217.38.178
2025/10/14 14:14:51 [/shop/shopping/load_payment_module.php] load_payment_module.php set payment data:Array
(
    [AccessID] => dbcda6fbafa696c3fb42021acaf51bd1
    [AccessPass] => a84f550bd128d29c61178f5da8a8495f
    [OrderID] => 962957-14141451
    [Amount] => 8050
    [JobCd] => CAPTURE
    [action_status] => 1
    [pay_status] => 0
)
 from 82.217.38.178
2025/10/14 14:14:51 [/shop/shopping/load_payment_module.php] SendRequest:https://p01.mul-pay.jp/payment/ExecTran.idPass from 82.217.38.178
2025/10/14 14:14:51 [/shop/shopping/load_payment_module.php] Array
(
    [AccessID] => dbcda6fbafa696c3fb42021acaf51bd1
    [AccessPass] => a84f550bd128d29c61178f5da8a8495f
    [OrderID] => 962957-14141451
    [Method] => 1
    [Token] => f075b6c875274e8df5348e4a3b2a9b00109d94860bdadf2b5c134dcc8a55da4b
    [ClientField1] => 
    [ClientField2] => 
    [ClientField3] => EC-CUBE4.3.35
)
 from 82.217.38.178
2025/10/14 14:14:52 [/shop/shopping/load_payment_module.php] ACS=0&OrderID=962957-14141451&Forward=2a99661&Method=1&PayTimes=&Approve=0289664&TranID=2510141414602257210134102666&TranDate=20251014141452&CheckString=4dd2e49a433673ba81a73402d02257be from 82.217.38.178
2025/10/14 14:14:52 [/shop/shopping/load_payment_module.php] Array
(
    [0] => Array
        (
            [ACS] => 0
            [OrderID] => 962957-14141451
            [Forward] => 2a99661
            [Method] => 1
            [PayTimes] => 
            [Approve] => 0289664
            [TranID] => 2510141414602257210134102666
            [TranDate] => 20251014141452
            [CheckString] => 4dd2e49a433673ba81a73402d02257be
        )

)
 from 82.217.38.178
2025/10/14 14:14:52 [/shop/shopping/load_payment_module.php] load_payment_module.php set payment data:Array
(
    [ACS] => 0
    [Forward] => 2a99661
    [Method] => 1
    [PayTimes] => 
    [Approve] => 0289664
    [TranID] => 2510141414602257210134102666
    [TranDate] => 20251014141452
    [CheckString] => 4dd2e49a433673ba81a73402d02257be
    [Amount] => 8050
    [JobCd] => CAPTURE
    [action_status] => 3
    [pay_status] => 13
)
 from 82.217.38.178
2025/10/14 14:14:52 [/shop/user_data/pg_mulpay_recv.php] ******* receiveer data start ******* from 210.175.7.20
2025/10/14 14:14:52 [/shop/user_data/pg_mulpay_recv.php] Array
(
    [ShopID] => 9000034600950
    [ShopPass] => **********
    [AccessID] => dbcda6fbafa696c3fb42021acaf51bd1
    [AccessPass] => ********************************
    [OrderID] => 962957-14141451
    [Status] => CAPTURE
    [JobCd] => CAPTURE
    [Amount] => 8050
    [Tax] => 0
    [Currency] => JPN
    [Forward] => 2a99661
    [Method] => 1
    [PayTimes] => 
    [TranID] => 2510141414602257210134102666
    [Approve] => 0289664
    [TranDate] => 20251014141452
    [ErrCode] => 
    [ErrInfo] => 
    [PayType] => 0
)
 from 210.175.7.20
2025/10/14 14:14:52 [/shop/user_data/pg_mulpay_recv.php] ******* receiveer data end ******* from 210.175.7.20
2025/10/14 14:14:57 [/shop/user_data/pg_mulpay_recv.php] update order status:1 order_id=962957 from 210.175.7.20
2025/10/14 14:14:57 [/shop/user_data/pg_mulpay_recv.php] pg_mulpay_recv.php set payment data:Array
(
    [ShopID] => 9000034600950
    [AccessID] => dbcda6fbafa696c3fb42021acaf51bd1
    [OrderID] => 962957-14141451
    [Status] => CAPTURE
    [JobCd] => CAPTURE
    [Amount] => 8050
    [Tax] => 0
    [Currency] => JPN
    [Forward] => 2a99661
    [Method] => 1
    [PayTimes] => 
    [TranID] => 2510141414602257210134102666
    [Approve] => 0289664
    [TranDate] => 20251014141452
    [ErrCode] => 
    [ErrInfo] => 
    [PayType] => 0
    [CvsCode] => 
    [CvsConfNo] => 
    [CvsReceiptNo] => 
    [EdyReceiptNo] => 
    [EdyOrderNo] => 
    [SuicaReceiptNo] => 
    [SuicaOrderNo] => 
    [CustID] => 
    [BkCode] => 
    [ConfNo] => 
    [PaymentTerm] => 
    [EncryptReceiptNo] => 
    [FinishDate] => 
    [ReceiptDate] => 
    [WebMoneyManagementNo] => 
    [WebMoneySettleCode] => 
    [AuPayInfoNo] => 
    [AuPayMethod] => 
    [AuCancelAmount] => 
    [AuCancelTax] => 
    [DocomoSettlementCode] => 
    [DocomoCancelAmount] => 
    [DocomoCancelTax] => 
    [pay_status] => 13
)
 from 210.175.7.20
2025/10/14 14:14:57 [/shop/user_data/pg_mulpay_recv.php] response:true from 210.175.7.20
2025/10/14 16:58:37 [/shop/shopping/load_payment_module.php] SendRequest:https://p01.mul-pay.jp/payment/SearchMember.idPass from 153.242.198.1
2025/10/14 16:58:37 [/shop/shopping/load_payment_module.php] Array
(
    [SiteID] => mst0000007602
    [SitePass] => ******
    [MemberID] => 2664
)
 from 153.242.198.1
2025/10/14 16:58:37 [/shop/shopping/load_payment_module.php] ErrCode=E01&ErrInfo=E01390002 from 153.242.198.1
2025/10/14 16:58:37 [/shop/shopping/load_payment_module.php] Array
(
    [0] => Array
        (
            [ErrCode] => E01
            [ErrInfo] => E01390002
        )

)
 from 153.242.198.1
2025/10/14 16:58:37 [/shop/shopping/load_payment_module.php] SendRequest:https://p01.mul-pay.jp/payment/SearchCard.idPass from 153.242.198.1
2025/10/14 16:58:37 [/shop/shopping/load_payment_module.php] Array
(
    [SiteID] => mst0000007602
    [SitePass] => ******
    [MemberID] => 2664
)
 from 153.242.198.1
2025/10/14 16:58:37 [/shop/shopping/load_payment_module.php] ErrCode=E01|E01&ErrInfo=E01390002|E01240002 from 153.242.198.1
2025/10/14 16:58:37 [/shop/shopping/load_payment_module.php] Array
(
    [0] => Array
        (
            [ErrCode] => E01
            [ErrInfo] => E01390002
        )

    [1] => Array
        (
            [ErrCode] => E01
            [ErrInfo] => E01240002
        )

)
 from 153.242.198.1
2025/10/14 17:00:00 [/shop/shopping/load_payment_module.php] SendRequest:https://p01.mul-pay.jp/payment/SearchMember.idPass from 153.242.198.1
2025/10/14 17:00:00 [/shop/shopping/load_payment_module.php] Array
(
    [SiteID] => mst0000007602
    [SitePass] => ******
    [MemberID] => 2664
)
 from 153.242.198.1
2025/10/14 17:00:00 [/shop/shopping/load_payment_module.php] ErrCode=E01&ErrInfo=E01390002 from 153.242.198.1
2025/10/14 17:00:00 [/shop/shopping/load_payment_module.php] Array
(
    [0] => Array
        (
            [ErrCode] => E01
            [ErrInfo] => E01390002
        )

)
 from 153.242.198.1
2025/10/14 17:00:00 [/shop/shopping/load_payment_module.php] SendRequest:https://p01.mul-pay.jp/payment/SearchCard.idPass from 153.242.198.1
2025/10/14 17:00:00 [/shop/shopping/load_payment_module.php] Array
(
    [SiteID] => mst0000007602
    [SitePass] => ******
    [MemberID] => 2664
)
 from 153.242.198.1
2025/10/14 17:00:00 [/shop/shopping/load_payment_module.php] ErrCode=E01|E01&ErrInfo=E01390002|E01240002 from 153.242.198.1
2025/10/14 17:00:00 [/shop/shopping/load_payment_module.php] Array
(
    [0] => Array
        (
            [ErrCode] => E01
            [ErrInfo] => E01390002
        )

    [1] => Array
        (
            [ErrCode] => E01
            [ErrInfo] => E01240002
        )

)
 from 153.242.198.1
2025/10/14 17:00:00 [/shop/shopping/load_payment_module.php] SendRequest:https://p01.mul-pay.jp/payment/EntryTran.idPass from 153.242.198.1
2025/10/14 17:00:00 [/shop/shopping/load_payment_module.php] Array
(
    [ShopID] => 9000034600950
    [ShopPass] => ******
    [OrderID] => 962958-14170000
    [JobCd] => CAPTURE
    [Amount] => 1832
    [TdFlag] => 0
    [TdTenantName] => 
)
 from 153.242.198.1
2025/10/14 17:00:00 [/shop/shopping/load_payment_module.php] AccessID=cbb6e31a5b4d94c1e6a9460a3f697893&AccessPass=f78b7f82581ce2b8f8f11bd385660216 from 153.242.198.1
2025/10/14 17:00:00 [/shop/shopping/load_payment_module.php] Array
(
    [0] => Array
        (
            [AccessID] => cbb6e31a5b4d94c1e6a9460a3f697893
            [AccessPass] => f78b7f82581ce2b8f8f11bd385660216
        )

)
 from 153.242.198.1
2025/10/14 17:00:00 [/shop/shopping/load_payment_module.php] load_payment_module.php set payment data:Array
(
    [AccessID] => cbb6e31a5b4d94c1e6a9460a3f697893
    [AccessPass] => f78b7f82581ce2b8f8f11bd385660216
    [OrderID] => 962958-14170000
    [Amount] => 1832
    [JobCd] => CAPTURE
    [action_status] => 1
    [pay_status] => 0
)
 from 153.242.198.1
2025/10/14 17:00:00 [/shop/shopping/load_payment_module.php] SendRequest:https://p01.mul-pay.jp/payment/ExecTran.idPass from 153.242.198.1
2025/10/14 17:00:00 [/shop/shopping/load_payment_module.php] Array
(
    [AccessID] => cbb6e31a5b4d94c1e6a9460a3f697893
    [AccessPass] => f78b7f82581ce2b8f8f11bd385660216
    [OrderID] => 962958-14170000
    [Method] => 1
    [Token] => 06b2a97b325e6880166496e95b7ef07d6e4ea684994d4f6949d7fe2ddcbf204c
    [ClientField1] => 
    [ClientField2] => 
    [ClientField3] => EC-CUBE4.3.35
)
 from 153.242.198.1
2025/10/14 17:00:01 [/shop/shopping/load_payment_module.php] ACS=0&OrderID=962958-14170000&Forward=2959876&Method=1&PayTimes=&Approve=0594648&TranID=2510141700602257210134102667&TranDate=20251014170001&CheckString=b7f58d405180290c17117317b803a0fc from 153.242.198.1
2025/10/14 17:00:01 [/shop/shopping/load_payment_module.php] Array
(
    [0] => Array
        (
            [ACS] => 0
            [OrderID] => 962958-14170000
            [Forward] => 2959876
            [Method] => 1
            [PayTimes] => 
            [Approve] => 0594648
            [TranID] => 2510141700602257210134102667
            [TranDate] => 20251014170001
            [CheckString] => b7f58d405180290c17117317b803a0fc
        )

)
 from 153.242.198.1
2025/10/14 17:00:01 [/shop/shopping/load_payment_module.php] load_payment_module.php set payment data:Array
(
    [ACS] => 0
    [Forward] => 2959876
    [Method] => 1
    [PayTimes] => 
    [Approve] => 0594648
    [TranID] => 2510141700602257210134102667
    [TranDate] => 20251014170001
    [CheckString] => b7f58d405180290c17117317b803a0fc
    [Amount] => 1832
    [JobCd] => CAPTURE
    [action_status] => 3
    [pay_status] => 13
)
 from 153.242.198.1
2025/10/14 17:00:02 [/shop/user_data/pg_mulpay_recv.php] ******* receiveer data start ******* from 210.175.7.20
2025/10/14 17:00:02 [/shop/user_data/pg_mulpay_recv.php] Array
(
    [ShopID] => 9000034600950
    [ShopPass] => **********
    [AccessID] => cbb6e31a5b4d94c1e6a9460a3f697893
    [AccessPass] => ********************************
    [OrderID] => 962958-14170000
    [Status] => CAPTURE
    [JobCd] => CAPTURE
    [Amount] => 1832
    [Tax] => 0
    [Currency] => JPN
    [Forward] => 2959876
    [Method] => 1
    [PayTimes] => 
    [TranID] => 2510141700602257210134102667
    [Approve] => 0594648
    [TranDate] => 20251014170001
    [ErrCode] => 
    [ErrInfo] => 
    [PayType] => 0
)
 from 210.175.7.20
2025/10/14 17:00:02 [/shop/user_data/pg_mulpay_recv.php] ******* receiveer data end ******* from 210.175.7.20
2025/10/14 17:00:07 [/shop/user_data/pg_mulpay_recv.php] update order status:1 order_id=962958 from 210.175.7.20
2025/10/14 17:00:07 [/shop/user_data/pg_mulpay_recv.php] pg_mulpay_recv.php set payment data:Array
(
    [ShopID] => 9000034600950
    [AccessID] => cbb6e31a5b4d94c1e6a9460a3f697893
    [OrderID] => 962958-14170000
    [Status] => CAPTURE
    [JobCd] => CAPTURE
    [Amount] => 1832
    [Tax] => 0
    [Currency] => JPN
    [Forward] => 2959876
    [Method] => 1
    [PayTimes] => 
    [TranID] => 2510141700602257210134102667
    [Approve] => 0594648
    [TranDate] => 20251014170001
    [ErrCode] => 
    [ErrInfo] => 
    [PayType] => 0
    [CvsCode] => 
    [CvsConfNo] => 
    [CvsReceiptNo] => 
    [EdyReceiptNo] => 
    [EdyOrderNo] => 
    [SuicaReceiptNo] => 
    [SuicaOrderNo] => 
    [CustID] => 
    [BkCode] => 
    [ConfNo] => 
    [PaymentTerm] => 
    [EncryptReceiptNo] => 
    [FinishDate] => 
    [ReceiptDate] => 
    [WebMoneyManagementNo] => 
    [WebMoneySettleCode] => 
    [AuPayInfoNo] => 
    [AuPayMethod] => 
    [AuCancelAmount] => 
    [AuCancelTax] => 
    [DocomoSettlementCode] => 
    [DocomoCancelAmount] => 
    [DocomoCancelTax] => 
    [pay_status] => 13
)
 from 210.175.7.20
2025/10/14 17:00:07 [/shop/user_data/pg_mulpay_recv.php] response:true from 210.175.7.20
2025/10/14 23:48:40 [/shop/shopping/load_payment_module.php] SendRequest:https://p01.mul-pay.jp/payment/SearchMember.idPass from 104.28.128.18
2025/10/14 23:48:40 [/shop/shopping/load_payment_module.php] Array
(
    [SiteID] => mst0000007602
    [SitePass] => ******
    [MemberID] => 12196
)
 from 104.28.128.18
2025/10/14 23:48:40 [/shop/shopping/load_payment_module.php] ErrCode=E01&ErrInfo=E01390002 from 104.28.128.18
2025/10/14 23:48:40 [/shop/shopping/load_payment_module.php] Array
(
    [0] => Array
        (
            [ErrCode] => E01
            [ErrInfo] => E01390002
        )

)
 from 104.28.128.18
2025/10/14 23:48:40 [/shop/shopping/load_payment_module.php] SendRequest:https://p01.mul-pay.jp/payment/SearchCard.idPass from 104.28.128.18
2025/10/14 23:48:40 [/shop/shopping/load_payment_module.php] Array
(
    [SiteID] => mst0000007602
    [SitePass] => ******
    [MemberID] => 12196
)
 from 104.28.128.18
2025/10/14 23:48:40 [/shop/shopping/load_payment_module.php] ErrCode=E01|E01&ErrInfo=E01390002|E01240002 from 104.28.128.18
2025/10/14 23:48:40 [/shop/shopping/load_payment_module.php] Array
(
    [0] => Array
        (
            [ErrCode] => E01
            [ErrInfo] => E01390002
        )

    [1] => Array
        (
            [ErrCode] => E01
            [ErrInfo] => E01240002
        )

)
 from 104.28.128.18
2025/10/14 23:49:43 [/shop/shopping/load_payment_module.php] SendRequest:https://p01.mul-pay.jp/payment/SearchMember.idPass from 104.28.128.18
2025/10/14 23:49:43 [/shop/shopping/load_payment_module.php] Array
(
    [SiteID] => mst0000007602
    [SitePass] => ******
    [MemberID] => 12196
)
 from 104.28.128.18
2025/10/14 23:49:43 [/shop/shopping/load_payment_module.php] ErrCode=E01&ErrInfo=E01390002 from 104.28.128.18
2025/10/14 23:49:43 [/shop/shopping/load_payment_module.php] Array
(
    [0] => Array
        (
            [ErrCode] => E01
            [ErrInfo] => E01390002
        )

)
 from 104.28.128.18
2025/10/14 23:49:43 [/shop/shopping/load_payment_module.php] SendRequest:https://p01.mul-pay.jp/payment/SearchCard.idPass from 104.28.128.18
2025/10/14 23:49:43 [/shop/shopping/load_payment_module.php] Array
(
    [SiteID] => mst0000007602
    [SitePass] => ******
    [MemberID] => 12196
)
 from 104.28.128.18
2025/10/14 23:49:43 [/shop/shopping/load_payment_module.php] ErrCode=E01|E01&ErrInfo=E01390002|E01240002 from 104.28.128.18
2025/10/14 23:49:43 [/shop/shopping/load_payment_module.php] Array
(
    [0] => Array
        (
            [ErrCode] => E01
            [ErrInfo] => E01390002
        )

    [1] => Array
        (
            [ErrCode] => E01
            [ErrInfo] => E01240002
        )

)
 from 104.28.128.18
2025/10/14 23:49:43 [/shop/shopping/load_payment_module.php] SendRequest:https://p01.mul-pay.jp/payment/EntryTran.idPass from 104.28.128.18
2025/10/14 23:49:43 [/shop/shopping/load_payment_module.php] Array
(
    [ShopID] => 9000034600950
    [ShopPass] => ******
    [OrderID] => 962959-14234943
    [JobCd] => CAPTURE
    [Amount] => 10210
    [TdFlag] => 0
    [TdTenantName] => 
)
 from 104.28.128.18
2025/10/14 23:49:43 [/shop/shopping/load_payment_module.php] AccessID=c6264af35307628c8826e84ee32abcc8&AccessPass=ee6c7b86ad44a30e270b5c7604ee25bb from 104.28.128.18
2025/10/14 23:49:43 [/shop/shopping/load_payment_module.php] Array
(
    [0] => Array
        (
            [AccessID] => c6264af35307628c8826e84ee32abcc8
            [AccessPass] => ee6c7b86ad44a30e270b5c7604ee25bb
        )

)
 from 104.28.128.18
2025/10/14 23:49:43 [/shop/shopping/load_payment_module.php] load_payment_module.php set payment data:Array
(
    [AccessID] => c6264af35307628c8826e84ee32abcc8
    [AccessPass] => ee6c7b86ad44a30e270b5c7604ee25bb
    [OrderID] => 962959-14234943
    [Amount] => 10210
    [JobCd] => CAPTURE
    [action_status] => 1
    [pay_status] => 0
)
 from 104.28.128.18
2025/10/14 23:49:43 [/shop/shopping/load_payment_module.php] SendRequest:https://p01.mul-pay.jp/payment/ExecTran.idPass from 104.28.128.18
2025/10/14 23:49:43 [/shop/shopping/load_payment_module.php] Array
(
    [AccessID] => c6264af35307628c8826e84ee32abcc8
    [AccessPass] => ee6c7b86ad44a30e270b5c7604ee25bb
    [OrderID] => 962959-14234943
    [Method] => 1
    [Token] => 923d72dcabad2face4ab6ce917b62e0dfb2d6f9e737c70980662aa3e27fb64a5
    [ClientField1] => 
    [ClientField2] => 
    [ClientField3] => EC-CUBE4.3.35
)
 from 104.28.128.18
2025/10/14 23:49:45 [/shop/shopping/load_payment_module.php] ACS=0&OrderID=962959-14234943&Forward=2959876&Method=1&PayTimes=&Approve=0511000&TranID=2510142349602257210134102668&TranDate=20251014234945&CheckString=cfecd8ae630e4d9522e42840633c3fb4 from 104.28.128.18
2025/10/14 23:49:45 [/shop/shopping/load_payment_module.php] Array
(
    [0] => Array
        (
            [ACS] => 0
            [OrderID] => 962959-14234943
            [Forward] => 2959876
            [Method] => 1
            [PayTimes] => 
            [Approve] => 0511000
            [TranID] => 2510142349602257210134102668
            [TranDate] => 20251014234945
            [CheckString] => cfecd8ae630e4d9522e42840633c3fb4
        )

)
 from 104.28.128.18
2025/10/14 23:49:45 [/shop/shopping/load_payment_module.php] load_payment_module.php set payment data:Array
(
    [ACS] => 0
    [Forward] => 2959876
    [Method] => 1
    [PayTimes] => 
    [Approve] => 0511000
    [TranID] => 2510142349602257210134102668
    [TranDate] => 20251014234945
    [CheckString] => cfecd8ae630e4d9522e42840633c3fb4
    [Amount] => 10210
    [JobCd] => CAPTURE
    [action_status] => 3
    [pay_status] => 13
)
 from 104.28.128.18
2025/10/14 23:49:45 [/shop/user_data/pg_mulpay_recv.php] ******* receiveer data start ******* from 210.175.7.20
2025/10/14 23:49:45 [/shop/user_data/pg_mulpay_recv.php] Array
(
    [ShopID] => 9000034600950
    [ShopPass] => **********
    [AccessID] => c6264af35307628c8826e84ee32abcc8
    [AccessPass] => ********************************
    [OrderID] => 962959-14234943
    [Status] => CAPTURE
    [JobCd] => CAPTURE
    [Amount] => 10210
    [Tax] => 0
    [Currency] => JPN
    [Forward] => 2959876
    [Method] => 1
    [PayTimes] => 
    [TranID] => 2510142349602257210134102668
    [Approve] => 0511000
    [TranDate] => 20251014234945
    [ErrCode] => 
    [ErrInfo] => 
    [PayType] => 0
)
 from 210.175.7.20
2025/10/14 23:49:45 [/shop/user_data/pg_mulpay_recv.php] ******* receiveer data end ******* from 210.175.7.20
2025/10/14 23:49:50 [/shop/user_data/pg_mulpay_recv.php] update order status:1 order_id=962959 from 210.175.7.20
2025/10/14 23:49:50 [/shop/user_data/pg_mulpay_recv.php] pg_mulpay_recv.php set payment data:Array
(
    [ShopID] => 9000034600950
    [AccessID] => c6264af35307628c8826e84ee32abcc8
    [OrderID] => 962959-14234943
    [Status] => CAPTURE
    [JobCd] => CAPTURE
    [Amount] => 10210
    [Tax] => 0
    [Currency] => JPN
    [Forward] => 2959876
    [Method] => 1
    [PayTimes] => 
    [TranID] => 2510142349602257210134102668
    [Approve] => 0511000
    [TranDate] => 20251014234945
    [ErrCode] => 
    [ErrInfo] => 
    [PayType] => 0
    [CvsCode] => 
    [CvsConfNo] => 
    [CvsReceiptNo] => 
    [EdyReceiptNo] => 
    [EdyOrderNo] => 
    [SuicaReceiptNo] => 
    [SuicaOrderNo] => 
    [CustID] => 
    [BkCode] => 
    [ConfNo] => 
    [PaymentTerm] => 
    [EncryptReceiptNo] => 
    [FinishDate] => 
    [ReceiptDate] => 
    [WebMoneyManagementNo] => 
    [WebMoneySettleCode] => 
    [AuPayInfoNo] => 
    [AuPayMethod] => 
    [AuCancelAmount] => 
    [AuCancelTax] => 
    [DocomoSettlementCode] => 
    [DocomoCancelAmount] => 
    [DocomoCancelTax] => 
    [pay_status] => 13
)
 from 210.175.7.20
2025/10/14 23:49:50 [/shop/user_data/pg_mulpay_recv.php] response:true from 210.175.7.20
