2022/03/31 02:42:01 [/shop/shopping/load_payment_module.php] SendRequest:https://p01.mul-pay.jp/payment/SearchMember.idPass from 126.198.186.53
2022/03/31 02:42:01 [/shop/shopping/load_payment_module.php] Array
(
    [SiteID] => mst0000007602
    [SitePass] => ******
    [MemberID] => 6206
)
 from 126.198.186.53
2022/03/31 02:42:01 [/shop/shopping/load_payment_module.php] ErrCode=E01&ErrInfo=E01390002 from 126.198.186.53
2022/03/31 02:42:01 [/shop/shopping/load_payment_module.php] Array
(
    [0] => Array
        (
            [ErrCode] => E01
            [ErrInfo] => E01390002
        )

)
 from 126.198.186.53
2022/03/31 02:42:01 [/shop/shopping/load_payment_module.php] SendRequest:https://p01.mul-pay.jp/payment/SearchCard.idPass from 126.198.186.53
2022/03/31 02:42:01 [/shop/shopping/load_payment_module.php] Array
(
    [SiteID] => mst0000007602
    [SitePass] => ******
    [MemberID] => 6206
)
 from 126.198.186.53
2022/03/31 02:42:01 [/shop/shopping/load_payment_module.php] ErrCode=E01|E01&ErrInfo=E01390002|E01240002 from 126.198.186.53
2022/03/31 02:42:01 [/shop/shopping/load_payment_module.php] Array
(
    [0] => Array
        (
            [ErrCode] => E01
            [ErrInfo] => E01390002
        )

    [1] => Array
        (
            [ErrCode] => E01
            [ErrInfo] => E01240002
        )

)
 from 126.198.186.53
2022/03/31 02:42:50 [/shop/shopping/load_payment_module.php] SendRequest:https://p01.mul-pay.jp/payment/SearchMember.idPass from 126.198.186.53
2022/03/31 02:42:50 [/shop/shopping/load_payment_module.php] Array
(
    [SiteID] => mst0000007602
    [SitePass] => ******
    [MemberID] => 6206
)
 from 126.198.186.53
2022/03/31 02:42:50 [/shop/shopping/load_payment_module.php] ErrCode=E01&ErrInfo=E01390002 from 126.198.186.53
2022/03/31 02:42:50 [/shop/shopping/load_payment_module.php] Array
(
    [0] => Array
        (
            [ErrCode] => E01
            [ErrInfo] => E01390002
        )

)
 from 126.198.186.53
2022/03/31 02:42:50 [/shop/shopping/load_payment_module.php] SendRequest:https://p01.mul-pay.jp/payment/SearchCard.idPass from 126.198.186.53
2022/03/31 02:42:50 [/shop/shopping/load_payment_module.php] Array
(
    [SiteID] => mst0000007602
    [SitePass] => ******
    [MemberID] => 6206
)
 from 126.198.186.53
2022/03/31 02:42:50 [/shop/shopping/load_payment_module.php] ErrCode=E01|E01&ErrInfo=E01390002|E01240002 from 126.198.186.53
2022/03/31 02:42:50 [/shop/shopping/load_payment_module.php] Array
(
    [0] => Array
        (
            [ErrCode] => E01
            [ErrInfo] => E01390002
        )

    [1] => Array
        (
            [ErrCode] => E01
            [ErrInfo] => E01240002
        )

)
 from 126.198.186.53
2022/03/31 02:43:01 [/shop/shopping/load_payment_module.php] SendRequest:https://p01.mul-pay.jp/payment/SearchMember.idPass from 126.198.186.53
2022/03/31 02:43:01 [/shop/shopping/load_payment_module.php] Array
(
    [SiteID] => mst0000007602
    [SitePass] => ******
    [MemberID] => 6206
)
 from 126.198.186.53
2022/03/31 02:43:01 [/shop/shopping/load_payment_module.php] ErrCode=E01&ErrInfo=E01390002 from 126.198.186.53
2022/03/31 02:43:01 [/shop/shopping/load_payment_module.php] Array
(
    [0] => Array
        (
            [ErrCode] => E01
            [ErrInfo] => E01390002
        )

)
 from 126.198.186.53
2022/03/31 02:43:01 [/shop/shopping/load_payment_module.php] SendRequest:https://p01.mul-pay.jp/payment/SearchCard.idPass from 126.198.186.53
2022/03/31 02:43:01 [/shop/shopping/load_payment_module.php] Array
(
    [SiteID] => mst0000007602
    [SitePass] => ******
    [MemberID] => 6206
)
 from 126.198.186.53
2022/03/31 02:43:02 [/shop/shopping/load_payment_module.php] ErrCode=E01|E01&ErrInfo=E01390002|E01240002 from 126.198.186.53
2022/03/31 02:43:02 [/shop/shopping/load_payment_module.php] Array
(
    [0] => Array
        (
            [ErrCode] => E01
            [ErrInfo] => E01390002
        )

    [1] => Array
        (
            [ErrCode] => E01
            [ErrInfo] => E01240002
        )

)
 from 126.198.186.53
2022/03/31 02:43:40 [/shop/shopping/load_payment_module.php] SendRequest:https://p01.mul-pay.jp/payment/SearchMember.idPass from 126.198.186.53
2022/03/31 02:43:40 [/shop/shopping/load_payment_module.php] Array
(
    [SiteID] => mst0000007602
    [SitePass] => ******
    [MemberID] => 6206
)
 from 126.198.186.53
2022/03/31 02:43:40 [/shop/shopping/load_payment_module.php] ErrCode=E01&ErrInfo=E01390002 from 126.198.186.53
2022/03/31 02:43:40 [/shop/shopping/load_payment_module.php] Array
(
    [0] => Array
        (
            [ErrCode] => E01
            [ErrInfo] => E01390002
        )

)
 from 126.198.186.53
2022/03/31 02:43:40 [/shop/shopping/load_payment_module.php] SendRequest:https://p01.mul-pay.jp/payment/SearchCard.idPass from 126.198.186.53
2022/03/31 02:43:40 [/shop/shopping/load_payment_module.php] Array
(
    [SiteID] => mst0000007602
    [SitePass] => ******
    [MemberID] => 6206
)
 from 126.198.186.53
2022/03/31 02:43:40 [/shop/shopping/load_payment_module.php] ErrCode=E01|E01&ErrInfo=E01390002|E01240002 from 126.198.186.53
2022/03/31 02:43:40 [/shop/shopping/load_payment_module.php] Array
(
    [0] => Array
        (
            [ErrCode] => E01
            [ErrInfo] => E01390002
        )

    [1] => Array
        (
            [ErrCode] => E01
            [ErrInfo] => E01240002
        )

)
 from 126.198.186.53
2022/03/31 02:43:53 [/shop/shopping/load_payment_module.php] SendRequest:https://p01.mul-pay.jp/payment/SearchMember.idPass from 126.198.186.53
2022/03/31 02:43:53 [/shop/shopping/load_payment_module.php] Array
(
    [SiteID] => mst0000007602
    [SitePass] => ******
    [MemberID] => 6206
)
 from 126.198.186.53
2022/03/31 02:43:53 [/shop/shopping/load_payment_module.php] ErrCode=E01&ErrInfo=E01390002 from 126.198.186.53
2022/03/31 02:43:53 [/shop/shopping/load_payment_module.php] Array
(
    [0] => Array
        (
            [ErrCode] => E01
            [ErrInfo] => E01390002
        )

)
 from 126.198.186.53
2022/03/31 02:43:53 [/shop/shopping/load_payment_module.php] SendRequest:https://p01.mul-pay.jp/payment/SearchCard.idPass from 126.198.186.53
2022/03/31 02:43:53 [/shop/shopping/load_payment_module.php] Array
(
    [SiteID] => mst0000007602
    [SitePass] => ******
    [MemberID] => 6206
)
 from 126.198.186.53
2022/03/31 02:43:53 [/shop/shopping/load_payment_module.php] ErrCode=E01|E01&ErrInfo=E01390002|E01240002 from 126.198.186.53
2022/03/31 02:43:53 [/shop/shopping/load_payment_module.php] Array
(
    [0] => Array
        (
            [ErrCode] => E01
            [ErrInfo] => E01390002
        )

    [1] => Array
        (
            [ErrCode] => E01
            [ErrInfo] => E01240002
        )

)
 from 126.198.186.53
2022/03/31 02:43:53 [/shop/shopping/load_payment_module.php] SendRequest:https://p01.mul-pay.jp/payment/EntryTran.idPass from 126.198.186.53
2022/03/31 02:43:53 [/shop/shopping/load_payment_module.php] Array
(
    [ShopID] => 9000034600950
    [ShopPass] => ******
    [OrderID] => 946378-31024353
    [JobCd] => CAPTURE
    [Amount] => 1
    [TdFlag] => 0
    [TdTenantName] => 
)
 from 126.198.186.53
2022/03/31 02:43:53 [/shop/shopping/load_payment_module.php] AccessID=6edcd6958bcff7b32afdab1fa183590f&AccessPass=53e389f3ac4c999b1f8a7a7342e3a21f from 126.198.186.53
2022/03/31 02:43:53 [/shop/shopping/load_payment_module.php] Array
(
    [0] => Array
        (
            [AccessID] => 6edcd6958bcff7b32afdab1fa183590f
            [AccessPass] => 53e389f3ac4c999b1f8a7a7342e3a21f
        )

)
 from 126.198.186.53
2022/03/31 02:43:53 [/shop/shopping/load_payment_module.php] load_payment_module.php set payment data:Array
(
    [AccessID] => 6edcd6958bcff7b32afdab1fa183590f
    [AccessPass] => 53e389f3ac4c999b1f8a7a7342e3a21f
    [OrderID] => 946378-31024353
    [Amount] => 1
    [JobCd] => CAPTURE
    [action_status] => 1
    [pay_status] => 0
)
 from 126.198.186.53
2022/03/31 02:43:53 [/shop/shopping/load_payment_module.php] SendRequest:https://p01.mul-pay.jp/payment/ExecTran.idPass from 126.198.186.53
2022/03/31 02:43:53 [/shop/shopping/load_payment_module.php] Array
(
    [AccessID] => 6edcd6958bcff7b32afdab1fa183590f
    [AccessPass] => 53e389f3ac4c999b1f8a7a7342e3a21f
    [OrderID] => 946378-31024353
    [Method] => 1
    [Token] => 9f64be359a52ee4b68f7176ced3197fe672a5b0015f0fe3498c7172b677cacb2
    [ClientField1] => 
    [ClientField2] => 
    [ClientField3] => EC-CUBE4.3.35
)
 from 126.198.186.53
2022/03/31 02:43:53 [/shop/shopping/load_payment_module.php] ACS=0&OrderID=946378-31024353&Forward=2S49631&Method=1&PayTimes=&Approve=0030570&TranID=2203310243602257210134170060&TranDate=20220331024353&CheckString=c06d0eb0111359d9ea49166687ae3a5d from 126.198.186.53
2022/03/31 02:43:53 [/shop/shopping/load_payment_module.php] Array
(
    [0] => Array
        (
            [ACS] => 0
            [OrderID] => 946378-31024353
            [Forward] => 2S49631
            [Method] => 1
            [PayTimes] => 
            [Approve] => 0030570
            [TranID] => 2203310243602257210134170060
            [TranDate] => 20220331024353
            [CheckString] => c06d0eb0111359d9ea49166687ae3a5d
        )

)
 from 126.198.186.53
2022/03/31 02:43:53 [/shop/shopping/load_payment_module.php] load_payment_module.php set payment data:Array
(
    [ACS] => 0
    [Forward] => 2S49631
    [Method] => 1
    [PayTimes] => 
    [Approve] => 0030570
    [TranID] => 2203310243602257210134170060
    [TranDate] => 20220331024353
    [CheckString] => c06d0eb0111359d9ea49166687ae3a5d
    [Amount] => 1
    [JobCd] => CAPTURE
    [action_status] => 3
    [pay_status] => 13
)
 from 126.198.186.53
2022/03/31 02:43:54 [/shop/user_data/pg_mulpay_recv.php] ******* receiveer data start ******* from 210.175.7.20
2022/03/31 02:43:54 [/shop/user_data/pg_mulpay_recv.php] Array
(
    [ShopID] => 9000034600950
    [ShopPass] => **********
    [AccessID] => 6edcd6958bcff7b32afdab1fa183590f
    [AccessPass] => ********************************
    [OrderID] => 946378-31024353
    [Status] => CAPTURE
    [JobCd] => CAPTURE
    [Amount] => 1
    [Tax] => 0
    [Currency] => JPN
    [Forward] => 2S49631
    [Method] => 1
    [PayTimes] => 
    [TranID] => 2203310243602257210134170060
    [Approve] => 0030570
    [TranDate] => 20220331024353
    [ErrCode] => 
    [ErrInfo] => 
    [PayType] => 0
)
 from 210.175.7.20
2022/03/31 02:43:54 [/shop/user_data/pg_mulpay_recv.php] ******* receiveer data end ******* from 210.175.7.20
2022/03/31 02:43:59 [/shop/user_data/pg_mulpay_recv.php] update order status:1 order_id=946378 from 210.175.7.20
2022/03/31 02:43:59 [/shop/user_data/pg_mulpay_recv.php] pg_mulpay_recv.php set payment data:Array
(
    [ShopID] => 9000034600950
    [AccessID] => 6edcd6958bcff7b32afdab1fa183590f
    [OrderID] => 946378-31024353
    [Status] => CAPTURE
    [JobCd] => CAPTURE
    [Amount] => 1
    [Tax] => 0
    [Currency] => JPN
    [Forward] => 2S49631
    [Method] => 1
    [PayTimes] => 
    [TranID] => 2203310243602257210134170060
    [Approve] => 0030570
    [TranDate] => 20220331024353
    [ErrCode] => 
    [ErrInfo] => 
    [PayType] => 0
    [CvsCode] => 
    [CvsConfNo] => 
    [CvsReceiptNo] => 
    [EdyReceiptNo] => 
    [EdyOrderNo] => 
    [SuicaReceiptNo] => 
    [SuicaOrderNo] => 
    [CustID] => 
    [BkCode] => 
    [ConfNo] => 
    [PaymentTerm] => 
    [EncryptReceiptNo] => 
    [FinishDate] => 
    [ReceiptDate] => 
    [WebMoneyManagementNo] => 
    [WebMoneySettleCode] => 
    [AuPayInfoNo] => 
    [AuPayMethod] => 
    [AuCancelAmount] => 
    [AuCancelTax] => 
    [DocomoSettlementCode] => 
    [DocomoCancelAmount] => 
    [DocomoCancelTax] => 
    [pay_status] => 13
)
 from 210.175.7.20
2022/03/31 02:43:59 [/shop/user_data/pg_mulpay_recv.php] response:true from 210.175.7.20
2022/03/31 11:40:31 [/shop/shopping/load_payment_module.php] SendRequest:https://p01.mul-pay.jp/payment/SearchMember.idPass from 92.203.98.82
2022/03/31 11:40:31 [/shop/shopping/load_payment_module.php] Array
(
    [SiteID] => mst0000007602
    [SitePass] => ******
    [MemberID] => 3060
)
 from 92.203.98.82
2022/03/31 11:40:31 [/shop/shopping/load_payment_module.php] ErrCode=E01&ErrInfo=E01390002 from 92.203.98.82
2022/03/31 11:40:31 [/shop/shopping/load_payment_module.php] Array
(
    [0] => Array
        (
            [ErrCode] => E01
            [ErrInfo] => E01390002
        )

)
 from 92.203.98.82
2022/03/31 11:40:31 [/shop/shopping/load_payment_module.php] SendRequest:https://p01.mul-pay.jp/payment/SearchCard.idPass from 92.203.98.82
2022/03/31 11:40:31 [/shop/shopping/load_payment_module.php] Array
(
    [SiteID] => mst0000007602
    [SitePass] => ******
    [MemberID] => 3060
)
 from 92.203.98.82
2022/03/31 11:40:31 [/shop/shopping/load_payment_module.php] ErrCode=E01|E01&ErrInfo=E01390002|E01240002 from 92.203.98.82
2022/03/31 11:40:31 [/shop/shopping/load_payment_module.php] Array
(
    [0] => Array
        (
            [ErrCode] => E01
            [ErrInfo] => E01390002
        )

    [1] => Array
        (
            [ErrCode] => E01
            [ErrInfo] => E01240002
        )

)
 from 92.203.98.82
2022/03/31 11:41:25 [/shop/shopping/load_payment_module.php] SendRequest:https://p01.mul-pay.jp/payment/SearchMember.idPass from 92.203.98.82
2022/03/31 11:41:25 [/shop/shopping/load_payment_module.php] Array
(
    [SiteID] => mst0000007602
    [SitePass] => ******
    [MemberID] => 3060
)
 from 92.203.98.82
2022/03/31 11:41:25 [/shop/shopping/load_payment_module.php] ErrCode=E01&ErrInfo=E01390002 from 92.203.98.82
2022/03/31 11:41:25 [/shop/shopping/load_payment_module.php] Array
(
    [0] => Array
        (
            [ErrCode] => E01
            [ErrInfo] => E01390002
        )

)
 from 92.203.98.82
2022/03/31 11:41:25 [/shop/shopping/load_payment_module.php] SendRequest:https://p01.mul-pay.jp/payment/SearchCard.idPass from 92.203.98.82
2022/03/31 11:41:25 [/shop/shopping/load_payment_module.php] Array
(
    [SiteID] => mst0000007602
    [SitePass] => ******
    [MemberID] => 3060
)
 from 92.203.98.82
2022/03/31 11:41:26 [/shop/shopping/load_payment_module.php] ErrCode=E01|E01&ErrInfo=E01390002|E01240002 from 92.203.98.82
2022/03/31 11:41:26 [/shop/shopping/load_payment_module.php] Array
(
    [0] => Array
        (
            [ErrCode] => E01
            [ErrInfo] => E01390002
        )

    [1] => Array
        (
            [ErrCode] => E01
            [ErrInfo] => E01240002
        )

)
 from 92.203.98.82
2022/03/31 11:41:26 [/shop/shopping/load_payment_module.php] SendRequest:https://p01.mul-pay.jp/payment/EntryTran.idPass from 92.203.98.82
2022/03/31 11:41:26 [/shop/shopping/load_payment_module.php] Array
(
    [ShopID] => 9000034600950
    [ShopPass] => ******
    [OrderID] => 946379-31114126
    [JobCd] => CAPTURE
    [Amount] => 21000
    [TdFlag] => 0
    [TdTenantName] => 
)
 from 92.203.98.82
2022/03/31 11:41:26 [/shop/shopping/load_payment_module.php] AccessID=c1c18752d2678222fd9c05d782fedfb8&AccessPass=7fb5d7974a563f79bde4599429d25714 from 92.203.98.82
2022/03/31 11:41:26 [/shop/shopping/load_payment_module.php] Array
(
    [0] => Array
        (
            [AccessID] => c1c18752d2678222fd9c05d782fedfb8
            [AccessPass] => 7fb5d7974a563f79bde4599429d25714
        )

)
 from 92.203.98.82
2022/03/31 11:41:26 [/shop/shopping/load_payment_module.php] load_payment_module.php set payment data:Array
(
    [AccessID] => c1c18752d2678222fd9c05d782fedfb8
    [AccessPass] => 7fb5d7974a563f79bde4599429d25714
    [OrderID] => 946379-31114126
    [Amount] => 21000
    [JobCd] => CAPTURE
    [action_status] => 1
    [pay_status] => 0
)
 from 92.203.98.82
2022/03/31 11:41:26 [/shop/shopping/load_payment_module.php] SendRequest:https://p01.mul-pay.jp/payment/ExecTran.idPass from 92.203.98.82
2022/03/31 11:41:26 [/shop/shopping/load_payment_module.php] Array
(
    [AccessID] => c1c18752d2678222fd9c05d782fedfb8
    [AccessPass] => 7fb5d7974a563f79bde4599429d25714
    [OrderID] => 946379-31114126
    [Method] => 1
    [Token] => 3366de9b3dd9030098ea2b3de6a57e3df2b810e0527004856c935eb15b5b002b
    [ClientField1] => 
    [ClientField2] => 
    [ClientField3] => EC-CUBE4.3.35
)
 from 92.203.98.82
2022/03/31 11:41:26 [/shop/shopping/load_payment_module.php] ACS=0&OrderID=946379-31114126&Forward=2S49631&Method=1&PayTimes=&Approve=0665655&TranID=2203311141602257210134180085&TranDate=20220331114126&CheckString=6887d98089cbacc458ee29ed7a3e9551 from 92.203.98.82
2022/03/31 11:41:26 [/shop/shopping/load_payment_module.php] Array
(
    [0] => Array
        (
            [ACS] => 0
            [OrderID] => 946379-31114126
            [Forward] => 2S49631
            [Method] => 1
            [PayTimes] => 
            [Approve] => 0665655
            [TranID] => 2203311141602257210134180085
            [TranDate] => 20220331114126
            [CheckString] => 6887d98089cbacc458ee29ed7a3e9551
        )

)
 from 92.203.98.82
2022/03/31 11:41:26 [/shop/shopping/load_payment_module.php] load_payment_module.php set payment data:Array
(
    [ACS] => 0
    [Forward] => 2S49631
    [Method] => 1
    [PayTimes] => 
    [Approve] => 0665655
    [TranID] => 2203311141602257210134180085
    [TranDate] => 20220331114126
    [CheckString] => 6887d98089cbacc458ee29ed7a3e9551
    [Amount] => 21000
    [JobCd] => CAPTURE
    [action_status] => 3
    [pay_status] => 13
)
 from 92.203.98.82
2022/03/31 11:41:26 [/shop/user_data/pg_mulpay_recv.php] ******* receiveer data start ******* from 210.175.7.20
2022/03/31 11:41:26 [/shop/user_data/pg_mulpay_recv.php] Array
(
    [ShopID] => 9000034600950
    [ShopPass] => **********
    [AccessID] => c1c18752d2678222fd9c05d782fedfb8
    [AccessPass] => ********************************
    [OrderID] => 946379-31114126
    [Status] => CAPTURE
    [JobCd] => CAPTURE
    [Amount] => 21000
    [Tax] => 0
    [Currency] => JPN
    [Forward] => 2S49631
    [Method] => 1
    [PayTimes] => 
    [TranID] => 2203311141602257210134180085
    [Approve] => 0665655
    [TranDate] => 20220331114126
    [ErrCode] => 
    [ErrInfo] => 
    [PayType] => 0
)
 from 210.175.7.20
2022/03/31 11:41:26 [/shop/user_data/pg_mulpay_recv.php] ******* receiveer data end ******* from 210.175.7.20
2022/03/31 11:41:31 [/shop/user_data/pg_mulpay_recv.php] update order status:1 order_id=946379 from 210.175.7.20
2022/03/31 11:41:31 [/shop/user_data/pg_mulpay_recv.php] pg_mulpay_recv.php set payment data:Array
(
    [ShopID] => 9000034600950
    [AccessID] => c1c18752d2678222fd9c05d782fedfb8
    [OrderID] => 946379-31114126
    [Status] => CAPTURE
    [JobCd] => CAPTURE
    [Amount] => 21000
    [Tax] => 0
    [Currency] => JPN
    [Forward] => 2S49631
    [Method] => 1
    [PayTimes] => 
    [TranID] => 2203311141602257210134180085
    [Approve] => 0665655
    [TranDate] => 20220331114126
    [ErrCode] => 
    [ErrInfo] => 
    [PayType] => 0
    [CvsCode] => 
    [CvsConfNo] => 
    [CvsReceiptNo] => 
    [EdyReceiptNo] => 
    [EdyOrderNo] => 
    [SuicaReceiptNo] => 
    [SuicaOrderNo] => 
    [CustID] => 
    [BkCode] => 
    [ConfNo] => 
    [PaymentTerm] => 
    [EncryptReceiptNo] => 
    [FinishDate] => 
    [ReceiptDate] => 
    [WebMoneyManagementNo] => 
    [WebMoneySettleCode] => 
    [AuPayInfoNo] => 
    [AuPayMethod] => 
    [AuCancelAmount] => 
    [AuCancelTax] => 
    [DocomoSettlementCode] => 
    [DocomoCancelAmount] => 
    [DocomoCancelTax] => 
    [pay_status] => 13
)
 from 210.175.7.20
2022/03/31 11:41:31 [/shop/user_data/pg_mulpay_recv.php] response:true from 210.175.7.20
2022/03/31 19:38:07 [/shop/shopping/load_payment_module.php] SendRequest:https://p01.mul-pay.jp/payment/EntryTran.idPass from 85.229.159.224
2022/03/31 19:38:07 [/shop/shopping/load_payment_module.php] Array
(
    [ShopID] => 9000034600950
    [ShopPass] => ******
    [OrderID] => 946381-31193807
    [JobCd] => CAPTURE
    [Amount] => 4650
    [TdFlag] => 0
    [TdTenantName] => 
)
 from 85.229.159.224
2022/03/31 19:38:07 [/shop/shopping/load_payment_module.php] AccessID=9b0e4584ab8ef9cdf833b7814fafff41&AccessPass=8c17ca9c656004a4d7c49cd2ad45d647 from 85.229.159.224
2022/03/31 19:38:07 [/shop/shopping/load_payment_module.php] Array
(
    [0] => Array
        (
            [AccessID] => 9b0e4584ab8ef9cdf833b7814fafff41
            [AccessPass] => 8c17ca9c656004a4d7c49cd2ad45d647
        )

)
 from 85.229.159.224
2022/03/31 19:38:07 [/shop/shopping/load_payment_module.php] load_payment_module.php set payment data:Array
(
    [AccessID] => 9b0e4584ab8ef9cdf833b7814fafff41
    [AccessPass] => 8c17ca9c656004a4d7c49cd2ad45d647
    [OrderID] => 946381-31193807
    [Amount] => 4650
    [JobCd] => CAPTURE
    [action_status] => 1
    [pay_status] => 0
)
 from 85.229.159.224
2022/03/31 19:38:07 [/shop/shopping/load_payment_module.php] SendRequest:https://p01.mul-pay.jp/payment/ExecTran.idPass from 85.229.159.224
2022/03/31 19:38:07 [/shop/shopping/load_payment_module.php] Array
(
    [AccessID] => 9b0e4584ab8ef9cdf833b7814fafff41
    [AccessPass] => 8c17ca9c656004a4d7c49cd2ad45d647
    [OrderID] => 946381-31193807
    [Method] => 1
    [Token] => badd69be3854a73d95c94fcf2f4dc93a449d6dd9fe64b8d30a0d4bfd1eb3f28d
    [ClientField1] => 
    [ClientField2] => 
    [ClientField3] => EC-CUBE4.3.35
)
 from 85.229.159.224
2022/03/31 19:38:08 [/shop/shopping/load_payment_module.php] ACS=0&OrderID=946381-31193807&Forward=2S49631&Method=1&PayTimes=&Approve=0123807&TranID=2203311938602257210134160085&TranDate=20220331193808&CheckString=f141fe40b17112f2c90b90dbf5873bfa from 85.229.159.224
2022/03/31 19:38:08 [/shop/shopping/load_payment_module.php] Array
(
    [0] => Array
        (
            [ACS] => 0
            [OrderID] => 946381-31193807
            [Forward] => 2S49631
            [Method] => 1
            [PayTimes] => 
            [Approve] => 0123807
            [TranID] => 2203311938602257210134160085
            [TranDate] => 20220331193808
            [CheckString] => f141fe40b17112f2c90b90dbf5873bfa
        )

)
 from 85.229.159.224
2022/03/31 19:38:08 [/shop/shopping/load_payment_module.php] load_payment_module.php set payment data:Array
(
    [ACS] => 0
    [Forward] => 2S49631
    [Method] => 1
    [PayTimes] => 
    [Approve] => 0123807
    [TranID] => 2203311938602257210134160085
    [TranDate] => 20220331193808
    [CheckString] => f141fe40b17112f2c90b90dbf5873bfa
    [Amount] => 4650
    [JobCd] => CAPTURE
    [action_status] => 3
    [pay_status] => 13
)
 from 85.229.159.224
2022/03/31 19:38:08 [/shop/user_data/pg_mulpay_recv.php] ******* receiveer data start ******* from 210.175.7.20
2022/03/31 19:38:08 [/shop/user_data/pg_mulpay_recv.php] Array
(
    [ShopID] => 9000034600950
    [ShopPass] => **********
    [AccessID] => 9b0e4584ab8ef9cdf833b7814fafff41
    [AccessPass] => ********************************
    [OrderID] => 946381-31193807
    [Status] => CAPTURE
    [JobCd] => CAPTURE
    [Amount] => 4650
    [Tax] => 0
    [Currency] => JPN
    [Forward] => 2S49631
    [Method] => 1
    [PayTimes] => 
    [TranID] => 2203311938602257210134160085
    [Approve] => 0123807
    [TranDate] => 20220331193808
    [ErrCode] => 
    [ErrInfo] => 
    [PayType] => 0
)
 from 210.175.7.20
2022/03/31 19:38:08 [/shop/user_data/pg_mulpay_recv.php] ******* receiveer data end ******* from 210.175.7.20
2022/03/31 19:38:13 [/shop/user_data/pg_mulpay_recv.php] update order status:1 order_id=946381 from 210.175.7.20
2022/03/31 19:38:13 [/shop/user_data/pg_mulpay_recv.php] pg_mulpay_recv.php set payment data:Array
(
    [ShopID] => 9000034600950
    [AccessID] => 9b0e4584ab8ef9cdf833b7814fafff41
    [OrderID] => 946381-31193807
    [Status] => CAPTURE
    [JobCd] => CAPTURE
    [Amount] => 4650
    [Tax] => 0
    [Currency] => JPN
    [Forward] => 2S49631
    [Method] => 1
    [PayTimes] => 
    [TranID] => 2203311938602257210134160085
    [Approve] => 0123807
    [TranDate] => 20220331193808
    [ErrCode] => 
    [ErrInfo] => 
    [PayType] => 0
    [CvsCode] => 
    [CvsConfNo] => 
    [CvsReceiptNo] => 
    [EdyReceiptNo] => 
    [EdyOrderNo] => 
    [SuicaReceiptNo] => 
    [SuicaOrderNo] => 
    [CustID] => 
    [BkCode] => 
    [ConfNo] => 
    [PaymentTerm] => 
    [EncryptReceiptNo] => 
    [FinishDate] => 
    [ReceiptDate] => 
    [WebMoneyManagementNo] => 
    [WebMoneySettleCode] => 
    [AuPayInfoNo] => 
    [AuPayMethod] => 
    [AuCancelAmount] => 
    [AuCancelTax] => 
    [DocomoSettlementCode] => 
    [DocomoCancelAmount] => 
    [DocomoCancelTax] => 
    [pay_status] => 13
)
 from 210.175.7.20
2022/03/31 19:38:13 [/shop/user_data/pg_mulpay_recv.php] response:true from 210.175.7.20
2022/03/31 19:42:51 [/shop/shopping/load_payment_module.php] SendRequest:https://p01.mul-pay.jp/payment/EntryTran.idPass from 27.139.234.13
2022/03/31 19:42:51 [/shop/shopping/load_payment_module.php] Array
(
    [ShopID] => 9000034600950
    [ShopPass] => ******
    [OrderID] => 946383-31194251
    [JobCd] => CAPTURE
    [Amount] => 1880
    [TdFlag] => 0
    [TdTenantName] => 
)
 from 27.139.234.13
2022/03/31 19:42:51 [/shop/shopping/load_payment_module.php] AccessID=f290b81f62470006c5088898b4fffc41&AccessPass=9aa04d0f341bb06ad83a76829a4bdbdd from 27.139.234.13
2022/03/31 19:42:51 [/shop/shopping/load_payment_module.php] Array
(
    [0] => Array
        (
            [AccessID] => f290b81f62470006c5088898b4fffc41
            [AccessPass] => 9aa04d0f341bb06ad83a76829a4bdbdd
        )

)
 from 27.139.234.13
2022/03/31 19:42:51 [/shop/shopping/load_payment_module.php] load_payment_module.php set payment data:Array
(
    [AccessID] => f290b81f62470006c5088898b4fffc41
    [AccessPass] => 9aa04d0f341bb06ad83a76829a4bdbdd
    [OrderID] => 946383-31194251
    [Amount] => 1880
    [JobCd] => CAPTURE
    [action_status] => 1
    [pay_status] => 0
)
 from 27.139.234.13
2022/03/31 19:42:51 [/shop/shopping/load_payment_module.php] SendRequest:https://p01.mul-pay.jp/payment/ExecTran.idPass from 27.139.234.13
2022/03/31 19:42:51 [/shop/shopping/load_payment_module.php] Array
(
    [AccessID] => f290b81f62470006c5088898b4fffc41
    [AccessPass] => 9aa04d0f341bb06ad83a76829a4bdbdd
    [OrderID] => 946383-31194251
    [Method] => 1
    [Token] => 16ac319c22a288939fff7972b9dbf470874c9ea39b093f937ff6563b9a42a7ac
    [ClientField1] => 
    [ClientField2] => 
    [ClientField3] => EC-CUBE4.3.35
)
 from 27.139.234.13
2022/03/31 19:42:52 [/shop/shopping/load_payment_module.php] ACS=0&OrderID=946383-31194251&Forward=2S49631&Method=1&PayTimes=&Approve=0197785&TranID=2203311942602257210134170061&TranDate=20220331194252&CheckString=d07646f5cb319b352dcb3c9142b1f453 from 27.139.234.13
2022/03/31 19:42:52 [/shop/shopping/load_payment_module.php] Array
(
    [0] => Array
        (
            [ACS] => 0
            [OrderID] => 946383-31194251
            [Forward] => 2S49631
            [Method] => 1
            [PayTimes] => 
            [Approve] => 0197785
            [TranID] => 2203311942602257210134170061
            [TranDate] => 20220331194252
            [CheckString] => d07646f5cb319b352dcb3c9142b1f453
        )

)
 from 27.139.234.13
2022/03/31 19:42:52 [/shop/shopping/load_payment_module.php] load_payment_module.php set payment data:Array
(
    [ACS] => 0
    [Forward] => 2S49631
    [Method] => 1
    [PayTimes] => 
    [Approve] => 0197785
    [TranID] => 2203311942602257210134170061
    [TranDate] => 20220331194252
    [CheckString] => d07646f5cb319b352dcb3c9142b1f453
    [Amount] => 1880
    [JobCd] => CAPTURE
    [action_status] => 3
    [pay_status] => 13
)
 from 27.139.234.13
2022/03/31 19:42:53 [/shop/user_data/pg_mulpay_recv.php] ******* receiveer data start ******* from 210.175.7.20
2022/03/31 19:42:53 [/shop/user_data/pg_mulpay_recv.php] Array
(
    [ShopID] => 9000034600950
    [ShopPass] => **********
    [AccessID] => f290b81f62470006c5088898b4fffc41
    [AccessPass] => ********************************
    [OrderID] => 946383-31194251
    [Status] => CAPTURE
    [JobCd] => CAPTURE
    [Amount] => 1880
    [Tax] => 0
    [Currency] => JPN
    [Forward] => 2S49631
    [Method] => 1
    [PayTimes] => 
    [TranID] => 2203311942602257210134170061
    [Approve] => 0197785
    [TranDate] => 20220331194252
    [ErrCode] => 
    [ErrInfo] => 
    [PayType] => 0
)
 from 210.175.7.20
2022/03/31 19:42:53 [/shop/user_data/pg_mulpay_recv.php] ******* receiveer data end ******* from 210.175.7.20
2022/03/31 19:42:58 [/shop/user_data/pg_mulpay_recv.php] update order status:1 order_id=946383 from 210.175.7.20
2022/03/31 19:42:58 [/shop/user_data/pg_mulpay_recv.php] pg_mulpay_recv.php set payment data:Array
(
    [ShopID] => 9000034600950
    [AccessID] => f290b81f62470006c5088898b4fffc41
    [OrderID] => 946383-31194251
    [Status] => CAPTURE
    [JobCd] => CAPTURE
    [Amount] => 1880
    [Tax] => 0
    [Currency] => JPN
    [Forward] => 2S49631
    [Method] => 1
    [PayTimes] => 
    [TranID] => 2203311942602257210134170061
    [Approve] => 0197785
    [TranDate] => 20220331194252
    [ErrCode] => 
    [ErrInfo] => 
    [PayType] => 0
    [CvsCode] => 
    [CvsConfNo] => 
    [CvsReceiptNo] => 
    [EdyReceiptNo] => 
    [EdyOrderNo] => 
    [SuicaReceiptNo] => 
    [SuicaOrderNo] => 
    [CustID] => 
    [BkCode] => 
    [ConfNo] => 
    [PaymentTerm] => 
    [EncryptReceiptNo] => 
    [FinishDate] => 
    [ReceiptDate] => 
    [WebMoneyManagementNo] => 
    [WebMoneySettleCode] => 
    [AuPayInfoNo] => 
    [AuPayMethod] => 
    [AuCancelAmount] => 
    [AuCancelTax] => 
    [DocomoSettlementCode] => 
    [DocomoCancelAmount] => 
    [DocomoCancelTax] => 
    [pay_status] => 13
)
 from 210.175.7.20
2022/03/31 19:42:58 [/shop/user_data/pg_mulpay_recv.php] response:true from 210.175.7.20
