2025/01/12 14:09:50 [/shop/shopping/load_payment_module.php] SendRequest:https://p01.mul-pay.jp/payment/SearchMember.idPass from 113.89.201.36
2025/01/12 14:09:50 [/shop/shopping/load_payment_module.php] Array
(
    [SiteID] => mst0000007602
    [SitePass] => ******
    [MemberID] => 12967
)
 from 113.89.201.36
2025/01/12 14:09:50 [/shop/shopping/load_payment_module.php] ErrCode=E01&ErrInfo=E01390002 from 113.89.201.36
2025/01/12 14:09:50 [/shop/shopping/load_payment_module.php] Array
(
    [0] => Array
        (
            [ErrCode] => E01
            [ErrInfo] => E01390002
        )

)
 from 113.89.201.36
2025/01/12 14:09:50 [/shop/shopping/load_payment_module.php] SendRequest:https://p01.mul-pay.jp/payment/SearchCard.idPass from 113.89.201.36
2025/01/12 14:09:50 [/shop/shopping/load_payment_module.php] Array
(
    [SiteID] => mst0000007602
    [SitePass] => ******
    [MemberID] => 12967
)
 from 113.89.201.36
2025/01/12 14:09:50 [/shop/shopping/load_payment_module.php] ErrCode=E01|E01&ErrInfo=E01390002|E01240002 from 113.89.201.36
2025/01/12 14:09:50 [/shop/shopping/load_payment_module.php] Array
(
    [0] => Array
        (
            [ErrCode] => E01
            [ErrInfo] => E01390002
        )

    [1] => Array
        (
            [ErrCode] => E01
            [ErrInfo] => E01240002
        )

)
 from 113.89.201.36
2025/01/12 14:10:25 [/shop/shopping/load_payment_module.php] SendRequest:https://p01.mul-pay.jp/payment/SearchMember.idPass from 113.89.201.36
2025/01/12 14:10:25 [/shop/shopping/load_payment_module.php] Array
(
    [SiteID] => mst0000007602
    [SitePass] => ******
    [MemberID] => 12967
)
 from 113.89.201.36
2025/01/12 14:10:25 [/shop/shopping/load_payment_module.php] ErrCode=E01&ErrInfo=E01390002 from 113.89.201.36
2025/01/12 14:10:25 [/shop/shopping/load_payment_module.php] Array
(
    [0] => Array
        (
            [ErrCode] => E01
            [ErrInfo] => E01390002
        )

)
 from 113.89.201.36
2025/01/12 14:10:25 [/shop/shopping/load_payment_module.php] SendRequest:https://p01.mul-pay.jp/payment/SearchCard.idPass from 113.89.201.36
2025/01/12 14:10:25 [/shop/shopping/load_payment_module.php] Array
(
    [SiteID] => mst0000007602
    [SitePass] => ******
    [MemberID] => 12967
)
 from 113.89.201.36
2025/01/12 14:10:25 [/shop/shopping/load_payment_module.php] ErrCode=E01|E01&ErrInfo=E01390002|E01240002 from 113.89.201.36
2025/01/12 14:10:25 [/shop/shopping/load_payment_module.php] Array
(
    [0] => Array
        (
            [ErrCode] => E01
            [ErrInfo] => E01390002
        )

    [1] => Array
        (
            [ErrCode] => E01
            [ErrInfo] => E01240002
        )

)
 from 113.89.201.36
2025/01/12 14:10:25 [/shop/shopping/load_payment_module.php] SendRequest:https://p01.mul-pay.jp/payment/EntryTran.idPass from 113.89.201.36
2025/01/12 14:10:25 [/shop/shopping/load_payment_module.php] Array
(
    [ShopID] => 9000034600950
    [ShopPass] => ******
    [OrderID] => 960259-12141025
    [JobCd] => CAPTURE
    [Amount] => 3300
    [TdFlag] => 0
    [TdTenantName] => 
)
 from 113.89.201.36
2025/01/12 14:10:26 [/shop/shopping/load_payment_module.php] AccessID=9899475a2541b7bf4baf1386bdaed3c0&AccessPass=8215fb26fac811f8103f667b48c5d0c3 from 113.89.201.36
2025/01/12 14:10:26 [/shop/shopping/load_payment_module.php] Array
(
    [0] => Array
        (
            [AccessID] => 9899475a2541b7bf4baf1386bdaed3c0
            [AccessPass] => 8215fb26fac811f8103f667b48c5d0c3
        )

)
 from 113.89.201.36
2025/01/12 14:10:26 [/shop/shopping/load_payment_module.php] load_payment_module.php set payment data:Array
(
    [AccessID] => 9899475a2541b7bf4baf1386bdaed3c0
    [AccessPass] => 8215fb26fac811f8103f667b48c5d0c3
    [OrderID] => 960259-12141025
    [Amount] => 3300
    [JobCd] => CAPTURE
    [action_status] => 1
    [pay_status] => 0
)
 from 113.89.201.36
2025/01/12 14:10:26 [/shop/shopping/load_payment_module.php] SendRequest:https://p01.mul-pay.jp/payment/ExecTran.idPass from 113.89.201.36
2025/01/12 14:10:26 [/shop/shopping/load_payment_module.php] Array
(
    [AccessID] => 9899475a2541b7bf4baf1386bdaed3c0
    [AccessPass] => 8215fb26fac811f8103f667b48c5d0c3
    [OrderID] => 960259-12141025
    [Method] => 1
    [Token] => f31588e5486de954b50eafba46bc531068fb4cdeea1f4e0edbc84c5c24c28976
    [ClientField1] => 
    [ClientField2] => 
    [ClientField3] => EC-CUBE4.3.35
)
 from 113.89.201.36
2025/01/12 14:10:27 [/shop/shopping/load_payment_module.php] ACS=0&OrderID=960259-12141025&Forward=2959876&Method=1&PayTimes=&Approve=0274295&TranID=2501121410602257210134173768&TranDate=20250112141027&CheckString=cf8b75bc44bb85a17c79ef7201ae1709 from 113.89.201.36
2025/01/12 14:10:27 [/shop/shopping/load_payment_module.php] Array
(
    [0] => Array
        (
            [ACS] => 0
            [OrderID] => 960259-12141025
            [Forward] => 2959876
            [Method] => 1
            [PayTimes] => 
            [Approve] => 0274295
            [TranID] => 2501121410602257210134173768
            [TranDate] => 20250112141027
            [CheckString] => cf8b75bc44bb85a17c79ef7201ae1709
        )

)
 from 113.89.201.36
2025/01/12 14:10:27 [/shop/shopping/load_payment_module.php] load_payment_module.php set payment data:Array
(
    [ACS] => 0
    [Forward] => 2959876
    [Method] => 1
    [PayTimes] => 
    [Approve] => 0274295
    [TranID] => 2501121410602257210134173768
    [TranDate] => 20250112141027
    [CheckString] => cf8b75bc44bb85a17c79ef7201ae1709
    [Amount] => 3300
    [JobCd] => CAPTURE
    [action_status] => 3
    [pay_status] => 13
)
 from 113.89.201.36
2025/01/12 14:10:27 [/shop/user_data/pg_mulpay_recv.php] ******* receiveer data start ******* from 210.175.7.20
2025/01/12 14:10:27 [/shop/user_data/pg_mulpay_recv.php] Array
(
    [ShopID] => 9000034600950
    [ShopPass] => **********
    [AccessID] => 9899475a2541b7bf4baf1386bdaed3c0
    [AccessPass] => ********************************
    [OrderID] => 960259-12141025
    [Status] => CAPTURE
    [JobCd] => CAPTURE
    [Amount] => 3300
    [Tax] => 0
    [Currency] => JPN
    [Forward] => 2959876
    [Method] => 1
    [PayTimes] => 
    [TranID] => 2501121410602257210134173768
    [Approve] => 0274295
    [TranDate] => 20250112141027
    [ErrCode] => 
    [ErrInfo] => 
    [PayType] => 0
)
 from 210.175.7.20
2025/01/12 14:10:27 [/shop/user_data/pg_mulpay_recv.php] ******* receiveer data end ******* from 210.175.7.20
2025/01/12 14:10:32 [/shop/user_data/pg_mulpay_recv.php] update order status:1 order_id=960259 from 210.175.7.20
2025/01/12 14:10:32 [/shop/user_data/pg_mulpay_recv.php] pg_mulpay_recv.php set payment data:Array
(
    [ShopID] => 9000034600950
    [AccessID] => 9899475a2541b7bf4baf1386bdaed3c0
    [OrderID] => 960259-12141025
    [Status] => CAPTURE
    [JobCd] => CAPTURE
    [Amount] => 3300
    [Tax] => 0
    [Currency] => JPN
    [Forward] => 2959876
    [Method] => 1
    [PayTimes] => 
    [TranID] => 2501121410602257210134173768
    [Approve] => 0274295
    [TranDate] => 20250112141027
    [ErrCode] => 
    [ErrInfo] => 
    [PayType] => 0
    [CvsCode] => 
    [CvsConfNo] => 
    [CvsReceiptNo] => 
    [EdyReceiptNo] => 
    [EdyOrderNo] => 
    [SuicaReceiptNo] => 
    [SuicaOrderNo] => 
    [CustID] => 
    [BkCode] => 
    [ConfNo] => 
    [PaymentTerm] => 
    [EncryptReceiptNo] => 
    [FinishDate] => 
    [ReceiptDate] => 
    [WebMoneyManagementNo] => 
    [WebMoneySettleCode] => 
    [AuPayInfoNo] => 
    [AuPayMethod] => 
    [AuCancelAmount] => 
    [AuCancelTax] => 
    [DocomoSettlementCode] => 
    [DocomoCancelAmount] => 
    [DocomoCancelTax] => 
    [pay_status] => 13
)
 from 210.175.7.20
2025/01/12 14:10:32 [/shop/user_data/pg_mulpay_recv.php] response:true from 210.175.7.20
2025/01/12 16:55:59 [/shop/shopping/load_payment_module.php] SendRequest:https://p01.mul-pay.jp/payment/EntryTran.idPass from 133.159.149.67
2025/01/12 16:55:59 [/shop/shopping/load_payment_module.php] Array
(
    [ShopID] => 9000034600950
    [ShopPass] => ******
    [OrderID] => 960260-12165559
    [JobCd] => CAPTURE
    [Amount] => 4530
    [TdFlag] => 0
    [TdTenantName] => 
)
 from 133.159.149.67
2025/01/12 16:55:59 [/shop/shopping/load_payment_module.php] AccessID=30cb47b1c6db896337771d7b76f48bc3&AccessPass=7cf22bd2907cde601709975eb1172678 from 133.159.149.67
2025/01/12 16:55:59 [/shop/shopping/load_payment_module.php] Array
(
    [0] => Array
        (
            [AccessID] => 30cb47b1c6db896337771d7b76f48bc3
            [AccessPass] => 7cf22bd2907cde601709975eb1172678
        )

)
 from 133.159.149.67
2025/01/12 16:55:59 [/shop/shopping/load_payment_module.php] load_payment_module.php set payment data:Array
(
    [AccessID] => 30cb47b1c6db896337771d7b76f48bc3
    [AccessPass] => 7cf22bd2907cde601709975eb1172678
    [OrderID] => 960260-12165559
    [Amount] => 4530
    [JobCd] => CAPTURE
    [action_status] => 1
    [pay_status] => 0
)
 from 133.159.149.67
2025/01/12 16:55:59 [/shop/shopping/load_payment_module.php] SendRequest:https://p01.mul-pay.jp/payment/ExecTran.idPass from 133.159.149.67
2025/01/12 16:55:59 [/shop/shopping/load_payment_module.php] Array
(
    [AccessID] => 30cb47b1c6db896337771d7b76f48bc3
    [AccessPass] => 7cf22bd2907cde601709975eb1172678
    [OrderID] => 960260-12165559
    [Method] => 1
    [Token] => e4911362f10905edaa44e09826a849aa72eefcb3331173b5e99a6da07723f8aa
    [ClientField1] => 
    [ClientField2] => 
    [ClientField3] => EC-CUBE4.3.35
)
 from 133.159.149.67
2025/01/12 16:56:00 [/shop/shopping/load_payment_module.php] ACS=0&OrderID=960260-12165559&Forward=2a99661&Method=1&PayTimes=&Approve=0241151&TranID=2501121655602257210134153891&TranDate=20250112165600&CheckString=0235931b421e5f06f5db71572942cb7c from 133.159.149.67
2025/01/12 16:56:00 [/shop/shopping/load_payment_module.php] Array
(
    [0] => Array
        (
            [ACS] => 0
            [OrderID] => 960260-12165559
            [Forward] => 2a99661
            [Method] => 1
            [PayTimes] => 
            [Approve] => 0241151
            [TranID] => 2501121655602257210134153891
            [TranDate] => 20250112165600
            [CheckString] => 0235931b421e5f06f5db71572942cb7c
        )

)
 from 133.159.149.67
2025/01/12 16:56:00 [/shop/shopping/load_payment_module.php] load_payment_module.php set payment data:Array
(
    [ACS] => 0
    [Forward] => 2a99661
    [Method] => 1
    [PayTimes] => 
    [Approve] => 0241151
    [TranID] => 2501121655602257210134153891
    [TranDate] => 20250112165600
    [CheckString] => 0235931b421e5f06f5db71572942cb7c
    [Amount] => 4530
    [JobCd] => CAPTURE
    [action_status] => 3
    [pay_status] => 13
)
 from 133.159.149.67
2025/01/12 16:56:00 [/shop/user_data/pg_mulpay_recv.php] ******* receiveer data start ******* from 210.175.7.20
2025/01/12 16:56:00 [/shop/user_data/pg_mulpay_recv.php] Array
(
    [ShopID] => 9000034600950
    [ShopPass] => **********
    [AccessID] => 30cb47b1c6db896337771d7b76f48bc3
    [AccessPass] => ********************************
    [OrderID] => 960260-12165559
    [Status] => CAPTURE
    [JobCd] => CAPTURE
    [Amount] => 4530
    [Tax] => 0
    [Currency] => JPN
    [Forward] => 2a99661
    [Method] => 1
    [PayTimes] => 
    [TranID] => 2501121655602257210134153891
    [Approve] => 0241151
    [TranDate] => 20250112165600
    [ErrCode] => 
    [ErrInfo] => 
    [PayType] => 0
)
 from 210.175.7.20
2025/01/12 16:56:00 [/shop/user_data/pg_mulpay_recv.php] ******* receiveer data end ******* from 210.175.7.20
2025/01/12 16:56:05 [/shop/user_data/pg_mulpay_recv.php] update order status:1 order_id=960260 from 210.175.7.20
2025/01/12 16:56:05 [/shop/user_data/pg_mulpay_recv.php] pg_mulpay_recv.php set payment data:Array
(
    [ShopID] => 9000034600950
    [AccessID] => 30cb47b1c6db896337771d7b76f48bc3
    [OrderID] => 960260-12165559
    [Status] => CAPTURE
    [JobCd] => CAPTURE
    [Amount] => 4530
    [Tax] => 0
    [Currency] => JPN
    [Forward] => 2a99661
    [Method] => 1
    [PayTimes] => 
    [TranID] => 2501121655602257210134153891
    [Approve] => 0241151
    [TranDate] => 20250112165600
    [ErrCode] => 
    [ErrInfo] => 
    [PayType] => 0
    [CvsCode] => 
    [CvsConfNo] => 
    [CvsReceiptNo] => 
    [EdyReceiptNo] => 
    [EdyOrderNo] => 
    [SuicaReceiptNo] => 
    [SuicaOrderNo] => 
    [CustID] => 
    [BkCode] => 
    [ConfNo] => 
    [PaymentTerm] => 
    [EncryptReceiptNo] => 
    [FinishDate] => 
    [ReceiptDate] => 
    [WebMoneyManagementNo] => 
    [WebMoneySettleCode] => 
    [AuPayInfoNo] => 
    [AuPayMethod] => 
    [AuCancelAmount] => 
    [AuCancelTax] => 
    [DocomoSettlementCode] => 
    [DocomoCancelAmount] => 
    [DocomoCancelTax] => 
    [pay_status] => 13
)
 from 210.175.7.20
2025/01/12 16:56:05 [/shop/user_data/pg_mulpay_recv.php] response:true from 210.175.7.20
2025/01/12 23:29:19 [/shop/shopping/load_payment_module.php] SendRequest:https://p01.mul-pay.jp/payment/SearchMember.idPass from 115.135.25.82
2025/01/12 23:29:19 [/shop/shopping/load_payment_module.php] Array
(
    [SiteID] => mst0000007602
    [SitePass] => ******
    [MemberID] => 1804
)
 from 115.135.25.82
2025/01/12 23:29:19 [/shop/shopping/load_payment_module.php] ErrCode=E01&ErrInfo=E01390002 from 115.135.25.82
2025/01/12 23:29:19 [/shop/shopping/load_payment_module.php] Array
(
    [0] => Array
        (
            [ErrCode] => E01
            [ErrInfo] => E01390002
        )

)
 from 115.135.25.82
2025/01/12 23:29:19 [/shop/shopping/load_payment_module.php] SendRequest:https://p01.mul-pay.jp/payment/SearchCard.idPass from 115.135.25.82
2025/01/12 23:29:19 [/shop/shopping/load_payment_module.php] Array
(
    [SiteID] => mst0000007602
    [SitePass] => ******
    [MemberID] => 1804
)
 from 115.135.25.82
2025/01/12 23:29:19 [/shop/shopping/load_payment_module.php] ErrCode=E01|E01&ErrInfo=E01390002|E01240002 from 115.135.25.82
2025/01/12 23:29:19 [/shop/shopping/load_payment_module.php] Array
(
    [0] => Array
        (
            [ErrCode] => E01
            [ErrInfo] => E01390002
        )

    [1] => Array
        (
            [ErrCode] => E01
            [ErrInfo] => E01240002
        )

)
 from 115.135.25.82
2025/01/12 23:30:38 [/shop/shopping/load_payment_module.php] SendRequest:https://p01.mul-pay.jp/payment/SearchMember.idPass from 115.135.25.82
2025/01/12 23:30:38 [/shop/shopping/load_payment_module.php] Array
(
    [SiteID] => mst0000007602
    [SitePass] => ******
    [MemberID] => 1804
)
 from 115.135.25.82
2025/01/12 23:30:38 [/shop/shopping/load_payment_module.php] ErrCode=E01&ErrInfo=E01390002 from 115.135.25.82
2025/01/12 23:30:38 [/shop/shopping/load_payment_module.php] Array
(
    [0] => Array
        (
            [ErrCode] => E01
            [ErrInfo] => E01390002
        )

)
 from 115.135.25.82
2025/01/12 23:30:38 [/shop/shopping/load_payment_module.php] SendRequest:https://p01.mul-pay.jp/payment/SearchCard.idPass from 115.135.25.82
2025/01/12 23:30:38 [/shop/shopping/load_payment_module.php] Array
(
    [SiteID] => mst0000007602
    [SitePass] => ******
    [MemberID] => 1804
)
 from 115.135.25.82
2025/01/12 23:30:38 [/shop/shopping/load_payment_module.php] ErrCode=E01|E01&ErrInfo=E01390002|E01240002 from 115.135.25.82
2025/01/12 23:30:38 [/shop/shopping/load_payment_module.php] Array
(
    [0] => Array
        (
            [ErrCode] => E01
            [ErrInfo] => E01390002
        )

    [1] => Array
        (
            [ErrCode] => E01
            [ErrInfo] => E01240002
        )

)
 from 115.135.25.82
2025/01/12 23:30:38 [/shop/shopping/load_payment_module.php] SendRequest:https://p01.mul-pay.jp/payment/EntryTran.idPass from 115.135.25.82
2025/01/12 23:30:38 [/shop/shopping/load_payment_module.php] Array
(
    [ShopID] => 9000034600950
    [ShopPass] => ******
    [OrderID] => 960261-12233038
    [JobCd] => CAPTURE
    [Amount] => 7040
    [TdFlag] => 0
    [TdTenantName] => 
)
 from 115.135.25.82
2025/01/12 23:30:38 [/shop/shopping/load_payment_module.php] AccessID=45a98e4d521dc4c9f85ff4c99ca6ef43&AccessPass=42e6451a7dbd051d94bfbb551452844f from 115.135.25.82
2025/01/12 23:30:38 [/shop/shopping/load_payment_module.php] Array
(
    [0] => Array
        (
            [AccessID] => 45a98e4d521dc4c9f85ff4c99ca6ef43
            [AccessPass] => 42e6451a7dbd051d94bfbb551452844f
        )

)
 from 115.135.25.82
2025/01/12 23:30:38 [/shop/shopping/load_payment_module.php] load_payment_module.php set payment data:Array
(
    [AccessID] => 45a98e4d521dc4c9f85ff4c99ca6ef43
    [AccessPass] => 42e6451a7dbd051d94bfbb551452844f
    [OrderID] => 960261-12233038
    [Amount] => 7040
    [JobCd] => CAPTURE
    [action_status] => 1
    [pay_status] => 0
)
 from 115.135.25.82
2025/01/12 23:30:38 [/shop/shopping/load_payment_module.php] SendRequest:https://p01.mul-pay.jp/payment/ExecTran.idPass from 115.135.25.82
2025/01/12 23:30:38 [/shop/shopping/load_payment_module.php] Array
(
    [AccessID] => 45a98e4d521dc4c9f85ff4c99ca6ef43
    [AccessPass] => 42e6451a7dbd051d94bfbb551452844f
    [OrderID] => 960261-12233038
    [Method] => 1
    [Token] => f2e863cdd7118ddb768752eab97705a920d5e0d8f8f16f2af358661c2bb5ed30
    [ClientField1] => 
    [ClientField2] => 
    [ClientField3] => EC-CUBE4.3.35
)
 from 115.135.25.82
2025/01/12 23:30:39 [/shop/shopping/load_payment_module.php] ACS=0&OrderID=960261-12233038&Forward=2S49631&Method=1&PayTimes=&Approve=0776676&TranID=2501122330602257210134163907&TranDate=20250112233039&CheckString=b68d1ef6cf8c912989780d8dfdba773c from 115.135.25.82
2025/01/12 23:30:39 [/shop/shopping/load_payment_module.php] Array
(
    [0] => Array
        (
            [ACS] => 0
            [OrderID] => 960261-12233038
            [Forward] => 2S49631
            [Method] => 1
            [PayTimes] => 
            [Approve] => 0776676
            [TranID] => 2501122330602257210134163907
            [TranDate] => 20250112233039
            [CheckString] => b68d1ef6cf8c912989780d8dfdba773c
        )

)
 from 115.135.25.82
2025/01/12 23:30:39 [/shop/shopping/load_payment_module.php] load_payment_module.php set payment data:Array
(
    [ACS] => 0
    [Forward] => 2S49631
    [Method] => 1
    [PayTimes] => 
    [Approve] => 0776676
    [TranID] => 2501122330602257210134163907
    [TranDate] => 20250112233039
    [CheckString] => b68d1ef6cf8c912989780d8dfdba773c
    [Amount] => 7040
    [JobCd] => CAPTURE
    [action_status] => 3
    [pay_status] => 13
)
 from 115.135.25.82
2025/01/12 23:30:39 [/shop/user_data/pg_mulpay_recv.php] ******* receiveer data start ******* from 210.175.7.20
2025/01/12 23:30:39 [/shop/user_data/pg_mulpay_recv.php] Array
(
    [ShopID] => 9000034600950
    [ShopPass] => **********
    [AccessID] => 45a98e4d521dc4c9f85ff4c99ca6ef43
    [AccessPass] => ********************************
    [OrderID] => 960261-12233038
    [Status] => CAPTURE
    [JobCd] => CAPTURE
    [Amount] => 7040
    [Tax] => 0
    [Currency] => JPN
    [Forward] => 2S49631
    [Method] => 1
    [PayTimes] => 
    [TranID] => 2501122330602257210134163907
    [Approve] => 0776676
    [TranDate] => 20250112233039
    [ErrCode] => 
    [ErrInfo] => 
    [PayType] => 0
)
 from 210.175.7.20
2025/01/12 23:30:39 [/shop/user_data/pg_mulpay_recv.php] ******* receiveer data end ******* from 210.175.7.20
2025/01/12 23:30:44 [/shop/user_data/pg_mulpay_recv.php] update order status:1 order_id=960261 from 210.175.7.20
2025/01/12 23:30:44 [/shop/user_data/pg_mulpay_recv.php] pg_mulpay_recv.php set payment data:Array
(
    [ShopID] => 9000034600950
    [AccessID] => 45a98e4d521dc4c9f85ff4c99ca6ef43
    [OrderID] => 960261-12233038
    [Status] => CAPTURE
    [JobCd] => CAPTURE
    [Amount] => 7040
    [Tax] => 0
    [Currency] => JPN
    [Forward] => 2S49631
    [Method] => 1
    [PayTimes] => 
    [TranID] => 2501122330602257210134163907
    [Approve] => 0776676
    [TranDate] => 20250112233039
    [ErrCode] => 
    [ErrInfo] => 
    [PayType] => 0
    [CvsCode] => 
    [CvsConfNo] => 
    [CvsReceiptNo] => 
    [EdyReceiptNo] => 
    [EdyOrderNo] => 
    [SuicaReceiptNo] => 
    [SuicaOrderNo] => 
    [CustID] => 
    [BkCode] => 
    [ConfNo] => 
    [PaymentTerm] => 
    [EncryptReceiptNo] => 
    [FinishDate] => 
    [ReceiptDate] => 
    [WebMoneyManagementNo] => 
    [WebMoneySettleCode] => 
    [AuPayInfoNo] => 
    [AuPayMethod] => 
    [AuCancelAmount] => 
    [AuCancelTax] => 
    [DocomoSettlementCode] => 
    [DocomoCancelAmount] => 
    [DocomoCancelTax] => 
    [pay_status] => 13
)
 from 210.175.7.20
2025/01/12 23:30:44 [/shop/user_data/pg_mulpay_recv.php] response:true from 210.175.7.20
2025/01/12 23:45:06 [/shop/shopping/load_payment_module.php] SendRequest:https://p01.mul-pay.jp/payment/SearchMember.idPass from 115.135.25.82
2025/01/12 23:45:06 [/shop/shopping/load_payment_module.php] Array
(
    [SiteID] => mst0000007602
    [SitePass] => ******
    [MemberID] => 1804
)
 from 115.135.25.82
2025/01/12 23:45:06 [/shop/shopping/load_payment_module.php] ErrCode=E01&ErrInfo=E01390002 from 115.135.25.82
2025/01/12 23:45:06 [/shop/shopping/load_payment_module.php] Array
(
    [0] => Array
        (
            [ErrCode] => E01
            [ErrInfo] => E01390002
        )

)
 from 115.135.25.82
2025/01/12 23:45:06 [/shop/shopping/load_payment_module.php] SendRequest:https://p01.mul-pay.jp/payment/SearchCard.idPass from 115.135.25.82
2025/01/12 23:45:06 [/shop/shopping/load_payment_module.php] Array
(
    [SiteID] => mst0000007602
    [SitePass] => ******
    [MemberID] => 1804
)
 from 115.135.25.82
2025/01/12 23:45:06 [/shop/shopping/load_payment_module.php] ErrCode=E01|E01&ErrInfo=E01390002|E01240002 from 115.135.25.82
2025/01/12 23:45:06 [/shop/shopping/load_payment_module.php] Array
(
    [0] => Array
        (
            [ErrCode] => E01
            [ErrInfo] => E01390002
        )

    [1] => Array
        (
            [ErrCode] => E01
            [ErrInfo] => E01240002
        )

)
 from 115.135.25.82
2025/01/12 23:47:28 [/shop/shopping/load_payment_module.php] SendRequest:https://p01.mul-pay.jp/payment/SearchMember.idPass from 115.135.25.82
2025/01/12 23:47:28 [/shop/shopping/load_payment_module.php] Array
(
    [SiteID] => mst0000007602
    [SitePass] => ******
    [MemberID] => 1804
)
 from 115.135.25.82
2025/01/12 23:47:28 [/shop/shopping/load_payment_module.php] ErrCode=E01&ErrInfo=E01390002 from 115.135.25.82
2025/01/12 23:47:28 [/shop/shopping/load_payment_module.php] Array
(
    [0] => Array
        (
            [ErrCode] => E01
            [ErrInfo] => E01390002
        )

)
 from 115.135.25.82
2025/01/12 23:47:28 [/shop/shopping/load_payment_module.php] SendRequest:https://p01.mul-pay.jp/payment/SearchCard.idPass from 115.135.25.82
2025/01/12 23:47:28 [/shop/shopping/load_payment_module.php] Array
(
    [SiteID] => mst0000007602
    [SitePass] => ******
    [MemberID] => 1804
)
 from 115.135.25.82
2025/01/12 23:47:28 [/shop/shopping/load_payment_module.php] ErrCode=E01|E01&ErrInfo=E01390002|E01240002 from 115.135.25.82
2025/01/12 23:47:28 [/shop/shopping/load_payment_module.php] Array
(
    [0] => Array
        (
            [ErrCode] => E01
            [ErrInfo] => E01390002
        )

    [1] => Array
        (
            [ErrCode] => E01
            [ErrInfo] => E01240002
        )

)
 from 115.135.25.82
2025/01/12 23:47:54 [/shop/shopping/load_payment_module.php] SendRequest:https://p01.mul-pay.jp/payment/SearchMember.idPass from 115.135.25.82
2025/01/12 23:47:54 [/shop/shopping/load_payment_module.php] Array
(
    [SiteID] => mst0000007602
    [SitePass] => ******
    [MemberID] => 1804
)
 from 115.135.25.82
2025/01/12 23:47:54 [/shop/shopping/load_payment_module.php] ErrCode=E01&ErrInfo=E01390002 from 115.135.25.82
2025/01/12 23:47:54 [/shop/shopping/load_payment_module.php] Array
(
    [0] => Array
        (
            [ErrCode] => E01
            [ErrInfo] => E01390002
        )

)
 from 115.135.25.82
2025/01/12 23:47:54 [/shop/shopping/load_payment_module.php] SendRequest:https://p01.mul-pay.jp/payment/SearchCard.idPass from 115.135.25.82
2025/01/12 23:47:54 [/shop/shopping/load_payment_module.php] Array
(
    [SiteID] => mst0000007602
    [SitePass] => ******
    [MemberID] => 1804
)
 from 115.135.25.82
2025/01/12 23:47:54 [/shop/shopping/load_payment_module.php] ErrCode=E01|E01&ErrInfo=E01390002|E01240002 from 115.135.25.82
2025/01/12 23:47:54 [/shop/shopping/load_payment_module.php] Array
(
    [0] => Array
        (
            [ErrCode] => E01
            [ErrInfo] => E01390002
        )

    [1] => Array
        (
            [ErrCode] => E01
            [ErrInfo] => E01240002
        )

)
 from 115.135.25.82
2025/01/12 23:48:44 [/shop/shopping/load_payment_module.php] SendRequest:https://p01.mul-pay.jp/payment/SearchMember.idPass from 115.135.25.82
2025/01/12 23:48:44 [/shop/shopping/load_payment_module.php] Array
(
    [SiteID] => mst0000007602
    [SitePass] => ******
    [MemberID] => 1804
)
 from 115.135.25.82
2025/01/12 23:48:44 [/shop/shopping/load_payment_module.php] ErrCode=E01&ErrInfo=E01390002 from 115.135.25.82
2025/01/12 23:48:44 [/shop/shopping/load_payment_module.php] Array
(
    [0] => Array
        (
            [ErrCode] => E01
            [ErrInfo] => E01390002
        )

)
 from 115.135.25.82
2025/01/12 23:48:44 [/shop/shopping/load_payment_module.php] SendRequest:https://p01.mul-pay.jp/payment/SearchCard.idPass from 115.135.25.82
2025/01/12 23:48:44 [/shop/shopping/load_payment_module.php] Array
(
    [SiteID] => mst0000007602
    [SitePass] => ******
    [MemberID] => 1804
)
 from 115.135.25.82
2025/01/12 23:48:44 [/shop/shopping/load_payment_module.php] ErrCode=E01|E01&ErrInfo=E01390002|E01240002 from 115.135.25.82
2025/01/12 23:48:44 [/shop/shopping/load_payment_module.php] Array
(
    [0] => Array
        (
            [ErrCode] => E01
            [ErrInfo] => E01390002
        )

    [1] => Array
        (
            [ErrCode] => E01
            [ErrInfo] => E01240002
        )

)
 from 115.135.25.82
2025/01/12 23:48:44 [/shop/shopping/load_payment_module.php] SendRequest:https://p01.mul-pay.jp/payment/EntryTran.idPass from 115.135.25.82
2025/01/12 23:48:44 [/shop/shopping/load_payment_module.php] Array
(
    [ShopID] => 9000034600950
    [ShopPass] => ******
    [OrderID] => 960263-12234844
    [JobCd] => CAPTURE
    [Amount] => 5284
    [TdFlag] => 0
    [TdTenantName] => 
)
 from 115.135.25.82
2025/01/12 23:48:44 [/shop/shopping/load_payment_module.php] AccessID=8416bb874bf9dcba11cfd0bbb5f2d092&AccessPass=83a9878e3001dc7ccf5caad604e2d965 from 115.135.25.82
2025/01/12 23:48:44 [/shop/shopping/load_payment_module.php] Array
(
    [0] => Array
        (
            [AccessID] => 8416bb874bf9dcba11cfd0bbb5f2d092
            [AccessPass] => 83a9878e3001dc7ccf5caad604e2d965
        )

)
 from 115.135.25.82
2025/01/12 23:48:44 [/shop/shopping/load_payment_module.php] load_payment_module.php set payment data:Array
(
    [AccessID] => 8416bb874bf9dcba11cfd0bbb5f2d092
    [AccessPass] => 83a9878e3001dc7ccf5caad604e2d965
    [OrderID] => 960263-12234844
    [Amount] => 5284
    [JobCd] => CAPTURE
    [action_status] => 1
    [pay_status] => 0
)
 from 115.135.25.82
2025/01/12 23:48:44 [/shop/shopping/load_payment_module.php] SendRequest:https://p01.mul-pay.jp/payment/ExecTran.idPass from 115.135.25.82
2025/01/12 23:48:44 [/shop/shopping/load_payment_module.php] Array
(
    [AccessID] => 8416bb874bf9dcba11cfd0bbb5f2d092
    [AccessPass] => 83a9878e3001dc7ccf5caad604e2d965
    [OrderID] => 960263-12234844
    [Method] => 1
    [Token] => 338cc29250b4dfc9eba0a9614b0689568b21303c394242f4c0a3676e7050f9d9
    [ClientField1] => 
    [ClientField2] => 
    [ClientField3] => EC-CUBE4.3.35
)
 from 115.135.25.82
2025/01/12 23:48:45 [/shop/shopping/load_payment_module.php] ACS=0&OrderID=960263-12234844&Forward=2S49631&Method=1&PayTimes=&Approve=0686428&TranID=2501122348602257210134163908&TranDate=20250112234845&CheckString=6a0f1cb02f569dee949ffd2679b09c17 from 115.135.25.82
2025/01/12 23:48:45 [/shop/shopping/load_payment_module.php] Array
(
    [0] => Array
        (
            [ACS] => 0
            [OrderID] => 960263-12234844
            [Forward] => 2S49631
            [Method] => 1
            [PayTimes] => 
            [Approve] => 0686428
            [TranID] => 2501122348602257210134163908
            [TranDate] => 20250112234845
            [CheckString] => 6a0f1cb02f569dee949ffd2679b09c17
        )

)
 from 115.135.25.82
2025/01/12 23:48:45 [/shop/shopping/load_payment_module.php] load_payment_module.php set payment data:Array
(
    [ACS] => 0
    [Forward] => 2S49631
    [Method] => 1
    [PayTimes] => 
    [Approve] => 0686428
    [TranID] => 2501122348602257210134163908
    [TranDate] => 20250112234845
    [CheckString] => 6a0f1cb02f569dee949ffd2679b09c17
    [Amount] => 5284
    [JobCd] => CAPTURE
    [action_status] => 3
    [pay_status] => 13
)
 from 115.135.25.82
2025/01/12 23:48:45 [/shop/user_data/pg_mulpay_recv.php] ******* receiveer data start ******* from 210.175.7.20
2025/01/12 23:48:45 [/shop/user_data/pg_mulpay_recv.php] Array
(
    [ShopID] => 9000034600950
    [ShopPass] => **********
    [AccessID] => 8416bb874bf9dcba11cfd0bbb5f2d092
    [AccessPass] => ********************************
    [OrderID] => 960263-12234844
    [Status] => CAPTURE
    [JobCd] => CAPTURE
    [Amount] => 5284
    [Tax] => 0
    [Currency] => JPN
    [Forward] => 2S49631
    [Method] => 1
    [PayTimes] => 
    [TranID] => 2501122348602257210134163908
    [Approve] => 0686428
    [TranDate] => 20250112234845
    [ErrCode] => 
    [ErrInfo] => 
    [PayType] => 0
)
 from 210.175.7.20
2025/01/12 23:48:45 [/shop/user_data/pg_mulpay_recv.php] ******* receiveer data end ******* from 210.175.7.20
2025/01/12 23:48:50 [/shop/user_data/pg_mulpay_recv.php] update order status:1 order_id=960263 from 210.175.7.20
2025/01/12 23:48:50 [/shop/user_data/pg_mulpay_recv.php] pg_mulpay_recv.php set payment data:Array
(
    [ShopID] => 9000034600950
    [AccessID] => 8416bb874bf9dcba11cfd0bbb5f2d092
    [OrderID] => 960263-12234844
    [Status] => CAPTURE
    [JobCd] => CAPTURE
    [Amount] => 5284
    [Tax] => 0
    [Currency] => JPN
    [Forward] => 2S49631
    [Method] => 1
    [PayTimes] => 
    [TranID] => 2501122348602257210134163908
    [Approve] => 0686428
    [TranDate] => 20250112234845
    [ErrCode] => 
    [ErrInfo] => 
    [PayType] => 0
    [CvsCode] => 
    [CvsConfNo] => 
    [CvsReceiptNo] => 
    [EdyReceiptNo] => 
    [EdyOrderNo] => 
    [SuicaReceiptNo] => 
    [SuicaOrderNo] => 
    [CustID] => 
    [BkCode] => 
    [ConfNo] => 
    [PaymentTerm] => 
    [EncryptReceiptNo] => 
    [FinishDate] => 
    [ReceiptDate] => 
    [WebMoneyManagementNo] => 
    [WebMoneySettleCode] => 
    [AuPayInfoNo] => 
    [AuPayMethod] => 
    [AuCancelAmount] => 
    [AuCancelTax] => 
    [DocomoSettlementCode] => 
    [DocomoCancelAmount] => 
    [DocomoCancelTax] => 
    [pay_status] => 13
)
 from 210.175.7.20
2025/01/12 23:48:50 [/shop/user_data/pg_mulpay_recv.php] response:true from 210.175.7.20
