2022/09/23 10:08:56 [/shop/shopping/load_payment_module.php] SendRequest:https://p01.mul-pay.jp/payment/EntryTran.idPass from 60.81.100.252
2022/09/23 10:08:56 [/shop/shopping/load_payment_module.php] Array
(
    [ShopID] => 9000034600950
    [ShopPass] => ******
    [OrderID] => 947404-23100856
    [JobCd] => CAPTURE
    [Amount] => 8450
    [TdFlag] => 0
    [TdTenantName] => 
)
 from 60.81.100.252
2022/09/23 10:08:56 [/shop/shopping/load_payment_module.php] AccessID=8c847d13137cf3767e70f9b7cf1380ac&AccessPass=251f0ac5c49464cb95ec2b8188155a86 from 60.81.100.252
2022/09/23 10:08:56 [/shop/shopping/load_payment_module.php] Array
(
    [0] => Array
        (
            [AccessID] => 8c847d13137cf3767e70f9b7cf1380ac
            [AccessPass] => 251f0ac5c49464cb95ec2b8188155a86
        )

)
 from 60.81.100.252
2022/09/23 10:08:56 [/shop/shopping/load_payment_module.php] load_payment_module.php set payment data:Array
(
    [AccessID] => 8c847d13137cf3767e70f9b7cf1380ac
    [AccessPass] => 251f0ac5c49464cb95ec2b8188155a86
    [OrderID] => 947404-23100856
    [Amount] => 8450
    [JobCd] => CAPTURE
    [action_status] => 1
    [pay_status] => 0
)
 from 60.81.100.252
2022/09/23 10:08:56 [/shop/shopping/load_payment_module.php] SendRequest:https://p01.mul-pay.jp/payment/ExecTran.idPass from 60.81.100.252
2022/09/23 10:08:56 [/shop/shopping/load_payment_module.php] Array
(
    [AccessID] => 8c847d13137cf3767e70f9b7cf1380ac
    [AccessPass] => 251f0ac5c49464cb95ec2b8188155a86
    [OrderID] => 947404-23100856
    [Method] => 1
    [Token] => 06b060557a19675252caa48931e7a9384df9063ebce2c5d9634c05f36de5f819
    [ClientField1] => 
    [ClientField2] => 
    [ClientField3] => EC-CUBE4.3.35
)
 from 60.81.100.252
2022/09/23 10:08:57 [/shop/shopping/load_payment_module.php] ACS=0&OrderID=947404-23100856&Forward=2S49631&Method=1&PayTimes=&Approve=0703316&TranID=2209231008602257210134180361&TranDate=20220923100857&CheckString=0bfc4fd998cdc85593b4c5f02077e0a9 from 60.81.100.252
2022/09/23 10:08:57 [/shop/shopping/load_payment_module.php] Array
(
    [0] => Array
        (
            [ACS] => 0
            [OrderID] => 947404-23100856
            [Forward] => 2S49631
            [Method] => 1
            [PayTimes] => 
            [Approve] => 0703316
            [TranID] => 2209231008602257210134180361
            [TranDate] => 20220923100857
            [CheckString] => 0bfc4fd998cdc85593b4c5f02077e0a9
        )

)
 from 60.81.100.252
2022/09/23 10:08:57 [/shop/shopping/load_payment_module.php] load_payment_module.php set payment data:Array
(
    [ACS] => 0
    [Forward] => 2S49631
    [Method] => 1
    [PayTimes] => 
    [Approve] => 0703316
    [TranID] => 2209231008602257210134180361
    [TranDate] => 20220923100857
    [CheckString] => 0bfc4fd998cdc85593b4c5f02077e0a9
    [Amount] => 8450
    [JobCd] => CAPTURE
    [action_status] => 3
    [pay_status] => 13
)
 from 60.81.100.252
2022/09/23 10:08:57 [/shop/user_data/pg_mulpay_recv.php] ******* receiveer data start ******* from 210.175.7.20
2022/09/23 10:08:57 [/shop/user_data/pg_mulpay_recv.php] Array
(
    [ShopID] => 9000034600950
    [ShopPass] => **********
    [AccessID] => 8c847d13137cf3767e70f9b7cf1380ac
    [AccessPass] => ********************************
    [OrderID] => 947404-23100856
    [Status] => CAPTURE
    [JobCd] => CAPTURE
    [Amount] => 8450
    [Tax] => 0
    [Currency] => JPN
    [Forward] => 2S49631
    [Method] => 1
    [PayTimes] => 
    [TranID] => 2209231008602257210134180361
    [Approve] => 0703316
    [TranDate] => 20220923100857
    [ErrCode] => 
    [ErrInfo] => 
    [PayType] => 0
)
 from 210.175.7.20
2022/09/23 10:08:57 [/shop/user_data/pg_mulpay_recv.php] ******* receiveer data end ******* from 210.175.7.20
2022/09/23 10:09:02 [/shop/user_data/pg_mulpay_recv.php] update order status:1 order_id=947404 from 210.175.7.20
2022/09/23 10:09:02 [/shop/user_data/pg_mulpay_recv.php] pg_mulpay_recv.php set payment data:Array
(
    [ShopID] => 9000034600950
    [AccessID] => 8c847d13137cf3767e70f9b7cf1380ac
    [OrderID] => 947404-23100856
    [Status] => CAPTURE
    [JobCd] => CAPTURE
    [Amount] => 8450
    [Tax] => 0
    [Currency] => JPN
    [Forward] => 2S49631
    [Method] => 1
    [PayTimes] => 
    [TranID] => 2209231008602257210134180361
    [Approve] => 0703316
    [TranDate] => 20220923100857
    [ErrCode] => 
    [ErrInfo] => 
    [PayType] => 0
    [CvsCode] => 
    [CvsConfNo] => 
    [CvsReceiptNo] => 
    [EdyReceiptNo] => 
    [EdyOrderNo] => 
    [SuicaReceiptNo] => 
    [SuicaOrderNo] => 
    [CustID] => 
    [BkCode] => 
    [ConfNo] => 
    [PaymentTerm] => 
    [EncryptReceiptNo] => 
    [FinishDate] => 
    [ReceiptDate] => 
    [WebMoneyManagementNo] => 
    [WebMoneySettleCode] => 
    [AuPayInfoNo] => 
    [AuPayMethod] => 
    [AuCancelAmount] => 
    [AuCancelTax] => 
    [DocomoSettlementCode] => 
    [DocomoCancelAmount] => 
    [DocomoCancelTax] => 
    [pay_status] => 13
)
 from 210.175.7.20
2022/09/23 10:09:02 [/shop/user_data/pg_mulpay_recv.php] response:true from 210.175.7.20
2022/09/23 11:57:18 [/shop/shopping/load_payment_module.php] SendRequest:https://p01.mul-pay.jp/payment/EntryTran.idPass from 90.202.123.221
2022/09/23 11:57:18 [/shop/shopping/load_payment_module.php] Array
(
    [ShopID] => 9000034600950
    [ShopPass] => ******
    [OrderID] => 947405-23115718
    [JobCd] => CAPTURE
    [Amount] => 6880
    [TdFlag] => 0
    [TdTenantName] => 
)
 from 90.202.123.221
2022/09/23 11:57:18 [/shop/shopping/load_payment_module.php] AccessID=a6d017336328c5355af0eef5bae06528&AccessPass=edc426185a8403fccc8ddd7e0558337c from 90.202.123.221
2022/09/23 11:57:18 [/shop/shopping/load_payment_module.php] Array
(
    [0] => Array
        (
            [AccessID] => a6d017336328c5355af0eef5bae06528
            [AccessPass] => edc426185a8403fccc8ddd7e0558337c
        )

)
 from 90.202.123.221
2022/09/23 11:57:18 [/shop/shopping/load_payment_module.php] load_payment_module.php set payment data:Array
(
    [AccessID] => a6d017336328c5355af0eef5bae06528
    [AccessPass] => edc426185a8403fccc8ddd7e0558337c
    [OrderID] => 947405-23115718
    [Amount] => 6880
    [JobCd] => CAPTURE
    [action_status] => 1
    [pay_status] => 0
)
 from 90.202.123.221
2022/09/23 11:57:18 [/shop/shopping/load_payment_module.php] SendRequest:https://p01.mul-pay.jp/payment/ExecTran.idPass from 90.202.123.221
2022/09/23 11:57:18 [/shop/shopping/load_payment_module.php] Array
(
    [AccessID] => a6d017336328c5355af0eef5bae06528
    [AccessPass] => edc426185a8403fccc8ddd7e0558337c
    [OrderID] => 947405-23115718
    [Method] => 1
    [Token] => de2e70b30f99a2ab5634784cda5363caea9a695611d01f387d07371500476856
    [ClientField1] => 
    [ClientField2] => 
    [ClientField3] => EC-CUBE4.3.35
)
 from 90.202.123.221
2022/09/23 11:57:18 [/shop/shopping/load_payment_module.php] ACS=0&OrderID=947405-23115718&Forward=2S49631&Method=1&PayTimes=&Approve=0566506&TranID=2209231157602257210134160354&TranDate=20220923115718&CheckString=b7a7027eab27ccd35067933eedb513d6 from 90.202.123.221
2022/09/23 11:57:18 [/shop/shopping/load_payment_module.php] Array
(
    [0] => Array
        (
            [ACS] => 0
            [OrderID] => 947405-23115718
            [Forward] => 2S49631
            [Method] => 1
            [PayTimes] => 
            [Approve] => 0566506
            [TranID] => 2209231157602257210134160354
            [TranDate] => 20220923115718
            [CheckString] => b7a7027eab27ccd35067933eedb513d6
        )

)
 from 90.202.123.221
2022/09/23 11:57:18 [/shop/shopping/load_payment_module.php] load_payment_module.php set payment data:Array
(
    [ACS] => 0
    [Forward] => 2S49631
    [Method] => 1
    [PayTimes] => 
    [Approve] => 0566506
    [TranID] => 2209231157602257210134160354
    [TranDate] => 20220923115718
    [CheckString] => b7a7027eab27ccd35067933eedb513d6
    [Amount] => 6880
    [JobCd] => CAPTURE
    [action_status] => 3
    [pay_status] => 13
)
 from 90.202.123.221
2022/09/23 11:57:18 [/shop/user_data/pg_mulpay_recv.php] ******* receiveer data start ******* from 210.175.7.20
2022/09/23 11:57:18 [/shop/user_data/pg_mulpay_recv.php] Array
(
    [ShopID] => 9000034600950
    [ShopPass] => **********
    [AccessID] => a6d017336328c5355af0eef5bae06528
    [AccessPass] => ********************************
    [OrderID] => 947405-23115718
    [Status] => CAPTURE
    [JobCd] => CAPTURE
    [Amount] => 6880
    [Tax] => 0
    [Currency] => JPN
    [Forward] => 2S49631
    [Method] => 1
    [PayTimes] => 
    [TranID] => 2209231157602257210134160354
    [Approve] => 0566506
    [TranDate] => 20220923115718
    [ErrCode] => 
    [ErrInfo] => 
    [PayType] => 0
)
 from 210.175.7.20
2022/09/23 11:57:18 [/shop/user_data/pg_mulpay_recv.php] ******* receiveer data end ******* from 210.175.7.20
2022/09/23 11:57:23 [/shop/user_data/pg_mulpay_recv.php] update order status:1 order_id=947405 from 210.175.7.20
2022/09/23 11:57:23 [/shop/user_data/pg_mulpay_recv.php] pg_mulpay_recv.php set payment data:Array
(
    [ShopID] => 9000034600950
    [AccessID] => a6d017336328c5355af0eef5bae06528
    [OrderID] => 947405-23115718
    [Status] => CAPTURE
    [JobCd] => CAPTURE
    [Amount] => 6880
    [Tax] => 0
    [Currency] => JPN
    [Forward] => 2S49631
    [Method] => 1
    [PayTimes] => 
    [TranID] => 2209231157602257210134160354
    [Approve] => 0566506
    [TranDate] => 20220923115718
    [ErrCode] => 
    [ErrInfo] => 
    [PayType] => 0
    [CvsCode] => 
    [CvsConfNo] => 
    [CvsReceiptNo] => 
    [EdyReceiptNo] => 
    [EdyOrderNo] => 
    [SuicaReceiptNo] => 
    [SuicaOrderNo] => 
    [CustID] => 
    [BkCode] => 
    [ConfNo] => 
    [PaymentTerm] => 
    [EncryptReceiptNo] => 
    [FinishDate] => 
    [ReceiptDate] => 
    [WebMoneyManagementNo] => 
    [WebMoneySettleCode] => 
    [AuPayInfoNo] => 
    [AuPayMethod] => 
    [AuCancelAmount] => 
    [AuCancelTax] => 
    [DocomoSettlementCode] => 
    [DocomoCancelAmount] => 
    [DocomoCancelTax] => 
    [pay_status] => 13
)
 from 210.175.7.20
2022/09/23 11:57:23 [/shop/user_data/pg_mulpay_recv.php] response:true from 210.175.7.20
2022/09/23 13:20:03 [/shop/shopping/load_payment_module.php] SendRequest:https://p01.mul-pay.jp/payment/SearchMember.idPass from 210.227.19.67
2022/09/23 13:20:03 [/shop/shopping/load_payment_module.php] Array
(
    [SiteID] => mst0000007602
    [SitePass] => ******
    [MemberID] => 10616
)
 from 210.227.19.67
2022/09/23 13:20:04 [/shop/shopping/load_payment_module.php] MemberID=10616&MemberName=r61cea154c2b4a6Ax6NmKF&DeleteFlag=0 from 210.227.19.67
2022/09/23 13:20:04 [/shop/shopping/load_payment_module.php] Array
(
    [0] => Array
        (
            [MemberID] => 10616
            [MemberName] => r61cea154c2b4a6Ax6NmKF
            [DeleteFlag] => 0
        )

)
 from 210.227.19.67
2022/09/23 13:20:04 [/shop/shopping/load_payment_module.php] SendRequest:https://p01.mul-pay.jp/payment/SearchCard.idPass from 210.227.19.67
2022/09/23 13:20:04 [/shop/shopping/load_payment_module.php] Array
(
    [SiteID] => mst0000007602
    [SitePass] => ******
    [MemberID] => 10616
)
 from 210.227.19.67
2022/09/23 13:20:04 [/shop/shopping/load_payment_module.php] ErrCode=E01&ErrInfo=E01240002 from 210.227.19.67
2022/09/23 13:20:04 [/shop/shopping/load_payment_module.php] Array
(
    [0] => Array
        (
            [ErrCode] => E01
            [ErrInfo] => E01240002
        )

)
 from 210.227.19.67
2022/09/23 13:20:18 [/shop/shopping/load_payment_module.php] SendRequest:https://p01.mul-pay.jp/payment/SearchMember.idPass from 210.227.19.67
2022/09/23 13:20:18 [/shop/shopping/load_payment_module.php] Array
(
    [SiteID] => mst0000007602
    [SitePass] => ******
    [MemberID] => 10616
)
 from 210.227.19.67
2022/09/23 13:20:18 [/shop/shopping/load_payment_module.php] MemberID=10616&MemberName=r61cea154c2b4a6Ax6NmKF&DeleteFlag=0 from 210.227.19.67
2022/09/23 13:20:18 [/shop/shopping/load_payment_module.php] Array
(
    [0] => Array
        (
            [MemberID] => 10616
            [MemberName] => r61cea154c2b4a6Ax6NmKF
            [DeleteFlag] => 0
        )

)
 from 210.227.19.67
2022/09/23 13:20:18 [/shop/shopping/load_payment_module.php] SendRequest:https://p01.mul-pay.jp/payment/SearchCard.idPass from 210.227.19.67
2022/09/23 13:20:18 [/shop/shopping/load_payment_module.php] Array
(
    [SiteID] => mst0000007602
    [SitePass] => ******
    [MemberID] => 10616
)
 from 210.227.19.67
2022/09/23 13:20:18 [/shop/shopping/load_payment_module.php] ErrCode=E01&ErrInfo=E01240002 from 210.227.19.67
2022/09/23 13:20:18 [/shop/shopping/load_payment_module.php] Array
(
    [0] => Array
        (
            [ErrCode] => E01
            [ErrInfo] => E01240002
        )

)
 from 210.227.19.67
2022/09/23 13:20:18 [/shop/shopping/load_payment_module.php] SendRequest:https://p01.mul-pay.jp/payment/EntryTran.idPass from 210.227.19.67
2022/09/23 13:20:18 [/shop/shopping/load_payment_module.php] Array
(
    [ShopID] => 9000034600950
    [ShopPass] => ******
    [OrderID] => 947406-23132018
    [JobCd] => CAPTURE
    [Amount] => 4462
    [TdFlag] => 0
    [TdTenantName] => 
)
 from 210.227.19.67
2022/09/23 13:20:18 [/shop/shopping/load_payment_module.php] AccessID=1f1d77d5b444ccf22d8028668f418987&AccessPass=05a5f2a33dcb35465067c5bb57c48fb5 from 210.227.19.67
2022/09/23 13:20:18 [/shop/shopping/load_payment_module.php] Array
(
    [0] => Array
        (
            [AccessID] => 1f1d77d5b444ccf22d8028668f418987
            [AccessPass] => 05a5f2a33dcb35465067c5bb57c48fb5
        )

)
 from 210.227.19.67
2022/09/23 13:20:18 [/shop/shopping/load_payment_module.php] load_payment_module.php set payment data:Array
(
    [AccessID] => 1f1d77d5b444ccf22d8028668f418987
    [AccessPass] => 05a5f2a33dcb35465067c5bb57c48fb5
    [OrderID] => 947406-23132018
    [Amount] => 4462
    [JobCd] => CAPTURE
    [action_status] => 1
    [pay_status] => 0
)
 from 210.227.19.67
2022/09/23 13:20:18 [/shop/shopping/load_payment_module.php] SendRequest:https://p01.mul-pay.jp/payment/ExecTran.idPass from 210.227.19.67
2022/09/23 13:20:18 [/shop/shopping/load_payment_module.php] Array
(
    [AccessID] => 1f1d77d5b444ccf22d8028668f418987
    [AccessPass] => 05a5f2a33dcb35465067c5bb57c48fb5
    [OrderID] => 947406-23132018
    [Method] => 1
    [Token] => c5c782098fd9bddb874fa43ccdfdd7654d131f5ea80fab714978abb94e3c3b82
    [ClientField1] => 
    [ClientField2] => 
    [ClientField3] => EC-CUBE4.3.35
)
 from 210.227.19.67
2022/09/23 13:20:19 [/shop/shopping/load_payment_module.php] ACS=0&OrderID=947406-23132018&Forward=2S49631&Method=1&PayTimes=&Approve=0022992&TranID=2209231320602257210134160355&TranDate=20220923132019&CheckString=d44a8e82836aafefbe1f7ba727b51559 from 210.227.19.67
2022/09/23 13:20:19 [/shop/shopping/load_payment_module.php] Array
(
    [0] => Array
        (
            [ACS] => 0
            [OrderID] => 947406-23132018
            [Forward] => 2S49631
            [Method] => 1
            [PayTimes] => 
            [Approve] => 0022992
            [TranID] => 2209231320602257210134160355
            [TranDate] => 20220923132019
            [CheckString] => d44a8e82836aafefbe1f7ba727b51559
        )

)
 from 210.227.19.67
2022/09/23 13:20:19 [/shop/shopping/load_payment_module.php] load_payment_module.php set payment data:Array
(
    [ACS] => 0
    [Forward] => 2S49631
    [Method] => 1
    [PayTimes] => 
    [Approve] => 0022992
    [TranID] => 2209231320602257210134160355
    [TranDate] => 20220923132019
    [CheckString] => d44a8e82836aafefbe1f7ba727b51559
    [Amount] => 4462
    [JobCd] => CAPTURE
    [action_status] => 3
    [pay_status] => 13
)
 from 210.227.19.67
2022/09/23 13:20:19 [/shop/user_data/pg_mulpay_recv.php] ******* receiveer data start ******* from 210.175.7.20
2022/09/23 13:20:19 [/shop/user_data/pg_mulpay_recv.php] Array
(
    [ShopID] => 9000034600950
    [ShopPass] => **********
    [AccessID] => 1f1d77d5b444ccf22d8028668f418987
    [AccessPass] => ********************************
    [OrderID] => 947406-23132018
    [Status] => CAPTURE
    [JobCd] => CAPTURE
    [Amount] => 4462
    [Tax] => 0
    [Currency] => JPN
    [Forward] => 2S49631
    [Method] => 1
    [PayTimes] => 
    [TranID] => 2209231320602257210134160355
    [Approve] => 0022992
    [TranDate] => 20220923132019
    [ErrCode] => 
    [ErrInfo] => 
    [PayType] => 0
)
 from 210.175.7.20
2022/09/23 13:20:19 [/shop/user_data/pg_mulpay_recv.php] ******* receiveer data end ******* from 210.175.7.20
2022/09/23 13:20:24 [/shop/user_data/pg_mulpay_recv.php] update order status:1 order_id=947406 from 210.175.7.20
2022/09/23 13:20:24 [/shop/user_data/pg_mulpay_recv.php] pg_mulpay_recv.php set payment data:Array
(
    [ShopID] => 9000034600950
    [AccessID] => 1f1d77d5b444ccf22d8028668f418987
    [OrderID] => 947406-23132018
    [Status] => CAPTURE
    [JobCd] => CAPTURE
    [Amount] => 4462
    [Tax] => 0
    [Currency] => JPN
    [Forward] => 2S49631
    [Method] => 1
    [PayTimes] => 
    [TranID] => 2209231320602257210134160355
    [Approve] => 0022992
    [TranDate] => 20220923132019
    [ErrCode] => 
    [ErrInfo] => 
    [PayType] => 0
    [CvsCode] => 
    [CvsConfNo] => 
    [CvsReceiptNo] => 
    [EdyReceiptNo] => 
    [EdyOrderNo] => 
    [SuicaReceiptNo] => 
    [SuicaOrderNo] => 
    [CustID] => 
    [BkCode] => 
    [ConfNo] => 
    [PaymentTerm] => 
    [EncryptReceiptNo] => 
    [FinishDate] => 
    [ReceiptDate] => 
    [WebMoneyManagementNo] => 
    [WebMoneySettleCode] => 
    [AuPayInfoNo] => 
    [AuPayMethod] => 
    [AuCancelAmount] => 
    [AuCancelTax] => 
    [DocomoSettlementCode] => 
    [DocomoCancelAmount] => 
    [DocomoCancelTax] => 
    [pay_status] => 13
)
 from 210.175.7.20
2022/09/23 13:20:24 [/shop/user_data/pg_mulpay_recv.php] response:true from 210.175.7.20
2022/09/23 14:44:34 [/shop/shopping/load_payment_module.php] SendRequest:https://p01.mul-pay.jp/payment/SearchMember.idPass from 126.247.17.75
2022/09/23 14:44:34 [/shop/shopping/load_payment_module.php] Array
(
    [SiteID] => mst0000007602
    [SitePass] => ******
    [MemberID] => 10588
)
 from 126.247.17.75
2022/09/23 14:44:34 [/shop/shopping/load_payment_module.php] ErrCode=E01&ErrInfo=E01390002 from 126.247.17.75
2022/09/23 14:44:34 [/shop/shopping/load_payment_module.php] Array
(
    [0] => Array
        (
            [ErrCode] => E01
            [ErrInfo] => E01390002
        )

)
 from 126.247.17.75
2022/09/23 14:44:34 [/shop/shopping/load_payment_module.php] SendRequest:https://p01.mul-pay.jp/payment/SearchCard.idPass from 126.247.17.75
2022/09/23 14:44:34 [/shop/shopping/load_payment_module.php] Array
(
    [SiteID] => mst0000007602
    [SitePass] => ******
    [MemberID] => 10588
)
 from 126.247.17.75
2022/09/23 14:44:34 [/shop/shopping/load_payment_module.php] ErrCode=E01|E01&ErrInfo=E01390002|E01240002 from 126.247.17.75
2022/09/23 14:44:34 [/shop/shopping/load_payment_module.php] Array
(
    [0] => Array
        (
            [ErrCode] => E01
            [ErrInfo] => E01390002
        )

    [1] => Array
        (
            [ErrCode] => E01
            [ErrInfo] => E01240002
        )

)
 from 126.247.17.75
2022/09/23 14:45:04 [/shop/shopping/load_payment_module.php] SendRequest:https://p01.mul-pay.jp/payment/SearchMember.idPass from 126.247.17.75
2022/09/23 14:45:04 [/shop/shopping/load_payment_module.php] Array
(
    [SiteID] => mst0000007602
    [SitePass] => ******
    [MemberID] => 10588
)
 from 126.247.17.75
2022/09/23 14:45:04 [/shop/shopping/load_payment_module.php] ErrCode=E01&ErrInfo=E01390002 from 126.247.17.75
2022/09/23 14:45:05 [/shop/shopping/load_payment_module.php] Array
(
    [0] => Array
        (
            [ErrCode] => E01
            [ErrInfo] => E01390002
        )

)
 from 126.247.17.75
2022/09/23 14:45:05 [/shop/shopping/load_payment_module.php] SendRequest:https://p01.mul-pay.jp/payment/SearchCard.idPass from 126.247.17.75
2022/09/23 14:45:05 [/shop/shopping/load_payment_module.php] Array
(
    [SiteID] => mst0000007602
    [SitePass] => ******
    [MemberID] => 10588
)
 from 126.247.17.75
2022/09/23 14:45:05 [/shop/shopping/load_payment_module.php] ErrCode=E01|E01&ErrInfo=E01390002|E01240002 from 126.247.17.75
2022/09/23 14:45:05 [/shop/shopping/load_payment_module.php] Array
(
    [0] => Array
        (
            [ErrCode] => E01
            [ErrInfo] => E01390002
        )

    [1] => Array
        (
            [ErrCode] => E01
            [ErrInfo] => E01240002
        )

)
 from 126.247.17.75
2022/09/23 14:45:05 [/shop/shopping/load_payment_module.php] SendRequest:https://p01.mul-pay.jp/payment/EntryTran.idPass from 126.247.17.75
2022/09/23 14:45:05 [/shop/shopping/load_payment_module.php] Array
(
    [ShopID] => 9000034600950
    [ShopPass] => ******
    [OrderID] => 947407-23144505
    [JobCd] => CAPTURE
    [Amount] => 3050
    [TdFlag] => 0
    [TdTenantName] => 
)
 from 126.247.17.75
2022/09/23 14:45:05 [/shop/shopping/load_payment_module.php] AccessID=a6afa36bcef1d5d09f29efa2948a7d7c&AccessPass=f628f0600d7bda4404f91445f562db60 from 126.247.17.75
2022/09/23 14:45:05 [/shop/shopping/load_payment_module.php] Array
(
    [0] => Array
        (
            [AccessID] => a6afa36bcef1d5d09f29efa2948a7d7c
            [AccessPass] => f628f0600d7bda4404f91445f562db60
        )

)
 from 126.247.17.75
2022/09/23 14:45:05 [/shop/shopping/load_payment_module.php] load_payment_module.php set payment data:Array
(
    [AccessID] => a6afa36bcef1d5d09f29efa2948a7d7c
    [AccessPass] => f628f0600d7bda4404f91445f562db60
    [OrderID] => 947407-23144505
    [Amount] => 3050
    [JobCd] => CAPTURE
    [action_status] => 1
    [pay_status] => 0
)
 from 126.247.17.75
2022/09/23 14:45:05 [/shop/shopping/load_payment_module.php] SendRequest:https://p01.mul-pay.jp/payment/ExecTran.idPass from 126.247.17.75
2022/09/23 14:45:05 [/shop/shopping/load_payment_module.php] Array
(
    [AccessID] => a6afa36bcef1d5d09f29efa2948a7d7c
    [AccessPass] => f628f0600d7bda4404f91445f562db60
    [OrderID] => 947407-23144505
    [Method] => 1
    [Token] => 947611f86253a45b65220bf94f8eeaa3101bcb92004c2d36a3810b44000b5960
    [ClientField1] => 
    [ClientField2] => 
    [ClientField3] => EC-CUBE4.3.35
)
 from 126.247.17.75
2022/09/23 14:45:06 [/shop/shopping/load_payment_module.php] ACS=0&OrderID=947407-23144505&Forward=2S49631&Method=1&PayTimes=&Approve=0002847&TranID=2209231445602257210134160356&TranDate=20220923144506&CheckString=9a9f41bc71b65bbec723a53e96a0c7f3 from 126.247.17.75
2022/09/23 14:45:06 [/shop/shopping/load_payment_module.php] Array
(
    [0] => Array
        (
            [ACS] => 0
            [OrderID] => 947407-23144505
            [Forward] => 2S49631
            [Method] => 1
            [PayTimes] => 
            [Approve] => 0002847
            [TranID] => 2209231445602257210134160356
            [TranDate] => 20220923144506
            [CheckString] => 9a9f41bc71b65bbec723a53e96a0c7f3
        )

)
 from 126.247.17.75
2022/09/23 14:45:06 [/shop/shopping/load_payment_module.php] load_payment_module.php set payment data:Array
(
    [ACS] => 0
    [Forward] => 2S49631
    [Method] => 1
    [PayTimes] => 
    [Approve] => 0002847
    [TranID] => 2209231445602257210134160356
    [TranDate] => 20220923144506
    [CheckString] => 9a9f41bc71b65bbec723a53e96a0c7f3
    [Amount] => 3050
    [JobCd] => CAPTURE
    [action_status] => 3
    [pay_status] => 13
)
 from 126.247.17.75
2022/09/23 14:45:06 [/shop/user_data/pg_mulpay_recv.php] ******* receiveer data start ******* from 210.175.7.20
2022/09/23 14:45:06 [/shop/user_data/pg_mulpay_recv.php] Array
(
    [ShopID] => 9000034600950
    [ShopPass] => **********
    [AccessID] => a6afa36bcef1d5d09f29efa2948a7d7c
    [AccessPass] => ********************************
    [OrderID] => 947407-23144505
    [Status] => CAPTURE
    [JobCd] => CAPTURE
    [Amount] => 3050
    [Tax] => 0
    [Currency] => JPN
    [Forward] => 2S49631
    [Method] => 1
    [PayTimes] => 
    [TranID] => 2209231445602257210134160356
    [Approve] => 0002847
    [TranDate] => 20220923144506
    [ErrCode] => 
    [ErrInfo] => 
    [PayType] => 0
)
 from 210.175.7.20
2022/09/23 14:45:06 [/shop/user_data/pg_mulpay_recv.php] ******* receiveer data end ******* from 210.175.7.20
2022/09/23 14:45:11 [/shop/user_data/pg_mulpay_recv.php] update order status:1 order_id=947407 from 210.175.7.20
2022/09/23 14:45:11 [/shop/user_data/pg_mulpay_recv.php] pg_mulpay_recv.php set payment data:Array
(
    [ShopID] => 9000034600950
    [AccessID] => a6afa36bcef1d5d09f29efa2948a7d7c
    [OrderID] => 947407-23144505
    [Status] => CAPTURE
    [JobCd] => CAPTURE
    [Amount] => 3050
    [Tax] => 0
    [Currency] => JPN
    [Forward] => 2S49631
    [Method] => 1
    [PayTimes] => 
    [TranID] => 2209231445602257210134160356
    [Approve] => 0002847
    [TranDate] => 20220923144506
    [ErrCode] => 
    [ErrInfo] => 
    [PayType] => 0
    [CvsCode] => 
    [CvsConfNo] => 
    [CvsReceiptNo] => 
    [EdyReceiptNo] => 
    [EdyOrderNo] => 
    [SuicaReceiptNo] => 
    [SuicaOrderNo] => 
    [CustID] => 
    [BkCode] => 
    [ConfNo] => 
    [PaymentTerm] => 
    [EncryptReceiptNo] => 
    [FinishDate] => 
    [ReceiptDate] => 
    [WebMoneyManagementNo] => 
    [WebMoneySettleCode] => 
    [AuPayInfoNo] => 
    [AuPayMethod] => 
    [AuCancelAmount] => 
    [AuCancelTax] => 
    [DocomoSettlementCode] => 
    [DocomoCancelAmount] => 
    [DocomoCancelTax] => 
    [pay_status] => 13
)
 from 210.175.7.20
2022/09/23 14:45:11 [/shop/user_data/pg_mulpay_recv.php] response:true from 210.175.7.20
2022/09/23 15:58:03 [/shop/shopping/load_payment_module.php] SendRequest:https://p01.mul-pay.jp/payment/EntryTran.idPass from 50.113.36.255
2022/09/23 15:58:03 [/shop/shopping/load_payment_module.php] Array
(
    [ShopID] => 9000034600950
    [ShopPass] => ******
    [OrderID] => 947408-23155803
    [JobCd] => CAPTURE
    [Amount] => 13350
    [TdFlag] => 0
    [TdTenantName] => 
)
 from 50.113.36.255
2022/09/23 15:58:03 [/shop/shopping/load_payment_module.php] AccessID=7190a4f152bcbc3e67eeb3bc1d7c38b1&AccessPass=10ff8a0c2d2ac057c598a439145fe6f5 from 50.113.36.255
2022/09/23 15:58:03 [/shop/shopping/load_payment_module.php] Array
(
    [0] => Array
        (
            [AccessID] => 7190a4f152bcbc3e67eeb3bc1d7c38b1
            [AccessPass] => 10ff8a0c2d2ac057c598a439145fe6f5
        )

)
 from 50.113.36.255
2022/09/23 15:58:03 [/shop/shopping/load_payment_module.php] load_payment_module.php set payment data:Array
(
    [AccessID] => 7190a4f152bcbc3e67eeb3bc1d7c38b1
    [AccessPass] => 10ff8a0c2d2ac057c598a439145fe6f5
    [OrderID] => 947408-23155803
    [Amount] => 13350
    [JobCd] => CAPTURE
    [action_status] => 1
    [pay_status] => 0
)
 from 50.113.36.255
2022/09/23 15:58:03 [/shop/shopping/load_payment_module.php] SendRequest:https://p01.mul-pay.jp/payment/ExecTran.idPass from 50.113.36.255
2022/09/23 15:58:03 [/shop/shopping/load_payment_module.php] Array
(
    [AccessID] => 7190a4f152bcbc3e67eeb3bc1d7c38b1
    [AccessPass] => 10ff8a0c2d2ac057c598a439145fe6f5
    [OrderID] => 947408-23155803
    [Method] => 1
    [Token] => 7a939c5d0e71aa6e8ef1d16f5ac2fcd20e04ffdd8acee5845dc57d1833eb1804
    [ClientField1] => 
    [ClientField2] => 
    [ClientField3] => EC-CUBE4.3.35
)
 from 50.113.36.255
2022/09/23 15:58:05 [/shop/shopping/load_payment_module.php] ACS=0&OrderID=947408-23155803&Forward=2959876&Method=1&PayTimes=&Approve=0041469&TranID=2209231558602257210134170364&TranDate=20220923155805&CheckString=1723075c58474cf7787e9e0bddf49839 from 50.113.36.255
2022/09/23 15:58:05 [/shop/shopping/load_payment_module.php] Array
(
    [0] => Array
        (
            [ACS] => 0
            [OrderID] => 947408-23155803
            [Forward] => 2959876
            [Method] => 1
            [PayTimes] => 
            [Approve] => 0041469
            [TranID] => 2209231558602257210134170364
            [TranDate] => 20220923155805
            [CheckString] => 1723075c58474cf7787e9e0bddf49839
        )

)
 from 50.113.36.255
2022/09/23 15:58:05 [/shop/shopping/load_payment_module.php] load_payment_module.php set payment data:Array
(
    [ACS] => 0
    [Forward] => 2959876
    [Method] => 1
    [PayTimes] => 
    [Approve] => 0041469
    [TranID] => 2209231558602257210134170364
    [TranDate] => 20220923155805
    [CheckString] => 1723075c58474cf7787e9e0bddf49839
    [Amount] => 13350
    [JobCd] => CAPTURE
    [action_status] => 3
    [pay_status] => 13
)
 from 50.113.36.255
2022/09/23 15:58:05 [/shop/user_data/pg_mulpay_recv.php] ******* receiveer data start ******* from 210.175.7.20
2022/09/23 15:58:05 [/shop/user_data/pg_mulpay_recv.php] Array
(
    [ShopID] => 9000034600950
    [ShopPass] => **********
    [AccessID] => 7190a4f152bcbc3e67eeb3bc1d7c38b1
    [AccessPass] => ********************************
    [OrderID] => 947408-23155803
    [Status] => CAPTURE
    [JobCd] => CAPTURE
    [Amount] => 13350
    [Tax] => 0
    [Currency] => JPN
    [Forward] => 2959876
    [Method] => 1
    [PayTimes] => 
    [TranID] => 2209231558602257210134170364
    [Approve] => 0041469
    [TranDate] => 20220923155805
    [ErrCode] => 
    [ErrInfo] => 
    [PayType] => 0
)
 from 210.175.7.20
2022/09/23 15:58:05 [/shop/user_data/pg_mulpay_recv.php] ******* receiveer data end ******* from 210.175.7.20
2022/09/23 15:58:10 [/shop/user_data/pg_mulpay_recv.php] update order status:1 order_id=947408 from 210.175.7.20
2022/09/23 15:58:10 [/shop/user_data/pg_mulpay_recv.php] pg_mulpay_recv.php set payment data:Array
(
    [ShopID] => 9000034600950
    [AccessID] => 7190a4f152bcbc3e67eeb3bc1d7c38b1
    [OrderID] => 947408-23155803
    [Status] => CAPTURE
    [JobCd] => CAPTURE
    [Amount] => 13350
    [Tax] => 0
    [Currency] => JPN
    [Forward] => 2959876
    [Method] => 1
    [PayTimes] => 
    [TranID] => 2209231558602257210134170364
    [Approve] => 0041469
    [TranDate] => 20220923155805
    [ErrCode] => 
    [ErrInfo] => 
    [PayType] => 0
    [CvsCode] => 
    [CvsConfNo] => 
    [CvsReceiptNo] => 
    [EdyReceiptNo] => 
    [EdyOrderNo] => 
    [SuicaReceiptNo] => 
    [SuicaOrderNo] => 
    [CustID] => 
    [BkCode] => 
    [ConfNo] => 
    [PaymentTerm] => 
    [EncryptReceiptNo] => 
    [FinishDate] => 
    [ReceiptDate] => 
    [WebMoneyManagementNo] => 
    [WebMoneySettleCode] => 
    [AuPayInfoNo] => 
    [AuPayMethod] => 
    [AuCancelAmount] => 
    [AuCancelTax] => 
    [DocomoSettlementCode] => 
    [DocomoCancelAmount] => 
    [DocomoCancelTax] => 
    [pay_status] => 13
)
 from 210.175.7.20
2022/09/23 15:58:10 [/shop/user_data/pg_mulpay_recv.php] response:true from 210.175.7.20
2022/09/23 16:09:24 [/shop/shopping/load_payment_module.php] SendRequest:https://p01.mul-pay.jp/payment/EntryTran.idPass from 126.166.155.0
2022/09/23 16:09:24 [/shop/shopping/load_payment_module.php] Array
(
    [ShopID] => 9000034600950
    [ShopPass] => ******
    [OrderID] => 947409-23160924
    [JobCd] => CAPTURE
    [Amount] => 6450
    [TdFlag] => 0
    [TdTenantName] => 
)
 from 126.166.155.0
2022/09/23 16:09:24 [/shop/shopping/load_payment_module.php] AccessID=7e47ccedfb11694a310ad3839775763c&AccessPass=3c8a2cc72f6a1fbd29990fbc1b00eab2 from 126.166.155.0
2022/09/23 16:09:24 [/shop/shopping/load_payment_module.php] Array
(
    [0] => Array
        (
            [AccessID] => 7e47ccedfb11694a310ad3839775763c
            [AccessPass] => 3c8a2cc72f6a1fbd29990fbc1b00eab2
        )

)
 from 126.166.155.0
2022/09/23 16:09:24 [/shop/shopping/load_payment_module.php] load_payment_module.php set payment data:Array
(
    [AccessID] => 7e47ccedfb11694a310ad3839775763c
    [AccessPass] => 3c8a2cc72f6a1fbd29990fbc1b00eab2
    [OrderID] => 947409-23160924
    [Amount] => 6450
    [JobCd] => CAPTURE
    [action_status] => 1
    [pay_status] => 0
)
 from 126.166.155.0
2022/09/23 16:09:24 [/shop/shopping/load_payment_module.php] SendRequest:https://p01.mul-pay.jp/payment/ExecTran.idPass from 126.166.155.0
2022/09/23 16:09:24 [/shop/shopping/load_payment_module.php] Array
(
    [AccessID] => 7e47ccedfb11694a310ad3839775763c
    [AccessPass] => 3c8a2cc72f6a1fbd29990fbc1b00eab2
    [OrderID] => 947409-23160924
    [Method] => 1
    [Token] => b752b0782b01d462270b8d6fbf42d6dd1523935fe946fd1735294a946c6bb71c
    [ClientField1] => 
    [ClientField2] => 
    [ClientField3] => EC-CUBE4.3.35
)
 from 126.166.155.0
2022/09/23 16:09:24 [/shop/shopping/load_payment_module.php] ErrCode=E01&ErrInfo=E01260010 from 126.166.155.0
2022/09/23 16:09:24 [/shop/shopping/load_payment_module.php] Array
(
    [0] => Array
        (
            [ErrCode] => E01
            [ErrInfo] => E01260010
        )

)
 from 126.166.155.0
2022/09/23 16:09:24 [/shop/shopping/load_payment_module.php] load_payment_module.php set payment data:Array
(
    [request_error] => Array
        (
            [0] => 指定された支払方法はご利用できません。 (E01-E01260010)
        )

    [Amount] => 6450
    [JobCd] => CAPTURE
    [action_status] => 3
)
 from 126.166.155.0
2022/09/23 16:10:13 [/shop/shopping/load_payment_module.php] SendRequest:https://p01.mul-pay.jp/payment/ExecTran.idPass from 126.166.155.0
2022/09/23 16:10:13 [/shop/shopping/load_payment_module.php] Array
(
    [AccessID] => 7e47ccedfb11694a310ad3839775763c
    [AccessPass] => 3c8a2cc72f6a1fbd29990fbc1b00eab2
    [OrderID] => 947409-23160924
    [Method] => 1
    [Token] => 22addba50b25035cfe77fbd872f21d71b8c53eae1955382a201c94d46798c458
    [ClientField1] => 
    [ClientField2] => 
    [ClientField3] => EC-CUBE4.3.35
)
 from 126.166.155.0
2022/09/23 16:10:14 [/shop/shopping/load_payment_module.php] ACS=0&OrderID=947409-23160924&Forward=2S49631&Method=1&PayTimes=&Approve=0825632&TranID=2209231610602257210134150332&TranDate=20220923161013&CheckString=c00f34e90c273b44b2ef2fd743669e5c from 126.166.155.0
2022/09/23 16:10:14 [/shop/shopping/load_payment_module.php] Array
(
    [0] => Array
        (
            [ACS] => 0
            [OrderID] => 947409-23160924
            [Forward] => 2S49631
            [Method] => 1
            [PayTimes] => 
            [Approve] => 0825632
            [TranID] => 2209231610602257210134150332
            [TranDate] => 20220923161013
            [CheckString] => c00f34e90c273b44b2ef2fd743669e5c
        )

)
 from 126.166.155.0
2022/09/23 16:10:14 [/shop/shopping/load_payment_module.php] load_payment_module.php set payment data:Array
(
    [ACS] => 0
    [Forward] => 2S49631
    [Method] => 1
    [PayTimes] => 
    [Approve] => 0825632
    [TranID] => 2209231610602257210134150332
    [TranDate] => 20220923161013
    [CheckString] => c00f34e90c273b44b2ef2fd743669e5c
    [Amount] => 6450
    [JobCd] => CAPTURE
    [action_status] => 3
    [pay_status] => 13
)
 from 126.166.155.0
2022/09/23 16:10:14 [/shop/user_data/pg_mulpay_recv.php] ******* receiveer data start ******* from 210.175.7.20
2022/09/23 16:10:14 [/shop/user_data/pg_mulpay_recv.php] Array
(
    [ShopID] => 9000034600950
    [ShopPass] => **********
    [AccessID] => 7e47ccedfb11694a310ad3839775763c
    [AccessPass] => ********************************
    [OrderID] => 947409-23160924
    [Status] => CAPTURE
    [JobCd] => CAPTURE
    [Amount] => 6450
    [Tax] => 0
    [Currency] => JPN
    [Forward] => 2S49631
    [Method] => 1
    [PayTimes] => 
    [TranID] => 2209231610602257210134150332
    [Approve] => 0825632
    [TranDate] => 20220923161013
    [ErrCode] => 
    [ErrInfo] => 
    [PayType] => 0
)
 from 210.175.7.20
2022/09/23 16:10:14 [/shop/user_data/pg_mulpay_recv.php] ******* receiveer data end ******* from 210.175.7.20
2022/09/23 16:10:19 [/shop/user_data/pg_mulpay_recv.php] update order status:1 order_id=947409 from 210.175.7.20
2022/09/23 16:10:19 [/shop/user_data/pg_mulpay_recv.php] pg_mulpay_recv.php set payment data:Array
(
    [ShopID] => 9000034600950
    [AccessID] => 7e47ccedfb11694a310ad3839775763c
    [OrderID] => 947409-23160924
    [Status] => CAPTURE
    [JobCd] => CAPTURE
    [Amount] => 6450
    [Tax] => 0
    [Currency] => JPN
    [Forward] => 2S49631
    [Method] => 1
    [PayTimes] => 
    [TranID] => 2209231610602257210134150332
    [Approve] => 0825632
    [TranDate] => 20220923161013
    [ErrCode] => 
    [ErrInfo] => 
    [PayType] => 0
    [CvsCode] => 
    [CvsConfNo] => 
    [CvsReceiptNo] => 
    [EdyReceiptNo] => 
    [EdyOrderNo] => 
    [SuicaReceiptNo] => 
    [SuicaOrderNo] => 
    [CustID] => 
    [BkCode] => 
    [ConfNo] => 
    [PaymentTerm] => 
    [EncryptReceiptNo] => 
    [FinishDate] => 
    [ReceiptDate] => 
    [WebMoneyManagementNo] => 
    [WebMoneySettleCode] => 
    [AuPayInfoNo] => 
    [AuPayMethod] => 
    [AuCancelAmount] => 
    [AuCancelTax] => 
    [DocomoSettlementCode] => 
    [DocomoCancelAmount] => 
    [DocomoCancelTax] => 
    [pay_status] => 13
)
 from 210.175.7.20
2022/09/23 16:10:19 [/shop/user_data/pg_mulpay_recv.php] response:true from 210.175.7.20
2022/09/23 16:40:53 [/shop/shopping/load_payment_module.php] SendRequest:https://p01.mul-pay.jp/payment/EntryTran.idPass from 126.35.41.83
2022/09/23 16:40:53 [/shop/shopping/load_payment_module.php] Array
(
    [ShopID] => 9000034600950
    [ShopPass] => ******
    [OrderID] => 947410-23164053
    [JobCd] => CAPTURE
    [Amount] => 6400
    [TdFlag] => 0
    [TdTenantName] => 
)
 from 126.35.41.83
2022/09/23 16:40:53 [/shop/shopping/load_payment_module.php] AccessID=515c595d377a3ac2caa535e16c3f4e02&AccessPass=f55a46944bc765bbbbb3803a810403e2 from 126.35.41.83
2022/09/23 16:40:53 [/shop/shopping/load_payment_module.php] Array
(
    [0] => Array
        (
            [AccessID] => 515c595d377a3ac2caa535e16c3f4e02
            [AccessPass] => f55a46944bc765bbbbb3803a810403e2
        )

)
 from 126.35.41.83
2022/09/23 16:40:53 [/shop/shopping/load_payment_module.php] load_payment_module.php set payment data:Array
(
    [AccessID] => 515c595d377a3ac2caa535e16c3f4e02
    [AccessPass] => f55a46944bc765bbbbb3803a810403e2
    [OrderID] => 947410-23164053
    [Amount] => 6400
    [JobCd] => CAPTURE
    [action_status] => 1
    [pay_status] => 0
)
 from 126.35.41.83
2022/09/23 16:40:53 [/shop/shopping/load_payment_module.php] SendRequest:https://p01.mul-pay.jp/payment/ExecTran.idPass from 126.35.41.83
2022/09/23 16:40:53 [/shop/shopping/load_payment_module.php] Array
(
    [AccessID] => 515c595d377a3ac2caa535e16c3f4e02
    [AccessPass] => f55a46944bc765bbbbb3803a810403e2
    [OrderID] => 947410-23164053
    [Method] => 1
    [Token] => 1bf47aa478a9f833072e3886abbfd93014cb1ef0388d17cebbca517e0783eee5
    [ClientField1] => 
    [ClientField2] => 
    [ClientField3] => EC-CUBE4.3.35
)
 from 126.35.41.83
2022/09/23 16:40:54 [/shop/shopping/load_payment_module.php] ACS=0&OrderID=947410-23164053&Forward=2a99661&Method=1&PayTimes=&Approve=0257122&TranID=2209231640602257210134170365&TranDate=20220923164054&CheckString=3d1f1fd07d1419b235abbeba5213e0d8 from 126.35.41.83
2022/09/23 16:40:54 [/shop/shopping/load_payment_module.php] Array
(
    [0] => Array
        (
            [ACS] => 0
            [OrderID] => 947410-23164053
            [Forward] => 2a99661
            [Method] => 1
            [PayTimes] => 
            [Approve] => 0257122
            [TranID] => 2209231640602257210134170365
            [TranDate] => 20220923164054
            [CheckString] => 3d1f1fd07d1419b235abbeba5213e0d8
        )

)
 from 126.35.41.83
2022/09/23 16:40:54 [/shop/shopping/load_payment_module.php] load_payment_module.php set payment data:Array
(
    [ACS] => 0
    [Forward] => 2a99661
    [Method] => 1
    [PayTimes] => 
    [Approve] => 0257122
    [TranID] => 2209231640602257210134170365
    [TranDate] => 20220923164054
    [CheckString] => 3d1f1fd07d1419b235abbeba5213e0d8
    [Amount] => 6400
    [JobCd] => CAPTURE
    [action_status] => 3
    [pay_status] => 13
)
 from 126.35.41.83
2022/09/23 16:40:54 [/shop/user_data/pg_mulpay_recv.php] ******* receiveer data start ******* from 210.175.7.20
2022/09/23 16:40:54 [/shop/user_data/pg_mulpay_recv.php] Array
(
    [ShopID] => 9000034600950
    [ShopPass] => **********
    [AccessID] => 515c595d377a3ac2caa535e16c3f4e02
    [AccessPass] => ********************************
    [OrderID] => 947410-23164053
    [Status] => CAPTURE
    [JobCd] => CAPTURE
    [Amount] => 6400
    [Tax] => 0
    [Currency] => JPN
    [Forward] => 2a99661
    [Method] => 1
    [PayTimes] => 
    [TranID] => 2209231640602257210134170365
    [Approve] => 0257122
    [TranDate] => 20220923164054
    [ErrCode] => 
    [ErrInfo] => 
    [PayType] => 0
)
 from 210.175.7.20
2022/09/23 16:40:54 [/shop/user_data/pg_mulpay_recv.php] ******* receiveer data end ******* from 210.175.7.20
2022/09/23 16:40:59 [/shop/user_data/pg_mulpay_recv.php] update order status:1 order_id=947410 from 210.175.7.20
2022/09/23 16:40:59 [/shop/user_data/pg_mulpay_recv.php] pg_mulpay_recv.php set payment data:Array
(
    [ShopID] => 9000034600950
    [AccessID] => 515c595d377a3ac2caa535e16c3f4e02
    [OrderID] => 947410-23164053
    [Status] => CAPTURE
    [JobCd] => CAPTURE
    [Amount] => 6400
    [Tax] => 0
    [Currency] => JPN
    [Forward] => 2a99661
    [Method] => 1
    [PayTimes] => 
    [TranID] => 2209231640602257210134170365
    [Approve] => 0257122
    [TranDate] => 20220923164054
    [ErrCode] => 
    [ErrInfo] => 
    [PayType] => 0
    [CvsCode] => 
    [CvsConfNo] => 
    [CvsReceiptNo] => 
    [EdyReceiptNo] => 
    [EdyOrderNo] => 
    [SuicaReceiptNo] => 
    [SuicaOrderNo] => 
    [CustID] => 
    [BkCode] => 
    [ConfNo] => 
    [PaymentTerm] => 
    [EncryptReceiptNo] => 
    [FinishDate] => 
    [ReceiptDate] => 
    [WebMoneyManagementNo] => 
    [WebMoneySettleCode] => 
    [AuPayInfoNo] => 
    [AuPayMethod] => 
    [AuCancelAmount] => 
    [AuCancelTax] => 
    [DocomoSettlementCode] => 
    [DocomoCancelAmount] => 
    [DocomoCancelTax] => 
    [pay_status] => 13
)
 from 210.175.7.20
2022/09/23 16:40:59 [/shop/user_data/pg_mulpay_recv.php] response:true from 210.175.7.20
2022/09/23 19:28:11 [/shop/shopping/load_payment_module.php] SendRequest:https://p01.mul-pay.jp/payment/SearchMember.idPass from 172.226.56.52
2022/09/23 19:28:11 [/shop/shopping/load_payment_module.php] Array
(
    [SiteID] => mst0000007602
    [SitePass] => ******
    [MemberID] => 10783
)
 from 172.226.56.52
2022/09/23 19:28:11 [/shop/shopping/load_payment_module.php] ErrCode=E01&ErrInfo=E01390002 from 172.226.56.52
2022/09/23 19:28:11 [/shop/shopping/load_payment_module.php] Array
(
    [0] => Array
        (
            [ErrCode] => E01
            [ErrInfo] => E01390002
        )

)
 from 172.226.56.52
2022/09/23 19:28:11 [/shop/shopping/load_payment_module.php] SendRequest:https://p01.mul-pay.jp/payment/SearchCard.idPass from 172.226.56.52
2022/09/23 19:28:11 [/shop/shopping/load_payment_module.php] Array
(
    [SiteID] => mst0000007602
    [SitePass] => ******
    [MemberID] => 10783
)
 from 172.226.56.52
2022/09/23 19:28:11 [/shop/shopping/load_payment_module.php] ErrCode=E01|E01&ErrInfo=E01390002|E01240002 from 172.226.56.52
2022/09/23 19:28:11 [/shop/shopping/load_payment_module.php] Array
(
    [0] => Array
        (
            [ErrCode] => E01
            [ErrInfo] => E01390002
        )

    [1] => Array
        (
            [ErrCode] => E01
            [ErrInfo] => E01240002
        )

)
 from 172.226.56.52
2022/09/23 19:28:57 [/shop/shopping/load_payment_module.php] SendRequest:https://p01.mul-pay.jp/payment/SearchMember.idPass from 172.225.48.3
2022/09/23 19:28:57 [/shop/shopping/load_payment_module.php] Array
(
    [SiteID] => mst0000007602
    [SitePass] => ******
    [MemberID] => 10783
)
 from 172.225.48.3
2022/09/23 19:28:57 [/shop/shopping/load_payment_module.php] ErrCode=E01&ErrInfo=E01390002 from 172.225.48.3
2022/09/23 19:28:57 [/shop/shopping/load_payment_module.php] Array
(
    [0] => Array
        (
            [ErrCode] => E01
            [ErrInfo] => E01390002
        )

)
 from 172.225.48.3
2022/09/23 19:28:57 [/shop/shopping/load_payment_module.php] SendRequest:https://p01.mul-pay.jp/payment/SearchCard.idPass from 172.225.48.3
2022/09/23 19:28:57 [/shop/shopping/load_payment_module.php] Array
(
    [SiteID] => mst0000007602
    [SitePass] => ******
    [MemberID] => 10783
)
 from 172.225.48.3
2022/09/23 19:28:57 [/shop/shopping/load_payment_module.php] ErrCode=E01|E01&ErrInfo=E01390002|E01240002 from 172.225.48.3
2022/09/23 19:28:57 [/shop/shopping/load_payment_module.php] Array
(
    [0] => Array
        (
            [ErrCode] => E01
            [ErrInfo] => E01390002
        )

    [1] => Array
        (
            [ErrCode] => E01
            [ErrInfo] => E01240002
        )

)
 from 172.225.48.3
2022/09/23 19:30:35 [/shop/shopping/load_payment_module.php] SendRequest:https://p01.mul-pay.jp/payment/SearchMember.idPass from 172.225.48.3
2022/09/23 19:30:35 [/shop/shopping/load_payment_module.php] Array
(
    [SiteID] => mst0000007602
    [SitePass] => ******
    [MemberID] => 10783
)
 from 172.225.48.3
2022/09/23 19:30:35 [/shop/shopping/load_payment_module.php] ErrCode=E01&ErrInfo=E01390002 from 172.225.48.3
2022/09/23 19:30:35 [/shop/shopping/load_payment_module.php] Array
(
    [0] => Array
        (
            [ErrCode] => E01
            [ErrInfo] => E01390002
        )

)
 from 172.225.48.3
2022/09/23 19:30:35 [/shop/shopping/load_payment_module.php] SendRequest:https://p01.mul-pay.jp/payment/SearchCard.idPass from 172.225.48.3
2022/09/23 19:30:35 [/shop/shopping/load_payment_module.php] Array
(
    [SiteID] => mst0000007602
    [SitePass] => ******
    [MemberID] => 10783
)
 from 172.225.48.3
2022/09/23 19:30:36 [/shop/shopping/load_payment_module.php] ErrCode=E01|E01&ErrInfo=E01390002|E01240002 from 172.225.48.3
2022/09/23 19:30:36 [/shop/shopping/load_payment_module.php] Array
(
    [0] => Array
        (
            [ErrCode] => E01
            [ErrInfo] => E01390002
        )

    [1] => Array
        (
            [ErrCode] => E01
            [ErrInfo] => E01240002
        )

)
 from 172.225.48.3
2022/09/23 19:30:36 [/shop/shopping/load_payment_module.php] SendRequest:https://p01.mul-pay.jp/payment/EntryTran.idPass from 172.225.48.3
2022/09/23 19:30:36 [/shop/shopping/load_payment_module.php] Array
(
    [ShopID] => 9000034600950
    [ShopPass] => ******
    [OrderID] => 947411-23193036
    [JobCd] => CAPTURE
    [Amount] => 11500
    [TdFlag] => 0
    [TdTenantName] => 
)
 from 172.225.48.3
2022/09/23 19:30:36 [/shop/shopping/load_payment_module.php] AccessID=e26f5c9536568049ce5a71bc651dc0be&AccessPass=b7c6dc8782bea5bdd73fa56ffa7fb811 from 172.225.48.3
2022/09/23 19:30:36 [/shop/shopping/load_payment_module.php] Array
(
    [0] => Array
        (
            [AccessID] => e26f5c9536568049ce5a71bc651dc0be
            [AccessPass] => b7c6dc8782bea5bdd73fa56ffa7fb811
        )

)
 from 172.225.48.3
2022/09/23 19:30:36 [/shop/shopping/load_payment_module.php] load_payment_module.php set payment data:Array
(
    [AccessID] => e26f5c9536568049ce5a71bc651dc0be
    [AccessPass] => b7c6dc8782bea5bdd73fa56ffa7fb811
    [OrderID] => 947411-23193036
    [Amount] => 11500
    [JobCd] => CAPTURE
    [action_status] => 1
    [pay_status] => 0
)
 from 172.225.48.3
2022/09/23 19:30:36 [/shop/shopping/load_payment_module.php] SendRequest:https://p01.mul-pay.jp/payment/ExecTran.idPass from 172.225.48.3
2022/09/23 19:30:36 [/shop/shopping/load_payment_module.php] Array
(
    [AccessID] => e26f5c9536568049ce5a71bc651dc0be
    [AccessPass] => b7c6dc8782bea5bdd73fa56ffa7fb811
    [OrderID] => 947411-23193036
    [Method] => 1
    [Token] => 324337878224ba897daf858c9d8ae361de4da349061b5917d2e1ad9dc4034de0
    [ClientField1] => 
    [ClientField2] => 
    [ClientField3] => EC-CUBE4.3.35
)
 from 172.225.48.3
2022/09/23 19:30:37 [/shop/shopping/load_payment_module.php] ACS=0&OrderID=947411-23193036&Forward=2S49631&Method=1&PayTimes=&Approve=0062099&TranID=2209231930602257210134180362&TranDate=20220923193037&CheckString=d9507853dc684b5b84d6eb896ccddb4d from 172.225.48.3
2022/09/23 19:30:37 [/shop/shopping/load_payment_module.php] Array
(
    [0] => Array
        (
            [ACS] => 0
            [OrderID] => 947411-23193036
            [Forward] => 2S49631
            [Method] => 1
            [PayTimes] => 
            [Approve] => 0062099
            [TranID] => 2209231930602257210134180362
            [TranDate] => 20220923193037
            [CheckString] => d9507853dc684b5b84d6eb896ccddb4d
        )

)
 from 172.225.48.3
2022/09/23 19:30:37 [/shop/shopping/load_payment_module.php] load_payment_module.php set payment data:Array
(
    [ACS] => 0
    [Forward] => 2S49631
    [Method] => 1
    [PayTimes] => 
    [Approve] => 0062099
    [TranID] => 2209231930602257210134180362
    [TranDate] => 20220923193037
    [CheckString] => d9507853dc684b5b84d6eb896ccddb4d
    [Amount] => 11500
    [JobCd] => CAPTURE
    [action_status] => 3
    [pay_status] => 13
)
 from 172.225.48.3
2022/09/23 19:30:37 [/shop/user_data/pg_mulpay_recv.php] ******* receiveer data start ******* from 210.175.7.20
2022/09/23 19:30:37 [/shop/user_data/pg_mulpay_recv.php] Array
(
    [ShopID] => 9000034600950
    [ShopPass] => **********
    [AccessID] => e26f5c9536568049ce5a71bc651dc0be
    [AccessPass] => ********************************
    [OrderID] => 947411-23193036
    [Status] => CAPTURE
    [JobCd] => CAPTURE
    [Amount] => 11500
    [Tax] => 0
    [Currency] => JPN
    [Forward] => 2S49631
    [Method] => 1
    [PayTimes] => 
    [TranID] => 2209231930602257210134180362
    [Approve] => 0062099
    [TranDate] => 20220923193037
    [ErrCode] => 
    [ErrInfo] => 
    [PayType] => 0
)
 from 210.175.7.20
2022/09/23 19:30:37 [/shop/user_data/pg_mulpay_recv.php] ******* receiveer data end ******* from 210.175.7.20
2022/09/23 19:30:42 [/shop/user_data/pg_mulpay_recv.php] update order status:1 order_id=947411 from 210.175.7.20
2022/09/23 19:30:42 [/shop/user_data/pg_mulpay_recv.php] pg_mulpay_recv.php set payment data:Array
(
    [ShopID] => 9000034600950
    [AccessID] => e26f5c9536568049ce5a71bc651dc0be
    [OrderID] => 947411-23193036
    [Status] => CAPTURE
    [JobCd] => CAPTURE
    [Amount] => 11500
    [Tax] => 0
    [Currency] => JPN
    [Forward] => 2S49631
    [Method] => 1
    [PayTimes] => 
    [TranID] => 2209231930602257210134180362
    [Approve] => 0062099
    [TranDate] => 20220923193037
    [ErrCode] => 
    [ErrInfo] => 
    [PayType] => 0
    [CvsCode] => 
    [CvsConfNo] => 
    [CvsReceiptNo] => 
    [EdyReceiptNo] => 
    [EdyOrderNo] => 
    [SuicaReceiptNo] => 
    [SuicaOrderNo] => 
    [CustID] => 
    [BkCode] => 
    [ConfNo] => 
    [PaymentTerm] => 
    [EncryptReceiptNo] => 
    [FinishDate] => 
    [ReceiptDate] => 
    [WebMoneyManagementNo] => 
    [WebMoneySettleCode] => 
    [AuPayInfoNo] => 
    [AuPayMethod] => 
    [AuCancelAmount] => 
    [AuCancelTax] => 
    [DocomoSettlementCode] => 
    [DocomoCancelAmount] => 
    [DocomoCancelTax] => 
    [pay_status] => 13
)
 from 210.175.7.20
2022/09/23 19:30:42 [/shop/user_data/pg_mulpay_recv.php] response:true from 210.175.7.20
