2020/10/03 13:01:27 [/shop/shopping/load_payment_module.php] SendRequest:https://p01.mul-pay.jp/payment/SearchMember.idPass from 124.110.200.26
2020/10/03 13:01:27 [/shop/shopping/load_payment_module.php] Array
(
    [SiteID] => mst0000007602
    [SitePass] => ******
    [MemberID] => 10395
)
 from 124.110.200.26
2020/10/03 13:01:27 [/shop/shopping/load_payment_module.php] ErrCode=E01&ErrInfo=E01390002 from 124.110.200.26
2020/10/03 13:01:27 [/shop/shopping/load_payment_module.php] Array
(
    [0] => Array
        (
            [ErrCode] => E01
            [ErrInfo] => E01390002
        )

)
 from 124.110.200.26
2020/10/03 13:01:27 [/shop/shopping/load_payment_module.php] SendRequest:https://p01.mul-pay.jp/payment/SearchCard.idPass from 124.110.200.26
2020/10/03 13:01:27 [/shop/shopping/load_payment_module.php] Array
(
    [SiteID] => mst0000007602
    [SitePass] => ******
    [MemberID] => 10395
)
 from 124.110.200.26
2020/10/03 13:01:28 [/shop/shopping/load_payment_module.php] ErrCode=E01|E01&ErrInfo=E01390002|E01240002 from 124.110.200.26
2020/10/03 13:01:28 [/shop/shopping/load_payment_module.php] Array
(
    [0] => Array
        (
            [ErrCode] => E01
            [ErrInfo] => E01390002
        )

    [1] => Array
        (
            [ErrCode] => E01
            [ErrInfo] => E01240002
        )

)
 from 124.110.200.26
2020/10/03 13:02:06 [/shop/shopping/load_payment_module.php] SendRequest:https://p01.mul-pay.jp/payment/SearchMember.idPass from 124.110.200.26
2020/10/03 13:02:06 [/shop/shopping/load_payment_module.php] Array
(
    [SiteID] => mst0000007602
    [SitePass] => ******
    [MemberID] => 10395
)
 from 124.110.200.26
2020/10/03 13:02:06 [/shop/shopping/load_payment_module.php] ErrCode=E01&ErrInfo=E01390002 from 124.110.200.26
2020/10/03 13:02:06 [/shop/shopping/load_payment_module.php] Array
(
    [0] => Array
        (
            [ErrCode] => E01
            [ErrInfo] => E01390002
        )

)
 from 124.110.200.26
2020/10/03 13:02:06 [/shop/shopping/load_payment_module.php] SendRequest:https://p01.mul-pay.jp/payment/SearchCard.idPass from 124.110.200.26
2020/10/03 13:02:06 [/shop/shopping/load_payment_module.php] Array
(
    [SiteID] => mst0000007602
    [SitePass] => ******
    [MemberID] => 10395
)
 from 124.110.200.26
2020/10/03 13:02:06 [/shop/shopping/load_payment_module.php] ErrCode=E01|E01&ErrInfo=E01390002|E01240002 from 124.110.200.26
2020/10/03 13:02:06 [/shop/shopping/load_payment_module.php] Array
(
    [0] => Array
        (
            [ErrCode] => E01
            [ErrInfo] => E01390002
        )

    [1] => Array
        (
            [ErrCode] => E01
            [ErrInfo] => E01240002
        )

)
 from 124.110.200.26
2020/10/03 13:02:06 [/shop/shopping/load_payment_module.php] SendRequest:https://p01.mul-pay.jp/payment/EntryTran.idPass from 124.110.200.26
2020/10/03 13:02:06 [/shop/shopping/load_payment_module.php] Array
(
    [ShopID] => 9000034600950
    [ShopPass] => ******
    [OrderID] => 944668-03130206
    [JobCd] => CAPTURE
    [Amount] => 4550
    [TdFlag] => 0
    [TdTenantName] => 
)
 from 124.110.200.26
2020/10/03 13:02:07 [/shop/shopping/load_payment_module.php] AccessID=43b5cdf38b288bdd0dc6091afd133597&AccessPass=c96312b8bb5c4bf4ea31ad9986167d8b from 124.110.200.26
2020/10/03 13:02:07 [/shop/shopping/load_payment_module.php] Array
(
    [0] => Array
        (
            [AccessID] => 43b5cdf38b288bdd0dc6091afd133597
            [AccessPass] => c96312b8bb5c4bf4ea31ad9986167d8b
        )

)
 from 124.110.200.26
2020/10/03 13:02:07 [/shop/shopping/load_payment_module.php] load_payment_module.php set payment data:Array
(
    [AccessID] => 43b5cdf38b288bdd0dc6091afd133597
    [AccessPass] => c96312b8bb5c4bf4ea31ad9986167d8b
    [OrderID] => 944668-03130206
    [Amount] => 4550
    [JobCd] => CAPTURE
    [action_status] => 1
    [pay_status] => 0
)
 from 124.110.200.26
2020/10/03 13:02:07 [/shop/shopping/load_payment_module.php] SendRequest:https://p01.mul-pay.jp/payment/ExecTran.idPass from 124.110.200.26
2020/10/03 13:02:07 [/shop/shopping/load_payment_module.php] Array
(
    [AccessID] => 43b5cdf38b288bdd0dc6091afd133597
    [AccessPass] => c96312b8bb5c4bf4ea31ad9986167d8b
    [OrderID] => 944668-03130206
    [Method] => 1
    [Token] => 9e0cf7e59fdce672bfe41a32c754fe159088b6a97b120e988af324d652a3edff
    [ClientField1] => 
    [ClientField2] => 
    [ClientField3] => EC-CUBE4.3.24
)
 from 124.110.200.26
2020/10/03 13:02:07 [/shop/shopping/load_payment_module.php] ACS=0&OrderID=944668-03130206&Forward=2a99661&Method=1&PayTimes=&Approve=0685051&TranID=2010031302602257210134113565&TranDate=20201003130207&CheckString=ea9c798de94d04ab81254ec32aa6f6a7 from 124.110.200.26
2020/10/03 13:02:07 [/shop/shopping/load_payment_module.php] Array
(
    [0] => Array
        (
            [ACS] => 0
            [OrderID] => 944668-03130206
            [Forward] => 2a99661
            [Method] => 1
            [PayTimes] => 
            [Approve] => 0685051
            [TranID] => 2010031302602257210134113565
            [TranDate] => 20201003130207
            [CheckString] => ea9c798de94d04ab81254ec32aa6f6a7
        )

)
 from 124.110.200.26
2020/10/03 13:02:07 [/shop/shopping/load_payment_module.php] load_payment_module.php set payment data:Array
(
    [ACS] => 0
    [Forward] => 2a99661
    [Method] => 1
    [PayTimes] => 
    [Approve] => 0685051
    [TranID] => 2010031302602257210134113565
    [TranDate] => 20201003130207
    [CheckString] => ea9c798de94d04ab81254ec32aa6f6a7
    [Amount] => 4550
    [JobCd] => CAPTURE
    [action_status] => 3
    [pay_status] => 13
)
 from 124.110.200.26
2020/10/03 13:02:08 [/shop/user_data/pg_mulpay_recv.php] ******* receiveer data start ******* from 210.175.7.20
2020/10/03 13:02:08 [/shop/user_data/pg_mulpay_recv.php] Array
(
    [ShopID] => 9000034600950
    [ShopPass] => **********
    [AccessID] => 43b5cdf38b288bdd0dc6091afd133597
    [AccessPass] => ********************************
    [OrderID] => 944668-03130206
    [Status] => CAPTURE
    [JobCd] => CAPTURE
    [Amount] => 4550
    [Tax] => 0
    [Currency] => JPN
    [Forward] => 2a99661
    [Method] => 1
    [PayTimes] => 
    [TranID] => 2010031302602257210134113565
    [Approve] => 0685051
    [TranDate] => 20201003130207
    [ErrCode] => 
    [ErrInfo] => 
    [PayType] => 0
)
 from 210.175.7.20
2020/10/03 13:02:08 [/shop/user_data/pg_mulpay_recv.php] ******* receiveer data end ******* from 210.175.7.20
2020/10/03 13:02:13 [/shop/user_data/pg_mulpay_recv.php] update order status:1 order_id=944668 from 210.175.7.20
2020/10/03 13:02:13 [/shop/user_data/pg_mulpay_recv.php] pg_mulpay_recv.php set payment data:Array
(
    [ShopID] => 9000034600950
    [AccessID] => 43b5cdf38b288bdd0dc6091afd133597
    [OrderID] => 944668-03130206
    [Status] => CAPTURE
    [JobCd] => CAPTURE
    [Amount] => 4550
    [Tax] => 0
    [Currency] => JPN
    [Forward] => 2a99661
    [Method] => 1
    [PayTimes] => 
    [TranID] => 2010031302602257210134113565
    [Approve] => 0685051
    [TranDate] => 20201003130207
    [ErrCode] => 
    [ErrInfo] => 
    [PayType] => 0
    [CvsCode] => 
    [CvsConfNo] => 
    [CvsReceiptNo] => 
    [EdyReceiptNo] => 
    [EdyOrderNo] => 
    [SuicaReceiptNo] => 
    [SuicaOrderNo] => 
    [CustID] => 
    [BkCode] => 
    [ConfNo] => 
    [PaymentTerm] => 
    [EncryptReceiptNo] => 
    [FinishDate] => 
    [ReceiptDate] => 
    [WebMoneyManagementNo] => 
    [WebMoneySettleCode] => 
    [AuPayInfoNo] => 
    [AuPayMethod] => 
    [AuCancelAmount] => 
    [AuCancelTax] => 
    [DocomoSettlementCode] => 
    [DocomoCancelAmount] => 
    [DocomoCancelTax] => 
    [pay_status] => 13
)
 from 210.175.7.20
2020/10/03 13:02:13 [/shop/user_data/pg_mulpay_recv.php] response:true from 210.175.7.20
2020/10/03 19:43:41 [/shop/shopping/load_payment_module.php] SendRequest:https://p01.mul-pay.jp/payment/SearchMember.idPass from 157.65.83.92
2020/10/03 19:43:41 [/shop/shopping/load_payment_module.php] Array
(
    [SiteID] => mst0000007602
    [SitePass] => ******
    [MemberID] => 10425
)
 from 157.65.83.92
2020/10/03 19:43:41 [/shop/shopping/load_payment_module.php] ErrCode=E01&ErrInfo=E01390002 from 157.65.83.92
2020/10/03 19:43:41 [/shop/shopping/load_payment_module.php] Array
(
    [0] => Array
        (
            [ErrCode] => E01
            [ErrInfo] => E01390002
        )

)
 from 157.65.83.92
2020/10/03 19:43:41 [/shop/shopping/load_payment_module.php] SendRequest:https://p01.mul-pay.jp/payment/SearchCard.idPass from 157.65.83.92
2020/10/03 19:43:41 [/shop/shopping/load_payment_module.php] Array
(
    [SiteID] => mst0000007602
    [SitePass] => ******
    [MemberID] => 10425
)
 from 157.65.83.92
2020/10/03 19:43:41 [/shop/shopping/load_payment_module.php] ErrCode=E01|E01&ErrInfo=E01390002|E01240002 from 157.65.83.92
2020/10/03 19:43:41 [/shop/shopping/load_payment_module.php] Array
(
    [0] => Array
        (
            [ErrCode] => E01
            [ErrInfo] => E01390002
        )

    [1] => Array
        (
            [ErrCode] => E01
            [ErrInfo] => E01240002
        )

)
 from 157.65.83.92
2020/10/03 19:44:53 [/shop/shopping/load_payment_module.php] SendRequest:https://p01.mul-pay.jp/payment/SearchMember.idPass from 157.65.83.92
2020/10/03 19:44:53 [/shop/shopping/load_payment_module.php] Array
(
    [SiteID] => mst0000007602
    [SitePass] => ******
    [MemberID] => 10425
)
 from 157.65.83.92
2020/10/03 19:44:53 [/shop/shopping/load_payment_module.php] ErrCode=E01&ErrInfo=E01390002 from 157.65.83.92
2020/10/03 19:44:53 [/shop/shopping/load_payment_module.php] Array
(
    [0] => Array
        (
            [ErrCode] => E01
            [ErrInfo] => E01390002
        )

)
 from 157.65.83.92
2020/10/03 19:44:53 [/shop/shopping/load_payment_module.php] SendRequest:https://p01.mul-pay.jp/payment/SearchCard.idPass from 157.65.83.92
2020/10/03 19:44:53 [/shop/shopping/load_payment_module.php] Array
(
    [SiteID] => mst0000007602
    [SitePass] => ******
    [MemberID] => 10425
)
 from 157.65.83.92
2020/10/03 19:44:53 [/shop/shopping/load_payment_module.php] ErrCode=E01|E01&ErrInfo=E01390002|E01240002 from 157.65.83.92
2020/10/03 19:44:53 [/shop/shopping/load_payment_module.php] Array
(
    [0] => Array
        (
            [ErrCode] => E01
            [ErrInfo] => E01390002
        )

    [1] => Array
        (
            [ErrCode] => E01
            [ErrInfo] => E01240002
        )

)
 from 157.65.83.92
2020/10/03 19:44:53 [/shop/shopping/load_payment_module.php] SendRequest:https://p01.mul-pay.jp/payment/EntryTran.idPass from 157.65.83.92
2020/10/03 19:44:53 [/shop/shopping/load_payment_module.php] Array
(
    [ShopID] => 9000034600950
    [ShopPass] => ******
    [OrderID] => 944669-03194453
    [JobCd] => CAPTURE
    [Amount] => 7500
    [TdFlag] => 0
    [TdTenantName] => 
)
 from 157.65.83.92
2020/10/03 19:44:54 [/shop/shopping/load_payment_module.php] AccessID=be243c983b509f6e8089d1040f143c78&AccessPass=42723edcc35c01e6507ee7804fb42bcc from 157.65.83.92
2020/10/03 19:44:54 [/shop/shopping/load_payment_module.php] Array
(
    [0] => Array
        (
            [AccessID] => be243c983b509f6e8089d1040f143c78
            [AccessPass] => 42723edcc35c01e6507ee7804fb42bcc
        )

)
 from 157.65.83.92
2020/10/03 19:44:54 [/shop/shopping/load_payment_module.php] load_payment_module.php set payment data:Array
(
    [AccessID] => be243c983b509f6e8089d1040f143c78
    [AccessPass] => 42723edcc35c01e6507ee7804fb42bcc
    [OrderID] => 944669-03194453
    [Amount] => 7500
    [JobCd] => CAPTURE
    [action_status] => 1
    [pay_status] => 0
)
 from 157.65.83.92
2020/10/03 19:44:54 [/shop/shopping/load_payment_module.php] SendRequest:https://p01.mul-pay.jp/payment/ExecTran.idPass from 157.65.83.92
2020/10/03 19:44:54 [/shop/shopping/load_payment_module.php] Array
(
    [AccessID] => be243c983b509f6e8089d1040f143c78
    [AccessPass] => 42723edcc35c01e6507ee7804fb42bcc
    [OrderID] => 944669-03194453
    [Method] => 1
    [Token] => 6fbb1200d79a66b90f813cc690ce847ca50ab1fa3c03190966de7f63ea04851a
    [ClientField1] => 
    [ClientField2] => 
    [ClientField3] => EC-CUBE4.3.24
)
 from 157.65.83.92
2020/10/03 19:44:55 [/shop/shopping/load_payment_module.php] ACS=0&OrderID=944669-03194453&Forward=2959876&Method=1&PayTimes=&Approve=4713566&TranID=2010031944602257210134113566&TranDate=20201003194455&CheckString=efe5e05db87d4a60c687e08b1e5820da from 157.65.83.92
2020/10/03 19:44:55 [/shop/shopping/load_payment_module.php] Array
(
    [0] => Array
        (
            [ACS] => 0
            [OrderID] => 944669-03194453
            [Forward] => 2959876
            [Method] => 1
            [PayTimes] => 
            [Approve] => 4713566
            [TranID] => 2010031944602257210134113566
            [TranDate] => 20201003194455
            [CheckString] => efe5e05db87d4a60c687e08b1e5820da
        )

)
 from 157.65.83.92
2020/10/03 19:44:55 [/shop/shopping/load_payment_module.php] load_payment_module.php set payment data:Array
(
    [ACS] => 0
    [Forward] => 2959876
    [Method] => 1
    [PayTimes] => 
    [Approve] => 4713566
    [TranID] => 2010031944602257210134113566
    [TranDate] => 20201003194455
    [CheckString] => efe5e05db87d4a60c687e08b1e5820da
    [Amount] => 7500
    [JobCd] => CAPTURE
    [action_status] => 3
    [pay_status] => 13
)
 from 157.65.83.92
2020/10/03 19:44:55 [/shop/user_data/pg_mulpay_recv.php] ******* receiveer data start ******* from 210.175.7.20
2020/10/03 19:44:55 [/shop/user_data/pg_mulpay_recv.php] Array
(
    [ShopID] => 9000034600950
    [ShopPass] => **********
    [AccessID] => be243c983b509f6e8089d1040f143c78
    [AccessPass] => ********************************
    [OrderID] => 944669-03194453
    [Status] => CAPTURE
    [JobCd] => CAPTURE
    [Amount] => 7500
    [Tax] => 0
    [Currency] => JPN
    [Forward] => 2959876
    [Method] => 1
    [PayTimes] => 
    [TranID] => 2010031944602257210134113566
    [Approve] => 4713566
    [TranDate] => 20201003194455
    [ErrCode] => 
    [ErrInfo] => 
    [PayType] => 0
)
 from 210.175.7.20
2020/10/03 19:44:55 [/shop/user_data/pg_mulpay_recv.php] ******* receiveer data end ******* from 210.175.7.20
2020/10/03 19:45:00 [/shop/user_data/pg_mulpay_recv.php] update order status:1 order_id=944669 from 210.175.7.20
2020/10/03 19:45:00 [/shop/user_data/pg_mulpay_recv.php] pg_mulpay_recv.php set payment data:Array
(
    [ShopID] => 9000034600950
    [AccessID] => be243c983b509f6e8089d1040f143c78
    [OrderID] => 944669-03194453
    [Status] => CAPTURE
    [JobCd] => CAPTURE
    [Amount] => 7500
    [Tax] => 0
    [Currency] => JPN
    [Forward] => 2959876
    [Method] => 1
    [PayTimes] => 
    [TranID] => 2010031944602257210134113566
    [Approve] => 4713566
    [TranDate] => 20201003194455
    [ErrCode] => 
    [ErrInfo] => 
    [PayType] => 0
    [CvsCode] => 
    [CvsConfNo] => 
    [CvsReceiptNo] => 
    [EdyReceiptNo] => 
    [EdyOrderNo] => 
    [SuicaReceiptNo] => 
    [SuicaOrderNo] => 
    [CustID] => 
    [BkCode] => 
    [ConfNo] => 
    [PaymentTerm] => 
    [EncryptReceiptNo] => 
    [FinishDate] => 
    [ReceiptDate] => 
    [WebMoneyManagementNo] => 
    [WebMoneySettleCode] => 
    [AuPayInfoNo] => 
    [AuPayMethod] => 
    [AuCancelAmount] => 
    [AuCancelTax] => 
    [DocomoSettlementCode] => 
    [DocomoCancelAmount] => 
    [DocomoCancelTax] => 
    [pay_status] => 13
)
 from 210.175.7.20
2020/10/03 19:45:01 [/shop/user_data/pg_mulpay_recv.php] response:true from 210.175.7.20
