2024/02/23 01:00:26 [/shop/shopping/load_payment_module.php] SendRequest:https://p01.mul-pay.jp/payment/SearchMember.idPass from 165.225.243.16
2024/02/23 01:00:26 [/shop/shopping/load_payment_module.php] Array
(
    [SiteID] => mst0000007602
    [SitePass] => ******
    [MemberID] => 7908
)
 from 165.225.243.16
2024/02/23 01:00:26 [/shop/shopping/load_payment_module.php] ErrCode=E01&ErrInfo=E01390002 from 165.225.243.16
2024/02/23 01:00:26 [/shop/shopping/load_payment_module.php] Array
(
    [0] => Array
        (
            [ErrCode] => E01
            [ErrInfo] => E01390002
        )

)
 from 165.225.243.16
2024/02/23 01:00:26 [/shop/shopping/load_payment_module.php] SendRequest:https://p01.mul-pay.jp/payment/SearchCard.idPass from 165.225.243.16
2024/02/23 01:00:26 [/shop/shopping/load_payment_module.php] Array
(
    [SiteID] => mst0000007602
    [SitePass] => ******
    [MemberID] => 7908
)
 from 165.225.243.16
2024/02/23 01:00:26 [/shop/shopping/load_payment_module.php] ErrCode=E01|E01&ErrInfo=E01390002|E01240002 from 165.225.243.16
2024/02/23 01:00:26 [/shop/shopping/load_payment_module.php] Array
(
    [0] => Array
        (
            [ErrCode] => E01
            [ErrInfo] => E01390002
        )

    [1] => Array
        (
            [ErrCode] => E01
            [ErrInfo] => E01240002
        )

)
 from 165.225.243.16
2024/02/23 01:09:27 [/shop/shopping/load_payment_module.php] SendRequest:https://p01.mul-pay.jp/payment/SearchMember.idPass from 165.225.243.16
2024/02/23 01:09:27 [/shop/shopping/load_payment_module.php] Array
(
    [SiteID] => mst0000007602
    [SitePass] => ******
    [MemberID] => 7908
)
 from 165.225.243.16
2024/02/23 01:09:27 [/shop/shopping/load_payment_module.php] ErrCode=E01&ErrInfo=E01390002 from 165.225.243.16
2024/02/23 01:09:27 [/shop/shopping/load_payment_module.php] Array
(
    [0] => Array
        (
            [ErrCode] => E01
            [ErrInfo] => E01390002
        )

)
 from 165.225.243.16
2024/02/23 01:09:27 [/shop/shopping/load_payment_module.php] SendRequest:https://p01.mul-pay.jp/payment/SearchCard.idPass from 165.225.243.16
2024/02/23 01:09:27 [/shop/shopping/load_payment_module.php] Array
(
    [SiteID] => mst0000007602
    [SitePass] => ******
    [MemberID] => 7908
)
 from 165.225.243.16
2024/02/23 01:09:27 [/shop/shopping/load_payment_module.php] ErrCode=E01|E01&ErrInfo=E01390002|E01240002 from 165.225.243.16
2024/02/23 01:09:27 [/shop/shopping/load_payment_module.php] Array
(
    [0] => Array
        (
            [ErrCode] => E01
            [ErrInfo] => E01390002
        )

    [1] => Array
        (
            [ErrCode] => E01
            [ErrInfo] => E01240002
        )

)
 from 165.225.243.16
2024/02/23 01:09:27 [/shop/shopping/load_payment_module.php] SendRequest:https://p01.mul-pay.jp/payment/EntryTran.idPass from 165.225.243.16
2024/02/23 01:09:27 [/shop/shopping/load_payment_module.php] Array
(
    [ShopID] => 9000034600950
    [ShopPass] => ******
    [OrderID] => 956217-23010927
    [JobCd] => CAPTURE
    [Amount] => 5510
    [TdFlag] => 0
    [TdTenantName] => 
)
 from 165.225.243.16
2024/02/23 01:09:27 [/shop/shopping/load_payment_module.php] AccessID=b826ea296aaf3d02671b8a2d76a7cd90&AccessPass=8ec6513a70f9cc8d83bc3b33397c8926 from 165.225.243.16
2024/02/23 01:09:27 [/shop/shopping/load_payment_module.php] Array
(
    [0] => Array
        (
            [AccessID] => b826ea296aaf3d02671b8a2d76a7cd90
            [AccessPass] => 8ec6513a70f9cc8d83bc3b33397c8926
        )

)
 from 165.225.243.16
2024/02/23 01:09:27 [/shop/shopping/load_payment_module.php] load_payment_module.php set payment data:Array
(
    [AccessID] => b826ea296aaf3d02671b8a2d76a7cd90
    [AccessPass] => 8ec6513a70f9cc8d83bc3b33397c8926
    [OrderID] => 956217-23010927
    [Amount] => 5510
    [JobCd] => CAPTURE
    [action_status] => 1
    [pay_status] => 0
)
 from 165.225.243.16
2024/02/23 01:09:27 [/shop/shopping/load_payment_module.php] SendRequest:https://p01.mul-pay.jp/payment/ExecTran.idPass from 165.225.243.16
2024/02/23 01:09:27 [/shop/shopping/load_payment_module.php] Array
(
    [AccessID] => b826ea296aaf3d02671b8a2d76a7cd90
    [AccessPass] => 8ec6513a70f9cc8d83bc3b33397c8926
    [OrderID] => 956217-23010927
    [Method] => 1
    [Token] => 1088d398e15c9ca3886f2a8ae6d27a16e65e5f7c83c296cf8930263699164086
    [ClientField1] => 
    [ClientField2] => 
    [ClientField3] => EC-CUBE4.3.35
)
 from 165.225.243.16
2024/02/23 01:09:28 [/shop/shopping/load_payment_module.php] ACS=0&OrderID=956217-23010927&Forward=2959876&Method=1&PayTimes=&Approve=0078369&TranID=2402230109602257210134172665&TranDate=20240223010927&CheckString=71f52dc41718381cfaa0a5a1b403255b from 165.225.243.16
2024/02/23 01:09:28 [/shop/shopping/load_payment_module.php] Array
(
    [0] => Array
        (
            [ACS] => 0
            [OrderID] => 956217-23010927
            [Forward] => 2959876
            [Method] => 1
            [PayTimes] => 
            [Approve] => 0078369
            [TranID] => 2402230109602257210134172665
            [TranDate] => 20240223010927
            [CheckString] => 71f52dc41718381cfaa0a5a1b403255b
        )

)
 from 165.225.243.16
2024/02/23 01:09:28 [/shop/shopping/load_payment_module.php] load_payment_module.php set payment data:Array
(
    [ACS] => 0
    [Forward] => 2959876
    [Method] => 1
    [PayTimes] => 
    [Approve] => 0078369
    [TranID] => 2402230109602257210134172665
    [TranDate] => 20240223010927
    [CheckString] => 71f52dc41718381cfaa0a5a1b403255b
    [Amount] => 5510
    [JobCd] => CAPTURE
    [action_status] => 3
    [pay_status] => 13
)
 from 165.225.243.16
2024/02/23 01:09:28 [/shop/user_data/pg_mulpay_recv.php] ******* receiveer data start ******* from 210.175.7.20
2024/02/23 01:09:28 [/shop/user_data/pg_mulpay_recv.php] Array
(
    [ShopID] => 9000034600950
    [ShopPass] => **********
    [AccessID] => b826ea296aaf3d02671b8a2d76a7cd90
    [AccessPass] => ********************************
    [OrderID] => 956217-23010927
    [Status] => CAPTURE
    [JobCd] => CAPTURE
    [Amount] => 5510
    [Tax] => 0
    [Currency] => JPN
    [Forward] => 2959876
    [Method] => 1
    [PayTimes] => 
    [TranID] => 2402230109602257210134172665
    [Approve] => 0078369
    [TranDate] => 20240223010927
    [ErrCode] => 
    [ErrInfo] => 
    [PayType] => 0
)
 from 210.175.7.20
2024/02/23 01:09:28 [/shop/user_data/pg_mulpay_recv.php] ******* receiveer data end ******* from 210.175.7.20
2024/02/23 01:09:33 [/shop/user_data/pg_mulpay_recv.php] update order status:1 order_id=956217 from 210.175.7.20
2024/02/23 01:09:33 [/shop/user_data/pg_mulpay_recv.php] pg_mulpay_recv.php set payment data:Array
(
    [ShopID] => 9000034600950
    [AccessID] => b826ea296aaf3d02671b8a2d76a7cd90
    [OrderID] => 956217-23010927
    [Status] => CAPTURE
    [JobCd] => CAPTURE
    [Amount] => 5510
    [Tax] => 0
    [Currency] => JPN
    [Forward] => 2959876
    [Method] => 1
    [PayTimes] => 
    [TranID] => 2402230109602257210134172665
    [Approve] => 0078369
    [TranDate] => 20240223010927
    [ErrCode] => 
    [ErrInfo] => 
    [PayType] => 0
    [CvsCode] => 
    [CvsConfNo] => 
    [CvsReceiptNo] => 
    [EdyReceiptNo] => 
    [EdyOrderNo] => 
    [SuicaReceiptNo] => 
    [SuicaOrderNo] => 
    [CustID] => 
    [BkCode] => 
    [ConfNo] => 
    [PaymentTerm] => 
    [EncryptReceiptNo] => 
    [FinishDate] => 
    [ReceiptDate] => 
    [WebMoneyManagementNo] => 
    [WebMoneySettleCode] => 
    [AuPayInfoNo] => 
    [AuPayMethod] => 
    [AuCancelAmount] => 
    [AuCancelTax] => 
    [DocomoSettlementCode] => 
    [DocomoCancelAmount] => 
    [DocomoCancelTax] => 
    [pay_status] => 13
)
 from 210.175.7.20
2024/02/23 01:09:33 [/shop/user_data/pg_mulpay_recv.php] response:true from 210.175.7.20
2024/02/23 05:32:44 [/shop/shopping/load_payment_module.php] SendRequest:https://p01.mul-pay.jp/payment/SearchMember.idPass from 155.190.3.6
2024/02/23 05:32:44 [/shop/shopping/load_payment_module.php] Array
(
    [SiteID] => mst0000007602
    [SitePass] => ******
    [MemberID] => 7209
)
 from 155.190.3.6
2024/02/23 05:32:44 [/shop/shopping/load_payment_module.php] ErrCode=E01&ErrInfo=E01390002 from 155.190.3.6
2024/02/23 05:32:44 [/shop/shopping/load_payment_module.php] Array
(
    [0] => Array
        (
            [ErrCode] => E01
            [ErrInfo] => E01390002
        )

)
 from 155.190.3.6
2024/02/23 05:32:44 [/shop/shopping/load_payment_module.php] SendRequest:https://p01.mul-pay.jp/payment/SearchCard.idPass from 155.190.3.6
2024/02/23 05:32:44 [/shop/shopping/load_payment_module.php] Array
(
    [SiteID] => mst0000007602
    [SitePass] => ******
    [MemberID] => 7209
)
 from 155.190.3.6
2024/02/23 05:32:44 [/shop/shopping/load_payment_module.php] ErrCode=E01|E01&ErrInfo=E01390002|E01240002 from 155.190.3.6
2024/02/23 05:32:44 [/shop/shopping/load_payment_module.php] Array
(
    [0] => Array
        (
            [ErrCode] => E01
            [ErrInfo] => E01390002
        )

    [1] => Array
        (
            [ErrCode] => E01
            [ErrInfo] => E01240002
        )

)
 from 155.190.3.6
2024/02/23 05:33:15 [/shop/shopping/load_payment_module.php] SendRequest:https://p01.mul-pay.jp/payment/SearchMember.idPass from 155.190.3.6
2024/02/23 05:33:15 [/shop/shopping/load_payment_module.php] Array
(
    [SiteID] => mst0000007602
    [SitePass] => ******
    [MemberID] => 7209
)
 from 155.190.3.6
2024/02/23 05:33:15 [/shop/shopping/load_payment_module.php] ErrCode=E01&ErrInfo=E01390002 from 155.190.3.6
2024/02/23 05:33:15 [/shop/shopping/load_payment_module.php] Array
(
    [0] => Array
        (
            [ErrCode] => E01
            [ErrInfo] => E01390002
        )

)
 from 155.190.3.6
2024/02/23 05:33:15 [/shop/shopping/load_payment_module.php] SendRequest:https://p01.mul-pay.jp/payment/SearchCard.idPass from 155.190.3.6
2024/02/23 05:33:15 [/shop/shopping/load_payment_module.php] Array
(
    [SiteID] => mst0000007602
    [SitePass] => ******
    [MemberID] => 7209
)
 from 155.190.3.6
2024/02/23 05:33:15 [/shop/shopping/load_payment_module.php] ErrCode=E01|E01&ErrInfo=E01390002|E01240002 from 155.190.3.6
2024/02/23 05:33:15 [/shop/shopping/load_payment_module.php] Array
(
    [0] => Array
        (
            [ErrCode] => E01
            [ErrInfo] => E01390002
        )

    [1] => Array
        (
            [ErrCode] => E01
            [ErrInfo] => E01240002
        )

)
 from 155.190.3.6
2024/02/23 05:33:15 [/shop/shopping/load_payment_module.php] SendRequest:https://p01.mul-pay.jp/payment/EntryTran.idPass from 155.190.3.6
2024/02/23 05:33:15 [/shop/shopping/load_payment_module.php] Array
(
    [ShopID] => 9000034600950
    [ShopPass] => ******
    [OrderID] => 956218-23053315
    [JobCd] => CAPTURE
    [Amount] => 6660
    [TdFlag] => 0
    [TdTenantName] => 
)
 from 155.190.3.6
2024/02/23 05:33:15 [/shop/shopping/load_payment_module.php] AccessID=041139952fbe4dee3034d0cfb3507976&AccessPass=54924c857ea25ebc7cc6f85d25d4f396 from 155.190.3.6
2024/02/23 05:33:15 [/shop/shopping/load_payment_module.php] Array
(
    [0] => Array
        (
            [AccessID] => 041139952fbe4dee3034d0cfb3507976
            [AccessPass] => 54924c857ea25ebc7cc6f85d25d4f396
        )

)
 from 155.190.3.6
2024/02/23 05:33:15 [/shop/shopping/load_payment_module.php] load_payment_module.php set payment data:Array
(
    [AccessID] => 041139952fbe4dee3034d0cfb3507976
    [AccessPass] => 54924c857ea25ebc7cc6f85d25d4f396
    [OrderID] => 956218-23053315
    [Amount] => 6660
    [JobCd] => CAPTURE
    [action_status] => 1
    [pay_status] => 0
)
 from 155.190.3.6
2024/02/23 05:33:15 [/shop/shopping/load_payment_module.php] SendRequest:https://p01.mul-pay.jp/payment/ExecTran.idPass from 155.190.3.6
2024/02/23 05:33:15 [/shop/shopping/load_payment_module.php] Array
(
    [AccessID] => 041139952fbe4dee3034d0cfb3507976
    [AccessPass] => 54924c857ea25ebc7cc6f85d25d4f396
    [OrderID] => 956218-23053315
    [Method] => 1
    [Token] => 3ad131c9f4adf52db0eee7af4ddf678b93897baf6b3137ae0a54a084aa379830
    [ClientField1] => 
    [ClientField2] => 
    [ClientField3] => EC-CUBE4.3.35
)
 from 155.190.3.6
2024/02/23 05:33:16 [/shop/shopping/load_payment_module.php] ACS=0&OrderID=956218-23053315&Forward=2a99661&Method=1&PayTimes=&Approve=0350022&TranID=2402230533602257210134162791&TranDate=20240223053316&CheckString=afd15e8b1c55d88475db0e1d340addf5 from 155.190.3.6
2024/02/23 05:33:16 [/shop/shopping/load_payment_module.php] Array
(
    [0] => Array
        (
            [ACS] => 0
            [OrderID] => 956218-23053315
            [Forward] => 2a99661
            [Method] => 1
            [PayTimes] => 
            [Approve] => 0350022
            [TranID] => 2402230533602257210134162791
            [TranDate] => 20240223053316
            [CheckString] => afd15e8b1c55d88475db0e1d340addf5
        )

)
 from 155.190.3.6
2024/02/23 05:33:16 [/shop/shopping/load_payment_module.php] load_payment_module.php set payment data:Array
(
    [ACS] => 0
    [Forward] => 2a99661
    [Method] => 1
    [PayTimes] => 
    [Approve] => 0350022
    [TranID] => 2402230533602257210134162791
    [TranDate] => 20240223053316
    [CheckString] => afd15e8b1c55d88475db0e1d340addf5
    [Amount] => 6660
    [JobCd] => CAPTURE
    [action_status] => 3
    [pay_status] => 13
)
 from 155.190.3.6
2024/02/23 05:33:16 [/shop/user_data/pg_mulpay_recv.php] ******* receiveer data start ******* from 210.175.7.20
2024/02/23 05:33:16 [/shop/user_data/pg_mulpay_recv.php] Array
(
    [ShopID] => 9000034600950
    [ShopPass] => **********
    [AccessID] => 041139952fbe4dee3034d0cfb3507976
    [AccessPass] => ********************************
    [OrderID] => 956218-23053315
    [Status] => CAPTURE
    [JobCd] => CAPTURE
    [Amount] => 6660
    [Tax] => 0
    [Currency] => JPN
    [Forward] => 2a99661
    [Method] => 1
    [PayTimes] => 
    [TranID] => 2402230533602257210134162791
    [Approve] => 0350022
    [TranDate] => 20240223053316
    [ErrCode] => 
    [ErrInfo] => 
    [PayType] => 0
)
 from 210.175.7.20
2024/02/23 05:33:16 [/shop/user_data/pg_mulpay_recv.php] ******* receiveer data end ******* from 210.175.7.20
2024/02/23 05:33:21 [/shop/user_data/pg_mulpay_recv.php] update order status:1 order_id=956218 from 210.175.7.20
2024/02/23 05:33:21 [/shop/user_data/pg_mulpay_recv.php] pg_mulpay_recv.php set payment data:Array
(
    [ShopID] => 9000034600950
    [AccessID] => 041139952fbe4dee3034d0cfb3507976
    [OrderID] => 956218-23053315
    [Status] => CAPTURE
    [JobCd] => CAPTURE
    [Amount] => 6660
    [Tax] => 0
    [Currency] => JPN
    [Forward] => 2a99661
    [Method] => 1
    [PayTimes] => 
    [TranID] => 2402230533602257210134162791
    [Approve] => 0350022
    [TranDate] => 20240223053316
    [ErrCode] => 
    [ErrInfo] => 
    [PayType] => 0
    [CvsCode] => 
    [CvsConfNo] => 
    [CvsReceiptNo] => 
    [EdyReceiptNo] => 
    [EdyOrderNo] => 
    [SuicaReceiptNo] => 
    [SuicaOrderNo] => 
    [CustID] => 
    [BkCode] => 
    [ConfNo] => 
    [PaymentTerm] => 
    [EncryptReceiptNo] => 
    [FinishDate] => 
    [ReceiptDate] => 
    [WebMoneyManagementNo] => 
    [WebMoneySettleCode] => 
    [AuPayInfoNo] => 
    [AuPayMethod] => 
    [AuCancelAmount] => 
    [AuCancelTax] => 
    [DocomoSettlementCode] => 
    [DocomoCancelAmount] => 
    [DocomoCancelTax] => 
    [pay_status] => 13
)
 from 210.175.7.20
2024/02/23 05:33:21 [/shop/user_data/pg_mulpay_recv.php] response:true from 210.175.7.20
2024/02/23 06:49:26 [/shop/shopping/load_payment_module.php] SendRequest:https://p01.mul-pay.jp/payment/SearchMember.idPass from 86.155.245.56
2024/02/23 06:49:26 [/shop/shopping/load_payment_module.php] Array
(
    [SiteID] => mst0000007602
    [SitePass] => ******
    [MemberID] => 12385
)
 from 86.155.245.56
2024/02/23 06:49:26 [/shop/shopping/load_payment_module.php] ErrCode=E01&ErrInfo=E01390002 from 86.155.245.56
2024/02/23 06:49:26 [/shop/shopping/load_payment_module.php] Array
(
    [0] => Array
        (
            [ErrCode] => E01
            [ErrInfo] => E01390002
        )

)
 from 86.155.245.56
2024/02/23 06:49:26 [/shop/shopping/load_payment_module.php] SendRequest:https://p01.mul-pay.jp/payment/SearchCard.idPass from 86.155.245.56
2024/02/23 06:49:26 [/shop/shopping/load_payment_module.php] Array
(
    [SiteID] => mst0000007602
    [SitePass] => ******
    [MemberID] => 12385
)
 from 86.155.245.56
2024/02/23 06:49:26 [/shop/shopping/load_payment_module.php] ErrCode=E01|E01&ErrInfo=E01390002|E01240002 from 86.155.245.56
2024/02/23 06:49:26 [/shop/shopping/load_payment_module.php] Array
(
    [0] => Array
        (
            [ErrCode] => E01
            [ErrInfo] => E01390002
        )

    [1] => Array
        (
            [ErrCode] => E01
            [ErrInfo] => E01240002
        )

)
 from 86.155.245.56
2024/02/23 06:50:39 [/shop/shopping/load_payment_module.php] SendRequest:https://p01.mul-pay.jp/payment/SearchMember.idPass from 86.155.245.56
2024/02/23 06:50:39 [/shop/shopping/load_payment_module.php] Array
(
    [SiteID] => mst0000007602
    [SitePass] => ******
    [MemberID] => 12385
)
 from 86.155.245.56
2024/02/23 06:50:39 [/shop/shopping/load_payment_module.php] ErrCode=E01&ErrInfo=E01390002 from 86.155.245.56
2024/02/23 06:50:39 [/shop/shopping/load_payment_module.php] Array
(
    [0] => Array
        (
            [ErrCode] => E01
            [ErrInfo] => E01390002
        )

)
 from 86.155.245.56
2024/02/23 06:50:39 [/shop/shopping/load_payment_module.php] SendRequest:https://p01.mul-pay.jp/payment/SearchCard.idPass from 86.155.245.56
2024/02/23 06:50:39 [/shop/shopping/load_payment_module.php] Array
(
    [SiteID] => mst0000007602
    [SitePass] => ******
    [MemberID] => 12385
)
 from 86.155.245.56
2024/02/23 06:50:39 [/shop/shopping/load_payment_module.php] ErrCode=E01|E01&ErrInfo=E01390002|E01240002 from 86.155.245.56
2024/02/23 06:50:39 [/shop/shopping/load_payment_module.php] Array
(
    [0] => Array
        (
            [ErrCode] => E01
            [ErrInfo] => E01390002
        )

    [1] => Array
        (
            [ErrCode] => E01
            [ErrInfo] => E01240002
        )

)
 from 86.155.245.56
2024/02/23 06:50:39 [/shop/shopping/load_payment_module.php] SendRequest:https://p01.mul-pay.jp/payment/EntryTran.idPass from 86.155.245.56
2024/02/23 06:50:39 [/shop/shopping/load_payment_module.php] Array
(
    [ShopID] => 9000034600950
    [ShopPass] => ******
    [OrderID] => 956219-23065039
    [JobCd] => CAPTURE
    [Amount] => 5940
    [TdFlag] => 0
    [TdTenantName] => 
)
 from 86.155.245.56
2024/02/23 06:50:39 [/shop/shopping/load_payment_module.php] AccessID=4d46a16a872c29daa729ad2d9e52590e&AccessPass=58f60f4490d02eac3e6756eedf5dc671 from 86.155.245.56
2024/02/23 06:50:39 [/shop/shopping/load_payment_module.php] Array
(
    [0] => Array
        (
            [AccessID] => 4d46a16a872c29daa729ad2d9e52590e
            [AccessPass] => 58f60f4490d02eac3e6756eedf5dc671
        )

)
 from 86.155.245.56
2024/02/23 06:50:39 [/shop/shopping/load_payment_module.php] load_payment_module.php set payment data:Array
(
    [AccessID] => 4d46a16a872c29daa729ad2d9e52590e
    [AccessPass] => 58f60f4490d02eac3e6756eedf5dc671
    [OrderID] => 956219-23065039
    [Amount] => 5940
    [JobCd] => CAPTURE
    [action_status] => 1
    [pay_status] => 0
)
 from 86.155.245.56
2024/02/23 06:50:39 [/shop/shopping/load_payment_module.php] SendRequest:https://p01.mul-pay.jp/payment/ExecTran.idPass from 86.155.245.56
2024/02/23 06:50:39 [/shop/shopping/load_payment_module.php] Array
(
    [AccessID] => 4d46a16a872c29daa729ad2d9e52590e
    [AccessPass] => 58f60f4490d02eac3e6756eedf5dc671
    [OrderID] => 956219-23065039
    [Method] => 1
    [Token] => f73a4bf4ceb4e058a1dc41170b632c4caa6e0e3ba349d52deefc3804057b940f
    [ClientField1] => 
    [ClientField2] => 
    [ClientField3] => EC-CUBE4.3.35
)
 from 86.155.245.56
2024/02/23 06:50:39 [/shop/shopping/load_payment_module.php] ACS=0&OrderID=956219-23065039&Forward=2S49631&Method=1&PayTimes=&Approve=0013205&TranID=2402230650602257210134182721&TranDate=20240223065039&CheckString=b889bddd822fc626e5e77920d560f74c from 86.155.245.56
2024/02/23 06:50:39 [/shop/shopping/load_payment_module.php] Array
(
    [0] => Array
        (
            [ACS] => 0
            [OrderID] => 956219-23065039
            [Forward] => 2S49631
            [Method] => 1
            [PayTimes] => 
            [Approve] => 0013205
            [TranID] => 2402230650602257210134182721
            [TranDate] => 20240223065039
            [CheckString] => b889bddd822fc626e5e77920d560f74c
        )

)
 from 86.155.245.56
2024/02/23 06:50:39 [/shop/shopping/load_payment_module.php] load_payment_module.php set payment data:Array
(
    [ACS] => 0
    [Forward] => 2S49631
    [Method] => 1
    [PayTimes] => 
    [Approve] => 0013205
    [TranID] => 2402230650602257210134182721
    [TranDate] => 20240223065039
    [CheckString] => b889bddd822fc626e5e77920d560f74c
    [Amount] => 5940
    [JobCd] => CAPTURE
    [action_status] => 3
    [pay_status] => 13
)
 from 86.155.245.56
2024/02/23 06:50:40 [/shop/user_data/pg_mulpay_recv.php] ******* receiveer data start ******* from 210.175.7.20
2024/02/23 06:50:40 [/shop/user_data/pg_mulpay_recv.php] Array
(
    [ShopID] => 9000034600950
    [ShopPass] => **********
    [AccessID] => 4d46a16a872c29daa729ad2d9e52590e
    [AccessPass] => ********************************
    [OrderID] => 956219-23065039
    [Status] => CAPTURE
    [JobCd] => CAPTURE
    [Amount] => 5940
    [Tax] => 0
    [Currency] => JPN
    [Forward] => 2S49631
    [Method] => 1
    [PayTimes] => 
    [TranID] => 2402230650602257210134182721
    [Approve] => 0013205
    [TranDate] => 20240223065039
    [ErrCode] => 
    [ErrInfo] => 
    [PayType] => 0
)
 from 210.175.7.20
2024/02/23 06:50:40 [/shop/user_data/pg_mulpay_recv.php] ******* receiveer data end ******* from 210.175.7.20
2024/02/23 06:50:45 [/shop/user_data/pg_mulpay_recv.php] update order status:1 order_id=956219 from 210.175.7.20
2024/02/23 06:50:45 [/shop/user_data/pg_mulpay_recv.php] pg_mulpay_recv.php set payment data:Array
(
    [ShopID] => 9000034600950
    [AccessID] => 4d46a16a872c29daa729ad2d9e52590e
    [OrderID] => 956219-23065039
    [Status] => CAPTURE
    [JobCd] => CAPTURE
    [Amount] => 5940
    [Tax] => 0
    [Currency] => JPN
    [Forward] => 2S49631
    [Method] => 1
    [PayTimes] => 
    [TranID] => 2402230650602257210134182721
    [Approve] => 0013205
    [TranDate] => 20240223065039
    [ErrCode] => 
    [ErrInfo] => 
    [PayType] => 0
    [CvsCode] => 
    [CvsConfNo] => 
    [CvsReceiptNo] => 
    [EdyReceiptNo] => 
    [EdyOrderNo] => 
    [SuicaReceiptNo] => 
    [SuicaOrderNo] => 
    [CustID] => 
    [BkCode] => 
    [ConfNo] => 
    [PaymentTerm] => 
    [EncryptReceiptNo] => 
    [FinishDate] => 
    [ReceiptDate] => 
    [WebMoneyManagementNo] => 
    [WebMoneySettleCode] => 
    [AuPayInfoNo] => 
    [AuPayMethod] => 
    [AuCancelAmount] => 
    [AuCancelTax] => 
    [DocomoSettlementCode] => 
    [DocomoCancelAmount] => 
    [DocomoCancelTax] => 
    [pay_status] => 13
)
 from 210.175.7.20
2024/02/23 06:50:45 [/shop/user_data/pg_mulpay_recv.php] response:true from 210.175.7.20
2024/02/23 09:58:14 [/shop/shopping/load_payment_module.php] SendRequest:https://p01.mul-pay.jp/payment/EntryTran.idPass from 27.253.251.222
2024/02/23 09:58:14 [/shop/shopping/load_payment_module.php] Array
(
    [ShopID] => 9000034600950
    [ShopPass] => ******
    [OrderID] => 956220-23095814
    [JobCd] => CAPTURE
    [Amount] => 2110
    [TdFlag] => 0
    [TdTenantName] => 
)
 from 27.253.251.222
2024/02/23 09:58:15 [/shop/shopping/load_payment_module.php] AccessID=dbd3727457aa619b5dfc9aaf7dc0ec9c&AccessPass=ff7a0dad6930cfa08c2fe488111296ac from 27.253.251.222
2024/02/23 09:58:15 [/shop/shopping/load_payment_module.php] Array
(
    [0] => Array
        (
            [AccessID] => dbd3727457aa619b5dfc9aaf7dc0ec9c
            [AccessPass] => ff7a0dad6930cfa08c2fe488111296ac
        )

)
 from 27.253.251.222
2024/02/23 09:58:15 [/shop/shopping/load_payment_module.php] load_payment_module.php set payment data:Array
(
    [AccessID] => dbd3727457aa619b5dfc9aaf7dc0ec9c
    [AccessPass] => ff7a0dad6930cfa08c2fe488111296ac
    [OrderID] => 956220-23095814
    [Amount] => 2110
    [JobCd] => CAPTURE
    [action_status] => 1
    [pay_status] => 0
)
 from 27.253.251.222
2024/02/23 09:58:15 [/shop/shopping/load_payment_module.php] SendRequest:https://p01.mul-pay.jp/payment/ExecTran.idPass from 27.253.251.222
2024/02/23 09:58:15 [/shop/shopping/load_payment_module.php] Array
(
    [AccessID] => dbd3727457aa619b5dfc9aaf7dc0ec9c
    [AccessPass] => ff7a0dad6930cfa08c2fe488111296ac
    [OrderID] => 956220-23095814
    [Method] => 1
    [Token] => c036fa2e5c536be8f1a0e1e5b3354195465f0482ae4e4a41cb6f0f5db76373ee
    [ClientField1] => 
    [ClientField2] => 
    [ClientField3] => EC-CUBE4.3.35
)
 from 27.253.251.222
2024/02/23 09:58:15 [/shop/shopping/load_payment_module.php] ACS=0&OrderID=956220-23095814&Forward=2S49631&Method=1&PayTimes=&Approve=0023677&TranID=2402230958602257210134172666&TranDate=20240223095815&CheckString=3e5ad26956bedd42820e58dcdc704a52 from 27.253.251.222
2024/02/23 09:58:15 [/shop/shopping/load_payment_module.php] Array
(
    [0] => Array
        (
            [ACS] => 0
            [OrderID] => 956220-23095814
            [Forward] => 2S49631
            [Method] => 1
            [PayTimes] => 
            [Approve] => 0023677
            [TranID] => 2402230958602257210134172666
            [TranDate] => 20240223095815
            [CheckString] => 3e5ad26956bedd42820e58dcdc704a52
        )

)
 from 27.253.251.222
2024/02/23 09:58:15 [/shop/shopping/load_payment_module.php] load_payment_module.php set payment data:Array
(
    [ACS] => 0
    [Forward] => 2S49631
    [Method] => 1
    [PayTimes] => 
    [Approve] => 0023677
    [TranID] => 2402230958602257210134172666
    [TranDate] => 20240223095815
    [CheckString] => 3e5ad26956bedd42820e58dcdc704a52
    [Amount] => 2110
    [JobCd] => CAPTURE
    [action_status] => 3
    [pay_status] => 13
)
 from 27.253.251.222
2024/02/23 09:58:15 [/shop/user_data/pg_mulpay_recv.php] ******* receiveer data start ******* from 210.175.7.20
2024/02/23 09:58:15 [/shop/user_data/pg_mulpay_recv.php] Array
(
    [ShopID] => 9000034600950
    [ShopPass] => **********
    [AccessID] => dbd3727457aa619b5dfc9aaf7dc0ec9c
    [AccessPass] => ********************************
    [OrderID] => 956220-23095814
    [Status] => CAPTURE
    [JobCd] => CAPTURE
    [Amount] => 2110
    [Tax] => 0
    [Currency] => JPN
    [Forward] => 2S49631
    [Method] => 1
    [PayTimes] => 
    [TranID] => 2402230958602257210134172666
    [Approve] => 0023677
    [TranDate] => 20240223095815
    [ErrCode] => 
    [ErrInfo] => 
    [PayType] => 0
)
 from 210.175.7.20
2024/02/23 09:58:15 [/shop/user_data/pg_mulpay_recv.php] ******* receiveer data end ******* from 210.175.7.20
2024/02/23 09:58:20 [/shop/user_data/pg_mulpay_recv.php] update order status:1 order_id=956220 from 210.175.7.20
2024/02/23 09:58:20 [/shop/user_data/pg_mulpay_recv.php] pg_mulpay_recv.php set payment data:Array
(
    [ShopID] => 9000034600950
    [AccessID] => dbd3727457aa619b5dfc9aaf7dc0ec9c
    [OrderID] => 956220-23095814
    [Status] => CAPTURE
    [JobCd] => CAPTURE
    [Amount] => 2110
    [Tax] => 0
    [Currency] => JPN
    [Forward] => 2S49631
    [Method] => 1
    [PayTimes] => 
    [TranID] => 2402230958602257210134172666
    [Approve] => 0023677
    [TranDate] => 20240223095815
    [ErrCode] => 
    [ErrInfo] => 
    [PayType] => 0
    [CvsCode] => 
    [CvsConfNo] => 
    [CvsReceiptNo] => 
    [EdyReceiptNo] => 
    [EdyOrderNo] => 
    [SuicaReceiptNo] => 
    [SuicaOrderNo] => 
    [CustID] => 
    [BkCode] => 
    [ConfNo] => 
    [PaymentTerm] => 
    [EncryptReceiptNo] => 
    [FinishDate] => 
    [ReceiptDate] => 
    [WebMoneyManagementNo] => 
    [WebMoneySettleCode] => 
    [AuPayInfoNo] => 
    [AuPayMethod] => 
    [AuCancelAmount] => 
    [AuCancelTax] => 
    [DocomoSettlementCode] => 
    [DocomoCancelAmount] => 
    [DocomoCancelTax] => 
    [pay_status] => 13
)
 from 210.175.7.20
2024/02/23 09:58:20 [/shop/user_data/pg_mulpay_recv.php] response:true from 210.175.7.20
2024/02/23 10:14:17 [/shop/shopping/load_payment_module.php] SendRequest:https://p01.mul-pay.jp/payment/EntryTran.idPass from 147.161.212.121
2024/02/23 10:14:17 [/shop/shopping/load_payment_module.php] Array
(
    [ShopID] => 9000034600950
    [ShopPass] => ******
    [OrderID] => 956221-23101417
    [JobCd] => CAPTURE
    [Amount] => 10500
    [TdFlag] => 0
    [TdTenantName] => 
)
 from 147.161.212.121
2024/02/23 10:14:18 [/shop/shopping/load_payment_module.php] AccessID=d63daf4abef676b899ea012f0eda7135&AccessPass=0c4ee2205186c7960edcc8d1bef0109c from 147.161.212.121
2024/02/23 10:14:18 [/shop/shopping/load_payment_module.php] Array
(
    [0] => Array
        (
            [AccessID] => d63daf4abef676b899ea012f0eda7135
            [AccessPass] => 0c4ee2205186c7960edcc8d1bef0109c
        )

)
 from 147.161.212.121
2024/02/23 10:14:18 [/shop/shopping/load_payment_module.php] load_payment_module.php set payment data:Array
(
    [AccessID] => d63daf4abef676b899ea012f0eda7135
    [AccessPass] => 0c4ee2205186c7960edcc8d1bef0109c
    [OrderID] => 956221-23101417
    [Amount] => 10500
    [JobCd] => CAPTURE
    [action_status] => 1
    [pay_status] => 0
)
 from 147.161.212.121
2024/02/23 10:14:18 [/shop/shopping/load_payment_module.php] SendRequest:https://p01.mul-pay.jp/payment/ExecTran.idPass from 147.161.212.121
2024/02/23 10:14:18 [/shop/shopping/load_payment_module.php] Array
(
    [AccessID] => d63daf4abef676b899ea012f0eda7135
    [AccessPass] => 0c4ee2205186c7960edcc8d1bef0109c
    [OrderID] => 956221-23101417
    [Method] => 1
    [Token] => 6fc9169046cdf00d0ebc134c1ef610d91a9a3411addeab0732a05a6171e6b7e4
    [ClientField1] => 
    [ClientField2] => 
    [ClientField3] => EC-CUBE4.3.35
)
 from 147.161.212.121
2024/02/23 10:14:18 [/shop/shopping/load_payment_module.php] ACS=0&OrderID=956221-23101417&Forward=2959876&Method=1&PayTimes=&Approve=0400081&TranID=2402231014602257210134172667&TranDate=20240223101418&CheckString=f0e7cc5f1ce576f9bbe7490352fb237f from 147.161.212.121
2024/02/23 10:14:18 [/shop/shopping/load_payment_module.php] Array
(
    [0] => Array
        (
            [ACS] => 0
            [OrderID] => 956221-23101417
            [Forward] => 2959876
            [Method] => 1
            [PayTimes] => 
            [Approve] => 0400081
            [TranID] => 2402231014602257210134172667
            [TranDate] => 20240223101418
            [CheckString] => f0e7cc5f1ce576f9bbe7490352fb237f
        )

)
 from 147.161.212.121
2024/02/23 10:14:18 [/shop/shopping/load_payment_module.php] load_payment_module.php set payment data:Array
(
    [ACS] => 0
    [Forward] => 2959876
    [Method] => 1
    [PayTimes] => 
    [Approve] => 0400081
    [TranID] => 2402231014602257210134172667
    [TranDate] => 20240223101418
    [CheckString] => f0e7cc5f1ce576f9bbe7490352fb237f
    [Amount] => 10500
    [JobCd] => CAPTURE
    [action_status] => 3
    [pay_status] => 13
)
 from 147.161.212.121
2024/02/23 10:14:19 [/shop/user_data/pg_mulpay_recv.php] ******* receiveer data start ******* from 210.175.7.20
2024/02/23 10:14:19 [/shop/user_data/pg_mulpay_recv.php] Array
(
    [ShopID] => 9000034600950
    [ShopPass] => **********
    [AccessID] => d63daf4abef676b899ea012f0eda7135
    [AccessPass] => ********************************
    [OrderID] => 956221-23101417
    [Status] => CAPTURE
    [JobCd] => CAPTURE
    [Amount] => 10500
    [Tax] => 0
    [Currency] => JPN
    [Forward] => 2959876
    [Method] => 1
    [PayTimes] => 
    [TranID] => 2402231014602257210134172667
    [Approve] => 0400081
    [TranDate] => 20240223101418
    [ErrCode] => 
    [ErrInfo] => 
    [PayType] => 0
)
 from 210.175.7.20
2024/02/23 10:14:19 [/shop/user_data/pg_mulpay_recv.php] ******* receiveer data end ******* from 210.175.7.20
2024/02/23 10:14:24 [/shop/user_data/pg_mulpay_recv.php] update order status:1 order_id=956221 from 210.175.7.20
2024/02/23 10:14:24 [/shop/user_data/pg_mulpay_recv.php] pg_mulpay_recv.php set payment data:Array
(
    [ShopID] => 9000034600950
    [AccessID] => d63daf4abef676b899ea012f0eda7135
    [OrderID] => 956221-23101417
    [Status] => CAPTURE
    [JobCd] => CAPTURE
    [Amount] => 10500
    [Tax] => 0
    [Currency] => JPN
    [Forward] => 2959876
    [Method] => 1
    [PayTimes] => 
    [TranID] => 2402231014602257210134172667
    [Approve] => 0400081
    [TranDate] => 20240223101418
    [ErrCode] => 
    [ErrInfo] => 
    [PayType] => 0
    [CvsCode] => 
    [CvsConfNo] => 
    [CvsReceiptNo] => 
    [EdyReceiptNo] => 
    [EdyOrderNo] => 
    [SuicaReceiptNo] => 
    [SuicaOrderNo] => 
    [CustID] => 
    [BkCode] => 
    [ConfNo] => 
    [PaymentTerm] => 
    [EncryptReceiptNo] => 
    [FinishDate] => 
    [ReceiptDate] => 
    [WebMoneyManagementNo] => 
    [WebMoneySettleCode] => 
    [AuPayInfoNo] => 
    [AuPayMethod] => 
    [AuCancelAmount] => 
    [AuCancelTax] => 
    [DocomoSettlementCode] => 
    [DocomoCancelAmount] => 
    [DocomoCancelTax] => 
    [pay_status] => 13
)
 from 210.175.7.20
2024/02/23 10:14:24 [/shop/user_data/pg_mulpay_recv.php] response:true from 210.175.7.20
2024/02/23 10:50:15 [/shop/shopping/load_payment_module.php] SendRequest:https://p01.mul-pay.jp/payment/SearchMember.idPass from 172.56.152.146
2024/02/23 10:50:15 [/shop/shopping/load_payment_module.php] Array
(
    [SiteID] => mst0000007602
    [SitePass] => ******
    [MemberID] => 12526
)
 from 172.56.152.146
2024/02/23 10:50:15 [/shop/shopping/load_payment_module.php] ErrCode=E01&ErrInfo=E01390002 from 172.56.152.146
2024/02/23 10:50:15 [/shop/shopping/load_payment_module.php] Array
(
    [0] => Array
        (
            [ErrCode] => E01
            [ErrInfo] => E01390002
        )

)
 from 172.56.152.146
2024/02/23 10:50:15 [/shop/shopping/load_payment_module.php] SendRequest:https://p01.mul-pay.jp/payment/SearchCard.idPass from 172.56.152.146
2024/02/23 10:50:15 [/shop/shopping/load_payment_module.php] Array
(
    [SiteID] => mst0000007602
    [SitePass] => ******
    [MemberID] => 12526
)
 from 172.56.152.146
2024/02/23 10:50:15 [/shop/shopping/load_payment_module.php] ErrCode=E01|E01&ErrInfo=E01390002|E01240002 from 172.56.152.146
2024/02/23 10:50:15 [/shop/shopping/load_payment_module.php] Array
(
    [0] => Array
        (
            [ErrCode] => E01
            [ErrInfo] => E01390002
        )

    [1] => Array
        (
            [ErrCode] => E01
            [ErrInfo] => E01240002
        )

)
 from 172.56.152.146
2024/02/23 10:55:44 [/shop/shopping/load_payment_module.php] SendRequest:https://p01.mul-pay.jp/payment/SearchMember.idPass from 172.56.152.146
2024/02/23 10:55:44 [/shop/shopping/load_payment_module.php] Array
(
    [SiteID] => mst0000007602
    [SitePass] => ******
    [MemberID] => 12526
)
 from 172.56.152.146
2024/02/23 10:55:44 [/shop/shopping/load_payment_module.php] ErrCode=E01&ErrInfo=E01390002 from 172.56.152.146
2024/02/23 10:55:44 [/shop/shopping/load_payment_module.php] Array
(
    [0] => Array
        (
            [ErrCode] => E01
            [ErrInfo] => E01390002
        )

)
 from 172.56.152.146
2024/02/23 10:55:44 [/shop/shopping/load_payment_module.php] SendRequest:https://p01.mul-pay.jp/payment/SearchCard.idPass from 172.56.152.146
2024/02/23 10:55:44 [/shop/shopping/load_payment_module.php] Array
(
    [SiteID] => mst0000007602
    [SitePass] => ******
    [MemberID] => 12526
)
 from 172.56.152.146
2024/02/23 10:55:44 [/shop/shopping/load_payment_module.php] ErrCode=E01|E01&ErrInfo=E01390002|E01240002 from 172.56.152.146
2024/02/23 10:55:44 [/shop/shopping/load_payment_module.php] Array
(
    [0] => Array
        (
            [ErrCode] => E01
            [ErrInfo] => E01390002
        )

    [1] => Array
        (
            [ErrCode] => E01
            [ErrInfo] => E01240002
        )

)
 from 172.56.152.146
2024/02/23 10:55:44 [/shop/shopping/load_payment_module.php] SendRequest:https://p01.mul-pay.jp/payment/EntryTran.idPass from 172.56.152.146
2024/02/23 10:55:44 [/shop/shopping/load_payment_module.php] Array
(
    [ShopID] => 9000034600950
    [ShopPass] => ******
    [OrderID] => 956222-23105544
    [JobCd] => CAPTURE
    [Amount] => 7110
    [TdFlag] => 0
    [TdTenantName] => 
)
 from 172.56.152.146
2024/02/23 10:55:44 [/shop/shopping/load_payment_module.php] AccessID=7906d8d4a1c1ad3eab63161a3d5ae62d&AccessPass=69c2d1b28be8efc0766a2ae209dc7d57 from 172.56.152.146
2024/02/23 10:55:44 [/shop/shopping/load_payment_module.php] Array
(
    [0] => Array
        (
            [AccessID] => 7906d8d4a1c1ad3eab63161a3d5ae62d
            [AccessPass] => 69c2d1b28be8efc0766a2ae209dc7d57
        )

)
 from 172.56.152.146
2024/02/23 10:55:44 [/shop/shopping/load_payment_module.php] load_payment_module.php set payment data:Array
(
    [AccessID] => 7906d8d4a1c1ad3eab63161a3d5ae62d
    [AccessPass] => 69c2d1b28be8efc0766a2ae209dc7d57
    [OrderID] => 956222-23105544
    [Amount] => 7110
    [JobCd] => CAPTURE
    [action_status] => 1
    [pay_status] => 0
)
 from 172.56.152.146
2024/02/23 10:55:44 [/shop/shopping/load_payment_module.php] SendRequest:https://p01.mul-pay.jp/payment/ExecTran.idPass from 172.56.152.146
2024/02/23 10:55:44 [/shop/shopping/load_payment_module.php] Array
(
    [AccessID] => 7906d8d4a1c1ad3eab63161a3d5ae62d
    [AccessPass] => 69c2d1b28be8efc0766a2ae209dc7d57
    [OrderID] => 956222-23105544
    [Method] => 1
    [Token] => 71fc97642fb1eb2f594fb357f653b4aa16f2cf2b9b6aa4a3f03e01845e8da487
    [ClientField1] => 
    [ClientField2] => 
    [ClientField3] => EC-CUBE4.3.35
)
 from 172.56.152.146
2024/02/23 10:55:45 [/shop/shopping/load_payment_module.php] ACS=0&OrderID=956222-23105544&Forward=2S49631&Method=1&PayTimes=&Approve=0912255&TranID=2402231055602257210134182722&TranDate=20240223105545&CheckString=7f6426dd973afbf17254c1c23e1883da from 172.56.152.146
2024/02/23 10:55:45 [/shop/shopping/load_payment_module.php] Array
(
    [0] => Array
        (
            [ACS] => 0
            [OrderID] => 956222-23105544
            [Forward] => 2S49631
            [Method] => 1
            [PayTimes] => 
            [Approve] => 0912255
            [TranID] => 2402231055602257210134182722
            [TranDate] => 20240223105545
            [CheckString] => 7f6426dd973afbf17254c1c23e1883da
        )

)
 from 172.56.152.146
2024/02/23 10:55:45 [/shop/shopping/load_payment_module.php] load_payment_module.php set payment data:Array
(
    [ACS] => 0
    [Forward] => 2S49631
    [Method] => 1
    [PayTimes] => 
    [Approve] => 0912255
    [TranID] => 2402231055602257210134182722
    [TranDate] => 20240223105545
    [CheckString] => 7f6426dd973afbf17254c1c23e1883da
    [Amount] => 7110
    [JobCd] => CAPTURE
    [action_status] => 3
    [pay_status] => 13
)
 from 172.56.152.146
2024/02/23 10:55:45 [/shop/user_data/pg_mulpay_recv.php] ******* receiveer data start ******* from 210.175.7.20
2024/02/23 10:55:45 [/shop/user_data/pg_mulpay_recv.php] Array
(
    [ShopID] => 9000034600950
    [ShopPass] => **********
    [AccessID] => 7906d8d4a1c1ad3eab63161a3d5ae62d
    [AccessPass] => ********************************
    [OrderID] => 956222-23105544
    [Status] => CAPTURE
    [JobCd] => CAPTURE
    [Amount] => 7110
    [Tax] => 0
    [Currency] => JPN
    [Forward] => 2S49631
    [Method] => 1
    [PayTimes] => 
    [TranID] => 2402231055602257210134182722
    [Approve] => 0912255
    [TranDate] => 20240223105545
    [ErrCode] => 
    [ErrInfo] => 
    [PayType] => 0
)
 from 210.175.7.20
2024/02/23 10:55:45 [/shop/user_data/pg_mulpay_recv.php] ******* receiveer data end ******* from 210.175.7.20
2024/02/23 10:55:50 [/shop/user_data/pg_mulpay_recv.php] update order status:1 order_id=956222 from 210.175.7.20
2024/02/23 10:55:50 [/shop/user_data/pg_mulpay_recv.php] pg_mulpay_recv.php set payment data:Array
(
    [ShopID] => 9000034600950
    [AccessID] => 7906d8d4a1c1ad3eab63161a3d5ae62d
    [OrderID] => 956222-23105544
    [Status] => CAPTURE
    [JobCd] => CAPTURE
    [Amount] => 7110
    [Tax] => 0
    [Currency] => JPN
    [Forward] => 2S49631
    [Method] => 1
    [PayTimes] => 
    [TranID] => 2402231055602257210134182722
    [Approve] => 0912255
    [TranDate] => 20240223105545
    [ErrCode] => 
    [ErrInfo] => 
    [PayType] => 0
    [CvsCode] => 
    [CvsConfNo] => 
    [CvsReceiptNo] => 
    [EdyReceiptNo] => 
    [EdyOrderNo] => 
    [SuicaReceiptNo] => 
    [SuicaOrderNo] => 
    [CustID] => 
    [BkCode] => 
    [ConfNo] => 
    [PaymentTerm] => 
    [EncryptReceiptNo] => 
    [FinishDate] => 
    [ReceiptDate] => 
    [WebMoneyManagementNo] => 
    [WebMoneySettleCode] => 
    [AuPayInfoNo] => 
    [AuPayMethod] => 
    [AuCancelAmount] => 
    [AuCancelTax] => 
    [DocomoSettlementCode] => 
    [DocomoCancelAmount] => 
    [DocomoCancelTax] => 
    [pay_status] => 13
)
 from 210.175.7.20
2024/02/23 10:55:50 [/shop/user_data/pg_mulpay_recv.php] response:true from 210.175.7.20
2024/02/23 13:19:58 [/shop/shopping/load_payment_module.php] SendRequest:https://p01.mul-pay.jp/payment/EntryTran.idPass from 106.148.238.132
2024/02/23 13:19:58 [/shop/shopping/load_payment_module.php] Array
(
    [ShopID] => 9000034600950
    [ShopPass] => ******
    [OrderID] => 956224-23131958
    [JobCd] => CAPTURE
    [Amount] => 2890
    [TdFlag] => 0
    [TdTenantName] => 
)
 from 106.148.238.132
2024/02/23 13:19:58 [/shop/shopping/load_payment_module.php] AccessID=a29003420b6f894ce1791b92e2f5dd9e&AccessPass=8a7a45a0981fc1adcf8a94ce532e0ee8 from 106.148.238.132
2024/02/23 13:19:58 [/shop/shopping/load_payment_module.php] Array
(
    [0] => Array
        (
            [AccessID] => a29003420b6f894ce1791b92e2f5dd9e
            [AccessPass] => 8a7a45a0981fc1adcf8a94ce532e0ee8
        )

)
 from 106.148.238.132
2024/02/23 13:19:58 [/shop/shopping/load_payment_module.php] load_payment_module.php set payment data:Array
(
    [AccessID] => a29003420b6f894ce1791b92e2f5dd9e
    [AccessPass] => 8a7a45a0981fc1adcf8a94ce532e0ee8
    [OrderID] => 956224-23131958
    [Amount] => 2890
    [JobCd] => CAPTURE
    [action_status] => 1
    [pay_status] => 0
)
 from 106.148.238.132
2024/02/23 13:19:58 [/shop/shopping/load_payment_module.php] SendRequest:https://p01.mul-pay.jp/payment/ExecTran.idPass from 106.148.238.132
2024/02/23 13:19:58 [/shop/shopping/load_payment_module.php] Array
(
    [AccessID] => a29003420b6f894ce1791b92e2f5dd9e
    [AccessPass] => 8a7a45a0981fc1adcf8a94ce532e0ee8
    [OrderID] => 956224-23131958
    [Method] => 1
    [Token] => 25869b34637eeaff778236c946a150107b693df73e8d2c09d263e326dc81aeca
    [ClientField1] => 
    [ClientField2] => 
    [ClientField3] => EC-CUBE4.3.35
)
 from 106.148.238.132
2024/02/23 13:19:59 [/shop/shopping/load_payment_module.php] ACS=0&OrderID=956224-23131958&Forward=2S49631&Method=1&PayTimes=&Approve=0072080&TranID=2402231319602257210134162792&TranDate=20240223131959&CheckString=b79827947f568a56fd1ea7c758a03aa5 from 106.148.238.132
2024/02/23 13:19:59 [/shop/shopping/load_payment_module.php] Array
(
    [0] => Array
        (
            [ACS] => 0
            [OrderID] => 956224-23131958
            [Forward] => 2S49631
            [Method] => 1
            [PayTimes] => 
            [Approve] => 0072080
            [TranID] => 2402231319602257210134162792
            [TranDate] => 20240223131959
            [CheckString] => b79827947f568a56fd1ea7c758a03aa5
        )

)
 from 106.148.238.132
2024/02/23 13:19:59 [/shop/shopping/load_payment_module.php] load_payment_module.php set payment data:Array
(
    [ACS] => 0
    [Forward] => 2S49631
    [Method] => 1
    [PayTimes] => 
    [Approve] => 0072080
    [TranID] => 2402231319602257210134162792
    [TranDate] => 20240223131959
    [CheckString] => b79827947f568a56fd1ea7c758a03aa5
    [Amount] => 2890
    [JobCd] => CAPTURE
    [action_status] => 3
    [pay_status] => 13
)
 from 106.148.238.132
2024/02/23 13:19:59 [/shop/user_data/pg_mulpay_recv.php] ******* receiveer data start ******* from 210.175.7.20
2024/02/23 13:19:59 [/shop/user_data/pg_mulpay_recv.php] Array
(
    [ShopID] => 9000034600950
    [ShopPass] => **********
    [AccessID] => a29003420b6f894ce1791b92e2f5dd9e
    [AccessPass] => ********************************
    [OrderID] => 956224-23131958
    [Status] => CAPTURE
    [JobCd] => CAPTURE
    [Amount] => 2890
    [Tax] => 0
    [Currency] => JPN
    [Forward] => 2S49631
    [Method] => 1
    [PayTimes] => 
    [TranID] => 2402231319602257210134162792
    [Approve] => 0072080
    [TranDate] => 20240223131959
    [ErrCode] => 
    [ErrInfo] => 
    [PayType] => 0
)
 from 210.175.7.20
2024/02/23 13:19:59 [/shop/user_data/pg_mulpay_recv.php] ******* receiveer data end ******* from 210.175.7.20
2024/02/23 13:20:04 [/shop/user_data/pg_mulpay_recv.php] update order status:1 order_id=956224 from 210.175.7.20
2024/02/23 13:20:04 [/shop/user_data/pg_mulpay_recv.php] pg_mulpay_recv.php set payment data:Array
(
    [ShopID] => 9000034600950
    [AccessID] => a29003420b6f894ce1791b92e2f5dd9e
    [OrderID] => 956224-23131958
    [Status] => CAPTURE
    [JobCd] => CAPTURE
    [Amount] => 2890
    [Tax] => 0
    [Currency] => JPN
    [Forward] => 2S49631
    [Method] => 1
    [PayTimes] => 
    [TranID] => 2402231319602257210134162792
    [Approve] => 0072080
    [TranDate] => 20240223131959
    [ErrCode] => 
    [ErrInfo] => 
    [PayType] => 0
    [CvsCode] => 
    [CvsConfNo] => 
    [CvsReceiptNo] => 
    [EdyReceiptNo] => 
    [EdyOrderNo] => 
    [SuicaReceiptNo] => 
    [SuicaOrderNo] => 
    [CustID] => 
    [BkCode] => 
    [ConfNo] => 
    [PaymentTerm] => 
    [EncryptReceiptNo] => 
    [FinishDate] => 
    [ReceiptDate] => 
    [WebMoneyManagementNo] => 
    [WebMoneySettleCode] => 
    [AuPayInfoNo] => 
    [AuPayMethod] => 
    [AuCancelAmount] => 
    [AuCancelTax] => 
    [DocomoSettlementCode] => 
    [DocomoCancelAmount] => 
    [DocomoCancelTax] => 
    [pay_status] => 13
)
 from 210.175.7.20
2024/02/23 13:20:04 [/shop/user_data/pg_mulpay_recv.php] response:true from 210.175.7.20
2024/02/23 19:04:11 [/shop/shopping/load_payment_module.php] SendRequest:https://p01.mul-pay.jp/payment/SearchMember.idPass from 126.213.243.127
2024/02/23 19:04:11 [/shop/shopping/load_payment_module.php] Array
(
    [SiteID] => mst0000007602
    [SitePass] => ******
    [MemberID] => 6206
)
 from 126.213.243.127
2024/02/23 19:04:11 [/shop/shopping/load_payment_module.php] ErrCode=E01&ErrInfo=E01390002 from 126.213.243.127
2024/02/23 19:04:11 [/shop/shopping/load_payment_module.php] Array
(
    [0] => Array
        (
            [ErrCode] => E01
            [ErrInfo] => E01390002
        )

)
 from 126.213.243.127
2024/02/23 19:04:11 [/shop/shopping/load_payment_module.php] SendRequest:https://p01.mul-pay.jp/payment/SearchCard.idPass from 126.213.243.127
2024/02/23 19:04:11 [/shop/shopping/load_payment_module.php] Array
(
    [SiteID] => mst0000007602
    [SitePass] => ******
    [MemberID] => 6206
)
 from 126.213.243.127
2024/02/23 19:04:11 [/shop/shopping/load_payment_module.php] ErrCode=E01|E01&ErrInfo=E01390002|E01240002 from 126.213.243.127
2024/02/23 19:04:11 [/shop/shopping/load_payment_module.php] Array
(
    [0] => Array
        (
            [ErrCode] => E01
            [ErrInfo] => E01390002
        )

    [1] => Array
        (
            [ErrCode] => E01
            [ErrInfo] => E01240002
        )

)
 from 126.213.243.127
2024/02/23 19:04:24 [/shop/shopping/load_payment_module.php] SendRequest:https://p01.mul-pay.jp/payment/SearchMember.idPass from 126.213.243.127
2024/02/23 19:04:24 [/shop/shopping/load_payment_module.php] Array
(
    [SiteID] => mst0000007602
    [SitePass] => ******
    [MemberID] => 6206
)
 from 126.213.243.127
2024/02/23 19:04:24 [/shop/shopping/load_payment_module.php] ErrCode=E01&ErrInfo=E01390002 from 126.213.243.127
2024/02/23 19:04:24 [/shop/shopping/load_payment_module.php] Array
(
    [0] => Array
        (
            [ErrCode] => E01
            [ErrInfo] => E01390002
        )

)
 from 126.213.243.127
2024/02/23 19:04:24 [/shop/shopping/load_payment_module.php] SendRequest:https://p01.mul-pay.jp/payment/SearchCard.idPass from 126.213.243.127
2024/02/23 19:04:24 [/shop/shopping/load_payment_module.php] Array
(
    [SiteID] => mst0000007602
    [SitePass] => ******
    [MemberID] => 6206
)
 from 126.213.243.127
2024/02/23 19:04:24 [/shop/shopping/load_payment_module.php] ErrCode=E01|E01&ErrInfo=E01390002|E01240002 from 126.213.243.127
2024/02/23 19:04:24 [/shop/shopping/load_payment_module.php] Array
(
    [0] => Array
        (
            [ErrCode] => E01
            [ErrInfo] => E01390002
        )

    [1] => Array
        (
            [ErrCode] => E01
            [ErrInfo] => E01240002
        )

)
 from 126.213.243.127
2024/02/23 19:07:51 [/shop/shopping/load_payment_module.php] SendRequest:https://p01.mul-pay.jp/payment/SearchMember.idPass from 126.213.243.127
2024/02/23 19:07:51 [/shop/shopping/load_payment_module.php] Array
(
    [SiteID] => mst0000007602
    [SitePass] => ******
    [MemberID] => 6206
)
 from 126.213.243.127
2024/02/23 19:07:51 [/shop/shopping/load_payment_module.php] ErrCode=E01&ErrInfo=E01390002 from 126.213.243.127
2024/02/23 19:07:51 [/shop/shopping/load_payment_module.php] Array
(
    [0] => Array
        (
            [ErrCode] => E01
            [ErrInfo] => E01390002
        )

)
 from 126.213.243.127
2024/02/23 19:07:51 [/shop/shopping/load_payment_module.php] SendRequest:https://p01.mul-pay.jp/payment/SearchCard.idPass from 126.213.243.127
2024/02/23 19:07:51 [/shop/shopping/load_payment_module.php] Array
(
    [SiteID] => mst0000007602
    [SitePass] => ******
    [MemberID] => 6206
)
 from 126.213.243.127
2024/02/23 19:07:51 [/shop/shopping/load_payment_module.php] ErrCode=E01|E01&ErrInfo=E01390002|E01240002 from 126.213.243.127
2024/02/23 19:07:51 [/shop/shopping/load_payment_module.php] Array
(
    [0] => Array
        (
            [ErrCode] => E01
            [ErrInfo] => E01390002
        )

    [1] => Array
        (
            [ErrCode] => E01
            [ErrInfo] => E01240002
        )

)
 from 126.213.243.127
2024/02/23 19:08:07 [/shop/shopping/load_payment_module.php] SendRequest:https://p01.mul-pay.jp/payment/SearchMember.idPass from 126.213.243.127
2024/02/23 19:08:07 [/shop/shopping/load_payment_module.php] Array
(
    [SiteID] => mst0000007602
    [SitePass] => ******
    [MemberID] => 6206
)
 from 126.213.243.127
2024/02/23 19:08:07 [/shop/shopping/load_payment_module.php] ErrCode=E01&ErrInfo=E01390002 from 126.213.243.127
2024/02/23 19:08:07 [/shop/shopping/load_payment_module.php] Array
(
    [0] => Array
        (
            [ErrCode] => E01
            [ErrInfo] => E01390002
        )

)
 from 126.213.243.127
2024/02/23 19:08:07 [/shop/shopping/load_payment_module.php] SendRequest:https://p01.mul-pay.jp/payment/SearchCard.idPass from 126.213.243.127
2024/02/23 19:08:07 [/shop/shopping/load_payment_module.php] Array
(
    [SiteID] => mst0000007602
    [SitePass] => ******
    [MemberID] => 6206
)
 from 126.213.243.127
2024/02/23 19:08:07 [/shop/shopping/load_payment_module.php] ErrCode=E01|E01&ErrInfo=E01390002|E01240002 from 126.213.243.127
2024/02/23 19:08:07 [/shop/shopping/load_payment_module.php] Array
(
    [0] => Array
        (
            [ErrCode] => E01
            [ErrInfo] => E01390002
        )

    [1] => Array
        (
            [ErrCode] => E01
            [ErrInfo] => E01240002
        )

)
 from 126.213.243.127
2024/02/23 19:08:07 [/shop/shopping/load_payment_module.php] SendRequest:https://p01.mul-pay.jp/payment/EntryTran.idPass from 126.213.243.127
2024/02/23 19:08:07 [/shop/shopping/load_payment_module.php] Array
(
    [ShopID] => 9000034600950
    [ShopPass] => ******
    [OrderID] => 956231-23190807
    [JobCd] => CAPTURE
    [Amount] => 1
    [TdFlag] => 0
    [TdTenantName] => 
)
 from 126.213.243.127
2024/02/23 19:08:07 [/shop/shopping/load_payment_module.php] AccessID=f10be655f6a301c78d1221399be410e3&AccessPass=0bbd5ff554e7dc6711282e1e600d148e from 126.213.243.127
2024/02/23 19:08:07 [/shop/shopping/load_payment_module.php] Array
(
    [0] => Array
        (
            [AccessID] => f10be655f6a301c78d1221399be410e3
            [AccessPass] => 0bbd5ff554e7dc6711282e1e600d148e
        )

)
 from 126.213.243.127
2024/02/23 19:08:07 [/shop/shopping/load_payment_module.php] load_payment_module.php set payment data:Array
(
    [AccessID] => f10be655f6a301c78d1221399be410e3
    [AccessPass] => 0bbd5ff554e7dc6711282e1e600d148e
    [OrderID] => 956231-23190807
    [Amount] => 1
    [JobCd] => CAPTURE
    [action_status] => 1
    [pay_status] => 0
)
 from 126.213.243.127
2024/02/23 19:08:07 [/shop/shopping/load_payment_module.php] SendRequest:https://p01.mul-pay.jp/payment/ExecTran.idPass from 126.213.243.127
2024/02/23 19:08:07 [/shop/shopping/load_payment_module.php] Array
(
    [AccessID] => f10be655f6a301c78d1221399be410e3
    [AccessPass] => 0bbd5ff554e7dc6711282e1e600d148e
    [OrderID] => 956231-23190807
    [Method] => 1
    [Token] => 9933d20afdb76e53aed527f8fb678ecc10bf79d34ad7d39984cb56b58bd716f3
    [ClientField1] => 
    [ClientField2] => 
    [ClientField3] => EC-CUBE4.3.35
)
 from 126.213.243.127
2024/02/23 19:08:08 [/shop/shopping/load_payment_module.php] ACS=0&OrderID=956231-23190807&Forward=2S49631&Method=1&PayTimes=&Approve=0023805&TranID=2402231908602257210134152748&TranDate=20240223190808&CheckString=3b1d8a55ea9fe934085c275b7be09fff from 126.213.243.127
2024/02/23 19:08:08 [/shop/shopping/load_payment_module.php] Array
(
    [0] => Array
        (
            [ACS] => 0
            [OrderID] => 956231-23190807
            [Forward] => 2S49631
            [Method] => 1
            [PayTimes] => 
            [Approve] => 0023805
            [TranID] => 2402231908602257210134152748
            [TranDate] => 20240223190808
            [CheckString] => 3b1d8a55ea9fe934085c275b7be09fff
        )

)
 from 126.213.243.127
2024/02/23 19:08:08 [/shop/shopping/load_payment_module.php] load_payment_module.php set payment data:Array
(
    [ACS] => 0
    [Forward] => 2S49631
    [Method] => 1
    [PayTimes] => 
    [Approve] => 0023805
    [TranID] => 2402231908602257210134152748
    [TranDate] => 20240223190808
    [CheckString] => 3b1d8a55ea9fe934085c275b7be09fff
    [Amount] => 1
    [JobCd] => CAPTURE
    [action_status] => 3
    [pay_status] => 13
)
 from 126.213.243.127
2024/02/23 19:08:08 [/shop/user_data/pg_mulpay_recv.php] ******* receiveer data start ******* from 210.175.7.20
2024/02/23 19:08:08 [/shop/user_data/pg_mulpay_recv.php] Array
(
    [ShopID] => 9000034600950
    [ShopPass] => **********
    [AccessID] => f10be655f6a301c78d1221399be410e3
    [AccessPass] => ********************************
    [OrderID] => 956231-23190807
    [Status] => CAPTURE
    [JobCd] => CAPTURE
    [Amount] => 1
    [Tax] => 0
    [Currency] => JPN
    [Forward] => 2S49631
    [Method] => 1
    [PayTimes] => 
    [TranID] => 2402231908602257210134152748
    [Approve] => 0023805
    [TranDate] => 20240223190808
    [ErrCode] => 
    [ErrInfo] => 
    [PayType] => 0
)
 from 210.175.7.20
2024/02/23 19:08:08 [/shop/user_data/pg_mulpay_recv.php] ******* receiveer data end ******* from 210.175.7.20
2024/02/23 19:08:13 [/shop/user_data/pg_mulpay_recv.php] update order status:1 order_id=956231 from 210.175.7.20
2024/02/23 19:08:13 [/shop/user_data/pg_mulpay_recv.php] pg_mulpay_recv.php set payment data:Array
(
    [ShopID] => 9000034600950
    [AccessID] => f10be655f6a301c78d1221399be410e3
    [OrderID] => 956231-23190807
    [Status] => CAPTURE
    [JobCd] => CAPTURE
    [Amount] => 1
    [Tax] => 0
    [Currency] => JPN
    [Forward] => 2S49631
    [Method] => 1
    [PayTimes] => 
    [TranID] => 2402231908602257210134152748
    [Approve] => 0023805
    [TranDate] => 20240223190808
    [ErrCode] => 
    [ErrInfo] => 
    [PayType] => 0
    [CvsCode] => 
    [CvsConfNo] => 
    [CvsReceiptNo] => 
    [EdyReceiptNo] => 
    [EdyOrderNo] => 
    [SuicaReceiptNo] => 
    [SuicaOrderNo] => 
    [CustID] => 
    [BkCode] => 
    [ConfNo] => 
    [PaymentTerm] => 
    [EncryptReceiptNo] => 
    [FinishDate] => 
    [ReceiptDate] => 
    [WebMoneyManagementNo] => 
    [WebMoneySettleCode] => 
    [AuPayInfoNo] => 
    [AuPayMethod] => 
    [AuCancelAmount] => 
    [AuCancelTax] => 
    [DocomoSettlementCode] => 
    [DocomoCancelAmount] => 
    [DocomoCancelTax] => 
    [pay_status] => 13
)
 from 210.175.7.20
2024/02/23 19:08:13 [/shop/user_data/pg_mulpay_recv.php] response:true from 210.175.7.20
2024/02/23 21:54:52 [/shop/shopping/load_payment_module.php] SendRequest:https://p01.mul-pay.jp/payment/EntryTran.idPass from 185.223.152.115
2024/02/23 21:54:52 [/shop/shopping/load_payment_module.php] Array
(
    [ShopID] => 9000034600950
    [ShopPass] => ******
    [OrderID] => 956232-23215452
    [JobCd] => CAPTURE
    [Amount] => 5850
    [TdFlag] => 0
    [TdTenantName] => 
)
 from 185.223.152.115
2024/02/23 21:54:52 [/shop/shopping/load_payment_module.php] AccessID=cffe9e2cf6201d823ff0f36391f80c20&AccessPass=57f9f935775bb679f8e7584a8d1aa53f from 185.223.152.115
2024/02/23 21:54:52 [/shop/shopping/load_payment_module.php] Array
(
    [0] => Array
        (
            [AccessID] => cffe9e2cf6201d823ff0f36391f80c20
            [AccessPass] => 57f9f935775bb679f8e7584a8d1aa53f
        )

)
 from 185.223.152.115
2024/02/23 21:54:52 [/shop/shopping/load_payment_module.php] load_payment_module.php set payment data:Array
(
    [AccessID] => cffe9e2cf6201d823ff0f36391f80c20
    [AccessPass] => 57f9f935775bb679f8e7584a8d1aa53f
    [OrderID] => 956232-23215452
    [Amount] => 5850
    [JobCd] => CAPTURE
    [action_status] => 1
    [pay_status] => 0
)
 from 185.223.152.115
2024/02/23 21:54:52 [/shop/shopping/load_payment_module.php] SendRequest:https://p01.mul-pay.jp/payment/ExecTran.idPass from 185.223.152.115
2024/02/23 21:54:52 [/shop/shopping/load_payment_module.php] Array
(
    [AccessID] => cffe9e2cf6201d823ff0f36391f80c20
    [AccessPass] => 57f9f935775bb679f8e7584a8d1aa53f
    [OrderID] => 956232-23215452
    [Method] => 1
    [Token] => 83db888ee3265a9f1f2fb47599b8157eb9f8f2b9341aae7c8a6296dc79c7d01e
    [ClientField1] => 
    [ClientField2] => 
    [ClientField3] => EC-CUBE4.3.35
)
 from 185.223.152.115
2024/02/23 21:54:53 [/shop/shopping/load_payment_module.php] ACS=0&OrderID=956232-23215452&Forward=2a99661&Method=1&PayTimes=&Approve=0260964&TranID=2402232154602257210134182723&TranDate=20240223215453&CheckString=512567f32fa930df2df35eaf5e33e2c1 from 185.223.152.115
2024/02/23 21:54:53 [/shop/shopping/load_payment_module.php] Array
(
    [0] => Array
        (
            [ACS] => 0
            [OrderID] => 956232-23215452
            [Forward] => 2a99661
            [Method] => 1
            [PayTimes] => 
            [Approve] => 0260964
            [TranID] => 2402232154602257210134182723
            [TranDate] => 20240223215453
            [CheckString] => 512567f32fa930df2df35eaf5e33e2c1
        )

)
 from 185.223.152.115
2024/02/23 21:54:53 [/shop/shopping/load_payment_module.php] load_payment_module.php set payment data:Array
(
    [ACS] => 0
    [Forward] => 2a99661
    [Method] => 1
    [PayTimes] => 
    [Approve] => 0260964
    [TranID] => 2402232154602257210134182723
    [TranDate] => 20240223215453
    [CheckString] => 512567f32fa930df2df35eaf5e33e2c1
    [Amount] => 5850
    [JobCd] => CAPTURE
    [action_status] => 3
    [pay_status] => 13
)
 from 185.223.152.115
2024/02/23 21:54:54 [/shop/user_data/pg_mulpay_recv.php] ******* receiveer data start ******* from 210.175.7.20
2024/02/23 21:54:54 [/shop/user_data/pg_mulpay_recv.php] Array
(
    [ShopID] => 9000034600950
    [ShopPass] => **********
    [AccessID] => cffe9e2cf6201d823ff0f36391f80c20
    [AccessPass] => ********************************
    [OrderID] => 956232-23215452
    [Status] => CAPTURE
    [JobCd] => CAPTURE
    [Amount] => 5850
    [Tax] => 0
    [Currency] => JPN
    [Forward] => 2a99661
    [Method] => 1
    [PayTimes] => 
    [TranID] => 2402232154602257210134182723
    [Approve] => 0260964
    [TranDate] => 20240223215453
    [ErrCode] => 
    [ErrInfo] => 
    [PayType] => 0
)
 from 210.175.7.20
2024/02/23 21:54:54 [/shop/user_data/pg_mulpay_recv.php] ******* receiveer data end ******* from 210.175.7.20
2024/02/23 21:54:59 [/shop/user_data/pg_mulpay_recv.php] update order status:1 order_id=956232 from 210.175.7.20
2024/02/23 21:54:59 [/shop/user_data/pg_mulpay_recv.php] pg_mulpay_recv.php set payment data:Array
(
    [ShopID] => 9000034600950
    [AccessID] => cffe9e2cf6201d823ff0f36391f80c20
    [OrderID] => 956232-23215452
    [Status] => CAPTURE
    [JobCd] => CAPTURE
    [Amount] => 5850
    [Tax] => 0
    [Currency] => JPN
    [Forward] => 2a99661
    [Method] => 1
    [PayTimes] => 
    [TranID] => 2402232154602257210134182723
    [Approve] => 0260964
    [TranDate] => 20240223215453
    [ErrCode] => 
    [ErrInfo] => 
    [PayType] => 0
    [CvsCode] => 
    [CvsConfNo] => 
    [CvsReceiptNo] => 
    [EdyReceiptNo] => 
    [EdyOrderNo] => 
    [SuicaReceiptNo] => 
    [SuicaOrderNo] => 
    [CustID] => 
    [BkCode] => 
    [ConfNo] => 
    [PaymentTerm] => 
    [EncryptReceiptNo] => 
    [FinishDate] => 
    [ReceiptDate] => 
    [WebMoneyManagementNo] => 
    [WebMoneySettleCode] => 
    [AuPayInfoNo] => 
    [AuPayMethod] => 
    [AuCancelAmount] => 
    [AuCancelTax] => 
    [DocomoSettlementCode] => 
    [DocomoCancelAmount] => 
    [DocomoCancelTax] => 
    [pay_status] => 13
)
 from 210.175.7.20
2024/02/23 21:54:59 [/shop/user_data/pg_mulpay_recv.php] response:true from 210.175.7.20
2024/02/23 23:54:00 [/shop/shopping/load_payment_module.php] SendRequest:https://p01.mul-pay.jp/payment/EntryTran.idPass from 136.226.77.117
2024/02/23 23:54:00 [/shop/shopping/load_payment_module.php] Array
(
    [ShopID] => 9000034600950
    [ShopPass] => ******
    [OrderID] => 956233-23235400
    [JobCd] => CAPTURE
    [Amount] => 6060
    [TdFlag] => 0
    [TdTenantName] => 
)
 from 136.226.77.117
2024/02/23 23:54:00 [/shop/shopping/load_payment_module.php] AccessID=d580f74943c72d4480f9c3ffd2d6843f&AccessPass=1e98b31ba2262f467da51b098019e5eb from 136.226.77.117
2024/02/23 23:54:00 [/shop/shopping/load_payment_module.php] Array
(
    [0] => Array
        (
            [AccessID] => d580f74943c72d4480f9c3ffd2d6843f
            [AccessPass] => 1e98b31ba2262f467da51b098019e5eb
        )

)
 from 136.226.77.117
2024/02/23 23:54:00 [/shop/shopping/load_payment_module.php] load_payment_module.php set payment data:Array
(
    [AccessID] => d580f74943c72d4480f9c3ffd2d6843f
    [AccessPass] => 1e98b31ba2262f467da51b098019e5eb
    [OrderID] => 956233-23235400
    [Amount] => 6060
    [JobCd] => CAPTURE
    [action_status] => 1
    [pay_status] => 0
)
 from 136.226.77.117
2024/02/23 23:54:00 [/shop/shopping/load_payment_module.php] SendRequest:https://p01.mul-pay.jp/payment/ExecTran.idPass from 136.226.77.117
2024/02/23 23:54:00 [/shop/shopping/load_payment_module.php] Array
(
    [AccessID] => d580f74943c72d4480f9c3ffd2d6843f
    [AccessPass] => 1e98b31ba2262f467da51b098019e5eb
    [OrderID] => 956233-23235400
    [Method] => 1
    [Token] => ce80069b9ac2e8ba330d89f1762b6be0f4f32bb6dab956c126e83743dd6c1cbf
    [ClientField1] => 
    [ClientField2] => 
    [ClientField3] => EC-CUBE4.3.35
)
 from 136.226.77.117
2024/02/23 23:54:01 [/shop/shopping/load_payment_module.php] ACS=0&OrderID=956233-23235400&Forward=2S49631&Method=1&PayTimes=&Approve=0037415&TranID=2402232354602257210134152749&TranDate=20240223235400&CheckString=e9b897bcbe332d303407a615effcac0a from 136.226.77.117
2024/02/23 23:54:01 [/shop/shopping/load_payment_module.php] Array
(
    [0] => Array
        (
            [ACS] => 0
            [OrderID] => 956233-23235400
            [Forward] => 2S49631
            [Method] => 1
            [PayTimes] => 
            [Approve] => 0037415
            [TranID] => 2402232354602257210134152749
            [TranDate] => 20240223235400
            [CheckString] => e9b897bcbe332d303407a615effcac0a
        )

)
 from 136.226.77.117
2024/02/23 23:54:01 [/shop/shopping/load_payment_module.php] load_payment_module.php set payment data:Array
(
    [ACS] => 0
    [Forward] => 2S49631
    [Method] => 1
    [PayTimes] => 
    [Approve] => 0037415
    [TranID] => 2402232354602257210134152749
    [TranDate] => 20240223235400
    [CheckString] => e9b897bcbe332d303407a615effcac0a
    [Amount] => 6060
    [JobCd] => CAPTURE
    [action_status] => 3
    [pay_status] => 13
)
 from 136.226.77.117
2024/02/23 23:54:01 [/shop/user_data/pg_mulpay_recv.php] ******* receiveer data start ******* from 210.175.7.20
2024/02/23 23:54:01 [/shop/user_data/pg_mulpay_recv.php] Array
(
    [ShopID] => 9000034600950
    [ShopPass] => **********
    [AccessID] => d580f74943c72d4480f9c3ffd2d6843f
    [AccessPass] => ********************************
    [OrderID] => 956233-23235400
    [Status] => CAPTURE
    [JobCd] => CAPTURE
    [Amount] => 6060
    [Tax] => 0
    [Currency] => JPN
    [Forward] => 2S49631
    [Method] => 1
    [PayTimes] => 
    [TranID] => 2402232354602257210134152749
    [Approve] => 0037415
    [TranDate] => 20240223235400
    [ErrCode] => 
    [ErrInfo] => 
    [PayType] => 0
)
 from 210.175.7.20
2024/02/23 23:54:01 [/shop/user_data/pg_mulpay_recv.php] ******* receiveer data end ******* from 210.175.7.20
2024/02/23 23:54:06 [/shop/user_data/pg_mulpay_recv.php] update order status:1 order_id=956233 from 210.175.7.20
2024/02/23 23:54:06 [/shop/user_data/pg_mulpay_recv.php] pg_mulpay_recv.php set payment data:Array
(
    [ShopID] => 9000034600950
    [AccessID] => d580f74943c72d4480f9c3ffd2d6843f
    [OrderID] => 956233-23235400
    [Status] => CAPTURE
    [JobCd] => CAPTURE
    [Amount] => 6060
    [Tax] => 0
    [Currency] => JPN
    [Forward] => 2S49631
    [Method] => 1
    [PayTimes] => 
    [TranID] => 2402232354602257210134152749
    [Approve] => 0037415
    [TranDate] => 20240223235400
    [ErrCode] => 
    [ErrInfo] => 
    [PayType] => 0
    [CvsCode] => 
    [CvsConfNo] => 
    [CvsReceiptNo] => 
    [EdyReceiptNo] => 
    [EdyOrderNo] => 
    [SuicaReceiptNo] => 
    [SuicaOrderNo] => 
    [CustID] => 
    [BkCode] => 
    [ConfNo] => 
    [PaymentTerm] => 
    [EncryptReceiptNo] => 
    [FinishDate] => 
    [ReceiptDate] => 
    [WebMoneyManagementNo] => 
    [WebMoneySettleCode] => 
    [AuPayInfoNo] => 
    [AuPayMethod] => 
    [AuCancelAmount] => 
    [AuCancelTax] => 
    [DocomoSettlementCode] => 
    [DocomoCancelAmount] => 
    [DocomoCancelTax] => 
    [pay_status] => 13
)
 from 210.175.7.20
2024/02/23 23:54:06 [/shop/user_data/pg_mulpay_recv.php] response:true from 210.175.7.20
