2025/06/20 01:36:59 [/shop/shopping/load_payment_module.php] SendRequest:https://p01.mul-pay.jp/payment/EntryTran.idPass from 12.232.154.162
2025/06/20 01:36:59 [/shop/shopping/load_payment_module.php] Array
(
    [ShopID] => 9000034600950
    [ShopPass] => ******
    [OrderID] => 961908-20013659
    [JobCd] => CAPTURE
    [Amount] => 5280
    [TdFlag] => 0
    [TdTenantName] => 
)
 from 12.232.154.162
2025/06/20 01:36:59 [/shop/shopping/load_payment_module.php] AccessID=35ebc7468cc0d89a3ade792000e7999e&AccessPass=766d34e81226d837839b201361740333 from 12.232.154.162
2025/06/20 01:36:59 [/shop/shopping/load_payment_module.php] Array
(
    [0] => Array
        (
            [AccessID] => 35ebc7468cc0d89a3ade792000e7999e
            [AccessPass] => 766d34e81226d837839b201361740333
        )

)
 from 12.232.154.162
2025/06/20 01:36:59 [/shop/shopping/load_payment_module.php] load_payment_module.php set payment data:Array
(
    [AccessID] => 35ebc7468cc0d89a3ade792000e7999e
    [AccessPass] => 766d34e81226d837839b201361740333
    [OrderID] => 961908-20013659
    [Amount] => 5280
    [JobCd] => CAPTURE
    [action_status] => 1
    [pay_status] => 0
)
 from 12.232.154.162
2025/06/20 01:36:59 [/shop/shopping/load_payment_module.php] SendRequest:https://p01.mul-pay.jp/payment/ExecTran.idPass from 12.232.154.162
2025/06/20 01:36:59 [/shop/shopping/load_payment_module.php] Array
(
    [AccessID] => 35ebc7468cc0d89a3ade792000e7999e
    [AccessPass] => 766d34e81226d837839b201361740333
    [OrderID] => 961908-20013659
    [Method] => 1
    [Token] => b4aac4a4546529914a07418043e5284d62740db3b4fed53b793547030d75c9ac
    [ClientField1] => 
    [ClientField2] => 
    [ClientField3] => EC-CUBE4.3.35
)
 from 12.232.154.162
2025/06/20 01:37:00 [/shop/shopping/load_payment_module.php] ACS=0&OrderID=961908-20013659&Forward=2959876&Method=1&PayTimes=&Approve=0010099&TranID=2506200136602257210134101223&TranDate=20250620013700&CheckString=02677d7dae82c4602a466a05c755ea57 from 12.232.154.162
2025/06/20 01:37:00 [/shop/shopping/load_payment_module.php] Array
(
    [0] => Array
        (
            [ACS] => 0
            [OrderID] => 961908-20013659
            [Forward] => 2959876
            [Method] => 1
            [PayTimes] => 
            [Approve] => 0010099
            [TranID] => 2506200136602257210134101223
            [TranDate] => 20250620013700
            [CheckString] => 02677d7dae82c4602a466a05c755ea57
        )

)
 from 12.232.154.162
2025/06/20 01:37:00 [/shop/shopping/load_payment_module.php] load_payment_module.php set payment data:Array
(
    [ACS] => 0
    [Forward] => 2959876
    [Method] => 1
    [PayTimes] => 
    [Approve] => 0010099
    [TranID] => 2506200136602257210134101223
    [TranDate] => 20250620013700
    [CheckString] => 02677d7dae82c4602a466a05c755ea57
    [Amount] => 5280
    [JobCd] => CAPTURE
    [action_status] => 3
    [pay_status] => 13
)
 from 12.232.154.162
2025/06/20 01:37:00 [/shop/user_data/pg_mulpay_recv.php] ******* receiveer data start ******* from 210.175.7.20
2025/06/20 01:37:00 [/shop/user_data/pg_mulpay_recv.php] Array
(
    [ShopID] => 9000034600950
    [ShopPass] => **********
    [AccessID] => 35ebc7468cc0d89a3ade792000e7999e
    [AccessPass] => ********************************
    [OrderID] => 961908-20013659
    [Status] => CAPTURE
    [JobCd] => CAPTURE
    [Amount] => 5280
    [Tax] => 0
    [Currency] => JPN
    [Forward] => 2959876
    [Method] => 1
    [PayTimes] => 
    [TranID] => 2506200136602257210134101223
    [Approve] => 0010099
    [TranDate] => 20250620013700
    [ErrCode] => 
    [ErrInfo] => 
    [PayType] => 0
)
 from 210.175.7.20
2025/06/20 01:37:00 [/shop/user_data/pg_mulpay_recv.php] ******* receiveer data end ******* from 210.175.7.20
2025/06/20 01:37:05 [/shop/user_data/pg_mulpay_recv.php] update order status:1 order_id=961908 from 210.175.7.20
2025/06/20 01:37:05 [/shop/user_data/pg_mulpay_recv.php] pg_mulpay_recv.php set payment data:Array
(
    [ShopID] => 9000034600950
    [AccessID] => 35ebc7468cc0d89a3ade792000e7999e
    [OrderID] => 961908-20013659
    [Status] => CAPTURE
    [JobCd] => CAPTURE
    [Amount] => 5280
    [Tax] => 0
    [Currency] => JPN
    [Forward] => 2959876
    [Method] => 1
    [PayTimes] => 
    [TranID] => 2506200136602257210134101223
    [Approve] => 0010099
    [TranDate] => 20250620013700
    [ErrCode] => 
    [ErrInfo] => 
    [PayType] => 0
    [CvsCode] => 
    [CvsConfNo] => 
    [CvsReceiptNo] => 
    [EdyReceiptNo] => 
    [EdyOrderNo] => 
    [SuicaReceiptNo] => 
    [SuicaOrderNo] => 
    [CustID] => 
    [BkCode] => 
    [ConfNo] => 
    [PaymentTerm] => 
    [EncryptReceiptNo] => 
    [FinishDate] => 
    [ReceiptDate] => 
    [WebMoneyManagementNo] => 
    [WebMoneySettleCode] => 
    [AuPayInfoNo] => 
    [AuPayMethod] => 
    [AuCancelAmount] => 
    [AuCancelTax] => 
    [DocomoSettlementCode] => 
    [DocomoCancelAmount] => 
    [DocomoCancelTax] => 
    [pay_status] => 13
)
 from 210.175.7.20
2025/06/20 01:37:05 [/shop/user_data/pg_mulpay_recv.php] response:true from 210.175.7.20
2025/06/20 09:30:09 [/shop/shopping/load_payment_module.php] SendRequest:https://p01.mul-pay.jp/payment/SearchMember.idPass from 221.139.179.69
2025/06/20 09:30:09 [/shop/shopping/load_payment_module.php] Array
(
    [SiteID] => mst0000007602
    [SitePass] => ******
    [MemberID] => 13345
)
 from 221.139.179.69
2025/06/20 09:30:09 [/shop/shopping/load_payment_module.php] ErrCode=E01&ErrInfo=E01390002 from 221.139.179.69
2025/06/20 09:30:09 [/shop/shopping/load_payment_module.php] Array
(
    [0] => Array
        (
            [ErrCode] => E01
            [ErrInfo] => E01390002
        )

)
 from 221.139.179.69
2025/06/20 09:30:09 [/shop/shopping/load_payment_module.php] SendRequest:https://p01.mul-pay.jp/payment/SearchCard.idPass from 221.139.179.69
2025/06/20 09:30:09 [/shop/shopping/load_payment_module.php] Array
(
    [SiteID] => mst0000007602
    [SitePass] => ******
    [MemberID] => 13345
)
 from 221.139.179.69
2025/06/20 09:30:09 [/shop/shopping/load_payment_module.php] ErrCode=E01|E01&ErrInfo=E01390002|E01240002 from 221.139.179.69
2025/06/20 09:30:09 [/shop/shopping/load_payment_module.php] Array
(
    [0] => Array
        (
            [ErrCode] => E01
            [ErrInfo] => E01390002
        )

    [1] => Array
        (
            [ErrCode] => E01
            [ErrInfo] => E01240002
        )

)
 from 221.139.179.69
2025/06/20 09:30:21 [/shop/shopping/load_payment_module.php] SendRequest:https://p01.mul-pay.jp/payment/SearchMember.idPass from 221.139.179.69
2025/06/20 09:30:21 [/shop/shopping/load_payment_module.php] Array
(
    [SiteID] => mst0000007602
    [SitePass] => ******
    [MemberID] => 13345
)
 from 221.139.179.69
2025/06/20 09:30:21 [/shop/shopping/load_payment_module.php] ErrCode=E01&ErrInfo=E01390002 from 221.139.179.69
2025/06/20 09:30:21 [/shop/shopping/load_payment_module.php] Array
(
    [0] => Array
        (
            [ErrCode] => E01
            [ErrInfo] => E01390002
        )

)
 from 221.139.179.69
2025/06/20 09:30:21 [/shop/shopping/load_payment_module.php] SendRequest:https://p01.mul-pay.jp/payment/SearchCard.idPass from 221.139.179.69
2025/06/20 09:30:21 [/shop/shopping/load_payment_module.php] Array
(
    [SiteID] => mst0000007602
    [SitePass] => ******
    [MemberID] => 13345
)
 from 221.139.179.69
2025/06/20 09:30:21 [/shop/shopping/load_payment_module.php] ErrCode=E01|E01&ErrInfo=E01390002|E01240002 from 221.139.179.69
2025/06/20 09:30:21 [/shop/shopping/load_payment_module.php] Array
(
    [0] => Array
        (
            [ErrCode] => E01
            [ErrInfo] => E01390002
        )

    [1] => Array
        (
            [ErrCode] => E01
            [ErrInfo] => E01240002
        )

)
 from 221.139.179.69
2025/06/20 09:30:21 [/shop/shopping/load_payment_module.php] SendRequest:https://p01.mul-pay.jp/payment/EntryTran.idPass from 221.139.179.69
2025/06/20 09:30:21 [/shop/shopping/load_payment_module.php] Array
(
    [ShopID] => 9000034600950
    [ShopPass] => ******
    [OrderID] => 961909-20093021
    [JobCd] => CAPTURE
    [Amount] => 8140
    [TdFlag] => 0
    [TdTenantName] => 
)
 from 221.139.179.69
2025/06/20 09:30:21 [/shop/shopping/load_payment_module.php] AccessID=973e69ee751a2fd91aa0d77d4862bace&AccessPass=c48477e9c641a8ccce8284451ab20384 from 221.139.179.69
2025/06/20 09:30:21 [/shop/shopping/load_payment_module.php] Array
(
    [0] => Array
        (
            [AccessID] => 973e69ee751a2fd91aa0d77d4862bace
            [AccessPass] => c48477e9c641a8ccce8284451ab20384
        )

)
 from 221.139.179.69
2025/06/20 09:30:21 [/shop/shopping/load_payment_module.php] load_payment_module.php set payment data:Array
(
    [AccessID] => 973e69ee751a2fd91aa0d77d4862bace
    [AccessPass] => c48477e9c641a8ccce8284451ab20384
    [OrderID] => 961909-20093021
    [Amount] => 8140
    [JobCd] => CAPTURE
    [action_status] => 1
    [pay_status] => 0
)
 from 221.139.179.69
2025/06/20 09:30:21 [/shop/shopping/load_payment_module.php] SendRequest:https://p01.mul-pay.jp/payment/ExecTran.idPass from 221.139.179.69
2025/06/20 09:30:21 [/shop/shopping/load_payment_module.php] Array
(
    [AccessID] => 973e69ee751a2fd91aa0d77d4862bace
    [AccessPass] => c48477e9c641a8ccce8284451ab20384
    [OrderID] => 961909-20093021
    [Method] => 1
    [Token] => abd9af07d98092775791b351cd73aa66a52dd534d06aa9647fb8232820b3e78f
    [ClientField1] => 
    [ClientField2] => 
    [ClientField3] => EC-CUBE4.3.35
)
 from 221.139.179.69
2025/06/20 09:30:22 [/shop/shopping/load_payment_module.php] ACS=0&OrderID=961909-20093021&Forward=2959876&Method=1&PayTimes=&Approve=0402279&TranID=2506200930602257210134101224&TranDate=20250620093022&CheckString=023baec132add4a5432ad2a34dbbd5b1 from 221.139.179.69
2025/06/20 09:30:22 [/shop/shopping/load_payment_module.php] Array
(
    [0] => Array
        (
            [ACS] => 0
            [OrderID] => 961909-20093021
            [Forward] => 2959876
            [Method] => 1
            [PayTimes] => 
            [Approve] => 0402279
            [TranID] => 2506200930602257210134101224
            [TranDate] => 20250620093022
            [CheckString] => 023baec132add4a5432ad2a34dbbd5b1
        )

)
 from 221.139.179.69
2025/06/20 09:30:22 [/shop/shopping/load_payment_module.php] load_payment_module.php set payment data:Array
(
    [ACS] => 0
    [Forward] => 2959876
    [Method] => 1
    [PayTimes] => 
    [Approve] => 0402279
    [TranID] => 2506200930602257210134101224
    [TranDate] => 20250620093022
    [CheckString] => 023baec132add4a5432ad2a34dbbd5b1
    [Amount] => 8140
    [JobCd] => CAPTURE
    [action_status] => 3
    [pay_status] => 13
)
 from 221.139.179.69
2025/06/20 09:30:22 [/shop/user_data/pg_mulpay_recv.php] ******* receiveer data start ******* from 210.175.7.20
2025/06/20 09:30:22 [/shop/user_data/pg_mulpay_recv.php] Array
(
    [ShopID] => 9000034600950
    [ShopPass] => **********
    [AccessID] => 973e69ee751a2fd91aa0d77d4862bace
    [AccessPass] => ********************************
    [OrderID] => 961909-20093021
    [Status] => CAPTURE
    [JobCd] => CAPTURE
    [Amount] => 8140
    [Tax] => 0
    [Currency] => JPN
    [Forward] => 2959876
    [Method] => 1
    [PayTimes] => 
    [TranID] => 2506200930602257210134101224
    [Approve] => 0402279
    [TranDate] => 20250620093022
    [ErrCode] => 
    [ErrInfo] => 
    [PayType] => 0
)
 from 210.175.7.20
2025/06/20 09:30:22 [/shop/user_data/pg_mulpay_recv.php] ******* receiveer data end ******* from 210.175.7.20
2025/06/20 09:30:27 [/shop/user_data/pg_mulpay_recv.php] update order status:1 order_id=961909 from 210.175.7.20
2025/06/20 09:30:27 [/shop/user_data/pg_mulpay_recv.php] pg_mulpay_recv.php set payment data:Array
(
    [ShopID] => 9000034600950
    [AccessID] => 973e69ee751a2fd91aa0d77d4862bace
    [OrderID] => 961909-20093021
    [Status] => CAPTURE
    [JobCd] => CAPTURE
    [Amount] => 8140
    [Tax] => 0
    [Currency] => JPN
    [Forward] => 2959876
    [Method] => 1
    [PayTimes] => 
    [TranID] => 2506200930602257210134101224
    [Approve] => 0402279
    [TranDate] => 20250620093022
    [ErrCode] => 
    [ErrInfo] => 
    [PayType] => 0
    [CvsCode] => 
    [CvsConfNo] => 
    [CvsReceiptNo] => 
    [EdyReceiptNo] => 
    [EdyOrderNo] => 
    [SuicaReceiptNo] => 
    [SuicaOrderNo] => 
    [CustID] => 
    [BkCode] => 
    [ConfNo] => 
    [PaymentTerm] => 
    [EncryptReceiptNo] => 
    [FinishDate] => 
    [ReceiptDate] => 
    [WebMoneyManagementNo] => 
    [WebMoneySettleCode] => 
    [AuPayInfoNo] => 
    [AuPayMethod] => 
    [AuCancelAmount] => 
    [AuCancelTax] => 
    [DocomoSettlementCode] => 
    [DocomoCancelAmount] => 
    [DocomoCancelTax] => 
    [pay_status] => 13
)
 from 210.175.7.20
2025/06/20 09:30:27 [/shop/user_data/pg_mulpay_recv.php] response:true from 210.175.7.20
2025/06/20 13:03:38 [/shop/shopping/load_payment_module.php] SendRequest:https://p01.mul-pay.jp/payment/EntryTran.idPass from 153.176.154.53
2025/06/20 13:03:38 [/shop/shopping/load_payment_module.php] Array
(
    [ShopID] => 9000034600950
    [ShopPass] => ******
    [OrderID] => 961910-20130338
    [JobCd] => CAPTURE
    [Amount] => 22000
    [TdFlag] => 0
    [TdTenantName] => 
)
 from 153.176.154.53
2025/06/20 13:03:38 [/shop/shopping/load_payment_module.php] AccessID=bb4df05dc94d656c739ca6ab2c0fc419&AccessPass=399acb7a069194350a9f66ce11c082fe from 153.176.154.53
2025/06/20 13:03:38 [/shop/shopping/load_payment_module.php] Array
(
    [0] => Array
        (
            [AccessID] => bb4df05dc94d656c739ca6ab2c0fc419
            [AccessPass] => 399acb7a069194350a9f66ce11c082fe
        )

)
 from 153.176.154.53
2025/06/20 13:03:38 [/shop/shopping/load_payment_module.php] load_payment_module.php set payment data:Array
(
    [AccessID] => bb4df05dc94d656c739ca6ab2c0fc419
    [AccessPass] => 399acb7a069194350a9f66ce11c082fe
    [OrderID] => 961910-20130338
    [Amount] => 22000
    [JobCd] => CAPTURE
    [action_status] => 1
    [pay_status] => 0
)
 from 153.176.154.53
2025/06/20 13:03:38 [/shop/shopping/load_payment_module.php] SendRequest:https://p01.mul-pay.jp/payment/ExecTran.idPass from 153.176.154.53
2025/06/20 13:03:38 [/shop/shopping/load_payment_module.php] Array
(
    [AccessID] => bb4df05dc94d656c739ca6ab2c0fc419
    [AccessPass] => 399acb7a069194350a9f66ce11c082fe
    [OrderID] => 961910-20130338
    [Method] => 1
    [Token] => ce2aa99f90ab4499ec6992087b558f4f64b089c2615d05a09e332f558177735d
    [ClientField1] => 
    [ClientField2] => 
    [ClientField3] => EC-CUBE4.3.35
)
 from 153.176.154.53
2025/06/20 13:03:39 [/shop/shopping/load_payment_module.php] ACS=0&OrderID=961910-20130338&Forward=2S49631&Method=1&PayTimes=&Approve=0019899&TranID=2506201303602257210134101225&TranDate=20250620130339&CheckString=6d9f29f6b704933a8c760bc1e795f725 from 153.176.154.53
2025/06/20 13:03:39 [/shop/shopping/load_payment_module.php] Array
(
    [0] => Array
        (
            [ACS] => 0
            [OrderID] => 961910-20130338
            [Forward] => 2S49631
            [Method] => 1
            [PayTimes] => 
            [Approve] => 0019899
            [TranID] => 2506201303602257210134101225
            [TranDate] => 20250620130339
            [CheckString] => 6d9f29f6b704933a8c760bc1e795f725
        )

)
 from 153.176.154.53
2025/06/20 13:03:39 [/shop/shopping/load_payment_module.php] load_payment_module.php set payment data:Array
(
    [ACS] => 0
    [Forward] => 2S49631
    [Method] => 1
    [PayTimes] => 
    [Approve] => 0019899
    [TranID] => 2506201303602257210134101225
    [TranDate] => 20250620130339
    [CheckString] => 6d9f29f6b704933a8c760bc1e795f725
    [Amount] => 22000
    [JobCd] => CAPTURE
    [action_status] => 3
    [pay_status] => 13
)
 from 153.176.154.53
2025/06/20 13:03:39 [/shop/user_data/pg_mulpay_recv.php] ******* receiveer data start ******* from 210.175.7.20
2025/06/20 13:03:39 [/shop/user_data/pg_mulpay_recv.php] Array
(
    [ShopID] => 9000034600950
    [ShopPass] => **********
    [AccessID] => bb4df05dc94d656c739ca6ab2c0fc419
    [AccessPass] => ********************************
    [OrderID] => 961910-20130338
    [Status] => CAPTURE
    [JobCd] => CAPTURE
    [Amount] => 22000
    [Tax] => 0
    [Currency] => JPN
    [Forward] => 2S49631
    [Method] => 1
    [PayTimes] => 
    [TranID] => 2506201303602257210134101225
    [Approve] => 0019899
    [TranDate] => 20250620130339
    [ErrCode] => 
    [ErrInfo] => 
    [PayType] => 0
)
 from 210.175.7.20
2025/06/20 13:03:39 [/shop/user_data/pg_mulpay_recv.php] ******* receiveer data end ******* from 210.175.7.20
2025/06/20 13:03:44 [/shop/user_data/pg_mulpay_recv.php] update order status:1 order_id=961910 from 210.175.7.20
2025/06/20 13:03:44 [/shop/user_data/pg_mulpay_recv.php] pg_mulpay_recv.php set payment data:Array
(
    [ShopID] => 9000034600950
    [AccessID] => bb4df05dc94d656c739ca6ab2c0fc419
    [OrderID] => 961910-20130338
    [Status] => CAPTURE
    [JobCd] => CAPTURE
    [Amount] => 22000
    [Tax] => 0
    [Currency] => JPN
    [Forward] => 2S49631
    [Method] => 1
    [PayTimes] => 
    [TranID] => 2506201303602257210134101225
    [Approve] => 0019899
    [TranDate] => 20250620130339
    [ErrCode] => 
    [ErrInfo] => 
    [PayType] => 0
    [CvsCode] => 
    [CvsConfNo] => 
    [CvsReceiptNo] => 
    [EdyReceiptNo] => 
    [EdyOrderNo] => 
    [SuicaReceiptNo] => 
    [SuicaOrderNo] => 
    [CustID] => 
    [BkCode] => 
    [ConfNo] => 
    [PaymentTerm] => 
    [EncryptReceiptNo] => 
    [FinishDate] => 
    [ReceiptDate] => 
    [WebMoneyManagementNo] => 
    [WebMoneySettleCode] => 
    [AuPayInfoNo] => 
    [AuPayMethod] => 
    [AuCancelAmount] => 
    [AuCancelTax] => 
    [DocomoSettlementCode] => 
    [DocomoCancelAmount] => 
    [DocomoCancelTax] => 
    [pay_status] => 13
)
 from 210.175.7.20
2025/06/20 13:03:44 [/shop/user_data/pg_mulpay_recv.php] response:true from 210.175.7.20
2025/06/20 20:21:23 [/shop/shopping/load_payment_module.php] SendRequest:https://p01.mul-pay.jp/payment/SearchMember.idPass from 47.25.77.175
2025/06/20 20:21:23 [/shop/shopping/load_payment_module.php] Array
(
    [SiteID] => mst0000007602
    [SitePass] => ******
    [MemberID] => 10158
)
 from 47.25.77.175
2025/06/20 20:21:23 [/shop/shopping/load_payment_module.php] ErrCode=E01&ErrInfo=E01390002 from 47.25.77.175
2025/06/20 20:21:23 [/shop/shopping/load_payment_module.php] Array
(
    [0] => Array
        (
            [ErrCode] => E01
            [ErrInfo] => E01390002
        )

)
 from 47.25.77.175
2025/06/20 20:21:23 [/shop/shopping/load_payment_module.php] SendRequest:https://p01.mul-pay.jp/payment/SearchCard.idPass from 47.25.77.175
2025/06/20 20:21:23 [/shop/shopping/load_payment_module.php] Array
(
    [SiteID] => mst0000007602
    [SitePass] => ******
    [MemberID] => 10158
)
 from 47.25.77.175
2025/06/20 20:21:23 [/shop/shopping/load_payment_module.php] ErrCode=E01|E01&ErrInfo=E01390002|E01240002 from 47.25.77.175
2025/06/20 20:21:23 [/shop/shopping/load_payment_module.php] Array
(
    [0] => Array
        (
            [ErrCode] => E01
            [ErrInfo] => E01390002
        )

    [1] => Array
        (
            [ErrCode] => E01
            [ErrInfo] => E01240002
        )

)
 from 47.25.77.175
2025/06/20 20:21:44 [/shop/shopping/load_payment_module.php] SendRequest:https://p01.mul-pay.jp/payment/SearchMember.idPass from 47.25.77.175
2025/06/20 20:21:44 [/shop/shopping/load_payment_module.php] Array
(
    [SiteID] => mst0000007602
    [SitePass] => ******
    [MemberID] => 10158
)
 from 47.25.77.175
2025/06/20 20:21:44 [/shop/shopping/load_payment_module.php] ErrCode=E01&ErrInfo=E01390002 from 47.25.77.175
2025/06/20 20:21:44 [/shop/shopping/load_payment_module.php] Array
(
    [0] => Array
        (
            [ErrCode] => E01
            [ErrInfo] => E01390002
        )

)
 from 47.25.77.175
2025/06/20 20:21:44 [/shop/shopping/load_payment_module.php] SendRequest:https://p01.mul-pay.jp/payment/SearchCard.idPass from 47.25.77.175
2025/06/20 20:21:44 [/shop/shopping/load_payment_module.php] Array
(
    [SiteID] => mst0000007602
    [SitePass] => ******
    [MemberID] => 10158
)
 from 47.25.77.175
2025/06/20 20:21:44 [/shop/shopping/load_payment_module.php] ErrCode=E01|E01&ErrInfo=E01390002|E01240002 from 47.25.77.175
2025/06/20 20:21:44 [/shop/shopping/load_payment_module.php] Array
(
    [0] => Array
        (
            [ErrCode] => E01
            [ErrInfo] => E01390002
        )

    [1] => Array
        (
            [ErrCode] => E01
            [ErrInfo] => E01240002
        )

)
 from 47.25.77.175
2025/06/20 20:21:44 [/shop/shopping/load_payment_module.php] SendRequest:https://p01.mul-pay.jp/payment/EntryTran.idPass from 47.25.77.175
2025/06/20 20:21:44 [/shop/shopping/load_payment_module.php] Array
(
    [ShopID] => 9000034600950
    [ShopPass] => ******
    [OrderID] => 961911-20202144
    [JobCd] => CAPTURE
    [Amount] => 5274
    [TdFlag] => 0
    [TdTenantName] => 
)
 from 47.25.77.175
2025/06/20 20:21:44 [/shop/shopping/load_payment_module.php] AccessID=f409b0314a927cb3545fa35af5f1f292&AccessPass=d9a97e8907f7200ee3c0a7cf706f3d72 from 47.25.77.175
2025/06/20 20:21:44 [/shop/shopping/load_payment_module.php] Array
(
    [0] => Array
        (
            [AccessID] => f409b0314a927cb3545fa35af5f1f292
            [AccessPass] => d9a97e8907f7200ee3c0a7cf706f3d72
        )

)
 from 47.25.77.175
2025/06/20 20:21:44 [/shop/shopping/load_payment_module.php] load_payment_module.php set payment data:Array
(
    [AccessID] => f409b0314a927cb3545fa35af5f1f292
    [AccessPass] => d9a97e8907f7200ee3c0a7cf706f3d72
    [OrderID] => 961911-20202144
    [Amount] => 5274
    [JobCd] => CAPTURE
    [action_status] => 1
    [pay_status] => 0
)
 from 47.25.77.175
2025/06/20 20:21:44 [/shop/shopping/load_payment_module.php] SendRequest:https://p01.mul-pay.jp/payment/ExecTran.idPass from 47.25.77.175
2025/06/20 20:21:44 [/shop/shopping/load_payment_module.php] Array
(
    [AccessID] => f409b0314a927cb3545fa35af5f1f292
    [AccessPass] => d9a97e8907f7200ee3c0a7cf706f3d72
    [OrderID] => 961911-20202144
    [Method] => 1
    [Token] => a6e2873e166be9543ff05bb5c946b8298efb13add5d764b992450e3d2aeed5de
    [ClientField1] => 
    [ClientField2] => 
    [ClientField3] => EC-CUBE4.3.35
)
 from 47.25.77.175
2025/06/20 20:21:46 [/shop/shopping/load_payment_module.php] ACS=0&OrderID=961911-20202144&Forward=2S49631&Method=1&PayTimes=&Approve=0102412&TranID=2506202021602257210134101226&TranDate=20250620202146&CheckString=82248e0e982f68b7b90b0fa4c7e3f821 from 47.25.77.175
2025/06/20 20:21:46 [/shop/shopping/load_payment_module.php] Array
(
    [0] => Array
        (
            [ACS] => 0
            [OrderID] => 961911-20202144
            [Forward] => 2S49631
            [Method] => 1
            [PayTimes] => 
            [Approve] => 0102412
            [TranID] => 2506202021602257210134101226
            [TranDate] => 20250620202146
            [CheckString] => 82248e0e982f68b7b90b0fa4c7e3f821
        )

)
 from 47.25.77.175
2025/06/20 20:21:46 [/shop/shopping/load_payment_module.php] load_payment_module.php set payment data:Array
(
    [ACS] => 0
    [Forward] => 2S49631
    [Method] => 1
    [PayTimes] => 
    [Approve] => 0102412
    [TranID] => 2506202021602257210134101226
    [TranDate] => 20250620202146
    [CheckString] => 82248e0e982f68b7b90b0fa4c7e3f821
    [Amount] => 5274
    [JobCd] => CAPTURE
    [action_status] => 3
    [pay_status] => 13
)
 from 47.25.77.175
2025/06/20 20:21:46 [/shop/user_data/pg_mulpay_recv.php] ******* receiveer data start ******* from 210.175.7.20
2025/06/20 20:21:46 [/shop/user_data/pg_mulpay_recv.php] Array
(
    [ShopID] => 9000034600950
    [ShopPass] => **********
    [AccessID] => f409b0314a927cb3545fa35af5f1f292
    [AccessPass] => ********************************
    [OrderID] => 961911-20202144
    [Status] => CAPTURE
    [JobCd] => CAPTURE
    [Amount] => 5274
    [Tax] => 0
    [Currency] => JPN
    [Forward] => 2S49631
    [Method] => 1
    [PayTimes] => 
    [TranID] => 2506202021602257210134101226
    [Approve] => 0102412
    [TranDate] => 20250620202146
    [ErrCode] => 
    [ErrInfo] => 
    [PayType] => 0
)
 from 210.175.7.20
2025/06/20 20:21:46 [/shop/user_data/pg_mulpay_recv.php] ******* receiveer data end ******* from 210.175.7.20
2025/06/20 20:21:51 [/shop/user_data/pg_mulpay_recv.php] update order status:1 order_id=961911 from 210.175.7.20
2025/06/20 20:21:51 [/shop/user_data/pg_mulpay_recv.php] pg_mulpay_recv.php set payment data:Array
(
    [ShopID] => 9000034600950
    [AccessID] => f409b0314a927cb3545fa35af5f1f292
    [OrderID] => 961911-20202144
    [Status] => CAPTURE
    [JobCd] => CAPTURE
    [Amount] => 5274
    [Tax] => 0
    [Currency] => JPN
    [Forward] => 2S49631
    [Method] => 1
    [PayTimes] => 
    [TranID] => 2506202021602257210134101226
    [Approve] => 0102412
    [TranDate] => 20250620202146
    [ErrCode] => 
    [ErrInfo] => 
    [PayType] => 0
    [CvsCode] => 
    [CvsConfNo] => 
    [CvsReceiptNo] => 
    [EdyReceiptNo] => 
    [EdyOrderNo] => 
    [SuicaReceiptNo] => 
    [SuicaOrderNo] => 
    [CustID] => 
    [BkCode] => 
    [ConfNo] => 
    [PaymentTerm] => 
    [EncryptReceiptNo] => 
    [FinishDate] => 
    [ReceiptDate] => 
    [WebMoneyManagementNo] => 
    [WebMoneySettleCode] => 
    [AuPayInfoNo] => 
    [AuPayMethod] => 
    [AuCancelAmount] => 
    [AuCancelTax] => 
    [DocomoSettlementCode] => 
    [DocomoCancelAmount] => 
    [DocomoCancelTax] => 
    [pay_status] => 13
)
 from 210.175.7.20
2025/06/20 20:21:51 [/shop/user_data/pg_mulpay_recv.php] response:true from 210.175.7.20
2025/06/20 20:25:16 [/shop/shopping/load_payment_module.php] SendRequest:https://p01.mul-pay.jp/payment/EntryTran.idPass from 195.69.8.17
2025/06/20 20:25:16 [/shop/shopping/load_payment_module.php] Array
(
    [ShopID] => 9000034600950
    [ShopPass] => ******
    [OrderID] => 961912-20202516
    [JobCd] => CAPTURE
    [Amount] => 8770
    [TdFlag] => 0
    [TdTenantName] => 
)
 from 195.69.8.17
2025/06/20 20:25:16 [/shop/shopping/load_payment_module.php] AccessID=1a3b6251fa1aebe3830247cec826c1cc&AccessPass=7e28039f647e47b961e72e8f9dc898b2 from 195.69.8.17
2025/06/20 20:25:16 [/shop/shopping/load_payment_module.php] Array
(
    [0] => Array
        (
            [AccessID] => 1a3b6251fa1aebe3830247cec826c1cc
            [AccessPass] => 7e28039f647e47b961e72e8f9dc898b2
        )

)
 from 195.69.8.17
2025/06/20 20:25:16 [/shop/shopping/load_payment_module.php] load_payment_module.php set payment data:Array
(
    [AccessID] => 1a3b6251fa1aebe3830247cec826c1cc
    [AccessPass] => 7e28039f647e47b961e72e8f9dc898b2
    [OrderID] => 961912-20202516
    [Amount] => 8770
    [JobCd] => CAPTURE
    [action_status] => 1
    [pay_status] => 0
)
 from 195.69.8.17
2025/06/20 20:25:16 [/shop/shopping/load_payment_module.php] SendRequest:https://p01.mul-pay.jp/payment/ExecTran.idPass from 195.69.8.17
2025/06/20 20:25:16 [/shop/shopping/load_payment_module.php] Array
(
    [AccessID] => 1a3b6251fa1aebe3830247cec826c1cc
    [AccessPass] => 7e28039f647e47b961e72e8f9dc898b2
    [OrderID] => 961912-20202516
    [Method] => 1
    [Token] => 96a9a563d7902d9918c9cafe07073d8ccb24ec84ccf455f78b9f5db2e05aa46f
    [ClientField1] => 
    [ClientField2] => 
    [ClientField3] => EC-CUBE4.3.35
)
 from 195.69.8.17
2025/06/20 20:25:17 [/shop/shopping/load_payment_module.php] ACS=0&OrderID=961912-20202516&Forward=2a99661&Method=1&PayTimes=&Approve=0225863&TranID=2506202025602257210134101227&TranDate=20250620202517&CheckString=88be6f189c28428d4d66a4512f57e1a9 from 195.69.8.17
2025/06/20 20:25:17 [/shop/shopping/load_payment_module.php] Array
(
    [0] => Array
        (
            [ACS] => 0
            [OrderID] => 961912-20202516
            [Forward] => 2a99661
            [Method] => 1
            [PayTimes] => 
            [Approve] => 0225863
            [TranID] => 2506202025602257210134101227
            [TranDate] => 20250620202517
            [CheckString] => 88be6f189c28428d4d66a4512f57e1a9
        )

)
 from 195.69.8.17
2025/06/20 20:25:17 [/shop/shopping/load_payment_module.php] load_payment_module.php set payment data:Array
(
    [ACS] => 0
    [Forward] => 2a99661
    [Method] => 1
    [PayTimes] => 
    [Approve] => 0225863
    [TranID] => 2506202025602257210134101227
    [TranDate] => 20250620202517
    [CheckString] => 88be6f189c28428d4d66a4512f57e1a9
    [Amount] => 8770
    [JobCd] => CAPTURE
    [action_status] => 3
    [pay_status] => 13
)
 from 195.69.8.17
2025/06/20 20:25:17 [/shop/user_data/pg_mulpay_recv.php] ******* receiveer data start ******* from 210.175.7.20
2025/06/20 20:25:17 [/shop/user_data/pg_mulpay_recv.php] Array
(
    [ShopID] => 9000034600950
    [ShopPass] => **********
    [AccessID] => 1a3b6251fa1aebe3830247cec826c1cc
    [AccessPass] => ********************************
    [OrderID] => 961912-20202516
    [Status] => CAPTURE
    [JobCd] => CAPTURE
    [Amount] => 8770
    [Tax] => 0
    [Currency] => JPN
    [Forward] => 2a99661
    [Method] => 1
    [PayTimes] => 
    [TranID] => 2506202025602257210134101227
    [Approve] => 0225863
    [TranDate] => 20250620202517
    [ErrCode] => 
    [ErrInfo] => 
    [PayType] => 0
)
 from 210.175.7.20
2025/06/20 20:25:17 [/shop/user_data/pg_mulpay_recv.php] ******* receiveer data end ******* from 210.175.7.20
2025/06/20 20:25:22 [/shop/user_data/pg_mulpay_recv.php] update order status:1 order_id=961912 from 210.175.7.20
2025/06/20 20:25:22 [/shop/user_data/pg_mulpay_recv.php] pg_mulpay_recv.php set payment data:Array
(
    [ShopID] => 9000034600950
    [AccessID] => 1a3b6251fa1aebe3830247cec826c1cc
    [OrderID] => 961912-20202516
    [Status] => CAPTURE
    [JobCd] => CAPTURE
    [Amount] => 8770
    [Tax] => 0
    [Currency] => JPN
    [Forward] => 2a99661
    [Method] => 1
    [PayTimes] => 
    [TranID] => 2506202025602257210134101227
    [Approve] => 0225863
    [TranDate] => 20250620202517
    [ErrCode] => 
    [ErrInfo] => 
    [PayType] => 0
    [CvsCode] => 
    [CvsConfNo] => 
    [CvsReceiptNo] => 
    [EdyReceiptNo] => 
    [EdyOrderNo] => 
    [SuicaReceiptNo] => 
    [SuicaOrderNo] => 
    [CustID] => 
    [BkCode] => 
    [ConfNo] => 
    [PaymentTerm] => 
    [EncryptReceiptNo] => 
    [FinishDate] => 
    [ReceiptDate] => 
    [WebMoneyManagementNo] => 
    [WebMoneySettleCode] => 
    [AuPayInfoNo] => 
    [AuPayMethod] => 
    [AuCancelAmount] => 
    [AuCancelTax] => 
    [DocomoSettlementCode] => 
    [DocomoCancelAmount] => 
    [DocomoCancelTax] => 
    [pay_status] => 13
)
 from 210.175.7.20
2025/06/20 20:25:22 [/shop/user_data/pg_mulpay_recv.php] response:true from 210.175.7.20
2025/06/20 21:00:20 [/shop/shopping/load_payment_module.php] SendRequest:https://p01.mul-pay.jp/payment/SearchMember.idPass from 49.230.56.53
2025/06/20 21:00:20 [/shop/shopping/load_payment_module.php] Array
(
    [SiteID] => mst0000007602
    [SitePass] => ******
    [MemberID] => 7124
)
 from 49.230.56.53
2025/06/20 21:00:20 [/shop/shopping/load_payment_module.php] MemberID=7124&MemberName=r5ae94d854a86dEBZGzRK7&DeleteFlag=0 from 49.230.56.53
2025/06/20 21:00:20 [/shop/shopping/load_payment_module.php] Array
(
    [0] => Array
        (
            [MemberID] => 7124
            [MemberName] => r5ae94d854a86dEBZGzRK7
            [DeleteFlag] => 0
        )

)
 from 49.230.56.53
2025/06/20 21:00:20 [/shop/shopping/load_payment_module.php] SendRequest:https://p01.mul-pay.jp/payment/SearchCard.idPass from 49.230.56.53
2025/06/20 21:00:20 [/shop/shopping/load_payment_module.php] Array
(
    [SiteID] => mst0000007602
    [SitePass] => ******
    [MemberID] => 7124
)
 from 49.230.56.53
2025/06/20 21:00:21 [/shop/shopping/load_payment_module.php] ErrCode=E01&ErrInfo=E01240002 from 49.230.56.53
2025/06/20 21:00:21 [/shop/shopping/load_payment_module.php] Array
(
    [0] => Array
        (
            [ErrCode] => E01
            [ErrInfo] => E01240002
        )

)
 from 49.230.56.53
2025/06/20 21:02:18 [/shop/shopping/load_payment_module.php] SendRequest:https://p01.mul-pay.jp/payment/SearchMember.idPass from 49.230.56.53
2025/06/20 21:02:18 [/shop/shopping/load_payment_module.php] Array
(
    [SiteID] => mst0000007602
    [SitePass] => ******
    [MemberID] => 7124
)
 from 49.230.56.53
2025/06/20 21:02:18 [/shop/shopping/load_payment_module.php] MemberID=7124&MemberName=r5ae94d854a86dEBZGzRK7&DeleteFlag=0 from 49.230.56.53
2025/06/20 21:02:18 [/shop/shopping/load_payment_module.php] Array
(
    [0] => Array
        (
            [MemberID] => 7124
            [MemberName] => r5ae94d854a86dEBZGzRK7
            [DeleteFlag] => 0
        )

)
 from 49.230.56.53
2025/06/20 21:02:18 [/shop/shopping/load_payment_module.php] SendRequest:https://p01.mul-pay.jp/payment/SearchCard.idPass from 49.230.56.53
2025/06/20 21:02:18 [/shop/shopping/load_payment_module.php] Array
(
    [SiteID] => mst0000007602
    [SitePass] => ******
    [MemberID] => 7124
)
 from 49.230.56.53
2025/06/20 21:02:18 [/shop/shopping/load_payment_module.php] ErrCode=E01&ErrInfo=E01240002 from 49.230.56.53
2025/06/20 21:02:18 [/shop/shopping/load_payment_module.php] Array
(
    [0] => Array
        (
            [ErrCode] => E01
            [ErrInfo] => E01240002
        )

)
 from 49.230.56.53
2025/06/20 21:02:18 [/shop/shopping/load_payment_module.php] SendRequest:https://p01.mul-pay.jp/payment/EntryTran.idPass from 49.230.56.53
2025/06/20 21:02:18 [/shop/shopping/load_payment_module.php] Array
(
    [ShopID] => 9000034600950
    [ShopPass] => ******
    [OrderID] => 961913-20210218
    [JobCd] => CAPTURE
    [Amount] => 76250
    [TdFlag] => 0
    [TdTenantName] => 
)
 from 49.230.56.53
2025/06/20 21:02:18 [/shop/shopping/load_payment_module.php] AccessID=fe8ca0a305a9363cc7c4f5cb3e9d4ae2&AccessPass=3b50444d4e91a6c23136abdc514d8dc7 from 49.230.56.53
2025/06/20 21:02:18 [/shop/shopping/load_payment_module.php] Array
(
    [0] => Array
        (
            [AccessID] => fe8ca0a305a9363cc7c4f5cb3e9d4ae2
            [AccessPass] => 3b50444d4e91a6c23136abdc514d8dc7
        )

)
 from 49.230.56.53
2025/06/20 21:02:18 [/shop/shopping/load_payment_module.php] load_payment_module.php set payment data:Array
(
    [AccessID] => fe8ca0a305a9363cc7c4f5cb3e9d4ae2
    [AccessPass] => 3b50444d4e91a6c23136abdc514d8dc7
    [OrderID] => 961913-20210218
    [Amount] => 76250
    [JobCd] => CAPTURE
    [action_status] => 1
    [pay_status] => 0
)
 from 49.230.56.53
2025/06/20 21:02:18 [/shop/shopping/load_payment_module.php] SendRequest:https://p01.mul-pay.jp/payment/ExecTran.idPass from 49.230.56.53
2025/06/20 21:02:18 [/shop/shopping/load_payment_module.php] Array
(
    [AccessID] => fe8ca0a305a9363cc7c4f5cb3e9d4ae2
    [AccessPass] => 3b50444d4e91a6c23136abdc514d8dc7
    [OrderID] => 961913-20210218
    [Method] => 1
    [Token] => 46b7861ca7629373794913fe31486c2ee3b48b930fd1f885200ee9d487f44e65
    [ClientField1] => 
    [ClientField2] => 
    [ClientField3] => EC-CUBE4.3.35
)
 from 49.230.56.53
2025/06/20 21:02:18 [/shop/shopping/load_payment_module.php] ACS=0&OrderID=961913-20210218&Forward=2959876&Method=1&PayTimes=&Approve=0634324&TranID=2506202102602257210134101228&TranDate=20250620210218&CheckString=fbf42d1cda61babd1c8e872fdd676ce1 from 49.230.56.53
2025/06/20 21:02:18 [/shop/shopping/load_payment_module.php] Array
(
    [0] => Array
        (
            [ACS] => 0
            [OrderID] => 961913-20210218
            [Forward] => 2959876
            [Method] => 1
            [PayTimes] => 
            [Approve] => 0634324
            [TranID] => 2506202102602257210134101228
            [TranDate] => 20250620210218
            [CheckString] => fbf42d1cda61babd1c8e872fdd676ce1
        )

)
 from 49.230.56.53
2025/06/20 21:02:18 [/shop/shopping/load_payment_module.php] load_payment_module.php set payment data:Array
(
    [ACS] => 0
    [Forward] => 2959876
    [Method] => 1
    [PayTimes] => 
    [Approve] => 0634324
    [TranID] => 2506202102602257210134101228
    [TranDate] => 20250620210218
    [CheckString] => fbf42d1cda61babd1c8e872fdd676ce1
    [Amount] => 76250
    [JobCd] => CAPTURE
    [action_status] => 3
    [pay_status] => 13
)
 from 49.230.56.53
2025/06/20 21:02:19 [/shop/user_data/pg_mulpay_recv.php] ******* receiveer data start ******* from 210.175.7.20
2025/06/20 21:02:19 [/shop/user_data/pg_mulpay_recv.php] Array
(
    [ShopID] => 9000034600950
    [ShopPass] => **********
    [AccessID] => fe8ca0a305a9363cc7c4f5cb3e9d4ae2
    [AccessPass] => ********************************
    [OrderID] => 961913-20210218
    [Status] => CAPTURE
    [JobCd] => CAPTURE
    [Amount] => 76250
    [Tax] => 0
    [Currency] => JPN
    [Forward] => 2959876
    [Method] => 1
    [PayTimes] => 
    [TranID] => 2506202102602257210134101228
    [Approve] => 0634324
    [TranDate] => 20250620210218
    [ErrCode] => 
    [ErrInfo] => 
    [PayType] => 0
)
 from 210.175.7.20
2025/06/20 21:02:19 [/shop/user_data/pg_mulpay_recv.php] ******* receiveer data end ******* from 210.175.7.20
2025/06/20 21:02:24 [/shop/user_data/pg_mulpay_recv.php] update order status:1 order_id=961913 from 210.175.7.20
2025/06/20 21:02:24 [/shop/user_data/pg_mulpay_recv.php] pg_mulpay_recv.php set payment data:Array
(
    [ShopID] => 9000034600950
    [AccessID] => fe8ca0a305a9363cc7c4f5cb3e9d4ae2
    [OrderID] => 961913-20210218
    [Status] => CAPTURE
    [JobCd] => CAPTURE
    [Amount] => 76250
    [Tax] => 0
    [Currency] => JPN
    [Forward] => 2959876
    [Method] => 1
    [PayTimes] => 
    [TranID] => 2506202102602257210134101228
    [Approve] => 0634324
    [TranDate] => 20250620210218
    [ErrCode] => 
    [ErrInfo] => 
    [PayType] => 0
    [CvsCode] => 
    [CvsConfNo] => 
    [CvsReceiptNo] => 
    [EdyReceiptNo] => 
    [EdyOrderNo] => 
    [SuicaReceiptNo] => 
    [SuicaOrderNo] => 
    [CustID] => 
    [BkCode] => 
    [ConfNo] => 
    [PaymentTerm] => 
    [EncryptReceiptNo] => 
    [FinishDate] => 
    [ReceiptDate] => 
    [WebMoneyManagementNo] => 
    [WebMoneySettleCode] => 
    [AuPayInfoNo] => 
    [AuPayMethod] => 
    [AuCancelAmount] => 
    [AuCancelTax] => 
    [DocomoSettlementCode] => 
    [DocomoCancelAmount] => 
    [DocomoCancelTax] => 
    [pay_status] => 13
)
 from 210.175.7.20
2025/06/20 21:02:24 [/shop/user_data/pg_mulpay_recv.php] response:true from 210.175.7.20
2025/06/20 21:38:48 [/shop/shopping/load_payment_module.php] SendRequest:https://p01.mul-pay.jp/payment/SearchMember.idPass from 165.225.223.35
2025/06/20 21:38:48 [/shop/shopping/load_payment_module.php] Array
(
    [SiteID] => mst0000007602
    [SitePass] => ******
    [MemberID] => 3448
)
 from 165.225.223.35
2025/06/20 21:38:48 [/shop/shopping/load_payment_module.php] ErrCode=E01&ErrInfo=E01390002 from 165.225.223.35
2025/06/20 21:38:48 [/shop/shopping/load_payment_module.php] Array
(
    [0] => Array
        (
            [ErrCode] => E01
            [ErrInfo] => E01390002
        )

)
 from 165.225.223.35
2025/06/20 21:38:48 [/shop/shopping/load_payment_module.php] SendRequest:https://p01.mul-pay.jp/payment/SearchCard.idPass from 165.225.223.35
2025/06/20 21:38:48 [/shop/shopping/load_payment_module.php] Array
(
    [SiteID] => mst0000007602
    [SitePass] => ******
    [MemberID] => 3448
)
 from 165.225.223.35
2025/06/20 21:38:48 [/shop/shopping/load_payment_module.php] ErrCode=E01|E01&ErrInfo=E01390002|E01240002 from 165.225.223.35
2025/06/20 21:38:48 [/shop/shopping/load_payment_module.php] Array
(
    [0] => Array
        (
            [ErrCode] => E01
            [ErrInfo] => E01390002
        )

    [1] => Array
        (
            [ErrCode] => E01
            [ErrInfo] => E01240002
        )

)
 from 165.225.223.35
2025/06/20 21:39:07 [/shop/shopping/load_payment_module.php] SendRequest:https://p01.mul-pay.jp/payment/SearchMember.idPass from 165.225.223.49
2025/06/20 21:39:07 [/shop/shopping/load_payment_module.php] Array
(
    [SiteID] => mst0000007602
    [SitePass] => ******
    [MemberID] => 3448
)
 from 165.225.223.49
2025/06/20 21:39:07 [/shop/shopping/load_payment_module.php] ErrCode=E01&ErrInfo=E01390002 from 165.225.223.49
2025/06/20 21:39:07 [/shop/shopping/load_payment_module.php] Array
(
    [0] => Array
        (
            [ErrCode] => E01
            [ErrInfo] => E01390002
        )

)
 from 165.225.223.49
2025/06/20 21:39:07 [/shop/shopping/load_payment_module.php] SendRequest:https://p01.mul-pay.jp/payment/SearchCard.idPass from 165.225.223.49
2025/06/20 21:39:07 [/shop/shopping/load_payment_module.php] Array
(
    [SiteID] => mst0000007602
    [SitePass] => ******
    [MemberID] => 3448
)
 from 165.225.223.49
2025/06/20 21:39:07 [/shop/shopping/load_payment_module.php] ErrCode=E01|E01&ErrInfo=E01390002|E01240002 from 165.225.223.49
2025/06/20 21:39:07 [/shop/shopping/load_payment_module.php] Array
(
    [0] => Array
        (
            [ErrCode] => E01
            [ErrInfo] => E01390002
        )

    [1] => Array
        (
            [ErrCode] => E01
            [ErrInfo] => E01240002
        )

)
 from 165.225.223.49
2025/06/20 21:39:07 [/shop/shopping/load_payment_module.php] SendRequest:https://p01.mul-pay.jp/payment/EntryTran.idPass from 165.225.223.49
2025/06/20 21:39:07 [/shop/shopping/load_payment_module.php] Array
(
    [ShopID] => 9000034600950
    [ShopPass] => ******
    [OrderID] => 961914-20213907
    [JobCd] => CAPTURE
    [Amount] => 10500
    [TdFlag] => 0
    [TdTenantName] => 
)
 from 165.225.223.49
2025/06/20 21:39:07 [/shop/shopping/load_payment_module.php] AccessID=a0792d1e1d644bfbb391785decbf76ae&AccessPass=3eb441e07363ddf2e2f214a6a63b76fb from 165.225.223.49
2025/06/20 21:39:07 [/shop/shopping/load_payment_module.php] Array
(
    [0] => Array
        (
            [AccessID] => a0792d1e1d644bfbb391785decbf76ae
            [AccessPass] => 3eb441e07363ddf2e2f214a6a63b76fb
        )

)
 from 165.225.223.49
2025/06/20 21:39:07 [/shop/shopping/load_payment_module.php] load_payment_module.php set payment data:Array
(
    [AccessID] => a0792d1e1d644bfbb391785decbf76ae
    [AccessPass] => 3eb441e07363ddf2e2f214a6a63b76fb
    [OrderID] => 961914-20213907
    [Amount] => 10500
    [JobCd] => CAPTURE
    [action_status] => 1
    [pay_status] => 0
)
 from 165.225.223.49
2025/06/20 21:39:07 [/shop/shopping/load_payment_module.php] SendRequest:https://p01.mul-pay.jp/payment/ExecTran.idPass from 165.225.223.49
2025/06/20 21:39:07 [/shop/shopping/load_payment_module.php] Array
(
    [AccessID] => a0792d1e1d644bfbb391785decbf76ae
    [AccessPass] => 3eb441e07363ddf2e2f214a6a63b76fb
    [OrderID] => 961914-20213907
    [Method] => 1
    [Token] => 70a48bf5e5800fd7a133b95a29a2e3a7e2e878dd5674fb08e543333b83186dc2
    [ClientField1] => 
    [ClientField2] => 
    [ClientField3] => EC-CUBE4.3.35
)
 from 165.225.223.49
2025/06/20 21:39:08 [/shop/shopping/load_payment_module.php] ACS=0&OrderID=961914-20213907&Forward=2a99661&Method=1&PayTimes=&Approve=0228540&TranID=2506202139602257210134101229&TranDate=20250620213908&CheckString=ecad2eac72bcacc550a5b412fcb37447 from 165.225.223.49
2025/06/20 21:39:08 [/shop/shopping/load_payment_module.php] Array
(
    [0] => Array
        (
            [ACS] => 0
            [OrderID] => 961914-20213907
            [Forward] => 2a99661
            [Method] => 1
            [PayTimes] => 
            [Approve] => 0228540
            [TranID] => 2506202139602257210134101229
            [TranDate] => 20250620213908
            [CheckString] => ecad2eac72bcacc550a5b412fcb37447
        )

)
 from 165.225.223.49
2025/06/20 21:39:08 [/shop/shopping/load_payment_module.php] load_payment_module.php set payment data:Array
(
    [ACS] => 0
    [Forward] => 2a99661
    [Method] => 1
    [PayTimes] => 
    [Approve] => 0228540
    [TranID] => 2506202139602257210134101229
    [TranDate] => 20250620213908
    [CheckString] => ecad2eac72bcacc550a5b412fcb37447
    [Amount] => 10500
    [JobCd] => CAPTURE
    [action_status] => 3
    [pay_status] => 13
)
 from 165.225.223.49
2025/06/20 21:39:08 [/shop/user_data/pg_mulpay_recv.php] ******* receiveer data start ******* from 210.175.7.20
2025/06/20 21:39:08 [/shop/user_data/pg_mulpay_recv.php] Array
(
    [ShopID] => 9000034600950
    [ShopPass] => **********
    [AccessID] => a0792d1e1d644bfbb391785decbf76ae
    [AccessPass] => ********************************
    [OrderID] => 961914-20213907
    [Status] => CAPTURE
    [JobCd] => CAPTURE
    [Amount] => 10500
    [Tax] => 0
    [Currency] => JPN
    [Forward] => 2a99661
    [Method] => 1
    [PayTimes] => 
    [TranID] => 2506202139602257210134101229
    [Approve] => 0228540
    [TranDate] => 20250620213908
    [ErrCode] => 
    [ErrInfo] => 
    [PayType] => 0
)
 from 210.175.7.20
2025/06/20 21:39:08 [/shop/user_data/pg_mulpay_recv.php] ******* receiveer data end ******* from 210.175.7.20
2025/06/20 21:39:14 [/shop/user_data/pg_mulpay_recv.php] update order status:1 order_id=961914 from 210.175.7.20
2025/06/20 21:39:14 [/shop/user_data/pg_mulpay_recv.php] pg_mulpay_recv.php set payment data:Array
(
    [ShopID] => 9000034600950
    [AccessID] => a0792d1e1d644bfbb391785decbf76ae
    [OrderID] => 961914-20213907
    [Status] => CAPTURE
    [JobCd] => CAPTURE
    [Amount] => 10500
    [Tax] => 0
    [Currency] => JPN
    [Forward] => 2a99661
    [Method] => 1
    [PayTimes] => 
    [TranID] => 2506202139602257210134101229
    [Approve] => 0228540
    [TranDate] => 20250620213908
    [ErrCode] => 
    [ErrInfo] => 
    [PayType] => 0
    [CvsCode] => 
    [CvsConfNo] => 
    [CvsReceiptNo] => 
    [EdyReceiptNo] => 
    [EdyOrderNo] => 
    [SuicaReceiptNo] => 
    [SuicaOrderNo] => 
    [CustID] => 
    [BkCode] => 
    [ConfNo] => 
    [PaymentTerm] => 
    [EncryptReceiptNo] => 
    [FinishDate] => 
    [ReceiptDate] => 
    [WebMoneyManagementNo] => 
    [WebMoneySettleCode] => 
    [AuPayInfoNo] => 
    [AuPayMethod] => 
    [AuCancelAmount] => 
    [AuCancelTax] => 
    [DocomoSettlementCode] => 
    [DocomoCancelAmount] => 
    [DocomoCancelTax] => 
    [pay_status] => 13
)
 from 210.175.7.20
2025/06/20 21:39:14 [/shop/user_data/pg_mulpay_recv.php] response:true from 210.175.7.20
2025/06/20 22:55:48 [/shop/shopping/load_payment_module.php] SendRequest:https://p01.mul-pay.jp/payment/SearchMember.idPass from 217.15.57.100
2025/06/20 22:55:48 [/shop/shopping/load_payment_module.php] Array
(
    [SiteID] => mst0000007602
    [SitePass] => ******
    [MemberID] => 13343
)
 from 217.15.57.100
2025/06/20 22:55:48 [/shop/shopping/load_payment_module.php] ErrCode=E01&ErrInfo=E01390002 from 217.15.57.100
2025/06/20 22:55:48 [/shop/shopping/load_payment_module.php] Array
(
    [0] => Array
        (
            [ErrCode] => E01
            [ErrInfo] => E01390002
        )

)
 from 217.15.57.100
2025/06/20 22:55:48 [/shop/shopping/load_payment_module.php] SendRequest:https://p01.mul-pay.jp/payment/SearchCard.idPass from 217.15.57.100
2025/06/20 22:55:48 [/shop/shopping/load_payment_module.php] Array
(
    [SiteID] => mst0000007602
    [SitePass] => ******
    [MemberID] => 13343
)
 from 217.15.57.100
2025/06/20 22:55:48 [/shop/shopping/load_payment_module.php] ErrCode=E01|E01&ErrInfo=E01390002|E01240002 from 217.15.57.100
2025/06/20 22:55:48 [/shop/shopping/load_payment_module.php] Array
(
    [0] => Array
        (
            [ErrCode] => E01
            [ErrInfo] => E01390002
        )

    [1] => Array
        (
            [ErrCode] => E01
            [ErrInfo] => E01240002
        )

)
 from 217.15.57.100
2025/06/20 22:57:14 [/shop/shopping/load_payment_module.php] SendRequest:https://p01.mul-pay.jp/payment/SearchMember.idPass from 217.15.57.100
2025/06/20 22:57:14 [/shop/shopping/load_payment_module.php] Array
(
    [SiteID] => mst0000007602
    [SitePass] => ******
    [MemberID] => 13343
)
 from 217.15.57.100
2025/06/20 22:57:14 [/shop/shopping/load_payment_module.php] ErrCode=E01&ErrInfo=E01390002 from 217.15.57.100
2025/06/20 22:57:14 [/shop/shopping/load_payment_module.php] Array
(
    [0] => Array
        (
            [ErrCode] => E01
            [ErrInfo] => E01390002
        )

)
 from 217.15.57.100
2025/06/20 22:57:14 [/shop/shopping/load_payment_module.php] SendRequest:https://p01.mul-pay.jp/payment/SearchCard.idPass from 217.15.57.100
2025/06/20 22:57:14 [/shop/shopping/load_payment_module.php] Array
(
    [SiteID] => mst0000007602
    [SitePass] => ******
    [MemberID] => 13343
)
 from 217.15.57.100
2025/06/20 22:57:14 [/shop/shopping/load_payment_module.php] ErrCode=E01|E01&ErrInfo=E01390002|E01240002 from 217.15.57.100
2025/06/20 22:57:14 [/shop/shopping/load_payment_module.php] Array
(
    [0] => Array
        (
            [ErrCode] => E01
            [ErrInfo] => E01390002
        )

    [1] => Array
        (
            [ErrCode] => E01
            [ErrInfo] => E01240002
        )

)
 from 217.15.57.100
2025/06/20 22:57:14 [/shop/shopping/load_payment_module.php] SendRequest:https://p01.mul-pay.jp/payment/EntryTran.idPass from 217.15.57.100
2025/06/20 22:57:14 [/shop/shopping/load_payment_module.php] Array
(
    [ShopID] => 9000034600950
    [ShopPass] => ******
    [OrderID] => 961915-20225714
    [JobCd] => CAPTURE
    [Amount] => 7050
    [TdFlag] => 0
    [TdTenantName] => 
)
 from 217.15.57.100
2025/06/20 22:57:14 [/shop/shopping/load_payment_module.php] AccessID=a8f347d70638c10e1452e1243a60a350&AccessPass=210a73182baaa41bef64b846f8f5953f from 217.15.57.100
2025/06/20 22:57:14 [/shop/shopping/load_payment_module.php] Array
(
    [0] => Array
        (
            [AccessID] => a8f347d70638c10e1452e1243a60a350
            [AccessPass] => 210a73182baaa41bef64b846f8f5953f
        )

)
 from 217.15.57.100
2025/06/20 22:57:14 [/shop/shopping/load_payment_module.php] load_payment_module.php set payment data:Array
(
    [AccessID] => a8f347d70638c10e1452e1243a60a350
    [AccessPass] => 210a73182baaa41bef64b846f8f5953f
    [OrderID] => 961915-20225714
    [Amount] => 7050
    [JobCd] => CAPTURE
    [action_status] => 1
    [pay_status] => 0
)
 from 217.15.57.100
2025/06/20 22:57:14 [/shop/shopping/load_payment_module.php] SendRequest:https://p01.mul-pay.jp/payment/ExecTran.idPass from 217.15.57.100
2025/06/20 22:57:14 [/shop/shopping/load_payment_module.php] Array
(
    [AccessID] => a8f347d70638c10e1452e1243a60a350
    [AccessPass] => 210a73182baaa41bef64b846f8f5953f
    [OrderID] => 961915-20225714
    [Method] => 1
    [Token] => 1d26c57e823e0ae846cf9b14e23d6e57231214ef28bd27fb2ce19863cdd52155
    [ClientField1] => 
    [ClientField2] => 
    [ClientField3] => EC-CUBE4.3.35
)
 from 217.15.57.100
2025/06/20 22:57:16 [/shop/shopping/load_payment_module.php] ErrCode=G54&ErrInfo=42G540000 from 217.15.57.100
2025/06/20 22:57:16 [/shop/shopping/load_payment_module.php] Array
(
    [0] => Array
        (
            [ErrCode] => G54
            [ErrInfo] => 42G540000
        )

)
 from 217.15.57.100
2025/06/20 22:57:16 [/shop/shopping/load_payment_module.php] load_payment_module.php set payment data:Array
(
    [request_error] => Array
        (
            [0] => このカードでは取引をする事が出来ません。 (G54-42G540000)
        )

    [Amount] => 7050
    [JobCd] => CAPTURE
    [action_status] => 3
)
 from 217.15.57.100
2025/06/20 22:57:16 [/shop/user_data/pg_mulpay_recv.php] ******* receiveer data start ******* from 210.175.7.20
2025/06/20 22:57:16 [/shop/user_data/pg_mulpay_recv.php] Array
(
    [ShopID] => 9000034600950
    [ShopPass] => **********
    [AccessID] => a8f347d70638c10e1452e1243a60a350
    [AccessPass] => ********************************
    [OrderID] => 961915-20225714
    [Status] => UNPROCESSED
    [JobCd] => CAPTURE
    [Amount] => 7050
    [Tax] => 0
    [Currency] => JPN
    [Forward] => 2S49631
    [Method] => 1
    [PayTimes] => 
    [TranID] => 2506202257602257210134101230
    [Approve] => 
    [TranDate] => 20250620225716
    [ErrCode] => G54
    [ErrInfo] => 42G540000
    [PayType] => 0
)
 from 210.175.7.20
2025/06/20 22:57:16 [/shop/user_data/pg_mulpay_recv.php] ******* receiveer data end ******* from 210.175.7.20
2025/06/20 22:57:16 [/shop/user_data/pg_mulpay_recv.php] pg_mulpay_recv.php set payment data:Array
(
    [ShopID] => 9000034600950
    [AccessID] => a8f347d70638c10e1452e1243a60a350
    [OrderID] => 961915-20225714
    [Status] => UNPROCESSED
    [JobCd] => CAPTURE
    [Amount] => 7050
    [Tax] => 0
    [Currency] => JPN
    [Forward] => 2S49631
    [Method] => 1
    [PayTimes] => 
    [TranID] => 2506202257602257210134101230
    [Approve] => 
    [TranDate] => 20250620225716
    [ErrCode] => G54
    [ErrInfo] => 42G540000
    [PayType] => 0
    [CvsCode] => 
    [CvsConfNo] => 
    [CvsReceiptNo] => 
    [EdyReceiptNo] => 
    [EdyOrderNo] => 
    [SuicaReceiptNo] => 
    [SuicaOrderNo] => 
    [CustID] => 
    [BkCode] => 
    [ConfNo] => 
    [PaymentTerm] => 
    [EncryptReceiptNo] => 
    [FinishDate] => 
    [ReceiptDate] => 
    [WebMoneyManagementNo] => 
    [WebMoneySettleCode] => 
    [AuPayInfoNo] => 
    [AuPayMethod] => 
    [AuCancelAmount] => 
    [AuCancelTax] => 
    [DocomoSettlementCode] => 
    [DocomoCancelAmount] => 
    [DocomoCancelTax] => 
    [pay_status] => 0
)
 from 210.175.7.20
2025/06/20 22:57:16 [/shop/user_data/pg_mulpay_recv.php] response:true from 210.175.7.20
2025/06/20 23:01:22 [/shop/shopping/load_payment_module.php] SendRequest:https://p01.mul-pay.jp/payment/SearchMember.idPass from 217.15.57.100
2025/06/20 23:01:22 [/shop/shopping/load_payment_module.php] Array
(
    [SiteID] => mst0000007602
    [SitePass] => ******
    [MemberID] => 13343
)
 from 217.15.57.100
2025/06/20 23:01:22 [/shop/shopping/load_payment_module.php] ErrCode=E01&ErrInfo=E01390002 from 217.15.57.100
2025/06/20 23:01:22 [/shop/shopping/load_payment_module.php] Array
(
    [0] => Array
        (
            [ErrCode] => E01
            [ErrInfo] => E01390002
        )

)
 from 217.15.57.100
2025/06/20 23:01:22 [/shop/shopping/load_payment_module.php] SendRequest:https://p01.mul-pay.jp/payment/SearchCard.idPass from 217.15.57.100
2025/06/20 23:01:22 [/shop/shopping/load_payment_module.php] Array
(
    [SiteID] => mst0000007602
    [SitePass] => ******
    [MemberID] => 13343
)
 from 217.15.57.100
2025/06/20 23:01:22 [/shop/shopping/load_payment_module.php] ErrCode=E01|E01&ErrInfo=E01390002|E01240002 from 217.15.57.100
2025/06/20 23:01:22 [/shop/shopping/load_payment_module.php] Array
(
    [0] => Array
        (
            [ErrCode] => E01
            [ErrInfo] => E01390002
        )

    [1] => Array
        (
            [ErrCode] => E01
            [ErrInfo] => E01240002
        )

)
 from 217.15.57.100
2025/06/20 23:01:22 [/shop/shopping/load_payment_module.php] SendRequest:https://p01.mul-pay.jp/payment/ExecTran.idPass from 217.15.57.100
2025/06/20 23:01:22 [/shop/shopping/load_payment_module.php] Array
(
    [AccessID] => a8f347d70638c10e1452e1243a60a350
    [AccessPass] => 210a73182baaa41bef64b846f8f5953f
    [OrderID] => 961915-20225714
    [Method] => 1
    [PayTimes] => 
    [Token] => 8efe03979bfb7f4a95bf98c106e162ee7e691e1252eee816be7bade5dcfe206a
    [ClientField1] => 
    [ClientField2] => 
    [ClientField3] => EC-CUBE4.3.35
)
 from 217.15.57.100
2025/06/20 23:01:24 [/shop/shopping/load_payment_module.php] ErrCode=G54&ErrInfo=42G540000 from 217.15.57.100
2025/06/20 23:01:24 [/shop/shopping/load_payment_module.php] Array
(
    [0] => Array
        (
            [ErrCode] => G54
            [ErrInfo] => 42G540000
        )

)
 from 217.15.57.100
2025/06/20 23:01:24 [/shop/shopping/load_payment_module.php] load_payment_module.php set payment data:Array
(
    [request_error] => Array
        (
            [0] => このカードでは取引をする事が出来ません。 (G54-42G540000)
        )

    [Amount] => 7050
    [JobCd] => CAPTURE
    [action_status] => 3
)
 from 217.15.57.100
2025/06/20 23:01:24 [/shop/user_data/pg_mulpay_recv.php] ******* receiveer data start ******* from 210.175.7.20
2025/06/20 23:01:24 [/shop/user_data/pg_mulpay_recv.php] Array
(
    [ShopID] => 9000034600950
    [ShopPass] => **********
    [AccessID] => a8f347d70638c10e1452e1243a60a350
    [AccessPass] => ********************************
    [OrderID] => 961915-20225714
    [Status] => UNPROCESSED
    [JobCd] => CAPTURE
    [Amount] => 7050
    [Tax] => 0
    [Currency] => JPN
    [Forward] => 2S49631
    [Method] => 1
    [PayTimes] => 
    [TranID] => 2506202301602257210134101231
    [Approve] => 
    [TranDate] => 20250620230124
    [ErrCode] => G54
    [ErrInfo] => 42G540000
    [PayType] => 0
)
 from 210.175.7.20
2025/06/20 23:01:24 [/shop/user_data/pg_mulpay_recv.php] ******* receiveer data end ******* from 210.175.7.20
2025/06/20 23:01:24 [/shop/user_data/pg_mulpay_recv.php] pg_mulpay_recv.php set payment data:Array
(
    [ShopID] => 9000034600950
    [AccessID] => a8f347d70638c10e1452e1243a60a350
    [OrderID] => 961915-20225714
    [Status] => UNPROCESSED
    [JobCd] => CAPTURE
    [Amount] => 7050
    [Tax] => 0
    [Currency] => JPN
    [Forward] => 2S49631
    [Method] => 1
    [PayTimes] => 
    [TranID] => 2506202301602257210134101231
    [Approve] => 
    [TranDate] => 20250620230124
    [ErrCode] => G54
    [ErrInfo] => 42G540000
    [PayType] => 0
    [CvsCode] => 
    [CvsConfNo] => 
    [CvsReceiptNo] => 
    [EdyReceiptNo] => 
    [EdyOrderNo] => 
    [SuicaReceiptNo] => 
    [SuicaOrderNo] => 
    [CustID] => 
    [BkCode] => 
    [ConfNo] => 
    [PaymentTerm] => 
    [EncryptReceiptNo] => 
    [FinishDate] => 
    [ReceiptDate] => 
    [WebMoneyManagementNo] => 
    [WebMoneySettleCode] => 
    [AuPayInfoNo] => 
    [AuPayMethod] => 
    [AuCancelAmount] => 
    [AuCancelTax] => 
    [DocomoSettlementCode] => 
    [DocomoCancelAmount] => 
    [DocomoCancelTax] => 
    [pay_status] => 0
)
 from 210.175.7.20
2025/06/20 23:01:24 [/shop/user_data/pg_mulpay_recv.php] response:true from 210.175.7.20
2025/06/20 23:03:11 [/shop/shopping/load_payment_module.php] SendRequest:https://p01.mul-pay.jp/payment/SearchMember.idPass from 217.15.57.100
2025/06/20 23:03:11 [/shop/shopping/load_payment_module.php] Array
(
    [SiteID] => mst0000007602
    [SitePass] => ******
    [MemberID] => 13343
)
 from 217.15.57.100
2025/06/20 23:03:11 [/shop/shopping/load_payment_module.php] ErrCode=E01&ErrInfo=E01390002 from 217.15.57.100
2025/06/20 23:03:11 [/shop/shopping/load_payment_module.php] Array
(
    [0] => Array
        (
            [ErrCode] => E01
            [ErrInfo] => E01390002
        )

)
 from 217.15.57.100
2025/06/20 23:03:11 [/shop/shopping/load_payment_module.php] SendRequest:https://p01.mul-pay.jp/payment/SearchCard.idPass from 217.15.57.100
2025/06/20 23:03:11 [/shop/shopping/load_payment_module.php] Array
(
    [SiteID] => mst0000007602
    [SitePass] => ******
    [MemberID] => 13343
)
 from 217.15.57.100
2025/06/20 23:03:11 [/shop/shopping/load_payment_module.php] ErrCode=E01|E01&ErrInfo=E01390002|E01240002 from 217.15.57.100
2025/06/20 23:03:11 [/shop/shopping/load_payment_module.php] Array
(
    [0] => Array
        (
            [ErrCode] => E01
            [ErrInfo] => E01390002
        )

    [1] => Array
        (
            [ErrCode] => E01
            [ErrInfo] => E01240002
        )

)
 from 217.15.57.100
2025/06/20 23:03:11 [/shop/shopping/load_payment_module.php] SendRequest:https://p01.mul-pay.jp/payment/ExecTran.idPass from 217.15.57.100
2025/06/20 23:03:11 [/shop/shopping/load_payment_module.php] Array
(
    [AccessID] => a8f347d70638c10e1452e1243a60a350
    [AccessPass] => 210a73182baaa41bef64b846f8f5953f
    [OrderID] => 961915-20225714
    [Method] => 1
    [PayTimes] => 
    [Token] => ec27ec6f3a74ef842996d51aca3614bc7f57e1104e21acc01d6d48ca2a8359fe
    [ClientField1] => 
    [ClientField2] => 
    [ClientField3] => EC-CUBE4.3.35
)
 from 217.15.57.100
2025/06/20 23:03:13 [/shop/shopping/load_payment_module.php] ErrCode=G54&ErrInfo=42G540000 from 217.15.57.100
2025/06/20 23:03:13 [/shop/shopping/load_payment_module.php] Array
(
    [0] => Array
        (
            [ErrCode] => G54
            [ErrInfo] => 42G540000
        )

)
 from 217.15.57.100
2025/06/20 23:03:13 [/shop/shopping/load_payment_module.php] load_payment_module.php set payment data:Array
(
    [request_error] => Array
        (
            [0] => このカードでは取引をする事が出来ません。 (G54-42G540000)
        )

    [Amount] => 7050
    [JobCd] => CAPTURE
    [action_status] => 3
)
 from 217.15.57.100
2025/06/20 23:03:13 [/shop/user_data/pg_mulpay_recv.php] ******* receiveer data start ******* from 210.175.7.20
2025/06/20 23:03:13 [/shop/user_data/pg_mulpay_recv.php] Array
(
    [ShopID] => 9000034600950
    [ShopPass] => **********
    [AccessID] => a8f347d70638c10e1452e1243a60a350
    [AccessPass] => ********************************
    [OrderID] => 961915-20225714
    [Status] => UNPROCESSED
    [JobCd] => CAPTURE
    [Amount] => 7050
    [Tax] => 0
    [Currency] => JPN
    [Forward] => 2S49631
    [Method] => 1
    [PayTimes] => 
    [TranID] => 2506202303602257210134101232
    [Approve] => 
    [TranDate] => 20250620230313
    [ErrCode] => G54
    [ErrInfo] => 42G540000
    [PayType] => 0
)
 from 210.175.7.20
2025/06/20 23:03:13 [/shop/user_data/pg_mulpay_recv.php] ******* receiveer data end ******* from 210.175.7.20
2025/06/20 23:03:13 [/shop/user_data/pg_mulpay_recv.php] pg_mulpay_recv.php set payment data:Array
(
    [ShopID] => 9000034600950
    [AccessID] => a8f347d70638c10e1452e1243a60a350
    [OrderID] => 961915-20225714
    [Status] => UNPROCESSED
    [JobCd] => CAPTURE
    [Amount] => 7050
    [Tax] => 0
    [Currency] => JPN
    [Forward] => 2S49631
    [Method] => 1
    [PayTimes] => 
    [TranID] => 2506202303602257210134101232
    [Approve] => 
    [TranDate] => 20250620230313
    [ErrCode] => G54
    [ErrInfo] => 42G540000
    [PayType] => 0
    [CvsCode] => 
    [CvsConfNo] => 
    [CvsReceiptNo] => 
    [EdyReceiptNo] => 
    [EdyOrderNo] => 
    [SuicaReceiptNo] => 
    [SuicaOrderNo] => 
    [CustID] => 
    [BkCode] => 
    [ConfNo] => 
    [PaymentTerm] => 
    [EncryptReceiptNo] => 
    [FinishDate] => 
    [ReceiptDate] => 
    [WebMoneyManagementNo] => 
    [WebMoneySettleCode] => 
    [AuPayInfoNo] => 
    [AuPayMethod] => 
    [AuCancelAmount] => 
    [AuCancelTax] => 
    [DocomoSettlementCode] => 
    [DocomoCancelAmount] => 
    [DocomoCancelTax] => 
    [pay_status] => 0
)
 from 210.175.7.20
2025/06/20 23:03:13 [/shop/user_data/pg_mulpay_recv.php] response:true from 210.175.7.20
2025/06/20 23:03:49 [/shop/shopping/load_payment_module.php] SendRequest:https://p01.mul-pay.jp/payment/SearchMember.idPass from 217.15.57.100
2025/06/20 23:03:49 [/shop/shopping/load_payment_module.php] Array
(
    [SiteID] => mst0000007602
    [SitePass] => ******
    [MemberID] => 13343
)
 from 217.15.57.100
2025/06/20 23:03:49 [/shop/shopping/load_payment_module.php] ErrCode=E01&ErrInfo=E01390002 from 217.15.57.100
2025/06/20 23:03:49 [/shop/shopping/load_payment_module.php] Array
(
    [0] => Array
        (
            [ErrCode] => E01
            [ErrInfo] => E01390002
        )

)
 from 217.15.57.100
2025/06/20 23:03:49 [/shop/shopping/load_payment_module.php] SendRequest:https://p01.mul-pay.jp/payment/SearchCard.idPass from 217.15.57.100
2025/06/20 23:03:49 [/shop/shopping/load_payment_module.php] Array
(
    [SiteID] => mst0000007602
    [SitePass] => ******
    [MemberID] => 13343
)
 from 217.15.57.100
2025/06/20 23:03:49 [/shop/shopping/load_payment_module.php] ErrCode=E01|E01&ErrInfo=E01390002|E01240002 from 217.15.57.100
2025/06/20 23:03:49 [/shop/shopping/load_payment_module.php] Array
(
    [0] => Array
        (
            [ErrCode] => E01
            [ErrInfo] => E01390002
        )

    [1] => Array
        (
            [ErrCode] => E01
            [ErrInfo] => E01240002
        )

)
 from 217.15.57.100
2025/06/20 23:04:51 [/shop/shopping/load_payment_module.php] SendRequest:https://p01.mul-pay.jp/payment/SearchMember.idPass from 217.15.57.100
2025/06/20 23:04:51 [/shop/shopping/load_payment_module.php] Array
(
    [SiteID] => mst0000007602
    [SitePass] => ******
    [MemberID] => 13343
)
 from 217.15.57.100
2025/06/20 23:04:51 [/shop/shopping/load_payment_module.php] ErrCode=E01&ErrInfo=E01390002 from 217.15.57.100
2025/06/20 23:04:51 [/shop/shopping/load_payment_module.php] Array
(
    [0] => Array
        (
            [ErrCode] => E01
            [ErrInfo] => E01390002
        )

)
 from 217.15.57.100
2025/06/20 23:04:51 [/shop/shopping/load_payment_module.php] SendRequest:https://p01.mul-pay.jp/payment/SearchCard.idPass from 217.15.57.100
2025/06/20 23:04:51 [/shop/shopping/load_payment_module.php] Array
(
    [SiteID] => mst0000007602
    [SitePass] => ******
    [MemberID] => 13343
)
 from 217.15.57.100
2025/06/20 23:04:51 [/shop/shopping/load_payment_module.php] ErrCode=E01|E01&ErrInfo=E01390002|E01240002 from 217.15.57.100
2025/06/20 23:04:51 [/shop/shopping/load_payment_module.php] Array
(
    [0] => Array
        (
            [ErrCode] => E01
            [ErrInfo] => E01390002
        )

    [1] => Array
        (
            [ErrCode] => E01
            [ErrInfo] => E01240002
        )

)
 from 217.15.57.100
2025/06/20 23:40:56 [/shop/shopping/load_payment_module.php] SendRequest:https://p01.mul-pay.jp/payment/SearchMember.idPass from 217.15.57.100
2025/06/20 23:40:56 [/shop/shopping/load_payment_module.php] Array
(
    [SiteID] => mst0000007602
    [SitePass] => ******
    [MemberID] => 13343
)
 from 217.15.57.100
2025/06/20 23:40:56 [/shop/shopping/load_payment_module.php] ErrCode=E01&ErrInfo=E01390002 from 217.15.57.100
2025/06/20 23:40:56 [/shop/shopping/load_payment_module.php] Array
(
    [0] => Array
        (
            [ErrCode] => E01
            [ErrInfo] => E01390002
        )

)
 from 217.15.57.100
2025/06/20 23:40:56 [/shop/shopping/load_payment_module.php] SendRequest:https://p01.mul-pay.jp/payment/SearchCard.idPass from 217.15.57.100
2025/06/20 23:40:56 [/shop/shopping/load_payment_module.php] Array
(
    [SiteID] => mst0000007602
    [SitePass] => ******
    [MemberID] => 13343
)
 from 217.15.57.100
2025/06/20 23:40:56 [/shop/shopping/load_payment_module.php] ErrCode=E01|E01&ErrInfo=E01390002|E01240002 from 217.15.57.100
2025/06/20 23:40:56 [/shop/shopping/load_payment_module.php] Array
(
    [0] => Array
        (
            [ErrCode] => E01
            [ErrInfo] => E01390002
        )

    [1] => Array
        (
            [ErrCode] => E01
            [ErrInfo] => E01240002
        )

)
 from 217.15.57.100
2025/06/20 23:41:14 [/shop/shopping/load_payment_module.php] SendRequest:https://p01.mul-pay.jp/payment/SearchMember.idPass from 217.15.57.100
2025/06/20 23:41:14 [/shop/shopping/load_payment_module.php] Array
(
    [SiteID] => mst0000007602
    [SitePass] => ******
    [MemberID] => 13343
)
 from 217.15.57.100
2025/06/20 23:41:14 [/shop/shopping/load_payment_module.php] ErrCode=E01&ErrInfo=E01390002 from 217.15.57.100
2025/06/20 23:41:14 [/shop/shopping/load_payment_module.php] Array
(
    [0] => Array
        (
            [ErrCode] => E01
            [ErrInfo] => E01390002
        )

)
 from 217.15.57.100
2025/06/20 23:41:14 [/shop/shopping/load_payment_module.php] SendRequest:https://p01.mul-pay.jp/payment/SearchCard.idPass from 217.15.57.100
2025/06/20 23:41:14 [/shop/shopping/load_payment_module.php] Array
(
    [SiteID] => mst0000007602
    [SitePass] => ******
    [MemberID] => 13343
)
 from 217.15.57.100
2025/06/20 23:41:14 [/shop/shopping/load_payment_module.php] ErrCode=E01|E01&ErrInfo=E01390002|E01240002 from 217.15.57.100
2025/06/20 23:41:14 [/shop/shopping/load_payment_module.php] Array
(
    [0] => Array
        (
            [ErrCode] => E01
            [ErrInfo] => E01390002
        )

    [1] => Array
        (
            [ErrCode] => E01
            [ErrInfo] => E01240002
        )

)
 from 217.15.57.100
2025/06/20 23:41:14 [/shop/shopping/load_payment_module.php] SendRequest:https://p01.mul-pay.jp/payment/EntryTran.idPass from 217.15.57.100
2025/06/20 23:41:14 [/shop/shopping/load_payment_module.php] Array
(
    [ShopID] => 9000034600950
    [ShopPass] => ******
    [OrderID] => 961916-20234114
    [JobCd] => CAPTURE
    [Amount] => 7050
    [TdFlag] => 0
    [TdTenantName] => 
)
 from 217.15.57.100
2025/06/20 23:41:14 [/shop/shopping/load_payment_module.php] AccessID=fde739176c8734dd5687a27948e2fb5d&AccessPass=d305370c322c9e8fc581fcdc46fb00d1 from 217.15.57.100
2025/06/20 23:41:14 [/shop/shopping/load_payment_module.php] Array
(
    [0] => Array
        (
            [AccessID] => fde739176c8734dd5687a27948e2fb5d
            [AccessPass] => d305370c322c9e8fc581fcdc46fb00d1
        )

)
 from 217.15.57.100
2025/06/20 23:41:14 [/shop/shopping/load_payment_module.php] load_payment_module.php set payment data:Array
(
    [AccessID] => fde739176c8734dd5687a27948e2fb5d
    [AccessPass] => d305370c322c9e8fc581fcdc46fb00d1
    [OrderID] => 961916-20234114
    [Amount] => 7050
    [JobCd] => CAPTURE
    [action_status] => 1
    [pay_status] => 0
)
 from 217.15.57.100
2025/06/20 23:41:14 [/shop/shopping/load_payment_module.php] SendRequest:https://p01.mul-pay.jp/payment/ExecTran.idPass from 217.15.57.100
2025/06/20 23:41:14 [/shop/shopping/load_payment_module.php] Array
(
    [AccessID] => fde739176c8734dd5687a27948e2fb5d
    [AccessPass] => d305370c322c9e8fc581fcdc46fb00d1
    [OrderID] => 961916-20234114
    [Method] => 1
    [Token] => 946f99ad75b1bf1c3b9c6817c1469a72905749d6a9b778e0de09157f01e49116
    [ClientField1] => 
    [ClientField2] => 
    [ClientField3] => EC-CUBE4.3.35
)
 from 217.15.57.100
2025/06/20 23:41:16 [/shop/shopping/load_payment_module.php] ACS=0&OrderID=961916-20234114&Forward=2S49631&Method=1&PayTimes=&Approve=0335633&TranID=2506202341602257210134101233&TranDate=20250620234116&CheckString=90f992cea28a6716077f2c69dab6a55a from 217.15.57.100
2025/06/20 23:41:16 [/shop/shopping/load_payment_module.php] Array
(
    [0] => Array
        (
            [ACS] => 0
            [OrderID] => 961916-20234114
            [Forward] => 2S49631
            [Method] => 1
            [PayTimes] => 
            [Approve] => 0335633
            [TranID] => 2506202341602257210134101233
            [TranDate] => 20250620234116
            [CheckString] => 90f992cea28a6716077f2c69dab6a55a
        )

)
 from 217.15.57.100
2025/06/20 23:41:16 [/shop/shopping/load_payment_module.php] load_payment_module.php set payment data:Array
(
    [ACS] => 0
    [Forward] => 2S49631
    [Method] => 1
    [PayTimes] => 
    [Approve] => 0335633
    [TranID] => 2506202341602257210134101233
    [TranDate] => 20250620234116
    [CheckString] => 90f992cea28a6716077f2c69dab6a55a
    [Amount] => 7050
    [JobCd] => CAPTURE
    [action_status] => 3
    [pay_status] => 13
)
 from 217.15.57.100
2025/06/20 23:41:16 [/shop/user_data/pg_mulpay_recv.php] ******* receiveer data start ******* from 210.175.7.20
2025/06/20 23:41:16 [/shop/user_data/pg_mulpay_recv.php] Array
(
    [ShopID] => 9000034600950
    [ShopPass] => **********
    [AccessID] => fde739176c8734dd5687a27948e2fb5d
    [AccessPass] => ********************************
    [OrderID] => 961916-20234114
    [Status] => CAPTURE
    [JobCd] => CAPTURE
    [Amount] => 7050
    [Tax] => 0
    [Currency] => JPN
    [Forward] => 2S49631
    [Method] => 1
    [PayTimes] => 
    [TranID] => 2506202341602257210134101233
    [Approve] => 0335633
    [TranDate] => 20250620234116
    [ErrCode] => 
    [ErrInfo] => 
    [PayType] => 0
)
 from 210.175.7.20
2025/06/20 23:41:16 [/shop/user_data/pg_mulpay_recv.php] ******* receiveer data end ******* from 210.175.7.20
2025/06/20 23:41:21 [/shop/user_data/pg_mulpay_recv.php] update order status:1 order_id=961916 from 210.175.7.20
2025/06/20 23:41:21 [/shop/user_data/pg_mulpay_recv.php] pg_mulpay_recv.php set payment data:Array
(
    [ShopID] => 9000034600950
    [AccessID] => fde739176c8734dd5687a27948e2fb5d
    [OrderID] => 961916-20234114
    [Status] => CAPTURE
    [JobCd] => CAPTURE
    [Amount] => 7050
    [Tax] => 0
    [Currency] => JPN
    [Forward] => 2S49631
    [Method] => 1
    [PayTimes] => 
    [TranID] => 2506202341602257210134101233
    [Approve] => 0335633
    [TranDate] => 20250620234116
    [ErrCode] => 
    [ErrInfo] => 
    [PayType] => 0
    [CvsCode] => 
    [CvsConfNo] => 
    [CvsReceiptNo] => 
    [EdyReceiptNo] => 
    [EdyOrderNo] => 
    [SuicaReceiptNo] => 
    [SuicaOrderNo] => 
    [CustID] => 
    [BkCode] => 
    [ConfNo] => 
    [PaymentTerm] => 
    [EncryptReceiptNo] => 
    [FinishDate] => 
    [ReceiptDate] => 
    [WebMoneyManagementNo] => 
    [WebMoneySettleCode] => 
    [AuPayInfoNo] => 
    [AuPayMethod] => 
    [AuCancelAmount] => 
    [AuCancelTax] => 
    [DocomoSettlementCode] => 
    [DocomoCancelAmount] => 
    [DocomoCancelTax] => 
    [pay_status] => 13
)
 from 210.175.7.20
2025/06/20 23:41:21 [/shop/user_data/pg_mulpay_recv.php] response:true from 210.175.7.20
2025/06/20 23:47:23 [/shop/shopping/load_payment_module.php] SendRequest:https://p01.mul-pay.jp/payment/SearchMember.idPass from 60.112.53.35
2025/06/20 23:47:23 [/shop/shopping/load_payment_module.php] Array
(
    [SiteID] => mst0000007602
    [SitePass] => ******
    [MemberID] => 10658
)
 from 60.112.53.35
2025/06/20 23:47:23 [/shop/shopping/load_payment_module.php] ErrCode=E01&ErrInfo=E01390002 from 60.112.53.35
2025/06/20 23:47:23 [/shop/shopping/load_payment_module.php] Array
(
    [0] => Array
        (
            [ErrCode] => E01
            [ErrInfo] => E01390002
        )

)
 from 60.112.53.35
2025/06/20 23:47:23 [/shop/shopping/load_payment_module.php] SendRequest:https://p01.mul-pay.jp/payment/SearchCard.idPass from 60.112.53.35
2025/06/20 23:47:23 [/shop/shopping/load_payment_module.php] Array
(
    [SiteID] => mst0000007602
    [SitePass] => ******
    [MemberID] => 10658
)
 from 60.112.53.35
2025/06/20 23:47:23 [/shop/shopping/load_payment_module.php] ErrCode=E01|E01&ErrInfo=E01390002|E01240002 from 60.112.53.35
2025/06/20 23:47:23 [/shop/shopping/load_payment_module.php] Array
(
    [0] => Array
        (
            [ErrCode] => E01
            [ErrInfo] => E01390002
        )

    [1] => Array
        (
            [ErrCode] => E01
            [ErrInfo] => E01240002
        )

)
 from 60.112.53.35
