2020/12/05 21:07:21 [/shop/shopping/load_payment_module.php] SendRequest:https://p01.mul-pay.jp/payment/SearchMember.idPass from 180.32.233.230
2020/12/05 21:07:21 [/shop/shopping/load_payment_module.php] Array
(
    [SiteID] => mst0000007602
    [SitePass] => ******
    [MemberID] => 8576
)
 from 180.32.233.230
2020/12/05 21:07:21 [/shop/shopping/load_payment_module.php] ErrCode=E01&ErrInfo=E01390002 from 180.32.233.230
2020/12/05 21:07:22 [/shop/shopping/load_payment_module.php] Array
(
    [0] => Array
        (
            [ErrCode] => E01
            [ErrInfo] => E01390002
        )

)
 from 180.32.233.230
2020/12/05 21:07:22 [/shop/shopping/load_payment_module.php] SendRequest:https://p01.mul-pay.jp/payment/SearchCard.idPass from 180.32.233.230
2020/12/05 21:07:22 [/shop/shopping/load_payment_module.php] Array
(
    [SiteID] => mst0000007602
    [SitePass] => ******
    [MemberID] => 8576
)
 from 180.32.233.230
2020/12/05 21:07:22 [/shop/shopping/load_payment_module.php] ErrCode=E01|E01&ErrInfo=E01390002|E01240002 from 180.32.233.230
2020/12/05 21:07:22 [/shop/shopping/load_payment_module.php] Array
(
    [0] => Array
        (
            [ErrCode] => E01
            [ErrInfo] => E01390002
        )

    [1] => Array
        (
            [ErrCode] => E01
            [ErrInfo] => E01240002
        )

)
 from 180.32.233.230
2020/12/05 21:08:17 [/shop/shopping/load_payment_module.php] SendRequest:https://p01.mul-pay.jp/payment/SearchMember.idPass from 180.32.233.230
2020/12/05 21:08:17 [/shop/shopping/load_payment_module.php] Array
(
    [SiteID] => mst0000007602
    [SitePass] => ******
    [MemberID] => 8576
)
 from 180.32.233.230
2020/12/05 21:08:17 [/shop/shopping/load_payment_module.php] ErrCode=E01&ErrInfo=E01390002 from 180.32.233.230
2020/12/05 21:08:17 [/shop/shopping/load_payment_module.php] Array
(
    [0] => Array
        (
            [ErrCode] => E01
            [ErrInfo] => E01390002
        )

)
 from 180.32.233.230
2020/12/05 21:08:17 [/shop/shopping/load_payment_module.php] SendRequest:https://p01.mul-pay.jp/payment/SearchCard.idPass from 180.32.233.230
2020/12/05 21:08:17 [/shop/shopping/load_payment_module.php] Array
(
    [SiteID] => mst0000007602
    [SitePass] => ******
    [MemberID] => 8576
)
 from 180.32.233.230
2020/12/05 21:08:18 [/shop/shopping/load_payment_module.php] ErrCode=E01|E01&ErrInfo=E01390002|E01240002 from 180.32.233.230
2020/12/05 21:08:18 [/shop/shopping/load_payment_module.php] Array
(
    [0] => Array
        (
            [ErrCode] => E01
            [ErrInfo] => E01390002
        )

    [1] => Array
        (
            [ErrCode] => E01
            [ErrInfo] => E01240002
        )

)
 from 180.32.233.230
2020/12/05 21:08:18 [/shop/shopping/load_payment_module.php] SendRequest:https://p01.mul-pay.jp/payment/EntryTran.idPass from 180.32.233.230
2020/12/05 21:08:18 [/shop/shopping/load_payment_module.php] Array
(
    [ShopID] => 9000034600950
    [ShopPass] => ******
    [OrderID] => 944898-05210818
    [JobCd] => CAPTURE
    [Amount] => 22800
    [TdFlag] => 0
    [TdTenantName] => 
)
 from 180.32.233.230
2020/12/05 21:08:18 [/shop/shopping/load_payment_module.php] AccessID=3e62c45496193052d28c26f40e1e3015&AccessPass=eca3739713601f6cb068025b9adcdaaa from 180.32.233.230
2020/12/05 21:08:18 [/shop/shopping/load_payment_module.php] Array
(
    [0] => Array
        (
            [AccessID] => 3e62c45496193052d28c26f40e1e3015
            [AccessPass] => eca3739713601f6cb068025b9adcdaaa
        )

)
 from 180.32.233.230
2020/12/05 21:08:18 [/shop/shopping/load_payment_module.php] load_payment_module.php set payment data:Array
(
    [AccessID] => 3e62c45496193052d28c26f40e1e3015
    [AccessPass] => eca3739713601f6cb068025b9adcdaaa
    [OrderID] => 944898-05210818
    [Amount] => 22800
    [JobCd] => CAPTURE
    [action_status] => 1
    [pay_status] => 0
)
 from 180.32.233.230
2020/12/05 21:08:18 [/shop/shopping/load_payment_module.php] SendRequest:https://p01.mul-pay.jp/payment/ExecTran.idPass from 180.32.233.230
2020/12/05 21:08:18 [/shop/shopping/load_payment_module.php] Array
(
    [AccessID] => 3e62c45496193052d28c26f40e1e3015
    [AccessPass] => eca3739713601f6cb068025b9adcdaaa
    [OrderID] => 944898-05210818
    [Method] => 1
    [Token] => bfc6aa2f2e97694b9c70fa75d5da1d59fd2949dd95cf5d628edb9a8944641f12
    [ClientField1] => 
    [ClientField2] => 
    [ClientField3] => EC-CUBE4.3.24
)
 from 180.32.233.230
2020/12/05 21:08:20 [/shop/shopping/load_payment_module.php] ACS=0&OrderID=944898-05210818&Forward=2a99661&Method=1&PayTimes=&Approve=0000011&TranID=2012052108602257210134133367&TranDate=20201205210820&CheckString=8fa176c19a95422638c33f83cde7a90d from 180.32.233.230
2020/12/05 21:08:20 [/shop/shopping/load_payment_module.php] Array
(
    [0] => Array
        (
            [ACS] => 0
            [OrderID] => 944898-05210818
            [Forward] => 2a99661
            [Method] => 1
            [PayTimes] => 
            [Approve] => 0000011
            [TranID] => 2012052108602257210134133367
            [TranDate] => 20201205210820
            [CheckString] => 8fa176c19a95422638c33f83cde7a90d
        )

)
 from 180.32.233.230
2020/12/05 21:08:20 [/shop/shopping/load_payment_module.php] load_payment_module.php set payment data:Array
(
    [ACS] => 0
    [Forward] => 2a99661
    [Method] => 1
    [PayTimes] => 
    [Approve] => 0000011
    [TranID] => 2012052108602257210134133367
    [TranDate] => 20201205210820
    [CheckString] => 8fa176c19a95422638c33f83cde7a90d
    [Amount] => 22800
    [JobCd] => CAPTURE
    [action_status] => 3
    [pay_status] => 13
)
 from 180.32.233.230
2020/12/05 21:08:20 [/shop/user_data/pg_mulpay_recv.php] ******* receiveer data start ******* from 210.175.7.20
2020/12/05 21:08:20 [/shop/user_data/pg_mulpay_recv.php] Array
(
    [ShopID] => 9000034600950
    [ShopPass] => **********
    [AccessID] => 3e62c45496193052d28c26f40e1e3015
    [AccessPass] => ********************************
    [OrderID] => 944898-05210818
    [Status] => CAPTURE
    [JobCd] => CAPTURE
    [Amount] => 22800
    [Tax] => 0
    [Currency] => JPN
    [Forward] => 2a99661
    [Method] => 1
    [PayTimes] => 
    [TranID] => 2012052108602257210134133367
    [Approve] => 0000011
    [TranDate] => 20201205210820
    [ErrCode] => 
    [ErrInfo] => 
    [PayType] => 0
)
 from 210.175.7.20
2020/12/05 21:08:20 [/shop/user_data/pg_mulpay_recv.php] ******* receiveer data end ******* from 210.175.7.20
2020/12/05 21:08:25 [/shop/user_data/pg_mulpay_recv.php] update order status:1 order_id=944898 from 210.175.7.20
2020/12/05 21:08:26 [/shop/user_data/pg_mulpay_recv.php] pg_mulpay_recv.php set payment data:Array
(
    [ShopID] => 9000034600950
    [AccessID] => 3e62c45496193052d28c26f40e1e3015
    [OrderID] => 944898-05210818
    [Status] => CAPTURE
    [JobCd] => CAPTURE
    [Amount] => 22800
    [Tax] => 0
    [Currency] => JPN
    [Forward] => 2a99661
    [Method] => 1
    [PayTimes] => 
    [TranID] => 2012052108602257210134133367
    [Approve] => 0000011
    [TranDate] => 20201205210820
    [ErrCode] => 
    [ErrInfo] => 
    [PayType] => 0
    [CvsCode] => 
    [CvsConfNo] => 
    [CvsReceiptNo] => 
    [EdyReceiptNo] => 
    [EdyOrderNo] => 
    [SuicaReceiptNo] => 
    [SuicaOrderNo] => 
    [CustID] => 
    [BkCode] => 
    [ConfNo] => 
    [PaymentTerm] => 
    [EncryptReceiptNo] => 
    [FinishDate] => 
    [ReceiptDate] => 
    [WebMoneyManagementNo] => 
    [WebMoneySettleCode] => 
    [AuPayInfoNo] => 
    [AuPayMethod] => 
    [AuCancelAmount] => 
    [AuCancelTax] => 
    [DocomoSettlementCode] => 
    [DocomoCancelAmount] => 
    [DocomoCancelTax] => 
    [pay_status] => 13
)
 from 210.175.7.20
2020/12/05 21:08:26 [/shop/user_data/pg_mulpay_recv.php] response:true from 210.175.7.20
