2020/04/13 12:03:34 [/shop/master/order/edit.php] edit.php set payment data:Array
(
    [no_update_status_flg] => 1
)
 from 114.160.216.147
2020/04/13 12:03:34 [/shop/master/order/edit.php] SendRequest:https://p01.mul-pay.jp/payment/ChangeTran.idPass from 114.160.216.147
2020/04/13 12:03:34 [/shop/master/order/edit.php] Array
(
    [ShopID] => 9000034600950
    [ShopPass] => ******
    [AccessID] => e207eb7d512e8da4b15185f24b8d9da1
    [AccessPass] => 4e38e00b71648289774763f0393053dd
    [JobCd] => CAPTURE
    [Amount] => 76690
)
 from 114.160.216.147
2020/04/13 12:03:36 [/shop/master/order/edit.php] AccessID=e207eb7d512e8da4b15185f24b8d9da1&AccessPass=4e38e00b71648289774763f0393053dd&Forward=2S49631&Approve=0111798&TranID=2004131203602257210134133066&TranDate=20200413120336 from 114.160.216.147
2020/04/13 12:03:36 [/shop/master/order/edit.php] Array
(
    [0] => Array
        (
            [AccessID] => e207eb7d512e8da4b15185f24b8d9da1
            [AccessPass] => 4e38e00b71648289774763f0393053dd
            [Forward] => 2S49631
            [Approve] => 0111798
            [TranID] => 2004131203602257210134133066
            [TranDate] => 20200413120336
        )

)
 from 114.160.216.147
2020/04/13 12:03:36 [/shop/master/order/edit.php] edit.php set payment data:Array
(
    [AccessID] => e207eb7d512e8da4b15185f24b8d9da1
    [AccessPass] => 4e38e00b71648289774763f0393053dd
    [Forward] => 2S49631
    [Approve] => 0111798
    [TranID] => 2004131203602257210134133066
    [TranDate] => 20200413120336
    [action_status] => 6
    [pay_status] => 13
    [JobCd] => CAPTURE
    [Amount] => 76690
)
 from 114.160.216.147
2020/04/13 12:03:37 [/shop/user_data/pg_mulpay_recv.php] ******* receiveer data start ******* from 210.175.7.20
2020/04/13 12:03:37 [/shop/user_data/pg_mulpay_recv.php] Array
(
    [ShopID] => 9000034600950
    [ShopPass] => **********
    [AccessID] => e207eb7d512e8da4b15185f24b8d9da1
    [AccessPass] => ********************************
    [OrderID] => 943365-31091709
    [Status] => CAPTURE
    [JobCd] => CAPTURE
    [Amount] => 76690
    [Tax] => 0
    [Currency] => JPN
    [Forward] => 2S49631
    [Method] => 1
    [PayTimes] => 
    [TranID] => 2004131203602257210134133066
    [Approve] => 0111798
    [TranDate] => 20200413120336
    [ErrCode] => 
    [ErrInfo] => 
    [PayType] => 0
)
 from 210.175.7.20
2020/04/13 12:03:37 [/shop/user_data/pg_mulpay_recv.php] ******* receiveer data end ******* from 210.175.7.20
2020/04/13 12:03:37 [/shop/user_data/pg_mulpay_recv.php] ******* receiveer data start ******* from 210.175.7.20
2020/04/13 12:03:37 [/shop/user_data/pg_mulpay_recv.php] Array
(
    [ShopID] => 9000034600950
    [ShopPass] => **********
    [AccessID] => e207eb7d512e8da4b15185f24b8d9da1
    [AccessPass] => ********************************
    [OrderID] => 943365-31091709
    [Status] => RETURNX
    [JobCd] => RETURNX
    [Amount] => 8050
    [Tax] => 0
    [Currency] => JPN
    [Forward] => 2S49631
    [Method] => 1
    [PayTimes] => 
    [TranID] => 2004131203602257210134113366
    [Approve] =>        
    [TranDate] => 20200413120336
    [ErrCode] => 
    [ErrInfo] => 
    [PayType] => 0
)
 from 210.175.7.20
2020/04/13 12:03:37 [/shop/user_data/pg_mulpay_recv.php] ******* receiveer data end ******* from 210.175.7.20
2020/04/13 12:03:37 [/shop/user_data/pg_mulpay_recv.php] pg_mulpay_recv.php set payment data:Array
(
    [ShopID] => 9000034600950
    [AccessID] => e207eb7d512e8da4b15185f24b8d9da1
    [OrderID] => 943365-31091709
    [Status] => RETURNX
    [JobCd] => RETURNX
    [Amount] => 8050
    [Tax] => 0
    [Currency] => JPN
    [Forward] => 2S49631
    [Method] => 1
    [PayTimes] => 
    [TranID] => 2004131203602257210134113366
    [TranDate] => 20200413120336
    [ErrCode] => 
    [ErrInfo] => 
    [PayType] => 0
    [CvsCode] => 
    [CvsConfNo] => 
    [CvsReceiptNo] => 
    [EdyReceiptNo] => 
    [EdyOrderNo] => 
    [SuicaReceiptNo] => 
    [SuicaOrderNo] => 
    [CustID] => 
    [BkCode] => 
    [ConfNo] => 
    [PaymentTerm] => 
    [EncryptReceiptNo] => 
    [FinishDate] => 
    [ReceiptDate] => 
    [WebMoneyManagementNo] => 
    [WebMoneySettleCode] => 
    [AuPayInfoNo] => 
    [AuPayMethod] => 
    [AuCancelAmount] => 
    [AuCancelTax] => 
    [DocomoSettlementCode] => 
    [DocomoCancelAmount] => 
    [DocomoCancelTax] => 
    [pay_status] => 16
)
 from 210.175.7.20
2020/04/13 12:03:37 [/shop/user_data/pg_mulpay_recv.php] response:true from 210.175.7.20
2020/04/13 12:03:42 [/shop/user_data/pg_mulpay_recv.php] no update order status order_id=943365 from 210.175.7.20
2020/04/13 12:03:42 [/shop/user_data/pg_mulpay_recv.php] pg_mulpay_recv.php set payment data:Array
(
    [ShopID] => 9000034600950
    [AccessID] => e207eb7d512e8da4b15185f24b8d9da1
    [OrderID] => 943365-31091709
    [Status] => CAPTURE
    [JobCd] => CAPTURE
    [Amount] => 76690
    [Tax] => 0
    [Currency] => JPN
    [Forward] => 2S49631
    [Method] => 1
    [PayTimes] => 
    [TranID] => 2004131203602257210134133066
    [Approve] => 0111798
    [TranDate] => 20200413120336
    [ErrCode] => 
    [ErrInfo] => 
    [PayType] => 0
    [CvsCode] => 
    [CvsConfNo] => 
    [CvsReceiptNo] => 
    [EdyReceiptNo] => 
    [EdyOrderNo] => 
    [SuicaReceiptNo] => 
    [SuicaOrderNo] => 
    [CustID] => 
    [BkCode] => 
    [ConfNo] => 
    [PaymentTerm] => 
    [EncryptReceiptNo] => 
    [FinishDate] => 
    [ReceiptDate] => 
    [WebMoneyManagementNo] => 
    [WebMoneySettleCode] => 
    [AuPayInfoNo] => 
    [AuPayMethod] => 
    [AuCancelAmount] => 
    [AuCancelTax] => 
    [DocomoSettlementCode] => 
    [DocomoCancelAmount] => 
    [DocomoCancelTax] => 
    [pay_status] => 13
    [no_update_status_flg] => 0
)
 from 210.175.7.20
2020/04/13 12:03:42 [/shop/user_data/pg_mulpay_recv.php] response:true from 210.175.7.20
2020/04/13 12:03:42 [/shop/master/order/edit.php] SendRequest:https://p01.mul-pay.jp/payment/SearchTrade.idPass from 114.160.216.147
2020/04/13 12:03:42 [/shop/master/order/edit.php] Array
(
    [ShopID] => 9000034600950
    [ShopPass] => ******
    [OrderID] => 943365-31091709
)
 from 114.160.216.147
2020/04/13 12:03:43 [/shop/master/order/edit.php] OrderID=943365-31091709&Status=CAPTURE&ProcessDate=20200413120336&JobCd=CAPTURE&AccessID=e207eb7d512e8da4b15185f24b8d9da1&AccessPass=4e38e00b71648289774763f0393053dd&ItemCode=0000990&Amount=76690&Tax=0&SiteID=&MemberID=&CardNo=************4731&Expire=2203&Method=1&PayTimes=&Forward=2S49631&TranID=2004131203602257210134133066&Approve=0111798&ClientField1=&ClientField2=&ClientField3=EC-CUBE4.3.24 from 114.160.216.147
2020/04/13 12:03:43 [/shop/master/order/edit.php] Array
(
    [0] => Array
        (
            [OrderID] => 943365-31091709
            [Status] => CAPTURE
            [ProcessDate] => 20200413120336
            [JobCd] => CAPTURE
            [AccessID] => e207eb7d512e8da4b15185f24b8d9da1
            [AccessPass] => 4e38e00b71648289774763f0393053dd
            [ItemCode] => 0000990
            [Amount] => 76690
            [Tax] => 0
            [SiteID] => 
            [MemberID] => 
            [CardNo] => ************4731
            [Expire] => 2203
            [Method] => 1
            [PayTimes] => 
            [Forward] => 2S49631
            [TranID] => 2004131203602257210134133066
            [Approve] => 0111798
            [ClientField1] => 
            [ClientField2] => 
            [ClientField3] => EC-CUBE4.3.24
        )

)
 from 114.160.216.147
2020/04/13 12:03:43 [/shop/master/order/edit.php] edit.php set payment data:Array
(
    [OrderID] => 943365-31091709
    [Status] => CAPTURE
    [ProcessDate] => 20200413120336
    [JobCd] => CAPTURE
    [AccessID] => e207eb7d512e8da4b15185f24b8d9da1
    [AccessPass] => 4e38e00b71648289774763f0393053dd
    [ItemCode] => 0000990
    [Amount] => 76690
    [Tax] => 0
    [SiteID] => 
    [MemberID] => 
    [CardNo] => ************4731
    [Expire] => 2203
    [Method] => 1
    [PayTimes] => 
    [Forward] => 2S49631
    [TranID] => 2004131203602257210134133066
    [Approve] => 0111798
    [ClientField1] => 
    [ClientField2] => 
    [ClientField3] => EC-CUBE4.3.24
    [action_status] => 6
    [pay_status] => 13
)
 from 114.160.216.147
2020/04/13 12:36:51 [/shop/master/order/edit.php] edit.php set payment data:Array
(
    [no_update_status_flg] => 1
)
 from 114.160.216.147
2020/04/13 12:36:51 [/shop/master/order/edit.php] SendRequest:https://p01.mul-pay.jp/payment/ChangeTran.idPass from 114.160.216.147
2020/04/13 12:36:51 [/shop/master/order/edit.php] Array
(
    [ShopID] => 9000034600950
    [ShopPass] => ******
    [AccessID] => 37525011f6f7f423734f0bffeef82abd
    [AccessPass] => 9f5788192885c495417b2f2ca17888fe
    [JobCd] => CAPTURE
    [Amount] => 9990
)
 from 114.160.216.147
2020/04/13 12:36:53 [/shop/master/order/edit.php] AccessID=37525011f6f7f423734f0bffeef82abd&AccessPass=9f5788192885c495417b2f2ca17888fe&Forward=2a99661&Approve=0000019&TranID=2004131236602257210134133068&TranDate=20200413123653 from 114.160.216.147
2020/04/13 12:36:53 [/shop/master/order/edit.php] Array
(
    [0] => Array
        (
            [AccessID] => 37525011f6f7f423734f0bffeef82abd
            [AccessPass] => 9f5788192885c495417b2f2ca17888fe
            [Forward] => 2a99661
            [Approve] => 0000019
            [TranID] => 2004131236602257210134133068
            [TranDate] => 20200413123653
        )

)
 from 114.160.216.147
2020/04/13 12:36:53 [/shop/master/order/edit.php] edit.php set payment data:Array
(
    [AccessID] => 37525011f6f7f423734f0bffeef82abd
    [AccessPass] => 9f5788192885c495417b2f2ca17888fe
    [Forward] => 2a99661
    [Approve] => 0000019
    [TranID] => 2004131236602257210134133068
    [TranDate] => 20200413123653
    [action_status] => 6
    [pay_status] => 13
    [JobCd] => CAPTURE
    [Amount] => 9990
)
 from 114.160.216.147
2020/04/13 12:36:53 [/shop/user_data/pg_mulpay_recv.php] ******* receiveer data start ******* from 210.175.7.20
2020/04/13 12:36:53 [/shop/user_data/pg_mulpay_recv.php] Array
(
    [ShopID] => 9000034600950
    [ShopPass] => **********
    [AccessID] => 37525011f6f7f423734f0bffeef82abd
    [AccessPass] => ********************************
    [OrderID] => 943780-23165638
    [Status] => RETURNX
    [JobCd] => RETURNX
    [Amount] => 7350
    [Tax] => 0
    [Currency] => JPN
    [Forward] => 2a99661
    [Method] => 1
    [PayTimes] => 
    [TranID] => 2004131236602257210134133067
    [Approve] => 0000001
    [TranDate] => 20200413123653
    [ErrCode] => 
    [ErrInfo] => 
    [PayType] => 0
)
 from 210.175.7.20
2020/04/13 12:36:53 [/shop/user_data/pg_mulpay_recv.php] ******* receiveer data end ******* from 210.175.7.20
2020/04/13 12:36:53 [/shop/user_data/pg_mulpay_recv.php] pg_mulpay_recv.php set payment data:Array
(
    [ShopID] => 9000034600950
    [AccessID] => 37525011f6f7f423734f0bffeef82abd
    [OrderID] => 943780-23165638
    [Status] => RETURNX
    [JobCd] => RETURNX
    [Amount] => 7350
    [Tax] => 0
    [Currency] => JPN
    [Forward] => 2a99661
    [Method] => 1
    [PayTimes] => 
    [TranID] => 2004131236602257210134133067
    [Approve] => 0000001
    [TranDate] => 20200413123653
    [ErrCode] => 
    [ErrInfo] => 
    [PayType] => 0
    [CvsCode] => 
    [CvsConfNo] => 
    [CvsReceiptNo] => 
    [EdyReceiptNo] => 
    [EdyOrderNo] => 
    [SuicaReceiptNo] => 
    [SuicaOrderNo] => 
    [CustID] => 
    [BkCode] => 
    [ConfNo] => 
    [PaymentTerm] => 
    [EncryptReceiptNo] => 
    [FinishDate] => 
    [ReceiptDate] => 
    [WebMoneyManagementNo] => 
    [WebMoneySettleCode] => 
    [AuPayInfoNo] => 
    [AuPayMethod] => 
    [AuCancelAmount] => 
    [AuCancelTax] => 
    [DocomoSettlementCode] => 
    [DocomoCancelAmount] => 
    [DocomoCancelTax] => 
    [pay_status] => 16
)
 from 210.175.7.20
2020/04/13 12:36:53 [/shop/user_data/pg_mulpay_recv.php] response:true from 210.175.7.20
2020/04/13 12:36:53 [/shop/user_data/pg_mulpay_recv.php] ******* receiveer data start ******* from 210.175.7.20
2020/04/13 12:36:53 [/shop/user_data/pg_mulpay_recv.php] Array
(
    [ShopID] => 9000034600950
    [ShopPass] => **********
    [AccessID] => 37525011f6f7f423734f0bffeef82abd
    [AccessPass] => ********************************
    [OrderID] => 943780-23165638
    [Status] => CAPTURE
    [JobCd] => CAPTURE
    [Amount] => 9990
    [Tax] => 0
    [Currency] => JPN
    [Forward] => 2a99661
    [Method] => 1
    [PayTimes] => 
    [TranID] => 2004131236602257210134133068
    [Approve] => 0000019
    [TranDate] => 20200413123653
    [ErrCode] => 
    [ErrInfo] => 
    [PayType] => 0
)
 from 210.175.7.20
2020/04/13 12:36:53 [/shop/user_data/pg_mulpay_recv.php] ******* receiveer data end ******* from 210.175.7.20
2020/04/13 12:36:57 [/shop/master/order/edit.php] SendRequest:https://p01.mul-pay.jp/payment/SearchTrade.idPass from 114.160.216.147
2020/04/13 12:36:57 [/shop/master/order/edit.php] Array
(
    [ShopID] => 9000034600950
    [ShopPass] => ******
    [OrderID] => 943780-23165638
)
 from 114.160.216.147
2020/04/13 12:36:58 [/shop/master/order/edit.php] OrderID=943780-23165638&Status=CAPTURE&ProcessDate=20200413123653&JobCd=CAPTURE&AccessID=37525011f6f7f423734f0bffeef82abd&AccessPass=9f5788192885c495417b2f2ca17888fe&ItemCode=0000990&Amount=9990&Tax=0&SiteID=&MemberID=&CardNo=***********1005&Expire=2212&Method=1&PayTimes=&Forward=2a99661&TranID=2004131236602257210134133068&Approve=0000019&ClientField1=&ClientField2=&ClientField3=EC-CUBE4.3.24 from 114.160.216.147
2020/04/13 12:36:58 [/shop/master/order/edit.php] Array
(
    [0] => Array
        (
            [OrderID] => 943780-23165638
            [Status] => CAPTURE
            [ProcessDate] => 20200413123653
            [JobCd] => CAPTURE
            [AccessID] => 37525011f6f7f423734f0bffeef82abd
            [AccessPass] => 9f5788192885c495417b2f2ca17888fe
            [ItemCode] => 0000990
            [Amount] => 9990
            [Tax] => 0
            [SiteID] => 
            [MemberID] => 
            [CardNo] => ***********1005
            [Expire] => 2212
            [Method] => 1
            [PayTimes] => 
            [Forward] => 2a99661
            [TranID] => 2004131236602257210134133068
            [Approve] => 0000019
            [ClientField1] => 
            [ClientField2] => 
            [ClientField3] => EC-CUBE4.3.24
        )

)
 from 114.160.216.147
2020/04/13 12:36:58 [/shop/master/order/edit.php] edit.php set payment data:Array
(
    [OrderID] => 943780-23165638
    [Status] => CAPTURE
    [ProcessDate] => 20200413123653
    [JobCd] => CAPTURE
    [AccessID] => 37525011f6f7f423734f0bffeef82abd
    [AccessPass] => 9f5788192885c495417b2f2ca17888fe
    [ItemCode] => 0000990
    [Amount] => 9990
    [Tax] => 0
    [SiteID] => 
    [MemberID] => 
    [CardNo] => ***********1005
    [Expire] => 2212
    [Method] => 1
    [PayTimes] => 
    [Forward] => 2a99661
    [TranID] => 2004131236602257210134133068
    [Approve] => 0000019
    [ClientField1] => 
    [ClientField2] => 
    [ClientField3] => EC-CUBE4.3.24
    [action_status] => 6
    [pay_status] => 13
)
 from 114.160.216.147
2020/04/13 12:36:58 [/shop/user_data/pg_mulpay_recv.php] no update order status order_id=943780 from 210.175.7.20
2020/04/13 12:36:58 [/shop/user_data/pg_mulpay_recv.php] pg_mulpay_recv.php set payment data:Array
(
    [ShopID] => 9000034600950
    [AccessID] => 37525011f6f7f423734f0bffeef82abd
    [OrderID] => 943780-23165638
    [Status] => CAPTURE
    [JobCd] => CAPTURE
    [Amount] => 9990
    [Tax] => 0
    [Currency] => JPN
    [Forward] => 2a99661
    [Method] => 1
    [PayTimes] => 
    [TranID] => 2004131236602257210134133068
    [Approve] => 0000019
    [TranDate] => 20200413123653
    [ErrCode] => 
    [ErrInfo] => 
    [PayType] => 0
    [CvsCode] => 
    [CvsConfNo] => 
    [CvsReceiptNo] => 
    [EdyReceiptNo] => 
    [EdyOrderNo] => 
    [SuicaReceiptNo] => 
    [SuicaOrderNo] => 
    [CustID] => 
    [BkCode] => 
    [ConfNo] => 
    [PaymentTerm] => 
    [EncryptReceiptNo] => 
    [FinishDate] => 
    [ReceiptDate] => 
    [WebMoneyManagementNo] => 
    [WebMoneySettleCode] => 
    [AuPayInfoNo] => 
    [AuPayMethod] => 
    [AuCancelAmount] => 
    [AuCancelTax] => 
    [DocomoSettlementCode] => 
    [DocomoCancelAmount] => 
    [DocomoCancelTax] => 
    [pay_status] => 13
    [no_update_status_flg] => 0
)
 from 210.175.7.20
2020/04/13 12:36:58 [/shop/user_data/pg_mulpay_recv.php] response:true from 210.175.7.20
2020/04/13 14:56:03 [/shop/master/order/edit.php] 決済処理エラー：金額変更期限を越えています。(決済日から180日以内) from 114.160.216.147
2020/04/13 15:01:55 [/shop/master/order/edit.php] 決済処理エラー：金額変更期限を越えています。(決済日から180日以内) from 114.160.216.147
