2021/05/28 10:06:04 [/shop/shopping/load_payment_module.php] SendRequest:https://p01.mul-pay.jp/payment/EntryTran.idPass from 60.64.139.101
2021/05/28 10:06:04 [/shop/shopping/load_payment_module.php] Array
(
    [ShopID] => 9000034600950
    [ShopPass] => ******
    [OrderID] => 945380-28100604
    [JobCd] => CAPTURE
    [Amount] => 2870
    [TdFlag] => 0
    [TdTenantName] => 
)
 from 60.64.139.101
2021/05/28 10:06:04 [/shop/shopping/load_payment_module.php] AccessID=800767ec8bda30afb323056158e303a7&AccessPass=583b73cfb3a1076a337a1cfa65ec385d from 60.64.139.101
2021/05/28 10:06:04 [/shop/shopping/load_payment_module.php] Array
(
    [0] => Array
        (
            [AccessID] => 800767ec8bda30afb323056158e303a7
            [AccessPass] => 583b73cfb3a1076a337a1cfa65ec385d
        )

)
 from 60.64.139.101
2021/05/28 10:06:04 [/shop/shopping/load_payment_module.php] load_payment_module.php set payment data:Array
(
    [AccessID] => 800767ec8bda30afb323056158e303a7
    [AccessPass] => 583b73cfb3a1076a337a1cfa65ec385d
    [OrderID] => 945380-28100604
    [Amount] => 2870
    [JobCd] => CAPTURE
    [action_status] => 1
    [pay_status] => 0
)
 from 60.64.139.101
2021/05/28 10:06:05 [/shop/shopping/load_payment_module.php] SendRequest:https://p01.mul-pay.jp/payment/ExecTran.idPass from 60.64.139.101
2021/05/28 10:06:05 [/shop/shopping/load_payment_module.php] Array
(
    [AccessID] => 800767ec8bda30afb323056158e303a7
    [AccessPass] => 583b73cfb3a1076a337a1cfa65ec385d
    [OrderID] => 945380-28100604
    [Method] => 1
    [Token] => e8bf0f73c4ed719d03102dbb2ade30ffa55c39f0b6f2c4a50f7bdd9b82992107
    [ClientField1] => 
    [ClientField2] => 
    [ClientField3] => EC-CUBE4.3.24
)
 from 60.64.139.101
2021/05/28 10:06:06 [/shop/shopping/load_payment_module.php] ACS=0&OrderID=945380-28100604&Forward=2S49631&Method=1&PayTimes=&Approve=0081994&TranID=2105281006602257210134133561&TranDate=20210528100606&CheckString=2261a60bc2700f137f56bd9d8604b255 from 60.64.139.101
2021/05/28 10:06:06 [/shop/shopping/load_payment_module.php] Array
(
    [0] => Array
        (
            [ACS] => 0
            [OrderID] => 945380-28100604
            [Forward] => 2S49631
            [Method] => 1
            [PayTimes] => 
            [Approve] => 0081994
            [TranID] => 2105281006602257210134133561
            [TranDate] => 20210528100606
            [CheckString] => 2261a60bc2700f137f56bd9d8604b255
        )

)
 from 60.64.139.101
2021/05/28 10:06:06 [/shop/shopping/load_payment_module.php] load_payment_module.php set payment data:Array
(
    [ACS] => 0
    [Forward] => 2S49631
    [Method] => 1
    [PayTimes] => 
    [Approve] => 0081994
    [TranID] => 2105281006602257210134133561
    [TranDate] => 20210528100606
    [CheckString] => 2261a60bc2700f137f56bd9d8604b255
    [Amount] => 2870
    [JobCd] => CAPTURE
    [action_status] => 3
    [pay_status] => 13
)
 from 60.64.139.101
2021/05/28 10:06:06 [/shop/user_data/pg_mulpay_recv.php] ******* receiveer data start ******* from 210.175.7.20
2021/05/28 10:06:06 [/shop/user_data/pg_mulpay_recv.php] Array
(
    [ShopID] => 9000034600950
    [ShopPass] => **********
    [AccessID] => 800767ec8bda30afb323056158e303a7
    [AccessPass] => ********************************
    [OrderID] => 945380-28100604
    [Status] => CAPTURE
    [JobCd] => CAPTURE
    [Amount] => 2870
    [Tax] => 0
    [Currency] => JPN
    [Forward] => 2S49631
    [Method] => 1
    [PayTimes] => 
    [TranID] => 2105281006602257210134133561
    [Approve] => 0081994
    [TranDate] => 20210528100606
    [ErrCode] => 
    [ErrInfo] => 
    [PayType] => 0
)
 from 210.175.7.20
2021/05/28 10:06:06 [/shop/user_data/pg_mulpay_recv.php] ******* receiveer data end ******* from 210.175.7.20
2021/05/28 10:06:11 [/shop/user_data/pg_mulpay_recv.php] update order status:1 order_id=945380 from 210.175.7.20
2021/05/28 10:06:11 [/shop/user_data/pg_mulpay_recv.php] pg_mulpay_recv.php set payment data:Array
(
    [ShopID] => 9000034600950
    [AccessID] => 800767ec8bda30afb323056158e303a7
    [OrderID] => 945380-28100604
    [Status] => CAPTURE
    [JobCd] => CAPTURE
    [Amount] => 2870
    [Tax] => 0
    [Currency] => JPN
    [Forward] => 2S49631
    [Method] => 1
    [PayTimes] => 
    [TranID] => 2105281006602257210134133561
    [Approve] => 0081994
    [TranDate] => 20210528100606
    [ErrCode] => 
    [ErrInfo] => 
    [PayType] => 0
    [CvsCode] => 
    [CvsConfNo] => 
    [CvsReceiptNo] => 
    [EdyReceiptNo] => 
    [EdyOrderNo] => 
    [SuicaReceiptNo] => 
    [SuicaOrderNo] => 
    [CustID] => 
    [BkCode] => 
    [ConfNo] => 
    [PaymentTerm] => 
    [EncryptReceiptNo] => 
    [FinishDate] => 
    [ReceiptDate] => 
    [WebMoneyManagementNo] => 
    [WebMoneySettleCode] => 
    [AuPayInfoNo] => 
    [AuPayMethod] => 
    [AuCancelAmount] => 
    [AuCancelTax] => 
    [DocomoSettlementCode] => 
    [DocomoCancelAmount] => 
    [DocomoCancelTax] => 
    [pay_status] => 13
)
 from 210.175.7.20
2021/05/28 10:06:11 [/shop/user_data/pg_mulpay_recv.php] response:true from 210.175.7.20
2021/05/28 18:42:27 [/shop/shopping/load_payment_module.php] SendRequest:https://p01.mul-pay.jp/payment/EntryTran.idPass from 213.55.220.208
2021/05/28 18:42:27 [/shop/shopping/load_payment_module.php] Array
(
    [ShopID] => 9000034600950
    [ShopPass] => ******
    [OrderID] => 945381-28184227
    [JobCd] => CAPTURE
    [Amount] => 9440
    [TdFlag] => 0
    [TdTenantName] => 
)
 from 213.55.220.208
2021/05/28 18:42:27 [/shop/shopping/load_payment_module.php] AccessID=11fdb8427ea522dfda0573ff070a5690&AccessPass=6c2800fbc1abefb9935f314f06044609 from 213.55.220.208
2021/05/28 18:42:27 [/shop/shopping/load_payment_module.php] Array
(
    [0] => Array
        (
            [AccessID] => 11fdb8427ea522dfda0573ff070a5690
            [AccessPass] => 6c2800fbc1abefb9935f314f06044609
        )

)
 from 213.55.220.208
2021/05/28 18:42:27 [/shop/shopping/load_payment_module.php] load_payment_module.php set payment data:Array
(
    [AccessID] => 11fdb8427ea522dfda0573ff070a5690
    [AccessPass] => 6c2800fbc1abefb9935f314f06044609
    [OrderID] => 945381-28184227
    [Amount] => 9440
    [JobCd] => CAPTURE
    [action_status] => 1
    [pay_status] => 0
)
 from 213.55.220.208
2021/05/28 18:42:27 [/shop/shopping/load_payment_module.php] SendRequest:https://p01.mul-pay.jp/payment/ExecTran.idPass from 213.55.220.208
2021/05/28 18:42:27 [/shop/shopping/load_payment_module.php] Array
(
    [AccessID] => 11fdb8427ea522dfda0573ff070a5690
    [AccessPass] => 6c2800fbc1abefb9935f314f06044609
    [OrderID] => 945381-28184227
    [Method] => 1
    [Token] => 0732d8993c4b9ac7d8bf83f8c6356db780a81d878a3b5e0ceab4c97d9e8cfaf3
    [ClientField1] => 
    [ClientField2] => 
    [ClientField3] => EC-CUBE4.3.24
)
 from 213.55.220.208
2021/05/28 18:42:28 [/shop/shopping/load_payment_module.php] ACS=0&OrderID=945381-28184227&Forward=2959876&Method=1&PayTimes=&Approve=0443184&TranID=2105281842602257210134123891&TranDate=20210528184229&CheckString=0870491f82d8c1e8a61c049df3fc1916 from 213.55.220.208
2021/05/28 18:42:28 [/shop/shopping/load_payment_module.php] Array
(
    [0] => Array
        (
            [ACS] => 0
            [OrderID] => 945381-28184227
            [Forward] => 2959876
            [Method] => 1
            [PayTimes] => 
            [Approve] => 0443184
            [TranID] => 2105281842602257210134123891
            [TranDate] => 20210528184229
            [CheckString] => 0870491f82d8c1e8a61c049df3fc1916
        )

)
 from 213.55.220.208
2021/05/28 18:42:28 [/shop/shopping/load_payment_module.php] load_payment_module.php set payment data:Array
(
    [ACS] => 0
    [Forward] => 2959876
    [Method] => 1
    [PayTimes] => 
    [Approve] => 0443184
    [TranID] => 2105281842602257210134123891
    [TranDate] => 20210528184229
    [CheckString] => 0870491f82d8c1e8a61c049df3fc1916
    [Amount] => 9440
    [JobCd] => CAPTURE
    [action_status] => 3
    [pay_status] => 13
)
 from 213.55.220.208
2021/05/28 18:42:29 [/shop/user_data/pg_mulpay_recv.php] ******* receiveer data start ******* from 210.175.7.20
2021/05/28 18:42:29 [/shop/user_data/pg_mulpay_recv.php] Array
(
    [ShopID] => 9000034600950
    [ShopPass] => **********
    [AccessID] => 11fdb8427ea522dfda0573ff070a5690
    [AccessPass] => ********************************
    [OrderID] => 945381-28184227
    [Status] => CAPTURE
    [JobCd] => CAPTURE
    [Amount] => 9440
    [Tax] => 0
    [Currency] => JPN
    [Forward] => 2959876
    [Method] => 1
    [PayTimes] => 
    [TranID] => 2105281842602257210134123891
    [Approve] => 0443184
    [TranDate] => 20210528184229
    [ErrCode] => 
    [ErrInfo] => 
    [PayType] => 0
)
 from 210.175.7.20
2021/05/28 18:42:29 [/shop/user_data/pg_mulpay_recv.php] ******* receiveer data end ******* from 210.175.7.20
2021/05/28 18:42:34 [/shop/user_data/pg_mulpay_recv.php] update order status:1 order_id=945381 from 210.175.7.20
2021/05/28 18:42:34 [/shop/user_data/pg_mulpay_recv.php] pg_mulpay_recv.php set payment data:Array
(
    [ShopID] => 9000034600950
    [AccessID] => 11fdb8427ea522dfda0573ff070a5690
    [OrderID] => 945381-28184227
    [Status] => CAPTURE
    [JobCd] => CAPTURE
    [Amount] => 9440
    [Tax] => 0
    [Currency] => JPN
    [Forward] => 2959876
    [Method] => 1
    [PayTimes] => 
    [TranID] => 2105281842602257210134123891
    [Approve] => 0443184
    [TranDate] => 20210528184229
    [ErrCode] => 
    [ErrInfo] => 
    [PayType] => 0
    [CvsCode] => 
    [CvsConfNo] => 
    [CvsReceiptNo] => 
    [EdyReceiptNo] => 
    [EdyOrderNo] => 
    [SuicaReceiptNo] => 
    [SuicaOrderNo] => 
    [CustID] => 
    [BkCode] => 
    [ConfNo] => 
    [PaymentTerm] => 
    [EncryptReceiptNo] => 
    [FinishDate] => 
    [ReceiptDate] => 
    [WebMoneyManagementNo] => 
    [WebMoneySettleCode] => 
    [AuPayInfoNo] => 
    [AuPayMethod] => 
    [AuCancelAmount] => 
    [AuCancelTax] => 
    [DocomoSettlementCode] => 
    [DocomoCancelAmount] => 
    [DocomoCancelTax] => 
    [pay_status] => 13
)
 from 210.175.7.20
2021/05/28 18:42:34 [/shop/user_data/pg_mulpay_recv.php] response:true from 210.175.7.20
2021/05/28 19:17:27 [/shop/shopping/load_payment_module.php] SendRequest:https://p01.mul-pay.jp/payment/SearchMember.idPass from 133.123.43.51
2021/05/28 19:17:27 [/shop/shopping/load_payment_module.php] Array
(
    [SiteID] => mst0000007602
    [SitePass] => ******
    [MemberID] => 8515
)
 from 133.123.43.51
2021/05/28 19:17:28 [/shop/shopping/load_payment_module.php] ErrCode=E01&ErrInfo=E01390002 from 133.123.43.51
2021/05/28 19:17:28 [/shop/shopping/load_payment_module.php] Array
(
    [0] => Array
        (
            [ErrCode] => E01
            [ErrInfo] => E01390002
        )

)
 from 133.123.43.51
2021/05/28 19:17:28 [/shop/shopping/load_payment_module.php] SendRequest:https://p01.mul-pay.jp/payment/SearchCard.idPass from 133.123.43.51
2021/05/28 19:17:28 [/shop/shopping/load_payment_module.php] Array
(
    [SiteID] => mst0000007602
    [SitePass] => ******
    [MemberID] => 8515
)
 from 133.123.43.51
2021/05/28 19:17:28 [/shop/shopping/load_payment_module.php] ErrCode=E01|E01&ErrInfo=E01390002|E01240002 from 133.123.43.51
2021/05/28 19:17:28 [/shop/shopping/load_payment_module.php] Array
(
    [0] => Array
        (
            [ErrCode] => E01
            [ErrInfo] => E01390002
        )

    [1] => Array
        (
            [ErrCode] => E01
            [ErrInfo] => E01240002
        )

)
 from 133.123.43.51
2021/05/28 19:17:59 [/shop/shopping/load_payment_module.php] SendRequest:https://p01.mul-pay.jp/payment/SearchMember.idPass from 133.123.43.51
2021/05/28 19:17:59 [/shop/shopping/load_payment_module.php] Array
(
    [SiteID] => mst0000007602
    [SitePass] => ******
    [MemberID] => 8515
)
 from 133.123.43.51
2021/05/28 19:17:59 [/shop/shopping/load_payment_module.php] ErrCode=E01&ErrInfo=E01390002 from 133.123.43.51
2021/05/28 19:17:59 [/shop/shopping/load_payment_module.php] Array
(
    [0] => Array
        (
            [ErrCode] => E01
            [ErrInfo] => E01390002
        )

)
 from 133.123.43.51
2021/05/28 19:17:59 [/shop/shopping/load_payment_module.php] SendRequest:https://p01.mul-pay.jp/payment/SearchCard.idPass from 133.123.43.51
2021/05/28 19:17:59 [/shop/shopping/load_payment_module.php] Array
(
    [SiteID] => mst0000007602
    [SitePass] => ******
    [MemberID] => 8515
)
 from 133.123.43.51
2021/05/28 19:18:00 [/shop/shopping/load_payment_module.php] ErrCode=E01|E01&ErrInfo=E01390002|E01240002 from 133.123.43.51
2021/05/28 19:18:00 [/shop/shopping/load_payment_module.php] Array
(
    [0] => Array
        (
            [ErrCode] => E01
            [ErrInfo] => E01390002
        )

    [1] => Array
        (
            [ErrCode] => E01
            [ErrInfo] => E01240002
        )

)
 from 133.123.43.51
2021/05/28 19:18:00 [/shop/shopping/load_payment_module.php] SendRequest:https://p01.mul-pay.jp/payment/EntryTran.idPass from 133.123.43.51
2021/05/28 19:18:00 [/shop/shopping/load_payment_module.php] Array
(
    [ShopID] => 9000034600950
    [ShopPass] => ******
    [OrderID] => 945382-28191800
    [JobCd] => CAPTURE
    [Amount] => 10620
    [TdFlag] => 0
    [TdTenantName] => 
)
 from 133.123.43.51
2021/05/28 19:18:00 [/shop/shopping/load_payment_module.php] AccessID=dd04f04a8fee3c9b49d5aa3a2966a3af&AccessPass=08a9af1eb81b0a385cb25f5ea61e136b from 133.123.43.51
2021/05/28 19:18:00 [/shop/shopping/load_payment_module.php] Array
(
    [0] => Array
        (
            [AccessID] => dd04f04a8fee3c9b49d5aa3a2966a3af
            [AccessPass] => 08a9af1eb81b0a385cb25f5ea61e136b
        )

)
 from 133.123.43.51
2021/05/28 19:18:00 [/shop/shopping/load_payment_module.php] load_payment_module.php set payment data:Array
(
    [AccessID] => dd04f04a8fee3c9b49d5aa3a2966a3af
    [AccessPass] => 08a9af1eb81b0a385cb25f5ea61e136b
    [OrderID] => 945382-28191800
    [Amount] => 10620
    [JobCd] => CAPTURE
    [action_status] => 1
    [pay_status] => 0
)
 from 133.123.43.51
2021/05/28 19:18:00 [/shop/shopping/load_payment_module.php] SendRequest:https://p01.mul-pay.jp/payment/ExecTran.idPass from 133.123.43.51
2021/05/28 19:18:00 [/shop/shopping/load_payment_module.php] Array
(
    [AccessID] => dd04f04a8fee3c9b49d5aa3a2966a3af
    [AccessPass] => 08a9af1eb81b0a385cb25f5ea61e136b
    [OrderID] => 945382-28191800
    [Method] => 1
    [Token] => b0c86acd830bd9c355dda844b6abf1adf24fcbef3ac5a98a35d94d8b6742821b
    [ClientField1] => 
    [ClientField2] => 
    [ClientField3] => EC-CUBE4.3.24
)
 from 133.123.43.51
2021/05/28 19:18:02 [/shop/shopping/load_payment_module.php] ACS=0&OrderID=945382-28191800&Forward=2959876&Method=1&PayTimes=&Approve=0121802&TranID=2105281918602257210134133562&TranDate=20210528191803&CheckString=ba82182e8c7a6127b5b5cb80f70aa632 from 133.123.43.51
2021/05/28 19:18:02 [/shop/shopping/load_payment_module.php] Array
(
    [0] => Array
        (
            [ACS] => 0
            [OrderID] => 945382-28191800
            [Forward] => 2959876
            [Method] => 1
            [PayTimes] => 
            [Approve] => 0121802
            [TranID] => 2105281918602257210134133562
            [TranDate] => 20210528191803
            [CheckString] => ba82182e8c7a6127b5b5cb80f70aa632
        )

)
 from 133.123.43.51
2021/05/28 19:18:02 [/shop/shopping/load_payment_module.php] load_payment_module.php set payment data:Array
(
    [ACS] => 0
    [Forward] => 2959876
    [Method] => 1
    [PayTimes] => 
    [Approve] => 0121802
    [TranID] => 2105281918602257210134133562
    [TranDate] => 20210528191803
    [CheckString] => ba82182e8c7a6127b5b5cb80f70aa632
    [Amount] => 10620
    [JobCd] => CAPTURE
    [action_status] => 3
    [pay_status] => 13
)
 from 133.123.43.51
2021/05/28 19:18:03 [/shop/user_data/pg_mulpay_recv.php] ******* receiveer data start ******* from 210.175.7.20
2021/05/28 19:18:03 [/shop/user_data/pg_mulpay_recv.php] Array
(
    [ShopID] => 9000034600950
    [ShopPass] => **********
    [AccessID] => dd04f04a8fee3c9b49d5aa3a2966a3af
    [AccessPass] => ********************************
    [OrderID] => 945382-28191800
    [Status] => CAPTURE
    [JobCd] => CAPTURE
    [Amount] => 10620
    [Tax] => 0
    [Currency] => JPN
    [Forward] => 2959876
    [Method] => 1
    [PayTimes] => 
    [TranID] => 2105281918602257210134133562
    [Approve] => 0121802
    [TranDate] => 20210528191803
    [ErrCode] => 
    [ErrInfo] => 
    [PayType] => 0
)
 from 210.175.7.20
2021/05/28 19:18:03 [/shop/user_data/pg_mulpay_recv.php] ******* receiveer data end ******* from 210.175.7.20
2021/05/28 19:18:08 [/shop/user_data/pg_mulpay_recv.php] update order status:1 order_id=945382 from 210.175.7.20
2021/05/28 19:18:08 [/shop/user_data/pg_mulpay_recv.php] pg_mulpay_recv.php set payment data:Array
(
    [ShopID] => 9000034600950
    [AccessID] => dd04f04a8fee3c9b49d5aa3a2966a3af
    [OrderID] => 945382-28191800
    [Status] => CAPTURE
    [JobCd] => CAPTURE
    [Amount] => 10620
    [Tax] => 0
    [Currency] => JPN
    [Forward] => 2959876
    [Method] => 1
    [PayTimes] => 
    [TranID] => 2105281918602257210134133562
    [Approve] => 0121802
    [TranDate] => 20210528191803
    [ErrCode] => 
    [ErrInfo] => 
    [PayType] => 0
    [CvsCode] => 
    [CvsConfNo] => 
    [CvsReceiptNo] => 
    [EdyReceiptNo] => 
    [EdyOrderNo] => 
    [SuicaReceiptNo] => 
    [SuicaOrderNo] => 
    [CustID] => 
    [BkCode] => 
    [ConfNo] => 
    [PaymentTerm] => 
    [EncryptReceiptNo] => 
    [FinishDate] => 
    [ReceiptDate] => 
    [WebMoneyManagementNo] => 
    [WebMoneySettleCode] => 
    [AuPayInfoNo] => 
    [AuPayMethod] => 
    [AuCancelAmount] => 
    [AuCancelTax] => 
    [DocomoSettlementCode] => 
    [DocomoCancelAmount] => 
    [DocomoCancelTax] => 
    [pay_status] => 13
)
 from 210.175.7.20
2021/05/28 19:18:08 [/shop/user_data/pg_mulpay_recv.php] response:true from 210.175.7.20
2021/05/28 19:22:23 [/shop/shopping/load_payment_module.php] SendRequest:https://p01.mul-pay.jp/payment/SearchMember.idPass from 133.123.43.51
2021/05/28 19:22:23 [/shop/shopping/load_payment_module.php] Array
(
    [SiteID] => mst0000007602
    [SitePass] => ******
    [MemberID] => 8515
)
 from 133.123.43.51
2021/05/28 19:22:23 [/shop/shopping/load_payment_module.php] ErrCode=E01&ErrInfo=E01390002 from 133.123.43.51
2021/05/28 19:22:23 [/shop/shopping/load_payment_module.php] Array
(
    [0] => Array
        (
            [ErrCode] => E01
            [ErrInfo] => E01390002
        )

)
 from 133.123.43.51
2021/05/28 19:22:23 [/shop/shopping/load_payment_module.php] SendRequest:https://p01.mul-pay.jp/payment/SearchCard.idPass from 133.123.43.51
2021/05/28 19:22:23 [/shop/shopping/load_payment_module.php] Array
(
    [SiteID] => mst0000007602
    [SitePass] => ******
    [MemberID] => 8515
)
 from 133.123.43.51
2021/05/28 19:22:23 [/shop/shopping/load_payment_module.php] ErrCode=E01|E01&ErrInfo=E01390002|E01240002 from 133.123.43.51
2021/05/28 19:22:23 [/shop/shopping/load_payment_module.php] Array
(
    [0] => Array
        (
            [ErrCode] => E01
            [ErrInfo] => E01390002
        )

    [1] => Array
        (
            [ErrCode] => E01
            [ErrInfo] => E01240002
        )

)
 from 133.123.43.51
2021/05/28 19:22:47 [/shop/shopping/load_payment_module.php] SendRequest:https://p01.mul-pay.jp/payment/SearchMember.idPass from 133.123.43.51
2021/05/28 19:22:47 [/shop/shopping/load_payment_module.php] Array
(
    [SiteID] => mst0000007602
    [SitePass] => ******
    [MemberID] => 8515
)
 from 133.123.43.51
2021/05/28 19:22:47 [/shop/shopping/load_payment_module.php] ErrCode=E01&ErrInfo=E01390002 from 133.123.43.51
2021/05/28 19:22:47 [/shop/shopping/load_payment_module.php] Array
(
    [0] => Array
        (
            [ErrCode] => E01
            [ErrInfo] => E01390002
        )

)
 from 133.123.43.51
2021/05/28 19:22:47 [/shop/shopping/load_payment_module.php] SendRequest:https://p01.mul-pay.jp/payment/SearchCard.idPass from 133.123.43.51
2021/05/28 19:22:47 [/shop/shopping/load_payment_module.php] Array
(
    [SiteID] => mst0000007602
    [SitePass] => ******
    [MemberID] => 8515
)
 from 133.123.43.51
2021/05/28 19:22:48 [/shop/shopping/load_payment_module.php] ErrCode=E01|E01&ErrInfo=E01390002|E01240002 from 133.123.43.51
2021/05/28 19:22:48 [/shop/shopping/load_payment_module.php] Array
(
    [0] => Array
        (
            [ErrCode] => E01
            [ErrInfo] => E01390002
        )

    [1] => Array
        (
            [ErrCode] => E01
            [ErrInfo] => E01240002
        )

)
 from 133.123.43.51
2021/05/28 19:22:48 [/shop/shopping/load_payment_module.php] SendRequest:https://p01.mul-pay.jp/payment/EntryTran.idPass from 133.123.43.51
2021/05/28 19:22:48 [/shop/shopping/load_payment_module.php] Array
(
    [ShopID] => 9000034600950
    [ShopPass] => ******
    [OrderID] => 945383-28192248
    [JobCd] => CAPTURE
    [Amount] => 18060
    [TdFlag] => 0
    [TdTenantName] => 
)
 from 133.123.43.51
2021/05/28 19:22:48 [/shop/shopping/load_payment_module.php] AccessID=f78a8bb2c532d77f05b1510f7b6d0c4e&AccessPass=ed69d6f4c040466babd5b5220b67e132 from 133.123.43.51
2021/05/28 19:22:48 [/shop/shopping/load_payment_module.php] Array
(
    [0] => Array
        (
            [AccessID] => f78a8bb2c532d77f05b1510f7b6d0c4e
            [AccessPass] => ed69d6f4c040466babd5b5220b67e132
        )

)
 from 133.123.43.51
2021/05/28 19:22:48 [/shop/shopping/load_payment_module.php] load_payment_module.php set payment data:Array
(
    [AccessID] => f78a8bb2c532d77f05b1510f7b6d0c4e
    [AccessPass] => ed69d6f4c040466babd5b5220b67e132
    [OrderID] => 945383-28192248
    [Amount] => 18060
    [JobCd] => CAPTURE
    [action_status] => 1
    [pay_status] => 0
)
 from 133.123.43.51
2021/05/28 19:22:48 [/shop/shopping/load_payment_module.php] SendRequest:https://p01.mul-pay.jp/payment/ExecTran.idPass from 133.123.43.51
2021/05/28 19:22:48 [/shop/shopping/load_payment_module.php] Array
(
    [AccessID] => f78a8bb2c532d77f05b1510f7b6d0c4e
    [AccessPass] => ed69d6f4c040466babd5b5220b67e132
    [OrderID] => 945383-28192248
    [Method] => 1
    [Token] => 160fae26651662656e886a38f84b661dbc23c4bd55911389164e761dd4577bb8
    [ClientField1] => 
    [ClientField2] => 
    [ClientField3] => EC-CUBE4.3.24
)
 from 133.123.43.51
2021/05/28 19:22:50 [/shop/shopping/load_payment_module.php] ACS=0&OrderID=945383-28192248&Forward=2959876&Method=1&PayTimes=&Approve=0122250&TranID=2105281922602257210134133563&TranDate=20210528192250&CheckString=230ee7c438ba00bb5ae89b071bda74ed from 133.123.43.51
2021/05/28 19:22:50 [/shop/shopping/load_payment_module.php] Array
(
    [0] => Array
        (
            [ACS] => 0
            [OrderID] => 945383-28192248
            [Forward] => 2959876
            [Method] => 1
            [PayTimes] => 
            [Approve] => 0122250
            [TranID] => 2105281922602257210134133563
            [TranDate] => 20210528192250
            [CheckString] => 230ee7c438ba00bb5ae89b071bda74ed
        )

)
 from 133.123.43.51
2021/05/28 19:22:50 [/shop/shopping/load_payment_module.php] load_payment_module.php set payment data:Array
(
    [ACS] => 0
    [Forward] => 2959876
    [Method] => 1
    [PayTimes] => 
    [Approve] => 0122250
    [TranID] => 2105281922602257210134133563
    [TranDate] => 20210528192250
    [CheckString] => 230ee7c438ba00bb5ae89b071bda74ed
    [Amount] => 18060
    [JobCd] => CAPTURE
    [action_status] => 3
    [pay_status] => 13
)
 from 133.123.43.51
2021/05/28 19:22:50 [/shop/user_data/pg_mulpay_recv.php] ******* receiveer data start ******* from 210.175.7.20
2021/05/28 19:22:50 [/shop/user_data/pg_mulpay_recv.php] Array
(
    [ShopID] => 9000034600950
    [ShopPass] => **********
    [AccessID] => f78a8bb2c532d77f05b1510f7b6d0c4e
    [AccessPass] => ********************************
    [OrderID] => 945383-28192248
    [Status] => CAPTURE
    [JobCd] => CAPTURE
    [Amount] => 18060
    [Tax] => 0
    [Currency] => JPN
    [Forward] => 2959876
    [Method] => 1
    [PayTimes] => 
    [TranID] => 2105281922602257210134133563
    [Approve] => 0122250
    [TranDate] => 20210528192250
    [ErrCode] => 
    [ErrInfo] => 
    [PayType] => 0
)
 from 210.175.7.20
2021/05/28 19:22:50 [/shop/user_data/pg_mulpay_recv.php] ******* receiveer data end ******* from 210.175.7.20
2021/05/28 19:22:55 [/shop/user_data/pg_mulpay_recv.php] update order status:1 order_id=945383 from 210.175.7.20
2021/05/28 19:22:55 [/shop/user_data/pg_mulpay_recv.php] pg_mulpay_recv.php set payment data:Array
(
    [ShopID] => 9000034600950
    [AccessID] => f78a8bb2c532d77f05b1510f7b6d0c4e
    [OrderID] => 945383-28192248
    [Status] => CAPTURE
    [JobCd] => CAPTURE
    [Amount] => 18060
    [Tax] => 0
    [Currency] => JPN
    [Forward] => 2959876
    [Method] => 1
    [PayTimes] => 
    [TranID] => 2105281922602257210134133563
    [Approve] => 0122250
    [TranDate] => 20210528192250
    [ErrCode] => 
    [ErrInfo] => 
    [PayType] => 0
    [CvsCode] => 
    [CvsConfNo] => 
    [CvsReceiptNo] => 
    [EdyReceiptNo] => 
    [EdyOrderNo] => 
    [SuicaReceiptNo] => 
    [SuicaOrderNo] => 
    [CustID] => 
    [BkCode] => 
    [ConfNo] => 
    [PaymentTerm] => 
    [EncryptReceiptNo] => 
    [FinishDate] => 
    [ReceiptDate] => 
    [WebMoneyManagementNo] => 
    [WebMoneySettleCode] => 
    [AuPayInfoNo] => 
    [AuPayMethod] => 
    [AuCancelAmount] => 
    [AuCancelTax] => 
    [DocomoSettlementCode] => 
    [DocomoCancelAmount] => 
    [DocomoCancelTax] => 
    [pay_status] => 13
)
 from 210.175.7.20
2021/05/28 19:22:55 [/shop/user_data/pg_mulpay_recv.php] response:true from 210.175.7.20
2021/05/28 21:22:49 [/shop/shopping/load_payment_module.php] SendRequest:https://p01.mul-pay.jp/payment/EntryTran.idPass from 187.116.69.28
2021/05/28 21:22:49 [/shop/shopping/load_payment_module.php] Array
(
    [ShopID] => 9000034600950
    [ShopPass] => ******
    [OrderID] => 945384-28212249
    [JobCd] => CAPTURE
    [Amount] => 9320
    [TdFlag] => 0
    [TdTenantName] => 
)
 from 187.116.69.28
2021/05/28 21:22:49 [/shop/shopping/load_payment_module.php] AccessID=68dfc6c743a97b43723daaabab8a39e5&AccessPass=7f1e406a252523454daa6f4bc4331c9a from 187.116.69.28
2021/05/28 21:22:49 [/shop/shopping/load_payment_module.php] Array
(
    [0] => Array
        (
            [AccessID] => 68dfc6c743a97b43723daaabab8a39e5
            [AccessPass] => 7f1e406a252523454daa6f4bc4331c9a
        )

)
 from 187.116.69.28
2021/05/28 21:22:49 [/shop/shopping/load_payment_module.php] load_payment_module.php set payment data:Array
(
    [AccessID] => 68dfc6c743a97b43723daaabab8a39e5
    [AccessPass] => 7f1e406a252523454daa6f4bc4331c9a
    [OrderID] => 945384-28212249
    [Amount] => 9320
    [JobCd] => CAPTURE
    [action_status] => 1
    [pay_status] => 0
)
 from 187.116.69.28
2021/05/28 21:22:49 [/shop/shopping/load_payment_module.php] SendRequest:https://p01.mul-pay.jp/payment/ExecTran.idPass from 187.116.69.28
2021/05/28 21:22:49 [/shop/shopping/load_payment_module.php] Array
(
    [AccessID] => 68dfc6c743a97b43723daaabab8a39e5
    [AccessPass] => 7f1e406a252523454daa6f4bc4331c9a
    [OrderID] => 945384-28212249
    [Method] => 1
    [Token] => 7b416cdcf38961c00e23bbe2cc5adbe63ce5f1f16337f219453cd9cbc880c82c
    [ClientField1] => 
    [ClientField2] => 
    [ClientField3] => EC-CUBE4.3.24
)
 from 187.116.69.28
2021/05/28 21:22:51 [/shop/shopping/load_payment_module.php] ACS=0&OrderID=945384-28212249&Forward=2959876&Method=1&PayTimes=&Approve=0225174&TranID=2105282122602257210134113859&TranDate=20210528212251&CheckString=7bd8052967ce3171b6bc6b8d9139af82 from 187.116.69.28
2021/05/28 21:22:51 [/shop/shopping/load_payment_module.php] Array
(
    [0] => Array
        (
            [ACS] => 0
            [OrderID] => 945384-28212249
            [Forward] => 2959876
            [Method] => 1
            [PayTimes] => 
            [Approve] => 0225174
            [TranID] => 2105282122602257210134113859
            [TranDate] => 20210528212251
            [CheckString] => 7bd8052967ce3171b6bc6b8d9139af82
        )

)
 from 187.116.69.28
2021/05/28 21:22:51 [/shop/shopping/load_payment_module.php] load_payment_module.php set payment data:Array
(
    [ACS] => 0
    [Forward] => 2959876
    [Method] => 1
    [PayTimes] => 
    [Approve] => 0225174
    [TranID] => 2105282122602257210134113859
    [TranDate] => 20210528212251
    [CheckString] => 7bd8052967ce3171b6bc6b8d9139af82
    [Amount] => 9320
    [JobCd] => CAPTURE
    [action_status] => 3
    [pay_status] => 13
)
 from 187.116.69.28
2021/05/28 21:22:51 [/shop/user_data/pg_mulpay_recv.php] ******* receiveer data start ******* from 210.175.7.20
2021/05/28 21:22:51 [/shop/user_data/pg_mulpay_recv.php] Array
(
    [ShopID] => 9000034600950
    [ShopPass] => **********
    [AccessID] => 68dfc6c743a97b43723daaabab8a39e5
    [AccessPass] => ********************************
    [OrderID] => 945384-28212249
    [Status] => CAPTURE
    [JobCd] => CAPTURE
    [Amount] => 9320
    [Tax] => 0
    [Currency] => JPN
    [Forward] => 2959876
    [Method] => 1
    [PayTimes] => 
    [TranID] => 2105282122602257210134113859
    [Approve] => 0225174
    [TranDate] => 20210528212251
    [ErrCode] => 
    [ErrInfo] => 
    [PayType] => 0
)
 from 210.175.7.20
2021/05/28 21:22:51 [/shop/user_data/pg_mulpay_recv.php] ******* receiveer data end ******* from 210.175.7.20
2021/05/28 21:22:56 [/shop/user_data/pg_mulpay_recv.php] update order status:1 order_id=945384 from 210.175.7.20
2021/05/28 21:22:56 [/shop/user_data/pg_mulpay_recv.php] pg_mulpay_recv.php set payment data:Array
(
    [ShopID] => 9000034600950
    [AccessID] => 68dfc6c743a97b43723daaabab8a39e5
    [OrderID] => 945384-28212249
    [Status] => CAPTURE
    [JobCd] => CAPTURE
    [Amount] => 9320
    [Tax] => 0
    [Currency] => JPN
    [Forward] => 2959876
    [Method] => 1
    [PayTimes] => 
    [TranID] => 2105282122602257210134113859
    [Approve] => 0225174
    [TranDate] => 20210528212251
    [ErrCode] => 
    [ErrInfo] => 
    [PayType] => 0
    [CvsCode] => 
    [CvsConfNo] => 
    [CvsReceiptNo] => 
    [EdyReceiptNo] => 
    [EdyOrderNo] => 
    [SuicaReceiptNo] => 
    [SuicaOrderNo] => 
    [CustID] => 
    [BkCode] => 
    [ConfNo] => 
    [PaymentTerm] => 
    [EncryptReceiptNo] => 
    [FinishDate] => 
    [ReceiptDate] => 
    [WebMoneyManagementNo] => 
    [WebMoneySettleCode] => 
    [AuPayInfoNo] => 
    [AuPayMethod] => 
    [AuCancelAmount] => 
    [AuCancelTax] => 
    [DocomoSettlementCode] => 
    [DocomoCancelAmount] => 
    [DocomoCancelTax] => 
    [pay_status] => 13
)
 from 210.175.7.20
2021/05/28 21:22:56 [/shop/user_data/pg_mulpay_recv.php] response:true from 210.175.7.20
