2025/03/24 06:08:32 [/shop/shopping/load_payment_module.php] SendRequest:https://p01.mul-pay.jp/payment/EntryTran.idPass from 203.114.35.214
2025/03/24 06:08:32 [/shop/shopping/load_payment_module.php] Array
(
    [ShopID] => 9000034600950
    [ShopPass] => ******
    [OrderID] => 960969-24060832
    [JobCd] => CAPTURE
    [Amount] => 2500
    [TdFlag] => 0
    [TdTenantName] => 
)
 from 203.114.35.214
2025/03/24 06:08:32 [/shop/shopping/load_payment_module.php] AccessID=54c3193bfae1aff17e1abed0f8756575&AccessPass=cfc261afa059f5f099ad359dbf40d665 from 203.114.35.214
2025/03/24 06:08:32 [/shop/shopping/load_payment_module.php] Array
(
    [0] => Array
        (
            [AccessID] => 54c3193bfae1aff17e1abed0f8756575
            [AccessPass] => cfc261afa059f5f099ad359dbf40d665
        )

)
 from 203.114.35.214
2025/03/24 06:08:32 [/shop/shopping/load_payment_module.php] load_payment_module.php set payment data:Array
(
    [AccessID] => 54c3193bfae1aff17e1abed0f8756575
    [AccessPass] => cfc261afa059f5f099ad359dbf40d665
    [OrderID] => 960969-24060832
    [Amount] => 2500
    [JobCd] => CAPTURE
    [action_status] => 1
    [pay_status] => 0
)
 from 203.114.35.214
2025/03/24 06:08:32 [/shop/shopping/load_payment_module.php] SendRequest:https://p01.mul-pay.jp/payment/ExecTran.idPass from 203.114.35.214
2025/03/24 06:08:32 [/shop/shopping/load_payment_module.php] Array
(
    [AccessID] => 54c3193bfae1aff17e1abed0f8756575
    [AccessPass] => cfc261afa059f5f099ad359dbf40d665
    [OrderID] => 960969-24060832
    [Method] => 1
    [Token] => b443bebb475d3d47fbefbc849b644ab83e3123d2e09afca09c3c4caf69f30b0d
    [ClientField1] => 
    [ClientField2] => 
    [ClientField3] => EC-CUBE4.3.35
)
 from 203.114.35.214
2025/03/24 06:08:33 [/shop/shopping/load_payment_module.php] ACS=0&OrderID=960969-24060832&Forward=2S49631&Method=1&PayTimes=&Approve=0011404&TranID=2503240608602257210134164091&TranDate=20250324060833&CheckString=e46bc4884fe8a959dfca2b96b2b1b417 from 203.114.35.214
2025/03/24 06:08:33 [/shop/shopping/load_payment_module.php] Array
(
    [0] => Array
        (
            [ACS] => 0
            [OrderID] => 960969-24060832
            [Forward] => 2S49631
            [Method] => 1
            [PayTimes] => 
            [Approve] => 0011404
            [TranID] => 2503240608602257210134164091
            [TranDate] => 20250324060833
            [CheckString] => e46bc4884fe8a959dfca2b96b2b1b417
        )

)
 from 203.114.35.214
2025/03/24 06:08:33 [/shop/shopping/load_payment_module.php] load_payment_module.php set payment data:Array
(
    [ACS] => 0
    [Forward] => 2S49631
    [Method] => 1
    [PayTimes] => 
    [Approve] => 0011404
    [TranID] => 2503240608602257210134164091
    [TranDate] => 20250324060833
    [CheckString] => e46bc4884fe8a959dfca2b96b2b1b417
    [Amount] => 2500
    [JobCd] => CAPTURE
    [action_status] => 3
    [pay_status] => 13
)
 from 203.114.35.214
2025/03/24 06:08:33 [/shop/user_data/pg_mulpay_recv.php] ******* receiveer data start ******* from 210.175.7.20
2025/03/24 06:08:33 [/shop/user_data/pg_mulpay_recv.php] Array
(
    [ShopID] => 9000034600950
    [ShopPass] => **********
    [AccessID] => 54c3193bfae1aff17e1abed0f8756575
    [AccessPass] => ********************************
    [OrderID] => 960969-24060832
    [Status] => CAPTURE
    [JobCd] => CAPTURE
    [Amount] => 2500
    [Tax] => 0
    [Currency] => JPN
    [Forward] => 2S49631
    [Method] => 1
    [PayTimes] => 
    [TranID] => 2503240608602257210134164091
    [Approve] => 0011404
    [TranDate] => 20250324060833
    [ErrCode] => 
    [ErrInfo] => 
    [PayType] => 0
)
 from 210.175.7.20
2025/03/24 06:08:33 [/shop/user_data/pg_mulpay_recv.php] ******* receiveer data end ******* from 210.175.7.20
2025/03/24 06:08:38 [/shop/user_data/pg_mulpay_recv.php] update order status:1 order_id=960969 from 210.175.7.20
2025/03/24 06:08:38 [/shop/user_data/pg_mulpay_recv.php] pg_mulpay_recv.php set payment data:Array
(
    [ShopID] => 9000034600950
    [AccessID] => 54c3193bfae1aff17e1abed0f8756575
    [OrderID] => 960969-24060832
    [Status] => CAPTURE
    [JobCd] => CAPTURE
    [Amount] => 2500
    [Tax] => 0
    [Currency] => JPN
    [Forward] => 2S49631
    [Method] => 1
    [PayTimes] => 
    [TranID] => 2503240608602257210134164091
    [Approve] => 0011404
    [TranDate] => 20250324060833
    [ErrCode] => 
    [ErrInfo] => 
    [PayType] => 0
    [CvsCode] => 
    [CvsConfNo] => 
    [CvsReceiptNo] => 
    [EdyReceiptNo] => 
    [EdyOrderNo] => 
    [SuicaReceiptNo] => 
    [SuicaOrderNo] => 
    [CustID] => 
    [BkCode] => 
    [ConfNo] => 
    [PaymentTerm] => 
    [EncryptReceiptNo] => 
    [FinishDate] => 
    [ReceiptDate] => 
    [WebMoneyManagementNo] => 
    [WebMoneySettleCode] => 
    [AuPayInfoNo] => 
    [AuPayMethod] => 
    [AuCancelAmount] => 
    [AuCancelTax] => 
    [DocomoSettlementCode] => 
    [DocomoCancelAmount] => 
    [DocomoCancelTax] => 
    [pay_status] => 13
)
 from 210.175.7.20
2025/03/24 06:08:38 [/shop/user_data/pg_mulpay_recv.php] response:true from 210.175.7.20
2025/03/24 08:23:13 [/shop/shopping/load_payment_module.php] SendRequest:https://p01.mul-pay.jp/payment/SearchMember.idPass from 85.3.220.82
2025/03/24 08:23:13 [/shop/shopping/load_payment_module.php] Array
(
    [SiteID] => mst0000007602
    [SitePass] => ******
    [MemberID] => 8806
)
 from 85.3.220.82
2025/03/24 08:23:13 [/shop/shopping/load_payment_module.php] ErrCode=E01&ErrInfo=E01390002 from 85.3.220.82
2025/03/24 08:23:13 [/shop/shopping/load_payment_module.php] Array
(
    [0] => Array
        (
            [ErrCode] => E01
            [ErrInfo] => E01390002
        )

)
 from 85.3.220.82
2025/03/24 08:23:13 [/shop/shopping/load_payment_module.php] SendRequest:https://p01.mul-pay.jp/payment/SearchCard.idPass from 85.3.220.82
2025/03/24 08:23:13 [/shop/shopping/load_payment_module.php] Array
(
    [SiteID] => mst0000007602
    [SitePass] => ******
    [MemberID] => 8806
)
 from 85.3.220.82
2025/03/24 08:23:13 [/shop/shopping/load_payment_module.php] ErrCode=E01|E01&ErrInfo=E01390002|E01240002 from 85.3.220.82
2025/03/24 08:23:13 [/shop/shopping/load_payment_module.php] Array
(
    [0] => Array
        (
            [ErrCode] => E01
            [ErrInfo] => E01390002
        )

    [1] => Array
        (
            [ErrCode] => E01
            [ErrInfo] => E01240002
        )

)
 from 85.3.220.82
2025/03/24 08:23:45 [/shop/shopping/load_payment_module.php] SendRequest:https://p01.mul-pay.jp/payment/SearchMember.idPass from 85.3.220.82
2025/03/24 08:23:45 [/shop/shopping/load_payment_module.php] Array
(
    [SiteID] => mst0000007602
    [SitePass] => ******
    [MemberID] => 8806
)
 from 85.3.220.82
2025/03/24 08:23:45 [/shop/shopping/load_payment_module.php] ErrCode=E01&ErrInfo=E01390002 from 85.3.220.82
2025/03/24 08:23:45 [/shop/shopping/load_payment_module.php] Array
(
    [0] => Array
        (
            [ErrCode] => E01
            [ErrInfo] => E01390002
        )

)
 from 85.3.220.82
2025/03/24 08:23:45 [/shop/shopping/load_payment_module.php] SendRequest:https://p01.mul-pay.jp/payment/SearchCard.idPass from 85.3.220.82
2025/03/24 08:23:45 [/shop/shopping/load_payment_module.php] Array
(
    [SiteID] => mst0000007602
    [SitePass] => ******
    [MemberID] => 8806
)
 from 85.3.220.82
2025/03/24 08:23:45 [/shop/shopping/load_payment_module.php] ErrCode=E01|E01&ErrInfo=E01390002|E01240002 from 85.3.220.82
2025/03/24 08:23:45 [/shop/shopping/load_payment_module.php] Array
(
    [0] => Array
        (
            [ErrCode] => E01
            [ErrInfo] => E01390002
        )

    [1] => Array
        (
            [ErrCode] => E01
            [ErrInfo] => E01240002
        )

)
 from 85.3.220.82
2025/03/24 08:23:45 [/shop/shopping/load_payment_module.php] SendRequest:https://p01.mul-pay.jp/payment/EntryTran.idPass from 85.3.220.82
2025/03/24 08:23:45 [/shop/shopping/load_payment_module.php] Array
(
    [ShopID] => 9000034600950
    [ShopPass] => ******
    [OrderID] => 960970-24082345
    [JobCd] => CAPTURE
    [Amount] => 6630
    [TdFlag] => 0
    [TdTenantName] => 
)
 from 85.3.220.82
2025/03/24 08:23:45 [/shop/shopping/load_payment_module.php] AccessID=5a0bc43948bdfbf03c439c5989221c2f&AccessPass=a6add42797f725828c0d083cb6565ebd from 85.3.220.82
2025/03/24 08:23:45 [/shop/shopping/load_payment_module.php] Array
(
    [0] => Array
        (
            [AccessID] => 5a0bc43948bdfbf03c439c5989221c2f
            [AccessPass] => a6add42797f725828c0d083cb6565ebd
        )

)
 from 85.3.220.82
2025/03/24 08:23:45 [/shop/shopping/load_payment_module.php] load_payment_module.php set payment data:Array
(
    [AccessID] => 5a0bc43948bdfbf03c439c5989221c2f
    [AccessPass] => a6add42797f725828c0d083cb6565ebd
    [OrderID] => 960970-24082345
    [Amount] => 6630
    [JobCd] => CAPTURE
    [action_status] => 1
    [pay_status] => 0
)
 from 85.3.220.82
2025/03/24 08:23:45 [/shop/shopping/load_payment_module.php] SendRequest:https://p01.mul-pay.jp/payment/ExecTran.idPass from 85.3.220.82
2025/03/24 08:23:45 [/shop/shopping/load_payment_module.php] Array
(
    [AccessID] => 5a0bc43948bdfbf03c439c5989221c2f
    [AccessPass] => a6add42797f725828c0d083cb6565ebd
    [OrderID] => 960970-24082345
    [Method] => 1
    [Token] => 1ac9692ee8dca962e3f8b6b968c9381b677765af2e3489c45a4ec0e79ade038b
    [ClientField1] => 
    [ClientField2] => 
    [ClientField3] => EC-CUBE4.3.35
)
 from 85.3.220.82
2025/03/24 08:23:45 [/shop/shopping/load_payment_module.php] ACS=0&OrderID=960970-24082345&Forward=2S49631&Method=1&PayTimes=&Approve=0416021&TranID=2503240823602257210134154071&TranDate=20250324082345&CheckString=58bef45980f428fecbaeeeab829ace74 from 85.3.220.82
2025/03/24 08:23:45 [/shop/shopping/load_payment_module.php] Array
(
    [0] => Array
        (
            [ACS] => 0
            [OrderID] => 960970-24082345
            [Forward] => 2S49631
            [Method] => 1
            [PayTimes] => 
            [Approve] => 0416021
            [TranID] => 2503240823602257210134154071
            [TranDate] => 20250324082345
            [CheckString] => 58bef45980f428fecbaeeeab829ace74
        )

)
 from 85.3.220.82
2025/03/24 08:23:45 [/shop/shopping/load_payment_module.php] load_payment_module.php set payment data:Array
(
    [ACS] => 0
    [Forward] => 2S49631
    [Method] => 1
    [PayTimes] => 
    [Approve] => 0416021
    [TranID] => 2503240823602257210134154071
    [TranDate] => 20250324082345
    [CheckString] => 58bef45980f428fecbaeeeab829ace74
    [Amount] => 6630
    [JobCd] => CAPTURE
    [action_status] => 3
    [pay_status] => 13
)
 from 85.3.220.82
2025/03/24 08:23:46 [/shop/user_data/pg_mulpay_recv.php] ******* receiveer data start ******* from 210.175.7.20
2025/03/24 08:23:46 [/shop/user_data/pg_mulpay_recv.php] Array
(
    [ShopID] => 9000034600950
    [ShopPass] => **********
    [AccessID] => 5a0bc43948bdfbf03c439c5989221c2f
    [AccessPass] => ********************************
    [OrderID] => 960970-24082345
    [Status] => CAPTURE
    [JobCd] => CAPTURE
    [Amount] => 6630
    [Tax] => 0
    [Currency] => JPN
    [Forward] => 2S49631
    [Method] => 1
    [PayTimes] => 
    [TranID] => 2503240823602257210134154071
    [Approve] => 0416021
    [TranDate] => 20250324082345
    [ErrCode] => 
    [ErrInfo] => 
    [PayType] => 0
)
 from 210.175.7.20
2025/03/24 08:23:46 [/shop/user_data/pg_mulpay_recv.php] ******* receiveer data end ******* from 210.175.7.20
2025/03/24 08:23:51 [/shop/user_data/pg_mulpay_recv.php] update order status:1 order_id=960970 from 210.175.7.20
2025/03/24 08:23:51 [/shop/user_data/pg_mulpay_recv.php] pg_mulpay_recv.php set payment data:Array
(
    [ShopID] => 9000034600950
    [AccessID] => 5a0bc43948bdfbf03c439c5989221c2f
    [OrderID] => 960970-24082345
    [Status] => CAPTURE
    [JobCd] => CAPTURE
    [Amount] => 6630
    [Tax] => 0
    [Currency] => JPN
    [Forward] => 2S49631
    [Method] => 1
    [PayTimes] => 
    [TranID] => 2503240823602257210134154071
    [Approve] => 0416021
    [TranDate] => 20250324082345
    [ErrCode] => 
    [ErrInfo] => 
    [PayType] => 0
    [CvsCode] => 
    [CvsConfNo] => 
    [CvsReceiptNo] => 
    [EdyReceiptNo] => 
    [EdyOrderNo] => 
    [SuicaReceiptNo] => 
    [SuicaOrderNo] => 
    [CustID] => 
    [BkCode] => 
    [ConfNo] => 
    [PaymentTerm] => 
    [EncryptReceiptNo] => 
    [FinishDate] => 
    [ReceiptDate] => 
    [WebMoneyManagementNo] => 
    [WebMoneySettleCode] => 
    [AuPayInfoNo] => 
    [AuPayMethod] => 
    [AuCancelAmount] => 
    [AuCancelTax] => 
    [DocomoSettlementCode] => 
    [DocomoCancelAmount] => 
    [DocomoCancelTax] => 
    [pay_status] => 13
)
 from 210.175.7.20
2025/03/24 08:23:51 [/shop/user_data/pg_mulpay_recv.php] response:true from 210.175.7.20
2025/03/24 09:41:08 [/shop/shopping/load_payment_module.php] SendRequest:https://p01.mul-pay.jp/payment/SearchMember.idPass from 69.167.28.3
2025/03/24 09:41:08 [/shop/shopping/load_payment_module.php] Array
(
    [SiteID] => mst0000007602
    [SitePass] => ******
    [MemberID] => 5638
)
 from 69.167.28.3
2025/03/24 09:41:08 [/shop/shopping/load_payment_module.php] ErrCode=E01&ErrInfo=E01390002 from 69.167.28.3
2025/03/24 09:41:08 [/shop/shopping/load_payment_module.php] Array
(
    [0] => Array
        (
            [ErrCode] => E01
            [ErrInfo] => E01390002
        )

)
 from 69.167.28.3
2025/03/24 09:41:08 [/shop/shopping/load_payment_module.php] SendRequest:https://p01.mul-pay.jp/payment/SearchCard.idPass from 69.167.28.3
2025/03/24 09:41:08 [/shop/shopping/load_payment_module.php] Array
(
    [SiteID] => mst0000007602
    [SitePass] => ******
    [MemberID] => 5638
)
 from 69.167.28.3
2025/03/24 09:41:08 [/shop/shopping/load_payment_module.php] ErrCode=E01|E01&ErrInfo=E01390002|E01240002 from 69.167.28.3
2025/03/24 09:41:08 [/shop/shopping/load_payment_module.php] Array
(
    [0] => Array
        (
            [ErrCode] => E01
            [ErrInfo] => E01390002
        )

    [1] => Array
        (
            [ErrCode] => E01
            [ErrInfo] => E01240002
        )

)
 from 69.167.28.3
2025/03/24 09:41:28 [/shop/shopping/load_payment_module.php] SendRequest:https://p01.mul-pay.jp/payment/SearchMember.idPass from 69.167.28.3
2025/03/24 09:41:28 [/shop/shopping/load_payment_module.php] Array
(
    [SiteID] => mst0000007602
    [SitePass] => ******
    [MemberID] => 5638
)
 from 69.167.28.3
2025/03/24 09:41:28 [/shop/shopping/load_payment_module.php] ErrCode=E01&ErrInfo=E01390002 from 69.167.28.3
2025/03/24 09:41:28 [/shop/shopping/load_payment_module.php] Array
(
    [0] => Array
        (
            [ErrCode] => E01
            [ErrInfo] => E01390002
        )

)
 from 69.167.28.3
2025/03/24 09:41:28 [/shop/shopping/load_payment_module.php] SendRequest:https://p01.mul-pay.jp/payment/SearchCard.idPass from 69.167.28.3
2025/03/24 09:41:28 [/shop/shopping/load_payment_module.php] Array
(
    [SiteID] => mst0000007602
    [SitePass] => ******
    [MemberID] => 5638
)
 from 69.167.28.3
2025/03/24 09:41:28 [/shop/shopping/load_payment_module.php] ErrCode=E01|E01&ErrInfo=E01390002|E01240002 from 69.167.28.3
2025/03/24 09:41:28 [/shop/shopping/load_payment_module.php] Array
(
    [0] => Array
        (
            [ErrCode] => E01
            [ErrInfo] => E01390002
        )

    [1] => Array
        (
            [ErrCode] => E01
            [ErrInfo] => E01240002
        )

)
 from 69.167.28.3
2025/03/24 09:41:28 [/shop/shopping/load_payment_module.php] SendRequest:https://p01.mul-pay.jp/payment/EntryTran.idPass from 69.167.28.3
2025/03/24 09:41:28 [/shop/shopping/load_payment_module.php] Array
(
    [ShopID] => 9000034600950
    [ShopPass] => ******
    [OrderID] => 960971-24094128
    [JobCd] => CAPTURE
    [Amount] => 6173
    [TdFlag] => 0
    [TdTenantName] => 
)
 from 69.167.28.3
2025/03/24 09:41:28 [/shop/shopping/load_payment_module.php] AccessID=7c041ec3dd419ec7073f9d12bf79f114&AccessPass=cbf89c35ab831df540acfb3921172b21 from 69.167.28.3
2025/03/24 09:41:28 [/shop/shopping/load_payment_module.php] Array
(
    [0] => Array
        (
            [AccessID] => 7c041ec3dd419ec7073f9d12bf79f114
            [AccessPass] => cbf89c35ab831df540acfb3921172b21
        )

)
 from 69.167.28.3
2025/03/24 09:41:28 [/shop/shopping/load_payment_module.php] load_payment_module.php set payment data:Array
(
    [AccessID] => 7c041ec3dd419ec7073f9d12bf79f114
    [AccessPass] => cbf89c35ab831df540acfb3921172b21
    [OrderID] => 960971-24094128
    [Amount] => 6173
    [JobCd] => CAPTURE
    [action_status] => 1
    [pay_status] => 0
)
 from 69.167.28.3
2025/03/24 09:41:28 [/shop/shopping/load_payment_module.php] SendRequest:https://p01.mul-pay.jp/payment/ExecTran.idPass from 69.167.28.3
2025/03/24 09:41:28 [/shop/shopping/load_payment_module.php] Array
(
    [AccessID] => 7c041ec3dd419ec7073f9d12bf79f114
    [AccessPass] => cbf89c35ab831df540acfb3921172b21
    [OrderID] => 960971-24094128
    [Method] => 1
    [Token] => 5e6d40293233179056aadf1444c17b939a93e61a1f4d7c5dc8520b6a9b716a13
    [ClientField1] => 
    [ClientField2] => 
    [ClientField3] => EC-CUBE4.3.35
)
 from 69.167.28.3
2025/03/24 09:41:29 [/shop/shopping/load_payment_module.php] ACS=0&OrderID=960971-24094128&Forward=2a99661&Method=1&PayTimes=&Approve=0209391&TranID=2503240941602257210134183950&TranDate=20250324094129&CheckString=e7f37cb29d17100146b01b8030f16227 from 69.167.28.3
2025/03/24 09:41:29 [/shop/shopping/load_payment_module.php] Array
(
    [0] => Array
        (
            [ACS] => 0
            [OrderID] => 960971-24094128
            [Forward] => 2a99661
            [Method] => 1
            [PayTimes] => 
            [Approve] => 0209391
            [TranID] => 2503240941602257210134183950
            [TranDate] => 20250324094129
            [CheckString] => e7f37cb29d17100146b01b8030f16227
        )

)
 from 69.167.28.3
2025/03/24 09:41:29 [/shop/shopping/load_payment_module.php] load_payment_module.php set payment data:Array
(
    [ACS] => 0
    [Forward] => 2a99661
    [Method] => 1
    [PayTimes] => 
    [Approve] => 0209391
    [TranID] => 2503240941602257210134183950
    [TranDate] => 20250324094129
    [CheckString] => e7f37cb29d17100146b01b8030f16227
    [Amount] => 6173
    [JobCd] => CAPTURE
    [action_status] => 3
    [pay_status] => 13
)
 from 69.167.28.3
2025/03/24 09:41:29 [/shop/user_data/pg_mulpay_recv.php] ******* receiveer data start ******* from 210.175.7.20
2025/03/24 09:41:29 [/shop/user_data/pg_mulpay_recv.php] Array
(
    [ShopID] => 9000034600950
    [ShopPass] => **********
    [AccessID] => 7c041ec3dd419ec7073f9d12bf79f114
    [AccessPass] => ********************************
    [OrderID] => 960971-24094128
    [Status] => CAPTURE
    [JobCd] => CAPTURE
    [Amount] => 6173
    [Tax] => 0
    [Currency] => JPN
    [Forward] => 2a99661
    [Method] => 1
    [PayTimes] => 
    [TranID] => 2503240941602257210134183950
    [Approve] => 0209391
    [TranDate] => 20250324094129
    [ErrCode] => 
    [ErrInfo] => 
    [PayType] => 0
)
 from 210.175.7.20
2025/03/24 09:41:29 [/shop/user_data/pg_mulpay_recv.php] ******* receiveer data end ******* from 210.175.7.20
2025/03/24 09:41:34 [/shop/user_data/pg_mulpay_recv.php] update order status:1 order_id=960971 from 210.175.7.20
2025/03/24 09:41:34 [/shop/user_data/pg_mulpay_recv.php] pg_mulpay_recv.php set payment data:Array
(
    [ShopID] => 9000034600950
    [AccessID] => 7c041ec3dd419ec7073f9d12bf79f114
    [OrderID] => 960971-24094128
    [Status] => CAPTURE
    [JobCd] => CAPTURE
    [Amount] => 6173
    [Tax] => 0
    [Currency] => JPN
    [Forward] => 2a99661
    [Method] => 1
    [PayTimes] => 
    [TranID] => 2503240941602257210134183950
    [Approve] => 0209391
    [TranDate] => 20250324094129
    [ErrCode] => 
    [ErrInfo] => 
    [PayType] => 0
    [CvsCode] => 
    [CvsConfNo] => 
    [CvsReceiptNo] => 
    [EdyReceiptNo] => 
    [EdyOrderNo] => 
    [SuicaReceiptNo] => 
    [SuicaOrderNo] => 
    [CustID] => 
    [BkCode] => 
    [ConfNo] => 
    [PaymentTerm] => 
    [EncryptReceiptNo] => 
    [FinishDate] => 
    [ReceiptDate] => 
    [WebMoneyManagementNo] => 
    [WebMoneySettleCode] => 
    [AuPayInfoNo] => 
    [AuPayMethod] => 
    [AuCancelAmount] => 
    [AuCancelTax] => 
    [DocomoSettlementCode] => 
    [DocomoCancelAmount] => 
    [DocomoCancelTax] => 
    [pay_status] => 13
)
 from 210.175.7.20
2025/03/24 09:41:34 [/shop/user_data/pg_mulpay_recv.php] response:true from 210.175.7.20
2025/03/24 11:17:59 [/shop/shopping/load_payment_module.php] SendRequest:https://p01.mul-pay.jp/payment/EntryTran.idPass from 146.70.186.164
2025/03/24 11:17:59 [/shop/shopping/load_payment_module.php] Array
(
    [ShopID] => 9000034600950
    [ShopPass] => ******
    [OrderID] => 960972-24111759
    [JobCd] => CAPTURE
    [Amount] => 6100
    [TdFlag] => 0
    [TdTenantName] => 
)
 from 146.70.186.164
2025/03/24 11:17:59 [/shop/shopping/load_payment_module.php] AccessID=b6b4728e92a812a46755da36c7cac951&AccessPass=d04c379b3c41e83a7e1661cf023b9cec from 146.70.186.164
2025/03/24 11:17:59 [/shop/shopping/load_payment_module.php] Array
(
    [0] => Array
        (
            [AccessID] => b6b4728e92a812a46755da36c7cac951
            [AccessPass] => d04c379b3c41e83a7e1661cf023b9cec
        )

)
 from 146.70.186.164
2025/03/24 11:17:59 [/shop/shopping/load_payment_module.php] load_payment_module.php set payment data:Array
(
    [AccessID] => b6b4728e92a812a46755da36c7cac951
    [AccessPass] => d04c379b3c41e83a7e1661cf023b9cec
    [OrderID] => 960972-24111759
    [Amount] => 6100
    [JobCd] => CAPTURE
    [action_status] => 1
    [pay_status] => 0
)
 from 146.70.186.164
2025/03/24 11:17:59 [/shop/shopping/load_payment_module.php] SendRequest:https://p01.mul-pay.jp/payment/ExecTran.idPass from 146.70.186.164
2025/03/24 11:17:59 [/shop/shopping/load_payment_module.php] Array
(
    [AccessID] => b6b4728e92a812a46755da36c7cac951
    [AccessPass] => d04c379b3c41e83a7e1661cf023b9cec
    [OrderID] => 960972-24111759
    [Method] => 1
    [Token] => fa4472549ffdba92504f96416db2c7da19cbe159037b6986021e796526844edf
    [ClientField1] => 
    [ClientField2] => 
    [ClientField3] => EC-CUBE4.3.35
)
 from 146.70.186.164
2025/03/24 11:18:00 [/shop/shopping/load_payment_module.php] ACS=0&OrderID=960972-24111759&Forward=2S49631&Method=1&PayTimes=&Approve=0957714&TranID=2503241117602257210134164092&TranDate=20250324111800&CheckString=89b9d93981839a340c0102ba5bfa5a01 from 146.70.186.164
2025/03/24 11:18:00 [/shop/shopping/load_payment_module.php] Array
(
    [0] => Array
        (
            [ACS] => 0
            [OrderID] => 960972-24111759
            [Forward] => 2S49631
            [Method] => 1
            [PayTimes] => 
            [Approve] => 0957714
            [TranID] => 2503241117602257210134164092
            [TranDate] => 20250324111800
            [CheckString] => 89b9d93981839a340c0102ba5bfa5a01
        )

)
 from 146.70.186.164
2025/03/24 11:18:00 [/shop/shopping/load_payment_module.php] load_payment_module.php set payment data:Array
(
    [ACS] => 0
    [Forward] => 2S49631
    [Method] => 1
    [PayTimes] => 
    [Approve] => 0957714
    [TranID] => 2503241117602257210134164092
    [TranDate] => 20250324111800
    [CheckString] => 89b9d93981839a340c0102ba5bfa5a01
    [Amount] => 6100
    [JobCd] => CAPTURE
    [action_status] => 3
    [pay_status] => 13
)
 from 146.70.186.164
2025/03/24 11:18:00 [/shop/user_data/pg_mulpay_recv.php] ******* receiveer data start ******* from 210.175.7.20
2025/03/24 11:18:00 [/shop/user_data/pg_mulpay_recv.php] Array
(
    [ShopID] => 9000034600950
    [ShopPass] => **********
    [AccessID] => b6b4728e92a812a46755da36c7cac951
    [AccessPass] => ********************************
    [OrderID] => 960972-24111759
    [Status] => CAPTURE
    [JobCd] => CAPTURE
    [Amount] => 6100
    [Tax] => 0
    [Currency] => JPN
    [Forward] => 2S49631
    [Method] => 1
    [PayTimes] => 
    [TranID] => 2503241117602257210134164092
    [Approve] => 0957714
    [TranDate] => 20250324111800
    [ErrCode] => 
    [ErrInfo] => 
    [PayType] => 0
)
 from 210.175.7.20
2025/03/24 11:18:00 [/shop/user_data/pg_mulpay_recv.php] ******* receiveer data end ******* from 210.175.7.20
2025/03/24 11:18:05 [/shop/user_data/pg_mulpay_recv.php] update order status:1 order_id=960972 from 210.175.7.20
2025/03/24 11:18:05 [/shop/user_data/pg_mulpay_recv.php] pg_mulpay_recv.php set payment data:Array
(
    [ShopID] => 9000034600950
    [AccessID] => b6b4728e92a812a46755da36c7cac951
    [OrderID] => 960972-24111759
    [Status] => CAPTURE
    [JobCd] => CAPTURE
    [Amount] => 6100
    [Tax] => 0
    [Currency] => JPN
    [Forward] => 2S49631
    [Method] => 1
    [PayTimes] => 
    [TranID] => 2503241117602257210134164092
    [Approve] => 0957714
    [TranDate] => 20250324111800
    [ErrCode] => 
    [ErrInfo] => 
    [PayType] => 0
    [CvsCode] => 
    [CvsConfNo] => 
    [CvsReceiptNo] => 
    [EdyReceiptNo] => 
    [EdyOrderNo] => 
    [SuicaReceiptNo] => 
    [SuicaOrderNo] => 
    [CustID] => 
    [BkCode] => 
    [ConfNo] => 
    [PaymentTerm] => 
    [EncryptReceiptNo] => 
    [FinishDate] => 
    [ReceiptDate] => 
    [WebMoneyManagementNo] => 
    [WebMoneySettleCode] => 
    [AuPayInfoNo] => 
    [AuPayMethod] => 
    [AuCancelAmount] => 
    [AuCancelTax] => 
    [DocomoSettlementCode] => 
    [DocomoCancelAmount] => 
    [DocomoCancelTax] => 
    [pay_status] => 13
)
 from 210.175.7.20
2025/03/24 11:18:05 [/shop/user_data/pg_mulpay_recv.php] response:true from 210.175.7.20
2025/03/24 13:58:07 [/shop/shopping/load_payment_module.php] SendRequest:https://p01.mul-pay.jp/payment/SearchMember.idPass from 76.94.202.61
2025/03/24 13:58:07 [/shop/shopping/load_payment_module.php] Array
(
    [SiteID] => mst0000007602
    [SitePass] => ******
    [MemberID] => 13221
)
 from 76.94.202.61
2025/03/24 13:58:07 [/shop/shopping/load_payment_module.php] ErrCode=E01&ErrInfo=E01390002 from 76.94.202.61
2025/03/24 13:58:07 [/shop/shopping/load_payment_module.php] Array
(
    [0] => Array
        (
            [ErrCode] => E01
            [ErrInfo] => E01390002
        )

)
 from 76.94.202.61
2025/03/24 13:58:07 [/shop/shopping/load_payment_module.php] SendRequest:https://p01.mul-pay.jp/payment/SearchCard.idPass from 76.94.202.61
2025/03/24 13:58:07 [/shop/shopping/load_payment_module.php] Array
(
    [SiteID] => mst0000007602
    [SitePass] => ******
    [MemberID] => 13221
)
 from 76.94.202.61
2025/03/24 13:58:07 [/shop/shopping/load_payment_module.php] ErrCode=E01|E01&ErrInfo=E01390002|E01240002 from 76.94.202.61
2025/03/24 13:58:07 [/shop/shopping/load_payment_module.php] Array
(
    [0] => Array
        (
            [ErrCode] => E01
            [ErrInfo] => E01390002
        )

    [1] => Array
        (
            [ErrCode] => E01
            [ErrInfo] => E01240002
        )

)
 from 76.94.202.61
2025/03/24 13:58:28 [/shop/shopping/load_payment_module.php] SendRequest:https://p01.mul-pay.jp/payment/SearchMember.idPass from 76.94.202.61
2025/03/24 13:58:28 [/shop/shopping/load_payment_module.php] Array
(
    [SiteID] => mst0000007602
    [SitePass] => ******
    [MemberID] => 13221
)
 from 76.94.202.61
2025/03/24 13:58:28 [/shop/shopping/load_payment_module.php] ErrCode=E01&ErrInfo=E01390002 from 76.94.202.61
2025/03/24 13:58:28 [/shop/shopping/load_payment_module.php] Array
(
    [0] => Array
        (
            [ErrCode] => E01
            [ErrInfo] => E01390002
        )

)
 from 76.94.202.61
2025/03/24 13:58:28 [/shop/shopping/load_payment_module.php] SendRequest:https://p01.mul-pay.jp/payment/SearchCard.idPass from 76.94.202.61
2025/03/24 13:58:28 [/shop/shopping/load_payment_module.php] Array
(
    [SiteID] => mst0000007602
    [SitePass] => ******
    [MemberID] => 13221
)
 from 76.94.202.61
2025/03/24 13:58:28 [/shop/shopping/load_payment_module.php] ErrCode=E01|E01&ErrInfo=E01390002|E01240002 from 76.94.202.61
2025/03/24 13:58:28 [/shop/shopping/load_payment_module.php] Array
(
    [0] => Array
        (
            [ErrCode] => E01
            [ErrInfo] => E01390002
        )

    [1] => Array
        (
            [ErrCode] => E01
            [ErrInfo] => E01240002
        )

)
 from 76.94.202.61
2025/03/24 13:58:28 [/shop/shopping/load_payment_module.php] SendRequest:https://p01.mul-pay.jp/payment/EntryTran.idPass from 76.94.202.61
2025/03/24 13:58:28 [/shop/shopping/load_payment_module.php] Array
(
    [ShopID] => 9000034600950
    [ShopPass] => ******
    [OrderID] => 960973-24135828
    [JobCd] => CAPTURE
    [Amount] => 6500
    [TdFlag] => 0
    [TdTenantName] => 
)
 from 76.94.202.61
2025/03/24 13:58:28 [/shop/shopping/load_payment_module.php] AccessID=72e1f4f29769256af99516011cb864f8&AccessPass=5ad471aea188b33af5c332ef8e9882ad from 76.94.202.61
2025/03/24 13:58:28 [/shop/shopping/load_payment_module.php] Array
(
    [0] => Array
        (
            [AccessID] => 72e1f4f29769256af99516011cb864f8
            [AccessPass] => 5ad471aea188b33af5c332ef8e9882ad
        )

)
 from 76.94.202.61
2025/03/24 13:58:28 [/shop/shopping/load_payment_module.php] load_payment_module.php set payment data:Array
(
    [AccessID] => 72e1f4f29769256af99516011cb864f8
    [AccessPass] => 5ad471aea188b33af5c332ef8e9882ad
    [OrderID] => 960973-24135828
    [Amount] => 6500
    [JobCd] => CAPTURE
    [action_status] => 1
    [pay_status] => 0
)
 from 76.94.202.61
2025/03/24 13:58:28 [/shop/shopping/load_payment_module.php] SendRequest:https://p01.mul-pay.jp/payment/ExecTran.idPass from 76.94.202.61
2025/03/24 13:58:28 [/shop/shopping/load_payment_module.php] Array
(
    [AccessID] => 72e1f4f29769256af99516011cb864f8
    [AccessPass] => 5ad471aea188b33af5c332ef8e9882ad
    [OrderID] => 960973-24135828
    [Method] => 1
    [Token] => 97f9b8e63bb6ca17c677d55a7d557c4af5d130eee786c1671451cedc94c503f4
    [ClientField1] => 
    [ClientField2] => 
    [ClientField3] => EC-CUBE4.3.35
)
 from 76.94.202.61
2025/03/24 13:58:29 [/shop/shopping/load_payment_module.php] ACS=0&OrderID=960973-24135828&Forward=2S49631&Method=1&PayTimes=&Approve=0048669&TranID=2503241358602257210134154072&TranDate=20250324135829&CheckString=ae40a4fe3cc2c81d3c1568432beddc57 from 76.94.202.61
2025/03/24 13:58:29 [/shop/shopping/load_payment_module.php] Array
(
    [0] => Array
        (
            [ACS] => 0
            [OrderID] => 960973-24135828
            [Forward] => 2S49631
            [Method] => 1
            [PayTimes] => 
            [Approve] => 0048669
            [TranID] => 2503241358602257210134154072
            [TranDate] => 20250324135829
            [CheckString] => ae40a4fe3cc2c81d3c1568432beddc57
        )

)
 from 76.94.202.61
2025/03/24 13:58:29 [/shop/shopping/load_payment_module.php] load_payment_module.php set payment data:Array
(
    [ACS] => 0
    [Forward] => 2S49631
    [Method] => 1
    [PayTimes] => 
    [Approve] => 0048669
    [TranID] => 2503241358602257210134154072
    [TranDate] => 20250324135829
    [CheckString] => ae40a4fe3cc2c81d3c1568432beddc57
    [Amount] => 6500
    [JobCd] => CAPTURE
    [action_status] => 3
    [pay_status] => 13
)
 from 76.94.202.61
2025/03/24 13:58:29 [/shop/user_data/pg_mulpay_recv.php] ******* receiveer data start ******* from 210.175.7.20
2025/03/24 13:58:29 [/shop/user_data/pg_mulpay_recv.php] Array
(
    [ShopID] => 9000034600950
    [ShopPass] => **********
    [AccessID] => 72e1f4f29769256af99516011cb864f8
    [AccessPass] => ********************************
    [OrderID] => 960973-24135828
    [Status] => CAPTURE
    [JobCd] => CAPTURE
    [Amount] => 6500
    [Tax] => 0
    [Currency] => JPN
    [Forward] => 2S49631
    [Method] => 1
    [PayTimes] => 
    [TranID] => 2503241358602257210134154072
    [Approve] => 0048669
    [TranDate] => 20250324135829
    [ErrCode] => 
    [ErrInfo] => 
    [PayType] => 0
)
 from 210.175.7.20
2025/03/24 13:58:29 [/shop/user_data/pg_mulpay_recv.php] ******* receiveer data end ******* from 210.175.7.20
2025/03/24 13:58:34 [/shop/user_data/pg_mulpay_recv.php] update order status:1 order_id=960973 from 210.175.7.20
2025/03/24 13:58:34 [/shop/user_data/pg_mulpay_recv.php] pg_mulpay_recv.php set payment data:Array
(
    [ShopID] => 9000034600950
    [AccessID] => 72e1f4f29769256af99516011cb864f8
    [OrderID] => 960973-24135828
    [Status] => CAPTURE
    [JobCd] => CAPTURE
    [Amount] => 6500
    [Tax] => 0
    [Currency] => JPN
    [Forward] => 2S49631
    [Method] => 1
    [PayTimes] => 
    [TranID] => 2503241358602257210134154072
    [Approve] => 0048669
    [TranDate] => 20250324135829
    [ErrCode] => 
    [ErrInfo] => 
    [PayType] => 0
    [CvsCode] => 
    [CvsConfNo] => 
    [CvsReceiptNo] => 
    [EdyReceiptNo] => 
    [EdyOrderNo] => 
    [SuicaReceiptNo] => 
    [SuicaOrderNo] => 
    [CustID] => 
    [BkCode] => 
    [ConfNo] => 
    [PaymentTerm] => 
    [EncryptReceiptNo] => 
    [FinishDate] => 
    [ReceiptDate] => 
    [WebMoneyManagementNo] => 
    [WebMoneySettleCode] => 
    [AuPayInfoNo] => 
    [AuPayMethod] => 
    [AuCancelAmount] => 
    [AuCancelTax] => 
    [DocomoSettlementCode] => 
    [DocomoCancelAmount] => 
    [DocomoCancelTax] => 
    [pay_status] => 13
)
 from 210.175.7.20
2025/03/24 13:58:34 [/shop/user_data/pg_mulpay_recv.php] response:true from 210.175.7.20
2025/03/24 14:17:20 [/shop/shopping/load_payment_module.php] SendRequest:https://p01.mul-pay.jp/payment/EntryTran.idPass from 126.167.92.55
2025/03/24 14:17:20 [/shop/shopping/load_payment_module.php] Array
(
    [ShopID] => 9000034600950
    [ShopPass] => ******
    [OrderID] => 960974-24141720
    [JobCd] => CAPTURE
    [Amount] => 6550
    [TdFlag] => 0
    [TdTenantName] => 
)
 from 126.167.92.55
2025/03/24 14:17:20 [/shop/shopping/load_payment_module.php] AccessID=44b933a99b42f5cbff98694623d0d0e6&AccessPass=f59d466353c9325e8b37774230966e6a from 126.167.92.55
2025/03/24 14:17:20 [/shop/shopping/load_payment_module.php] Array
(
    [0] => Array
        (
            [AccessID] => 44b933a99b42f5cbff98694623d0d0e6
            [AccessPass] => f59d466353c9325e8b37774230966e6a
        )

)
 from 126.167.92.55
2025/03/24 14:17:20 [/shop/shopping/load_payment_module.php] load_payment_module.php set payment data:Array
(
    [AccessID] => 44b933a99b42f5cbff98694623d0d0e6
    [AccessPass] => f59d466353c9325e8b37774230966e6a
    [OrderID] => 960974-24141720
    [Amount] => 6550
    [JobCd] => CAPTURE
    [action_status] => 1
    [pay_status] => 0
)
 from 126.167.92.55
2025/03/24 14:17:20 [/shop/shopping/load_payment_module.php] SendRequest:https://p01.mul-pay.jp/payment/ExecTran.idPass from 126.167.92.55
2025/03/24 14:17:20 [/shop/shopping/load_payment_module.php] Array
(
    [AccessID] => 44b933a99b42f5cbff98694623d0d0e6
    [AccessPass] => f59d466353c9325e8b37774230966e6a
    [OrderID] => 960974-24141720
    [Method] => 1
    [Token] => bba353c88d12ad403fb42217fd505f0ffc81a90b798d37edf5043e0deda02c05
    [ClientField1] => 
    [ClientField2] => 
    [ClientField3] => EC-CUBE4.3.35
)
 from 126.167.92.55
2025/03/24 14:17:20 [/shop/shopping/load_payment_module.php] ACS=0&OrderID=960974-24141720&Forward=2S49631&Method=1&PayTimes=&Approve=0149726&TranID=2503241417602257210134173952&TranDate=20250324141720&CheckString=3599efc348568bb837a3dba05333cda5 from 126.167.92.55
2025/03/24 14:17:20 [/shop/shopping/load_payment_module.php] Array
(
    [0] => Array
        (
            [ACS] => 0
            [OrderID] => 960974-24141720
            [Forward] => 2S49631
            [Method] => 1
            [PayTimes] => 
            [Approve] => 0149726
            [TranID] => 2503241417602257210134173952
            [TranDate] => 20250324141720
            [CheckString] => 3599efc348568bb837a3dba05333cda5
        )

)
 from 126.167.92.55
2025/03/24 14:17:20 [/shop/shopping/load_payment_module.php] load_payment_module.php set payment data:Array
(
    [ACS] => 0
    [Forward] => 2S49631
    [Method] => 1
    [PayTimes] => 
    [Approve] => 0149726
    [TranID] => 2503241417602257210134173952
    [TranDate] => 20250324141720
    [CheckString] => 3599efc348568bb837a3dba05333cda5
    [Amount] => 6550
    [JobCd] => CAPTURE
    [action_status] => 3
    [pay_status] => 13
)
 from 126.167.92.55
2025/03/24 14:17:21 [/shop/user_data/pg_mulpay_recv.php] ******* receiveer data start ******* from 210.175.7.20
2025/03/24 14:17:21 [/shop/user_data/pg_mulpay_recv.php] Array
(
    [ShopID] => 9000034600950
    [ShopPass] => **********
    [AccessID] => 44b933a99b42f5cbff98694623d0d0e6
    [AccessPass] => ********************************
    [OrderID] => 960974-24141720
    [Status] => CAPTURE
    [JobCd] => CAPTURE
    [Amount] => 6550
    [Tax] => 0
    [Currency] => JPN
    [Forward] => 2S49631
    [Method] => 1
    [PayTimes] => 
    [TranID] => 2503241417602257210134173952
    [Approve] => 0149726
    [TranDate] => 20250324141720
    [ErrCode] => 
    [ErrInfo] => 
    [PayType] => 0
)
 from 210.175.7.20
2025/03/24 14:17:21 [/shop/user_data/pg_mulpay_recv.php] ******* receiveer data end ******* from 210.175.7.20
2025/03/24 14:17:26 [/shop/user_data/pg_mulpay_recv.php] update order status:1 order_id=960974 from 210.175.7.20
2025/03/24 14:17:26 [/shop/user_data/pg_mulpay_recv.php] pg_mulpay_recv.php set payment data:Array
(
    [ShopID] => 9000034600950
    [AccessID] => 44b933a99b42f5cbff98694623d0d0e6
    [OrderID] => 960974-24141720
    [Status] => CAPTURE
    [JobCd] => CAPTURE
    [Amount] => 6550
    [Tax] => 0
    [Currency] => JPN
    [Forward] => 2S49631
    [Method] => 1
    [PayTimes] => 
    [TranID] => 2503241417602257210134173952
    [Approve] => 0149726
    [TranDate] => 20250324141720
    [ErrCode] => 
    [ErrInfo] => 
    [PayType] => 0
    [CvsCode] => 
    [CvsConfNo] => 
    [CvsReceiptNo] => 
    [EdyReceiptNo] => 
    [EdyOrderNo] => 
    [SuicaReceiptNo] => 
    [SuicaOrderNo] => 
    [CustID] => 
    [BkCode] => 
    [ConfNo] => 
    [PaymentTerm] => 
    [EncryptReceiptNo] => 
    [FinishDate] => 
    [ReceiptDate] => 
    [WebMoneyManagementNo] => 
    [WebMoneySettleCode] => 
    [AuPayInfoNo] => 
    [AuPayMethod] => 
    [AuCancelAmount] => 
    [AuCancelTax] => 
    [DocomoSettlementCode] => 
    [DocomoCancelAmount] => 
    [DocomoCancelTax] => 
    [pay_status] => 13
)
 from 210.175.7.20
2025/03/24 14:17:26 [/shop/user_data/pg_mulpay_recv.php] response:true from 210.175.7.20
2025/03/24 15:27:07 [/shop/shopping/load_payment_module.php] SendRequest:https://p01.mul-pay.jp/payment/SearchMember.idPass from 126.179.124.32
2025/03/24 15:27:07 [/shop/shopping/load_payment_module.php] Array
(
    [SiteID] => mst0000007602
    [SitePass] => ******
    [MemberID] => 10556
)
 from 126.179.124.32
2025/03/24 15:27:07 [/shop/shopping/load_payment_module.php] ErrCode=E01&ErrInfo=E01390002 from 126.179.124.32
2025/03/24 15:27:07 [/shop/shopping/load_payment_module.php] Array
(
    [0] => Array
        (
            [ErrCode] => E01
            [ErrInfo] => E01390002
        )

)
 from 126.179.124.32
2025/03/24 15:27:07 [/shop/shopping/load_payment_module.php] SendRequest:https://p01.mul-pay.jp/payment/SearchCard.idPass from 126.179.124.32
2025/03/24 15:27:07 [/shop/shopping/load_payment_module.php] Array
(
    [SiteID] => mst0000007602
    [SitePass] => ******
    [MemberID] => 10556
)
 from 126.179.124.32
2025/03/24 15:27:07 [/shop/shopping/load_payment_module.php] ErrCode=E01|E01&ErrInfo=E01390002|E01240002 from 126.179.124.32
2025/03/24 15:27:07 [/shop/shopping/load_payment_module.php] Array
(
    [0] => Array
        (
            [ErrCode] => E01
            [ErrInfo] => E01390002
        )

    [1] => Array
        (
            [ErrCode] => E01
            [ErrInfo] => E01240002
        )

)
 from 126.179.124.32
2025/03/24 15:28:00 [/shop/shopping/load_payment_module.php] SendRequest:https://p01.mul-pay.jp/payment/SearchMember.idPass from 126.179.124.32
2025/03/24 15:28:00 [/shop/shopping/load_payment_module.php] Array
(
    [SiteID] => mst0000007602
    [SitePass] => ******
    [MemberID] => 10556
)
 from 126.179.124.32
2025/03/24 15:28:00 [/shop/shopping/load_payment_module.php] ErrCode=E01&ErrInfo=E01390002 from 126.179.124.32
2025/03/24 15:28:00 [/shop/shopping/load_payment_module.php] Array
(
    [0] => Array
        (
            [ErrCode] => E01
            [ErrInfo] => E01390002
        )

)
 from 126.179.124.32
2025/03/24 15:28:00 [/shop/shopping/load_payment_module.php] SendRequest:https://p01.mul-pay.jp/payment/SearchCard.idPass from 126.179.124.32
2025/03/24 15:28:00 [/shop/shopping/load_payment_module.php] Array
(
    [SiteID] => mst0000007602
    [SitePass] => ******
    [MemberID] => 10556
)
 from 126.179.124.32
2025/03/24 15:28:00 [/shop/shopping/load_payment_module.php] ErrCode=E01|E01&ErrInfo=E01390002|E01240002 from 126.179.124.32
2025/03/24 15:28:00 [/shop/shopping/load_payment_module.php] Array
(
    [0] => Array
        (
            [ErrCode] => E01
            [ErrInfo] => E01390002
        )

    [1] => Array
        (
            [ErrCode] => E01
            [ErrInfo] => E01240002
        )

)
 from 126.179.124.32
2025/03/24 15:28:00 [/shop/shopping/load_payment_module.php] SendRequest:https://p01.mul-pay.jp/payment/EntryTran.idPass from 126.179.124.32
2025/03/24 15:28:00 [/shop/shopping/load_payment_module.php] Array
(
    [ShopID] => 9000034600950
    [ShopPass] => ******
    [OrderID] => 960975-24152800
    [JobCd] => CAPTURE
    [Amount] => 6678
    [TdFlag] => 0
    [TdTenantName] => 
)
 from 126.179.124.32
2025/03/24 15:28:00 [/shop/shopping/load_payment_module.php] AccessID=9c91caf2b59c1b5adcd7184fd8d1e866&AccessPass=a0770b7f115f61f74753ee723ad143ed from 126.179.124.32
2025/03/24 15:28:00 [/shop/shopping/load_payment_module.php] Array
(
    [0] => Array
        (
            [AccessID] => 9c91caf2b59c1b5adcd7184fd8d1e866
            [AccessPass] => a0770b7f115f61f74753ee723ad143ed
        )

)
 from 126.179.124.32
2025/03/24 15:28:00 [/shop/shopping/load_payment_module.php] load_payment_module.php set payment data:Array
(
    [AccessID] => 9c91caf2b59c1b5adcd7184fd8d1e866
    [AccessPass] => a0770b7f115f61f74753ee723ad143ed
    [OrderID] => 960975-24152800
    [Amount] => 6678
    [JobCd] => CAPTURE
    [action_status] => 1
    [pay_status] => 0
)
 from 126.179.124.32
2025/03/24 15:28:00 [/shop/shopping/load_payment_module.php] SendRequest:https://p01.mul-pay.jp/payment/ExecTran.idPass from 126.179.124.32
2025/03/24 15:28:00 [/shop/shopping/load_payment_module.php] Array
(
    [AccessID] => 9c91caf2b59c1b5adcd7184fd8d1e866
    [AccessPass] => a0770b7f115f61f74753ee723ad143ed
    [OrderID] => 960975-24152800
    [Method] => 1
    [Token] => 5a112b94557669b03030ff5fe955d875320b1aa2730fbf589981033b338708fc
    [ClientField1] => 
    [ClientField2] => 
    [ClientField3] => EC-CUBE4.3.35
)
 from 126.179.124.32
2025/03/24 15:28:01 [/shop/shopping/load_payment_module.php] ACS=0&OrderID=960975-24152800&Forward=2S49631&Method=1&PayTimes=&Approve=0971358&TranID=2503241528602257210134173953&TranDate=20250324152801&CheckString=08fa486a162cd1ee42c4334de6d55c29 from 126.179.124.32
2025/03/24 15:28:01 [/shop/shopping/load_payment_module.php] Array
(
    [0] => Array
        (
            [ACS] => 0
            [OrderID] => 960975-24152800
            [Forward] => 2S49631
            [Method] => 1
            [PayTimes] => 
            [Approve] => 0971358
            [TranID] => 2503241528602257210134173953
            [TranDate] => 20250324152801
            [CheckString] => 08fa486a162cd1ee42c4334de6d55c29
        )

)
 from 126.179.124.32
2025/03/24 15:28:01 [/shop/shopping/load_payment_module.php] load_payment_module.php set payment data:Array
(
    [ACS] => 0
    [Forward] => 2S49631
    [Method] => 1
    [PayTimes] => 
    [Approve] => 0971358
    [TranID] => 2503241528602257210134173953
    [TranDate] => 20250324152801
    [CheckString] => 08fa486a162cd1ee42c4334de6d55c29
    [Amount] => 6678
    [JobCd] => CAPTURE
    [action_status] => 3
    [pay_status] => 13
)
 from 126.179.124.32
2025/03/24 15:28:01 [/shop/user_data/pg_mulpay_recv.php] ******* receiveer data start ******* from 210.175.7.20
2025/03/24 15:28:01 [/shop/user_data/pg_mulpay_recv.php] Array
(
    [ShopID] => 9000034600950
    [ShopPass] => **********
    [AccessID] => 9c91caf2b59c1b5adcd7184fd8d1e866
    [AccessPass] => ********************************
    [OrderID] => 960975-24152800
    [Status] => CAPTURE
    [JobCd] => CAPTURE
    [Amount] => 6678
    [Tax] => 0
    [Currency] => JPN
    [Forward] => 2S49631
    [Method] => 1
    [PayTimes] => 
    [TranID] => 2503241528602257210134173953
    [Approve] => 0971358
    [TranDate] => 20250324152801
    [ErrCode] => 
    [ErrInfo] => 
    [PayType] => 0
)
 from 210.175.7.20
2025/03/24 15:28:01 [/shop/user_data/pg_mulpay_recv.php] ******* receiveer data end ******* from 210.175.7.20
2025/03/24 15:28:06 [/shop/user_data/pg_mulpay_recv.php] update order status:1 order_id=960975 from 210.175.7.20
2025/03/24 15:28:06 [/shop/user_data/pg_mulpay_recv.php] pg_mulpay_recv.php set payment data:Array
(
    [ShopID] => 9000034600950
    [AccessID] => 9c91caf2b59c1b5adcd7184fd8d1e866
    [OrderID] => 960975-24152800
    [Status] => CAPTURE
    [JobCd] => CAPTURE
    [Amount] => 6678
    [Tax] => 0
    [Currency] => JPN
    [Forward] => 2S49631
    [Method] => 1
    [PayTimes] => 
    [TranID] => 2503241528602257210134173953
    [Approve] => 0971358
    [TranDate] => 20250324152801
    [ErrCode] => 
    [ErrInfo] => 
    [PayType] => 0
    [CvsCode] => 
    [CvsConfNo] => 
    [CvsReceiptNo] => 
    [EdyReceiptNo] => 
    [EdyOrderNo] => 
    [SuicaReceiptNo] => 
    [SuicaOrderNo] => 
    [CustID] => 
    [BkCode] => 
    [ConfNo] => 
    [PaymentTerm] => 
    [EncryptReceiptNo] => 
    [FinishDate] => 
    [ReceiptDate] => 
    [WebMoneyManagementNo] => 
    [WebMoneySettleCode] => 
    [AuPayInfoNo] => 
    [AuPayMethod] => 
    [AuCancelAmount] => 
    [AuCancelTax] => 
    [DocomoSettlementCode] => 
    [DocomoCancelAmount] => 
    [DocomoCancelTax] => 
    [pay_status] => 13
)
 from 210.175.7.20
2025/03/24 15:28:06 [/shop/user_data/pg_mulpay_recv.php] response:true from 210.175.7.20
2025/03/24 16:55:40 [/shop/shopping/load_payment_module.php] SendRequest:https://p01.mul-pay.jp/payment/SearchMember.idPass from 220.254.1.147
2025/03/24 16:55:40 [/shop/shopping/load_payment_module.php] Array
(
    [SiteID] => mst0000007602
    [SitePass] => ******
    [MemberID] => 10787
)
 from 220.254.1.147
2025/03/24 16:55:40 [/shop/shopping/load_payment_module.php] ErrCode=E01&ErrInfo=E01390002 from 220.254.1.147
2025/03/24 16:55:40 [/shop/shopping/load_payment_module.php] Array
(
    [0] => Array
        (
            [ErrCode] => E01
            [ErrInfo] => E01390002
        )

)
 from 220.254.1.147
2025/03/24 16:55:40 [/shop/shopping/load_payment_module.php] SendRequest:https://p01.mul-pay.jp/payment/SearchCard.idPass from 220.254.1.147
2025/03/24 16:55:40 [/shop/shopping/load_payment_module.php] Array
(
    [SiteID] => mst0000007602
    [SitePass] => ******
    [MemberID] => 10787
)
 from 220.254.1.147
2025/03/24 16:55:40 [/shop/shopping/load_payment_module.php] ErrCode=E01|E01&ErrInfo=E01390002|E01240002 from 220.254.1.147
2025/03/24 16:55:40 [/shop/shopping/load_payment_module.php] Array
(
    [0] => Array
        (
            [ErrCode] => E01
            [ErrInfo] => E01390002
        )

    [1] => Array
        (
            [ErrCode] => E01
            [ErrInfo] => E01240002
        )

)
 from 220.254.1.147
2025/03/24 16:56:21 [/shop/shopping/load_payment_module.php] SendRequest:https://p01.mul-pay.jp/payment/SearchMember.idPass from 220.254.1.147
2025/03/24 16:56:21 [/shop/shopping/load_payment_module.php] Array
(
    [SiteID] => mst0000007602
    [SitePass] => ******
    [MemberID] => 10787
)
 from 220.254.1.147
2025/03/24 16:56:21 [/shop/shopping/load_payment_module.php] ErrCode=E01&ErrInfo=E01390002 from 220.254.1.147
2025/03/24 16:56:21 [/shop/shopping/load_payment_module.php] Array
(
    [0] => Array
        (
            [ErrCode] => E01
            [ErrInfo] => E01390002
        )

)
 from 220.254.1.147
2025/03/24 16:56:21 [/shop/shopping/load_payment_module.php] SendRequest:https://p01.mul-pay.jp/payment/SearchCard.idPass from 220.254.1.147
2025/03/24 16:56:21 [/shop/shopping/load_payment_module.php] Array
(
    [SiteID] => mst0000007602
    [SitePass] => ******
    [MemberID] => 10787
)
 from 220.254.1.147
2025/03/24 16:56:21 [/shop/shopping/load_payment_module.php] ErrCode=E01|E01&ErrInfo=E01390002|E01240002 from 220.254.1.147
2025/03/24 16:56:21 [/shop/shopping/load_payment_module.php] Array
(
    [0] => Array
        (
            [ErrCode] => E01
            [ErrInfo] => E01390002
        )

    [1] => Array
        (
            [ErrCode] => E01
            [ErrInfo] => E01240002
        )

)
 from 220.254.1.147
2025/03/24 16:56:21 [/shop/shopping/load_payment_module.php] SendRequest:https://p01.mul-pay.jp/payment/EntryTran.idPass from 220.254.1.147
2025/03/24 16:56:21 [/shop/shopping/load_payment_module.php] Array
(
    [ShopID] => 9000034600950
    [ShopPass] => ******
    [OrderID] => 960976-24165621
    [JobCd] => CAPTURE
    [Amount] => 8050
    [TdFlag] => 0
    [TdTenantName] => 
)
 from 220.254.1.147
2025/03/24 16:56:21 [/shop/shopping/load_payment_module.php] AccessID=dbd7719658c29092e55ffb8a3c96ee76&AccessPass=efad6a3afd89d52c46c94ae107aa1b1e from 220.254.1.147
2025/03/24 16:56:21 [/shop/shopping/load_payment_module.php] Array
(
    [0] => Array
        (
            [AccessID] => dbd7719658c29092e55ffb8a3c96ee76
            [AccessPass] => efad6a3afd89d52c46c94ae107aa1b1e
        )

)
 from 220.254.1.147
2025/03/24 16:56:21 [/shop/shopping/load_payment_module.php] load_payment_module.php set payment data:Array
(
    [AccessID] => dbd7719658c29092e55ffb8a3c96ee76
    [AccessPass] => efad6a3afd89d52c46c94ae107aa1b1e
    [OrderID] => 960976-24165621
    [Amount] => 8050
    [JobCd] => CAPTURE
    [action_status] => 1
    [pay_status] => 0
)
 from 220.254.1.147
2025/03/24 16:56:21 [/shop/shopping/load_payment_module.php] SendRequest:https://p01.mul-pay.jp/payment/ExecTran.idPass from 220.254.1.147
2025/03/24 16:56:21 [/shop/shopping/load_payment_module.php] Array
(
    [AccessID] => dbd7719658c29092e55ffb8a3c96ee76
    [AccessPass] => efad6a3afd89d52c46c94ae107aa1b1e
    [OrderID] => 960976-24165621
    [Method] => 1
    [Token] => 711d4abc0b2df3b7fbe2162f3ee4e8cec8f5792598e8f84e3b8a6499333fa0b0
    [ClientField1] => 
    [ClientField2] => 
    [ClientField3] => EC-CUBE4.3.35
)
 from 220.254.1.147
2025/03/24 16:56:23 [/shop/shopping/load_payment_module.php] ACS=0&OrderID=960976-24165621&Forward=2959876&Method=1&PayTimes=&Approve=0339590&TranID=2503241656602257210134154073&TranDate=20250324165623&CheckString=f33d9805649a573a9ea565433ab9982f from 220.254.1.147
2025/03/24 16:56:23 [/shop/shopping/load_payment_module.php] Array
(
    [0] => Array
        (
            [ACS] => 0
            [OrderID] => 960976-24165621
            [Forward] => 2959876
            [Method] => 1
            [PayTimes] => 
            [Approve] => 0339590
            [TranID] => 2503241656602257210134154073
            [TranDate] => 20250324165623
            [CheckString] => f33d9805649a573a9ea565433ab9982f
        )

)
 from 220.254.1.147
2025/03/24 16:56:23 [/shop/shopping/load_payment_module.php] load_payment_module.php set payment data:Array
(
    [ACS] => 0
    [Forward] => 2959876
    [Method] => 1
    [PayTimes] => 
    [Approve] => 0339590
    [TranID] => 2503241656602257210134154073
    [TranDate] => 20250324165623
    [CheckString] => f33d9805649a573a9ea565433ab9982f
    [Amount] => 8050
    [JobCd] => CAPTURE
    [action_status] => 3
    [pay_status] => 13
)
 from 220.254.1.147
2025/03/24 16:56:23 [/shop/user_data/pg_mulpay_recv.php] ******* receiveer data start ******* from 210.175.7.20
2025/03/24 16:56:23 [/shop/user_data/pg_mulpay_recv.php] Array
(
    [ShopID] => 9000034600950
    [ShopPass] => **********
    [AccessID] => dbd7719658c29092e55ffb8a3c96ee76
    [AccessPass] => ********************************
    [OrderID] => 960976-24165621
    [Status] => CAPTURE
    [JobCd] => CAPTURE
    [Amount] => 8050
    [Tax] => 0
    [Currency] => JPN
    [Forward] => 2959876
    [Method] => 1
    [PayTimes] => 
    [TranID] => 2503241656602257210134154073
    [Approve] => 0339590
    [TranDate] => 20250324165623
    [ErrCode] => 
    [ErrInfo] => 
    [PayType] => 0
)
 from 210.175.7.20
2025/03/24 16:56:23 [/shop/user_data/pg_mulpay_recv.php] ******* receiveer data end ******* from 210.175.7.20
2025/03/24 16:56:28 [/shop/user_data/pg_mulpay_recv.php] update order status:1 order_id=960976 from 210.175.7.20
2025/03/24 16:56:28 [/shop/user_data/pg_mulpay_recv.php] pg_mulpay_recv.php set payment data:Array
(
    [ShopID] => 9000034600950
    [AccessID] => dbd7719658c29092e55ffb8a3c96ee76
    [OrderID] => 960976-24165621
    [Status] => CAPTURE
    [JobCd] => CAPTURE
    [Amount] => 8050
    [Tax] => 0
    [Currency] => JPN
    [Forward] => 2959876
    [Method] => 1
    [PayTimes] => 
    [TranID] => 2503241656602257210134154073
    [Approve] => 0339590
    [TranDate] => 20250324165623
    [ErrCode] => 
    [ErrInfo] => 
    [PayType] => 0
    [CvsCode] => 
    [CvsConfNo] => 
    [CvsReceiptNo] => 
    [EdyReceiptNo] => 
    [EdyOrderNo] => 
    [SuicaReceiptNo] => 
    [SuicaOrderNo] => 
    [CustID] => 
    [BkCode] => 
    [ConfNo] => 
    [PaymentTerm] => 
    [EncryptReceiptNo] => 
    [FinishDate] => 
    [ReceiptDate] => 
    [WebMoneyManagementNo] => 
    [WebMoneySettleCode] => 
    [AuPayInfoNo] => 
    [AuPayMethod] => 
    [AuCancelAmount] => 
    [AuCancelTax] => 
    [DocomoSettlementCode] => 
    [DocomoCancelAmount] => 
    [DocomoCancelTax] => 
    [pay_status] => 13
)
 from 210.175.7.20
2025/03/24 16:56:28 [/shop/user_data/pg_mulpay_recv.php] response:true from 210.175.7.20
2025/03/24 23:38:01 [/shop/shopping/load_payment_module.php] SendRequest:https://p01.mul-pay.jp/payment/SearchMember.idPass from 70.52.5.85
2025/03/24 23:38:01 [/shop/shopping/load_payment_module.php] Array
(
    [SiteID] => mst0000007602
    [SitePass] => ******
    [MemberID] => 639
)
 from 70.52.5.85
2025/03/24 23:38:01 [/shop/shopping/load_payment_module.php] MemberID=639&MemberName=r56396f442d58d943cMLhU&DeleteFlag=0 from 70.52.5.85
2025/03/24 23:38:01 [/shop/shopping/load_payment_module.php] Array
(
    [0] => Array
        (
            [MemberID] => 639
            [MemberName] => r56396f442d58d943cMLhU
            [DeleteFlag] => 0
        )

)
 from 70.52.5.85
2025/03/24 23:38:01 [/shop/shopping/load_payment_module.php] SendRequest:https://p01.mul-pay.jp/payment/UpdateMember.idPass from 70.52.5.85
2025/03/24 23:38:01 [/shop/shopping/load_payment_module.php] Array
(
    [SiteID] => mst0000007602
    [SitePass] => ******
    [MemberID] => 639
    [MemberName] => ******
)
 from 70.52.5.85
2025/03/24 23:38:01 [/shop/shopping/load_payment_module.php] MemberID=639 from 70.52.5.85
2025/03/24 23:38:01 [/shop/shopping/load_payment_module.php] Array
(
    [0] => Array
        (
            [MemberID] => 639
        )

)
 from 70.52.5.85
2025/03/24 23:38:01 [/shop/shopping/load_payment_module.php] SendRequest:https://p01.mul-pay.jp/payment/SearchCard.idPass from 70.52.5.85
2025/03/24 23:38:01 [/shop/shopping/load_payment_module.php] Array
(
    [SiteID] => mst0000007602
    [SitePass] => ******
    [MemberID] => 639
)
 from 70.52.5.85
2025/03/24 23:38:01 [/shop/shopping/load_payment_module.php] ErrCode=E01&ErrInfo=E01240002 from 70.52.5.85
2025/03/24 23:38:01 [/shop/shopping/load_payment_module.php] Array
(
    [0] => Array
        (
            [ErrCode] => E01
            [ErrInfo] => E01240002
        )

)
 from 70.52.5.85
2025/03/24 23:38:01 [/shop/shopping/load_payment_module.php] SendRequest:https://p01.mul-pay.jp/payment/SearchCard.idPass from 70.52.5.85
2025/03/24 23:38:01 [/shop/shopping/load_payment_module.php] Array
(
    [SiteID] => mst0000007602
    [SitePass] => ******
    [MemberID] => 639
)
 from 70.52.5.85
2025/03/24 23:38:01 [/shop/shopping/load_payment_module.php] ErrCode=E01&ErrInfo=E01240002 from 70.52.5.85
2025/03/24 23:38:01 [/shop/shopping/load_payment_module.php] Array
(
    [0] => Array
        (
            [ErrCode] => E01
            [ErrInfo] => E01240002
        )

)
 from 70.52.5.85
2025/03/24 23:39:41 [/shop/shopping/load_payment_module.php] SendRequest:https://p01.mul-pay.jp/payment/SearchMember.idPass from 70.52.5.85
2025/03/24 23:39:41 [/shop/shopping/load_payment_module.php] Array
(
    [SiteID] => mst0000007602
    [SitePass] => ******
    [MemberID] => 639
)
 from 70.52.5.85
2025/03/24 23:39:41 [/shop/shopping/load_payment_module.php] MemberID=639&MemberName=r555a4f41697acYWXgXFpE&DeleteFlag=0 from 70.52.5.85
2025/03/24 23:39:41 [/shop/shopping/load_payment_module.php] Array
(
    [0] => Array
        (
            [MemberID] => 639
            [MemberName] => r555a4f41697acYWXgXFpE
            [DeleteFlag] => 0
        )

)
 from 70.52.5.85
2025/03/24 23:39:41 [/shop/shopping/load_payment_module.php] SendRequest:https://p01.mul-pay.jp/payment/SearchCard.idPass from 70.52.5.85
2025/03/24 23:39:41 [/shop/shopping/load_payment_module.php] Array
(
    [SiteID] => mst0000007602
    [SitePass] => ******
    [MemberID] => 639
)
 from 70.52.5.85
2025/03/24 23:39:41 [/shop/shopping/load_payment_module.php] ErrCode=E01&ErrInfo=E01240002 from 70.52.5.85
2025/03/24 23:39:41 [/shop/shopping/load_payment_module.php] Array
(
    [0] => Array
        (
            [ErrCode] => E01
            [ErrInfo] => E01240002
        )

)
 from 70.52.5.85
2025/03/24 23:39:41 [/shop/shopping/load_payment_module.php] SendRequest:https://p01.mul-pay.jp/payment/EntryTran.idPass from 70.52.5.85
2025/03/24 23:39:41 [/shop/shopping/load_payment_module.php] Array
(
    [ShopID] => 9000034600950
    [ShopPass] => ******
    [OrderID] => 960977-24233941
    [JobCd] => CAPTURE
    [Amount] => 9329
    [TdFlag] => 0
    [TdTenantName] => 
)
 from 70.52.5.85
2025/03/24 23:39:41 [/shop/shopping/load_payment_module.php] AccessID=f0f70be5adef0d1e1452eb1446f1b1b7&AccessPass=0001cae897afd8dfd00d7ccdcd09f6f7 from 70.52.5.85
2025/03/24 23:39:41 [/shop/shopping/load_payment_module.php] Array
(
    [0] => Array
        (
            [AccessID] => f0f70be5adef0d1e1452eb1446f1b1b7
            [AccessPass] => 0001cae897afd8dfd00d7ccdcd09f6f7
        )

)
 from 70.52.5.85
2025/03/24 23:39:41 [/shop/shopping/load_payment_module.php] load_payment_module.php set payment data:Array
(
    [AccessID] => f0f70be5adef0d1e1452eb1446f1b1b7
    [AccessPass] => 0001cae897afd8dfd00d7ccdcd09f6f7
    [OrderID] => 960977-24233941
    [Amount] => 9329
    [JobCd] => CAPTURE
    [action_status] => 1
    [pay_status] => 0
)
 from 70.52.5.85
2025/03/24 23:39:41 [/shop/shopping/load_payment_module.php] SendRequest:https://p01.mul-pay.jp/payment/ExecTran.idPass from 70.52.5.85
2025/03/24 23:39:41 [/shop/shopping/load_payment_module.php] Array
(
    [AccessID] => f0f70be5adef0d1e1452eb1446f1b1b7
    [AccessPass] => 0001cae897afd8dfd00d7ccdcd09f6f7
    [OrderID] => 960977-24233941
    [Method] => 1
    [Token] => 7672bc4639cdbab6ff5640f41e37fe94b149d1b93c3099262a7ed6683c381ef5
    [ClientField1] => 
    [ClientField2] => 
    [ClientField3] => EC-CUBE4.3.35
)
 from 70.52.5.85
2025/03/24 23:39:42 [/shop/shopping/load_payment_module.php] ACS=0&OrderID=960977-24233941&Forward=2959876&Method=1&PayTimes=&Approve=0082581&TranID=2503242339602257210134164093&TranDate=20250324233942&CheckString=4007fca79bb03d22509e78878c2cfb87 from 70.52.5.85
2025/03/24 23:39:42 [/shop/shopping/load_payment_module.php] Array
(
    [0] => Array
        (
            [ACS] => 0
            [OrderID] => 960977-24233941
            [Forward] => 2959876
            [Method] => 1
            [PayTimes] => 
            [Approve] => 0082581
            [TranID] => 2503242339602257210134164093
            [TranDate] => 20250324233942
            [CheckString] => 4007fca79bb03d22509e78878c2cfb87
        )

)
 from 70.52.5.85
2025/03/24 23:39:42 [/shop/shopping/load_payment_module.php] load_payment_module.php set payment data:Array
(
    [ACS] => 0
    [Forward] => 2959876
    [Method] => 1
    [PayTimes] => 
    [Approve] => 0082581
    [TranID] => 2503242339602257210134164093
    [TranDate] => 20250324233942
    [CheckString] => 4007fca79bb03d22509e78878c2cfb87
    [Amount] => 9329
    [JobCd] => CAPTURE
    [action_status] => 3
    [pay_status] => 13
)
 from 70.52.5.85
2025/03/24 23:39:42 [/shop/user_data/pg_mulpay_recv.php] ******* receiveer data start ******* from 210.175.7.20
2025/03/24 23:39:42 [/shop/user_data/pg_mulpay_recv.php] Array
(
    [ShopID] => 9000034600950
    [ShopPass] => **********
    [AccessID] => f0f70be5adef0d1e1452eb1446f1b1b7
    [AccessPass] => ********************************
    [OrderID] => 960977-24233941
    [Status] => CAPTURE
    [JobCd] => CAPTURE
    [Amount] => 9329
    [Tax] => 0
    [Currency] => JPN
    [Forward] => 2959876
    [Method] => 1
    [PayTimes] => 
    [TranID] => 2503242339602257210134164093
    [Approve] => 0082581
    [TranDate] => 20250324233942
    [ErrCode] => 
    [ErrInfo] => 
    [PayType] => 0
)
 from 210.175.7.20
2025/03/24 23:39:42 [/shop/user_data/pg_mulpay_recv.php] ******* receiveer data end ******* from 210.175.7.20
2025/03/24 23:39:47 [/shop/user_data/pg_mulpay_recv.php] update order status:1 order_id=960977 from 210.175.7.20
2025/03/24 23:39:47 [/shop/user_data/pg_mulpay_recv.php] pg_mulpay_recv.php set payment data:Array
(
    [ShopID] => 9000034600950
    [AccessID] => f0f70be5adef0d1e1452eb1446f1b1b7
    [OrderID] => 960977-24233941
    [Status] => CAPTURE
    [JobCd] => CAPTURE
    [Amount] => 9329
    [Tax] => 0
    [Currency] => JPN
    [Forward] => 2959876
    [Method] => 1
    [PayTimes] => 
    [TranID] => 2503242339602257210134164093
    [Approve] => 0082581
    [TranDate] => 20250324233942
    [ErrCode] => 
    [ErrInfo] => 
    [PayType] => 0
    [CvsCode] => 
    [CvsConfNo] => 
    [CvsReceiptNo] => 
    [EdyReceiptNo] => 
    [EdyOrderNo] => 
    [SuicaReceiptNo] => 
    [SuicaOrderNo] => 
    [CustID] => 
    [BkCode] => 
    [ConfNo] => 
    [PaymentTerm] => 
    [EncryptReceiptNo] => 
    [FinishDate] => 
    [ReceiptDate] => 
    [WebMoneyManagementNo] => 
    [WebMoneySettleCode] => 
    [AuPayInfoNo] => 
    [AuPayMethod] => 
    [AuCancelAmount] => 
    [AuCancelTax] => 
    [DocomoSettlementCode] => 
    [DocomoCancelAmount] => 
    [DocomoCancelTax] => 
    [pay_status] => 13
)
 from 210.175.7.20
2025/03/24 23:39:47 [/shop/user_data/pg_mulpay_recv.php] response:true from 210.175.7.20
