2020/12/15 11:18:54 [/shop/shopping/load_payment_module.php] SendRequest:https://p01.mul-pay.jp/payment/SearchMember.idPass from 114.165.178.132
2020/12/15 11:18:54 [/shop/shopping/load_payment_module.php] Array
(
    [SiteID] => mst0000007602
    [SitePass] => ******
    [MemberID] => 2540
)
 from 114.165.178.132
2020/12/15 11:18:54 [/shop/shopping/load_payment_module.php] ErrCode=E01&ErrInfo=E01390002 from 114.165.178.132
2020/12/15 11:18:54 [/shop/shopping/load_payment_module.php] Array
(
    [0] => Array
        (
            [ErrCode] => E01
            [ErrInfo] => E01390002
        )

)
 from 114.165.178.132
2020/12/15 11:18:54 [/shop/shopping/load_payment_module.php] SendRequest:https://p01.mul-pay.jp/payment/SearchCard.idPass from 114.165.178.132
2020/12/15 11:18:54 [/shop/shopping/load_payment_module.php] Array
(
    [SiteID] => mst0000007602
    [SitePass] => ******
    [MemberID] => 2540
)
 from 114.165.178.132
2020/12/15 11:18:54 [/shop/shopping/load_payment_module.php] ErrCode=E01|E01&ErrInfo=E01390002|E01240002 from 114.165.178.132
2020/12/15 11:18:54 [/shop/shopping/load_payment_module.php] Array
(
    [0] => Array
        (
            [ErrCode] => E01
            [ErrInfo] => E01390002
        )

    [1] => Array
        (
            [ErrCode] => E01
            [ErrInfo] => E01240002
        )

)
 from 114.165.178.132
2020/12/15 11:19:27 [/shop/shopping/load_payment_module.php] SendRequest:https://p01.mul-pay.jp/payment/SearchMember.idPass from 114.165.178.132
2020/12/15 11:19:27 [/shop/shopping/load_payment_module.php] Array
(
    [SiteID] => mst0000007602
    [SitePass] => ******
    [MemberID] => 2540
)
 from 114.165.178.132
2020/12/15 11:19:27 [/shop/shopping/load_payment_module.php] ErrCode=E01&ErrInfo=E01390002 from 114.165.178.132
2020/12/15 11:19:27 [/shop/shopping/load_payment_module.php] Array
(
    [0] => Array
        (
            [ErrCode] => E01
            [ErrInfo] => E01390002
        )

)
 from 114.165.178.132
2020/12/15 11:19:27 [/shop/shopping/load_payment_module.php] SendRequest:https://p01.mul-pay.jp/payment/SearchCard.idPass from 114.165.178.132
2020/12/15 11:19:27 [/shop/shopping/load_payment_module.php] Array
(
    [SiteID] => mst0000007602
    [SitePass] => ******
    [MemberID] => 2540
)
 from 114.165.178.132
2020/12/15 11:19:28 [/shop/shopping/load_payment_module.php] ErrCode=E01|E01&ErrInfo=E01390002|E01240002 from 114.165.178.132
2020/12/15 11:19:28 [/shop/shopping/load_payment_module.php] Array
(
    [0] => Array
        (
            [ErrCode] => E01
            [ErrInfo] => E01390002
        )

    [1] => Array
        (
            [ErrCode] => E01
            [ErrInfo] => E01240002
        )

)
 from 114.165.178.132
2020/12/15 11:19:28 [/shop/shopping/load_payment_module.php] SendRequest:https://p01.mul-pay.jp/payment/EntryTran.idPass from 114.165.178.132
2020/12/15 11:19:28 [/shop/shopping/load_payment_module.php] Array
(
    [ShopID] => 9000034600950
    [ShopPass] => ******
    [OrderID] => 944940-15111928
    [JobCd] => CAPTURE
    [Amount] => 6627
    [TdFlag] => 0
    [TdTenantName] => 
)
 from 114.165.178.132
2020/12/15 11:19:28 [/shop/shopping/load_payment_module.php] AccessID=6c8e4311fb23281f315d337db41fa8d8&AccessPass=d9d7720838716786ae2c1e999984b542 from 114.165.178.132
2020/12/15 11:19:28 [/shop/shopping/load_payment_module.php] Array
(
    [0] => Array
        (
            [AccessID] => 6c8e4311fb23281f315d337db41fa8d8
            [AccessPass] => d9d7720838716786ae2c1e999984b542
        )

)
 from 114.165.178.132
2020/12/15 11:19:28 [/shop/shopping/load_payment_module.php] load_payment_module.php set payment data:Array
(
    [AccessID] => 6c8e4311fb23281f315d337db41fa8d8
    [AccessPass] => d9d7720838716786ae2c1e999984b542
    [OrderID] => 944940-15111928
    [Amount] => 6627
    [JobCd] => CAPTURE
    [action_status] => 1
    [pay_status] => 0
)
 from 114.165.178.132
2020/12/15 11:19:28 [/shop/shopping/load_payment_module.php] SendRequest:https://p01.mul-pay.jp/payment/ExecTran.idPass from 114.165.178.132
2020/12/15 11:19:28 [/shop/shopping/load_payment_module.php] Array
(
    [AccessID] => 6c8e4311fb23281f315d337db41fa8d8
    [AccessPass] => d9d7720838716786ae2c1e999984b542
    [OrderID] => 944940-15111928
    [Method] => 1
    [Token] => 6437d75444db305ce5bdcc8d8bc63320e8759e0f512eb5cd0cc9bf2dd4a4b0fb
    [ClientField1] => 
    [ClientField2] => 
    [ClientField3] => EC-CUBE4.3.24
)
 from 114.165.178.132
2020/12/15 11:19:29 [/shop/shopping/load_payment_module.php] ACS=0&OrderID=944940-15111928&Forward=2S49631&Method=1&PayTimes=&Approve=0006225&TranID=2012151119602257210134113673&TranDate=20201215111929&CheckString=a3e5f40e95f6146ef8bad84fa38efded from 114.165.178.132
2020/12/15 11:19:29 [/shop/shopping/load_payment_module.php] Array
(
    [0] => Array
        (
            [ACS] => 0
            [OrderID] => 944940-15111928
            [Forward] => 2S49631
            [Method] => 1
            [PayTimes] => 
            [Approve] => 0006225
            [TranID] => 2012151119602257210134113673
            [TranDate] => 20201215111929
            [CheckString] => a3e5f40e95f6146ef8bad84fa38efded
        )

)
 from 114.165.178.132
2020/12/15 11:19:29 [/shop/shopping/load_payment_module.php] load_payment_module.php set payment data:Array
(
    [ACS] => 0
    [Forward] => 2S49631
    [Method] => 1
    [PayTimes] => 
    [Approve] => 0006225
    [TranID] => 2012151119602257210134113673
    [TranDate] => 20201215111929
    [CheckString] => a3e5f40e95f6146ef8bad84fa38efded
    [Amount] => 6627
    [JobCd] => CAPTURE
    [action_status] => 3
    [pay_status] => 13
)
 from 114.165.178.132
2020/12/15 11:19:30 [/shop/user_data/pg_mulpay_recv.php] ******* receiveer data start ******* from 210.175.7.20
2020/12/15 11:19:30 [/shop/user_data/pg_mulpay_recv.php] Array
(
    [ShopID] => 9000034600950
    [ShopPass] => **********
    [AccessID] => 6c8e4311fb23281f315d337db41fa8d8
    [AccessPass] => ********************************
    [OrderID] => 944940-15111928
    [Status] => CAPTURE
    [JobCd] => CAPTURE
    [Amount] => 6627
    [Tax] => 0
    [Currency] => JPN
    [Forward] => 2S49631
    [Method] => 1
    [PayTimes] => 
    [TranID] => 2012151119602257210134113673
    [Approve] => 0006225
    [TranDate] => 20201215111929
    [ErrCode] => 
    [ErrInfo] => 
    [PayType] => 0
)
 from 210.175.7.20
2020/12/15 11:19:30 [/shop/user_data/pg_mulpay_recv.php] ******* receiveer data end ******* from 210.175.7.20
2020/12/15 11:19:35 [/shop/user_data/pg_mulpay_recv.php] update order status:1 order_id=944940 from 210.175.7.20
2020/12/15 11:19:35 [/shop/user_data/pg_mulpay_recv.php] pg_mulpay_recv.php set payment data:Array
(
    [ShopID] => 9000034600950
    [AccessID] => 6c8e4311fb23281f315d337db41fa8d8
    [OrderID] => 944940-15111928
    [Status] => CAPTURE
    [JobCd] => CAPTURE
    [Amount] => 6627
    [Tax] => 0
    [Currency] => JPN
    [Forward] => 2S49631
    [Method] => 1
    [PayTimes] => 
    [TranID] => 2012151119602257210134113673
    [Approve] => 0006225
    [TranDate] => 20201215111929
    [ErrCode] => 
    [ErrInfo] => 
    [PayType] => 0
    [CvsCode] => 
    [CvsConfNo] => 
    [CvsReceiptNo] => 
    [EdyReceiptNo] => 
    [EdyOrderNo] => 
    [SuicaReceiptNo] => 
    [SuicaOrderNo] => 
    [CustID] => 
    [BkCode] => 
    [ConfNo] => 
    [PaymentTerm] => 
    [EncryptReceiptNo] => 
    [FinishDate] => 
    [ReceiptDate] => 
    [WebMoneyManagementNo] => 
    [WebMoneySettleCode] => 
    [AuPayInfoNo] => 
    [AuPayMethod] => 
    [AuCancelAmount] => 
    [AuCancelTax] => 
    [DocomoSettlementCode] => 
    [DocomoCancelAmount] => 
    [DocomoCancelTax] => 
    [pay_status] => 13
)
 from 210.175.7.20
2020/12/15 11:19:35 [/shop/user_data/pg_mulpay_recv.php] response:true from 210.175.7.20
2020/12/15 14:17:39 [/shop/shopping/load_payment_module.php] SendRequest:https://p01.mul-pay.jp/payment/SearchMember.idPass from 153.198.0.214
2020/12/15 14:17:39 [/shop/shopping/load_payment_module.php] Array
(
    [SiteID] => mst0000007602
    [SitePass] => ******
    [MemberID] => 10469
)
 from 153.198.0.214
2020/12/15 14:17:39 [/shop/shopping/load_payment_module.php] ErrCode=E01&ErrInfo=E01390002 from 153.198.0.214
2020/12/15 14:17:39 [/shop/shopping/load_payment_module.php] Array
(
    [0] => Array
        (
            [ErrCode] => E01
            [ErrInfo] => E01390002
        )

)
 from 153.198.0.214
2020/12/15 14:17:39 [/shop/shopping/load_payment_module.php] SendRequest:https://p01.mul-pay.jp/payment/SearchCard.idPass from 153.198.0.214
2020/12/15 14:17:39 [/shop/shopping/load_payment_module.php] Array
(
    [SiteID] => mst0000007602
    [SitePass] => ******
    [MemberID] => 10469
)
 from 153.198.0.214
2020/12/15 14:17:39 [/shop/shopping/load_payment_module.php] ErrCode=E01|E01&ErrInfo=E01390002|E01240002 from 153.198.0.214
2020/12/15 14:17:40 [/shop/shopping/load_payment_module.php] Array
(
    [0] => Array
        (
            [ErrCode] => E01
            [ErrInfo] => E01390002
        )

    [1] => Array
        (
            [ErrCode] => E01
            [ErrInfo] => E01240002
        )

)
 from 153.198.0.214
2020/12/15 14:18:48 [/shop/shopping/load_payment_module.php] SendRequest:https://p01.mul-pay.jp/payment/SearchMember.idPass from 153.198.0.214
2020/12/15 14:18:48 [/shop/shopping/load_payment_module.php] Array
(
    [SiteID] => mst0000007602
    [SitePass] => ******
    [MemberID] => 10469
)
 from 153.198.0.214
2020/12/15 14:18:48 [/shop/shopping/load_payment_module.php] ErrCode=E01&ErrInfo=E01390002 from 153.198.0.214
2020/12/15 14:18:48 [/shop/shopping/load_payment_module.php] Array
(
    [0] => Array
        (
            [ErrCode] => E01
            [ErrInfo] => E01390002
        )

)
 from 153.198.0.214
2020/12/15 14:18:48 [/shop/shopping/load_payment_module.php] SendRequest:https://p01.mul-pay.jp/payment/SearchCard.idPass from 153.198.0.214
2020/12/15 14:18:48 [/shop/shopping/load_payment_module.php] Array
(
    [SiteID] => mst0000007602
    [SitePass] => ******
    [MemberID] => 10469
)
 from 153.198.0.214
2020/12/15 14:18:48 [/shop/shopping/load_payment_module.php] ErrCode=E01|E01&ErrInfo=E01390002|E01240002 from 153.198.0.214
2020/12/15 14:18:48 [/shop/shopping/load_payment_module.php] Array
(
    [0] => Array
        (
            [ErrCode] => E01
            [ErrInfo] => E01390002
        )

    [1] => Array
        (
            [ErrCode] => E01
            [ErrInfo] => E01240002
        )

)
 from 153.198.0.214
2020/12/15 14:18:48 [/shop/shopping/load_payment_module.php] SendRequest:https://p01.mul-pay.jp/payment/EntryTran.idPass from 153.198.0.214
2020/12/15 14:18:48 [/shop/shopping/load_payment_module.php] Array
(
    [ShopID] => 9000034600950
    [ShopPass] => ******
    [OrderID] => 944941-15141848
    [JobCd] => CAPTURE
    [Amount] => 2830
    [TdFlag] => 0
    [TdTenantName] => 
)
 from 153.198.0.214
2020/12/15 14:18:49 [/shop/shopping/load_payment_module.php] AccessID=d00c91bfa94c1030ee9751ac11e7bd60&AccessPass=704155de531d95d420486c4421804f0d from 153.198.0.214
2020/12/15 14:18:49 [/shop/shopping/load_payment_module.php] Array
(
    [0] => Array
        (
            [AccessID] => d00c91bfa94c1030ee9751ac11e7bd60
            [AccessPass] => 704155de531d95d420486c4421804f0d
        )

)
 from 153.198.0.214
2020/12/15 14:18:49 [/shop/shopping/load_payment_module.php] load_payment_module.php set payment data:Array
(
    [AccessID] => d00c91bfa94c1030ee9751ac11e7bd60
    [AccessPass] => 704155de531d95d420486c4421804f0d
    [OrderID] => 944941-15141848
    [Amount] => 2830
    [JobCd] => CAPTURE
    [action_status] => 1
    [pay_status] => 0
)
 from 153.198.0.214
2020/12/15 14:18:49 [/shop/shopping/load_payment_module.php] SendRequest:https://p01.mul-pay.jp/payment/ExecTran.idPass from 153.198.0.214
2020/12/15 14:18:49 [/shop/shopping/load_payment_module.php] Array
(
    [AccessID] => d00c91bfa94c1030ee9751ac11e7bd60
    [AccessPass] => 704155de531d95d420486c4421804f0d
    [OrderID] => 944941-15141848
    [Method] => 1
    [Token] => 977732119f1ebfb2bea047278217bb413dc111b0def80fb9ef9fc8600e00fcea
    [ClientField1] => 
    [ClientField2] => 
    [ClientField3] => EC-CUBE4.3.24
)
 from 153.198.0.214
2020/12/15 14:18:50 [/shop/shopping/load_payment_module.php] ACS=0&OrderID=944941-15141848&Forward=2S49631&Method=1&PayTimes=&Approve=0796544&TranID=2012151418602257210134113674&TranDate=20201215141850&CheckString=ff96a0ac08039f5f94a9923926c7122c from 153.198.0.214
2020/12/15 14:18:50 [/shop/shopping/load_payment_module.php] Array
(
    [0] => Array
        (
            [ACS] => 0
            [OrderID] => 944941-15141848
            [Forward] => 2S49631
            [Method] => 1
            [PayTimes] => 
            [Approve] => 0796544
            [TranID] => 2012151418602257210134113674
            [TranDate] => 20201215141850
            [CheckString] => ff96a0ac08039f5f94a9923926c7122c
        )

)
 from 153.198.0.214
2020/12/15 14:18:50 [/shop/shopping/load_payment_module.php] load_payment_module.php set payment data:Array
(
    [ACS] => 0
    [Forward] => 2S49631
    [Method] => 1
    [PayTimes] => 
    [Approve] => 0796544
    [TranID] => 2012151418602257210134113674
    [TranDate] => 20201215141850
    [CheckString] => ff96a0ac08039f5f94a9923926c7122c
    [Amount] => 2830
    [JobCd] => CAPTURE
    [action_status] => 3
    [pay_status] => 13
)
 from 153.198.0.214
2020/12/15 14:18:50 [/shop/user_data/pg_mulpay_recv.php] ******* receiveer data start ******* from 210.175.7.20
2020/12/15 14:18:50 [/shop/user_data/pg_mulpay_recv.php] Array
(
    [ShopID] => 9000034600950
    [ShopPass] => **********
    [AccessID] => d00c91bfa94c1030ee9751ac11e7bd60
    [AccessPass] => ********************************
    [OrderID] => 944941-15141848
    [Status] => CAPTURE
    [JobCd] => CAPTURE
    [Amount] => 2830
    [Tax] => 0
    [Currency] => JPN
    [Forward] => 2S49631
    [Method] => 1
    [PayTimes] => 
    [TranID] => 2012151418602257210134113674
    [Approve] => 0796544
    [TranDate] => 20201215141850
    [ErrCode] => 
    [ErrInfo] => 
    [PayType] => 0
)
 from 210.175.7.20
2020/12/15 14:18:50 [/shop/user_data/pg_mulpay_recv.php] ******* receiveer data end ******* from 210.175.7.20
2020/12/15 14:18:55 [/shop/user_data/pg_mulpay_recv.php] update order status:1 order_id=944941 from 210.175.7.20
2020/12/15 14:18:55 [/shop/user_data/pg_mulpay_recv.php] pg_mulpay_recv.php set payment data:Array
(
    [ShopID] => 9000034600950
    [AccessID] => d00c91bfa94c1030ee9751ac11e7bd60
    [OrderID] => 944941-15141848
    [Status] => CAPTURE
    [JobCd] => CAPTURE
    [Amount] => 2830
    [Tax] => 0
    [Currency] => JPN
    [Forward] => 2S49631
    [Method] => 1
    [PayTimes] => 
    [TranID] => 2012151418602257210134113674
    [Approve] => 0796544
    [TranDate] => 20201215141850
    [ErrCode] => 
    [ErrInfo] => 
    [PayType] => 0
    [CvsCode] => 
    [CvsConfNo] => 
    [CvsReceiptNo] => 
    [EdyReceiptNo] => 
    [EdyOrderNo] => 
    [SuicaReceiptNo] => 
    [SuicaOrderNo] => 
    [CustID] => 
    [BkCode] => 
    [ConfNo] => 
    [PaymentTerm] => 
    [EncryptReceiptNo] => 
    [FinishDate] => 
    [ReceiptDate] => 
    [WebMoneyManagementNo] => 
    [WebMoneySettleCode] => 
    [AuPayInfoNo] => 
    [AuPayMethod] => 
    [AuCancelAmount] => 
    [AuCancelTax] => 
    [DocomoSettlementCode] => 
    [DocomoCancelAmount] => 
    [DocomoCancelTax] => 
    [pay_status] => 13
)
 from 210.175.7.20
2020/12/15 14:18:55 [/shop/user_data/pg_mulpay_recv.php] response:true from 210.175.7.20
