2020/07/13 10:49:55 [/shop/shopping/load_payment_module.php] SendRequest:https://p01.mul-pay.jp/payment/SearchMember.idPass from 92.203.98.82
2020/07/13 10:49:55 [/shop/shopping/load_payment_module.php] Array
(
    [SiteID] => mst0000007602
    [SitePass] => ******
    [MemberID] => 3060
)
 from 92.203.98.82
2020/07/13 10:49:56 [/shop/shopping/load_payment_module.php] ErrCode=E01&ErrInfo=E01390002 from 92.203.98.82
2020/07/13 10:49:56 [/shop/shopping/load_payment_module.php] Array
(
    [0] => Array
        (
            [ErrCode] => E01
            [ErrInfo] => E01390002
        )

)
 from 92.203.98.82
2020/07/13 10:49:56 [/shop/shopping/load_payment_module.php] SendRequest:https://p01.mul-pay.jp/payment/SearchCard.idPass from 92.203.98.82
2020/07/13 10:49:56 [/shop/shopping/load_payment_module.php] Array
(
    [SiteID] => mst0000007602
    [SitePass] => ******
    [MemberID] => 3060
)
 from 92.203.98.82
2020/07/13 10:49:56 [/shop/shopping/load_payment_module.php] ErrCode=E01|E01&ErrInfo=E01390002|E01240002 from 92.203.98.82
2020/07/13 10:49:56 [/shop/shopping/load_payment_module.php] Array
(
    [0] => Array
        (
            [ErrCode] => E01
            [ErrInfo] => E01390002
        )

    [1] => Array
        (
            [ErrCode] => E01
            [ErrInfo] => E01240002
        )

)
 from 92.203.98.82
2020/07/13 10:50:54 [/shop/shopping/load_payment_module.php] SendRequest:https://p01.mul-pay.jp/payment/SearchMember.idPass from 92.203.98.82
2020/07/13 10:50:54 [/shop/shopping/load_payment_module.php] Array
(
    [SiteID] => mst0000007602
    [SitePass] => ******
    [MemberID] => 3060
)
 from 92.203.98.82
2020/07/13 10:50:55 [/shop/shopping/load_payment_module.php] ErrCode=E01&ErrInfo=E01390002 from 92.203.98.82
2020/07/13 10:50:55 [/shop/shopping/load_payment_module.php] Array
(
    [0] => Array
        (
            [ErrCode] => E01
            [ErrInfo] => E01390002
        )

)
 from 92.203.98.82
2020/07/13 10:50:55 [/shop/shopping/load_payment_module.php] SendRequest:https://p01.mul-pay.jp/payment/SearchCard.idPass from 92.203.98.82
2020/07/13 10:50:55 [/shop/shopping/load_payment_module.php] Array
(
    [SiteID] => mst0000007602
    [SitePass] => ******
    [MemberID] => 3060
)
 from 92.203.98.82
2020/07/13 10:50:55 [/shop/shopping/load_payment_module.php] ErrCode=E01|E01&ErrInfo=E01390002|E01240002 from 92.203.98.82
2020/07/13 10:50:55 [/shop/shopping/load_payment_module.php] Array
(
    [0] => Array
        (
            [ErrCode] => E01
            [ErrInfo] => E01390002
        )

    [1] => Array
        (
            [ErrCode] => E01
            [ErrInfo] => E01240002
        )

)
 from 92.203.98.82
2020/07/13 10:50:55 [/shop/shopping/load_payment_module.php] SendRequest:https://p01.mul-pay.jp/payment/EntryTran.idPass from 92.203.98.82
2020/07/13 10:50:55 [/shop/shopping/load_payment_module.php] Array
(
    [ShopID] => 9000034600950
    [ShopPass] => ******
    [OrderID] => 944373-13105055
    [JobCd] => CAPTURE
    [Amount] => 41794
    [TdFlag] => 0
    [TdTenantName] => 
)
 from 92.203.98.82
2020/07/13 10:50:55 [/shop/shopping/load_payment_module.php] AccessID=90c8726c175fa42e0fd759281809af0b&AccessPass=02d47d90cea09394d4a4d7cc327301f4 from 92.203.98.82
2020/07/13 10:50:55 [/shop/shopping/load_payment_module.php] Array
(
    [0] => Array
        (
            [AccessID] => 90c8726c175fa42e0fd759281809af0b
            [AccessPass] => 02d47d90cea09394d4a4d7cc327301f4
        )

)
 from 92.203.98.82
2020/07/13 10:50:55 [/shop/shopping/load_payment_module.php] load_payment_module.php set payment data:Array
(
    [AccessID] => 90c8726c175fa42e0fd759281809af0b
    [AccessPass] => 02d47d90cea09394d4a4d7cc327301f4
    [OrderID] => 944373-13105055
    [Amount] => 41794
    [JobCd] => CAPTURE
    [action_status] => 1
    [pay_status] => 0
)
 from 92.203.98.82
2020/07/13 10:50:55 [/shop/shopping/load_payment_module.php] SendRequest:https://p01.mul-pay.jp/payment/ExecTran.idPass from 92.203.98.82
2020/07/13 10:50:55 [/shop/shopping/load_payment_module.php] Array
(
    [AccessID] => 90c8726c175fa42e0fd759281809af0b
    [AccessPass] => 02d47d90cea09394d4a4d7cc327301f4
    [OrderID] => 944373-13105055
    [Method] => 1
    [Token] => 1e8d7375cf8ad4e8217b9b49b170abebac12a9edc2c3dfab348bb9de515fefa4
    [ClientField1] => 
    [ClientField2] => 
    [ClientField3] => EC-CUBE4.3.24
)
 from 92.203.98.82
2020/07/13 10:50:57 [/shop/shopping/load_payment_module.php] ACS=0&OrderID=944373-13105055&Forward=2S49631&Method=1&PayTimes=&Approve=0003696&TranID=2007131050602257210134113452&TranDate=20200713105057&CheckString=20d69d8c9e8a95194219fcb19ec7475b from 92.203.98.82
2020/07/13 10:50:57 [/shop/shopping/load_payment_module.php] Array
(
    [0] => Array
        (
            [ACS] => 0
            [OrderID] => 944373-13105055
            [Forward] => 2S49631
            [Method] => 1
            [PayTimes] => 
            [Approve] => 0003696
            [TranID] => 2007131050602257210134113452
            [TranDate] => 20200713105057
            [CheckString] => 20d69d8c9e8a95194219fcb19ec7475b
        )

)
 from 92.203.98.82
2020/07/13 10:50:57 [/shop/shopping/load_payment_module.php] load_payment_module.php set payment data:Array
(
    [ACS] => 0
    [Forward] => 2S49631
    [Method] => 1
    [PayTimes] => 
    [Approve] => 0003696
    [TranID] => 2007131050602257210134113452
    [TranDate] => 20200713105057
    [CheckString] => 20d69d8c9e8a95194219fcb19ec7475b
    [Amount] => 41794
    [JobCd] => CAPTURE
    [action_status] => 3
    [pay_status] => 13
)
 from 92.203.98.82
2020/07/13 10:50:57 [/shop/user_data/pg_mulpay_recv.php] ******* receiveer data start ******* from 210.175.7.20
2020/07/13 10:50:57 [/shop/user_data/pg_mulpay_recv.php] Array
(
    [ShopID] => 9000034600950
    [ShopPass] => **********
    [AccessID] => 90c8726c175fa42e0fd759281809af0b
    [AccessPass] => ********************************
    [OrderID] => 944373-13105055
    [Status] => CAPTURE
    [JobCd] => CAPTURE
    [Amount] => 41794
    [Tax] => 0
    [Currency] => JPN
    [Forward] => 2S49631
    [Method] => 1
    [PayTimes] => 
    [TranID] => 2007131050602257210134113452
    [Approve] => 0003696
    [TranDate] => 20200713105057
    [ErrCode] => 
    [ErrInfo] => 
    [PayType] => 0
)
 from 210.175.7.20
2020/07/13 10:50:57 [/shop/user_data/pg_mulpay_recv.php] ******* receiveer data end ******* from 210.175.7.20
2020/07/13 10:51:02 [/shop/user_data/pg_mulpay_recv.php] update order status:1 order_id=944373 from 210.175.7.20
2020/07/13 10:51:02 [/shop/user_data/pg_mulpay_recv.php] pg_mulpay_recv.php set payment data:Array
(
    [ShopID] => 9000034600950
    [AccessID] => 90c8726c175fa42e0fd759281809af0b
    [OrderID] => 944373-13105055
    [Status] => CAPTURE
    [JobCd] => CAPTURE
    [Amount] => 41794
    [Tax] => 0
    [Currency] => JPN
    [Forward] => 2S49631
    [Method] => 1
    [PayTimes] => 
    [TranID] => 2007131050602257210134113452
    [Approve] => 0003696
    [TranDate] => 20200713105057
    [ErrCode] => 
    [ErrInfo] => 
    [PayType] => 0
    [CvsCode] => 
    [CvsConfNo] => 
    [CvsReceiptNo] => 
    [EdyReceiptNo] => 
    [EdyOrderNo] => 
    [SuicaReceiptNo] => 
    [SuicaOrderNo] => 
    [CustID] => 
    [BkCode] => 
    [ConfNo] => 
    [PaymentTerm] => 
    [EncryptReceiptNo] => 
    [FinishDate] => 
    [ReceiptDate] => 
    [WebMoneyManagementNo] => 
    [WebMoneySettleCode] => 
    [AuPayInfoNo] => 
    [AuPayMethod] => 
    [AuCancelAmount] => 
    [AuCancelTax] => 
    [DocomoSettlementCode] => 
    [DocomoCancelAmount] => 
    [DocomoCancelTax] => 
    [pay_status] => 13
)
 from 210.175.7.20
2020/07/13 10:51:02 [/shop/user_data/pg_mulpay_recv.php] response:true from 210.175.7.20
2020/07/13 13:35:48 [/shop/shopping/load_payment_module.php] SendRequest:https://p01.mul-pay.jp/payment/SearchMember.idPass from 114.164.76.97
2020/07/13 13:35:48 [/shop/shopping/load_payment_module.php] Array
(
    [SiteID] => mst0000007602
    [SitePass] => ******
    [MemberID] => 3711
)
 from 114.164.76.97
2020/07/13 13:35:48 [/shop/shopping/load_payment_module.php] ErrCode=E01&ErrInfo=E01390002 from 114.164.76.97
2020/07/13 13:35:48 [/shop/shopping/load_payment_module.php] Array
(
    [0] => Array
        (
            [ErrCode] => E01
            [ErrInfo] => E01390002
        )

)
 from 114.164.76.97
2020/07/13 13:35:48 [/shop/shopping/load_payment_module.php] SendRequest:https://p01.mul-pay.jp/payment/SearchCard.idPass from 114.164.76.97
2020/07/13 13:35:48 [/shop/shopping/load_payment_module.php] Array
(
    [SiteID] => mst0000007602
    [SitePass] => ******
    [MemberID] => 3711
)
 from 114.164.76.97
2020/07/13 13:35:49 [/shop/shopping/load_payment_module.php] ErrCode=E01|E01&ErrInfo=E01390002|E01240002 from 114.164.76.97
2020/07/13 13:35:49 [/shop/shopping/load_payment_module.php] Array
(
    [0] => Array
        (
            [ErrCode] => E01
            [ErrInfo] => E01390002
        )

    [1] => Array
        (
            [ErrCode] => E01
            [ErrInfo] => E01240002
        )

)
 from 114.164.76.97
2020/07/13 13:36:33 [/shop/shopping/load_payment_module.php] SendRequest:https://p01.mul-pay.jp/payment/SearchMember.idPass from 114.164.76.97
2020/07/13 13:36:33 [/shop/shopping/load_payment_module.php] Array
(
    [SiteID] => mst0000007602
    [SitePass] => ******
    [MemberID] => 3711
)
 from 114.164.76.97
2020/07/13 13:36:33 [/shop/shopping/load_payment_module.php] ErrCode=E01&ErrInfo=E01390002 from 114.164.76.97
2020/07/13 13:36:33 [/shop/shopping/load_payment_module.php] Array
(
    [0] => Array
        (
            [ErrCode] => E01
            [ErrInfo] => E01390002
        )

)
 from 114.164.76.97
2020/07/13 13:36:33 [/shop/shopping/load_payment_module.php] SendRequest:https://p01.mul-pay.jp/payment/SearchCard.idPass from 114.164.76.97
2020/07/13 13:36:33 [/shop/shopping/load_payment_module.php] Array
(
    [SiteID] => mst0000007602
    [SitePass] => ******
    [MemberID] => 3711
)
 from 114.164.76.97
2020/07/13 13:36:34 [/shop/shopping/load_payment_module.php] ErrCode=E01|E01&ErrInfo=E01390002|E01240002 from 114.164.76.97
2020/07/13 13:36:34 [/shop/shopping/load_payment_module.php] Array
(
    [0] => Array
        (
            [ErrCode] => E01
            [ErrInfo] => E01390002
        )

    [1] => Array
        (
            [ErrCode] => E01
            [ErrInfo] => E01240002
        )

)
 from 114.164.76.97
2020/07/13 13:36:34 [/shop/shopping/load_payment_module.php] SendRequest:https://p01.mul-pay.jp/payment/EntryTran.idPass from 114.164.76.97
2020/07/13 13:36:34 [/shop/shopping/load_payment_module.php] Array
(
    [ShopID] => 9000034600950
    [ShopPass] => ******
    [OrderID] => 944374-13133634
    [JobCd] => CAPTURE
    [Amount] => 2076
    [TdFlag] => 0
    [TdTenantName] => 
)
 from 114.164.76.97
2020/07/13 13:36:34 [/shop/shopping/load_payment_module.php] AccessID=b8e47b7f15a928d0153d67e5b5ebfd30&AccessPass=8726b1d9322f4e956c706944bf25101f from 114.164.76.97
2020/07/13 13:36:34 [/shop/shopping/load_payment_module.php] Array
(
    [0] => Array
        (
            [AccessID] => b8e47b7f15a928d0153d67e5b5ebfd30
            [AccessPass] => 8726b1d9322f4e956c706944bf25101f
        )

)
 from 114.164.76.97
2020/07/13 13:36:34 [/shop/shopping/load_payment_module.php] load_payment_module.php set payment data:Array
(
    [AccessID] => b8e47b7f15a928d0153d67e5b5ebfd30
    [AccessPass] => 8726b1d9322f4e956c706944bf25101f
    [OrderID] => 944374-13133634
    [Amount] => 2076
    [JobCd] => CAPTURE
    [action_status] => 1
    [pay_status] => 0
)
 from 114.164.76.97
2020/07/13 13:36:34 [/shop/shopping/load_payment_module.php] SendRequest:https://p01.mul-pay.jp/payment/ExecTran.idPass from 114.164.76.97
2020/07/13 13:36:34 [/shop/shopping/load_payment_module.php] Array
(
    [AccessID] => b8e47b7f15a928d0153d67e5b5ebfd30
    [AccessPass] => 8726b1d9322f4e956c706944bf25101f
    [OrderID] => 944374-13133634
    [Method] => 1
    [Token] => 045580a32b13d74fc3c4f06577351120eba3d6ce4df23b10c30cbec8dab3ded7
    [ClientField1] => 
    [ClientField2] => 
    [ClientField3] => EC-CUBE4.3.24
)
 from 114.164.76.97
2020/07/13 13:36:35 [/shop/shopping/load_payment_module.php] ACS=0&OrderID=944374-13133634&Forward=2a99661&Method=1&PayTimes=&Approve=0000021&TranID=2007131336602257210134133180&TranDate=20200713133635&CheckString=ea6a8a86ea67410586e4000290d7a848 from 114.164.76.97
2020/07/13 13:36:35 [/shop/shopping/load_payment_module.php] Array
(
    [0] => Array
        (
            [ACS] => 0
            [OrderID] => 944374-13133634
            [Forward] => 2a99661
            [Method] => 1
            [PayTimes] => 
            [Approve] => 0000021
            [TranID] => 2007131336602257210134133180
            [TranDate] => 20200713133635
            [CheckString] => ea6a8a86ea67410586e4000290d7a848
        )

)
 from 114.164.76.97
2020/07/13 13:36:35 [/shop/shopping/load_payment_module.php] load_payment_module.php set payment data:Array
(
    [ACS] => 0
    [Forward] => 2a99661
    [Method] => 1
    [PayTimes] => 
    [Approve] => 0000021
    [TranID] => 2007131336602257210134133180
    [TranDate] => 20200713133635
    [CheckString] => ea6a8a86ea67410586e4000290d7a848
    [Amount] => 2076
    [JobCd] => CAPTURE
    [action_status] => 3
    [pay_status] => 13
)
 from 114.164.76.97
2020/07/13 13:36:36 [/shop/user_data/pg_mulpay_recv.php] ******* receiveer data start ******* from 210.175.7.20
2020/07/13 13:36:36 [/shop/user_data/pg_mulpay_recv.php] Array
(
    [ShopID] => 9000034600950
    [ShopPass] => **********
    [AccessID] => b8e47b7f15a928d0153d67e5b5ebfd30
    [AccessPass] => ********************************
    [OrderID] => 944374-13133634
    [Status] => CAPTURE
    [JobCd] => CAPTURE
    [Amount] => 2076
    [Tax] => 0
    [Currency] => JPN
    [Forward] => 2a99661
    [Method] => 1
    [PayTimes] => 
    [TranID] => 2007131336602257210134133180
    [Approve] => 0000021
    [TranDate] => 20200713133635
    [ErrCode] => 
    [ErrInfo] => 
    [PayType] => 0
)
 from 210.175.7.20
2020/07/13 13:36:36 [/shop/user_data/pg_mulpay_recv.php] ******* receiveer data end ******* from 210.175.7.20
2020/07/13 13:36:41 [/shop/user_data/pg_mulpay_recv.php] update order status:1 order_id=944374 from 210.175.7.20
2020/07/13 13:36:41 [/shop/user_data/pg_mulpay_recv.php] pg_mulpay_recv.php set payment data:Array
(
    [ShopID] => 9000034600950
    [AccessID] => b8e47b7f15a928d0153d67e5b5ebfd30
    [OrderID] => 944374-13133634
    [Status] => CAPTURE
    [JobCd] => CAPTURE
    [Amount] => 2076
    [Tax] => 0
    [Currency] => JPN
    [Forward] => 2a99661
    [Method] => 1
    [PayTimes] => 
    [TranID] => 2007131336602257210134133180
    [Approve] => 0000021
    [TranDate] => 20200713133635
    [ErrCode] => 
    [ErrInfo] => 
    [PayType] => 0
    [CvsCode] => 
    [CvsConfNo] => 
    [CvsReceiptNo] => 
    [EdyReceiptNo] => 
    [EdyOrderNo] => 
    [SuicaReceiptNo] => 
    [SuicaOrderNo] => 
    [CustID] => 
    [BkCode] => 
    [ConfNo] => 
    [PaymentTerm] => 
    [EncryptReceiptNo] => 
    [FinishDate] => 
    [ReceiptDate] => 
    [WebMoneyManagementNo] => 
    [WebMoneySettleCode] => 
    [AuPayInfoNo] => 
    [AuPayMethod] => 
    [AuCancelAmount] => 
    [AuCancelTax] => 
    [DocomoSettlementCode] => 
    [DocomoCancelAmount] => 
    [DocomoCancelTax] => 
    [pay_status] => 13
)
 from 210.175.7.20
2020/07/13 13:36:41 [/shop/user_data/pg_mulpay_recv.php] response:true from 210.175.7.20
2020/07/13 15:09:22 [/shop/shopping/load_payment_module.php] SendRequest:https://p01.mul-pay.jp/payment/SearchMember.idPass from 49.230.48.22
2020/07/13 15:09:22 [/shop/shopping/load_payment_module.php] Array
(
    [SiteID] => mst0000007602
    [SitePass] => ******
    [MemberID] => 10377
)
 from 49.230.48.22
2020/07/13 15:09:23 [/shop/shopping/load_payment_module.php] ErrCode=E01&ErrInfo=E01390002 from 49.230.48.22
2020/07/13 15:09:23 [/shop/shopping/load_payment_module.php] Array
(
    [0] => Array
        (
            [ErrCode] => E01
            [ErrInfo] => E01390002
        )

)
 from 49.230.48.22
2020/07/13 15:09:23 [/shop/shopping/load_payment_module.php] SendRequest:https://p01.mul-pay.jp/payment/SearchCard.idPass from 49.230.48.22
2020/07/13 15:09:23 [/shop/shopping/load_payment_module.php] Array
(
    [SiteID] => mst0000007602
    [SitePass] => ******
    [MemberID] => 10377
)
 from 49.230.48.22
2020/07/13 15:09:23 [/shop/shopping/load_payment_module.php] ErrCode=E01|E01&ErrInfo=E01390002|E01240002 from 49.230.48.22
2020/07/13 15:09:23 [/shop/shopping/load_payment_module.php] Array
(
    [0] => Array
        (
            [ErrCode] => E01
            [ErrInfo] => E01390002
        )

    [1] => Array
        (
            [ErrCode] => E01
            [ErrInfo] => E01240002
        )

)
 from 49.230.48.22
2020/07/13 19:04:07 [/shop/shopping/load_payment_module.php] SendRequest:https://p01.mul-pay.jp/payment/SearchMember.idPass from 153.185.84.172
2020/07/13 19:04:07 [/shop/shopping/load_payment_module.php] Array
(
    [SiteID] => mst0000007602
    [SitePass] => ******
    [MemberID] => 8515
)
 from 153.185.84.172
2020/07/13 19:04:07 [/shop/shopping/load_payment_module.php] ErrCode=E01&ErrInfo=E01390002 from 153.185.84.172
2020/07/13 19:04:07 [/shop/shopping/load_payment_module.php] Array
(
    [0] => Array
        (
            [ErrCode] => E01
            [ErrInfo] => E01390002
        )

)
 from 153.185.84.172
2020/07/13 19:04:07 [/shop/shopping/load_payment_module.php] SendRequest:https://p01.mul-pay.jp/payment/SearchCard.idPass from 153.185.84.172
2020/07/13 19:04:07 [/shop/shopping/load_payment_module.php] Array
(
    [SiteID] => mst0000007602
    [SitePass] => ******
    [MemberID] => 8515
)
 from 153.185.84.172
2020/07/13 19:04:07 [/shop/shopping/load_payment_module.php] ErrCode=E01|E01&ErrInfo=E01390002|E01240002 from 153.185.84.172
2020/07/13 19:04:07 [/shop/shopping/load_payment_module.php] Array
(
    [0] => Array
        (
            [ErrCode] => E01
            [ErrInfo] => E01390002
        )

    [1] => Array
        (
            [ErrCode] => E01
            [ErrInfo] => E01240002
        )

)
 from 153.185.84.172
2020/07/13 19:05:06 [/shop/shopping/load_payment_module.php] SendRequest:https://p01.mul-pay.jp/payment/SearchMember.idPass from 153.185.84.172
2020/07/13 19:05:06 [/shop/shopping/load_payment_module.php] Array
(
    [SiteID] => mst0000007602
    [SitePass] => ******
    [MemberID] => 8515
)
 from 153.185.84.172
2020/07/13 19:05:06 [/shop/shopping/load_payment_module.php] ErrCode=E01&ErrInfo=E01390002 from 153.185.84.172
2020/07/13 19:05:06 [/shop/shopping/load_payment_module.php] Array
(
    [0] => Array
        (
            [ErrCode] => E01
            [ErrInfo] => E01390002
        )

)
 from 153.185.84.172
2020/07/13 19:05:06 [/shop/shopping/load_payment_module.php] SendRequest:https://p01.mul-pay.jp/payment/SearchCard.idPass from 153.185.84.172
2020/07/13 19:05:06 [/shop/shopping/load_payment_module.php] Array
(
    [SiteID] => mst0000007602
    [SitePass] => ******
    [MemberID] => 8515
)
 from 153.185.84.172
2020/07/13 19:05:06 [/shop/shopping/load_payment_module.php] ErrCode=E01|E01&ErrInfo=E01390002|E01240002 from 153.185.84.172
2020/07/13 19:05:06 [/shop/shopping/load_payment_module.php] Array
(
    [0] => Array
        (
            [ErrCode] => E01
            [ErrInfo] => E01390002
        )

    [1] => Array
        (
            [ErrCode] => E01
            [ErrInfo] => E01240002
        )

)
 from 153.185.84.172
2020/07/13 19:05:06 [/shop/shopping/load_payment_module.php] SendRequest:https://p01.mul-pay.jp/payment/EntryTran.idPass from 153.185.84.172
2020/07/13 19:05:06 [/shop/shopping/load_payment_module.php] Array
(
    [ShopID] => 9000034600950
    [ShopPass] => ******
    [OrderID] => 944376-13190506
    [JobCd] => CAPTURE
    [Amount] => 11562
    [TdFlag] => 0
    [TdTenantName] => 
)
 from 153.185.84.172
2020/07/13 19:05:07 [/shop/shopping/load_payment_module.php] AccessID=3bbcd638fbb653b0483115759bcd13eb&AccessPass=f8a65e157a075010a911acbfc7f16ec4 from 153.185.84.172
2020/07/13 19:05:07 [/shop/shopping/load_payment_module.php] Array
(
    [0] => Array
        (
            [AccessID] => 3bbcd638fbb653b0483115759bcd13eb
            [AccessPass] => f8a65e157a075010a911acbfc7f16ec4
        )

)
 from 153.185.84.172
2020/07/13 19:05:07 [/shop/shopping/load_payment_module.php] load_payment_module.php set payment data:Array
(
    [AccessID] => 3bbcd638fbb653b0483115759bcd13eb
    [AccessPass] => f8a65e157a075010a911acbfc7f16ec4
    [OrderID] => 944376-13190506
    [Amount] => 11562
    [JobCd] => CAPTURE
    [action_status] => 1
    [pay_status] => 0
)
 from 153.185.84.172
2020/07/13 19:05:07 [/shop/shopping/load_payment_module.php] SendRequest:https://p01.mul-pay.jp/payment/ExecTran.idPass from 153.185.84.172
2020/07/13 19:05:07 [/shop/shopping/load_payment_module.php] Array
(
    [AccessID] => 3bbcd638fbb653b0483115759bcd13eb
    [AccessPass] => f8a65e157a075010a911acbfc7f16ec4
    [OrderID] => 944376-13190506
    [Method] => 1
    [Token] => 6592b2be78f92774abd68ba7b3b8d0d4c7bb43fe176085a1bd6aa644965def3f
    [ClientField1] => 
    [ClientField2] => 
    [ClientField3] => EC-CUBE4.3.24
)
 from 153.185.84.172
2020/07/13 19:05:09 [/shop/shopping/load_payment_module.php] ACS=0&OrderID=944376-13190506&Forward=2959876&Method=1&PayTimes=&Approve=0120508&TranID=2007131905602257210134133181&TranDate=20200713190509&CheckString=25161808470141b76b88c897a1dac328 from 153.185.84.172
2020/07/13 19:05:09 [/shop/shopping/load_payment_module.php] Array
(
    [0] => Array
        (
            [ACS] => 0
            [OrderID] => 944376-13190506
            [Forward] => 2959876
            [Method] => 1
            [PayTimes] => 
            [Approve] => 0120508
            [TranID] => 2007131905602257210134133181
            [TranDate] => 20200713190509
            [CheckString] => 25161808470141b76b88c897a1dac328
        )

)
 from 153.185.84.172
2020/07/13 19:05:09 [/shop/shopping/load_payment_module.php] load_payment_module.php set payment data:Array
(
    [ACS] => 0
    [Forward] => 2959876
    [Method] => 1
    [PayTimes] => 
    [Approve] => 0120508
    [TranID] => 2007131905602257210134133181
    [TranDate] => 20200713190509
    [CheckString] => 25161808470141b76b88c897a1dac328
    [Amount] => 11562
    [JobCd] => CAPTURE
    [action_status] => 3
    [pay_status] => 13
)
 from 153.185.84.172
2020/07/13 19:05:09 [/shop/user_data/pg_mulpay_recv.php] ******* receiveer data start ******* from 210.175.7.20
2020/07/13 19:05:09 [/shop/user_data/pg_mulpay_recv.php] Array
(
    [ShopID] => 9000034600950
    [ShopPass] => **********
    [AccessID] => 3bbcd638fbb653b0483115759bcd13eb
    [AccessPass] => ********************************
    [OrderID] => 944376-13190506
    [Status] => CAPTURE
    [JobCd] => CAPTURE
    [Amount] => 11562
    [Tax] => 0
    [Currency] => JPN
    [Forward] => 2959876
    [Method] => 1
    [PayTimes] => 
    [TranID] => 2007131905602257210134133181
    [Approve] => 0120508
    [TranDate] => 20200713190509
    [ErrCode] => 
    [ErrInfo] => 
    [PayType] => 0
)
 from 210.175.7.20
2020/07/13 19:05:09 [/shop/user_data/pg_mulpay_recv.php] ******* receiveer data end ******* from 210.175.7.20
2020/07/13 19:05:14 [/shop/user_data/pg_mulpay_recv.php] update order status:1 order_id=944376 from 210.175.7.20
2020/07/13 19:05:15 [/shop/user_data/pg_mulpay_recv.php] pg_mulpay_recv.php set payment data:Array
(
    [ShopID] => 9000034600950
    [AccessID] => 3bbcd638fbb653b0483115759bcd13eb
    [OrderID] => 944376-13190506
    [Status] => CAPTURE
    [JobCd] => CAPTURE
    [Amount] => 11562
    [Tax] => 0
    [Currency] => JPN
    [Forward] => 2959876
    [Method] => 1
    [PayTimes] => 
    [TranID] => 2007131905602257210134133181
    [Approve] => 0120508
    [TranDate] => 20200713190509
    [ErrCode] => 
    [ErrInfo] => 
    [PayType] => 0
    [CvsCode] => 
    [CvsConfNo] => 
    [CvsReceiptNo] => 
    [EdyReceiptNo] => 
    [EdyOrderNo] => 
    [SuicaReceiptNo] => 
    [SuicaOrderNo] => 
    [CustID] => 
    [BkCode] => 
    [ConfNo] => 
    [PaymentTerm] => 
    [EncryptReceiptNo] => 
    [FinishDate] => 
    [ReceiptDate] => 
    [WebMoneyManagementNo] => 
    [WebMoneySettleCode] => 
    [AuPayInfoNo] => 
    [AuPayMethod] => 
    [AuCancelAmount] => 
    [AuCancelTax] => 
    [DocomoSettlementCode] => 
    [DocomoCancelAmount] => 
    [DocomoCancelTax] => 
    [pay_status] => 13
)
 from 210.175.7.20
2020/07/13 19:05:15 [/shop/user_data/pg_mulpay_recv.php] response:true from 210.175.7.20
2020/07/13 23:33:48 [/shop/shopping/load_payment_module.php] SendRequest:https://p01.mul-pay.jp/payment/SearchMember.idPass from 23.135.32.134
2020/07/13 23:33:48 [/shop/shopping/load_payment_module.php] Array
(
    [SiteID] => mst0000007602
    [SitePass] => ******
    [MemberID] => 10383
)
 from 23.135.32.134
2020/07/13 23:33:48 [/shop/shopping/load_payment_module.php] ErrCode=E01&ErrInfo=E01390002 from 23.135.32.134
2020/07/13 23:33:48 [/shop/shopping/load_payment_module.php] Array
(
    [0] => Array
        (
            [ErrCode] => E01
            [ErrInfo] => E01390002
        )

)
 from 23.135.32.134
2020/07/13 23:33:48 [/shop/shopping/load_payment_module.php] SendRequest:https://p01.mul-pay.jp/payment/SearchCard.idPass from 23.135.32.134
2020/07/13 23:33:48 [/shop/shopping/load_payment_module.php] Array
(
    [SiteID] => mst0000007602
    [SitePass] => ******
    [MemberID] => 10383
)
 from 23.135.32.134
2020/07/13 23:33:48 [/shop/shopping/load_payment_module.php] ErrCode=E01|E01&ErrInfo=E01390002|E01240002 from 23.135.32.134
2020/07/13 23:33:48 [/shop/shopping/load_payment_module.php] Array
(
    [0] => Array
        (
            [ErrCode] => E01
            [ErrInfo] => E01390002
        )

    [1] => Array
        (
            [ErrCode] => E01
            [ErrInfo] => E01240002
        )

)
 from 23.135.32.134
2020/07/13 23:37:52 [/shop/shopping/load_payment_module.php] SendRequest:https://p01.mul-pay.jp/payment/SearchMember.idPass from 23.135.32.134
2020/07/13 23:37:52 [/shop/shopping/load_payment_module.php] Array
(
    [SiteID] => mst0000007602
    [SitePass] => ******
    [MemberID] => 10383
)
 from 23.135.32.134
2020/07/13 23:37:53 [/shop/shopping/load_payment_module.php] ErrCode=E01&ErrInfo=E01390002 from 23.135.32.134
2020/07/13 23:37:53 [/shop/shopping/load_payment_module.php] Array
(
    [0] => Array
        (
            [ErrCode] => E01
            [ErrInfo] => E01390002
        )

)
 from 23.135.32.134
2020/07/13 23:37:53 [/shop/shopping/load_payment_module.php] SendRequest:https://p01.mul-pay.jp/payment/SearchCard.idPass from 23.135.32.134
2020/07/13 23:37:53 [/shop/shopping/load_payment_module.php] Array
(
    [SiteID] => mst0000007602
    [SitePass] => ******
    [MemberID] => 10383
)
 from 23.135.32.134
2020/07/13 23:37:53 [/shop/shopping/load_payment_module.php] ErrCode=E01|E01&ErrInfo=E01390002|E01240002 from 23.135.32.134
2020/07/13 23:37:53 [/shop/shopping/load_payment_module.php] Array
(
    [0] => Array
        (
            [ErrCode] => E01
            [ErrInfo] => E01390002
        )

    [1] => Array
        (
            [ErrCode] => E01
            [ErrInfo] => E01240002
        )

)
 from 23.135.32.134
2020/07/13 23:37:53 [/shop/shopping/load_payment_module.php] SendRequest:https://p01.mul-pay.jp/payment/EntryTran.idPass from 23.135.32.134
2020/07/13 23:37:53 [/shop/shopping/load_payment_module.php] Array
(
    [ShopID] => 9000034600950
    [ShopPass] => ******
    [OrderID] => 944377-13233753
    [JobCd] => CAPTURE
    [Amount] => 10500
    [TdFlag] => 0
    [TdTenantName] => 
)
 from 23.135.32.134
2020/07/13 23:37:53 [/shop/shopping/load_payment_module.php] AccessID=d55fdeac151e7b62900f5d04b2a8efbe&AccessPass=9f255bae2fcb40e4c427b59cc85fae9d from 23.135.32.134
2020/07/13 23:37:53 [/shop/shopping/load_payment_module.php] Array
(
    [0] => Array
        (
            [AccessID] => d55fdeac151e7b62900f5d04b2a8efbe
            [AccessPass] => 9f255bae2fcb40e4c427b59cc85fae9d
        )

)
 from 23.135.32.134
2020/07/13 23:37:53 [/shop/shopping/load_payment_module.php] load_payment_module.php set payment data:Array
(
    [AccessID] => d55fdeac151e7b62900f5d04b2a8efbe
    [AccessPass] => 9f255bae2fcb40e4c427b59cc85fae9d
    [OrderID] => 944377-13233753
    [Amount] => 10500
    [JobCd] => CAPTURE
    [action_status] => 1
    [pay_status] => 0
)
 from 23.135.32.134
2020/07/13 23:37:53 [/shop/shopping/load_payment_module.php] SendRequest:https://p01.mul-pay.jp/payment/ExecTran.idPass from 23.135.32.134
2020/07/13 23:37:53 [/shop/shopping/load_payment_module.php] Array
(
    [AccessID] => d55fdeac151e7b62900f5d04b2a8efbe
    [AccessPass] => 9f255bae2fcb40e4c427b59cc85fae9d
    [OrderID] => 944377-13233753
    [Method] => 1
    [Token] => 2b07b38d1d90ddebfa4cfaeeb2bdf148445b858bb63dc5e421c0c89e8f8d950a
    [ClientField1] => 
    [ClientField2] => 
    [ClientField3] => EC-CUBE4.3.24
)
 from 23.135.32.134
2020/07/13 23:37:54 [/shop/shopping/load_payment_module.php] ACS=0&OrderID=944377-13233753&Forward=2a99661&Method=1&PayTimes=&Approve=0000013&TranID=2007132337602257210134113453&TranDate=20200713233754&CheckString=943fa874f6b6026eee66f0a06613a07b from 23.135.32.134
2020/07/13 23:37:54 [/shop/shopping/load_payment_module.php] Array
(
    [0] => Array
        (
            [ACS] => 0
            [OrderID] => 944377-13233753
            [Forward] => 2a99661
            [Method] => 1
            [PayTimes] => 
            [Approve] => 0000013
            [TranID] => 2007132337602257210134113453
            [TranDate] => 20200713233754
            [CheckString] => 943fa874f6b6026eee66f0a06613a07b
        )

)
 from 23.135.32.134
2020/07/13 23:37:54 [/shop/shopping/load_payment_module.php] load_payment_module.php set payment data:Array
(
    [ACS] => 0
    [Forward] => 2a99661
    [Method] => 1
    [PayTimes] => 
    [Approve] => 0000013
    [TranID] => 2007132337602257210134113453
    [TranDate] => 20200713233754
    [CheckString] => 943fa874f6b6026eee66f0a06613a07b
    [Amount] => 10500
    [JobCd] => CAPTURE
    [action_status] => 3
    [pay_status] => 13
)
 from 23.135.32.134
2020/07/13 23:37:54 [/shop/user_data/pg_mulpay_recv.php] ******* receiveer data start ******* from 210.175.7.20
2020/07/13 23:37:54 [/shop/user_data/pg_mulpay_recv.php] Array
(
    [ShopID] => 9000034600950
    [ShopPass] => **********
    [AccessID] => d55fdeac151e7b62900f5d04b2a8efbe
    [AccessPass] => ********************************
    [OrderID] => 944377-13233753
    [Status] => CAPTURE
    [JobCd] => CAPTURE
    [Amount] => 10500
    [Tax] => 0
    [Currency] => JPN
    [Forward] => 2a99661
    [Method] => 1
    [PayTimes] => 
    [TranID] => 2007132337602257210134113453
    [Approve] => 0000013
    [TranDate] => 20200713233754
    [ErrCode] => 
    [ErrInfo] => 
    [PayType] => 0
)
 from 210.175.7.20
2020/07/13 23:37:54 [/shop/user_data/pg_mulpay_recv.php] ******* receiveer data end ******* from 210.175.7.20
2020/07/13 23:37:59 [/shop/user_data/pg_mulpay_recv.php] update order status:1 order_id=944377 from 210.175.7.20
2020/07/13 23:37:59 [/shop/user_data/pg_mulpay_recv.php] pg_mulpay_recv.php set payment data:Array
(
    [ShopID] => 9000034600950
    [AccessID] => d55fdeac151e7b62900f5d04b2a8efbe
    [OrderID] => 944377-13233753
    [Status] => CAPTURE
    [JobCd] => CAPTURE
    [Amount] => 10500
    [Tax] => 0
    [Currency] => JPN
    [Forward] => 2a99661
    [Method] => 1
    [PayTimes] => 
    [TranID] => 2007132337602257210134113453
    [Approve] => 0000013
    [TranDate] => 20200713233754
    [ErrCode] => 
    [ErrInfo] => 
    [PayType] => 0
    [CvsCode] => 
    [CvsConfNo] => 
    [CvsReceiptNo] => 
    [EdyReceiptNo] => 
    [EdyOrderNo] => 
    [SuicaReceiptNo] => 
    [SuicaOrderNo] => 
    [CustID] => 
    [BkCode] => 
    [ConfNo] => 
    [PaymentTerm] => 
    [EncryptReceiptNo] => 
    [FinishDate] => 
    [ReceiptDate] => 
    [WebMoneyManagementNo] => 
    [WebMoneySettleCode] => 
    [AuPayInfoNo] => 
    [AuPayMethod] => 
    [AuCancelAmount] => 
    [AuCancelTax] => 
    [DocomoSettlementCode] => 
    [DocomoCancelAmount] => 
    [DocomoCancelTax] => 
    [pay_status] => 13
)
 from 210.175.7.20
2020/07/13 23:37:59 [/shop/user_data/pg_mulpay_recv.php] response:true from 210.175.7.20
