2022/10/03 01:32:10 [/shop/shopping/load_payment_module.php] SendRequest:https://p01.mul-pay.jp/payment/SearchMember.idPass from 149.248.177.17
2022/10/03 01:32:10 [/shop/shopping/load_payment_module.php] Array
(
    [SiteID] => mst0000007602
    [SitePass] => ******
    [MemberID] => 6019
)
 from 149.248.177.17
2022/10/03 01:32:10 [/shop/shopping/load_payment_module.php] ErrCode=E01&ErrInfo=E01390002 from 149.248.177.17
2022/10/03 01:32:10 [/shop/shopping/load_payment_module.php] Array
(
    [0] => Array
        (
            [ErrCode] => E01
            [ErrInfo] => E01390002
        )

)
 from 149.248.177.17
2022/10/03 01:32:10 [/shop/shopping/load_payment_module.php] SendRequest:https://p01.mul-pay.jp/payment/SearchCard.idPass from 149.248.177.17
2022/10/03 01:32:10 [/shop/shopping/load_payment_module.php] Array
(
    [SiteID] => mst0000007602
    [SitePass] => ******
    [MemberID] => 6019
)
 from 149.248.177.17
2022/10/03 01:32:10 [/shop/shopping/load_payment_module.php] ErrCode=E01|E01&ErrInfo=E01390002|E01240002 from 149.248.177.17
2022/10/03 01:32:10 [/shop/shopping/load_payment_module.php] Array
(
    [0] => Array
        (
            [ErrCode] => E01
            [ErrInfo] => E01390002
        )

    [1] => Array
        (
            [ErrCode] => E01
            [ErrInfo] => E01240002
        )

)
 from 149.248.177.17
2022/10/03 01:32:50 [/shop/shopping/load_payment_module.php] SendRequest:https://p01.mul-pay.jp/payment/SearchMember.idPass from 149.248.177.17
2022/10/03 01:32:50 [/shop/shopping/load_payment_module.php] Array
(
    [SiteID] => mst0000007602
    [SitePass] => ******
    [MemberID] => 6019
)
 from 149.248.177.17
2022/10/03 01:32:50 [/shop/shopping/load_payment_module.php] ErrCode=E01&ErrInfo=E01390002 from 149.248.177.17
2022/10/03 01:32:50 [/shop/shopping/load_payment_module.php] Array
(
    [0] => Array
        (
            [ErrCode] => E01
            [ErrInfo] => E01390002
        )

)
 from 149.248.177.17
2022/10/03 01:32:50 [/shop/shopping/load_payment_module.php] SendRequest:https://p01.mul-pay.jp/payment/SearchCard.idPass from 149.248.177.17
2022/10/03 01:32:50 [/shop/shopping/load_payment_module.php] Array
(
    [SiteID] => mst0000007602
    [SitePass] => ******
    [MemberID] => 6019
)
 from 149.248.177.17
2022/10/03 01:32:50 [/shop/shopping/load_payment_module.php] ErrCode=E01|E01&ErrInfo=E01390002|E01240002 from 149.248.177.17
2022/10/03 01:32:50 [/shop/shopping/load_payment_module.php] Array
(
    [0] => Array
        (
            [ErrCode] => E01
            [ErrInfo] => E01390002
        )

    [1] => Array
        (
            [ErrCode] => E01
            [ErrInfo] => E01240002
        )

)
 from 149.248.177.17
2022/10/03 01:32:50 [/shop/shopping/load_payment_module.php] SendRequest:https://p01.mul-pay.jp/payment/EntryTran.idPass from 149.248.177.17
2022/10/03 01:32:50 [/shop/shopping/load_payment_module.php] Array
(
    [ShopID] => 9000034600950
    [ShopPass] => ******
    [OrderID] => 947521-03013250
    [JobCd] => CAPTURE
    [Amount] => 7500
    [TdFlag] => 0
    [TdTenantName] => 
)
 from 149.248.177.17
2022/10/03 01:32:50 [/shop/shopping/load_payment_module.php] AccessID=4f003a21a5a0e24a3d07c82cb0d81053&AccessPass=068359c2e7f0034daf592e58369bbf83 from 149.248.177.17
2022/10/03 01:32:50 [/shop/shopping/load_payment_module.php] Array
(
    [0] => Array
        (
            [AccessID] => 4f003a21a5a0e24a3d07c82cb0d81053
            [AccessPass] => 068359c2e7f0034daf592e58369bbf83
        )

)
 from 149.248.177.17
2022/10/03 01:32:50 [/shop/shopping/load_payment_module.php] load_payment_module.php set payment data:Array
(
    [AccessID] => 4f003a21a5a0e24a3d07c82cb0d81053
    [AccessPass] => 068359c2e7f0034daf592e58369bbf83
    [OrderID] => 947521-03013250
    [Amount] => 7500
    [JobCd] => CAPTURE
    [action_status] => 1
    [pay_status] => 0
)
 from 149.248.177.17
2022/10/03 01:32:50 [/shop/shopping/load_payment_module.php] SendRequest:https://p01.mul-pay.jp/payment/ExecTran.idPass from 149.248.177.17
2022/10/03 01:32:50 [/shop/shopping/load_payment_module.php] Array
(
    [AccessID] => 4f003a21a5a0e24a3d07c82cb0d81053
    [AccessPass] => 068359c2e7f0034daf592e58369bbf83
    [OrderID] => 947521-03013250
    [Method] => 1
    [Token] => 97dac4b15a2c7dba8aac153f3a4f9de927c5d0dc682847d5a714553ebca2ca29
    [ClientField1] => 
    [ClientField2] => 
    [ClientField3] => EC-CUBE4.3.35
)
 from 149.248.177.17
2022/10/03 01:32:50 [/shop/shopping/load_payment_module.php] ACS=0&OrderID=947521-03013250&Forward=2S49631&Method=1&PayTimes=&Approve=0075176&TranID=2210030132602257210134160379&TranDate=20221003013250&CheckString=35c299e6d2e08f25e8bbb67247797e15 from 149.248.177.17
2022/10/03 01:32:50 [/shop/shopping/load_payment_module.php] Array
(
    [0] => Array
        (
            [ACS] => 0
            [OrderID] => 947521-03013250
            [Forward] => 2S49631
            [Method] => 1
            [PayTimes] => 
            [Approve] => 0075176
            [TranID] => 2210030132602257210134160379
            [TranDate] => 20221003013250
            [CheckString] => 35c299e6d2e08f25e8bbb67247797e15
        )

)
 from 149.248.177.17
2022/10/03 01:32:50 [/shop/shopping/load_payment_module.php] load_payment_module.php set payment data:Array
(
    [ACS] => 0
    [Forward] => 2S49631
    [Method] => 1
    [PayTimes] => 
    [Approve] => 0075176
    [TranID] => 2210030132602257210134160379
    [TranDate] => 20221003013250
    [CheckString] => 35c299e6d2e08f25e8bbb67247797e15
    [Amount] => 7500
    [JobCd] => CAPTURE
    [action_status] => 3
    [pay_status] => 13
)
 from 149.248.177.17
2022/10/03 01:32:51 [/shop/user_data/pg_mulpay_recv.php] ******* receiveer data start ******* from 210.175.7.20
2022/10/03 01:32:51 [/shop/user_data/pg_mulpay_recv.php] Array
(
    [ShopID] => 9000034600950
    [ShopPass] => **********
    [AccessID] => 4f003a21a5a0e24a3d07c82cb0d81053
    [AccessPass] => ********************************
    [OrderID] => 947521-03013250
    [Status] => CAPTURE
    [JobCd] => CAPTURE
    [Amount] => 7500
    [Tax] => 0
    [Currency] => JPN
    [Forward] => 2S49631
    [Method] => 1
    [PayTimes] => 
    [TranID] => 2210030132602257210134160379
    [Approve] => 0075176
    [TranDate] => 20221003013250
    [ErrCode] => 
    [ErrInfo] => 
    [PayType] => 0
)
 from 210.175.7.20
2022/10/03 01:32:51 [/shop/user_data/pg_mulpay_recv.php] ******* receiveer data end ******* from 210.175.7.20
2022/10/03 01:32:56 [/shop/user_data/pg_mulpay_recv.php] update order status:1 order_id=947521 from 210.175.7.20
2022/10/03 01:32:56 [/shop/user_data/pg_mulpay_recv.php] pg_mulpay_recv.php set payment data:Array
(
    [ShopID] => 9000034600950
    [AccessID] => 4f003a21a5a0e24a3d07c82cb0d81053
    [OrderID] => 947521-03013250
    [Status] => CAPTURE
    [JobCd] => CAPTURE
    [Amount] => 7500
    [Tax] => 0
    [Currency] => JPN
    [Forward] => 2S49631
    [Method] => 1
    [PayTimes] => 
    [TranID] => 2210030132602257210134160379
    [Approve] => 0075176
    [TranDate] => 20221003013250
    [ErrCode] => 
    [ErrInfo] => 
    [PayType] => 0
    [CvsCode] => 
    [CvsConfNo] => 
    [CvsReceiptNo] => 
    [EdyReceiptNo] => 
    [EdyOrderNo] => 
    [SuicaReceiptNo] => 
    [SuicaOrderNo] => 
    [CustID] => 
    [BkCode] => 
    [ConfNo] => 
    [PaymentTerm] => 
    [EncryptReceiptNo] => 
    [FinishDate] => 
    [ReceiptDate] => 
    [WebMoneyManagementNo] => 
    [WebMoneySettleCode] => 
    [AuPayInfoNo] => 
    [AuPayMethod] => 
    [AuCancelAmount] => 
    [AuCancelTax] => 
    [DocomoSettlementCode] => 
    [DocomoCancelAmount] => 
    [DocomoCancelTax] => 
    [pay_status] => 13
)
 from 210.175.7.20
2022/10/03 01:32:56 [/shop/user_data/pg_mulpay_recv.php] response:true from 210.175.7.20
2022/10/03 07:44:39 [/shop/shopping/load_payment_module.php] SendRequest:https://p01.mul-pay.jp/payment/SearchMember.idPass from 76.172.8.118
2022/10/03 07:44:39 [/shop/shopping/load_payment_module.php] Array
(
    [SiteID] => mst0000007602
    [SitePass] => ******
    [MemberID] => 10806
)
 from 76.172.8.118
2022/10/03 07:44:39 [/shop/shopping/load_payment_module.php] ErrCode=E01&ErrInfo=E01390002 from 76.172.8.118
2022/10/03 07:44:39 [/shop/shopping/load_payment_module.php] Array
(
    [0] => Array
        (
            [ErrCode] => E01
            [ErrInfo] => E01390002
        )

)
 from 76.172.8.118
2022/10/03 07:44:39 [/shop/shopping/load_payment_module.php] SendRequest:https://p01.mul-pay.jp/payment/SearchCard.idPass from 76.172.8.118
2022/10/03 07:44:39 [/shop/shopping/load_payment_module.php] Array
(
    [SiteID] => mst0000007602
    [SitePass] => ******
    [MemberID] => 10806
)
 from 76.172.8.118
2022/10/03 07:44:39 [/shop/shopping/load_payment_module.php] ErrCode=E01|E01&ErrInfo=E01390002|E01240002 from 76.172.8.118
2022/10/03 07:44:39 [/shop/shopping/load_payment_module.php] Array
(
    [0] => Array
        (
            [ErrCode] => E01
            [ErrInfo] => E01390002
        )

    [1] => Array
        (
            [ErrCode] => E01
            [ErrInfo] => E01240002
        )

)
 from 76.172.8.118
2022/10/03 07:50:50 [/shop/shopping/load_payment_module.php] SendRequest:https://p01.mul-pay.jp/payment/SearchMember.idPass from 76.172.8.118
2022/10/03 07:50:50 [/shop/shopping/load_payment_module.php] Array
(
    [SiteID] => mst0000007602
    [SitePass] => ******
    [MemberID] => 10806
)
 from 76.172.8.118
2022/10/03 07:50:50 [/shop/shopping/load_payment_module.php] ErrCode=E01&ErrInfo=E01390002 from 76.172.8.118
2022/10/03 07:50:50 [/shop/shopping/load_payment_module.php] Array
(
    [0] => Array
        (
            [ErrCode] => E01
            [ErrInfo] => E01390002
        )

)
 from 76.172.8.118
2022/10/03 07:50:50 [/shop/shopping/load_payment_module.php] SendRequest:https://p01.mul-pay.jp/payment/SearchCard.idPass from 76.172.8.118
2022/10/03 07:50:50 [/shop/shopping/load_payment_module.php] Array
(
    [SiteID] => mst0000007602
    [SitePass] => ******
    [MemberID] => 10806
)
 from 76.172.8.118
2022/10/03 07:50:50 [/shop/shopping/load_payment_module.php] ErrCode=E01|E01&ErrInfo=E01390002|E01240002 from 76.172.8.118
2022/10/03 07:50:50 [/shop/shopping/load_payment_module.php] Array
(
    [0] => Array
        (
            [ErrCode] => E01
            [ErrInfo] => E01390002
        )

    [1] => Array
        (
            [ErrCode] => E01
            [ErrInfo] => E01240002
        )

)
 from 76.172.8.118
2022/10/03 07:50:50 [/shop/shopping/load_payment_module.php] SendRequest:https://p01.mul-pay.jp/payment/EntryTran.idPass from 76.172.8.118
2022/10/03 07:50:50 [/shop/shopping/load_payment_module.php] Array
(
    [ShopID] => 9000034600950
    [ShopPass] => ******
    [OrderID] => 947522-03075050
    [JobCd] => CAPTURE
    [Amount] => 12550
    [TdFlag] => 0
    [TdTenantName] => 
)
 from 76.172.8.118
2022/10/03 07:50:50 [/shop/shopping/load_payment_module.php] AccessID=b98cccd26527d836a8bb2e480ce2dca1&AccessPass=ae859376a2102a9d7b54ce7256223454 from 76.172.8.118
2022/10/03 07:50:50 [/shop/shopping/load_payment_module.php] Array
(
    [0] => Array
        (
            [AccessID] => b98cccd26527d836a8bb2e480ce2dca1
            [AccessPass] => ae859376a2102a9d7b54ce7256223454
        )

)
 from 76.172.8.118
2022/10/03 07:50:50 [/shop/shopping/load_payment_module.php] load_payment_module.php set payment data:Array
(
    [AccessID] => b98cccd26527d836a8bb2e480ce2dca1
    [AccessPass] => ae859376a2102a9d7b54ce7256223454
    [OrderID] => 947522-03075050
    [Amount] => 12550
    [JobCd] => CAPTURE
    [action_status] => 1
    [pay_status] => 0
)
 from 76.172.8.118
2022/10/03 07:50:50 [/shop/shopping/load_payment_module.php] SendRequest:https://p01.mul-pay.jp/payment/ExecTran.idPass from 76.172.8.118
2022/10/03 07:50:50 [/shop/shopping/load_payment_module.php] Array
(
    [AccessID] => b98cccd26527d836a8bb2e480ce2dca1
    [AccessPass] => ae859376a2102a9d7b54ce7256223454
    [OrderID] => 947522-03075050
    [Method] => 1
    [Token] => 7a73dc5bc141dc17806798242541b1277fb66be315fb9611947c35510e17bf1d
    [ClientField1] => 
    [ClientField2] => 
    [ClientField3] => EC-CUBE4.3.35
)
 from 76.172.8.118
2022/10/03 07:50:51 [/shop/shopping/load_payment_module.php] ACS=0&OrderID=947522-03075050&Forward=2959876&Method=1&PayTimes=&Approve=0015379&TranID=2210030750602257210134180389&TranDate=20221003075051&CheckString=a78dad136b11476c03aab1c3074ab07b from 76.172.8.118
2022/10/03 07:50:51 [/shop/shopping/load_payment_module.php] Array
(
    [0] => Array
        (
            [ACS] => 0
            [OrderID] => 947522-03075050
            [Forward] => 2959876
            [Method] => 1
            [PayTimes] => 
            [Approve] => 0015379
            [TranID] => 2210030750602257210134180389
            [TranDate] => 20221003075051
            [CheckString] => a78dad136b11476c03aab1c3074ab07b
        )

)
 from 76.172.8.118
2022/10/03 07:50:51 [/shop/shopping/load_payment_module.php] load_payment_module.php set payment data:Array
(
    [ACS] => 0
    [Forward] => 2959876
    [Method] => 1
    [PayTimes] => 
    [Approve] => 0015379
    [TranID] => 2210030750602257210134180389
    [TranDate] => 20221003075051
    [CheckString] => a78dad136b11476c03aab1c3074ab07b
    [Amount] => 12550
    [JobCd] => CAPTURE
    [action_status] => 3
    [pay_status] => 13
)
 from 76.172.8.118
2022/10/03 07:50:51 [/shop/user_data/pg_mulpay_recv.php] ******* receiveer data start ******* from 210.175.7.20
2022/10/03 07:50:51 [/shop/user_data/pg_mulpay_recv.php] Array
(
    [ShopID] => 9000034600950
    [ShopPass] => **********
    [AccessID] => b98cccd26527d836a8bb2e480ce2dca1
    [AccessPass] => ********************************
    [OrderID] => 947522-03075050
    [Status] => CAPTURE
    [JobCd] => CAPTURE
    [Amount] => 12550
    [Tax] => 0
    [Currency] => JPN
    [Forward] => 2959876
    [Method] => 1
    [PayTimes] => 
    [TranID] => 2210030750602257210134180389
    [Approve] => 0015379
    [TranDate] => 20221003075051
    [ErrCode] => 
    [ErrInfo] => 
    [PayType] => 0
)
 from 210.175.7.20
2022/10/03 07:50:51 [/shop/user_data/pg_mulpay_recv.php] ******* receiveer data end ******* from 210.175.7.20
2022/10/03 07:50:56 [/shop/user_data/pg_mulpay_recv.php] update order status:1 order_id=947522 from 210.175.7.20
2022/10/03 07:50:56 [/shop/user_data/pg_mulpay_recv.php] pg_mulpay_recv.php set payment data:Array
(
    [ShopID] => 9000034600950
    [AccessID] => b98cccd26527d836a8bb2e480ce2dca1
    [OrderID] => 947522-03075050
    [Status] => CAPTURE
    [JobCd] => CAPTURE
    [Amount] => 12550
    [Tax] => 0
    [Currency] => JPN
    [Forward] => 2959876
    [Method] => 1
    [PayTimes] => 
    [TranID] => 2210030750602257210134180389
    [Approve] => 0015379
    [TranDate] => 20221003075051
    [ErrCode] => 
    [ErrInfo] => 
    [PayType] => 0
    [CvsCode] => 
    [CvsConfNo] => 
    [CvsReceiptNo] => 
    [EdyReceiptNo] => 
    [EdyOrderNo] => 
    [SuicaReceiptNo] => 
    [SuicaOrderNo] => 
    [CustID] => 
    [BkCode] => 
    [ConfNo] => 
    [PaymentTerm] => 
    [EncryptReceiptNo] => 
    [FinishDate] => 
    [ReceiptDate] => 
    [WebMoneyManagementNo] => 
    [WebMoneySettleCode] => 
    [AuPayInfoNo] => 
    [AuPayMethod] => 
    [AuCancelAmount] => 
    [AuCancelTax] => 
    [DocomoSettlementCode] => 
    [DocomoCancelAmount] => 
    [DocomoCancelTax] => 
    [pay_status] => 13
)
 from 210.175.7.20
2022/10/03 07:50:56 [/shop/user_data/pg_mulpay_recv.php] response:true from 210.175.7.20
2022/10/03 08:16:27 [/shop/shopping/load_payment_module.php] SendRequest:https://p01.mul-pay.jp/payment/EntryTran.idPass from 204.130.6.8
2022/10/03 08:16:27 [/shop/shopping/load_payment_module.php] Array
(
    [ShopID] => 9000034600950
    [ShopPass] => ******
    [OrderID] => 947523-03081627
    [JobCd] => CAPTURE
    [Amount] => 16290
    [TdFlag] => 0
    [TdTenantName] => 
)
 from 204.130.6.8
2022/10/03 08:16:27 [/shop/shopping/load_payment_module.php] AccessID=44b05b7155c5a49ef16e8af66addd1c4&AccessPass=c8ef3459cdf18c222df5139b11036164 from 204.130.6.8
2022/10/03 08:16:27 [/shop/shopping/load_payment_module.php] Array
(
    [0] => Array
        (
            [AccessID] => 44b05b7155c5a49ef16e8af66addd1c4
            [AccessPass] => c8ef3459cdf18c222df5139b11036164
        )

)
 from 204.130.6.8
2022/10/03 08:16:27 [/shop/shopping/load_payment_module.php] load_payment_module.php set payment data:Array
(
    [AccessID] => 44b05b7155c5a49ef16e8af66addd1c4
    [AccessPass] => c8ef3459cdf18c222df5139b11036164
    [OrderID] => 947523-03081627
    [Amount] => 16290
    [JobCd] => CAPTURE
    [action_status] => 1
    [pay_status] => 0
)
 from 204.130.6.8
2022/10/03 08:16:27 [/shop/shopping/load_payment_module.php] SendRequest:https://p01.mul-pay.jp/payment/ExecTran.idPass from 204.130.6.8
2022/10/03 08:16:27 [/shop/shopping/load_payment_module.php] Array
(
    [AccessID] => 44b05b7155c5a49ef16e8af66addd1c4
    [AccessPass] => c8ef3459cdf18c222df5139b11036164
    [OrderID] => 947523-03081627
    [Method] => 1
    [Token] => 9a1255a1bc58655b50db3353f1dcfde4170f9fa79a258d0e909aeff66e390dfb
    [ClientField1] => 
    [ClientField2] => 
    [ClientField3] => EC-CUBE4.3.35
)
 from 204.130.6.8
2022/10/03 08:16:28 [/shop/shopping/load_payment_module.php] ACS=0&OrderID=947523-03081627&Forward=2S49631&Method=1&PayTimes=&Approve=0020561&TranID=2210030816602257210134160380&TranDate=20221003081628&CheckString=0c0ec48c081c69b95ec456a35fa3ec64 from 204.130.6.8
2022/10/03 08:16:28 [/shop/shopping/load_payment_module.php] Array
(
    [0] => Array
        (
            [ACS] => 0
            [OrderID] => 947523-03081627
            [Forward] => 2S49631
            [Method] => 1
            [PayTimes] => 
            [Approve] => 0020561
            [TranID] => 2210030816602257210134160380
            [TranDate] => 20221003081628
            [CheckString] => 0c0ec48c081c69b95ec456a35fa3ec64
        )

)
 from 204.130.6.8
2022/10/03 08:16:28 [/shop/shopping/load_payment_module.php] load_payment_module.php set payment data:Array
(
    [ACS] => 0
    [Forward] => 2S49631
    [Method] => 1
    [PayTimes] => 
    [Approve] => 0020561
    [TranID] => 2210030816602257210134160380
    [TranDate] => 20221003081628
    [CheckString] => 0c0ec48c081c69b95ec456a35fa3ec64
    [Amount] => 16290
    [JobCd] => CAPTURE
    [action_status] => 3
    [pay_status] => 13
)
 from 204.130.6.8
2022/10/03 08:16:28 [/shop/user_data/pg_mulpay_recv.php] ******* receiveer data start ******* from 210.175.7.20
2022/10/03 08:16:28 [/shop/user_data/pg_mulpay_recv.php] Array
(
    [ShopID] => 9000034600950
    [ShopPass] => **********
    [AccessID] => 44b05b7155c5a49ef16e8af66addd1c4
    [AccessPass] => ********************************
    [OrderID] => 947523-03081627
    [Status] => CAPTURE
    [JobCd] => CAPTURE
    [Amount] => 16290
    [Tax] => 0
    [Currency] => JPN
    [Forward] => 2S49631
    [Method] => 1
    [PayTimes] => 
    [TranID] => 2210030816602257210134160380
    [Approve] => 0020561
    [TranDate] => 20221003081628
    [ErrCode] => 
    [ErrInfo] => 
    [PayType] => 0
)
 from 210.175.7.20
2022/10/03 08:16:28 [/shop/user_data/pg_mulpay_recv.php] ******* receiveer data end ******* from 210.175.7.20
2022/10/03 08:16:33 [/shop/user_data/pg_mulpay_recv.php] update order status:1 order_id=947523 from 210.175.7.20
2022/10/03 08:16:33 [/shop/user_data/pg_mulpay_recv.php] pg_mulpay_recv.php set payment data:Array
(
    [ShopID] => 9000034600950
    [AccessID] => 44b05b7155c5a49ef16e8af66addd1c4
    [OrderID] => 947523-03081627
    [Status] => CAPTURE
    [JobCd] => CAPTURE
    [Amount] => 16290
    [Tax] => 0
    [Currency] => JPN
    [Forward] => 2S49631
    [Method] => 1
    [PayTimes] => 
    [TranID] => 2210030816602257210134160380
    [Approve] => 0020561
    [TranDate] => 20221003081628
    [ErrCode] => 
    [ErrInfo] => 
    [PayType] => 0
    [CvsCode] => 
    [CvsConfNo] => 
    [CvsReceiptNo] => 
    [EdyReceiptNo] => 
    [EdyOrderNo] => 
    [SuicaReceiptNo] => 
    [SuicaOrderNo] => 
    [CustID] => 
    [BkCode] => 
    [ConfNo] => 
    [PaymentTerm] => 
    [EncryptReceiptNo] => 
    [FinishDate] => 
    [ReceiptDate] => 
    [WebMoneyManagementNo] => 
    [WebMoneySettleCode] => 
    [AuPayInfoNo] => 
    [AuPayMethod] => 
    [AuCancelAmount] => 
    [AuCancelTax] => 
    [DocomoSettlementCode] => 
    [DocomoCancelAmount] => 
    [DocomoCancelTax] => 
    [pay_status] => 13
)
 from 210.175.7.20
2022/10/03 08:16:33 [/shop/user_data/pg_mulpay_recv.php] response:true from 210.175.7.20
2022/10/03 09:55:46 [/shop/shopping/load_payment_module.php] SendRequest:https://p01.mul-pay.jp/payment/EntryTran.idPass from 130.76.24.16
2022/10/03 09:55:46 [/shop/shopping/load_payment_module.php] Array
(
    [ShopID] => 9000034600950
    [ShopPass] => ******
    [OrderID] => 947524-03095546
    [JobCd] => CAPTURE
    [Amount] => 1960
    [TdFlag] => 0
    [TdTenantName] => 
)
 from 130.76.24.16
2022/10/03 09:55:46 [/shop/shopping/load_payment_module.php] AccessID=78adc374b0b2dce4e5513fe099143cbc&AccessPass=cc3adda7947b0e5f36c5f81846173346 from 130.76.24.16
2022/10/03 09:55:46 [/shop/shopping/load_payment_module.php] Array
(
    [0] => Array
        (
            [AccessID] => 78adc374b0b2dce4e5513fe099143cbc
            [AccessPass] => cc3adda7947b0e5f36c5f81846173346
        )

)
 from 130.76.24.16
2022/10/03 09:55:46 [/shop/shopping/load_payment_module.php] load_payment_module.php set payment data:Array
(
    [AccessID] => 78adc374b0b2dce4e5513fe099143cbc
    [AccessPass] => cc3adda7947b0e5f36c5f81846173346
    [OrderID] => 947524-03095546
    [Amount] => 1960
    [JobCd] => CAPTURE
    [action_status] => 1
    [pay_status] => 0
)
 from 130.76.24.16
2022/10/03 09:55:46 [/shop/shopping/load_payment_module.php] SendRequest:https://p01.mul-pay.jp/payment/ExecTran.idPass from 130.76.24.16
2022/10/03 09:55:46 [/shop/shopping/load_payment_module.php] Array
(
    [AccessID] => 78adc374b0b2dce4e5513fe099143cbc
    [AccessPass] => cc3adda7947b0e5f36c5f81846173346
    [OrderID] => 947524-03095546
    [Method] => 1
    [Token] => 009ea9cf217ed4ab66fb285b13a7b77692e8edcf0250c7351bf363acb3287be0
    [ClientField1] => 
    [ClientField2] => 
    [ClientField3] => EC-CUBE4.3.35
)
 from 130.76.24.16
2022/10/03 09:55:46 [/shop/shopping/load_payment_module.php] ACS=0&OrderID=947524-03095546&Forward=2959876&Method=1&PayTimes=&Approve=0077094&TranID=2210030955602257210134180390&TranDate=20221003095546&CheckString=b7bf5ef5bc1c223ed8927e6329e7bfa5 from 130.76.24.16
2022/10/03 09:55:46 [/shop/shopping/load_payment_module.php] Array
(
    [0] => Array
        (
            [ACS] => 0
            [OrderID] => 947524-03095546
            [Forward] => 2959876
            [Method] => 1
            [PayTimes] => 
            [Approve] => 0077094
            [TranID] => 2210030955602257210134180390
            [TranDate] => 20221003095546
            [CheckString] => b7bf5ef5bc1c223ed8927e6329e7bfa5
        )

)
 from 130.76.24.16
2022/10/03 09:55:46 [/shop/shopping/load_payment_module.php] load_payment_module.php set payment data:Array
(
    [ACS] => 0
    [Forward] => 2959876
    [Method] => 1
    [PayTimes] => 
    [Approve] => 0077094
    [TranID] => 2210030955602257210134180390
    [TranDate] => 20221003095546
    [CheckString] => b7bf5ef5bc1c223ed8927e6329e7bfa5
    [Amount] => 1960
    [JobCd] => CAPTURE
    [action_status] => 3
    [pay_status] => 13
)
 from 130.76.24.16
2022/10/03 09:55:47 [/shop/user_data/pg_mulpay_recv.php] ******* receiveer data start ******* from 210.175.7.20
2022/10/03 09:55:47 [/shop/user_data/pg_mulpay_recv.php] Array
(
    [ShopID] => 9000034600950
    [ShopPass] => **********
    [AccessID] => 78adc374b0b2dce4e5513fe099143cbc
    [AccessPass] => ********************************
    [OrderID] => 947524-03095546
    [Status] => CAPTURE
    [JobCd] => CAPTURE
    [Amount] => 1960
    [Tax] => 0
    [Currency] => JPN
    [Forward] => 2959876
    [Method] => 1
    [PayTimes] => 
    [TranID] => 2210030955602257210134180390
    [Approve] => 0077094
    [TranDate] => 20221003095546
    [ErrCode] => 
    [ErrInfo] => 
    [PayType] => 0
)
 from 210.175.7.20
2022/10/03 09:55:47 [/shop/user_data/pg_mulpay_recv.php] ******* receiveer data end ******* from 210.175.7.20
2022/10/03 09:55:52 [/shop/user_data/pg_mulpay_recv.php] update order status:1 order_id=947524 from 210.175.7.20
2022/10/03 09:55:52 [/shop/user_data/pg_mulpay_recv.php] pg_mulpay_recv.php set payment data:Array
(
    [ShopID] => 9000034600950
    [AccessID] => 78adc374b0b2dce4e5513fe099143cbc
    [OrderID] => 947524-03095546
    [Status] => CAPTURE
    [JobCd] => CAPTURE
    [Amount] => 1960
    [Tax] => 0
    [Currency] => JPN
    [Forward] => 2959876
    [Method] => 1
    [PayTimes] => 
    [TranID] => 2210030955602257210134180390
    [Approve] => 0077094
    [TranDate] => 20221003095546
    [ErrCode] => 
    [ErrInfo] => 
    [PayType] => 0
    [CvsCode] => 
    [CvsConfNo] => 
    [CvsReceiptNo] => 
    [EdyReceiptNo] => 
    [EdyOrderNo] => 
    [SuicaReceiptNo] => 
    [SuicaOrderNo] => 
    [CustID] => 
    [BkCode] => 
    [ConfNo] => 
    [PaymentTerm] => 
    [EncryptReceiptNo] => 
    [FinishDate] => 
    [ReceiptDate] => 
    [WebMoneyManagementNo] => 
    [WebMoneySettleCode] => 
    [AuPayInfoNo] => 
    [AuPayMethod] => 
    [AuCancelAmount] => 
    [AuCancelTax] => 
    [DocomoSettlementCode] => 
    [DocomoCancelAmount] => 
    [DocomoCancelTax] => 
    [pay_status] => 13
)
 from 210.175.7.20
2022/10/03 09:55:52 [/shop/user_data/pg_mulpay_recv.php] response:true from 210.175.7.20
2022/10/03 12:38:00 [/shop/shopping/load_payment_module.php] SendRequest:https://p01.mul-pay.jp/payment/EntryTran.idPass from 219.59.149.78
2022/10/03 12:38:00 [/shop/shopping/load_payment_module.php] Array
(
    [ShopID] => 9000034600950
    [ShopPass] => ******
    [OrderID] => 947525-03123800
    [JobCd] => CAPTURE
    [Amount] => 8450
    [TdFlag] => 0
    [TdTenantName] => 
)
 from 219.59.149.78
2022/10/03 12:38:00 [/shop/shopping/load_payment_module.php] AccessID=ea7e6a4cd8e2f540c411d6ae18a4bbfd&AccessPass=d3e3bf82333701b97b83bf76f5c9f06c from 219.59.149.78
2022/10/03 12:38:00 [/shop/shopping/load_payment_module.php] Array
(
    [0] => Array
        (
            [AccessID] => ea7e6a4cd8e2f540c411d6ae18a4bbfd
            [AccessPass] => d3e3bf82333701b97b83bf76f5c9f06c
        )

)
 from 219.59.149.78
2022/10/03 12:38:00 [/shop/shopping/load_payment_module.php] load_payment_module.php set payment data:Array
(
    [AccessID] => ea7e6a4cd8e2f540c411d6ae18a4bbfd
    [AccessPass] => d3e3bf82333701b97b83bf76f5c9f06c
    [OrderID] => 947525-03123800
    [Amount] => 8450
    [JobCd] => CAPTURE
    [action_status] => 1
    [pay_status] => 0
)
 from 219.59.149.78
2022/10/03 12:38:00 [/shop/shopping/load_payment_module.php] SendRequest:https://p01.mul-pay.jp/payment/ExecTran.idPass from 219.59.149.78
2022/10/03 12:38:00 [/shop/shopping/load_payment_module.php] Array
(
    [AccessID] => ea7e6a4cd8e2f540c411d6ae18a4bbfd
    [AccessPass] => d3e3bf82333701b97b83bf76f5c9f06c
    [OrderID] => 947525-03123800
    [Method] => 1
    [Token] => 1f5f5d89b01b03b9cac333aa3597d9706ef717d9d098b409e9fb9be5fbf057e0
    [ClientField1] => 
    [ClientField2] => 
    [ClientField3] => EC-CUBE4.3.35
)
 from 219.59.149.78
2022/10/03 12:38:02 [/shop/shopping/load_payment_module.php] ACS=0&OrderID=947525-03123800&Forward=2959876&Method=1&PayTimes=&Approve=0345441&TranID=2210031238602257210134180391&TranDate=20221003123802&CheckString=34813d8efc2173257334b5d060b9e5ae from 219.59.149.78
2022/10/03 12:38:02 [/shop/shopping/load_payment_module.php] Array
(
    [0] => Array
        (
            [ACS] => 0
            [OrderID] => 947525-03123800
            [Forward] => 2959876
            [Method] => 1
            [PayTimes] => 
            [Approve] => 0345441
            [TranID] => 2210031238602257210134180391
            [TranDate] => 20221003123802
            [CheckString] => 34813d8efc2173257334b5d060b9e5ae
        )

)
 from 219.59.149.78
2022/10/03 12:38:02 [/shop/shopping/load_payment_module.php] load_payment_module.php set payment data:Array
(
    [ACS] => 0
    [Forward] => 2959876
    [Method] => 1
    [PayTimes] => 
    [Approve] => 0345441
    [TranID] => 2210031238602257210134180391
    [TranDate] => 20221003123802
    [CheckString] => 34813d8efc2173257334b5d060b9e5ae
    [Amount] => 8450
    [JobCd] => CAPTURE
    [action_status] => 3
    [pay_status] => 13
)
 from 219.59.149.78
2022/10/03 12:38:03 [/shop/user_data/pg_mulpay_recv.php] ******* receiveer data start ******* from 210.175.7.20
2022/10/03 12:38:03 [/shop/user_data/pg_mulpay_recv.php] Array
(
    [ShopID] => 9000034600950
    [ShopPass] => **********
    [AccessID] => ea7e6a4cd8e2f540c411d6ae18a4bbfd
    [AccessPass] => ********************************
    [OrderID] => 947525-03123800
    [Status] => CAPTURE
    [JobCd] => CAPTURE
    [Amount] => 8450
    [Tax] => 0
    [Currency] => JPN
    [Forward] => 2959876
    [Method] => 1
    [PayTimes] => 
    [TranID] => 2210031238602257210134180391
    [Approve] => 0345441
    [TranDate] => 20221003123802
    [ErrCode] => 
    [ErrInfo] => 
    [PayType] => 0
)
 from 210.175.7.20
2022/10/03 12:38:03 [/shop/user_data/pg_mulpay_recv.php] ******* receiveer data end ******* from 210.175.7.20
2022/10/03 12:38:08 [/shop/user_data/pg_mulpay_recv.php] update order status:1 order_id=947525 from 210.175.7.20
2022/10/03 12:38:08 [/shop/user_data/pg_mulpay_recv.php] pg_mulpay_recv.php set payment data:Array
(
    [ShopID] => 9000034600950
    [AccessID] => ea7e6a4cd8e2f540c411d6ae18a4bbfd
    [OrderID] => 947525-03123800
    [Status] => CAPTURE
    [JobCd] => CAPTURE
    [Amount] => 8450
    [Tax] => 0
    [Currency] => JPN
    [Forward] => 2959876
    [Method] => 1
    [PayTimes] => 
    [TranID] => 2210031238602257210134180391
    [Approve] => 0345441
    [TranDate] => 20221003123802
    [ErrCode] => 
    [ErrInfo] => 
    [PayType] => 0
    [CvsCode] => 
    [CvsConfNo] => 
    [CvsReceiptNo] => 
    [EdyReceiptNo] => 
    [EdyOrderNo] => 
    [SuicaReceiptNo] => 
    [SuicaOrderNo] => 
    [CustID] => 
    [BkCode] => 
    [ConfNo] => 
    [PaymentTerm] => 
    [EncryptReceiptNo] => 
    [FinishDate] => 
    [ReceiptDate] => 
    [WebMoneyManagementNo] => 
    [WebMoneySettleCode] => 
    [AuPayInfoNo] => 
    [AuPayMethod] => 
    [AuCancelAmount] => 
    [AuCancelTax] => 
    [DocomoSettlementCode] => 
    [DocomoCancelAmount] => 
    [DocomoCancelTax] => 
    [pay_status] => 13
)
 from 210.175.7.20
2022/10/03 12:38:08 [/shop/user_data/pg_mulpay_recv.php] response:true from 210.175.7.20
2022/10/03 15:29:44 [/shop/shopping/load_payment_module.php] SendRequest:https://p01.mul-pay.jp/payment/SearchMember.idPass from 157.82.194.10
2022/10/03 15:29:44 [/shop/shopping/load_payment_module.php] Array
(
    [SiteID] => mst0000007602
    [SitePass] => ******
    [MemberID] => 10807
)
 from 157.82.194.10
2022/10/03 15:29:45 [/shop/shopping/load_payment_module.php] ErrCode=E01&ErrInfo=E01390002 from 157.82.194.10
2022/10/03 15:29:45 [/shop/shopping/load_payment_module.php] Array
(
    [0] => Array
        (
            [ErrCode] => E01
            [ErrInfo] => E01390002
        )

)
 from 157.82.194.10
2022/10/03 15:29:45 [/shop/shopping/load_payment_module.php] SendRequest:https://p01.mul-pay.jp/payment/SearchCard.idPass from 157.82.194.10
2022/10/03 15:29:45 [/shop/shopping/load_payment_module.php] Array
(
    [SiteID] => mst0000007602
    [SitePass] => ******
    [MemberID] => 10807
)
 from 157.82.194.10
2022/10/03 15:29:45 [/shop/shopping/load_payment_module.php] ErrCode=E01|E01&ErrInfo=E01390002|E01240002 from 157.82.194.10
2022/10/03 15:29:45 [/shop/shopping/load_payment_module.php] Array
(
    [0] => Array
        (
            [ErrCode] => E01
            [ErrInfo] => E01390002
        )

    [1] => Array
        (
            [ErrCode] => E01
            [ErrInfo] => E01240002
        )

)
 from 157.82.194.10
2022/10/03 15:31:15 [/shop/shopping/load_payment_module.php] SendRequest:https://p01.mul-pay.jp/payment/SearchMember.idPass from 157.82.194.10
2022/10/03 15:31:15 [/shop/shopping/load_payment_module.php] Array
(
    [SiteID] => mst0000007602
    [SitePass] => ******
    [MemberID] => 10807
)
 from 157.82.194.10
2022/10/03 15:31:16 [/shop/shopping/load_payment_module.php] ErrCode=E01&ErrInfo=E01390002 from 157.82.194.10
2022/10/03 15:31:16 [/shop/shopping/load_payment_module.php] Array
(
    [0] => Array
        (
            [ErrCode] => E01
            [ErrInfo] => E01390002
        )

)
 from 157.82.194.10
2022/10/03 15:31:16 [/shop/shopping/load_payment_module.php] SendRequest:https://p01.mul-pay.jp/payment/SearchCard.idPass from 157.82.194.10
2022/10/03 15:31:16 [/shop/shopping/load_payment_module.php] Array
(
    [SiteID] => mst0000007602
    [SitePass] => ******
    [MemberID] => 10807
)
 from 157.82.194.10
2022/10/03 15:31:16 [/shop/shopping/load_payment_module.php] ErrCode=E01|E01&ErrInfo=E01390002|E01240002 from 157.82.194.10
2022/10/03 15:31:16 [/shop/shopping/load_payment_module.php] Array
(
    [0] => Array
        (
            [ErrCode] => E01
            [ErrInfo] => E01390002
        )

    [1] => Array
        (
            [ErrCode] => E01
            [ErrInfo] => E01240002
        )

)
 from 157.82.194.10
2022/10/03 15:31:16 [/shop/shopping/load_payment_module.php] SendRequest:https://p01.mul-pay.jp/payment/EntryTran.idPass from 157.82.194.10
2022/10/03 15:31:16 [/shop/shopping/load_payment_module.php] Array
(
    [ShopID] => 9000034600950
    [ShopPass] => ******
    [OrderID] => 947526-03153116
    [JobCd] => CAPTURE
    [Amount] => 28700
    [TdFlag] => 0
    [TdTenantName] => 
)
 from 157.82.194.10
2022/10/03 15:31:16 [/shop/shopping/load_payment_module.php] AccessID=311b3e664805ff6763fa7161be8c235a&AccessPass=a9377d3e8cdd9a4a57929ebe60bfa57f from 157.82.194.10
2022/10/03 15:31:16 [/shop/shopping/load_payment_module.php] Array
(
    [0] => Array
        (
            [AccessID] => 311b3e664805ff6763fa7161be8c235a
            [AccessPass] => a9377d3e8cdd9a4a57929ebe60bfa57f
        )

)
 from 157.82.194.10
2022/10/03 15:31:16 [/shop/shopping/load_payment_module.php] load_payment_module.php set payment data:Array
(
    [AccessID] => 311b3e664805ff6763fa7161be8c235a
    [AccessPass] => a9377d3e8cdd9a4a57929ebe60bfa57f
    [OrderID] => 947526-03153116
    [Amount] => 28700
    [JobCd] => CAPTURE
    [action_status] => 1
    [pay_status] => 0
)
 from 157.82.194.10
2022/10/03 15:31:16 [/shop/shopping/load_payment_module.php] SendRequest:https://p01.mul-pay.jp/payment/ExecTran.idPass from 157.82.194.10
2022/10/03 15:31:16 [/shop/shopping/load_payment_module.php] Array
(
    [AccessID] => 311b3e664805ff6763fa7161be8c235a
    [AccessPass] => a9377d3e8cdd9a4a57929ebe60bfa57f
    [OrderID] => 947526-03153116
    [Method] => 1
    [Token] => 44911798d6eddeb13bd51070254e4794aedf7053955378108ded56fcfaf1051e
    [ClientField1] => 
    [ClientField2] => 
    [ClientField3] => EC-CUBE4.3.35
)
 from 157.82.194.10
2022/10/03 15:31:16 [/shop/shopping/load_payment_module.php] ACS=0&OrderID=947526-03153116&Forward=2959876&Method=1&PayTimes=&Approve=0326164&TranID=2210031531602257210134170393&TranDate=20221003153116&CheckString=c082e5a0ccbfdf381070018a4d4a6d78 from 157.82.194.10
2022/10/03 15:31:16 [/shop/shopping/load_payment_module.php] Array
(
    [0] => Array
        (
            [ACS] => 0
            [OrderID] => 947526-03153116
            [Forward] => 2959876
            [Method] => 1
            [PayTimes] => 
            [Approve] => 0326164
            [TranID] => 2210031531602257210134170393
            [TranDate] => 20221003153116
            [CheckString] => c082e5a0ccbfdf381070018a4d4a6d78
        )

)
 from 157.82.194.10
2022/10/03 15:31:16 [/shop/shopping/load_payment_module.php] load_payment_module.php set payment data:Array
(
    [ACS] => 0
    [Forward] => 2959876
    [Method] => 1
    [PayTimes] => 
    [Approve] => 0326164
    [TranID] => 2210031531602257210134170393
    [TranDate] => 20221003153116
    [CheckString] => c082e5a0ccbfdf381070018a4d4a6d78
    [Amount] => 28700
    [JobCd] => CAPTURE
    [action_status] => 3
    [pay_status] => 13
)
 from 157.82.194.10
2022/10/03 15:31:17 [/shop/user_data/pg_mulpay_recv.php] ******* receiveer data start ******* from 210.175.7.20
2022/10/03 15:31:17 [/shop/user_data/pg_mulpay_recv.php] Array
(
    [ShopID] => 9000034600950
    [ShopPass] => **********
    [AccessID] => 311b3e664805ff6763fa7161be8c235a
    [AccessPass] => ********************************
    [OrderID] => 947526-03153116
    [Status] => CAPTURE
    [JobCd] => CAPTURE
    [Amount] => 28700
    [Tax] => 0
    [Currency] => JPN
    [Forward] => 2959876
    [Method] => 1
    [PayTimes] => 
    [TranID] => 2210031531602257210134170393
    [Approve] => 0326164
    [TranDate] => 20221003153116
    [ErrCode] => 
    [ErrInfo] => 
    [PayType] => 0
)
 from 210.175.7.20
2022/10/03 15:31:17 [/shop/user_data/pg_mulpay_recv.php] ******* receiveer data end ******* from 210.175.7.20
2022/10/03 15:31:22 [/shop/user_data/pg_mulpay_recv.php] update order status:1 order_id=947526 from 210.175.7.20
2022/10/03 15:31:22 [/shop/user_data/pg_mulpay_recv.php] pg_mulpay_recv.php set payment data:Array
(
    [ShopID] => 9000034600950
    [AccessID] => 311b3e664805ff6763fa7161be8c235a
    [OrderID] => 947526-03153116
    [Status] => CAPTURE
    [JobCd] => CAPTURE
    [Amount] => 28700
    [Tax] => 0
    [Currency] => JPN
    [Forward] => 2959876
    [Method] => 1
    [PayTimes] => 
    [TranID] => 2210031531602257210134170393
    [Approve] => 0326164
    [TranDate] => 20221003153116
    [ErrCode] => 
    [ErrInfo] => 
    [PayType] => 0
    [CvsCode] => 
    [CvsConfNo] => 
    [CvsReceiptNo] => 
    [EdyReceiptNo] => 
    [EdyOrderNo] => 
    [SuicaReceiptNo] => 
    [SuicaOrderNo] => 
    [CustID] => 
    [BkCode] => 
    [ConfNo] => 
    [PaymentTerm] => 
    [EncryptReceiptNo] => 
    [FinishDate] => 
    [ReceiptDate] => 
    [WebMoneyManagementNo] => 
    [WebMoneySettleCode] => 
    [AuPayInfoNo] => 
    [AuPayMethod] => 
    [AuCancelAmount] => 
    [AuCancelTax] => 
    [DocomoSettlementCode] => 
    [DocomoCancelAmount] => 
    [DocomoCancelTax] => 
    [pay_status] => 13
)
 from 210.175.7.20
2022/10/03 15:31:22 [/shop/user_data/pg_mulpay_recv.php] response:true from 210.175.7.20
2022/10/03 15:40:46 [/shop/shopping/load_payment_module.php] SendRequest:https://p01.mul-pay.jp/payment/EntryTran.idPass from 23.114.210.254
2022/10/03 15:40:46 [/shop/shopping/load_payment_module.php] Array
(
    [ShopID] => 9000034600950
    [ShopPass] => ******
    [OrderID] => 947527-03154046
    [JobCd] => CAPTURE
    [Amount] => 6120
    [TdFlag] => 0
    [TdTenantName] => 
)
 from 23.114.210.254
2022/10/03 15:40:46 [/shop/shopping/load_payment_module.php] AccessID=bf4d967fadc33496ebde653daffc4181&AccessPass=86c811915ba77f7fe4a901f36a45d348 from 23.114.210.254
2022/10/03 15:40:46 [/shop/shopping/load_payment_module.php] Array
(
    [0] => Array
        (
            [AccessID] => bf4d967fadc33496ebde653daffc4181
            [AccessPass] => 86c811915ba77f7fe4a901f36a45d348
        )

)
 from 23.114.210.254
2022/10/03 15:40:46 [/shop/shopping/load_payment_module.php] load_payment_module.php set payment data:Array
(
    [AccessID] => bf4d967fadc33496ebde653daffc4181
    [AccessPass] => 86c811915ba77f7fe4a901f36a45d348
    [OrderID] => 947527-03154046
    [Amount] => 6120
    [JobCd] => CAPTURE
    [action_status] => 1
    [pay_status] => 0
)
 from 23.114.210.254
2022/10/03 15:40:46 [/shop/shopping/load_payment_module.php] SendRequest:https://p01.mul-pay.jp/payment/ExecTran.idPass from 23.114.210.254
2022/10/03 15:40:46 [/shop/shopping/load_payment_module.php] Array
(
    [AccessID] => bf4d967fadc33496ebde653daffc4181
    [AccessPass] => 86c811915ba77f7fe4a901f36a45d348
    [OrderID] => 947527-03154046
    [Method] => 1
    [Token] => ea85f4ab4fdbabf9996580ad7a1aa2d85e89e6a048fdc3edab6cbf93fb36685c
    [ClientField1] => 
    [ClientField2] => 
    [ClientField3] => EC-CUBE4.3.35
)
 from 23.114.210.254
2022/10/03 15:40:48 [/shop/shopping/load_payment_module.php] ACS=0&OrderID=947527-03154046&Forward=2a99661&Method=1&PayTimes=&Approve=0295177&TranID=2210031540602257210134150365&TranDate=20221003154048&CheckString=d973755b50748d0015fdff765f99dfe7 from 23.114.210.254
2022/10/03 15:40:48 [/shop/shopping/load_payment_module.php] Array
(
    [0] => Array
        (
            [ACS] => 0
            [OrderID] => 947527-03154046
            [Forward] => 2a99661
            [Method] => 1
            [PayTimes] => 
            [Approve] => 0295177
            [TranID] => 2210031540602257210134150365
            [TranDate] => 20221003154048
            [CheckString] => d973755b50748d0015fdff765f99dfe7
        )

)
 from 23.114.210.254
2022/10/03 15:40:48 [/shop/shopping/load_payment_module.php] load_payment_module.php set payment data:Array
(
    [ACS] => 0
    [Forward] => 2a99661
    [Method] => 1
    [PayTimes] => 
    [Approve] => 0295177
    [TranID] => 2210031540602257210134150365
    [TranDate] => 20221003154048
    [CheckString] => d973755b50748d0015fdff765f99dfe7
    [Amount] => 6120
    [JobCd] => CAPTURE
    [action_status] => 3
    [pay_status] => 13
)
 from 23.114.210.254
2022/10/03 15:40:48 [/shop/user_data/pg_mulpay_recv.php] ******* receiveer data start ******* from 210.175.7.20
2022/10/03 15:40:48 [/shop/user_data/pg_mulpay_recv.php] Array
(
    [ShopID] => 9000034600950
    [ShopPass] => **********
    [AccessID] => bf4d967fadc33496ebde653daffc4181
    [AccessPass] => ********************************
    [OrderID] => 947527-03154046
    [Status] => CAPTURE
    [JobCd] => CAPTURE
    [Amount] => 6120
    [Tax] => 0
    [Currency] => JPN
    [Forward] => 2a99661
    [Method] => 1
    [PayTimes] => 
    [TranID] => 2210031540602257210134150365
    [Approve] => 0295177
    [TranDate] => 20221003154048
    [ErrCode] => 
    [ErrInfo] => 
    [PayType] => 0
)
 from 210.175.7.20
2022/10/03 15:40:48 [/shop/user_data/pg_mulpay_recv.php] ******* receiveer data end ******* from 210.175.7.20
2022/10/03 15:40:53 [/shop/user_data/pg_mulpay_recv.php] update order status:1 order_id=947527 from 210.175.7.20
2022/10/03 15:40:53 [/shop/user_data/pg_mulpay_recv.php] pg_mulpay_recv.php set payment data:Array
(
    [ShopID] => 9000034600950
    [AccessID] => bf4d967fadc33496ebde653daffc4181
    [OrderID] => 947527-03154046
    [Status] => CAPTURE
    [JobCd] => CAPTURE
    [Amount] => 6120
    [Tax] => 0
    [Currency] => JPN
    [Forward] => 2a99661
    [Method] => 1
    [PayTimes] => 
    [TranID] => 2210031540602257210134150365
    [Approve] => 0295177
    [TranDate] => 20221003154048
    [ErrCode] => 
    [ErrInfo] => 
    [PayType] => 0
    [CvsCode] => 
    [CvsConfNo] => 
    [CvsReceiptNo] => 
    [EdyReceiptNo] => 
    [EdyOrderNo] => 
    [SuicaReceiptNo] => 
    [SuicaOrderNo] => 
    [CustID] => 
    [BkCode] => 
    [ConfNo] => 
    [PaymentTerm] => 
    [EncryptReceiptNo] => 
    [FinishDate] => 
    [ReceiptDate] => 
    [WebMoneyManagementNo] => 
    [WebMoneySettleCode] => 
    [AuPayInfoNo] => 
    [AuPayMethod] => 
    [AuCancelAmount] => 
    [AuCancelTax] => 
    [DocomoSettlementCode] => 
    [DocomoCancelAmount] => 
    [DocomoCancelTax] => 
    [pay_status] => 13
)
 from 210.175.7.20
2022/10/03 15:40:53 [/shop/user_data/pg_mulpay_recv.php] response:true from 210.175.7.20
2022/10/03 16:31:58 [/shop/shopping/load_payment_module.php] SendRequest:https://p01.mul-pay.jp/payment/EntryTran.idPass from 120.75.91.142
2022/10/03 16:31:58 [/shop/shopping/load_payment_module.php] Array
(
    [ShopID] => 9000034600950
    [ShopPass] => ******
    [OrderID] => 947528-03163158
    [JobCd] => CAPTURE
    [Amount] => 5780
    [TdFlag] => 0
    [TdTenantName] => 
)
 from 120.75.91.142
2022/10/03 16:31:58 [/shop/shopping/load_payment_module.php] AccessID=3d9135de5eb2fe8543845392d75497c8&AccessPass=a85c09239bfb7d3eb88345cd863e5f07 from 120.75.91.142
2022/10/03 16:31:58 [/shop/shopping/load_payment_module.php] Array
(
    [0] => Array
        (
            [AccessID] => 3d9135de5eb2fe8543845392d75497c8
            [AccessPass] => a85c09239bfb7d3eb88345cd863e5f07
        )

)
 from 120.75.91.142
2022/10/03 16:31:58 [/shop/shopping/load_payment_module.php] load_payment_module.php set payment data:Array
(
    [AccessID] => 3d9135de5eb2fe8543845392d75497c8
    [AccessPass] => a85c09239bfb7d3eb88345cd863e5f07
    [OrderID] => 947528-03163158
    [Amount] => 5780
    [JobCd] => CAPTURE
    [action_status] => 1
    [pay_status] => 0
)
 from 120.75.91.142
2022/10/03 16:31:58 [/shop/shopping/load_payment_module.php] SendRequest:https://p01.mul-pay.jp/payment/ExecTran.idPass from 120.75.91.142
2022/10/03 16:31:58 [/shop/shopping/load_payment_module.php] Array
(
    [AccessID] => 3d9135de5eb2fe8543845392d75497c8
    [AccessPass] => a85c09239bfb7d3eb88345cd863e5f07
    [OrderID] => 947528-03163158
    [Method] => 1
    [Token] => 165541bbe55c672ca10266eeba66c75bc8ba26c15a05dc343ebc5f4483cd6a8c
    [ClientField1] => 
    [ClientField2] => 
    [ClientField3] => EC-CUBE4.3.35
)
 from 120.75.91.142
2022/10/03 16:31:59 [/shop/shopping/load_payment_module.php] ACS=0&OrderID=947528-03163158&Forward=2a99661&Method=1&PayTimes=&Approve=0281093&TranID=2210031631602257210134180392&TranDate=20221003163159&CheckString=f284646d23ead67d97f96ad1ced33ee3 from 120.75.91.142
2022/10/03 16:31:59 [/shop/shopping/load_payment_module.php] Array
(
    [0] => Array
        (
            [ACS] => 0
            [OrderID] => 947528-03163158
            [Forward] => 2a99661
            [Method] => 1
            [PayTimes] => 
            [Approve] => 0281093
            [TranID] => 2210031631602257210134180392
            [TranDate] => 20221003163159
            [CheckString] => f284646d23ead67d97f96ad1ced33ee3
        )

)
 from 120.75.91.142
2022/10/03 16:31:59 [/shop/shopping/load_payment_module.php] load_payment_module.php set payment data:Array
(
    [ACS] => 0
    [Forward] => 2a99661
    [Method] => 1
    [PayTimes] => 
    [Approve] => 0281093
    [TranID] => 2210031631602257210134180392
    [TranDate] => 20221003163159
    [CheckString] => f284646d23ead67d97f96ad1ced33ee3
    [Amount] => 5780
    [JobCd] => CAPTURE
    [action_status] => 3
    [pay_status] => 13
)
 from 120.75.91.142
2022/10/03 16:31:59 [/shop/user_data/pg_mulpay_recv.php] ******* receiveer data start ******* from 210.175.7.20
2022/10/03 16:31:59 [/shop/user_data/pg_mulpay_recv.php] Array
(
    [ShopID] => 9000034600950
    [ShopPass] => **********
    [AccessID] => 3d9135de5eb2fe8543845392d75497c8
    [AccessPass] => ********************************
    [OrderID] => 947528-03163158
    [Status] => CAPTURE
    [JobCd] => CAPTURE
    [Amount] => 5780
    [Tax] => 0
    [Currency] => JPN
    [Forward] => 2a99661
    [Method] => 1
    [PayTimes] => 
    [TranID] => 2210031631602257210134180392
    [Approve] => 0281093
    [TranDate] => 20221003163159
    [ErrCode] => 
    [ErrInfo] => 
    [PayType] => 0
)
 from 210.175.7.20
2022/10/03 16:31:59 [/shop/user_data/pg_mulpay_recv.php] ******* receiveer data end ******* from 210.175.7.20
2022/10/03 16:32:04 [/shop/user_data/pg_mulpay_recv.php] update order status:1 order_id=947528 from 210.175.7.20
2022/10/03 16:32:04 [/shop/user_data/pg_mulpay_recv.php] pg_mulpay_recv.php set payment data:Array
(
    [ShopID] => 9000034600950
    [AccessID] => 3d9135de5eb2fe8543845392d75497c8
    [OrderID] => 947528-03163158
    [Status] => CAPTURE
    [JobCd] => CAPTURE
    [Amount] => 5780
    [Tax] => 0
    [Currency] => JPN
    [Forward] => 2a99661
    [Method] => 1
    [PayTimes] => 
    [TranID] => 2210031631602257210134180392
    [Approve] => 0281093
    [TranDate] => 20221003163159
    [ErrCode] => 
    [ErrInfo] => 
    [PayType] => 0
    [CvsCode] => 
    [CvsConfNo] => 
    [CvsReceiptNo] => 
    [EdyReceiptNo] => 
    [EdyOrderNo] => 
    [SuicaReceiptNo] => 
    [SuicaOrderNo] => 
    [CustID] => 
    [BkCode] => 
    [ConfNo] => 
    [PaymentTerm] => 
    [EncryptReceiptNo] => 
    [FinishDate] => 
    [ReceiptDate] => 
    [WebMoneyManagementNo] => 
    [WebMoneySettleCode] => 
    [AuPayInfoNo] => 
    [AuPayMethod] => 
    [AuCancelAmount] => 
    [AuCancelTax] => 
    [DocomoSettlementCode] => 
    [DocomoCancelAmount] => 
    [DocomoCancelTax] => 
    [pay_status] => 13
)
 from 210.175.7.20
2022/10/03 16:32:04 [/shop/user_data/pg_mulpay_recv.php] response:true from 210.175.7.20
2022/10/03 16:57:16 [/shop/shopping/load_payment_module.php] SendRequest:https://p01.mul-pay.jp/payment/SearchMember.idPass from 92.203.98.82
2022/10/03 16:57:16 [/shop/shopping/load_payment_module.php] Array
(
    [SiteID] => mst0000007602
    [SitePass] => ******
    [MemberID] => 3060
)
 from 92.203.98.82
2022/10/03 16:57:17 [/shop/shopping/load_payment_module.php] ErrCode=E01&ErrInfo=E01390002 from 92.203.98.82
2022/10/03 16:57:17 [/shop/shopping/load_payment_module.php] Array
(
    [0] => Array
        (
            [ErrCode] => E01
            [ErrInfo] => E01390002
        )

)
 from 92.203.98.82
2022/10/03 16:57:17 [/shop/shopping/load_payment_module.php] SendRequest:https://p01.mul-pay.jp/payment/SearchCard.idPass from 92.203.98.82
2022/10/03 16:57:17 [/shop/shopping/load_payment_module.php] Array
(
    [SiteID] => mst0000007602
    [SitePass] => ******
    [MemberID] => 3060
)
 from 92.203.98.82
2022/10/03 16:57:17 [/shop/shopping/load_payment_module.php] ErrCode=E01|E01&ErrInfo=E01390002|E01240002 from 92.203.98.82
2022/10/03 16:57:17 [/shop/shopping/load_payment_module.php] Array
(
    [0] => Array
        (
            [ErrCode] => E01
            [ErrInfo] => E01390002
        )

    [1] => Array
        (
            [ErrCode] => E01
            [ErrInfo] => E01240002
        )

)
 from 92.203.98.82
2022/10/03 17:28:46 [/shop/shopping/load_payment_module.php] SendRequest:https://p01.mul-pay.jp/payment/SearchMember.idPass from 92.203.98.82
2022/10/03 17:28:46 [/shop/shopping/load_payment_module.php] Array
(
    [SiteID] => mst0000007602
    [SitePass] => ******
    [MemberID] => 3060
)
 from 92.203.98.82
2022/10/03 17:28:46 [/shop/shopping/load_payment_module.php] ErrCode=E01&ErrInfo=E01390002 from 92.203.98.82
2022/10/03 17:28:46 [/shop/shopping/load_payment_module.php] Array
(
    [0] => Array
        (
            [ErrCode] => E01
            [ErrInfo] => E01390002
        )

)
 from 92.203.98.82
2022/10/03 17:28:46 [/shop/shopping/load_payment_module.php] SendRequest:https://p01.mul-pay.jp/payment/SearchCard.idPass from 92.203.98.82
2022/10/03 17:28:46 [/shop/shopping/load_payment_module.php] Array
(
    [SiteID] => mst0000007602
    [SitePass] => ******
    [MemberID] => 3060
)
 from 92.203.98.82
2022/10/03 17:28:46 [/shop/shopping/load_payment_module.php] ErrCode=E01|E01&ErrInfo=E01390002|E01240002 from 92.203.98.82
2022/10/03 17:28:46 [/shop/shopping/load_payment_module.php] Array
(
    [0] => Array
        (
            [ErrCode] => E01
            [ErrInfo] => E01390002
        )

    [1] => Array
        (
            [ErrCode] => E01
            [ErrInfo] => E01240002
        )

)
 from 92.203.98.82
2022/10/03 17:29:47 [/shop/shopping/load_payment_module.php] SendRequest:https://p01.mul-pay.jp/payment/SearchMember.idPass from 92.203.98.82
2022/10/03 17:29:47 [/shop/shopping/load_payment_module.php] Array
(
    [SiteID] => mst0000007602
    [SitePass] => ******
    [MemberID] => 3060
)
 from 92.203.98.82
2022/10/03 17:29:47 [/shop/shopping/load_payment_module.php] ErrCode=E01&ErrInfo=E01390002 from 92.203.98.82
2022/10/03 17:29:47 [/shop/shopping/load_payment_module.php] Array
(
    [0] => Array
        (
            [ErrCode] => E01
            [ErrInfo] => E01390002
        )

)
 from 92.203.98.82
2022/10/03 17:29:47 [/shop/shopping/load_payment_module.php] SendRequest:https://p01.mul-pay.jp/payment/SearchCard.idPass from 92.203.98.82
2022/10/03 17:29:47 [/shop/shopping/load_payment_module.php] Array
(
    [SiteID] => mst0000007602
    [SitePass] => ******
    [MemberID] => 3060
)
 from 92.203.98.82
2022/10/03 17:29:47 [/shop/shopping/load_payment_module.php] ErrCode=E01|E01&ErrInfo=E01390002|E01240002 from 92.203.98.82
2022/10/03 17:29:47 [/shop/shopping/load_payment_module.php] Array
(
    [0] => Array
        (
            [ErrCode] => E01
            [ErrInfo] => E01390002
        )

    [1] => Array
        (
            [ErrCode] => E01
            [ErrInfo] => E01240002
        )

)
 from 92.203.98.82
2022/10/03 17:29:47 [/shop/shopping/load_payment_module.php] SendRequest:https://p01.mul-pay.jp/payment/EntryTran.idPass from 92.203.98.82
2022/10/03 17:29:47 [/shop/shopping/load_payment_module.php] Array
(
    [ShopID] => 9000034600950
    [ShopPass] => ******
    [OrderID] => 947530-03172947
    [JobCd] => CAPTURE
    [Amount] => 1320
    [TdFlag] => 0
    [TdTenantName] => 
)
 from 92.203.98.82
2022/10/03 17:29:47 [/shop/shopping/load_payment_module.php] AccessID=6bca53046a43f183cc2fdbe4847a48f2&AccessPass=abb93af0d2a47ae666eaa6e09dbde0de from 92.203.98.82
2022/10/03 17:29:47 [/shop/shopping/load_payment_module.php] Array
(
    [0] => Array
        (
            [AccessID] => 6bca53046a43f183cc2fdbe4847a48f2
            [AccessPass] => abb93af0d2a47ae666eaa6e09dbde0de
        )

)
 from 92.203.98.82
2022/10/03 17:29:47 [/shop/shopping/load_payment_module.php] load_payment_module.php set payment data:Array
(
    [AccessID] => 6bca53046a43f183cc2fdbe4847a48f2
    [AccessPass] => abb93af0d2a47ae666eaa6e09dbde0de
    [OrderID] => 947530-03172947
    [Amount] => 1320
    [JobCd] => CAPTURE
    [action_status] => 1
    [pay_status] => 0
)
 from 92.203.98.82
2022/10/03 17:29:47 [/shop/shopping/load_payment_module.php] SendRequest:https://p01.mul-pay.jp/payment/ExecTran.idPass from 92.203.98.82
2022/10/03 17:29:47 [/shop/shopping/load_payment_module.php] Array
(
    [AccessID] => 6bca53046a43f183cc2fdbe4847a48f2
    [AccessPass] => abb93af0d2a47ae666eaa6e09dbde0de
    [OrderID] => 947530-03172947
    [Method] => 1
    [Token] => 862bd3f8cb4fa02661394724a42a66ae972da90b23482657f6b6ff014c77bde3
    [ClientField1] => 
    [ClientField2] => 
    [ClientField3] => EC-CUBE4.3.35
)
 from 92.203.98.82
2022/10/03 17:29:48 [/shop/shopping/load_payment_module.php] ACS=0&OrderID=947530-03172947&Forward=2S49631&Method=1&PayTimes=&Approve=0462149&TranID=2210031729602257210134150366&TranDate=20221003172948&CheckString=0b8a49badb9adf4a51c39ca062ec98dd from 92.203.98.82
2022/10/03 17:29:48 [/shop/shopping/load_payment_module.php] Array
(
    [0] => Array
        (
            [ACS] => 0
            [OrderID] => 947530-03172947
            [Forward] => 2S49631
            [Method] => 1
            [PayTimes] => 
            [Approve] => 0462149
            [TranID] => 2210031729602257210134150366
            [TranDate] => 20221003172948
            [CheckString] => 0b8a49badb9adf4a51c39ca062ec98dd
        )

)
 from 92.203.98.82
2022/10/03 17:29:48 [/shop/shopping/load_payment_module.php] load_payment_module.php set payment data:Array
(
    [ACS] => 0
    [Forward] => 2S49631
    [Method] => 1
    [PayTimes] => 
    [Approve] => 0462149
    [TranID] => 2210031729602257210134150366
    [TranDate] => 20221003172948
    [CheckString] => 0b8a49badb9adf4a51c39ca062ec98dd
    [Amount] => 1320
    [JobCd] => CAPTURE
    [action_status] => 3
    [pay_status] => 13
)
 from 92.203.98.82
2022/10/03 17:29:48 [/shop/user_data/pg_mulpay_recv.php] ******* receiveer data start ******* from 210.175.7.20
2022/10/03 17:29:48 [/shop/user_data/pg_mulpay_recv.php] Array
(
    [ShopID] => 9000034600950
    [ShopPass] => **********
    [AccessID] => 6bca53046a43f183cc2fdbe4847a48f2
    [AccessPass] => ********************************
    [OrderID] => 947530-03172947
    [Status] => CAPTURE
    [JobCd] => CAPTURE
    [Amount] => 1320
    [Tax] => 0
    [Currency] => JPN
    [Forward] => 2S49631
    [Method] => 1
    [PayTimes] => 
    [TranID] => 2210031729602257210134150366
    [Approve] => 0462149
    [TranDate] => 20221003172948
    [ErrCode] => 
    [ErrInfo] => 
    [PayType] => 0
)
 from 210.175.7.20
2022/10/03 17:29:48 [/shop/user_data/pg_mulpay_recv.php] ******* receiveer data end ******* from 210.175.7.20
2022/10/03 17:29:53 [/shop/user_data/pg_mulpay_recv.php] update order status:1 order_id=947530 from 210.175.7.20
2022/10/03 17:29:53 [/shop/user_data/pg_mulpay_recv.php] pg_mulpay_recv.php set payment data:Array
(
    [ShopID] => 9000034600950
    [AccessID] => 6bca53046a43f183cc2fdbe4847a48f2
    [OrderID] => 947530-03172947
    [Status] => CAPTURE
    [JobCd] => CAPTURE
    [Amount] => 1320
    [Tax] => 0
    [Currency] => JPN
    [Forward] => 2S49631
    [Method] => 1
    [PayTimes] => 
    [TranID] => 2210031729602257210134150366
    [Approve] => 0462149
    [TranDate] => 20221003172948
    [ErrCode] => 
    [ErrInfo] => 
    [PayType] => 0
    [CvsCode] => 
    [CvsConfNo] => 
    [CvsReceiptNo] => 
    [EdyReceiptNo] => 
    [EdyOrderNo] => 
    [SuicaReceiptNo] => 
    [SuicaOrderNo] => 
    [CustID] => 
    [BkCode] => 
    [ConfNo] => 
    [PaymentTerm] => 
    [EncryptReceiptNo] => 
    [FinishDate] => 
    [ReceiptDate] => 
    [WebMoneyManagementNo] => 
    [WebMoneySettleCode] => 
    [AuPayInfoNo] => 
    [AuPayMethod] => 
    [AuCancelAmount] => 
    [AuCancelTax] => 
    [DocomoSettlementCode] => 
    [DocomoCancelAmount] => 
    [DocomoCancelTax] => 
    [pay_status] => 13
)
 from 210.175.7.20
2022/10/03 17:29:53 [/shop/user_data/pg_mulpay_recv.php] response:true from 210.175.7.20
2022/10/03 20:18:31 [/shop/shopping/load_payment_module.php] SendRequest:https://p01.mul-pay.jp/payment/SearchMember.idPass from 115.135.17.20
2022/10/03 20:18:31 [/shop/shopping/load_payment_module.php] Array
(
    [SiteID] => mst0000007602
    [SitePass] => ******
    [MemberID] => 301
)
 from 115.135.17.20
2022/10/03 20:18:32 [/shop/shopping/load_payment_module.php] MemberID=301&MemberName=r551208ca18542YvgJrLCT&DeleteFlag=0 from 115.135.17.20
2022/10/03 20:18:32 [/shop/shopping/load_payment_module.php] Array
(
    [0] => Array
        (
            [MemberID] => 301
            [MemberName] => r551208ca18542YvgJrLCT
            [DeleteFlag] => 0
        )

)
 from 115.135.17.20
2022/10/03 20:18:32 [/shop/shopping/load_payment_module.php] SendRequest:https://p01.mul-pay.jp/payment/SearchCard.idPass from 115.135.17.20
2022/10/03 20:18:32 [/shop/shopping/load_payment_module.php] Array
(
    [SiteID] => mst0000007602
    [SitePass] => ******
    [MemberID] => 301
)
 from 115.135.17.20
2022/10/03 20:18:32 [/shop/shopping/load_payment_module.php] ErrCode=E01&ErrInfo=E01240002 from 115.135.17.20
2022/10/03 20:18:32 [/shop/shopping/load_payment_module.php] Array
(
    [0] => Array
        (
            [ErrCode] => E01
            [ErrInfo] => E01240002
        )

)
 from 115.135.17.20
2022/10/03 20:19:03 [/shop/shopping/load_payment_module.php] SendRequest:https://p01.mul-pay.jp/payment/SearchMember.idPass from 115.135.17.20
2022/10/03 20:19:03 [/shop/shopping/load_payment_module.php] Array
(
    [SiteID] => mst0000007602
    [SitePass] => ******
    [MemberID] => 301
)
 from 115.135.17.20
2022/10/03 20:19:03 [/shop/shopping/load_payment_module.php] MemberID=301&MemberName=r551208ca18542YvgJrLCT&DeleteFlag=0 from 115.135.17.20
2022/10/03 20:19:03 [/shop/shopping/load_payment_module.php] Array
(
    [0] => Array
        (
            [MemberID] => 301
            [MemberName] => r551208ca18542YvgJrLCT
            [DeleteFlag] => 0
        )

)
 from 115.135.17.20
2022/10/03 20:19:03 [/shop/shopping/load_payment_module.php] SendRequest:https://p01.mul-pay.jp/payment/SearchCard.idPass from 115.135.17.20
2022/10/03 20:19:03 [/shop/shopping/load_payment_module.php] Array
(
    [SiteID] => mst0000007602
    [SitePass] => ******
    [MemberID] => 301
)
 from 115.135.17.20
2022/10/03 20:19:03 [/shop/shopping/load_payment_module.php] ErrCode=E01&ErrInfo=E01240002 from 115.135.17.20
2022/10/03 20:19:03 [/shop/shopping/load_payment_module.php] Array
(
    [0] => Array
        (
            [ErrCode] => E01
            [ErrInfo] => E01240002
        )

)
 from 115.135.17.20
2022/10/03 20:19:03 [/shop/shopping/load_payment_module.php] SendRequest:https://p01.mul-pay.jp/payment/EntryTran.idPass from 115.135.17.20
2022/10/03 20:19:03 [/shop/shopping/load_payment_module.php] Array
(
    [ShopID] => 9000034600950
    [ShopPass] => ******
    [OrderID] => 947531-03201903
    [JobCd] => CAPTURE
    [Amount] => 10630
    [TdFlag] => 0
    [TdTenantName] => 
)
 from 115.135.17.20
2022/10/03 20:19:03 [/shop/shopping/load_payment_module.php] AccessID=d4c83e70e0ee0a1286d1d988cf58e37d&AccessPass=212b78da0738c833ed2a84616f7f3866 from 115.135.17.20
2022/10/03 20:19:03 [/shop/shopping/load_payment_module.php] Array
(
    [0] => Array
        (
            [AccessID] => d4c83e70e0ee0a1286d1d988cf58e37d
            [AccessPass] => 212b78da0738c833ed2a84616f7f3866
        )

)
 from 115.135.17.20
2022/10/03 20:19:03 [/shop/shopping/load_payment_module.php] load_payment_module.php set payment data:Array
(
    [AccessID] => d4c83e70e0ee0a1286d1d988cf58e37d
    [AccessPass] => 212b78da0738c833ed2a84616f7f3866
    [OrderID] => 947531-03201903
    [Amount] => 10630
    [JobCd] => CAPTURE
    [action_status] => 1
    [pay_status] => 0
)
 from 115.135.17.20
2022/10/03 20:19:03 [/shop/shopping/load_payment_module.php] SendRequest:https://p01.mul-pay.jp/payment/ExecTran.idPass from 115.135.17.20
2022/10/03 20:19:03 [/shop/shopping/load_payment_module.php] Array
(
    [AccessID] => d4c83e70e0ee0a1286d1d988cf58e37d
    [AccessPass] => 212b78da0738c833ed2a84616f7f3866
    [OrderID] => 947531-03201903
    [Method] => 1
    [Token] => acf7daf41922f626e5e87c1ebe33f8c64afea5510ad7febdd72982abc91c6f4e
    [ClientField1] => 
    [ClientField2] => 
    [ClientField3] => EC-CUBE4.3.35
)
 from 115.135.17.20
2022/10/03 20:19:04 [/shop/shopping/load_payment_module.php] ACS=0&OrderID=947531-03201903&Forward=2S49631&Method=1&PayTimes=&Approve=0944192&TranID=2210032019602257210134170394&TranDate=20221003201904&CheckString=a234a5c443734792e3120fbb9fc52d0b from 115.135.17.20
2022/10/03 20:19:04 [/shop/shopping/load_payment_module.php] Array
(
    [0] => Array
        (
            [ACS] => 0
            [OrderID] => 947531-03201903
            [Forward] => 2S49631
            [Method] => 1
            [PayTimes] => 
            [Approve] => 0944192
            [TranID] => 2210032019602257210134170394
            [TranDate] => 20221003201904
            [CheckString] => a234a5c443734792e3120fbb9fc52d0b
        )

)
 from 115.135.17.20
2022/10/03 20:19:04 [/shop/shopping/load_payment_module.php] load_payment_module.php set payment data:Array
(
    [ACS] => 0
    [Forward] => 2S49631
    [Method] => 1
    [PayTimes] => 
    [Approve] => 0944192
    [TranID] => 2210032019602257210134170394
    [TranDate] => 20221003201904
    [CheckString] => a234a5c443734792e3120fbb9fc52d0b
    [Amount] => 10630
    [JobCd] => CAPTURE
    [action_status] => 3
    [pay_status] => 13
)
 from 115.135.17.20
2022/10/03 20:19:04 [/shop/user_data/pg_mulpay_recv.php] ******* receiveer data start ******* from 210.175.7.20
2022/10/03 20:19:04 [/shop/user_data/pg_mulpay_recv.php] Array
(
    [ShopID] => 9000034600950
    [ShopPass] => **********
    [AccessID] => d4c83e70e0ee0a1286d1d988cf58e37d
    [AccessPass] => ********************************
    [OrderID] => 947531-03201903
    [Status] => CAPTURE
    [JobCd] => CAPTURE
    [Amount] => 10630
    [Tax] => 0
    [Currency] => JPN
    [Forward] => 2S49631
    [Method] => 1
    [PayTimes] => 
    [TranID] => 2210032019602257210134170394
    [Approve] => 0944192
    [TranDate] => 20221003201904
    [ErrCode] => 
    [ErrInfo] => 
    [PayType] => 0
)
 from 210.175.7.20
2022/10/03 20:19:04 [/shop/user_data/pg_mulpay_recv.php] ******* receiveer data end ******* from 210.175.7.20
2022/10/03 20:19:09 [/shop/user_data/pg_mulpay_recv.php] update order status:1 order_id=947531 from 210.175.7.20
2022/10/03 20:19:09 [/shop/user_data/pg_mulpay_recv.php] pg_mulpay_recv.php set payment data:Array
(
    [ShopID] => 9000034600950
    [AccessID] => d4c83e70e0ee0a1286d1d988cf58e37d
    [OrderID] => 947531-03201903
    [Status] => CAPTURE
    [JobCd] => CAPTURE
    [Amount] => 10630
    [Tax] => 0
    [Currency] => JPN
    [Forward] => 2S49631
    [Method] => 1
    [PayTimes] => 
    [TranID] => 2210032019602257210134170394
    [Approve] => 0944192
    [TranDate] => 20221003201904
    [ErrCode] => 
    [ErrInfo] => 
    [PayType] => 0
    [CvsCode] => 
    [CvsConfNo] => 
    [CvsReceiptNo] => 
    [EdyReceiptNo] => 
    [EdyOrderNo] => 
    [SuicaReceiptNo] => 
    [SuicaOrderNo] => 
    [CustID] => 
    [BkCode] => 
    [ConfNo] => 
    [PaymentTerm] => 
    [EncryptReceiptNo] => 
    [FinishDate] => 
    [ReceiptDate] => 
    [WebMoneyManagementNo] => 
    [WebMoneySettleCode] => 
    [AuPayInfoNo] => 
    [AuPayMethod] => 
    [AuCancelAmount] => 
    [AuCancelTax] => 
    [DocomoSettlementCode] => 
    [DocomoCancelAmount] => 
    [DocomoCancelTax] => 
    [pay_status] => 13
)
 from 210.175.7.20
2022/10/03 20:19:09 [/shop/user_data/pg_mulpay_recv.php] response:true from 210.175.7.20
2022/10/03 20:23:54 [/shop/shopping/load_payment_module.php] SendRequest:https://p01.mul-pay.jp/payment/SearchMember.idPass from 126.248.155.103
2022/10/03 20:23:54 [/shop/shopping/load_payment_module.php] Array
(
    [SiteID] => mst0000007602
    [SitePass] => ******
    [MemberID] => 10804
)
 from 126.248.155.103
2022/10/03 20:23:54 [/shop/shopping/load_payment_module.php] ErrCode=E01&ErrInfo=E01390002 from 126.248.155.103
2022/10/03 20:23:54 [/shop/shopping/load_payment_module.php] Array
(
    [0] => Array
        (
            [ErrCode] => E01
            [ErrInfo] => E01390002
        )

)
 from 126.248.155.103
2022/10/03 20:23:54 [/shop/shopping/load_payment_module.php] SendRequest:https://p01.mul-pay.jp/payment/SearchCard.idPass from 126.248.155.103
2022/10/03 20:23:54 [/shop/shopping/load_payment_module.php] Array
(
    [SiteID] => mst0000007602
    [SitePass] => ******
    [MemberID] => 10804
)
 from 126.248.155.103
2022/10/03 20:23:54 [/shop/shopping/load_payment_module.php] ErrCode=E01|E01&ErrInfo=E01390002|E01240002 from 126.248.155.103
2022/10/03 20:23:54 [/shop/shopping/load_payment_module.php] Array
(
    [0] => Array
        (
            [ErrCode] => E01
            [ErrInfo] => E01390002
        )

    [1] => Array
        (
            [ErrCode] => E01
            [ErrInfo] => E01240002
        )

)
 from 126.248.155.103
2022/10/03 20:25:08 [/shop/shopping/load_payment_module.php] SendRequest:https://p01.mul-pay.jp/payment/SearchMember.idPass from 126.248.155.103
2022/10/03 20:25:08 [/shop/shopping/load_payment_module.php] Array
(
    [SiteID] => mst0000007602
    [SitePass] => ******
    [MemberID] => 10804
)
 from 126.248.155.103
2022/10/03 20:25:08 [/shop/shopping/load_payment_module.php] ErrCode=E01&ErrInfo=E01390002 from 126.248.155.103
2022/10/03 20:25:08 [/shop/shopping/load_payment_module.php] Array
(
    [0] => Array
        (
            [ErrCode] => E01
            [ErrInfo] => E01390002
        )

)
 from 126.248.155.103
2022/10/03 20:25:08 [/shop/shopping/load_payment_module.php] SendRequest:https://p01.mul-pay.jp/payment/SearchCard.idPass from 126.248.155.103
2022/10/03 20:25:08 [/shop/shopping/load_payment_module.php] Array
(
    [SiteID] => mst0000007602
    [SitePass] => ******
    [MemberID] => 10804
)
 from 126.248.155.103
2022/10/03 20:25:08 [/shop/shopping/load_payment_module.php] ErrCode=E01|E01&ErrInfo=E01390002|E01240002 from 126.248.155.103
2022/10/03 20:25:08 [/shop/shopping/load_payment_module.php] Array
(
    [0] => Array
        (
            [ErrCode] => E01
            [ErrInfo] => E01390002
        )

    [1] => Array
        (
            [ErrCode] => E01
            [ErrInfo] => E01240002
        )

)
 from 126.248.155.103
2022/10/03 20:25:08 [/shop/shopping/load_payment_module.php] SendRequest:https://p01.mul-pay.jp/payment/EntryTran.idPass from 126.248.155.103
2022/10/03 20:25:08 [/shop/shopping/load_payment_module.php] Array
(
    [ShopID] => 9000034600950
    [ShopPass] => ******
    [OrderID] => 947532-03202508
    [JobCd] => CAPTURE
    [Amount] => 8850
    [TdFlag] => 0
    [TdTenantName] => 
)
 from 126.248.155.103
2022/10/03 20:25:08 [/shop/shopping/load_payment_module.php] AccessID=5b808d6f5a16e156eb148f62bdf86b62&AccessPass=3ce487a89ad4f595f752c25dba0b8c48 from 126.248.155.103
2022/10/03 20:25:08 [/shop/shopping/load_payment_module.php] Array
(
    [0] => Array
        (
            [AccessID] => 5b808d6f5a16e156eb148f62bdf86b62
            [AccessPass] => 3ce487a89ad4f595f752c25dba0b8c48
        )

)
 from 126.248.155.103
2022/10/03 20:25:08 [/shop/shopping/load_payment_module.php] load_payment_module.php set payment data:Array
(
    [AccessID] => 5b808d6f5a16e156eb148f62bdf86b62
    [AccessPass] => 3ce487a89ad4f595f752c25dba0b8c48
    [OrderID] => 947532-03202508
    [Amount] => 8850
    [JobCd] => CAPTURE
    [action_status] => 1
    [pay_status] => 0
)
 from 126.248.155.103
2022/10/03 20:25:08 [/shop/shopping/load_payment_module.php] SendRequest:https://p01.mul-pay.jp/payment/ExecTran.idPass from 126.248.155.103
2022/10/03 20:25:08 [/shop/shopping/load_payment_module.php] Array
(
    [AccessID] => 5b808d6f5a16e156eb148f62bdf86b62
    [AccessPass] => 3ce487a89ad4f595f752c25dba0b8c48
    [OrderID] => 947532-03202508
    [Method] => 1
    [Token] => cf1a8047dcd5b4b51ca5ec6a96d13ae26dd10716f57a72f0587711298c8a4ce3
    [ClientField1] => 
    [ClientField2] => 
    [ClientField3] => EC-CUBE4.3.35
)
 from 126.248.155.103
2022/10/03 20:25:09 [/shop/shopping/load_payment_module.php] ACS=0&OrderID=947532-03202508&Forward=2S49631&Method=1&PayTimes=&Approve=0539386&TranID=2210032025602257210134160381&TranDate=20221003202509&CheckString=3f13f62a4a4529732695a5546ae77763 from 126.248.155.103
2022/10/03 20:25:09 [/shop/shopping/load_payment_module.php] Array
(
    [0] => Array
        (
            [ACS] => 0
            [OrderID] => 947532-03202508
            [Forward] => 2S49631
            [Method] => 1
            [PayTimes] => 
            [Approve] => 0539386
            [TranID] => 2210032025602257210134160381
            [TranDate] => 20221003202509
            [CheckString] => 3f13f62a4a4529732695a5546ae77763
        )

)
 from 126.248.155.103
2022/10/03 20:25:09 [/shop/shopping/load_payment_module.php] load_payment_module.php set payment data:Array
(
    [ACS] => 0
    [Forward] => 2S49631
    [Method] => 1
    [PayTimes] => 
    [Approve] => 0539386
    [TranID] => 2210032025602257210134160381
    [TranDate] => 20221003202509
    [CheckString] => 3f13f62a4a4529732695a5546ae77763
    [Amount] => 8850
    [JobCd] => CAPTURE
    [action_status] => 3
    [pay_status] => 13
)
 from 126.248.155.103
2022/10/03 20:25:09 [/shop/user_data/pg_mulpay_recv.php] ******* receiveer data start ******* from 210.175.7.20
2022/10/03 20:25:09 [/shop/user_data/pg_mulpay_recv.php] Array
(
    [ShopID] => 9000034600950
    [ShopPass] => **********
    [AccessID] => 5b808d6f5a16e156eb148f62bdf86b62
    [AccessPass] => ********************************
    [OrderID] => 947532-03202508
    [Status] => CAPTURE
    [JobCd] => CAPTURE
    [Amount] => 8850
    [Tax] => 0
    [Currency] => JPN
    [Forward] => 2S49631
    [Method] => 1
    [PayTimes] => 
    [TranID] => 2210032025602257210134160381
    [Approve] => 0539386
    [TranDate] => 20221003202509
    [ErrCode] => 
    [ErrInfo] => 
    [PayType] => 0
)
 from 210.175.7.20
2022/10/03 20:25:09 [/shop/user_data/pg_mulpay_recv.php] ******* receiveer data end ******* from 210.175.7.20
2022/10/03 20:25:14 [/shop/user_data/pg_mulpay_recv.php] update order status:1 order_id=947532 from 210.175.7.20
2022/10/03 20:25:14 [/shop/user_data/pg_mulpay_recv.php] pg_mulpay_recv.php set payment data:Array
(
    [ShopID] => 9000034600950
    [AccessID] => 5b808d6f5a16e156eb148f62bdf86b62
    [OrderID] => 947532-03202508
    [Status] => CAPTURE
    [JobCd] => CAPTURE
    [Amount] => 8850
    [Tax] => 0
    [Currency] => JPN
    [Forward] => 2S49631
    [Method] => 1
    [PayTimes] => 
    [TranID] => 2210032025602257210134160381
    [Approve] => 0539386
    [TranDate] => 20221003202509
    [ErrCode] => 
    [ErrInfo] => 
    [PayType] => 0
    [CvsCode] => 
    [CvsConfNo] => 
    [CvsReceiptNo] => 
    [EdyReceiptNo] => 
    [EdyOrderNo] => 
    [SuicaReceiptNo] => 
    [SuicaOrderNo] => 
    [CustID] => 
    [BkCode] => 
    [ConfNo] => 
    [PaymentTerm] => 
    [EncryptReceiptNo] => 
    [FinishDate] => 
    [ReceiptDate] => 
    [WebMoneyManagementNo] => 
    [WebMoneySettleCode] => 
    [AuPayInfoNo] => 
    [AuPayMethod] => 
    [AuCancelAmount] => 
    [AuCancelTax] => 
    [DocomoSettlementCode] => 
    [DocomoCancelAmount] => 
    [DocomoCancelTax] => 
    [pay_status] => 13
)
 from 210.175.7.20
2022/10/03 20:25:14 [/shop/user_data/pg_mulpay_recv.php] response:true from 210.175.7.20
2022/10/03 21:43:07 [/shop/shopping/load_payment_module.php] SendRequest:https://p01.mul-pay.jp/payment/SearchMember.idPass from 195.89.242.194
2022/10/03 21:43:07 [/shop/shopping/load_payment_module.php] Array
(
    [SiteID] => mst0000007602
    [SitePass] => ******
    [MemberID] => 10808
)
 from 195.89.242.194
2022/10/03 21:43:07 [/shop/shopping/load_payment_module.php] ErrCode=E01&ErrInfo=E01390002 from 195.89.242.194
2022/10/03 21:43:07 [/shop/shopping/load_payment_module.php] Array
(
    [0] => Array
        (
            [ErrCode] => E01
            [ErrInfo] => E01390002
        )

)
 from 195.89.242.194
2022/10/03 21:43:07 [/shop/shopping/load_payment_module.php] SendRequest:https://p01.mul-pay.jp/payment/SearchCard.idPass from 195.89.242.194
2022/10/03 21:43:07 [/shop/shopping/load_payment_module.php] Array
(
    [SiteID] => mst0000007602
    [SitePass] => ******
    [MemberID] => 10808
)
 from 195.89.242.194
2022/10/03 21:43:07 [/shop/shopping/load_payment_module.php] ErrCode=E01|E01&ErrInfo=E01390002|E01240002 from 195.89.242.194
2022/10/03 21:43:07 [/shop/shopping/load_payment_module.php] Array
(
    [0] => Array
        (
            [ErrCode] => E01
            [ErrInfo] => E01390002
        )

    [1] => Array
        (
            [ErrCode] => E01
            [ErrInfo] => E01240002
        )

)
 from 195.89.242.194
2022/10/03 21:43:59 [/shop/shopping/load_payment_module.php] SendRequest:https://p01.mul-pay.jp/payment/SearchMember.idPass from 195.89.242.194
2022/10/03 21:43:59 [/shop/shopping/load_payment_module.php] Array
(
    [SiteID] => mst0000007602
    [SitePass] => ******
    [MemberID] => 10808
)
 from 195.89.242.194
2022/10/03 21:43:59 [/shop/shopping/load_payment_module.php] ErrCode=E01&ErrInfo=E01390002 from 195.89.242.194
2022/10/03 21:43:59 [/shop/shopping/load_payment_module.php] Array
(
    [0] => Array
        (
            [ErrCode] => E01
            [ErrInfo] => E01390002
        )

)
 from 195.89.242.194
2022/10/03 21:43:59 [/shop/shopping/load_payment_module.php] SendRequest:https://p01.mul-pay.jp/payment/SearchCard.idPass from 195.89.242.194
2022/10/03 21:43:59 [/shop/shopping/load_payment_module.php] Array
(
    [SiteID] => mst0000007602
    [SitePass] => ******
    [MemberID] => 10808
)
 from 195.89.242.194
2022/10/03 21:43:59 [/shop/shopping/load_payment_module.php] ErrCode=E01|E01&ErrInfo=E01390002|E01240002 from 195.89.242.194
2022/10/03 21:43:59 [/shop/shopping/load_payment_module.php] Array
(
    [0] => Array
        (
            [ErrCode] => E01
            [ErrInfo] => E01390002
        )

    [1] => Array
        (
            [ErrCode] => E01
            [ErrInfo] => E01240002
        )

)
 from 195.89.242.194
2022/10/03 21:43:59 [/shop/shopping/load_payment_module.php] SendRequest:https://p01.mul-pay.jp/payment/EntryTran.idPass from 195.89.242.194
2022/10/03 21:43:59 [/shop/shopping/load_payment_module.php] Array
(
    [ShopID] => 9000034600950
    [ShopPass] => ******
    [OrderID] => 947533-03214359
    [JobCd] => CAPTURE
    [Amount] => 5190
    [TdFlag] => 0
    [TdTenantName] => 
)
 from 195.89.242.194
2022/10/03 21:43:59 [/shop/shopping/load_payment_module.php] AccessID=0ff45eacb8b44f8f29b96e8adfe94faf&AccessPass=0272e61fdb8e1c8f7bbe9a22c9cf6733 from 195.89.242.194
2022/10/03 21:43:59 [/shop/shopping/load_payment_module.php] Array
(
    [0] => Array
        (
            [AccessID] => 0ff45eacb8b44f8f29b96e8adfe94faf
            [AccessPass] => 0272e61fdb8e1c8f7bbe9a22c9cf6733
        )

)
 from 195.89.242.194
2022/10/03 21:43:59 [/shop/shopping/load_payment_module.php] load_payment_module.php set payment data:Array
(
    [AccessID] => 0ff45eacb8b44f8f29b96e8adfe94faf
    [AccessPass] => 0272e61fdb8e1c8f7bbe9a22c9cf6733
    [OrderID] => 947533-03214359
    [Amount] => 5190
    [JobCd] => CAPTURE
    [action_status] => 1
    [pay_status] => 0
)
 from 195.89.242.194
2022/10/03 21:43:59 [/shop/shopping/load_payment_module.php] SendRequest:https://p01.mul-pay.jp/payment/ExecTran.idPass from 195.89.242.194
2022/10/03 21:43:59 [/shop/shopping/load_payment_module.php] Array
(
    [AccessID] => 0ff45eacb8b44f8f29b96e8adfe94faf
    [AccessPass] => 0272e61fdb8e1c8f7bbe9a22c9cf6733
    [OrderID] => 947533-03214359
    [Method] => 1
    [Token] => c707cfde751345dbfff7e30966df825747970b4904fad6fc95a94e858ef85228
    [ClientField1] => 
    [ClientField2] => 
    [ClientField3] => EC-CUBE4.3.35
)
 from 195.89.242.194
2022/10/03 21:44:01 [/shop/shopping/load_payment_module.php] ACS=0&OrderID=947533-03214359&Forward=2959876&Method=1&PayTimes=&Approve=0934515&TranID=2210032143602257210134180393&TranDate=20221003214400&CheckString=f24d5f21b7c83600e5a564ff99adf588 from 195.89.242.194
2022/10/03 21:44:01 [/shop/shopping/load_payment_module.php] Array
(
    [0] => Array
        (
            [ACS] => 0
            [OrderID] => 947533-03214359
            [Forward] => 2959876
            [Method] => 1
            [PayTimes] => 
            [Approve] => 0934515
            [TranID] => 2210032143602257210134180393
            [TranDate] => 20221003214400
            [CheckString] => f24d5f21b7c83600e5a564ff99adf588
        )

)
 from 195.89.242.194
2022/10/03 21:44:01 [/shop/shopping/load_payment_module.php] load_payment_module.php set payment data:Array
(
    [ACS] => 0
    [Forward] => 2959876
    [Method] => 1
    [PayTimes] => 
    [Approve] => 0934515
    [TranID] => 2210032143602257210134180393
    [TranDate] => 20221003214400
    [CheckString] => f24d5f21b7c83600e5a564ff99adf588
    [Amount] => 5190
    [JobCd] => CAPTURE
    [action_status] => 3
    [pay_status] => 13
)
 from 195.89.242.194
2022/10/03 21:44:01 [/shop/user_data/pg_mulpay_recv.php] ******* receiveer data start ******* from 210.175.7.20
2022/10/03 21:44:01 [/shop/user_data/pg_mulpay_recv.php] Array
(
    [ShopID] => 9000034600950
    [ShopPass] => **********
    [AccessID] => 0ff45eacb8b44f8f29b96e8adfe94faf
    [AccessPass] => ********************************
    [OrderID] => 947533-03214359
    [Status] => CAPTURE
    [JobCd] => CAPTURE
    [Amount] => 5190
    [Tax] => 0
    [Currency] => JPN
    [Forward] => 2959876
    [Method] => 1
    [PayTimes] => 
    [TranID] => 2210032143602257210134180393
    [Approve] => 0934515
    [TranDate] => 20221003214400
    [ErrCode] => 
    [ErrInfo] => 
    [PayType] => 0
)
 from 210.175.7.20
2022/10/03 21:44:01 [/shop/user_data/pg_mulpay_recv.php] ******* receiveer data end ******* from 210.175.7.20
2022/10/03 21:44:06 [/shop/user_data/pg_mulpay_recv.php] update order status:1 order_id=947533 from 210.175.7.20
2022/10/03 21:44:06 [/shop/user_data/pg_mulpay_recv.php] pg_mulpay_recv.php set payment data:Array
(
    [ShopID] => 9000034600950
    [AccessID] => 0ff45eacb8b44f8f29b96e8adfe94faf
    [OrderID] => 947533-03214359
    [Status] => CAPTURE
    [JobCd] => CAPTURE
    [Amount] => 5190
    [Tax] => 0
    [Currency] => JPN
    [Forward] => 2959876
    [Method] => 1
    [PayTimes] => 
    [TranID] => 2210032143602257210134180393
    [Approve] => 0934515
    [TranDate] => 20221003214400
    [ErrCode] => 
    [ErrInfo] => 
    [PayType] => 0
    [CvsCode] => 
    [CvsConfNo] => 
    [CvsReceiptNo] => 
    [EdyReceiptNo] => 
    [EdyOrderNo] => 
    [SuicaReceiptNo] => 
    [SuicaOrderNo] => 
    [CustID] => 
    [BkCode] => 
    [ConfNo] => 
    [PaymentTerm] => 
    [EncryptReceiptNo] => 
    [FinishDate] => 
    [ReceiptDate] => 
    [WebMoneyManagementNo] => 
    [WebMoneySettleCode] => 
    [AuPayInfoNo] => 
    [AuPayMethod] => 
    [AuCancelAmount] => 
    [AuCancelTax] => 
    [DocomoSettlementCode] => 
    [DocomoCancelAmount] => 
    [DocomoCancelTax] => 
    [pay_status] => 13
)
 from 210.175.7.20
2022/10/03 21:44:06 [/shop/user_data/pg_mulpay_recv.php] response:true from 210.175.7.20
2022/10/03 23:48:35 [/shop/shopping/load_payment_module.php] SendRequest:https://p01.mul-pay.jp/payment/EntryTran.idPass from 165.225.209.64
2022/10/03 23:48:35 [/shop/shopping/load_payment_module.php] Array
(
    [ShopID] => 9000034600950
    [ShopPass] => ******
    [OrderID] => 947534-03234835
    [JobCd] => CAPTURE
    [Amount] => 6510
    [TdFlag] => 0
    [TdTenantName] => 
)
 from 165.225.209.64
2022/10/03 23:48:35 [/shop/shopping/load_payment_module.php] AccessID=ffcb130a8ba2d8fba5b0d4f3801d3398&AccessPass=460db6ca752df107ade428c31993fd0f from 165.225.209.64
2022/10/03 23:48:35 [/shop/shopping/load_payment_module.php] Array
(
    [0] => Array
        (
            [AccessID] => ffcb130a8ba2d8fba5b0d4f3801d3398
            [AccessPass] => 460db6ca752df107ade428c31993fd0f
        )

)
 from 165.225.209.64
2022/10/03 23:48:35 [/shop/shopping/load_payment_module.php] load_payment_module.php set payment data:Array
(
    [AccessID] => ffcb130a8ba2d8fba5b0d4f3801d3398
    [AccessPass] => 460db6ca752df107ade428c31993fd0f
    [OrderID] => 947534-03234835
    [Amount] => 6510
    [JobCd] => CAPTURE
    [action_status] => 1
    [pay_status] => 0
)
 from 165.225.209.64
2022/10/03 23:48:35 [/shop/shopping/load_payment_module.php] SendRequest:https://p01.mul-pay.jp/payment/ExecTran.idPass from 165.225.209.64
2022/10/03 23:48:35 [/shop/shopping/load_payment_module.php] Array
(
    [AccessID] => ffcb130a8ba2d8fba5b0d4f3801d3398
    [AccessPass] => 460db6ca752df107ade428c31993fd0f
    [OrderID] => 947534-03234835
    [Method] => 1
    [Token] => 37882f1d1bff3615891e4f57a33c636f43fafbdf1fd495a0c029a171d6cedbdb
    [ClientField1] => 
    [ClientField2] => 
    [ClientField3] => EC-CUBE4.3.35
)
 from 165.225.209.64
2022/10/03 23:48:35 [/shop/shopping/load_payment_module.php] ACS=0&OrderID=947534-03234835&Forward=2S49631&Method=1&PayTimes=&Approve=0056441&TranID=2210032348602257210134150367&TranDate=20221003234835&CheckString=99bad114d5f5ec2cb43806633d90b2b5 from 165.225.209.64
2022/10/03 23:48:35 [/shop/shopping/load_payment_module.php] Array
(
    [0] => Array
        (
            [ACS] => 0
            [OrderID] => 947534-03234835
            [Forward] => 2S49631
            [Method] => 1
            [PayTimes] => 
            [Approve] => 0056441
            [TranID] => 2210032348602257210134150367
            [TranDate] => 20221003234835
            [CheckString] => 99bad114d5f5ec2cb43806633d90b2b5
        )

)
 from 165.225.209.64
2022/10/03 23:48:35 [/shop/shopping/load_payment_module.php] load_payment_module.php set payment data:Array
(
    [ACS] => 0
    [Forward] => 2S49631
    [Method] => 1
    [PayTimes] => 
    [Approve] => 0056441
    [TranID] => 2210032348602257210134150367
    [TranDate] => 20221003234835
    [CheckString] => 99bad114d5f5ec2cb43806633d90b2b5
    [Amount] => 6510
    [JobCd] => CAPTURE
    [action_status] => 3
    [pay_status] => 13
)
 from 165.225.209.64
2022/10/03 23:48:35 [/shop/user_data/pg_mulpay_recv.php] ******* receiveer data start ******* from 210.175.7.20
2022/10/03 23:48:35 [/shop/user_data/pg_mulpay_recv.php] Array
(
    [ShopID] => 9000034600950
    [ShopPass] => **********
    [AccessID] => ffcb130a8ba2d8fba5b0d4f3801d3398
    [AccessPass] => ********************************
    [OrderID] => 947534-03234835
    [Status] => CAPTURE
    [JobCd] => CAPTURE
    [Amount] => 6510
    [Tax] => 0
    [Currency] => JPN
    [Forward] => 2S49631
    [Method] => 1
    [PayTimes] => 
    [TranID] => 2210032348602257210134150367
    [Approve] => 0056441
    [TranDate] => 20221003234835
    [ErrCode] => 
    [ErrInfo] => 
    [PayType] => 0
)
 from 210.175.7.20
2022/10/03 23:48:35 [/shop/user_data/pg_mulpay_recv.php] ******* receiveer data end ******* from 210.175.7.20
2022/10/03 23:48:40 [/shop/user_data/pg_mulpay_recv.php] update order status:1 order_id=947534 from 210.175.7.20
2022/10/03 23:48:40 [/shop/user_data/pg_mulpay_recv.php] pg_mulpay_recv.php set payment data:Array
(
    [ShopID] => 9000034600950
    [AccessID] => ffcb130a8ba2d8fba5b0d4f3801d3398
    [OrderID] => 947534-03234835
    [Status] => CAPTURE
    [JobCd] => CAPTURE
    [Amount] => 6510
    [Tax] => 0
    [Currency] => JPN
    [Forward] => 2S49631
    [Method] => 1
    [PayTimes] => 
    [TranID] => 2210032348602257210134150367
    [Approve] => 0056441
    [TranDate] => 20221003234835
    [ErrCode] => 
    [ErrInfo] => 
    [PayType] => 0
    [CvsCode] => 
    [CvsConfNo] => 
    [CvsReceiptNo] => 
    [EdyReceiptNo] => 
    [EdyOrderNo] => 
    [SuicaReceiptNo] => 
    [SuicaOrderNo] => 
    [CustID] => 
    [BkCode] => 
    [ConfNo] => 
    [PaymentTerm] => 
    [EncryptReceiptNo] => 
    [FinishDate] => 
    [ReceiptDate] => 
    [WebMoneyManagementNo] => 
    [WebMoneySettleCode] => 
    [AuPayInfoNo] => 
    [AuPayMethod] => 
    [AuCancelAmount] => 
    [AuCancelTax] => 
    [DocomoSettlementCode] => 
    [DocomoCancelAmount] => 
    [DocomoCancelTax] => 
    [pay_status] => 13
)
 from 210.175.7.20
2022/10/03 23:48:40 [/shop/user_data/pg_mulpay_recv.php] response:true from 210.175.7.20
