2025/06/25 01:23:50 [/shop/shopping/load_payment_module.php] SendRequest:https://p01.mul-pay.jp/payment/EntryTran.idPass from 201.68.55.186
2025/06/25 01:23:50 [/shop/shopping/load_payment_module.php] Array
(
    [ShopID] => 9000034600950
    [ShopPass] => ******
    [OrderID] => 961939-25012350
    [JobCd] => CAPTURE
    [Amount] => 10500
    [TdFlag] => 0
    [TdTenantName] => 
)
 from 201.68.55.186
2025/06/25 01:23:50 [/shop/shopping/load_payment_module.php] AccessID=09581307ff94d496bceee13a3b2a4cf8&AccessPass=aeb75e5b9e3c7120be84d0ce381806bd from 201.68.55.186
2025/06/25 01:23:50 [/shop/shopping/load_payment_module.php] Array
(
    [0] => Array
        (
            [AccessID] => 09581307ff94d496bceee13a3b2a4cf8
            [AccessPass] => aeb75e5b9e3c7120be84d0ce381806bd
        )

)
 from 201.68.55.186
2025/06/25 01:23:50 [/shop/shopping/load_payment_module.php] load_payment_module.php set payment data:Array
(
    [AccessID] => 09581307ff94d496bceee13a3b2a4cf8
    [AccessPass] => aeb75e5b9e3c7120be84d0ce381806bd
    [OrderID] => 961939-25012350
    [Amount] => 10500
    [JobCd] => CAPTURE
    [action_status] => 1
    [pay_status] => 0
)
 from 201.68.55.186
2025/06/25 01:23:50 [/shop/shopping/load_payment_module.php] SendRequest:https://p01.mul-pay.jp/payment/ExecTran.idPass from 201.68.55.186
2025/06/25 01:23:50 [/shop/shopping/load_payment_module.php] Array
(
    [AccessID] => 09581307ff94d496bceee13a3b2a4cf8
    [AccessPass] => aeb75e5b9e3c7120be84d0ce381806bd
    [OrderID] => 961939-25012350
    [Method] => 1
    [Token] => 1deaaf1bbb0e03554b0e1083927d68238c9d8290435a316d7551c400e57a3200
    [ClientField1] => 
    [ClientField2] => 
    [ClientField3] => EC-CUBE4.3.35
)
 from 201.68.55.186
2025/06/25 01:23:51 [/shop/shopping/load_payment_module.php] ACS=0&OrderID=961939-25012350&Forward=2S49631&Method=1&PayTimes=&Approve=0176373&TranID=2506250123602257210134101257&TranDate=20250625012351&CheckString=31823e5dbf0b48d0bc3afc1472f83dbc from 201.68.55.186
2025/06/25 01:23:51 [/shop/shopping/load_payment_module.php] Array
(
    [0] => Array
        (
            [ACS] => 0
            [OrderID] => 961939-25012350
            [Forward] => 2S49631
            [Method] => 1
            [PayTimes] => 
            [Approve] => 0176373
            [TranID] => 2506250123602257210134101257
            [TranDate] => 20250625012351
            [CheckString] => 31823e5dbf0b48d0bc3afc1472f83dbc
        )

)
 from 201.68.55.186
2025/06/25 01:23:51 [/shop/shopping/load_payment_module.php] load_payment_module.php set payment data:Array
(
    [ACS] => 0
    [Forward] => 2S49631
    [Method] => 1
    [PayTimes] => 
    [Approve] => 0176373
    [TranID] => 2506250123602257210134101257
    [TranDate] => 20250625012351
    [CheckString] => 31823e5dbf0b48d0bc3afc1472f83dbc
    [Amount] => 10500
    [JobCd] => CAPTURE
    [action_status] => 3
    [pay_status] => 13
)
 from 201.68.55.186
2025/06/25 01:23:51 [/shop/user_data/pg_mulpay_recv.php] ******* receiveer data start ******* from 210.175.7.20
2025/06/25 01:23:51 [/shop/user_data/pg_mulpay_recv.php] Array
(
    [ShopID] => 9000034600950
    [ShopPass] => **********
    [AccessID] => 09581307ff94d496bceee13a3b2a4cf8
    [AccessPass] => ********************************
    [OrderID] => 961939-25012350
    [Status] => CAPTURE
    [JobCd] => CAPTURE
    [Amount] => 10500
    [Tax] => 0
    [Currency] => JPN
    [Forward] => 2S49631
    [Method] => 1
    [PayTimes] => 
    [TranID] => 2506250123602257210134101257
    [Approve] => 0176373
    [TranDate] => 20250625012351
    [ErrCode] => 
    [ErrInfo] => 
    [PayType] => 0
)
 from 210.175.7.20
2025/06/25 01:23:51 [/shop/user_data/pg_mulpay_recv.php] ******* receiveer data end ******* from 210.175.7.20
2025/06/25 01:23:56 [/shop/user_data/pg_mulpay_recv.php] update order status:1 order_id=961939 from 210.175.7.20
2025/06/25 01:23:56 [/shop/user_data/pg_mulpay_recv.php] pg_mulpay_recv.php set payment data:Array
(
    [ShopID] => 9000034600950
    [AccessID] => 09581307ff94d496bceee13a3b2a4cf8
    [OrderID] => 961939-25012350
    [Status] => CAPTURE
    [JobCd] => CAPTURE
    [Amount] => 10500
    [Tax] => 0
    [Currency] => JPN
    [Forward] => 2S49631
    [Method] => 1
    [PayTimes] => 
    [TranID] => 2506250123602257210134101257
    [Approve] => 0176373
    [TranDate] => 20250625012351
    [ErrCode] => 
    [ErrInfo] => 
    [PayType] => 0
    [CvsCode] => 
    [CvsConfNo] => 
    [CvsReceiptNo] => 
    [EdyReceiptNo] => 
    [EdyOrderNo] => 
    [SuicaReceiptNo] => 
    [SuicaOrderNo] => 
    [CustID] => 
    [BkCode] => 
    [ConfNo] => 
    [PaymentTerm] => 
    [EncryptReceiptNo] => 
    [FinishDate] => 
    [ReceiptDate] => 
    [WebMoneyManagementNo] => 
    [WebMoneySettleCode] => 
    [AuPayInfoNo] => 
    [AuPayMethod] => 
    [AuCancelAmount] => 
    [AuCancelTax] => 
    [DocomoSettlementCode] => 
    [DocomoCancelAmount] => 
    [DocomoCancelTax] => 
    [pay_status] => 13
)
 from 210.175.7.20
2025/06/25 01:23:56 [/shop/user_data/pg_mulpay_recv.php] response:true from 210.175.7.20
2025/06/25 06:33:34 [/shop/shopping/load_payment_module.php] SendRequest:https://p01.mul-pay.jp/payment/SearchMember.idPass from 45.49.164.18
2025/06/25 06:33:34 [/shop/shopping/load_payment_module.php] Array
(
    [SiteID] => mst0000007602
    [SitePass] => ******
    [MemberID] => 5650
)
 from 45.49.164.18
2025/06/25 06:33:34 [/shop/shopping/load_payment_module.php] MemberID=5650&MemberName=r59de8441c7505ZcBvJBNg&DeleteFlag=0 from 45.49.164.18
2025/06/25 06:33:34 [/shop/shopping/load_payment_module.php] Array
(
    [0] => Array
        (
            [MemberID] => 5650
            [MemberName] => r59de8441c7505ZcBvJBNg
            [DeleteFlag] => 0
        )

)
 from 45.49.164.18
2025/06/25 06:33:34 [/shop/shopping/load_payment_module.php] SendRequest:https://p01.mul-pay.jp/payment/SearchCard.idPass from 45.49.164.18
2025/06/25 06:33:34 [/shop/shopping/load_payment_module.php] Array
(
    [SiteID] => mst0000007602
    [SitePass] => ******
    [MemberID] => 5650
)
 from 45.49.164.18
2025/06/25 06:33:34 [/shop/shopping/load_payment_module.php] ErrCode=E01&ErrInfo=E01240002 from 45.49.164.18
2025/06/25 06:33:34 [/shop/shopping/load_payment_module.php] Array
(
    [0] => Array
        (
            [ErrCode] => E01
            [ErrInfo] => E01240002
        )

)
 from 45.49.164.18
2025/06/25 06:40:34 [/shop/shopping/load_payment_module.php] SendRequest:https://p01.mul-pay.jp/payment/SearchMember.idPass from 45.49.164.18
2025/06/25 06:40:34 [/shop/shopping/load_payment_module.php] Array
(
    [SiteID] => mst0000007602
    [SitePass] => ******
    [MemberID] => 5650
)
 from 45.49.164.18
2025/06/25 06:40:34 [/shop/shopping/load_payment_module.php] MemberID=5650&MemberName=r59de8441c7505ZcBvJBNg&DeleteFlag=0 from 45.49.164.18
2025/06/25 06:40:34 [/shop/shopping/load_payment_module.php] Array
(
    [0] => Array
        (
            [MemberID] => 5650
            [MemberName] => r59de8441c7505ZcBvJBNg
            [DeleteFlag] => 0
        )

)
 from 45.49.164.18
2025/06/25 06:40:34 [/shop/shopping/load_payment_module.php] SendRequest:https://p01.mul-pay.jp/payment/SearchCard.idPass from 45.49.164.18
2025/06/25 06:40:34 [/shop/shopping/load_payment_module.php] Array
(
    [SiteID] => mst0000007602
    [SitePass] => ******
    [MemberID] => 5650
)
 from 45.49.164.18
2025/06/25 06:40:34 [/shop/shopping/load_payment_module.php] ErrCode=E01&ErrInfo=E01240002 from 45.49.164.18
2025/06/25 06:40:34 [/shop/shopping/load_payment_module.php] Array
(
    [0] => Array
        (
            [ErrCode] => E01
            [ErrInfo] => E01240002
        )

)
 from 45.49.164.18
2025/06/25 06:40:34 [/shop/shopping/load_payment_module.php] SendRequest:https://p01.mul-pay.jp/payment/EntryTran.idPass from 45.49.164.18
2025/06/25 06:40:34 [/shop/shopping/load_payment_module.php] Array
(
    [ShopID] => 9000034600950
    [ShopPass] => ******
    [OrderID] => 961940-25064034
    [JobCd] => CAPTURE
    [Amount] => 10700
    [TdFlag] => 0
    [TdTenantName] => 
)
 from 45.49.164.18
2025/06/25 06:40:34 [/shop/shopping/load_payment_module.php] AccessID=c5105cc566ccdda96cae182757523547&AccessPass=d2fc161a9ab2cea217c62babcfd0cdb8 from 45.49.164.18
2025/06/25 06:40:34 [/shop/shopping/load_payment_module.php] Array
(
    [0] => Array
        (
            [AccessID] => c5105cc566ccdda96cae182757523547
            [AccessPass] => d2fc161a9ab2cea217c62babcfd0cdb8
        )

)
 from 45.49.164.18
2025/06/25 06:40:34 [/shop/shopping/load_payment_module.php] load_payment_module.php set payment data:Array
(
    [AccessID] => c5105cc566ccdda96cae182757523547
    [AccessPass] => d2fc161a9ab2cea217c62babcfd0cdb8
    [OrderID] => 961940-25064034
    [Amount] => 10700
    [JobCd] => CAPTURE
    [action_status] => 1
    [pay_status] => 0
)
 from 45.49.164.18
2025/06/25 06:40:34 [/shop/shopping/load_payment_module.php] SendRequest:https://p01.mul-pay.jp/payment/ExecTran.idPass from 45.49.164.18
2025/06/25 06:40:34 [/shop/shopping/load_payment_module.php] Array
(
    [AccessID] => c5105cc566ccdda96cae182757523547
    [AccessPass] => d2fc161a9ab2cea217c62babcfd0cdb8
    [OrderID] => 961940-25064034
    [Method] => 1
    [Token] => d76f0b751a281896ddfd72594953b3bf95679b66f94339250bdc6cbeba9118f1
    [ClientField1] => 
    [ClientField2] => 
    [ClientField3] => EC-CUBE4.3.35
)
 from 45.49.164.18
2025/06/25 06:40:35 [/shop/shopping/load_payment_module.php] ACS=0&OrderID=961940-25064034&Forward=2S49631&Method=1&PayTimes=&Approve=0010533&TranID=2506250640602257210134101258&TranDate=20250625064035&CheckString=e4e2711d0a5fc959f40e6b791d7f0cfe from 45.49.164.18
2025/06/25 06:40:35 [/shop/shopping/load_payment_module.php] Array
(
    [0] => Array
        (
            [ACS] => 0
            [OrderID] => 961940-25064034
            [Forward] => 2S49631
            [Method] => 1
            [PayTimes] => 
            [Approve] => 0010533
            [TranID] => 2506250640602257210134101258
            [TranDate] => 20250625064035
            [CheckString] => e4e2711d0a5fc959f40e6b791d7f0cfe
        )

)
 from 45.49.164.18
2025/06/25 06:40:35 [/shop/shopping/load_payment_module.php] load_payment_module.php set payment data:Array
(
    [ACS] => 0
    [Forward] => 2S49631
    [Method] => 1
    [PayTimes] => 
    [Approve] => 0010533
    [TranID] => 2506250640602257210134101258
    [TranDate] => 20250625064035
    [CheckString] => e4e2711d0a5fc959f40e6b791d7f0cfe
    [Amount] => 10700
    [JobCd] => CAPTURE
    [action_status] => 3
    [pay_status] => 13
)
 from 45.49.164.18
2025/06/25 06:40:35 [/shop/user_data/pg_mulpay_recv.php] ******* receiveer data start ******* from 210.175.7.20
2025/06/25 06:40:35 [/shop/user_data/pg_mulpay_recv.php] Array
(
    [ShopID] => 9000034600950
    [ShopPass] => **********
    [AccessID] => c5105cc566ccdda96cae182757523547
    [AccessPass] => ********************************
    [OrderID] => 961940-25064034
    [Status] => CAPTURE
    [JobCd] => CAPTURE
    [Amount] => 10700
    [Tax] => 0
    [Currency] => JPN
    [Forward] => 2S49631
    [Method] => 1
    [PayTimes] => 
    [TranID] => 2506250640602257210134101258
    [Approve] => 0010533
    [TranDate] => 20250625064035
    [ErrCode] => 
    [ErrInfo] => 
    [PayType] => 0
)
 from 210.175.7.20
2025/06/25 06:40:35 [/shop/user_data/pg_mulpay_recv.php] ******* receiveer data end ******* from 210.175.7.20
2025/06/25 06:40:40 [/shop/user_data/pg_mulpay_recv.php] update order status:1 order_id=961940 from 210.175.7.20
2025/06/25 06:40:40 [/shop/user_data/pg_mulpay_recv.php] pg_mulpay_recv.php set payment data:Array
(
    [ShopID] => 9000034600950
    [AccessID] => c5105cc566ccdda96cae182757523547
    [OrderID] => 961940-25064034
    [Status] => CAPTURE
    [JobCd] => CAPTURE
    [Amount] => 10700
    [Tax] => 0
    [Currency] => JPN
    [Forward] => 2S49631
    [Method] => 1
    [PayTimes] => 
    [TranID] => 2506250640602257210134101258
    [Approve] => 0010533
    [TranDate] => 20250625064035
    [ErrCode] => 
    [ErrInfo] => 
    [PayType] => 0
    [CvsCode] => 
    [CvsConfNo] => 
    [CvsReceiptNo] => 
    [EdyReceiptNo] => 
    [EdyOrderNo] => 
    [SuicaReceiptNo] => 
    [SuicaOrderNo] => 
    [CustID] => 
    [BkCode] => 
    [ConfNo] => 
    [PaymentTerm] => 
    [EncryptReceiptNo] => 
    [FinishDate] => 
    [ReceiptDate] => 
    [WebMoneyManagementNo] => 
    [WebMoneySettleCode] => 
    [AuPayInfoNo] => 
    [AuPayMethod] => 
    [AuCancelAmount] => 
    [AuCancelTax] => 
    [DocomoSettlementCode] => 
    [DocomoCancelAmount] => 
    [DocomoCancelTax] => 
    [pay_status] => 13
)
 from 210.175.7.20
2025/06/25 06:40:40 [/shop/user_data/pg_mulpay_recv.php] response:true from 210.175.7.20
2025/06/25 07:43:55 [/shop/shopping/load_payment_module.php] SendRequest:https://p01.mul-pay.jp/payment/SearchMember.idPass from 89.38.128.56
2025/06/25 07:43:55 [/shop/shopping/load_payment_module.php] Array
(
    [SiteID] => mst0000007602
    [SitePass] => ******
    [MemberID] => 13351
)
 from 89.38.128.56
2025/06/25 07:43:55 [/shop/shopping/load_payment_module.php] ErrCode=E01&ErrInfo=E01390002 from 89.38.128.56
2025/06/25 07:43:55 [/shop/shopping/load_payment_module.php] Array
(
    [0] => Array
        (
            [ErrCode] => E01
            [ErrInfo] => E01390002
        )

)
 from 89.38.128.56
2025/06/25 07:43:55 [/shop/shopping/load_payment_module.php] SendRequest:https://p01.mul-pay.jp/payment/SearchCard.idPass from 89.38.128.56
2025/06/25 07:43:55 [/shop/shopping/load_payment_module.php] Array
(
    [SiteID] => mst0000007602
    [SitePass] => ******
    [MemberID] => 13351
)
 from 89.38.128.56
2025/06/25 07:43:55 [/shop/shopping/load_payment_module.php] ErrCode=E01|E01&ErrInfo=E01390002|E01240002 from 89.38.128.56
2025/06/25 07:43:55 [/shop/shopping/load_payment_module.php] Array
(
    [0] => Array
        (
            [ErrCode] => E01
            [ErrInfo] => E01390002
        )

    [1] => Array
        (
            [ErrCode] => E01
            [ErrInfo] => E01240002
        )

)
 from 89.38.128.56
2025/06/25 07:51:08 [/shop/shopping/load_payment_module.php] SendRequest:https://p01.mul-pay.jp/payment/SearchMember.idPass from 89.38.128.56
2025/06/25 07:51:08 [/shop/shopping/load_payment_module.php] Array
(
    [SiteID] => mst0000007602
    [SitePass] => ******
    [MemberID] => 13351
)
 from 89.38.128.56
2025/06/25 07:51:08 [/shop/shopping/load_payment_module.php] ErrCode=E01&ErrInfo=E01390002 from 89.38.128.56
2025/06/25 07:51:08 [/shop/shopping/load_payment_module.php] Array
(
    [0] => Array
        (
            [ErrCode] => E01
            [ErrInfo] => E01390002
        )

)
 from 89.38.128.56
2025/06/25 07:51:08 [/shop/shopping/load_payment_module.php] SendRequest:https://p01.mul-pay.jp/payment/SearchCard.idPass from 89.38.128.56
2025/06/25 07:51:08 [/shop/shopping/load_payment_module.php] Array
(
    [SiteID] => mst0000007602
    [SitePass] => ******
    [MemberID] => 13351
)
 from 89.38.128.56
2025/06/25 07:51:08 [/shop/shopping/load_payment_module.php] ErrCode=E01|E01&ErrInfo=E01390002|E01240002 from 89.38.128.56
2025/06/25 07:51:08 [/shop/shopping/load_payment_module.php] Array
(
    [0] => Array
        (
            [ErrCode] => E01
            [ErrInfo] => E01390002
        )

    [1] => Array
        (
            [ErrCode] => E01
            [ErrInfo] => E01240002
        )

)
 from 89.38.128.56
2025/06/25 07:51:08 [/shop/shopping/load_payment_module.php] SendRequest:https://p01.mul-pay.jp/payment/EntryTran.idPass from 89.38.128.56
2025/06/25 07:51:08 [/shop/shopping/load_payment_module.php] Array
(
    [ShopID] => 9000034600950
    [ShopPass] => ******
    [OrderID] => 961941-25075108
    [JobCd] => CAPTURE
    [Amount] => 16800
    [TdFlag] => 0
    [TdTenantName] => 
)
 from 89.38.128.56
2025/06/25 07:51:08 [/shop/shopping/load_payment_module.php] AccessID=e59daf814c7092f90d792c502d749e4c&AccessPass=76d6da8e7b5fcb4f75cdead0642add72 from 89.38.128.56
2025/06/25 07:51:08 [/shop/shopping/load_payment_module.php] Array
(
    [0] => Array
        (
            [AccessID] => e59daf814c7092f90d792c502d749e4c
            [AccessPass] => 76d6da8e7b5fcb4f75cdead0642add72
        )

)
 from 89.38.128.56
2025/06/25 07:51:08 [/shop/shopping/load_payment_module.php] load_payment_module.php set payment data:Array
(
    [AccessID] => e59daf814c7092f90d792c502d749e4c
    [AccessPass] => 76d6da8e7b5fcb4f75cdead0642add72
    [OrderID] => 961941-25075108
    [Amount] => 16800
    [JobCd] => CAPTURE
    [action_status] => 1
    [pay_status] => 0
)
 from 89.38.128.56
2025/06/25 07:51:08 [/shop/shopping/load_payment_module.php] SendRequest:https://p01.mul-pay.jp/payment/ExecTran.idPass from 89.38.128.56
2025/06/25 07:51:08 [/shop/shopping/load_payment_module.php] Array
(
    [AccessID] => e59daf814c7092f90d792c502d749e4c
    [AccessPass] => 76d6da8e7b5fcb4f75cdead0642add72
    [OrderID] => 961941-25075108
    [Method] => 1
    [Token] => d6ef02c4ce48aa3a5c8b3d3d07410bb48883550a9fe005363723336f897a159e
    [ClientField1] => 
    [ClientField2] => 
    [ClientField3] => EC-CUBE4.3.35
)
 from 89.38.128.56
2025/06/25 07:51:08 [/shop/shopping/load_payment_module.php] ErrCode=E01&ErrInfo=E01260010 from 89.38.128.56
2025/06/25 07:51:08 [/shop/shopping/load_payment_module.php] Array
(
    [0] => Array
        (
            [ErrCode] => E01
            [ErrInfo] => E01260010
        )

)
 from 89.38.128.56
2025/06/25 07:51:08 [/shop/shopping/load_payment_module.php] load_payment_module.php set payment data:Array
(
    [request_error] => Array
        (
            [0] => 指定された支払方法はご利用できません。 (E01-E01260010)
        )

    [Amount] => 16800
    [JobCd] => CAPTURE
    [action_status] => 3
)
 from 89.38.128.56
2025/06/25 12:26:25 [/shop/shopping/load_payment_module.php] SendRequest:https://p01.mul-pay.jp/payment/EntryTran.idPass from 49.97.37.44
2025/06/25 12:26:25 [/shop/shopping/load_payment_module.php] Array
(
    [ShopID] => 9000034600950
    [ShopPass] => ******
    [OrderID] => 961942-25122625
    [JobCd] => CAPTURE
    [Amount] => 12270
    [TdFlag] => 0
    [TdTenantName] => 
)
 from 49.97.37.44
2025/06/25 12:26:25 [/shop/shopping/load_payment_module.php] AccessID=9348505e50c275de6f7d4cfa7c67e6ff&AccessPass=07907e640245d9023b55025056704fb3 from 49.97.37.44
2025/06/25 12:26:25 [/shop/shopping/load_payment_module.php] Array
(
    [0] => Array
        (
            [AccessID] => 9348505e50c275de6f7d4cfa7c67e6ff
            [AccessPass] => 07907e640245d9023b55025056704fb3
        )

)
 from 49.97.37.44
2025/06/25 12:26:25 [/shop/shopping/load_payment_module.php] load_payment_module.php set payment data:Array
(
    [AccessID] => 9348505e50c275de6f7d4cfa7c67e6ff
    [AccessPass] => 07907e640245d9023b55025056704fb3
    [OrderID] => 961942-25122625
    [Amount] => 12270
    [JobCd] => CAPTURE
    [action_status] => 1
    [pay_status] => 0
)
 from 49.97.37.44
2025/06/25 12:26:25 [/shop/shopping/load_payment_module.php] SendRequest:https://p01.mul-pay.jp/payment/ExecTran.idPass from 49.97.37.44
2025/06/25 12:26:25 [/shop/shopping/load_payment_module.php] Array
(
    [AccessID] => 9348505e50c275de6f7d4cfa7c67e6ff
    [AccessPass] => 07907e640245d9023b55025056704fb3
    [OrderID] => 961942-25122625
    [Method] => 1
    [Token] => d1273d3911a1e527db646a801e93c043a31fce2b1ae3c71f301d00f3ad3f77b5
    [ClientField1] => 
    [ClientField2] => 
    [ClientField3] => EC-CUBE4.3.35
)
 from 49.97.37.44
2025/06/25 12:26:26 [/shop/shopping/load_payment_module.php] ACS=0&OrderID=961942-25122625&Forward=2a99661&Method=1&PayTimes=&Approve=0201400&TranID=2506251226602257210134101259&TranDate=20250625122626&CheckString=954e12e81a571d129bd14978edae0cad from 49.97.37.44
2025/06/25 12:26:26 [/shop/shopping/load_payment_module.php] Array
(
    [0] => Array
        (
            [ACS] => 0
            [OrderID] => 961942-25122625
            [Forward] => 2a99661
            [Method] => 1
            [PayTimes] => 
            [Approve] => 0201400
            [TranID] => 2506251226602257210134101259
            [TranDate] => 20250625122626
            [CheckString] => 954e12e81a571d129bd14978edae0cad
        )

)
 from 49.97.37.44
2025/06/25 12:26:26 [/shop/shopping/load_payment_module.php] load_payment_module.php set payment data:Array
(
    [ACS] => 0
    [Forward] => 2a99661
    [Method] => 1
    [PayTimes] => 
    [Approve] => 0201400
    [TranID] => 2506251226602257210134101259
    [TranDate] => 20250625122626
    [CheckString] => 954e12e81a571d129bd14978edae0cad
    [Amount] => 12270
    [JobCd] => CAPTURE
    [action_status] => 3
    [pay_status] => 13
)
 from 49.97.37.44
2025/06/25 12:26:26 [/shop/user_data/pg_mulpay_recv.php] ******* receiveer data start ******* from 210.175.7.20
2025/06/25 12:26:27 [/shop/user_data/pg_mulpay_recv.php] Array
(
    [ShopID] => 9000034600950
    [ShopPass] => **********
    [AccessID] => 9348505e50c275de6f7d4cfa7c67e6ff
    [AccessPass] => ********************************
    [OrderID] => 961942-25122625
    [Status] => CAPTURE
    [JobCd] => CAPTURE
    [Amount] => 12270
    [Tax] => 0
    [Currency] => JPN
    [Forward] => 2a99661
    [Method] => 1
    [PayTimes] => 
    [TranID] => 2506251226602257210134101259
    [Approve] => 0201400
    [TranDate] => 20250625122626
    [ErrCode] => 
    [ErrInfo] => 
    [PayType] => 0
)
 from 210.175.7.20
2025/06/25 12:26:27 [/shop/user_data/pg_mulpay_recv.php] ******* receiveer data end ******* from 210.175.7.20
2025/06/25 12:26:32 [/shop/user_data/pg_mulpay_recv.php] update order status:1 order_id=961942 from 210.175.7.20
2025/06/25 12:26:32 [/shop/user_data/pg_mulpay_recv.php] pg_mulpay_recv.php set payment data:Array
(
    [ShopID] => 9000034600950
    [AccessID] => 9348505e50c275de6f7d4cfa7c67e6ff
    [OrderID] => 961942-25122625
    [Status] => CAPTURE
    [JobCd] => CAPTURE
    [Amount] => 12270
    [Tax] => 0
    [Currency] => JPN
    [Forward] => 2a99661
    [Method] => 1
    [PayTimes] => 
    [TranID] => 2506251226602257210134101259
    [Approve] => 0201400
    [TranDate] => 20250625122626
    [ErrCode] => 
    [ErrInfo] => 
    [PayType] => 0
    [CvsCode] => 
    [CvsConfNo] => 
    [CvsReceiptNo] => 
    [EdyReceiptNo] => 
    [EdyOrderNo] => 
    [SuicaReceiptNo] => 
    [SuicaOrderNo] => 
    [CustID] => 
    [BkCode] => 
    [ConfNo] => 
    [PaymentTerm] => 
    [EncryptReceiptNo] => 
    [FinishDate] => 
    [ReceiptDate] => 
    [WebMoneyManagementNo] => 
    [WebMoneySettleCode] => 
    [AuPayInfoNo] => 
    [AuPayMethod] => 
    [AuCancelAmount] => 
    [AuCancelTax] => 
    [DocomoSettlementCode] => 
    [DocomoCancelAmount] => 
    [DocomoCancelTax] => 
    [pay_status] => 13
)
 from 210.175.7.20
2025/06/25 12:26:32 [/shop/user_data/pg_mulpay_recv.php] response:true from 210.175.7.20
2025/06/25 14:33:02 [/shop/shopping/load_payment_module.php] SendRequest:https://p01.mul-pay.jp/payment/SearchMember.idPass from 73.162.229.226
2025/06/25 14:33:02 [/shop/shopping/load_payment_module.php] Array
(
    [SiteID] => mst0000007602
    [SitePass] => ******
    [MemberID] => 13352
)
 from 73.162.229.226
2025/06/25 14:33:02 [/shop/shopping/load_payment_module.php] ErrCode=E01&ErrInfo=E01390002 from 73.162.229.226
2025/06/25 14:33:02 [/shop/shopping/load_payment_module.php] Array
(
    [0] => Array
        (
            [ErrCode] => E01
            [ErrInfo] => E01390002
        )

)
 from 73.162.229.226
2025/06/25 14:33:02 [/shop/shopping/load_payment_module.php] SendRequest:https://p01.mul-pay.jp/payment/SearchCard.idPass from 73.162.229.226
2025/06/25 14:33:02 [/shop/shopping/load_payment_module.php] Array
(
    [SiteID] => mst0000007602
    [SitePass] => ******
    [MemberID] => 13352
)
 from 73.162.229.226
2025/06/25 14:33:02 [/shop/shopping/load_payment_module.php] ErrCode=E01|E01&ErrInfo=E01390002|E01240002 from 73.162.229.226
2025/06/25 14:33:02 [/shop/shopping/load_payment_module.php] Array
(
    [0] => Array
        (
            [ErrCode] => E01
            [ErrInfo] => E01390002
        )

    [1] => Array
        (
            [ErrCode] => E01
            [ErrInfo] => E01240002
        )

)
 from 73.162.229.226
2025/06/25 14:33:11 [/shop/shopping/load_payment_module.php] SendRequest:https://p01.mul-pay.jp/payment/SearchMember.idPass from 73.162.229.226
2025/06/25 14:33:11 [/shop/shopping/load_payment_module.php] Array
(
    [SiteID] => mst0000007602
    [SitePass] => ******
    [MemberID] => 13352
)
 from 73.162.229.226
2025/06/25 14:33:11 [/shop/shopping/load_payment_module.php] ErrCode=E01&ErrInfo=E01390002 from 73.162.229.226
2025/06/25 14:33:11 [/shop/shopping/load_payment_module.php] Array
(
    [0] => Array
        (
            [ErrCode] => E01
            [ErrInfo] => E01390002
        )

)
 from 73.162.229.226
2025/06/25 14:33:11 [/shop/shopping/load_payment_module.php] SendRequest:https://p01.mul-pay.jp/payment/SearchCard.idPass from 73.162.229.226
2025/06/25 14:33:11 [/shop/shopping/load_payment_module.php] Array
(
    [SiteID] => mst0000007602
    [SitePass] => ******
    [MemberID] => 13352
)
 from 73.162.229.226
2025/06/25 14:33:11 [/shop/shopping/load_payment_module.php] ErrCode=E01|E01&ErrInfo=E01390002|E01240002 from 73.162.229.226
2025/06/25 14:33:12 [/shop/shopping/load_payment_module.php] Array
(
    [0] => Array
        (
            [ErrCode] => E01
            [ErrInfo] => E01390002
        )

    [1] => Array
        (
            [ErrCode] => E01
            [ErrInfo] => E01240002
        )

)
 from 73.162.229.226
2025/06/25 14:35:06 [/shop/shopping/load_payment_module.php] SendRequest:https://p01.mul-pay.jp/payment/SearchMember.idPass from 73.162.229.226
2025/06/25 14:35:06 [/shop/shopping/load_payment_module.php] Array
(
    [SiteID] => mst0000007602
    [SitePass] => ******
    [MemberID] => 13352
)
 from 73.162.229.226
2025/06/25 14:35:06 [/shop/shopping/load_payment_module.php] ErrCode=E01&ErrInfo=E01390002 from 73.162.229.226
2025/06/25 14:35:06 [/shop/shopping/load_payment_module.php] Array
(
    [0] => Array
        (
            [ErrCode] => E01
            [ErrInfo] => E01390002
        )

)
 from 73.162.229.226
2025/06/25 14:35:06 [/shop/shopping/load_payment_module.php] SendRequest:https://p01.mul-pay.jp/payment/SearchCard.idPass from 73.162.229.226
2025/06/25 14:35:06 [/shop/shopping/load_payment_module.php] Array
(
    [SiteID] => mst0000007602
    [SitePass] => ******
    [MemberID] => 13352
)
 from 73.162.229.226
2025/06/25 14:35:07 [/shop/shopping/load_payment_module.php] ErrCode=E01|E01&ErrInfo=E01390002|E01240002 from 73.162.229.226
2025/06/25 14:35:07 [/shop/shopping/load_payment_module.php] Array
(
    [0] => Array
        (
            [ErrCode] => E01
            [ErrInfo] => E01390002
        )

    [1] => Array
        (
            [ErrCode] => E01
            [ErrInfo] => E01240002
        )

)
 from 73.162.229.226
2025/06/25 14:35:31 [/shop/shopping/load_payment_module.php] SendRequest:https://p01.mul-pay.jp/payment/SearchMember.idPass from 73.162.229.226
2025/06/25 14:35:31 [/shop/shopping/load_payment_module.php] Array
(
    [SiteID] => mst0000007602
    [SitePass] => ******
    [MemberID] => 13352
)
 from 73.162.229.226
2025/06/25 14:35:31 [/shop/shopping/load_payment_module.php] ErrCode=E01&ErrInfo=E01390002 from 73.162.229.226
2025/06/25 14:35:31 [/shop/shopping/load_payment_module.php] Array
(
    [0] => Array
        (
            [ErrCode] => E01
            [ErrInfo] => E01390002
        )

)
 from 73.162.229.226
2025/06/25 14:35:31 [/shop/shopping/load_payment_module.php] SendRequest:https://p01.mul-pay.jp/payment/SearchCard.idPass from 73.162.229.226
2025/06/25 14:35:31 [/shop/shopping/load_payment_module.php] Array
(
    [SiteID] => mst0000007602
    [SitePass] => ******
    [MemberID] => 13352
)
 from 73.162.229.226
2025/06/25 14:35:31 [/shop/shopping/load_payment_module.php] ErrCode=E01|E01&ErrInfo=E01390002|E01240002 from 73.162.229.226
2025/06/25 14:35:31 [/shop/shopping/load_payment_module.php] Array
(
    [0] => Array
        (
            [ErrCode] => E01
            [ErrInfo] => E01390002
        )

    [1] => Array
        (
            [ErrCode] => E01
            [ErrInfo] => E01240002
        )

)
 from 73.162.229.226
2025/06/25 14:35:31 [/shop/shopping/load_payment_module.php] SendRequest:https://p01.mul-pay.jp/payment/EntryTran.idPass from 73.162.229.226
2025/06/25 14:35:31 [/shop/shopping/load_payment_module.php] Array
(
    [ShopID] => 9000034600950
    [ShopPass] => ******
    [OrderID] => 961944-25143531
    [JobCd] => CAPTURE
    [Amount] => 16500
    [TdFlag] => 0
    [TdTenantName] => 
)
 from 73.162.229.226
2025/06/25 14:35:31 [/shop/shopping/load_payment_module.php] AccessID=624dc159325bc4ea6880d066bb50a6df&AccessPass=9f659ce56b11baef201026c59599ca30 from 73.162.229.226
2025/06/25 14:35:31 [/shop/shopping/load_payment_module.php] Array
(
    [0] => Array
        (
            [AccessID] => 624dc159325bc4ea6880d066bb50a6df
            [AccessPass] => 9f659ce56b11baef201026c59599ca30
        )

)
 from 73.162.229.226
2025/06/25 14:35:31 [/shop/shopping/load_payment_module.php] load_payment_module.php set payment data:Array
(
    [AccessID] => 624dc159325bc4ea6880d066bb50a6df
    [AccessPass] => 9f659ce56b11baef201026c59599ca30
    [OrderID] => 961944-25143531
    [Amount] => 16500
    [JobCd] => CAPTURE
    [action_status] => 1
    [pay_status] => 0
)
 from 73.162.229.226
2025/06/25 14:35:31 [/shop/shopping/load_payment_module.php] SendRequest:https://p01.mul-pay.jp/payment/ExecTran.idPass from 73.162.229.226
2025/06/25 14:35:31 [/shop/shopping/load_payment_module.php] Array
(
    [AccessID] => 624dc159325bc4ea6880d066bb50a6df
    [AccessPass] => 9f659ce56b11baef201026c59599ca30
    [OrderID] => 961944-25143531
    [Method] => 1
    [Token] => a4c127c0772c0eb49df2461b409412eea1cc68d6e5589326984103d753768154
    [ClientField1] => 
    [ClientField2] => 
    [ClientField3] => EC-CUBE4.3.35
)
 from 73.162.229.226
2025/06/25 14:35:32 [/shop/shopping/load_payment_module.php] ACS=0&OrderID=961944-25143531&Forward=2S49631&Method=1&PayTimes=&Approve=0059553&TranID=2506251435602257210134101260&TranDate=20250625143532&CheckString=ccbec8b3eee5e7e31eba8fe1926b65e1 from 73.162.229.226
2025/06/25 14:35:32 [/shop/shopping/load_payment_module.php] Array
(
    [0] => Array
        (
            [ACS] => 0
            [OrderID] => 961944-25143531
            [Forward] => 2S49631
            [Method] => 1
            [PayTimes] => 
            [Approve] => 0059553
            [TranID] => 2506251435602257210134101260
            [TranDate] => 20250625143532
            [CheckString] => ccbec8b3eee5e7e31eba8fe1926b65e1
        )

)
 from 73.162.229.226
2025/06/25 14:35:32 [/shop/shopping/load_payment_module.php] load_payment_module.php set payment data:Array
(
    [ACS] => 0
    [Forward] => 2S49631
    [Method] => 1
    [PayTimes] => 
    [Approve] => 0059553
    [TranID] => 2506251435602257210134101260
    [TranDate] => 20250625143532
    [CheckString] => ccbec8b3eee5e7e31eba8fe1926b65e1
    [Amount] => 16500
    [JobCd] => CAPTURE
    [action_status] => 3
    [pay_status] => 13
)
 from 73.162.229.226
2025/06/25 14:35:32 [/shop/user_data/pg_mulpay_recv.php] ******* receiveer data start ******* from 210.175.7.20
2025/06/25 14:35:32 [/shop/user_data/pg_mulpay_recv.php] Array
(
    [ShopID] => 9000034600950
    [ShopPass] => **********
    [AccessID] => 624dc159325bc4ea6880d066bb50a6df
    [AccessPass] => ********************************
    [OrderID] => 961944-25143531
    [Status] => CAPTURE
    [JobCd] => CAPTURE
    [Amount] => 16500
    [Tax] => 0
    [Currency] => JPN
    [Forward] => 2S49631
    [Method] => 1
    [PayTimes] => 
    [TranID] => 2506251435602257210134101260
    [Approve] => 0059553
    [TranDate] => 20250625143532
    [ErrCode] => 
    [ErrInfo] => 
    [PayType] => 0
)
 from 210.175.7.20
2025/06/25 14:35:32 [/shop/user_data/pg_mulpay_recv.php] ******* receiveer data end ******* from 210.175.7.20
2025/06/25 14:35:37 [/shop/user_data/pg_mulpay_recv.php] update order status:1 order_id=961944 from 210.175.7.20
2025/06/25 14:35:37 [/shop/user_data/pg_mulpay_recv.php] pg_mulpay_recv.php set payment data:Array
(
    [ShopID] => 9000034600950
    [AccessID] => 624dc159325bc4ea6880d066bb50a6df
    [OrderID] => 961944-25143531
    [Status] => CAPTURE
    [JobCd] => CAPTURE
    [Amount] => 16500
    [Tax] => 0
    [Currency] => JPN
    [Forward] => 2S49631
    [Method] => 1
    [PayTimes] => 
    [TranID] => 2506251435602257210134101260
    [Approve] => 0059553
    [TranDate] => 20250625143532
    [ErrCode] => 
    [ErrInfo] => 
    [PayType] => 0
    [CvsCode] => 
    [CvsConfNo] => 
    [CvsReceiptNo] => 
    [EdyReceiptNo] => 
    [EdyOrderNo] => 
    [SuicaReceiptNo] => 
    [SuicaOrderNo] => 
    [CustID] => 
    [BkCode] => 
    [ConfNo] => 
    [PaymentTerm] => 
    [EncryptReceiptNo] => 
    [FinishDate] => 
    [ReceiptDate] => 
    [WebMoneyManagementNo] => 
    [WebMoneySettleCode] => 
    [AuPayInfoNo] => 
    [AuPayMethod] => 
    [AuCancelAmount] => 
    [AuCancelTax] => 
    [DocomoSettlementCode] => 
    [DocomoCancelAmount] => 
    [DocomoCancelTax] => 
    [pay_status] => 13
)
 from 210.175.7.20
2025/06/25 14:35:37 [/shop/user_data/pg_mulpay_recv.php] response:true from 210.175.7.20
