2021/08/05 08:58:44 [/shop/shopping/load_payment_module.php] SendRequest:https://p01.mul-pay.jp/payment/EntryTran.idPass from 121.116.60.26
2021/08/05 08:58:44 [/shop/shopping/load_payment_module.php] Array
(
    [ShopID] => 9000034600950
    [ShopPass] => ******
    [OrderID] => 945617-05085844
    [JobCd] => CAPTURE
    [Amount] => 11090
    [TdFlag] => 0
    [TdTenantName] => 
)
 from 121.116.60.26
2021/08/05 08:58:44 [/shop/shopping/load_payment_module.php] AccessID=6d8175ca69037b3bbe9ebee6bfda877b&AccessPass=c90e9b89902ba8d78f9cbdafa603951c from 121.116.60.26
2021/08/05 08:58:44 [/shop/shopping/load_payment_module.php] Array
(
    [0] => Array
        (
            [AccessID] => 6d8175ca69037b3bbe9ebee6bfda877b
            [AccessPass] => c90e9b89902ba8d78f9cbdafa603951c
        )

)
 from 121.116.60.26
2021/08/05 08:58:44 [/shop/shopping/load_payment_module.php] load_payment_module.php set payment data:Array
(
    [AccessID] => 6d8175ca69037b3bbe9ebee6bfda877b
    [AccessPass] => c90e9b89902ba8d78f9cbdafa603951c
    [OrderID] => 945617-05085844
    [Amount] => 11090
    [JobCd] => CAPTURE
    [action_status] => 1
    [pay_status] => 0
)
 from 121.116.60.26
2021/08/05 08:58:44 [/shop/shopping/load_payment_module.php] SendRequest:https://p01.mul-pay.jp/payment/ExecTran.idPass from 121.116.60.26
2021/08/05 08:58:44 [/shop/shopping/load_payment_module.php] Array
(
    [AccessID] => 6d8175ca69037b3bbe9ebee6bfda877b
    [AccessPass] => c90e9b89902ba8d78f9cbdafa603951c
    [OrderID] => 945617-05085844
    [Method] => 1
    [Token] => fd7ff36610368c186377f848f09586bbbcbc5038d75694640cf3125d70f2eea1
    [ClientField1] => 
    [ClientField2] => 
    [ClientField3] => EC-CUBE4.3.24
)
 from 121.116.60.26
2021/08/05 08:58:45 [/shop/shopping/load_payment_module.php] ACS=0&OrderID=945617-05085844&Forward=2S49631&Method=1&PayTimes=&Approve=0013441&TranID=2108050858602257210134113947&TranDate=20210805085846&CheckString=93caa0d799c6c4268c408dea8c384b0c from 121.116.60.26
2021/08/05 08:58:45 [/shop/shopping/load_payment_module.php] Array
(
    [0] => Array
        (
            [ACS] => 0
            [OrderID] => 945617-05085844
            [Forward] => 2S49631
            [Method] => 1
            [PayTimes] => 
            [Approve] => 0013441
            [TranID] => 2108050858602257210134113947
            [TranDate] => 20210805085846
            [CheckString] => 93caa0d799c6c4268c408dea8c384b0c
        )

)
 from 121.116.60.26
2021/08/05 08:58:45 [/shop/shopping/load_payment_module.php] load_payment_module.php set payment data:Array
(
    [ACS] => 0
    [Forward] => 2S49631
    [Method] => 1
    [PayTimes] => 
    [Approve] => 0013441
    [TranID] => 2108050858602257210134113947
    [TranDate] => 20210805085846
    [CheckString] => 93caa0d799c6c4268c408dea8c384b0c
    [Amount] => 11090
    [JobCd] => CAPTURE
    [action_status] => 3
    [pay_status] => 13
)
 from 121.116.60.26
2021/08/05 08:58:46 [/shop/user_data/pg_mulpay_recv.php] ******* receiveer data start ******* from 210.175.7.20
2021/08/05 08:58:46 [/shop/user_data/pg_mulpay_recv.php] Array
(
    [ShopID] => 9000034600950
    [ShopPass] => **********
    [AccessID] => 6d8175ca69037b3bbe9ebee6bfda877b
    [AccessPass] => ********************************
    [OrderID] => 945617-05085844
    [Status] => CAPTURE
    [JobCd] => CAPTURE
    [Amount] => 11090
    [Tax] => 0
    [Currency] => JPN
    [Forward] => 2S49631
    [Method] => 1
    [PayTimes] => 
    [TranID] => 2108050858602257210134113947
    [Approve] => 0013441
    [TranDate] => 20210805085846
    [ErrCode] => 
    [ErrInfo] => 
    [PayType] => 0
)
 from 210.175.7.20
2021/08/05 08:58:46 [/shop/user_data/pg_mulpay_recv.php] ******* receiveer data end ******* from 210.175.7.20
2021/08/05 08:58:51 [/shop/user_data/pg_mulpay_recv.php] update order status:1 order_id=945617 from 210.175.7.20
2021/08/05 08:58:51 [/shop/user_data/pg_mulpay_recv.php] pg_mulpay_recv.php set payment data:Array
(
    [ShopID] => 9000034600950
    [AccessID] => 6d8175ca69037b3bbe9ebee6bfda877b
    [OrderID] => 945617-05085844
    [Status] => CAPTURE
    [JobCd] => CAPTURE
    [Amount] => 11090
    [Tax] => 0
    [Currency] => JPN
    [Forward] => 2S49631
    [Method] => 1
    [PayTimes] => 
    [TranID] => 2108050858602257210134113947
    [Approve] => 0013441
    [TranDate] => 20210805085846
    [ErrCode] => 
    [ErrInfo] => 
    [PayType] => 0
    [CvsCode] => 
    [CvsConfNo] => 
    [CvsReceiptNo] => 
    [EdyReceiptNo] => 
    [EdyOrderNo] => 
    [SuicaReceiptNo] => 
    [SuicaOrderNo] => 
    [CustID] => 
    [BkCode] => 
    [ConfNo] => 
    [PaymentTerm] => 
    [EncryptReceiptNo] => 
    [FinishDate] => 
    [ReceiptDate] => 
    [WebMoneyManagementNo] => 
    [WebMoneySettleCode] => 
    [AuPayInfoNo] => 
    [AuPayMethod] => 
    [AuCancelAmount] => 
    [AuCancelTax] => 
    [DocomoSettlementCode] => 
    [DocomoCancelAmount] => 
    [DocomoCancelTax] => 
    [pay_status] => 13
)
 from 210.175.7.20
2021/08/05 08:58:52 [/shop/user_data/pg_mulpay_recv.php] response:true from 210.175.7.20
2021/08/05 13:03:11 [/shop/shopping/load_payment_module.php] SendRequest:https://p01.mul-pay.jp/payment/SearchMember.idPass from 223.29.216.3
2021/08/05 13:03:11 [/shop/shopping/load_payment_module.php] Array
(
    [SiteID] => mst0000007602
    [SitePass] => ******
    [MemberID] => 10557
)
 from 223.29.216.3
2021/08/05 13:03:11 [/shop/shopping/load_payment_module.php] ErrCode=E01&ErrInfo=E01390002 from 223.29.216.3
2021/08/05 13:03:11 [/shop/shopping/load_payment_module.php] Array
(
    [0] => Array
        (
            [ErrCode] => E01
            [ErrInfo] => E01390002
        )

)
 from 223.29.216.3
2021/08/05 13:03:11 [/shop/shopping/load_payment_module.php] SendRequest:https://p01.mul-pay.jp/payment/SearchCard.idPass from 223.29.216.3
2021/08/05 13:03:11 [/shop/shopping/load_payment_module.php] Array
(
    [SiteID] => mst0000007602
    [SitePass] => ******
    [MemberID] => 10557
)
 from 223.29.216.3
2021/08/05 13:03:11 [/shop/shopping/load_payment_module.php] ErrCode=E01|E01&ErrInfo=E01390002|E01240002 from 223.29.216.3
2021/08/05 13:03:11 [/shop/shopping/load_payment_module.php] Array
(
    [0] => Array
        (
            [ErrCode] => E01
            [ErrInfo] => E01390002
        )

    [1] => Array
        (
            [ErrCode] => E01
            [ErrInfo] => E01240002
        )

)
 from 223.29.216.3
2021/08/05 13:04:15 [/shop/shopping/load_payment_module.php] SendRequest:https://p01.mul-pay.jp/payment/SearchMember.idPass from 223.29.216.3
2021/08/05 13:04:15 [/shop/shopping/load_payment_module.php] Array
(
    [SiteID] => mst0000007602
    [SitePass] => ******
    [MemberID] => 10557
)
 from 223.29.216.3
2021/08/05 13:04:15 [/shop/shopping/load_payment_module.php] ErrCode=E01&ErrInfo=E01390002 from 223.29.216.3
2021/08/05 13:04:15 [/shop/shopping/load_payment_module.php] Array
(
    [0] => Array
        (
            [ErrCode] => E01
            [ErrInfo] => E01390002
        )

)
 from 223.29.216.3
2021/08/05 13:04:15 [/shop/shopping/load_payment_module.php] SendRequest:https://p01.mul-pay.jp/payment/SearchCard.idPass from 223.29.216.3
2021/08/05 13:04:15 [/shop/shopping/load_payment_module.php] Array
(
    [SiteID] => mst0000007602
    [SitePass] => ******
    [MemberID] => 10557
)
 from 223.29.216.3
2021/08/05 13:04:15 [/shop/shopping/load_payment_module.php] ErrCode=E01|E01&ErrInfo=E01390002|E01240002 from 223.29.216.3
2021/08/05 13:04:15 [/shop/shopping/load_payment_module.php] Array
(
    [0] => Array
        (
            [ErrCode] => E01
            [ErrInfo] => E01390002
        )

    [1] => Array
        (
            [ErrCode] => E01
            [ErrInfo] => E01240002
        )

)
 from 223.29.216.3
2021/08/05 13:04:15 [/shop/shopping/load_payment_module.php] SendRequest:https://p01.mul-pay.jp/payment/EntryTran.idPass from 223.29.216.3
2021/08/05 13:04:15 [/shop/shopping/load_payment_module.php] Array
(
    [ShopID] => 9000034600950
    [ShopPass] => ******
    [OrderID] => 945618-05130415
    [JobCd] => CAPTURE
    [Amount] => 10500
    [TdFlag] => 0
    [TdTenantName] => 
)
 from 223.29.216.3
2021/08/05 13:04:15 [/shop/shopping/load_payment_module.php] AccessID=501871d16fffd060580536489702decb&AccessPass=27ffd169628b2f04cf6e3b2cb04c78cc from 223.29.216.3
2021/08/05 13:04:15 [/shop/shopping/load_payment_module.php] Array
(
    [0] => Array
        (
            [AccessID] => 501871d16fffd060580536489702decb
            [AccessPass] => 27ffd169628b2f04cf6e3b2cb04c78cc
        )

)
 from 223.29.216.3
2021/08/05 13:04:15 [/shop/shopping/load_payment_module.php] load_payment_module.php set payment data:Array
(
    [AccessID] => 501871d16fffd060580536489702decb
    [AccessPass] => 27ffd169628b2f04cf6e3b2cb04c78cc
    [OrderID] => 945618-05130415
    [Amount] => 10500
    [JobCd] => CAPTURE
    [action_status] => 1
    [pay_status] => 0
)
 from 223.29.216.3
2021/08/05 13:04:16 [/shop/shopping/load_payment_module.php] SendRequest:https://p01.mul-pay.jp/payment/ExecTran.idPass from 223.29.216.3
2021/08/05 13:04:16 [/shop/shopping/load_payment_module.php] Array
(
    [AccessID] => 501871d16fffd060580536489702decb
    [AccessPass] => 27ffd169628b2f04cf6e3b2cb04c78cc
    [OrderID] => 945618-05130415
    [Method] => 1
    [Token] => f770fe7083a55a29f92ae344bf1cc39df64762f04800e19aeff3ca1b5f143e25
    [ClientField1] => 
    [ClientField2] => 
    [ClientField3] => EC-CUBE4.3.24
)
 from 223.29.216.3
2021/08/05 13:04:16 [/shop/shopping/load_payment_module.php] ACS=0&OrderID=945618-05130415&Forward=2S49631&Method=1&PayTimes=&Approve=0004510&TranID=2108051304602257210134123988&TranDate=20210805130418&CheckString=ce00a2b8b356a245d86fb6ab1255728c from 223.29.216.3
2021/08/05 13:04:16 [/shop/shopping/load_payment_module.php] Array
(
    [0] => Array
        (
            [ACS] => 0
            [OrderID] => 945618-05130415
            [Forward] => 2S49631
            [Method] => 1
            [PayTimes] => 
            [Approve] => 0004510
            [TranID] => 2108051304602257210134123988
            [TranDate] => 20210805130418
            [CheckString] => ce00a2b8b356a245d86fb6ab1255728c
        )

)
 from 223.29.216.3
2021/08/05 13:04:16 [/shop/shopping/load_payment_module.php] load_payment_module.php set payment data:Array
(
    [ACS] => 0
    [Forward] => 2S49631
    [Method] => 1
    [PayTimes] => 
    [Approve] => 0004510
    [TranID] => 2108051304602257210134123988
    [TranDate] => 20210805130418
    [CheckString] => ce00a2b8b356a245d86fb6ab1255728c
    [Amount] => 10500
    [JobCd] => CAPTURE
    [action_status] => 3
    [pay_status] => 13
)
 from 223.29.216.3
2021/08/05 13:04:17 [/shop/user_data/pg_mulpay_recv.php] ******* receiveer data start ******* from 210.175.7.20
2021/08/05 13:04:17 [/shop/user_data/pg_mulpay_recv.php] Array
(
    [ShopID] => 9000034600950
    [ShopPass] => **********
    [AccessID] => 501871d16fffd060580536489702decb
    [AccessPass] => ********************************
    [OrderID] => 945618-05130415
    [Status] => CAPTURE
    [JobCd] => CAPTURE
    [Amount] => 10500
    [Tax] => 0
    [Currency] => JPN
    [Forward] => 2S49631
    [Method] => 1
    [PayTimes] => 
    [TranID] => 2108051304602257210134123988
    [Approve] => 0004510
    [TranDate] => 20210805130418
    [ErrCode] => 
    [ErrInfo] => 
    [PayType] => 0
)
 from 210.175.7.20
2021/08/05 13:04:17 [/shop/user_data/pg_mulpay_recv.php] ******* receiveer data end ******* from 210.175.7.20
2021/08/05 13:04:22 [/shop/user_data/pg_mulpay_recv.php] update order status:1 order_id=945618 from 210.175.7.20
2021/08/05 13:04:22 [/shop/user_data/pg_mulpay_recv.php] pg_mulpay_recv.php set payment data:Array
(
    [ShopID] => 9000034600950
    [AccessID] => 501871d16fffd060580536489702decb
    [OrderID] => 945618-05130415
    [Status] => CAPTURE
    [JobCd] => CAPTURE
    [Amount] => 10500
    [Tax] => 0
    [Currency] => JPN
    [Forward] => 2S49631
    [Method] => 1
    [PayTimes] => 
    [TranID] => 2108051304602257210134123988
    [Approve] => 0004510
    [TranDate] => 20210805130418
    [ErrCode] => 
    [ErrInfo] => 
    [PayType] => 0
    [CvsCode] => 
    [CvsConfNo] => 
    [CvsReceiptNo] => 
    [EdyReceiptNo] => 
    [EdyOrderNo] => 
    [SuicaReceiptNo] => 
    [SuicaOrderNo] => 
    [CustID] => 
    [BkCode] => 
    [ConfNo] => 
    [PaymentTerm] => 
    [EncryptReceiptNo] => 
    [FinishDate] => 
    [ReceiptDate] => 
    [WebMoneyManagementNo] => 
    [WebMoneySettleCode] => 
    [AuPayInfoNo] => 
    [AuPayMethod] => 
    [AuCancelAmount] => 
    [AuCancelTax] => 
    [DocomoSettlementCode] => 
    [DocomoCancelAmount] => 
    [DocomoCancelTax] => 
    [pay_status] => 13
)
 from 210.175.7.20
2021/08/05 13:04:23 [/shop/user_data/pg_mulpay_recv.php] response:true from 210.175.7.20
