2024/07/31 08:13:40 [/shop/shopping/load_payment_module.php] SendRequest:https://p01.mul-pay.jp/payment/EntryTran.idPass from 72.199.202.178
2024/07/31 08:13:40 [/shop/shopping/load_payment_module.php] Array
(
    [ShopID] => 9000034600950
    [ShopPass] => ******
    [OrderID] => 958443-31081340
    [JobCd] => CAPTURE
    [Amount] => 5710
    [TdFlag] => 0
    [TdTenantName] => 
)
 from 72.199.202.178
2024/07/31 08:13:40 [/shop/shopping/load_payment_module.php] AccessID=ae2ed394fe2c3edb9337c3519feb509d&AccessPass=21025652069fbd18b6bff0bf17cc8751 from 72.199.202.178
2024/07/31 08:13:40 [/shop/shopping/load_payment_module.php] Array
(
    [0] => Array
        (
            [AccessID] => ae2ed394fe2c3edb9337c3519feb509d
            [AccessPass] => 21025652069fbd18b6bff0bf17cc8751
        )

)
 from 72.199.202.178
2024/07/31 08:13:40 [/shop/shopping/load_payment_module.php] load_payment_module.php set payment data:Array
(
    [AccessID] => ae2ed394fe2c3edb9337c3519feb509d
    [AccessPass] => 21025652069fbd18b6bff0bf17cc8751
    [OrderID] => 958443-31081340
    [Amount] => 5710
    [JobCd] => CAPTURE
    [action_status] => 1
    [pay_status] => 0
)
 from 72.199.202.178
2024/07/31 08:13:41 [/shop/shopping/load_payment_module.php] SendRequest:https://p01.mul-pay.jp/payment/ExecTran.idPass from 72.199.202.178
2024/07/31 08:13:41 [/shop/shopping/load_payment_module.php] Array
(
    [AccessID] => ae2ed394fe2c3edb9337c3519feb509d
    [AccessPass] => 21025652069fbd18b6bff0bf17cc8751
    [OrderID] => 958443-31081340
    [Method] => 1
    [Token] => e91a9508f716cfd8a7bdc508e265d1ae27fe0fc0bb16599836aa48df8e0815ee
    [ClientField1] => 
    [ClientField2] => 
    [ClientField3] => EC-CUBE4.3.35
)
 from 72.199.202.178
2024/07/31 08:13:41 [/shop/shopping/load_payment_module.php] ACS=0&OrderID=958443-31081340&Forward=2959876&Method=1&PayTimes=&Approve=0002499&TranID=2407310813602257210134163396&TranDate=20240731081341&CheckString=678a58bccb9d875beb1e653074796b64 from 72.199.202.178
2024/07/31 08:13:41 [/shop/shopping/load_payment_module.php] Array
(
    [0] => Array
        (
            [ACS] => 0
            [OrderID] => 958443-31081340
            [Forward] => 2959876
            [Method] => 1
            [PayTimes] => 
            [Approve] => 0002499
            [TranID] => 2407310813602257210134163396
            [TranDate] => 20240731081341
            [CheckString] => 678a58bccb9d875beb1e653074796b64
        )

)
 from 72.199.202.178
2024/07/31 08:13:41 [/shop/shopping/load_payment_module.php] load_payment_module.php set payment data:Array
(
    [ACS] => 0
    [Forward] => 2959876
    [Method] => 1
    [PayTimes] => 
    [Approve] => 0002499
    [TranID] => 2407310813602257210134163396
    [TranDate] => 20240731081341
    [CheckString] => 678a58bccb9d875beb1e653074796b64
    [Amount] => 5710
    [JobCd] => CAPTURE
    [action_status] => 3
    [pay_status] => 13
)
 from 72.199.202.178
2024/07/31 08:13:41 [/shop/user_data/pg_mulpay_recv.php] ******* receiveer data start ******* from 210.175.7.20
2024/07/31 08:13:41 [/shop/user_data/pg_mulpay_recv.php] Array
(
    [ShopID] => 9000034600950
    [ShopPass] => **********
    [AccessID] => ae2ed394fe2c3edb9337c3519feb509d
    [AccessPass] => ********************************
    [OrderID] => 958443-31081340
    [Status] => CAPTURE
    [JobCd] => CAPTURE
    [Amount] => 5710
    [Tax] => 0
    [Currency] => JPN
    [Forward] => 2959876
    [Method] => 1
    [PayTimes] => 
    [TranID] => 2407310813602257210134163396
    [Approve] => 0002499
    [TranDate] => 20240731081341
    [ErrCode] => 
    [ErrInfo] => 
    [PayType] => 0
)
 from 210.175.7.20
2024/07/31 08:13:41 [/shop/user_data/pg_mulpay_recv.php] ******* receiveer data end ******* from 210.175.7.20
2024/07/31 08:13:46 [/shop/user_data/pg_mulpay_recv.php] update order status:1 order_id=958443 from 210.175.7.20
2024/07/31 08:13:46 [/shop/user_data/pg_mulpay_recv.php] pg_mulpay_recv.php set payment data:Array
(
    [ShopID] => 9000034600950
    [AccessID] => ae2ed394fe2c3edb9337c3519feb509d
    [OrderID] => 958443-31081340
    [Status] => CAPTURE
    [JobCd] => CAPTURE
    [Amount] => 5710
    [Tax] => 0
    [Currency] => JPN
    [Forward] => 2959876
    [Method] => 1
    [PayTimes] => 
    [TranID] => 2407310813602257210134163396
    [Approve] => 0002499
    [TranDate] => 20240731081341
    [ErrCode] => 
    [ErrInfo] => 
    [PayType] => 0
    [CvsCode] => 
    [CvsConfNo] => 
    [CvsReceiptNo] => 
    [EdyReceiptNo] => 
    [EdyOrderNo] => 
    [SuicaReceiptNo] => 
    [SuicaOrderNo] => 
    [CustID] => 
    [BkCode] => 
    [ConfNo] => 
    [PaymentTerm] => 
    [EncryptReceiptNo] => 
    [FinishDate] => 
    [ReceiptDate] => 
    [WebMoneyManagementNo] => 
    [WebMoneySettleCode] => 
    [AuPayInfoNo] => 
    [AuPayMethod] => 
    [AuCancelAmount] => 
    [AuCancelTax] => 
    [DocomoSettlementCode] => 
    [DocomoCancelAmount] => 
    [DocomoCancelTax] => 
    [pay_status] => 13
)
 from 210.175.7.20
2024/07/31 08:13:46 [/shop/user_data/pg_mulpay_recv.php] response:true from 210.175.7.20
2024/07/31 12:26:05 [/shop/shopping/load_payment_module.php] SendRequest:https://p01.mul-pay.jp/payment/SearchMember.idPass from 59.132.255.243
2024/07/31 12:26:05 [/shop/shopping/load_payment_module.php] Array
(
    [SiteID] => mst0000007602
    [SitePass] => ******
    [MemberID] => 8515
)
 from 59.132.255.243
2024/07/31 12:26:05 [/shop/shopping/load_payment_module.php] MemberID=8515&MemberName=r5c5abe45d1ab7xZPEg2dH&DeleteFlag=0 from 59.132.255.243
2024/07/31 12:26:05 [/shop/shopping/load_payment_module.php] Array
(
    [0] => Array
        (
            [MemberID] => 8515
            [MemberName] => r5c5abe45d1ab7xZPEg2dH
            [DeleteFlag] => 0
        )

)
 from 59.132.255.243
2024/07/31 12:26:05 [/shop/shopping/load_payment_module.php] SendRequest:https://p01.mul-pay.jp/payment/SearchCard.idPass from 59.132.255.243
2024/07/31 12:26:05 [/shop/shopping/load_payment_module.php] Array
(
    [SiteID] => mst0000007602
    [SitePass] => ******
    [MemberID] => 8515
)
 from 59.132.255.243
2024/07/31 12:26:05 [/shop/shopping/load_payment_module.php] ErrCode=E01&ErrInfo=E01240002 from 59.132.255.243
2024/07/31 12:26:05 [/shop/shopping/load_payment_module.php] Array
(
    [0] => Array
        (
            [ErrCode] => E01
            [ErrInfo] => E01240002
        )

)
 from 59.132.255.243
2024/07/31 12:26:58 [/shop/shopping/load_payment_module.php] SendRequest:https://p01.mul-pay.jp/payment/SearchMember.idPass from 59.132.255.243
2024/07/31 12:26:58 [/shop/shopping/load_payment_module.php] Array
(
    [SiteID] => mst0000007602
    [SitePass] => ******
    [MemberID] => 8515
)
 from 59.132.255.243
2024/07/31 12:26:58 [/shop/shopping/load_payment_module.php] MemberID=8515&MemberName=r5c5abe45d1ab7xZPEg2dH&DeleteFlag=0 from 59.132.255.243
2024/07/31 12:26:58 [/shop/shopping/load_payment_module.php] Array
(
    [0] => Array
        (
            [MemberID] => 8515
            [MemberName] => r5c5abe45d1ab7xZPEg2dH
            [DeleteFlag] => 0
        )

)
 from 59.132.255.243
2024/07/31 12:26:58 [/shop/shopping/load_payment_module.php] SendRequest:https://p01.mul-pay.jp/payment/SearchCard.idPass from 59.132.255.243
2024/07/31 12:26:58 [/shop/shopping/load_payment_module.php] Array
(
    [SiteID] => mst0000007602
    [SitePass] => ******
    [MemberID] => 8515
)
 from 59.132.255.243
2024/07/31 12:26:58 [/shop/shopping/load_payment_module.php] ErrCode=E01&ErrInfo=E01240002 from 59.132.255.243
2024/07/31 12:26:58 [/shop/shopping/load_payment_module.php] Array
(
    [0] => Array
        (
            [ErrCode] => E01
            [ErrInfo] => E01240002
        )

)
 from 59.132.255.243
2024/07/31 12:26:58 [/shop/shopping/load_payment_module.php] SendRequest:https://p01.mul-pay.jp/payment/EntryTran.idPass from 59.132.255.243
2024/07/31 12:26:58 [/shop/shopping/load_payment_module.php] Array
(
    [ShopID] => 9000034600950
    [ShopPass] => ******
    [OrderID] => 958444-31122658
    [JobCd] => CAPTURE
    [Amount] => 88900
    [TdFlag] => 0
    [TdTenantName] => 
)
 from 59.132.255.243
2024/07/31 12:26:58 [/shop/shopping/load_payment_module.php] AccessID=4f5feda37bdb386b3325d5ace3a1f7fe&AccessPass=35e3ac21ab204569652fddc104d99e50 from 59.132.255.243
2024/07/31 12:26:58 [/shop/shopping/load_payment_module.php] Array
(
    [0] => Array
        (
            [AccessID] => 4f5feda37bdb386b3325d5ace3a1f7fe
            [AccessPass] => 35e3ac21ab204569652fddc104d99e50
        )

)
 from 59.132.255.243
2024/07/31 12:26:58 [/shop/shopping/load_payment_module.php] load_payment_module.php set payment data:Array
(
    [AccessID] => 4f5feda37bdb386b3325d5ace3a1f7fe
    [AccessPass] => 35e3ac21ab204569652fddc104d99e50
    [OrderID] => 958444-31122658
    [Amount] => 88900
    [JobCd] => CAPTURE
    [action_status] => 1
    [pay_status] => 0
)
 from 59.132.255.243
2024/07/31 12:26:58 [/shop/shopping/load_payment_module.php] SendRequest:https://p01.mul-pay.jp/payment/ExecTran.idPass from 59.132.255.243
2024/07/31 12:26:58 [/shop/shopping/load_payment_module.php] Array
(
    [AccessID] => 4f5feda37bdb386b3325d5ace3a1f7fe
    [AccessPass] => 35e3ac21ab204569652fddc104d99e50
    [OrderID] => 958444-31122658
    [Method] => 1
    [Token] => 82ced458c20b40f436b1931cb5376955cc3e1616dfd796b8cbc3ae43b76b3a05
    [ClientField1] => 
    [ClientField2] => 
    [ClientField3] => EC-CUBE4.3.35
)
 from 59.132.255.243
2024/07/31 12:26:59 [/shop/shopping/load_payment_module.php] ACS=0&OrderID=958444-31122658&Forward=2959876&Method=1&PayTimes=&Approve=0052658&TranID=2407311226602257210134183311&TranDate=20240731122659&CheckString=1e9161fe764d54d4e55c77d26dfbea5a from 59.132.255.243
2024/07/31 12:26:59 [/shop/shopping/load_payment_module.php] Array
(
    [0] => Array
        (
            [ACS] => 0
            [OrderID] => 958444-31122658
            [Forward] => 2959876
            [Method] => 1
            [PayTimes] => 
            [Approve] => 0052658
            [TranID] => 2407311226602257210134183311
            [TranDate] => 20240731122659
            [CheckString] => 1e9161fe764d54d4e55c77d26dfbea5a
        )

)
 from 59.132.255.243
2024/07/31 12:26:59 [/shop/shopping/load_payment_module.php] load_payment_module.php set payment data:Array
(
    [ACS] => 0
    [Forward] => 2959876
    [Method] => 1
    [PayTimes] => 
    [Approve] => 0052658
    [TranID] => 2407311226602257210134183311
    [TranDate] => 20240731122659
    [CheckString] => 1e9161fe764d54d4e55c77d26dfbea5a
    [Amount] => 88900
    [JobCd] => CAPTURE
    [action_status] => 3
    [pay_status] => 13
)
 from 59.132.255.243
2024/07/31 12:26:59 [/shop/user_data/pg_mulpay_recv.php] ******* receiveer data start ******* from 210.175.7.20
2024/07/31 12:26:59 [/shop/user_data/pg_mulpay_recv.php] Array
(
    [ShopID] => 9000034600950
    [ShopPass] => **********
    [AccessID] => 4f5feda37bdb386b3325d5ace3a1f7fe
    [AccessPass] => ********************************
    [OrderID] => 958444-31122658
    [Status] => CAPTURE
    [JobCd] => CAPTURE
    [Amount] => 88900
    [Tax] => 0
    [Currency] => JPN
    [Forward] => 2959876
    [Method] => 1
    [PayTimes] => 
    [TranID] => 2407311226602257210134183311
    [Approve] => 0052658
    [TranDate] => 20240731122659
    [ErrCode] => 
    [ErrInfo] => 
    [PayType] => 0
)
 from 210.175.7.20
2024/07/31 12:26:59 [/shop/user_data/pg_mulpay_recv.php] ******* receiveer data end ******* from 210.175.7.20
2024/07/31 12:27:04 [/shop/user_data/pg_mulpay_recv.php] update order status:1 order_id=958444 from 210.175.7.20
2024/07/31 12:27:04 [/shop/user_data/pg_mulpay_recv.php] pg_mulpay_recv.php set payment data:Array
(
    [ShopID] => 9000034600950
    [AccessID] => 4f5feda37bdb386b3325d5ace3a1f7fe
    [OrderID] => 958444-31122658
    [Status] => CAPTURE
    [JobCd] => CAPTURE
    [Amount] => 88900
    [Tax] => 0
    [Currency] => JPN
    [Forward] => 2959876
    [Method] => 1
    [PayTimes] => 
    [TranID] => 2407311226602257210134183311
    [Approve] => 0052658
    [TranDate] => 20240731122659
    [ErrCode] => 
    [ErrInfo] => 
    [PayType] => 0
    [CvsCode] => 
    [CvsConfNo] => 
    [CvsReceiptNo] => 
    [EdyReceiptNo] => 
    [EdyOrderNo] => 
    [SuicaReceiptNo] => 
    [SuicaOrderNo] => 
    [CustID] => 
    [BkCode] => 
    [ConfNo] => 
    [PaymentTerm] => 
    [EncryptReceiptNo] => 
    [FinishDate] => 
    [ReceiptDate] => 
    [WebMoneyManagementNo] => 
    [WebMoneySettleCode] => 
    [AuPayInfoNo] => 
    [AuPayMethod] => 
    [AuCancelAmount] => 
    [AuCancelTax] => 
    [DocomoSettlementCode] => 
    [DocomoCancelAmount] => 
    [DocomoCancelTax] => 
    [pay_status] => 13
)
 from 210.175.7.20
2024/07/31 12:27:04 [/shop/user_data/pg_mulpay_recv.php] response:true from 210.175.7.20
2024/07/31 13:33:58 [/shop/shopping/load_payment_module.php] SendRequest:https://p01.mul-pay.jp/payment/EntryTran.idPass from 124.190.42.148
2024/07/31 13:33:58 [/shop/shopping/load_payment_module.php] Array
(
    [ShopID] => 9000034600950
    [ShopPass] => ******
    [OrderID] => 958445-31133358
    [JobCd] => CAPTURE
    [Amount] => 9060
    [TdFlag] => 0
    [TdTenantName] => 
)
 from 124.190.42.148
2024/07/31 13:33:58 [/shop/shopping/load_payment_module.php] AccessID=9169bd30d5d63293fe0f52bf9ba28559&AccessPass=46fc6fbf268a466d3c2157913132e06b from 124.190.42.148
2024/07/31 13:33:58 [/shop/shopping/load_payment_module.php] Array
(
    [0] => Array
        (
            [AccessID] => 9169bd30d5d63293fe0f52bf9ba28559
            [AccessPass] => 46fc6fbf268a466d3c2157913132e06b
        )

)
 from 124.190.42.148
2024/07/31 13:33:58 [/shop/shopping/load_payment_module.php] load_payment_module.php set payment data:Array
(
    [AccessID] => 9169bd30d5d63293fe0f52bf9ba28559
    [AccessPass] => 46fc6fbf268a466d3c2157913132e06b
    [OrderID] => 958445-31133358
    [Amount] => 9060
    [JobCd] => CAPTURE
    [action_status] => 1
    [pay_status] => 0
)
 from 124.190.42.148
2024/07/31 13:33:58 [/shop/shopping/load_payment_module.php] SendRequest:https://p01.mul-pay.jp/payment/ExecTran.idPass from 124.190.42.148
2024/07/31 13:33:58 [/shop/shopping/load_payment_module.php] Array
(
    [AccessID] => 9169bd30d5d63293fe0f52bf9ba28559
    [AccessPass] => 46fc6fbf268a466d3c2157913132e06b
    [OrderID] => 958445-31133358
    [Method] => 1
    [Token] => 7031a86ab860659b7af7a681b7da89352da384b5af8e91ebd70f99ca6e3d8660
    [ClientField1] => 
    [ClientField2] => 
    [ClientField3] => EC-CUBE4.3.35
)
 from 124.190.42.148
2024/07/31 13:33:59 [/shop/shopping/load_payment_module.php] ACS=0&OrderID=958445-31133358&Forward=2959876&Method=1&PayTimes=&Approve=0981114&TranID=2407311333602257210134173255&TranDate=20240731133359&CheckString=2312c1956b63685e43d6ad0c2333150e from 124.190.42.148
2024/07/31 13:33:59 [/shop/shopping/load_payment_module.php] Array
(
    [0] => Array
        (
            [ACS] => 0
            [OrderID] => 958445-31133358
            [Forward] => 2959876
            [Method] => 1
            [PayTimes] => 
            [Approve] => 0981114
            [TranID] => 2407311333602257210134173255
            [TranDate] => 20240731133359
            [CheckString] => 2312c1956b63685e43d6ad0c2333150e
        )

)
 from 124.190.42.148
2024/07/31 13:33:59 [/shop/shopping/load_payment_module.php] load_payment_module.php set payment data:Array
(
    [ACS] => 0
    [Forward] => 2959876
    [Method] => 1
    [PayTimes] => 
    [Approve] => 0981114
    [TranID] => 2407311333602257210134173255
    [TranDate] => 20240731133359
    [CheckString] => 2312c1956b63685e43d6ad0c2333150e
    [Amount] => 9060
    [JobCd] => CAPTURE
    [action_status] => 3
    [pay_status] => 13
)
 from 124.190.42.148
2024/07/31 13:33:59 [/shop/user_data/pg_mulpay_recv.php] ******* receiveer data start ******* from 210.175.7.20
2024/07/31 13:33:59 [/shop/user_data/pg_mulpay_recv.php] Array
(
    [ShopID] => 9000034600950
    [ShopPass] => **********
    [AccessID] => 9169bd30d5d63293fe0f52bf9ba28559
    [AccessPass] => ********************************
    [OrderID] => 958445-31133358
    [Status] => CAPTURE
    [JobCd] => CAPTURE
    [Amount] => 9060
    [Tax] => 0
    [Currency] => JPN
    [Forward] => 2959876
    [Method] => 1
    [PayTimes] => 
    [TranID] => 2407311333602257210134173255
    [Approve] => 0981114
    [TranDate] => 20240731133359
    [ErrCode] => 
    [ErrInfo] => 
    [PayType] => 0
)
 from 210.175.7.20
2024/07/31 13:33:59 [/shop/user_data/pg_mulpay_recv.php] ******* receiveer data end ******* from 210.175.7.20
2024/07/31 13:34:04 [/shop/user_data/pg_mulpay_recv.php] update order status:1 order_id=958445 from 210.175.7.20
2024/07/31 13:34:04 [/shop/user_data/pg_mulpay_recv.php] pg_mulpay_recv.php set payment data:Array
(
    [ShopID] => 9000034600950
    [AccessID] => 9169bd30d5d63293fe0f52bf9ba28559
    [OrderID] => 958445-31133358
    [Status] => CAPTURE
    [JobCd] => CAPTURE
    [Amount] => 9060
    [Tax] => 0
    [Currency] => JPN
    [Forward] => 2959876
    [Method] => 1
    [PayTimes] => 
    [TranID] => 2407311333602257210134173255
    [Approve] => 0981114
    [TranDate] => 20240731133359
    [ErrCode] => 
    [ErrInfo] => 
    [PayType] => 0
    [CvsCode] => 
    [CvsConfNo] => 
    [CvsReceiptNo] => 
    [EdyReceiptNo] => 
    [EdyOrderNo] => 
    [SuicaReceiptNo] => 
    [SuicaOrderNo] => 
    [CustID] => 
    [BkCode] => 
    [ConfNo] => 
    [PaymentTerm] => 
    [EncryptReceiptNo] => 
    [FinishDate] => 
    [ReceiptDate] => 
    [WebMoneyManagementNo] => 
    [WebMoneySettleCode] => 
    [AuPayInfoNo] => 
    [AuPayMethod] => 
    [AuCancelAmount] => 
    [AuCancelTax] => 
    [DocomoSettlementCode] => 
    [DocomoCancelAmount] => 
    [DocomoCancelTax] => 
    [pay_status] => 13
)
 from 210.175.7.20
2024/07/31 13:34:04 [/shop/user_data/pg_mulpay_recv.php] response:true from 210.175.7.20
2024/07/31 14:21:32 [/shop/shopping/load_payment_module.php] SendRequest:https://p01.mul-pay.jp/payment/SearchMember.idPass from 211.129.228.4
2024/07/31 14:21:32 [/shop/shopping/load_payment_module.php] Array
(
    [SiteID] => mst0000007602
    [SitePass] => ******
    [MemberID] => 12871
)
 from 211.129.228.4
2024/07/31 14:21:32 [/shop/shopping/load_payment_module.php] ErrCode=E01&ErrInfo=E01390002 from 211.129.228.4
2024/07/31 14:21:32 [/shop/shopping/load_payment_module.php] Array
(
    [0] => Array
        (
            [ErrCode] => E01
            [ErrInfo] => E01390002
        )

)
 from 211.129.228.4
2024/07/31 14:21:32 [/shop/shopping/load_payment_module.php] SendRequest:https://p01.mul-pay.jp/payment/SearchCard.idPass from 211.129.228.4
2024/07/31 14:21:32 [/shop/shopping/load_payment_module.php] Array
(
    [SiteID] => mst0000007602
    [SitePass] => ******
    [MemberID] => 12871
)
 from 211.129.228.4
2024/07/31 14:21:32 [/shop/shopping/load_payment_module.php] ErrCode=E01|E01&ErrInfo=E01390002|E01240002 from 211.129.228.4
2024/07/31 14:21:32 [/shop/shopping/load_payment_module.php] Array
(
    [0] => Array
        (
            [ErrCode] => E01
            [ErrInfo] => E01390002
        )

    [1] => Array
        (
            [ErrCode] => E01
            [ErrInfo] => E01240002
        )

)
 from 211.129.228.4
2024/07/31 14:22:38 [/shop/shopping/load_payment_module.php] SendRequest:https://p01.mul-pay.jp/payment/SearchMember.idPass from 211.129.228.4
2024/07/31 14:22:38 [/shop/shopping/load_payment_module.php] Array
(
    [SiteID] => mst0000007602
    [SitePass] => ******
    [MemberID] => 12871
)
 from 211.129.228.4
2024/07/31 14:22:39 [/shop/shopping/load_payment_module.php] ErrCode=E01&ErrInfo=E01390002 from 211.129.228.4
2024/07/31 14:22:39 [/shop/shopping/load_payment_module.php] Array
(
    [0] => Array
        (
            [ErrCode] => E01
            [ErrInfo] => E01390002
        )

)
 from 211.129.228.4
2024/07/31 14:22:39 [/shop/shopping/load_payment_module.php] SendRequest:https://p01.mul-pay.jp/payment/SearchCard.idPass from 211.129.228.4
2024/07/31 14:22:39 [/shop/shopping/load_payment_module.php] Array
(
    [SiteID] => mst0000007602
    [SitePass] => ******
    [MemberID] => 12871
)
 from 211.129.228.4
2024/07/31 14:22:39 [/shop/shopping/load_payment_module.php] ErrCode=E01|E01&ErrInfo=E01390002|E01240002 from 211.129.228.4
2024/07/31 14:22:39 [/shop/shopping/load_payment_module.php] Array
(
    [0] => Array
        (
            [ErrCode] => E01
            [ErrInfo] => E01390002
        )

    [1] => Array
        (
            [ErrCode] => E01
            [ErrInfo] => E01240002
        )

)
 from 211.129.228.4
2024/07/31 14:22:39 [/shop/shopping/load_payment_module.php] SendRequest:https://p01.mul-pay.jp/payment/EntryTran.idPass from 211.129.228.4
2024/07/31 14:22:39 [/shop/shopping/load_payment_module.php] Array
(
    [ShopID] => 9000034600950
    [ShopPass] => ******
    [OrderID] => 958446-31142239
    [JobCd] => CAPTURE
    [Amount] => 13040
    [TdFlag] => 0
    [TdTenantName] => 
)
 from 211.129.228.4
2024/07/31 14:22:39 [/shop/shopping/load_payment_module.php] AccessID=cb9eaf0175f86887ddf5c61769d15b6e&AccessPass=b1f5462300f9c419320dd9fbedd8ed01 from 211.129.228.4
2024/07/31 14:22:39 [/shop/shopping/load_payment_module.php] Array
(
    [0] => Array
        (
            [AccessID] => cb9eaf0175f86887ddf5c61769d15b6e
            [AccessPass] => b1f5462300f9c419320dd9fbedd8ed01
        )

)
 from 211.129.228.4
2024/07/31 14:22:39 [/shop/shopping/load_payment_module.php] load_payment_module.php set payment data:Array
(
    [AccessID] => cb9eaf0175f86887ddf5c61769d15b6e
    [AccessPass] => b1f5462300f9c419320dd9fbedd8ed01
    [OrderID] => 958446-31142239
    [Amount] => 13040
    [JobCd] => CAPTURE
    [action_status] => 1
    [pay_status] => 0
)
 from 211.129.228.4
2024/07/31 14:22:39 [/shop/shopping/load_payment_module.php] SendRequest:https://p01.mul-pay.jp/payment/ExecTran.idPass from 211.129.228.4
2024/07/31 14:22:39 [/shop/shopping/load_payment_module.php] Array
(
    [AccessID] => cb9eaf0175f86887ddf5c61769d15b6e
    [AccessPass] => b1f5462300f9c419320dd9fbedd8ed01
    [OrderID] => 958446-31142239
    [Method] => 1
    [Token] => 58067f9609e321719556cfcc1d40e0905936dc3f4b97aee1f2d27b90bc6b5c15
    [ClientField1] => 
    [ClientField2] => 
    [ClientField3] => EC-CUBE4.3.35
)
 from 211.129.228.4
2024/07/31 14:22:40 [/shop/shopping/load_payment_module.php] ACS=0&OrderID=958446-31142239&Forward=2959876&Method=1&PayTimes=&Approve=0785722&TranID=2407311422602257210134163397&TranDate=20240731142240&CheckString=88bf12f79055caefa7133513cccf1ff2 from 211.129.228.4
2024/07/31 14:22:40 [/shop/shopping/load_payment_module.php] Array
(
    [0] => Array
        (
            [ACS] => 0
            [OrderID] => 958446-31142239
            [Forward] => 2959876
            [Method] => 1
            [PayTimes] => 
            [Approve] => 0785722
            [TranID] => 2407311422602257210134163397
            [TranDate] => 20240731142240
            [CheckString] => 88bf12f79055caefa7133513cccf1ff2
        )

)
 from 211.129.228.4
2024/07/31 14:22:40 [/shop/shopping/load_payment_module.php] load_payment_module.php set payment data:Array
(
    [ACS] => 0
    [Forward] => 2959876
    [Method] => 1
    [PayTimes] => 
    [Approve] => 0785722
    [TranID] => 2407311422602257210134163397
    [TranDate] => 20240731142240
    [CheckString] => 88bf12f79055caefa7133513cccf1ff2
    [Amount] => 13040
    [JobCd] => CAPTURE
    [action_status] => 3
    [pay_status] => 13
)
 from 211.129.228.4
2024/07/31 14:22:41 [/shop/user_data/pg_mulpay_recv.php] ******* receiveer data start ******* from 210.175.7.20
2024/07/31 14:22:41 [/shop/user_data/pg_mulpay_recv.php] Array
(
    [ShopID] => 9000034600950
    [ShopPass] => **********
    [AccessID] => cb9eaf0175f86887ddf5c61769d15b6e
    [AccessPass] => ********************************
    [OrderID] => 958446-31142239
    [Status] => CAPTURE
    [JobCd] => CAPTURE
    [Amount] => 13040
    [Tax] => 0
    [Currency] => JPN
    [Forward] => 2959876
    [Method] => 1
    [PayTimes] => 
    [TranID] => 2407311422602257210134163397
    [Approve] => 0785722
    [TranDate] => 20240731142240
    [ErrCode] => 
    [ErrInfo] => 
    [PayType] => 0
)
 from 210.175.7.20
2024/07/31 14:22:41 [/shop/user_data/pg_mulpay_recv.php] ******* receiveer data end ******* from 210.175.7.20
2024/07/31 14:22:46 [/shop/user_data/pg_mulpay_recv.php] update order status:1 order_id=958446 from 210.175.7.20
2024/07/31 14:22:46 [/shop/user_data/pg_mulpay_recv.php] pg_mulpay_recv.php set payment data:Array
(
    [ShopID] => 9000034600950
    [AccessID] => cb9eaf0175f86887ddf5c61769d15b6e
    [OrderID] => 958446-31142239
    [Status] => CAPTURE
    [JobCd] => CAPTURE
    [Amount] => 13040
    [Tax] => 0
    [Currency] => JPN
    [Forward] => 2959876
    [Method] => 1
    [PayTimes] => 
    [TranID] => 2407311422602257210134163397
    [Approve] => 0785722
    [TranDate] => 20240731142240
    [ErrCode] => 
    [ErrInfo] => 
    [PayType] => 0
    [CvsCode] => 
    [CvsConfNo] => 
    [CvsReceiptNo] => 
    [EdyReceiptNo] => 
    [EdyOrderNo] => 
    [SuicaReceiptNo] => 
    [SuicaOrderNo] => 
    [CustID] => 
    [BkCode] => 
    [ConfNo] => 
    [PaymentTerm] => 
    [EncryptReceiptNo] => 
    [FinishDate] => 
    [ReceiptDate] => 
    [WebMoneyManagementNo] => 
    [WebMoneySettleCode] => 
    [AuPayInfoNo] => 
    [AuPayMethod] => 
    [AuCancelAmount] => 
    [AuCancelTax] => 
    [DocomoSettlementCode] => 
    [DocomoCancelAmount] => 
    [DocomoCancelTax] => 
    [pay_status] => 13
)
 from 210.175.7.20
2024/07/31 14:22:46 [/shop/user_data/pg_mulpay_recv.php] response:true from 210.175.7.20
2024/07/31 22:12:18 [/shop/shopping/load_payment_module.php] SendRequest:https://p01.mul-pay.jp/payment/SearchMember.idPass from 86.48.13.85
2024/07/31 22:12:18 [/shop/shopping/load_payment_module.php] Array
(
    [SiteID] => mst0000007602
    [SitePass] => ******
    [MemberID] => 8515
)
 from 86.48.13.85
2024/07/31 22:12:18 [/shop/shopping/load_payment_module.php] MemberID=8515&MemberName=r5c5abe45d1ab7xZPEg2dH&DeleteFlag=0 from 86.48.13.85
2024/07/31 22:12:18 [/shop/shopping/load_payment_module.php] Array
(
    [0] => Array
        (
            [MemberID] => 8515
            [MemberName] => r5c5abe45d1ab7xZPEg2dH
            [DeleteFlag] => 0
        )

)
 from 86.48.13.85
2024/07/31 22:12:18 [/shop/shopping/load_payment_module.php] SendRequest:https://p01.mul-pay.jp/payment/SearchCard.idPass from 86.48.13.85
2024/07/31 22:12:18 [/shop/shopping/load_payment_module.php] Array
(
    [SiteID] => mst0000007602
    [SitePass] => ******
    [MemberID] => 8515
)
 from 86.48.13.85
2024/07/31 22:12:18 [/shop/shopping/load_payment_module.php] ErrCode=E01&ErrInfo=E01240002 from 86.48.13.85
2024/07/31 22:12:18 [/shop/shopping/load_payment_module.php] Array
(
    [0] => Array
        (
            [ErrCode] => E01
            [ErrInfo] => E01240002
        )

)
 from 86.48.13.85
2024/07/31 22:13:33 [/shop/shopping/load_payment_module.php] SendRequest:https://p01.mul-pay.jp/payment/SearchMember.idPass from 86.48.13.85
2024/07/31 22:13:33 [/shop/shopping/load_payment_module.php] Array
(
    [SiteID] => mst0000007602
    [SitePass] => ******
    [MemberID] => 8515
)
 from 86.48.13.85
2024/07/31 22:13:33 [/shop/shopping/load_payment_module.php] MemberID=8515&MemberName=r5c5abe45d1ab7xZPEg2dH&DeleteFlag=0 from 86.48.13.85
2024/07/31 22:13:33 [/shop/shopping/load_payment_module.php] Array
(
    [0] => Array
        (
            [MemberID] => 8515
            [MemberName] => r5c5abe45d1ab7xZPEg2dH
            [DeleteFlag] => 0
        )

)
 from 86.48.13.85
2024/07/31 22:13:33 [/shop/shopping/load_payment_module.php] SendRequest:https://p01.mul-pay.jp/payment/SearchCard.idPass from 86.48.13.85
2024/07/31 22:13:33 [/shop/shopping/load_payment_module.php] Array
(
    [SiteID] => mst0000007602
    [SitePass] => ******
    [MemberID] => 8515
)
 from 86.48.13.85
2024/07/31 22:13:33 [/shop/shopping/load_payment_module.php] ErrCode=E01&ErrInfo=E01240002 from 86.48.13.85
2024/07/31 22:13:33 [/shop/shopping/load_payment_module.php] Array
(
    [0] => Array
        (
            [ErrCode] => E01
            [ErrInfo] => E01240002
        )

)
 from 86.48.13.85
2024/07/31 22:13:33 [/shop/shopping/load_payment_module.php] SendRequest:https://p01.mul-pay.jp/payment/EntryTran.idPass from 86.48.13.85
2024/07/31 22:13:33 [/shop/shopping/load_payment_module.php] Array
(
    [ShopID] => 9000034600950
    [ShopPass] => ******
    [OrderID] => 958447-31221333
    [JobCd] => CAPTURE
    [Amount] => 23100
    [TdFlag] => 0
    [TdTenantName] => 
)
 from 86.48.13.85
2024/07/31 22:13:33 [/shop/shopping/load_payment_module.php] AccessID=f2f88e0a3421e21856670c7819ec1b9e&AccessPass=79736dd3894a6b26d7b9004ea9050df2 from 86.48.13.85
2024/07/31 22:13:33 [/shop/shopping/load_payment_module.php] Array
(
    [0] => Array
        (
            [AccessID] => f2f88e0a3421e21856670c7819ec1b9e
            [AccessPass] => 79736dd3894a6b26d7b9004ea9050df2
        )

)
 from 86.48.13.85
2024/07/31 22:13:33 [/shop/shopping/load_payment_module.php] load_payment_module.php set payment data:Array
(
    [AccessID] => f2f88e0a3421e21856670c7819ec1b9e
    [AccessPass] => 79736dd3894a6b26d7b9004ea9050df2
    [OrderID] => 958447-31221333
    [Amount] => 23100
    [JobCd] => CAPTURE
    [action_status] => 1
    [pay_status] => 0
)
 from 86.48.13.85
2024/07/31 22:13:33 [/shop/shopping/load_payment_module.php] SendRequest:https://p01.mul-pay.jp/payment/ExecTran.idPass from 86.48.13.85
2024/07/31 22:13:33 [/shop/shopping/load_payment_module.php] Array
(
    [AccessID] => f2f88e0a3421e21856670c7819ec1b9e
    [AccessPass] => 79736dd3894a6b26d7b9004ea9050df2
    [OrderID] => 958447-31221333
    [Method] => 1
    [Token] => 5ce5c258634979229113d46f8b1e80a282c9fbdb7355aeb2c1d2215614b68edf
    [ClientField1] => 
    [ClientField2] => 
    [ClientField3] => EC-CUBE4.3.35
)
 from 86.48.13.85
2024/07/31 22:13:34 [/shop/shopping/load_payment_module.php] ACS=0&OrderID=958447-31221333&Forward=2959876&Method=1&PayTimes=&Approve=0151334&TranID=2407312213602257210134183312&TranDate=20240731221334&CheckString=cc2d37e87bd4b359ea77232627c85d51 from 86.48.13.85
2024/07/31 22:13:34 [/shop/shopping/load_payment_module.php] Array
(
    [0] => Array
        (
            [ACS] => 0
            [OrderID] => 958447-31221333
            [Forward] => 2959876
            [Method] => 1
            [PayTimes] => 
            [Approve] => 0151334
            [TranID] => 2407312213602257210134183312
            [TranDate] => 20240731221334
            [CheckString] => cc2d37e87bd4b359ea77232627c85d51
        )

)
 from 86.48.13.85
2024/07/31 22:13:34 [/shop/shopping/load_payment_module.php] load_payment_module.php set payment data:Array
(
    [ACS] => 0
    [Forward] => 2959876
    [Method] => 1
    [PayTimes] => 
    [Approve] => 0151334
    [TranID] => 2407312213602257210134183312
    [TranDate] => 20240731221334
    [CheckString] => cc2d37e87bd4b359ea77232627c85d51
    [Amount] => 23100
    [JobCd] => CAPTURE
    [action_status] => 3
    [pay_status] => 13
)
 from 86.48.13.85
2024/07/31 22:13:35 [/shop/user_data/pg_mulpay_recv.php] ******* receiveer data start ******* from 210.175.7.20
2024/07/31 22:13:35 [/shop/user_data/pg_mulpay_recv.php] Array
(
    [ShopID] => 9000034600950
    [ShopPass] => **********
    [AccessID] => f2f88e0a3421e21856670c7819ec1b9e
    [AccessPass] => ********************************
    [OrderID] => 958447-31221333
    [Status] => CAPTURE
    [JobCd] => CAPTURE
    [Amount] => 23100
    [Tax] => 0
    [Currency] => JPN
    [Forward] => 2959876
    [Method] => 1
    [PayTimes] => 
    [TranID] => 2407312213602257210134183312
    [Approve] => 0151334
    [TranDate] => 20240731221334
    [ErrCode] => 
    [ErrInfo] => 
    [PayType] => 0
)
 from 210.175.7.20
2024/07/31 22:13:35 [/shop/user_data/pg_mulpay_recv.php] ******* receiveer data end ******* from 210.175.7.20
2024/07/31 22:13:40 [/shop/user_data/pg_mulpay_recv.php] update order status:1 order_id=958447 from 210.175.7.20
2024/07/31 22:13:40 [/shop/user_data/pg_mulpay_recv.php] pg_mulpay_recv.php set payment data:Array
(
    [ShopID] => 9000034600950
    [AccessID] => f2f88e0a3421e21856670c7819ec1b9e
    [OrderID] => 958447-31221333
    [Status] => CAPTURE
    [JobCd] => CAPTURE
    [Amount] => 23100
    [Tax] => 0
    [Currency] => JPN
    [Forward] => 2959876
    [Method] => 1
    [PayTimes] => 
    [TranID] => 2407312213602257210134183312
    [Approve] => 0151334
    [TranDate] => 20240731221334
    [ErrCode] => 
    [ErrInfo] => 
    [PayType] => 0
    [CvsCode] => 
    [CvsConfNo] => 
    [CvsReceiptNo] => 
    [EdyReceiptNo] => 
    [EdyOrderNo] => 
    [SuicaReceiptNo] => 
    [SuicaOrderNo] => 
    [CustID] => 
    [BkCode] => 
    [ConfNo] => 
    [PaymentTerm] => 
    [EncryptReceiptNo] => 
    [FinishDate] => 
    [ReceiptDate] => 
    [WebMoneyManagementNo] => 
    [WebMoneySettleCode] => 
    [AuPayInfoNo] => 
    [AuPayMethod] => 
    [AuCancelAmount] => 
    [AuCancelTax] => 
    [DocomoSettlementCode] => 
    [DocomoCancelAmount] => 
    [DocomoCancelTax] => 
    [pay_status] => 13
)
 from 210.175.7.20
2024/07/31 22:13:40 [/shop/user_data/pg_mulpay_recv.php] response:true from 210.175.7.20
