2019/07/31 01:39:30 [/shop/shopping/load_payment_module.php] SendRequest:https://p01.mul-pay.jp/payment/EntryTran.idPass from 190.245.95.33
2019/07/31 01:39:30 [/shop/shopping/load_payment_module.php] Array
(
    [ShopID] => 9000034600950
    [ShopPass] => ******
    [OrderID] => 939106-31013930
    [JobCd] => CAPTURE
    [Amount] => 8010
    [TdFlag] => 0
    [TdTenantName] => 
)
 from 190.245.95.33
2019/07/31 01:39:31 [/shop/shopping/load_payment_module.php] AccessID=bdfdb687fe2d34fffb71555a4e354a21&AccessPass=e9fbb27e652b531f7a7967eb900bcfa2 from 190.245.95.33
2019/07/31 01:39:31 [/shop/shopping/load_payment_module.php] Array
(
    [0] => Array
        (
            [AccessID] => bdfdb687fe2d34fffb71555a4e354a21
            [AccessPass] => e9fbb27e652b531f7a7967eb900bcfa2
        )

)
 from 190.245.95.33
2019/07/31 01:39:31 [/shop/shopping/load_payment_module.php] load_payment_module.php set payment data:Array
(
    [AccessID] => bdfdb687fe2d34fffb71555a4e354a21
    [AccessPass] => e9fbb27e652b531f7a7967eb900bcfa2
    [OrderID] => 939106-31013930
    [Amount] => 8010
    [JobCd] => CAPTURE
    [action_status] => 1
    [pay_status] => 0
)
 from 190.245.95.33
2019/07/31 01:39:31 [/shop/shopping/load_payment_module.php] SendRequest:https://p01.mul-pay.jp/payment/ExecTran.idPass from 190.245.95.33
2019/07/31 01:39:31 [/shop/shopping/load_payment_module.php] Array
(
    [AccessID] => bdfdb687fe2d34fffb71555a4e354a21
    [AccessPass] => e9fbb27e652b531f7a7967eb900bcfa2
    [OrderID] => 939106-31013930
    [Method] => 1
    [Token] => 577699b9a27a1d4128882c17647f5791b8a5ea2883eec850348786864d0c227f
    [ClientField1] => 
    [ClientField2] => 
    [ClientField3] => EC-CUBE4.3.24
)
 from 190.245.95.33
2019/07/31 01:39:32 [/shop/shopping/load_payment_module.php] ACS=0&OrderID=939106-31013930&Forward=2959876&Method=1&PayTimes=&Approve=0123626&TranID=1907310139602257210134131286&TranDate=20190731013932&CheckString=78c7b0fe8a2caa840ae0fdd5596a489a from 190.245.95.33
2019/07/31 01:39:32 [/shop/shopping/load_payment_module.php] Array
(
    [0] => Array
        (
            [ACS] => 0
            [OrderID] => 939106-31013930
            [Forward] => 2959876
            [Method] => 1
            [PayTimes] => 
            [Approve] => 0123626
            [TranID] => 1907310139602257210134131286
            [TranDate] => 20190731013932
            [CheckString] => 78c7b0fe8a2caa840ae0fdd5596a489a
        )

)
 from 190.245.95.33
2019/07/31 01:39:32 [/shop/shopping/load_payment_module.php] load_payment_module.php set payment data:Array
(
    [ACS] => 0
    [Forward] => 2959876
    [Method] => 1
    [PayTimes] => 
    [Approve] => 0123626
    [TranID] => 1907310139602257210134131286
    [TranDate] => 20190731013932
    [CheckString] => 78c7b0fe8a2caa840ae0fdd5596a489a
    [Amount] => 8010
    [JobCd] => CAPTURE
    [action_status] => 3
    [pay_status] => 13
)
 from 190.245.95.33
2019/07/31 03:29:11 [/shop/shopping/load_payment_module.php] SendRequest:https://p01.mul-pay.jp/payment/EntryTran.idPass from 24.113.101.9
2019/07/31 03:29:11 [/shop/shopping/load_payment_module.php] Array
(
    [ShopID] => 9000034600950
    [ShopPass] => ******
    [OrderID] => 939107-31032911
    [JobCd] => CAPTURE
    [Amount] => 22070
    [TdFlag] => 0
    [TdTenantName] => 
)
 from 24.113.101.9
2019/07/31 03:29:11 [/shop/shopping/load_payment_module.php] AccessID=d870f3e76d61bb3d9cdc04b92b822bba&AccessPass=82f9ed5c3e1fe172738a11bd79a1632c from 24.113.101.9
2019/07/31 03:29:11 [/shop/shopping/load_payment_module.php] Array
(
    [0] => Array
        (
            [AccessID] => d870f3e76d61bb3d9cdc04b92b822bba
            [AccessPass] => 82f9ed5c3e1fe172738a11bd79a1632c
        )

)
 from 24.113.101.9
2019/07/31 03:29:11 [/shop/shopping/load_payment_module.php] load_payment_module.php set payment data:Array
(
    [AccessID] => d870f3e76d61bb3d9cdc04b92b822bba
    [AccessPass] => 82f9ed5c3e1fe172738a11bd79a1632c
    [OrderID] => 939107-31032911
    [Amount] => 22070
    [JobCd] => CAPTURE
    [action_status] => 1
    [pay_status] => 0
)
 from 24.113.101.9
2019/07/31 03:29:11 [/shop/shopping/load_payment_module.php] SendRequest:https://p01.mul-pay.jp/payment/ExecTran.idPass from 24.113.101.9
2019/07/31 03:29:11 [/shop/shopping/load_payment_module.php] Array
(
    [AccessID] => d870f3e76d61bb3d9cdc04b92b822bba
    [AccessPass] => 82f9ed5c3e1fe172738a11bd79a1632c
    [OrderID] => 939107-31032911
    [Method] => 1
    [Token] => 583604b733cbff25d350720a3a2136b1161b9739e707794d27f0e05ce32e107a
    [ClientField1] => 
    [ClientField2] => 
    [ClientField3] => EC-CUBE4.3.24
)
 from 24.113.101.9
2019/07/31 03:29:12 [/shop/shopping/load_payment_module.php] ACS=0&OrderID=939107-31032911&Forward=2S49631&Method=1&PayTimes=&Approve=0030544&TranID=1907310329602257210134131287&TranDate=20190731032911&CheckString=4bd81a3debcc43fe6211915a48b57008 from 24.113.101.9
2019/07/31 03:29:12 [/shop/shopping/load_payment_module.php] Array
(
    [0] => Array
        (
            [ACS] => 0
            [OrderID] => 939107-31032911
            [Forward] => 2S49631
            [Method] => 1
            [PayTimes] => 
            [Approve] => 0030544
            [TranID] => 1907310329602257210134131287
            [TranDate] => 20190731032911
            [CheckString] => 4bd81a3debcc43fe6211915a48b57008
        )

)
 from 24.113.101.9
2019/07/31 03:29:12 [/shop/shopping/load_payment_module.php] load_payment_module.php set payment data:Array
(
    [ACS] => 0
    [Forward] => 2S49631
    [Method] => 1
    [PayTimes] => 
    [Approve] => 0030544
    [TranID] => 1907310329602257210134131287
    [TranDate] => 20190731032911
    [CheckString] => 4bd81a3debcc43fe6211915a48b57008
    [Amount] => 22070
    [JobCd] => CAPTURE
    [action_status] => 3
    [pay_status] => 13
)
 from 24.113.101.9
2019/07/31 05:49:19 [/shop/shopping/load_payment_module.php] SendRequest:https://p01.mul-pay.jp/payment/SearchMember.idPass from 85.3.210.235
2019/07/31 05:49:19 [/shop/shopping/load_payment_module.php] Array
(
    [SiteID] => mst0000007602
    [SitePass] => ******
    [MemberID] => 5223
)
 from 85.3.210.235
2019/07/31 05:49:19 [/shop/shopping/load_payment_module.php] ErrCode=E01&ErrInfo=E01390002 from 85.3.210.235
2019/07/31 05:49:19 [/shop/shopping/load_payment_module.php] Array
(
    [0] => Array
        (
            [ErrCode] => E01
            [ErrInfo] => E01390002
        )

)
 from 85.3.210.235
2019/07/31 05:49:19 [/shop/shopping/load_payment_module.php] SendRequest:https://p01.mul-pay.jp/payment/SearchCard.idPass from 85.3.210.235
2019/07/31 05:49:19 [/shop/shopping/load_payment_module.php] Array
(
    [SiteID] => mst0000007602
    [SitePass] => ******
    [MemberID] => 5223
)
 from 85.3.210.235
2019/07/31 05:49:19 [/shop/shopping/load_payment_module.php] ErrCode=E01|E01&ErrInfo=E01390002|E01240002 from 85.3.210.235
2019/07/31 05:49:19 [/shop/shopping/load_payment_module.php] Array
(
    [0] => Array
        (
            [ErrCode] => E01
            [ErrInfo] => E01390002
        )

    [1] => Array
        (
            [ErrCode] => E01
            [ErrInfo] => E01240002
        )

)
 from 85.3.210.235
2019/07/31 05:50:48 [/shop/shopping/load_payment_module.php] SendRequest:https://p01.mul-pay.jp/payment/SearchMember.idPass from 85.3.210.235
2019/07/31 05:50:48 [/shop/shopping/load_payment_module.php] Array
(
    [SiteID] => mst0000007602
    [SitePass] => ******
    [MemberID] => 5223
)
 from 85.3.210.235
2019/07/31 05:50:48 [/shop/shopping/load_payment_module.php] ErrCode=E01&ErrInfo=E01390002 from 85.3.210.235
2019/07/31 05:50:48 [/shop/shopping/load_payment_module.php] Array
(
    [0] => Array
        (
            [ErrCode] => E01
            [ErrInfo] => E01390002
        )

)
 from 85.3.210.235
2019/07/31 05:50:48 [/shop/shopping/load_payment_module.php] SendRequest:https://p01.mul-pay.jp/payment/SearchCard.idPass from 85.3.210.235
2019/07/31 05:50:48 [/shop/shopping/load_payment_module.php] Array
(
    [SiteID] => mst0000007602
    [SitePass] => ******
    [MemberID] => 5223
)
 from 85.3.210.235
2019/07/31 05:50:48 [/shop/shopping/load_payment_module.php] ErrCode=E01|E01&ErrInfo=E01390002|E01240002 from 85.3.210.235
2019/07/31 05:50:48 [/shop/shopping/load_payment_module.php] Array
(
    [0] => Array
        (
            [ErrCode] => E01
            [ErrInfo] => E01390002
        )

    [1] => Array
        (
            [ErrCode] => E01
            [ErrInfo] => E01240002
        )

)
 from 85.3.210.235
2019/07/31 05:50:48 [/shop/shopping/load_payment_module.php] SendRequest:https://p01.mul-pay.jp/payment/EntryTran.idPass from 85.3.210.235
2019/07/31 05:50:48 [/shop/shopping/load_payment_module.php] Array
(
    [ShopID] => 9000034600950
    [ShopPass] => ******
    [OrderID] => 939108-31055048
    [JobCd] => CAPTURE
    [Amount] => 8456
    [TdFlag] => 0
    [TdTenantName] => 
)
 from 85.3.210.235
2019/07/31 05:50:48 [/shop/shopping/load_payment_module.php] AccessID=7ac16457ef3465644ff25a2dae1e6d35&AccessPass=505e51be5b24a0f3c7416bd39c5ed0ff from 85.3.210.235
2019/07/31 05:50:48 [/shop/shopping/load_payment_module.php] Array
(
    [0] => Array
        (
            [AccessID] => 7ac16457ef3465644ff25a2dae1e6d35
            [AccessPass] => 505e51be5b24a0f3c7416bd39c5ed0ff
        )

)
 from 85.3.210.235
2019/07/31 05:50:48 [/shop/shopping/load_payment_module.php] load_payment_module.php set payment data:Array
(
    [AccessID] => 7ac16457ef3465644ff25a2dae1e6d35
    [AccessPass] => 505e51be5b24a0f3c7416bd39c5ed0ff
    [OrderID] => 939108-31055048
    [Amount] => 8456
    [JobCd] => CAPTURE
    [action_status] => 1
    [pay_status] => 0
)
 from 85.3.210.235
2019/07/31 05:50:48 [/shop/shopping/load_payment_module.php] SendRequest:https://p01.mul-pay.jp/payment/ExecTran.idPass from 85.3.210.235
2019/07/31 05:50:48 [/shop/shopping/load_payment_module.php] Array
(
    [AccessID] => 7ac16457ef3465644ff25a2dae1e6d35
    [AccessPass] => 505e51be5b24a0f3c7416bd39c5ed0ff
    [OrderID] => 939108-31055048
    [Method] => 1
    [Token] => 1422f14d4fb9d8cc630d94a1005e01ef690111b8ef1ecae42f11d552cec8d7c6
    [ClientField1] => 
    [ClientField2] => 
    [ClientField3] => EC-CUBE4.3.24
)
 from 85.3.210.235
2019/07/31 05:50:50 [/shop/shopping/load_payment_module.php] ErrCode=G54&ErrInfo=42G540000 from 85.3.210.235
2019/07/31 05:50:50 [/shop/shopping/load_payment_module.php] Array
(
    [0] => Array
        (
            [ErrCode] => G54
            [ErrInfo] => 42G540000
        )

)
 from 85.3.210.235
2019/07/31 05:50:50 [/shop/shopping/load_payment_module.php] load_payment_module.php set payment data:Array
(
    [request_error] => Array
        (
            [0] => このカードでは取引をする事が出来ません。 (G54-42G540000)
        )

    [Amount] => 8456
    [JobCd] => CAPTURE
    [action_status] => 3
)
 from 85.3.210.235
2019/07/31 08:29:35 [/shop/shopping/load_payment_module.php] SendRequest:https://p01.mul-pay.jp/payment/SearchMember.idPass from 203.42.220.251
2019/07/31 08:29:35 [/shop/shopping/load_payment_module.php] Array
(
    [SiteID] => mst0000007602
    [SitePass] => ******
    [MemberID] => 3022
)
 from 203.42.220.251
2019/07/31 08:29:35 [/shop/shopping/load_payment_module.php] ErrCode=E01&ErrInfo=E01390002 from 203.42.220.251
2019/07/31 08:29:35 [/shop/shopping/load_payment_module.php] Array
(
    [0] => Array
        (
            [ErrCode] => E01
            [ErrInfo] => E01390002
        )

)
 from 203.42.220.251
2019/07/31 08:29:35 [/shop/shopping/load_payment_module.php] SendRequest:https://p01.mul-pay.jp/payment/SearchCard.idPass from 203.42.220.251
2019/07/31 08:29:35 [/shop/shopping/load_payment_module.php] Array
(
    [SiteID] => mst0000007602
    [SitePass] => ******
    [MemberID] => 3022
)
 from 203.42.220.251
2019/07/31 08:29:35 [/shop/shopping/load_payment_module.php] ErrCode=E01|E01&ErrInfo=E01390002|E01240002 from 203.42.220.251
2019/07/31 08:29:35 [/shop/shopping/load_payment_module.php] Array
(
    [0] => Array
        (
            [ErrCode] => E01
            [ErrInfo] => E01390002
        )

    [1] => Array
        (
            [ErrCode] => E01
            [ErrInfo] => E01240002
        )

)
 from 203.42.220.251
2019/07/31 08:30:15 [/shop/shopping/load_payment_module.php] SendRequest:https://p01.mul-pay.jp/payment/SearchMember.idPass from 203.42.220.251
2019/07/31 08:30:15 [/shop/shopping/load_payment_module.php] Array
(
    [SiteID] => mst0000007602
    [SitePass] => ******
    [MemberID] => 3022
)
 from 203.42.220.251
2019/07/31 08:30:15 [/shop/shopping/load_payment_module.php] ErrCode=E01&ErrInfo=E01390002 from 203.42.220.251
2019/07/31 08:30:15 [/shop/shopping/load_payment_module.php] Array
(
    [0] => Array
        (
            [ErrCode] => E01
            [ErrInfo] => E01390002
        )

)
 from 203.42.220.251
2019/07/31 08:30:15 [/shop/shopping/load_payment_module.php] SendRequest:https://p01.mul-pay.jp/payment/SearchCard.idPass from 203.42.220.251
2019/07/31 08:30:15 [/shop/shopping/load_payment_module.php] Array
(
    [SiteID] => mst0000007602
    [SitePass] => ******
    [MemberID] => 3022
)
 from 203.42.220.251
2019/07/31 08:30:15 [/shop/shopping/load_payment_module.php] ErrCode=E01|E01&ErrInfo=E01390002|E01240002 from 203.42.220.251
2019/07/31 08:30:15 [/shop/shopping/load_payment_module.php] Array
(
    [0] => Array
        (
            [ErrCode] => E01
            [ErrInfo] => E01390002
        )

    [1] => Array
        (
            [ErrCode] => E01
            [ErrInfo] => E01240002
        )

)
 from 203.42.220.251
2019/07/31 08:30:15 [/shop/shopping/load_payment_module.php] SendRequest:https://p01.mul-pay.jp/payment/EntryTran.idPass from 203.42.220.251
2019/07/31 08:30:15 [/shop/shopping/load_payment_module.php] Array
(
    [ShopID] => 9000034600950
    [ShopPass] => ******
    [OrderID] => 939109-31083015
    [JobCd] => CAPTURE
    [Amount] => 4930
    [TdFlag] => 0
    [TdTenantName] => 
)
 from 203.42.220.251
2019/07/31 08:30:15 [/shop/shopping/load_payment_module.php] AccessID=975e570e4badf7397a36d3f97e75c02c&AccessPass=72511fdebb23dd9db044554e9b28e630 from 203.42.220.251
2019/07/31 08:30:15 [/shop/shopping/load_payment_module.php] Array
(
    [0] => Array
        (
            [AccessID] => 975e570e4badf7397a36d3f97e75c02c
            [AccessPass] => 72511fdebb23dd9db044554e9b28e630
        )

)
 from 203.42.220.251
2019/07/31 08:30:15 [/shop/shopping/load_payment_module.php] load_payment_module.php set payment data:Array
(
    [AccessID] => 975e570e4badf7397a36d3f97e75c02c
    [AccessPass] => 72511fdebb23dd9db044554e9b28e630
    [OrderID] => 939109-31083015
    [Amount] => 4930
    [JobCd] => CAPTURE
    [action_status] => 1
    [pay_status] => 0
)
 from 203.42.220.251
2019/07/31 08:30:15 [/shop/shopping/load_payment_module.php] SendRequest:https://p01.mul-pay.jp/payment/ExecTran.idPass from 203.42.220.251
2019/07/31 08:30:15 [/shop/shopping/load_payment_module.php] Array
(
    [AccessID] => 975e570e4badf7397a36d3f97e75c02c
    [AccessPass] => 72511fdebb23dd9db044554e9b28e630
    [OrderID] => 939109-31083015
    [Method] => 1
    [Token] => d7d522be2f1e9a16152c4c7eade78a71bd139fccdbf47d4b0d263250877f3733
    [ClientField1] => 
    [ClientField2] => 
    [ClientField3] => EC-CUBE4.3.24
)
 from 203.42.220.251
2019/07/31 08:30:16 [/shop/shopping/load_payment_module.php] ACS=0&OrderID=939109-31083015&Forward=2S49631&Method=1&PayTimes=&Approve=0024764&TranID=1907310830602257210134111379&TranDate=20190731083016&CheckString=a64894dc56cef30349cfe5e405a77498 from 203.42.220.251
2019/07/31 08:30:16 [/shop/shopping/load_payment_module.php] Array
(
    [0] => Array
        (
            [ACS] => 0
            [OrderID] => 939109-31083015
            [Forward] => 2S49631
            [Method] => 1
            [PayTimes] => 
            [Approve] => 0024764
            [TranID] => 1907310830602257210134111379
            [TranDate] => 20190731083016
            [CheckString] => a64894dc56cef30349cfe5e405a77498
        )

)
 from 203.42.220.251
2019/07/31 08:30:16 [/shop/shopping/load_payment_module.php] load_payment_module.php set payment data:Array
(
    [ACS] => 0
    [Forward] => 2S49631
    [Method] => 1
    [PayTimes] => 
    [Approve] => 0024764
    [TranID] => 1907310830602257210134111379
    [TranDate] => 20190731083016
    [CheckString] => a64894dc56cef30349cfe5e405a77498
    [Amount] => 4930
    [JobCd] => CAPTURE
    [action_status] => 3
    [pay_status] => 13
)
 from 203.42.220.251
2019/07/31 09:08:51 [/shop/shopping/load_payment_module.php] SendRequest:https://p01.mul-pay.jp/payment/SearchMember.idPass from 110.54.198.89
2019/07/31 09:08:51 [/shop/shopping/load_payment_module.php] Array
(
    [SiteID] => mst0000007602
    [SitePass] => ******
    [MemberID] => 9523
)
 from 110.54.198.89
2019/07/31 09:08:51 [/shop/shopping/load_payment_module.php] ErrCode=E01&ErrInfo=E01390002 from 110.54.198.89
2019/07/31 09:08:51 [/shop/shopping/load_payment_module.php] Array
(
    [0] => Array
        (
            [ErrCode] => E01
            [ErrInfo] => E01390002
        )

)
 from 110.54.198.89
2019/07/31 09:08:51 [/shop/shopping/load_payment_module.php] SendRequest:https://p01.mul-pay.jp/payment/SearchCard.idPass from 110.54.198.89
2019/07/31 09:08:51 [/shop/shopping/load_payment_module.php] Array
(
    [SiteID] => mst0000007602
    [SitePass] => ******
    [MemberID] => 9523
)
 from 110.54.198.89
2019/07/31 09:08:51 [/shop/shopping/load_payment_module.php] ErrCode=E01|E01&ErrInfo=E01390002|E01240002 from 110.54.198.89
2019/07/31 09:08:51 [/shop/shopping/load_payment_module.php] Array
(
    [0] => Array
        (
            [ErrCode] => E01
            [ErrInfo] => E01390002
        )

    [1] => Array
        (
            [ErrCode] => E01
            [ErrInfo] => E01240002
        )

)
 from 110.54.198.89
2019/07/31 11:03:15 [/shop/shopping/load_payment_module.php] SendRequest:https://p01.mul-pay.jp/payment/EntryTran.idPass from 86.252.71.132
2019/07/31 11:03:15 [/shop/shopping/load_payment_module.php] Array
(
    [ShopID] => 9000034600950
    [ShopPass] => ******
    [OrderID] => 939111-31110315
    [JobCd] => CAPTURE
    [Amount] => 3870
    [TdFlag] => 0
    [TdTenantName] => 
)
 from 86.252.71.132
2019/07/31 11:03:15 [/shop/shopping/load_payment_module.php] AccessID=555bfb9d47f9c52251fdb810748a3428&AccessPass=8eca0cd4d2185f102921456d5f725b82 from 86.252.71.132
2019/07/31 11:03:15 [/shop/shopping/load_payment_module.php] Array
(
    [0] => Array
        (
            [AccessID] => 555bfb9d47f9c52251fdb810748a3428
            [AccessPass] => 8eca0cd4d2185f102921456d5f725b82
        )

)
 from 86.252.71.132
2019/07/31 11:03:15 [/shop/shopping/load_payment_module.php] load_payment_module.php set payment data:Array
(
    [AccessID] => 555bfb9d47f9c52251fdb810748a3428
    [AccessPass] => 8eca0cd4d2185f102921456d5f725b82
    [OrderID] => 939111-31110315
    [Amount] => 3870
    [JobCd] => CAPTURE
    [action_status] => 1
    [pay_status] => 0
)
 from 86.252.71.132
2019/07/31 11:03:15 [/shop/shopping/load_payment_module.php] SendRequest:https://p01.mul-pay.jp/payment/ExecTran.idPass from 86.252.71.132
2019/07/31 11:03:15 [/shop/shopping/load_payment_module.php] Array
(
    [AccessID] => 555bfb9d47f9c52251fdb810748a3428
    [AccessPass] => 8eca0cd4d2185f102921456d5f725b82
    [OrderID] => 939111-31110315
    [Method] => 1
    [Token] => 8a8ff37aa78bb50fdbf8ceb8bfaf4d05989c7a3e095e0d5c1a63b3023289d9d0
    [ClientField1] => 
    [ClientField2] => 
    [ClientField3] => EC-CUBE4.3.24
)
 from 86.252.71.132
2019/07/31 11:03:16 [/shop/shopping/load_payment_module.php] ACS=0&OrderID=939111-31110315&Forward=2a99661&Method=1&PayTimes=&Approve=0000049&TranID=1907311103602257210134111380&TranDate=20190731110316&CheckString=c49197e7111d2a93a903718ff93b6d65 from 86.252.71.132
2019/07/31 11:03:16 [/shop/shopping/load_payment_module.php] Array
(
    [0] => Array
        (
            [ACS] => 0
            [OrderID] => 939111-31110315
            [Forward] => 2a99661
            [Method] => 1
            [PayTimes] => 
            [Approve] => 0000049
            [TranID] => 1907311103602257210134111380
            [TranDate] => 20190731110316
            [CheckString] => c49197e7111d2a93a903718ff93b6d65
        )

)
 from 86.252.71.132
2019/07/31 11:03:16 [/shop/shopping/load_payment_module.php] load_payment_module.php set payment data:Array
(
    [ACS] => 0
    [Forward] => 2a99661
    [Method] => 1
    [PayTimes] => 
    [Approve] => 0000049
    [TranID] => 1907311103602257210134111380
    [TranDate] => 20190731110316
    [CheckString] => c49197e7111d2a93a903718ff93b6d65
    [Amount] => 3870
    [JobCd] => CAPTURE
    [action_status] => 3
    [pay_status] => 13
)
 from 86.252.71.132
2019/07/31 11:16:32 [/shop/shopping/load_payment_module.php] SendRequest:https://p01.mul-pay.jp/payment/EntryTran.idPass from 126.13.108.185
2019/07/31 11:16:32 [/shop/shopping/load_payment_module.php] Array
(
    [ShopID] => 9000034600950
    [ShopPass] => ******
    [OrderID] => 939112-31111632
    [JobCd] => CAPTURE
    [Amount] => 9870
    [TdFlag] => 0
    [TdTenantName] => 
)
 from 126.13.108.185
2019/07/31 11:16:32 [/shop/shopping/load_payment_module.php] AccessID=d51c79a163a9f088433a7bdcd6ca6055&AccessPass=fb42eea5611f49b9c65d197252b586d7 from 126.13.108.185
2019/07/31 11:16:32 [/shop/shopping/load_payment_module.php] Array
(
    [0] => Array
        (
            [AccessID] => d51c79a163a9f088433a7bdcd6ca6055
            [AccessPass] => fb42eea5611f49b9c65d197252b586d7
        )

)
 from 126.13.108.185
2019/07/31 11:16:32 [/shop/shopping/load_payment_module.php] load_payment_module.php set payment data:Array
(
    [AccessID] => d51c79a163a9f088433a7bdcd6ca6055
    [AccessPass] => fb42eea5611f49b9c65d197252b586d7
    [OrderID] => 939112-31111632
    [Amount] => 9870
    [JobCd] => CAPTURE
    [action_status] => 1
    [pay_status] => 0
)
 from 126.13.108.185
2019/07/31 11:16:32 [/shop/shopping/load_payment_module.php] SendRequest:https://p01.mul-pay.jp/payment/ExecTran.idPass from 126.13.108.185
2019/07/31 11:16:32 [/shop/shopping/load_payment_module.php] Array
(
    [AccessID] => d51c79a163a9f088433a7bdcd6ca6055
    [AccessPass] => fb42eea5611f49b9c65d197252b586d7
    [OrderID] => 939112-31111632
    [Method] => 1
    [Token] => df3c9745cfd1a9e771d7ea2859839ce20dcbf207c6e900690f5d7862e76decfe
    [ClientField1] => 
    [ClientField2] => 
    [ClientField3] => EC-CUBE4.3.24
)
 from 126.13.108.185
2019/07/31 11:16:33 [/shop/shopping/load_payment_module.php] ACS=0&OrderID=939112-31111632&Forward=2S49631&Method=1&PayTimes=&Approve=0003145&TranID=1907311116602257210134121410&TranDate=20190731111633&CheckString=ba963e8fbefecb5f8b67e4255a69e09d from 126.13.108.185
2019/07/31 11:16:33 [/shop/shopping/load_payment_module.php] Array
(
    [0] => Array
        (
            [ACS] => 0
            [OrderID] => 939112-31111632
            [Forward] => 2S49631
            [Method] => 1
            [PayTimes] => 
            [Approve] => 0003145
            [TranID] => 1907311116602257210134121410
            [TranDate] => 20190731111633
            [CheckString] => ba963e8fbefecb5f8b67e4255a69e09d
        )

)
 from 126.13.108.185
2019/07/31 11:16:33 [/shop/shopping/load_payment_module.php] load_payment_module.php set payment data:Array
(
    [ACS] => 0
    [Forward] => 2S49631
    [Method] => 1
    [PayTimes] => 
    [Approve] => 0003145
    [TranID] => 1907311116602257210134121410
    [TranDate] => 20190731111633
    [CheckString] => ba963e8fbefecb5f8b67e4255a69e09d
    [Amount] => 9870
    [JobCd] => CAPTURE
    [action_status] => 3
    [pay_status] => 13
)
 from 126.13.108.185
2019/07/31 11:48:18 [/shop/shopping/load_payment_module.php] SendRequest:https://p01.mul-pay.jp/payment/EntryTran.idPass from 114.146.202.251
2019/07/31 11:48:18 [/shop/shopping/load_payment_module.php] Array
(
    [ShopID] => 9000034600950
    [ShopPass] => ******
    [OrderID] => 939113-31114818
    [JobCd] => CAPTURE
    [Amount] => 19970
    [TdFlag] => 0
    [TdTenantName] => 
)
 from 114.146.202.251
2019/07/31 11:48:18 [/shop/shopping/load_payment_module.php] AccessID=f6559e0848587abcfb1dc20d07868fe7&AccessPass=5112d1d0be096fdadd0d2b8fb0d82d17 from 114.146.202.251
2019/07/31 11:48:18 [/shop/shopping/load_payment_module.php] Array
(
    [0] => Array
        (
            [AccessID] => f6559e0848587abcfb1dc20d07868fe7
            [AccessPass] => 5112d1d0be096fdadd0d2b8fb0d82d17
        )

)
 from 114.146.202.251
2019/07/31 11:48:18 [/shop/shopping/load_payment_module.php] load_payment_module.php set payment data:Array
(
    [AccessID] => f6559e0848587abcfb1dc20d07868fe7
    [AccessPass] => 5112d1d0be096fdadd0d2b8fb0d82d17
    [OrderID] => 939113-31114818
    [Amount] => 19970
    [JobCd] => CAPTURE
    [action_status] => 1
    [pay_status] => 0
)
 from 114.146.202.251
2019/07/31 11:48:18 [/shop/shopping/load_payment_module.php] SendRequest:https://p01.mul-pay.jp/payment/ExecTran.idPass from 114.146.202.251
2019/07/31 11:48:18 [/shop/shopping/load_payment_module.php] Array
(
    [AccessID] => f6559e0848587abcfb1dc20d07868fe7
    [AccessPass] => 5112d1d0be096fdadd0d2b8fb0d82d17
    [OrderID] => 939113-31114818
    [Method] => 1
    [Token] => c78af6e1b22922e0aa399d612ed753f3c54846535fe7dcbc353a663dc076aa34
    [ClientField1] => 
    [ClientField2] => 
    [ClientField3] => EC-CUBE4.3.24
)
 from 114.146.202.251
2019/07/31 11:48:19 [/shop/shopping/load_payment_module.php] ACS=0&OrderID=939113-31114818&Forward=2S49631&Method=1&PayTimes=&Approve=0105362&TranID=1907311148602257210134111381&TranDate=20190731114819&CheckString=8dd2e53943f3cecf6e108f21cd260bbe from 114.146.202.251
2019/07/31 11:48:19 [/shop/shopping/load_payment_module.php] Array
(
    [0] => Array
        (
            [ACS] => 0
            [OrderID] => 939113-31114818
            [Forward] => 2S49631
            [Method] => 1
            [PayTimes] => 
            [Approve] => 0105362
            [TranID] => 1907311148602257210134111381
            [TranDate] => 20190731114819
            [CheckString] => 8dd2e53943f3cecf6e108f21cd260bbe
        )

)
 from 114.146.202.251
2019/07/31 11:48:19 [/shop/shopping/load_payment_module.php] load_payment_module.php set payment data:Array
(
    [ACS] => 0
    [Forward] => 2S49631
    [Method] => 1
    [PayTimes] => 
    [Approve] => 0105362
    [TranID] => 1907311148602257210134111381
    [TranDate] => 20190731114819
    [CheckString] => 8dd2e53943f3cecf6e108f21cd260bbe
    [Amount] => 19970
    [JobCd] => CAPTURE
    [action_status] => 3
    [pay_status] => 13
)
 from 114.146.202.251
2019/07/31 14:04:39 [/shop/shopping/load_payment_module.php] SendRequest:https://p01.mul-pay.jp/payment/EntryTran.idPass from 126.189.20.183
2019/07/31 14:04:39 [/shop/shopping/load_payment_module.php] Array
(
    [ShopID] => 9000034600950
    [ShopPass] => ******
    [OrderID] => 939114-31140439
    [JobCd] => CAPTURE
    [Amount] => 7830
    [TdFlag] => 0
    [TdTenantName] => 
)
 from 126.189.20.183
2019/07/31 14:04:39 [/shop/shopping/load_payment_module.php] AccessID=000cec78069e67c86660c6733a391ee8&AccessPass=29e4124a9371d51bde23366014d9dea0 from 126.189.20.183
2019/07/31 14:04:39 [/shop/shopping/load_payment_module.php] Array
(
    [0] => Array
        (
            [AccessID] => 000cec78069e67c86660c6733a391ee8
            [AccessPass] => 29e4124a9371d51bde23366014d9dea0
        )

)
 from 126.189.20.183
2019/07/31 14:04:39 [/shop/shopping/load_payment_module.php] load_payment_module.php set payment data:Array
(
    [AccessID] => 000cec78069e67c86660c6733a391ee8
    [AccessPass] => 29e4124a9371d51bde23366014d9dea0
    [OrderID] => 939114-31140439
    [Amount] => 7830
    [JobCd] => CAPTURE
    [action_status] => 1
    [pay_status] => 0
)
 from 126.189.20.183
2019/07/31 14:04:39 [/shop/shopping/load_payment_module.php] SendRequest:https://p01.mul-pay.jp/payment/ExecTran.idPass from 126.189.20.183
2019/07/31 14:04:39 [/shop/shopping/load_payment_module.php] Array
(
    [AccessID] => 000cec78069e67c86660c6733a391ee8
    [AccessPass] => 29e4124a9371d51bde23366014d9dea0
    [OrderID] => 939114-31140439
    [Method] => 1
    [Token] => 261cfd4d5f8ad23f8ccdc6683732d3eff14a10cf49ec0549d8f5f1576a523c6a
    [ClientField1] => 
    [ClientField2] => 
    [ClientField3] => EC-CUBE4.3.24
)
 from 126.189.20.183
2019/07/31 14:04:40 [/shop/shopping/load_payment_module.php] ACS=0&OrderID=939114-31140439&Forward=2959876&Method=1&PayTimes=&Approve=0032196&TranID=1907311404602257210134121411&TranDate=20190731140440&CheckString=d33acc9f242f950d2a68e61bba269d3a from 126.189.20.183
2019/07/31 14:04:40 [/shop/shopping/load_payment_module.php] Array
(
    [0] => Array
        (
            [ACS] => 0
            [OrderID] => 939114-31140439
            [Forward] => 2959876
            [Method] => 1
            [PayTimes] => 
            [Approve] => 0032196
            [TranID] => 1907311404602257210134121411
            [TranDate] => 20190731140440
            [CheckString] => d33acc9f242f950d2a68e61bba269d3a
        )

)
 from 126.189.20.183
2019/07/31 14:04:40 [/shop/shopping/load_payment_module.php] load_payment_module.php set payment data:Array
(
    [ACS] => 0
    [Forward] => 2959876
    [Method] => 1
    [PayTimes] => 
    [Approve] => 0032196
    [TranID] => 1907311404602257210134121411
    [TranDate] => 20190731140440
    [CheckString] => d33acc9f242f950d2a68e61bba269d3a
    [Amount] => 7830
    [JobCd] => CAPTURE
    [action_status] => 3
    [pay_status] => 13
)
 from 126.189.20.183
2019/07/31 14:51:45 [/shop/shopping/load_payment_module.php] SendRequest:https://p01.mul-pay.jp/payment/SearchMember.idPass from 114.185.114.182
2019/07/31 14:51:45 [/shop/shopping/load_payment_module.php] Array
(
    [SiteID] => mst0000007602
    [SitePass] => ******
    [MemberID] => 5062
)
 from 114.185.114.182
2019/07/31 14:51:45 [/shop/shopping/load_payment_module.php] ErrCode=E01&ErrInfo=E01390002 from 114.185.114.182
2019/07/31 14:51:45 [/shop/shopping/load_payment_module.php] Array
(
    [0] => Array
        (
            [ErrCode] => E01
            [ErrInfo] => E01390002
        )

)
 from 114.185.114.182
2019/07/31 14:51:45 [/shop/shopping/load_payment_module.php] SendRequest:https://p01.mul-pay.jp/payment/SearchCard.idPass from 114.185.114.182
2019/07/31 14:51:45 [/shop/shopping/load_payment_module.php] Array
(
    [SiteID] => mst0000007602
    [SitePass] => ******
    [MemberID] => 5062
)
 from 114.185.114.182
2019/07/31 14:51:45 [/shop/shopping/load_payment_module.php] ErrCode=E01|E01&ErrInfo=E01390002|E01240002 from 114.185.114.182
2019/07/31 14:51:45 [/shop/shopping/load_payment_module.php] Array
(
    [0] => Array
        (
            [ErrCode] => E01
            [ErrInfo] => E01390002
        )

    [1] => Array
        (
            [ErrCode] => E01
            [ErrInfo] => E01240002
        )

)
 from 114.185.114.182
2019/07/31 14:53:59 [/shop/shopping/load_payment_module.php] SendRequest:https://p01.mul-pay.jp/payment/SearchMember.idPass from 114.185.114.182
2019/07/31 14:53:59 [/shop/shopping/load_payment_module.php] Array
(
    [SiteID] => mst0000007602
    [SitePass] => ******
    [MemberID] => 5062
)
 from 114.185.114.182
2019/07/31 14:53:59 [/shop/shopping/load_payment_module.php] ErrCode=E01&ErrInfo=E01390002 from 114.185.114.182
2019/07/31 14:53:59 [/shop/shopping/load_payment_module.php] Array
(
    [0] => Array
        (
            [ErrCode] => E01
            [ErrInfo] => E01390002
        )

)
 from 114.185.114.182
2019/07/31 14:53:59 [/shop/shopping/load_payment_module.php] SendRequest:https://p01.mul-pay.jp/payment/SearchCard.idPass from 114.185.114.182
2019/07/31 14:53:59 [/shop/shopping/load_payment_module.php] Array
(
    [SiteID] => mst0000007602
    [SitePass] => ******
    [MemberID] => 5062
)
 from 114.185.114.182
2019/07/31 14:53:59 [/shop/shopping/load_payment_module.php] ErrCode=E01|E01&ErrInfo=E01390002|E01240002 from 114.185.114.182
2019/07/31 14:53:59 [/shop/shopping/load_payment_module.php] Array
(
    [0] => Array
        (
            [ErrCode] => E01
            [ErrInfo] => E01390002
        )

    [1] => Array
        (
            [ErrCode] => E01
            [ErrInfo] => E01240002
        )

)
 from 114.185.114.182
2019/07/31 14:53:59 [/shop/shopping/load_payment_module.php] SendRequest:https://p01.mul-pay.jp/payment/EntryTran.idPass from 114.185.114.182
2019/07/31 14:53:59 [/shop/shopping/load_payment_module.php] Array
(
    [ShopID] => 9000034600950
    [ShopPass] => ******
    [OrderID] => 939115-31145359
    [JobCd] => CAPTURE
    [Amount] => 9870
    [TdFlag] => 0
    [TdTenantName] => 
)
 from 114.185.114.182
2019/07/31 14:54:00 [/shop/shopping/load_payment_module.php] AccessID=a13a98e5967578220cb0db0c63ba140a&AccessPass=ea10a15ba01d9bd6c54392be95df718c from 114.185.114.182
2019/07/31 14:54:00 [/shop/shopping/load_payment_module.php] Array
(
    [0] => Array
        (
            [AccessID] => a13a98e5967578220cb0db0c63ba140a
            [AccessPass] => ea10a15ba01d9bd6c54392be95df718c
        )

)
 from 114.185.114.182
2019/07/31 14:54:00 [/shop/shopping/load_payment_module.php] load_payment_module.php set payment data:Array
(
    [AccessID] => a13a98e5967578220cb0db0c63ba140a
    [AccessPass] => ea10a15ba01d9bd6c54392be95df718c
    [OrderID] => 939115-31145359
    [Amount] => 9870
    [JobCd] => CAPTURE
    [action_status] => 1
    [pay_status] => 0
)
 from 114.185.114.182
2019/07/31 14:54:00 [/shop/shopping/load_payment_module.php] SendRequest:https://p01.mul-pay.jp/payment/ExecTran.idPass from 114.185.114.182
2019/07/31 14:54:00 [/shop/shopping/load_payment_module.php] Array
(
    [AccessID] => a13a98e5967578220cb0db0c63ba140a
    [AccessPass] => ea10a15ba01d9bd6c54392be95df718c
    [OrderID] => 939115-31145359
    [Method] => 1
    [Token] => f7cd64612af352947e7b6e2cd258f2651171b06ce5e046ecf5ee660fc001f36c
    [ClientField1] => 
    [ClientField2] => 
    [ClientField3] => EC-CUBE4.3.24
)
 from 114.185.114.182
2019/07/31 14:54:01 [/shop/shopping/load_payment_module.php] ACS=0&OrderID=939115-31145359&Forward=2S49631&Method=1&PayTimes=&Approve=0001294&TranID=1907311454602257210134131289&TranDate=20190731145401&CheckString=4c9ee7476dfc70d070d932e9496ba9e7 from 114.185.114.182
2019/07/31 14:54:01 [/shop/shopping/load_payment_module.php] Array
(
    [0] => Array
        (
            [ACS] => 0
            [OrderID] => 939115-31145359
            [Forward] => 2S49631
            [Method] => 1
            [PayTimes] => 
            [Approve] => 0001294
            [TranID] => 1907311454602257210134131289
            [TranDate] => 20190731145401
            [CheckString] => 4c9ee7476dfc70d070d932e9496ba9e7
        )

)
 from 114.185.114.182
2019/07/31 14:54:01 [/shop/shopping/load_payment_module.php] load_payment_module.php set payment data:Array
(
    [ACS] => 0
    [Forward] => 2S49631
    [Method] => 1
    [PayTimes] => 
    [Approve] => 0001294
    [TranID] => 1907311454602257210134131289
    [TranDate] => 20190731145401
    [CheckString] => 4c9ee7476dfc70d070d932e9496ba9e7
    [Amount] => 9870
    [JobCd] => CAPTURE
    [action_status] => 3
    [pay_status] => 13
)
 from 114.185.114.182
2019/07/31 17:16:02 [/shop/shopping/load_payment_module.php] SendRequest:https://p01.mul-pay.jp/payment/SearchMember.idPass from 219.127.30.172
2019/07/31 17:16:02 [/shop/shopping/load_payment_module.php] Array
(
    [SiteID] => mst0000007602
    [SitePass] => ******
    [MemberID] => 4417
)
 from 219.127.30.172
2019/07/31 17:16:02 [/shop/shopping/load_payment_module.php] ErrCode=E01&ErrInfo=E01390002 from 219.127.30.172
2019/07/31 17:16:02 [/shop/shopping/load_payment_module.php] Array
(
    [0] => Array
        (
            [ErrCode] => E01
            [ErrInfo] => E01390002
        )

)
 from 219.127.30.172
2019/07/31 17:16:02 [/shop/shopping/load_payment_module.php] SendRequest:https://p01.mul-pay.jp/payment/SearchCard.idPass from 219.127.30.172
2019/07/31 17:16:02 [/shop/shopping/load_payment_module.php] Array
(
    [SiteID] => mst0000007602
    [SitePass] => ******
    [MemberID] => 4417
)
 from 219.127.30.172
2019/07/31 17:16:02 [/shop/shopping/load_payment_module.php] ErrCode=E01|E01&ErrInfo=E01390002|E01240002 from 219.127.30.172
2019/07/31 17:16:02 [/shop/shopping/load_payment_module.php] Array
(
    [0] => Array
        (
            [ErrCode] => E01
            [ErrInfo] => E01390002
        )

    [1] => Array
        (
            [ErrCode] => E01
            [ErrInfo] => E01240002
        )

)
 from 219.127.30.172
2019/07/31 17:16:35 [/shop/shopping/load_payment_module.php] SendRequest:https://p01.mul-pay.jp/payment/SearchMember.idPass from 219.127.30.172
2019/07/31 17:16:35 [/shop/shopping/load_payment_module.php] Array
(
    [SiteID] => mst0000007602
    [SitePass] => ******
    [MemberID] => 4417
)
 from 219.127.30.172
2019/07/31 17:16:35 [/shop/shopping/load_payment_module.php] ErrCode=E01&ErrInfo=E01390002 from 219.127.30.172
2019/07/31 17:16:35 [/shop/shopping/load_payment_module.php] Array
(
    [0] => Array
        (
            [ErrCode] => E01
            [ErrInfo] => E01390002
        )

)
 from 219.127.30.172
2019/07/31 17:16:35 [/shop/shopping/load_payment_module.php] SendRequest:https://p01.mul-pay.jp/payment/SearchCard.idPass from 219.127.30.172
2019/07/31 17:16:35 [/shop/shopping/load_payment_module.php] Array
(
    [SiteID] => mst0000007602
    [SitePass] => ******
    [MemberID] => 4417
)
 from 219.127.30.172
2019/07/31 17:16:35 [/shop/shopping/load_payment_module.php] ErrCode=E01|E01&ErrInfo=E01390002|E01240002 from 219.127.30.172
2019/07/31 17:16:35 [/shop/shopping/load_payment_module.php] Array
(
    [0] => Array
        (
            [ErrCode] => E01
            [ErrInfo] => E01390002
        )

    [1] => Array
        (
            [ErrCode] => E01
            [ErrInfo] => E01240002
        )

)
 from 219.127.30.172
2019/07/31 17:16:35 [/shop/shopping/load_payment_module.php] SendRequest:https://p01.mul-pay.jp/payment/EntryTran.idPass from 219.127.30.172
2019/07/31 17:16:35 [/shop/shopping/load_payment_module.php] Array
(
    [ShopID] => 9000034600950
    [ShopPass] => ******
    [OrderID] => 939117-31171635
    [JobCd] => CAPTURE
    [Amount] => 9304
    [TdFlag] => 0
    [TdTenantName] => 
)
 from 219.127.30.172
2019/07/31 17:16:35 [/shop/shopping/load_payment_module.php] AccessID=f25586fcd3ddfad3aa6fce7774328706&AccessPass=20aac00411698b9979f25274ccff26a7 from 219.127.30.172
2019/07/31 17:16:35 [/shop/shopping/load_payment_module.php] Array
(
    [0] => Array
        (
            [AccessID] => f25586fcd3ddfad3aa6fce7774328706
            [AccessPass] => 20aac00411698b9979f25274ccff26a7
        )

)
 from 219.127.30.172
2019/07/31 17:16:35 [/shop/shopping/load_payment_module.php] load_payment_module.php set payment data:Array
(
    [AccessID] => f25586fcd3ddfad3aa6fce7774328706
    [AccessPass] => 20aac00411698b9979f25274ccff26a7
    [OrderID] => 939117-31171635
    [Amount] => 9304
    [JobCd] => CAPTURE
    [action_status] => 1
    [pay_status] => 0
)
 from 219.127.30.172
2019/07/31 17:16:35 [/shop/shopping/load_payment_module.php] SendRequest:https://p01.mul-pay.jp/payment/ExecTran.idPass from 219.127.30.172
2019/07/31 17:16:35 [/shop/shopping/load_payment_module.php] Array
(
    [AccessID] => f25586fcd3ddfad3aa6fce7774328706
    [AccessPass] => 20aac00411698b9979f25274ccff26a7
    [OrderID] => 939117-31171635
    [Method] => 1
    [Token] => 0db9b15a57d00a8088bf8792135b84ce0c4e6ad5307aabcc48bcb5a17dd28821
    [ClientField1] => 
    [ClientField2] => 
    [ClientField3] => EC-CUBE4.3.24
)
 from 219.127.30.172
2019/07/31 17:16:37 [/shop/shopping/load_payment_module.php] ACS=0&OrderID=939117-31171635&Forward=2S49631&Method=1&PayTimes=&Approve=0711382&TranID=1907311716602257210134111382&TranDate=20190731171637&CheckString=5c90194ec880c57116de856a95e7954e from 219.127.30.172
2019/07/31 17:16:37 [/shop/shopping/load_payment_module.php] Array
(
    [0] => Array
        (
            [ACS] => 0
            [OrderID] => 939117-31171635
            [Forward] => 2S49631
            [Method] => 1
            [PayTimes] => 
            [Approve] => 0711382
            [TranID] => 1907311716602257210134111382
            [TranDate] => 20190731171637
            [CheckString] => 5c90194ec880c57116de856a95e7954e
        )

)
 from 219.127.30.172
2019/07/31 17:16:37 [/shop/shopping/load_payment_module.php] load_payment_module.php set payment data:Array
(
    [ACS] => 0
    [Forward] => 2S49631
    [Method] => 1
    [PayTimes] => 
    [Approve] => 0711382
    [TranID] => 1907311716602257210134111382
    [TranDate] => 20190731171637
    [CheckString] => 5c90194ec880c57116de856a95e7954e
    [Amount] => 9304
    [JobCd] => CAPTURE
    [action_status] => 3
    [pay_status] => 13
)
 from 219.127.30.172
2019/07/31 17:40:47 [/shop/shopping/load_payment_module.php] SendRequest:https://p01.mul-pay.jp/payment/SearchMember.idPass from 104.132.8.109
2019/07/31 17:40:47 [/shop/shopping/load_payment_module.php] Array
(
    [SiteID] => mst0000007602
    [SitePass] => ******
    [MemberID] => 9542
)
 from 104.132.8.109
2019/07/31 17:40:47 [/shop/shopping/load_payment_module.php] ErrCode=E01&ErrInfo=E01390002 from 104.132.8.109
2019/07/31 17:40:47 [/shop/shopping/load_payment_module.php] Array
(
    [0] => Array
        (
            [ErrCode] => E01
            [ErrInfo] => E01390002
        )

)
 from 104.132.8.109
2019/07/31 17:40:47 [/shop/shopping/load_payment_module.php] SendRequest:https://p01.mul-pay.jp/payment/SearchCard.idPass from 104.132.8.109
2019/07/31 17:40:47 [/shop/shopping/load_payment_module.php] Array
(
    [SiteID] => mst0000007602
    [SitePass] => ******
    [MemberID] => 9542
)
 from 104.132.8.109
2019/07/31 17:40:47 [/shop/shopping/load_payment_module.php] ErrCode=E01|E01&ErrInfo=E01390002|E01240002 from 104.132.8.109
2019/07/31 17:40:47 [/shop/shopping/load_payment_module.php] Array
(
    [0] => Array
        (
            [ErrCode] => E01
            [ErrInfo] => E01390002
        )

    [1] => Array
        (
            [ErrCode] => E01
            [ErrInfo] => E01240002
        )

)
 from 104.132.8.109
2019/07/31 17:42:00 [/shop/shopping/load_payment_module.php] SendRequest:https://p01.mul-pay.jp/payment/SearchMember.idPass from 104.132.8.109
2019/07/31 17:42:00 [/shop/shopping/load_payment_module.php] Array
(
    [SiteID] => mst0000007602
    [SitePass] => ******
    [MemberID] => 9542
)
 from 104.132.8.109
2019/07/31 17:42:00 [/shop/shopping/load_payment_module.php] ErrCode=E01&ErrInfo=E01390002 from 104.132.8.109
2019/07/31 17:42:00 [/shop/shopping/load_payment_module.php] Array
(
    [0] => Array
        (
            [ErrCode] => E01
            [ErrInfo] => E01390002
        )

)
 from 104.132.8.109
2019/07/31 17:42:00 [/shop/shopping/load_payment_module.php] SendRequest:https://p01.mul-pay.jp/payment/SearchCard.idPass from 104.132.8.109
2019/07/31 17:42:00 [/shop/shopping/load_payment_module.php] Array
(
    [SiteID] => mst0000007602
    [SitePass] => ******
    [MemberID] => 9542
)
 from 104.132.8.109
2019/07/31 17:42:00 [/shop/shopping/load_payment_module.php] ErrCode=E01|E01&ErrInfo=E01390002|E01240002 from 104.132.8.109
2019/07/31 17:42:00 [/shop/shopping/load_payment_module.php] Array
(
    [0] => Array
        (
            [ErrCode] => E01
            [ErrInfo] => E01390002
        )

    [1] => Array
        (
            [ErrCode] => E01
            [ErrInfo] => E01240002
        )

)
 from 104.132.8.109
2019/07/31 17:42:00 [/shop/shopping/load_payment_module.php] SendRequest:https://p01.mul-pay.jp/payment/EntryTran.idPass from 104.132.8.109
2019/07/31 17:42:00 [/shop/shopping/load_payment_module.php] Array
(
    [ShopID] => 9000034600950
    [ShopPass] => ******
    [OrderID] => 939118-31174200
    [JobCd] => CAPTURE
    [Amount] => 8210
    [TdFlag] => 0
    [TdTenantName] => 
)
 from 104.132.8.109
2019/07/31 17:42:01 [/shop/shopping/load_payment_module.php] AccessID=3f718925a0d7cabcea6aa67a4efcc5c7&AccessPass=1fa84ed544c2f43d60901651304d4a82 from 104.132.8.109
2019/07/31 17:42:01 [/shop/shopping/load_payment_module.php] Array
(
    [0] => Array
        (
            [AccessID] => 3f718925a0d7cabcea6aa67a4efcc5c7
            [AccessPass] => 1fa84ed544c2f43d60901651304d4a82
        )

)
 from 104.132.8.109
2019/07/31 17:42:01 [/shop/shopping/load_payment_module.php] load_payment_module.php set payment data:Array
(
    [AccessID] => 3f718925a0d7cabcea6aa67a4efcc5c7
    [AccessPass] => 1fa84ed544c2f43d60901651304d4a82
    [OrderID] => 939118-31174200
    [Amount] => 8210
    [JobCd] => CAPTURE
    [action_status] => 1
    [pay_status] => 0
)
 from 104.132.8.109
2019/07/31 17:42:01 [/shop/shopping/load_payment_module.php] SendRequest:https://p01.mul-pay.jp/payment/ExecTran.idPass from 104.132.8.109
2019/07/31 17:42:01 [/shop/shopping/load_payment_module.php] Array
(
    [AccessID] => 3f718925a0d7cabcea6aa67a4efcc5c7
    [AccessPass] => 1fa84ed544c2f43d60901651304d4a82
    [OrderID] => 939118-31174200
    [Method] => 1
    [Token] => ae04f41bcde938b7f53d905833dd0f049721832b5906ab68844fec5168c296b6
    [ClientField1] => 
    [ClientField2] => 
    [ClientField3] => EC-CUBE4.3.24
)
 from 104.132.8.109
2019/07/31 17:42:02 [/shop/shopping/load_payment_module.php] ACS=0&OrderID=939118-31174200&Forward=2S49631&Method=1&PayTimes=&Approve=0414541&TranID=1907311742602257210134111383&TranDate=20190731174202&CheckString=4d4ef04fca78c11381bb113bf0806a70 from 104.132.8.109
2019/07/31 17:42:02 [/shop/shopping/load_payment_module.php] Array
(
    [0] => Array
        (
            [ACS] => 0
            [OrderID] => 939118-31174200
            [Forward] => 2S49631
            [Method] => 1
            [PayTimes] => 
            [Approve] => 0414541
            [TranID] => 1907311742602257210134111383
            [TranDate] => 20190731174202
            [CheckString] => 4d4ef04fca78c11381bb113bf0806a70
        )

)
 from 104.132.8.109
2019/07/31 17:42:02 [/shop/shopping/load_payment_module.php] load_payment_module.php set payment data:Array
(
    [ACS] => 0
    [Forward] => 2S49631
    [Method] => 1
    [PayTimes] => 
    [Approve] => 0414541
    [TranID] => 1907311742602257210134111383
    [TranDate] => 20190731174202
    [CheckString] => 4d4ef04fca78c11381bb113bf0806a70
    [Amount] => 8210
    [JobCd] => CAPTURE
    [action_status] => 3
    [pay_status] => 13
)
 from 104.132.8.109
2019/07/31 21:42:36 [/shop/shopping/load_payment_module.php] SendRequest:https://p01.mul-pay.jp/payment/SearchMember.idPass from 126.151.117.165
2019/07/31 21:42:36 [/shop/shopping/load_payment_module.php] Array
(
    [SiteID] => mst0000007602
    [SitePass] => ******
    [MemberID] => 3060
)
 from 126.151.117.165
2019/07/31 21:42:36 [/shop/shopping/load_payment_module.php] ErrCode=E01&ErrInfo=E01390002 from 126.151.117.165
2019/07/31 21:42:36 [/shop/shopping/load_payment_module.php] Array
(
    [0] => Array
        (
            [ErrCode] => E01
            [ErrInfo] => E01390002
        )

)
 from 126.151.117.165
2019/07/31 21:42:36 [/shop/shopping/load_payment_module.php] SendRequest:https://p01.mul-pay.jp/payment/SearchCard.idPass from 126.151.117.165
2019/07/31 21:42:36 [/shop/shopping/load_payment_module.php] Array
(
    [SiteID] => mst0000007602
    [SitePass] => ******
    [MemberID] => 3060
)
 from 126.151.117.165
2019/07/31 21:42:36 [/shop/shopping/load_payment_module.php] ErrCode=E01|E01&ErrInfo=E01390002|E01240002 from 126.151.117.165
2019/07/31 21:42:36 [/shop/shopping/load_payment_module.php] Array
(
    [0] => Array
        (
            [ErrCode] => E01
            [ErrInfo] => E01390002
        )

    [1] => Array
        (
            [ErrCode] => E01
            [ErrInfo] => E01240002
        )

)
 from 126.151.117.165
2019/07/31 21:43:47 [/shop/shopping/load_payment_module.php] SendRequest:https://p01.mul-pay.jp/payment/SearchMember.idPass from 126.151.117.165
2019/07/31 21:43:47 [/shop/shopping/load_payment_module.php] Array
(
    [SiteID] => mst0000007602
    [SitePass] => ******
    [MemberID] => 3060
)
 from 126.151.117.165
2019/07/31 21:43:47 [/shop/shopping/load_payment_module.php] ErrCode=E01&ErrInfo=E01390002 from 126.151.117.165
2019/07/31 21:43:47 [/shop/shopping/load_payment_module.php] Array
(
    [0] => Array
        (
            [ErrCode] => E01
            [ErrInfo] => E01390002
        )

)
 from 126.151.117.165
2019/07/31 21:43:47 [/shop/shopping/load_payment_module.php] SendRequest:https://p01.mul-pay.jp/payment/SearchCard.idPass from 126.151.117.165
2019/07/31 21:43:47 [/shop/shopping/load_payment_module.php] Array
(
    [SiteID] => mst0000007602
    [SitePass] => ******
    [MemberID] => 3060
)
 from 126.151.117.165
2019/07/31 21:43:47 [/shop/shopping/load_payment_module.php] ErrCode=E01|E01&ErrInfo=E01390002|E01240002 from 126.151.117.165
2019/07/31 21:43:47 [/shop/shopping/load_payment_module.php] Array
(
    [0] => Array
        (
            [ErrCode] => E01
            [ErrInfo] => E01390002
        )

    [1] => Array
        (
            [ErrCode] => E01
            [ErrInfo] => E01240002
        )

)
 from 126.151.117.165
2019/07/31 21:43:47 [/shop/shopping/load_payment_module.php] SendRequest:https://p01.mul-pay.jp/payment/EntryTran.idPass from 126.151.117.165
2019/07/31 21:43:47 [/shop/shopping/load_payment_module.php] Array
(
    [ShopID] => 9000034600950
    [ShopPass] => ******
    [OrderID] => 939119-31214347
    [JobCd] => CAPTURE
    [Amount] => 21801
    [TdFlag] => 0
    [TdTenantName] => 
)
 from 126.151.117.165
2019/07/31 21:43:47 [/shop/shopping/load_payment_module.php] AccessID=a9021a1941663bab4cbf4862cc8039b9&AccessPass=2e418259020f829bcd98639380ace17a from 126.151.117.165
2019/07/31 21:43:47 [/shop/shopping/load_payment_module.php] Array
(
    [0] => Array
        (
            [AccessID] => a9021a1941663bab4cbf4862cc8039b9
            [AccessPass] => 2e418259020f829bcd98639380ace17a
        )

)
 from 126.151.117.165
2019/07/31 21:43:47 [/shop/shopping/load_payment_module.php] load_payment_module.php set payment data:Array
(
    [AccessID] => a9021a1941663bab4cbf4862cc8039b9
    [AccessPass] => 2e418259020f829bcd98639380ace17a
    [OrderID] => 939119-31214347
    [Amount] => 21801
    [JobCd] => CAPTURE
    [action_status] => 1
    [pay_status] => 0
)
 from 126.151.117.165
2019/07/31 21:43:47 [/shop/shopping/load_payment_module.php] SendRequest:https://p01.mul-pay.jp/payment/ExecTran.idPass from 126.151.117.165
2019/07/31 21:43:47 [/shop/shopping/load_payment_module.php] Array
(
    [AccessID] => a9021a1941663bab4cbf4862cc8039b9
    [AccessPass] => 2e418259020f829bcd98639380ace17a
    [OrderID] => 939119-31214347
    [Method] => 1
    [Token] => 09098d3e4e64b0bac2511a9f0566b3bc088e3da5f14a51f2ca86ed455095283c
    [ClientField1] => 
    [ClientField2] => 
    [ClientField3] => EC-CUBE4.3.24
)
 from 126.151.117.165
2019/07/31 21:43:49 [/shop/shopping/load_payment_module.php] ACS=0&OrderID=939119-31214347&Forward=2S49631&Method=1&PayTimes=&Approve=0001550&TranID=1907312143602257210134131290&TranDate=20190731214349&CheckString=5f1599c7c98f39a68d53705a43a255a0 from 126.151.117.165
2019/07/31 21:43:49 [/shop/shopping/load_payment_module.php] Array
(
    [0] => Array
        (
            [ACS] => 0
            [OrderID] => 939119-31214347
            [Forward] => 2S49631
            [Method] => 1
            [PayTimes] => 
            [Approve] => 0001550
            [TranID] => 1907312143602257210134131290
            [TranDate] => 20190731214349
            [CheckString] => 5f1599c7c98f39a68d53705a43a255a0
        )

)
 from 126.151.117.165
2019/07/31 21:43:49 [/shop/shopping/load_payment_module.php] load_payment_module.php set payment data:Array
(
    [ACS] => 0
    [Forward] => 2S49631
    [Method] => 1
    [PayTimes] => 
    [Approve] => 0001550
    [TranID] => 1907312143602257210134131290
    [TranDate] => 20190731214349
    [CheckString] => 5f1599c7c98f39a68d53705a43a255a0
    [Amount] => 21801
    [JobCd] => CAPTURE
    [action_status] => 3
    [pay_status] => 13
)
 from 126.151.117.165
2019/07/31 22:31:37 [/shop/shopping/load_payment_module.php] SendRequest:https://p01.mul-pay.jp/payment/EntryTran.idPass from 209.202.194.186
2019/07/31 22:31:37 [/shop/shopping/load_payment_module.php] Array
(
    [ShopID] => 9000034600950
    [ShopPass] => ******
    [OrderID] => 939120-31223137
    [JobCd] => CAPTURE
    [Amount] => 16620
    [TdFlag] => 0
    [TdTenantName] => 
)
 from 209.202.194.186
2019/07/31 22:31:38 [/shop/shopping/load_payment_module.php] AccessID=7e191efec065dc49791a6eaccac6a2b2&AccessPass=149a3c1475f311aaf2fd353eb55919bb from 209.202.194.186
2019/07/31 22:31:38 [/shop/shopping/load_payment_module.php] Array
(
    [0] => Array
        (
            [AccessID] => 7e191efec065dc49791a6eaccac6a2b2
            [AccessPass] => 149a3c1475f311aaf2fd353eb55919bb
        )

)
 from 209.202.194.186
2019/07/31 22:31:38 [/shop/shopping/load_payment_module.php] load_payment_module.php set payment data:Array
(
    [AccessID] => 7e191efec065dc49791a6eaccac6a2b2
    [AccessPass] => 149a3c1475f311aaf2fd353eb55919bb
    [OrderID] => 939120-31223137
    [Amount] => 16620
    [JobCd] => CAPTURE
    [action_status] => 1
    [pay_status] => 0
)
 from 209.202.194.186
2019/07/31 22:31:38 [/shop/shopping/load_payment_module.php] SendRequest:https://p01.mul-pay.jp/payment/ExecTran.idPass from 209.202.194.186
2019/07/31 22:31:38 [/shop/shopping/load_payment_module.php] Array
(
    [AccessID] => 7e191efec065dc49791a6eaccac6a2b2
    [AccessPass] => 149a3c1475f311aaf2fd353eb55919bb
    [OrderID] => 939120-31223137
    [Method] => 1
    [Token] => 675d58e12b8e77058c64de16c3eec22e6c1aad8b3440563e8c7bbaf153cf1182
    [ClientField1] => 
    [ClientField2] => 
    [ClientField3] => EC-CUBE4.3.24
)
 from 209.202.194.186
2019/07/31 22:31:39 [/shop/shopping/load_payment_module.php] ACS=0&OrderID=939120-31223137&Forward=2S49631&Method=1&PayTimes=&Approve=0041679&TranID=1907312231602257210134131291&TranDate=20190731223139&CheckString=418ef45ca0e85b56ae8e234d22e032d3 from 209.202.194.186
2019/07/31 22:31:39 [/shop/shopping/load_payment_module.php] Array
(
    [0] => Array
        (
            [ACS] => 0
            [OrderID] => 939120-31223137
            [Forward] => 2S49631
            [Method] => 1
            [PayTimes] => 
            [Approve] => 0041679
            [TranID] => 1907312231602257210134131291
            [TranDate] => 20190731223139
            [CheckString] => 418ef45ca0e85b56ae8e234d22e032d3
        )

)
 from 209.202.194.186
2019/07/31 22:31:39 [/shop/shopping/load_payment_module.php] load_payment_module.php set payment data:Array
(
    [ACS] => 0
    [Forward] => 2S49631
    [Method] => 1
    [PayTimes] => 
    [Approve] => 0041679
    [TranID] => 1907312231602257210134131291
    [TranDate] => 20190731223139
    [CheckString] => 418ef45ca0e85b56ae8e234d22e032d3
    [Amount] => 16620
    [JobCd] => CAPTURE
    [action_status] => 3
    [pay_status] => 13
)
 from 209.202.194.186
2019/07/31 23:10:47 [/shop/shopping/load_payment_module.php] SendRequest:https://p01.mul-pay.jp/payment/EntryTran.idPass from 202.21.108.253
2019/07/31 23:10:47 [/shop/shopping/load_payment_module.php] Array
(
    [ShopID] => 9000034600950
    [ShopPass] => ******
    [OrderID] => 939121-31231047
    [JobCd] => CAPTURE
    [Amount] => 10290
    [TdFlag] => 0
    [TdTenantName] => 
)
 from 202.21.108.253
2019/07/31 23:10:47 [/shop/shopping/load_payment_module.php] AccessID=685a1f6f80edff03aaacc9549f55c7a5&AccessPass=a005063acbda7422a57037988d810d3e from 202.21.108.253
2019/07/31 23:10:47 [/shop/shopping/load_payment_module.php] Array
(
    [0] => Array
        (
            [AccessID] => 685a1f6f80edff03aaacc9549f55c7a5
            [AccessPass] => a005063acbda7422a57037988d810d3e
        )

)
 from 202.21.108.253
2019/07/31 23:10:47 [/shop/shopping/load_payment_module.php] load_payment_module.php set payment data:Array
(
    [AccessID] => 685a1f6f80edff03aaacc9549f55c7a5
    [AccessPass] => a005063acbda7422a57037988d810d3e
    [OrderID] => 939121-31231047
    [Amount] => 10290
    [JobCd] => CAPTURE
    [action_status] => 1
    [pay_status] => 0
)
 from 202.21.108.253
2019/07/31 23:10:47 [/shop/shopping/load_payment_module.php] SendRequest:https://p01.mul-pay.jp/payment/ExecTran.idPass from 202.21.108.253
2019/07/31 23:10:47 [/shop/shopping/load_payment_module.php] Array
(
    [AccessID] => 685a1f6f80edff03aaacc9549f55c7a5
    [AccessPass] => a005063acbda7422a57037988d810d3e
    [OrderID] => 939121-31231047
    [Method] => 1
    [Token] => 668efcc1995ca367dfbefeaf92ff4c7e895f3956eee610034ecc51b3d62ec7fe
    [ClientField1] => 
    [ClientField2] => 
    [ClientField3] => EC-CUBE4.3.24
)
 from 202.21.108.253
2019/07/31 23:10:49 [/shop/shopping/load_payment_module.php] ACS=0&OrderID=939121-31231047&Forward=2S49631&Method=1&PayTimes=&Approve=0735364&TranID=1907312310602257210134121412&TranDate=20190731231049&CheckString=f0331302b6dbcbc7a2b82e22d2e71172 from 202.21.108.253
2019/07/31 23:10:49 [/shop/shopping/load_payment_module.php] Array
(
    [0] => Array
        (
            [ACS] => 0
            [OrderID] => 939121-31231047
            [Forward] => 2S49631
            [Method] => 1
            [PayTimes] => 
            [Approve] => 0735364
            [TranID] => 1907312310602257210134121412
            [TranDate] => 20190731231049
            [CheckString] => f0331302b6dbcbc7a2b82e22d2e71172
        )

)
 from 202.21.108.253
2019/07/31 23:10:49 [/shop/shopping/load_payment_module.php] load_payment_module.php set payment data:Array
(
    [ACS] => 0
    [Forward] => 2S49631
    [Method] => 1
    [PayTimes] => 
    [Approve] => 0735364
    [TranID] => 1907312310602257210134121412
    [TranDate] => 20190731231049
    [CheckString] => f0331302b6dbcbc7a2b82e22d2e71172
    [Amount] => 10290
    [JobCd] => CAPTURE
    [action_status] => 3
    [pay_status] => 13
)
 from 202.21.108.253
2019/07/31 23:51:20 [/shop/shopping/load_payment_module.php] SendRequest:https://p01.mul-pay.jp/payment/EntryTran.idPass from 174.203.6.85
2019/07/31 23:51:20 [/shop/shopping/load_payment_module.php] Array
(
    [ShopID] => 9000034600950
    [ShopPass] => ******
    [OrderID] => 939122-31235120
    [JobCd] => CAPTURE
    [Amount] => 10180
    [TdFlag] => 0
    [TdTenantName] => 
)
 from 174.203.6.85
2019/07/31 23:51:20 [/shop/shopping/load_payment_module.php] AccessID=173991c5e57ab05ad8cbeca334517774&AccessPass=b79d7ac2ca9cf68d5127ae63986c59b3 from 174.203.6.85
2019/07/31 23:51:20 [/shop/shopping/load_payment_module.php] Array
(
    [0] => Array
        (
            [AccessID] => 173991c5e57ab05ad8cbeca334517774
            [AccessPass] => b79d7ac2ca9cf68d5127ae63986c59b3
        )

)
 from 174.203.6.85
2019/07/31 23:51:20 [/shop/shopping/load_payment_module.php] load_payment_module.php set payment data:Array
(
    [AccessID] => 173991c5e57ab05ad8cbeca334517774
    [AccessPass] => b79d7ac2ca9cf68d5127ae63986c59b3
    [OrderID] => 939122-31235120
    [Amount] => 10180
    [JobCd] => CAPTURE
    [action_status] => 1
    [pay_status] => 0
)
 from 174.203.6.85
2019/07/31 23:51:20 [/shop/shopping/load_payment_module.php] SendRequest:https://p01.mul-pay.jp/payment/ExecTran.idPass from 174.203.6.85
2019/07/31 23:51:20 [/shop/shopping/load_payment_module.php] Array
(
    [AccessID] => 173991c5e57ab05ad8cbeca334517774
    [AccessPass] => b79d7ac2ca9cf68d5127ae63986c59b3
    [OrderID] => 939122-31235120
    [Method] => 1
    [Token] => aad104c171ecb246179620dd6478c2370726de1071c089ca18213cffbd3cfe98
    [ClientField1] => 
    [ClientField2] => 
    [ClientField3] => EC-CUBE4.3.24
)
 from 174.203.6.85
2019/07/31 23:51:21 [/shop/shopping/load_payment_module.php] ACS=0&OrderID=939122-31235120&Forward=2S49631&Method=1&PayTimes=&Approve=0031618&TranID=1907312351602257210134131292&TranDate=20190731235121&CheckString=4bbdf8d43f825a6385c7f0f462886344 from 174.203.6.85
2019/07/31 23:51:21 [/shop/shopping/load_payment_module.php] Array
(
    [0] => Array
        (
            [ACS] => 0
            [OrderID] => 939122-31235120
            [Forward] => 2S49631
            [Method] => 1
            [PayTimes] => 
            [Approve] => 0031618
            [TranID] => 1907312351602257210134131292
            [TranDate] => 20190731235121
            [CheckString] => 4bbdf8d43f825a6385c7f0f462886344
        )

)
 from 174.203.6.85
2019/07/31 23:51:21 [/shop/shopping/load_payment_module.php] load_payment_module.php set payment data:Array
(
    [ACS] => 0
    [Forward] => 2S49631
    [Method] => 1
    [PayTimes] => 
    [Approve] => 0031618
    [TranID] => 1907312351602257210134131292
    [TranDate] => 20190731235121
    [CheckString] => 4bbdf8d43f825a6385c7f0f462886344
    [Amount] => 10180
    [JobCd] => CAPTURE
    [action_status] => 3
    [pay_status] => 13
)
 from 174.203.6.85
