2021/04/16 11:17:53 [/shop/shopping/load_payment_module.php] SendRequest:https://p01.mul-pay.jp/payment/SearchMember.idPass from 133.51.9.81
2021/04/16 11:17:53 [/shop/shopping/load_payment_module.php] Array
(
    [SiteID] => mst0000007602
    [SitePass] => ******
    [MemberID] => 10483
)
 from 133.51.9.81
2021/04/16 11:17:53 [/shop/shopping/load_payment_module.php] ErrCode=E01&ErrInfo=E01390002 from 133.51.9.81
2021/04/16 11:17:53 [/shop/shopping/load_payment_module.php] Array
(
    [0] => Array
        (
            [ErrCode] => E01
            [ErrInfo] => E01390002
        )

)
 from 133.51.9.81
2021/04/16 11:17:53 [/shop/shopping/load_payment_module.php] SendRequest:https://p01.mul-pay.jp/payment/SearchCard.idPass from 133.51.9.81
2021/04/16 11:17:53 [/shop/shopping/load_payment_module.php] Array
(
    [SiteID] => mst0000007602
    [SitePass] => ******
    [MemberID] => 10483
)
 from 133.51.9.81
2021/04/16 11:17:54 [/shop/shopping/load_payment_module.php] ErrCode=E01|E01&ErrInfo=E01390002|E01240002 from 133.51.9.81
2021/04/16 11:17:54 [/shop/shopping/load_payment_module.php] Array
(
    [0] => Array
        (
            [ErrCode] => E01
            [ErrInfo] => E01390002
        )

    [1] => Array
        (
            [ErrCode] => E01
            [ErrInfo] => E01240002
        )

)
 from 133.51.9.81
2021/04/16 11:18:25 [/shop/shopping/load_payment_module.php] SendRequest:https://p01.mul-pay.jp/payment/SearchMember.idPass from 133.51.9.81
2021/04/16 11:18:25 [/shop/shopping/load_payment_module.php] Array
(
    [SiteID] => mst0000007602
    [SitePass] => ******
    [MemberID] => 10483
)
 from 133.51.9.81
2021/04/16 11:18:25 [/shop/shopping/load_payment_module.php] ErrCode=E01&ErrInfo=E01390002 from 133.51.9.81
2021/04/16 11:18:25 [/shop/shopping/load_payment_module.php] Array
(
    [0] => Array
        (
            [ErrCode] => E01
            [ErrInfo] => E01390002
        )

)
 from 133.51.9.81
2021/04/16 11:18:25 [/shop/shopping/load_payment_module.php] SendRequest:https://p01.mul-pay.jp/payment/SearchCard.idPass from 133.51.9.81
2021/04/16 11:18:25 [/shop/shopping/load_payment_module.php] Array
(
    [SiteID] => mst0000007602
    [SitePass] => ******
    [MemberID] => 10483
)
 from 133.51.9.81
2021/04/16 11:18:26 [/shop/shopping/load_payment_module.php] ErrCode=E01|E01&ErrInfo=E01390002|E01240002 from 133.51.9.81
2021/04/16 11:18:26 [/shop/shopping/load_payment_module.php] Array
(
    [0] => Array
        (
            [ErrCode] => E01
            [ErrInfo] => E01390002
        )

    [1] => Array
        (
            [ErrCode] => E01
            [ErrInfo] => E01240002
        )

)
 from 133.51.9.81
2021/04/16 11:18:26 [/shop/shopping/load_payment_module.php] SendRequest:https://p01.mul-pay.jp/payment/EntryTran.idPass from 133.51.9.81
2021/04/16 11:18:26 [/shop/shopping/load_payment_module.php] Array
(
    [ShopID] => 9000034600950
    [ShopPass] => ******
    [OrderID] => 945261-16111826
    [JobCd] => CAPTURE
    [Amount] => 9461
    [TdFlag] => 0
    [TdTenantName] => 
)
 from 133.51.9.81
2021/04/16 11:18:26 [/shop/shopping/load_payment_module.php] AccessID=0caf8b5a2f7dbca2b94441ceb186f69a&AccessPass=8a3c1f2674ab0f5e5fb65a4723411c44 from 133.51.9.81
2021/04/16 11:18:26 [/shop/shopping/load_payment_module.php] Array
(
    [0] => Array
        (
            [AccessID] => 0caf8b5a2f7dbca2b94441ceb186f69a
            [AccessPass] => 8a3c1f2674ab0f5e5fb65a4723411c44
        )

)
 from 133.51.9.81
2021/04/16 11:18:26 [/shop/shopping/load_payment_module.php] load_payment_module.php set payment data:Array
(
    [AccessID] => 0caf8b5a2f7dbca2b94441ceb186f69a
    [AccessPass] => 8a3c1f2674ab0f5e5fb65a4723411c44
    [OrderID] => 945261-16111826
    [Amount] => 9461
    [JobCd] => CAPTURE
    [action_status] => 1
    [pay_status] => 0
)
 from 133.51.9.81
2021/04/16 11:18:26 [/shop/shopping/load_payment_module.php] SendRequest:https://p01.mul-pay.jp/payment/ExecTran.idPass from 133.51.9.81
2021/04/16 11:18:26 [/shop/shopping/load_payment_module.php] Array
(
    [AccessID] => 0caf8b5a2f7dbca2b94441ceb186f69a
    [AccessPass] => 8a3c1f2674ab0f5e5fb65a4723411c44
    [OrderID] => 945261-16111826
    [Method] => 1
    [Token] => e9d7cc7c31d9719ee942325d3512641395cb0e47634eb018fe074d72fa720ace
    [ClientField1] => 
    [ClientField2] => 
    [ClientField3] => EC-CUBE4.3.24
)
 from 133.51.9.81
2021/04/16 11:18:27 [/shop/shopping/load_payment_module.php] ACS=0&OrderID=945261-16111826&Forward=2S49631&Method=1&PayTimes=&Approve=0914605&TranID=2104161118602257210134113806&TranDate=20210416111827&CheckString=c9723eb5685a51af20d61a86c72dace5 from 133.51.9.81
2021/04/16 11:18:27 [/shop/shopping/load_payment_module.php] Array
(
    [0] => Array
        (
            [ACS] => 0
            [OrderID] => 945261-16111826
            [Forward] => 2S49631
            [Method] => 1
            [PayTimes] => 
            [Approve] => 0914605
            [TranID] => 2104161118602257210134113806
            [TranDate] => 20210416111827
            [CheckString] => c9723eb5685a51af20d61a86c72dace5
        )

)
 from 133.51.9.81
2021/04/16 11:18:27 [/shop/shopping/load_payment_module.php] load_payment_module.php set payment data:Array
(
    [ACS] => 0
    [Forward] => 2S49631
    [Method] => 1
    [PayTimes] => 
    [Approve] => 0914605
    [TranID] => 2104161118602257210134113806
    [TranDate] => 20210416111827
    [CheckString] => c9723eb5685a51af20d61a86c72dace5
    [Amount] => 9461
    [JobCd] => CAPTURE
    [action_status] => 3
    [pay_status] => 13
)
 from 133.51.9.81
2021/04/16 11:18:28 [/shop/user_data/pg_mulpay_recv.php] ******* receiveer data start ******* from 210.175.7.20
2021/04/16 11:18:28 [/shop/user_data/pg_mulpay_recv.php] Array
(
    [ShopID] => 9000034600950
    [ShopPass] => **********
    [AccessID] => 0caf8b5a2f7dbca2b94441ceb186f69a
    [AccessPass] => ********************************
    [OrderID] => 945261-16111826
    [Status] => CAPTURE
    [JobCd] => CAPTURE
    [Amount] => 9461
    [Tax] => 0
    [Currency] => JPN
    [Forward] => 2S49631
    [Method] => 1
    [PayTimes] => 
    [TranID] => 2104161118602257210134113806
    [Approve] => 0914605
    [TranDate] => 20210416111827
    [ErrCode] => 
    [ErrInfo] => 
    [PayType] => 0
)
 from 210.175.7.20
2021/04/16 11:18:28 [/shop/user_data/pg_mulpay_recv.php] ******* receiveer data end ******* from 210.175.7.20
2021/04/16 11:18:33 [/shop/user_data/pg_mulpay_recv.php] update order status:1 order_id=945261 from 210.175.7.20
2021/04/16 11:18:33 [/shop/user_data/pg_mulpay_recv.php] pg_mulpay_recv.php set payment data:Array
(
    [ShopID] => 9000034600950
    [AccessID] => 0caf8b5a2f7dbca2b94441ceb186f69a
    [OrderID] => 945261-16111826
    [Status] => CAPTURE
    [JobCd] => CAPTURE
    [Amount] => 9461
    [Tax] => 0
    [Currency] => JPN
    [Forward] => 2S49631
    [Method] => 1
    [PayTimes] => 
    [TranID] => 2104161118602257210134113806
    [Approve] => 0914605
    [TranDate] => 20210416111827
    [ErrCode] => 
    [ErrInfo] => 
    [PayType] => 0
    [CvsCode] => 
    [CvsConfNo] => 
    [CvsReceiptNo] => 
    [EdyReceiptNo] => 
    [EdyOrderNo] => 
    [SuicaReceiptNo] => 
    [SuicaOrderNo] => 
    [CustID] => 
    [BkCode] => 
    [ConfNo] => 
    [PaymentTerm] => 
    [EncryptReceiptNo] => 
    [FinishDate] => 
    [ReceiptDate] => 
    [WebMoneyManagementNo] => 
    [WebMoneySettleCode] => 
    [AuPayInfoNo] => 
    [AuPayMethod] => 
    [AuCancelAmount] => 
    [AuCancelTax] => 
    [DocomoSettlementCode] => 
    [DocomoCancelAmount] => 
    [DocomoCancelTax] => 
    [pay_status] => 13
)
 from 210.175.7.20
2021/04/16 11:18:34 [/shop/user_data/pg_mulpay_recv.php] response:true from 210.175.7.20
2021/04/16 11:25:57 [/shop/shopping/load_payment_module.php] SendRequest:https://p01.mul-pay.jp/payment/SearchMember.idPass from 133.68.108.132
2021/04/16 11:25:57 [/shop/shopping/load_payment_module.php] Array
(
    [SiteID] => mst0000007602
    [SitePass] => ******
    [MemberID] => 7720
)
 from 133.68.108.132
2021/04/16 11:25:57 [/shop/shopping/load_payment_module.php] ErrCode=E01&ErrInfo=E01390002 from 133.68.108.132
2021/04/16 11:25:57 [/shop/shopping/load_payment_module.php] Array
(
    [0] => Array
        (
            [ErrCode] => E01
            [ErrInfo] => E01390002
        )

)
 from 133.68.108.132
2021/04/16 11:25:57 [/shop/shopping/load_payment_module.php] SendRequest:https://p01.mul-pay.jp/payment/SearchCard.idPass from 133.68.108.132
2021/04/16 11:25:57 [/shop/shopping/load_payment_module.php] Array
(
    [SiteID] => mst0000007602
    [SitePass] => ******
    [MemberID] => 7720
)
 from 133.68.108.132
2021/04/16 11:25:57 [/shop/shopping/load_payment_module.php] ErrCode=E01|E01&ErrInfo=E01390002|E01240002 from 133.68.108.132
2021/04/16 11:25:57 [/shop/shopping/load_payment_module.php] Array
(
    [0] => Array
        (
            [ErrCode] => E01
            [ErrInfo] => E01390002
        )

    [1] => Array
        (
            [ErrCode] => E01
            [ErrInfo] => E01240002
        )

)
 from 133.68.108.132
2021/04/16 11:28:35 [/shop/shopping/load_payment_module.php] SendRequest:https://p01.mul-pay.jp/payment/SearchMember.idPass from 133.68.108.132
2021/04/16 11:28:35 [/shop/shopping/load_payment_module.php] Array
(
    [SiteID] => mst0000007602
    [SitePass] => ******
    [MemberID] => 7720
)
 from 133.68.108.132
2021/04/16 11:28:35 [/shop/shopping/load_payment_module.php] ErrCode=E01&ErrInfo=E01390002 from 133.68.108.132
2021/04/16 11:28:35 [/shop/shopping/load_payment_module.php] Array
(
    [0] => Array
        (
            [ErrCode] => E01
            [ErrInfo] => E01390002
        )

)
 from 133.68.108.132
2021/04/16 11:28:35 [/shop/shopping/load_payment_module.php] SendRequest:https://p01.mul-pay.jp/payment/SearchCard.idPass from 133.68.108.132
2021/04/16 11:28:35 [/shop/shopping/load_payment_module.php] Array
(
    [SiteID] => mst0000007602
    [SitePass] => ******
    [MemberID] => 7720
)
 from 133.68.108.132
2021/04/16 11:28:35 [/shop/shopping/load_payment_module.php] ErrCode=E01|E01&ErrInfo=E01390002|E01240002 from 133.68.108.132
2021/04/16 11:28:35 [/shop/shopping/load_payment_module.php] Array
(
    [0] => Array
        (
            [ErrCode] => E01
            [ErrInfo] => E01390002
        )

    [1] => Array
        (
            [ErrCode] => E01
            [ErrInfo] => E01240002
        )

)
 from 133.68.108.132
2021/04/16 11:28:35 [/shop/shopping/load_payment_module.php] SendRequest:https://p01.mul-pay.jp/payment/EntryTran.idPass from 133.68.108.132
2021/04/16 11:28:35 [/shop/shopping/load_payment_module.php] Array
(
    [ShopID] => 9000034600950
    [ShopPass] => ******
    [OrderID] => 945262-16112835
    [JobCd] => CAPTURE
    [Amount] => 21714
    [TdFlag] => 0
    [TdTenantName] => 
)
 from 133.68.108.132
2021/04/16 11:28:36 [/shop/shopping/load_payment_module.php] AccessID=b088220b19c9c3a561036c5a2282de9f&AccessPass=a4dccc5d571ab7fd4ff764589dcb1a66 from 133.68.108.132
2021/04/16 11:28:36 [/shop/shopping/load_payment_module.php] Array
(
    [0] => Array
        (
            [AccessID] => b088220b19c9c3a561036c5a2282de9f
            [AccessPass] => a4dccc5d571ab7fd4ff764589dcb1a66
        )

)
 from 133.68.108.132
2021/04/16 11:28:36 [/shop/shopping/load_payment_module.php] load_payment_module.php set payment data:Array
(
    [AccessID] => b088220b19c9c3a561036c5a2282de9f
    [AccessPass] => a4dccc5d571ab7fd4ff764589dcb1a66
    [OrderID] => 945262-16112835
    [Amount] => 21714
    [JobCd] => CAPTURE
    [action_status] => 1
    [pay_status] => 0
)
 from 133.68.108.132
2021/04/16 11:28:36 [/shop/shopping/load_payment_module.php] SendRequest:https://p01.mul-pay.jp/payment/ExecTran.idPass from 133.68.108.132
2021/04/16 11:28:36 [/shop/shopping/load_payment_module.php] Array
(
    [AccessID] => b088220b19c9c3a561036c5a2282de9f
    [AccessPass] => a4dccc5d571ab7fd4ff764589dcb1a66
    [OrderID] => 945262-16112835
    [Method] => 1
    [Token] => 7795e0b2198268f123254aa3dac0ab95a024b2c413e4a277f179c0e6284078d6
    [ClientField1] => 
    [ClientField2] => 
    [ClientField3] => EC-CUBE4.3.24
)
 from 133.68.108.132
2021/04/16 11:28:37 [/shop/shopping/load_payment_module.php] ACS=0&OrderID=945262-16112835&Forward=2S49631&Method=1&PayTimes=&Approve=0005707&TranID=2104161128602257210134113807&TranDate=20210416112837&CheckString=41504599c4dc48bfc099c68fdbb0ed84 from 133.68.108.132
2021/04/16 11:28:37 [/shop/shopping/load_payment_module.php] Array
(
    [0] => Array
        (
            [ACS] => 0
            [OrderID] => 945262-16112835
            [Forward] => 2S49631
            [Method] => 1
            [PayTimes] => 
            [Approve] => 0005707
            [TranID] => 2104161128602257210134113807
            [TranDate] => 20210416112837
            [CheckString] => 41504599c4dc48bfc099c68fdbb0ed84
        )

)
 from 133.68.108.132
2021/04/16 11:28:37 [/shop/shopping/load_payment_module.php] load_payment_module.php set payment data:Array
(
    [ACS] => 0
    [Forward] => 2S49631
    [Method] => 1
    [PayTimes] => 
    [Approve] => 0005707
    [TranID] => 2104161128602257210134113807
    [TranDate] => 20210416112837
    [CheckString] => 41504599c4dc48bfc099c68fdbb0ed84
    [Amount] => 21714
    [JobCd] => CAPTURE
    [action_status] => 3
    [pay_status] => 13
)
 from 133.68.108.132
2021/04/16 11:28:38 [/shop/user_data/pg_mulpay_recv.php] ******* receiveer data start ******* from 210.175.7.20
2021/04/16 11:28:38 [/shop/user_data/pg_mulpay_recv.php] Array
(
    [ShopID] => 9000034600950
    [ShopPass] => **********
    [AccessID] => b088220b19c9c3a561036c5a2282de9f
    [AccessPass] => ********************************
    [OrderID] => 945262-16112835
    [Status] => CAPTURE
    [JobCd] => CAPTURE
    [Amount] => 21714
    [Tax] => 0
    [Currency] => JPN
    [Forward] => 2S49631
    [Method] => 1
    [PayTimes] => 
    [TranID] => 2104161128602257210134113807
    [Approve] => 0005707
    [TranDate] => 20210416112837
    [ErrCode] => 
    [ErrInfo] => 
    [PayType] => 0
)
 from 210.175.7.20
2021/04/16 11:28:38 [/shop/user_data/pg_mulpay_recv.php] ******* receiveer data end ******* from 210.175.7.20
2021/04/16 11:28:43 [/shop/user_data/pg_mulpay_recv.php] update order status:1 order_id=945262 from 210.175.7.20
2021/04/16 11:28:43 [/shop/user_data/pg_mulpay_recv.php] pg_mulpay_recv.php set payment data:Array
(
    [ShopID] => 9000034600950
    [AccessID] => b088220b19c9c3a561036c5a2282de9f
    [OrderID] => 945262-16112835
    [Status] => CAPTURE
    [JobCd] => CAPTURE
    [Amount] => 21714
    [Tax] => 0
    [Currency] => JPN
    [Forward] => 2S49631
    [Method] => 1
    [PayTimes] => 
    [TranID] => 2104161128602257210134113807
    [Approve] => 0005707
    [TranDate] => 20210416112837
    [ErrCode] => 
    [ErrInfo] => 
    [PayType] => 0
    [CvsCode] => 
    [CvsConfNo] => 
    [CvsReceiptNo] => 
    [EdyReceiptNo] => 
    [EdyOrderNo] => 
    [SuicaReceiptNo] => 
    [SuicaOrderNo] => 
    [CustID] => 
    [BkCode] => 
    [ConfNo] => 
    [PaymentTerm] => 
    [EncryptReceiptNo] => 
    [FinishDate] => 
    [ReceiptDate] => 
    [WebMoneyManagementNo] => 
    [WebMoneySettleCode] => 
    [AuPayInfoNo] => 
    [AuPayMethod] => 
    [AuCancelAmount] => 
    [AuCancelTax] => 
    [DocomoSettlementCode] => 
    [DocomoCancelAmount] => 
    [DocomoCancelTax] => 
    [pay_status] => 13
)
 from 210.175.7.20
2021/04/16 11:28:43 [/shop/user_data/pg_mulpay_recv.php] response:true from 210.175.7.20
2021/04/16 13:28:26 [/shop/shopping/load_payment_module.php] SendRequest:https://p01.mul-pay.jp/payment/SearchMember.idPass from 58.95.113.9
2021/04/16 13:28:26 [/shop/shopping/load_payment_module.php] Array
(
    [SiteID] => mst0000007602
    [SitePass] => ******
    [MemberID] => 9842
)
 from 58.95.113.9
2021/04/16 13:28:26 [/shop/shopping/load_payment_module.php] ErrCode=E01&ErrInfo=E01390002 from 58.95.113.9
2021/04/16 13:28:26 [/shop/shopping/load_payment_module.php] Array
(
    [0] => Array
        (
            [ErrCode] => E01
            [ErrInfo] => E01390002
        )

)
 from 58.95.113.9
2021/04/16 13:28:26 [/shop/shopping/load_payment_module.php] SendRequest:https://p01.mul-pay.jp/payment/SearchCard.idPass from 58.95.113.9
2021/04/16 13:28:26 [/shop/shopping/load_payment_module.php] Array
(
    [SiteID] => mst0000007602
    [SitePass] => ******
    [MemberID] => 9842
)
 from 58.95.113.9
2021/04/16 13:28:27 [/shop/shopping/load_payment_module.php] ErrCode=E01|E01&ErrInfo=E01390002|E01240002 from 58.95.113.9
2021/04/16 13:28:27 [/shop/shopping/load_payment_module.php] Array
(
    [0] => Array
        (
            [ErrCode] => E01
            [ErrInfo] => E01390002
        )

    [1] => Array
        (
            [ErrCode] => E01
            [ErrInfo] => E01240002
        )

)
 from 58.95.113.9
2021/04/16 13:29:32 [/shop/shopping/load_payment_module.php] SendRequest:https://p01.mul-pay.jp/payment/SearchMember.idPass from 58.95.113.9
2021/04/16 13:29:32 [/shop/shopping/load_payment_module.php] Array
(
    [SiteID] => mst0000007602
    [SitePass] => ******
    [MemberID] => 9842
)
 from 58.95.113.9
2021/04/16 13:29:33 [/shop/shopping/load_payment_module.php] ErrCode=E01&ErrInfo=E01390002 from 58.95.113.9
2021/04/16 13:29:33 [/shop/shopping/load_payment_module.php] Array
(
    [0] => Array
        (
            [ErrCode] => E01
            [ErrInfo] => E01390002
        )

)
 from 58.95.113.9
2021/04/16 13:29:33 [/shop/shopping/load_payment_module.php] SendRequest:https://p01.mul-pay.jp/payment/SearchCard.idPass from 58.95.113.9
2021/04/16 13:29:33 [/shop/shopping/load_payment_module.php] Array
(
    [SiteID] => mst0000007602
    [SitePass] => ******
    [MemberID] => 9842
)
 from 58.95.113.9
2021/04/16 13:29:33 [/shop/shopping/load_payment_module.php] ErrCode=E01|E01&ErrInfo=E01390002|E01240002 from 58.95.113.9
2021/04/16 13:29:33 [/shop/shopping/load_payment_module.php] Array
(
    [0] => Array
        (
            [ErrCode] => E01
            [ErrInfo] => E01390002
        )

    [1] => Array
        (
            [ErrCode] => E01
            [ErrInfo] => E01240002
        )

)
 from 58.95.113.9
2021/04/16 13:29:33 [/shop/shopping/load_payment_module.php] SendRequest:https://p01.mul-pay.jp/payment/EntryTran.idPass from 58.95.113.9
2021/04/16 13:29:33 [/shop/shopping/load_payment_module.php] Array
(
    [ShopID] => 9000034600950
    [ShopPass] => ******
    [OrderID] => 945263-16132933
    [JobCd] => CAPTURE
    [Amount] => 26676
    [TdFlag] => 0
    [TdTenantName] => 
)
 from 58.95.113.9
2021/04/16 13:29:33 [/shop/shopping/load_payment_module.php] AccessID=df7f334835183a61c896bcd2c31f62bd&AccessPass=71e907073ff505e598750a2c6d04a132 from 58.95.113.9
2021/04/16 13:29:33 [/shop/shopping/load_payment_module.php] Array
(
    [0] => Array
        (
            [AccessID] => df7f334835183a61c896bcd2c31f62bd
            [AccessPass] => 71e907073ff505e598750a2c6d04a132
        )

)
 from 58.95.113.9
2021/04/16 13:29:33 [/shop/shopping/load_payment_module.php] load_payment_module.php set payment data:Array
(
    [AccessID] => df7f334835183a61c896bcd2c31f62bd
    [AccessPass] => 71e907073ff505e598750a2c6d04a132
    [OrderID] => 945263-16132933
    [Amount] => 26676
    [JobCd] => CAPTURE
    [action_status] => 1
    [pay_status] => 0
)
 from 58.95.113.9
2021/04/16 13:29:33 [/shop/shopping/load_payment_module.php] SendRequest:https://p01.mul-pay.jp/payment/ExecTran.idPass from 58.95.113.9
2021/04/16 13:29:33 [/shop/shopping/load_payment_module.php] Array
(
    [AccessID] => df7f334835183a61c896bcd2c31f62bd
    [AccessPass] => 71e907073ff505e598750a2c6d04a132
    [OrderID] => 945263-16132933
    [Method] => 1
    [Token] => a7a34be56083ed8eaea3553698d7180749de94e052451732bad178f3081bf81a
    [ClientField1] => 
    [ClientField2] => 
    [ClientField3] => EC-CUBE4.3.24
)
 from 58.95.113.9
2021/04/16 13:29:34 [/shop/shopping/load_payment_module.php] ACS=0&OrderID=945263-16132933&Forward=2S49631&Method=1&PayTimes=&Approve=0723853&TranID=2104161329602257210134123853&TranDate=20210416132935&CheckString=ecdb76406c7e775cfc2f4ea2ac9c1a44 from 58.95.113.9
2021/04/16 13:29:34 [/shop/shopping/load_payment_module.php] Array
(
    [0] => Array
        (
            [ACS] => 0
            [OrderID] => 945263-16132933
            [Forward] => 2S49631
            [Method] => 1
            [PayTimes] => 
            [Approve] => 0723853
            [TranID] => 2104161329602257210134123853
            [TranDate] => 20210416132935
            [CheckString] => ecdb76406c7e775cfc2f4ea2ac9c1a44
        )

)
 from 58.95.113.9
2021/04/16 13:29:34 [/shop/shopping/load_payment_module.php] load_payment_module.php set payment data:Array
(
    [ACS] => 0
    [Forward] => 2S49631
    [Method] => 1
    [PayTimes] => 
    [Approve] => 0723853
    [TranID] => 2104161329602257210134123853
    [TranDate] => 20210416132935
    [CheckString] => ecdb76406c7e775cfc2f4ea2ac9c1a44
    [Amount] => 26676
    [JobCd] => CAPTURE
    [action_status] => 3
    [pay_status] => 13
)
 from 58.95.113.9
2021/04/16 13:29:35 [/shop/user_data/pg_mulpay_recv.php] ******* receiveer data start ******* from 210.175.7.20
2021/04/16 13:29:35 [/shop/user_data/pg_mulpay_recv.php] Array
(
    [ShopID] => 9000034600950
    [ShopPass] => **********
    [AccessID] => df7f334835183a61c896bcd2c31f62bd
    [AccessPass] => ********************************
    [OrderID] => 945263-16132933
    [Status] => CAPTURE
    [JobCd] => CAPTURE
    [Amount] => 26676
    [Tax] => 0
    [Currency] => JPN
    [Forward] => 2S49631
    [Method] => 1
    [PayTimes] => 
    [TranID] => 2104161329602257210134123853
    [Approve] => 0723853
    [TranDate] => 20210416132935
    [ErrCode] => 
    [ErrInfo] => 
    [PayType] => 0
)
 from 210.175.7.20
2021/04/16 13:29:35 [/shop/user_data/pg_mulpay_recv.php] ******* receiveer data end ******* from 210.175.7.20
2021/04/16 13:29:40 [/shop/user_data/pg_mulpay_recv.php] update order status:1 order_id=945263 from 210.175.7.20
2021/04/16 13:29:40 [/shop/user_data/pg_mulpay_recv.php] pg_mulpay_recv.php set payment data:Array
(
    [ShopID] => 9000034600950
    [AccessID] => df7f334835183a61c896bcd2c31f62bd
    [OrderID] => 945263-16132933
    [Status] => CAPTURE
    [JobCd] => CAPTURE
    [Amount] => 26676
    [Tax] => 0
    [Currency] => JPN
    [Forward] => 2S49631
    [Method] => 1
    [PayTimes] => 
    [TranID] => 2104161329602257210134123853
    [Approve] => 0723853
    [TranDate] => 20210416132935
    [ErrCode] => 
    [ErrInfo] => 
    [PayType] => 0
    [CvsCode] => 
    [CvsConfNo] => 
    [CvsReceiptNo] => 
    [EdyReceiptNo] => 
    [EdyOrderNo] => 
    [SuicaReceiptNo] => 
    [SuicaOrderNo] => 
    [CustID] => 
    [BkCode] => 
    [ConfNo] => 
    [PaymentTerm] => 
    [EncryptReceiptNo] => 
    [FinishDate] => 
    [ReceiptDate] => 
    [WebMoneyManagementNo] => 
    [WebMoneySettleCode] => 
    [AuPayInfoNo] => 
    [AuPayMethod] => 
    [AuCancelAmount] => 
    [AuCancelTax] => 
    [DocomoSettlementCode] => 
    [DocomoCancelAmount] => 
    [DocomoCancelTax] => 
    [pay_status] => 13
)
 from 210.175.7.20
2021/04/16 13:29:41 [/shop/user_data/pg_mulpay_recv.php] response:true from 210.175.7.20
2021/04/16 14:37:49 [/shop/shopping/load_payment_module.php] SendRequest:https://p01.mul-pay.jp/payment/EntryTran.idPass from 126.193.94.199
2021/04/16 14:37:49 [/shop/shopping/load_payment_module.php] Array
(
    [ShopID] => 9000034600950
    [ShopPass] => ******
    [OrderID] => 945264-16143749
    [JobCd] => CAPTURE
    [Amount] => 5850
    [TdFlag] => 0
    [TdTenantName] => 
)
 from 126.193.94.199
2021/04/16 14:37:49 [/shop/shopping/load_payment_module.php] AccessID=4af63e3f9b142dccb7954a7311caf37c&AccessPass=ce9572fc95050d421f7671a97401ecdb from 126.193.94.199
2021/04/16 14:37:49 [/shop/shopping/load_payment_module.php] Array
(
    [0] => Array
        (
            [AccessID] => 4af63e3f9b142dccb7954a7311caf37c
            [AccessPass] => ce9572fc95050d421f7671a97401ecdb
        )

)
 from 126.193.94.199
2021/04/16 14:37:49 [/shop/shopping/load_payment_module.php] load_payment_module.php set payment data:Array
(
    [AccessID] => 4af63e3f9b142dccb7954a7311caf37c
    [AccessPass] => ce9572fc95050d421f7671a97401ecdb
    [OrderID] => 945264-16143749
    [Amount] => 5850
    [JobCd] => CAPTURE
    [action_status] => 1
    [pay_status] => 0
)
 from 126.193.94.199
2021/04/16 14:37:49 [/shop/shopping/load_payment_module.php] SendRequest:https://p01.mul-pay.jp/payment/ExecTran.idPass from 126.193.94.199
2021/04/16 14:37:49 [/shop/shopping/load_payment_module.php] Array
(
    [AccessID] => 4af63e3f9b142dccb7954a7311caf37c
    [AccessPass] => ce9572fc95050d421f7671a97401ecdb
    [OrderID] => 945264-16143749
    [Method] => 1
    [Token] => 16ee7c883607f1bbcd8e825fe2ca685f3a2e398e8a59381c198431d635af0648
    [ClientField1] => 
    [ClientField2] => 
    [ClientField3] => EC-CUBE4.3.24
)
 from 126.193.94.199
2021/04/16 14:37:50 [/shop/shopping/load_payment_module.php] ACS=0&OrderID=945264-16143749&Forward=2959876&Method=1&PayTimes=&Approve=4713808&TranID=2104161437602257210134113808&TranDate=20210416143750&CheckString=9089d4b45923e1cc906f70ec184a898b from 126.193.94.199
2021/04/16 14:37:50 [/shop/shopping/load_payment_module.php] Array
(
    [0] => Array
        (
            [ACS] => 0
            [OrderID] => 945264-16143749
            [Forward] => 2959876
            [Method] => 1
            [PayTimes] => 
            [Approve] => 4713808
            [TranID] => 2104161437602257210134113808
            [TranDate] => 20210416143750
            [CheckString] => 9089d4b45923e1cc906f70ec184a898b
        )

)
 from 126.193.94.199
2021/04/16 14:37:50 [/shop/shopping/load_payment_module.php] load_payment_module.php set payment data:Array
(
    [ACS] => 0
    [Forward] => 2959876
    [Method] => 1
    [PayTimes] => 
    [Approve] => 4713808
    [TranID] => 2104161437602257210134113808
    [TranDate] => 20210416143750
    [CheckString] => 9089d4b45923e1cc906f70ec184a898b
    [Amount] => 5850
    [JobCd] => CAPTURE
    [action_status] => 3
    [pay_status] => 13
)
 from 126.193.94.199
2021/04/16 14:37:51 [/shop/user_data/pg_mulpay_recv.php] ******* receiveer data start ******* from 210.175.7.20
2021/04/16 14:37:51 [/shop/user_data/pg_mulpay_recv.php] Array
(
    [ShopID] => 9000034600950
    [ShopPass] => **********
    [AccessID] => 4af63e3f9b142dccb7954a7311caf37c
    [AccessPass] => ********************************
    [OrderID] => 945264-16143749
    [Status] => CAPTURE
    [JobCd] => CAPTURE
    [Amount] => 5850
    [Tax] => 0
    [Currency] => JPN
    [Forward] => 2959876
    [Method] => 1
    [PayTimes] => 
    [TranID] => 2104161437602257210134113808
    [Approve] => 4713808
    [TranDate] => 20210416143750
    [ErrCode] => 
    [ErrInfo] => 
    [PayType] => 0
)
 from 210.175.7.20
2021/04/16 14:37:51 [/shop/user_data/pg_mulpay_recv.php] ******* receiveer data end ******* from 210.175.7.20
2021/04/16 14:37:56 [/shop/user_data/pg_mulpay_recv.php] update order status:1 order_id=945264 from 210.175.7.20
2021/04/16 14:37:56 [/shop/user_data/pg_mulpay_recv.php] pg_mulpay_recv.php set payment data:Array
(
    [ShopID] => 9000034600950
    [AccessID] => 4af63e3f9b142dccb7954a7311caf37c
    [OrderID] => 945264-16143749
    [Status] => CAPTURE
    [JobCd] => CAPTURE
    [Amount] => 5850
    [Tax] => 0
    [Currency] => JPN
    [Forward] => 2959876
    [Method] => 1
    [PayTimes] => 
    [TranID] => 2104161437602257210134113808
    [Approve] => 4713808
    [TranDate] => 20210416143750
    [ErrCode] => 
    [ErrInfo] => 
    [PayType] => 0
    [CvsCode] => 
    [CvsConfNo] => 
    [CvsReceiptNo] => 
    [EdyReceiptNo] => 
    [EdyOrderNo] => 
    [SuicaReceiptNo] => 
    [SuicaOrderNo] => 
    [CustID] => 
    [BkCode] => 
    [ConfNo] => 
    [PaymentTerm] => 
    [EncryptReceiptNo] => 
    [FinishDate] => 
    [ReceiptDate] => 
    [WebMoneyManagementNo] => 
    [WebMoneySettleCode] => 
    [AuPayInfoNo] => 
    [AuPayMethod] => 
    [AuCancelAmount] => 
    [AuCancelTax] => 
    [DocomoSettlementCode] => 
    [DocomoCancelAmount] => 
    [DocomoCancelTax] => 
    [pay_status] => 13
)
 from 210.175.7.20
2021/04/16 14:37:56 [/shop/user_data/pg_mulpay_recv.php] response:true from 210.175.7.20
2021/04/16 23:48:03 [/shop/shopping/load_payment_module.php] SendRequest:https://p01.mul-pay.jp/payment/SearchMember.idPass from 126.198.96.122
2021/04/16 23:48:03 [/shop/shopping/load_payment_module.php] Array
(
    [SiteID] => mst0000007602
    [SitePass] => ******
    [MemberID] => 10350
)
 from 126.198.96.122
2021/04/16 23:48:03 [/shop/shopping/load_payment_module.php] ErrCode=E01&ErrInfo=E01390002 from 126.198.96.122
2021/04/16 23:48:03 [/shop/shopping/load_payment_module.php] Array
(
    [0] => Array
        (
            [ErrCode] => E01
            [ErrInfo] => E01390002
        )

)
 from 126.198.96.122
2021/04/16 23:48:03 [/shop/shopping/load_payment_module.php] SendRequest:https://p01.mul-pay.jp/payment/SearchCard.idPass from 126.198.96.122
2021/04/16 23:48:03 [/shop/shopping/load_payment_module.php] Array
(
    [SiteID] => mst0000007602
    [SitePass] => ******
    [MemberID] => 10350
)
 from 126.198.96.122
2021/04/16 23:48:04 [/shop/shopping/load_payment_module.php] ErrCode=E01|E01&ErrInfo=E01390002|E01240002 from 126.198.96.122
2021/04/16 23:48:04 [/shop/shopping/load_payment_module.php] Array
(
    [0] => Array
        (
            [ErrCode] => E01
            [ErrInfo] => E01390002
        )

    [1] => Array
        (
            [ErrCode] => E01
            [ErrInfo] => E01240002
        )

)
 from 126.198.96.122
2021/04/16 23:48:57 [/shop/shopping/load_payment_module.php] SendRequest:https://p01.mul-pay.jp/payment/SearchMember.idPass from 126.198.96.122
2021/04/16 23:48:57 [/shop/shopping/load_payment_module.php] Array
(
    [SiteID] => mst0000007602
    [SitePass] => ******
    [MemberID] => 10350
)
 from 126.198.96.122
2021/04/16 23:48:57 [/shop/shopping/load_payment_module.php] ErrCode=E01&ErrInfo=E01390002 from 126.198.96.122
2021/04/16 23:48:57 [/shop/shopping/load_payment_module.php] Array
(
    [0] => Array
        (
            [ErrCode] => E01
            [ErrInfo] => E01390002
        )

)
 from 126.198.96.122
2021/04/16 23:48:57 [/shop/shopping/load_payment_module.php] SendRequest:https://p01.mul-pay.jp/payment/SearchCard.idPass from 126.198.96.122
2021/04/16 23:48:57 [/shop/shopping/load_payment_module.php] Array
(
    [SiteID] => mst0000007602
    [SitePass] => ******
    [MemberID] => 10350
)
 from 126.198.96.122
2021/04/16 23:48:57 [/shop/shopping/load_payment_module.php] ErrCode=E01|E01&ErrInfo=E01390002|E01240002 from 126.198.96.122
2021/04/16 23:48:57 [/shop/shopping/load_payment_module.php] Array
(
    [0] => Array
        (
            [ErrCode] => E01
            [ErrInfo] => E01390002
        )

    [1] => Array
        (
            [ErrCode] => E01
            [ErrInfo] => E01240002
        )

)
 from 126.198.96.122
2021/04/16 23:48:57 [/shop/shopping/load_payment_module.php] SendRequest:https://p01.mul-pay.jp/payment/EntryTran.idPass from 126.198.96.122
2021/04/16 23:48:57 [/shop/shopping/load_payment_module.php] Array
(
    [ShopID] => 9000034600950
    [ShopPass] => ******
    [OrderID] => 945265-16234857
    [JobCd] => CAPTURE
    [Amount] => 8563
    [TdFlag] => 0
    [TdTenantName] => 
)
 from 126.198.96.122
2021/04/16 23:48:57 [/shop/shopping/load_payment_module.php] AccessID=42d7a40371a1952cb8739e3493b04aa5&AccessPass=2acd69731d4ab25ae45007ddf39c4720 from 126.198.96.122
2021/04/16 23:48:57 [/shop/shopping/load_payment_module.php] Array
(
    [0] => Array
        (
            [AccessID] => 42d7a40371a1952cb8739e3493b04aa5
            [AccessPass] => 2acd69731d4ab25ae45007ddf39c4720
        )

)
 from 126.198.96.122
2021/04/16 23:48:57 [/shop/shopping/load_payment_module.php] load_payment_module.php set payment data:Array
(
    [AccessID] => 42d7a40371a1952cb8739e3493b04aa5
    [AccessPass] => 2acd69731d4ab25ae45007ddf39c4720
    [OrderID] => 945265-16234857
    [Amount] => 8563
    [JobCd] => CAPTURE
    [action_status] => 1
    [pay_status] => 0
)
 from 126.198.96.122
2021/04/16 23:48:57 [/shop/shopping/load_payment_module.php] SendRequest:https://p01.mul-pay.jp/payment/ExecTran.idPass from 126.198.96.122
2021/04/16 23:48:57 [/shop/shopping/load_payment_module.php] Array
(
    [AccessID] => 42d7a40371a1952cb8739e3493b04aa5
    [AccessPass] => 2acd69731d4ab25ae45007ddf39c4720
    [OrderID] => 945265-16234857
    [Method] => 1
    [Token] => 56ad3d455e2fd3b89a0d6feb19ce5651649b8e0102496cbe4568105958d275c7
    [ClientField1] => 
    [ClientField2] => 
    [ClientField3] => EC-CUBE4.3.24
)
 from 126.198.96.122
2021/04/16 23:48:58 [/shop/shopping/load_payment_module.php] ACS=0&OrderID=945265-16234857&Forward=2S49631&Method=1&PayTimes=&Approve=0057553&TranID=2104162348602257210134123854&TranDate=20210416234858&CheckString=b889c4b07149d0ce270b83cfc9a12c22 from 126.198.96.122
2021/04/16 23:48:58 [/shop/shopping/load_payment_module.php] Array
(
    [0] => Array
        (
            [ACS] => 0
            [OrderID] => 945265-16234857
            [Forward] => 2S49631
            [Method] => 1
            [PayTimes] => 
            [Approve] => 0057553
            [TranID] => 2104162348602257210134123854
            [TranDate] => 20210416234858
            [CheckString] => b889c4b07149d0ce270b83cfc9a12c22
        )

)
 from 126.198.96.122
2021/04/16 23:48:58 [/shop/shopping/load_payment_module.php] load_payment_module.php set payment data:Array
(
    [ACS] => 0
    [Forward] => 2S49631
    [Method] => 1
    [PayTimes] => 
    [Approve] => 0057553
    [TranID] => 2104162348602257210134123854
    [TranDate] => 20210416234858
    [CheckString] => b889c4b07149d0ce270b83cfc9a12c22
    [Amount] => 8563
    [JobCd] => CAPTURE
    [action_status] => 3
    [pay_status] => 13
)
 from 126.198.96.122
2021/04/16 23:48:58 [/shop/user_data/pg_mulpay_recv.php] ******* receiveer data start ******* from 210.175.7.20
2021/04/16 23:48:58 [/shop/user_data/pg_mulpay_recv.php] Array
(
    [ShopID] => 9000034600950
    [ShopPass] => **********
    [AccessID] => 42d7a40371a1952cb8739e3493b04aa5
    [AccessPass] => ********************************
    [OrderID] => 945265-16234857
    [Status] => CAPTURE
    [JobCd] => CAPTURE
    [Amount] => 8563
    [Tax] => 0
    [Currency] => JPN
    [Forward] => 2S49631
    [Method] => 1
    [PayTimes] => 
    [TranID] => 2104162348602257210134123854
    [Approve] => 0057553
    [TranDate] => 20210416234858
    [ErrCode] => 
    [ErrInfo] => 
    [PayType] => 0
)
 from 210.175.7.20
2021/04/16 23:48:58 [/shop/user_data/pg_mulpay_recv.php] ******* receiveer data end ******* from 210.175.7.20
2021/04/16 23:49:03 [/shop/user_data/pg_mulpay_recv.php] update order status:1 order_id=945265 from 210.175.7.20
2021/04/16 23:49:03 [/shop/user_data/pg_mulpay_recv.php] pg_mulpay_recv.php set payment data:Array
(
    [ShopID] => 9000034600950
    [AccessID] => 42d7a40371a1952cb8739e3493b04aa5
    [OrderID] => 945265-16234857
    [Status] => CAPTURE
    [JobCd] => CAPTURE
    [Amount] => 8563
    [Tax] => 0
    [Currency] => JPN
    [Forward] => 2S49631
    [Method] => 1
    [PayTimes] => 
    [TranID] => 2104162348602257210134123854
    [Approve] => 0057553
    [TranDate] => 20210416234858
    [ErrCode] => 
    [ErrInfo] => 
    [PayType] => 0
    [CvsCode] => 
    [CvsConfNo] => 
    [CvsReceiptNo] => 
    [EdyReceiptNo] => 
    [EdyOrderNo] => 
    [SuicaReceiptNo] => 
    [SuicaOrderNo] => 
    [CustID] => 
    [BkCode] => 
    [ConfNo] => 
    [PaymentTerm] => 
    [EncryptReceiptNo] => 
    [FinishDate] => 
    [ReceiptDate] => 
    [WebMoneyManagementNo] => 
    [WebMoneySettleCode] => 
    [AuPayInfoNo] => 
    [AuPayMethod] => 
    [AuCancelAmount] => 
    [AuCancelTax] => 
    [DocomoSettlementCode] => 
    [DocomoCancelAmount] => 
    [DocomoCancelTax] => 
    [pay_status] => 13
)
 from 210.175.7.20
2021/04/16 23:49:03 [/shop/user_data/pg_mulpay_recv.php] response:true from 210.175.7.20
