2020/07/19 19:26:22 [/shop/shopping/load_payment_module.php] SendRequest:https://p01.mul-pay.jp/payment/SearchMember.idPass from 106.184.60.28
2020/07/19 19:26:22 [/shop/shopping/load_payment_module.php] Array
(
    [SiteID] => mst0000007602
    [SitePass] => ******
    [MemberID] => 8515
)
 from 106.184.60.28
2020/07/19 19:26:23 [/shop/shopping/load_payment_module.php] ErrCode=E01&ErrInfo=E01390002 from 106.184.60.28
2020/07/19 19:26:23 [/shop/shopping/load_payment_module.php] Array
(
    [0] => Array
        (
            [ErrCode] => E01
            [ErrInfo] => E01390002
        )

)
 from 106.184.60.28
2020/07/19 19:26:23 [/shop/shopping/load_payment_module.php] SendRequest:https://p01.mul-pay.jp/payment/SearchCard.idPass from 106.184.60.28
2020/07/19 19:26:23 [/shop/shopping/load_payment_module.php] Array
(
    [SiteID] => mst0000007602
    [SitePass] => ******
    [MemberID] => 8515
)
 from 106.184.60.28
2020/07/19 19:26:23 [/shop/shopping/load_payment_module.php] ErrCode=E01|E01&ErrInfo=E01390002|E01240002 from 106.184.60.28
2020/07/19 19:26:23 [/shop/shopping/load_payment_module.php] Array
(
    [0] => Array
        (
            [ErrCode] => E01
            [ErrInfo] => E01390002
        )

    [1] => Array
        (
            [ErrCode] => E01
            [ErrInfo] => E01240002
        )

)
 from 106.184.60.28
2020/07/19 19:27:16 [/shop/shopping/load_payment_module.php] SendRequest:https://p01.mul-pay.jp/payment/SearchMember.idPass from 106.184.60.28
2020/07/19 19:27:16 [/shop/shopping/load_payment_module.php] Array
(
    [SiteID] => mst0000007602
    [SitePass] => ******
    [MemberID] => 8515
)
 from 106.184.60.28
2020/07/19 19:27:17 [/shop/shopping/load_payment_module.php] ErrCode=E01&ErrInfo=E01390002 from 106.184.60.28
2020/07/19 19:27:17 [/shop/shopping/load_payment_module.php] Array
(
    [0] => Array
        (
            [ErrCode] => E01
            [ErrInfo] => E01390002
        )

)
 from 106.184.60.28
2020/07/19 19:27:17 [/shop/shopping/load_payment_module.php] SendRequest:https://p01.mul-pay.jp/payment/SearchCard.idPass from 106.184.60.28
2020/07/19 19:27:17 [/shop/shopping/load_payment_module.php] Array
(
    [SiteID] => mst0000007602
    [SitePass] => ******
    [MemberID] => 8515
)
 from 106.184.60.28
2020/07/19 19:27:17 [/shop/shopping/load_payment_module.php] ErrCode=E01|E01&ErrInfo=E01390002|E01240002 from 106.184.60.28
2020/07/19 19:27:17 [/shop/shopping/load_payment_module.php] Array
(
    [0] => Array
        (
            [ErrCode] => E01
            [ErrInfo] => E01390002
        )

    [1] => Array
        (
            [ErrCode] => E01
            [ErrInfo] => E01240002
        )

)
 from 106.184.60.28
2020/07/19 19:27:17 [/shop/shopping/load_payment_module.php] SendRequest:https://p01.mul-pay.jp/payment/EntryTran.idPass from 106.184.60.28
2020/07/19 19:27:17 [/shop/shopping/load_payment_module.php] Array
(
    [ShopID] => 9000034600950
    [ShopPass] => ******
    [OrderID] => 944401-19192717
    [JobCd] => CAPTURE
    [Amount] => 9440
    [TdFlag] => 0
    [TdTenantName] => 
)
 from 106.184.60.28
2020/07/19 19:27:17 [/shop/shopping/load_payment_module.php] AccessID=9da4f6fd30b461b35dcd88d37a1e4e5f&AccessPass=e78260f28bfe5abc462147072b04d899 from 106.184.60.28
2020/07/19 19:27:17 [/shop/shopping/load_payment_module.php] Array
(
    [0] => Array
        (
            [AccessID] => 9da4f6fd30b461b35dcd88d37a1e4e5f
            [AccessPass] => e78260f28bfe5abc462147072b04d899
        )

)
 from 106.184.60.28
2020/07/19 19:27:17 [/shop/shopping/load_payment_module.php] load_payment_module.php set payment data:Array
(
    [AccessID] => 9da4f6fd30b461b35dcd88d37a1e4e5f
    [AccessPass] => e78260f28bfe5abc462147072b04d899
    [OrderID] => 944401-19192717
    [Amount] => 9440
    [JobCd] => CAPTURE
    [action_status] => 1
    [pay_status] => 0
)
 from 106.184.60.28
2020/07/19 19:27:17 [/shop/shopping/load_payment_module.php] SendRequest:https://p01.mul-pay.jp/payment/ExecTran.idPass from 106.184.60.28
2020/07/19 19:27:17 [/shop/shopping/load_payment_module.php] Array
(
    [AccessID] => 9da4f6fd30b461b35dcd88d37a1e4e5f
    [AccessPass] => e78260f28bfe5abc462147072b04d899
    [OrderID] => 944401-19192717
    [Method] => 1
    [Token] => 67eba7c0a5af7e4658503929b87136f19db14332a96ef30ed0e2f44e06ee7efa
    [ClientField1] => 
    [ClientField2] => 
    [ClientField3] => EC-CUBE4.3.24
)
 from 106.184.60.28
2020/07/19 19:27:19 [/shop/shopping/load_payment_module.php] ACS=0&OrderID=944401-19192717&Forward=2959876&Method=1&PayTimes=&Approve=0122718&TranID=2007191927602257210134113463&TranDate=20200719192719&CheckString=51d7987eda8b45e8232515a0de85a696 from 106.184.60.28
2020/07/19 19:27:19 [/shop/shopping/load_payment_module.php] Array
(
    [0] => Array
        (
            [ACS] => 0
            [OrderID] => 944401-19192717
            [Forward] => 2959876
            [Method] => 1
            [PayTimes] => 
            [Approve] => 0122718
            [TranID] => 2007191927602257210134113463
            [TranDate] => 20200719192719
            [CheckString] => 51d7987eda8b45e8232515a0de85a696
        )

)
 from 106.184.60.28
2020/07/19 19:27:19 [/shop/shopping/load_payment_module.php] load_payment_module.php set payment data:Array
(
    [ACS] => 0
    [Forward] => 2959876
    [Method] => 1
    [PayTimes] => 
    [Approve] => 0122718
    [TranID] => 2007191927602257210134113463
    [TranDate] => 20200719192719
    [CheckString] => 51d7987eda8b45e8232515a0de85a696
    [Amount] => 9440
    [JobCd] => CAPTURE
    [action_status] => 3
    [pay_status] => 13
)
 from 106.184.60.28
2020/07/19 19:27:20 [/shop/user_data/pg_mulpay_recv.php] ******* receiveer data start ******* from 210.175.7.20
2020/07/19 19:27:20 [/shop/user_data/pg_mulpay_recv.php] Array
(
    [ShopID] => 9000034600950
    [ShopPass] => **********
    [AccessID] => 9da4f6fd30b461b35dcd88d37a1e4e5f
    [AccessPass] => ********************************
    [OrderID] => 944401-19192717
    [Status] => CAPTURE
    [JobCd] => CAPTURE
    [Amount] => 9440
    [Tax] => 0
    [Currency] => JPN
    [Forward] => 2959876
    [Method] => 1
    [PayTimes] => 
    [TranID] => 2007191927602257210134113463
    [Approve] => 0122718
    [TranDate] => 20200719192719
    [ErrCode] => 
    [ErrInfo] => 
    [PayType] => 0
)
 from 210.175.7.20
2020/07/19 19:27:20 [/shop/user_data/pg_mulpay_recv.php] ******* receiveer data end ******* from 210.175.7.20
2020/07/19 19:27:25 [/shop/user_data/pg_mulpay_recv.php] update order status:1 order_id=944401 from 210.175.7.20
2020/07/19 19:27:25 [/shop/user_data/pg_mulpay_recv.php] pg_mulpay_recv.php set payment data:Array
(
    [ShopID] => 9000034600950
    [AccessID] => 9da4f6fd30b461b35dcd88d37a1e4e5f
    [OrderID] => 944401-19192717
    [Status] => CAPTURE
    [JobCd] => CAPTURE
    [Amount] => 9440
    [Tax] => 0
    [Currency] => JPN
    [Forward] => 2959876
    [Method] => 1
    [PayTimes] => 
    [TranID] => 2007191927602257210134113463
    [Approve] => 0122718
    [TranDate] => 20200719192719
    [ErrCode] => 
    [ErrInfo] => 
    [PayType] => 0
    [CvsCode] => 
    [CvsConfNo] => 
    [CvsReceiptNo] => 
    [EdyReceiptNo] => 
    [EdyOrderNo] => 
    [SuicaReceiptNo] => 
    [SuicaOrderNo] => 
    [CustID] => 
    [BkCode] => 
    [ConfNo] => 
    [PaymentTerm] => 
    [EncryptReceiptNo] => 
    [FinishDate] => 
    [ReceiptDate] => 
    [WebMoneyManagementNo] => 
    [WebMoneySettleCode] => 
    [AuPayInfoNo] => 
    [AuPayMethod] => 
    [AuCancelAmount] => 
    [AuCancelTax] => 
    [DocomoSettlementCode] => 
    [DocomoCancelAmount] => 
    [DocomoCancelTax] => 
    [pay_status] => 13
)
 from 210.175.7.20
2020/07/19 19:27:25 [/shop/user_data/pg_mulpay_recv.php] response:true from 210.175.7.20
2020/07/19 20:51:09 [/shop/shopping/load_payment_module.php] SendRequest:https://p01.mul-pay.jp/payment/SearchMember.idPass from 126.246.183.34
2020/07/19 20:51:09 [/shop/shopping/load_payment_module.php] Array
(
    [SiteID] => mst0000007602
    [SitePass] => ******
    [MemberID] => 7689
)
 from 126.246.183.34
2020/07/19 20:51:10 [/shop/shopping/load_payment_module.php] ErrCode=E01&ErrInfo=E01390002 from 126.246.183.34
2020/07/19 20:51:10 [/shop/shopping/load_payment_module.php] Array
(
    [0] => Array
        (
            [ErrCode] => E01
            [ErrInfo] => E01390002
        )

)
 from 126.246.183.34
2020/07/19 20:51:10 [/shop/shopping/load_payment_module.php] SendRequest:https://p01.mul-pay.jp/payment/SearchCard.idPass from 126.246.183.34
2020/07/19 20:51:10 [/shop/shopping/load_payment_module.php] Array
(
    [SiteID] => mst0000007602
    [SitePass] => ******
    [MemberID] => 7689
)
 from 126.246.183.34
2020/07/19 20:51:10 [/shop/shopping/load_payment_module.php] ErrCode=E01|E01&ErrInfo=E01390002|E01240002 from 126.246.183.34
2020/07/19 20:51:10 [/shop/shopping/load_payment_module.php] Array
(
    [0] => Array
        (
            [ErrCode] => E01
            [ErrInfo] => E01390002
        )

    [1] => Array
        (
            [ErrCode] => E01
            [ErrInfo] => E01240002
        )

)
 from 126.246.183.34
2020/07/19 20:51:56 [/shop/shopping/load_payment_module.php] SendRequest:https://p01.mul-pay.jp/payment/SearchMember.idPass from 126.246.183.34
2020/07/19 20:51:56 [/shop/shopping/load_payment_module.php] Array
(
    [SiteID] => mst0000007602
    [SitePass] => ******
    [MemberID] => 7689
)
 from 126.246.183.34
2020/07/19 20:51:56 [/shop/shopping/load_payment_module.php] ErrCode=E01&ErrInfo=E01390002 from 126.246.183.34
2020/07/19 20:51:56 [/shop/shopping/load_payment_module.php] Array
(
    [0] => Array
        (
            [ErrCode] => E01
            [ErrInfo] => E01390002
        )

)
 from 126.246.183.34
2020/07/19 20:51:56 [/shop/shopping/load_payment_module.php] SendRequest:https://p01.mul-pay.jp/payment/SearchCard.idPass from 126.246.183.34
2020/07/19 20:51:56 [/shop/shopping/load_payment_module.php] Array
(
    [SiteID] => mst0000007602
    [SitePass] => ******
    [MemberID] => 7689
)
 from 126.246.183.34
2020/07/19 20:51:56 [/shop/shopping/load_payment_module.php] ErrCode=E01|E01&ErrInfo=E01390002|E01240002 from 126.246.183.34
2020/07/19 20:51:56 [/shop/shopping/load_payment_module.php] Array
(
    [0] => Array
        (
            [ErrCode] => E01
            [ErrInfo] => E01390002
        )

    [1] => Array
        (
            [ErrCode] => E01
            [ErrInfo] => E01240002
        )

)
 from 126.246.183.34
2020/07/19 20:51:56 [/shop/shopping/load_payment_module.php] SendRequest:https://p01.mul-pay.jp/payment/EntryTran.idPass from 126.246.183.34
2020/07/19 20:51:56 [/shop/shopping/load_payment_module.php] Array
(
    [ShopID] => 9000034600950
    [ShopPass] => ******
    [OrderID] => 944402-19205156
    [JobCd] => CAPTURE
    [Amount] => 8332
    [TdFlag] => 0
    [TdTenantName] => 
)
 from 126.246.183.34
2020/07/19 20:51:56 [/shop/shopping/load_payment_module.php] AccessID=e63c5b2c710e89f658ce58d3667a4b2c&AccessPass=7fb372a2c37c5a15053e2a839220bf33 from 126.246.183.34
2020/07/19 20:51:56 [/shop/shopping/load_payment_module.php] Array
(
    [0] => Array
        (
            [AccessID] => e63c5b2c710e89f658ce58d3667a4b2c
            [AccessPass] => 7fb372a2c37c5a15053e2a839220bf33
        )

)
 from 126.246.183.34
2020/07/19 20:51:56 [/shop/shopping/load_payment_module.php] load_payment_module.php set payment data:Array
(
    [AccessID] => e63c5b2c710e89f658ce58d3667a4b2c
    [AccessPass] => 7fb372a2c37c5a15053e2a839220bf33
    [OrderID] => 944402-19205156
    [Amount] => 8332
    [JobCd] => CAPTURE
    [action_status] => 1
    [pay_status] => 0
)
 from 126.246.183.34
2020/07/19 20:51:56 [/shop/shopping/load_payment_module.php] SendRequest:https://p01.mul-pay.jp/payment/ExecTran.idPass from 126.246.183.34
2020/07/19 20:51:56 [/shop/shopping/load_payment_module.php] Array
(
    [AccessID] => e63c5b2c710e89f658ce58d3667a4b2c
    [AccessPass] => 7fb372a2c37c5a15053e2a839220bf33
    [OrderID] => 944402-19205156
    [Method] => 1
    [Token] => 995f90dfc0e1100da75cf6af33560fac6130fa5bded55376d2a0d6b956655347
    [ClientField1] => 
    [ClientField2] => 
    [ClientField3] => EC-CUBE4.3.24
)
 from 126.246.183.34
2020/07/19 20:51:57 [/shop/shopping/load_payment_module.php] ACS=0&OrderID=944402-19205156&Forward=2S49631&Method=1&PayTimes=&Approve=0015729&TranID=2007192051602257210134113464&TranDate=20200719205157&CheckString=5b51d1c0bce8a28045b383958061d6c2 from 126.246.183.34
2020/07/19 20:51:57 [/shop/shopping/load_payment_module.php] Array
(
    [0] => Array
        (
            [ACS] => 0
            [OrderID] => 944402-19205156
            [Forward] => 2S49631
            [Method] => 1
            [PayTimes] => 
            [Approve] => 0015729
            [TranID] => 2007192051602257210134113464
            [TranDate] => 20200719205157
            [CheckString] => 5b51d1c0bce8a28045b383958061d6c2
        )

)
 from 126.246.183.34
2020/07/19 20:51:57 [/shop/shopping/load_payment_module.php] load_payment_module.php set payment data:Array
(
    [ACS] => 0
    [Forward] => 2S49631
    [Method] => 1
    [PayTimes] => 
    [Approve] => 0015729
    [TranID] => 2007192051602257210134113464
    [TranDate] => 20200719205157
    [CheckString] => 5b51d1c0bce8a28045b383958061d6c2
    [Amount] => 8332
    [JobCd] => CAPTURE
    [action_status] => 3
    [pay_status] => 13
)
 from 126.246.183.34
2020/07/19 20:51:58 [/shop/user_data/pg_mulpay_recv.php] ******* receiveer data start ******* from 210.175.7.20
2020/07/19 20:51:58 [/shop/user_data/pg_mulpay_recv.php] Array
(
    [ShopID] => 9000034600950
    [ShopPass] => **********
    [AccessID] => e63c5b2c710e89f658ce58d3667a4b2c
    [AccessPass] => ********************************
    [OrderID] => 944402-19205156
    [Status] => CAPTURE
    [JobCd] => CAPTURE
    [Amount] => 8332
    [Tax] => 0
    [Currency] => JPN
    [Forward] => 2S49631
    [Method] => 1
    [PayTimes] => 
    [TranID] => 2007192051602257210134113464
    [Approve] => 0015729
    [TranDate] => 20200719205157
    [ErrCode] => 
    [ErrInfo] => 
    [PayType] => 0
)
 from 210.175.7.20
2020/07/19 20:51:58 [/shop/user_data/pg_mulpay_recv.php] ******* receiveer data end ******* from 210.175.7.20
2020/07/19 20:52:03 [/shop/user_data/pg_mulpay_recv.php] update order status:1 order_id=944402 from 210.175.7.20
2020/07/19 20:52:03 [/shop/user_data/pg_mulpay_recv.php] pg_mulpay_recv.php set payment data:Array
(
    [ShopID] => 9000034600950
    [AccessID] => e63c5b2c710e89f658ce58d3667a4b2c
    [OrderID] => 944402-19205156
    [Status] => CAPTURE
    [JobCd] => CAPTURE
    [Amount] => 8332
    [Tax] => 0
    [Currency] => JPN
    [Forward] => 2S49631
    [Method] => 1
    [PayTimes] => 
    [TranID] => 2007192051602257210134113464
    [Approve] => 0015729
    [TranDate] => 20200719205157
    [ErrCode] => 
    [ErrInfo] => 
    [PayType] => 0
    [CvsCode] => 
    [CvsConfNo] => 
    [CvsReceiptNo] => 
    [EdyReceiptNo] => 
    [EdyOrderNo] => 
    [SuicaReceiptNo] => 
    [SuicaOrderNo] => 
    [CustID] => 
    [BkCode] => 
    [ConfNo] => 
    [PaymentTerm] => 
    [EncryptReceiptNo] => 
    [FinishDate] => 
    [ReceiptDate] => 
    [WebMoneyManagementNo] => 
    [WebMoneySettleCode] => 
    [AuPayInfoNo] => 
    [AuPayMethod] => 
    [AuCancelAmount] => 
    [AuCancelTax] => 
    [DocomoSettlementCode] => 
    [DocomoCancelAmount] => 
    [DocomoCancelTax] => 
    [pay_status] => 13
)
 from 210.175.7.20
2020/07/19 20:52:03 [/shop/user_data/pg_mulpay_recv.php] response:true from 210.175.7.20
