2023/10/04 00:54:44 [/shop/shopping/load_payment_module.php] SendRequest:https://p01.mul-pay.jp/payment/EntryTran.idPass from 218.212.181.136
2023/10/04 00:54:44 [/shop/shopping/load_payment_module.php] Array
(
    [ShopID] => 9000034600950
    [ShopPass] => ******
    [OrderID] => 954175-04005444
    [JobCd] => CAPTURE
    [Amount] => 12800
    [TdFlag] => 0
    [TdTenantName] => 
)
 from 218.212.181.136
2023/10/04 00:54:44 [/shop/shopping/load_payment_module.php] AccessID=328fea468b64998e5c9d501f726b1dbd&AccessPass=e3bf35cf94f179e4bbf7cb689ddf8fb7 from 218.212.181.136
2023/10/04 00:54:44 [/shop/shopping/load_payment_module.php] Array
(
    [0] => Array
        (
            [AccessID] => 328fea468b64998e5c9d501f726b1dbd
            [AccessPass] => e3bf35cf94f179e4bbf7cb689ddf8fb7
        )

)
 from 218.212.181.136
2023/10/04 00:54:44 [/shop/shopping/load_payment_module.php] load_payment_module.php set payment data:Array
(
    [AccessID] => 328fea468b64998e5c9d501f726b1dbd
    [AccessPass] => e3bf35cf94f179e4bbf7cb689ddf8fb7
    [OrderID] => 954175-04005444
    [Amount] => 12800
    [JobCd] => CAPTURE
    [action_status] => 1
    [pay_status] => 0
)
 from 218.212.181.136
2023/10/04 00:54:44 [/shop/shopping/load_payment_module.php] SendRequest:https://p01.mul-pay.jp/payment/ExecTran.idPass from 218.212.181.136
2023/10/04 00:54:44 [/shop/shopping/load_payment_module.php] Array
(
    [AccessID] => 328fea468b64998e5c9d501f726b1dbd
    [AccessPass] => e3bf35cf94f179e4bbf7cb689ddf8fb7
    [OrderID] => 954175-04005444
    [Method] => 1
    [Token] => 6551ff57fe2c3930ded9457f104cd75bf329cb7536b063cc2215ec534ddb9dc1
    [ClientField1] => 
    [ClientField2] => 
    [ClientField3] => EC-CUBE4.3.35
)
 from 218.212.181.136
2023/10/04 00:54:45 [/shop/shopping/load_payment_module.php] ACS=0&OrderID=954175-04005444&Forward=2S49631&Method=1&PayTimes=&Approve=0008551&TranID=2310040054602257210134182196&TranDate=20231004005445&CheckString=a0dd72080ce96cc0cabd86b79ea3db7e from 218.212.181.136
2023/10/04 00:54:45 [/shop/shopping/load_payment_module.php] Array
(
    [0] => Array
        (
            [ACS] => 0
            [OrderID] => 954175-04005444
            [Forward] => 2S49631
            [Method] => 1
            [PayTimes] => 
            [Approve] => 0008551
            [TranID] => 2310040054602257210134182196
            [TranDate] => 20231004005445
            [CheckString] => a0dd72080ce96cc0cabd86b79ea3db7e
        )

)
 from 218.212.181.136
2023/10/04 00:54:45 [/shop/shopping/load_payment_module.php] load_payment_module.php set payment data:Array
(
    [ACS] => 0
    [Forward] => 2S49631
    [Method] => 1
    [PayTimes] => 
    [Approve] => 0008551
    [TranID] => 2310040054602257210134182196
    [TranDate] => 20231004005445
    [CheckString] => a0dd72080ce96cc0cabd86b79ea3db7e
    [Amount] => 12800
    [JobCd] => CAPTURE
    [action_status] => 3
    [pay_status] => 13
)
 from 218.212.181.136
2023/10/04 00:54:45 [/shop/user_data/pg_mulpay_recv.php] ******* receiveer data start ******* from 210.175.7.20
2023/10/04 00:54:45 [/shop/user_data/pg_mulpay_recv.php] Array
(
    [ShopID] => 9000034600950
    [ShopPass] => **********
    [AccessID] => 328fea468b64998e5c9d501f726b1dbd
    [AccessPass] => ********************************
    [OrderID] => 954175-04005444
    [Status] => CAPTURE
    [JobCd] => CAPTURE
    [Amount] => 12800
    [Tax] => 0
    [Currency] => JPN
    [Forward] => 2S49631
    [Method] => 1
    [PayTimes] => 
    [TranID] => 2310040054602257210134182196
    [Approve] => 0008551
    [TranDate] => 20231004005445
    [ErrCode] => 
    [ErrInfo] => 
    [PayType] => 0
)
 from 210.175.7.20
2023/10/04 00:54:45 [/shop/user_data/pg_mulpay_recv.php] ******* receiveer data end ******* from 210.175.7.20
2023/10/04 00:54:50 [/shop/user_data/pg_mulpay_recv.php] update order status:1 order_id=954175 from 210.175.7.20
2023/10/04 00:54:50 [/shop/user_data/pg_mulpay_recv.php] pg_mulpay_recv.php set payment data:Array
(
    [ShopID] => 9000034600950
    [AccessID] => 328fea468b64998e5c9d501f726b1dbd
    [OrderID] => 954175-04005444
    [Status] => CAPTURE
    [JobCd] => CAPTURE
    [Amount] => 12800
    [Tax] => 0
    [Currency] => JPN
    [Forward] => 2S49631
    [Method] => 1
    [PayTimes] => 
    [TranID] => 2310040054602257210134182196
    [Approve] => 0008551
    [TranDate] => 20231004005445
    [ErrCode] => 
    [ErrInfo] => 
    [PayType] => 0
    [CvsCode] => 
    [CvsConfNo] => 
    [CvsReceiptNo] => 
    [EdyReceiptNo] => 
    [EdyOrderNo] => 
    [SuicaReceiptNo] => 
    [SuicaOrderNo] => 
    [CustID] => 
    [BkCode] => 
    [ConfNo] => 
    [PaymentTerm] => 
    [EncryptReceiptNo] => 
    [FinishDate] => 
    [ReceiptDate] => 
    [WebMoneyManagementNo] => 
    [WebMoneySettleCode] => 
    [AuPayInfoNo] => 
    [AuPayMethod] => 
    [AuCancelAmount] => 
    [AuCancelTax] => 
    [DocomoSettlementCode] => 
    [DocomoCancelAmount] => 
    [DocomoCancelTax] => 
    [pay_status] => 13
)
 from 210.175.7.20
2023/10/04 00:54:50 [/shop/user_data/pg_mulpay_recv.php] response:true from 210.175.7.20
2023/10/04 05:26:42 [/shop/shopping/load_payment_module.php] SendRequest:https://p01.mul-pay.jp/payment/SearchMember.idPass from 68.41.75.204
2023/10/04 05:26:42 [/shop/shopping/load_payment_module.php] Array
(
    [SiteID] => mst0000007602
    [SitePass] => ******
    [MemberID] => 12156
)
 from 68.41.75.204
2023/10/04 05:26:42 [/shop/shopping/load_payment_module.php] ErrCode=E01&ErrInfo=E01390002 from 68.41.75.204
2023/10/04 05:26:42 [/shop/shopping/load_payment_module.php] Array
(
    [0] => Array
        (
            [ErrCode] => E01
            [ErrInfo] => E01390002
        )

)
 from 68.41.75.204
2023/10/04 05:26:42 [/shop/shopping/load_payment_module.php] SendRequest:https://p01.mul-pay.jp/payment/SearchCard.idPass from 68.41.75.204
2023/10/04 05:26:42 [/shop/shopping/load_payment_module.php] Array
(
    [SiteID] => mst0000007602
    [SitePass] => ******
    [MemberID] => 12156
)
 from 68.41.75.204
2023/10/04 05:26:42 [/shop/shopping/load_payment_module.php] ErrCode=E01|E01&ErrInfo=E01390002|E01240002 from 68.41.75.204
2023/10/04 05:26:42 [/shop/shopping/load_payment_module.php] Array
(
    [0] => Array
        (
            [ErrCode] => E01
            [ErrInfo] => E01390002
        )

    [1] => Array
        (
            [ErrCode] => E01
            [ErrInfo] => E01240002
        )

)
 from 68.41.75.204
2023/10/04 05:27:04 [/shop/shopping/load_payment_module.php] SendRequest:https://p01.mul-pay.jp/payment/SearchMember.idPass from 68.41.75.204
2023/10/04 05:27:04 [/shop/shopping/load_payment_module.php] Array
(
    [SiteID] => mst0000007602
    [SitePass] => ******
    [MemberID] => 12156
)
 from 68.41.75.204
2023/10/04 05:27:04 [/shop/shopping/load_payment_module.php] ErrCode=E01&ErrInfo=E01390002 from 68.41.75.204
2023/10/04 05:27:04 [/shop/shopping/load_payment_module.php] Array
(
    [0] => Array
        (
            [ErrCode] => E01
            [ErrInfo] => E01390002
        )

)
 from 68.41.75.204
2023/10/04 05:27:04 [/shop/shopping/load_payment_module.php] SendRequest:https://p01.mul-pay.jp/payment/SearchCard.idPass from 68.41.75.204
2023/10/04 05:27:04 [/shop/shopping/load_payment_module.php] Array
(
    [SiteID] => mst0000007602
    [SitePass] => ******
    [MemberID] => 12156
)
 from 68.41.75.204
2023/10/04 05:27:04 [/shop/shopping/load_payment_module.php] ErrCode=E01|E01&ErrInfo=E01390002|E01240002 from 68.41.75.204
2023/10/04 05:27:04 [/shop/shopping/load_payment_module.php] Array
(
    [0] => Array
        (
            [ErrCode] => E01
            [ErrInfo] => E01390002
        )

    [1] => Array
        (
            [ErrCode] => E01
            [ErrInfo] => E01240002
        )

)
 from 68.41.75.204
2023/10/04 05:36:01 [/shop/shopping/load_payment_module.php] SendRequest:https://p01.mul-pay.jp/payment/EntryTran.idPass from 77.102.139.30
2023/10/04 05:36:01 [/shop/shopping/load_payment_module.php] Array
(
    [ShopID] => 9000034600950
    [ShopPass] => ******
    [OrderID] => 954177-04053601
    [JobCd] => CAPTURE
    [Amount] => 20450
    [TdFlag] => 0
    [TdTenantName] => 
)
 from 77.102.139.30
2023/10/04 05:36:01 [/shop/shopping/load_payment_module.php] AccessID=317f34d2af29fcc840a163243d11fe3f&AccessPass=4c49945133071c70d8b58534c415b310 from 77.102.139.30
2023/10/04 05:36:01 [/shop/shopping/load_payment_module.php] Array
(
    [0] => Array
        (
            [AccessID] => 317f34d2af29fcc840a163243d11fe3f
            [AccessPass] => 4c49945133071c70d8b58534c415b310
        )

)
 from 77.102.139.30
2023/10/04 05:36:01 [/shop/shopping/load_payment_module.php] load_payment_module.php set payment data:Array
(
    [AccessID] => 317f34d2af29fcc840a163243d11fe3f
    [AccessPass] => 4c49945133071c70d8b58534c415b310
    [OrderID] => 954177-04053601
    [Amount] => 20450
    [JobCd] => CAPTURE
    [action_status] => 1
    [pay_status] => 0
)
 from 77.102.139.30
2023/10/04 05:36:01 [/shop/shopping/load_payment_module.php] SendRequest:https://p01.mul-pay.jp/payment/ExecTran.idPass from 77.102.139.30
2023/10/04 05:36:01 [/shop/shopping/load_payment_module.php] Array
(
    [AccessID] => 317f34d2af29fcc840a163243d11fe3f
    [AccessPass] => 4c49945133071c70d8b58534c415b310
    [OrderID] => 954177-04053601
    [Method] => 1
    [Token] => 0aa61e469992f6da329d610b2fc2da9702be8e2e78c6c7a1c845812999b14060
    [ClientField1] => 
    [ClientField2] => 
    [ClientField3] => EC-CUBE4.3.35
)
 from 77.102.139.30
2023/10/04 05:36:02 [/shop/shopping/load_payment_module.php] ACS=0&OrderID=954177-04053601&Forward=2959876&Method=1&PayTimes=&Approve=0080624&TranID=2310040536602257210134172132&TranDate=20231004053602&CheckString=02c37b6f0adfaf518a89b79ca6bd4fe8 from 77.102.139.30
2023/10/04 05:36:02 [/shop/shopping/load_payment_module.php] Array
(
    [0] => Array
        (
            [ACS] => 0
            [OrderID] => 954177-04053601
            [Forward] => 2959876
            [Method] => 1
            [PayTimes] => 
            [Approve] => 0080624
            [TranID] => 2310040536602257210134172132
            [TranDate] => 20231004053602
            [CheckString] => 02c37b6f0adfaf518a89b79ca6bd4fe8
        )

)
 from 77.102.139.30
2023/10/04 05:36:02 [/shop/shopping/load_payment_module.php] load_payment_module.php set payment data:Array
(
    [ACS] => 0
    [Forward] => 2959876
    [Method] => 1
    [PayTimes] => 
    [Approve] => 0080624
    [TranID] => 2310040536602257210134172132
    [TranDate] => 20231004053602
    [CheckString] => 02c37b6f0adfaf518a89b79ca6bd4fe8
    [Amount] => 20450
    [JobCd] => CAPTURE
    [action_status] => 3
    [pay_status] => 13
)
 from 77.102.139.30
2023/10/04 05:36:02 [/shop/user_data/pg_mulpay_recv.php] ******* receiveer data start ******* from 210.175.7.20
2023/10/04 05:36:02 [/shop/user_data/pg_mulpay_recv.php] Array
(
    [ShopID] => 9000034600950
    [ShopPass] => **********
    [AccessID] => 317f34d2af29fcc840a163243d11fe3f
    [AccessPass] => ********************************
    [OrderID] => 954177-04053601
    [Status] => CAPTURE
    [JobCd] => CAPTURE
    [Amount] => 20450
    [Tax] => 0
    [Currency] => JPN
    [Forward] => 2959876
    [Method] => 1
    [PayTimes] => 
    [TranID] => 2310040536602257210134172132
    [Approve] => 0080624
    [TranDate] => 20231004053602
    [ErrCode] => 
    [ErrInfo] => 
    [PayType] => 0
)
 from 210.175.7.20
2023/10/04 05:36:02 [/shop/user_data/pg_mulpay_recv.php] ******* receiveer data end ******* from 210.175.7.20
2023/10/04 05:36:07 [/shop/user_data/pg_mulpay_recv.php] update order status:1 order_id=954177 from 210.175.7.20
2023/10/04 05:36:07 [/shop/user_data/pg_mulpay_recv.php] pg_mulpay_recv.php set payment data:Array
(
    [ShopID] => 9000034600950
    [AccessID] => 317f34d2af29fcc840a163243d11fe3f
    [OrderID] => 954177-04053601
    [Status] => CAPTURE
    [JobCd] => CAPTURE
    [Amount] => 20450
    [Tax] => 0
    [Currency] => JPN
    [Forward] => 2959876
    [Method] => 1
    [PayTimes] => 
    [TranID] => 2310040536602257210134172132
    [Approve] => 0080624
    [TranDate] => 20231004053602
    [ErrCode] => 
    [ErrInfo] => 
    [PayType] => 0
    [CvsCode] => 
    [CvsConfNo] => 
    [CvsReceiptNo] => 
    [EdyReceiptNo] => 
    [EdyOrderNo] => 
    [SuicaReceiptNo] => 
    [SuicaOrderNo] => 
    [CustID] => 
    [BkCode] => 
    [ConfNo] => 
    [PaymentTerm] => 
    [EncryptReceiptNo] => 
    [FinishDate] => 
    [ReceiptDate] => 
    [WebMoneyManagementNo] => 
    [WebMoneySettleCode] => 
    [AuPayInfoNo] => 
    [AuPayMethod] => 
    [AuCancelAmount] => 
    [AuCancelTax] => 
    [DocomoSettlementCode] => 
    [DocomoCancelAmount] => 
    [DocomoCancelTax] => 
    [pay_status] => 13
)
 from 210.175.7.20
2023/10/04 05:36:07 [/shop/user_data/pg_mulpay_recv.php] response:true from 210.175.7.20
2023/10/04 06:06:27 [/shop/shopping/load_payment_module.php] SendRequest:https://p01.mul-pay.jp/payment/SearchMember.idPass from 66.75.107.177
2023/10/04 06:06:27 [/shop/shopping/load_payment_module.php] Array
(
    [SiteID] => mst0000007602
    [SitePass] => ******
    [MemberID] => 12168
)
 from 66.75.107.177
2023/10/04 06:06:27 [/shop/shopping/load_payment_module.php] ErrCode=E01&ErrInfo=E01390002 from 66.75.107.177
2023/10/04 06:06:27 [/shop/shopping/load_payment_module.php] Array
(
    [0] => Array
        (
            [ErrCode] => E01
            [ErrInfo] => E01390002
        )

)
 from 66.75.107.177
2023/10/04 06:06:27 [/shop/shopping/load_payment_module.php] SendRequest:https://p01.mul-pay.jp/payment/SearchCard.idPass from 66.75.107.177
2023/10/04 06:06:27 [/shop/shopping/load_payment_module.php] Array
(
    [SiteID] => mst0000007602
    [SitePass] => ******
    [MemberID] => 12168
)
 from 66.75.107.177
2023/10/04 06:06:27 [/shop/shopping/load_payment_module.php] ErrCode=E01|E01&ErrInfo=E01390002|E01240002 from 66.75.107.177
2023/10/04 06:06:27 [/shop/shopping/load_payment_module.php] Array
(
    [0] => Array
        (
            [ErrCode] => E01
            [ErrInfo] => E01390002
        )

    [1] => Array
        (
            [ErrCode] => E01
            [ErrInfo] => E01240002
        )

)
 from 66.75.107.177
2023/10/04 06:08:14 [/shop/shopping/load_payment_module.php] SendRequest:https://p01.mul-pay.jp/payment/SearchMember.idPass from 66.75.107.177
2023/10/04 06:08:14 [/shop/shopping/load_payment_module.php] Array
(
    [SiteID] => mst0000007602
    [SitePass] => ******
    [MemberID] => 12168
)
 from 66.75.107.177
2023/10/04 06:08:14 [/shop/shopping/load_payment_module.php] ErrCode=E01&ErrInfo=E01390002 from 66.75.107.177
2023/10/04 06:08:14 [/shop/shopping/load_payment_module.php] Array
(
    [0] => Array
        (
            [ErrCode] => E01
            [ErrInfo] => E01390002
        )

)
 from 66.75.107.177
2023/10/04 06:08:14 [/shop/shopping/load_payment_module.php] SendRequest:https://p01.mul-pay.jp/payment/SearchCard.idPass from 66.75.107.177
2023/10/04 06:08:14 [/shop/shopping/load_payment_module.php] Array
(
    [SiteID] => mst0000007602
    [SitePass] => ******
    [MemberID] => 12168
)
 from 66.75.107.177
2023/10/04 06:08:14 [/shop/shopping/load_payment_module.php] ErrCode=E01|E01&ErrInfo=E01390002|E01240002 from 66.75.107.177
2023/10/04 06:08:14 [/shop/shopping/load_payment_module.php] Array
(
    [0] => Array
        (
            [ErrCode] => E01
            [ErrInfo] => E01390002
        )

    [1] => Array
        (
            [ErrCode] => E01
            [ErrInfo] => E01240002
        )

)
 from 66.75.107.177
2023/10/04 06:08:14 [/shop/shopping/load_payment_module.php] SendRequest:https://p01.mul-pay.jp/payment/EntryTran.idPass from 66.75.107.177
2023/10/04 06:08:14 [/shop/shopping/load_payment_module.php] Array
(
    [ShopID] => 9000034600950
    [ShopPass] => ******
    [OrderID] => 954178-04060814
    [JobCd] => CAPTURE
    [Amount] => 9130
    [TdFlag] => 0
    [TdTenantName] => 
)
 from 66.75.107.177
2023/10/04 06:08:14 [/shop/shopping/load_payment_module.php] AccessID=3b9aad1a9d28de5987f7d30e5f321fe6&AccessPass=b1fe8156733bada320e4fe86e7d76f3e from 66.75.107.177
2023/10/04 06:08:14 [/shop/shopping/load_payment_module.php] Array
(
    [0] => Array
        (
            [AccessID] => 3b9aad1a9d28de5987f7d30e5f321fe6
            [AccessPass] => b1fe8156733bada320e4fe86e7d76f3e
        )

)
 from 66.75.107.177
2023/10/04 06:08:14 [/shop/shopping/load_payment_module.php] load_payment_module.php set payment data:Array
(
    [AccessID] => 3b9aad1a9d28de5987f7d30e5f321fe6
    [AccessPass] => b1fe8156733bada320e4fe86e7d76f3e
    [OrderID] => 954178-04060814
    [Amount] => 9130
    [JobCd] => CAPTURE
    [action_status] => 1
    [pay_status] => 0
)
 from 66.75.107.177
2023/10/04 06:08:14 [/shop/shopping/load_payment_module.php] SendRequest:https://p01.mul-pay.jp/payment/ExecTran.idPass from 66.75.107.177
2023/10/04 06:08:14 [/shop/shopping/load_payment_module.php] Array
(
    [AccessID] => 3b9aad1a9d28de5987f7d30e5f321fe6
    [AccessPass] => b1fe8156733bada320e4fe86e7d76f3e
    [OrderID] => 954178-04060814
    [Method] => 1
    [Token] => 538e305805266947e5561b2bfe5bebdee415f43572c3a5514d2bb4fc928f107f
    [ClientField1] => 
    [ClientField2] => 
    [ClientField3] => EC-CUBE4.3.35
)
 from 66.75.107.177
2023/10/04 06:08:15 [/shop/shopping/load_payment_module.php] ACS=0&OrderID=954178-04060814&Forward=2a99661&Method=1&PayTimes=&Approve=0268096&TranID=2310040608602257210134172133&TranDate=20231004060815&CheckString=3c4356b2f5c4fae11e953c1d1f5291c7 from 66.75.107.177
2023/10/04 06:08:15 [/shop/shopping/load_payment_module.php] Array
(
    [0] => Array
        (
            [ACS] => 0
            [OrderID] => 954178-04060814
            [Forward] => 2a99661
            [Method] => 1
            [PayTimes] => 
            [Approve] => 0268096
            [TranID] => 2310040608602257210134172133
            [TranDate] => 20231004060815
            [CheckString] => 3c4356b2f5c4fae11e953c1d1f5291c7
        )

)
 from 66.75.107.177
2023/10/04 06:08:15 [/shop/shopping/load_payment_module.php] load_payment_module.php set payment data:Array
(
    [ACS] => 0
    [Forward] => 2a99661
    [Method] => 1
    [PayTimes] => 
    [Approve] => 0268096
    [TranID] => 2310040608602257210134172133
    [TranDate] => 20231004060815
    [CheckString] => 3c4356b2f5c4fae11e953c1d1f5291c7
    [Amount] => 9130
    [JobCd] => CAPTURE
    [action_status] => 3
    [pay_status] => 13
)
 from 66.75.107.177
2023/10/04 06:08:15 [/shop/user_data/pg_mulpay_recv.php] ******* receiveer data start ******* from 210.175.7.20
2023/10/04 06:08:15 [/shop/user_data/pg_mulpay_recv.php] Array
(
    [ShopID] => 9000034600950
    [ShopPass] => **********
    [AccessID] => 3b9aad1a9d28de5987f7d30e5f321fe6
    [AccessPass] => ********************************
    [OrderID] => 954178-04060814
    [Status] => CAPTURE
    [JobCd] => CAPTURE
    [Amount] => 9130
    [Tax] => 0
    [Currency] => JPN
    [Forward] => 2a99661
    [Method] => 1
    [PayTimes] => 
    [TranID] => 2310040608602257210134172133
    [Approve] => 0268096
    [TranDate] => 20231004060815
    [ErrCode] => 
    [ErrInfo] => 
    [PayType] => 0
)
 from 210.175.7.20
2023/10/04 06:08:15 [/shop/user_data/pg_mulpay_recv.php] ******* receiveer data end ******* from 210.175.7.20
2023/10/04 06:08:20 [/shop/user_data/pg_mulpay_recv.php] update order status:1 order_id=954178 from 210.175.7.20
2023/10/04 06:08:20 [/shop/user_data/pg_mulpay_recv.php] pg_mulpay_recv.php set payment data:Array
(
    [ShopID] => 9000034600950
    [AccessID] => 3b9aad1a9d28de5987f7d30e5f321fe6
    [OrderID] => 954178-04060814
    [Status] => CAPTURE
    [JobCd] => CAPTURE
    [Amount] => 9130
    [Tax] => 0
    [Currency] => JPN
    [Forward] => 2a99661
    [Method] => 1
    [PayTimes] => 
    [TranID] => 2310040608602257210134172133
    [Approve] => 0268096
    [TranDate] => 20231004060815
    [ErrCode] => 
    [ErrInfo] => 
    [PayType] => 0
    [CvsCode] => 
    [CvsConfNo] => 
    [CvsReceiptNo] => 
    [EdyReceiptNo] => 
    [EdyOrderNo] => 
    [SuicaReceiptNo] => 
    [SuicaOrderNo] => 
    [CustID] => 
    [BkCode] => 
    [ConfNo] => 
    [PaymentTerm] => 
    [EncryptReceiptNo] => 
    [FinishDate] => 
    [ReceiptDate] => 
    [WebMoneyManagementNo] => 
    [WebMoneySettleCode] => 
    [AuPayInfoNo] => 
    [AuPayMethod] => 
    [AuCancelAmount] => 
    [AuCancelTax] => 
    [DocomoSettlementCode] => 
    [DocomoCancelAmount] => 
    [DocomoCancelTax] => 
    [pay_status] => 13
)
 from 210.175.7.20
2023/10/04 06:08:20 [/shop/user_data/pg_mulpay_recv.php] response:true from 210.175.7.20
2023/10/04 09:45:21 [/shop/shopping/load_payment_module.php] SendRequest:https://p01.mul-pay.jp/payment/EntryTran.idPass from 36.10.20.70
2023/10/04 09:45:21 [/shop/shopping/load_payment_module.php] Array
(
    [ShopID] => 9000034600950
    [ShopPass] => ******
    [OrderID] => 954179-04094521
    [JobCd] => CAPTURE
    [Amount] => 3300
    [TdFlag] => 0
    [TdTenantName] => 
)
 from 36.10.20.70
2023/10/04 09:45:21 [/shop/shopping/load_payment_module.php] AccessID=df39b8b57f56ff608cd4d22345abdbc8&AccessPass=acff3c446ad2ebc267b95498c26a3f11 from 36.10.20.70
2023/10/04 09:45:21 [/shop/shopping/load_payment_module.php] Array
(
    [0] => Array
        (
            [AccessID] => df39b8b57f56ff608cd4d22345abdbc8
            [AccessPass] => acff3c446ad2ebc267b95498c26a3f11
        )

)
 from 36.10.20.70
2023/10/04 09:45:21 [/shop/shopping/load_payment_module.php] load_payment_module.php set payment data:Array
(
    [AccessID] => df39b8b57f56ff608cd4d22345abdbc8
    [AccessPass] => acff3c446ad2ebc267b95498c26a3f11
    [OrderID] => 954179-04094521
    [Amount] => 3300
    [JobCd] => CAPTURE
    [action_status] => 1
    [pay_status] => 0
)
 from 36.10.20.70
2023/10/04 09:45:21 [/shop/shopping/load_payment_module.php] SendRequest:https://p01.mul-pay.jp/payment/ExecTran.idPass from 36.10.20.70
2023/10/04 09:45:21 [/shop/shopping/load_payment_module.php] Array
(
    [AccessID] => df39b8b57f56ff608cd4d22345abdbc8
    [AccessPass] => acff3c446ad2ebc267b95498c26a3f11
    [OrderID] => 954179-04094521
    [Method] => 1
    [Token] => 396dba298d190319fa034df2fe71cfcd4531bbd52957b2671b76679d3a304c4a
    [ClientField1] => 
    [ClientField2] => 
    [ClientField3] => EC-CUBE4.3.35
)
 from 36.10.20.70
2023/10/04 09:45:23 [/shop/shopping/load_payment_module.php] ACS=0&OrderID=954179-04094521&Forward=2959876&Method=1&PayTimes=&Approve=0094522&TranID=2310040945602257210134152205&TranDate=20231004094523&CheckString=68965e2536a22ac40af31c8cfe0abf67 from 36.10.20.70
2023/10/04 09:45:23 [/shop/shopping/load_payment_module.php] Array
(
    [0] => Array
        (
            [ACS] => 0
            [OrderID] => 954179-04094521
            [Forward] => 2959876
            [Method] => 1
            [PayTimes] => 
            [Approve] => 0094522
            [TranID] => 2310040945602257210134152205
            [TranDate] => 20231004094523
            [CheckString] => 68965e2536a22ac40af31c8cfe0abf67
        )

)
 from 36.10.20.70
2023/10/04 09:45:23 [/shop/shopping/load_payment_module.php] load_payment_module.php set payment data:Array
(
    [ACS] => 0
    [Forward] => 2959876
    [Method] => 1
    [PayTimes] => 
    [Approve] => 0094522
    [TranID] => 2310040945602257210134152205
    [TranDate] => 20231004094523
    [CheckString] => 68965e2536a22ac40af31c8cfe0abf67
    [Amount] => 3300
    [JobCd] => CAPTURE
    [action_status] => 3
    [pay_status] => 13
)
 from 36.10.20.70
2023/10/04 09:45:23 [/shop/user_data/pg_mulpay_recv.php] ******* receiveer data start ******* from 210.175.7.20
2023/10/04 09:45:23 [/shop/user_data/pg_mulpay_recv.php] Array
(
    [ShopID] => 9000034600950
    [ShopPass] => **********
    [AccessID] => df39b8b57f56ff608cd4d22345abdbc8
    [AccessPass] => ********************************
    [OrderID] => 954179-04094521
    [Status] => CAPTURE
    [JobCd] => CAPTURE
    [Amount] => 3300
    [Tax] => 0
    [Currency] => JPN
    [Forward] => 2959876
    [Method] => 1
    [PayTimes] => 
    [TranID] => 2310040945602257210134152205
    [Approve] => 0094522
    [TranDate] => 20231004094523
    [ErrCode] => 
    [ErrInfo] => 
    [PayType] => 0
)
 from 210.175.7.20
2023/10/04 09:45:23 [/shop/user_data/pg_mulpay_recv.php] ******* receiveer data end ******* from 210.175.7.20
2023/10/04 09:45:28 [/shop/user_data/pg_mulpay_recv.php] update order status:1 order_id=954179 from 210.175.7.20
2023/10/04 09:45:28 [/shop/user_data/pg_mulpay_recv.php] pg_mulpay_recv.php set payment data:Array
(
    [ShopID] => 9000034600950
    [AccessID] => df39b8b57f56ff608cd4d22345abdbc8
    [OrderID] => 954179-04094521
    [Status] => CAPTURE
    [JobCd] => CAPTURE
    [Amount] => 3300
    [Tax] => 0
    [Currency] => JPN
    [Forward] => 2959876
    [Method] => 1
    [PayTimes] => 
    [TranID] => 2310040945602257210134152205
    [Approve] => 0094522
    [TranDate] => 20231004094523
    [ErrCode] => 
    [ErrInfo] => 
    [PayType] => 0
    [CvsCode] => 
    [CvsConfNo] => 
    [CvsReceiptNo] => 
    [EdyReceiptNo] => 
    [EdyOrderNo] => 
    [SuicaReceiptNo] => 
    [SuicaOrderNo] => 
    [CustID] => 
    [BkCode] => 
    [ConfNo] => 
    [PaymentTerm] => 
    [EncryptReceiptNo] => 
    [FinishDate] => 
    [ReceiptDate] => 
    [WebMoneyManagementNo] => 
    [WebMoneySettleCode] => 
    [AuPayInfoNo] => 
    [AuPayMethod] => 
    [AuCancelAmount] => 
    [AuCancelTax] => 
    [DocomoSettlementCode] => 
    [DocomoCancelAmount] => 
    [DocomoCancelTax] => 
    [pay_status] => 13
)
 from 210.175.7.20
2023/10/04 09:45:28 [/shop/user_data/pg_mulpay_recv.php] response:true from 210.175.7.20
2023/10/04 10:34:44 [/shop/shopping/load_payment_module.php] SendRequest:https://p01.mul-pay.jp/payment/EntryTran.idPass from 177.228.54.55
2023/10/04 10:34:44 [/shop/shopping/load_payment_module.php] Array
(
    [ShopID] => 9000034600950
    [ShopPass] => ******
    [OrderID] => 954180-04103444
    [JobCd] => CAPTURE
    [Amount] => 8050
    [TdFlag] => 0
    [TdTenantName] => 
)
 from 177.228.54.55
2023/10/04 10:34:44 [/shop/shopping/load_payment_module.php] AccessID=e0694775734f447057be14b11785a3ce&AccessPass=61745f26407a9ca1253d3fb1cd2aec19 from 177.228.54.55
2023/10/04 10:34:44 [/shop/shopping/load_payment_module.php] Array
(
    [0] => Array
        (
            [AccessID] => e0694775734f447057be14b11785a3ce
            [AccessPass] => 61745f26407a9ca1253d3fb1cd2aec19
        )

)
 from 177.228.54.55
2023/10/04 10:34:44 [/shop/shopping/load_payment_module.php] load_payment_module.php set payment data:Array
(
    [AccessID] => e0694775734f447057be14b11785a3ce
    [AccessPass] => 61745f26407a9ca1253d3fb1cd2aec19
    [OrderID] => 954180-04103444
    [Amount] => 8050
    [JobCd] => CAPTURE
    [action_status] => 1
    [pay_status] => 0
)
 from 177.228.54.55
2023/10/04 10:34:44 [/shop/shopping/load_payment_module.php] SendRequest:https://p01.mul-pay.jp/payment/ExecTran.idPass from 177.228.54.55
2023/10/04 10:34:44 [/shop/shopping/load_payment_module.php] Array
(
    [AccessID] => e0694775734f447057be14b11785a3ce
    [AccessPass] => 61745f26407a9ca1253d3fb1cd2aec19
    [OrderID] => 954180-04103444
    [Method] => 1
    [Token] => eafe420f5fd685af0e25b2b14d20275518b0a12c3fce6e87991bbbe798cba018
    [ClientField1] => 
    [ClientField2] => 
    [ClientField3] => EC-CUBE4.3.35
)
 from 177.228.54.55
2023/10/04 10:34:45 [/shop/shopping/load_payment_module.php] ACS=0&OrderID=954180-04103444&Forward=2S49631&Method=1&PayTimes=&Approve=0242950&TranID=2310041034602257210134162211&TranDate=20231004103445&CheckString=9a6422a26349ddc667ab16ef9c56c396 from 177.228.54.55
2023/10/04 10:34:45 [/shop/shopping/load_payment_module.php] Array
(
    [0] => Array
        (
            [ACS] => 0
            [OrderID] => 954180-04103444
            [Forward] => 2S49631
            [Method] => 1
            [PayTimes] => 
            [Approve] => 0242950
            [TranID] => 2310041034602257210134162211
            [TranDate] => 20231004103445
            [CheckString] => 9a6422a26349ddc667ab16ef9c56c396
        )

)
 from 177.228.54.55
2023/10/04 10:34:45 [/shop/shopping/load_payment_module.php] load_payment_module.php set payment data:Array
(
    [ACS] => 0
    [Forward] => 2S49631
    [Method] => 1
    [PayTimes] => 
    [Approve] => 0242950
    [TranID] => 2310041034602257210134162211
    [TranDate] => 20231004103445
    [CheckString] => 9a6422a26349ddc667ab16ef9c56c396
    [Amount] => 8050
    [JobCd] => CAPTURE
    [action_status] => 3
    [pay_status] => 13
)
 from 177.228.54.55
2023/10/04 10:34:46 [/shop/user_data/pg_mulpay_recv.php] ******* receiveer data start ******* from 210.175.7.20
2023/10/04 10:34:46 [/shop/user_data/pg_mulpay_recv.php] Array
(
    [ShopID] => 9000034600950
    [ShopPass] => **********
    [AccessID] => e0694775734f447057be14b11785a3ce
    [AccessPass] => ********************************
    [OrderID] => 954180-04103444
    [Status] => CAPTURE
    [JobCd] => CAPTURE
    [Amount] => 8050
    [Tax] => 0
    [Currency] => JPN
    [Forward] => 2S49631
    [Method] => 1
    [PayTimes] => 
    [TranID] => 2310041034602257210134162211
    [Approve] => 0242950
    [TranDate] => 20231004103445
    [ErrCode] => 
    [ErrInfo] => 
    [PayType] => 0
)
 from 210.175.7.20
2023/10/04 10:34:46 [/shop/user_data/pg_mulpay_recv.php] ******* receiveer data end ******* from 210.175.7.20
2023/10/04 10:34:51 [/shop/user_data/pg_mulpay_recv.php] update order status:1 order_id=954180 from 210.175.7.20
2023/10/04 10:34:51 [/shop/user_data/pg_mulpay_recv.php] pg_mulpay_recv.php set payment data:Array
(
    [ShopID] => 9000034600950
    [AccessID] => e0694775734f447057be14b11785a3ce
    [OrderID] => 954180-04103444
    [Status] => CAPTURE
    [JobCd] => CAPTURE
    [Amount] => 8050
    [Tax] => 0
    [Currency] => JPN
    [Forward] => 2S49631
    [Method] => 1
    [PayTimes] => 
    [TranID] => 2310041034602257210134162211
    [Approve] => 0242950
    [TranDate] => 20231004103445
    [ErrCode] => 
    [ErrInfo] => 
    [PayType] => 0
    [CvsCode] => 
    [CvsConfNo] => 
    [CvsReceiptNo] => 
    [EdyReceiptNo] => 
    [EdyOrderNo] => 
    [SuicaReceiptNo] => 
    [SuicaOrderNo] => 
    [CustID] => 
    [BkCode] => 
    [ConfNo] => 
    [PaymentTerm] => 
    [EncryptReceiptNo] => 
    [FinishDate] => 
    [ReceiptDate] => 
    [WebMoneyManagementNo] => 
    [WebMoneySettleCode] => 
    [AuPayInfoNo] => 
    [AuPayMethod] => 
    [AuCancelAmount] => 
    [AuCancelTax] => 
    [DocomoSettlementCode] => 
    [DocomoCancelAmount] => 
    [DocomoCancelTax] => 
    [pay_status] => 13
)
 from 210.175.7.20
2023/10/04 10:34:51 [/shop/user_data/pg_mulpay_recv.php] response:true from 210.175.7.20
2023/10/04 10:37:18 [/shop/shopping/load_payment_module.php] SendRequest:https://p01.mul-pay.jp/payment/EntryTran.idPass from 36.11.170.89
2023/10/04 10:37:18 [/shop/shopping/load_payment_module.php] Array
(
    [ShopID] => 9000034600950
    [ShopPass] => ******
    [OrderID] => 954181-04103718
    [JobCd] => CAPTURE
    [Amount] => 2110
    [TdFlag] => 0
    [TdTenantName] => 
)
 from 36.11.170.89
2023/10/04 10:37:18 [/shop/shopping/load_payment_module.php] AccessID=45be0756f9642024dbf7b518f640db71&AccessPass=6f0c84ea89a53fa698a5750c34c6eef9 from 36.11.170.89
2023/10/04 10:37:18 [/shop/shopping/load_payment_module.php] Array
(
    [0] => Array
        (
            [AccessID] => 45be0756f9642024dbf7b518f640db71
            [AccessPass] => 6f0c84ea89a53fa698a5750c34c6eef9
        )

)
 from 36.11.170.89
2023/10/04 10:37:18 [/shop/shopping/load_payment_module.php] load_payment_module.php set payment data:Array
(
    [AccessID] => 45be0756f9642024dbf7b518f640db71
    [AccessPass] => 6f0c84ea89a53fa698a5750c34c6eef9
    [OrderID] => 954181-04103718
    [Amount] => 2110
    [JobCd] => CAPTURE
    [action_status] => 1
    [pay_status] => 0
)
 from 36.11.170.89
2023/10/04 10:37:18 [/shop/shopping/load_payment_module.php] SendRequest:https://p01.mul-pay.jp/payment/ExecTran.idPass from 36.11.170.89
2023/10/04 10:37:18 [/shop/shopping/load_payment_module.php] Array
(
    [AccessID] => 45be0756f9642024dbf7b518f640db71
    [AccessPass] => 6f0c84ea89a53fa698a5750c34c6eef9
    [OrderID] => 954181-04103718
    [Method] => 1
    [Token] => a8dc2c4379c9da5c783a4dffad366513a3f4e2580061901febee7ee2ee092d4d
    [ClientField1] => 
    [ClientField2] => 
    [ClientField3] => EC-CUBE4.3.35
)
 from 36.11.170.89
2023/10/04 10:37:19 [/shop/shopping/load_payment_module.php] ACS=0&OrderID=954181-04103718&Forward=2959876&Method=1&PayTimes=&Approve=0503609&TranID=2310041037602257210134172134&TranDate=20231004103719&CheckString=7babae8246b8290b9c713cd275580f02 from 36.11.170.89
2023/10/04 10:37:19 [/shop/shopping/load_payment_module.php] Array
(
    [0] => Array
        (
            [ACS] => 0
            [OrderID] => 954181-04103718
            [Forward] => 2959876
            [Method] => 1
            [PayTimes] => 
            [Approve] => 0503609
            [TranID] => 2310041037602257210134172134
            [TranDate] => 20231004103719
            [CheckString] => 7babae8246b8290b9c713cd275580f02
        )

)
 from 36.11.170.89
2023/10/04 10:37:19 [/shop/shopping/load_payment_module.php] load_payment_module.php set payment data:Array
(
    [ACS] => 0
    [Forward] => 2959876
    [Method] => 1
    [PayTimes] => 
    [Approve] => 0503609
    [TranID] => 2310041037602257210134172134
    [TranDate] => 20231004103719
    [CheckString] => 7babae8246b8290b9c713cd275580f02
    [Amount] => 2110
    [JobCd] => CAPTURE
    [action_status] => 3
    [pay_status] => 13
)
 from 36.11.170.89
2023/10/04 10:37:19 [/shop/user_data/pg_mulpay_recv.php] ******* receiveer data start ******* from 210.175.7.20
2023/10/04 10:37:19 [/shop/user_data/pg_mulpay_recv.php] Array
(
    [ShopID] => 9000034600950
    [ShopPass] => **********
    [AccessID] => 45be0756f9642024dbf7b518f640db71
    [AccessPass] => ********************************
    [OrderID] => 954181-04103718
    [Status] => CAPTURE
    [JobCd] => CAPTURE
    [Amount] => 2110
    [Tax] => 0
    [Currency] => JPN
    [Forward] => 2959876
    [Method] => 1
    [PayTimes] => 
    [TranID] => 2310041037602257210134172134
    [Approve] => 0503609
    [TranDate] => 20231004103719
    [ErrCode] => 
    [ErrInfo] => 
    [PayType] => 0
)
 from 210.175.7.20
2023/10/04 10:37:19 [/shop/user_data/pg_mulpay_recv.php] ******* receiveer data end ******* from 210.175.7.20
2023/10/04 10:37:24 [/shop/user_data/pg_mulpay_recv.php] update order status:1 order_id=954181 from 210.175.7.20
2023/10/04 10:37:24 [/shop/user_data/pg_mulpay_recv.php] pg_mulpay_recv.php set payment data:Array
(
    [ShopID] => 9000034600950
    [AccessID] => 45be0756f9642024dbf7b518f640db71
    [OrderID] => 954181-04103718
    [Status] => CAPTURE
    [JobCd] => CAPTURE
    [Amount] => 2110
    [Tax] => 0
    [Currency] => JPN
    [Forward] => 2959876
    [Method] => 1
    [PayTimes] => 
    [TranID] => 2310041037602257210134172134
    [Approve] => 0503609
    [TranDate] => 20231004103719
    [ErrCode] => 
    [ErrInfo] => 
    [PayType] => 0
    [CvsCode] => 
    [CvsConfNo] => 
    [CvsReceiptNo] => 
    [EdyReceiptNo] => 
    [EdyOrderNo] => 
    [SuicaReceiptNo] => 
    [SuicaOrderNo] => 
    [CustID] => 
    [BkCode] => 
    [ConfNo] => 
    [PaymentTerm] => 
    [EncryptReceiptNo] => 
    [FinishDate] => 
    [ReceiptDate] => 
    [WebMoneyManagementNo] => 
    [WebMoneySettleCode] => 
    [AuPayInfoNo] => 
    [AuPayMethod] => 
    [AuCancelAmount] => 
    [AuCancelTax] => 
    [DocomoSettlementCode] => 
    [DocomoCancelAmount] => 
    [DocomoCancelTax] => 
    [pay_status] => 13
)
 from 210.175.7.20
2023/10/04 10:37:24 [/shop/user_data/pg_mulpay_recv.php] response:true from 210.175.7.20
2023/10/04 12:38:17 [/shop/master/order/edit.php] edit.php set payment data:Array
(
    [no_update_status_flg] => 1
)
 from 114.160.216.147
2023/10/04 12:38:17 [/shop/master/order/edit.php] SendRequest:https://p01.mul-pay.jp/payment/ChangeTran.idPass from 114.160.216.147
2023/10/04 12:38:17 [/shop/master/order/edit.php] Array
(
    [ShopID] => 9000034600950
    [ShopPass] => ******
    [AccessID] => ee74bdee5ef58fc9fab8be74570dfae7
    [AccessPass] => 2e724b22d5d345ea6e4f2a4379f24c3b
    [JobCd] => CAPTURE
    [Amount] => 92060
)
 from 114.160.216.147
2023/10/04 12:38:18 [/shop/master/order/edit.php] ErrCode=G56&ErrInfo=42G560000 from 114.160.216.147
2023/10/04 12:38:18 [/shop/master/order/edit.php] Array
(
    [0] => Array
        (
            [ErrCode] => G56
            [ErrInfo] => 42G560000
        )

)
 from 114.160.216.147
2023/10/04 12:38:19 [/shop/user_data/pg_mulpay_recv.php] ******* receiveer data start ******* from 210.175.7.20
2023/10/04 12:38:19 [/shop/user_data/pg_mulpay_recv.php] Array
(
    [ShopID] => 9000034600950
    [ShopPass] => **********
    [AccessID] => ee74bdee5ef58fc9fab8be74570dfae7
    [AccessPass] => ********************************
    [OrderID] => 952557-26085818
    [Status] => CAPTURE
    [JobCd] => CAPTURE
    [Amount] => 92060
    [Tax] => 0
    [Currency] => JPN
    [Forward] => 2959876
    [Method] => 1
    [PayTimes] => 
    [TranID] => 2310041238602257210134172135
    [Approve] =>        
    [TranDate] => 20231004123818
    [ErrCode] => G56
    [ErrInfo] => 42G560000
    [PayType] => 0
)
 from 210.175.7.20
2023/10/04 12:38:19 [/shop/user_data/pg_mulpay_recv.php] ******* receiveer data end ******* from 210.175.7.20
2023/10/04 12:38:24 [/shop/user_data/pg_mulpay_recv.php] no update order status order_id=952557 from 210.175.7.20
2023/10/04 12:38:24 [/shop/user_data/pg_mulpay_recv.php] pg_mulpay_recv.php set payment data:Array
(
    [ShopID] => 9000034600950
    [AccessID] => ee74bdee5ef58fc9fab8be74570dfae7
    [OrderID] => 952557-26085818
    [Status] => CAPTURE
    [JobCd] => CAPTURE
    [Amount] => 92060
    [Tax] => 0
    [Currency] => JPN
    [Forward] => 2959876
    [Method] => 1
    [PayTimes] => 
    [TranID] => 2310041238602257210134172135
    [TranDate] => 20231004123818
    [ErrCode] => G56
    [ErrInfo] => 42G560000
    [PayType] => 0
    [CvsCode] => 
    [CvsConfNo] => 
    [CvsReceiptNo] => 
    [EdyReceiptNo] => 
    [EdyOrderNo] => 
    [SuicaReceiptNo] => 
    [SuicaOrderNo] => 
    [CustID] => 
    [BkCode] => 
    [ConfNo] => 
    [PaymentTerm] => 
    [EncryptReceiptNo] => 
    [FinishDate] => 
    [ReceiptDate] => 
    [WebMoneyManagementNo] => 
    [WebMoneySettleCode] => 
    [AuPayInfoNo] => 
    [AuPayMethod] => 
    [AuCancelAmount] => 
    [AuCancelTax] => 
    [DocomoSettlementCode] => 
    [DocomoCancelAmount] => 
    [DocomoCancelTax] => 
    [pay_status] => 13
    [no_update_status_flg] => 0
)
 from 210.175.7.20
2023/10/04 12:38:24 [/shop/user_data/pg_mulpay_recv.php] response:true from 210.175.7.20
2023/10/04 13:59:52 [/shop/shopping/load_payment_module.php] SendRequest:https://p01.mul-pay.jp/payment/EntryTran.idPass from 104.172.209.60
2023/10/04 13:59:52 [/shop/shopping/load_payment_module.php] Array
(
    [ShopID] => 9000034600950
    [ShopPass] => ******
    [OrderID] => 954182-04135952
    [JobCd] => CAPTURE
    [Amount] => 12050
    [TdFlag] => 0
    [TdTenantName] => 
)
 from 104.172.209.60
2023/10/04 13:59:52 [/shop/shopping/load_payment_module.php] AccessID=c40501c41b649443024ad7952af8906d&AccessPass=bf234c0939b7a1c82980e60f4dac2edc from 104.172.209.60
2023/10/04 13:59:52 [/shop/shopping/load_payment_module.php] Array
(
    [0] => Array
        (
            [AccessID] => c40501c41b649443024ad7952af8906d
            [AccessPass] => bf234c0939b7a1c82980e60f4dac2edc
        )

)
 from 104.172.209.60
2023/10/04 13:59:52 [/shop/shopping/load_payment_module.php] load_payment_module.php set payment data:Array
(
    [AccessID] => c40501c41b649443024ad7952af8906d
    [AccessPass] => bf234c0939b7a1c82980e60f4dac2edc
    [OrderID] => 954182-04135952
    [Amount] => 12050
    [JobCd] => CAPTURE
    [action_status] => 1
    [pay_status] => 0
)
 from 104.172.209.60
2023/10/04 13:59:52 [/shop/shopping/load_payment_module.php] SendRequest:https://p01.mul-pay.jp/payment/ExecTran.idPass from 104.172.209.60
2023/10/04 13:59:52 [/shop/shopping/load_payment_module.php] Array
(
    [AccessID] => c40501c41b649443024ad7952af8906d
    [AccessPass] => bf234c0939b7a1c82980e60f4dac2edc
    [OrderID] => 954182-04135952
    [Method] => 1
    [Token] => 38ab1389dd292b643bd1b264824b700e616459fa32ff57af3b941a84259ec787
    [ClientField1] => 
    [ClientField2] => 
    [ClientField3] => EC-CUBE4.3.35
)
 from 104.172.209.60
2023/10/04 13:59:53 [/shop/shopping/load_payment_module.php] ACS=0&OrderID=954182-04135952&Forward=2S49631&Method=1&PayTimes=&Approve=0003947&TranID=2310041359602257210134162213&TranDate=20231004135953&CheckString=28fe731f92d19790c38c8bd46e217332 from 104.172.209.60
2023/10/04 13:59:53 [/shop/shopping/load_payment_module.php] Array
(
    [0] => Array
        (
            [ACS] => 0
            [OrderID] => 954182-04135952
            [Forward] => 2S49631
            [Method] => 1
            [PayTimes] => 
            [Approve] => 0003947
            [TranID] => 2310041359602257210134162213
            [TranDate] => 20231004135953
            [CheckString] => 28fe731f92d19790c38c8bd46e217332
        )

)
 from 104.172.209.60
2023/10/04 13:59:53 [/shop/shopping/load_payment_module.php] load_payment_module.php set payment data:Array
(
    [ACS] => 0
    [Forward] => 2S49631
    [Method] => 1
    [PayTimes] => 
    [Approve] => 0003947
    [TranID] => 2310041359602257210134162213
    [TranDate] => 20231004135953
    [CheckString] => 28fe731f92d19790c38c8bd46e217332
    [Amount] => 12050
    [JobCd] => CAPTURE
    [action_status] => 3
    [pay_status] => 13
)
 from 104.172.209.60
2023/10/04 13:59:53 [/shop/user_data/pg_mulpay_recv.php] ******* receiveer data start ******* from 210.175.7.20
2023/10/04 13:59:53 [/shop/user_data/pg_mulpay_recv.php] Array
(
    [ShopID] => 9000034600950
    [ShopPass] => **********
    [AccessID] => c40501c41b649443024ad7952af8906d
    [AccessPass] => ********************************
    [OrderID] => 954182-04135952
    [Status] => CAPTURE
    [JobCd] => CAPTURE
    [Amount] => 12050
    [Tax] => 0
    [Currency] => JPN
    [Forward] => 2S49631
    [Method] => 1
    [PayTimes] => 
    [TranID] => 2310041359602257210134162213
    [Approve] => 0003947
    [TranDate] => 20231004135953
    [ErrCode] => 
    [ErrInfo] => 
    [PayType] => 0
)
 from 210.175.7.20
2023/10/04 13:59:53 [/shop/user_data/pg_mulpay_recv.php] ******* receiveer data end ******* from 210.175.7.20
2023/10/04 13:59:58 [/shop/user_data/pg_mulpay_recv.php] update order status:1 order_id=954182 from 210.175.7.20
2023/10/04 13:59:58 [/shop/user_data/pg_mulpay_recv.php] pg_mulpay_recv.php set payment data:Array
(
    [ShopID] => 9000034600950
    [AccessID] => c40501c41b649443024ad7952af8906d
    [OrderID] => 954182-04135952
    [Status] => CAPTURE
    [JobCd] => CAPTURE
    [Amount] => 12050
    [Tax] => 0
    [Currency] => JPN
    [Forward] => 2S49631
    [Method] => 1
    [PayTimes] => 
    [TranID] => 2310041359602257210134162213
    [Approve] => 0003947
    [TranDate] => 20231004135953
    [ErrCode] => 
    [ErrInfo] => 
    [PayType] => 0
    [CvsCode] => 
    [CvsConfNo] => 
    [CvsReceiptNo] => 
    [EdyReceiptNo] => 
    [EdyOrderNo] => 
    [SuicaReceiptNo] => 
    [SuicaOrderNo] => 
    [CustID] => 
    [BkCode] => 
    [ConfNo] => 
    [PaymentTerm] => 
    [EncryptReceiptNo] => 
    [FinishDate] => 
    [ReceiptDate] => 
    [WebMoneyManagementNo] => 
    [WebMoneySettleCode] => 
    [AuPayInfoNo] => 
    [AuPayMethod] => 
    [AuCancelAmount] => 
    [AuCancelTax] => 
    [DocomoSettlementCode] => 
    [DocomoCancelAmount] => 
    [DocomoCancelTax] => 
    [pay_status] => 13
)
 from 210.175.7.20
2023/10/04 13:59:58 [/shop/user_data/pg_mulpay_recv.php] response:true from 210.175.7.20
2023/10/04 15:32:07 [/shop/shopping/load_payment_module.php] SendRequest:https://p01.mul-pay.jp/payment/EntryTran.idPass from 76.173.107.23
2023/10/04 15:32:07 [/shop/shopping/load_payment_module.php] Array
(
    [ShopID] => 9000034600950
    [ShopPass] => ******
    [OrderID] => 954183-04153207
    [JobCd] => CAPTURE
    [Amount] => 10380
    [TdFlag] => 0
    [TdTenantName] => 
)
 from 76.173.107.23
2023/10/04 15:32:07 [/shop/shopping/load_payment_module.php] AccessID=6f4f38a98cb354aca0fb918939f2ace1&AccessPass=4cc66aa02f76efa74bc75877712d8466 from 76.173.107.23
2023/10/04 15:32:07 [/shop/shopping/load_payment_module.php] Array
(
    [0] => Array
        (
            [AccessID] => 6f4f38a98cb354aca0fb918939f2ace1
            [AccessPass] => 4cc66aa02f76efa74bc75877712d8466
        )

)
 from 76.173.107.23
2023/10/04 15:32:07 [/shop/shopping/load_payment_module.php] load_payment_module.php set payment data:Array
(
    [AccessID] => 6f4f38a98cb354aca0fb918939f2ace1
    [AccessPass] => 4cc66aa02f76efa74bc75877712d8466
    [OrderID] => 954183-04153207
    [Amount] => 10380
    [JobCd] => CAPTURE
    [action_status] => 1
    [pay_status] => 0
)
 from 76.173.107.23
2023/10/04 15:32:07 [/shop/shopping/load_payment_module.php] SendRequest:https://p01.mul-pay.jp/payment/ExecTran.idPass from 76.173.107.23
2023/10/04 15:32:07 [/shop/shopping/load_payment_module.php] Array
(
    [AccessID] => 6f4f38a98cb354aca0fb918939f2ace1
    [AccessPass] => 4cc66aa02f76efa74bc75877712d8466
    [OrderID] => 954183-04153207
    [Method] => 1
    [Token] => b2c7e3b2e17e0939b010bcb75d11873ac64facd9b3d3ec8d13c5f0075373604e
    [ClientField1] => 
    [ClientField2] => 
    [ClientField3] => EC-CUBE4.3.35
)
 from 76.173.107.23
2023/10/04 15:32:08 [/shop/shopping/load_payment_module.php] ACS=0&OrderID=954183-04153207&Forward=2a99661&Method=1&PayTimes=&Approve=0243840&TranID=2310041532602257210134152206&TranDate=20231004153208&CheckString=012f44501a0684ffba0192ccf6d0cb58 from 76.173.107.23
2023/10/04 15:32:08 [/shop/shopping/load_payment_module.php] Array
(
    [0] => Array
        (
            [ACS] => 0
            [OrderID] => 954183-04153207
            [Forward] => 2a99661
            [Method] => 1
            [PayTimes] => 
            [Approve] => 0243840
            [TranID] => 2310041532602257210134152206
            [TranDate] => 20231004153208
            [CheckString] => 012f44501a0684ffba0192ccf6d0cb58
        )

)
 from 76.173.107.23
2023/10/04 15:32:08 [/shop/shopping/load_payment_module.php] load_payment_module.php set payment data:Array
(
    [ACS] => 0
    [Forward] => 2a99661
    [Method] => 1
    [PayTimes] => 
    [Approve] => 0243840
    [TranID] => 2310041532602257210134152206
    [TranDate] => 20231004153208
    [CheckString] => 012f44501a0684ffba0192ccf6d0cb58
    [Amount] => 10380
    [JobCd] => CAPTURE
    [action_status] => 3
    [pay_status] => 13
)
 from 76.173.107.23
2023/10/04 15:32:09 [/shop/user_data/pg_mulpay_recv.php] ******* receiveer data start ******* from 210.175.7.20
2023/10/04 15:32:09 [/shop/user_data/pg_mulpay_recv.php] Array
(
    [ShopID] => 9000034600950
    [ShopPass] => **********
    [AccessID] => 6f4f38a98cb354aca0fb918939f2ace1
    [AccessPass] => ********************************
    [OrderID] => 954183-04153207
    [Status] => CAPTURE
    [JobCd] => CAPTURE
    [Amount] => 10380
    [Tax] => 0
    [Currency] => JPN
    [Forward] => 2a99661
    [Method] => 1
    [PayTimes] => 
    [TranID] => 2310041532602257210134152206
    [Approve] => 0243840
    [TranDate] => 20231004153208
    [ErrCode] => 
    [ErrInfo] => 
    [PayType] => 0
)
 from 210.175.7.20
2023/10/04 15:32:09 [/shop/user_data/pg_mulpay_recv.php] ******* receiveer data end ******* from 210.175.7.20
2023/10/04 15:32:14 [/shop/user_data/pg_mulpay_recv.php] update order status:1 order_id=954183 from 210.175.7.20
2023/10/04 15:32:14 [/shop/user_data/pg_mulpay_recv.php] pg_mulpay_recv.php set payment data:Array
(
    [ShopID] => 9000034600950
    [AccessID] => 6f4f38a98cb354aca0fb918939f2ace1
    [OrderID] => 954183-04153207
    [Status] => CAPTURE
    [JobCd] => CAPTURE
    [Amount] => 10380
    [Tax] => 0
    [Currency] => JPN
    [Forward] => 2a99661
    [Method] => 1
    [PayTimes] => 
    [TranID] => 2310041532602257210134152206
    [Approve] => 0243840
    [TranDate] => 20231004153208
    [ErrCode] => 
    [ErrInfo] => 
    [PayType] => 0
    [CvsCode] => 
    [CvsConfNo] => 
    [CvsReceiptNo] => 
    [EdyReceiptNo] => 
    [EdyOrderNo] => 
    [SuicaReceiptNo] => 
    [SuicaOrderNo] => 
    [CustID] => 
    [BkCode] => 
    [ConfNo] => 
    [PaymentTerm] => 
    [EncryptReceiptNo] => 
    [FinishDate] => 
    [ReceiptDate] => 
    [WebMoneyManagementNo] => 
    [WebMoneySettleCode] => 
    [AuPayInfoNo] => 
    [AuPayMethod] => 
    [AuCancelAmount] => 
    [AuCancelTax] => 
    [DocomoSettlementCode] => 
    [DocomoCancelAmount] => 
    [DocomoCancelTax] => 
    [pay_status] => 13
)
 from 210.175.7.20
2023/10/04 15:32:14 [/shop/user_data/pg_mulpay_recv.php] response:true from 210.175.7.20
2023/10/04 16:12:45 [/shop/shopping/load_payment_module.php] SendRequest:https://p01.mul-pay.jp/payment/EntryTran.idPass from 176.72.33.101
2023/10/04 16:12:45 [/shop/shopping/load_payment_module.php] Array
(
    [ShopID] => 9000034600950
    [ShopPass] => ******
    [OrderID] => 954184-04161245
    [JobCd] => CAPTURE
    [Amount] => 20500
    [TdFlag] => 0
    [TdTenantName] => 
)
 from 176.72.33.101
2023/10/04 16:12:45 [/shop/shopping/load_payment_module.php] AccessID=8b4cd17256962c5d81251fb7959e8c7b&AccessPass=6cf0b7b4942bc0d51d7c2ea00a07a88f from 176.72.33.101
2023/10/04 16:12:45 [/shop/shopping/load_payment_module.php] Array
(
    [0] => Array
        (
            [AccessID] => 8b4cd17256962c5d81251fb7959e8c7b
            [AccessPass] => 6cf0b7b4942bc0d51d7c2ea00a07a88f
        )

)
 from 176.72.33.101
2023/10/04 16:12:45 [/shop/shopping/load_payment_module.php] load_payment_module.php set payment data:Array
(
    [AccessID] => 8b4cd17256962c5d81251fb7959e8c7b
    [AccessPass] => 6cf0b7b4942bc0d51d7c2ea00a07a88f
    [OrderID] => 954184-04161245
    [Amount] => 20500
    [JobCd] => CAPTURE
    [action_status] => 1
    [pay_status] => 0
)
 from 176.72.33.101
2023/10/04 16:12:45 [/shop/shopping/load_payment_module.php] SendRequest:https://p01.mul-pay.jp/payment/ExecTran.idPass from 176.72.33.101
2023/10/04 16:12:45 [/shop/shopping/load_payment_module.php] Array
(
    [AccessID] => 8b4cd17256962c5d81251fb7959e8c7b
    [AccessPass] => 6cf0b7b4942bc0d51d7c2ea00a07a88f
    [OrderID] => 954184-04161245
    [Method] => 1
    [Token] => 10ecb890ad9c04ddbba199e9dace87c88643a208f4a09e7a5fc482be0f16c68f
    [ClientField1] => 
    [ClientField2] => 
    [ClientField3] => EC-CUBE4.3.35
)
 from 176.72.33.101
2023/10/04 16:12:46 [/shop/shopping/load_payment_module.php] ACS=0&OrderID=954184-04161245&Forward=2959876&Method=1&PayTimes=&Approve=0974020&TranID=2310041612602257210134172136&TranDate=20231004161246&CheckString=7ed3a56728c0f955d8d93c552d5f1407 from 176.72.33.101
2023/10/04 16:12:46 [/shop/shopping/load_payment_module.php] Array
(
    [0] => Array
        (
            [ACS] => 0
            [OrderID] => 954184-04161245
            [Forward] => 2959876
            [Method] => 1
            [PayTimes] => 
            [Approve] => 0974020
            [TranID] => 2310041612602257210134172136
            [TranDate] => 20231004161246
            [CheckString] => 7ed3a56728c0f955d8d93c552d5f1407
        )

)
 from 176.72.33.101
2023/10/04 16:12:46 [/shop/shopping/load_payment_module.php] load_payment_module.php set payment data:Array
(
    [ACS] => 0
    [Forward] => 2959876
    [Method] => 1
    [PayTimes] => 
    [Approve] => 0974020
    [TranID] => 2310041612602257210134172136
    [TranDate] => 20231004161246
    [CheckString] => 7ed3a56728c0f955d8d93c552d5f1407
    [Amount] => 20500
    [JobCd] => CAPTURE
    [action_status] => 3
    [pay_status] => 13
)
 from 176.72.33.101
2023/10/04 16:12:46 [/shop/user_data/pg_mulpay_recv.php] ******* receiveer data start ******* from 210.175.7.20
2023/10/04 16:12:46 [/shop/user_data/pg_mulpay_recv.php] Array
(
    [ShopID] => 9000034600950
    [ShopPass] => **********
    [AccessID] => 8b4cd17256962c5d81251fb7959e8c7b
    [AccessPass] => ********************************
    [OrderID] => 954184-04161245
    [Status] => CAPTURE
    [JobCd] => CAPTURE
    [Amount] => 20500
    [Tax] => 0
    [Currency] => JPN
    [Forward] => 2959876
    [Method] => 1
    [PayTimes] => 
    [TranID] => 2310041612602257210134172136
    [Approve] => 0974020
    [TranDate] => 20231004161246
    [ErrCode] => 
    [ErrInfo] => 
    [PayType] => 0
)
 from 210.175.7.20
2023/10/04 16:12:46 [/shop/user_data/pg_mulpay_recv.php] ******* receiveer data end ******* from 210.175.7.20
2023/10/04 16:12:51 [/shop/user_data/pg_mulpay_recv.php] update order status:1 order_id=954184 from 210.175.7.20
2023/10/04 16:12:51 [/shop/user_data/pg_mulpay_recv.php] pg_mulpay_recv.php set payment data:Array
(
    [ShopID] => 9000034600950
    [AccessID] => 8b4cd17256962c5d81251fb7959e8c7b
    [OrderID] => 954184-04161245
    [Status] => CAPTURE
    [JobCd] => CAPTURE
    [Amount] => 20500
    [Tax] => 0
    [Currency] => JPN
    [Forward] => 2959876
    [Method] => 1
    [PayTimes] => 
    [TranID] => 2310041612602257210134172136
    [Approve] => 0974020
    [TranDate] => 20231004161246
    [ErrCode] => 
    [ErrInfo] => 
    [PayType] => 0
    [CvsCode] => 
    [CvsConfNo] => 
    [CvsReceiptNo] => 
    [EdyReceiptNo] => 
    [EdyOrderNo] => 
    [SuicaReceiptNo] => 
    [SuicaOrderNo] => 
    [CustID] => 
    [BkCode] => 
    [ConfNo] => 
    [PaymentTerm] => 
    [EncryptReceiptNo] => 
    [FinishDate] => 
    [ReceiptDate] => 
    [WebMoneyManagementNo] => 
    [WebMoneySettleCode] => 
    [AuPayInfoNo] => 
    [AuPayMethod] => 
    [AuCancelAmount] => 
    [AuCancelTax] => 
    [DocomoSettlementCode] => 
    [DocomoCancelAmount] => 
    [DocomoCancelTax] => 
    [pay_status] => 13
)
 from 210.175.7.20
2023/10/04 16:12:51 [/shop/user_data/pg_mulpay_recv.php] response:true from 210.175.7.20
2023/10/04 17:12:49 [/shop/shopping/load_payment_module.php] SendRequest:https://p01.mul-pay.jp/payment/EntryTran.idPass from 126.161.32.175
2023/10/04 17:12:49 [/shop/shopping/load_payment_module.php] Array
(
    [ShopID] => 9000034600950
    [ShopPass] => ******
    [OrderID] => 954185-04171249
    [JobCd] => CAPTURE
    [Amount] => 5850
    [TdFlag] => 0
    [TdTenantName] => 
)
 from 126.161.32.175
2023/10/04 17:12:49 [/shop/shopping/load_payment_module.php] AccessID=2664fc0246f425973644740ad9fe6c82&AccessPass=092e8ef188ac43fbd53a5aaa076ca07d from 126.161.32.175
2023/10/04 17:12:49 [/shop/shopping/load_payment_module.php] Array
(
    [0] => Array
        (
            [AccessID] => 2664fc0246f425973644740ad9fe6c82
            [AccessPass] => 092e8ef188ac43fbd53a5aaa076ca07d
        )

)
 from 126.161.32.175
2023/10/04 17:12:49 [/shop/shopping/load_payment_module.php] load_payment_module.php set payment data:Array
(
    [AccessID] => 2664fc0246f425973644740ad9fe6c82
    [AccessPass] => 092e8ef188ac43fbd53a5aaa076ca07d
    [OrderID] => 954185-04171249
    [Amount] => 5850
    [JobCd] => CAPTURE
    [action_status] => 1
    [pay_status] => 0
)
 from 126.161.32.175
2023/10/04 17:12:49 [/shop/shopping/load_payment_module.php] SendRequest:https://p01.mul-pay.jp/payment/ExecTran.idPass from 126.161.32.175
2023/10/04 17:12:49 [/shop/shopping/load_payment_module.php] Array
(
    [AccessID] => 2664fc0246f425973644740ad9fe6c82
    [AccessPass] => 092e8ef188ac43fbd53a5aaa076ca07d
    [OrderID] => 954185-04171249
    [Method] => 1
    [Token] => d4f5b3a66fa3f6f912d1531b81c1e8651e77d7229ed90cc36ce3b47cf4235f00
    [ClientField1] => 
    [ClientField2] => 
    [ClientField3] => EC-CUBE4.3.35
)
 from 126.161.32.175
2023/10/04 17:12:50 [/shop/shopping/load_payment_module.php] ACS=0&OrderID=954185-04171249&Forward=2S49631&Method=1&PayTimes=&Approve=0092217&TranID=2310041712602257210134162214&TranDate=20231004171250&CheckString=ca35aecd505780d87a60856a5371537d from 126.161.32.175
2023/10/04 17:12:50 [/shop/shopping/load_payment_module.php] Array
(
    [0] => Array
        (
            [ACS] => 0
            [OrderID] => 954185-04171249
            [Forward] => 2S49631
            [Method] => 1
            [PayTimes] => 
            [Approve] => 0092217
            [TranID] => 2310041712602257210134162214
            [TranDate] => 20231004171250
            [CheckString] => ca35aecd505780d87a60856a5371537d
        )

)
 from 126.161.32.175
2023/10/04 17:12:50 [/shop/shopping/load_payment_module.php] load_payment_module.php set payment data:Array
(
    [ACS] => 0
    [Forward] => 2S49631
    [Method] => 1
    [PayTimes] => 
    [Approve] => 0092217
    [TranID] => 2310041712602257210134162214
    [TranDate] => 20231004171250
    [CheckString] => ca35aecd505780d87a60856a5371537d
    [Amount] => 5850
    [JobCd] => CAPTURE
    [action_status] => 3
    [pay_status] => 13
)
 from 126.161.32.175
2023/10/04 17:12:50 [/shop/user_data/pg_mulpay_recv.php] ******* receiveer data start ******* from 210.175.7.20
2023/10/04 17:12:50 [/shop/user_data/pg_mulpay_recv.php] Array
(
    [ShopID] => 9000034600950
    [ShopPass] => **********
    [AccessID] => 2664fc0246f425973644740ad9fe6c82
    [AccessPass] => ********************************
    [OrderID] => 954185-04171249
    [Status] => CAPTURE
    [JobCd] => CAPTURE
    [Amount] => 5850
    [Tax] => 0
    [Currency] => JPN
    [Forward] => 2S49631
    [Method] => 1
    [PayTimes] => 
    [TranID] => 2310041712602257210134162214
    [Approve] => 0092217
    [TranDate] => 20231004171250
    [ErrCode] => 
    [ErrInfo] => 
    [PayType] => 0
)
 from 210.175.7.20
2023/10/04 17:12:50 [/shop/user_data/pg_mulpay_recv.php] ******* receiveer data end ******* from 210.175.7.20
2023/10/04 17:12:55 [/shop/user_data/pg_mulpay_recv.php] update order status:1 order_id=954185 from 210.175.7.20
2023/10/04 17:12:55 [/shop/user_data/pg_mulpay_recv.php] pg_mulpay_recv.php set payment data:Array
(
    [ShopID] => 9000034600950
    [AccessID] => 2664fc0246f425973644740ad9fe6c82
    [OrderID] => 954185-04171249
    [Status] => CAPTURE
    [JobCd] => CAPTURE
    [Amount] => 5850
    [Tax] => 0
    [Currency] => JPN
    [Forward] => 2S49631
    [Method] => 1
    [PayTimes] => 
    [TranID] => 2310041712602257210134162214
    [Approve] => 0092217
    [TranDate] => 20231004171250
    [ErrCode] => 
    [ErrInfo] => 
    [PayType] => 0
    [CvsCode] => 
    [CvsConfNo] => 
    [CvsReceiptNo] => 
    [EdyReceiptNo] => 
    [EdyOrderNo] => 
    [SuicaReceiptNo] => 
    [SuicaOrderNo] => 
    [CustID] => 
    [BkCode] => 
    [ConfNo] => 
    [PaymentTerm] => 
    [EncryptReceiptNo] => 
    [FinishDate] => 
    [ReceiptDate] => 
    [WebMoneyManagementNo] => 
    [WebMoneySettleCode] => 
    [AuPayInfoNo] => 
    [AuPayMethod] => 
    [AuCancelAmount] => 
    [AuCancelTax] => 
    [DocomoSettlementCode] => 
    [DocomoCancelAmount] => 
    [DocomoCancelTax] => 
    [pay_status] => 13
)
 from 210.175.7.20
2023/10/04 17:12:55 [/shop/user_data/pg_mulpay_recv.php] response:true from 210.175.7.20
2023/10/04 18:06:11 [/shop/master/order/edit.php] SendRequest:https://p01.mul-pay.jp/payment/AlterTran.idPass from 114.160.216.147
2023/10/04 18:06:11 [/shop/master/order/edit.php] Array
(
    [ShopID] => 9000034600950
    [ShopPass] => ******
    [AccessID] => 9fedb8b24baf97411d4e39b917f87280
    [AccessPass] => 91eea0b0539770a2437a65190f72f9da
    [JobCd] => RETURN
)
 from 114.160.216.147
2023/10/04 18:06:12 [/shop/master/order/edit.php] AccessID=9fedb8b24baf97411d4e39b917f87280&AccessPass=91eea0b0539770a2437a65190f72f9da&Forward=2S49631&Approve=0015976&TranID=2310041806602257210134182197&TranDate=20231004180612 from 114.160.216.147
2023/10/04 18:06:12 [/shop/master/order/edit.php] Array
(
    [0] => Array
        (
            [AccessID] => 9fedb8b24baf97411d4e39b917f87280
            [AccessPass] => 91eea0b0539770a2437a65190f72f9da
            [Forward] => 2S49631
            [Approve] => 0015976
            [TranID] => 2310041806602257210134182197
            [TranDate] => 20231004180612
        )

)
 from 114.160.216.147
2023/10/04 18:06:12 [/shop/master/order/edit.php] edit.php set payment data:Array
(
    [AccessID] => 9fedb8b24baf97411d4e39b917f87280
    [AccessPass] => 91eea0b0539770a2437a65190f72f9da
    [Forward] => 2S49631
    [Approve] => 0015976
    [TranID] => 2310041806602257210134182197
    [TranDate] => 20231004180612
    [JobCd] => RETURN
    [action_status] => 6
    [pay_status] => 15
)
 from 114.160.216.147
2023/10/04 18:06:12 [/shop/user_data/pg_mulpay_recv.php] ******* receiveer data start ******* from 210.175.7.20
2023/10/04 18:06:12 [/shop/user_data/pg_mulpay_recv.php] Array
(
    [ShopID] => 9000034600950
    [ShopPass] => **********
    [AccessID] => 9fedb8b24baf97411d4e39b917f87280
    [AccessPass] => ********************************
    [OrderID] => 954131-01225116
    [Status] => RETURN
    [JobCd] => RETURN
    [Amount] => 1604
    [Tax] => 0
    [Currency] => JPN
    [Forward] => 2S49631
    [Method] => 1
    [PayTimes] => 
    [TranID] => 2310041806602257210134182197
    [Approve] => 0015976
    [TranDate] => 20231004180612
    [ErrCode] => 
    [ErrInfo] => 
    [PayType] => 0
)
 from 210.175.7.20
2023/10/04 18:06:12 [/shop/user_data/pg_mulpay_recv.php] ******* receiveer data end ******* from 210.175.7.20
2023/10/04 18:06:12 [/shop/user_data/pg_mulpay_recv.php] pg_mulpay_recv.php set payment data:Array
(
    [ShopID] => 9000034600950
    [AccessID] => 9fedb8b24baf97411d4e39b917f87280
    [OrderID] => 954131-01225116
    [Status] => RETURN
    [JobCd] => RETURN
    [Amount] => 1604
    [Tax] => 0
    [Currency] => JPN
    [Forward] => 2S49631
    [Method] => 1
    [PayTimes] => 
    [TranID] => 2310041806602257210134182197
    [Approve] => 0015976
    [TranDate] => 20231004180612
    [ErrCode] => 
    [ErrInfo] => 
    [PayType] => 0
    [CvsCode] => 
    [CvsConfNo] => 
    [CvsReceiptNo] => 
    [EdyReceiptNo] => 
    [EdyOrderNo] => 
    [SuicaReceiptNo] => 
    [SuicaOrderNo] => 
    [CustID] => 
    [BkCode] => 
    [ConfNo] => 
    [PaymentTerm] => 
    [EncryptReceiptNo] => 
    [FinishDate] => 
    [ReceiptDate] => 
    [WebMoneyManagementNo] => 
    [WebMoneySettleCode] => 
    [AuPayInfoNo] => 
    [AuPayMethod] => 
    [AuCancelAmount] => 
    [AuCancelTax] => 
    [DocomoSettlementCode] => 
    [DocomoCancelAmount] => 
    [DocomoCancelTax] => 
    [pay_status] => 15
)
 from 210.175.7.20
2023/10/04 18:06:12 [/shop/user_data/pg_mulpay_recv.php] response:true from 210.175.7.20
2023/10/04 21:05:27 [/shop/shopping/load_payment_module.php] SendRequest:https://p01.mul-pay.jp/payment/SearchMember.idPass from 103.5.6.244
2023/10/04 21:05:27 [/shop/shopping/load_payment_module.php] Array
(
    [SiteID] => mst0000007602
    [SitePass] => ******
    [MemberID] => 12169
)
 from 103.5.6.244
2023/10/04 21:05:27 [/shop/shopping/load_payment_module.php] ErrCode=E01&ErrInfo=E01390002 from 103.5.6.244
2023/10/04 21:05:27 [/shop/shopping/load_payment_module.php] Array
(
    [0] => Array
        (
            [ErrCode] => E01
            [ErrInfo] => E01390002
        )

)
 from 103.5.6.244
2023/10/04 21:05:27 [/shop/shopping/load_payment_module.php] SendRequest:https://p01.mul-pay.jp/payment/SearchCard.idPass from 103.5.6.244
2023/10/04 21:05:27 [/shop/shopping/load_payment_module.php] Array
(
    [SiteID] => mst0000007602
    [SitePass] => ******
    [MemberID] => 12169
)
 from 103.5.6.244
2023/10/04 21:05:27 [/shop/shopping/load_payment_module.php] ErrCode=E01|E01&ErrInfo=E01390002|E01240002 from 103.5.6.244
2023/10/04 21:05:27 [/shop/shopping/load_payment_module.php] Array
(
    [0] => Array
        (
            [ErrCode] => E01
            [ErrInfo] => E01390002
        )

    [1] => Array
        (
            [ErrCode] => E01
            [ErrInfo] => E01240002
        )

)
 from 103.5.6.244
2023/10/04 21:06:28 [/shop/shopping/load_payment_module.php] SendRequest:https://p01.mul-pay.jp/payment/SearchMember.idPass from 103.5.6.244
2023/10/04 21:06:28 [/shop/shopping/load_payment_module.php] Array
(
    [SiteID] => mst0000007602
    [SitePass] => ******
    [MemberID] => 12169
)
 from 103.5.6.244
2023/10/04 21:06:28 [/shop/shopping/load_payment_module.php] ErrCode=E01&ErrInfo=E01390002 from 103.5.6.244
2023/10/04 21:06:28 [/shop/shopping/load_payment_module.php] Array
(
    [0] => Array
        (
            [ErrCode] => E01
            [ErrInfo] => E01390002
        )

)
 from 103.5.6.244
2023/10/04 21:06:28 [/shop/shopping/load_payment_module.php] SendRequest:https://p01.mul-pay.jp/payment/SearchCard.idPass from 103.5.6.244
2023/10/04 21:06:28 [/shop/shopping/load_payment_module.php] Array
(
    [SiteID] => mst0000007602
    [SitePass] => ******
    [MemberID] => 12169
)
 from 103.5.6.244
2023/10/04 21:06:28 [/shop/shopping/load_payment_module.php] ErrCode=E01|E01&ErrInfo=E01390002|E01240002 from 103.5.6.244
2023/10/04 21:06:28 [/shop/shopping/load_payment_module.php] Array
(
    [0] => Array
        (
            [ErrCode] => E01
            [ErrInfo] => E01390002
        )

    [1] => Array
        (
            [ErrCode] => E01
            [ErrInfo] => E01240002
        )

)
 from 103.5.6.244
2023/10/04 21:06:28 [/shop/shopping/load_payment_module.php] SendRequest:https://p01.mul-pay.jp/payment/EntryTran.idPass from 103.5.6.244
2023/10/04 21:06:28 [/shop/shopping/load_payment_module.php] Array
(
    [ShopID] => 9000034600950
    [ShopPass] => ******
    [OrderID] => 954186-04210628
    [JobCd] => CAPTURE
    [Amount] => 5610
    [TdFlag] => 0
    [TdTenantName] => 
)
 from 103.5.6.244
2023/10/04 21:06:28 [/shop/shopping/load_payment_module.php] AccessID=c7930c3bbe0b019dab22c09b27203a72&AccessPass=f0ddbc2b24423cbdf06f0ac0c20849c4 from 103.5.6.244
2023/10/04 21:06:28 [/shop/shopping/load_payment_module.php] Array
(
    [0] => Array
        (
            [AccessID] => c7930c3bbe0b019dab22c09b27203a72
            [AccessPass] => f0ddbc2b24423cbdf06f0ac0c20849c4
        )

)
 from 103.5.6.244
2023/10/04 21:06:28 [/shop/shopping/load_payment_module.php] load_payment_module.php set payment data:Array
(
    [AccessID] => c7930c3bbe0b019dab22c09b27203a72
    [AccessPass] => f0ddbc2b24423cbdf06f0ac0c20849c4
    [OrderID] => 954186-04210628
    [Amount] => 5610
    [JobCd] => CAPTURE
    [action_status] => 1
    [pay_status] => 0
)
 from 103.5.6.244
2023/10/04 21:06:28 [/shop/shopping/load_payment_module.php] SendRequest:https://p01.mul-pay.jp/payment/ExecTran.idPass from 103.5.6.244
2023/10/04 21:06:28 [/shop/shopping/load_payment_module.php] Array
(
    [AccessID] => c7930c3bbe0b019dab22c09b27203a72
    [AccessPass] => f0ddbc2b24423cbdf06f0ac0c20849c4
    [OrderID] => 954186-04210628
    [Method] => 1
    [Token] => a70341b73a4dfa4d6247e91eea369e9862ad3c29a39c309c4df7013f37e0eb69
    [ClientField1] => 
    [ClientField2] => 
    [ClientField3] => EC-CUBE4.3.35
)
 from 103.5.6.244
2023/10/04 21:06:29 [/shop/shopping/load_payment_module.php] ACS=0&OrderID=954186-04210628&Forward=2959876&Method=1&PayTimes=&Approve=0894350&TranID=2310042106602257210134182198&TranDate=20231004210629&CheckString=21267e9400fa43253afc730cb73b85f8 from 103.5.6.244
2023/10/04 21:06:29 [/shop/shopping/load_payment_module.php] Array
(
    [0] => Array
        (
            [ACS] => 0
            [OrderID] => 954186-04210628
            [Forward] => 2959876
            [Method] => 1
            [PayTimes] => 
            [Approve] => 0894350
            [TranID] => 2310042106602257210134182198
            [TranDate] => 20231004210629
            [CheckString] => 21267e9400fa43253afc730cb73b85f8
        )

)
 from 103.5.6.244
2023/10/04 21:06:29 [/shop/shopping/load_payment_module.php] load_payment_module.php set payment data:Array
(
    [ACS] => 0
    [Forward] => 2959876
    [Method] => 1
    [PayTimes] => 
    [Approve] => 0894350
    [TranID] => 2310042106602257210134182198
    [TranDate] => 20231004210629
    [CheckString] => 21267e9400fa43253afc730cb73b85f8
    [Amount] => 5610
    [JobCd] => CAPTURE
    [action_status] => 3
    [pay_status] => 13
)
 from 103.5.6.244
2023/10/04 21:06:29 [/shop/user_data/pg_mulpay_recv.php] ******* receiveer data start ******* from 210.175.7.20
2023/10/04 21:06:29 [/shop/user_data/pg_mulpay_recv.php] Array
(
    [ShopID] => 9000034600950
    [ShopPass] => **********
    [AccessID] => c7930c3bbe0b019dab22c09b27203a72
    [AccessPass] => ********************************
    [OrderID] => 954186-04210628
    [Status] => CAPTURE
    [JobCd] => CAPTURE
    [Amount] => 5610
    [Tax] => 0
    [Currency] => JPN
    [Forward] => 2959876
    [Method] => 1
    [PayTimes] => 
    [TranID] => 2310042106602257210134182198
    [Approve] => 0894350
    [TranDate] => 20231004210629
    [ErrCode] => 
    [ErrInfo] => 
    [PayType] => 0
)
 from 210.175.7.20
2023/10/04 21:06:29 [/shop/user_data/pg_mulpay_recv.php] ******* receiveer data end ******* from 210.175.7.20
2023/10/04 21:06:34 [/shop/user_data/pg_mulpay_recv.php] update order status:1 order_id=954186 from 210.175.7.20
2023/10/04 21:06:34 [/shop/user_data/pg_mulpay_recv.php] pg_mulpay_recv.php set payment data:Array
(
    [ShopID] => 9000034600950
    [AccessID] => c7930c3bbe0b019dab22c09b27203a72
    [OrderID] => 954186-04210628
    [Status] => CAPTURE
    [JobCd] => CAPTURE
    [Amount] => 5610
    [Tax] => 0
    [Currency] => JPN
    [Forward] => 2959876
    [Method] => 1
    [PayTimes] => 
    [TranID] => 2310042106602257210134182198
    [Approve] => 0894350
    [TranDate] => 20231004210629
    [ErrCode] => 
    [ErrInfo] => 
    [PayType] => 0
    [CvsCode] => 
    [CvsConfNo] => 
    [CvsReceiptNo] => 
    [EdyReceiptNo] => 
    [EdyOrderNo] => 
    [SuicaReceiptNo] => 
    [SuicaOrderNo] => 
    [CustID] => 
    [BkCode] => 
    [ConfNo] => 
    [PaymentTerm] => 
    [EncryptReceiptNo] => 
    [FinishDate] => 
    [ReceiptDate] => 
    [WebMoneyManagementNo] => 
    [WebMoneySettleCode] => 
    [AuPayInfoNo] => 
    [AuPayMethod] => 
    [AuCancelAmount] => 
    [AuCancelTax] => 
    [DocomoSettlementCode] => 
    [DocomoCancelAmount] => 
    [DocomoCancelTax] => 
    [pay_status] => 13
)
 from 210.175.7.20
2023/10/04 21:06:34 [/shop/user_data/pg_mulpay_recv.php] response:true from 210.175.7.20
