2020/09/10 05:51:09 [/shop/shopping/load_payment_module.php] SendRequest:https://p01.mul-pay.jp/payment/SearchMember.idPass from 93.230.99.227
2020/09/10 05:51:09 [/shop/shopping/load_payment_module.php] Array
(
    [SiteID] => mst0000007602
    [SitePass] => ******
    [MemberID] => 10160
)
 from 93.230.99.227
2020/09/10 05:51:09 [/shop/shopping/load_payment_module.php] ErrCode=E01&ErrInfo=E01390002 from 93.230.99.227
2020/09/10 05:51:09 [/shop/shopping/load_payment_module.php] Array
(
    [0] => Array
        (
            [ErrCode] => E01
            [ErrInfo] => E01390002
        )

)
 from 93.230.99.227
2020/09/10 05:51:09 [/shop/shopping/load_payment_module.php] SendRequest:https://p01.mul-pay.jp/payment/SearchCard.idPass from 93.230.99.227
2020/09/10 05:51:09 [/shop/shopping/load_payment_module.php] Array
(
    [SiteID] => mst0000007602
    [SitePass] => ******
    [MemberID] => 10160
)
 from 93.230.99.227
2020/09/10 05:51:09 [/shop/shopping/load_payment_module.php] ErrCode=E01|E01&ErrInfo=E01390002|E01240002 from 93.230.99.227
2020/09/10 05:51:09 [/shop/shopping/load_payment_module.php] Array
(
    [0] => Array
        (
            [ErrCode] => E01
            [ErrInfo] => E01390002
        )

    [1] => Array
        (
            [ErrCode] => E01
            [ErrInfo] => E01240002
        )

)
 from 93.230.99.227
2020/09/10 05:52:52 [/shop/shopping/load_payment_module.php] SendRequest:https://p01.mul-pay.jp/payment/SearchMember.idPass from 93.230.99.227
2020/09/10 05:52:52 [/shop/shopping/load_payment_module.php] Array
(
    [SiteID] => mst0000007602
    [SitePass] => ******
    [MemberID] => 10160
)
 from 93.230.99.227
2020/09/10 05:52:52 [/shop/shopping/load_payment_module.php] ErrCode=E01&ErrInfo=E01390002 from 93.230.99.227
2020/09/10 05:52:52 [/shop/shopping/load_payment_module.php] Array
(
    [0] => Array
        (
            [ErrCode] => E01
            [ErrInfo] => E01390002
        )

)
 from 93.230.99.227
2020/09/10 05:52:52 [/shop/shopping/load_payment_module.php] SendRequest:https://p01.mul-pay.jp/payment/SearchCard.idPass from 93.230.99.227
2020/09/10 05:52:52 [/shop/shopping/load_payment_module.php] Array
(
    [SiteID] => mst0000007602
    [SitePass] => ******
    [MemberID] => 10160
)
 from 93.230.99.227
2020/09/10 05:52:52 [/shop/shopping/load_payment_module.php] ErrCode=E01|E01&ErrInfo=E01390002|E01240002 from 93.230.99.227
2020/09/10 05:52:52 [/shop/shopping/load_payment_module.php] Array
(
    [0] => Array
        (
            [ErrCode] => E01
            [ErrInfo] => E01390002
        )

    [1] => Array
        (
            [ErrCode] => E01
            [ErrInfo] => E01240002
        )

)
 from 93.230.99.227
2020/09/10 05:52:52 [/shop/shopping/load_payment_module.php] SendRequest:https://p01.mul-pay.jp/payment/EntryTran.idPass from 93.230.99.227
2020/09/10 05:52:52 [/shop/shopping/load_payment_module.php] Array
(
    [ShopID] => 9000034600950
    [ShopPass] => ******
    [OrderID] => 944597-10055252
    [JobCd] => CAPTURE
    [Amount] => 8250
    [TdFlag] => 0
    [TdTenantName] => 
)
 from 93.230.99.227
2020/09/10 05:52:52 [/shop/shopping/load_payment_module.php] AccessID=ef66aff8988c00b0dd3ca121db3d06a8&AccessPass=973131c76f2f1c8307174e6f6bfdb161 from 93.230.99.227
2020/09/10 05:52:52 [/shop/shopping/load_payment_module.php] Array
(
    [0] => Array
        (
            [AccessID] => ef66aff8988c00b0dd3ca121db3d06a8
            [AccessPass] => 973131c76f2f1c8307174e6f6bfdb161
        )

)
 from 93.230.99.227
2020/09/10 05:52:52 [/shop/shopping/load_payment_module.php] load_payment_module.php set payment data:Array
(
    [AccessID] => ef66aff8988c00b0dd3ca121db3d06a8
    [AccessPass] => 973131c76f2f1c8307174e6f6bfdb161
    [OrderID] => 944597-10055252
    [Amount] => 8250
    [JobCd] => CAPTURE
    [action_status] => 1
    [pay_status] => 0
)
 from 93.230.99.227
2020/09/10 05:52:52 [/shop/shopping/load_payment_module.php] SendRequest:https://p01.mul-pay.jp/payment/ExecTran.idPass from 93.230.99.227
2020/09/10 05:52:52 [/shop/shopping/load_payment_module.php] Array
(
    [AccessID] => ef66aff8988c00b0dd3ca121db3d06a8
    [AccessPass] => 973131c76f2f1c8307174e6f6bfdb161
    [OrderID] => 944597-10055252
    [Method] => 1
    [Token] => 43033064da05deed87a4e0dc4fdbc0d1f50bb3b9a32cb9424dccb68e6257ecd0
    [ClientField1] => 
    [ClientField2] => 
    [ClientField3] => EC-CUBE4.3.24
)
 from 93.230.99.227
2020/09/10 05:52:53 [/shop/shopping/load_payment_module.php] ACS=0&OrderID=944597-10055252&Forward=2S49631&Method=1&PayTimes=&Approve=0313188&TranID=2009100552602257210134133263&TranDate=20200910055253&CheckString=e576a0657e1a4ed37ef9dc9f8f530ad7 from 93.230.99.227
2020/09/10 05:52:53 [/shop/shopping/load_payment_module.php] Array
(
    [0] => Array
        (
            [ACS] => 0
            [OrderID] => 944597-10055252
            [Forward] => 2S49631
            [Method] => 1
            [PayTimes] => 
            [Approve] => 0313188
            [TranID] => 2009100552602257210134133263
            [TranDate] => 20200910055253
            [CheckString] => e576a0657e1a4ed37ef9dc9f8f530ad7
        )

)
 from 93.230.99.227
2020/09/10 05:52:53 [/shop/shopping/load_payment_module.php] load_payment_module.php set payment data:Array
(
    [ACS] => 0
    [Forward] => 2S49631
    [Method] => 1
    [PayTimes] => 
    [Approve] => 0313188
    [TranID] => 2009100552602257210134133263
    [TranDate] => 20200910055253
    [CheckString] => e576a0657e1a4ed37ef9dc9f8f530ad7
    [Amount] => 8250
    [JobCd] => CAPTURE
    [action_status] => 3
    [pay_status] => 13
)
 from 93.230.99.227
2020/09/10 05:52:54 [/shop/user_data/pg_mulpay_recv.php] ******* receiveer data start ******* from 210.175.7.20
2020/09/10 05:52:54 [/shop/user_data/pg_mulpay_recv.php] Array
(
    [ShopID] => 9000034600950
    [ShopPass] => **********
    [AccessID] => ef66aff8988c00b0dd3ca121db3d06a8
    [AccessPass] => ********************************
    [OrderID] => 944597-10055252
    [Status] => CAPTURE
    [JobCd] => CAPTURE
    [Amount] => 8250
    [Tax] => 0
    [Currency] => JPN
    [Forward] => 2S49631
    [Method] => 1
    [PayTimes] => 
    [TranID] => 2009100552602257210134133263
    [Approve] => 0313188
    [TranDate] => 20200910055253
    [ErrCode] => 
    [ErrInfo] => 
    [PayType] => 0
)
 from 210.175.7.20
2020/09/10 05:52:54 [/shop/user_data/pg_mulpay_recv.php] ******* receiveer data end ******* from 210.175.7.20
2020/09/10 05:52:59 [/shop/user_data/pg_mulpay_recv.php] update order status:1 order_id=944597 from 210.175.7.20
2020/09/10 05:52:59 [/shop/user_data/pg_mulpay_recv.php] pg_mulpay_recv.php set payment data:Array
(
    [ShopID] => 9000034600950
    [AccessID] => ef66aff8988c00b0dd3ca121db3d06a8
    [OrderID] => 944597-10055252
    [Status] => CAPTURE
    [JobCd] => CAPTURE
    [Amount] => 8250
    [Tax] => 0
    [Currency] => JPN
    [Forward] => 2S49631
    [Method] => 1
    [PayTimes] => 
    [TranID] => 2009100552602257210134133263
    [Approve] => 0313188
    [TranDate] => 20200910055253
    [ErrCode] => 
    [ErrInfo] => 
    [PayType] => 0
    [CvsCode] => 
    [CvsConfNo] => 
    [CvsReceiptNo] => 
    [EdyReceiptNo] => 
    [EdyOrderNo] => 
    [SuicaReceiptNo] => 
    [SuicaOrderNo] => 
    [CustID] => 
    [BkCode] => 
    [ConfNo] => 
    [PaymentTerm] => 
    [EncryptReceiptNo] => 
    [FinishDate] => 
    [ReceiptDate] => 
    [WebMoneyManagementNo] => 
    [WebMoneySettleCode] => 
    [AuPayInfoNo] => 
    [AuPayMethod] => 
    [AuCancelAmount] => 
    [AuCancelTax] => 
    [DocomoSettlementCode] => 
    [DocomoCancelAmount] => 
    [DocomoCancelTax] => 
    [pay_status] => 13
)
 from 210.175.7.20
2020/09/10 05:52:59 [/shop/user_data/pg_mulpay_recv.php] response:true from 210.175.7.20
2020/09/10 12:45:40 [/shop/shopping/load_payment_module.php] SendRequest:https://p01.mul-pay.jp/payment/SearchMember.idPass from 92.203.98.82
2020/09/10 12:45:40 [/shop/shopping/load_payment_module.php] Array
(
    [SiteID] => mst0000007602
    [SitePass] => ******
    [MemberID] => 3060
)
 from 92.203.98.82
2020/09/10 12:45:40 [/shop/shopping/load_payment_module.php] ErrCode=E01&ErrInfo=E01390002 from 92.203.98.82
2020/09/10 12:45:40 [/shop/shopping/load_payment_module.php] Array
(
    [0] => Array
        (
            [ErrCode] => E01
            [ErrInfo] => E01390002
        )

)
 from 92.203.98.82
2020/09/10 12:45:40 [/shop/shopping/load_payment_module.php] SendRequest:https://p01.mul-pay.jp/payment/SearchCard.idPass from 92.203.98.82
2020/09/10 12:45:40 [/shop/shopping/load_payment_module.php] Array
(
    [SiteID] => mst0000007602
    [SitePass] => ******
    [MemberID] => 3060
)
 from 92.203.98.82
2020/09/10 12:45:41 [/shop/shopping/load_payment_module.php] ErrCode=E01|E01&ErrInfo=E01390002|E01240002 from 92.203.98.82
2020/09/10 12:45:41 [/shop/shopping/load_payment_module.php] Array
(
    [0] => Array
        (
            [ErrCode] => E01
            [ErrInfo] => E01390002
        )

    [1] => Array
        (
            [ErrCode] => E01
            [ErrInfo] => E01240002
        )

)
 from 92.203.98.82
2020/09/10 12:47:30 [/shop/shopping/load_payment_module.php] SendRequest:https://p01.mul-pay.jp/payment/SearchMember.idPass from 92.203.98.82
2020/09/10 12:47:30 [/shop/shopping/load_payment_module.php] Array
(
    [SiteID] => mst0000007602
    [SitePass] => ******
    [MemberID] => 3060
)
 from 92.203.98.82
2020/09/10 12:47:31 [/shop/shopping/load_payment_module.php] ErrCode=E01&ErrInfo=E01390002 from 92.203.98.82
2020/09/10 12:47:31 [/shop/shopping/load_payment_module.php] Array
(
    [0] => Array
        (
            [ErrCode] => E01
            [ErrInfo] => E01390002
        )

)
 from 92.203.98.82
2020/09/10 12:47:31 [/shop/shopping/load_payment_module.php] SendRequest:https://p01.mul-pay.jp/payment/SearchCard.idPass from 92.203.98.82
2020/09/10 12:47:31 [/shop/shopping/load_payment_module.php] Array
(
    [SiteID] => mst0000007602
    [SitePass] => ******
    [MemberID] => 3060
)
 from 92.203.98.82
2020/09/10 12:47:31 [/shop/shopping/load_payment_module.php] ErrCode=E01|E01&ErrInfo=E01390002|E01240002 from 92.203.98.82
2020/09/10 12:47:31 [/shop/shopping/load_payment_module.php] Array
(
    [0] => Array
        (
            [ErrCode] => E01
            [ErrInfo] => E01390002
        )

    [1] => Array
        (
            [ErrCode] => E01
            [ErrInfo] => E01240002
        )

)
 from 92.203.98.82
2020/09/10 12:47:31 [/shop/shopping/load_payment_module.php] SendRequest:https://p01.mul-pay.jp/payment/EntryTran.idPass from 92.203.98.82
2020/09/10 12:47:31 [/shop/shopping/load_payment_module.php] Array
(
    [ShopID] => 9000034600950
    [ShopPass] => ******
    [OrderID] => 944598-10124731
    [JobCd] => CAPTURE
    [Amount] => 18861
    [TdFlag] => 0
    [TdTenantName] => 
)
 from 92.203.98.82
2020/09/10 12:47:31 [/shop/shopping/load_payment_module.php] AccessID=1cfaddc8bf2887943774ebc4c48232cd&AccessPass=15ef5415183ec51c3ac57e62127cd9c3 from 92.203.98.82
2020/09/10 12:47:31 [/shop/shopping/load_payment_module.php] Array
(
    [0] => Array
        (
            [AccessID] => 1cfaddc8bf2887943774ebc4c48232cd
            [AccessPass] => 15ef5415183ec51c3ac57e62127cd9c3
        )

)
 from 92.203.98.82
2020/09/10 12:47:31 [/shop/shopping/load_payment_module.php] load_payment_module.php set payment data:Array
(
    [AccessID] => 1cfaddc8bf2887943774ebc4c48232cd
    [AccessPass] => 15ef5415183ec51c3ac57e62127cd9c3
    [OrderID] => 944598-10124731
    [Amount] => 18861
    [JobCd] => CAPTURE
    [action_status] => 1
    [pay_status] => 0
)
 from 92.203.98.82
2020/09/10 12:47:31 [/shop/shopping/load_payment_module.php] SendRequest:https://p01.mul-pay.jp/payment/ExecTran.idPass from 92.203.98.82
2020/09/10 12:47:31 [/shop/shopping/load_payment_module.php] Array
(
    [AccessID] => 1cfaddc8bf2887943774ebc4c48232cd
    [AccessPass] => 15ef5415183ec51c3ac57e62127cd9c3
    [OrderID] => 944598-10124731
    [Method] => 1
    [Token] => 52d4196c72b26a9e2f92b7b273f022657c61d10bb6a3a97d7ea68f72ead1ca1e
    [ClientField1] => 
    [ClientField2] => 
    [ClientField3] => EC-CUBE4.3.24
)
 from 92.203.98.82
2020/09/10 12:47:33 [/shop/shopping/load_payment_module.php] ACS=0&OrderID=944598-10124731&Forward=2S49631&Method=1&PayTimes=&Approve=0004041&TranID=2009101247602257210134123607&TranDate=20200910124733&CheckString=b043cbf159a776b2450af614552174e8 from 92.203.98.82
2020/09/10 12:47:33 [/shop/shopping/load_payment_module.php] Array
(
    [0] => Array
        (
            [ACS] => 0
            [OrderID] => 944598-10124731
            [Forward] => 2S49631
            [Method] => 1
            [PayTimes] => 
            [Approve] => 0004041
            [TranID] => 2009101247602257210134123607
            [TranDate] => 20200910124733
            [CheckString] => b043cbf159a776b2450af614552174e8
        )

)
 from 92.203.98.82
2020/09/10 12:47:33 [/shop/shopping/load_payment_module.php] load_payment_module.php set payment data:Array
(
    [ACS] => 0
    [Forward] => 2S49631
    [Method] => 1
    [PayTimes] => 
    [Approve] => 0004041
    [TranID] => 2009101247602257210134123607
    [TranDate] => 20200910124733
    [CheckString] => b043cbf159a776b2450af614552174e8
    [Amount] => 18861
    [JobCd] => CAPTURE
    [action_status] => 3
    [pay_status] => 13
)
 from 92.203.98.82
2020/09/10 12:47:33 [/shop/user_data/pg_mulpay_recv.php] ******* receiveer data start ******* from 210.175.7.20
2020/09/10 12:47:33 [/shop/user_data/pg_mulpay_recv.php] Array
(
    [ShopID] => 9000034600950
    [ShopPass] => **********
    [AccessID] => 1cfaddc8bf2887943774ebc4c48232cd
    [AccessPass] => ********************************
    [OrderID] => 944598-10124731
    [Status] => CAPTURE
    [JobCd] => CAPTURE
    [Amount] => 18861
    [Tax] => 0
    [Currency] => JPN
    [Forward] => 2S49631
    [Method] => 1
    [PayTimes] => 
    [TranID] => 2009101247602257210134123607
    [Approve] => 0004041
    [TranDate] => 20200910124733
    [ErrCode] => 
    [ErrInfo] => 
    [PayType] => 0
)
 from 210.175.7.20
2020/09/10 12:47:33 [/shop/user_data/pg_mulpay_recv.php] ******* receiveer data end ******* from 210.175.7.20
2020/09/10 12:47:38 [/shop/user_data/pg_mulpay_recv.php] update order status:1 order_id=944598 from 210.175.7.20
2020/09/10 12:47:38 [/shop/user_data/pg_mulpay_recv.php] pg_mulpay_recv.php set payment data:Array
(
    [ShopID] => 9000034600950
    [AccessID] => 1cfaddc8bf2887943774ebc4c48232cd
    [OrderID] => 944598-10124731
    [Status] => CAPTURE
    [JobCd] => CAPTURE
    [Amount] => 18861
    [Tax] => 0
    [Currency] => JPN
    [Forward] => 2S49631
    [Method] => 1
    [PayTimes] => 
    [TranID] => 2009101247602257210134123607
    [Approve] => 0004041
    [TranDate] => 20200910124733
    [ErrCode] => 
    [ErrInfo] => 
    [PayType] => 0
    [CvsCode] => 
    [CvsConfNo] => 
    [CvsReceiptNo] => 
    [EdyReceiptNo] => 
    [EdyOrderNo] => 
    [SuicaReceiptNo] => 
    [SuicaOrderNo] => 
    [CustID] => 
    [BkCode] => 
    [ConfNo] => 
    [PaymentTerm] => 
    [EncryptReceiptNo] => 
    [FinishDate] => 
    [ReceiptDate] => 
    [WebMoneyManagementNo] => 
    [WebMoneySettleCode] => 
    [AuPayInfoNo] => 
    [AuPayMethod] => 
    [AuCancelAmount] => 
    [AuCancelTax] => 
    [DocomoSettlementCode] => 
    [DocomoCancelAmount] => 
    [DocomoCancelTax] => 
    [pay_status] => 13
)
 from 210.175.7.20
2020/09/10 12:47:38 [/shop/user_data/pg_mulpay_recv.php] response:true from 210.175.7.20
2020/09/10 18:13:37 [/shop/master/order/edit.php] edit.php set payment data:Array
(
    [no_update_status_flg] => 1
)
 from 114.160.216.147
2020/09/10 18:13:37 [/shop/master/order/edit.php] SendRequest:https://p01.mul-pay.jp/payment/ChangeTran.idPass from 114.160.216.147
2020/09/10 18:13:37 [/shop/master/order/edit.php] Array
(
    [ShopID] => 9000034600950
    [ShopPass] => ******
    [AccessID] => 2ee3d30a550526037aa5cc4daba313d9
    [AccessPass] => 31ee988c80fdd40c95378bf68a5c8cd0
    [JobCd] => CAPTURE
    [Amount] => 2660
)
 from 114.160.216.147
2020/09/10 18:13:39 [/shop/master/order/edit.php] AccessID=2ee3d30a550526037aa5cc4daba313d9&AccessPass=31ee988c80fdd40c95378bf68a5c8cd0&Forward=2959876&Approve=0480072&TranID=2009101813602257210134133264&TranDate=20200910181339 from 114.160.216.147
2020/09/10 18:13:39 [/shop/master/order/edit.php] Array
(
    [0] => Array
        (
            [AccessID] => 2ee3d30a550526037aa5cc4daba313d9
            [AccessPass] => 31ee988c80fdd40c95378bf68a5c8cd0
            [Forward] => 2959876
            [Approve] => 0480072
            [TranID] => 2009101813602257210134133264
            [TranDate] => 20200910181339
        )

)
 from 114.160.216.147
2020/09/10 18:13:39 [/shop/master/order/edit.php] edit.php set payment data:Array
(
    [AccessID] => 2ee3d30a550526037aa5cc4daba313d9
    [AccessPass] => 31ee988c80fdd40c95378bf68a5c8cd0
    [Forward] => 2959876
    [Approve] => 0480072
    [TranID] => 2009101813602257210134133264
    [TranDate] => 20200910181339
    [action_status] => 6
    [pay_status] => 13
    [JobCd] => CAPTURE
    [Amount] => 2660
)
 from 114.160.216.147
2020/09/10 18:13:40 [/shop/user_data/pg_mulpay_recv.php] ******* receiveer data start ******* from 210.175.7.20
2020/09/10 18:13:40 [/shop/user_data/pg_mulpay_recv.php] Array
(
    [ShopID] => 9000034600950
    [ShopPass] => **********
    [AccessID] => 2ee3d30a550526037aa5cc4daba313d9
    [AccessPass] => ********************************
    [OrderID] => 944568-02081439
    [Status] => RETURN
    [JobCd] => RETURN
    [Amount] => 6560
    [Tax] => 0
    [Currency] => JPN
    [Forward] => 2959876
    [Method] => 1
    [PayTimes] => 
    [TranID] => 2009101813602257210134123608
    [Approve] => 0019756
    [TranDate] => 20200910181339
    [ErrCode] => 
    [ErrInfo] => 
    [PayType] => 0
)
 from 210.175.7.20
2020/09/10 18:13:40 [/shop/user_data/pg_mulpay_recv.php] ******* receiveer data end ******* from 210.175.7.20
2020/09/10 18:13:40 [/shop/user_data/pg_mulpay_recv.php] ******* receiveer data start ******* from 210.175.7.20
2020/09/10 18:13:40 [/shop/user_data/pg_mulpay_recv.php] Array
(
    [ShopID] => 9000034600950
    [ShopPass] => **********
    [AccessID] => 2ee3d30a550526037aa5cc4daba313d9
    [AccessPass] => ********************************
    [OrderID] => 944568-02081439
    [Status] => CAPTURE
    [JobCd] => CAPTURE
    [Amount] => 2660
    [Tax] => 0
    [Currency] => JPN
    [Forward] => 2959876
    [Method] => 1
    [PayTimes] => 
    [TranID] => 2009101813602257210134133264
    [Approve] => 0480072
    [TranDate] => 20200910181339
    [ErrCode] => 
    [ErrInfo] => 
    [PayType] => 0
)
 from 210.175.7.20
2020/09/10 18:13:40 [/shop/user_data/pg_mulpay_recv.php] ******* receiveer data end ******* from 210.175.7.20
2020/09/10 18:13:40 [/shop/user_data/pg_mulpay_recv.php] pg_mulpay_recv.php set payment data:Array
(
    [ShopID] => 9000034600950
    [AccessID] => 2ee3d30a550526037aa5cc4daba313d9
    [OrderID] => 944568-02081439
    [Status] => RETURN
    [JobCd] => RETURN
    [Amount] => 6560
    [Tax] => 0
    [Currency] => JPN
    [Forward] => 2959876
    [Method] => 1
    [PayTimes] => 
    [TranID] => 2009101813602257210134123608
    [Approve] => 0019756
    [TranDate] => 20200910181339
    [ErrCode] => 
    [ErrInfo] => 
    [PayType] => 0
    [CvsCode] => 
    [CvsConfNo] => 
    [CvsReceiptNo] => 
    [EdyReceiptNo] => 
    [EdyOrderNo] => 
    [SuicaReceiptNo] => 
    [SuicaOrderNo] => 
    [CustID] => 
    [BkCode] => 
    [ConfNo] => 
    [PaymentTerm] => 
    [EncryptReceiptNo] => 
    [FinishDate] => 
    [ReceiptDate] => 
    [WebMoneyManagementNo] => 
    [WebMoneySettleCode] => 
    [AuPayInfoNo] => 
    [AuPayMethod] => 
    [AuCancelAmount] => 
    [AuCancelTax] => 
    [DocomoSettlementCode] => 
    [DocomoCancelAmount] => 
    [DocomoCancelTax] => 
    [pay_status] => 15
)
 from 210.175.7.20
2020/09/10 18:13:40 [/shop/user_data/pg_mulpay_recv.php] response:true from 210.175.7.20
2020/09/10 18:13:44 [/shop/master/order/edit.php] SendRequest:https://p01.mul-pay.jp/payment/SearchTrade.idPass from 114.160.216.147
2020/09/10 18:13:44 [/shop/master/order/edit.php] Array
(
    [ShopID] => 9000034600950
    [ShopPass] => ******
    [OrderID] => 944568-02081439
)
 from 114.160.216.147
2020/09/10 18:13:44 [/shop/master/order/edit.php] OrderID=944568-02081439&Status=CAPTURE&ProcessDate=20200910181339&JobCd=CAPTURE&AccessID=2ee3d30a550526037aa5cc4daba313d9&AccessPass=31ee988c80fdd40c95378bf68a5c8cd0&ItemCode=0000990&Amount=2660&Tax=0&SiteID=&MemberID=&CardNo=************5565&Expire=2103&Method=1&PayTimes=&Forward=2959876&TranID=2009101813602257210134133264&Approve=0480072&ClientField1=&ClientField2=&ClientField3=EC-CUBE4.3.24 from 114.160.216.147
2020/09/10 18:13:44 [/shop/master/order/edit.php] Array
(
    [0] => Array
        (
            [OrderID] => 944568-02081439
            [Status] => CAPTURE
            [ProcessDate] => 20200910181339
            [JobCd] => CAPTURE
            [AccessID] => 2ee3d30a550526037aa5cc4daba313d9
            [AccessPass] => 31ee988c80fdd40c95378bf68a5c8cd0
            [ItemCode] => 0000990
            [Amount] => 2660
            [Tax] => 0
            [SiteID] => 
            [MemberID] => 
            [CardNo] => ************5565
            [Expire] => 2103
            [Method] => 1
            [PayTimes] => 
            [Forward] => 2959876
            [TranID] => 2009101813602257210134133264
            [Approve] => 0480072
            [ClientField1] => 
            [ClientField2] => 
            [ClientField3] => EC-CUBE4.3.24
        )

)
 from 114.160.216.147
2020/09/10 18:13:44 [/shop/master/order/edit.php] edit.php set payment data:Array
(
    [OrderID] => 944568-02081439
    [Status] => CAPTURE
    [ProcessDate] => 20200910181339
    [JobCd] => CAPTURE
    [AccessID] => 2ee3d30a550526037aa5cc4daba313d9
    [AccessPass] => 31ee988c80fdd40c95378bf68a5c8cd0
    [ItemCode] => 0000990
    [Amount] => 2660
    [Tax] => 0
    [SiteID] => 
    [MemberID] => 
    [CardNo] => ************5565
    [Expire] => 2103
    [Method] => 1
    [PayTimes] => 
    [Forward] => 2959876
    [TranID] => 2009101813602257210134133264
    [Approve] => 0480072
    [ClientField1] => 
    [ClientField2] => 
    [ClientField3] => EC-CUBE4.3.24
    [action_status] => 6
    [pay_status] => 13
)
 from 114.160.216.147
2020/09/10 18:13:45 [/shop/user_data/pg_mulpay_recv.php] no update order status order_id=944568 from 210.175.7.20
2020/09/10 18:13:45 [/shop/user_data/pg_mulpay_recv.php] pg_mulpay_recv.php set payment data:Array
(
    [ShopID] => 9000034600950
    [AccessID] => 2ee3d30a550526037aa5cc4daba313d9
    [OrderID] => 944568-02081439
    [Status] => CAPTURE
    [JobCd] => CAPTURE
    [Amount] => 2660
    [Tax] => 0
    [Currency] => JPN
    [Forward] => 2959876
    [Method] => 1
    [PayTimes] => 
    [TranID] => 2009101813602257210134133264
    [Approve] => 0480072
    [TranDate] => 20200910181339
    [ErrCode] => 
    [ErrInfo] => 
    [PayType] => 0
    [CvsCode] => 
    [CvsConfNo] => 
    [CvsReceiptNo] => 
    [EdyReceiptNo] => 
    [EdyOrderNo] => 
    [SuicaReceiptNo] => 
    [SuicaOrderNo] => 
    [CustID] => 
    [BkCode] => 
    [ConfNo] => 
    [PaymentTerm] => 
    [EncryptReceiptNo] => 
    [FinishDate] => 
    [ReceiptDate] => 
    [WebMoneyManagementNo] => 
    [WebMoneySettleCode] => 
    [AuPayInfoNo] => 
    [AuPayMethod] => 
    [AuCancelAmount] => 
    [AuCancelTax] => 
    [DocomoSettlementCode] => 
    [DocomoCancelAmount] => 
    [DocomoCancelTax] => 
    [pay_status] => 13
    [no_update_status_flg] => 0
)
 from 210.175.7.20
2020/09/10 18:13:45 [/shop/user_data/pg_mulpay_recv.php] response:true from 210.175.7.20
