2022/06/30 02:04:47 [/shop/shopping/load_payment_module.php] SendRequest:https://p01.mul-pay.jp/payment/SearchMember.idPass from 185.5.167.8
2022/06/30 02:04:47 [/shop/shopping/load_payment_module.php] Array
(
    [SiteID] => mst0000007602
    [SitePass] => ******
    [MemberID] => 8515
)
 from 185.5.167.8
2022/06/30 02:04:47 [/shop/shopping/load_payment_module.php] MemberID=8515&MemberName=r5c5abe45d1ab7xZPEg2dH&DeleteFlag=0 from 185.5.167.8
2022/06/30 02:04:47 [/shop/shopping/load_payment_module.php] Array
(
    [0] => Array
        (
            [MemberID] => 8515
            [MemberName] => r5c5abe45d1ab7xZPEg2dH
            [DeleteFlag] => 0
        )

)
 from 185.5.167.8
2022/06/30 02:04:47 [/shop/shopping/load_payment_module.php] SendRequest:https://p01.mul-pay.jp/payment/SearchCard.idPass from 185.5.167.8
2022/06/30 02:04:47 [/shop/shopping/load_payment_module.php] Array
(
    [SiteID] => mst0000007602
    [SitePass] => ******
    [MemberID] => 8515
)
 from 185.5.167.8
2022/06/30 02:04:47 [/shop/shopping/load_payment_module.php] ErrCode=E01&ErrInfo=E01240002 from 185.5.167.8
2022/06/30 02:04:47 [/shop/shopping/load_payment_module.php] Array
(
    [0] => Array
        (
            [ErrCode] => E01
            [ErrInfo] => E01240002
        )

)
 from 185.5.167.8
2022/06/30 02:06:05 [/shop/shopping/load_payment_module.php] SendRequest:https://p01.mul-pay.jp/payment/SearchMember.idPass from 185.5.167.8
2022/06/30 02:06:05 [/shop/shopping/load_payment_module.php] Array
(
    [SiteID] => mst0000007602
    [SitePass] => ******
    [MemberID] => 8515
)
 from 185.5.167.8
2022/06/30 02:06:05 [/shop/shopping/load_payment_module.php] MemberID=8515&MemberName=r5c5abe45d1ab7xZPEg2dH&DeleteFlag=0 from 185.5.167.8
2022/06/30 02:06:05 [/shop/shopping/load_payment_module.php] Array
(
    [0] => Array
        (
            [MemberID] => 8515
            [MemberName] => r5c5abe45d1ab7xZPEg2dH
            [DeleteFlag] => 0
        )

)
 from 185.5.167.8
2022/06/30 02:06:05 [/shop/shopping/load_payment_module.php] SendRequest:https://p01.mul-pay.jp/payment/SearchCard.idPass from 185.5.167.8
2022/06/30 02:06:05 [/shop/shopping/load_payment_module.php] Array
(
    [SiteID] => mst0000007602
    [SitePass] => ******
    [MemberID] => 8515
)
 from 185.5.167.8
2022/06/30 02:06:05 [/shop/shopping/load_payment_module.php] ErrCode=E01&ErrInfo=E01240002 from 185.5.167.8
2022/06/30 02:06:05 [/shop/shopping/load_payment_module.php] Array
(
    [0] => Array
        (
            [ErrCode] => E01
            [ErrInfo] => E01240002
        )

)
 from 185.5.167.8
2022/06/30 02:06:05 [/shop/shopping/load_payment_module.php] SendRequest:https://p01.mul-pay.jp/payment/EntryTran.idPass from 185.5.167.8
2022/06/30 02:06:05 [/shop/shopping/load_payment_module.php] Array
(
    [ShopID] => 9000034600950
    [ShopPass] => ******
    [OrderID] => 946893-30020605
    [JobCd] => CAPTURE
    [Amount] => 25640
    [TdFlag] => 0
    [TdTenantName] => 
)
 from 185.5.167.8
2022/06/30 02:06:05 [/shop/shopping/load_payment_module.php] AccessID=71509f44d4ccbcee1eeaad89e3bdf883&AccessPass=9f8662bed7023a99e9ea621b280cf04f from 185.5.167.8
2022/06/30 02:06:05 [/shop/shopping/load_payment_module.php] Array
(
    [0] => Array
        (
            [AccessID] => 71509f44d4ccbcee1eeaad89e3bdf883
            [AccessPass] => 9f8662bed7023a99e9ea621b280cf04f
        )

)
 from 185.5.167.8
2022/06/30 02:06:05 [/shop/shopping/load_payment_module.php] load_payment_module.php set payment data:Array
(
    [AccessID] => 71509f44d4ccbcee1eeaad89e3bdf883
    [AccessPass] => 9f8662bed7023a99e9ea621b280cf04f
    [OrderID] => 946893-30020605
    [Amount] => 25640
    [JobCd] => CAPTURE
    [action_status] => 1
    [pay_status] => 0
)
 from 185.5.167.8
2022/06/30 02:06:05 [/shop/shopping/load_payment_module.php] SendRequest:https://p01.mul-pay.jp/payment/ExecTran.idPass from 185.5.167.8
2022/06/30 02:06:05 [/shop/shopping/load_payment_module.php] Array
(
    [AccessID] => 71509f44d4ccbcee1eeaad89e3bdf883
    [AccessPass] => 9f8662bed7023a99e9ea621b280cf04f
    [OrderID] => 946893-30020605
    [Method] => 1
    [Token] => 106d75b42c8065a3633323e5e565c6ab68e1dd804d3de07388c7b206158c91cf
    [ClientField1] => 
    [ClientField2] => 
    [ClientField3] => EC-CUBE4.3.35
)
 from 185.5.167.8
2022/06/30 02:06:06 [/shop/shopping/load_payment_module.php] ACS=0&OrderID=946893-30020605&Forward=2959876&Method=1&PayTimes=&Approve=0190605&TranID=2206300206602257210134180228&TranDate=20220630020606&CheckString=21d564579bfb42dc9a96b0a83d109b61 from 185.5.167.8
2022/06/30 02:06:06 [/shop/shopping/load_payment_module.php] Array
(
    [0] => Array
        (
            [ACS] => 0
            [OrderID] => 946893-30020605
            [Forward] => 2959876
            [Method] => 1
            [PayTimes] => 
            [Approve] => 0190605
            [TranID] => 2206300206602257210134180228
            [TranDate] => 20220630020606
            [CheckString] => 21d564579bfb42dc9a96b0a83d109b61
        )

)
 from 185.5.167.8
2022/06/30 02:06:06 [/shop/shopping/load_payment_module.php] load_payment_module.php set payment data:Array
(
    [ACS] => 0
    [Forward] => 2959876
    [Method] => 1
    [PayTimes] => 
    [Approve] => 0190605
    [TranID] => 2206300206602257210134180228
    [TranDate] => 20220630020606
    [CheckString] => 21d564579bfb42dc9a96b0a83d109b61
    [Amount] => 25640
    [JobCd] => CAPTURE
    [action_status] => 3
    [pay_status] => 13
)
 from 185.5.167.8
2022/06/30 02:06:06 [/shop/user_data/pg_mulpay_recv.php] ******* receiveer data start ******* from 210.175.7.20
2022/06/30 02:06:06 [/shop/user_data/pg_mulpay_recv.php] Array
(
    [ShopID] => 9000034600950
    [ShopPass] => **********
    [AccessID] => 71509f44d4ccbcee1eeaad89e3bdf883
    [AccessPass] => ********************************
    [OrderID] => 946893-30020605
    [Status] => CAPTURE
    [JobCd] => CAPTURE
    [Amount] => 25640
    [Tax] => 0
    [Currency] => JPN
    [Forward] => 2959876
    [Method] => 1
    [PayTimes] => 
    [TranID] => 2206300206602257210134180228
    [Approve] => 0190605
    [TranDate] => 20220630020606
    [ErrCode] => 
    [ErrInfo] => 
    [PayType] => 0
)
 from 210.175.7.20
2022/06/30 02:06:06 [/shop/user_data/pg_mulpay_recv.php] ******* receiveer data end ******* from 210.175.7.20
2022/06/30 02:06:11 [/shop/user_data/pg_mulpay_recv.php] update order status:1 order_id=946893 from 210.175.7.20
2022/06/30 02:06:11 [/shop/user_data/pg_mulpay_recv.php] pg_mulpay_recv.php set payment data:Array
(
    [ShopID] => 9000034600950
    [AccessID] => 71509f44d4ccbcee1eeaad89e3bdf883
    [OrderID] => 946893-30020605
    [Status] => CAPTURE
    [JobCd] => CAPTURE
    [Amount] => 25640
    [Tax] => 0
    [Currency] => JPN
    [Forward] => 2959876
    [Method] => 1
    [PayTimes] => 
    [TranID] => 2206300206602257210134180228
    [Approve] => 0190605
    [TranDate] => 20220630020606
    [ErrCode] => 
    [ErrInfo] => 
    [PayType] => 0
    [CvsCode] => 
    [CvsConfNo] => 
    [CvsReceiptNo] => 
    [EdyReceiptNo] => 
    [EdyOrderNo] => 
    [SuicaReceiptNo] => 
    [SuicaOrderNo] => 
    [CustID] => 
    [BkCode] => 
    [ConfNo] => 
    [PaymentTerm] => 
    [EncryptReceiptNo] => 
    [FinishDate] => 
    [ReceiptDate] => 
    [WebMoneyManagementNo] => 
    [WebMoneySettleCode] => 
    [AuPayInfoNo] => 
    [AuPayMethod] => 
    [AuCancelAmount] => 
    [AuCancelTax] => 
    [DocomoSettlementCode] => 
    [DocomoCancelAmount] => 
    [DocomoCancelTax] => 
    [pay_status] => 13
)
 from 210.175.7.20
2022/06/30 02:06:11 [/shop/user_data/pg_mulpay_recv.php] response:true from 210.175.7.20
2022/06/30 15:12:08 [/shop/shopping/load_payment_module.php] SendRequest:https://p01.mul-pay.jp/payment/EntryTran.idPass from 155.190.35.4
2022/06/30 15:12:08 [/shop/shopping/load_payment_module.php] Array
(
    [ShopID] => 9000034600950
    [ShopPass] => ******
    [OrderID] => 946894-30151208
    [JobCd] => CAPTURE
    [Amount] => 4770
    [TdFlag] => 0
    [TdTenantName] => 
)
 from 155.190.35.4
2022/06/30 15:12:09 [/shop/shopping/load_payment_module.php] AccessID=de0352076c444916a21cb5b0ff4a1c3a&AccessPass=ded0cff402acd94f28651ca2f25f46c0 from 155.190.35.4
2022/06/30 15:12:09 [/shop/shopping/load_payment_module.php] Array
(
    [0] => Array
        (
            [AccessID] => de0352076c444916a21cb5b0ff4a1c3a
            [AccessPass] => ded0cff402acd94f28651ca2f25f46c0
        )

)
 from 155.190.35.4
2022/06/30 15:12:09 [/shop/shopping/load_payment_module.php] load_payment_module.php set payment data:Array
(
    [AccessID] => de0352076c444916a21cb5b0ff4a1c3a
    [AccessPass] => ded0cff402acd94f28651ca2f25f46c0
    [OrderID] => 946894-30151208
    [Amount] => 4770
    [JobCd] => CAPTURE
    [action_status] => 1
    [pay_status] => 0
)
 from 155.190.35.4
2022/06/30 15:12:09 [/shop/shopping/load_payment_module.php] SendRequest:https://p01.mul-pay.jp/payment/ExecTran.idPass from 155.190.35.4
2022/06/30 15:12:09 [/shop/shopping/load_payment_module.php] Array
(
    [AccessID] => de0352076c444916a21cb5b0ff4a1c3a
    [AccessPass] => ded0cff402acd94f28651ca2f25f46c0
    [OrderID] => 946894-30151208
    [Method] => 1
    [Token] => 7104e11bdccbf0ef838945b8252fbbb2fa09ea37282b9bb1a912c7a3ba2901e9
    [ClientField1] => 
    [ClientField2] => 
    [ClientField3] => EC-CUBE4.3.35
)
 from 155.190.35.4
2022/06/30 15:12:09 [/shop/shopping/load_payment_module.php] ACS=0&OrderID=946894-30151208&Forward=2S49631&Method=1&PayTimes=&Approve=0301839&TranID=2206301512602257210134170208&TranDate=20220630151209&CheckString=ef8ea3caaf1272008a00707f12984ef7 from 155.190.35.4
2022/06/30 15:12:09 [/shop/shopping/load_payment_module.php] Array
(
    [0] => Array
        (
            [ACS] => 0
            [OrderID] => 946894-30151208
            [Forward] => 2S49631
            [Method] => 1
            [PayTimes] => 
            [Approve] => 0301839
            [TranID] => 2206301512602257210134170208
            [TranDate] => 20220630151209
            [CheckString] => ef8ea3caaf1272008a00707f12984ef7
        )

)
 from 155.190.35.4
2022/06/30 15:12:09 [/shop/shopping/load_payment_module.php] load_payment_module.php set payment data:Array
(
    [ACS] => 0
    [Forward] => 2S49631
    [Method] => 1
    [PayTimes] => 
    [Approve] => 0301839
    [TranID] => 2206301512602257210134170208
    [TranDate] => 20220630151209
    [CheckString] => ef8ea3caaf1272008a00707f12984ef7
    [Amount] => 4770
    [JobCd] => CAPTURE
    [action_status] => 3
    [pay_status] => 13
)
 from 155.190.35.4
2022/06/30 15:12:10 [/shop/user_data/pg_mulpay_recv.php] ******* receiveer data start ******* from 210.175.7.20
2022/06/30 15:12:10 [/shop/user_data/pg_mulpay_recv.php] Array
(
    [ShopID] => 9000034600950
    [ShopPass] => **********
    [AccessID] => de0352076c444916a21cb5b0ff4a1c3a
    [AccessPass] => ********************************
    [OrderID] => 946894-30151208
    [Status] => CAPTURE
    [JobCd] => CAPTURE
    [Amount] => 4770
    [Tax] => 0
    [Currency] => JPN
    [Forward] => 2S49631
    [Method] => 1
    [PayTimes] => 
    [TranID] => 2206301512602257210134170208
    [Approve] => 0301839
    [TranDate] => 20220630151209
    [ErrCode] => 
    [ErrInfo] => 
    [PayType] => 0
)
 from 210.175.7.20
2022/06/30 15:12:10 [/shop/user_data/pg_mulpay_recv.php] ******* receiveer data end ******* from 210.175.7.20
2022/06/30 15:12:15 [/shop/user_data/pg_mulpay_recv.php] update order status:1 order_id=946894 from 210.175.7.20
2022/06/30 15:12:15 [/shop/user_data/pg_mulpay_recv.php] pg_mulpay_recv.php set payment data:Array
(
    [ShopID] => 9000034600950
    [AccessID] => de0352076c444916a21cb5b0ff4a1c3a
    [OrderID] => 946894-30151208
    [Status] => CAPTURE
    [JobCd] => CAPTURE
    [Amount] => 4770
    [Tax] => 0
    [Currency] => JPN
    [Forward] => 2S49631
    [Method] => 1
    [PayTimes] => 
    [TranID] => 2206301512602257210134170208
    [Approve] => 0301839
    [TranDate] => 20220630151209
    [ErrCode] => 
    [ErrInfo] => 
    [PayType] => 0
    [CvsCode] => 
    [CvsConfNo] => 
    [CvsReceiptNo] => 
    [EdyReceiptNo] => 
    [EdyOrderNo] => 
    [SuicaReceiptNo] => 
    [SuicaOrderNo] => 
    [CustID] => 
    [BkCode] => 
    [ConfNo] => 
    [PaymentTerm] => 
    [EncryptReceiptNo] => 
    [FinishDate] => 
    [ReceiptDate] => 
    [WebMoneyManagementNo] => 
    [WebMoneySettleCode] => 
    [AuPayInfoNo] => 
    [AuPayMethod] => 
    [AuCancelAmount] => 
    [AuCancelTax] => 
    [DocomoSettlementCode] => 
    [DocomoCancelAmount] => 
    [DocomoCancelTax] => 
    [pay_status] => 13
)
 from 210.175.7.20
2022/06/30 15:12:15 [/shop/user_data/pg_mulpay_recv.php] response:true from 210.175.7.20
2022/06/30 16:05:45 [/shop/shopping/load_payment_module.php] SendRequest:https://p01.mul-pay.jp/payment/EntryTran.idPass from 126.162.107.97
2022/06/30 16:05:45 [/shop/shopping/load_payment_module.php] Array
(
    [ShopID] => 9000034600950
    [ShopPass] => ******
    [OrderID] => 946895-30160545
    [JobCd] => CAPTURE
    [Amount] => 8850
    [TdFlag] => 0
    [TdTenantName] => 
)
 from 126.162.107.97
2022/06/30 16:05:45 [/shop/shopping/load_payment_module.php] AccessID=ca2aec4cf2706dda27ff4e2c300f5c21&AccessPass=ff46bbd07320316ec96457d12dca069f from 126.162.107.97
2022/06/30 16:05:45 [/shop/shopping/load_payment_module.php] Array
(
    [0] => Array
        (
            [AccessID] => ca2aec4cf2706dda27ff4e2c300f5c21
            [AccessPass] => ff46bbd07320316ec96457d12dca069f
        )

)
 from 126.162.107.97
2022/06/30 16:05:45 [/shop/shopping/load_payment_module.php] load_payment_module.php set payment data:Array
(
    [AccessID] => ca2aec4cf2706dda27ff4e2c300f5c21
    [AccessPass] => ff46bbd07320316ec96457d12dca069f
    [OrderID] => 946895-30160545
    [Amount] => 8850
    [JobCd] => CAPTURE
    [action_status] => 1
    [pay_status] => 0
)
 from 126.162.107.97
2022/06/30 16:05:45 [/shop/shopping/load_payment_module.php] SendRequest:https://p01.mul-pay.jp/payment/ExecTran.idPass from 126.162.107.97
2022/06/30 16:05:45 [/shop/shopping/load_payment_module.php] Array
(
    [AccessID] => ca2aec4cf2706dda27ff4e2c300f5c21
    [AccessPass] => ff46bbd07320316ec96457d12dca069f
    [OrderID] => 946895-30160545
    [Method] => 1
    [Token] => d14ee349a84492fedbea88ef50680479b70454587f1febc5034f33972b1fc1ee
    [ClientField1] => 
    [ClientField2] => 
    [ClientField3] => EC-CUBE4.3.35
)
 from 126.162.107.97
2022/06/30 16:05:46 [/shop/shopping/load_payment_module.php] ACS=0&OrderID=946895-30160545&Forward=2959876&Method=1&PayTimes=&Approve=0366821&TranID=2206301605602257210134160221&TranDate=20220630160546&CheckString=c7d08ae04185e650e92663baec015b91 from 126.162.107.97
2022/06/30 16:05:46 [/shop/shopping/load_payment_module.php] Array
(
    [0] => Array
        (
            [ACS] => 0
            [OrderID] => 946895-30160545
            [Forward] => 2959876
            [Method] => 1
            [PayTimes] => 
            [Approve] => 0366821
            [TranID] => 2206301605602257210134160221
            [TranDate] => 20220630160546
            [CheckString] => c7d08ae04185e650e92663baec015b91
        )

)
 from 126.162.107.97
2022/06/30 16:05:46 [/shop/shopping/load_payment_module.php] load_payment_module.php set payment data:Array
(
    [ACS] => 0
    [Forward] => 2959876
    [Method] => 1
    [PayTimes] => 
    [Approve] => 0366821
    [TranID] => 2206301605602257210134160221
    [TranDate] => 20220630160546
    [CheckString] => c7d08ae04185e650e92663baec015b91
    [Amount] => 8850
    [JobCd] => CAPTURE
    [action_status] => 3
    [pay_status] => 13
)
 from 126.162.107.97
2022/06/30 16:05:46 [/shop/user_data/pg_mulpay_recv.php] ******* receiveer data start ******* from 210.175.7.20
2022/06/30 16:05:46 [/shop/user_data/pg_mulpay_recv.php] Array
(
    [ShopID] => 9000034600950
    [ShopPass] => **********
    [AccessID] => ca2aec4cf2706dda27ff4e2c300f5c21
    [AccessPass] => ********************************
    [OrderID] => 946895-30160545
    [Status] => CAPTURE
    [JobCd] => CAPTURE
    [Amount] => 8850
    [Tax] => 0
    [Currency] => JPN
    [Forward] => 2959876
    [Method] => 1
    [PayTimes] => 
    [TranID] => 2206301605602257210134160221
    [Approve] => 0366821
    [TranDate] => 20220630160546
    [ErrCode] => 
    [ErrInfo] => 
    [PayType] => 0
)
 from 210.175.7.20
2022/06/30 16:05:46 [/shop/user_data/pg_mulpay_recv.php] ******* receiveer data end ******* from 210.175.7.20
2022/06/30 16:05:51 [/shop/user_data/pg_mulpay_recv.php] update order status:1 order_id=946895 from 210.175.7.20
2022/06/30 16:05:51 [/shop/user_data/pg_mulpay_recv.php] pg_mulpay_recv.php set payment data:Array
(
    [ShopID] => 9000034600950
    [AccessID] => ca2aec4cf2706dda27ff4e2c300f5c21
    [OrderID] => 946895-30160545
    [Status] => CAPTURE
    [JobCd] => CAPTURE
    [Amount] => 8850
    [Tax] => 0
    [Currency] => JPN
    [Forward] => 2959876
    [Method] => 1
    [PayTimes] => 
    [TranID] => 2206301605602257210134160221
    [Approve] => 0366821
    [TranDate] => 20220630160546
    [ErrCode] => 
    [ErrInfo] => 
    [PayType] => 0
    [CvsCode] => 
    [CvsConfNo] => 
    [CvsReceiptNo] => 
    [EdyReceiptNo] => 
    [EdyOrderNo] => 
    [SuicaReceiptNo] => 
    [SuicaOrderNo] => 
    [CustID] => 
    [BkCode] => 
    [ConfNo] => 
    [PaymentTerm] => 
    [EncryptReceiptNo] => 
    [FinishDate] => 
    [ReceiptDate] => 
    [WebMoneyManagementNo] => 
    [WebMoneySettleCode] => 
    [AuPayInfoNo] => 
    [AuPayMethod] => 
    [AuCancelAmount] => 
    [AuCancelTax] => 
    [DocomoSettlementCode] => 
    [DocomoCancelAmount] => 
    [DocomoCancelTax] => 
    [pay_status] => 13
)
 from 210.175.7.20
2022/06/30 16:05:51 [/shop/user_data/pg_mulpay_recv.php] response:true from 210.175.7.20
2022/06/30 16:19:18 [/shop/shopping/load_payment_module.php] SendRequest:https://p01.mul-pay.jp/payment/SearchMember.idPass from 99.105.192.214
2022/06/30 16:19:18 [/shop/shopping/load_payment_module.php] Array
(
    [SiteID] => mst0000007602
    [SitePass] => ******
    [MemberID] => 10723
)
 from 99.105.192.214
2022/06/30 16:19:18 [/shop/shopping/load_payment_module.php] ErrCode=E01&ErrInfo=E01390002 from 99.105.192.214
2022/06/30 16:19:18 [/shop/shopping/load_payment_module.php] Array
(
    [0] => Array
        (
            [ErrCode] => E01
            [ErrInfo] => E01390002
        )

)
 from 99.105.192.214
2022/06/30 16:19:18 [/shop/shopping/load_payment_module.php] SendRequest:https://p01.mul-pay.jp/payment/SearchCard.idPass from 99.105.192.214
2022/06/30 16:19:18 [/shop/shopping/load_payment_module.php] Array
(
    [SiteID] => mst0000007602
    [SitePass] => ******
    [MemberID] => 10723
)
 from 99.105.192.214
2022/06/30 16:19:18 [/shop/shopping/load_payment_module.php] ErrCode=E01|E01&ErrInfo=E01390002|E01240002 from 99.105.192.214
2022/06/30 16:19:18 [/shop/shopping/load_payment_module.php] Array
(
    [0] => Array
        (
            [ErrCode] => E01
            [ErrInfo] => E01390002
        )

    [1] => Array
        (
            [ErrCode] => E01
            [ErrInfo] => E01240002
        )

)
 from 99.105.192.214
2022/06/30 16:19:48 [/shop/shopping/load_payment_module.php] SendRequest:https://p01.mul-pay.jp/payment/SearchMember.idPass from 99.105.192.214
2022/06/30 16:19:48 [/shop/shopping/load_payment_module.php] Array
(
    [SiteID] => mst0000007602
    [SitePass] => ******
    [MemberID] => 10723
)
 from 99.105.192.214
2022/06/30 16:19:48 [/shop/shopping/load_payment_module.php] ErrCode=E01&ErrInfo=E01390002 from 99.105.192.214
2022/06/30 16:19:48 [/shop/shopping/load_payment_module.php] Array
(
    [0] => Array
        (
            [ErrCode] => E01
            [ErrInfo] => E01390002
        )

)
 from 99.105.192.214
2022/06/30 16:19:48 [/shop/shopping/load_payment_module.php] SendRequest:https://p01.mul-pay.jp/payment/SearchCard.idPass from 99.105.192.214
2022/06/30 16:19:48 [/shop/shopping/load_payment_module.php] Array
(
    [SiteID] => mst0000007602
    [SitePass] => ******
    [MemberID] => 10723
)
 from 99.105.192.214
2022/06/30 16:19:48 [/shop/shopping/load_payment_module.php] ErrCode=E01|E01&ErrInfo=E01390002|E01240002 from 99.105.192.214
2022/06/30 16:19:48 [/shop/shopping/load_payment_module.php] Array
(
    [0] => Array
        (
            [ErrCode] => E01
            [ErrInfo] => E01390002
        )

    [1] => Array
        (
            [ErrCode] => E01
            [ErrInfo] => E01240002
        )

)
 from 99.105.192.214
2022/06/30 16:19:48 [/shop/shopping/load_payment_module.php] SendRequest:https://p01.mul-pay.jp/payment/EntryTran.idPass from 99.105.192.214
2022/06/30 16:19:48 [/shop/shopping/load_payment_module.php] Array
(
    [ShopID] => 9000034600950
    [ShopPass] => ******
    [OrderID] => 946896-30161948
    [JobCd] => CAPTURE
    [Amount] => 11250
    [TdFlag] => 0
    [TdTenantName] => 
)
 from 99.105.192.214
2022/06/30 16:19:48 [/shop/shopping/load_payment_module.php] AccessID=fb5db5967d4da5606fb5c19849266eca&AccessPass=0ff62461a9bfcd412e538e2b1ba403db from 99.105.192.214
2022/06/30 16:19:48 [/shop/shopping/load_payment_module.php] Array
(
    [0] => Array
        (
            [AccessID] => fb5db5967d4da5606fb5c19849266eca
            [AccessPass] => 0ff62461a9bfcd412e538e2b1ba403db
        )

)
 from 99.105.192.214
2022/06/30 16:19:48 [/shop/shopping/load_payment_module.php] load_payment_module.php set payment data:Array
(
    [AccessID] => fb5db5967d4da5606fb5c19849266eca
    [AccessPass] => 0ff62461a9bfcd412e538e2b1ba403db
    [OrderID] => 946896-30161948
    [Amount] => 11250
    [JobCd] => CAPTURE
    [action_status] => 1
    [pay_status] => 0
)
 from 99.105.192.214
2022/06/30 16:19:49 [/shop/shopping/load_payment_module.php] SendRequest:https://p01.mul-pay.jp/payment/ExecTran.idPass from 99.105.192.214
2022/06/30 16:19:49 [/shop/shopping/load_payment_module.php] Array
(
    [AccessID] => fb5db5967d4da5606fb5c19849266eca
    [AccessPass] => 0ff62461a9bfcd412e538e2b1ba403db
    [OrderID] => 946896-30161948
    [Method] => 1
    [Token] => e7fd6f0320e3204c5909f2209c7919cd9969632e633f9d19448021cdddbd5191
    [ClientField1] => 
    [ClientField2] => 
    [ClientField3] => EC-CUBE4.3.35
)
 from 99.105.192.214
2022/06/30 16:19:49 [/shop/shopping/load_payment_module.php] ACS=0&OrderID=946896-30161948&Forward=2S49631&Method=1&PayTimes=&Approve=0200391&TranID=2206301619602257210134170209&TranDate=20220630161949&CheckString=7d838d8cc237d82a5c132863b549e9d5 from 99.105.192.214
2022/06/30 16:19:49 [/shop/shopping/load_payment_module.php] Array
(
    [0] => Array
        (
            [ACS] => 0
            [OrderID] => 946896-30161948
            [Forward] => 2S49631
            [Method] => 1
            [PayTimes] => 
            [Approve] => 0200391
            [TranID] => 2206301619602257210134170209
            [TranDate] => 20220630161949
            [CheckString] => 7d838d8cc237d82a5c132863b549e9d5
        )

)
 from 99.105.192.214
2022/06/30 16:19:49 [/shop/shopping/load_payment_module.php] load_payment_module.php set payment data:Array
(
    [ACS] => 0
    [Forward] => 2S49631
    [Method] => 1
    [PayTimes] => 
    [Approve] => 0200391
    [TranID] => 2206301619602257210134170209
    [TranDate] => 20220630161949
    [CheckString] => 7d838d8cc237d82a5c132863b549e9d5
    [Amount] => 11250
    [JobCd] => CAPTURE
    [action_status] => 3
    [pay_status] => 13
)
 from 99.105.192.214
2022/06/30 16:19:49 [/shop/user_data/pg_mulpay_recv.php] ******* receiveer data start ******* from 210.175.7.20
2022/06/30 16:19:49 [/shop/user_data/pg_mulpay_recv.php] Array
(
    [ShopID] => 9000034600950
    [ShopPass] => **********
    [AccessID] => fb5db5967d4da5606fb5c19849266eca
    [AccessPass] => ********************************
    [OrderID] => 946896-30161948
    [Status] => CAPTURE
    [JobCd] => CAPTURE
    [Amount] => 11250
    [Tax] => 0
    [Currency] => JPN
    [Forward] => 2S49631
    [Method] => 1
    [PayTimes] => 
    [TranID] => 2206301619602257210134170209
    [Approve] => 0200391
    [TranDate] => 20220630161949
    [ErrCode] => 
    [ErrInfo] => 
    [PayType] => 0
)
 from 210.175.7.20
2022/06/30 16:19:49 [/shop/user_data/pg_mulpay_recv.php] ******* receiveer data end ******* from 210.175.7.20
2022/06/30 16:19:54 [/shop/user_data/pg_mulpay_recv.php] update order status:1 order_id=946896 from 210.175.7.20
2022/06/30 16:19:54 [/shop/user_data/pg_mulpay_recv.php] pg_mulpay_recv.php set payment data:Array
(
    [ShopID] => 9000034600950
    [AccessID] => fb5db5967d4da5606fb5c19849266eca
    [OrderID] => 946896-30161948
    [Status] => CAPTURE
    [JobCd] => CAPTURE
    [Amount] => 11250
    [Tax] => 0
    [Currency] => JPN
    [Forward] => 2S49631
    [Method] => 1
    [PayTimes] => 
    [TranID] => 2206301619602257210134170209
    [Approve] => 0200391
    [TranDate] => 20220630161949
    [ErrCode] => 
    [ErrInfo] => 
    [PayType] => 0
    [CvsCode] => 
    [CvsConfNo] => 
    [CvsReceiptNo] => 
    [EdyReceiptNo] => 
    [EdyOrderNo] => 
    [SuicaReceiptNo] => 
    [SuicaOrderNo] => 
    [CustID] => 
    [BkCode] => 
    [ConfNo] => 
    [PaymentTerm] => 
    [EncryptReceiptNo] => 
    [FinishDate] => 
    [ReceiptDate] => 
    [WebMoneyManagementNo] => 
    [WebMoneySettleCode] => 
    [AuPayInfoNo] => 
    [AuPayMethod] => 
    [AuCancelAmount] => 
    [AuCancelTax] => 
    [DocomoSettlementCode] => 
    [DocomoCancelAmount] => 
    [DocomoCancelTax] => 
    [pay_status] => 13
)
 from 210.175.7.20
2022/06/30 16:19:54 [/shop/user_data/pg_mulpay_recv.php] response:true from 210.175.7.20
2022/06/30 17:02:33 [/shop/shopping/load_payment_module.php] SendRequest:https://p01.mul-pay.jp/payment/SearchMember.idPass from 126.215.61.98
2022/06/30 17:02:33 [/shop/shopping/load_payment_module.php] Array
(
    [SiteID] => mst0000007602
    [SitePass] => ******
    [MemberID] => 10460
)
 from 126.215.61.98
2022/06/30 17:02:33 [/shop/shopping/load_payment_module.php] ErrCode=E01&ErrInfo=E01390002 from 126.215.61.98
2022/06/30 17:02:33 [/shop/shopping/load_payment_module.php] Array
(
    [0] => Array
        (
            [ErrCode] => E01
            [ErrInfo] => E01390002
        )

)
 from 126.215.61.98
2022/06/30 17:02:33 [/shop/shopping/load_payment_module.php] SendRequest:https://p01.mul-pay.jp/payment/SearchCard.idPass from 126.215.61.98
2022/06/30 17:02:33 [/shop/shopping/load_payment_module.php] Array
(
    [SiteID] => mst0000007602
    [SitePass] => ******
    [MemberID] => 10460
)
 from 126.215.61.98
2022/06/30 17:02:33 [/shop/shopping/load_payment_module.php] ErrCode=E01|E01&ErrInfo=E01390002|E01240002 from 126.215.61.98
2022/06/30 17:02:33 [/shop/shopping/load_payment_module.php] Array
(
    [0] => Array
        (
            [ErrCode] => E01
            [ErrInfo] => E01390002
        )

    [1] => Array
        (
            [ErrCode] => E01
            [ErrInfo] => E01240002
        )

)
 from 126.215.61.98
2022/06/30 17:04:21 [/shop/shopping/load_payment_module.php] SendRequest:https://p01.mul-pay.jp/payment/SearchMember.idPass from 133.106.32.190
2022/06/30 17:04:21 [/shop/shopping/load_payment_module.php] Array
(
    [SiteID] => mst0000007602
    [SitePass] => ******
    [MemberID] => 10460
)
 from 133.106.32.190
2022/06/30 17:04:21 [/shop/shopping/load_payment_module.php] ErrCode=E01&ErrInfo=E01390002 from 133.106.32.190
2022/06/30 17:04:21 [/shop/shopping/load_payment_module.php] Array
(
    [0] => Array
        (
            [ErrCode] => E01
            [ErrInfo] => E01390002
        )

)
 from 133.106.32.190
2022/06/30 17:04:21 [/shop/shopping/load_payment_module.php] SendRequest:https://p01.mul-pay.jp/payment/SearchCard.idPass from 133.106.32.190
2022/06/30 17:04:21 [/shop/shopping/load_payment_module.php] Array
(
    [SiteID] => mst0000007602
    [SitePass] => ******
    [MemberID] => 10460
)
 from 133.106.32.190
2022/06/30 17:04:21 [/shop/shopping/load_payment_module.php] ErrCode=E01|E01&ErrInfo=E01390002|E01240002 from 133.106.32.190
2022/06/30 17:04:21 [/shop/shopping/load_payment_module.php] Array
(
    [0] => Array
        (
            [ErrCode] => E01
            [ErrInfo] => E01390002
        )

    [1] => Array
        (
            [ErrCode] => E01
            [ErrInfo] => E01240002
        )

)
 from 133.106.32.190
2022/06/30 17:04:21 [/shop/shopping/load_payment_module.php] SendRequest:https://p01.mul-pay.jp/payment/EntryTran.idPass from 133.106.32.190
2022/06/30 17:04:21 [/shop/shopping/load_payment_module.php] Array
(
    [ShopID] => 9000034600950
    [ShopPass] => ******
    [OrderID] => 946897-30170421
    [JobCd] => CAPTURE
    [Amount] => 1470
    [TdFlag] => 0
    [TdTenantName] => 
)
 from 133.106.32.190
2022/06/30 17:04:21 [/shop/shopping/load_payment_module.php] AccessID=9232bbbbc9fff9ccdf3f32acd7649920&AccessPass=a86eb37c88b80280704363342463046f from 133.106.32.190
2022/06/30 17:04:21 [/shop/shopping/load_payment_module.php] Array
(
    [0] => Array
        (
            [AccessID] => 9232bbbbc9fff9ccdf3f32acd7649920
            [AccessPass] => a86eb37c88b80280704363342463046f
        )

)
 from 133.106.32.190
2022/06/30 17:04:21 [/shop/shopping/load_payment_module.php] load_payment_module.php set payment data:Array
(
    [AccessID] => 9232bbbbc9fff9ccdf3f32acd7649920
    [AccessPass] => a86eb37c88b80280704363342463046f
    [OrderID] => 946897-30170421
    [Amount] => 1470
    [JobCd] => CAPTURE
    [action_status] => 1
    [pay_status] => 0
)
 from 133.106.32.190
2022/06/30 17:04:21 [/shop/shopping/load_payment_module.php] SendRequest:https://p01.mul-pay.jp/payment/ExecTran.idPass from 133.106.32.190
2022/06/30 17:04:21 [/shop/shopping/load_payment_module.php] Array
(
    [AccessID] => 9232bbbbc9fff9ccdf3f32acd7649920
    [AccessPass] => a86eb37c88b80280704363342463046f
    [OrderID] => 946897-30170421
    [Method] => 1
    [Token] => a1c850eb4054fe606e4885b0fe386f451e8a83c5b1063be0299e44db1a591c5d
    [ClientField1] => 
    [ClientField2] => 
    [ClientField3] => EC-CUBE4.3.35
)
 from 133.106.32.190
2022/06/30 17:04:22 [/shop/shopping/load_payment_module.php] ACS=0&OrderID=946897-30170421&Forward=2959876&Method=1&PayTimes=&Approve=0966356&TranID=2206301704602257210134150215&TranDate=20220630170422&CheckString=caba91a880f91b35d780ec229dba27b0 from 133.106.32.190
2022/06/30 17:04:22 [/shop/shopping/load_payment_module.php] Array
(
    [0] => Array
        (
            [ACS] => 0
            [OrderID] => 946897-30170421
            [Forward] => 2959876
            [Method] => 1
            [PayTimes] => 
            [Approve] => 0966356
            [TranID] => 2206301704602257210134150215
            [TranDate] => 20220630170422
            [CheckString] => caba91a880f91b35d780ec229dba27b0
        )

)
 from 133.106.32.190
2022/06/30 17:04:22 [/shop/shopping/load_payment_module.php] load_payment_module.php set payment data:Array
(
    [ACS] => 0
    [Forward] => 2959876
    [Method] => 1
    [PayTimes] => 
    [Approve] => 0966356
    [TranID] => 2206301704602257210134150215
    [TranDate] => 20220630170422
    [CheckString] => caba91a880f91b35d780ec229dba27b0
    [Amount] => 1470
    [JobCd] => CAPTURE
    [action_status] => 3
    [pay_status] => 13
)
 from 133.106.32.190
2022/06/30 17:04:22 [/shop/user_data/pg_mulpay_recv.php] ******* receiveer data start ******* from 210.175.7.20
2022/06/30 17:04:22 [/shop/user_data/pg_mulpay_recv.php] Array
(
    [ShopID] => 9000034600950
    [ShopPass] => **********
    [AccessID] => 9232bbbbc9fff9ccdf3f32acd7649920
    [AccessPass] => ********************************
    [OrderID] => 946897-30170421
    [Status] => CAPTURE
    [JobCd] => CAPTURE
    [Amount] => 1470
    [Tax] => 0
    [Currency] => JPN
    [Forward] => 2959876
    [Method] => 1
    [PayTimes] => 
    [TranID] => 2206301704602257210134150215
    [Approve] => 0966356
    [TranDate] => 20220630170422
    [ErrCode] => 
    [ErrInfo] => 
    [PayType] => 0
)
 from 210.175.7.20
2022/06/30 17:04:22 [/shop/user_data/pg_mulpay_recv.php] ******* receiveer data end ******* from 210.175.7.20
2022/06/30 17:04:27 [/shop/user_data/pg_mulpay_recv.php] update order status:1 order_id=946897 from 210.175.7.20
2022/06/30 17:04:27 [/shop/user_data/pg_mulpay_recv.php] pg_mulpay_recv.php set payment data:Array
(
    [ShopID] => 9000034600950
    [AccessID] => 9232bbbbc9fff9ccdf3f32acd7649920
    [OrderID] => 946897-30170421
    [Status] => CAPTURE
    [JobCd] => CAPTURE
    [Amount] => 1470
    [Tax] => 0
    [Currency] => JPN
    [Forward] => 2959876
    [Method] => 1
    [PayTimes] => 
    [TranID] => 2206301704602257210134150215
    [Approve] => 0966356
    [TranDate] => 20220630170422
    [ErrCode] => 
    [ErrInfo] => 
    [PayType] => 0
    [CvsCode] => 
    [CvsConfNo] => 
    [CvsReceiptNo] => 
    [EdyReceiptNo] => 
    [EdyOrderNo] => 
    [SuicaReceiptNo] => 
    [SuicaOrderNo] => 
    [CustID] => 
    [BkCode] => 
    [ConfNo] => 
    [PaymentTerm] => 
    [EncryptReceiptNo] => 
    [FinishDate] => 
    [ReceiptDate] => 
    [WebMoneyManagementNo] => 
    [WebMoneySettleCode] => 
    [AuPayInfoNo] => 
    [AuPayMethod] => 
    [AuCancelAmount] => 
    [AuCancelTax] => 
    [DocomoSettlementCode] => 
    [DocomoCancelAmount] => 
    [DocomoCancelTax] => 
    [pay_status] => 13
)
 from 210.175.7.20
2022/06/30 17:04:27 [/shop/user_data/pg_mulpay_recv.php] response:true from 210.175.7.20
2022/06/30 20:29:04 [/shop/shopping/load_payment_module.php] SendRequest:https://p01.mul-pay.jp/payment/SearchMember.idPass from 106.184.60.29
2022/06/30 20:29:04 [/shop/shopping/load_payment_module.php] Array
(
    [SiteID] => mst0000007602
    [SitePass] => ******
    [MemberID] => 8515
)
 from 106.184.60.29
2022/06/30 20:29:04 [/shop/shopping/load_payment_module.php] MemberID=8515&MemberName=r5c5abe45d1ab7xZPEg2dH&DeleteFlag=0 from 106.184.60.29
2022/06/30 20:29:04 [/shop/shopping/load_payment_module.php] Array
(
    [0] => Array
        (
            [MemberID] => 8515
            [MemberName] => r5c5abe45d1ab7xZPEg2dH
            [DeleteFlag] => 0
        )

)
 from 106.184.60.29
2022/06/30 20:29:04 [/shop/shopping/load_payment_module.php] SendRequest:https://p01.mul-pay.jp/payment/SearchCard.idPass from 106.184.60.29
2022/06/30 20:29:04 [/shop/shopping/load_payment_module.php] Array
(
    [SiteID] => mst0000007602
    [SitePass] => ******
    [MemberID] => 8515
)
 from 106.184.60.29
2022/06/30 20:29:04 [/shop/shopping/load_payment_module.php] ErrCode=E01&ErrInfo=E01240002 from 106.184.60.29
2022/06/30 20:29:04 [/shop/shopping/load_payment_module.php] Array
(
    [0] => Array
        (
            [ErrCode] => E01
            [ErrInfo] => E01240002
        )

)
 from 106.184.60.29
2022/06/30 22:30:33 [/shop/mypage/change_card.php] SendRequest:https://p01.mul-pay.jp/payment/SearchMember.idPass from 138.64.65.177
2022/06/30 22:30:33 [/shop/mypage/change_card.php] Array
(
    [SiteID] => mst0000007602
    [SitePass] => ******
    [MemberID] => 10637
)
 from 138.64.65.177
2022/06/30 22:30:33 [/shop/mypage/change_card.php] MemberID=10637&MemberName=r62284e6c6ac97WXVsWCDe&DeleteFlag=0 from 138.64.65.177
2022/06/30 22:30:33 [/shop/mypage/change_card.php] Array
(
    [0] => Array
        (
            [MemberID] => 10637
            [MemberName] => r62284e6c6ac97WXVsWCDe
            [DeleteFlag] => 0
        )

)
 from 138.64.65.177
2022/06/30 22:30:33 [/shop/mypage/change_card.php] SendRequest:https://p01.mul-pay.jp/payment/SearchMember.idPass from 138.64.65.177
2022/06/30 22:30:33 [/shop/mypage/change_card.php] Array
(
    [SiteID] => mst0000007602
    [SitePass] => ******
    [MemberID] => 10637
)
 from 138.64.65.177
2022/06/30 22:30:33 [/shop/mypage/change_card.php] MemberID=10637&MemberName=r62284e6c6ac97WXVsWCDe&DeleteFlag=0 from 138.64.65.177
2022/06/30 22:30:33 [/shop/mypage/change_card.php] Array
(
    [0] => Array
        (
            [MemberID] => 10637
            [MemberName] => r62284e6c6ac97WXVsWCDe
            [DeleteFlag] => 0
        )

)
 from 138.64.65.177
2022/06/30 22:30:33 [/shop/mypage/change_card.php] SendRequest:https://p01.mul-pay.jp/payment/SearchCard.idPass from 138.64.65.177
2022/06/30 22:30:33 [/shop/mypage/change_card.php] Array
(
    [SiteID] => mst0000007602
    [SitePass] => ******
    [MemberID] => 10637
)
 from 138.64.65.177
2022/06/30 22:30:33 [/shop/mypage/change_card.php] ErrCode=E01&ErrInfo=E01240002 from 138.64.65.177
2022/06/30 22:30:33 [/shop/mypage/change_card.php] Array
(
    [0] => Array
        (
            [ErrCode] => E01
            [ErrInfo] => E01240002
        )

)
 from 138.64.65.177
2022/06/30 22:35:23 [/shop/shopping/load_payment_module.php] SendRequest:https://p01.mul-pay.jp/payment/SearchMember.idPass from 110.134.212.185
2022/06/30 22:35:23 [/shop/shopping/load_payment_module.php] Array
(
    [SiteID] => mst0000007602
    [SitePass] => ******
    [MemberID] => 10637
)
 from 110.134.212.185
2022/06/30 22:35:23 [/shop/shopping/load_payment_module.php] MemberID=10637&MemberName=r62284e6c6ac97WXVsWCDe&DeleteFlag=0 from 110.134.212.185
2022/06/30 22:35:23 [/shop/shopping/load_payment_module.php] Array
(
    [0] => Array
        (
            [MemberID] => 10637
            [MemberName] => r62284e6c6ac97WXVsWCDe
            [DeleteFlag] => 0
        )

)
 from 110.134.212.185
2022/06/30 22:35:23 [/shop/shopping/load_payment_module.php] SendRequest:https://p01.mul-pay.jp/payment/SearchCard.idPass from 110.134.212.185
2022/06/30 22:35:23 [/shop/shopping/load_payment_module.php] Array
(
    [SiteID] => mst0000007602
    [SitePass] => ******
    [MemberID] => 10637
)
 from 110.134.212.185
2022/06/30 22:35:23 [/shop/shopping/load_payment_module.php] ErrCode=E01&ErrInfo=E01240002 from 110.134.212.185
2022/06/30 22:35:23 [/shop/shopping/load_payment_module.php] Array
(
    [0] => Array
        (
            [ErrCode] => E01
            [ErrInfo] => E01240002
        )

)
 from 110.134.212.185
2022/06/30 22:36:12 [/shop/shopping/load_payment_module.php] SendRequest:https://p01.mul-pay.jp/payment/SearchMember.idPass from 110.134.212.185
2022/06/30 22:36:12 [/shop/shopping/load_payment_module.php] Array
(
    [SiteID] => mst0000007602
    [SitePass] => ******
    [MemberID] => 10637
)
 from 110.134.212.185
2022/06/30 22:36:12 [/shop/shopping/load_payment_module.php] MemberID=10637&MemberName=r62284e6c6ac97WXVsWCDe&DeleteFlag=0 from 110.134.212.185
2022/06/30 22:36:12 [/shop/shopping/load_payment_module.php] Array
(
    [0] => Array
        (
            [MemberID] => 10637
            [MemberName] => r62284e6c6ac97WXVsWCDe
            [DeleteFlag] => 0
        )

)
 from 110.134.212.185
2022/06/30 22:36:12 [/shop/shopping/load_payment_module.php] SendRequest:https://p01.mul-pay.jp/payment/SearchCard.idPass from 110.134.212.185
2022/06/30 22:36:12 [/shop/shopping/load_payment_module.php] Array
(
    [SiteID] => mst0000007602
    [SitePass] => ******
    [MemberID] => 10637
)
 from 110.134.212.185
2022/06/30 22:36:12 [/shop/shopping/load_payment_module.php] ErrCode=E01&ErrInfo=E01240002 from 110.134.212.185
2022/06/30 22:36:12 [/shop/shopping/load_payment_module.php] Array
(
    [0] => Array
        (
            [ErrCode] => E01
            [ErrInfo] => E01240002
        )

)
 from 110.134.212.185
2022/06/30 22:36:12 [/shop/shopping/load_payment_module.php] SendRequest:https://p01.mul-pay.jp/payment/EntryTran.idPass from 110.134.212.185
2022/06/30 22:36:12 [/shop/shopping/load_payment_module.php] Array
(
    [ShopID] => 9000034600950
    [ShopPass] => ******
    [OrderID] => 946899-30223612
    [JobCd] => CAPTURE
    [Amount] => 6359
    [TdFlag] => 0
    [TdTenantName] => 
)
 from 110.134.212.185
2022/06/30 22:36:12 [/shop/shopping/load_payment_module.php] AccessID=90a164adf8ab143eaba1834e68ef86d6&AccessPass=627d8053f50240f8215bbbee544e4846 from 110.134.212.185
2022/06/30 22:36:12 [/shop/shopping/load_payment_module.php] Array
(
    [0] => Array
        (
            [AccessID] => 90a164adf8ab143eaba1834e68ef86d6
            [AccessPass] => 627d8053f50240f8215bbbee544e4846
        )

)
 from 110.134.212.185
2022/06/30 22:36:12 [/shop/shopping/load_payment_module.php] load_payment_module.php set payment data:Array
(
    [AccessID] => 90a164adf8ab143eaba1834e68ef86d6
    [AccessPass] => 627d8053f50240f8215bbbee544e4846
    [OrderID] => 946899-30223612
    [Amount] => 6359
    [JobCd] => CAPTURE
    [action_status] => 1
    [pay_status] => 0
)
 from 110.134.212.185
2022/06/30 22:36:12 [/shop/shopping/load_payment_module.php] SendRequest:https://p01.mul-pay.jp/payment/ExecTran.idPass from 110.134.212.185
2022/06/30 22:36:12 [/shop/shopping/load_payment_module.php] Array
(
    [AccessID] => 90a164adf8ab143eaba1834e68ef86d6
    [AccessPass] => 627d8053f50240f8215bbbee544e4846
    [OrderID] => 946899-30223612
    [Method] => 1
    [Token] => d7566df1024b3657108b0f11ef92a18c860ec4a319b91aa61aa7f18485fffa05
    [ClientField1] => 
    [ClientField2] => 
    [ClientField3] => EC-CUBE4.3.35
)
 from 110.134.212.185
2022/06/30 22:36:13 [/shop/shopping/load_payment_module.php] ACS=0&OrderID=946899-30223612&Forward=2S49631&Method=1&PayTimes=&Approve=0591669&TranID=2206302236602257210134170210&TranDate=20220630223613&CheckString=d42509277a5200a2d142189fed222d55 from 110.134.212.185
2022/06/30 22:36:13 [/shop/shopping/load_payment_module.php] Array
(
    [0] => Array
        (
            [ACS] => 0
            [OrderID] => 946899-30223612
            [Forward] => 2S49631
            [Method] => 1
            [PayTimes] => 
            [Approve] => 0591669
            [TranID] => 2206302236602257210134170210
            [TranDate] => 20220630223613
            [CheckString] => d42509277a5200a2d142189fed222d55
        )

)
 from 110.134.212.185
2022/06/30 22:36:13 [/shop/shopping/load_payment_module.php] load_payment_module.php set payment data:Array
(
    [ACS] => 0
    [Forward] => 2S49631
    [Method] => 1
    [PayTimes] => 
    [Approve] => 0591669
    [TranID] => 2206302236602257210134170210
    [TranDate] => 20220630223613
    [CheckString] => d42509277a5200a2d142189fed222d55
    [Amount] => 6359
    [JobCd] => CAPTURE
    [action_status] => 3
    [pay_status] => 13
)
 from 110.134.212.185
2022/06/30 22:36:13 [/shop/user_data/pg_mulpay_recv.php] ******* receiveer data start ******* from 210.175.7.20
2022/06/30 22:36:13 [/shop/user_data/pg_mulpay_recv.php] Array
(
    [ShopID] => 9000034600950
    [ShopPass] => **********
    [AccessID] => 90a164adf8ab143eaba1834e68ef86d6
    [AccessPass] => ********************************
    [OrderID] => 946899-30223612
    [Status] => CAPTURE
    [JobCd] => CAPTURE
    [Amount] => 6359
    [Tax] => 0
    [Currency] => JPN
    [Forward] => 2S49631
    [Method] => 1
    [PayTimes] => 
    [TranID] => 2206302236602257210134170210
    [Approve] => 0591669
    [TranDate] => 20220630223613
    [ErrCode] => 
    [ErrInfo] => 
    [PayType] => 0
)
 from 210.175.7.20
2022/06/30 22:36:13 [/shop/user_data/pg_mulpay_recv.php] ******* receiveer data end ******* from 210.175.7.20
2022/06/30 22:36:18 [/shop/user_data/pg_mulpay_recv.php] update order status:1 order_id=946899 from 210.175.7.20
2022/06/30 22:36:18 [/shop/user_data/pg_mulpay_recv.php] pg_mulpay_recv.php set payment data:Array
(
    [ShopID] => 9000034600950
    [AccessID] => 90a164adf8ab143eaba1834e68ef86d6
    [OrderID] => 946899-30223612
    [Status] => CAPTURE
    [JobCd] => CAPTURE
    [Amount] => 6359
    [Tax] => 0
    [Currency] => JPN
    [Forward] => 2S49631
    [Method] => 1
    [PayTimes] => 
    [TranID] => 2206302236602257210134170210
    [Approve] => 0591669
    [TranDate] => 20220630223613
    [ErrCode] => 
    [ErrInfo] => 
    [PayType] => 0
    [CvsCode] => 
    [CvsConfNo] => 
    [CvsReceiptNo] => 
    [EdyReceiptNo] => 
    [EdyOrderNo] => 
    [SuicaReceiptNo] => 
    [SuicaOrderNo] => 
    [CustID] => 
    [BkCode] => 
    [ConfNo] => 
    [PaymentTerm] => 
    [EncryptReceiptNo] => 
    [FinishDate] => 
    [ReceiptDate] => 
    [WebMoneyManagementNo] => 
    [WebMoneySettleCode] => 
    [AuPayInfoNo] => 
    [AuPayMethod] => 
    [AuCancelAmount] => 
    [AuCancelTax] => 
    [DocomoSettlementCode] => 
    [DocomoCancelAmount] => 
    [DocomoCancelTax] => 
    [pay_status] => 13
)
 from 210.175.7.20
2022/06/30 22:36:18 [/shop/user_data/pg_mulpay_recv.php] response:true from 210.175.7.20
2022/06/30 23:06:59 [/shop/shopping/load_payment_module.php] SendRequest:https://p01.mul-pay.jp/payment/SearchMember.idPass from 78.199.183.65
2022/06/30 23:06:59 [/shop/shopping/load_payment_module.php] Array
(
    [SiteID] => mst0000007602
    [SitePass] => ******
    [MemberID] => 2474
)
 from 78.199.183.65
2022/06/30 23:06:59 [/shop/shopping/load_payment_module.php] ErrCode=E01&ErrInfo=E01390002 from 78.199.183.65
2022/06/30 23:06:59 [/shop/shopping/load_payment_module.php] Array
(
    [0] => Array
        (
            [ErrCode] => E01
            [ErrInfo] => E01390002
        )

)
 from 78.199.183.65
2022/06/30 23:06:59 [/shop/shopping/load_payment_module.php] SendRequest:https://p01.mul-pay.jp/payment/SearchCard.idPass from 78.199.183.65
2022/06/30 23:06:59 [/shop/shopping/load_payment_module.php] Array
(
    [SiteID] => mst0000007602
    [SitePass] => ******
    [MemberID] => 2474
)
 from 78.199.183.65
2022/06/30 23:06:59 [/shop/shopping/load_payment_module.php] ErrCode=E01|E01&ErrInfo=E01390002|E01240002 from 78.199.183.65
2022/06/30 23:06:59 [/shop/shopping/load_payment_module.php] Array
(
    [0] => Array
        (
            [ErrCode] => E01
            [ErrInfo] => E01390002
        )

    [1] => Array
        (
            [ErrCode] => E01
            [ErrInfo] => E01240002
        )

)
 from 78.199.183.65
2022/06/30 23:07:28 [/shop/shopping/load_payment_module.php] SendRequest:https://p01.mul-pay.jp/payment/SearchMember.idPass from 78.199.183.65
2022/06/30 23:07:28 [/shop/shopping/load_payment_module.php] Array
(
    [SiteID] => mst0000007602
    [SitePass] => ******
    [MemberID] => 2474
)
 from 78.199.183.65
2022/06/30 23:07:28 [/shop/shopping/load_payment_module.php] ErrCode=E01&ErrInfo=E01390002 from 78.199.183.65
2022/06/30 23:07:28 [/shop/shopping/load_payment_module.php] Array
(
    [0] => Array
        (
            [ErrCode] => E01
            [ErrInfo] => E01390002
        )

)
 from 78.199.183.65
2022/06/30 23:07:28 [/shop/shopping/load_payment_module.php] SendRequest:https://p01.mul-pay.jp/payment/SearchCard.idPass from 78.199.183.65
2022/06/30 23:07:28 [/shop/shopping/load_payment_module.php] Array
(
    [SiteID] => mst0000007602
    [SitePass] => ******
    [MemberID] => 2474
)
 from 78.199.183.65
2022/06/30 23:07:28 [/shop/shopping/load_payment_module.php] ErrCode=E01|E01&ErrInfo=E01390002|E01240002 from 78.199.183.65
2022/06/30 23:07:28 [/shop/shopping/load_payment_module.php] Array
(
    [0] => Array
        (
            [ErrCode] => E01
            [ErrInfo] => E01390002
        )

    [1] => Array
        (
            [ErrCode] => E01
            [ErrInfo] => E01240002
        )

)
 from 78.199.183.65
2022/06/30 23:09:18 [/shop/shopping/load_payment_module.php] SendRequest:https://p01.mul-pay.jp/payment/SearchMember.idPass from 78.199.183.65
2022/06/30 23:09:18 [/shop/shopping/load_payment_module.php] Array
(
    [SiteID] => mst0000007602
    [SitePass] => ******
    [MemberID] => 2474
)
 from 78.199.183.65
2022/06/30 23:09:18 [/shop/shopping/load_payment_module.php] ErrCode=E01&ErrInfo=E01390002 from 78.199.183.65
2022/06/30 23:09:18 [/shop/shopping/load_payment_module.php] Array
(
    [0] => Array
        (
            [ErrCode] => E01
            [ErrInfo] => E01390002
        )

)
 from 78.199.183.65
2022/06/30 23:09:18 [/shop/shopping/load_payment_module.php] SendRequest:https://p01.mul-pay.jp/payment/SearchCard.idPass from 78.199.183.65
2022/06/30 23:09:18 [/shop/shopping/load_payment_module.php] Array
(
    [SiteID] => mst0000007602
    [SitePass] => ******
    [MemberID] => 2474
)
 from 78.199.183.65
2022/06/30 23:09:19 [/shop/shopping/load_payment_module.php] ErrCode=E01|E01&ErrInfo=E01390002|E01240002 from 78.199.183.65
2022/06/30 23:09:19 [/shop/shopping/load_payment_module.php] Array
(
    [0] => Array
        (
            [ErrCode] => E01
            [ErrInfo] => E01390002
        )

    [1] => Array
        (
            [ErrCode] => E01
            [ErrInfo] => E01240002
        )

)
 from 78.199.183.65
2022/06/30 23:09:44 [/shop/shopping/load_payment_module.php] SendRequest:https://p01.mul-pay.jp/payment/SearchMember.idPass from 78.199.183.65
2022/06/30 23:09:44 [/shop/shopping/load_payment_module.php] Array
(
    [SiteID] => mst0000007602
    [SitePass] => ******
    [MemberID] => 2474
)
 from 78.199.183.65
2022/06/30 23:09:44 [/shop/shopping/load_payment_module.php] ErrCode=E01&ErrInfo=E01390002 from 78.199.183.65
2022/06/30 23:09:44 [/shop/shopping/load_payment_module.php] Array
(
    [0] => Array
        (
            [ErrCode] => E01
            [ErrInfo] => E01390002
        )

)
 from 78.199.183.65
2022/06/30 23:09:44 [/shop/shopping/load_payment_module.php] SendRequest:https://p01.mul-pay.jp/payment/SearchCard.idPass from 78.199.183.65
2022/06/30 23:09:44 [/shop/shopping/load_payment_module.php] Array
(
    [SiteID] => mst0000007602
    [SitePass] => ******
    [MemberID] => 2474
)
 from 78.199.183.65
2022/06/30 23:09:44 [/shop/shopping/load_payment_module.php] ErrCode=E01|E01&ErrInfo=E01390002|E01240002 from 78.199.183.65
2022/06/30 23:09:44 [/shop/shopping/load_payment_module.php] Array
(
    [0] => Array
        (
            [ErrCode] => E01
            [ErrInfo] => E01390002
        )

    [1] => Array
        (
            [ErrCode] => E01
            [ErrInfo] => E01240002
        )

)
 from 78.199.183.65
2022/06/30 23:09:44 [/shop/shopping/load_payment_module.php] SendRequest:https://p01.mul-pay.jp/payment/EntryTran.idPass from 78.199.183.65
2022/06/30 23:09:44 [/shop/shopping/load_payment_module.php] Array
(
    [ShopID] => 9000034600950
    [ShopPass] => ******
    [OrderID] => 946901-30230944
    [JobCd] => CAPTURE
    [Amount] => 14539
    [TdFlag] => 0
    [TdTenantName] => 
)
 from 78.199.183.65
2022/06/30 23:09:45 [/shop/shopping/load_payment_module.php] AccessID=98c2d3c9a8f192cdc129f1447f041c6c&AccessPass=cf7577b2579e88c6b4286601922cd526 from 78.199.183.65
2022/06/30 23:09:45 [/shop/shopping/load_payment_module.php] Array
(
    [0] => Array
        (
            [AccessID] => 98c2d3c9a8f192cdc129f1447f041c6c
            [AccessPass] => cf7577b2579e88c6b4286601922cd526
        )

)
 from 78.199.183.65
2022/06/30 23:09:45 [/shop/shopping/load_payment_module.php] load_payment_module.php set payment data:Array
(
    [AccessID] => 98c2d3c9a8f192cdc129f1447f041c6c
    [AccessPass] => cf7577b2579e88c6b4286601922cd526
    [OrderID] => 946901-30230944
    [Amount] => 14539
    [JobCd] => CAPTURE
    [action_status] => 1
    [pay_status] => 0
)
 from 78.199.183.65
2022/06/30 23:09:45 [/shop/shopping/load_payment_module.php] SendRequest:https://p01.mul-pay.jp/payment/ExecTran.idPass from 78.199.183.65
2022/06/30 23:09:45 [/shop/shopping/load_payment_module.php] Array
(
    [AccessID] => 98c2d3c9a8f192cdc129f1447f041c6c
    [AccessPass] => cf7577b2579e88c6b4286601922cd526
    [OrderID] => 946901-30230944
    [Method] => 1
    [Token] => 5c345dec392fd1f0364ebb9831d5892b62b85ac2ad38f44d0b68a7a7bc149a84
    [ClientField1] => 
    [ClientField2] => 
    [ClientField3] => EC-CUBE4.3.35
)
 from 78.199.183.65
2022/06/30 23:09:46 [/shop/shopping/load_payment_module.php] ACS=0&OrderID=946901-30230944&Forward=2a99661&Method=1&PayTimes=&Approve=0207768&TranID=2206302309602257210134160222&TranDate=20220630230946&CheckString=1d4a8925aaa8405631c5fbe22722e5bc from 78.199.183.65
2022/06/30 23:09:46 [/shop/shopping/load_payment_module.php] Array
(
    [0] => Array
        (
            [ACS] => 0
            [OrderID] => 946901-30230944
            [Forward] => 2a99661
            [Method] => 1
            [PayTimes] => 
            [Approve] => 0207768
            [TranID] => 2206302309602257210134160222
            [TranDate] => 20220630230946
            [CheckString] => 1d4a8925aaa8405631c5fbe22722e5bc
        )

)
 from 78.199.183.65
2022/06/30 23:09:46 [/shop/shopping/load_payment_module.php] load_payment_module.php set payment data:Array
(
    [ACS] => 0
    [Forward] => 2a99661
    [Method] => 1
    [PayTimes] => 
    [Approve] => 0207768
    [TranID] => 2206302309602257210134160222
    [TranDate] => 20220630230946
    [CheckString] => 1d4a8925aaa8405631c5fbe22722e5bc
    [Amount] => 14539
    [JobCd] => CAPTURE
    [action_status] => 3
    [pay_status] => 13
)
 from 78.199.183.65
2022/06/30 23:09:46 [/shop/user_data/pg_mulpay_recv.php] ******* receiveer data start ******* from 210.175.7.20
2022/06/30 23:09:46 [/shop/user_data/pg_mulpay_recv.php] Array
(
    [ShopID] => 9000034600950
    [ShopPass] => **********
    [AccessID] => 98c2d3c9a8f192cdc129f1447f041c6c
    [AccessPass] => ********************************
    [OrderID] => 946901-30230944
    [Status] => CAPTURE
    [JobCd] => CAPTURE
    [Amount] => 14539
    [Tax] => 0
    [Currency] => JPN
    [Forward] => 2a99661
    [Method] => 1
    [PayTimes] => 
    [TranID] => 2206302309602257210134160222
    [Approve] => 0207768
    [TranDate] => 20220630230946
    [ErrCode] => 
    [ErrInfo] => 
    [PayType] => 0
)
 from 210.175.7.20
2022/06/30 23:09:46 [/shop/user_data/pg_mulpay_recv.php] ******* receiveer data end ******* from 210.175.7.20
2022/06/30 23:09:51 [/shop/user_data/pg_mulpay_recv.php] update order status:1 order_id=946901 from 210.175.7.20
2022/06/30 23:09:51 [/shop/user_data/pg_mulpay_recv.php] pg_mulpay_recv.php set payment data:Array
(
    [ShopID] => 9000034600950
    [AccessID] => 98c2d3c9a8f192cdc129f1447f041c6c
    [OrderID] => 946901-30230944
    [Status] => CAPTURE
    [JobCd] => CAPTURE
    [Amount] => 14539
    [Tax] => 0
    [Currency] => JPN
    [Forward] => 2a99661
    [Method] => 1
    [PayTimes] => 
    [TranID] => 2206302309602257210134160222
    [Approve] => 0207768
    [TranDate] => 20220630230946
    [ErrCode] => 
    [ErrInfo] => 
    [PayType] => 0
    [CvsCode] => 
    [CvsConfNo] => 
    [CvsReceiptNo] => 
    [EdyReceiptNo] => 
    [EdyOrderNo] => 
    [SuicaReceiptNo] => 
    [SuicaOrderNo] => 
    [CustID] => 
    [BkCode] => 
    [ConfNo] => 
    [PaymentTerm] => 
    [EncryptReceiptNo] => 
    [FinishDate] => 
    [ReceiptDate] => 
    [WebMoneyManagementNo] => 
    [WebMoneySettleCode] => 
    [AuPayInfoNo] => 
    [AuPayMethod] => 
    [AuCancelAmount] => 
    [AuCancelTax] => 
    [DocomoSettlementCode] => 
    [DocomoCancelAmount] => 
    [DocomoCancelTax] => 
    [pay_status] => 13
)
 from 210.175.7.20
2022/06/30 23:09:51 [/shop/user_data/pg_mulpay_recv.php] response:true from 210.175.7.20
