2021/04/03 17:30:03 [/shop/shopping/load_payment_module.php] SendRequest:https://p01.mul-pay.jp/payment/EntryTran.idPass from 182.251.55.67
2021/04/03 17:30:03 [/shop/shopping/load_payment_module.php] Array
(
    [ShopID] => 9000034600950
    [ShopPass] => ******
    [OrderID] => 945222-03173003
    [JobCd] => CAPTURE
    [Amount] => 9400
    [TdFlag] => 0
    [TdTenantName] => 
)
 from 182.251.55.67
2021/04/03 17:30:03 [/shop/shopping/load_payment_module.php] AccessID=6901a4e4d65eadb1bdf8199bbe2358df&AccessPass=7f77eabbf3174726f72c2f1cd67ab25a from 182.251.55.67
2021/04/03 17:30:03 [/shop/shopping/load_payment_module.php] Array
(
    [0] => Array
        (
            [AccessID] => 6901a4e4d65eadb1bdf8199bbe2358df
            [AccessPass] => 7f77eabbf3174726f72c2f1cd67ab25a
        )

)
 from 182.251.55.67
2021/04/03 17:30:03 [/shop/shopping/load_payment_module.php] load_payment_module.php set payment data:Array
(
    [AccessID] => 6901a4e4d65eadb1bdf8199bbe2358df
    [AccessPass] => 7f77eabbf3174726f72c2f1cd67ab25a
    [OrderID] => 945222-03173003
    [Amount] => 9400
    [JobCd] => CAPTURE
    [action_status] => 1
    [pay_status] => 0
)
 from 182.251.55.67
2021/04/03 17:30:03 [/shop/shopping/load_payment_module.php] SendRequest:https://p01.mul-pay.jp/payment/ExecTran.idPass from 182.251.55.67
2021/04/03 17:30:03 [/shop/shopping/load_payment_module.php] Array
(
    [AccessID] => 6901a4e4d65eadb1bdf8199bbe2358df
    [AccessPass] => 7f77eabbf3174726f72c2f1cd67ab25a
    [OrderID] => 945222-03173003
    [Method] => 1
    [Token] => 6e1a3ab38d5f1f0647042f114c5290439d7f8814cf237c09fdbe83369d441b7e
    [ClientField1] => 
    [ClientField2] => 
    [ClientField3] => EC-CUBE4.3.24
)
 from 182.251.55.67
2021/04/03 17:30:05 [/shop/shopping/load_payment_module.php] ErrCode=G12&ErrInfo=42G120000 from 182.251.55.67
2021/04/03 17:30:05 [/shop/shopping/load_payment_module.php] Array
(
    [0] => Array
        (
            [ErrCode] => G12
            [ErrInfo] => 42G120000
        )

)
 from 182.251.55.67
2021/04/03 17:30:05 [/shop/shopping/load_payment_module.php] load_payment_module.php set payment data:Array
(
    [request_error] => Array
        (
            [0] => このカードでは取引をする事が出来ません。 (G12-42G120000)
        )

    [Amount] => 9400
    [JobCd] => CAPTURE
    [action_status] => 3
)
 from 182.251.55.67
2021/04/03 17:30:05 [/shop/user_data/pg_mulpay_recv.php] ******* receiveer data start ******* from 210.175.7.20
2021/04/03 17:30:05 [/shop/user_data/pg_mulpay_recv.php] Array
(
    [ShopID] => 9000034600950
    [ShopPass] => **********
    [AccessID] => 6901a4e4d65eadb1bdf8199bbe2358df
    [AccessPass] => ********************************
    [OrderID] => 945222-03173003
    [Status] => UNPROCESSED
    [JobCd] => CAPTURE
    [Amount] => 9400
    [Tax] => 0
    [Currency] => JPN
    [Forward] => 2959876
    [Method] => 1
    [PayTimes] => 
    [TranID] => 2104031730602257210134113787
    [Approve] =>        
    [TranDate] => 20210403173005
    [ErrCode] => G12
    [ErrInfo] => 42G120000
    [PayType] => 0
)
 from 210.175.7.20
2021/04/03 17:30:05 [/shop/user_data/pg_mulpay_recv.php] ******* receiveer data end ******* from 210.175.7.20
2021/04/03 17:30:05 [/shop/user_data/pg_mulpay_recv.php] pg_mulpay_recv.php set payment data:Array
(
    [ShopID] => 9000034600950
    [AccessID] => 6901a4e4d65eadb1bdf8199bbe2358df
    [OrderID] => 945222-03173003
    [Status] => UNPROCESSED
    [JobCd] => CAPTURE
    [Amount] => 9400
    [Tax] => 0
    [Currency] => JPN
    [Forward] => 2959876
    [Method] => 1
    [PayTimes] => 
    [TranID] => 2104031730602257210134113787
    [Approve] => 
    [TranDate] => 20210403173005
    [ErrCode] => G12
    [ErrInfo] => 42G120000
    [PayType] => 0
    [CvsCode] => 
    [CvsConfNo] => 
    [CvsReceiptNo] => 
    [EdyReceiptNo] => 
    [EdyOrderNo] => 
    [SuicaReceiptNo] => 
    [SuicaOrderNo] => 
    [CustID] => 
    [BkCode] => 
    [ConfNo] => 
    [PaymentTerm] => 
    [EncryptReceiptNo] => 
    [FinishDate] => 
    [ReceiptDate] => 
    [WebMoneyManagementNo] => 
    [WebMoneySettleCode] => 
    [AuPayInfoNo] => 
    [AuPayMethod] => 
    [AuCancelAmount] => 
    [AuCancelTax] => 
    [DocomoSettlementCode] => 
    [DocomoCancelAmount] => 
    [DocomoCancelTax] => 
    [pay_status] => 0
)
 from 210.175.7.20
2021/04/03 17:30:05 [/shop/user_data/pg_mulpay_recv.php] response:true from 210.175.7.20
