2024/08/30 01:15:44 [/shop/shopping/load_payment_module.php] SendRequest:https://p01.mul-pay.jp/payment/SearchMember.idPass from 43.247.132.34
2024/08/30 01:15:44 [/shop/shopping/load_payment_module.php] Array
(
    [SiteID] => mst0000007602
    [SitePass] => ******
    [MemberID] => 12919
)
 from 43.247.132.34
2024/08/30 01:15:44 [/shop/shopping/load_payment_module.php] ErrCode=E01&ErrInfo=E01390002 from 43.247.132.34
2024/08/30 01:15:44 [/shop/shopping/load_payment_module.php] Array
(
    [0] => Array
        (
            [ErrCode] => E01
            [ErrInfo] => E01390002
        )

)
 from 43.247.132.34
2024/08/30 01:15:44 [/shop/shopping/load_payment_module.php] SendRequest:https://p01.mul-pay.jp/payment/SearchCard.idPass from 43.247.132.34
2024/08/30 01:15:44 [/shop/shopping/load_payment_module.php] Array
(
    [SiteID] => mst0000007602
    [SitePass] => ******
    [MemberID] => 12919
)
 from 43.247.132.34
2024/08/30 01:15:44 [/shop/shopping/load_payment_module.php] ErrCode=E01|E01&ErrInfo=E01390002|E01240002 from 43.247.132.34
2024/08/30 01:15:44 [/shop/shopping/load_payment_module.php] Array
(
    [0] => Array
        (
            [ErrCode] => E01
            [ErrInfo] => E01390002
        )

    [1] => Array
        (
            [ErrCode] => E01
            [ErrInfo] => E01240002
        )

)
 from 43.247.132.34
2024/08/30 01:19:36 [/shop/shopping/load_payment_module.php] SendRequest:https://p01.mul-pay.jp/payment/SearchMember.idPass from 43.247.132.34
2024/08/30 01:19:36 [/shop/shopping/load_payment_module.php] Array
(
    [SiteID] => mst0000007602
    [SitePass] => ******
    [MemberID] => 12919
)
 from 43.247.132.34
2024/08/30 01:19:36 [/shop/shopping/load_payment_module.php] ErrCode=E01&ErrInfo=E01390002 from 43.247.132.34
2024/08/30 01:19:36 [/shop/shopping/load_payment_module.php] Array
(
    [0] => Array
        (
            [ErrCode] => E01
            [ErrInfo] => E01390002
        )

)
 from 43.247.132.34
2024/08/30 01:19:36 [/shop/shopping/load_payment_module.php] SendRequest:https://p01.mul-pay.jp/payment/SearchCard.idPass from 43.247.132.34
2024/08/30 01:19:36 [/shop/shopping/load_payment_module.php] Array
(
    [SiteID] => mst0000007602
    [SitePass] => ******
    [MemberID] => 12919
)
 from 43.247.132.34
2024/08/30 01:19:36 [/shop/shopping/load_payment_module.php] ErrCode=E01|E01&ErrInfo=E01390002|E01240002 from 43.247.132.34
2024/08/30 01:19:36 [/shop/shopping/load_payment_module.php] Array
(
    [0] => Array
        (
            [ErrCode] => E01
            [ErrInfo] => E01390002
        )

    [1] => Array
        (
            [ErrCode] => E01
            [ErrInfo] => E01240002
        )

)
 from 43.247.132.34
2024/08/30 01:19:36 [/shop/shopping/load_payment_module.php] SendRequest:https://p01.mul-pay.jp/payment/EntryTran.idPass from 43.247.132.34
2024/08/30 01:19:36 [/shop/shopping/load_payment_module.php] Array
(
    [ShopID] => 9000034600950
    [ShopPass] => ******
    [OrderID] => 958701-30011936
    [JobCd] => CAPTURE
    [Amount] => 4400
    [TdFlag] => 0
    [TdTenantName] => 
)
 from 43.247.132.34
2024/08/30 01:19:36 [/shop/shopping/load_payment_module.php] AccessID=a5e06e8457d3abefa7485f790d28ea27&AccessPass=3236f29e8e02a2fbe17daed6e83a5c99 from 43.247.132.34
2024/08/30 01:19:36 [/shop/shopping/load_payment_module.php] Array
(
    [0] => Array
        (
            [AccessID] => a5e06e8457d3abefa7485f790d28ea27
            [AccessPass] => 3236f29e8e02a2fbe17daed6e83a5c99
        )

)
 from 43.247.132.34
2024/08/30 01:19:36 [/shop/shopping/load_payment_module.php] load_payment_module.php set payment data:Array
(
    [AccessID] => a5e06e8457d3abefa7485f790d28ea27
    [AccessPass] => 3236f29e8e02a2fbe17daed6e83a5c99
    [OrderID] => 958701-30011936
    [Amount] => 4400
    [JobCd] => CAPTURE
    [action_status] => 1
    [pay_status] => 0
)
 from 43.247.132.34
2024/08/30 01:19:36 [/shop/shopping/load_payment_module.php] SendRequest:https://p01.mul-pay.jp/payment/ExecTran.idPass from 43.247.132.34
2024/08/30 01:19:36 [/shop/shopping/load_payment_module.php] Array
(
    [AccessID] => a5e06e8457d3abefa7485f790d28ea27
    [AccessPass] => 3236f29e8e02a2fbe17daed6e83a5c99
    [OrderID] => 958701-30011936
    [Method] => 1
    [Token] => 3cd1a16e884e3f06b4b6a1160d4e471ab91b4174a166cba0d3a42319db01f95c
    [ClientField1] => 
    [ClientField2] => 
    [ClientField3] => EC-CUBE4.3.35
)
 from 43.247.132.34
2024/08/30 01:19:38 [/shop/shopping/load_payment_module.php] ACS=0&OrderID=958701-30011936&Forward=2959876&Method=1&PayTimes=&Approve=0377828&TranID=2408300119602257210134173334&TranDate=20240830011938&CheckString=8abdddb20e0d5e0cc3459add9ec325a2 from 43.247.132.34
2024/08/30 01:19:38 [/shop/shopping/load_payment_module.php] Array
(
    [0] => Array
        (
            [ACS] => 0
            [OrderID] => 958701-30011936
            [Forward] => 2959876
            [Method] => 1
            [PayTimes] => 
            [Approve] => 0377828
            [TranID] => 2408300119602257210134173334
            [TranDate] => 20240830011938
            [CheckString] => 8abdddb20e0d5e0cc3459add9ec325a2
        )

)
 from 43.247.132.34
2024/08/30 01:19:38 [/shop/shopping/load_payment_module.php] load_payment_module.php set payment data:Array
(
    [ACS] => 0
    [Forward] => 2959876
    [Method] => 1
    [PayTimes] => 
    [Approve] => 0377828
    [TranID] => 2408300119602257210134173334
    [TranDate] => 20240830011938
    [CheckString] => 8abdddb20e0d5e0cc3459add9ec325a2
    [Amount] => 4400
    [JobCd] => CAPTURE
    [action_status] => 3
    [pay_status] => 13
)
 from 43.247.132.34
2024/08/30 01:19:39 [/shop/user_data/pg_mulpay_recv.php] ******* receiveer data start ******* from 210.175.7.20
2024/08/30 01:19:39 [/shop/user_data/pg_mulpay_recv.php] Array
(
    [ShopID] => 9000034600950
    [ShopPass] => **********
    [AccessID] => a5e06e8457d3abefa7485f790d28ea27
    [AccessPass] => ********************************
    [OrderID] => 958701-30011936
    [Status] => CAPTURE
    [JobCd] => CAPTURE
    [Amount] => 4400
    [Tax] => 0
    [Currency] => JPN
    [Forward] => 2959876
    [Method] => 1
    [PayTimes] => 
    [TranID] => 2408300119602257210134173334
    [Approve] => 0377828
    [TranDate] => 20240830011938
    [ErrCode] => 
    [ErrInfo] => 
    [PayType] => 0
)
 from 210.175.7.20
2024/08/30 01:19:39 [/shop/user_data/pg_mulpay_recv.php] ******* receiveer data end ******* from 210.175.7.20
2024/08/30 01:19:44 [/shop/user_data/pg_mulpay_recv.php] update order status:1 order_id=958701 from 210.175.7.20
2024/08/30 01:19:44 [/shop/user_data/pg_mulpay_recv.php] pg_mulpay_recv.php set payment data:Array
(
    [ShopID] => 9000034600950
    [AccessID] => a5e06e8457d3abefa7485f790d28ea27
    [OrderID] => 958701-30011936
    [Status] => CAPTURE
    [JobCd] => CAPTURE
    [Amount] => 4400
    [Tax] => 0
    [Currency] => JPN
    [Forward] => 2959876
    [Method] => 1
    [PayTimes] => 
    [TranID] => 2408300119602257210134173334
    [Approve] => 0377828
    [TranDate] => 20240830011938
    [ErrCode] => 
    [ErrInfo] => 
    [PayType] => 0
    [CvsCode] => 
    [CvsConfNo] => 
    [CvsReceiptNo] => 
    [EdyReceiptNo] => 
    [EdyOrderNo] => 
    [SuicaReceiptNo] => 
    [SuicaOrderNo] => 
    [CustID] => 
    [BkCode] => 
    [ConfNo] => 
    [PaymentTerm] => 
    [EncryptReceiptNo] => 
    [FinishDate] => 
    [ReceiptDate] => 
    [WebMoneyManagementNo] => 
    [WebMoneySettleCode] => 
    [AuPayInfoNo] => 
    [AuPayMethod] => 
    [AuCancelAmount] => 
    [AuCancelTax] => 
    [DocomoSettlementCode] => 
    [DocomoCancelAmount] => 
    [DocomoCancelTax] => 
    [pay_status] => 13
)
 from 210.175.7.20
2024/08/30 01:19:44 [/shop/user_data/pg_mulpay_recv.php] response:true from 210.175.7.20
2024/08/30 08:57:44 [/shop/shopping/load_payment_module.php] SendRequest:https://p01.mul-pay.jp/payment/SearchMember.idPass from 24.118.84.213
2024/08/30 08:57:44 [/shop/shopping/load_payment_module.php] Array
(
    [SiteID] => mst0000007602
    [SitePass] => ******
    [MemberID] => 12921
)
 from 24.118.84.213
2024/08/30 08:57:44 [/shop/shopping/load_payment_module.php] ErrCode=E01&ErrInfo=E01390002 from 24.118.84.213
2024/08/30 08:57:44 [/shop/shopping/load_payment_module.php] Array
(
    [0] => Array
        (
            [ErrCode] => E01
            [ErrInfo] => E01390002
        )

)
 from 24.118.84.213
2024/08/30 08:57:44 [/shop/shopping/load_payment_module.php] SendRequest:https://p01.mul-pay.jp/payment/SearchCard.idPass from 24.118.84.213
2024/08/30 08:57:44 [/shop/shopping/load_payment_module.php] Array
(
    [SiteID] => mst0000007602
    [SitePass] => ******
    [MemberID] => 12921
)
 from 24.118.84.213
2024/08/30 08:57:45 [/shop/shopping/load_payment_module.php] ErrCode=E01|E01&ErrInfo=E01390002|E01240002 from 24.118.84.213
2024/08/30 08:57:45 [/shop/shopping/load_payment_module.php] Array
(
    [0] => Array
        (
            [ErrCode] => E01
            [ErrInfo] => E01390002
        )

    [1] => Array
        (
            [ErrCode] => E01
            [ErrInfo] => E01240002
        )

)
 from 24.118.84.213
2024/08/30 08:57:53 [/shop/shopping/load_payment_module.php] SendRequest:https://p01.mul-pay.jp/payment/SearchMember.idPass from 187.251.245.178
2024/08/30 08:57:53 [/shop/shopping/load_payment_module.php] Array
(
    [SiteID] => mst0000007602
    [SitePass] => ******
    [MemberID] => 2231
)
 from 187.251.245.178
2024/08/30 08:57:53 [/shop/shopping/load_payment_module.php] ErrCode=E01&ErrInfo=E01390002 from 187.251.245.178
2024/08/30 08:57:53 [/shop/shopping/load_payment_module.php] Array
(
    [0] => Array
        (
            [ErrCode] => E01
            [ErrInfo] => E01390002
        )

)
 from 187.251.245.178
2024/08/30 08:57:53 [/shop/shopping/load_payment_module.php] SendRequest:https://p01.mul-pay.jp/payment/SearchCard.idPass from 187.251.245.178
2024/08/30 08:57:53 [/shop/shopping/load_payment_module.php] Array
(
    [SiteID] => mst0000007602
    [SitePass] => ******
    [MemberID] => 2231
)
 from 187.251.245.178
2024/08/30 08:57:53 [/shop/shopping/load_payment_module.php] ErrCode=E01|E01&ErrInfo=E01390002|E01240002 from 187.251.245.178
2024/08/30 08:57:53 [/shop/shopping/load_payment_module.php] Array
(
    [0] => Array
        (
            [ErrCode] => E01
            [ErrInfo] => E01390002
        )

    [1] => Array
        (
            [ErrCode] => E01
            [ErrInfo] => E01240002
        )

)
 from 187.251.245.178
2024/08/30 08:58:58 [/shop/shopping/load_payment_module.php] SendRequest:https://p01.mul-pay.jp/payment/SearchMember.idPass from 24.118.84.213
2024/08/30 08:58:58 [/shop/shopping/load_payment_module.php] Array
(
    [SiteID] => mst0000007602
    [SitePass] => ******
    [MemberID] => 12921
)
 from 24.118.84.213
2024/08/30 08:58:58 [/shop/shopping/load_payment_module.php] ErrCode=E01&ErrInfo=E01390002 from 24.118.84.213
2024/08/30 08:58:58 [/shop/shopping/load_payment_module.php] Array
(
    [0] => Array
        (
            [ErrCode] => E01
            [ErrInfo] => E01390002
        )

)
 from 24.118.84.213
2024/08/30 08:58:58 [/shop/shopping/load_payment_module.php] SendRequest:https://p01.mul-pay.jp/payment/SearchCard.idPass from 24.118.84.213
2024/08/30 08:58:58 [/shop/shopping/load_payment_module.php] Array
(
    [SiteID] => mst0000007602
    [SitePass] => ******
    [MemberID] => 12921
)
 from 24.118.84.213
2024/08/30 08:58:58 [/shop/shopping/load_payment_module.php] ErrCode=E01|E01&ErrInfo=E01390002|E01240002 from 24.118.84.213
2024/08/30 08:58:58 [/shop/shopping/load_payment_module.php] Array
(
    [0] => Array
        (
            [ErrCode] => E01
            [ErrInfo] => E01390002
        )

    [1] => Array
        (
            [ErrCode] => E01
            [ErrInfo] => E01240002
        )

)
 from 24.118.84.213
2024/08/30 08:58:58 [/shop/shopping/load_payment_module.php] SendRequest:https://p01.mul-pay.jp/payment/EntryTran.idPass from 24.118.84.213
2024/08/30 08:58:58 [/shop/shopping/load_payment_module.php] Array
(
    [ShopID] => 9000034600950
    [ShopPass] => ******
    [OrderID] => 958702-30085858
    [JobCd] => CAPTURE
    [Amount] => 16500
    [TdFlag] => 0
    [TdTenantName] => 
)
 from 24.118.84.213
2024/08/30 08:58:58 [/shop/shopping/load_payment_module.php] AccessID=b57fc7064ca16b11a75267b4dd0621cc&AccessPass=333e549cbdf40fb45ccfb0760c3850ac from 24.118.84.213
2024/08/30 08:58:58 [/shop/shopping/load_payment_module.php] Array
(
    [0] => Array
        (
            [AccessID] => b57fc7064ca16b11a75267b4dd0621cc
            [AccessPass] => 333e549cbdf40fb45ccfb0760c3850ac
        )

)
 from 24.118.84.213
2024/08/30 08:58:58 [/shop/shopping/load_payment_module.php] load_payment_module.php set payment data:Array
(
    [AccessID] => b57fc7064ca16b11a75267b4dd0621cc
    [AccessPass] => 333e549cbdf40fb45ccfb0760c3850ac
    [OrderID] => 958702-30085858
    [Amount] => 16500
    [JobCd] => CAPTURE
    [action_status] => 1
    [pay_status] => 0
)
 from 24.118.84.213
2024/08/30 08:58:58 [/shop/shopping/load_payment_module.php] SendRequest:https://p01.mul-pay.jp/payment/ExecTran.idPass from 24.118.84.213
2024/08/30 08:58:58 [/shop/shopping/load_payment_module.php] Array
(
    [AccessID] => b57fc7064ca16b11a75267b4dd0621cc
    [AccessPass] => 333e549cbdf40fb45ccfb0760c3850ac
    [OrderID] => 958702-30085858
    [Method] => 1
    [Token] => 20b5b73109bba4264c3219386e36b83ed55b9b18048905e073966f44e3bb1652
    [ClientField1] => 
    [ClientField2] => 
    [ClientField3] => EC-CUBE4.3.35
)
 from 24.118.84.213
2024/08/30 08:58:59 [/shop/shopping/load_payment_module.php] ACS=0&OrderID=958702-30085858&Forward=2959876&Method=1&PayTimes=&Approve=0225467&TranID=2408300858602257210134183374&TranDate=20240830085859&CheckString=75ec77cd7de8f4a5567152742621c4b3 from 24.118.84.213
2024/08/30 08:58:59 [/shop/shopping/load_payment_module.php] Array
(
    [0] => Array
        (
            [ACS] => 0
            [OrderID] => 958702-30085858
            [Forward] => 2959876
            [Method] => 1
            [PayTimes] => 
            [Approve] => 0225467
            [TranID] => 2408300858602257210134183374
            [TranDate] => 20240830085859
            [CheckString] => 75ec77cd7de8f4a5567152742621c4b3
        )

)
 from 24.118.84.213
2024/08/30 08:58:59 [/shop/shopping/load_payment_module.php] load_payment_module.php set payment data:Array
(
    [ACS] => 0
    [Forward] => 2959876
    [Method] => 1
    [PayTimes] => 
    [Approve] => 0225467
    [TranID] => 2408300858602257210134183374
    [TranDate] => 20240830085859
    [CheckString] => 75ec77cd7de8f4a5567152742621c4b3
    [Amount] => 16500
    [JobCd] => CAPTURE
    [action_status] => 3
    [pay_status] => 13
)
 from 24.118.84.213
2024/08/30 08:58:59 [/shop/user_data/pg_mulpay_recv.php] ******* receiveer data start ******* from 210.175.7.20
2024/08/30 08:58:59 [/shop/user_data/pg_mulpay_recv.php] Array
(
    [ShopID] => 9000034600950
    [ShopPass] => **********
    [AccessID] => b57fc7064ca16b11a75267b4dd0621cc
    [AccessPass] => ********************************
    [OrderID] => 958702-30085858
    [Status] => CAPTURE
    [JobCd] => CAPTURE
    [Amount] => 16500
    [Tax] => 0
    [Currency] => JPN
    [Forward] => 2959876
    [Method] => 1
    [PayTimes] => 
    [TranID] => 2408300858602257210134183374
    [Approve] => 0225467
    [TranDate] => 20240830085859
    [ErrCode] => 
    [ErrInfo] => 
    [PayType] => 0
)
 from 210.175.7.20
2024/08/30 08:58:59 [/shop/user_data/pg_mulpay_recv.php] ******* receiveer data end ******* from 210.175.7.20
2024/08/30 08:59:04 [/shop/user_data/pg_mulpay_recv.php] update order status:1 order_id=958702 from 210.175.7.20
2024/08/30 08:59:04 [/shop/user_data/pg_mulpay_recv.php] pg_mulpay_recv.php set payment data:Array
(
    [ShopID] => 9000034600950
    [AccessID] => b57fc7064ca16b11a75267b4dd0621cc
    [OrderID] => 958702-30085858
    [Status] => CAPTURE
    [JobCd] => CAPTURE
    [Amount] => 16500
    [Tax] => 0
    [Currency] => JPN
    [Forward] => 2959876
    [Method] => 1
    [PayTimes] => 
    [TranID] => 2408300858602257210134183374
    [Approve] => 0225467
    [TranDate] => 20240830085859
    [ErrCode] => 
    [ErrInfo] => 
    [PayType] => 0
    [CvsCode] => 
    [CvsConfNo] => 
    [CvsReceiptNo] => 
    [EdyReceiptNo] => 
    [EdyOrderNo] => 
    [SuicaReceiptNo] => 
    [SuicaOrderNo] => 
    [CustID] => 
    [BkCode] => 
    [ConfNo] => 
    [PaymentTerm] => 
    [EncryptReceiptNo] => 
    [FinishDate] => 
    [ReceiptDate] => 
    [WebMoneyManagementNo] => 
    [WebMoneySettleCode] => 
    [AuPayInfoNo] => 
    [AuPayMethod] => 
    [AuCancelAmount] => 
    [AuCancelTax] => 
    [DocomoSettlementCode] => 
    [DocomoCancelAmount] => 
    [DocomoCancelTax] => 
    [pay_status] => 13
)
 from 210.175.7.20
2024/08/30 08:59:04 [/shop/user_data/pg_mulpay_recv.php] response:true from 210.175.7.20
2024/08/30 09:02:10 [/shop/shopping/load_payment_module.php] SendRequest:https://p01.mul-pay.jp/payment/SearchMember.idPass from 187.251.245.178
2024/08/30 09:02:10 [/shop/shopping/load_payment_module.php] Array
(
    [SiteID] => mst0000007602
    [SitePass] => ******
    [MemberID] => 2231
)
 from 187.251.245.178
2024/08/30 09:02:10 [/shop/shopping/load_payment_module.php] ErrCode=E01&ErrInfo=E01390002 from 187.251.245.178
2024/08/30 09:02:10 [/shop/shopping/load_payment_module.php] Array
(
    [0] => Array
        (
            [ErrCode] => E01
            [ErrInfo] => E01390002
        )

)
 from 187.251.245.178
2024/08/30 09:02:10 [/shop/shopping/load_payment_module.php] SendRequest:https://p01.mul-pay.jp/payment/SearchCard.idPass from 187.251.245.178
2024/08/30 09:02:10 [/shop/shopping/load_payment_module.php] Array
(
    [SiteID] => mst0000007602
    [SitePass] => ******
    [MemberID] => 2231
)
 from 187.251.245.178
2024/08/30 09:02:11 [/shop/shopping/load_payment_module.php] ErrCode=E01|E01&ErrInfo=E01390002|E01240002 from 187.251.245.178
2024/08/30 09:02:11 [/shop/shopping/load_payment_module.php] Array
(
    [0] => Array
        (
            [ErrCode] => E01
            [ErrInfo] => E01390002
        )

    [1] => Array
        (
            [ErrCode] => E01
            [ErrInfo] => E01240002
        )

)
 from 187.251.245.178
2024/08/30 09:02:11 [/shop/shopping/load_payment_module.php] SendRequest:https://p01.mul-pay.jp/payment/EntryTran.idPass from 187.251.245.178
2024/08/30 09:02:11 [/shop/shopping/load_payment_module.php] Array
(
    [ShopID] => 9000034600950
    [ShopPass] => ******
    [OrderID] => 958703-30090211
    [JobCd] => CAPTURE
    [Amount] => 9760
    [TdFlag] => 0
    [TdTenantName] => 
)
 from 187.251.245.178
2024/08/30 09:02:11 [/shop/shopping/load_payment_module.php] AccessID=140be0dd6647cdd9e5bd3e89c0e4d8f9&AccessPass=4f0c0f338d292273760e35748e5597f2 from 187.251.245.178
2024/08/30 09:02:11 [/shop/shopping/load_payment_module.php] Array
(
    [0] => Array
        (
            [AccessID] => 140be0dd6647cdd9e5bd3e89c0e4d8f9
            [AccessPass] => 4f0c0f338d292273760e35748e5597f2
        )

)
 from 187.251.245.178
2024/08/30 09:02:11 [/shop/shopping/load_payment_module.php] load_payment_module.php set payment data:Array
(
    [AccessID] => 140be0dd6647cdd9e5bd3e89c0e4d8f9
    [AccessPass] => 4f0c0f338d292273760e35748e5597f2
    [OrderID] => 958703-30090211
    [Amount] => 9760
    [JobCd] => CAPTURE
    [action_status] => 1
    [pay_status] => 0
)
 from 187.251.245.178
2024/08/30 09:02:11 [/shop/shopping/load_payment_module.php] SendRequest:https://p01.mul-pay.jp/payment/ExecTran.idPass from 187.251.245.178
2024/08/30 09:02:11 [/shop/shopping/load_payment_module.php] Array
(
    [AccessID] => 140be0dd6647cdd9e5bd3e89c0e4d8f9
    [AccessPass] => 4f0c0f338d292273760e35748e5597f2
    [OrderID] => 958703-30090211
    [Method] => 1
    [Token] => 476446ac72b16b3af957470a74b2dc2817250a8e395b4537ff1b8733ecd96449
    [ClientField1] => 
    [ClientField2] => 
    [ClientField3] => EC-CUBE4.3.35
)
 from 187.251.245.178
2024/08/30 09:02:12 [/shop/shopping/load_payment_module.php] ACS=0&OrderID=958703-30090211&Forward=2959876&Method=1&PayTimes=&Approve=0009157&TranID=2408300902602257210134183375&TranDate=20240830090212&CheckString=b2beacf56012e3b57097af12d896db93 from 187.251.245.178
2024/08/30 09:02:12 [/shop/shopping/load_payment_module.php] Array
(
    [0] => Array
        (
            [ACS] => 0
            [OrderID] => 958703-30090211
            [Forward] => 2959876
            [Method] => 1
            [PayTimes] => 
            [Approve] => 0009157
            [TranID] => 2408300902602257210134183375
            [TranDate] => 20240830090212
            [CheckString] => b2beacf56012e3b57097af12d896db93
        )

)
 from 187.251.245.178
2024/08/30 09:02:12 [/shop/shopping/load_payment_module.php] load_payment_module.php set payment data:Array
(
    [ACS] => 0
    [Forward] => 2959876
    [Method] => 1
    [PayTimes] => 
    [Approve] => 0009157
    [TranID] => 2408300902602257210134183375
    [TranDate] => 20240830090212
    [CheckString] => b2beacf56012e3b57097af12d896db93
    [Amount] => 9760
    [JobCd] => CAPTURE
    [action_status] => 3
    [pay_status] => 13
)
 from 187.251.245.178
2024/08/30 09:02:12 [/shop/user_data/pg_mulpay_recv.php] ******* receiveer data start ******* from 210.175.7.20
2024/08/30 09:02:12 [/shop/user_data/pg_mulpay_recv.php] Array
(
    [ShopID] => 9000034600950
    [ShopPass] => **********
    [AccessID] => 140be0dd6647cdd9e5bd3e89c0e4d8f9
    [AccessPass] => ********************************
    [OrderID] => 958703-30090211
    [Status] => CAPTURE
    [JobCd] => CAPTURE
    [Amount] => 9760
    [Tax] => 0
    [Currency] => JPN
    [Forward] => 2959876
    [Method] => 1
    [PayTimes] => 
    [TranID] => 2408300902602257210134183375
    [Approve] => 0009157
    [TranDate] => 20240830090212
    [ErrCode] => 
    [ErrInfo] => 
    [PayType] => 0
)
 from 210.175.7.20
2024/08/30 09:02:12 [/shop/user_data/pg_mulpay_recv.php] ******* receiveer data end ******* from 210.175.7.20
2024/08/30 09:02:17 [/shop/user_data/pg_mulpay_recv.php] update order status:1 order_id=958703 from 210.175.7.20
2024/08/30 09:02:17 [/shop/user_data/pg_mulpay_recv.php] pg_mulpay_recv.php set payment data:Array
(
    [ShopID] => 9000034600950
    [AccessID] => 140be0dd6647cdd9e5bd3e89c0e4d8f9
    [OrderID] => 958703-30090211
    [Status] => CAPTURE
    [JobCd] => CAPTURE
    [Amount] => 9760
    [Tax] => 0
    [Currency] => JPN
    [Forward] => 2959876
    [Method] => 1
    [PayTimes] => 
    [TranID] => 2408300902602257210134183375
    [Approve] => 0009157
    [TranDate] => 20240830090212
    [ErrCode] => 
    [ErrInfo] => 
    [PayType] => 0
    [CvsCode] => 
    [CvsConfNo] => 
    [CvsReceiptNo] => 
    [EdyReceiptNo] => 
    [EdyOrderNo] => 
    [SuicaReceiptNo] => 
    [SuicaOrderNo] => 
    [CustID] => 
    [BkCode] => 
    [ConfNo] => 
    [PaymentTerm] => 
    [EncryptReceiptNo] => 
    [FinishDate] => 
    [ReceiptDate] => 
    [WebMoneyManagementNo] => 
    [WebMoneySettleCode] => 
    [AuPayInfoNo] => 
    [AuPayMethod] => 
    [AuCancelAmount] => 
    [AuCancelTax] => 
    [DocomoSettlementCode] => 
    [DocomoCancelAmount] => 
    [DocomoCancelTax] => 
    [pay_status] => 13
)
 from 210.175.7.20
2024/08/30 09:02:17 [/shop/user_data/pg_mulpay_recv.php] response:true from 210.175.7.20
2024/08/30 10:44:35 [/shop/shopping/load_payment_module.php] SendRequest:https://p01.mul-pay.jp/payment/EntryTran.idPass from 107.115.171.65
2024/08/30 10:44:35 [/shop/shopping/load_payment_module.php] Array
(
    [ShopID] => 9000034600950
    [ShopPass] => ******
    [OrderID] => 958704-30104435
    [JobCd] => CAPTURE
    [Amount] => 6560
    [TdFlag] => 0
    [TdTenantName] => 
)
 from 107.115.171.65
2024/08/30 10:44:35 [/shop/shopping/load_payment_module.php] AccessID=7dac081b6f850153b81a6dc9aa0dec86&AccessPass=c6bd4d55ffbeaa64f7a6d2fe572022d1 from 107.115.171.65
2024/08/30 10:44:35 [/shop/shopping/load_payment_module.php] Array
(
    [0] => Array
        (
            [AccessID] => 7dac081b6f850153b81a6dc9aa0dec86
            [AccessPass] => c6bd4d55ffbeaa64f7a6d2fe572022d1
        )

)
 from 107.115.171.65
2024/08/30 10:44:35 [/shop/shopping/load_payment_module.php] load_payment_module.php set payment data:Array
(
    [AccessID] => 7dac081b6f850153b81a6dc9aa0dec86
    [AccessPass] => c6bd4d55ffbeaa64f7a6d2fe572022d1
    [OrderID] => 958704-30104435
    [Amount] => 6560
    [JobCd] => CAPTURE
    [action_status] => 1
    [pay_status] => 0
)
 from 107.115.171.65
2024/08/30 10:44:35 [/shop/shopping/load_payment_module.php] SendRequest:https://p01.mul-pay.jp/payment/ExecTran.idPass from 107.115.171.65
2024/08/30 10:44:35 [/shop/shopping/load_payment_module.php] Array
(
    [AccessID] => 7dac081b6f850153b81a6dc9aa0dec86
    [AccessPass] => c6bd4d55ffbeaa64f7a6d2fe572022d1
    [OrderID] => 958704-30104435
    [Method] => 1
    [Token] => a5d927b5c91fc999e03f822cb6ca01397993a99a5124bdd506d01b7588a09d1e
    [ClientField1] => 
    [ClientField2] => 
    [ClientField3] => EC-CUBE4.3.35
)
 from 107.115.171.65
2024/08/30 10:44:36 [/shop/shopping/load_payment_module.php] ACS=0&OrderID=958704-30104435&Forward=2959876&Method=1&PayTimes=&Approve=0506719&TranID=2408301044602257210134153471&TranDate=20240830104436&CheckString=479db4268a9d52625cc7f5ba3542eb2f from 107.115.171.65
2024/08/30 10:44:36 [/shop/shopping/load_payment_module.php] Array
(
    [0] => Array
        (
            [ACS] => 0
            [OrderID] => 958704-30104435
            [Forward] => 2959876
            [Method] => 1
            [PayTimes] => 
            [Approve] => 0506719
            [TranID] => 2408301044602257210134153471
            [TranDate] => 20240830104436
            [CheckString] => 479db4268a9d52625cc7f5ba3542eb2f
        )

)
 from 107.115.171.65
2024/08/30 10:44:36 [/shop/shopping/load_payment_module.php] load_payment_module.php set payment data:Array
(
    [ACS] => 0
    [Forward] => 2959876
    [Method] => 1
    [PayTimes] => 
    [Approve] => 0506719
    [TranID] => 2408301044602257210134153471
    [TranDate] => 20240830104436
    [CheckString] => 479db4268a9d52625cc7f5ba3542eb2f
    [Amount] => 6560
    [JobCd] => CAPTURE
    [action_status] => 3
    [pay_status] => 13
)
 from 107.115.171.65
2024/08/30 10:44:36 [/shop/user_data/pg_mulpay_recv.php] ******* receiveer data start ******* from 210.175.7.20
2024/08/30 10:44:36 [/shop/user_data/pg_mulpay_recv.php] Array
(
    [ShopID] => 9000034600950
    [ShopPass] => **********
    [AccessID] => 7dac081b6f850153b81a6dc9aa0dec86
    [AccessPass] => ********************************
    [OrderID] => 958704-30104435
    [Status] => CAPTURE
    [JobCd] => CAPTURE
    [Amount] => 6560
    [Tax] => 0
    [Currency] => JPN
    [Forward] => 2959876
    [Method] => 1
    [PayTimes] => 
    [TranID] => 2408301044602257210134153471
    [Approve] => 0506719
    [TranDate] => 20240830104436
    [ErrCode] => 
    [ErrInfo] => 
    [PayType] => 0
)
 from 210.175.7.20
2024/08/30 10:44:36 [/shop/user_data/pg_mulpay_recv.php] ******* receiveer data end ******* from 210.175.7.20
2024/08/30 10:44:41 [/shop/user_data/pg_mulpay_recv.php] update order status:1 order_id=958704 from 210.175.7.20
2024/08/30 10:44:41 [/shop/user_data/pg_mulpay_recv.php] pg_mulpay_recv.php set payment data:Array
(
    [ShopID] => 9000034600950
    [AccessID] => 7dac081b6f850153b81a6dc9aa0dec86
    [OrderID] => 958704-30104435
    [Status] => CAPTURE
    [JobCd] => CAPTURE
    [Amount] => 6560
    [Tax] => 0
    [Currency] => JPN
    [Forward] => 2959876
    [Method] => 1
    [PayTimes] => 
    [TranID] => 2408301044602257210134153471
    [Approve] => 0506719
    [TranDate] => 20240830104436
    [ErrCode] => 
    [ErrInfo] => 
    [PayType] => 0
    [CvsCode] => 
    [CvsConfNo] => 
    [CvsReceiptNo] => 
    [EdyReceiptNo] => 
    [EdyOrderNo] => 
    [SuicaReceiptNo] => 
    [SuicaOrderNo] => 
    [CustID] => 
    [BkCode] => 
    [ConfNo] => 
    [PaymentTerm] => 
    [EncryptReceiptNo] => 
    [FinishDate] => 
    [ReceiptDate] => 
    [WebMoneyManagementNo] => 
    [WebMoneySettleCode] => 
    [AuPayInfoNo] => 
    [AuPayMethod] => 
    [AuCancelAmount] => 
    [AuCancelTax] => 
    [DocomoSettlementCode] => 
    [DocomoCancelAmount] => 
    [DocomoCancelTax] => 
    [pay_status] => 13
)
 from 210.175.7.20
2024/08/30 10:44:41 [/shop/user_data/pg_mulpay_recv.php] response:true from 210.175.7.20
2024/08/30 13:39:37 [/shop/shopping/load_payment_module.php] SendRequest:https://p01.mul-pay.jp/payment/EntryTran.idPass from 121.200.6.236
2024/08/30 13:39:37 [/shop/shopping/load_payment_module.php] Array
(
    [ShopID] => 9000034600950
    [ShopPass] => ******
    [OrderID] => 958705-30133937
    [JobCd] => CAPTURE
    [Amount] => 10500
    [TdFlag] => 0
    [TdTenantName] => 
)
 from 121.200.6.236
2024/08/30 13:39:37 [/shop/shopping/load_payment_module.php] AccessID=e9b4d496236820a19fe435ec27bc47b4&AccessPass=0d2974d77fa832e25ef5dfe6db9d1cf8 from 121.200.6.236
2024/08/30 13:39:37 [/shop/shopping/load_payment_module.php] Array
(
    [0] => Array
        (
            [AccessID] => e9b4d496236820a19fe435ec27bc47b4
            [AccessPass] => 0d2974d77fa832e25ef5dfe6db9d1cf8
        )

)
 from 121.200.6.236
2024/08/30 13:39:37 [/shop/shopping/load_payment_module.php] load_payment_module.php set payment data:Array
(
    [AccessID] => e9b4d496236820a19fe435ec27bc47b4
    [AccessPass] => 0d2974d77fa832e25ef5dfe6db9d1cf8
    [OrderID] => 958705-30133937
    [Amount] => 10500
    [JobCd] => CAPTURE
    [action_status] => 1
    [pay_status] => 0
)
 from 121.200.6.236
2024/08/30 13:39:37 [/shop/shopping/load_payment_module.php] SendRequest:https://p01.mul-pay.jp/payment/ExecTran.idPass from 121.200.6.236
2024/08/30 13:39:37 [/shop/shopping/load_payment_module.php] Array
(
    [AccessID] => e9b4d496236820a19fe435ec27bc47b4
    [AccessPass] => 0d2974d77fa832e25ef5dfe6db9d1cf8
    [OrderID] => 958705-30133937
    [Method] => 1
    [Token] => 87064b0a9e6144f9645237b8e82b1da47f74a72d9ad1ebe903691f8cb79e6300
    [ClientField1] => 
    [ClientField2] => 
    [ClientField3] => EC-CUBE4.3.35
)
 from 121.200.6.236
2024/08/30 13:39:38 [/shop/shopping/load_payment_module.php] ACS=0&OrderID=958705-30133937&Forward=2S49631&Method=1&PayTimes=&Approve=0118272&TranID=2408301339602257210134183376&TranDate=20240830133938&CheckString=e5e36c4c8f65325b4cd59c526adacb1f from 121.200.6.236
2024/08/30 13:39:38 [/shop/shopping/load_payment_module.php] Array
(
    [0] => Array
        (
            [ACS] => 0
            [OrderID] => 958705-30133937
            [Forward] => 2S49631
            [Method] => 1
            [PayTimes] => 
            [Approve] => 0118272
            [TranID] => 2408301339602257210134183376
            [TranDate] => 20240830133938
            [CheckString] => e5e36c4c8f65325b4cd59c526adacb1f
        )

)
 from 121.200.6.236
2024/08/30 13:39:38 [/shop/shopping/load_payment_module.php] load_payment_module.php set payment data:Array
(
    [ACS] => 0
    [Forward] => 2S49631
    [Method] => 1
    [PayTimes] => 
    [Approve] => 0118272
    [TranID] => 2408301339602257210134183376
    [TranDate] => 20240830133938
    [CheckString] => e5e36c4c8f65325b4cd59c526adacb1f
    [Amount] => 10500
    [JobCd] => CAPTURE
    [action_status] => 3
    [pay_status] => 13
)
 from 121.200.6.236
2024/08/30 13:39:38 [/shop/user_data/pg_mulpay_recv.php] ******* receiveer data start ******* from 210.175.7.20
2024/08/30 13:39:38 [/shop/user_data/pg_mulpay_recv.php] Array
(
    [ShopID] => 9000034600950
    [ShopPass] => **********
    [AccessID] => e9b4d496236820a19fe435ec27bc47b4
    [AccessPass] => ********************************
    [OrderID] => 958705-30133937
    [Status] => CAPTURE
    [JobCd] => CAPTURE
    [Amount] => 10500
    [Tax] => 0
    [Currency] => JPN
    [Forward] => 2S49631
    [Method] => 1
    [PayTimes] => 
    [TranID] => 2408301339602257210134183376
    [Approve] => 0118272
    [TranDate] => 20240830133938
    [ErrCode] => 
    [ErrInfo] => 
    [PayType] => 0
)
 from 210.175.7.20
2024/08/30 13:39:38 [/shop/user_data/pg_mulpay_recv.php] ******* receiveer data end ******* from 210.175.7.20
2024/08/30 13:39:43 [/shop/user_data/pg_mulpay_recv.php] update order status:1 order_id=958705 from 210.175.7.20
2024/08/30 13:39:43 [/shop/user_data/pg_mulpay_recv.php] pg_mulpay_recv.php set payment data:Array
(
    [ShopID] => 9000034600950
    [AccessID] => e9b4d496236820a19fe435ec27bc47b4
    [OrderID] => 958705-30133937
    [Status] => CAPTURE
    [JobCd] => CAPTURE
    [Amount] => 10500
    [Tax] => 0
    [Currency] => JPN
    [Forward] => 2S49631
    [Method] => 1
    [PayTimes] => 
    [TranID] => 2408301339602257210134183376
    [Approve] => 0118272
    [TranDate] => 20240830133938
    [ErrCode] => 
    [ErrInfo] => 
    [PayType] => 0
    [CvsCode] => 
    [CvsConfNo] => 
    [CvsReceiptNo] => 
    [EdyReceiptNo] => 
    [EdyOrderNo] => 
    [SuicaReceiptNo] => 
    [SuicaOrderNo] => 
    [CustID] => 
    [BkCode] => 
    [ConfNo] => 
    [PaymentTerm] => 
    [EncryptReceiptNo] => 
    [FinishDate] => 
    [ReceiptDate] => 
    [WebMoneyManagementNo] => 
    [WebMoneySettleCode] => 
    [AuPayInfoNo] => 
    [AuPayMethod] => 
    [AuCancelAmount] => 
    [AuCancelTax] => 
    [DocomoSettlementCode] => 
    [DocomoCancelAmount] => 
    [DocomoCancelTax] => 
    [pay_status] => 13
)
 from 210.175.7.20
2024/08/30 13:39:43 [/shop/user_data/pg_mulpay_recv.php] response:true from 210.175.7.20
2024/08/30 14:34:26 [/shop/master/order/edit.php] edit.php set payment data:Array
(
    [no_update_status_flg] => 1
)
 from 114.160.216.147
2024/08/30 14:34:26 [/shop/master/order/edit.php] SendRequest:https://p01.mul-pay.jp/payment/ChangeTran.idPass from 114.160.216.147
2024/08/30 14:34:26 [/shop/master/order/edit.php] Array
(
    [ShopID] => 9000034600950
    [ShopPass] => ******
    [AccessID] => 3b7c52049b33d5e8f9322cf14071e6ac
    [AccessPass] => 24c596ca8deb94b38b1bc46ced766dc0
    [JobCd] => CAPTURE
    [Amount] => 13040
)
 from 114.160.216.147
2024/08/30 14:34:27 [/shop/master/order/edit.php] AccessID=3b7c52049b33d5e8f9322cf14071e6ac&AccessPass=24c596ca8deb94b38b1bc46ced766dc0&Forward=2S49631&Approve=0008132&TranID=2408301434602257210134173335&TranDate=20240830143427 from 114.160.216.147
2024/08/30 14:34:27 [/shop/master/order/edit.php] Array
(
    [0] => Array
        (
            [AccessID] => 3b7c52049b33d5e8f9322cf14071e6ac
            [AccessPass] => 24c596ca8deb94b38b1bc46ced766dc0
            [Forward] => 2S49631
            [Approve] => 0008132
            [TranID] => 2408301434602257210134173335
            [TranDate] => 20240830143427
        )

)
 from 114.160.216.147
2024/08/30 14:34:27 [/shop/master/order/edit.php] edit.php set payment data:Array
(
    [AccessID] => 3b7c52049b33d5e8f9322cf14071e6ac
    [AccessPass] => 24c596ca8deb94b38b1bc46ced766dc0
    [Forward] => 2S49631
    [Approve] => 0008132
    [TranID] => 2408301434602257210134173335
    [TranDate] => 20240830143427
    [action_status] => 6
    [pay_status] => 13
    [JobCd] => CAPTURE
    [Amount] => 13040
)
 from 114.160.216.147
2024/08/30 14:34:28 [/shop/user_data/pg_mulpay_recv.php] ******* receiveer data start ******* from 210.175.7.20
2024/08/30 14:34:28 [/shop/user_data/pg_mulpay_recv.php] Array
(
    [ShopID] => 9000034600950
    [ShopPass] => **********
    [AccessID] => 3b7c52049b33d5e8f9322cf14071e6ac
    [AccessPass] => ********************************
    [OrderID] => 958412-26153441
    [Status] => RETURNX
    [JobCd] => RETURNX
    [Amount] => 11720
    [Tax] => 0
    [Currency] => JPN
    [Forward] => 2S49631
    [Method] => 1
    [PayTimes] => 
    [TranID] => 2408301434602257210134163468
    [Approve] =>        
    [TranDate] => 20240830143427
    [ErrCode] => 
    [ErrInfo] => 
    [PayType] => 0
)
 from 210.175.7.20
2024/08/30 14:34:28 [/shop/user_data/pg_mulpay_recv.php] ******* receiveer data end ******* from 210.175.7.20
2024/08/30 14:34:28 [/shop/user_data/pg_mulpay_recv.php] pg_mulpay_recv.php set payment data:Array
(
    [ShopID] => 9000034600950
    [AccessID] => 3b7c52049b33d5e8f9322cf14071e6ac
    [OrderID] => 958412-26153441
    [Status] => RETURNX
    [JobCd] => RETURNX
    [Amount] => 11720
    [Tax] => 0
    [Currency] => JPN
    [Forward] => 2S49631
    [Method] => 1
    [PayTimes] => 
    [TranID] => 2408301434602257210134163468
    [TranDate] => 20240830143427
    [ErrCode] => 
    [ErrInfo] => 
    [PayType] => 0
    [CvsCode] => 
    [CvsConfNo] => 
    [CvsReceiptNo] => 
    [EdyReceiptNo] => 
    [EdyOrderNo] => 
    [SuicaReceiptNo] => 
    [SuicaOrderNo] => 
    [CustID] => 
    [BkCode] => 
    [ConfNo] => 
    [PaymentTerm] => 
    [EncryptReceiptNo] => 
    [FinishDate] => 
    [ReceiptDate] => 
    [WebMoneyManagementNo] => 
    [WebMoneySettleCode] => 
    [AuPayInfoNo] => 
    [AuPayMethod] => 
    [AuCancelAmount] => 
    [AuCancelTax] => 
    [DocomoSettlementCode] => 
    [DocomoCancelAmount] => 
    [DocomoCancelTax] => 
    [pay_status] => 16
)
 from 210.175.7.20
2024/08/30 14:34:28 [/shop/user_data/pg_mulpay_recv.php] response:true from 210.175.7.20
2024/08/30 14:34:28 [/shop/user_data/pg_mulpay_recv.php] ******* receiveer data start ******* from 210.175.7.20
2024/08/30 14:34:28 [/shop/user_data/pg_mulpay_recv.php] Array
(
    [ShopID] => 9000034600950
    [ShopPass] => **********
    [AccessID] => 3b7c52049b33d5e8f9322cf14071e6ac
    [AccessPass] => ********************************
    [OrderID] => 958412-26153441
    [Status] => CAPTURE
    [JobCd] => CAPTURE
    [Amount] => 13040
    [Tax] => 0
    [Currency] => JPN
    [Forward] => 2S49631
    [Method] => 1
    [PayTimes] => 
    [TranID] => 2408301434602257210134173335
    [Approve] => 0008132
    [TranDate] => 20240830143427
    [ErrCode] => 
    [ErrInfo] => 
    [PayType] => 0
)
 from 210.175.7.20
2024/08/30 14:34:28 [/shop/user_data/pg_mulpay_recv.php] ******* receiveer data end ******* from 210.175.7.20
2024/08/30 14:34:33 [/shop/user_data/pg_mulpay_recv.php] no update order status order_id=958412 from 210.175.7.20
2024/08/30 14:34:33 [/shop/user_data/pg_mulpay_recv.php] pg_mulpay_recv.php set payment data:Array
(
    [ShopID] => 9000034600950
    [AccessID] => 3b7c52049b33d5e8f9322cf14071e6ac
    [OrderID] => 958412-26153441
    [Status] => CAPTURE
    [JobCd] => CAPTURE
    [Amount] => 13040
    [Tax] => 0
    [Currency] => JPN
    [Forward] => 2S49631
    [Method] => 1
    [PayTimes] => 
    [TranID] => 2408301434602257210134173335
    [Approve] => 0008132
    [TranDate] => 20240830143427
    [ErrCode] => 
    [ErrInfo] => 
    [PayType] => 0
    [CvsCode] => 
    [CvsConfNo] => 
    [CvsReceiptNo] => 
    [EdyReceiptNo] => 
    [EdyOrderNo] => 
    [SuicaReceiptNo] => 
    [SuicaOrderNo] => 
    [CustID] => 
    [BkCode] => 
    [ConfNo] => 
    [PaymentTerm] => 
    [EncryptReceiptNo] => 
    [FinishDate] => 
    [ReceiptDate] => 
    [WebMoneyManagementNo] => 
    [WebMoneySettleCode] => 
    [AuPayInfoNo] => 
    [AuPayMethod] => 
    [AuCancelAmount] => 
    [AuCancelTax] => 
    [DocomoSettlementCode] => 
    [DocomoCancelAmount] => 
    [DocomoCancelTax] => 
    [pay_status] => 13
    [no_update_status_flg] => 0
)
 from 210.175.7.20
2024/08/30 14:34:33 [/shop/user_data/pg_mulpay_recv.php] response:true from 210.175.7.20
2024/08/30 14:34:35 [/shop/master/order/edit.php] SendRequest:https://p01.mul-pay.jp/payment/SearchTrade.idPass from 114.160.216.147
2024/08/30 14:34:35 [/shop/master/order/edit.php] Array
(
    [ShopID] => 9000034600950
    [ShopPass] => ******
    [OrderID] => 958412-26153441
)
 from 114.160.216.147
2024/08/30 14:34:35 [/shop/master/order/edit.php] OrderID=958412-26153441&Status=CAPTURE&ProcessDate=20240830143427&JobCd=CAPTURE&AccessID=3b7c52049b33d5e8f9322cf14071e6ac&AccessPass=24c596ca8deb94b38b1bc46ced766dc0&ItemCode=0000990&Amount=13040&Tax=0&SiteID=&MemberID=&CardNo=************8748&Expire=2808&Method=1&PayTimes=&Forward=2S49631&TranID=2408301434602257210134173335&Approve=0008132&ClientField1=&ClientField2=&ClientField3=EC-CUBE4.3.35 from 114.160.216.147
2024/08/30 14:34:35 [/shop/master/order/edit.php] Array
(
    [0] => Array
        (
            [OrderID] => 958412-26153441
            [Status] => CAPTURE
            [ProcessDate] => 20240830143427
            [JobCd] => CAPTURE
            [AccessID] => 3b7c52049b33d5e8f9322cf14071e6ac
            [AccessPass] => 24c596ca8deb94b38b1bc46ced766dc0
            [ItemCode] => 0000990
            [Amount] => 13040
            [Tax] => 0
            [SiteID] => 
            [MemberID] => 
            [CardNo] => ************8748
            [Expire] => 2808
            [Method] => 1
            [PayTimes] => 
            [Forward] => 2S49631
            [TranID] => 2408301434602257210134173335
            [Approve] => 0008132
            [ClientField1] => 
            [ClientField2] => 
            [ClientField3] => EC-CUBE4.3.35
        )

)
 from 114.160.216.147
2024/08/30 14:34:35 [/shop/master/order/edit.php] edit.php set payment data:Array
(
    [OrderID] => 958412-26153441
    [Status] => CAPTURE
    [ProcessDate] => 20240830143427
    [JobCd] => CAPTURE
    [AccessID] => 3b7c52049b33d5e8f9322cf14071e6ac
    [AccessPass] => 24c596ca8deb94b38b1bc46ced766dc0
    [ItemCode] => 0000990
    [Amount] => 13040
    [Tax] => 0
    [SiteID] => 
    [MemberID] => 
    [CardNo] => ************8748
    [Expire] => 2808
    [Method] => 1
    [PayTimes] => 
    [Forward] => 2S49631
    [TranID] => 2408301434602257210134173335
    [Approve] => 0008132
    [ClientField1] => 
    [ClientField2] => 
    [ClientField3] => EC-CUBE4.3.35
    [action_status] => 6
    [pay_status] => 13
)
 from 114.160.216.147
2024/08/30 15:00:01 [/shop/shopping/load_payment_module.php] SendRequest:https://p01.mul-pay.jp/payment/SearchMember.idPass from 185.153.179.23
2024/08/30 15:00:01 [/shop/shopping/load_payment_module.php] Array
(
    [SiteID] => mst0000007602
    [SitePass] => ******
    [MemberID] => 8515
)
 from 185.153.179.23
2024/08/30 15:00:01 [/shop/shopping/load_payment_module.php] MemberID=8515&MemberName=r5c5abe45d1ab7xZPEg2dH&DeleteFlag=0 from 185.153.179.23
2024/08/30 15:00:01 [/shop/shopping/load_payment_module.php] Array
(
    [0] => Array
        (
            [MemberID] => 8515
            [MemberName] => r5c5abe45d1ab7xZPEg2dH
            [DeleteFlag] => 0
        )

)
 from 185.153.179.23
2024/08/30 15:00:01 [/shop/shopping/load_payment_module.php] SendRequest:https://p01.mul-pay.jp/payment/SearchCard.idPass from 185.153.179.23
2024/08/30 15:00:01 [/shop/shopping/load_payment_module.php] Array
(
    [SiteID] => mst0000007602
    [SitePass] => ******
    [MemberID] => 8515
)
 from 185.153.179.23
2024/08/30 15:00:01 [/shop/shopping/load_payment_module.php] ErrCode=E01&ErrInfo=E01240002 from 185.153.179.23
2024/08/30 15:00:01 [/shop/shopping/load_payment_module.php] Array
(
    [0] => Array
        (
            [ErrCode] => E01
            [ErrInfo] => E01240002
        )

)
 from 185.153.179.23
2024/08/30 15:01:21 [/shop/shopping/load_payment_module.php] SendRequest:https://p01.mul-pay.jp/payment/SearchMember.idPass from 185.153.179.23
2024/08/30 15:01:21 [/shop/shopping/load_payment_module.php] Array
(
    [SiteID] => mst0000007602
    [SitePass] => ******
    [MemberID] => 8515
)
 from 185.153.179.23
2024/08/30 15:01:21 [/shop/shopping/load_payment_module.php] MemberID=8515&MemberName=r5c5abe45d1ab7xZPEg2dH&DeleteFlag=0 from 185.153.179.23
2024/08/30 15:01:21 [/shop/shopping/load_payment_module.php] Array
(
    [0] => Array
        (
            [MemberID] => 8515
            [MemberName] => r5c5abe45d1ab7xZPEg2dH
            [DeleteFlag] => 0
        )

)
 from 185.153.179.23
2024/08/30 15:01:21 [/shop/shopping/load_payment_module.php] SendRequest:https://p01.mul-pay.jp/payment/SearchCard.idPass from 185.153.179.23
2024/08/30 15:01:21 [/shop/shopping/load_payment_module.php] Array
(
    [SiteID] => mst0000007602
    [SitePass] => ******
    [MemberID] => 8515
)
 from 185.153.179.23
2024/08/30 15:01:21 [/shop/shopping/load_payment_module.php] ErrCode=E01&ErrInfo=E01240002 from 185.153.179.23
2024/08/30 15:01:21 [/shop/shopping/load_payment_module.php] Array
(
    [0] => Array
        (
            [ErrCode] => E01
            [ErrInfo] => E01240002
        )

)
 from 185.153.179.23
2024/08/30 15:01:21 [/shop/shopping/load_payment_module.php] SendRequest:https://p01.mul-pay.jp/payment/EntryTran.idPass from 185.153.179.23
2024/08/30 15:01:21 [/shop/shopping/load_payment_module.php] Array
(
    [ShopID] => 9000034600950
    [ShopPass] => ******
    [OrderID] => 958706-30150121
    [JobCd] => CAPTURE
    [Amount] => 6930
    [TdFlag] => 0
    [TdTenantName] => 
)
 from 185.153.179.23
2024/08/30 15:01:21 [/shop/shopping/load_payment_module.php] AccessID=394d88c556b737b66e36476ff5521b97&AccessPass=eaff5bc22f539862ab03376f61ebb1ef from 185.153.179.23
2024/08/30 15:01:21 [/shop/shopping/load_payment_module.php] Array
(
    [0] => Array
        (
            [AccessID] => 394d88c556b737b66e36476ff5521b97
            [AccessPass] => eaff5bc22f539862ab03376f61ebb1ef
        )

)
 from 185.153.179.23
2024/08/30 15:01:21 [/shop/shopping/load_payment_module.php] load_payment_module.php set payment data:Array
(
    [AccessID] => 394d88c556b737b66e36476ff5521b97
    [AccessPass] => eaff5bc22f539862ab03376f61ebb1ef
    [OrderID] => 958706-30150121
    [Amount] => 6930
    [JobCd] => CAPTURE
    [action_status] => 1
    [pay_status] => 0
)
 from 185.153.179.23
2024/08/30 15:01:21 [/shop/shopping/load_payment_module.php] SendRequest:https://p01.mul-pay.jp/payment/ExecTran.idPass from 185.153.179.23
2024/08/30 15:01:21 [/shop/shopping/load_payment_module.php] Array
(
    [AccessID] => 394d88c556b737b66e36476ff5521b97
    [AccessPass] => eaff5bc22f539862ab03376f61ebb1ef
    [OrderID] => 958706-30150121
    [Method] => 1
    [Token] => 587949e3d68246069b128952050437837fd4c2cc865ab638785410ee43a18872
    [ClientField1] => 
    [ClientField2] => 
    [ClientField3] => EC-CUBE4.3.35
)
 from 185.153.179.23
2024/08/30 15:01:22 [/shop/shopping/load_payment_module.php] ACS=0&OrderID=958706-30150121&Forward=2959876&Method=1&PayTimes=&Approve=0080122&TranID=2408301501602257210134163469&TranDate=20240830150122&CheckString=3608c05f1b1d75fd59628098978d251e from 185.153.179.23
2024/08/30 15:01:22 [/shop/shopping/load_payment_module.php] Array
(
    [0] => Array
        (
            [ACS] => 0
            [OrderID] => 958706-30150121
            [Forward] => 2959876
            [Method] => 1
            [PayTimes] => 
            [Approve] => 0080122
            [TranID] => 2408301501602257210134163469
            [TranDate] => 20240830150122
            [CheckString] => 3608c05f1b1d75fd59628098978d251e
        )

)
 from 185.153.179.23
2024/08/30 15:01:22 [/shop/shopping/load_payment_module.php] load_payment_module.php set payment data:Array
(
    [ACS] => 0
    [Forward] => 2959876
    [Method] => 1
    [PayTimes] => 
    [Approve] => 0080122
    [TranID] => 2408301501602257210134163469
    [TranDate] => 20240830150122
    [CheckString] => 3608c05f1b1d75fd59628098978d251e
    [Amount] => 6930
    [JobCd] => CAPTURE
    [action_status] => 3
    [pay_status] => 13
)
 from 185.153.179.23
2024/08/30 15:01:23 [/shop/user_data/pg_mulpay_recv.php] ******* receiveer data start ******* from 210.175.7.20
2024/08/30 15:01:23 [/shop/user_data/pg_mulpay_recv.php] Array
(
    [ShopID] => 9000034600950
    [ShopPass] => **********
    [AccessID] => 394d88c556b737b66e36476ff5521b97
    [AccessPass] => ********************************
    [OrderID] => 958706-30150121
    [Status] => CAPTURE
    [JobCd] => CAPTURE
    [Amount] => 6930
    [Tax] => 0
    [Currency] => JPN
    [Forward] => 2959876
    [Method] => 1
    [PayTimes] => 
    [TranID] => 2408301501602257210134163469
    [Approve] => 0080122
    [TranDate] => 20240830150122
    [ErrCode] => 
    [ErrInfo] => 
    [PayType] => 0
)
 from 210.175.7.20
2024/08/30 15:01:23 [/shop/user_data/pg_mulpay_recv.php] ******* receiveer data end ******* from 210.175.7.20
2024/08/30 15:01:28 [/shop/user_data/pg_mulpay_recv.php] update order status:1 order_id=958706 from 210.175.7.20
2024/08/30 15:01:28 [/shop/user_data/pg_mulpay_recv.php] pg_mulpay_recv.php set payment data:Array
(
    [ShopID] => 9000034600950
    [AccessID] => 394d88c556b737b66e36476ff5521b97
    [OrderID] => 958706-30150121
    [Status] => CAPTURE
    [JobCd] => CAPTURE
    [Amount] => 6930
    [Tax] => 0
    [Currency] => JPN
    [Forward] => 2959876
    [Method] => 1
    [PayTimes] => 
    [TranID] => 2408301501602257210134163469
    [Approve] => 0080122
    [TranDate] => 20240830150122
    [ErrCode] => 
    [ErrInfo] => 
    [PayType] => 0
    [CvsCode] => 
    [CvsConfNo] => 
    [CvsReceiptNo] => 
    [EdyReceiptNo] => 
    [EdyOrderNo] => 
    [SuicaReceiptNo] => 
    [SuicaOrderNo] => 
    [CustID] => 
    [BkCode] => 
    [ConfNo] => 
    [PaymentTerm] => 
    [EncryptReceiptNo] => 
    [FinishDate] => 
    [ReceiptDate] => 
    [WebMoneyManagementNo] => 
    [WebMoneySettleCode] => 
    [AuPayInfoNo] => 
    [AuPayMethod] => 
    [AuCancelAmount] => 
    [AuCancelTax] => 
    [DocomoSettlementCode] => 
    [DocomoCancelAmount] => 
    [DocomoCancelTax] => 
    [pay_status] => 13
)
 from 210.175.7.20
2024/08/30 15:01:28 [/shop/user_data/pg_mulpay_recv.php] response:true from 210.175.7.20
2024/08/30 15:38:26 [/shop/shopping/load_payment_module.php] SendRequest:https://p01.mul-pay.jp/payment/SearchMember.idPass from 76.172.7.189
2024/08/30 15:38:26 [/shop/shopping/load_payment_module.php] Array
(
    [SiteID] => mst0000007602
    [SitePass] => ******
    [MemberID] => 12922
)
 from 76.172.7.189
2024/08/30 15:38:26 [/shop/shopping/load_payment_module.php] ErrCode=E01&ErrInfo=E01390002 from 76.172.7.189
2024/08/30 15:38:26 [/shop/shopping/load_payment_module.php] Array
(
    [0] => Array
        (
            [ErrCode] => E01
            [ErrInfo] => E01390002
        )

)
 from 76.172.7.189
2024/08/30 15:38:26 [/shop/shopping/load_payment_module.php] SendRequest:https://p01.mul-pay.jp/payment/SearchCard.idPass from 76.172.7.189
2024/08/30 15:38:26 [/shop/shopping/load_payment_module.php] Array
(
    [SiteID] => mst0000007602
    [SitePass] => ******
    [MemberID] => 12922
)
 from 76.172.7.189
2024/08/30 15:38:26 [/shop/shopping/load_payment_module.php] ErrCode=E01|E01&ErrInfo=E01390002|E01240002 from 76.172.7.189
2024/08/30 15:38:26 [/shop/shopping/load_payment_module.php] Array
(
    [0] => Array
        (
            [ErrCode] => E01
            [ErrInfo] => E01390002
        )

    [1] => Array
        (
            [ErrCode] => E01
            [ErrInfo] => E01240002
        )

)
 from 76.172.7.189
2024/08/30 15:47:23 [/shop/shopping/load_payment_module.php] SendRequest:https://p01.mul-pay.jp/payment/SearchMember.idPass from 76.172.7.189
2024/08/30 15:47:23 [/shop/shopping/load_payment_module.php] Array
(
    [SiteID] => mst0000007602
    [SitePass] => ******
    [MemberID] => 12922
)
 from 76.172.7.189
2024/08/30 15:47:23 [/shop/shopping/load_payment_module.php] ErrCode=E01&ErrInfo=E01390002 from 76.172.7.189
2024/08/30 15:47:23 [/shop/shopping/load_payment_module.php] Array
(
    [0] => Array
        (
            [ErrCode] => E01
            [ErrInfo] => E01390002
        )

)
 from 76.172.7.189
2024/08/30 15:47:23 [/shop/shopping/load_payment_module.php] SendRequest:https://p01.mul-pay.jp/payment/SearchCard.idPass from 76.172.7.189
2024/08/30 15:47:23 [/shop/shopping/load_payment_module.php] Array
(
    [SiteID] => mst0000007602
    [SitePass] => ******
    [MemberID] => 12922
)
 from 76.172.7.189
2024/08/30 15:47:23 [/shop/shopping/load_payment_module.php] ErrCode=E01|E01&ErrInfo=E01390002|E01240002 from 76.172.7.189
2024/08/30 15:47:23 [/shop/shopping/load_payment_module.php] Array
(
    [0] => Array
        (
            [ErrCode] => E01
            [ErrInfo] => E01390002
        )

    [1] => Array
        (
            [ErrCode] => E01
            [ErrInfo] => E01240002
        )

)
 from 76.172.7.189
2024/08/30 15:47:23 [/shop/shopping/load_payment_module.php] SendRequest:https://p01.mul-pay.jp/payment/EntryTran.idPass from 76.172.7.189
2024/08/30 15:47:23 [/shop/shopping/load_payment_module.php] Array
(
    [ShopID] => 9000034600950
    [ShopPass] => ******
    [OrderID] => 958707-30154723
    [JobCd] => CAPTURE
    [Amount] => 5000
    [TdFlag] => 0
    [TdTenantName] => 
)
 from 76.172.7.189
2024/08/30 15:47:23 [/shop/shopping/load_payment_module.php] AccessID=2b64c3b070d5bb998319483a844fb8db&AccessPass=bd4dd9107b18e237b06f9733f57a7e1b from 76.172.7.189
2024/08/30 15:47:23 [/shop/shopping/load_payment_module.php] Array
(
    [0] => Array
        (
            [AccessID] => 2b64c3b070d5bb998319483a844fb8db
            [AccessPass] => bd4dd9107b18e237b06f9733f57a7e1b
        )

)
 from 76.172.7.189
2024/08/30 15:47:23 [/shop/shopping/load_payment_module.php] load_payment_module.php set payment data:Array
(
    [AccessID] => 2b64c3b070d5bb998319483a844fb8db
    [AccessPass] => bd4dd9107b18e237b06f9733f57a7e1b
    [OrderID] => 958707-30154723
    [Amount] => 5000
    [JobCd] => CAPTURE
    [action_status] => 1
    [pay_status] => 0
)
 from 76.172.7.189
2024/08/30 15:47:23 [/shop/shopping/load_payment_module.php] SendRequest:https://p01.mul-pay.jp/payment/ExecTran.idPass from 76.172.7.189
2024/08/30 15:47:23 [/shop/shopping/load_payment_module.php] Array
(
    [AccessID] => 2b64c3b070d5bb998319483a844fb8db
    [AccessPass] => bd4dd9107b18e237b06f9733f57a7e1b
    [OrderID] => 958707-30154723
    [Method] => 1
    [Token] => a629b4b7c1b2a46108976cc7682f2985f88afa6a7610b83c2f04f6758f21e800
    [ClientField1] => 
    [ClientField2] => 
    [ClientField3] => EC-CUBE4.3.35
)
 from 76.172.7.189
2024/08/30 15:47:24 [/shop/shopping/load_payment_module.php] ACS=0&OrderID=958707-30154723&Forward=2S49631&Method=1&PayTimes=&Approve=0030713&TranID=2408301547602257210134183377&TranDate=20240830154724&CheckString=55261a9c56e159558a0cd038c5fee297 from 76.172.7.189
2024/08/30 15:47:24 [/shop/shopping/load_payment_module.php] Array
(
    [0] => Array
        (
            [ACS] => 0
            [OrderID] => 958707-30154723
            [Forward] => 2S49631
            [Method] => 1
            [PayTimes] => 
            [Approve] => 0030713
            [TranID] => 2408301547602257210134183377
            [TranDate] => 20240830154724
            [CheckString] => 55261a9c56e159558a0cd038c5fee297
        )

)
 from 76.172.7.189
2024/08/30 15:47:24 [/shop/shopping/load_payment_module.php] load_payment_module.php set payment data:Array
(
    [ACS] => 0
    [Forward] => 2S49631
    [Method] => 1
    [PayTimes] => 
    [Approve] => 0030713
    [TranID] => 2408301547602257210134183377
    [TranDate] => 20240830154724
    [CheckString] => 55261a9c56e159558a0cd038c5fee297
    [Amount] => 5000
    [JobCd] => CAPTURE
    [action_status] => 3
    [pay_status] => 13
)
 from 76.172.7.189
2024/08/30 15:47:24 [/shop/user_data/pg_mulpay_recv.php] ******* receiveer data start ******* from 210.175.7.20
2024/08/30 15:47:24 [/shop/user_data/pg_mulpay_recv.php] Array
(
    [ShopID] => 9000034600950
    [ShopPass] => **********
    [AccessID] => 2b64c3b070d5bb998319483a844fb8db
    [AccessPass] => ********************************
    [OrderID] => 958707-30154723
    [Status] => CAPTURE
    [JobCd] => CAPTURE
    [Amount] => 5000
    [Tax] => 0
    [Currency] => JPN
    [Forward] => 2S49631
    [Method] => 1
    [PayTimes] => 
    [TranID] => 2408301547602257210134183377
    [Approve] => 0030713
    [TranDate] => 20240830154724
    [ErrCode] => 
    [ErrInfo] => 
    [PayType] => 0
)
 from 210.175.7.20
2024/08/30 15:47:24 [/shop/user_data/pg_mulpay_recv.php] ******* receiveer data end ******* from 210.175.7.20
2024/08/30 15:47:29 [/shop/user_data/pg_mulpay_recv.php] update order status:1 order_id=958707 from 210.175.7.20
2024/08/30 15:47:29 [/shop/user_data/pg_mulpay_recv.php] pg_mulpay_recv.php set payment data:Array
(
    [ShopID] => 9000034600950
    [AccessID] => 2b64c3b070d5bb998319483a844fb8db
    [OrderID] => 958707-30154723
    [Status] => CAPTURE
    [JobCd] => CAPTURE
    [Amount] => 5000
    [Tax] => 0
    [Currency] => JPN
    [Forward] => 2S49631
    [Method] => 1
    [PayTimes] => 
    [TranID] => 2408301547602257210134183377
    [Approve] => 0030713
    [TranDate] => 20240830154724
    [ErrCode] => 
    [ErrInfo] => 
    [PayType] => 0
    [CvsCode] => 
    [CvsConfNo] => 
    [CvsReceiptNo] => 
    [EdyReceiptNo] => 
    [EdyOrderNo] => 
    [SuicaReceiptNo] => 
    [SuicaOrderNo] => 
    [CustID] => 
    [BkCode] => 
    [ConfNo] => 
    [PaymentTerm] => 
    [EncryptReceiptNo] => 
    [FinishDate] => 
    [ReceiptDate] => 
    [WebMoneyManagementNo] => 
    [WebMoneySettleCode] => 
    [AuPayInfoNo] => 
    [AuPayMethod] => 
    [AuCancelAmount] => 
    [AuCancelTax] => 
    [DocomoSettlementCode] => 
    [DocomoCancelAmount] => 
    [DocomoCancelTax] => 
    [pay_status] => 13
)
 from 210.175.7.20
2024/08/30 15:47:29 [/shop/user_data/pg_mulpay_recv.php] response:true from 210.175.7.20
2024/08/30 17:40:02 [/shop/shopping/load_payment_module.php] SendRequest:https://p01.mul-pay.jp/payment/SearchMember.idPass from 90.219.249.158
2024/08/30 17:40:02 [/shop/shopping/load_payment_module.php] Array
(
    [SiteID] => mst0000007602
    [SitePass] => ******
    [MemberID] => 12151
)
 from 90.219.249.158
2024/08/30 17:40:03 [/shop/shopping/load_payment_module.php] ErrCode=E01&ErrInfo=E01390002 from 90.219.249.158
2024/08/30 17:40:03 [/shop/shopping/load_payment_module.php] Array
(
    [0] => Array
        (
            [ErrCode] => E01
            [ErrInfo] => E01390002
        )

)
 from 90.219.249.158
2024/08/30 17:40:03 [/shop/shopping/load_payment_module.php] SendRequest:https://p01.mul-pay.jp/payment/SearchCard.idPass from 90.219.249.158
2024/08/30 17:40:03 [/shop/shopping/load_payment_module.php] Array
(
    [SiteID] => mst0000007602
    [SitePass] => ******
    [MemberID] => 12151
)
 from 90.219.249.158
2024/08/30 17:40:03 [/shop/shopping/load_payment_module.php] ErrCode=E01|E01&ErrInfo=E01390002|E01240002 from 90.219.249.158
2024/08/30 17:40:03 [/shop/shopping/load_payment_module.php] Array
(
    [0] => Array
        (
            [ErrCode] => E01
            [ErrInfo] => E01390002
        )

    [1] => Array
        (
            [ErrCode] => E01
            [ErrInfo] => E01240002
        )

)
 from 90.219.249.158
2024/08/30 17:42:55 [/shop/shopping/load_payment_module.php] SendRequest:https://p01.mul-pay.jp/payment/SearchMember.idPass from 90.219.249.158
2024/08/30 17:42:55 [/shop/shopping/load_payment_module.php] Array
(
    [SiteID] => mst0000007602
    [SitePass] => ******
    [MemberID] => 12151
)
 from 90.219.249.158
2024/08/30 17:42:55 [/shop/shopping/load_payment_module.php] ErrCode=E01&ErrInfo=E01390002 from 90.219.249.158
2024/08/30 17:42:55 [/shop/shopping/load_payment_module.php] Array
(
    [0] => Array
        (
            [ErrCode] => E01
            [ErrInfo] => E01390002
        )

)
 from 90.219.249.158
2024/08/30 17:42:55 [/shop/shopping/load_payment_module.php] SendRequest:https://p01.mul-pay.jp/payment/SearchCard.idPass from 90.219.249.158
2024/08/30 17:42:55 [/shop/shopping/load_payment_module.php] Array
(
    [SiteID] => mst0000007602
    [SitePass] => ******
    [MemberID] => 12151
)
 from 90.219.249.158
2024/08/30 17:42:55 [/shop/shopping/load_payment_module.php] ErrCode=E01|E01&ErrInfo=E01390002|E01240002 from 90.219.249.158
2024/08/30 17:42:55 [/shop/shopping/load_payment_module.php] Array
(
    [0] => Array
        (
            [ErrCode] => E01
            [ErrInfo] => E01390002
        )

    [1] => Array
        (
            [ErrCode] => E01
            [ErrInfo] => E01240002
        )

)
 from 90.219.249.158
2024/08/30 17:42:55 [/shop/shopping/load_payment_module.php] SendRequest:https://p01.mul-pay.jp/payment/EntryTran.idPass from 90.219.249.158
2024/08/30 17:42:55 [/shop/shopping/load_payment_module.php] Array
(
    [ShopID] => 9000034600950
    [ShopPass] => ******
    [OrderID] => 958708-30174255
    [JobCd] => CAPTURE
    [Amount] => 8941
    [TdFlag] => 0
    [TdTenantName] => 
)
 from 90.219.249.158
2024/08/30 17:42:56 [/shop/shopping/load_payment_module.php] AccessID=573cb2f5ff0dde4d9b3967099c73f0b5&AccessPass=5b55c9af9861c77ad0a5e96e94aa79b1 from 90.219.249.158
2024/08/30 17:42:56 [/shop/shopping/load_payment_module.php] Array
(
    [0] => Array
        (
            [AccessID] => 573cb2f5ff0dde4d9b3967099c73f0b5
            [AccessPass] => 5b55c9af9861c77ad0a5e96e94aa79b1
        )

)
 from 90.219.249.158
2024/08/30 17:42:56 [/shop/shopping/load_payment_module.php] load_payment_module.php set payment data:Array
(
    [AccessID] => 573cb2f5ff0dde4d9b3967099c73f0b5
    [AccessPass] => 5b55c9af9861c77ad0a5e96e94aa79b1
    [OrderID] => 958708-30174255
    [Amount] => 8941
    [JobCd] => CAPTURE
    [action_status] => 1
    [pay_status] => 0
)
 from 90.219.249.158
2024/08/30 17:42:56 [/shop/shopping/load_payment_module.php] SendRequest:https://p01.mul-pay.jp/payment/ExecTran.idPass from 90.219.249.158
2024/08/30 17:42:56 [/shop/shopping/load_payment_module.php] Array
(
    [AccessID] => 573cb2f5ff0dde4d9b3967099c73f0b5
    [AccessPass] => 5b55c9af9861c77ad0a5e96e94aa79b1
    [OrderID] => 958708-30174255
    [Method] => 1
    [Token] => 8e6abec2d2d6a6145f18f7e8088745bd6bc9bfa3e6e550cb1ccb13f957abeb2c
    [ClientField1] => 
    [ClientField2] => 
    [ClientField3] => EC-CUBE4.3.35
)
 from 90.219.249.158
2024/08/30 17:42:56 [/shop/shopping/load_payment_module.php] ACS=0&OrderID=958708-30174255&Forward=2S49631&Method=1&PayTimes=&Approve=0050003&TranID=2408301742602257210134163470&TranDate=20240830174256&CheckString=dfb4fe857e8aad77d4152d6aef2edb8e from 90.219.249.158
2024/08/30 17:42:56 [/shop/shopping/load_payment_module.php] Array
(
    [0] => Array
        (
            [ACS] => 0
            [OrderID] => 958708-30174255
            [Forward] => 2S49631
            [Method] => 1
            [PayTimes] => 
            [Approve] => 0050003
            [TranID] => 2408301742602257210134163470
            [TranDate] => 20240830174256
            [CheckString] => dfb4fe857e8aad77d4152d6aef2edb8e
        )

)
 from 90.219.249.158
2024/08/30 17:42:56 [/shop/shopping/load_payment_module.php] load_payment_module.php set payment data:Array
(
    [ACS] => 0
    [Forward] => 2S49631
    [Method] => 1
    [PayTimes] => 
    [Approve] => 0050003
    [TranID] => 2408301742602257210134163470
    [TranDate] => 20240830174256
    [CheckString] => dfb4fe857e8aad77d4152d6aef2edb8e
    [Amount] => 8941
    [JobCd] => CAPTURE
    [action_status] => 3
    [pay_status] => 13
)
 from 90.219.249.158
2024/08/30 17:42:57 [/shop/user_data/pg_mulpay_recv.php] ******* receiveer data start ******* from 210.175.7.20
2024/08/30 17:42:57 [/shop/user_data/pg_mulpay_recv.php] Array
(
    [ShopID] => 9000034600950
    [ShopPass] => **********
    [AccessID] => 573cb2f5ff0dde4d9b3967099c73f0b5
    [AccessPass] => ********************************
    [OrderID] => 958708-30174255
    [Status] => CAPTURE
    [JobCd] => CAPTURE
    [Amount] => 8941
    [Tax] => 0
    [Currency] => JPN
    [Forward] => 2S49631
    [Method] => 1
    [PayTimes] => 
    [TranID] => 2408301742602257210134163470
    [Approve] => 0050003
    [TranDate] => 20240830174256
    [ErrCode] => 
    [ErrInfo] => 
    [PayType] => 0
)
 from 210.175.7.20
2024/08/30 17:42:57 [/shop/user_data/pg_mulpay_recv.php] ******* receiveer data end ******* from 210.175.7.20
2024/08/30 17:43:02 [/shop/user_data/pg_mulpay_recv.php] update order status:1 order_id=958708 from 210.175.7.20
2024/08/30 17:43:02 [/shop/user_data/pg_mulpay_recv.php] pg_mulpay_recv.php set payment data:Array
(
    [ShopID] => 9000034600950
    [AccessID] => 573cb2f5ff0dde4d9b3967099c73f0b5
    [OrderID] => 958708-30174255
    [Status] => CAPTURE
    [JobCd] => CAPTURE
    [Amount] => 8941
    [Tax] => 0
    [Currency] => JPN
    [Forward] => 2S49631
    [Method] => 1
    [PayTimes] => 
    [TranID] => 2408301742602257210134163470
    [Approve] => 0050003
    [TranDate] => 20240830174256
    [ErrCode] => 
    [ErrInfo] => 
    [PayType] => 0
    [CvsCode] => 
    [CvsConfNo] => 
    [CvsReceiptNo] => 
    [EdyReceiptNo] => 
    [EdyOrderNo] => 
    [SuicaReceiptNo] => 
    [SuicaOrderNo] => 
    [CustID] => 
    [BkCode] => 
    [ConfNo] => 
    [PaymentTerm] => 
    [EncryptReceiptNo] => 
    [FinishDate] => 
    [ReceiptDate] => 
    [WebMoneyManagementNo] => 
    [WebMoneySettleCode] => 
    [AuPayInfoNo] => 
    [AuPayMethod] => 
    [AuCancelAmount] => 
    [AuCancelTax] => 
    [DocomoSettlementCode] => 
    [DocomoCancelAmount] => 
    [DocomoCancelTax] => 
    [pay_status] => 13
)
 from 210.175.7.20
2024/08/30 17:43:02 [/shop/user_data/pg_mulpay_recv.php] response:true from 210.175.7.20
2024/08/30 17:50:08 [/shop/shopping/load_payment_module.php] SendRequest:https://p01.mul-pay.jp/payment/EntryTran.idPass from 130.41.121.109
2024/08/30 17:50:08 [/shop/shopping/load_payment_module.php] Array
(
    [ShopID] => 9000034600950
    [ShopPass] => ******
    [OrderID] => 958709-30175008
    [JobCd] => CAPTURE
    [Amount] => 6330
    [TdFlag] => 0
    [TdTenantName] => 
)
 from 130.41.121.109
2024/08/30 17:50:08 [/shop/shopping/load_payment_module.php] AccessID=26ccd112f689c5d4e48cdbfaa0196571&AccessPass=86a34d08c47439947173103272326b42 from 130.41.121.109
2024/08/30 17:50:08 [/shop/shopping/load_payment_module.php] Array
(
    [0] => Array
        (
            [AccessID] => 26ccd112f689c5d4e48cdbfaa0196571
            [AccessPass] => 86a34d08c47439947173103272326b42
        )

)
 from 130.41.121.109
2024/08/30 17:50:08 [/shop/shopping/load_payment_module.php] load_payment_module.php set payment data:Array
(
    [AccessID] => 26ccd112f689c5d4e48cdbfaa0196571
    [AccessPass] => 86a34d08c47439947173103272326b42
    [OrderID] => 958709-30175008
    [Amount] => 6330
    [JobCd] => CAPTURE
    [action_status] => 1
    [pay_status] => 0
)
 from 130.41.121.109
2024/08/30 17:50:08 [/shop/shopping/load_payment_module.php] SendRequest:https://p01.mul-pay.jp/payment/ExecTran.idPass from 130.41.121.109
2024/08/30 17:50:08 [/shop/shopping/load_payment_module.php] Array
(
    [AccessID] => 26ccd112f689c5d4e48cdbfaa0196571
    [AccessPass] => 86a34d08c47439947173103272326b42
    [OrderID] => 958709-30175008
    [Method] => 1
    [Token] => 298d404d622e62ef9a897e8c5cff9f1b6d35bc968fb491f236b9c40a62f79482
    [ClientField1] => 
    [ClientField2] => 
    [ClientField3] => EC-CUBE4.3.35
)
 from 130.41.121.109
2024/08/30 17:50:09 [/shop/shopping/load_payment_module.php] ACS=0&OrderID=958709-30175008&Forward=2S49631&Method=1&PayTimes=&Approve=0341695&TranID=2408301750602257210134173336&TranDate=20240830175009&CheckString=21c089b00b194148f3fb039f7300d8cf from 130.41.121.109
2024/08/30 17:50:09 [/shop/shopping/load_payment_module.php] Array
(
    [0] => Array
        (
            [ACS] => 0
            [OrderID] => 958709-30175008
            [Forward] => 2S49631
            [Method] => 1
            [PayTimes] => 
            [Approve] => 0341695
            [TranID] => 2408301750602257210134173336
            [TranDate] => 20240830175009
            [CheckString] => 21c089b00b194148f3fb039f7300d8cf
        )

)
 from 130.41.121.109
2024/08/30 17:50:09 [/shop/shopping/load_payment_module.php] load_payment_module.php set payment data:Array
(
    [ACS] => 0
    [Forward] => 2S49631
    [Method] => 1
    [PayTimes] => 
    [Approve] => 0341695
    [TranID] => 2408301750602257210134173336
    [TranDate] => 20240830175009
    [CheckString] => 21c089b00b194148f3fb039f7300d8cf
    [Amount] => 6330
    [JobCd] => CAPTURE
    [action_status] => 3
    [pay_status] => 13
)
 from 130.41.121.109
2024/08/30 17:50:09 [/shop/user_data/pg_mulpay_recv.php] ******* receiveer data start ******* from 210.175.7.20
2024/08/30 17:50:09 [/shop/user_data/pg_mulpay_recv.php] Array
(
    [ShopID] => 9000034600950
    [ShopPass] => **********
    [AccessID] => 26ccd112f689c5d4e48cdbfaa0196571
    [AccessPass] => ********************************
    [OrderID] => 958709-30175008
    [Status] => CAPTURE
    [JobCd] => CAPTURE
    [Amount] => 6330
    [Tax] => 0
    [Currency] => JPN
    [Forward] => 2S49631
    [Method] => 1
    [PayTimes] => 
    [TranID] => 2408301750602257210134173336
    [Approve] => 0341695
    [TranDate] => 20240830175009
    [ErrCode] => 
    [ErrInfo] => 
    [PayType] => 0
)
 from 210.175.7.20
2024/08/30 17:50:09 [/shop/user_data/pg_mulpay_recv.php] ******* receiveer data end ******* from 210.175.7.20
2024/08/30 17:50:14 [/shop/user_data/pg_mulpay_recv.php] update order status:1 order_id=958709 from 210.175.7.20
2024/08/30 17:50:14 [/shop/user_data/pg_mulpay_recv.php] pg_mulpay_recv.php set payment data:Array
(
    [ShopID] => 9000034600950
    [AccessID] => 26ccd112f689c5d4e48cdbfaa0196571
    [OrderID] => 958709-30175008
    [Status] => CAPTURE
    [JobCd] => CAPTURE
    [Amount] => 6330
    [Tax] => 0
    [Currency] => JPN
    [Forward] => 2S49631
    [Method] => 1
    [PayTimes] => 
    [TranID] => 2408301750602257210134173336
    [Approve] => 0341695
    [TranDate] => 20240830175009
    [ErrCode] => 
    [ErrInfo] => 
    [PayType] => 0
    [CvsCode] => 
    [CvsConfNo] => 
    [CvsReceiptNo] => 
    [EdyReceiptNo] => 
    [EdyOrderNo] => 
    [SuicaReceiptNo] => 
    [SuicaOrderNo] => 
    [CustID] => 
    [BkCode] => 
    [ConfNo] => 
    [PaymentTerm] => 
    [EncryptReceiptNo] => 
    [FinishDate] => 
    [ReceiptDate] => 
    [WebMoneyManagementNo] => 
    [WebMoneySettleCode] => 
    [AuPayInfoNo] => 
    [AuPayMethod] => 
    [AuCancelAmount] => 
    [AuCancelTax] => 
    [DocomoSettlementCode] => 
    [DocomoCancelAmount] => 
    [DocomoCancelTax] => 
    [pay_status] => 13
)
 from 210.175.7.20
2024/08/30 17:50:14 [/shop/user_data/pg_mulpay_recv.php] response:true from 210.175.7.20
2024/08/30 21:03:14 [/shop/shopping/load_payment_module.php] SendRequest:https://p01.mul-pay.jp/payment/SearchMember.idPass from 79.172.84.159
2024/08/30 21:03:14 [/shop/shopping/load_payment_module.php] Array
(
    [SiteID] => mst0000007602
    [SitePass] => ******
    [MemberID] => 12923
)
 from 79.172.84.159
2024/08/30 21:03:14 [/shop/shopping/load_payment_module.php] ErrCode=E01&ErrInfo=E01390002 from 79.172.84.159
2024/08/30 21:03:14 [/shop/shopping/load_payment_module.php] Array
(
    [0] => Array
        (
            [ErrCode] => E01
            [ErrInfo] => E01390002
        )

)
 from 79.172.84.159
2024/08/30 21:03:14 [/shop/shopping/load_payment_module.php] SendRequest:https://p01.mul-pay.jp/payment/SearchCard.idPass from 79.172.84.159
2024/08/30 21:03:14 [/shop/shopping/load_payment_module.php] Array
(
    [SiteID] => mst0000007602
    [SitePass] => ******
    [MemberID] => 12923
)
 from 79.172.84.159
2024/08/30 21:03:14 [/shop/shopping/load_payment_module.php] ErrCode=E01|E01&ErrInfo=E01390002|E01240002 from 79.172.84.159
2024/08/30 21:03:14 [/shop/shopping/load_payment_module.php] Array
(
    [0] => Array
        (
            [ErrCode] => E01
            [ErrInfo] => E01390002
        )

    [1] => Array
        (
            [ErrCode] => E01
            [ErrInfo] => E01240002
        )

)
 from 79.172.84.159
