2020/09/02 08:14:39 [/shop/shopping/load_payment_module.php] SendRequest:https://p01.mul-pay.jp/payment/EntryTran.idPass from 188.154.226.237
2020/09/02 08:14:39 [/shop/shopping/load_payment_module.php] Array
(
    [ShopID] => 9000034600950
    [ShopPass] => ******
    [OrderID] => 944568-02081439
    [JobCd] => CAPTURE
    [Amount] => 6560
    [TdFlag] => 0
    [TdTenantName] => 
)
 from 188.154.226.237
2020/09/02 08:14:39 [/shop/shopping/load_payment_module.php] AccessID=2ee3d30a550526037aa5cc4daba313d9&AccessPass=31ee988c80fdd40c95378bf68a5c8cd0 from 188.154.226.237
2020/09/02 08:14:39 [/shop/shopping/load_payment_module.php] Array
(
    [0] => Array
        (
            [AccessID] => 2ee3d30a550526037aa5cc4daba313d9
            [AccessPass] => 31ee988c80fdd40c95378bf68a5c8cd0
        )

)
 from 188.154.226.237
2020/09/02 08:14:39 [/shop/shopping/load_payment_module.php] load_payment_module.php set payment data:Array
(
    [AccessID] => 2ee3d30a550526037aa5cc4daba313d9
    [AccessPass] => 31ee988c80fdd40c95378bf68a5c8cd0
    [OrderID] => 944568-02081439
    [Amount] => 6560
    [JobCd] => CAPTURE
    [action_status] => 1
    [pay_status] => 0
)
 from 188.154.226.237
2020/09/02 08:14:39 [/shop/shopping/load_payment_module.php] SendRequest:https://p01.mul-pay.jp/payment/ExecTran.idPass from 188.154.226.237
2020/09/02 08:14:39 [/shop/shopping/load_payment_module.php] Array
(
    [AccessID] => 2ee3d30a550526037aa5cc4daba313d9
    [AccessPass] => 31ee988c80fdd40c95378bf68a5c8cd0
    [OrderID] => 944568-02081439
    [Method] => 1
    [Token] => 44255695f77d5cecfc82834834b28a969af405938693810f1353c944b9585710
    [ClientField1] => 
    [ClientField2] => 
    [ClientField3] => EC-CUBE4.3.24
)
 from 188.154.226.237
2020/09/02 08:14:41 [/shop/shopping/load_payment_module.php] ACS=0&OrderID=944568-02081439&Forward=2959876&Method=1&PayTimes=&Approve=0885720&TranID=2009020814602257210134133253&TranDate=20200902081441&CheckString=0f2a05766004e01a44fe9fdba3175177 from 188.154.226.237
2020/09/02 08:14:41 [/shop/shopping/load_payment_module.php] Array
(
    [0] => Array
        (
            [ACS] => 0
            [OrderID] => 944568-02081439
            [Forward] => 2959876
            [Method] => 1
            [PayTimes] => 
            [Approve] => 0885720
            [TranID] => 2009020814602257210134133253
            [TranDate] => 20200902081441
            [CheckString] => 0f2a05766004e01a44fe9fdba3175177
        )

)
 from 188.154.226.237
2020/09/02 08:14:41 [/shop/shopping/load_payment_module.php] load_payment_module.php set payment data:Array
(
    [ACS] => 0
    [Forward] => 2959876
    [Method] => 1
    [PayTimes] => 
    [Approve] => 0885720
    [TranID] => 2009020814602257210134133253
    [TranDate] => 20200902081441
    [CheckString] => 0f2a05766004e01a44fe9fdba3175177
    [Amount] => 6560
    [JobCd] => CAPTURE
    [action_status] => 3
    [pay_status] => 13
)
 from 188.154.226.237
2020/09/02 08:14:41 [/shop/user_data/pg_mulpay_recv.php] ******* receiveer data start ******* from 210.175.7.20
2020/09/02 08:14:41 [/shop/user_data/pg_mulpay_recv.php] Array
(
    [ShopID] => 9000034600950
    [ShopPass] => **********
    [AccessID] => 2ee3d30a550526037aa5cc4daba313d9
    [AccessPass] => ********************************
    [OrderID] => 944568-02081439
    [Status] => CAPTURE
    [JobCd] => CAPTURE
    [Amount] => 6560
    [Tax] => 0
    [Currency] => JPN
    [Forward] => 2959876
    [Method] => 1
    [PayTimes] => 
    [TranID] => 2009020814602257210134133253
    [Approve] => 0885720
    [TranDate] => 20200902081441
    [ErrCode] => 
    [ErrInfo] => 
    [PayType] => 0
)
 from 210.175.7.20
2020/09/02 08:14:41 [/shop/user_data/pg_mulpay_recv.php] ******* receiveer data end ******* from 210.175.7.20
2020/09/02 08:14:46 [/shop/user_data/pg_mulpay_recv.php] update order status:1 order_id=944568 from 210.175.7.20
2020/09/02 08:14:47 [/shop/user_data/pg_mulpay_recv.php] pg_mulpay_recv.php set payment data:Array
(
    [ShopID] => 9000034600950
    [AccessID] => 2ee3d30a550526037aa5cc4daba313d9
    [OrderID] => 944568-02081439
    [Status] => CAPTURE
    [JobCd] => CAPTURE
    [Amount] => 6560
    [Tax] => 0
    [Currency] => JPN
    [Forward] => 2959876
    [Method] => 1
    [PayTimes] => 
    [TranID] => 2009020814602257210134133253
    [Approve] => 0885720
    [TranDate] => 20200902081441
    [ErrCode] => 
    [ErrInfo] => 
    [PayType] => 0
    [CvsCode] => 
    [CvsConfNo] => 
    [CvsReceiptNo] => 
    [EdyReceiptNo] => 
    [EdyOrderNo] => 
    [SuicaReceiptNo] => 
    [SuicaOrderNo] => 
    [CustID] => 
    [BkCode] => 
    [ConfNo] => 
    [PaymentTerm] => 
    [EncryptReceiptNo] => 
    [FinishDate] => 
    [ReceiptDate] => 
    [WebMoneyManagementNo] => 
    [WebMoneySettleCode] => 
    [AuPayInfoNo] => 
    [AuPayMethod] => 
    [AuCancelAmount] => 
    [AuCancelTax] => 
    [DocomoSettlementCode] => 
    [DocomoCancelAmount] => 
    [DocomoCancelTax] => 
    [pay_status] => 13
)
 from 210.175.7.20
2020/09/02 08:14:47 [/shop/user_data/pg_mulpay_recv.php] response:true from 210.175.7.20
2020/09/02 11:32:02 [/shop/shopping/load_payment_module.php] SendRequest:https://p01.mul-pay.jp/payment/SearchMember.idPass from 126.215.6.138
2020/09/02 11:32:02 [/shop/shopping/load_payment_module.php] Array
(
    [SiteID] => mst0000007602
    [SitePass] => ******
    [MemberID] => 8740
)
 from 126.215.6.138
2020/09/02 11:32:02 [/shop/shopping/load_payment_module.php] ErrCode=E01&ErrInfo=E01390002 from 126.215.6.138
2020/09/02 11:32:02 [/shop/shopping/load_payment_module.php] Array
(
    [0] => Array
        (
            [ErrCode] => E01
            [ErrInfo] => E01390002
        )

)
 from 126.215.6.138
2020/09/02 11:32:02 [/shop/shopping/load_payment_module.php] SendRequest:https://p01.mul-pay.jp/payment/SearchCard.idPass from 126.215.6.138
2020/09/02 11:32:02 [/shop/shopping/load_payment_module.php] Array
(
    [SiteID] => mst0000007602
    [SitePass] => ******
    [MemberID] => 8740
)
 from 126.215.6.138
2020/09/02 11:32:03 [/shop/shopping/load_payment_module.php] ErrCode=E01|E01&ErrInfo=E01390002|E01240002 from 126.215.6.138
2020/09/02 11:32:03 [/shop/shopping/load_payment_module.php] Array
(
    [0] => Array
        (
            [ErrCode] => E01
            [ErrInfo] => E01390002
        )

    [1] => Array
        (
            [ErrCode] => E01
            [ErrInfo] => E01240002
        )

)
 from 126.215.6.138
2020/09/02 11:33:34 [/shop/shopping/load_payment_module.php] SendRequest:https://p01.mul-pay.jp/payment/SearchMember.idPass from 126.215.6.138
2020/09/02 11:33:34 [/shop/shopping/load_payment_module.php] Array
(
    [SiteID] => mst0000007602
    [SitePass] => ******
    [MemberID] => 8740
)
 from 126.215.6.138
2020/09/02 11:33:35 [/shop/shopping/load_payment_module.php] ErrCode=E01&ErrInfo=E01390002 from 126.215.6.138
2020/09/02 11:33:35 [/shop/shopping/load_payment_module.php] Array
(
    [0] => Array
        (
            [ErrCode] => E01
            [ErrInfo] => E01390002
        )

)
 from 126.215.6.138
2020/09/02 11:33:35 [/shop/shopping/load_payment_module.php] SendRequest:https://p01.mul-pay.jp/payment/SearchCard.idPass from 126.215.6.138
2020/09/02 11:33:35 [/shop/shopping/load_payment_module.php] Array
(
    [SiteID] => mst0000007602
    [SitePass] => ******
    [MemberID] => 8740
)
 from 126.215.6.138
2020/09/02 11:33:35 [/shop/shopping/load_payment_module.php] ErrCode=E01|E01&ErrInfo=E01390002|E01240002 from 126.215.6.138
2020/09/02 11:33:35 [/shop/shopping/load_payment_module.php] Array
(
    [0] => Array
        (
            [ErrCode] => E01
            [ErrInfo] => E01390002
        )

    [1] => Array
        (
            [ErrCode] => E01
            [ErrInfo] => E01240002
        )

)
 from 126.215.6.138
2020/09/02 11:33:35 [/shop/shopping/load_payment_module.php] SendRequest:https://p01.mul-pay.jp/payment/EntryTran.idPass from 126.215.6.138
2020/09/02 11:33:35 [/shop/shopping/load_payment_module.php] Array
(
    [ShopID] => 9000034600950
    [ShopPass] => ******
    [OrderID] => 944569-02113335
    [JobCd] => CAPTURE
    [Amount] => 5850
    [TdFlag] => 0
    [TdTenantName] => 
)
 from 126.215.6.138
2020/09/02 11:33:35 [/shop/shopping/load_payment_module.php] AccessID=e824f5dca5502116c3dec1d123530ed3&AccessPass=03fda0d7d78f653c8c7c947c3b4987ad from 126.215.6.138
2020/09/02 11:33:35 [/shop/shopping/load_payment_module.php] Array
(
    [0] => Array
        (
            [AccessID] => e824f5dca5502116c3dec1d123530ed3
            [AccessPass] => 03fda0d7d78f653c8c7c947c3b4987ad
        )

)
 from 126.215.6.138
2020/09/02 11:33:35 [/shop/shopping/load_payment_module.php] load_payment_module.php set payment data:Array
(
    [AccessID] => e824f5dca5502116c3dec1d123530ed3
    [AccessPass] => 03fda0d7d78f653c8c7c947c3b4987ad
    [OrderID] => 944569-02113335
    [Amount] => 5850
    [JobCd] => CAPTURE
    [action_status] => 1
    [pay_status] => 0
)
 from 126.215.6.138
2020/09/02 11:33:35 [/shop/shopping/load_payment_module.php] SendRequest:https://p01.mul-pay.jp/payment/ExecTran.idPass from 126.215.6.138
2020/09/02 11:33:35 [/shop/shopping/load_payment_module.php] Array
(
    [AccessID] => e824f5dca5502116c3dec1d123530ed3
    [AccessPass] => 03fda0d7d78f653c8c7c947c3b4987ad
    [OrderID] => 944569-02113335
    [Method] => 1
    [Token] => 2bf8e03e853f7f2ab089a9b55c02fe64488ef9057c38f19fc38f94582c221d52
    [ClientField1] => 
    [ClientField2] => 
    [ClientField3] => EC-CUBE4.3.24
)
 from 126.215.6.138
2020/09/02 11:33:36 [/shop/shopping/load_payment_module.php] ErrCode=E01&ErrInfo=E01260010 from 126.215.6.138
2020/09/02 11:33:36 [/shop/shopping/load_payment_module.php] Array
(
    [0] => Array
        (
            [ErrCode] => E01
            [ErrInfo] => E01260010
        )

)
 from 126.215.6.138
2020/09/02 11:33:36 [/shop/shopping/load_payment_module.php] load_payment_module.php set payment data:Array
(
    [request_error] => Array
        (
            [0] => 指定された支払方法はご利用できません。 (E01-E01260010)
        )

    [Amount] => 5850
    [JobCd] => CAPTURE
    [action_status] => 3
)
 from 126.215.6.138
2020/09/02 11:34:31 [/shop/shopping/load_payment_module.php] SendRequest:https://p01.mul-pay.jp/payment/SearchMember.idPass from 126.215.6.138
2020/09/02 11:34:31 [/shop/shopping/load_payment_module.php] Array
(
    [SiteID] => mst0000007602
    [SitePass] => ******
    [MemberID] => 8740
)
 from 126.215.6.138
2020/09/02 11:34:31 [/shop/shopping/load_payment_module.php] ErrCode=E01&ErrInfo=E01390002 from 126.215.6.138
2020/09/02 11:34:31 [/shop/shopping/load_payment_module.php] Array
(
    [0] => Array
        (
            [ErrCode] => E01
            [ErrInfo] => E01390002
        )

)
 from 126.215.6.138
2020/09/02 11:34:31 [/shop/shopping/load_payment_module.php] SendRequest:https://p01.mul-pay.jp/payment/SearchCard.idPass from 126.215.6.138
2020/09/02 11:34:31 [/shop/shopping/load_payment_module.php] Array
(
    [SiteID] => mst0000007602
    [SitePass] => ******
    [MemberID] => 8740
)
 from 126.215.6.138
2020/09/02 11:34:31 [/shop/shopping/load_payment_module.php] ErrCode=E01|E01&ErrInfo=E01390002|E01240002 from 126.215.6.138
2020/09/02 11:34:31 [/shop/shopping/load_payment_module.php] Array
(
    [0] => Array
        (
            [ErrCode] => E01
            [ErrInfo] => E01390002
        )

    [1] => Array
        (
            [ErrCode] => E01
            [ErrInfo] => E01240002
        )

)
 from 126.215.6.138
2020/09/02 11:34:31 [/shop/shopping/load_payment_module.php] SendRequest:https://p01.mul-pay.jp/payment/ExecTran.idPass from 126.215.6.138
2020/09/02 11:34:31 [/shop/shopping/load_payment_module.php] Array
(
    [AccessID] => e824f5dca5502116c3dec1d123530ed3
    [AccessPass] => 03fda0d7d78f653c8c7c947c3b4987ad
    [OrderID] => 944569-02113335
    [Method] => 1
    [Token] => 8a9104210551341588214637e1ba0776c78aa528aa4ca6efc3d40b13a77ef90d
    [ClientField1] => 
    [ClientField2] => 
    [ClientField3] => EC-CUBE4.3.24
)
 from 126.215.6.138
2020/09/02 11:34:33 [/shop/shopping/load_payment_module.php] ACS=0&OrderID=944569-02113335&Forward=2959876&Method=1&PayTimes=&Approve=0361359&TranID=2009021134602257210134113526&TranDate=20200902113433&CheckString=7253a7b66add9ec1816e87be16362a32 from 126.215.6.138
2020/09/02 11:34:33 [/shop/shopping/load_payment_module.php] Array
(
    [0] => Array
        (
            [ACS] => 0
            [OrderID] => 944569-02113335
            [Forward] => 2959876
            [Method] => 1
            [PayTimes] => 
            [Approve] => 0361359
            [TranID] => 2009021134602257210134113526
            [TranDate] => 20200902113433
            [CheckString] => 7253a7b66add9ec1816e87be16362a32
        )

)
 from 126.215.6.138
2020/09/02 11:34:33 [/shop/shopping/load_payment_module.php] load_payment_module.php set payment data:Array
(
    [ACS] => 0
    [Forward] => 2959876
    [Method] => 1
    [PayTimes] => 
    [Approve] => 0361359
    [TranID] => 2009021134602257210134113526
    [TranDate] => 20200902113433
    [CheckString] => 7253a7b66add9ec1816e87be16362a32
    [Amount] => 5850
    [JobCd] => CAPTURE
    [action_status] => 3
    [pay_status] => 13
)
 from 126.215.6.138
2020/09/02 11:34:33 [/shop/user_data/pg_mulpay_recv.php] ******* receiveer data start ******* from 210.175.7.20
2020/09/02 11:34:33 [/shop/user_data/pg_mulpay_recv.php] Array
(
    [ShopID] => 9000034600950
    [ShopPass] => **********
    [AccessID] => e824f5dca5502116c3dec1d123530ed3
    [AccessPass] => ********************************
    [OrderID] => 944569-02113335
    [Status] => CAPTURE
    [JobCd] => CAPTURE
    [Amount] => 5850
    [Tax] => 0
    [Currency] => JPN
    [Forward] => 2959876
    [Method] => 1
    [PayTimes] => 
    [TranID] => 2009021134602257210134113526
    [Approve] => 0361359
    [TranDate] => 20200902113433
    [ErrCode] => 
    [ErrInfo] => 
    [PayType] => 0
)
 from 210.175.7.20
2020/09/02 11:34:33 [/shop/user_data/pg_mulpay_recv.php] ******* receiveer data end ******* from 210.175.7.20
2020/09/02 11:34:38 [/shop/user_data/pg_mulpay_recv.php] update order status:1 order_id=944569 from 210.175.7.20
2020/09/02 11:34:38 [/shop/user_data/pg_mulpay_recv.php] pg_mulpay_recv.php set payment data:Array
(
    [ShopID] => 9000034600950
    [AccessID] => e824f5dca5502116c3dec1d123530ed3
    [OrderID] => 944569-02113335
    [Status] => CAPTURE
    [JobCd] => CAPTURE
    [Amount] => 5850
    [Tax] => 0
    [Currency] => JPN
    [Forward] => 2959876
    [Method] => 1
    [PayTimes] => 
    [TranID] => 2009021134602257210134113526
    [Approve] => 0361359
    [TranDate] => 20200902113433
    [ErrCode] => 
    [ErrInfo] => 
    [PayType] => 0
    [CvsCode] => 
    [CvsConfNo] => 
    [CvsReceiptNo] => 
    [EdyReceiptNo] => 
    [EdyOrderNo] => 
    [SuicaReceiptNo] => 
    [SuicaOrderNo] => 
    [CustID] => 
    [BkCode] => 
    [ConfNo] => 
    [PaymentTerm] => 
    [EncryptReceiptNo] => 
    [FinishDate] => 
    [ReceiptDate] => 
    [WebMoneyManagementNo] => 
    [WebMoneySettleCode] => 
    [AuPayInfoNo] => 
    [AuPayMethod] => 
    [AuCancelAmount] => 
    [AuCancelTax] => 
    [DocomoSettlementCode] => 
    [DocomoCancelAmount] => 
    [DocomoCancelTax] => 
    [pay_status] => 13
)
 from 210.175.7.20
2020/09/02 11:34:38 [/shop/user_data/pg_mulpay_recv.php] response:true from 210.175.7.20
2020/09/02 16:14:05 [/shop/shopping/load_payment_module.php] SendRequest:https://p01.mul-pay.jp/payment/EntryTran.idPass from 165.225.110.152
2020/09/02 16:14:05 [/shop/shopping/load_payment_module.php] Array
(
    [ShopID] => 9000034600950
    [ShopPass] => ******
    [OrderID] => 944570-02161405
    [JobCd] => CAPTURE
    [Amount] => 17390
    [TdFlag] => 0
    [TdTenantName] => 
)
 from 165.225.110.152
2020/09/02 16:14:06 [/shop/shopping/load_payment_module.php] AccessID=8484653247ca5cb009a55f994f021cbe&AccessPass=aa9368a5c9c4501ae525d9ed8a80485d from 165.225.110.152
2020/09/02 16:14:06 [/shop/shopping/load_payment_module.php] Array
(
    [0] => Array
        (
            [AccessID] => 8484653247ca5cb009a55f994f021cbe
            [AccessPass] => aa9368a5c9c4501ae525d9ed8a80485d
        )

)
 from 165.225.110.152
2020/09/02 16:14:06 [/shop/shopping/load_payment_module.php] load_payment_module.php set payment data:Array
(
    [AccessID] => 8484653247ca5cb009a55f994f021cbe
    [AccessPass] => aa9368a5c9c4501ae525d9ed8a80485d
    [OrderID] => 944570-02161405
    [Amount] => 17390
    [JobCd] => CAPTURE
    [action_status] => 1
    [pay_status] => 0
)
 from 165.225.110.152
2020/09/02 16:14:06 [/shop/shopping/load_payment_module.php] SendRequest:https://p01.mul-pay.jp/payment/ExecTran.idPass from 165.225.110.152
2020/09/02 16:14:06 [/shop/shopping/load_payment_module.php] Array
(
    [AccessID] => 8484653247ca5cb009a55f994f021cbe
    [AccessPass] => aa9368a5c9c4501ae525d9ed8a80485d
    [OrderID] => 944570-02161405
    [Method] => 1
    [Token] => 4448d728fe15e0d239819e96176e4517154c0c373d58710665f00e018ad14fbd
    [ClientField1] => 
    [ClientField2] => 
    [ClientField3] => EC-CUBE4.3.24
)
 from 165.225.110.152
2020/09/02 16:14:07 [/shop/shopping/load_payment_module.php] ACS=0&OrderID=944570-02161405&Forward=2S49631&Method=1&PayTimes=&Approve=0267238&TranID=2009021614602257210134133254&TranDate=20200902161407&CheckString=895aa99334bbbed9220d4ff5a19c6b54 from 165.225.110.152
2020/09/02 16:14:07 [/shop/shopping/load_payment_module.php] Array
(
    [0] => Array
        (
            [ACS] => 0
            [OrderID] => 944570-02161405
            [Forward] => 2S49631
            [Method] => 1
            [PayTimes] => 
            [Approve] => 0267238
            [TranID] => 2009021614602257210134133254
            [TranDate] => 20200902161407
            [CheckString] => 895aa99334bbbed9220d4ff5a19c6b54
        )

)
 from 165.225.110.152
2020/09/02 16:14:07 [/shop/shopping/load_payment_module.php] load_payment_module.php set payment data:Array
(
    [ACS] => 0
    [Forward] => 2S49631
    [Method] => 1
    [PayTimes] => 
    [Approve] => 0267238
    [TranID] => 2009021614602257210134133254
    [TranDate] => 20200902161407
    [CheckString] => 895aa99334bbbed9220d4ff5a19c6b54
    [Amount] => 17390
    [JobCd] => CAPTURE
    [action_status] => 3
    [pay_status] => 13
)
 from 165.225.110.152
2020/09/02 16:14:08 [/shop/user_data/pg_mulpay_recv.php] ******* receiveer data start ******* from 210.175.7.20
2020/09/02 16:14:08 [/shop/user_data/pg_mulpay_recv.php] Array
(
    [ShopID] => 9000034600950
    [ShopPass] => **********
    [AccessID] => 8484653247ca5cb009a55f994f021cbe
    [AccessPass] => ********************************
    [OrderID] => 944570-02161405
    [Status] => CAPTURE
    [JobCd] => CAPTURE
    [Amount] => 17390
    [Tax] => 0
    [Currency] => JPN
    [Forward] => 2S49631
    [Method] => 1
    [PayTimes] => 
    [TranID] => 2009021614602257210134133254
    [Approve] => 0267238
    [TranDate] => 20200902161407
    [ErrCode] => 
    [ErrInfo] => 
    [PayType] => 0
)
 from 210.175.7.20
2020/09/02 16:14:08 [/shop/user_data/pg_mulpay_recv.php] ******* receiveer data end ******* from 210.175.7.20
2020/09/02 16:14:13 [/shop/user_data/pg_mulpay_recv.php] update order status:1 order_id=944570 from 210.175.7.20
2020/09/02 16:14:13 [/shop/user_data/pg_mulpay_recv.php] pg_mulpay_recv.php set payment data:Array
(
    [ShopID] => 9000034600950
    [AccessID] => 8484653247ca5cb009a55f994f021cbe
    [OrderID] => 944570-02161405
    [Status] => CAPTURE
    [JobCd] => CAPTURE
    [Amount] => 17390
    [Tax] => 0
    [Currency] => JPN
    [Forward] => 2S49631
    [Method] => 1
    [PayTimes] => 
    [TranID] => 2009021614602257210134133254
    [Approve] => 0267238
    [TranDate] => 20200902161407
    [ErrCode] => 
    [ErrInfo] => 
    [PayType] => 0
    [CvsCode] => 
    [CvsConfNo] => 
    [CvsReceiptNo] => 
    [EdyReceiptNo] => 
    [EdyOrderNo] => 
    [SuicaReceiptNo] => 
    [SuicaOrderNo] => 
    [CustID] => 
    [BkCode] => 
    [ConfNo] => 
    [PaymentTerm] => 
    [EncryptReceiptNo] => 
    [FinishDate] => 
    [ReceiptDate] => 
    [WebMoneyManagementNo] => 
    [WebMoneySettleCode] => 
    [AuPayInfoNo] => 
    [AuPayMethod] => 
    [AuCancelAmount] => 
    [AuCancelTax] => 
    [DocomoSettlementCode] => 
    [DocomoCancelAmount] => 
    [DocomoCancelTax] => 
    [pay_status] => 13
)
 from 210.175.7.20
2020/09/02 16:14:13 [/shop/user_data/pg_mulpay_recv.php] response:true from 210.175.7.20
