2021/11/04 10:57:27 [/shop/shopping/load_payment_module.php] SendRequest:https://p01.mul-pay.jp/payment/SearchMember.idPass from 92.203.98.82
2021/11/04 10:57:27 [/shop/shopping/load_payment_module.php] Array
(
    [SiteID] => mst0000007602
    [SitePass] => ******
    [MemberID] => 3060
)
 from 92.203.98.82
2021/11/04 10:57:27 [/shop/shopping/load_payment_module.php] ErrCode=E01&ErrInfo=E01390002 from 92.203.98.82
2021/11/04 10:57:27 [/shop/shopping/load_payment_module.php] Array
(
    [0] => Array
        (
            [ErrCode] => E01
            [ErrInfo] => E01390002
        )

)
 from 92.203.98.82
2021/11/04 10:57:27 [/shop/shopping/load_payment_module.php] SendRequest:https://p01.mul-pay.jp/payment/SearchCard.idPass from 92.203.98.82
2021/11/04 10:57:27 [/shop/shopping/load_payment_module.php] Array
(
    [SiteID] => mst0000007602
    [SitePass] => ******
    [MemberID] => 3060
)
 from 92.203.98.82
2021/11/04 10:57:27 [/shop/shopping/load_payment_module.php] ErrCode=E01|E01&ErrInfo=E01390002|E01240002 from 92.203.98.82
2021/11/04 10:57:27 [/shop/shopping/load_payment_module.php] Array
(
    [0] => Array
        (
            [ErrCode] => E01
            [ErrInfo] => E01390002
        )

    [1] => Array
        (
            [ErrCode] => E01
            [ErrInfo] => E01240002
        )

)
 from 92.203.98.82
2021/11/04 10:58:57 [/shop/shopping/load_payment_module.php] SendRequest:https://p01.mul-pay.jp/payment/SearchMember.idPass from 92.203.98.82
2021/11/04 10:58:57 [/shop/shopping/load_payment_module.php] Array
(
    [SiteID] => mst0000007602
    [SitePass] => ******
    [MemberID] => 3060
)
 from 92.203.98.82
2021/11/04 10:58:57 [/shop/shopping/load_payment_module.php] ErrCode=E01&ErrInfo=E01390002 from 92.203.98.82
2021/11/04 10:58:57 [/shop/shopping/load_payment_module.php] Array
(
    [0] => Array
        (
            [ErrCode] => E01
            [ErrInfo] => E01390002
        )

)
 from 92.203.98.82
2021/11/04 10:58:57 [/shop/shopping/load_payment_module.php] SendRequest:https://p01.mul-pay.jp/payment/SearchCard.idPass from 92.203.98.82
2021/11/04 10:58:57 [/shop/shopping/load_payment_module.php] Array
(
    [SiteID] => mst0000007602
    [SitePass] => ******
    [MemberID] => 3060
)
 from 92.203.98.82
2021/11/04 10:58:57 [/shop/shopping/load_payment_module.php] ErrCode=E01|E01&ErrInfo=E01390002|E01240002 from 92.203.98.82
2021/11/04 10:58:57 [/shop/shopping/load_payment_module.php] Array
(
    [0] => Array
        (
            [ErrCode] => E01
            [ErrInfo] => E01390002
        )

    [1] => Array
        (
            [ErrCode] => E01
            [ErrInfo] => E01240002
        )

)
 from 92.203.98.82
2021/11/04 10:58:57 [/shop/shopping/load_payment_module.php] SendRequest:https://p01.mul-pay.jp/payment/EntryTran.idPass from 92.203.98.82
2021/11/04 10:58:57 [/shop/shopping/load_payment_module.php] Array
(
    [ShopID] => 9000034600950
    [ShopPass] => ******
    [OrderID] => 945940-04105857
    [JobCd] => CAPTURE
    [Amount] => 2950
    [TdFlag] => 0
    [TdTenantName] => 
)
 from 92.203.98.82
2021/11/04 10:58:57 [/shop/shopping/load_payment_module.php] AccessID=900333977a6a28eb6179fff42c47f846&AccessPass=0f53970d23f1fa8bd53ba20ec4272897 from 92.203.98.82
2021/11/04 10:58:57 [/shop/shopping/load_payment_module.php] Array
(
    [0] => Array
        (
            [AccessID] => 900333977a6a28eb6179fff42c47f846
            [AccessPass] => 0f53970d23f1fa8bd53ba20ec4272897
        )

)
 from 92.203.98.82
2021/11/04 10:58:57 [/shop/shopping/load_payment_module.php] load_payment_module.php set payment data:Array
(
    [AccessID] => 900333977a6a28eb6179fff42c47f846
    [AccessPass] => 0f53970d23f1fa8bd53ba20ec4272897
    [OrderID] => 945940-04105857
    [Amount] => 2950
    [JobCd] => CAPTURE
    [action_status] => 1
    [pay_status] => 0
)
 from 92.203.98.82
2021/11/04 10:58:57 [/shop/shopping/load_payment_module.php] SendRequest:https://p01.mul-pay.jp/payment/ExecTran.idPass from 92.203.98.82
2021/11/04 10:58:57 [/shop/shopping/load_payment_module.php] Array
(
    [AccessID] => 900333977a6a28eb6179fff42c47f846
    [AccessPass] => 0f53970d23f1fa8bd53ba20ec4272897
    [OrderID] => 945940-04105857
    [Method] => 1
    [Token] => b95abcc23526aa31637ae929503d9b04900c6672cefcfed42a7eb9d8b730eb60
    [ClientField1] => 
    [ClientField2] => 
    [ClientField3] => EC-CUBE4.3.35
)
 from 92.203.98.82
2021/11/04 10:58:58 [/shop/shopping/load_payment_module.php] ACS=0&OrderID=945940-04105857&Forward=2S49631&Method=1&PayTimes=&Approve=0003940&TranID=2111041058602257210134124118&TranDate=20211104105858&CheckString=d5dec702b93c0bd4ab79bb7604535b51 from 92.203.98.82
2021/11/04 10:58:58 [/shop/shopping/load_payment_module.php] Array
(
    [0] => Array
        (
            [ACS] => 0
            [OrderID] => 945940-04105857
            [Forward] => 2S49631
            [Method] => 1
            [PayTimes] => 
            [Approve] => 0003940
            [TranID] => 2111041058602257210134124118
            [TranDate] => 20211104105858
            [CheckString] => d5dec702b93c0bd4ab79bb7604535b51
        )

)
 from 92.203.98.82
2021/11/04 10:58:58 [/shop/shopping/load_payment_module.php] load_payment_module.php set payment data:Array
(
    [ACS] => 0
    [Forward] => 2S49631
    [Method] => 1
    [PayTimes] => 
    [Approve] => 0003940
    [TranID] => 2111041058602257210134124118
    [TranDate] => 20211104105858
    [CheckString] => d5dec702b93c0bd4ab79bb7604535b51
    [Amount] => 2950
    [JobCd] => CAPTURE
    [action_status] => 3
    [pay_status] => 13
)
 from 92.203.98.82
2021/11/04 10:58:58 [/shop/user_data/pg_mulpay_recv.php] ******* receiveer data start ******* from 210.175.7.20
2021/11/04 10:58:58 [/shop/user_data/pg_mulpay_recv.php] Array
(
    [ShopID] => 9000034600950
    [ShopPass] => **********
    [AccessID] => 900333977a6a28eb6179fff42c47f846
    [AccessPass] => ********************************
    [OrderID] => 945940-04105857
    [Status] => CAPTURE
    [JobCd] => CAPTURE
    [Amount] => 2950
    [Tax] => 0
    [Currency] => JPN
    [Forward] => 2S49631
    [Method] => 1
    [PayTimes] => 
    [TranID] => 2111041058602257210134124118
    [Approve] => 0003940
    [TranDate] => 20211104105858
    [ErrCode] => 
    [ErrInfo] => 
    [PayType] => 0
)
 from 210.175.7.20
2021/11/04 10:58:58 [/shop/user_data/pg_mulpay_recv.php] ******* receiveer data end ******* from 210.175.7.20
2021/11/04 10:59:03 [/shop/user_data/pg_mulpay_recv.php] update order status:1 order_id=945940 from 210.175.7.20
2021/11/04 10:59:03 [/shop/user_data/pg_mulpay_recv.php] pg_mulpay_recv.php set payment data:Array
(
    [ShopID] => 9000034600950
    [AccessID] => 900333977a6a28eb6179fff42c47f846
    [OrderID] => 945940-04105857
    [Status] => CAPTURE
    [JobCd] => CAPTURE
    [Amount] => 2950
    [Tax] => 0
    [Currency] => JPN
    [Forward] => 2S49631
    [Method] => 1
    [PayTimes] => 
    [TranID] => 2111041058602257210134124118
    [Approve] => 0003940
    [TranDate] => 20211104105858
    [ErrCode] => 
    [ErrInfo] => 
    [PayType] => 0
    [CvsCode] => 
    [CvsConfNo] => 
    [CvsReceiptNo] => 
    [EdyReceiptNo] => 
    [EdyOrderNo] => 
    [SuicaReceiptNo] => 
    [SuicaOrderNo] => 
    [CustID] => 
    [BkCode] => 
    [ConfNo] => 
    [PaymentTerm] => 
    [EncryptReceiptNo] => 
    [FinishDate] => 
    [ReceiptDate] => 
    [WebMoneyManagementNo] => 
    [WebMoneySettleCode] => 
    [AuPayInfoNo] => 
    [AuPayMethod] => 
    [AuCancelAmount] => 
    [AuCancelTax] => 
    [DocomoSettlementCode] => 
    [DocomoCancelAmount] => 
    [DocomoCancelTax] => 
    [pay_status] => 13
)
 from 210.175.7.20
2021/11/04 10:59:03 [/shop/user_data/pg_mulpay_recv.php] response:true from 210.175.7.20
2021/11/04 11:10:43 [/shop/shopping/load_payment_module.php] SendRequest:https://p01.mul-pay.jp/payment/SearchMember.idPass from 68.147.92.156
2021/11/04 11:10:43 [/shop/shopping/load_payment_module.php] Array
(
    [SiteID] => mst0000007602
    [SitePass] => ******
    [MemberID] => 10592
)
 from 68.147.92.156
2021/11/04 11:10:43 [/shop/shopping/load_payment_module.php] ErrCode=E01&ErrInfo=E01390002 from 68.147.92.156
2021/11/04 11:10:43 [/shop/shopping/load_payment_module.php] Array
(
    [0] => Array
        (
            [ErrCode] => E01
            [ErrInfo] => E01390002
        )

)
 from 68.147.92.156
2021/11/04 11:10:43 [/shop/shopping/load_payment_module.php] SendRequest:https://p01.mul-pay.jp/payment/SearchCard.idPass from 68.147.92.156
2021/11/04 11:10:43 [/shop/shopping/load_payment_module.php] Array
(
    [SiteID] => mst0000007602
    [SitePass] => ******
    [MemberID] => 10592
)
 from 68.147.92.156
2021/11/04 11:10:43 [/shop/shopping/load_payment_module.php] ErrCode=E01|E01&ErrInfo=E01390002|E01240002 from 68.147.92.156
2021/11/04 11:10:43 [/shop/shopping/load_payment_module.php] Array
(
    [0] => Array
        (
            [ErrCode] => E01
            [ErrInfo] => E01390002
        )

    [1] => Array
        (
            [ErrCode] => E01
            [ErrInfo] => E01240002
        )

)
 from 68.147.92.156
2021/11/04 11:12:03 [/shop/shopping/load_payment_module.php] SendRequest:https://p01.mul-pay.jp/payment/SearchMember.idPass from 68.147.92.156
2021/11/04 11:12:03 [/shop/shopping/load_payment_module.php] Array
(
    [SiteID] => mst0000007602
    [SitePass] => ******
    [MemberID] => 10592
)
 from 68.147.92.156
2021/11/04 11:12:03 [/shop/shopping/load_payment_module.php] ErrCode=E01&ErrInfo=E01390002 from 68.147.92.156
2021/11/04 11:12:04 [/shop/shopping/load_payment_module.php] Array
(
    [0] => Array
        (
            [ErrCode] => E01
            [ErrInfo] => E01390002
        )

)
 from 68.147.92.156
2021/11/04 11:12:04 [/shop/shopping/load_payment_module.php] SendRequest:https://p01.mul-pay.jp/payment/SearchCard.idPass from 68.147.92.156
2021/11/04 11:12:04 [/shop/shopping/load_payment_module.php] Array
(
    [SiteID] => mst0000007602
    [SitePass] => ******
    [MemberID] => 10592
)
 from 68.147.92.156
2021/11/04 11:12:04 [/shop/shopping/load_payment_module.php] ErrCode=E01|E01&ErrInfo=E01390002|E01240002 from 68.147.92.156
2021/11/04 11:12:04 [/shop/shopping/load_payment_module.php] Array
(
    [0] => Array
        (
            [ErrCode] => E01
            [ErrInfo] => E01390002
        )

    [1] => Array
        (
            [ErrCode] => E01
            [ErrInfo] => E01240002
        )

)
 from 68.147.92.156
2021/11/04 11:12:04 [/shop/shopping/load_payment_module.php] SendRequest:https://p01.mul-pay.jp/payment/EntryTran.idPass from 68.147.92.156
2021/11/04 11:12:04 [/shop/shopping/load_payment_module.php] Array
(
    [ShopID] => 9000034600950
    [ShopPass] => ******
    [OrderID] => 945941-04111204
    [JobCd] => CAPTURE
    [Amount] => 14040
    [TdFlag] => 0
    [TdTenantName] => 
)
 from 68.147.92.156
2021/11/04 11:12:04 [/shop/shopping/load_payment_module.php] AccessID=a4c5a1a105fdfadcaf491e83bda4f97c&AccessPass=5b68e08ca901d065dd27f5fc3a198802 from 68.147.92.156
2021/11/04 11:12:04 [/shop/shopping/load_payment_module.php] Array
(
    [0] => Array
        (
            [AccessID] => a4c5a1a105fdfadcaf491e83bda4f97c
            [AccessPass] => 5b68e08ca901d065dd27f5fc3a198802
        )

)
 from 68.147.92.156
2021/11/04 11:12:04 [/shop/shopping/load_payment_module.php] load_payment_module.php set payment data:Array
(
    [AccessID] => a4c5a1a105fdfadcaf491e83bda4f97c
    [AccessPass] => 5b68e08ca901d065dd27f5fc3a198802
    [OrderID] => 945941-04111204
    [Amount] => 14040
    [JobCd] => CAPTURE
    [action_status] => 1
    [pay_status] => 0
)
 from 68.147.92.156
2021/11/04 11:12:04 [/shop/shopping/load_payment_module.php] SendRequest:https://p01.mul-pay.jp/payment/ExecTran.idPass from 68.147.92.156
2021/11/04 11:12:04 [/shop/shopping/load_payment_module.php] Array
(
    [AccessID] => a4c5a1a105fdfadcaf491e83bda4f97c
    [AccessPass] => 5b68e08ca901d065dd27f5fc3a198802
    [OrderID] => 945941-04111204
    [Method] => 1
    [Token] => bac14d9b15303db5cf3d4b83c3184e4ad843a0685c55a7cf0ace15d0d347c539
    [ClientField1] => 
    [ClientField2] => 
    [ClientField3] => EC-CUBE4.3.35
)
 from 68.147.92.156
2021/11/04 11:12:04 [/shop/shopping/load_payment_module.php] ACS=0&OrderID=945941-04111204&Forward=2S49631&Method=1&PayTimes=&Approve=0061329&TranID=2111041112602257210134114057&TranDate=20211104111204&CheckString=4ea0a7b867d945645b37eda3d2a689f5 from 68.147.92.156
2021/11/04 11:12:04 [/shop/shopping/load_payment_module.php] Array
(
    [0] => Array
        (
            [ACS] => 0
            [OrderID] => 945941-04111204
            [Forward] => 2S49631
            [Method] => 1
            [PayTimes] => 
            [Approve] => 0061329
            [TranID] => 2111041112602257210134114057
            [TranDate] => 20211104111204
            [CheckString] => 4ea0a7b867d945645b37eda3d2a689f5
        )

)
 from 68.147.92.156
2021/11/04 11:12:04 [/shop/shopping/load_payment_module.php] load_payment_module.php set payment data:Array
(
    [ACS] => 0
    [Forward] => 2S49631
    [Method] => 1
    [PayTimes] => 
    [Approve] => 0061329
    [TranID] => 2111041112602257210134114057
    [TranDate] => 20211104111204
    [CheckString] => 4ea0a7b867d945645b37eda3d2a689f5
    [Amount] => 14040
    [JobCd] => CAPTURE
    [action_status] => 3
    [pay_status] => 13
)
 from 68.147.92.156
2021/11/04 11:12:05 [/shop/user_data/pg_mulpay_recv.php] ******* receiveer data start ******* from 210.175.7.20
2021/11/04 11:12:05 [/shop/user_data/pg_mulpay_recv.php] Array
(
    [ShopID] => 9000034600950
    [ShopPass] => **********
    [AccessID] => a4c5a1a105fdfadcaf491e83bda4f97c
    [AccessPass] => ********************************
    [OrderID] => 945941-04111204
    [Status] => CAPTURE
    [JobCd] => CAPTURE
    [Amount] => 14040
    [Tax] => 0
    [Currency] => JPN
    [Forward] => 2S49631
    [Method] => 1
    [PayTimes] => 
    [TranID] => 2111041112602257210134114057
    [Approve] => 0061329
    [TranDate] => 20211104111204
    [ErrCode] => 
    [ErrInfo] => 
    [PayType] => 0
)
 from 210.175.7.20
2021/11/04 11:12:05 [/shop/user_data/pg_mulpay_recv.php] ******* receiveer data end ******* from 210.175.7.20
2021/11/04 11:12:10 [/shop/user_data/pg_mulpay_recv.php] update order status:1 order_id=945941 from 210.175.7.20
2021/11/04 11:12:10 [/shop/user_data/pg_mulpay_recv.php] pg_mulpay_recv.php set payment data:Array
(
    [ShopID] => 9000034600950
    [AccessID] => a4c5a1a105fdfadcaf491e83bda4f97c
    [OrderID] => 945941-04111204
    [Status] => CAPTURE
    [JobCd] => CAPTURE
    [Amount] => 14040
    [Tax] => 0
    [Currency] => JPN
    [Forward] => 2S49631
    [Method] => 1
    [PayTimes] => 
    [TranID] => 2111041112602257210134114057
    [Approve] => 0061329
    [TranDate] => 20211104111204
    [ErrCode] => 
    [ErrInfo] => 
    [PayType] => 0
    [CvsCode] => 
    [CvsConfNo] => 
    [CvsReceiptNo] => 
    [EdyReceiptNo] => 
    [EdyOrderNo] => 
    [SuicaReceiptNo] => 
    [SuicaOrderNo] => 
    [CustID] => 
    [BkCode] => 
    [ConfNo] => 
    [PaymentTerm] => 
    [EncryptReceiptNo] => 
    [FinishDate] => 
    [ReceiptDate] => 
    [WebMoneyManagementNo] => 
    [WebMoneySettleCode] => 
    [AuPayInfoNo] => 
    [AuPayMethod] => 
    [AuCancelAmount] => 
    [AuCancelTax] => 
    [DocomoSettlementCode] => 
    [DocomoCancelAmount] => 
    [DocomoCancelTax] => 
    [pay_status] => 13
)
 from 210.175.7.20
2021/11/04 11:12:10 [/shop/user_data/pg_mulpay_recv.php] response:true from 210.175.7.20
2021/11/04 18:23:04 [/shop/shopping/load_payment_module.php] SendRequest:https://p01.mul-pay.jp/payment/SearchMember.idPass from 61.22.71.218
2021/11/04 18:23:04 [/shop/shopping/load_payment_module.php] Array
(
    [SiteID] => mst0000007602
    [SitePass] => ******
    [MemberID] => 7689
)
 from 61.22.71.218
2021/11/04 18:23:04 [/shop/shopping/load_payment_module.php] ErrCode=E01&ErrInfo=E01390002 from 61.22.71.218
2021/11/04 18:23:04 [/shop/shopping/load_payment_module.php] Array
(
    [0] => Array
        (
            [ErrCode] => E01
            [ErrInfo] => E01390002
        )

)
 from 61.22.71.218
2021/11/04 18:23:04 [/shop/shopping/load_payment_module.php] SendRequest:https://p01.mul-pay.jp/payment/SearchCard.idPass from 61.22.71.218
2021/11/04 18:23:04 [/shop/shopping/load_payment_module.php] Array
(
    [SiteID] => mst0000007602
    [SitePass] => ******
    [MemberID] => 7689
)
 from 61.22.71.218
2021/11/04 18:23:04 [/shop/shopping/load_payment_module.php] ErrCode=E01|E01&ErrInfo=E01390002|E01240002 from 61.22.71.218
2021/11/04 18:23:04 [/shop/shopping/load_payment_module.php] Array
(
    [0] => Array
        (
            [ErrCode] => E01
            [ErrInfo] => E01390002
        )

    [1] => Array
        (
            [ErrCode] => E01
            [ErrInfo] => E01240002
        )

)
 from 61.22.71.218
2021/11/04 18:24:18 [/shop/shopping/load_payment_module.php] SendRequest:https://p01.mul-pay.jp/payment/SearchMember.idPass from 61.22.71.218
2021/11/04 18:24:18 [/shop/shopping/load_payment_module.php] Array
(
    [SiteID] => mst0000007602
    [SitePass] => ******
    [MemberID] => 7689
)
 from 61.22.71.218
2021/11/04 18:24:18 [/shop/shopping/load_payment_module.php] ErrCode=E01&ErrInfo=E01390002 from 61.22.71.218
2021/11/04 18:24:18 [/shop/shopping/load_payment_module.php] Array
(
    [0] => Array
        (
            [ErrCode] => E01
            [ErrInfo] => E01390002
        )

)
 from 61.22.71.218
2021/11/04 18:24:18 [/shop/shopping/load_payment_module.php] SendRequest:https://p01.mul-pay.jp/payment/SearchCard.idPass from 61.22.71.218
2021/11/04 18:24:18 [/shop/shopping/load_payment_module.php] Array
(
    [SiteID] => mst0000007602
    [SitePass] => ******
    [MemberID] => 7689
)
 from 61.22.71.218
2021/11/04 18:24:18 [/shop/shopping/load_payment_module.php] ErrCode=E01|E01&ErrInfo=E01390002|E01240002 from 61.22.71.218
2021/11/04 18:24:18 [/shop/shopping/load_payment_module.php] Array
(
    [0] => Array
        (
            [ErrCode] => E01
            [ErrInfo] => E01390002
        )

    [1] => Array
        (
            [ErrCode] => E01
            [ErrInfo] => E01240002
        )

)
 from 61.22.71.218
2021/11/04 18:24:18 [/shop/shopping/load_payment_module.php] SendRequest:https://p01.mul-pay.jp/payment/EntryTran.idPass from 61.22.71.218
2021/11/04 18:24:18 [/shop/shopping/load_payment_module.php] Array
(
    [ShopID] => 9000034600950
    [ShopPass] => ******
    [OrderID] => 945942-04182418
    [JobCd] => CAPTURE
    [Amount] => 8451
    [TdFlag] => 0
    [TdTenantName] => 
)
 from 61.22.71.218
2021/11/04 18:24:18 [/shop/shopping/load_payment_module.php] AccessID=fc35c416aecd839eab70102acae63eb4&AccessPass=4b6e90859a972e773fbd3358294ec6f1 from 61.22.71.218
2021/11/04 18:24:18 [/shop/shopping/load_payment_module.php] Array
(
    [0] => Array
        (
            [AccessID] => fc35c416aecd839eab70102acae63eb4
            [AccessPass] => 4b6e90859a972e773fbd3358294ec6f1
        )

)
 from 61.22.71.218
2021/11/04 18:24:18 [/shop/shopping/load_payment_module.php] load_payment_module.php set payment data:Array
(
    [AccessID] => fc35c416aecd839eab70102acae63eb4
    [AccessPass] => 4b6e90859a972e773fbd3358294ec6f1
    [OrderID] => 945942-04182418
    [Amount] => 8451
    [JobCd] => CAPTURE
    [action_status] => 1
    [pay_status] => 0
)
 from 61.22.71.218
2021/11/04 18:24:18 [/shop/shopping/load_payment_module.php] SendRequest:https://p01.mul-pay.jp/payment/ExecTran.idPass from 61.22.71.218
2021/11/04 18:24:18 [/shop/shopping/load_payment_module.php] Array
(
    [AccessID] => fc35c416aecd839eab70102acae63eb4
    [AccessPass] => 4b6e90859a972e773fbd3358294ec6f1
    [OrderID] => 945942-04182418
    [Method] => 1
    [Token] => bc71dc363d7a26c8c479d67f6c57b53ea5c0e652b01899827d87a3bd7e225839
    [ClientField1] => 
    [ClientField2] => 
    [ClientField3] => EC-CUBE4.3.35
)
 from 61.22.71.218
2021/11/04 18:24:19 [/shop/shopping/load_payment_module.php] ACS=0&OrderID=945942-04182418&Forward=2S49631&Method=1&PayTimes=&Approve=0004758&TranID=2111041824602257210134133782&TranDate=20211104182419&CheckString=db7ceb1238c8461991b28fb99604cd07 from 61.22.71.218
2021/11/04 18:24:19 [/shop/shopping/load_payment_module.php] Array
(
    [0] => Array
        (
            [ACS] => 0
            [OrderID] => 945942-04182418
            [Forward] => 2S49631
            [Method] => 1
            [PayTimes] => 
            [Approve] => 0004758
            [TranID] => 2111041824602257210134133782
            [TranDate] => 20211104182419
            [CheckString] => db7ceb1238c8461991b28fb99604cd07
        )

)
 from 61.22.71.218
2021/11/04 18:24:19 [/shop/shopping/load_payment_module.php] load_payment_module.php set payment data:Array
(
    [ACS] => 0
    [Forward] => 2S49631
    [Method] => 1
    [PayTimes] => 
    [Approve] => 0004758
    [TranID] => 2111041824602257210134133782
    [TranDate] => 20211104182419
    [CheckString] => db7ceb1238c8461991b28fb99604cd07
    [Amount] => 8451
    [JobCd] => CAPTURE
    [action_status] => 3
    [pay_status] => 13
)
 from 61.22.71.218
2021/11/04 18:24:19 [/shop/user_data/pg_mulpay_recv.php] ******* receiveer data start ******* from 210.175.7.20
2021/11/04 18:24:19 [/shop/user_data/pg_mulpay_recv.php] Array
(
    [ShopID] => 9000034600950
    [ShopPass] => **********
    [AccessID] => fc35c416aecd839eab70102acae63eb4
    [AccessPass] => ********************************
    [OrderID] => 945942-04182418
    [Status] => CAPTURE
    [JobCd] => CAPTURE
    [Amount] => 8451
    [Tax] => 0
    [Currency] => JPN
    [Forward] => 2S49631
    [Method] => 1
    [PayTimes] => 
    [TranID] => 2111041824602257210134133782
    [Approve] => 0004758
    [TranDate] => 20211104182419
    [ErrCode] => 
    [ErrInfo] => 
    [PayType] => 0
)
 from 210.175.7.20
2021/11/04 18:24:19 [/shop/user_data/pg_mulpay_recv.php] ******* receiveer data end ******* from 210.175.7.20
2021/11/04 18:24:24 [/shop/user_data/pg_mulpay_recv.php] update order status:1 order_id=945942 from 210.175.7.20
2021/11/04 18:24:24 [/shop/user_data/pg_mulpay_recv.php] pg_mulpay_recv.php set payment data:Array
(
    [ShopID] => 9000034600950
    [AccessID] => fc35c416aecd839eab70102acae63eb4
    [OrderID] => 945942-04182418
    [Status] => CAPTURE
    [JobCd] => CAPTURE
    [Amount] => 8451
    [Tax] => 0
    [Currency] => JPN
    [Forward] => 2S49631
    [Method] => 1
    [PayTimes] => 
    [TranID] => 2111041824602257210134133782
    [Approve] => 0004758
    [TranDate] => 20211104182419
    [ErrCode] => 
    [ErrInfo] => 
    [PayType] => 0
    [CvsCode] => 
    [CvsConfNo] => 
    [CvsReceiptNo] => 
    [EdyReceiptNo] => 
    [EdyOrderNo] => 
    [SuicaReceiptNo] => 
    [SuicaOrderNo] => 
    [CustID] => 
    [BkCode] => 
    [ConfNo] => 
    [PaymentTerm] => 
    [EncryptReceiptNo] => 
    [FinishDate] => 
    [ReceiptDate] => 
    [WebMoneyManagementNo] => 
    [WebMoneySettleCode] => 
    [AuPayInfoNo] => 
    [AuPayMethod] => 
    [AuCancelAmount] => 
    [AuCancelTax] => 
    [DocomoSettlementCode] => 
    [DocomoCancelAmount] => 
    [DocomoCancelTax] => 
    [pay_status] => 13
)
 from 210.175.7.20
2021/11/04 18:24:24 [/shop/user_data/pg_mulpay_recv.php] response:true from 210.175.7.20
