2024/12/06 03:58:31 [/shop/shopping/load_payment_module.php] SendRequest:https://p01.mul-pay.jp/payment/EntryTran.idPass from 136.226.77.72
2024/12/06 03:58:31 [/shop/shopping/load_payment_module.php] Array
(
    [ShopID] => 9000034600950
    [ShopPass] => ******
    [OrderID] => 959957-06035831
    [JobCd] => CAPTURE
    [Amount] => 7590
    [TdFlag] => 0
    [TdTenantName] => 
)
 from 136.226.77.72
2024/12/06 03:58:31 [/shop/shopping/load_payment_module.php] AccessID=5f937c74f6e47593e80a5e09aad2003b&AccessPass=4578898fbdfcc0512681799b46e13f21 from 136.226.77.72
2024/12/06 03:58:31 [/shop/shopping/load_payment_module.php] Array
(
    [0] => Array
        (
            [AccessID] => 5f937c74f6e47593e80a5e09aad2003b
            [AccessPass] => 4578898fbdfcc0512681799b46e13f21
        )

)
 from 136.226.77.72
2024/12/06 03:58:31 [/shop/shopping/load_payment_module.php] load_payment_module.php set payment data:Array
(
    [AccessID] => 5f937c74f6e47593e80a5e09aad2003b
    [AccessPass] => 4578898fbdfcc0512681799b46e13f21
    [OrderID] => 959957-06035831
    [Amount] => 7590
    [JobCd] => CAPTURE
    [action_status] => 1
    [pay_status] => 0
)
 from 136.226.77.72
2024/12/06 03:58:31 [/shop/shopping/load_payment_module.php] SendRequest:https://p01.mul-pay.jp/payment/ExecTran.idPass from 136.226.77.72
2024/12/06 03:58:31 [/shop/shopping/load_payment_module.php] Array
(
    [AccessID] => 5f937c74f6e47593e80a5e09aad2003b
    [AccessPass] => 4578898fbdfcc0512681799b46e13f21
    [OrderID] => 959957-06035831
    [Method] => 1
    [Token] => 9fc03f4d70c44c8a50f64dcb203b0935a47af959772da9eea9b2dfd5febabb03
    [ClientField1] => 
    [ClientField2] => 
    [ClientField3] => EC-CUBE4.3.35
)
 from 136.226.77.72
2024/12/06 03:58:33 [/shop/shopping/load_payment_module.php] ACS=0&OrderID=959957-06035831&Forward=2S49631&Method=1&PayTimes=&Approve=0045217&TranID=2412060358602257210134183702&TranDate=20241206035833&CheckString=fd1afe91de38505b5fa4ed57e1fbd437 from 136.226.77.72
2024/12/06 03:58:33 [/shop/shopping/load_payment_module.php] Array
(
    [0] => Array
        (
            [ACS] => 0
            [OrderID] => 959957-06035831
            [Forward] => 2S49631
            [Method] => 1
            [PayTimes] => 
            [Approve] => 0045217
            [TranID] => 2412060358602257210134183702
            [TranDate] => 20241206035833
            [CheckString] => fd1afe91de38505b5fa4ed57e1fbd437
        )

)
 from 136.226.77.72
2024/12/06 03:58:33 [/shop/shopping/load_payment_module.php] load_payment_module.php set payment data:Array
(
    [ACS] => 0
    [Forward] => 2S49631
    [Method] => 1
    [PayTimes] => 
    [Approve] => 0045217
    [TranID] => 2412060358602257210134183702
    [TranDate] => 20241206035833
    [CheckString] => fd1afe91de38505b5fa4ed57e1fbd437
    [Amount] => 7590
    [JobCd] => CAPTURE
    [action_status] => 3
    [pay_status] => 13
)
 from 136.226.77.72
2024/12/06 03:58:33 [/shop/user_data/pg_mulpay_recv.php] ******* receiveer data start ******* from 210.175.7.20
2024/12/06 03:58:33 [/shop/user_data/pg_mulpay_recv.php] Array
(
    [ShopID] => 9000034600950
    [ShopPass] => **********
    [AccessID] => 5f937c74f6e47593e80a5e09aad2003b
    [AccessPass] => ********************************
    [OrderID] => 959957-06035831
    [Status] => CAPTURE
    [JobCd] => CAPTURE
    [Amount] => 7590
    [Tax] => 0
    [Currency] => JPN
    [Forward] => 2S49631
    [Method] => 1
    [PayTimes] => 
    [TranID] => 2412060358602257210134183702
    [Approve] => 0045217
    [TranDate] => 20241206035833
    [ErrCode] => 
    [ErrInfo] => 
    [PayType] => 0
)
 from 210.175.7.20
2024/12/06 03:58:33 [/shop/user_data/pg_mulpay_recv.php] ******* receiveer data end ******* from 210.175.7.20
2024/12/06 03:58:38 [/shop/user_data/pg_mulpay_recv.php] update order status:1 order_id=959957 from 210.175.7.20
2024/12/06 03:58:38 [/shop/user_data/pg_mulpay_recv.php] pg_mulpay_recv.php set payment data:Array
(
    [ShopID] => 9000034600950
    [AccessID] => 5f937c74f6e47593e80a5e09aad2003b
    [OrderID] => 959957-06035831
    [Status] => CAPTURE
    [JobCd] => CAPTURE
    [Amount] => 7590
    [Tax] => 0
    [Currency] => JPN
    [Forward] => 2S49631
    [Method] => 1
    [PayTimes] => 
    [TranID] => 2412060358602257210134183702
    [Approve] => 0045217
    [TranDate] => 20241206035833
    [ErrCode] => 
    [ErrInfo] => 
    [PayType] => 0
    [CvsCode] => 
    [CvsConfNo] => 
    [CvsReceiptNo] => 
    [EdyReceiptNo] => 
    [EdyOrderNo] => 
    [SuicaReceiptNo] => 
    [SuicaOrderNo] => 
    [CustID] => 
    [BkCode] => 
    [ConfNo] => 
    [PaymentTerm] => 
    [EncryptReceiptNo] => 
    [FinishDate] => 
    [ReceiptDate] => 
    [WebMoneyManagementNo] => 
    [WebMoneySettleCode] => 
    [AuPayInfoNo] => 
    [AuPayMethod] => 
    [AuCancelAmount] => 
    [AuCancelTax] => 
    [DocomoSettlementCode] => 
    [DocomoCancelAmount] => 
    [DocomoCancelTax] => 
    [pay_status] => 13
)
 from 210.175.7.20
2024/12/06 03:58:38 [/shop/user_data/pg_mulpay_recv.php] response:true from 210.175.7.20
2024/12/06 06:08:38 [/shop/shopping/load_payment_module.php] SendRequest:https://p01.mul-pay.jp/payment/SearchMember.idPass from 187.251.245.178
2024/12/06 06:08:38 [/shop/shopping/load_payment_module.php] Array
(
    [SiteID] => mst0000007602
    [SitePass] => ******
    [MemberID] => 2231
)
 from 187.251.245.178
2024/12/06 06:08:38 [/shop/shopping/load_payment_module.php] ErrCode=E01&ErrInfo=E01390002 from 187.251.245.178
2024/12/06 06:08:38 [/shop/shopping/load_payment_module.php] Array
(
    [0] => Array
        (
            [ErrCode] => E01
            [ErrInfo] => E01390002
        )

)
 from 187.251.245.178
2024/12/06 06:08:38 [/shop/shopping/load_payment_module.php] SendRequest:https://p01.mul-pay.jp/payment/SearchCard.idPass from 187.251.245.178
2024/12/06 06:08:38 [/shop/shopping/load_payment_module.php] Array
(
    [SiteID] => mst0000007602
    [SitePass] => ******
    [MemberID] => 2231
)
 from 187.251.245.178
2024/12/06 06:08:38 [/shop/shopping/load_payment_module.php] ErrCode=E01|E01&ErrInfo=E01390002|E01240002 from 187.251.245.178
2024/12/06 06:08:38 [/shop/shopping/load_payment_module.php] Array
(
    [0] => Array
        (
            [ErrCode] => E01
            [ErrInfo] => E01390002
        )

    [1] => Array
        (
            [ErrCode] => E01
            [ErrInfo] => E01240002
        )

)
 from 187.251.245.178
2024/12/06 06:11:09 [/shop/shopping/load_payment_module.php] SendRequest:https://p01.mul-pay.jp/payment/SearchMember.idPass from 187.251.245.178
2024/12/06 06:11:09 [/shop/shopping/load_payment_module.php] Array
(
    [SiteID] => mst0000007602
    [SitePass] => ******
    [MemberID] => 2231
)
 from 187.251.245.178
2024/12/06 06:11:09 [/shop/shopping/load_payment_module.php] ErrCode=E01&ErrInfo=E01390002 from 187.251.245.178
2024/12/06 06:11:09 [/shop/shopping/load_payment_module.php] Array
(
    [0] => Array
        (
            [ErrCode] => E01
            [ErrInfo] => E01390002
        )

)
 from 187.251.245.178
2024/12/06 06:11:09 [/shop/shopping/load_payment_module.php] SendRequest:https://p01.mul-pay.jp/payment/SearchCard.idPass from 187.251.245.178
2024/12/06 06:11:09 [/shop/shopping/load_payment_module.php] Array
(
    [SiteID] => mst0000007602
    [SitePass] => ******
    [MemberID] => 2231
)
 from 187.251.245.178
2024/12/06 06:11:09 [/shop/shopping/load_payment_module.php] ErrCode=E01|E01&ErrInfo=E01390002|E01240002 from 187.251.245.178
2024/12/06 06:11:09 [/shop/shopping/load_payment_module.php] Array
(
    [0] => Array
        (
            [ErrCode] => E01
            [ErrInfo] => E01390002
        )

    [1] => Array
        (
            [ErrCode] => E01
            [ErrInfo] => E01240002
        )

)
 from 187.251.245.178
2024/12/06 06:11:09 [/shop/shopping/load_payment_module.php] SendRequest:https://p01.mul-pay.jp/payment/EntryTran.idPass from 187.251.245.178
2024/12/06 06:11:09 [/shop/shopping/load_payment_module.php] Array
(
    [ShopID] => 9000034600950
    [ShopPass] => ******
    [OrderID] => 959958-06061109
    [JobCd] => CAPTURE
    [Amount] => 6520
    [TdFlag] => 0
    [TdTenantName] => 
)
 from 187.251.245.178
2024/12/06 06:11:09 [/shop/shopping/load_payment_module.php] AccessID=27ea88ea3d42355ed7d94afd94d9e30a&AccessPass=14eab1d448d6b705b89825993090dff1 from 187.251.245.178
2024/12/06 06:11:09 [/shop/shopping/load_payment_module.php] Array
(
    [0] => Array
        (
            [AccessID] => 27ea88ea3d42355ed7d94afd94d9e30a
            [AccessPass] => 14eab1d448d6b705b89825993090dff1
        )

)
 from 187.251.245.178
2024/12/06 06:11:09 [/shop/shopping/load_payment_module.php] load_payment_module.php set payment data:Array
(
    [AccessID] => 27ea88ea3d42355ed7d94afd94d9e30a
    [AccessPass] => 14eab1d448d6b705b89825993090dff1
    [OrderID] => 959958-06061109
    [Amount] => 6520
    [JobCd] => CAPTURE
    [action_status] => 1
    [pay_status] => 0
)
 from 187.251.245.178
2024/12/06 06:11:09 [/shop/shopping/load_payment_module.php] SendRequest:https://p01.mul-pay.jp/payment/ExecTran.idPass from 187.251.245.178
2024/12/06 06:11:09 [/shop/shopping/load_payment_module.php] Array
(
    [AccessID] => 27ea88ea3d42355ed7d94afd94d9e30a
    [AccessPass] => 14eab1d448d6b705b89825993090dff1
    [OrderID] => 959958-06061109
    [Method] => 1
    [Token] => 5343db7640c3f896415c119e04498cedf6587193fe7abdbdcf11b0cf19f2ca1c
    [ClientField1] => 
    [ClientField2] => 
    [ClientField3] => EC-CUBE4.3.35
)
 from 187.251.245.178
2024/12/06 06:11:10 [/shop/shopping/load_payment_module.php] ACS=0&OrderID=959958-06061109&Forward=2a99661&Method=1&PayTimes=&Approve=0202761&TranID=2412060611602257210134153797&TranDate=20241206061110&CheckString=a2cc195e010754939babbd662b16d70d from 187.251.245.178
2024/12/06 06:11:10 [/shop/shopping/load_payment_module.php] Array
(
    [0] => Array
        (
            [ACS] => 0
            [OrderID] => 959958-06061109
            [Forward] => 2a99661
            [Method] => 1
            [PayTimes] => 
            [Approve] => 0202761
            [TranID] => 2412060611602257210134153797
            [TranDate] => 20241206061110
            [CheckString] => a2cc195e010754939babbd662b16d70d
        )

)
 from 187.251.245.178
2024/12/06 06:11:10 [/shop/shopping/load_payment_module.php] load_payment_module.php set payment data:Array
(
    [ACS] => 0
    [Forward] => 2a99661
    [Method] => 1
    [PayTimes] => 
    [Approve] => 0202761
    [TranID] => 2412060611602257210134153797
    [TranDate] => 20241206061110
    [CheckString] => a2cc195e010754939babbd662b16d70d
    [Amount] => 6520
    [JobCd] => CAPTURE
    [action_status] => 3
    [pay_status] => 13
)
 from 187.251.245.178
2024/12/06 06:11:10 [/shop/user_data/pg_mulpay_recv.php] ******* receiveer data start ******* from 210.175.7.20
2024/12/06 06:11:10 [/shop/user_data/pg_mulpay_recv.php] Array
(
    [ShopID] => 9000034600950
    [ShopPass] => **********
    [AccessID] => 27ea88ea3d42355ed7d94afd94d9e30a
    [AccessPass] => ********************************
    [OrderID] => 959958-06061109
    [Status] => CAPTURE
    [JobCd] => CAPTURE
    [Amount] => 6520
    [Tax] => 0
    [Currency] => JPN
    [Forward] => 2a99661
    [Method] => 1
    [PayTimes] => 
    [TranID] => 2412060611602257210134153797
    [Approve] => 0202761
    [TranDate] => 20241206061110
    [ErrCode] => 
    [ErrInfo] => 
    [PayType] => 0
)
 from 210.175.7.20
2024/12/06 06:11:10 [/shop/user_data/pg_mulpay_recv.php] ******* receiveer data end ******* from 210.175.7.20
2024/12/06 06:11:15 [/shop/user_data/pg_mulpay_recv.php] update order status:1 order_id=959958 from 210.175.7.20
2024/12/06 06:11:15 [/shop/user_data/pg_mulpay_recv.php] pg_mulpay_recv.php set payment data:Array
(
    [ShopID] => 9000034600950
    [AccessID] => 27ea88ea3d42355ed7d94afd94d9e30a
    [OrderID] => 959958-06061109
    [Status] => CAPTURE
    [JobCd] => CAPTURE
    [Amount] => 6520
    [Tax] => 0
    [Currency] => JPN
    [Forward] => 2a99661
    [Method] => 1
    [PayTimes] => 
    [TranID] => 2412060611602257210134153797
    [Approve] => 0202761
    [TranDate] => 20241206061110
    [ErrCode] => 
    [ErrInfo] => 
    [PayType] => 0
    [CvsCode] => 
    [CvsConfNo] => 
    [CvsReceiptNo] => 
    [EdyReceiptNo] => 
    [EdyOrderNo] => 
    [SuicaReceiptNo] => 
    [SuicaOrderNo] => 
    [CustID] => 
    [BkCode] => 
    [ConfNo] => 
    [PaymentTerm] => 
    [EncryptReceiptNo] => 
    [FinishDate] => 
    [ReceiptDate] => 
    [WebMoneyManagementNo] => 
    [WebMoneySettleCode] => 
    [AuPayInfoNo] => 
    [AuPayMethod] => 
    [AuCancelAmount] => 
    [AuCancelTax] => 
    [DocomoSettlementCode] => 
    [DocomoCancelAmount] => 
    [DocomoCancelTax] => 
    [pay_status] => 13
)
 from 210.175.7.20
2024/12/06 06:11:15 [/shop/user_data/pg_mulpay_recv.php] response:true from 210.175.7.20
2024/12/06 10:14:25 [/shop/shopping/load_payment_module.php] SendRequest:https://p01.mul-pay.jp/payment/EntryTran.idPass from 118.109.93.108
2024/12/06 10:14:25 [/shop/shopping/load_payment_module.php] Array
(
    [ShopID] => 9000034600950
    [ShopPass] => ******
    [OrderID] => 959960-06101425
    [JobCd] => CAPTURE
    [Amount] => 9950
    [TdFlag] => 0
    [TdTenantName] => 
)
 from 118.109.93.108
2024/12/06 10:14:25 [/shop/shopping/load_payment_module.php] AccessID=3b8f81a4cd303ef8656e994f94a62d82&AccessPass=7fdf95de54d4b989b98da8395f7e4b21 from 118.109.93.108
2024/12/06 10:14:25 [/shop/shopping/load_payment_module.php] Array
(
    [0] => Array
        (
            [AccessID] => 3b8f81a4cd303ef8656e994f94a62d82
            [AccessPass] => 7fdf95de54d4b989b98da8395f7e4b21
        )

)
 from 118.109.93.108
2024/12/06 10:14:25 [/shop/shopping/load_payment_module.php] load_payment_module.php set payment data:Array
(
    [AccessID] => 3b8f81a4cd303ef8656e994f94a62d82
    [AccessPass] => 7fdf95de54d4b989b98da8395f7e4b21
    [OrderID] => 959960-06101425
    [Amount] => 9950
    [JobCd] => CAPTURE
    [action_status] => 1
    [pay_status] => 0
)
 from 118.109.93.108
2024/12/06 10:14:25 [/shop/shopping/load_payment_module.php] SendRequest:https://p01.mul-pay.jp/payment/ExecTran.idPass from 118.109.93.108
2024/12/06 10:14:25 [/shop/shopping/load_payment_module.php] Array
(
    [AccessID] => 3b8f81a4cd303ef8656e994f94a62d82
    [AccessPass] => 7fdf95de54d4b989b98da8395f7e4b21
    [OrderID] => 959960-06101425
    [Method] => 1
    [Token] => 6c43a0e506e8f8f91dba06554b8cc5670019d6f142b762b07f53fb12bb5d8604
    [ClientField1] => 
    [ClientField2] => 
    [ClientField3] => EC-CUBE4.3.35
)
 from 118.109.93.108
2024/12/06 10:14:26 [/shop/shopping/load_payment_module.php] ACS=0&OrderID=959960-06101425&Forward=2S49631&Method=1&PayTimes=&Approve=0027829&TranID=2412061014602257210134163809&TranDate=20241206101426&CheckString=c6f2490179ede6799498f11b0cb52a16 from 118.109.93.108
2024/12/06 10:14:26 [/shop/shopping/load_payment_module.php] Array
(
    [0] => Array
        (
            [ACS] => 0
            [OrderID] => 959960-06101425
            [Forward] => 2S49631
            [Method] => 1
            [PayTimes] => 
            [Approve] => 0027829
            [TranID] => 2412061014602257210134163809
            [TranDate] => 20241206101426
            [CheckString] => c6f2490179ede6799498f11b0cb52a16
        )

)
 from 118.109.93.108
2024/12/06 10:14:26 [/shop/shopping/load_payment_module.php] load_payment_module.php set payment data:Array
(
    [ACS] => 0
    [Forward] => 2S49631
    [Method] => 1
    [PayTimes] => 
    [Approve] => 0027829
    [TranID] => 2412061014602257210134163809
    [TranDate] => 20241206101426
    [CheckString] => c6f2490179ede6799498f11b0cb52a16
    [Amount] => 9950
    [JobCd] => CAPTURE
    [action_status] => 3
    [pay_status] => 13
)
 from 118.109.93.108
2024/12/06 10:14:26 [/shop/user_data/pg_mulpay_recv.php] ******* receiveer data start ******* from 210.175.7.20
2024/12/06 10:14:26 [/shop/user_data/pg_mulpay_recv.php] Array
(
    [ShopID] => 9000034600950
    [ShopPass] => **********
    [AccessID] => 3b8f81a4cd303ef8656e994f94a62d82
    [AccessPass] => ********************************
    [OrderID] => 959960-06101425
    [Status] => CAPTURE
    [JobCd] => CAPTURE
    [Amount] => 9950
    [Tax] => 0
    [Currency] => JPN
    [Forward] => 2S49631
    [Method] => 1
    [PayTimes] => 
    [TranID] => 2412061014602257210134163809
    [Approve] => 0027829
    [TranDate] => 20241206101426
    [ErrCode] => 
    [ErrInfo] => 
    [PayType] => 0
)
 from 210.175.7.20
2024/12/06 10:14:26 [/shop/user_data/pg_mulpay_recv.php] ******* receiveer data end ******* from 210.175.7.20
2024/12/06 10:14:31 [/shop/user_data/pg_mulpay_recv.php] update order status:1 order_id=959960 from 210.175.7.20
2024/12/06 10:14:31 [/shop/user_data/pg_mulpay_recv.php] pg_mulpay_recv.php set payment data:Array
(
    [ShopID] => 9000034600950
    [AccessID] => 3b8f81a4cd303ef8656e994f94a62d82
    [OrderID] => 959960-06101425
    [Status] => CAPTURE
    [JobCd] => CAPTURE
    [Amount] => 9950
    [Tax] => 0
    [Currency] => JPN
    [Forward] => 2S49631
    [Method] => 1
    [PayTimes] => 
    [TranID] => 2412061014602257210134163809
    [Approve] => 0027829
    [TranDate] => 20241206101426
    [ErrCode] => 
    [ErrInfo] => 
    [PayType] => 0
    [CvsCode] => 
    [CvsConfNo] => 
    [CvsReceiptNo] => 
    [EdyReceiptNo] => 
    [EdyOrderNo] => 
    [SuicaReceiptNo] => 
    [SuicaOrderNo] => 
    [CustID] => 
    [BkCode] => 
    [ConfNo] => 
    [PaymentTerm] => 
    [EncryptReceiptNo] => 
    [FinishDate] => 
    [ReceiptDate] => 
    [WebMoneyManagementNo] => 
    [WebMoneySettleCode] => 
    [AuPayInfoNo] => 
    [AuPayMethod] => 
    [AuCancelAmount] => 
    [AuCancelTax] => 
    [DocomoSettlementCode] => 
    [DocomoCancelAmount] => 
    [DocomoCancelTax] => 
    [pay_status] => 13
)
 from 210.175.7.20
2024/12/06 10:14:31 [/shop/user_data/pg_mulpay_recv.php] response:true from 210.175.7.20
2024/12/06 10:16:37 [/shop/master/order/edit.php] edit.php set payment data:Array
(
    [no_update_status_flg] => 1
)
 from 114.160.216.147
2024/12/06 10:16:37 [/shop/master/order/edit.php] SendRequest:https://p01.mul-pay.jp/payment/ChangeTran.idPass from 114.160.216.147
2024/12/06 10:16:37 [/shop/master/order/edit.php] Array
(
    [ShopID] => 9000034600950
    [ShopPass] => ******
    [AccessID] => 995a7a25868a2a14bc5b8e9765a76688
    [AccessPass] => 9fbbb2d1b77f2eeac97d1f89228b40bb
    [JobCd] => CAPTURE
    [Amount] => 27150
)
 from 114.160.216.147
2024/12/06 10:16:38 [/shop/master/order/edit.php] AccessID=995a7a25868a2a14bc5b8e9765a76688&AccessPass=9fbbb2d1b77f2eeac97d1f89228b40bb&Forward=2S49631&Approve=0831254&TranID=2412061016602257210134153798&TranDate=20241206101638 from 114.160.216.147
2024/12/06 10:16:38 [/shop/master/order/edit.php] Array
(
    [0] => Array
        (
            [AccessID] => 995a7a25868a2a14bc5b8e9765a76688
            [AccessPass] => 9fbbb2d1b77f2eeac97d1f89228b40bb
            [Forward] => 2S49631
            [Approve] => 0831254
            [TranID] => 2412061016602257210134153798
            [TranDate] => 20241206101638
        )

)
 from 114.160.216.147
2024/12/06 10:16:38 [/shop/master/order/edit.php] edit.php set payment data:Array
(
    [AccessID] => 995a7a25868a2a14bc5b8e9765a76688
    [AccessPass] => 9fbbb2d1b77f2eeac97d1f89228b40bb
    [Forward] => 2S49631
    [Approve] => 0831254
    [TranID] => 2412061016602257210134153798
    [TranDate] => 20241206101638
    [action_status] => 6
    [pay_status] => 13
    [JobCd] => CAPTURE
    [Amount] => 27150
)
 from 114.160.216.147
2024/12/06 10:16:38 [/shop/user_data/pg_mulpay_recv.php] ******* receiveer data start ******* from 210.175.7.20
2024/12/06 10:16:38 [/shop/user_data/pg_mulpay_recv.php] Array
(
    [ShopID] => 9000034600950
    [ShopPass] => **********
    [AccessID] => 995a7a25868a2a14bc5b8e9765a76688
    [AccessPass] => ********************************
    [OrderID] => 959217-09111517
    [Status] => RETURN
    [JobCd] => RETURN
    [Amount] => 28470
    [Tax] => 0
    [Currency] => JPN
    [Forward] => 2S49631
    [Method] => 1
    [PayTimes] => 
    [TranID] => 2412061016602257210134163810
    [Approve] => 0014126
    [TranDate] => 20241206101638
    [ErrCode] => 
    [ErrInfo] => 
    [PayType] => 0
)
 from 210.175.7.20
2024/12/06 10:16:38 [/shop/user_data/pg_mulpay_recv.php] ******* receiveer data end ******* from 210.175.7.20
2024/12/06 10:16:38 [/shop/user_data/pg_mulpay_recv.php] pg_mulpay_recv.php set payment data:Array
(
    [ShopID] => 9000034600950
    [AccessID] => 995a7a25868a2a14bc5b8e9765a76688
    [OrderID] => 959217-09111517
    [Status] => RETURN
    [JobCd] => RETURN
    [Amount] => 28470
    [Tax] => 0
    [Currency] => JPN
    [Forward] => 2S49631
    [Method] => 1
    [PayTimes] => 
    [TranID] => 2412061016602257210134163810
    [Approve] => 0014126
    [TranDate] => 20241206101638
    [ErrCode] => 
    [ErrInfo] => 
    [PayType] => 0
    [CvsCode] => 
    [CvsConfNo] => 
    [CvsReceiptNo] => 
    [EdyReceiptNo] => 
    [EdyOrderNo] => 
    [SuicaReceiptNo] => 
    [SuicaOrderNo] => 
    [CustID] => 
    [BkCode] => 
    [ConfNo] => 
    [PaymentTerm] => 
    [EncryptReceiptNo] => 
    [FinishDate] => 
    [ReceiptDate] => 
    [WebMoneyManagementNo] => 
    [WebMoneySettleCode] => 
    [AuPayInfoNo] => 
    [AuPayMethod] => 
    [AuCancelAmount] => 
    [AuCancelTax] => 
    [DocomoSettlementCode] => 
    [DocomoCancelAmount] => 
    [DocomoCancelTax] => 
    [pay_status] => 15
)
 from 210.175.7.20
2024/12/06 10:16:38 [/shop/user_data/pg_mulpay_recv.php] response:true from 210.175.7.20
2024/12/06 10:16:38 [/shop/user_data/pg_mulpay_recv.php] ******* receiveer data start ******* from 210.175.7.20
2024/12/06 10:16:38 [/shop/user_data/pg_mulpay_recv.php] Array
(
    [ShopID] => 9000034600950
    [ShopPass] => **********
    [AccessID] => 995a7a25868a2a14bc5b8e9765a76688
    [AccessPass] => ********************************
    [OrderID] => 959217-09111517
    [Status] => CAPTURE
    [JobCd] => CAPTURE
    [Amount] => 27150
    [Tax] => 0
    [Currency] => JPN
    [Forward] => 2S49631
    [Method] => 1
    [PayTimes] => 
    [TranID] => 2412061016602257210134153798
    [Approve] => 0831254
    [TranDate] => 20241206101638
    [ErrCode] => 
    [ErrInfo] => 
    [PayType] => 0
)
 from 210.175.7.20
2024/12/06 10:16:38 [/shop/user_data/pg_mulpay_recv.php] ******* receiveer data end ******* from 210.175.7.20
2024/12/06 10:16:43 [/shop/user_data/pg_mulpay_recv.php] no update order status order_id=959217 from 210.175.7.20
2024/12/06 10:16:43 [/shop/user_data/pg_mulpay_recv.php] pg_mulpay_recv.php set payment data:Array
(
    [ShopID] => 9000034600950
    [AccessID] => 995a7a25868a2a14bc5b8e9765a76688
    [OrderID] => 959217-09111517
    [Status] => CAPTURE
    [JobCd] => CAPTURE
    [Amount] => 27150
    [Tax] => 0
    [Currency] => JPN
    [Forward] => 2S49631
    [Method] => 1
    [PayTimes] => 
    [TranID] => 2412061016602257210134153798
    [Approve] => 0831254
    [TranDate] => 20241206101638
    [ErrCode] => 
    [ErrInfo] => 
    [PayType] => 0
    [CvsCode] => 
    [CvsConfNo] => 
    [CvsReceiptNo] => 
    [EdyReceiptNo] => 
    [EdyOrderNo] => 
    [SuicaReceiptNo] => 
    [SuicaOrderNo] => 
    [CustID] => 
    [BkCode] => 
    [ConfNo] => 
    [PaymentTerm] => 
    [EncryptReceiptNo] => 
    [FinishDate] => 
    [ReceiptDate] => 
    [WebMoneyManagementNo] => 
    [WebMoneySettleCode] => 
    [AuPayInfoNo] => 
    [AuPayMethod] => 
    [AuCancelAmount] => 
    [AuCancelTax] => 
    [DocomoSettlementCode] => 
    [DocomoCancelAmount] => 
    [DocomoCancelTax] => 
    [pay_status] => 13
    [no_update_status_flg] => 0
)
 from 210.175.7.20
2024/12/06 10:16:43 [/shop/user_data/pg_mulpay_recv.php] response:true from 210.175.7.20
2024/12/06 10:16:45 [/shop/master/order/edit.php] SendRequest:https://p01.mul-pay.jp/payment/SearchTrade.idPass from 114.160.216.147
2024/12/06 10:16:45 [/shop/master/order/edit.php] Array
(
    [ShopID] => 9000034600950
    [ShopPass] => ******
    [OrderID] => 959217-09111517
)
 from 114.160.216.147
2024/12/06 10:16:45 [/shop/master/order/edit.php] OrderID=959217-09111517&Status=CAPTURE&ProcessDate=20241206101638&JobCd=CAPTURE&AccessID=995a7a25868a2a14bc5b8e9765a76688&AccessPass=9fbbb2d1b77f2eeac97d1f89228b40bb&ItemCode=0000990&Amount=27150&Tax=0&SiteID=&MemberID=&CardNo=************5506&Expire=2610&Method=1&PayTimes=&Forward=2S49631&TranID=2412061016602257210134153798&Approve=0831254&ClientField1=&ClientField2=&ClientField3=EC-CUBE4.3.35 from 114.160.216.147
2024/12/06 10:16:45 [/shop/master/order/edit.php] Array
(
    [0] => Array
        (
            [OrderID] => 959217-09111517
            [Status] => CAPTURE
            [ProcessDate] => 20241206101638
            [JobCd] => CAPTURE
            [AccessID] => 995a7a25868a2a14bc5b8e9765a76688
            [AccessPass] => 9fbbb2d1b77f2eeac97d1f89228b40bb
            [ItemCode] => 0000990
            [Amount] => 27150
            [Tax] => 0
            [SiteID] => 
            [MemberID] => 
            [CardNo] => ************5506
            [Expire] => 2610
            [Method] => 1
            [PayTimes] => 
            [Forward] => 2S49631
            [TranID] => 2412061016602257210134153798
            [Approve] => 0831254
            [ClientField1] => 
            [ClientField2] => 
            [ClientField3] => EC-CUBE4.3.35
        )

)
 from 114.160.216.147
2024/12/06 10:16:45 [/shop/master/order/edit.php] edit.php set payment data:Array
(
    [OrderID] => 959217-09111517
    [Status] => CAPTURE
    [ProcessDate] => 20241206101638
    [JobCd] => CAPTURE
    [AccessID] => 995a7a25868a2a14bc5b8e9765a76688
    [AccessPass] => 9fbbb2d1b77f2eeac97d1f89228b40bb
    [ItemCode] => 0000990
    [Amount] => 27150
    [Tax] => 0
    [SiteID] => 
    [MemberID] => 
    [CardNo] => ************5506
    [Expire] => 2610
    [Method] => 1
    [PayTimes] => 
    [Forward] => 2S49631
    [TranID] => 2412061016602257210134153798
    [Approve] => 0831254
    [ClientField1] => 
    [ClientField2] => 
    [ClientField3] => EC-CUBE4.3.35
    [action_status] => 6
    [pay_status] => 13
)
 from 114.160.216.147
2024/12/06 11:24:52 [/shop/shopping/load_payment_module.php] SendRequest:https://p01.mul-pay.jp/payment/EntryTran.idPass from 81.136.15.177
2024/12/06 11:24:52 [/shop/shopping/load_payment_module.php] Array
(
    [ShopID] => 9000034600950
    [ShopPass] => ******
    [OrderID] => 959961-06112452
    [JobCd] => CAPTURE
    [Amount] => 17850
    [TdFlag] => 0
    [TdTenantName] => 
)
 from 81.136.15.177
2024/12/06 11:24:52 [/shop/shopping/load_payment_module.php] AccessID=08028b006c9c49c88a08e54570e898e9&AccessPass=d4a075dfa1e308ffeeb8a11e71608737 from 81.136.15.177
2024/12/06 11:24:52 [/shop/shopping/load_payment_module.php] Array
(
    [0] => Array
        (
            [AccessID] => 08028b006c9c49c88a08e54570e898e9
            [AccessPass] => d4a075dfa1e308ffeeb8a11e71608737
        )

)
 from 81.136.15.177
2024/12/06 11:24:52 [/shop/shopping/load_payment_module.php] load_payment_module.php set payment data:Array
(
    [AccessID] => 08028b006c9c49c88a08e54570e898e9
    [AccessPass] => d4a075dfa1e308ffeeb8a11e71608737
    [OrderID] => 959961-06112452
    [Amount] => 17850
    [JobCd] => CAPTURE
    [action_status] => 1
    [pay_status] => 0
)
 from 81.136.15.177
2024/12/06 11:24:52 [/shop/shopping/load_payment_module.php] SendRequest:https://p01.mul-pay.jp/payment/ExecTran.idPass from 81.136.15.177
2024/12/06 11:24:52 [/shop/shopping/load_payment_module.php] Array
(
    [AccessID] => 08028b006c9c49c88a08e54570e898e9
    [AccessPass] => d4a075dfa1e308ffeeb8a11e71608737
    [OrderID] => 959961-06112452
    [Method] => 1
    [Token] => d04714f3ae6824c9248c5e6c12bfd335475c1133548e5ab4ad5e5de6203ff737
    [ClientField1] => 
    [ClientField2] => 
    [ClientField3] => EC-CUBE4.3.35
)
 from 81.136.15.177
2024/12/06 11:24:53 [/shop/shopping/load_payment_module.php] ErrCode=G30&ErrInfo=42G300000 from 81.136.15.177
2024/12/06 11:24:53 [/shop/shopping/load_payment_module.php] Array
(
    [0] => Array
        (
            [ErrCode] => G30
            [ErrInfo] => 42G300000
        )

)
 from 81.136.15.177
2024/12/06 11:24:53 [/shop/shopping/load_payment_module.php] load_payment_module.php set payment data:Array
(
    [request_error] => Array
        (
            [0] => このカードでは取引をする事が出来ません。 (G30-42G300000)
        )

    [Amount] => 17850
    [JobCd] => CAPTURE
    [action_status] => 3
)
 from 81.136.15.177
2024/12/06 11:24:53 [/shop/user_data/pg_mulpay_recv.php] ******* receiveer data start ******* from 210.175.7.20
2024/12/06 11:24:53 [/shop/user_data/pg_mulpay_recv.php] Array
(
    [ShopID] => 9000034600950
    [ShopPass] => **********
    [AccessID] => 08028b006c9c49c88a08e54570e898e9
    [AccessPass] => ********************************
    [OrderID] => 959961-06112452
    [Status] => UNPROCESSED
    [JobCd] => CAPTURE
    [Amount] => 17850
    [Tax] => 0
    [Currency] => JPN
    [Forward] => 2S49631
    [Method] => 1
    [PayTimes] => 
    [TranID] => 2412061124602257210134153799
    [Approve] =>        
    [TranDate] => 20241206112453
    [ErrCode] => G30
    [ErrInfo] => 42G300000
    [PayType] => 0
)
 from 210.175.7.20
2024/12/06 11:24:53 [/shop/user_data/pg_mulpay_recv.php] ******* receiveer data end ******* from 210.175.7.20
2024/12/06 11:24:53 [/shop/user_data/pg_mulpay_recv.php] pg_mulpay_recv.php set payment data:Array
(
    [ShopID] => 9000034600950
    [AccessID] => 08028b006c9c49c88a08e54570e898e9
    [OrderID] => 959961-06112452
    [Status] => UNPROCESSED
    [JobCd] => CAPTURE
    [Amount] => 17850
    [Tax] => 0
    [Currency] => JPN
    [Forward] => 2S49631
    [Method] => 1
    [PayTimes] => 
    [TranID] => 2412061124602257210134153799
    [Approve] => 
    [TranDate] => 20241206112453
    [ErrCode] => G30
    [ErrInfo] => 42G300000
    [PayType] => 0
    [CvsCode] => 
    [CvsConfNo] => 
    [CvsReceiptNo] => 
    [EdyReceiptNo] => 
    [EdyOrderNo] => 
    [SuicaReceiptNo] => 
    [SuicaOrderNo] => 
    [CustID] => 
    [BkCode] => 
    [ConfNo] => 
    [PaymentTerm] => 
    [EncryptReceiptNo] => 
    [FinishDate] => 
    [ReceiptDate] => 
    [WebMoneyManagementNo] => 
    [WebMoneySettleCode] => 
    [AuPayInfoNo] => 
    [AuPayMethod] => 
    [AuCancelAmount] => 
    [AuCancelTax] => 
    [DocomoSettlementCode] => 
    [DocomoCancelAmount] => 
    [DocomoCancelTax] => 
    [pay_status] => 0
)
 from 210.175.7.20
2024/12/06 11:24:53 [/shop/user_data/pg_mulpay_recv.php] response:true from 210.175.7.20
2024/12/06 12:28:23 [/shop/shopping/load_payment_module.php] SendRequest:https://p01.mul-pay.jp/payment/SearchMember.idPass from 70.52.5.116
2024/12/06 12:28:23 [/shop/shopping/load_payment_module.php] Array
(
    [SiteID] => mst0000007602
    [SitePass] => ******
    [MemberID] => 639
)
 from 70.52.5.116
2024/12/06 12:28:23 [/shop/shopping/load_payment_module.php] MemberID=639&MemberName=r56396f442d58d943cMLhU&DeleteFlag=0 from 70.52.5.116
2024/12/06 12:28:23 [/shop/shopping/load_payment_module.php] Array
(
    [0] => Array
        (
            [MemberID] => 639
            [MemberName] => r56396f442d58d943cMLhU
            [DeleteFlag] => 0
        )

)
 from 70.52.5.116
2024/12/06 12:28:23 [/shop/shopping/load_payment_module.php] SendRequest:https://p01.mul-pay.jp/payment/UpdateMember.idPass from 70.52.5.116
2024/12/06 12:28:23 [/shop/shopping/load_payment_module.php] Array
(
    [SiteID] => mst0000007602
    [SitePass] => ******
    [MemberID] => 639
    [MemberName] => ******
)
 from 70.52.5.116
2024/12/06 12:28:23 [/shop/shopping/load_payment_module.php] MemberID=639 from 70.52.5.116
2024/12/06 12:28:23 [/shop/shopping/load_payment_module.php] Array
(
    [0] => Array
        (
            [MemberID] => 639
        )

)
 from 70.52.5.116
2024/12/06 12:28:23 [/shop/shopping/load_payment_module.php] SendRequest:https://p01.mul-pay.jp/payment/SearchCard.idPass from 70.52.5.116
2024/12/06 12:28:23 [/shop/shopping/load_payment_module.php] Array
(
    [SiteID] => mst0000007602
    [SitePass] => ******
    [MemberID] => 639
)
 from 70.52.5.116
2024/12/06 12:28:23 [/shop/shopping/load_payment_module.php] ErrCode=E01&ErrInfo=E01240002 from 70.52.5.116
2024/12/06 12:28:23 [/shop/shopping/load_payment_module.php] Array
(
    [0] => Array
        (
            [ErrCode] => E01
            [ErrInfo] => E01240002
        )

)
 from 70.52.5.116
2024/12/06 12:28:23 [/shop/shopping/load_payment_module.php] SendRequest:https://p01.mul-pay.jp/payment/SearchCard.idPass from 70.52.5.116
2024/12/06 12:28:23 [/shop/shopping/load_payment_module.php] Array
(
    [SiteID] => mst0000007602
    [SitePass] => ******
    [MemberID] => 639
)
 from 70.52.5.116
2024/12/06 12:28:23 [/shop/shopping/load_payment_module.php] ErrCode=E01&ErrInfo=E01240002 from 70.52.5.116
2024/12/06 12:28:23 [/shop/shopping/load_payment_module.php] Array
(
    [0] => Array
        (
            [ErrCode] => E01
            [ErrInfo] => E01240002
        )

)
 from 70.52.5.116
2024/12/06 12:30:05 [/shop/shopping/load_payment_module.php] SendRequest:https://p01.mul-pay.jp/payment/SearchMember.idPass from 70.52.5.116
2024/12/06 12:30:05 [/shop/shopping/load_payment_module.php] Array
(
    [SiteID] => mst0000007602
    [SitePass] => ******
    [MemberID] => 639
)
 from 70.52.5.116
2024/12/06 12:30:05 [/shop/shopping/load_payment_module.php] MemberID=639&MemberName=r555a4f41697acYWXgXFpE&DeleteFlag=0 from 70.52.5.116
2024/12/06 12:30:05 [/shop/shopping/load_payment_module.php] Array
(
    [0] => Array
        (
            [MemberID] => 639
            [MemberName] => r555a4f41697acYWXgXFpE
            [DeleteFlag] => 0
        )

)
 from 70.52.5.116
2024/12/06 12:30:05 [/shop/shopping/load_payment_module.php] SendRequest:https://p01.mul-pay.jp/payment/SearchCard.idPass from 70.52.5.116
2024/12/06 12:30:05 [/shop/shopping/load_payment_module.php] Array
(
    [SiteID] => mst0000007602
    [SitePass] => ******
    [MemberID] => 639
)
 from 70.52.5.116
2024/12/06 12:30:05 [/shop/shopping/load_payment_module.php] ErrCode=E01&ErrInfo=E01240002 from 70.52.5.116
2024/12/06 12:30:05 [/shop/shopping/load_payment_module.php] Array
(
    [0] => Array
        (
            [ErrCode] => E01
            [ErrInfo] => E01240002
        )

)
 from 70.52.5.116
2024/12/06 12:30:05 [/shop/shopping/load_payment_module.php] SendRequest:https://p01.mul-pay.jp/payment/EntryTran.idPass from 70.52.5.116
2024/12/06 12:30:05 [/shop/shopping/load_payment_module.php] Array
(
    [ShopID] => 9000034600950
    [ShopPass] => ******
    [OrderID] => 959962-06123005
    [JobCd] => CAPTURE
    [Amount] => 13510
    [TdFlag] => 0
    [TdTenantName] => 
)
 from 70.52.5.116
2024/12/06 12:30:05 [/shop/shopping/load_payment_module.php] AccessID=922bd7bd3a3e564019c7aee743e6b284&AccessPass=2c5f3800c1e523465c45b6321d7807e1 from 70.52.5.116
2024/12/06 12:30:05 [/shop/shopping/load_payment_module.php] Array
(
    [0] => Array
        (
            [AccessID] => 922bd7bd3a3e564019c7aee743e6b284
            [AccessPass] => 2c5f3800c1e523465c45b6321d7807e1
        )

)
 from 70.52.5.116
2024/12/06 12:30:05 [/shop/shopping/load_payment_module.php] load_payment_module.php set payment data:Array
(
    [AccessID] => 922bd7bd3a3e564019c7aee743e6b284
    [AccessPass] => 2c5f3800c1e523465c45b6321d7807e1
    [OrderID] => 959962-06123005
    [Amount] => 13510
    [JobCd] => CAPTURE
    [action_status] => 1
    [pay_status] => 0
)
 from 70.52.5.116
2024/12/06 12:30:06 [/shop/shopping/load_payment_module.php] SendRequest:https://p01.mul-pay.jp/payment/ExecTran.idPass from 70.52.5.116
2024/12/06 12:30:06 [/shop/shopping/load_payment_module.php] Array
(
    [AccessID] => 922bd7bd3a3e564019c7aee743e6b284
    [AccessPass] => 2c5f3800c1e523465c45b6321d7807e1
    [OrderID] => 959962-06123005
    [Method] => 1
    [Token] => 38557718c0c7960512614da5813f91258d0cef45adfc421db971cb9459992887
    [ClientField1] => 
    [ClientField2] => 
    [ClientField3] => EC-CUBE4.3.35
)
 from 70.52.5.116
2024/12/06 12:30:06 [/shop/shopping/load_payment_module.php] ACS=0&OrderID=959962-06123005&Forward=2959876&Method=1&PayTimes=&Approve=0001969&TranID=2412061230602257210134153800&TranDate=20241206123006&CheckString=356898a2abd217f770f5c3154b49777a from 70.52.5.116
2024/12/06 12:30:06 [/shop/shopping/load_payment_module.php] Array
(
    [0] => Array
        (
            [ACS] => 0
            [OrderID] => 959962-06123005
            [Forward] => 2959876
            [Method] => 1
            [PayTimes] => 
            [Approve] => 0001969
            [TranID] => 2412061230602257210134153800
            [TranDate] => 20241206123006
            [CheckString] => 356898a2abd217f770f5c3154b49777a
        )

)
 from 70.52.5.116
2024/12/06 12:30:06 [/shop/shopping/load_payment_module.php] load_payment_module.php set payment data:Array
(
    [ACS] => 0
    [Forward] => 2959876
    [Method] => 1
    [PayTimes] => 
    [Approve] => 0001969
    [TranID] => 2412061230602257210134153800
    [TranDate] => 20241206123006
    [CheckString] => 356898a2abd217f770f5c3154b49777a
    [Amount] => 13510
    [JobCd] => CAPTURE
    [action_status] => 3
    [pay_status] => 13
)
 from 70.52.5.116
2024/12/06 12:30:06 [/shop/user_data/pg_mulpay_recv.php] ******* receiveer data start ******* from 210.175.7.20
2024/12/06 12:30:06 [/shop/user_data/pg_mulpay_recv.php] Array
(
    [ShopID] => 9000034600950
    [ShopPass] => **********
    [AccessID] => 922bd7bd3a3e564019c7aee743e6b284
    [AccessPass] => ********************************
    [OrderID] => 959962-06123005
    [Status] => CAPTURE
    [JobCd] => CAPTURE
    [Amount] => 13510
    [Tax] => 0
    [Currency] => JPN
    [Forward] => 2959876
    [Method] => 1
    [PayTimes] => 
    [TranID] => 2412061230602257210134153800
    [Approve] => 0001969
    [TranDate] => 20241206123006
    [ErrCode] => 
    [ErrInfo] => 
    [PayType] => 0
)
 from 210.175.7.20
2024/12/06 12:30:06 [/shop/user_data/pg_mulpay_recv.php] ******* receiveer data end ******* from 210.175.7.20
2024/12/06 12:30:11 [/shop/user_data/pg_mulpay_recv.php] update order status:1 order_id=959962 from 210.175.7.20
2024/12/06 12:30:11 [/shop/user_data/pg_mulpay_recv.php] pg_mulpay_recv.php set payment data:Array
(
    [ShopID] => 9000034600950
    [AccessID] => 922bd7bd3a3e564019c7aee743e6b284
    [OrderID] => 959962-06123005
    [Status] => CAPTURE
    [JobCd] => CAPTURE
    [Amount] => 13510
    [Tax] => 0
    [Currency] => JPN
    [Forward] => 2959876
    [Method] => 1
    [PayTimes] => 
    [TranID] => 2412061230602257210134153800
    [Approve] => 0001969
    [TranDate] => 20241206123006
    [ErrCode] => 
    [ErrInfo] => 
    [PayType] => 0
    [CvsCode] => 
    [CvsConfNo] => 
    [CvsReceiptNo] => 
    [EdyReceiptNo] => 
    [EdyOrderNo] => 
    [SuicaReceiptNo] => 
    [SuicaOrderNo] => 
    [CustID] => 
    [BkCode] => 
    [ConfNo] => 
    [PaymentTerm] => 
    [EncryptReceiptNo] => 
    [FinishDate] => 
    [ReceiptDate] => 
    [WebMoneyManagementNo] => 
    [WebMoneySettleCode] => 
    [AuPayInfoNo] => 
    [AuPayMethod] => 
    [AuCancelAmount] => 
    [AuCancelTax] => 
    [DocomoSettlementCode] => 
    [DocomoCancelAmount] => 
    [DocomoCancelTax] => 
    [pay_status] => 13
)
 from 210.175.7.20
2024/12/06 12:30:11 [/shop/user_data/pg_mulpay_recv.php] response:true from 210.175.7.20
2024/12/06 14:22:42 [/shop/shopping/load_payment_module.php] SendRequest:https://p01.mul-pay.jp/payment/SearchMember.idPass from 92.203.18.218
2024/12/06 14:22:42 [/shop/shopping/load_payment_module.php] Array
(
    [SiteID] => mst0000007602
    [SitePass] => ******
    [MemberID] => 3060
)
 from 92.203.18.218
2024/12/06 14:22:42 [/shop/shopping/load_payment_module.php] ErrCode=E01&ErrInfo=E01390002 from 92.203.18.218
2024/12/06 14:22:42 [/shop/shopping/load_payment_module.php] Array
(
    [0] => Array
        (
            [ErrCode] => E01
            [ErrInfo] => E01390002
        )

)
 from 92.203.18.218
2024/12/06 14:22:42 [/shop/shopping/load_payment_module.php] SendRequest:https://p01.mul-pay.jp/payment/SearchCard.idPass from 92.203.18.218
2024/12/06 14:22:42 [/shop/shopping/load_payment_module.php] Array
(
    [SiteID] => mst0000007602
    [SitePass] => ******
    [MemberID] => 3060
)
 from 92.203.18.218
2024/12/06 14:22:42 [/shop/shopping/load_payment_module.php] ErrCode=E01|E01&ErrInfo=E01390002|E01240002 from 92.203.18.218
2024/12/06 14:22:42 [/shop/shopping/load_payment_module.php] Array
(
    [0] => Array
        (
            [ErrCode] => E01
            [ErrInfo] => E01390002
        )

    [1] => Array
        (
            [ErrCode] => E01
            [ErrInfo] => E01240002
        )

)
 from 92.203.18.218
2024/12/06 14:23:35 [/shop/shopping/load_payment_module.php] SendRequest:https://p01.mul-pay.jp/payment/SearchMember.idPass from 92.203.18.218
2024/12/06 14:23:35 [/shop/shopping/load_payment_module.php] Array
(
    [SiteID] => mst0000007602
    [SitePass] => ******
    [MemberID] => 3060
)
 from 92.203.18.218
2024/12/06 14:23:36 [/shop/shopping/load_payment_module.php] ErrCode=E01&ErrInfo=E01390002 from 92.203.18.218
2024/12/06 14:23:36 [/shop/shopping/load_payment_module.php] Array
(
    [0] => Array
        (
            [ErrCode] => E01
            [ErrInfo] => E01390002
        )

)
 from 92.203.18.218
2024/12/06 14:23:36 [/shop/shopping/load_payment_module.php] SendRequest:https://p01.mul-pay.jp/payment/SearchCard.idPass from 92.203.18.218
2024/12/06 14:23:36 [/shop/shopping/load_payment_module.php] Array
(
    [SiteID] => mst0000007602
    [SitePass] => ******
    [MemberID] => 3060
)
 from 92.203.18.218
2024/12/06 14:23:36 [/shop/shopping/load_payment_module.php] ErrCode=E01|E01&ErrInfo=E01390002|E01240002 from 92.203.18.218
2024/12/06 14:23:36 [/shop/shopping/load_payment_module.php] Array
(
    [0] => Array
        (
            [ErrCode] => E01
            [ErrInfo] => E01390002
        )

    [1] => Array
        (
            [ErrCode] => E01
            [ErrInfo] => E01240002
        )

)
 from 92.203.18.218
2024/12/06 14:23:36 [/shop/shopping/load_payment_module.php] SendRequest:https://p01.mul-pay.jp/payment/EntryTran.idPass from 92.203.18.218
2024/12/06 14:23:36 [/shop/shopping/load_payment_module.php] Array
(
    [ShopID] => 9000034600950
    [ShopPass] => ******
    [OrderID] => 959963-06142336
    [JobCd] => CAPTURE
    [Amount] => 10000
    [TdFlag] => 0
    [TdTenantName] => 
)
 from 92.203.18.218
2024/12/06 14:23:36 [/shop/shopping/load_payment_module.php] AccessID=efc5e0c3e798ded35333f8c68e43c3cb&AccessPass=9f0d492030a4b507c22c10a5ee3e1e2e from 92.203.18.218
2024/12/06 14:23:36 [/shop/shopping/load_payment_module.php] Array
(
    [0] => Array
        (
            [AccessID] => efc5e0c3e798ded35333f8c68e43c3cb
            [AccessPass] => 9f0d492030a4b507c22c10a5ee3e1e2e
        )

)
 from 92.203.18.218
2024/12/06 14:23:36 [/shop/shopping/load_payment_module.php] load_payment_module.php set payment data:Array
(
    [AccessID] => efc5e0c3e798ded35333f8c68e43c3cb
    [AccessPass] => 9f0d492030a4b507c22c10a5ee3e1e2e
    [OrderID] => 959963-06142336
    [Amount] => 10000
    [JobCd] => CAPTURE
    [action_status] => 1
    [pay_status] => 0
)
 from 92.203.18.218
2024/12/06 14:23:36 [/shop/shopping/load_payment_module.php] SendRequest:https://p01.mul-pay.jp/payment/ExecTran.idPass from 92.203.18.218
2024/12/06 14:23:36 [/shop/shopping/load_payment_module.php] Array
(
    [AccessID] => efc5e0c3e798ded35333f8c68e43c3cb
    [AccessPass] => 9f0d492030a4b507c22c10a5ee3e1e2e
    [OrderID] => 959963-06142336
    [Method] => 1
    [Token] => 34bce55c01663542d0ed882d7184e24e6d3650d1b28faa176f3d43ddd7de2eed
    [ClientField1] => 
    [ClientField2] => 
    [ClientField3] => EC-CUBE4.3.35
)
 from 92.203.18.218
2024/12/06 14:23:36 [/shop/shopping/load_payment_module.php] ACS=0&OrderID=959963-06142336&Forward=2S49631&Method=1&PayTimes=&Approve=0253201&TranID=2412061423602257210134153801&TranDate=20241206142336&CheckString=e6350bb643f167ac09d2c7663ebed139 from 92.203.18.218
2024/12/06 14:23:36 [/shop/shopping/load_payment_module.php] Array
(
    [0] => Array
        (
            [ACS] => 0
            [OrderID] => 959963-06142336
            [Forward] => 2S49631
            [Method] => 1
            [PayTimes] => 
            [Approve] => 0253201
            [TranID] => 2412061423602257210134153801
            [TranDate] => 20241206142336
            [CheckString] => e6350bb643f167ac09d2c7663ebed139
        )

)
 from 92.203.18.218
2024/12/06 14:23:36 [/shop/shopping/load_payment_module.php] load_payment_module.php set payment data:Array
(
    [ACS] => 0
    [Forward] => 2S49631
    [Method] => 1
    [PayTimes] => 
    [Approve] => 0253201
    [TranID] => 2412061423602257210134153801
    [TranDate] => 20241206142336
    [CheckString] => e6350bb643f167ac09d2c7663ebed139
    [Amount] => 10000
    [JobCd] => CAPTURE
    [action_status] => 3
    [pay_status] => 13
)
 from 92.203.18.218
2024/12/06 14:23:36 [/shop/user_data/pg_mulpay_recv.php] ******* receiveer data start ******* from 210.175.7.20
2024/12/06 14:23:36 [/shop/user_data/pg_mulpay_recv.php] Array
(
    [ShopID] => 9000034600950
    [ShopPass] => **********
    [AccessID] => efc5e0c3e798ded35333f8c68e43c3cb
    [AccessPass] => ********************************
    [OrderID] => 959963-06142336
    [Status] => CAPTURE
    [JobCd] => CAPTURE
    [Amount] => 10000
    [Tax] => 0
    [Currency] => JPN
    [Forward] => 2S49631
    [Method] => 1
    [PayTimes] => 
    [TranID] => 2412061423602257210134153801
    [Approve] => 0253201
    [TranDate] => 20241206142336
    [ErrCode] => 
    [ErrInfo] => 
    [PayType] => 0
)
 from 210.175.7.20
2024/12/06 14:23:36 [/shop/user_data/pg_mulpay_recv.php] ******* receiveer data end ******* from 210.175.7.20
2024/12/06 14:23:41 [/shop/user_data/pg_mulpay_recv.php] update order status:1 order_id=959963 from 210.175.7.20
2024/12/06 14:23:41 [/shop/user_data/pg_mulpay_recv.php] pg_mulpay_recv.php set payment data:Array
(
    [ShopID] => 9000034600950
    [AccessID] => efc5e0c3e798ded35333f8c68e43c3cb
    [OrderID] => 959963-06142336
    [Status] => CAPTURE
    [JobCd] => CAPTURE
    [Amount] => 10000
    [Tax] => 0
    [Currency] => JPN
    [Forward] => 2S49631
    [Method] => 1
    [PayTimes] => 
    [TranID] => 2412061423602257210134153801
    [Approve] => 0253201
    [TranDate] => 20241206142336
    [ErrCode] => 
    [ErrInfo] => 
    [PayType] => 0
    [CvsCode] => 
    [CvsConfNo] => 
    [CvsReceiptNo] => 
    [EdyReceiptNo] => 
    [EdyOrderNo] => 
    [SuicaReceiptNo] => 
    [SuicaOrderNo] => 
    [CustID] => 
    [BkCode] => 
    [ConfNo] => 
    [PaymentTerm] => 
    [EncryptReceiptNo] => 
    [FinishDate] => 
    [ReceiptDate] => 
    [WebMoneyManagementNo] => 
    [WebMoneySettleCode] => 
    [AuPayInfoNo] => 
    [AuPayMethod] => 
    [AuCancelAmount] => 
    [AuCancelTax] => 
    [DocomoSettlementCode] => 
    [DocomoCancelAmount] => 
    [DocomoCancelTax] => 
    [pay_status] => 13
)
 from 210.175.7.20
2024/12/06 14:23:41 [/shop/user_data/pg_mulpay_recv.php] response:true from 210.175.7.20
2024/12/06 14:25:57 [/shop/shopping/load_payment_module.php] SendRequest:https://p01.mul-pay.jp/payment/SearchMember.idPass from 92.203.18.218
2024/12/06 14:25:57 [/shop/shopping/load_payment_module.php] Array
(
    [SiteID] => mst0000007602
    [SitePass] => ******
    [MemberID] => 3060
)
 from 92.203.18.218
2024/12/06 14:25:57 [/shop/shopping/load_payment_module.php] ErrCode=E01&ErrInfo=E01390002 from 92.203.18.218
2024/12/06 14:25:57 [/shop/shopping/load_payment_module.php] Array
(
    [0] => Array
        (
            [ErrCode] => E01
            [ErrInfo] => E01390002
        )

)
 from 92.203.18.218
2024/12/06 14:25:57 [/shop/shopping/load_payment_module.php] SendRequest:https://p01.mul-pay.jp/payment/SearchCard.idPass from 92.203.18.218
2024/12/06 14:25:57 [/shop/shopping/load_payment_module.php] Array
(
    [SiteID] => mst0000007602
    [SitePass] => ******
    [MemberID] => 3060
)
 from 92.203.18.218
2024/12/06 14:25:58 [/shop/shopping/load_payment_module.php] ErrCode=E01|E01&ErrInfo=E01390002|E01240002 from 92.203.18.218
2024/12/06 14:25:58 [/shop/shopping/load_payment_module.php] Array
(
    [0] => Array
        (
            [ErrCode] => E01
            [ErrInfo] => E01390002
        )

    [1] => Array
        (
            [ErrCode] => E01
            [ErrInfo] => E01240002
        )

)
 from 92.203.18.218
2024/12/06 14:26:20 [/shop/shopping/load_payment_module.php] SendRequest:https://p01.mul-pay.jp/payment/SearchMember.idPass from 92.203.18.218
2024/12/06 14:26:20 [/shop/shopping/load_payment_module.php] Array
(
    [SiteID] => mst0000007602
    [SitePass] => ******
    [MemberID] => 3060
)
 from 92.203.18.218
2024/12/06 14:26:20 [/shop/shopping/load_payment_module.php] ErrCode=E01&ErrInfo=E01390002 from 92.203.18.218
2024/12/06 14:26:20 [/shop/shopping/load_payment_module.php] Array
(
    [0] => Array
        (
            [ErrCode] => E01
            [ErrInfo] => E01390002
        )

)
 from 92.203.18.218
2024/12/06 14:26:20 [/shop/shopping/load_payment_module.php] SendRequest:https://p01.mul-pay.jp/payment/SearchCard.idPass from 92.203.18.218
2024/12/06 14:26:20 [/shop/shopping/load_payment_module.php] Array
(
    [SiteID] => mst0000007602
    [SitePass] => ******
    [MemberID] => 3060
)
 from 92.203.18.218
2024/12/06 14:26:20 [/shop/shopping/load_payment_module.php] ErrCode=E01|E01&ErrInfo=E01390002|E01240002 from 92.203.18.218
2024/12/06 14:26:20 [/shop/shopping/load_payment_module.php] Array
(
    [0] => Array
        (
            [ErrCode] => E01
            [ErrInfo] => E01390002
        )

    [1] => Array
        (
            [ErrCode] => E01
            [ErrInfo] => E01240002
        )

)
 from 92.203.18.218
2024/12/06 14:26:20 [/shop/shopping/load_payment_module.php] SendRequest:https://p01.mul-pay.jp/payment/EntryTran.idPass from 92.203.18.218
2024/12/06 14:26:20 [/shop/shopping/load_payment_module.php] Array
(
    [ShopID] => 9000034600950
    [ShopPass] => ******
    [OrderID] => 959964-06142620
    [JobCd] => CAPTURE
    [Amount] => 22000
    [TdFlag] => 0
    [TdTenantName] => 
)
 from 92.203.18.218
2024/12/06 14:26:20 [/shop/shopping/load_payment_module.php] AccessID=1cb644d8778f5fd04a0fa36b18137dc5&AccessPass=a8a295cc6ea79351d5ab0cf0769a60d3 from 92.203.18.218
2024/12/06 14:26:20 [/shop/shopping/load_payment_module.php] Array
(
    [0] => Array
        (
            [AccessID] => 1cb644d8778f5fd04a0fa36b18137dc5
            [AccessPass] => a8a295cc6ea79351d5ab0cf0769a60d3
        )

)
 from 92.203.18.218
2024/12/06 14:26:20 [/shop/shopping/load_payment_module.php] load_payment_module.php set payment data:Array
(
    [AccessID] => 1cb644d8778f5fd04a0fa36b18137dc5
    [AccessPass] => a8a295cc6ea79351d5ab0cf0769a60d3
    [OrderID] => 959964-06142620
    [Amount] => 22000
    [JobCd] => CAPTURE
    [action_status] => 1
    [pay_status] => 0
)
 from 92.203.18.218
2024/12/06 14:26:20 [/shop/shopping/load_payment_module.php] SendRequest:https://p01.mul-pay.jp/payment/ExecTran.idPass from 92.203.18.218
2024/12/06 14:26:20 [/shop/shopping/load_payment_module.php] Array
(
    [AccessID] => 1cb644d8778f5fd04a0fa36b18137dc5
    [AccessPass] => a8a295cc6ea79351d5ab0cf0769a60d3
    [OrderID] => 959964-06142620
    [Method] => 1
    [Token] => 673e375ee956b2a39c76dfac18824eb63f2860d01552836fcf8c59b0350ce6b4
    [ClientField1] => 
    [ClientField2] => 
    [ClientField3] => EC-CUBE4.3.35
)
 from 92.203.18.218
2024/12/06 14:26:21 [/shop/shopping/load_payment_module.php] ACS=0&OrderID=959964-06142620&Forward=2S49631&Method=1&PayTimes=&Approve=0269028&TranID=2412061426602257210134153802&TranDate=20241206142621&CheckString=3cd7563a06629616d11f8542437d690e from 92.203.18.218
2024/12/06 14:26:21 [/shop/shopping/load_payment_module.php] Array
(
    [0] => Array
        (
            [ACS] => 0
            [OrderID] => 959964-06142620
            [Forward] => 2S49631
            [Method] => 1
            [PayTimes] => 
            [Approve] => 0269028
            [TranID] => 2412061426602257210134153802
            [TranDate] => 20241206142621
            [CheckString] => 3cd7563a06629616d11f8542437d690e
        )

)
 from 92.203.18.218
2024/12/06 14:26:21 [/shop/shopping/load_payment_module.php] load_payment_module.php set payment data:Array
(
    [ACS] => 0
    [Forward] => 2S49631
    [Method] => 1
    [PayTimes] => 
    [Approve] => 0269028
    [TranID] => 2412061426602257210134153802
    [TranDate] => 20241206142621
    [CheckString] => 3cd7563a06629616d11f8542437d690e
    [Amount] => 22000
    [JobCd] => CAPTURE
    [action_status] => 3
    [pay_status] => 13
)
 from 92.203.18.218
2024/12/06 14:26:21 [/shop/user_data/pg_mulpay_recv.php] ******* receiveer data start ******* from 210.175.7.20
2024/12/06 14:26:21 [/shop/user_data/pg_mulpay_recv.php] Array
(
    [ShopID] => 9000034600950
    [ShopPass] => **********
    [AccessID] => 1cb644d8778f5fd04a0fa36b18137dc5
    [AccessPass] => ********************************
    [OrderID] => 959964-06142620
    [Status] => CAPTURE
    [JobCd] => CAPTURE
    [Amount] => 22000
    [Tax] => 0
    [Currency] => JPN
    [Forward] => 2S49631
    [Method] => 1
    [PayTimes] => 
    [TranID] => 2412061426602257210134153802
    [Approve] => 0269028
    [TranDate] => 20241206142621
    [ErrCode] => 
    [ErrInfo] => 
    [PayType] => 0
)
 from 210.175.7.20
2024/12/06 14:26:21 [/shop/user_data/pg_mulpay_recv.php] ******* receiveer data end ******* from 210.175.7.20
2024/12/06 14:26:26 [/shop/user_data/pg_mulpay_recv.php] update order status:1 order_id=959964 from 210.175.7.20
2024/12/06 14:26:26 [/shop/user_data/pg_mulpay_recv.php] pg_mulpay_recv.php set payment data:Array
(
    [ShopID] => 9000034600950
    [AccessID] => 1cb644d8778f5fd04a0fa36b18137dc5
    [OrderID] => 959964-06142620
    [Status] => CAPTURE
    [JobCd] => CAPTURE
    [Amount] => 22000
    [Tax] => 0
    [Currency] => JPN
    [Forward] => 2S49631
    [Method] => 1
    [PayTimes] => 
    [TranID] => 2412061426602257210134153802
    [Approve] => 0269028
    [TranDate] => 20241206142621
    [ErrCode] => 
    [ErrInfo] => 
    [PayType] => 0
    [CvsCode] => 
    [CvsConfNo] => 
    [CvsReceiptNo] => 
    [EdyReceiptNo] => 
    [EdyOrderNo] => 
    [SuicaReceiptNo] => 
    [SuicaOrderNo] => 
    [CustID] => 
    [BkCode] => 
    [ConfNo] => 
    [PaymentTerm] => 
    [EncryptReceiptNo] => 
    [FinishDate] => 
    [ReceiptDate] => 
    [WebMoneyManagementNo] => 
    [WebMoneySettleCode] => 
    [AuPayInfoNo] => 
    [AuPayMethod] => 
    [AuCancelAmount] => 
    [AuCancelTax] => 
    [DocomoSettlementCode] => 
    [DocomoCancelAmount] => 
    [DocomoCancelTax] => 
    [pay_status] => 13
)
 from 210.175.7.20
2024/12/06 14:26:26 [/shop/user_data/pg_mulpay_recv.php] response:true from 210.175.7.20
2024/12/06 14:29:29 [/shop/shopping/load_payment_module.php] SendRequest:https://p01.mul-pay.jp/payment/SearchMember.idPass from 92.203.18.218
2024/12/06 14:29:29 [/shop/shopping/load_payment_module.php] Array
(
    [SiteID] => mst0000007602
    [SitePass] => ******
    [MemberID] => 3060
)
 from 92.203.18.218
2024/12/06 14:29:29 [/shop/shopping/load_payment_module.php] ErrCode=E01&ErrInfo=E01390002 from 92.203.18.218
2024/12/06 14:29:29 [/shop/shopping/load_payment_module.php] Array
(
    [0] => Array
        (
            [ErrCode] => E01
            [ErrInfo] => E01390002
        )

)
 from 92.203.18.218
2024/12/06 14:29:29 [/shop/shopping/load_payment_module.php] SendRequest:https://p01.mul-pay.jp/payment/SearchCard.idPass from 92.203.18.218
2024/12/06 14:29:29 [/shop/shopping/load_payment_module.php] Array
(
    [SiteID] => mst0000007602
    [SitePass] => ******
    [MemberID] => 3060
)
 from 92.203.18.218
2024/12/06 14:29:29 [/shop/shopping/load_payment_module.php] ErrCode=E01|E01&ErrInfo=E01390002|E01240002 from 92.203.18.218
2024/12/06 14:29:29 [/shop/shopping/load_payment_module.php] Array
(
    [0] => Array
        (
            [ErrCode] => E01
            [ErrInfo] => E01390002
        )

    [1] => Array
        (
            [ErrCode] => E01
            [ErrInfo] => E01240002
        )

)
 from 92.203.18.218
2024/12/06 14:29:51 [/shop/shopping/load_payment_module.php] SendRequest:https://p01.mul-pay.jp/payment/SearchMember.idPass from 92.203.18.218
2024/12/06 14:29:51 [/shop/shopping/load_payment_module.php] Array
(
    [SiteID] => mst0000007602
    [SitePass] => ******
    [MemberID] => 3060
)
 from 92.203.18.218
2024/12/06 14:29:51 [/shop/shopping/load_payment_module.php] ErrCode=E01&ErrInfo=E01390002 from 92.203.18.218
2024/12/06 14:29:51 [/shop/shopping/load_payment_module.php] Array
(
    [0] => Array
        (
            [ErrCode] => E01
            [ErrInfo] => E01390002
        )

)
 from 92.203.18.218
2024/12/06 14:29:51 [/shop/shopping/load_payment_module.php] SendRequest:https://p01.mul-pay.jp/payment/SearchCard.idPass from 92.203.18.218
2024/12/06 14:29:51 [/shop/shopping/load_payment_module.php] Array
(
    [SiteID] => mst0000007602
    [SitePass] => ******
    [MemberID] => 3060
)
 from 92.203.18.218
2024/12/06 14:29:51 [/shop/shopping/load_payment_module.php] ErrCode=E01|E01&ErrInfo=E01390002|E01240002 from 92.203.18.218
2024/12/06 14:29:51 [/shop/shopping/load_payment_module.php] Array
(
    [0] => Array
        (
            [ErrCode] => E01
            [ErrInfo] => E01390002
        )

    [1] => Array
        (
            [ErrCode] => E01
            [ErrInfo] => E01240002
        )

)
 from 92.203.18.218
2024/12/06 14:29:51 [/shop/shopping/load_payment_module.php] SendRequest:https://p01.mul-pay.jp/payment/EntryTran.idPass from 92.203.18.218
2024/12/06 14:29:51 [/shop/shopping/load_payment_module.php] Array
(
    [ShopID] => 9000034600950
    [ShopPass] => ******
    [OrderID] => 959965-06142951
    [JobCd] => CAPTURE
    [Amount] => 7350
    [TdFlag] => 0
    [TdTenantName] => 
)
 from 92.203.18.218
2024/12/06 14:29:51 [/shop/shopping/load_payment_module.php] AccessID=6bfedd923cbb267fa915e59b4529ef09&AccessPass=6ea92bc41151a8676c6b26ad67d3f534 from 92.203.18.218
2024/12/06 14:29:51 [/shop/shopping/load_payment_module.php] Array
(
    [0] => Array
        (
            [AccessID] => 6bfedd923cbb267fa915e59b4529ef09
            [AccessPass] => 6ea92bc41151a8676c6b26ad67d3f534
        )

)
 from 92.203.18.218
2024/12/06 14:29:51 [/shop/shopping/load_payment_module.php] load_payment_module.php set payment data:Array
(
    [AccessID] => 6bfedd923cbb267fa915e59b4529ef09
    [AccessPass] => 6ea92bc41151a8676c6b26ad67d3f534
    [OrderID] => 959965-06142951
    [Amount] => 7350
    [JobCd] => CAPTURE
    [action_status] => 1
    [pay_status] => 0
)
 from 92.203.18.218
2024/12/06 14:29:51 [/shop/shopping/load_payment_module.php] SendRequest:https://p01.mul-pay.jp/payment/ExecTran.idPass from 92.203.18.218
2024/12/06 14:29:51 [/shop/shopping/load_payment_module.php] Array
(
    [AccessID] => 6bfedd923cbb267fa915e59b4529ef09
    [AccessPass] => 6ea92bc41151a8676c6b26ad67d3f534
    [OrderID] => 959965-06142951
    [Method] => 1
    [Token] => 4aaace02fc85b5a288b24f63d442ecb87e21ba300dd9f703a14c122ba8b9f8d2
    [ClientField1] => 
    [ClientField2] => 
    [ClientField3] => EC-CUBE4.3.35
)
 from 92.203.18.218
2024/12/06 14:29:52 [/shop/shopping/load_payment_module.php] ACS=0&OrderID=959965-06142951&Forward=2S49631&Method=1&PayTimes=&Approve=0152327&TranID=2412061429602257210134173681&TranDate=20241206142952&CheckString=b426d70adf638af58f6d9ca12c551f1c from 92.203.18.218
2024/12/06 14:29:52 [/shop/shopping/load_payment_module.php] Array
(
    [0] => Array
        (
            [ACS] => 0
            [OrderID] => 959965-06142951
            [Forward] => 2S49631
            [Method] => 1
            [PayTimes] => 
            [Approve] => 0152327
            [TranID] => 2412061429602257210134173681
            [TranDate] => 20241206142952
            [CheckString] => b426d70adf638af58f6d9ca12c551f1c
        )

)
 from 92.203.18.218
2024/12/06 14:29:52 [/shop/shopping/load_payment_module.php] load_payment_module.php set payment data:Array
(
    [ACS] => 0
    [Forward] => 2S49631
    [Method] => 1
    [PayTimes] => 
    [Approve] => 0152327
    [TranID] => 2412061429602257210134173681
    [TranDate] => 20241206142952
    [CheckString] => b426d70adf638af58f6d9ca12c551f1c
    [Amount] => 7350
    [JobCd] => CAPTURE
    [action_status] => 3
    [pay_status] => 13
)
 from 92.203.18.218
2024/12/06 14:29:52 [/shop/user_data/pg_mulpay_recv.php] ******* receiveer data start ******* from 210.175.7.20
2024/12/06 14:29:52 [/shop/user_data/pg_mulpay_recv.php] Array
(
    [ShopID] => 9000034600950
    [ShopPass] => **********
    [AccessID] => 6bfedd923cbb267fa915e59b4529ef09
    [AccessPass] => ********************************
    [OrderID] => 959965-06142951
    [Status] => CAPTURE
    [JobCd] => CAPTURE
    [Amount] => 7350
    [Tax] => 0
    [Currency] => JPN
    [Forward] => 2S49631
    [Method] => 1
    [PayTimes] => 
    [TranID] => 2412061429602257210134173681
    [Approve] => 0152327
    [TranDate] => 20241206142952
    [ErrCode] => 
    [ErrInfo] => 
    [PayType] => 0
)
 from 210.175.7.20
2024/12/06 14:29:52 [/shop/user_data/pg_mulpay_recv.php] ******* receiveer data end ******* from 210.175.7.20
2024/12/06 14:29:57 [/shop/user_data/pg_mulpay_recv.php] update order status:1 order_id=959965 from 210.175.7.20
2024/12/06 14:29:57 [/shop/user_data/pg_mulpay_recv.php] pg_mulpay_recv.php set payment data:Array
(
    [ShopID] => 9000034600950
    [AccessID] => 6bfedd923cbb267fa915e59b4529ef09
    [OrderID] => 959965-06142951
    [Status] => CAPTURE
    [JobCd] => CAPTURE
    [Amount] => 7350
    [Tax] => 0
    [Currency] => JPN
    [Forward] => 2S49631
    [Method] => 1
    [PayTimes] => 
    [TranID] => 2412061429602257210134173681
    [Approve] => 0152327
    [TranDate] => 20241206142952
    [ErrCode] => 
    [ErrInfo] => 
    [PayType] => 0
    [CvsCode] => 
    [CvsConfNo] => 
    [CvsReceiptNo] => 
    [EdyReceiptNo] => 
    [EdyOrderNo] => 
    [SuicaReceiptNo] => 
    [SuicaOrderNo] => 
    [CustID] => 
    [BkCode] => 
    [ConfNo] => 
    [PaymentTerm] => 
    [EncryptReceiptNo] => 
    [FinishDate] => 
    [ReceiptDate] => 
    [WebMoneyManagementNo] => 
    [WebMoneySettleCode] => 
    [AuPayInfoNo] => 
    [AuPayMethod] => 
    [AuCancelAmount] => 
    [AuCancelTax] => 
    [DocomoSettlementCode] => 
    [DocomoCancelAmount] => 
    [DocomoCancelTax] => 
    [pay_status] => 13
)
 from 210.175.7.20
2024/12/06 14:29:57 [/shop/user_data/pg_mulpay_recv.php] response:true from 210.175.7.20
2024/12/06 14:32:39 [/shop/shopping/load_payment_module.php] SendRequest:https://p01.mul-pay.jp/payment/SearchMember.idPass from 92.203.18.218
2024/12/06 14:32:39 [/shop/shopping/load_payment_module.php] Array
(
    [SiteID] => mst0000007602
    [SitePass] => ******
    [MemberID] => 3060
)
 from 92.203.18.218
2024/12/06 14:32:39 [/shop/shopping/load_payment_module.php] ErrCode=E01&ErrInfo=E01390002 from 92.203.18.218
2024/12/06 14:32:39 [/shop/shopping/load_payment_module.php] Array
(
    [0] => Array
        (
            [ErrCode] => E01
            [ErrInfo] => E01390002
        )

)
 from 92.203.18.218
2024/12/06 14:32:39 [/shop/shopping/load_payment_module.php] SendRequest:https://p01.mul-pay.jp/payment/SearchCard.idPass from 92.203.18.218
2024/12/06 14:32:39 [/shop/shopping/load_payment_module.php] Array
(
    [SiteID] => mst0000007602
    [SitePass] => ******
    [MemberID] => 3060
)
 from 92.203.18.218
2024/12/06 14:32:39 [/shop/shopping/load_payment_module.php] ErrCode=E01|E01&ErrInfo=E01390002|E01240002 from 92.203.18.218
2024/12/06 14:32:39 [/shop/shopping/load_payment_module.php] Array
(
    [0] => Array
        (
            [ErrCode] => E01
            [ErrInfo] => E01390002
        )

    [1] => Array
        (
            [ErrCode] => E01
            [ErrInfo] => E01240002
        )

)
 from 92.203.18.218
2024/12/06 14:33:05 [/shop/shopping/load_payment_module.php] SendRequest:https://p01.mul-pay.jp/payment/SearchMember.idPass from 92.203.18.218
2024/12/06 14:33:05 [/shop/shopping/load_payment_module.php] Array
(
    [SiteID] => mst0000007602
    [SitePass] => ******
    [MemberID] => 3060
)
 from 92.203.18.218
2024/12/06 14:33:05 [/shop/shopping/load_payment_module.php] ErrCode=E01&ErrInfo=E01390002 from 92.203.18.218
2024/12/06 14:33:05 [/shop/shopping/load_payment_module.php] Array
(
    [0] => Array
        (
            [ErrCode] => E01
            [ErrInfo] => E01390002
        )

)
 from 92.203.18.218
2024/12/06 14:33:05 [/shop/shopping/load_payment_module.php] SendRequest:https://p01.mul-pay.jp/payment/SearchCard.idPass from 92.203.18.218
2024/12/06 14:33:05 [/shop/shopping/load_payment_module.php] Array
(
    [SiteID] => mst0000007602
    [SitePass] => ******
    [MemberID] => 3060
)
 from 92.203.18.218
2024/12/06 14:33:05 [/shop/shopping/load_payment_module.php] ErrCode=E01|E01&ErrInfo=E01390002|E01240002 from 92.203.18.218
2024/12/06 14:33:05 [/shop/shopping/load_payment_module.php] Array
(
    [0] => Array
        (
            [ErrCode] => E01
            [ErrInfo] => E01390002
        )

    [1] => Array
        (
            [ErrCode] => E01
            [ErrInfo] => E01240002
        )

)
 from 92.203.18.218
2024/12/06 14:33:05 [/shop/shopping/load_payment_module.php] SendRequest:https://p01.mul-pay.jp/payment/EntryTran.idPass from 92.203.18.218
2024/12/06 14:33:05 [/shop/shopping/load_payment_module.php] Array
(
    [ShopID] => 9000034600950
    [ShopPass] => ******
    [OrderID] => 959966-06143305
    [JobCd] => CAPTURE
    [Amount] => 22000
    [TdFlag] => 0
    [TdTenantName] => 
)
 from 92.203.18.218
2024/12/06 14:33:06 [/shop/shopping/load_payment_module.php] AccessID=612d77a77c196b05d38b907a786d73c5&AccessPass=e61976faa8dedc499c58202a319bfeff from 92.203.18.218
2024/12/06 14:33:06 [/shop/shopping/load_payment_module.php] Array
(
    [0] => Array
        (
            [AccessID] => 612d77a77c196b05d38b907a786d73c5
            [AccessPass] => e61976faa8dedc499c58202a319bfeff
        )

)
 from 92.203.18.218
2024/12/06 14:33:06 [/shop/shopping/load_payment_module.php] load_payment_module.php set payment data:Array
(
    [AccessID] => 612d77a77c196b05d38b907a786d73c5
    [AccessPass] => e61976faa8dedc499c58202a319bfeff
    [OrderID] => 959966-06143305
    [Amount] => 22000
    [JobCd] => CAPTURE
    [action_status] => 1
    [pay_status] => 0
)
 from 92.203.18.218
2024/12/06 14:33:06 [/shop/shopping/load_payment_module.php] SendRequest:https://p01.mul-pay.jp/payment/ExecTran.idPass from 92.203.18.218
2024/12/06 14:33:06 [/shop/shopping/load_payment_module.php] Array
(
    [AccessID] => 612d77a77c196b05d38b907a786d73c5
    [AccessPass] => e61976faa8dedc499c58202a319bfeff
    [OrderID] => 959966-06143305
    [Method] => 1
    [Token] => 3966f2f899a333b87645009c63bd3132d7d6f050db287e5f88ad9747b4fe6668
    [ClientField1] => 
    [ClientField2] => 
    [ClientField3] => EC-CUBE4.3.35
)
 from 92.203.18.218
2024/12/06 14:33:06 [/shop/shopping/load_payment_module.php] ACS=0&OrderID=959966-06143305&Forward=2S49631&Method=1&PayTimes=&Approve=0318505&TranID=2412061433602257210134173682&TranDate=20241206143306&CheckString=eb592e39b0932b4941d3355640d24eb5 from 92.203.18.218
2024/12/06 14:33:06 [/shop/shopping/load_payment_module.php] Array
(
    [0] => Array
        (
            [ACS] => 0
            [OrderID] => 959966-06143305
            [Forward] => 2S49631
            [Method] => 1
            [PayTimes] => 
            [Approve] => 0318505
            [TranID] => 2412061433602257210134173682
            [TranDate] => 20241206143306
            [CheckString] => eb592e39b0932b4941d3355640d24eb5
        )

)
 from 92.203.18.218
2024/12/06 14:33:06 [/shop/shopping/load_payment_module.php] load_payment_module.php set payment data:Array
(
    [ACS] => 0
    [Forward] => 2S49631
    [Method] => 1
    [PayTimes] => 
    [Approve] => 0318505
    [TranID] => 2412061433602257210134173682
    [TranDate] => 20241206143306
    [CheckString] => eb592e39b0932b4941d3355640d24eb5
    [Amount] => 22000
    [JobCd] => CAPTURE
    [action_status] => 3
    [pay_status] => 13
)
 from 92.203.18.218
2024/12/06 14:33:07 [/shop/user_data/pg_mulpay_recv.php] ******* receiveer data start ******* from 210.175.7.20
2024/12/06 14:33:07 [/shop/user_data/pg_mulpay_recv.php] Array
(
    [ShopID] => 9000034600950
    [ShopPass] => **********
    [AccessID] => 612d77a77c196b05d38b907a786d73c5
    [AccessPass] => ********************************
    [OrderID] => 959966-06143305
    [Status] => CAPTURE
    [JobCd] => CAPTURE
    [Amount] => 22000
    [Tax] => 0
    [Currency] => JPN
    [Forward] => 2S49631
    [Method] => 1
    [PayTimes] => 
    [TranID] => 2412061433602257210134173682
    [Approve] => 0318505
    [TranDate] => 20241206143306
    [ErrCode] => 
    [ErrInfo] => 
    [PayType] => 0
)
 from 210.175.7.20
2024/12/06 14:33:07 [/shop/user_data/pg_mulpay_recv.php] ******* receiveer data end ******* from 210.175.7.20
2024/12/06 14:33:12 [/shop/user_data/pg_mulpay_recv.php] update order status:1 order_id=959966 from 210.175.7.20
2024/12/06 14:33:12 [/shop/user_data/pg_mulpay_recv.php] pg_mulpay_recv.php set payment data:Array
(
    [ShopID] => 9000034600950
    [AccessID] => 612d77a77c196b05d38b907a786d73c5
    [OrderID] => 959966-06143305
    [Status] => CAPTURE
    [JobCd] => CAPTURE
    [Amount] => 22000
    [Tax] => 0
    [Currency] => JPN
    [Forward] => 2S49631
    [Method] => 1
    [PayTimes] => 
    [TranID] => 2412061433602257210134173682
    [Approve] => 0318505
    [TranDate] => 20241206143306
    [ErrCode] => 
    [ErrInfo] => 
    [PayType] => 0
    [CvsCode] => 
    [CvsConfNo] => 
    [CvsReceiptNo] => 
    [EdyReceiptNo] => 
    [EdyOrderNo] => 
    [SuicaReceiptNo] => 
    [SuicaOrderNo] => 
    [CustID] => 
    [BkCode] => 
    [ConfNo] => 
    [PaymentTerm] => 
    [EncryptReceiptNo] => 
    [FinishDate] => 
    [ReceiptDate] => 
    [WebMoneyManagementNo] => 
    [WebMoneySettleCode] => 
    [AuPayInfoNo] => 
    [AuPayMethod] => 
    [AuCancelAmount] => 
    [AuCancelTax] => 
    [DocomoSettlementCode] => 
    [DocomoCancelAmount] => 
    [DocomoCancelTax] => 
    [pay_status] => 13
)
 from 210.175.7.20
2024/12/06 14:33:12 [/shop/user_data/pg_mulpay_recv.php] response:true from 210.175.7.20
2024/12/06 16:39:35 [/shop/shopping/load_payment_module.php] SendRequest:https://p01.mul-pay.jp/payment/EntryTran.idPass from 1.75.158.207
2024/12/06 16:39:35 [/shop/shopping/load_payment_module.php] Array
(
    [ShopID] => 9000034600950
    [ShopPass] => ******
    [OrderID] => 959967-06163935
    [JobCd] => CAPTURE
    [Amount] => 15950
    [TdFlag] => 0
    [TdTenantName] => 
)
 from 1.75.158.207
2024/12/06 16:39:35 [/shop/shopping/load_payment_module.php] AccessID=5854c2ce525386a53a8adc09592de4ec&AccessPass=1a445d98f74c4bf00779a92f9521a119 from 1.75.158.207
2024/12/06 16:39:35 [/shop/shopping/load_payment_module.php] Array
(
    [0] => Array
        (
            [AccessID] => 5854c2ce525386a53a8adc09592de4ec
            [AccessPass] => 1a445d98f74c4bf00779a92f9521a119
        )

)
 from 1.75.158.207
2024/12/06 16:39:35 [/shop/shopping/load_payment_module.php] load_payment_module.php set payment data:Array
(
    [AccessID] => 5854c2ce525386a53a8adc09592de4ec
    [AccessPass] => 1a445d98f74c4bf00779a92f9521a119
    [OrderID] => 959967-06163935
    [Amount] => 15950
    [JobCd] => CAPTURE
    [action_status] => 1
    [pay_status] => 0
)
 from 1.75.158.207
2024/12/06 16:39:35 [/shop/shopping/load_payment_module.php] SendRequest:https://p01.mul-pay.jp/payment/ExecTran.idPass from 1.75.158.207
2024/12/06 16:39:35 [/shop/shopping/load_payment_module.php] Array
(
    [AccessID] => 5854c2ce525386a53a8adc09592de4ec
    [AccessPass] => 1a445d98f74c4bf00779a92f9521a119
    [OrderID] => 959967-06163935
    [Method] => 1
    [Token] => ac9d7aa8297205ab792208840a7d8bd93572968c645480f462aa30895e6d4071
    [ClientField1] => 
    [ClientField2] => 
    [ClientField3] => EC-CUBE4.3.35
)
 from 1.75.158.207
2024/12/06 16:39:36 [/shop/shopping/load_payment_module.php] ACS=0&OrderID=959967-06163935&Forward=2S49631&Method=1&PayTimes=&Approve=0364911&TranID=2412061639602257210134183703&TranDate=20241206163936&CheckString=8c1cea01286af708c6bd9eed70e566fa from 1.75.158.207
2024/12/06 16:39:36 [/shop/shopping/load_payment_module.php] Array
(
    [0] => Array
        (
            [ACS] => 0
            [OrderID] => 959967-06163935
            [Forward] => 2S49631
            [Method] => 1
            [PayTimes] => 
            [Approve] => 0364911
            [TranID] => 2412061639602257210134183703
            [TranDate] => 20241206163936
            [CheckString] => 8c1cea01286af708c6bd9eed70e566fa
        )

)
 from 1.75.158.207
2024/12/06 16:39:36 [/shop/shopping/load_payment_module.php] load_payment_module.php set payment data:Array
(
    [ACS] => 0
    [Forward] => 2S49631
    [Method] => 1
    [PayTimes] => 
    [Approve] => 0364911
    [TranID] => 2412061639602257210134183703
    [TranDate] => 20241206163936
    [CheckString] => 8c1cea01286af708c6bd9eed70e566fa
    [Amount] => 15950
    [JobCd] => CAPTURE
    [action_status] => 3
    [pay_status] => 13
)
 from 1.75.158.207
2024/12/06 16:39:36 [/shop/user_data/pg_mulpay_recv.php] ******* receiveer data start ******* from 210.175.7.20
2024/12/06 16:39:36 [/shop/user_data/pg_mulpay_recv.php] Array
(
    [ShopID] => 9000034600950
    [ShopPass] => **********
    [AccessID] => 5854c2ce525386a53a8adc09592de4ec
    [AccessPass] => ********************************
    [OrderID] => 959967-06163935
    [Status] => CAPTURE
    [JobCd] => CAPTURE
    [Amount] => 15950
    [Tax] => 0
    [Currency] => JPN
    [Forward] => 2S49631
    [Method] => 1
    [PayTimes] => 
    [TranID] => 2412061639602257210134183703
    [Approve] => 0364911
    [TranDate] => 20241206163936
    [ErrCode] => 
    [ErrInfo] => 
    [PayType] => 0
)
 from 210.175.7.20
2024/12/06 16:39:36 [/shop/user_data/pg_mulpay_recv.php] ******* receiveer data end ******* from 210.175.7.20
2024/12/06 16:39:41 [/shop/user_data/pg_mulpay_recv.php] update order status:1 order_id=959967 from 210.175.7.20
2024/12/06 16:39:41 [/shop/user_data/pg_mulpay_recv.php] pg_mulpay_recv.php set payment data:Array
(
    [ShopID] => 9000034600950
    [AccessID] => 5854c2ce525386a53a8adc09592de4ec
    [OrderID] => 959967-06163935
    [Status] => CAPTURE
    [JobCd] => CAPTURE
    [Amount] => 15950
    [Tax] => 0
    [Currency] => JPN
    [Forward] => 2S49631
    [Method] => 1
    [PayTimes] => 
    [TranID] => 2412061639602257210134183703
    [Approve] => 0364911
    [TranDate] => 20241206163936
    [ErrCode] => 
    [ErrInfo] => 
    [PayType] => 0
    [CvsCode] => 
    [CvsConfNo] => 
    [CvsReceiptNo] => 
    [EdyReceiptNo] => 
    [EdyOrderNo] => 
    [SuicaReceiptNo] => 
    [SuicaOrderNo] => 
    [CustID] => 
    [BkCode] => 
    [ConfNo] => 
    [PaymentTerm] => 
    [EncryptReceiptNo] => 
    [FinishDate] => 
    [ReceiptDate] => 
    [WebMoneyManagementNo] => 
    [WebMoneySettleCode] => 
    [AuPayInfoNo] => 
    [AuPayMethod] => 
    [AuCancelAmount] => 
    [AuCancelTax] => 
    [DocomoSettlementCode] => 
    [DocomoCancelAmount] => 
    [DocomoCancelTax] => 
    [pay_status] => 13
)
 from 210.175.7.20
2024/12/06 16:39:41 [/shop/user_data/pg_mulpay_recv.php] response:true from 210.175.7.20
2024/12/06 18:13:52 [/shop/shopping/load_payment_module.php] SendRequest:https://p01.mul-pay.jp/payment/SearchMember.idPass from 114.142.249.164
2024/12/06 18:13:52 [/shop/shopping/load_payment_module.php] Array
(
    [SiteID] => mst0000007602
    [SitePass] => ******
    [MemberID] => 12141
)
 from 114.142.249.164
2024/12/06 18:13:52 [/shop/shopping/load_payment_module.php] ErrCode=E01&ErrInfo=E01390002 from 114.142.249.164
2024/12/06 18:13:52 [/shop/shopping/load_payment_module.php] Array
(
    [0] => Array
        (
            [ErrCode] => E01
            [ErrInfo] => E01390002
        )

)
 from 114.142.249.164
2024/12/06 18:13:52 [/shop/shopping/load_payment_module.php] SendRequest:https://p01.mul-pay.jp/payment/SearchCard.idPass from 114.142.249.164
2024/12/06 18:13:52 [/shop/shopping/load_payment_module.php] Array
(
    [SiteID] => mst0000007602
    [SitePass] => ******
    [MemberID] => 12141
)
 from 114.142.249.164
2024/12/06 18:13:52 [/shop/shopping/load_payment_module.php] ErrCode=E01|E01&ErrInfo=E01390002|E01240002 from 114.142.249.164
2024/12/06 18:13:52 [/shop/shopping/load_payment_module.php] Array
(
    [0] => Array
        (
            [ErrCode] => E01
            [ErrInfo] => E01390002
        )

    [1] => Array
        (
            [ErrCode] => E01
            [ErrInfo] => E01240002
        )

)
 from 114.142.249.164
2024/12/06 18:16:27 [/shop/shopping/load_payment_module.php] SendRequest:https://p01.mul-pay.jp/payment/SearchMember.idPass from 114.142.249.164
2024/12/06 18:16:27 [/shop/shopping/load_payment_module.php] Array
(
    [SiteID] => mst0000007602
    [SitePass] => ******
    [MemberID] => 12141
)
 from 114.142.249.164
2024/12/06 18:16:27 [/shop/shopping/load_payment_module.php] ErrCode=E01&ErrInfo=E01390002 from 114.142.249.164
2024/12/06 18:16:27 [/shop/shopping/load_payment_module.php] Array
(
    [0] => Array
        (
            [ErrCode] => E01
            [ErrInfo] => E01390002
        )

)
 from 114.142.249.164
2024/12/06 18:16:27 [/shop/shopping/load_payment_module.php] SendRequest:https://p01.mul-pay.jp/payment/SearchCard.idPass from 114.142.249.164
2024/12/06 18:16:27 [/shop/shopping/load_payment_module.php] Array
(
    [SiteID] => mst0000007602
    [SitePass] => ******
    [MemberID] => 12141
)
 from 114.142.249.164
2024/12/06 18:16:27 [/shop/shopping/load_payment_module.php] ErrCode=E01|E01&ErrInfo=E01390002|E01240002 from 114.142.249.164
2024/12/06 18:16:27 [/shop/shopping/load_payment_module.php] Array
(
    [0] => Array
        (
            [ErrCode] => E01
            [ErrInfo] => E01390002
        )

    [1] => Array
        (
            [ErrCode] => E01
            [ErrInfo] => E01240002
        )

)
 from 114.142.249.164
2024/12/06 18:16:27 [/shop/shopping/load_payment_module.php] SendRequest:https://p01.mul-pay.jp/payment/EntryTran.idPass from 114.142.249.164
2024/12/06 18:16:27 [/shop/shopping/load_payment_module.php] Array
(
    [ShopID] => 9000034600950
    [ShopPass] => ******
    [OrderID] => 959968-06181627
    [JobCd] => CAPTURE
    [Amount] => 5230
    [TdFlag] => 0
    [TdTenantName] => 
)
 from 114.142.249.164
2024/12/06 18:16:27 [/shop/shopping/load_payment_module.php] AccessID=0b1a70494ba47bc40220d67db33c2702&AccessPass=2d0b06bc709629d76c22613c031cac5c from 114.142.249.164
2024/12/06 18:16:27 [/shop/shopping/load_payment_module.php] Array
(
    [0] => Array
        (
            [AccessID] => 0b1a70494ba47bc40220d67db33c2702
            [AccessPass] => 2d0b06bc709629d76c22613c031cac5c
        )

)
 from 114.142.249.164
2024/12/06 18:16:27 [/shop/shopping/load_payment_module.php] load_payment_module.php set payment data:Array
(
    [AccessID] => 0b1a70494ba47bc40220d67db33c2702
    [AccessPass] => 2d0b06bc709629d76c22613c031cac5c
    [OrderID] => 959968-06181627
    [Amount] => 5230
    [JobCd] => CAPTURE
    [action_status] => 1
    [pay_status] => 0
)
 from 114.142.249.164
2024/12/06 18:16:27 [/shop/shopping/load_payment_module.php] SendRequest:https://p01.mul-pay.jp/payment/ExecTran.idPass from 114.142.249.164
2024/12/06 18:16:27 [/shop/shopping/load_payment_module.php] Array
(
    [AccessID] => 0b1a70494ba47bc40220d67db33c2702
    [AccessPass] => 2d0b06bc709629d76c22613c031cac5c
    [OrderID] => 959968-06181627
    [Method] => 1
    [Token] => 5eef2c5ea9c7072b5fe841e822a62c02042608aba096e78d6361b74fa5ae1b68
    [ClientField1] => 
    [ClientField2] => 
    [ClientField3] => EC-CUBE4.3.35
)
 from 114.142.249.164
2024/12/06 18:16:29 [/shop/shopping/load_payment_module.php] ACS=0&OrderID=959968-06181627&Forward=2S49631&Method=1&PayTimes=&Approve=0160095&TranID=2412061816602257210134163811&TranDate=20241206181629&CheckString=e656e9332dae292593ae646d3520efc5 from 114.142.249.164
2024/12/06 18:16:29 [/shop/shopping/load_payment_module.php] Array
(
    [0] => Array
        (
            [ACS] => 0
            [OrderID] => 959968-06181627
            [Forward] => 2S49631
            [Method] => 1
            [PayTimes] => 
            [Approve] => 0160095
            [TranID] => 2412061816602257210134163811
            [TranDate] => 20241206181629
            [CheckString] => e656e9332dae292593ae646d3520efc5
        )

)
 from 114.142.249.164
2024/12/06 18:16:29 [/shop/shopping/load_payment_module.php] load_payment_module.php set payment data:Array
(
    [ACS] => 0
    [Forward] => 2S49631
    [Method] => 1
    [PayTimes] => 
    [Approve] => 0160095
    [TranID] => 2412061816602257210134163811
    [TranDate] => 20241206181629
    [CheckString] => e656e9332dae292593ae646d3520efc5
    [Amount] => 5230
    [JobCd] => CAPTURE
    [action_status] => 3
    [pay_status] => 13
)
 from 114.142.249.164
2024/12/06 18:16:29 [/shop/user_data/pg_mulpay_recv.php] ******* receiveer data start ******* from 210.175.7.20
2024/12/06 18:16:29 [/shop/user_data/pg_mulpay_recv.php] Array
(
    [ShopID] => 9000034600950
    [ShopPass] => **********
    [AccessID] => 0b1a70494ba47bc40220d67db33c2702
    [AccessPass] => ********************************
    [OrderID] => 959968-06181627
    [Status] => CAPTURE
    [JobCd] => CAPTURE
    [Amount] => 5230
    [Tax] => 0
    [Currency] => JPN
    [Forward] => 2S49631
    [Method] => 1
    [PayTimes] => 
    [TranID] => 2412061816602257210134163811
    [Approve] => 0160095
    [TranDate] => 20241206181629
    [ErrCode] => 
    [ErrInfo] => 
    [PayType] => 0
)
 from 210.175.7.20
2024/12/06 18:16:29 [/shop/user_data/pg_mulpay_recv.php] ******* receiveer data end ******* from 210.175.7.20
2024/12/06 18:16:34 [/shop/user_data/pg_mulpay_recv.php] update order status:1 order_id=959968 from 210.175.7.20
2024/12/06 18:16:34 [/shop/user_data/pg_mulpay_recv.php] pg_mulpay_recv.php set payment data:Array
(
    [ShopID] => 9000034600950
    [AccessID] => 0b1a70494ba47bc40220d67db33c2702
    [OrderID] => 959968-06181627
    [Status] => CAPTURE
    [JobCd] => CAPTURE
    [Amount] => 5230
    [Tax] => 0
    [Currency] => JPN
    [Forward] => 2S49631
    [Method] => 1
    [PayTimes] => 
    [TranID] => 2412061816602257210134163811
    [Approve] => 0160095
    [TranDate] => 20241206181629
    [ErrCode] => 
    [ErrInfo] => 
    [PayType] => 0
    [CvsCode] => 
    [CvsConfNo] => 
    [CvsReceiptNo] => 
    [EdyReceiptNo] => 
    [EdyOrderNo] => 
    [SuicaReceiptNo] => 
    [SuicaOrderNo] => 
    [CustID] => 
    [BkCode] => 
    [ConfNo] => 
    [PaymentTerm] => 
    [EncryptReceiptNo] => 
    [FinishDate] => 
    [ReceiptDate] => 
    [WebMoneyManagementNo] => 
    [WebMoneySettleCode] => 
    [AuPayInfoNo] => 
    [AuPayMethod] => 
    [AuCancelAmount] => 
    [AuCancelTax] => 
    [DocomoSettlementCode] => 
    [DocomoCancelAmount] => 
    [DocomoCancelTax] => 
    [pay_status] => 13
)
 from 210.175.7.20
2024/12/06 18:16:34 [/shop/user_data/pg_mulpay_recv.php] response:true from 210.175.7.20
2024/12/06 18:20:13 [/shop/shopping/load_payment_module.php] SendRequest:https://p01.mul-pay.jp/payment/EntryTran.idPass from 64.124.78.36
2024/12/06 18:20:13 [/shop/shopping/load_payment_module.php] Array
(
    [ShopID] => 9000034600950
    [ShopPass] => ******
    [OrderID] => 959969-06182013
    [JobCd] => CAPTURE
    [Amount] => 4530
    [TdFlag] => 0
    [TdTenantName] => 
)
 from 64.124.78.36
2024/12/06 18:20:13 [/shop/shopping/load_payment_module.php] AccessID=7c4865440fb1f61671645bf7f6e7621c&AccessPass=d905473af5b0c6c575eab059fb1dca59 from 64.124.78.36
2024/12/06 18:20:13 [/shop/shopping/load_payment_module.php] Array
(
    [0] => Array
        (
            [AccessID] => 7c4865440fb1f61671645bf7f6e7621c
            [AccessPass] => d905473af5b0c6c575eab059fb1dca59
        )

)
 from 64.124.78.36
2024/12/06 18:20:13 [/shop/shopping/load_payment_module.php] load_payment_module.php set payment data:Array
(
    [AccessID] => 7c4865440fb1f61671645bf7f6e7621c
    [AccessPass] => d905473af5b0c6c575eab059fb1dca59
    [OrderID] => 959969-06182013
    [Amount] => 4530
    [JobCd] => CAPTURE
    [action_status] => 1
    [pay_status] => 0
)
 from 64.124.78.36
2024/12/06 18:20:13 [/shop/shopping/load_payment_module.php] SendRequest:https://p01.mul-pay.jp/payment/ExecTran.idPass from 64.124.78.36
2024/12/06 18:20:13 [/shop/shopping/load_payment_module.php] Array
(
    [AccessID] => 7c4865440fb1f61671645bf7f6e7621c
    [AccessPass] => d905473af5b0c6c575eab059fb1dca59
    [OrderID] => 959969-06182013
    [Method] => 1
    [Token] => ffec42384bf59217e55ba42d8fd8cbae3de5723ca752162c4ae43de91b2a749c
    [ClientField1] => 
    [ClientField2] => 
    [ClientField3] => EC-CUBE4.3.35
)
 from 64.124.78.36
2024/12/06 18:20:13 [/shop/shopping/load_payment_module.php] ACS=0&OrderID=959969-06182013&Forward=2S49631&Method=1&PayTimes=&Approve=0004084&TranID=2412061820602257210134173683&TranDate=20241206182013&CheckString=c710691d0547575339ed4455f018a847 from 64.124.78.36
2024/12/06 18:20:13 [/shop/shopping/load_payment_module.php] Array
(
    [0] => Array
        (
            [ACS] => 0
            [OrderID] => 959969-06182013
            [Forward] => 2S49631
            [Method] => 1
            [PayTimes] => 
            [Approve] => 0004084
            [TranID] => 2412061820602257210134173683
            [TranDate] => 20241206182013
            [CheckString] => c710691d0547575339ed4455f018a847
        )

)
 from 64.124.78.36
2024/12/06 18:20:13 [/shop/shopping/load_payment_module.php] load_payment_module.php set payment data:Array
(
    [ACS] => 0
    [Forward] => 2S49631
    [Method] => 1
    [PayTimes] => 
    [Approve] => 0004084
    [TranID] => 2412061820602257210134173683
    [TranDate] => 20241206182013
    [CheckString] => c710691d0547575339ed4455f018a847
    [Amount] => 4530
    [JobCd] => CAPTURE
    [action_status] => 3
    [pay_status] => 13
)
 from 64.124.78.36
2024/12/06 18:20:14 [/shop/user_data/pg_mulpay_recv.php] ******* receiveer data start ******* from 210.175.7.20
2024/12/06 18:20:14 [/shop/user_data/pg_mulpay_recv.php] Array
(
    [ShopID] => 9000034600950
    [ShopPass] => **********
    [AccessID] => 7c4865440fb1f61671645bf7f6e7621c
    [AccessPass] => ********************************
    [OrderID] => 959969-06182013
    [Status] => CAPTURE
    [JobCd] => CAPTURE
    [Amount] => 4530
    [Tax] => 0
    [Currency] => JPN
    [Forward] => 2S49631
    [Method] => 1
    [PayTimes] => 
    [TranID] => 2412061820602257210134173683
    [Approve] => 0004084
    [TranDate] => 20241206182013
    [ErrCode] => 
    [ErrInfo] => 
    [PayType] => 0
)
 from 210.175.7.20
2024/12/06 18:20:14 [/shop/user_data/pg_mulpay_recv.php] ******* receiveer data end ******* from 210.175.7.20
2024/12/06 18:20:19 [/shop/user_data/pg_mulpay_recv.php] update order status:1 order_id=959969 from 210.175.7.20
2024/12/06 18:20:19 [/shop/user_data/pg_mulpay_recv.php] pg_mulpay_recv.php set payment data:Array
(
    [ShopID] => 9000034600950
    [AccessID] => 7c4865440fb1f61671645bf7f6e7621c
    [OrderID] => 959969-06182013
    [Status] => CAPTURE
    [JobCd] => CAPTURE
    [Amount] => 4530
    [Tax] => 0
    [Currency] => JPN
    [Forward] => 2S49631
    [Method] => 1
    [PayTimes] => 
    [TranID] => 2412061820602257210134173683
    [Approve] => 0004084
    [TranDate] => 20241206182013
    [ErrCode] => 
    [ErrInfo] => 
    [PayType] => 0
    [CvsCode] => 
    [CvsConfNo] => 
    [CvsReceiptNo] => 
    [EdyReceiptNo] => 
    [EdyOrderNo] => 
    [SuicaReceiptNo] => 
    [SuicaOrderNo] => 
    [CustID] => 
    [BkCode] => 
    [ConfNo] => 
    [PaymentTerm] => 
    [EncryptReceiptNo] => 
    [FinishDate] => 
    [ReceiptDate] => 
    [WebMoneyManagementNo] => 
    [WebMoneySettleCode] => 
    [AuPayInfoNo] => 
    [AuPayMethod] => 
    [AuCancelAmount] => 
    [AuCancelTax] => 
    [DocomoSettlementCode] => 
    [DocomoCancelAmount] => 
    [DocomoCancelTax] => 
    [pay_status] => 13
)
 from 210.175.7.20
2024/12/06 18:20:19 [/shop/user_data/pg_mulpay_recv.php] response:true from 210.175.7.20
2024/12/06 23:29:34 [/shop/shopping/load_payment_module.php] SendRequest:https://p01.mul-pay.jp/payment/SearchMember.idPass from 37.161.92.119
2024/12/06 23:29:34 [/shop/shopping/load_payment_module.php] Array
(
    [SiteID] => mst0000007602
    [SitePass] => ******
    [MemberID] => 11385
)
 from 37.161.92.119
2024/12/06 23:29:34 [/shop/shopping/load_payment_module.php] ErrCode=E01&ErrInfo=E01390002 from 37.161.92.119
2024/12/06 23:29:34 [/shop/shopping/load_payment_module.php] Array
(
    [0] => Array
        (
            [ErrCode] => E01
            [ErrInfo] => E01390002
        )

)
 from 37.161.92.119
2024/12/06 23:29:34 [/shop/shopping/load_payment_module.php] SendRequest:https://p01.mul-pay.jp/payment/SearchCard.idPass from 37.161.92.119
2024/12/06 23:29:34 [/shop/shopping/load_payment_module.php] Array
(
    [SiteID] => mst0000007602
    [SitePass] => ******
    [MemberID] => 11385
)
 from 37.161.92.119
2024/12/06 23:29:35 [/shop/shopping/load_payment_module.php] ErrCode=E01|E01&ErrInfo=E01390002|E01240002 from 37.161.92.119
2024/12/06 23:29:35 [/shop/shopping/load_payment_module.php] Array
(
    [0] => Array
        (
            [ErrCode] => E01
            [ErrInfo] => E01390002
        )

    [1] => Array
        (
            [ErrCode] => E01
            [ErrInfo] => E01240002
        )

)
 from 37.161.92.119
2024/12/06 23:30:01 [/shop/shopping/load_payment_module.php] SendRequest:https://p01.mul-pay.jp/payment/SearchMember.idPass from 37.161.92.119
2024/12/06 23:30:01 [/shop/shopping/load_payment_module.php] Array
(
    [SiteID] => mst0000007602
    [SitePass] => ******
    [MemberID] => 11385
)
 from 37.161.92.119
2024/12/06 23:30:02 [/shop/shopping/load_payment_module.php] ErrCode=E01&ErrInfo=E01390002 from 37.161.92.119
2024/12/06 23:30:02 [/shop/shopping/load_payment_module.php] Array
(
    [0] => Array
        (
            [ErrCode] => E01
            [ErrInfo] => E01390002
        )

)
 from 37.161.92.119
2024/12/06 23:30:02 [/shop/shopping/load_payment_module.php] SendRequest:https://p01.mul-pay.jp/payment/SearchCard.idPass from 37.161.92.119
2024/12/06 23:30:02 [/shop/shopping/load_payment_module.php] Array
(
    [SiteID] => mst0000007602
    [SitePass] => ******
    [MemberID] => 11385
)
 from 37.161.92.119
2024/12/06 23:30:02 [/shop/shopping/load_payment_module.php] ErrCode=E01|E01&ErrInfo=E01390002|E01240002 from 37.161.92.119
2024/12/06 23:30:02 [/shop/shopping/load_payment_module.php] Array
(
    [0] => Array
        (
            [ErrCode] => E01
            [ErrInfo] => E01390002
        )

    [1] => Array
        (
            [ErrCode] => E01
            [ErrInfo] => E01240002
        )

)
 from 37.161.92.119
2024/12/06 23:30:02 [/shop/shopping/load_payment_module.php] SendRequest:https://p01.mul-pay.jp/payment/EntryTran.idPass from 37.161.92.119
2024/12/06 23:30:02 [/shop/shopping/load_payment_module.php] Array
(
    [ShopID] => 9000034600950
    [ShopPass] => ******
    [OrderID] => 959970-06233002
    [JobCd] => CAPTURE
    [Amount] => 7500
    [TdFlag] => 0
    [TdTenantName] => 
)
 from 37.161.92.119
2024/12/06 23:30:02 [/shop/shopping/load_payment_module.php] AccessID=19e1a3fc7976797a030fefc9f48d99eb&AccessPass=fdaa9729f50b01bdd0cc6782072aa1e0 from 37.161.92.119
2024/12/06 23:30:02 [/shop/shopping/load_payment_module.php] Array
(
    [0] => Array
        (
            [AccessID] => 19e1a3fc7976797a030fefc9f48d99eb
            [AccessPass] => fdaa9729f50b01bdd0cc6782072aa1e0
        )

)
 from 37.161.92.119
2024/12/06 23:30:02 [/shop/shopping/load_payment_module.php] load_payment_module.php set payment data:Array
(
    [AccessID] => 19e1a3fc7976797a030fefc9f48d99eb
    [AccessPass] => fdaa9729f50b01bdd0cc6782072aa1e0
    [OrderID] => 959970-06233002
    [Amount] => 7500
    [JobCd] => CAPTURE
    [action_status] => 1
    [pay_status] => 0
)
 from 37.161.92.119
2024/12/06 23:30:02 [/shop/shopping/load_payment_module.php] SendRequest:https://p01.mul-pay.jp/payment/ExecTran.idPass from 37.161.92.119
2024/12/06 23:30:02 [/shop/shopping/load_payment_module.php] Array
(
    [AccessID] => 19e1a3fc7976797a030fefc9f48d99eb
    [AccessPass] => fdaa9729f50b01bdd0cc6782072aa1e0
    [OrderID] => 959970-06233002
    [Method] => 1
    [Token] => 2f8391abf189ad2cc5b75532735d7da51ba762cf3983796bf82ed9cc101e0628
    [ClientField1] => 
    [ClientField2] => 
    [ClientField3] => EC-CUBE4.3.35
)
 from 37.161.92.119
2024/12/06 23:30:03 [/shop/shopping/load_payment_module.php] ACS=0&OrderID=959970-06233002&Forward=2959876&Method=1&PayTimes=&Approve=0963015&TranID=2412062330602257210134163812&TranDate=20241206233003&CheckString=31a42fda12cf0ebc3b668278eabf9b3d from 37.161.92.119
2024/12/06 23:30:03 [/shop/shopping/load_payment_module.php] Array
(
    [0] => Array
        (
            [ACS] => 0
            [OrderID] => 959970-06233002
            [Forward] => 2959876
            [Method] => 1
            [PayTimes] => 
            [Approve] => 0963015
            [TranID] => 2412062330602257210134163812
            [TranDate] => 20241206233003
            [CheckString] => 31a42fda12cf0ebc3b668278eabf9b3d
        )

)
 from 37.161.92.119
2024/12/06 23:30:03 [/shop/shopping/load_payment_module.php] load_payment_module.php set payment data:Array
(
    [ACS] => 0
    [Forward] => 2959876
    [Method] => 1
    [PayTimes] => 
    [Approve] => 0963015
    [TranID] => 2412062330602257210134163812
    [TranDate] => 20241206233003
    [CheckString] => 31a42fda12cf0ebc3b668278eabf9b3d
    [Amount] => 7500
    [JobCd] => CAPTURE
    [action_status] => 3
    [pay_status] => 13
)
 from 37.161.92.119
2024/12/06 23:30:03 [/shop/user_data/pg_mulpay_recv.php] ******* receiveer data start ******* from 210.175.7.20
2024/12/06 23:30:03 [/shop/user_data/pg_mulpay_recv.php] Array
(
    [ShopID] => 9000034600950
    [ShopPass] => **********
    [AccessID] => 19e1a3fc7976797a030fefc9f48d99eb
    [AccessPass] => ********************************
    [OrderID] => 959970-06233002
    [Status] => CAPTURE
    [JobCd] => CAPTURE
    [Amount] => 7500
    [Tax] => 0
    [Currency] => JPN
    [Forward] => 2959876
    [Method] => 1
    [PayTimes] => 
    [TranID] => 2412062330602257210134163812
    [Approve] => 0963015
    [TranDate] => 20241206233003
    [ErrCode] => 
    [ErrInfo] => 
    [PayType] => 0
)
 from 210.175.7.20
2024/12/06 23:30:03 [/shop/user_data/pg_mulpay_recv.php] ******* receiveer data end ******* from 210.175.7.20
2024/12/06 23:30:08 [/shop/user_data/pg_mulpay_recv.php] update order status:1 order_id=959970 from 210.175.7.20
2024/12/06 23:30:08 [/shop/user_data/pg_mulpay_recv.php] pg_mulpay_recv.php set payment data:Array
(
    [ShopID] => 9000034600950
    [AccessID] => 19e1a3fc7976797a030fefc9f48d99eb
    [OrderID] => 959970-06233002
    [Status] => CAPTURE
    [JobCd] => CAPTURE
    [Amount] => 7500
    [Tax] => 0
    [Currency] => JPN
    [Forward] => 2959876
    [Method] => 1
    [PayTimes] => 
    [TranID] => 2412062330602257210134163812
    [Approve] => 0963015
    [TranDate] => 20241206233003
    [ErrCode] => 
    [ErrInfo] => 
    [PayType] => 0
    [CvsCode] => 
    [CvsConfNo] => 
    [CvsReceiptNo] => 
    [EdyReceiptNo] => 
    [EdyOrderNo] => 
    [SuicaReceiptNo] => 
    [SuicaOrderNo] => 
    [CustID] => 
    [BkCode] => 
    [ConfNo] => 
    [PaymentTerm] => 
    [EncryptReceiptNo] => 
    [FinishDate] => 
    [ReceiptDate] => 
    [WebMoneyManagementNo] => 
    [WebMoneySettleCode] => 
    [AuPayInfoNo] => 
    [AuPayMethod] => 
    [AuCancelAmount] => 
    [AuCancelTax] => 
    [DocomoSettlementCode] => 
    [DocomoCancelAmount] => 
    [DocomoCancelTax] => 
    [pay_status] => 13
)
 from 210.175.7.20
2024/12/06 23:30:08 [/shop/user_data/pg_mulpay_recv.php] response:true from 210.175.7.20
