2023/01/26 01:35:31 [/shop/shopping/load_payment_module.php] SendRequest:https://p01.mul-pay.jp/payment/EntryTran.idPass from 136.226.3.99
2023/01/26 01:35:31 [/shop/shopping/load_payment_module.php] Array
(
    [ShopID] => 9000034600950
    [ShopPass] => ******
    [OrderID] => 949352-26013531
    [JobCd] => CAPTURE
    [Amount] => 6960
    [TdFlag] => 0
    [TdTenantName] => 
)
 from 136.226.3.99
2023/01/26 01:35:31 [/shop/shopping/load_payment_module.php] AccessID=b9f718ecdd1215c5729ebf48bb0efb4c&AccessPass=b79a78eca9fff30b18f9b39d37c8a301 from 136.226.3.99
2023/01/26 01:35:31 [/shop/shopping/load_payment_module.php] Array
(
    [0] => Array
        (
            [AccessID] => b9f718ecdd1215c5729ebf48bb0efb4c
            [AccessPass] => b79a78eca9fff30b18f9b39d37c8a301
        )

)
 from 136.226.3.99
2023/01/26 01:35:31 [/shop/shopping/load_payment_module.php] load_payment_module.php set payment data:Array
(
    [AccessID] => b9f718ecdd1215c5729ebf48bb0efb4c
    [AccessPass] => b79a78eca9fff30b18f9b39d37c8a301
    [OrderID] => 949352-26013531
    [Amount] => 6960
    [JobCd] => CAPTURE
    [action_status] => 1
    [pay_status] => 0
)
 from 136.226.3.99
2023/01/26 01:35:31 [/shop/shopping/load_payment_module.php] SendRequest:https://p01.mul-pay.jp/payment/ExecTran.idPass from 136.226.3.99
2023/01/26 01:35:31 [/shop/shopping/load_payment_module.php] Array
(
    [AccessID] => b9f718ecdd1215c5729ebf48bb0efb4c
    [AccessPass] => b79a78eca9fff30b18f9b39d37c8a301
    [OrderID] => 949352-26013531
    [Method] => 1
    [Token] => 611fc28db5738f0ac1e60d95e396b72778f202c198503784e239eab1cc39783b
    [ClientField1] => 
    [ClientField2] => 
    [ClientField3] => EC-CUBE4.3.35
)
 from 136.226.3.99
2023/01/26 01:35:31 [/shop/shopping/load_payment_module.php] ErrCode=E01&ErrInfo=E01260010 from 136.226.3.99
2023/01/26 01:35:31 [/shop/shopping/load_payment_module.php] Array
(
    [0] => Array
        (
            [ErrCode] => E01
            [ErrInfo] => E01260010
        )

)
 from 136.226.3.99
2023/01/26 01:35:31 [/shop/shopping/load_payment_module.php] load_payment_module.php set payment data:Array
(
    [request_error] => Array
        (
            [0] => 指定された支払方法はご利用できません。 (E01-E01260010)
        )

    [Amount] => 6960
    [JobCd] => CAPTURE
    [action_status] => 3
)
 from 136.226.3.99
2023/01/26 01:36:34 [/shop/shopping/load_payment_module.php] SendRequest:https://p01.mul-pay.jp/payment/ExecTran.idPass from 136.226.3.99
2023/01/26 01:36:34 [/shop/shopping/load_payment_module.php] Array
(
    [AccessID] => b9f718ecdd1215c5729ebf48bb0efb4c
    [AccessPass] => b79a78eca9fff30b18f9b39d37c8a301
    [OrderID] => 949352-26013531
    [Method] => 1
    [Token] => c2df5195dc51d314a9c984ec575a10c1aa2dad67fc683a96cd967addf60d1b80
    [ClientField1] => 
    [ClientField2] => 
    [ClientField3] => EC-CUBE4.3.35
)
 from 136.226.3.99
2023/01/26 01:36:36 [/shop/shopping/load_payment_module.php] ACS=0&OrderID=949352-26013531&Forward=2a99661&Method=1&PayTimes=&Approve=0248511&TranID=2301260136602257210134160896&TranDate=20230126013636&CheckString=03fa02e84d91610272dc0f43207c4441 from 136.226.3.99
2023/01/26 01:36:36 [/shop/shopping/load_payment_module.php] Array
(
    [0] => Array
        (
            [ACS] => 0
            [OrderID] => 949352-26013531
            [Forward] => 2a99661
            [Method] => 1
            [PayTimes] => 
            [Approve] => 0248511
            [TranID] => 2301260136602257210134160896
            [TranDate] => 20230126013636
            [CheckString] => 03fa02e84d91610272dc0f43207c4441
        )

)
 from 136.226.3.99
2023/01/26 01:36:36 [/shop/shopping/load_payment_module.php] load_payment_module.php set payment data:Array
(
    [ACS] => 0
    [Forward] => 2a99661
    [Method] => 1
    [PayTimes] => 
    [Approve] => 0248511
    [TranID] => 2301260136602257210134160896
    [TranDate] => 20230126013636
    [CheckString] => 03fa02e84d91610272dc0f43207c4441
    [Amount] => 6960
    [JobCd] => CAPTURE
    [action_status] => 3
    [pay_status] => 13
)
 from 136.226.3.99
2023/01/26 01:36:37 [/shop/user_data/pg_mulpay_recv.php] ******* receiveer data start ******* from 210.175.7.20
2023/01/26 01:36:37 [/shop/user_data/pg_mulpay_recv.php] Array
(
    [ShopID] => 9000034600950
    [ShopPass] => **********
    [AccessID] => b9f718ecdd1215c5729ebf48bb0efb4c
    [AccessPass] => ********************************
    [OrderID] => 949352-26013531
    [Status] => CAPTURE
    [JobCd] => CAPTURE
    [Amount] => 6960
    [Tax] => 0
    [Currency] => JPN
    [Forward] => 2a99661
    [Method] => 1
    [PayTimes] => 
    [TranID] => 2301260136602257210134160896
    [Approve] => 0248511
    [TranDate] => 20230126013636
    [ErrCode] => 
    [ErrInfo] => 
    [PayType] => 0
)
 from 210.175.7.20
2023/01/26 01:36:37 [/shop/user_data/pg_mulpay_recv.php] ******* receiveer data end ******* from 210.175.7.20
2023/01/26 01:36:42 [/shop/user_data/pg_mulpay_recv.php] update order status:1 order_id=949352 from 210.175.7.20
2023/01/26 01:36:42 [/shop/user_data/pg_mulpay_recv.php] pg_mulpay_recv.php set payment data:Array
(
    [ShopID] => 9000034600950
    [AccessID] => b9f718ecdd1215c5729ebf48bb0efb4c
    [OrderID] => 949352-26013531
    [Status] => CAPTURE
    [JobCd] => CAPTURE
    [Amount] => 6960
    [Tax] => 0
    [Currency] => JPN
    [Forward] => 2a99661
    [Method] => 1
    [PayTimes] => 
    [TranID] => 2301260136602257210134160896
    [Approve] => 0248511
    [TranDate] => 20230126013636
    [ErrCode] => 
    [ErrInfo] => 
    [PayType] => 0
    [CvsCode] => 
    [CvsConfNo] => 
    [CvsReceiptNo] => 
    [EdyReceiptNo] => 
    [EdyOrderNo] => 
    [SuicaReceiptNo] => 
    [SuicaOrderNo] => 
    [CustID] => 
    [BkCode] => 
    [ConfNo] => 
    [PaymentTerm] => 
    [EncryptReceiptNo] => 
    [FinishDate] => 
    [ReceiptDate] => 
    [WebMoneyManagementNo] => 
    [WebMoneySettleCode] => 
    [AuPayInfoNo] => 
    [AuPayMethod] => 
    [AuCancelAmount] => 
    [AuCancelTax] => 
    [DocomoSettlementCode] => 
    [DocomoCancelAmount] => 
    [DocomoCancelTax] => 
    [pay_status] => 13
)
 from 210.175.7.20
2023/01/26 01:36:42 [/shop/user_data/pg_mulpay_recv.php] response:true from 210.175.7.20
2023/01/26 02:04:15 [/shop/shopping/load_payment_module.php] SendRequest:https://p01.mul-pay.jp/payment/SearchMember.idPass from 201.52.12.158
2023/01/26 02:04:15 [/shop/shopping/load_payment_module.php] Array
(
    [SiteID] => mst0000007602
    [SitePass] => ******
    [MemberID] => 11198
)
 from 201.52.12.158
2023/01/26 02:04:15 [/shop/shopping/load_payment_module.php] ErrCode=E01&ErrInfo=E01390002 from 201.52.12.158
2023/01/26 02:04:15 [/shop/shopping/load_payment_module.php] Array
(
    [0] => Array
        (
            [ErrCode] => E01
            [ErrInfo] => E01390002
        )

)
 from 201.52.12.158
2023/01/26 02:04:15 [/shop/shopping/load_payment_module.php] SendRequest:https://p01.mul-pay.jp/payment/SearchCard.idPass from 201.52.12.158
2023/01/26 02:04:15 [/shop/shopping/load_payment_module.php] Array
(
    [SiteID] => mst0000007602
    [SitePass] => ******
    [MemberID] => 11198
)
 from 201.52.12.158
2023/01/26 02:04:15 [/shop/shopping/load_payment_module.php] ErrCode=E01|E01&ErrInfo=E01390002|E01240002 from 201.52.12.158
2023/01/26 02:04:15 [/shop/shopping/load_payment_module.php] Array
(
    [0] => Array
        (
            [ErrCode] => E01
            [ErrInfo] => E01390002
        )

    [1] => Array
        (
            [ErrCode] => E01
            [ErrInfo] => E01240002
        )

)
 from 201.52.12.158
2023/01/26 02:06:09 [/shop/shopping/load_payment_module.php] SendRequest:https://p01.mul-pay.jp/payment/SearchMember.idPass from 201.52.12.158
2023/01/26 02:06:09 [/shop/shopping/load_payment_module.php] Array
(
    [SiteID] => mst0000007602
    [SitePass] => ******
    [MemberID] => 11198
)
 from 201.52.12.158
2023/01/26 02:06:09 [/shop/shopping/load_payment_module.php] ErrCode=E01&ErrInfo=E01390002 from 201.52.12.158
2023/01/26 02:06:09 [/shop/shopping/load_payment_module.php] Array
(
    [0] => Array
        (
            [ErrCode] => E01
            [ErrInfo] => E01390002
        )

)
 from 201.52.12.158
2023/01/26 02:06:09 [/shop/shopping/load_payment_module.php] SendRequest:https://p01.mul-pay.jp/payment/SearchCard.idPass from 201.52.12.158
2023/01/26 02:06:09 [/shop/shopping/load_payment_module.php] Array
(
    [SiteID] => mst0000007602
    [SitePass] => ******
    [MemberID] => 11198
)
 from 201.52.12.158
2023/01/26 02:06:09 [/shop/shopping/load_payment_module.php] ErrCode=E01|E01&ErrInfo=E01390002|E01240002 from 201.52.12.158
2023/01/26 02:06:09 [/shop/shopping/load_payment_module.php] Array
(
    [0] => Array
        (
            [ErrCode] => E01
            [ErrInfo] => E01390002
        )

    [1] => Array
        (
            [ErrCode] => E01
            [ErrInfo] => E01240002
        )

)
 from 201.52.12.158
2023/01/26 02:06:09 [/shop/shopping/load_payment_module.php] SendRequest:https://p01.mul-pay.jp/payment/EntryTran.idPass from 201.52.12.158
2023/01/26 02:06:09 [/shop/shopping/load_payment_module.php] Array
(
    [ShopID] => 9000034600950
    [ShopPass] => ******
    [OrderID] => 949353-26020609
    [JobCd] => CAPTURE
    [Amount] => 5280
    [TdFlag] => 0
    [TdTenantName] => 
)
 from 201.52.12.158
2023/01/26 02:06:09 [/shop/shopping/load_payment_module.php] AccessID=8b64cc4e5ead37257a4e65c18fcd9dd1&AccessPass=033be24890903b29b03a3970abc2fb2b from 201.52.12.158
2023/01/26 02:06:09 [/shop/shopping/load_payment_module.php] Array
(
    [0] => Array
        (
            [AccessID] => 8b64cc4e5ead37257a4e65c18fcd9dd1
            [AccessPass] => 033be24890903b29b03a3970abc2fb2b
        )

)
 from 201.52.12.158
2023/01/26 02:06:09 [/shop/shopping/load_payment_module.php] load_payment_module.php set payment data:Array
(
    [AccessID] => 8b64cc4e5ead37257a4e65c18fcd9dd1
    [AccessPass] => 033be24890903b29b03a3970abc2fb2b
    [OrderID] => 949353-26020609
    [Amount] => 5280
    [JobCd] => CAPTURE
    [action_status] => 1
    [pay_status] => 0
)
 from 201.52.12.158
2023/01/26 02:06:09 [/shop/shopping/load_payment_module.php] SendRequest:https://p01.mul-pay.jp/payment/ExecTran.idPass from 201.52.12.158
2023/01/26 02:06:09 [/shop/shopping/load_payment_module.php] Array
(
    [AccessID] => 8b64cc4e5ead37257a4e65c18fcd9dd1
    [AccessPass] => 033be24890903b29b03a3970abc2fb2b
    [OrderID] => 949353-26020609
    [Method] => 1
    [Token] => 7d78dc586636677ab0d05e3712680a8d299dcccb6592f0a28f4be44e9ce871f6
    [ClientField1] => 
    [ClientField2] => 
    [ClientField3] => EC-CUBE4.3.35
)
 from 201.52.12.158
2023/01/26 02:06:10 [/shop/shopping/load_payment_module.php] ACS=0&OrderID=949353-26020609&Forward=2S49631&Method=1&PayTimes=&Approve=0709525&TranID=2301260206602257210134160897&TranDate=20230126020610&CheckString=2f4957197c18dda499c656602d824bfc from 201.52.12.158
2023/01/26 02:06:10 [/shop/shopping/load_payment_module.php] Array
(
    [0] => Array
        (
            [ACS] => 0
            [OrderID] => 949353-26020609
            [Forward] => 2S49631
            [Method] => 1
            [PayTimes] => 
            [Approve] => 0709525
            [TranID] => 2301260206602257210134160897
            [TranDate] => 20230126020610
            [CheckString] => 2f4957197c18dda499c656602d824bfc
        )

)
 from 201.52.12.158
2023/01/26 02:06:10 [/shop/shopping/load_payment_module.php] load_payment_module.php set payment data:Array
(
    [ACS] => 0
    [Forward] => 2S49631
    [Method] => 1
    [PayTimes] => 
    [Approve] => 0709525
    [TranID] => 2301260206602257210134160897
    [TranDate] => 20230126020610
    [CheckString] => 2f4957197c18dda499c656602d824bfc
    [Amount] => 5280
    [JobCd] => CAPTURE
    [action_status] => 3
    [pay_status] => 13
)
 from 201.52.12.158
2023/01/26 02:06:10 [/shop/user_data/pg_mulpay_recv.php] ******* receiveer data start ******* from 210.175.7.20
2023/01/26 02:06:10 [/shop/user_data/pg_mulpay_recv.php] Array
(
    [ShopID] => 9000034600950
    [ShopPass] => **********
    [AccessID] => 8b64cc4e5ead37257a4e65c18fcd9dd1
    [AccessPass] => ********************************
    [OrderID] => 949353-26020609
    [Status] => CAPTURE
    [JobCd] => CAPTURE
    [Amount] => 5280
    [Tax] => 0
    [Currency] => JPN
    [Forward] => 2S49631
    [Method] => 1
    [PayTimes] => 
    [TranID] => 2301260206602257210134160897
    [Approve] => 0709525
    [TranDate] => 20230126020610
    [ErrCode] => 
    [ErrInfo] => 
    [PayType] => 0
)
 from 210.175.7.20
2023/01/26 02:06:10 [/shop/user_data/pg_mulpay_recv.php] ******* receiveer data end ******* from 210.175.7.20
2023/01/26 02:06:15 [/shop/user_data/pg_mulpay_recv.php] update order status:1 order_id=949353 from 210.175.7.20
2023/01/26 02:06:15 [/shop/user_data/pg_mulpay_recv.php] pg_mulpay_recv.php set payment data:Array
(
    [ShopID] => 9000034600950
    [AccessID] => 8b64cc4e5ead37257a4e65c18fcd9dd1
    [OrderID] => 949353-26020609
    [Status] => CAPTURE
    [JobCd] => CAPTURE
    [Amount] => 5280
    [Tax] => 0
    [Currency] => JPN
    [Forward] => 2S49631
    [Method] => 1
    [PayTimes] => 
    [TranID] => 2301260206602257210134160897
    [Approve] => 0709525
    [TranDate] => 20230126020610
    [ErrCode] => 
    [ErrInfo] => 
    [PayType] => 0
    [CvsCode] => 
    [CvsConfNo] => 
    [CvsReceiptNo] => 
    [EdyReceiptNo] => 
    [EdyOrderNo] => 
    [SuicaReceiptNo] => 
    [SuicaOrderNo] => 
    [CustID] => 
    [BkCode] => 
    [ConfNo] => 
    [PaymentTerm] => 
    [EncryptReceiptNo] => 
    [FinishDate] => 
    [ReceiptDate] => 
    [WebMoneyManagementNo] => 
    [WebMoneySettleCode] => 
    [AuPayInfoNo] => 
    [AuPayMethod] => 
    [AuCancelAmount] => 
    [AuCancelTax] => 
    [DocomoSettlementCode] => 
    [DocomoCancelAmount] => 
    [DocomoCancelTax] => 
    [pay_status] => 13
)
 from 210.175.7.20
2023/01/26 02:06:15 [/shop/user_data/pg_mulpay_recv.php] response:true from 210.175.7.20
2023/01/26 03:32:19 [/shop/shopping/load_payment_module.php] SendRequest:https://p01.mul-pay.jp/payment/EntryTran.idPass from 223.216.235.110
2023/01/26 03:32:19 [/shop/shopping/load_payment_module.php] Array
(
    [ShopID] => 9000034600950
    [ShopPass] => ******
    [OrderID] => 949354-26033219
    [JobCd] => CAPTURE
    [Amount] => 3110
    [TdFlag] => 0
    [TdTenantName] => 
)
 from 223.216.235.110
2023/01/26 03:32:19 [/shop/shopping/load_payment_module.php] AccessID=66e1198980955e4d02de01b8c5120c9b&AccessPass=a1e751464194cb3856c36adc2b9754da from 223.216.235.110
2023/01/26 03:32:19 [/shop/shopping/load_payment_module.php] Array
(
    [0] => Array
        (
            [AccessID] => 66e1198980955e4d02de01b8c5120c9b
            [AccessPass] => a1e751464194cb3856c36adc2b9754da
        )

)
 from 223.216.235.110
2023/01/26 03:32:19 [/shop/shopping/load_payment_module.php] load_payment_module.php set payment data:Array
(
    [AccessID] => 66e1198980955e4d02de01b8c5120c9b
    [AccessPass] => a1e751464194cb3856c36adc2b9754da
    [OrderID] => 949354-26033219
    [Amount] => 3110
    [JobCd] => CAPTURE
    [action_status] => 1
    [pay_status] => 0
)
 from 223.216.235.110
2023/01/26 03:32:19 [/shop/shopping/load_payment_module.php] SendRequest:https://p01.mul-pay.jp/payment/ExecTran.idPass from 223.216.235.110
2023/01/26 03:32:19 [/shop/shopping/load_payment_module.php] Array
(
    [AccessID] => 66e1198980955e4d02de01b8c5120c9b
    [AccessPass] => a1e751464194cb3856c36adc2b9754da
    [OrderID] => 949354-26033219
    [Method] => 1
    [Token] => 4cafa15620e989ff86b39cec02d9c4eccd49db7fe3b1d7ad287f254d4d7ee95e
    [ClientField1] => 
    [ClientField2] => 
    [ClientField3] => EC-CUBE4.3.35
)
 from 223.216.235.110
2023/01/26 03:32:19 [/shop/shopping/load_payment_module.php] ACS=0&OrderID=949354-26033219&Forward=2959876&Method=1&PayTimes=&Approve=9154693&TranID=2301260332602257210134150874&TranDate=20230126033219&CheckString=bac9472f45749d0a5fecf8e3253cc164 from 223.216.235.110
2023/01/26 03:32:19 [/shop/shopping/load_payment_module.php] Array
(
    [0] => Array
        (
            [ACS] => 0
            [OrderID] => 949354-26033219
            [Forward] => 2959876
            [Method] => 1
            [PayTimes] => 
            [Approve] => 9154693
            [TranID] => 2301260332602257210134150874
            [TranDate] => 20230126033219
            [CheckString] => bac9472f45749d0a5fecf8e3253cc164
        )

)
 from 223.216.235.110
2023/01/26 03:32:19 [/shop/shopping/load_payment_module.php] load_payment_module.php set payment data:Array
(
    [ACS] => 0
    [Forward] => 2959876
    [Method] => 1
    [PayTimes] => 
    [Approve] => 9154693
    [TranID] => 2301260332602257210134150874
    [TranDate] => 20230126033219
    [CheckString] => bac9472f45749d0a5fecf8e3253cc164
    [Amount] => 3110
    [JobCd] => CAPTURE
    [action_status] => 3
    [pay_status] => 13
)
 from 223.216.235.110
2023/01/26 03:32:19 [/shop/user_data/pg_mulpay_recv.php] ******* receiveer data start ******* from 210.175.7.20
2023/01/26 03:32:19 [/shop/user_data/pg_mulpay_recv.php] Array
(
    [ShopID] => 9000034600950
    [ShopPass] => **********
    [AccessID] => 66e1198980955e4d02de01b8c5120c9b
    [AccessPass] => ********************************
    [OrderID] => 949354-26033219
    [Status] => CAPTURE
    [JobCd] => CAPTURE
    [Amount] => 3110
    [Tax] => 0
    [Currency] => JPN
    [Forward] => 2959876
    [Method] => 1
    [PayTimes] => 
    [TranID] => 2301260332602257210134150874
    [Approve] => 9154693
    [TranDate] => 20230126033219
    [ErrCode] => 
    [ErrInfo] => 
    [PayType] => 0
)
 from 210.175.7.20
2023/01/26 03:32:19 [/shop/user_data/pg_mulpay_recv.php] ******* receiveer data end ******* from 210.175.7.20
2023/01/26 03:32:24 [/shop/user_data/pg_mulpay_recv.php] update order status:1 order_id=949354 from 210.175.7.20
2023/01/26 03:32:24 [/shop/user_data/pg_mulpay_recv.php] pg_mulpay_recv.php set payment data:Array
(
    [ShopID] => 9000034600950
    [AccessID] => 66e1198980955e4d02de01b8c5120c9b
    [OrderID] => 949354-26033219
    [Status] => CAPTURE
    [JobCd] => CAPTURE
    [Amount] => 3110
    [Tax] => 0
    [Currency] => JPN
    [Forward] => 2959876
    [Method] => 1
    [PayTimes] => 
    [TranID] => 2301260332602257210134150874
    [Approve] => 9154693
    [TranDate] => 20230126033219
    [ErrCode] => 
    [ErrInfo] => 
    [PayType] => 0
    [CvsCode] => 
    [CvsConfNo] => 
    [CvsReceiptNo] => 
    [EdyReceiptNo] => 
    [EdyOrderNo] => 
    [SuicaReceiptNo] => 
    [SuicaOrderNo] => 
    [CustID] => 
    [BkCode] => 
    [ConfNo] => 
    [PaymentTerm] => 
    [EncryptReceiptNo] => 
    [FinishDate] => 
    [ReceiptDate] => 
    [WebMoneyManagementNo] => 
    [WebMoneySettleCode] => 
    [AuPayInfoNo] => 
    [AuPayMethod] => 
    [AuCancelAmount] => 
    [AuCancelTax] => 
    [DocomoSettlementCode] => 
    [DocomoCancelAmount] => 
    [DocomoCancelTax] => 
    [pay_status] => 13
)
 from 210.175.7.20
2023/01/26 03:32:24 [/shop/user_data/pg_mulpay_recv.php] response:true from 210.175.7.20
2023/01/26 04:44:05 [/shop/shopping/load_payment_module.php] SendRequest:https://p01.mul-pay.jp/payment/EntryTran.idPass from 49.190.251.208
2023/01/26 04:44:05 [/shop/shopping/load_payment_module.php] Array
(
    [ShopID] => 9000034600950
    [ShopPass] => ******
    [OrderID] => 949355-26044405
    [JobCd] => CAPTURE
    [Amount] => 6170
    [TdFlag] => 0
    [TdTenantName] => 
)
 from 49.190.251.208
2023/01/26 04:44:05 [/shop/shopping/load_payment_module.php] AccessID=c72cbe304ffb7bd9e22440d02b1fe289&AccessPass=912894a459ce7ebff8c1d925c02ff5a9 from 49.190.251.208
2023/01/26 04:44:05 [/shop/shopping/load_payment_module.php] Array
(
    [0] => Array
        (
            [AccessID] => c72cbe304ffb7bd9e22440d02b1fe289
            [AccessPass] => 912894a459ce7ebff8c1d925c02ff5a9
        )

)
 from 49.190.251.208
2023/01/26 04:44:05 [/shop/shopping/load_payment_module.php] load_payment_module.php set payment data:Array
(
    [AccessID] => c72cbe304ffb7bd9e22440d02b1fe289
    [AccessPass] => 912894a459ce7ebff8c1d925c02ff5a9
    [OrderID] => 949355-26044405
    [Amount] => 6170
    [JobCd] => CAPTURE
    [action_status] => 1
    [pay_status] => 0
)
 from 49.190.251.208
2023/01/26 04:44:05 [/shop/shopping/load_payment_module.php] SendRequest:https://p01.mul-pay.jp/payment/ExecTran.idPass from 49.190.251.208
2023/01/26 04:44:05 [/shop/shopping/load_payment_module.php] Array
(
    [AccessID] => c72cbe304ffb7bd9e22440d02b1fe289
    [AccessPass] => 912894a459ce7ebff8c1d925c02ff5a9
    [OrderID] => 949355-26044405
    [Method] => 1
    [Token] => e70bfa9348350be3a99306188068b9e1fa9d35b1f56ed876943ce716ae3b1a20
    [ClientField1] => 
    [ClientField2] => 
    [ClientField3] => EC-CUBE4.3.35
)
 from 49.190.251.208
2023/01/26 04:44:06 [/shop/shopping/load_payment_module.php] ACS=0&OrderID=949355-26044405&Forward=2S49631&Method=1&PayTimes=&Approve=0514956&TranID=2301260444602257210134150875&TranDate=20230126044406&CheckString=ea25be856378df5f0a6e40aa32065683 from 49.190.251.208
2023/01/26 04:44:06 [/shop/shopping/load_payment_module.php] Array
(
    [0] => Array
        (
            [ACS] => 0
            [OrderID] => 949355-26044405
            [Forward] => 2S49631
            [Method] => 1
            [PayTimes] => 
            [Approve] => 0514956
            [TranID] => 2301260444602257210134150875
            [TranDate] => 20230126044406
            [CheckString] => ea25be856378df5f0a6e40aa32065683
        )

)
 from 49.190.251.208
2023/01/26 04:44:06 [/shop/shopping/load_payment_module.php] load_payment_module.php set payment data:Array
(
    [ACS] => 0
    [Forward] => 2S49631
    [Method] => 1
    [PayTimes] => 
    [Approve] => 0514956
    [TranID] => 2301260444602257210134150875
    [TranDate] => 20230126044406
    [CheckString] => ea25be856378df5f0a6e40aa32065683
    [Amount] => 6170
    [JobCd] => CAPTURE
    [action_status] => 3
    [pay_status] => 13
)
 from 49.190.251.208
2023/01/26 04:44:06 [/shop/user_data/pg_mulpay_recv.php] ******* receiveer data start ******* from 210.175.7.20
2023/01/26 04:44:06 [/shop/user_data/pg_mulpay_recv.php] Array
(
    [ShopID] => 9000034600950
    [ShopPass] => **********
    [AccessID] => c72cbe304ffb7bd9e22440d02b1fe289
    [AccessPass] => ********************************
    [OrderID] => 949355-26044405
    [Status] => CAPTURE
    [JobCd] => CAPTURE
    [Amount] => 6170
    [Tax] => 0
    [Currency] => JPN
    [Forward] => 2S49631
    [Method] => 1
    [PayTimes] => 
    [TranID] => 2301260444602257210134150875
    [Approve] => 0514956
    [TranDate] => 20230126044406
    [ErrCode] => 
    [ErrInfo] => 
    [PayType] => 0
)
 from 210.175.7.20
2023/01/26 04:44:06 [/shop/user_data/pg_mulpay_recv.php] ******* receiveer data end ******* from 210.175.7.20
2023/01/26 04:44:11 [/shop/user_data/pg_mulpay_recv.php] update order status:1 order_id=949355 from 210.175.7.20
2023/01/26 04:44:11 [/shop/user_data/pg_mulpay_recv.php] pg_mulpay_recv.php set payment data:Array
(
    [ShopID] => 9000034600950
    [AccessID] => c72cbe304ffb7bd9e22440d02b1fe289
    [OrderID] => 949355-26044405
    [Status] => CAPTURE
    [JobCd] => CAPTURE
    [Amount] => 6170
    [Tax] => 0
    [Currency] => JPN
    [Forward] => 2S49631
    [Method] => 1
    [PayTimes] => 
    [TranID] => 2301260444602257210134150875
    [Approve] => 0514956
    [TranDate] => 20230126044406
    [ErrCode] => 
    [ErrInfo] => 
    [PayType] => 0
    [CvsCode] => 
    [CvsConfNo] => 
    [CvsReceiptNo] => 
    [EdyReceiptNo] => 
    [EdyOrderNo] => 
    [SuicaReceiptNo] => 
    [SuicaOrderNo] => 
    [CustID] => 
    [BkCode] => 
    [ConfNo] => 
    [PaymentTerm] => 
    [EncryptReceiptNo] => 
    [FinishDate] => 
    [ReceiptDate] => 
    [WebMoneyManagementNo] => 
    [WebMoneySettleCode] => 
    [AuPayInfoNo] => 
    [AuPayMethod] => 
    [AuCancelAmount] => 
    [AuCancelTax] => 
    [DocomoSettlementCode] => 
    [DocomoCancelAmount] => 
    [DocomoCancelTax] => 
    [pay_status] => 13
)
 from 210.175.7.20
2023/01/26 04:44:12 [/shop/user_data/pg_mulpay_recv.php] response:true from 210.175.7.20
2023/01/26 12:49:27 [/shop/shopping/load_payment_module.php] SendRequest:https://p01.mul-pay.jp/payment/SearchMember.idPass from 114.32.93.221
2023/01/26 12:49:27 [/shop/shopping/load_payment_module.php] Array
(
    [SiteID] => mst0000007602
    [SitePass] => ******
    [MemberID] => 5557
)
 from 114.32.93.221
2023/01/26 12:49:27 [/shop/shopping/load_payment_module.php] ErrCode=E01&ErrInfo=E01390002 from 114.32.93.221
2023/01/26 12:49:27 [/shop/shopping/load_payment_module.php] Array
(
    [0] => Array
        (
            [ErrCode] => E01
            [ErrInfo] => E01390002
        )

)
 from 114.32.93.221
2023/01/26 12:49:27 [/shop/shopping/load_payment_module.php] SendRequest:https://p01.mul-pay.jp/payment/SearchCard.idPass from 114.32.93.221
2023/01/26 12:49:27 [/shop/shopping/load_payment_module.php] Array
(
    [SiteID] => mst0000007602
    [SitePass] => ******
    [MemberID] => 5557
)
 from 114.32.93.221
2023/01/26 12:49:27 [/shop/shopping/load_payment_module.php] ErrCode=E01|E01&ErrInfo=E01390002|E01240002 from 114.32.93.221
2023/01/26 12:49:27 [/shop/shopping/load_payment_module.php] Array
(
    [0] => Array
        (
            [ErrCode] => E01
            [ErrInfo] => E01390002
        )

    [1] => Array
        (
            [ErrCode] => E01
            [ErrInfo] => E01240002
        )

)
 from 114.32.93.221
2023/01/26 12:52:39 [/shop/shopping/load_payment_module.php] SendRequest:https://p01.mul-pay.jp/payment/SearchMember.idPass from 114.32.93.221
2023/01/26 12:52:39 [/shop/shopping/load_payment_module.php] Array
(
    [SiteID] => mst0000007602
    [SitePass] => ******
    [MemberID] => 5557
)
 from 114.32.93.221
2023/01/26 12:52:39 [/shop/shopping/load_payment_module.php] ErrCode=E01&ErrInfo=E01390002 from 114.32.93.221
2023/01/26 12:52:39 [/shop/shopping/load_payment_module.php] Array
(
    [0] => Array
        (
            [ErrCode] => E01
            [ErrInfo] => E01390002
        )

)
 from 114.32.93.221
2023/01/26 12:52:39 [/shop/shopping/load_payment_module.php] SendRequest:https://p01.mul-pay.jp/payment/SearchCard.idPass from 114.32.93.221
2023/01/26 12:52:39 [/shop/shopping/load_payment_module.php] Array
(
    [SiteID] => mst0000007602
    [SitePass] => ******
    [MemberID] => 5557
)
 from 114.32.93.221
2023/01/26 12:52:40 [/shop/shopping/load_payment_module.php] ErrCode=E01|E01&ErrInfo=E01390002|E01240002 from 114.32.93.221
2023/01/26 12:52:40 [/shop/shopping/load_payment_module.php] Array
(
    [0] => Array
        (
            [ErrCode] => E01
            [ErrInfo] => E01390002
        )

    [1] => Array
        (
            [ErrCode] => E01
            [ErrInfo] => E01240002
        )

)
 from 114.32.93.221
2023/01/26 12:52:40 [/shop/shopping/load_payment_module.php] SendRequest:https://p01.mul-pay.jp/payment/EntryTran.idPass from 114.32.93.221
2023/01/26 12:52:40 [/shop/shopping/load_payment_module.php] Array
(
    [ShopID] => 9000034600950
    [ShopPass] => ******
    [OrderID] => 949356-26125240
    [JobCd] => CAPTURE
    [Amount] => 17356
    [TdFlag] => 0
    [TdTenantName] => 
)
 from 114.32.93.221
2023/01/26 12:52:40 [/shop/shopping/load_payment_module.php] AccessID=dc8326c7347b413e828f149ef6265dce&AccessPass=1cf1aeebedeec064cc9abee539fc097d from 114.32.93.221
2023/01/26 12:52:40 [/shop/shopping/load_payment_module.php] Array
(
    [0] => Array
        (
            [AccessID] => dc8326c7347b413e828f149ef6265dce
            [AccessPass] => 1cf1aeebedeec064cc9abee539fc097d
        )

)
 from 114.32.93.221
2023/01/26 12:52:40 [/shop/shopping/load_payment_module.php] load_payment_module.php set payment data:Array
(
    [AccessID] => dc8326c7347b413e828f149ef6265dce
    [AccessPass] => 1cf1aeebedeec064cc9abee539fc097d
    [OrderID] => 949356-26125240
    [Amount] => 17356
    [JobCd] => CAPTURE
    [action_status] => 1
    [pay_status] => 0
)
 from 114.32.93.221
2023/01/26 12:52:40 [/shop/shopping/load_payment_module.php] SendRequest:https://p01.mul-pay.jp/payment/ExecTran.idPass from 114.32.93.221
2023/01/26 12:52:40 [/shop/shopping/load_payment_module.php] Array
(
    [AccessID] => dc8326c7347b413e828f149ef6265dce
    [AccessPass] => 1cf1aeebedeec064cc9abee539fc097d
    [OrderID] => 949356-26125240
    [Method] => 1
    [Token] => 6c90721fa49d860316cb44ffaf06e0221502cafe7bb70f1ec1feca1c02b19e16
    [ClientField1] => 
    [ClientField2] => 
    [ClientField3] => EC-CUBE4.3.35
)
 from 114.32.93.221
2023/01/26 12:52:40 [/shop/shopping/load_payment_module.php] ACS=0&OrderID=949356-26125240&Forward=2S49631&Method=1&PayTimes=&Approve=0010270&TranID=2301261252602257210134170840&TranDate=20230126125240&CheckString=620415c21edc1887949839131adc9b23 from 114.32.93.221
2023/01/26 12:52:40 [/shop/shopping/load_payment_module.php] Array
(
    [0] => Array
        (
            [ACS] => 0
            [OrderID] => 949356-26125240
            [Forward] => 2S49631
            [Method] => 1
            [PayTimes] => 
            [Approve] => 0010270
            [TranID] => 2301261252602257210134170840
            [TranDate] => 20230126125240
            [CheckString] => 620415c21edc1887949839131adc9b23
        )

)
 from 114.32.93.221
2023/01/26 12:52:40 [/shop/shopping/load_payment_module.php] load_payment_module.php set payment data:Array
(
    [ACS] => 0
    [Forward] => 2S49631
    [Method] => 1
    [PayTimes] => 
    [Approve] => 0010270
    [TranID] => 2301261252602257210134170840
    [TranDate] => 20230126125240
    [CheckString] => 620415c21edc1887949839131adc9b23
    [Amount] => 17356
    [JobCd] => CAPTURE
    [action_status] => 3
    [pay_status] => 13
)
 from 114.32.93.221
2023/01/26 12:52:41 [/shop/user_data/pg_mulpay_recv.php] ******* receiveer data start ******* from 210.175.7.20
2023/01/26 12:52:41 [/shop/user_data/pg_mulpay_recv.php] Array
(
    [ShopID] => 9000034600950
    [ShopPass] => **********
    [AccessID] => dc8326c7347b413e828f149ef6265dce
    [AccessPass] => ********************************
    [OrderID] => 949356-26125240
    [Status] => CAPTURE
    [JobCd] => CAPTURE
    [Amount] => 17356
    [Tax] => 0
    [Currency] => JPN
    [Forward] => 2S49631
    [Method] => 1
    [PayTimes] => 
    [TranID] => 2301261252602257210134170840
    [Approve] => 0010270
    [TranDate] => 20230126125240
    [ErrCode] => 
    [ErrInfo] => 
    [PayType] => 0
)
 from 210.175.7.20
2023/01/26 12:52:41 [/shop/user_data/pg_mulpay_recv.php] ******* receiveer data end ******* from 210.175.7.20
2023/01/26 12:52:46 [/shop/user_data/pg_mulpay_recv.php] update order status:1 order_id=949356 from 210.175.7.20
2023/01/26 12:52:46 [/shop/user_data/pg_mulpay_recv.php] pg_mulpay_recv.php set payment data:Array
(
    [ShopID] => 9000034600950
    [AccessID] => dc8326c7347b413e828f149ef6265dce
    [OrderID] => 949356-26125240
    [Status] => CAPTURE
    [JobCd] => CAPTURE
    [Amount] => 17356
    [Tax] => 0
    [Currency] => JPN
    [Forward] => 2S49631
    [Method] => 1
    [PayTimes] => 
    [TranID] => 2301261252602257210134170840
    [Approve] => 0010270
    [TranDate] => 20230126125240
    [ErrCode] => 
    [ErrInfo] => 
    [PayType] => 0
    [CvsCode] => 
    [CvsConfNo] => 
    [CvsReceiptNo] => 
    [EdyReceiptNo] => 
    [EdyOrderNo] => 
    [SuicaReceiptNo] => 
    [SuicaOrderNo] => 
    [CustID] => 
    [BkCode] => 
    [ConfNo] => 
    [PaymentTerm] => 
    [EncryptReceiptNo] => 
    [FinishDate] => 
    [ReceiptDate] => 
    [WebMoneyManagementNo] => 
    [WebMoneySettleCode] => 
    [AuPayInfoNo] => 
    [AuPayMethod] => 
    [AuCancelAmount] => 
    [AuCancelTax] => 
    [DocomoSettlementCode] => 
    [DocomoCancelAmount] => 
    [DocomoCancelTax] => 
    [pay_status] => 13
)
 from 210.175.7.20
2023/01/26 12:52:46 [/shop/user_data/pg_mulpay_recv.php] response:true from 210.175.7.20
2023/01/26 16:12:37 [/shop/shopping/load_payment_module.php] SendRequest:https://p01.mul-pay.jp/payment/SearchMember.idPass from 107.215.23.180
2023/01/26 16:12:37 [/shop/shopping/load_payment_module.php] Array
(
    [SiteID] => mst0000007602
    [SitePass] => ******
    [MemberID] => 11200
)
 from 107.215.23.180
2023/01/26 16:12:37 [/shop/shopping/load_payment_module.php] ErrCode=E01&ErrInfo=E01390002 from 107.215.23.180
2023/01/26 16:12:37 [/shop/shopping/load_payment_module.php] Array
(
    [0] => Array
        (
            [ErrCode] => E01
            [ErrInfo] => E01390002
        )

)
 from 107.215.23.180
2023/01/26 16:12:37 [/shop/shopping/load_payment_module.php] SendRequest:https://p01.mul-pay.jp/payment/SearchCard.idPass from 107.215.23.180
2023/01/26 16:12:37 [/shop/shopping/load_payment_module.php] Array
(
    [SiteID] => mst0000007602
    [SitePass] => ******
    [MemberID] => 11200
)
 from 107.215.23.180
2023/01/26 16:12:37 [/shop/shopping/load_payment_module.php] ErrCode=E01|E01&ErrInfo=E01390002|E01240002 from 107.215.23.180
2023/01/26 16:12:37 [/shop/shopping/load_payment_module.php] Array
(
    [0] => Array
        (
            [ErrCode] => E01
            [ErrInfo] => E01390002
        )

    [1] => Array
        (
            [ErrCode] => E01
            [ErrInfo] => E01240002
        )

)
 from 107.215.23.180
2023/01/26 16:12:48 [/shop/shopping/load_payment_module.php] SendRequest:https://p01.mul-pay.jp/payment/SearchMember.idPass from 107.215.23.180
2023/01/26 16:12:48 [/shop/shopping/load_payment_module.php] Array
(
    [SiteID] => mst0000007602
    [SitePass] => ******
    [MemberID] => 11200
)
 from 107.215.23.180
2023/01/26 16:12:48 [/shop/shopping/load_payment_module.php] ErrCode=E01&ErrInfo=E01390002 from 107.215.23.180
2023/01/26 16:12:49 [/shop/shopping/load_payment_module.php] Array
(
    [0] => Array
        (
            [ErrCode] => E01
            [ErrInfo] => E01390002
        )

)
 from 107.215.23.180
2023/01/26 16:12:49 [/shop/shopping/load_payment_module.php] SendRequest:https://p01.mul-pay.jp/payment/SearchCard.idPass from 107.215.23.180
2023/01/26 16:12:49 [/shop/shopping/load_payment_module.php] Array
(
    [SiteID] => mst0000007602
    [SitePass] => ******
    [MemberID] => 11200
)
 from 107.215.23.180
2023/01/26 16:12:49 [/shop/shopping/load_payment_module.php] ErrCode=E01|E01&ErrInfo=E01390002|E01240002 from 107.215.23.180
2023/01/26 16:12:49 [/shop/shopping/load_payment_module.php] Array
(
    [0] => Array
        (
            [ErrCode] => E01
            [ErrInfo] => E01390002
        )

    [1] => Array
        (
            [ErrCode] => E01
            [ErrInfo] => E01240002
        )

)
 from 107.215.23.180
2023/01/26 16:12:49 [/shop/shopping/load_payment_module.php] SendRequest:https://p01.mul-pay.jp/payment/EntryTran.idPass from 107.215.23.180
2023/01/26 16:12:49 [/shop/shopping/load_payment_module.php] Array
(
    [ShopID] => 9000034600950
    [ShopPass] => ******
    [OrderID] => 949357-26161249
    [JobCd] => CAPTURE
    [Amount] => 10500
    [TdFlag] => 0
    [TdTenantName] => 
)
 from 107.215.23.180
2023/01/26 16:12:49 [/shop/shopping/load_payment_module.php] AccessID=00a707da230142caff3a187a8663a588&AccessPass=8ab81c6a20a94c0328a2f65bd4ff094e from 107.215.23.180
2023/01/26 16:12:49 [/shop/shopping/load_payment_module.php] Array
(
    [0] => Array
        (
            [AccessID] => 00a707da230142caff3a187a8663a588
            [AccessPass] => 8ab81c6a20a94c0328a2f65bd4ff094e
        )

)
 from 107.215.23.180
2023/01/26 16:12:49 [/shop/shopping/load_payment_module.php] load_payment_module.php set payment data:Array
(
    [AccessID] => 00a707da230142caff3a187a8663a588
    [AccessPass] => 8ab81c6a20a94c0328a2f65bd4ff094e
    [OrderID] => 949357-26161249
    [Amount] => 10500
    [JobCd] => CAPTURE
    [action_status] => 1
    [pay_status] => 0
)
 from 107.215.23.180
2023/01/26 16:12:49 [/shop/shopping/load_payment_module.php] SendRequest:https://p01.mul-pay.jp/payment/ExecTran.idPass from 107.215.23.180
2023/01/26 16:12:49 [/shop/shopping/load_payment_module.php] Array
(
    [AccessID] => 00a707da230142caff3a187a8663a588
    [AccessPass] => 8ab81c6a20a94c0328a2f65bd4ff094e
    [OrderID] => 949357-26161249
    [Method] => 1
    [Token] => eddd6d02385cbf6a150689a3e5f7c6c689d9bf6606e2a8d8993aa011c6495df1
    [ClientField1] => 
    [ClientField2] => 
    [ClientField3] => EC-CUBE4.3.35
)
 from 107.215.23.180
2023/01/26 16:12:49 [/shop/shopping/load_payment_module.php] ACS=0&OrderID=949357-26161249&Forward=2S49631&Method=1&PayTimes=&Approve=0074844&TranID=2301261612602257210134150877&TranDate=20230126161249&CheckString=b5a54a14cdcfb146aa62b5a9e7b76403 from 107.215.23.180
2023/01/26 16:12:49 [/shop/shopping/load_payment_module.php] Array
(
    [0] => Array
        (
            [ACS] => 0
            [OrderID] => 949357-26161249
            [Forward] => 2S49631
            [Method] => 1
            [PayTimes] => 
            [Approve] => 0074844
            [TranID] => 2301261612602257210134150877
            [TranDate] => 20230126161249
            [CheckString] => b5a54a14cdcfb146aa62b5a9e7b76403
        )

)
 from 107.215.23.180
2023/01/26 16:12:49 [/shop/shopping/load_payment_module.php] load_payment_module.php set payment data:Array
(
    [ACS] => 0
    [Forward] => 2S49631
    [Method] => 1
    [PayTimes] => 
    [Approve] => 0074844
    [TranID] => 2301261612602257210134150877
    [TranDate] => 20230126161249
    [CheckString] => b5a54a14cdcfb146aa62b5a9e7b76403
    [Amount] => 10500
    [JobCd] => CAPTURE
    [action_status] => 3
    [pay_status] => 13
)
 from 107.215.23.180
2023/01/26 16:12:49 [/shop/user_data/pg_mulpay_recv.php] ******* receiveer data start ******* from 210.175.7.20
2023/01/26 16:12:49 [/shop/user_data/pg_mulpay_recv.php] Array
(
    [ShopID] => 9000034600950
    [ShopPass] => **********
    [AccessID] => 00a707da230142caff3a187a8663a588
    [AccessPass] => ********************************
    [OrderID] => 949357-26161249
    [Status] => CAPTURE
    [JobCd] => CAPTURE
    [Amount] => 10500
    [Tax] => 0
    [Currency] => JPN
    [Forward] => 2S49631
    [Method] => 1
    [PayTimes] => 
    [TranID] => 2301261612602257210134150877
    [Approve] => 0074844
    [TranDate] => 20230126161249
    [ErrCode] => 
    [ErrInfo] => 
    [PayType] => 0
)
 from 210.175.7.20
2023/01/26 16:12:49 [/shop/user_data/pg_mulpay_recv.php] ******* receiveer data end ******* from 210.175.7.20
2023/01/26 16:12:54 [/shop/user_data/pg_mulpay_recv.php] update order status:1 order_id=949357 from 210.175.7.20
2023/01/26 16:12:54 [/shop/user_data/pg_mulpay_recv.php] pg_mulpay_recv.php set payment data:Array
(
    [ShopID] => 9000034600950
    [AccessID] => 00a707da230142caff3a187a8663a588
    [OrderID] => 949357-26161249
    [Status] => CAPTURE
    [JobCd] => CAPTURE
    [Amount] => 10500
    [Tax] => 0
    [Currency] => JPN
    [Forward] => 2S49631
    [Method] => 1
    [PayTimes] => 
    [TranID] => 2301261612602257210134150877
    [Approve] => 0074844
    [TranDate] => 20230126161249
    [ErrCode] => 
    [ErrInfo] => 
    [PayType] => 0
    [CvsCode] => 
    [CvsConfNo] => 
    [CvsReceiptNo] => 
    [EdyReceiptNo] => 
    [EdyOrderNo] => 
    [SuicaReceiptNo] => 
    [SuicaOrderNo] => 
    [CustID] => 
    [BkCode] => 
    [ConfNo] => 
    [PaymentTerm] => 
    [EncryptReceiptNo] => 
    [FinishDate] => 
    [ReceiptDate] => 
    [WebMoneyManagementNo] => 
    [WebMoneySettleCode] => 
    [AuPayInfoNo] => 
    [AuPayMethod] => 
    [AuCancelAmount] => 
    [AuCancelTax] => 
    [DocomoSettlementCode] => 
    [DocomoCancelAmount] => 
    [DocomoCancelTax] => 
    [pay_status] => 13
)
 from 210.175.7.20
2023/01/26 16:12:54 [/shop/user_data/pg_mulpay_recv.php] response:true from 210.175.7.20
2023/01/26 16:25:59 [/shop/shopping/load_payment_module.php] SendRequest:https://p01.mul-pay.jp/payment/EntryTran.idPass from 202.32.96.38
2023/01/26 16:25:59 [/shop/shopping/load_payment_module.php] Array
(
    [ShopID] => 9000034600950
    [ShopPass] => ******
    [OrderID] => 949358-26162559
    [JobCd] => CAPTURE
    [Amount] => 2380
    [TdFlag] => 0
    [TdTenantName] => 
)
 from 202.32.96.38
2023/01/26 16:25:59 [/shop/shopping/load_payment_module.php] AccessID=565fec4aa835c34b46bdc9d38ec18ada&AccessPass=613c14cd194f1da2f4f13082bcdd4faf from 202.32.96.38
2023/01/26 16:25:59 [/shop/shopping/load_payment_module.php] Array
(
    [0] => Array
        (
            [AccessID] => 565fec4aa835c34b46bdc9d38ec18ada
            [AccessPass] => 613c14cd194f1da2f4f13082bcdd4faf
        )

)
 from 202.32.96.38
2023/01/26 16:25:59 [/shop/shopping/load_payment_module.php] load_payment_module.php set payment data:Array
(
    [AccessID] => 565fec4aa835c34b46bdc9d38ec18ada
    [AccessPass] => 613c14cd194f1da2f4f13082bcdd4faf
    [OrderID] => 949358-26162559
    [Amount] => 2380
    [JobCd] => CAPTURE
    [action_status] => 1
    [pay_status] => 0
)
 from 202.32.96.38
2023/01/26 16:25:59 [/shop/shopping/load_payment_module.php] SendRequest:https://p01.mul-pay.jp/payment/ExecTran.idPass from 202.32.96.38
2023/01/26 16:25:59 [/shop/shopping/load_payment_module.php] Array
(
    [AccessID] => 565fec4aa835c34b46bdc9d38ec18ada
    [AccessPass] => 613c14cd194f1da2f4f13082bcdd4faf
    [OrderID] => 949358-26162559
    [Method] => 1
    [Token] => 4737bb1a68d719e239c59b3916da87e246ed24b60fdd2810be93bce72a9c48fb
    [ClientField1] => 
    [ClientField2] => 
    [ClientField3] => EC-CUBE4.3.35
)
 from 202.32.96.38
2023/01/26 16:26:00 [/shop/shopping/load_payment_module.php] ACS=0&OrderID=949358-26162559&Forward=2S49631&Method=1&PayTimes=&Approve=0770844&TranID=2301261625602257210134170844&TranDate=20230126162600&CheckString=656cb38d963cb2a19162f3798c42c420 from 202.32.96.38
2023/01/26 16:26:00 [/shop/shopping/load_payment_module.php] Array
(
    [0] => Array
        (
            [ACS] => 0
            [OrderID] => 949358-26162559
            [Forward] => 2S49631
            [Method] => 1
            [PayTimes] => 
            [Approve] => 0770844
            [TranID] => 2301261625602257210134170844
            [TranDate] => 20230126162600
            [CheckString] => 656cb38d963cb2a19162f3798c42c420
        )

)
 from 202.32.96.38
2023/01/26 16:26:00 [/shop/shopping/load_payment_module.php] load_payment_module.php set payment data:Array
(
    [ACS] => 0
    [Forward] => 2S49631
    [Method] => 1
    [PayTimes] => 
    [Approve] => 0770844
    [TranID] => 2301261625602257210134170844
    [TranDate] => 20230126162600
    [CheckString] => 656cb38d963cb2a19162f3798c42c420
    [Amount] => 2380
    [JobCd] => CAPTURE
    [action_status] => 3
    [pay_status] => 13
)
 from 202.32.96.38
2023/01/26 16:26:00 [/shop/user_data/pg_mulpay_recv.php] ******* receiveer data start ******* from 210.175.7.20
2023/01/26 16:26:00 [/shop/user_data/pg_mulpay_recv.php] Array
(
    [ShopID] => 9000034600950
    [ShopPass] => **********
    [AccessID] => 565fec4aa835c34b46bdc9d38ec18ada
    [AccessPass] => ********************************
    [OrderID] => 949358-26162559
    [Status] => CAPTURE
    [JobCd] => CAPTURE
    [Amount] => 2380
    [Tax] => 0
    [Currency] => JPN
    [Forward] => 2S49631
    [Method] => 1
    [PayTimes] => 
    [TranID] => 2301261625602257210134170844
    [Approve] => 0770844
    [TranDate] => 20230126162600
    [ErrCode] => 
    [ErrInfo] => 
    [PayType] => 0
)
 from 210.175.7.20
2023/01/26 16:26:00 [/shop/user_data/pg_mulpay_recv.php] ******* receiveer data end ******* from 210.175.7.20
2023/01/26 16:26:05 [/shop/user_data/pg_mulpay_recv.php] update order status:1 order_id=949358 from 210.175.7.20
2023/01/26 16:26:05 [/shop/user_data/pg_mulpay_recv.php] pg_mulpay_recv.php set payment data:Array
(
    [ShopID] => 9000034600950
    [AccessID] => 565fec4aa835c34b46bdc9d38ec18ada
    [OrderID] => 949358-26162559
    [Status] => CAPTURE
    [JobCd] => CAPTURE
    [Amount] => 2380
    [Tax] => 0
    [Currency] => JPN
    [Forward] => 2S49631
    [Method] => 1
    [PayTimes] => 
    [TranID] => 2301261625602257210134170844
    [Approve] => 0770844
    [TranDate] => 20230126162600
    [ErrCode] => 
    [ErrInfo] => 
    [PayType] => 0
    [CvsCode] => 
    [CvsConfNo] => 
    [CvsReceiptNo] => 
    [EdyReceiptNo] => 
    [EdyOrderNo] => 
    [SuicaReceiptNo] => 
    [SuicaOrderNo] => 
    [CustID] => 
    [BkCode] => 
    [ConfNo] => 
    [PaymentTerm] => 
    [EncryptReceiptNo] => 
    [FinishDate] => 
    [ReceiptDate] => 
    [WebMoneyManagementNo] => 
    [WebMoneySettleCode] => 
    [AuPayInfoNo] => 
    [AuPayMethod] => 
    [AuCancelAmount] => 
    [AuCancelTax] => 
    [DocomoSettlementCode] => 
    [DocomoCancelAmount] => 
    [DocomoCancelTax] => 
    [pay_status] => 13
)
 from 210.175.7.20
2023/01/26 16:26:05 [/shop/user_data/pg_mulpay_recv.php] response:true from 210.175.7.20
2023/01/26 18:07:32 [/shop/master/order/edit.php] edit.php set payment data:Array
(
    [no_update_status_flg] => 1
)
 from 114.160.216.147
2023/01/26 18:07:32 [/shop/master/order/edit.php] SendRequest:https://p01.mul-pay.jp/payment/ChangeTran.idPass from 114.160.216.147
2023/01/26 18:07:32 [/shop/master/order/edit.php] Array
(
    [ShopID] => 9000034600950
    [ShopPass] => ******
    [AccessID] => a4d830a88058a8ec7d34675d23bd75d5
    [AccessPass] => fe17c61c560ba06fac7199fb36b9e748
    [JobCd] => CAPTURE
    [Amount] => 22240
)
 from 114.160.216.147
2023/01/26 18:07:33 [/shop/master/order/edit.php] AccessID=a4d830a88058a8ec7d34675d23bd75d5&AccessPass=fe17c61c560ba06fac7199fb36b9e748&Forward=2S49631&Approve=0718004&TranID=2301261807602257210134180903&TranDate=20230126180733 from 114.160.216.147
2023/01/26 18:07:33 [/shop/master/order/edit.php] Array
(
    [0] => Array
        (
            [AccessID] => a4d830a88058a8ec7d34675d23bd75d5
            [AccessPass] => fe17c61c560ba06fac7199fb36b9e748
            [Forward] => 2S49631
            [Approve] => 0718004
            [TranID] => 2301261807602257210134180903
            [TranDate] => 20230126180733
        )

)
 from 114.160.216.147
2023/01/26 18:07:33 [/shop/master/order/edit.php] edit.php set payment data:Array
(
    [AccessID] => a4d830a88058a8ec7d34675d23bd75d5
    [AccessPass] => fe17c61c560ba06fac7199fb36b9e748
    [Forward] => 2S49631
    [Approve] => 0718004
    [TranID] => 2301261807602257210134180903
    [TranDate] => 20230126180733
    [action_status] => 6
    [pay_status] => 13
    [JobCd] => CAPTURE
    [Amount] => 22240
)
 from 114.160.216.147
2023/01/26 18:07:33 [/shop/user_data/pg_mulpay_recv.php] ******* receiveer data start ******* from 210.175.7.20
2023/01/26 18:07:33 [/shop/user_data/pg_mulpay_recv.php] Array
(
    [ShopID] => 9000034600950
    [ShopPass] => **********
    [AccessID] => a4d830a88058a8ec7d34675d23bd75d5
    [AccessPass] => ********************************
    [OrderID] => 948537-05121510
    [Status] => RETURNX
    [JobCd] => RETURNX
    [Amount] => 6400
    [Tax] => 0
    [Currency] => JPN
    [Forward] => 2S49631
    [Method] => 1
    [PayTimes] => 
    [TranID] => 2301261807602257210134160898
    [Approve] =>        
    [TranDate] => 20230126180733
    [ErrCode] => 
    [ErrInfo] => 
    [PayType] => 0
)
 from 210.175.7.20
2023/01/26 18:07:33 [/shop/user_data/pg_mulpay_recv.php] ******* receiveer data end ******* from 210.175.7.20
2023/01/26 18:07:33 [/shop/user_data/pg_mulpay_recv.php] pg_mulpay_recv.php set payment data:Array
(
    [ShopID] => 9000034600950
    [AccessID] => a4d830a88058a8ec7d34675d23bd75d5
    [OrderID] => 948537-05121510
    [Status] => RETURNX
    [JobCd] => RETURNX
    [Amount] => 6400
    [Tax] => 0
    [Currency] => JPN
    [Forward] => 2S49631
    [Method] => 1
    [PayTimes] => 
    [TranID] => 2301261807602257210134160898
    [TranDate] => 20230126180733
    [ErrCode] => 
    [ErrInfo] => 
    [PayType] => 0
    [CvsCode] => 
    [CvsConfNo] => 
    [CvsReceiptNo] => 
    [EdyReceiptNo] => 
    [EdyOrderNo] => 
    [SuicaReceiptNo] => 
    [SuicaOrderNo] => 
    [CustID] => 
    [BkCode] => 
    [ConfNo] => 
    [PaymentTerm] => 
    [EncryptReceiptNo] => 
    [FinishDate] => 
    [ReceiptDate] => 
    [WebMoneyManagementNo] => 
    [WebMoneySettleCode] => 
    [AuPayInfoNo] => 
    [AuPayMethod] => 
    [AuCancelAmount] => 
    [AuCancelTax] => 
    [DocomoSettlementCode] => 
    [DocomoCancelAmount] => 
    [DocomoCancelTax] => 
    [pay_status] => 16
)
 from 210.175.7.20
2023/01/26 18:07:33 [/shop/user_data/pg_mulpay_recv.php] response:true from 210.175.7.20
2023/01/26 18:07:33 [/shop/user_data/pg_mulpay_recv.php] ******* receiveer data start ******* from 210.175.7.20
2023/01/26 18:07:33 [/shop/user_data/pg_mulpay_recv.php] Array
(
    [ShopID] => 9000034600950
    [ShopPass] => **********
    [AccessID] => a4d830a88058a8ec7d34675d23bd75d5
    [AccessPass] => ********************************
    [OrderID] => 948537-05121510
    [Status] => CAPTURE
    [JobCd] => CAPTURE
    [Amount] => 22240
    [Tax] => 0
    [Currency] => JPN
    [Forward] => 2S49631
    [Method] => 1
    [PayTimes] => 
    [TranID] => 2301261807602257210134180903
    [Approve] => 0718004
    [TranDate] => 20230126180733
    [ErrCode] => 
    [ErrInfo] => 
    [PayType] => 0
)
 from 210.175.7.20
2023/01/26 18:07:33 [/shop/user_data/pg_mulpay_recv.php] ******* receiveer data end ******* from 210.175.7.20
2023/01/26 18:07:38 [/shop/user_data/pg_mulpay_recv.php] no update order status order_id=948537 from 210.175.7.20
2023/01/26 18:07:38 [/shop/user_data/pg_mulpay_recv.php] pg_mulpay_recv.php set payment data:Array
(
    [ShopID] => 9000034600950
    [AccessID] => a4d830a88058a8ec7d34675d23bd75d5
    [OrderID] => 948537-05121510
    [Status] => CAPTURE
    [JobCd] => CAPTURE
    [Amount] => 22240
    [Tax] => 0
    [Currency] => JPN
    [Forward] => 2S49631
    [Method] => 1
    [PayTimes] => 
    [TranID] => 2301261807602257210134180903
    [Approve] => 0718004
    [TranDate] => 20230126180733
    [ErrCode] => 
    [ErrInfo] => 
    [PayType] => 0
    [CvsCode] => 
    [CvsConfNo] => 
    [CvsReceiptNo] => 
    [EdyReceiptNo] => 
    [EdyOrderNo] => 
    [SuicaReceiptNo] => 
    [SuicaOrderNo] => 
    [CustID] => 
    [BkCode] => 
    [ConfNo] => 
    [PaymentTerm] => 
    [EncryptReceiptNo] => 
    [FinishDate] => 
    [ReceiptDate] => 
    [WebMoneyManagementNo] => 
    [WebMoneySettleCode] => 
    [AuPayInfoNo] => 
    [AuPayMethod] => 
    [AuCancelAmount] => 
    [AuCancelTax] => 
    [DocomoSettlementCode] => 
    [DocomoCancelAmount] => 
    [DocomoCancelTax] => 
    [pay_status] => 13
    [no_update_status_flg] => 0
)
 from 210.175.7.20
2023/01/26 18:07:38 [/shop/user_data/pg_mulpay_recv.php] response:true from 210.175.7.20
2023/01/26 18:07:45 [/shop/master/order/edit.php] SendRequest:https://p01.mul-pay.jp/payment/SearchTrade.idPass from 114.160.216.147
2023/01/26 18:07:45 [/shop/master/order/edit.php] Array
(
    [ShopID] => 9000034600950
    [ShopPass] => ******
    [OrderID] => 948537-05121510
)
 from 114.160.216.147
2023/01/26 18:07:45 [/shop/master/order/edit.php] OrderID=948537-05121510&Status=CAPTURE&ProcessDate=20230126180733&JobCd=CAPTURE&AccessID=a4d830a88058a8ec7d34675d23bd75d5&AccessPass=fe17c61c560ba06fac7199fb36b9e748&ItemCode=0000990&Amount=22240&Tax=0&SiteID=&MemberID=&CardNo=************5000&Expire=2402&Method=1&PayTimes=&Forward=2S49631&TranID=2301261807602257210134180903&Approve=0718004&ClientField1=&ClientField2=&ClientField3=EC-CUBE4.3.35 from 114.160.216.147
2023/01/26 18:07:45 [/shop/master/order/edit.php] Array
(
    [0] => Array
        (
            [OrderID] => 948537-05121510
            [Status] => CAPTURE
            [ProcessDate] => 20230126180733
            [JobCd] => CAPTURE
            [AccessID] => a4d830a88058a8ec7d34675d23bd75d5
            [AccessPass] => fe17c61c560ba06fac7199fb36b9e748
            [ItemCode] => 0000990
            [Amount] => 22240
            [Tax] => 0
            [SiteID] => 
            [MemberID] => 
            [CardNo] => ************5000
            [Expire] => 2402
            [Method] => 1
            [PayTimes] => 
            [Forward] => 2S49631
            [TranID] => 2301261807602257210134180903
            [Approve] => 0718004
            [ClientField1] => 
            [ClientField2] => 
            [ClientField3] => EC-CUBE4.3.35
        )

)
 from 114.160.216.147
2023/01/26 18:07:45 [/shop/master/order/edit.php] edit.php set payment data:Array
(
    [OrderID] => 948537-05121510
    [Status] => CAPTURE
    [ProcessDate] => 20230126180733
    [JobCd] => CAPTURE
    [AccessID] => a4d830a88058a8ec7d34675d23bd75d5
    [AccessPass] => fe17c61c560ba06fac7199fb36b9e748
    [ItemCode] => 0000990
    [Amount] => 22240
    [Tax] => 0
    [SiteID] => 
    [MemberID] => 
    [CardNo] => ************5000
    [Expire] => 2402
    [Method] => 1
    [PayTimes] => 
    [Forward] => 2S49631
    [TranID] => 2301261807602257210134180903
    [Approve] => 0718004
    [ClientField1] => 
    [ClientField2] => 
    [ClientField3] => EC-CUBE4.3.35
    [action_status] => 6
    [pay_status] => 13
)
 from 114.160.216.147
2023/01/26 19:09:39 [/shop/shopping/load_payment_module.php] SendRequest:https://p01.mul-pay.jp/payment/EntryTran.idPass from 106.69.68.25
2023/01/26 19:09:39 [/shop/shopping/load_payment_module.php] Array
(
    [ShopID] => 9000034600950
    [ShopPass] => ******
    [OrderID] => 949359-26190939
    [JobCd] => CAPTURE
    [Amount] => 7500
    [TdFlag] => 0
    [TdTenantName] => 
)
 from 106.69.68.25
2023/01/26 19:09:39 [/shop/shopping/load_payment_module.php] AccessID=19bd3d3b11bf2526ee47cc0ab0e20c52&AccessPass=0ee7ba78d132382a38b210e517184f33 from 106.69.68.25
2023/01/26 19:09:39 [/shop/shopping/load_payment_module.php] Array
(
    [0] => Array
        (
            [AccessID] => 19bd3d3b11bf2526ee47cc0ab0e20c52
            [AccessPass] => 0ee7ba78d132382a38b210e517184f33
        )

)
 from 106.69.68.25
2023/01/26 19:09:39 [/shop/shopping/load_payment_module.php] load_payment_module.php set payment data:Array
(
    [AccessID] => 19bd3d3b11bf2526ee47cc0ab0e20c52
    [AccessPass] => 0ee7ba78d132382a38b210e517184f33
    [OrderID] => 949359-26190939
    [Amount] => 7500
    [JobCd] => CAPTURE
    [action_status] => 1
    [pay_status] => 0
)
 from 106.69.68.25
2023/01/26 19:09:39 [/shop/shopping/load_payment_module.php] SendRequest:https://p01.mul-pay.jp/payment/ExecTran.idPass from 106.69.68.25
2023/01/26 19:09:39 [/shop/shopping/load_payment_module.php] Array
(
    [AccessID] => 19bd3d3b11bf2526ee47cc0ab0e20c52
    [AccessPass] => 0ee7ba78d132382a38b210e517184f33
    [OrderID] => 949359-26190939
    [Method] => 1
    [Token] => c77bda73857b06b816813b2873e5050bd6219e226a45bfeb7bb262672782f076
    [ClientField1] => 
    [ClientField2] => 
    [ClientField3] => EC-CUBE4.3.35
)
 from 106.69.68.25
2023/01/26 19:09:39 [/shop/shopping/load_payment_module.php] ACS=0&OrderID=949359-26190939&Forward=2959876&Method=1&PayTimes=&Approve=0603474&TranID=2301261909602257210134150881&TranDate=20230126190939&CheckString=adea6e22a63b9e06bb8d767fffc9b754 from 106.69.68.25
2023/01/26 19:09:39 [/shop/shopping/load_payment_module.php] Array
(
    [0] => Array
        (
            [ACS] => 0
            [OrderID] => 949359-26190939
            [Forward] => 2959876
            [Method] => 1
            [PayTimes] => 
            [Approve] => 0603474
            [TranID] => 2301261909602257210134150881
            [TranDate] => 20230126190939
            [CheckString] => adea6e22a63b9e06bb8d767fffc9b754
        )

)
 from 106.69.68.25
2023/01/26 19:09:39 [/shop/shopping/load_payment_module.php] load_payment_module.php set payment data:Array
(
    [ACS] => 0
    [Forward] => 2959876
    [Method] => 1
    [PayTimes] => 
    [Approve] => 0603474
    [TranID] => 2301261909602257210134150881
    [TranDate] => 20230126190939
    [CheckString] => adea6e22a63b9e06bb8d767fffc9b754
    [Amount] => 7500
    [JobCd] => CAPTURE
    [action_status] => 3
    [pay_status] => 13
)
 from 106.69.68.25
2023/01/26 19:09:40 [/shop/user_data/pg_mulpay_recv.php] ******* receiveer data start ******* from 210.175.7.20
2023/01/26 19:09:40 [/shop/user_data/pg_mulpay_recv.php] Array
(
    [ShopID] => 9000034600950
    [ShopPass] => **********
    [AccessID] => 19bd3d3b11bf2526ee47cc0ab0e20c52
    [AccessPass] => ********************************
    [OrderID] => 949359-26190939
    [Status] => CAPTURE
    [JobCd] => CAPTURE
    [Amount] => 7500
    [Tax] => 0
    [Currency] => JPN
    [Forward] => 2959876
    [Method] => 1
    [PayTimes] => 
    [TranID] => 2301261909602257210134150881
    [Approve] => 0603474
    [TranDate] => 20230126190939
    [ErrCode] => 
    [ErrInfo] => 
    [PayType] => 0
)
 from 210.175.7.20
2023/01/26 19:09:40 [/shop/user_data/pg_mulpay_recv.php] ******* receiveer data end ******* from 210.175.7.20
2023/01/26 19:09:45 [/shop/user_data/pg_mulpay_recv.php] update order status:1 order_id=949359 from 210.175.7.20
2023/01/26 19:09:45 [/shop/user_data/pg_mulpay_recv.php] pg_mulpay_recv.php set payment data:Array
(
    [ShopID] => 9000034600950
    [AccessID] => 19bd3d3b11bf2526ee47cc0ab0e20c52
    [OrderID] => 949359-26190939
    [Status] => CAPTURE
    [JobCd] => CAPTURE
    [Amount] => 7500
    [Tax] => 0
    [Currency] => JPN
    [Forward] => 2959876
    [Method] => 1
    [PayTimes] => 
    [TranID] => 2301261909602257210134150881
    [Approve] => 0603474
    [TranDate] => 20230126190939
    [ErrCode] => 
    [ErrInfo] => 
    [PayType] => 0
    [CvsCode] => 
    [CvsConfNo] => 
    [CvsReceiptNo] => 
    [EdyReceiptNo] => 
    [EdyOrderNo] => 
    [SuicaReceiptNo] => 
    [SuicaOrderNo] => 
    [CustID] => 
    [BkCode] => 
    [ConfNo] => 
    [PaymentTerm] => 
    [EncryptReceiptNo] => 
    [FinishDate] => 
    [ReceiptDate] => 
    [WebMoneyManagementNo] => 
    [WebMoneySettleCode] => 
    [AuPayInfoNo] => 
    [AuPayMethod] => 
    [AuCancelAmount] => 
    [AuCancelTax] => 
    [DocomoSettlementCode] => 
    [DocomoCancelAmount] => 
    [DocomoCancelTax] => 
    [pay_status] => 13
)
 from 210.175.7.20
2023/01/26 19:09:45 [/shop/user_data/pg_mulpay_recv.php] response:true from 210.175.7.20
2023/01/26 20:32:14 [/shop/shopping/load_payment_module.php] SendRequest:https://p01.mul-pay.jp/payment/SearchMember.idPass from 194.107.160.18
2023/01/26 20:32:14 [/shop/shopping/load_payment_module.php] Array
(
    [SiteID] => mst0000007602
    [SitePass] => ******
    [MemberID] => 11201
)
 from 194.107.160.18
2023/01/26 20:32:14 [/shop/shopping/load_payment_module.php] ErrCode=E01&ErrInfo=E01390002 from 194.107.160.18
2023/01/26 20:32:14 [/shop/shopping/load_payment_module.php] Array
(
    [0] => Array
        (
            [ErrCode] => E01
            [ErrInfo] => E01390002
        )

)
 from 194.107.160.18
2023/01/26 20:32:14 [/shop/shopping/load_payment_module.php] SendRequest:https://p01.mul-pay.jp/payment/SearchCard.idPass from 194.107.160.18
2023/01/26 20:32:14 [/shop/shopping/load_payment_module.php] Array
(
    [SiteID] => mst0000007602
    [SitePass] => ******
    [MemberID] => 11201
)
 from 194.107.160.18
2023/01/26 20:32:14 [/shop/shopping/load_payment_module.php] ErrCode=E01|E01&ErrInfo=E01390002|E01240002 from 194.107.160.18
2023/01/26 20:32:14 [/shop/shopping/load_payment_module.php] Array
(
    [0] => Array
        (
            [ErrCode] => E01
            [ErrInfo] => E01390002
        )

    [1] => Array
        (
            [ErrCode] => E01
            [ErrInfo] => E01240002
        )

)
 from 194.107.160.18
2023/01/26 20:33:17 [/shop/shopping/load_payment_module.php] SendRequest:https://p01.mul-pay.jp/payment/SearchMember.idPass from 194.107.160.6
2023/01/26 20:33:17 [/shop/shopping/load_payment_module.php] Array
(
    [SiteID] => mst0000007602
    [SitePass] => ******
    [MemberID] => 11201
)
 from 194.107.160.6
2023/01/26 20:33:17 [/shop/shopping/load_payment_module.php] ErrCode=E01&ErrInfo=E01390002 from 194.107.160.6
2023/01/26 20:33:17 [/shop/shopping/load_payment_module.php] Array
(
    [0] => Array
        (
            [ErrCode] => E01
            [ErrInfo] => E01390002
        )

)
 from 194.107.160.6
2023/01/26 20:33:17 [/shop/shopping/load_payment_module.php] SendRequest:https://p01.mul-pay.jp/payment/SearchCard.idPass from 194.107.160.6
2023/01/26 20:33:17 [/shop/shopping/load_payment_module.php] Array
(
    [SiteID] => mst0000007602
    [SitePass] => ******
    [MemberID] => 11201
)
 from 194.107.160.6
2023/01/26 20:33:17 [/shop/shopping/load_payment_module.php] ErrCode=E01|E01&ErrInfo=E01390002|E01240002 from 194.107.160.6
2023/01/26 20:33:17 [/shop/shopping/load_payment_module.php] Array
(
    [0] => Array
        (
            [ErrCode] => E01
            [ErrInfo] => E01390002
        )

    [1] => Array
        (
            [ErrCode] => E01
            [ErrInfo] => E01240002
        )

)
 from 194.107.160.6
2023/01/26 20:33:17 [/shop/shopping/load_payment_module.php] SendRequest:https://p01.mul-pay.jp/payment/EntryTran.idPass from 194.107.160.6
2023/01/26 20:33:17 [/shop/shopping/load_payment_module.php] Array
(
    [ShopID] => 9000034600950
    [ShopPass] => ******
    [OrderID] => 949360-26203317
    [JobCd] => CAPTURE
    [Amount] => 20930
    [TdFlag] => 0
    [TdTenantName] => 
)
 from 194.107.160.6
2023/01/26 20:33:17 [/shop/shopping/load_payment_module.php] AccessID=dcbe4f0ec37217d0ae21abe849a376a1&AccessPass=34204286bfaef4b9edc738ee666853b3 from 194.107.160.6
2023/01/26 20:33:17 [/shop/shopping/load_payment_module.php] Array
(
    [0] => Array
        (
            [AccessID] => dcbe4f0ec37217d0ae21abe849a376a1
            [AccessPass] => 34204286bfaef4b9edc738ee666853b3
        )

)
 from 194.107.160.6
2023/01/26 20:33:17 [/shop/shopping/load_payment_module.php] load_payment_module.php set payment data:Array
(
    [AccessID] => dcbe4f0ec37217d0ae21abe849a376a1
    [AccessPass] => 34204286bfaef4b9edc738ee666853b3
    [OrderID] => 949360-26203317
    [Amount] => 20930
    [JobCd] => CAPTURE
    [action_status] => 1
    [pay_status] => 0
)
 from 194.107.160.6
2023/01/26 20:33:17 [/shop/shopping/load_payment_module.php] SendRequest:https://p01.mul-pay.jp/payment/ExecTran.idPass from 194.107.160.6
2023/01/26 20:33:17 [/shop/shopping/load_payment_module.php] Array
(
    [AccessID] => dcbe4f0ec37217d0ae21abe849a376a1
    [AccessPass] => 34204286bfaef4b9edc738ee666853b3
    [OrderID] => 949360-26203317
    [Method] => 1
    [Token] => 508a90649c3df4e34b1368aeebae63d56c8946f8d8113e8858aba4928e9da165
    [ClientField1] => 
    [ClientField2] => 
    [ClientField3] => EC-CUBE4.3.35
)
 from 194.107.160.6
2023/01/26 20:33:18 [/shop/shopping/load_payment_module.php] ACS=0&OrderID=949360-26203317&Forward=2959876&Method=1&PayTimes=&Approve=0011353&TranID=2301262033602257210134180908&TranDate=20230126203318&CheckString=58f381d9cf3505ca67ca01dcf51d8485 from 194.107.160.6
2023/01/26 20:33:18 [/shop/shopping/load_payment_module.php] Array
(
    [0] => Array
        (
            [ACS] => 0
            [OrderID] => 949360-26203317
            [Forward] => 2959876
            [Method] => 1
            [PayTimes] => 
            [Approve] => 0011353
            [TranID] => 2301262033602257210134180908
            [TranDate] => 20230126203318
            [CheckString] => 58f381d9cf3505ca67ca01dcf51d8485
        )

)
 from 194.107.160.6
2023/01/26 20:33:18 [/shop/shopping/load_payment_module.php] load_payment_module.php set payment data:Array
(
    [ACS] => 0
    [Forward] => 2959876
    [Method] => 1
    [PayTimes] => 
    [Approve] => 0011353
    [TranID] => 2301262033602257210134180908
    [TranDate] => 20230126203318
    [CheckString] => 58f381d9cf3505ca67ca01dcf51d8485
    [Amount] => 20930
    [JobCd] => CAPTURE
    [action_status] => 3
    [pay_status] => 13
)
 from 194.107.160.6
2023/01/26 20:33:19 [/shop/user_data/pg_mulpay_recv.php] ******* receiveer data start ******* from 210.175.7.20
2023/01/26 20:33:19 [/shop/user_data/pg_mulpay_recv.php] Array
(
    [ShopID] => 9000034600950
    [ShopPass] => **********
    [AccessID] => dcbe4f0ec37217d0ae21abe849a376a1
    [AccessPass] => ********************************
    [OrderID] => 949360-26203317
    [Status] => CAPTURE
    [JobCd] => CAPTURE
    [Amount] => 20930
    [Tax] => 0
    [Currency] => JPN
    [Forward] => 2959876
    [Method] => 1
    [PayTimes] => 
    [TranID] => 2301262033602257210134180908
    [Approve] => 0011353
    [TranDate] => 20230126203318
    [ErrCode] => 
    [ErrInfo] => 
    [PayType] => 0
)
 from 210.175.7.20
2023/01/26 20:33:19 [/shop/user_data/pg_mulpay_recv.php] ******* receiveer data end ******* from 210.175.7.20
2023/01/26 20:33:24 [/shop/user_data/pg_mulpay_recv.php] update order status:1 order_id=949360 from 210.175.7.20
2023/01/26 20:33:24 [/shop/user_data/pg_mulpay_recv.php] pg_mulpay_recv.php set payment data:Array
(
    [ShopID] => 9000034600950
    [AccessID] => dcbe4f0ec37217d0ae21abe849a376a1
    [OrderID] => 949360-26203317
    [Status] => CAPTURE
    [JobCd] => CAPTURE
    [Amount] => 20930
    [Tax] => 0
    [Currency] => JPN
    [Forward] => 2959876
    [Method] => 1
    [PayTimes] => 
    [TranID] => 2301262033602257210134180908
    [Approve] => 0011353
    [TranDate] => 20230126203318
    [ErrCode] => 
    [ErrInfo] => 
    [PayType] => 0
    [CvsCode] => 
    [CvsConfNo] => 
    [CvsReceiptNo] => 
    [EdyReceiptNo] => 
    [EdyOrderNo] => 
    [SuicaReceiptNo] => 
    [SuicaOrderNo] => 
    [CustID] => 
    [BkCode] => 
    [ConfNo] => 
    [PaymentTerm] => 
    [EncryptReceiptNo] => 
    [FinishDate] => 
    [ReceiptDate] => 
    [WebMoneyManagementNo] => 
    [WebMoneySettleCode] => 
    [AuPayInfoNo] => 
    [AuPayMethod] => 
    [AuCancelAmount] => 
    [AuCancelTax] => 
    [DocomoSettlementCode] => 
    [DocomoCancelAmount] => 
    [DocomoCancelTax] => 
    [pay_status] => 13
)
 from 210.175.7.20
2023/01/26 20:33:24 [/shop/user_data/pg_mulpay_recv.php] response:true from 210.175.7.20
