2024/11/23 01:07:36 [/shop/shopping/load_payment_module.php] SendRequest:https://p01.mul-pay.jp/payment/EntryTran.idPass from 114.142.225.70
2024/11/23 01:07:36 [/shop/shopping/load_payment_module.php] Array
(
    [ShopID] => 9000034600950
    [ShopPass] => ******
    [OrderID] => 959824-23010736
    [JobCd] => CAPTURE
    [Amount] => 3600
    [TdFlag] => 0
    [TdTenantName] => 
)
 from 114.142.225.70
2024/11/23 01:07:36 [/shop/shopping/load_payment_module.php] AccessID=4aa6642ae230bd66241b40750e3b3423&AccessPass=74811ee351b6bb868c05258a2c68776a from 114.142.225.70
2024/11/23 01:07:36 [/shop/shopping/load_payment_module.php] Array
(
    [0] => Array
        (
            [AccessID] => 4aa6642ae230bd66241b40750e3b3423
            [AccessPass] => 74811ee351b6bb868c05258a2c68776a
        )

)
 from 114.142.225.70
2024/11/23 01:07:36 [/shop/shopping/load_payment_module.php] load_payment_module.php set payment data:Array
(
    [AccessID] => 4aa6642ae230bd66241b40750e3b3423
    [AccessPass] => 74811ee351b6bb868c05258a2c68776a
    [OrderID] => 959824-23010736
    [Amount] => 3600
    [JobCd] => CAPTURE
    [action_status] => 1
    [pay_status] => 0
)
 from 114.142.225.70
2024/11/23 01:07:36 [/shop/shopping/load_payment_module.php] SendRequest:https://p01.mul-pay.jp/payment/ExecTran.idPass from 114.142.225.70
2024/11/23 01:07:36 [/shop/shopping/load_payment_module.php] Array
(
    [AccessID] => 4aa6642ae230bd66241b40750e3b3423
    [AccessPass] => 74811ee351b6bb868c05258a2c68776a
    [OrderID] => 959824-23010736
    [Method] => 1
    [Token] => 97cd7b4d6c52ec5283ba8a90974314d86c72d218c9381683f9b052c232da1881
    [ClientField1] => 
    [ClientField2] => 
    [ClientField3] => EC-CUBE4.3.35
)
 from 114.142.225.70
2024/11/23 01:07:37 [/shop/shopping/load_payment_module.php] ACS=0&OrderID=959824-23010736&Forward=2959876&Method=1&PayTimes=&Approve=0021119&TranID=2411230107602257210134183664&TranDate=20241123010737&CheckString=09b45e056a387ffc3e224052ec4a39c0 from 114.142.225.70
2024/11/23 01:07:37 [/shop/shopping/load_payment_module.php] Array
(
    [0] => Array
        (
            [ACS] => 0
            [OrderID] => 959824-23010736
            [Forward] => 2959876
            [Method] => 1
            [PayTimes] => 
            [Approve] => 0021119
            [TranID] => 2411230107602257210134183664
            [TranDate] => 20241123010737
            [CheckString] => 09b45e056a387ffc3e224052ec4a39c0
        )

)
 from 114.142.225.70
2024/11/23 01:07:37 [/shop/shopping/load_payment_module.php] load_payment_module.php set payment data:Array
(
    [ACS] => 0
    [Forward] => 2959876
    [Method] => 1
    [PayTimes] => 
    [Approve] => 0021119
    [TranID] => 2411230107602257210134183664
    [TranDate] => 20241123010737
    [CheckString] => 09b45e056a387ffc3e224052ec4a39c0
    [Amount] => 3600
    [JobCd] => CAPTURE
    [action_status] => 3
    [pay_status] => 13
)
 from 114.142.225.70
2024/11/23 01:07:37 [/shop/user_data/pg_mulpay_recv.php] ******* receiveer data start ******* from 210.175.7.20
2024/11/23 01:07:37 [/shop/user_data/pg_mulpay_recv.php] Array
(
    [ShopID] => 9000034600950
    [ShopPass] => **********
    [AccessID] => 4aa6642ae230bd66241b40750e3b3423
    [AccessPass] => ********************************
    [OrderID] => 959824-23010736
    [Status] => CAPTURE
    [JobCd] => CAPTURE
    [Amount] => 3600
    [Tax] => 0
    [Currency] => JPN
    [Forward] => 2959876
    [Method] => 1
    [PayTimes] => 
    [TranID] => 2411230107602257210134183664
    [Approve] => 0021119
    [TranDate] => 20241123010737
    [ErrCode] => 
    [ErrInfo] => 
    [PayType] => 0
)
 from 210.175.7.20
2024/11/23 01:07:37 [/shop/user_data/pg_mulpay_recv.php] ******* receiveer data end ******* from 210.175.7.20
2024/11/23 01:07:42 [/shop/user_data/pg_mulpay_recv.php] update order status:1 order_id=959824 from 210.175.7.20
2024/11/23 01:07:42 [/shop/user_data/pg_mulpay_recv.php] pg_mulpay_recv.php set payment data:Array
(
    [ShopID] => 9000034600950
    [AccessID] => 4aa6642ae230bd66241b40750e3b3423
    [OrderID] => 959824-23010736
    [Status] => CAPTURE
    [JobCd] => CAPTURE
    [Amount] => 3600
    [Tax] => 0
    [Currency] => JPN
    [Forward] => 2959876
    [Method] => 1
    [PayTimes] => 
    [TranID] => 2411230107602257210134183664
    [Approve] => 0021119
    [TranDate] => 20241123010737
    [ErrCode] => 
    [ErrInfo] => 
    [PayType] => 0
    [CvsCode] => 
    [CvsConfNo] => 
    [CvsReceiptNo] => 
    [EdyReceiptNo] => 
    [EdyOrderNo] => 
    [SuicaReceiptNo] => 
    [SuicaOrderNo] => 
    [CustID] => 
    [BkCode] => 
    [ConfNo] => 
    [PaymentTerm] => 
    [EncryptReceiptNo] => 
    [FinishDate] => 
    [ReceiptDate] => 
    [WebMoneyManagementNo] => 
    [WebMoneySettleCode] => 
    [AuPayInfoNo] => 
    [AuPayMethod] => 
    [AuCancelAmount] => 
    [AuCancelTax] => 
    [DocomoSettlementCode] => 
    [DocomoCancelAmount] => 
    [DocomoCancelTax] => 
    [pay_status] => 13
)
 from 210.175.7.20
2024/11/23 01:07:42 [/shop/user_data/pg_mulpay_recv.php] response:true from 210.175.7.20
2024/11/23 01:24:58 [/shop/shopping/load_payment_module.php] SendRequest:https://p01.mul-pay.jp/payment/SearchMember.idPass from 90.203.191.136
2024/11/23 01:24:58 [/shop/shopping/load_payment_module.php] Array
(
    [SiteID] => mst0000007602
    [SitePass] => ******
    [MemberID] => 12151
)
 from 90.203.191.136
2024/11/23 01:24:58 [/shop/shopping/load_payment_module.php] ErrCode=E01&ErrInfo=E01390002 from 90.203.191.136
2024/11/23 01:24:58 [/shop/shopping/load_payment_module.php] Array
(
    [0] => Array
        (
            [ErrCode] => E01
            [ErrInfo] => E01390002
        )

)
 from 90.203.191.136
2024/11/23 01:24:58 [/shop/shopping/load_payment_module.php] SendRequest:https://p01.mul-pay.jp/payment/SearchCard.idPass from 90.203.191.136
2024/11/23 01:24:58 [/shop/shopping/load_payment_module.php] Array
(
    [SiteID] => mst0000007602
    [SitePass] => ******
    [MemberID] => 12151
)
 from 90.203.191.136
2024/11/23 01:24:58 [/shop/shopping/load_payment_module.php] ErrCode=E01|E01&ErrInfo=E01390002|E01240002 from 90.203.191.136
2024/11/23 01:24:58 [/shop/shopping/load_payment_module.php] Array
(
    [0] => Array
        (
            [ErrCode] => E01
            [ErrInfo] => E01390002
        )

    [1] => Array
        (
            [ErrCode] => E01
            [ErrInfo] => E01240002
        )

)
 from 90.203.191.136
2024/11/23 01:25:39 [/shop/shopping/load_payment_module.php] SendRequest:https://p01.mul-pay.jp/payment/SearchMember.idPass from 90.203.191.136
2024/11/23 01:25:39 [/shop/shopping/load_payment_module.php] Array
(
    [SiteID] => mst0000007602
    [SitePass] => ******
    [MemberID] => 12151
)
 from 90.203.191.136
2024/11/23 01:25:39 [/shop/shopping/load_payment_module.php] ErrCode=E01&ErrInfo=E01390002 from 90.203.191.136
2024/11/23 01:25:39 [/shop/shopping/load_payment_module.php] Array
(
    [0] => Array
        (
            [ErrCode] => E01
            [ErrInfo] => E01390002
        )

)
 from 90.203.191.136
2024/11/23 01:25:39 [/shop/shopping/load_payment_module.php] SendRequest:https://p01.mul-pay.jp/payment/SearchCard.idPass from 90.203.191.136
2024/11/23 01:25:39 [/shop/shopping/load_payment_module.php] Array
(
    [SiteID] => mst0000007602
    [SitePass] => ******
    [MemberID] => 12151
)
 from 90.203.191.136
2024/11/23 01:25:39 [/shop/shopping/load_payment_module.php] ErrCode=E01|E01&ErrInfo=E01390002|E01240002 from 90.203.191.136
2024/11/23 01:25:39 [/shop/shopping/load_payment_module.php] Array
(
    [0] => Array
        (
            [ErrCode] => E01
            [ErrInfo] => E01390002
        )

    [1] => Array
        (
            [ErrCode] => E01
            [ErrInfo] => E01240002
        )

)
 from 90.203.191.136
2024/11/23 01:25:39 [/shop/shopping/load_payment_module.php] SendRequest:https://p01.mul-pay.jp/payment/EntryTran.idPass from 90.203.191.136
2024/11/23 01:25:39 [/shop/shopping/load_payment_module.php] Array
(
    [ShopID] => 9000034600950
    [ShopPass] => ******
    [OrderID] => 959825-23012539
    [JobCd] => CAPTURE
    [Amount] => 5320
    [TdFlag] => 0
    [TdTenantName] => 
)
 from 90.203.191.136
2024/11/23 01:25:39 [/shop/shopping/load_payment_module.php] AccessID=9a9aaabb8885399069b3fbe753cd923a&AccessPass=39e045279f25f2096974ec7f91b45a75 from 90.203.191.136
2024/11/23 01:25:39 [/shop/shopping/load_payment_module.php] Array
(
    [0] => Array
        (
            [AccessID] => 9a9aaabb8885399069b3fbe753cd923a
            [AccessPass] => 39e045279f25f2096974ec7f91b45a75
        )

)
 from 90.203.191.136
2024/11/23 01:25:39 [/shop/shopping/load_payment_module.php] load_payment_module.php set payment data:Array
(
    [AccessID] => 9a9aaabb8885399069b3fbe753cd923a
    [AccessPass] => 39e045279f25f2096974ec7f91b45a75
    [OrderID] => 959825-23012539
    [Amount] => 5320
    [JobCd] => CAPTURE
    [action_status] => 1
    [pay_status] => 0
)
 from 90.203.191.136
2024/11/23 01:25:39 [/shop/shopping/load_payment_module.php] SendRequest:https://p01.mul-pay.jp/payment/ExecTran.idPass from 90.203.191.136
2024/11/23 01:25:39 [/shop/shopping/load_payment_module.php] Array
(
    [AccessID] => 9a9aaabb8885399069b3fbe753cd923a
    [AccessPass] => 39e045279f25f2096974ec7f91b45a75
    [OrderID] => 959825-23012539
    [Method] => 1
    [Token] => 98e5de0f87dd163d967411fcdb0de14d698c1032398e6bc685015833fe876d95
    [ClientField1] => 
    [ClientField2] => 
    [ClientField3] => EC-CUBE4.3.35
)
 from 90.203.191.136
2024/11/23 01:25:39 [/shop/shopping/load_payment_module.php] ACS=0&OrderID=959825-23012539&Forward=2S49631&Method=1&PayTimes=&Approve=0016684&TranID=2411230125602257210134153762&TranDate=20241123012539&CheckString=98f69e5e82cc38164f99af471628834e from 90.203.191.136
2024/11/23 01:25:39 [/shop/shopping/load_payment_module.php] Array
(
    [0] => Array
        (
            [ACS] => 0
            [OrderID] => 959825-23012539
            [Forward] => 2S49631
            [Method] => 1
            [PayTimes] => 
            [Approve] => 0016684
            [TranID] => 2411230125602257210134153762
            [TranDate] => 20241123012539
            [CheckString] => 98f69e5e82cc38164f99af471628834e
        )

)
 from 90.203.191.136
2024/11/23 01:25:39 [/shop/shopping/load_payment_module.php] load_payment_module.php set payment data:Array
(
    [ACS] => 0
    [Forward] => 2S49631
    [Method] => 1
    [PayTimes] => 
    [Approve] => 0016684
    [TranID] => 2411230125602257210134153762
    [TranDate] => 20241123012539
    [CheckString] => 98f69e5e82cc38164f99af471628834e
    [Amount] => 5320
    [JobCd] => CAPTURE
    [action_status] => 3
    [pay_status] => 13
)
 from 90.203.191.136
2024/11/23 01:25:40 [/shop/user_data/pg_mulpay_recv.php] ******* receiveer data start ******* from 210.175.7.20
2024/11/23 01:25:40 [/shop/user_data/pg_mulpay_recv.php] Array
(
    [ShopID] => 9000034600950
    [ShopPass] => **********
    [AccessID] => 9a9aaabb8885399069b3fbe753cd923a
    [AccessPass] => ********************************
    [OrderID] => 959825-23012539
    [Status] => CAPTURE
    [JobCd] => CAPTURE
    [Amount] => 5320
    [Tax] => 0
    [Currency] => JPN
    [Forward] => 2S49631
    [Method] => 1
    [PayTimes] => 
    [TranID] => 2411230125602257210134153762
    [Approve] => 0016684
    [TranDate] => 20241123012539
    [ErrCode] => 
    [ErrInfo] => 
    [PayType] => 0
)
 from 210.175.7.20
2024/11/23 01:25:40 [/shop/user_data/pg_mulpay_recv.php] ******* receiveer data end ******* from 210.175.7.20
2024/11/23 01:25:45 [/shop/user_data/pg_mulpay_recv.php] update order status:1 order_id=959825 from 210.175.7.20
2024/11/23 01:25:45 [/shop/user_data/pg_mulpay_recv.php] pg_mulpay_recv.php set payment data:Array
(
    [ShopID] => 9000034600950
    [AccessID] => 9a9aaabb8885399069b3fbe753cd923a
    [OrderID] => 959825-23012539
    [Status] => CAPTURE
    [JobCd] => CAPTURE
    [Amount] => 5320
    [Tax] => 0
    [Currency] => JPN
    [Forward] => 2S49631
    [Method] => 1
    [PayTimes] => 
    [TranID] => 2411230125602257210134153762
    [Approve] => 0016684
    [TranDate] => 20241123012539
    [ErrCode] => 
    [ErrInfo] => 
    [PayType] => 0
    [CvsCode] => 
    [CvsConfNo] => 
    [CvsReceiptNo] => 
    [EdyReceiptNo] => 
    [EdyOrderNo] => 
    [SuicaReceiptNo] => 
    [SuicaOrderNo] => 
    [CustID] => 
    [BkCode] => 
    [ConfNo] => 
    [PaymentTerm] => 
    [EncryptReceiptNo] => 
    [FinishDate] => 
    [ReceiptDate] => 
    [WebMoneyManagementNo] => 
    [WebMoneySettleCode] => 
    [AuPayInfoNo] => 
    [AuPayMethod] => 
    [AuCancelAmount] => 
    [AuCancelTax] => 
    [DocomoSettlementCode] => 
    [DocomoCancelAmount] => 
    [DocomoCancelTax] => 
    [pay_status] => 13
)
 from 210.175.7.20
2024/11/23 01:25:45 [/shop/user_data/pg_mulpay_recv.php] response:true from 210.175.7.20
2024/11/23 01:40:37 [/shop/shopping/load_payment_module.php] SendRequest:https://p01.mul-pay.jp/payment/SearchMember.idPass from 185.63.97.12
2024/11/23 01:40:37 [/shop/shopping/load_payment_module.php] Array
(
    [SiteID] => mst0000007602
    [SitePass] => ******
    [MemberID] => 13077
)
 from 185.63.97.12
2024/11/23 01:40:37 [/shop/shopping/load_payment_module.php] ErrCode=E01&ErrInfo=E01390002 from 185.63.97.12
2024/11/23 01:40:37 [/shop/shopping/load_payment_module.php] Array
(
    [0] => Array
        (
            [ErrCode] => E01
            [ErrInfo] => E01390002
        )

)
 from 185.63.97.12
2024/11/23 01:40:37 [/shop/shopping/load_payment_module.php] SendRequest:https://p01.mul-pay.jp/payment/SearchCard.idPass from 185.63.97.12
2024/11/23 01:40:37 [/shop/shopping/load_payment_module.php] Array
(
    [SiteID] => mst0000007602
    [SitePass] => ******
    [MemberID] => 13077
)
 from 185.63.97.12
2024/11/23 01:40:37 [/shop/shopping/load_payment_module.php] ErrCode=E01|E01&ErrInfo=E01390002|E01240002 from 185.63.97.12
2024/11/23 01:40:37 [/shop/shopping/load_payment_module.php] Array
(
    [0] => Array
        (
            [ErrCode] => E01
            [ErrInfo] => E01390002
        )

    [1] => Array
        (
            [ErrCode] => E01
            [ErrInfo] => E01240002
        )

)
 from 185.63.97.12
2024/11/23 01:42:27 [/shop/shopping/load_payment_module.php] SendRequest:https://p01.mul-pay.jp/payment/SearchMember.idPass from 185.63.97.12
2024/11/23 01:42:27 [/shop/shopping/load_payment_module.php] Array
(
    [SiteID] => mst0000007602
    [SitePass] => ******
    [MemberID] => 13077
)
 from 185.63.97.12
2024/11/23 01:42:27 [/shop/shopping/load_payment_module.php] ErrCode=E01&ErrInfo=E01390002 from 185.63.97.12
2024/11/23 01:42:27 [/shop/shopping/load_payment_module.php] Array
(
    [0] => Array
        (
            [ErrCode] => E01
            [ErrInfo] => E01390002
        )

)
 from 185.63.97.12
2024/11/23 01:42:27 [/shop/shopping/load_payment_module.php] SendRequest:https://p01.mul-pay.jp/payment/SearchCard.idPass from 185.63.97.12
2024/11/23 01:42:27 [/shop/shopping/load_payment_module.php] Array
(
    [SiteID] => mst0000007602
    [SitePass] => ******
    [MemberID] => 13077
)
 from 185.63.97.12
2024/11/23 01:42:27 [/shop/shopping/load_payment_module.php] ErrCode=E01|E01&ErrInfo=E01390002|E01240002 from 185.63.97.12
2024/11/23 01:42:27 [/shop/shopping/load_payment_module.php] Array
(
    [0] => Array
        (
            [ErrCode] => E01
            [ErrInfo] => E01390002
        )

    [1] => Array
        (
            [ErrCode] => E01
            [ErrInfo] => E01240002
        )

)
 from 185.63.97.12
2024/11/23 01:42:27 [/shop/shopping/load_payment_module.php] SendRequest:https://p01.mul-pay.jp/payment/EntryTran.idPass from 185.63.97.12
2024/11/23 01:42:27 [/shop/shopping/load_payment_module.php] Array
(
    [ShopID] => 9000034600950
    [ShopPass] => ******
    [OrderID] => 959826-23014227
    [JobCd] => CAPTURE
    [Amount] => 7890
    [TdFlag] => 0
    [TdTenantName] => 
)
 from 185.63.97.12
2024/11/23 01:42:27 [/shop/shopping/load_payment_module.php] AccessID=4da47bbab06436a8162bd7a59d9697f5&AccessPass=32f0f8e5f939f88d88152d445e01bee1 from 185.63.97.12
2024/11/23 01:42:27 [/shop/shopping/load_payment_module.php] Array
(
    [0] => Array
        (
            [AccessID] => 4da47bbab06436a8162bd7a59d9697f5
            [AccessPass] => 32f0f8e5f939f88d88152d445e01bee1
        )

)
 from 185.63.97.12
2024/11/23 01:42:27 [/shop/shopping/load_payment_module.php] load_payment_module.php set payment data:Array
(
    [AccessID] => 4da47bbab06436a8162bd7a59d9697f5
    [AccessPass] => 32f0f8e5f939f88d88152d445e01bee1
    [OrderID] => 959826-23014227
    [Amount] => 7890
    [JobCd] => CAPTURE
    [action_status] => 1
    [pay_status] => 0
)
 from 185.63.97.12
2024/11/23 01:42:27 [/shop/shopping/load_payment_module.php] SendRequest:https://p01.mul-pay.jp/payment/ExecTran.idPass from 185.63.97.12
2024/11/23 01:42:27 [/shop/shopping/load_payment_module.php] Array
(
    [AccessID] => 4da47bbab06436a8162bd7a59d9697f5
    [AccessPass] => 32f0f8e5f939f88d88152d445e01bee1
    [OrderID] => 959826-23014227
    [Method] => 1
    [Token] => 4416dbd59f4073f88338d7bfca4f7970b4822356fe3d8cd9e50011d2c4125f98
    [ClientField1] => 
    [ClientField2] => 
    [ClientField3] => EC-CUBE4.3.35
)
 from 185.63.97.12
2024/11/23 01:42:28 [/shop/shopping/load_payment_module.php] ACS=0&OrderID=959826-23014227&Forward=2S49631&Method=1&PayTimes=&Approve=0183389&TranID=2411230142602257210134183665&TranDate=20241123014228&CheckString=942a348416e058ea99d553acb2e01293 from 185.63.97.12
2024/11/23 01:42:28 [/shop/shopping/load_payment_module.php] Array
(
    [0] => Array
        (
            [ACS] => 0
            [OrderID] => 959826-23014227
            [Forward] => 2S49631
            [Method] => 1
            [PayTimes] => 
            [Approve] => 0183389
            [TranID] => 2411230142602257210134183665
            [TranDate] => 20241123014228
            [CheckString] => 942a348416e058ea99d553acb2e01293
        )

)
 from 185.63.97.12
2024/11/23 01:42:28 [/shop/shopping/load_payment_module.php] load_payment_module.php set payment data:Array
(
    [ACS] => 0
    [Forward] => 2S49631
    [Method] => 1
    [PayTimes] => 
    [Approve] => 0183389
    [TranID] => 2411230142602257210134183665
    [TranDate] => 20241123014228
    [CheckString] => 942a348416e058ea99d553acb2e01293
    [Amount] => 7890
    [JobCd] => CAPTURE
    [action_status] => 3
    [pay_status] => 13
)
 from 185.63.97.12
2024/11/23 01:42:29 [/shop/user_data/pg_mulpay_recv.php] ******* receiveer data start ******* from 210.175.7.20
2024/11/23 01:42:29 [/shop/user_data/pg_mulpay_recv.php] Array
(
    [ShopID] => 9000034600950
    [ShopPass] => **********
    [AccessID] => 4da47bbab06436a8162bd7a59d9697f5
    [AccessPass] => ********************************
    [OrderID] => 959826-23014227
    [Status] => CAPTURE
    [JobCd] => CAPTURE
    [Amount] => 7890
    [Tax] => 0
    [Currency] => JPN
    [Forward] => 2S49631
    [Method] => 1
    [PayTimes] => 
    [TranID] => 2411230142602257210134183665
    [Approve] => 0183389
    [TranDate] => 20241123014228
    [ErrCode] => 
    [ErrInfo] => 
    [PayType] => 0
)
 from 210.175.7.20
2024/11/23 01:42:29 [/shop/user_data/pg_mulpay_recv.php] ******* receiveer data end ******* from 210.175.7.20
2024/11/23 01:42:34 [/shop/user_data/pg_mulpay_recv.php] update order status:1 order_id=959826 from 210.175.7.20
2024/11/23 01:42:34 [/shop/user_data/pg_mulpay_recv.php] pg_mulpay_recv.php set payment data:Array
(
    [ShopID] => 9000034600950
    [AccessID] => 4da47bbab06436a8162bd7a59d9697f5
    [OrderID] => 959826-23014227
    [Status] => CAPTURE
    [JobCd] => CAPTURE
    [Amount] => 7890
    [Tax] => 0
    [Currency] => JPN
    [Forward] => 2S49631
    [Method] => 1
    [PayTimes] => 
    [TranID] => 2411230142602257210134183665
    [Approve] => 0183389
    [TranDate] => 20241123014228
    [ErrCode] => 
    [ErrInfo] => 
    [PayType] => 0
    [CvsCode] => 
    [CvsConfNo] => 
    [CvsReceiptNo] => 
    [EdyReceiptNo] => 
    [EdyOrderNo] => 
    [SuicaReceiptNo] => 
    [SuicaOrderNo] => 
    [CustID] => 
    [BkCode] => 
    [ConfNo] => 
    [PaymentTerm] => 
    [EncryptReceiptNo] => 
    [FinishDate] => 
    [ReceiptDate] => 
    [WebMoneyManagementNo] => 
    [WebMoneySettleCode] => 
    [AuPayInfoNo] => 
    [AuPayMethod] => 
    [AuCancelAmount] => 
    [AuCancelTax] => 
    [DocomoSettlementCode] => 
    [DocomoCancelAmount] => 
    [DocomoCancelTax] => 
    [pay_status] => 13
)
 from 210.175.7.20
2024/11/23 01:42:34 [/shop/user_data/pg_mulpay_recv.php] response:true from 210.175.7.20
2024/11/23 07:36:08 [/shop/shopping/load_payment_module.php] SendRequest:https://p01.mul-pay.jp/payment/EntryTran.idPass from 104.28.124.97
2024/11/23 07:36:08 [/shop/shopping/load_payment_module.php] Array
(
    [ShopID] => 9000034600950
    [ShopPass] => ******
    [OrderID] => 959827-23073608
    [JobCd] => CAPTURE
    [Amount] => 8100
    [TdFlag] => 0
    [TdTenantName] => 
)
 from 104.28.124.97
2024/11/23 07:36:08 [/shop/shopping/load_payment_module.php] AccessID=a4c2f9e3653507a8168448db25567cd8&AccessPass=11bc1ad0842b7545652ef79ff94cb827 from 104.28.124.97
2024/11/23 07:36:08 [/shop/shopping/load_payment_module.php] Array
(
    [0] => Array
        (
            [AccessID] => a4c2f9e3653507a8168448db25567cd8
            [AccessPass] => 11bc1ad0842b7545652ef79ff94cb827
        )

)
 from 104.28.124.97
2024/11/23 07:36:08 [/shop/shopping/load_payment_module.php] load_payment_module.php set payment data:Array
(
    [AccessID] => a4c2f9e3653507a8168448db25567cd8
    [AccessPass] => 11bc1ad0842b7545652ef79ff94cb827
    [OrderID] => 959827-23073608
    [Amount] => 8100
    [JobCd] => CAPTURE
    [action_status] => 1
    [pay_status] => 0
)
 from 104.28.124.97
2024/11/23 07:36:08 [/shop/shopping/load_payment_module.php] SendRequest:https://p01.mul-pay.jp/payment/ExecTran.idPass from 104.28.124.97
2024/11/23 07:36:08 [/shop/shopping/load_payment_module.php] Array
(
    [AccessID] => a4c2f9e3653507a8168448db25567cd8
    [AccessPass] => 11bc1ad0842b7545652ef79ff94cb827
    [OrderID] => 959827-23073608
    [Method] => 1
    [Token] => 9e54dc78c971c6a8d15171d9b792d1934ab5df000d03d204a34be21ff89c431b
    [ClientField1] => 
    [ClientField2] => 
    [ClientField3] => EC-CUBE4.3.35
)
 from 104.28.124.97
2024/11/23 07:36:09 [/shop/shopping/load_payment_module.php] ACS=0&OrderID=959827-23073608&Forward=2S49631&Method=1&PayTimes=&Approve=0401464&TranID=2411230736602257210134173645&TranDate=20241123073609&CheckString=ce634d178d7204b93c59bf1ced63964c from 104.28.124.97
2024/11/23 07:36:09 [/shop/shopping/load_payment_module.php] Array
(
    [0] => Array
        (
            [ACS] => 0
            [OrderID] => 959827-23073608
            [Forward] => 2S49631
            [Method] => 1
            [PayTimes] => 
            [Approve] => 0401464
            [TranID] => 2411230736602257210134173645
            [TranDate] => 20241123073609
            [CheckString] => ce634d178d7204b93c59bf1ced63964c
        )

)
 from 104.28.124.97
2024/11/23 07:36:09 [/shop/shopping/load_payment_module.php] load_payment_module.php set payment data:Array
(
    [ACS] => 0
    [Forward] => 2S49631
    [Method] => 1
    [PayTimes] => 
    [Approve] => 0401464
    [TranID] => 2411230736602257210134173645
    [TranDate] => 20241123073609
    [CheckString] => ce634d178d7204b93c59bf1ced63964c
    [Amount] => 8100
    [JobCd] => CAPTURE
    [action_status] => 3
    [pay_status] => 13
)
 from 104.28.124.97
2024/11/23 07:36:09 [/shop/user_data/pg_mulpay_recv.php] ******* receiveer data start ******* from 210.175.7.20
2024/11/23 07:36:09 [/shop/user_data/pg_mulpay_recv.php] Array
(
    [ShopID] => 9000034600950
    [ShopPass] => **********
    [AccessID] => a4c2f9e3653507a8168448db25567cd8
    [AccessPass] => ********************************
    [OrderID] => 959827-23073608
    [Status] => CAPTURE
    [JobCd] => CAPTURE
    [Amount] => 8100
    [Tax] => 0
    [Currency] => JPN
    [Forward] => 2S49631
    [Method] => 1
    [PayTimes] => 
    [TranID] => 2411230736602257210134173645
    [Approve] => 0401464
    [TranDate] => 20241123073609
    [ErrCode] => 
    [ErrInfo] => 
    [PayType] => 0
)
 from 210.175.7.20
2024/11/23 07:36:09 [/shop/user_data/pg_mulpay_recv.php] ******* receiveer data end ******* from 210.175.7.20
2024/11/23 07:36:14 [/shop/user_data/pg_mulpay_recv.php] update order status:1 order_id=959827 from 210.175.7.20
2024/11/23 07:36:14 [/shop/user_data/pg_mulpay_recv.php] pg_mulpay_recv.php set payment data:Array
(
    [ShopID] => 9000034600950
    [AccessID] => a4c2f9e3653507a8168448db25567cd8
    [OrderID] => 959827-23073608
    [Status] => CAPTURE
    [JobCd] => CAPTURE
    [Amount] => 8100
    [Tax] => 0
    [Currency] => JPN
    [Forward] => 2S49631
    [Method] => 1
    [PayTimes] => 
    [TranID] => 2411230736602257210134173645
    [Approve] => 0401464
    [TranDate] => 20241123073609
    [ErrCode] => 
    [ErrInfo] => 
    [PayType] => 0
    [CvsCode] => 
    [CvsConfNo] => 
    [CvsReceiptNo] => 
    [EdyReceiptNo] => 
    [EdyOrderNo] => 
    [SuicaReceiptNo] => 
    [SuicaOrderNo] => 
    [CustID] => 
    [BkCode] => 
    [ConfNo] => 
    [PaymentTerm] => 
    [EncryptReceiptNo] => 
    [FinishDate] => 
    [ReceiptDate] => 
    [WebMoneyManagementNo] => 
    [WebMoneySettleCode] => 
    [AuPayInfoNo] => 
    [AuPayMethod] => 
    [AuCancelAmount] => 
    [AuCancelTax] => 
    [DocomoSettlementCode] => 
    [DocomoCancelAmount] => 
    [DocomoCancelTax] => 
    [pay_status] => 13
)
 from 210.175.7.20
2024/11/23 07:36:14 [/shop/user_data/pg_mulpay_recv.php] response:true from 210.175.7.20
2024/11/23 09:02:28 [/shop/shopping/load_payment_module.php] SendRequest:https://p01.mul-pay.jp/payment/SearchMember.idPass from 118.93.84.180
2024/11/23 09:02:28 [/shop/shopping/load_payment_module.php] Array
(
    [SiteID] => mst0000007602
    [SitePass] => ******
    [MemberID] => 5450
)
 from 118.93.84.180
2024/11/23 09:02:28 [/shop/shopping/load_payment_module.php] ErrCode=E01&ErrInfo=E01390002 from 118.93.84.180
2024/11/23 09:02:28 [/shop/shopping/load_payment_module.php] Array
(
    [0] => Array
        (
            [ErrCode] => E01
            [ErrInfo] => E01390002
        )

)
 from 118.93.84.180
2024/11/23 09:02:28 [/shop/shopping/load_payment_module.php] SendRequest:https://p01.mul-pay.jp/payment/SearchCard.idPass from 118.93.84.180
2024/11/23 09:02:28 [/shop/shopping/load_payment_module.php] Array
(
    [SiteID] => mst0000007602
    [SitePass] => ******
    [MemberID] => 5450
)
 from 118.93.84.180
2024/11/23 09:02:28 [/shop/shopping/load_payment_module.php] ErrCode=E01|E01&ErrInfo=E01390002|E01240002 from 118.93.84.180
2024/11/23 09:02:28 [/shop/shopping/load_payment_module.php] Array
(
    [0] => Array
        (
            [ErrCode] => E01
            [ErrInfo] => E01390002
        )

    [1] => Array
        (
            [ErrCode] => E01
            [ErrInfo] => E01240002
        )

)
 from 118.93.84.180
2024/11/23 09:02:36 [/shop/shopping/load_payment_module.php] SendRequest:https://p01.mul-pay.jp/payment/SearchMember.idPass from 118.93.84.180
2024/11/23 09:02:36 [/shop/shopping/load_payment_module.php] Array
(
    [SiteID] => mst0000007602
    [SitePass] => ******
    [MemberID] => 5450
)
 from 118.93.84.180
2024/11/23 09:02:36 [/shop/shopping/load_payment_module.php] ErrCode=E01&ErrInfo=E01390002 from 118.93.84.180
2024/11/23 09:02:36 [/shop/shopping/load_payment_module.php] Array
(
    [0] => Array
        (
            [ErrCode] => E01
            [ErrInfo] => E01390002
        )

)
 from 118.93.84.180
2024/11/23 09:02:36 [/shop/shopping/load_payment_module.php] SendRequest:https://p01.mul-pay.jp/payment/SearchCard.idPass from 118.93.84.180
2024/11/23 09:02:36 [/shop/shopping/load_payment_module.php] Array
(
    [SiteID] => mst0000007602
    [SitePass] => ******
    [MemberID] => 5450
)
 from 118.93.84.180
2024/11/23 09:02:36 [/shop/shopping/load_payment_module.php] ErrCode=E01|E01&ErrInfo=E01390002|E01240002 from 118.93.84.180
2024/11/23 09:02:36 [/shop/shopping/load_payment_module.php] Array
(
    [0] => Array
        (
            [ErrCode] => E01
            [ErrInfo] => E01390002
        )

    [1] => Array
        (
            [ErrCode] => E01
            [ErrInfo] => E01240002
        )

)
 from 118.93.84.180
2024/11/23 09:10:37 [/shop/shopping/load_payment_module.php] SendRequest:https://p01.mul-pay.jp/payment/SearchMember.idPass from 118.93.84.180
2024/11/23 09:10:37 [/shop/shopping/load_payment_module.php] Array
(
    [SiteID] => mst0000007602
    [SitePass] => ******
    [MemberID] => 5450
)
 from 118.93.84.180
2024/11/23 09:10:37 [/shop/shopping/load_payment_module.php] ErrCode=E01&ErrInfo=E01390002 from 118.93.84.180
2024/11/23 09:10:37 [/shop/shopping/load_payment_module.php] Array
(
    [0] => Array
        (
            [ErrCode] => E01
            [ErrInfo] => E01390002
        )

)
 from 118.93.84.180
2024/11/23 09:10:37 [/shop/shopping/load_payment_module.php] SendRequest:https://p01.mul-pay.jp/payment/SearchCard.idPass from 118.93.84.180
2024/11/23 09:10:37 [/shop/shopping/load_payment_module.php] Array
(
    [SiteID] => mst0000007602
    [SitePass] => ******
    [MemberID] => 5450
)
 from 118.93.84.180
2024/11/23 09:10:37 [/shop/shopping/load_payment_module.php] ErrCode=E01|E01&ErrInfo=E01390002|E01240002 from 118.93.84.180
2024/11/23 09:10:37 [/shop/shopping/load_payment_module.php] Array
(
    [0] => Array
        (
            [ErrCode] => E01
            [ErrInfo] => E01390002
        )

    [1] => Array
        (
            [ErrCode] => E01
            [ErrInfo] => E01240002
        )

)
 from 118.93.84.180
2024/11/23 09:12:23 [/shop/shopping/load_payment_module.php] SendRequest:https://p01.mul-pay.jp/payment/SearchMember.idPass from 118.93.84.180
2024/11/23 09:12:23 [/shop/shopping/load_payment_module.php] Array
(
    [SiteID] => mst0000007602
    [SitePass] => ******
    [MemberID] => 5450
)
 from 118.93.84.180
2024/11/23 09:12:23 [/shop/shopping/load_payment_module.php] ErrCode=E01&ErrInfo=E01390002 from 118.93.84.180
2024/11/23 09:12:23 [/shop/shopping/load_payment_module.php] Array
(
    [0] => Array
        (
            [ErrCode] => E01
            [ErrInfo] => E01390002
        )

)
 from 118.93.84.180
2024/11/23 09:12:23 [/shop/shopping/load_payment_module.php] SendRequest:https://p01.mul-pay.jp/payment/SearchCard.idPass from 118.93.84.180
2024/11/23 09:12:23 [/shop/shopping/load_payment_module.php] Array
(
    [SiteID] => mst0000007602
    [SitePass] => ******
    [MemberID] => 5450
)
 from 118.93.84.180
2024/11/23 09:12:23 [/shop/shopping/load_payment_module.php] ErrCode=E01|E01&ErrInfo=E01390002|E01240002 from 118.93.84.180
2024/11/23 09:12:23 [/shop/shopping/load_payment_module.php] Array
(
    [0] => Array
        (
            [ErrCode] => E01
            [ErrInfo] => E01390002
        )

    [1] => Array
        (
            [ErrCode] => E01
            [ErrInfo] => E01240002
        )

)
 from 118.93.84.180
2024/11/23 09:12:23 [/shop/shopping/load_payment_module.php] SendRequest:https://p01.mul-pay.jp/payment/EntryTran.idPass from 118.93.84.180
2024/11/23 09:12:23 [/shop/shopping/load_payment_module.php] Array
(
    [ShopID] => 9000034600950
    [ShopPass] => ******
    [OrderID] => 959829-23091223
    [JobCd] => CAPTURE
    [Amount] => 16591
    [TdFlag] => 0
    [TdTenantName] => 
)
 from 118.93.84.180
2024/11/23 09:12:24 [/shop/shopping/load_payment_module.php] AccessID=fc68716a2dbd719a3d27a0d6bd061b04&AccessPass=b91f68841c9a7de14f5a61a18276663a from 118.93.84.180
2024/11/23 09:12:24 [/shop/shopping/load_payment_module.php] Array
(
    [0] => Array
        (
            [AccessID] => fc68716a2dbd719a3d27a0d6bd061b04
            [AccessPass] => b91f68841c9a7de14f5a61a18276663a
        )

)
 from 118.93.84.180
2024/11/23 09:12:24 [/shop/shopping/load_payment_module.php] load_payment_module.php set payment data:Array
(
    [AccessID] => fc68716a2dbd719a3d27a0d6bd061b04
    [AccessPass] => b91f68841c9a7de14f5a61a18276663a
    [OrderID] => 959829-23091223
    [Amount] => 16591
    [JobCd] => CAPTURE
    [action_status] => 1
    [pay_status] => 0
)
 from 118.93.84.180
2024/11/23 09:12:24 [/shop/shopping/load_payment_module.php] SendRequest:https://p01.mul-pay.jp/payment/ExecTran.idPass from 118.93.84.180
2024/11/23 09:12:24 [/shop/shopping/load_payment_module.php] Array
(
    [AccessID] => fc68716a2dbd719a3d27a0d6bd061b04
    [AccessPass] => b91f68841c9a7de14f5a61a18276663a
    [OrderID] => 959829-23091223
    [Method] => 1
    [Token] => 856f8676a41d9c58ee5e3b39980396a0cbba57e6d508fe142ce399454d0fbd44
    [ClientField1] => 
    [ClientField2] => 
    [ClientField3] => EC-CUBE4.3.35
)
 from 118.93.84.180
2024/11/23 09:12:24 [/shop/shopping/load_payment_module.php] ACS=0&OrderID=959829-23091223&Forward=2a99661&Method=1&PayTimes=&Approve=0208961&TranID=2411230912602257210134173646&TranDate=20241123091224&CheckString=98594e0e71dabe0ccfc153265dc04425 from 118.93.84.180
2024/11/23 09:12:24 [/shop/shopping/load_payment_module.php] Array
(
    [0] => Array
        (
            [ACS] => 0
            [OrderID] => 959829-23091223
            [Forward] => 2a99661
            [Method] => 1
            [PayTimes] => 
            [Approve] => 0208961
            [TranID] => 2411230912602257210134173646
            [TranDate] => 20241123091224
            [CheckString] => 98594e0e71dabe0ccfc153265dc04425
        )

)
 from 118.93.84.180
2024/11/23 09:12:24 [/shop/shopping/load_payment_module.php] load_payment_module.php set payment data:Array
(
    [ACS] => 0
    [Forward] => 2a99661
    [Method] => 1
    [PayTimes] => 
    [Approve] => 0208961
    [TranID] => 2411230912602257210134173646
    [TranDate] => 20241123091224
    [CheckString] => 98594e0e71dabe0ccfc153265dc04425
    [Amount] => 16591
    [JobCd] => CAPTURE
    [action_status] => 3
    [pay_status] => 13
)
 from 118.93.84.180
2024/11/23 09:12:25 [/shop/user_data/pg_mulpay_recv.php] ******* receiveer data start ******* from 210.175.7.20
2024/11/23 09:12:25 [/shop/user_data/pg_mulpay_recv.php] Array
(
    [ShopID] => 9000034600950
    [ShopPass] => **********
    [AccessID] => fc68716a2dbd719a3d27a0d6bd061b04
    [AccessPass] => ********************************
    [OrderID] => 959829-23091223
    [Status] => CAPTURE
    [JobCd] => CAPTURE
    [Amount] => 16591
    [Tax] => 0
    [Currency] => JPN
    [Forward] => 2a99661
    [Method] => 1
    [PayTimes] => 
    [TranID] => 2411230912602257210134173646
    [Approve] => 0208961
    [TranDate] => 20241123091224
    [ErrCode] => 
    [ErrInfo] => 
    [PayType] => 0
)
 from 210.175.7.20
2024/11/23 09:12:25 [/shop/user_data/pg_mulpay_recv.php] ******* receiveer data end ******* from 210.175.7.20
2024/11/23 09:12:30 [/shop/user_data/pg_mulpay_recv.php] update order status:1 order_id=959829 from 210.175.7.20
2024/11/23 09:12:30 [/shop/user_data/pg_mulpay_recv.php] pg_mulpay_recv.php set payment data:Array
(
    [ShopID] => 9000034600950
    [AccessID] => fc68716a2dbd719a3d27a0d6bd061b04
    [OrderID] => 959829-23091223
    [Status] => CAPTURE
    [JobCd] => CAPTURE
    [Amount] => 16591
    [Tax] => 0
    [Currency] => JPN
    [Forward] => 2a99661
    [Method] => 1
    [PayTimes] => 
    [TranID] => 2411230912602257210134173646
    [Approve] => 0208961
    [TranDate] => 20241123091224
    [ErrCode] => 
    [ErrInfo] => 
    [PayType] => 0
    [CvsCode] => 
    [CvsConfNo] => 
    [CvsReceiptNo] => 
    [EdyReceiptNo] => 
    [EdyOrderNo] => 
    [SuicaReceiptNo] => 
    [SuicaOrderNo] => 
    [CustID] => 
    [BkCode] => 
    [ConfNo] => 
    [PaymentTerm] => 
    [EncryptReceiptNo] => 
    [FinishDate] => 
    [ReceiptDate] => 
    [WebMoneyManagementNo] => 
    [WebMoneySettleCode] => 
    [AuPayInfoNo] => 
    [AuPayMethod] => 
    [AuCancelAmount] => 
    [AuCancelTax] => 
    [DocomoSettlementCode] => 
    [DocomoCancelAmount] => 
    [DocomoCancelTax] => 
    [pay_status] => 13
)
 from 210.175.7.20
2024/11/23 09:12:30 [/shop/user_data/pg_mulpay_recv.php] response:true from 210.175.7.20
2024/11/23 10:24:55 [/shop/shopping/load_payment_module.php] SendRequest:https://p01.mul-pay.jp/payment/SearchMember.idPass from 174.168.158.144
2024/11/23 10:24:55 [/shop/shopping/load_payment_module.php] Array
(
    [SiteID] => mst0000007602
    [SitePass] => ******
    [MemberID] => 2687
)
 from 174.168.158.144
2024/11/23 10:24:55 [/shop/shopping/load_payment_module.php] ErrCode=E01&ErrInfo=E01390002 from 174.168.158.144
2024/11/23 10:24:55 [/shop/shopping/load_payment_module.php] Array
(
    [0] => Array
        (
            [ErrCode] => E01
            [ErrInfo] => E01390002
        )

)
 from 174.168.158.144
2024/11/23 10:24:55 [/shop/shopping/load_payment_module.php] SendRequest:https://p01.mul-pay.jp/payment/SearchCard.idPass from 174.168.158.144
2024/11/23 10:24:55 [/shop/shopping/load_payment_module.php] Array
(
    [SiteID] => mst0000007602
    [SitePass] => ******
    [MemberID] => 2687
)
 from 174.168.158.144
2024/11/23 10:24:55 [/shop/shopping/load_payment_module.php] ErrCode=E01|E01&ErrInfo=E01390002|E01240002 from 174.168.158.144
2024/11/23 10:24:55 [/shop/shopping/load_payment_module.php] Array
(
    [0] => Array
        (
            [ErrCode] => E01
            [ErrInfo] => E01390002
        )

    [1] => Array
        (
            [ErrCode] => E01
            [ErrInfo] => E01240002
        )

)
 from 174.168.158.144
2024/11/23 10:27:03 [/shop/shopping/load_payment_module.php] SendRequest:https://p01.mul-pay.jp/payment/SearchMember.idPass from 174.168.158.144
2024/11/23 10:27:03 [/shop/shopping/load_payment_module.php] Array
(
    [SiteID] => mst0000007602
    [SitePass] => ******
    [MemberID] => 2687
)
 from 174.168.158.144
2024/11/23 10:27:04 [/shop/shopping/load_payment_module.php] ErrCode=E01&ErrInfo=E01390002 from 174.168.158.144
2024/11/23 10:27:04 [/shop/shopping/load_payment_module.php] Array
(
    [0] => Array
        (
            [ErrCode] => E01
            [ErrInfo] => E01390002
        )

)
 from 174.168.158.144
2024/11/23 10:27:04 [/shop/shopping/load_payment_module.php] SendRequest:https://p01.mul-pay.jp/payment/SearchCard.idPass from 174.168.158.144
2024/11/23 10:27:04 [/shop/shopping/load_payment_module.php] Array
(
    [SiteID] => mst0000007602
    [SitePass] => ******
    [MemberID] => 2687
)
 from 174.168.158.144
2024/11/23 10:27:04 [/shop/shopping/load_payment_module.php] ErrCode=E01|E01&ErrInfo=E01390002|E01240002 from 174.168.158.144
2024/11/23 10:27:04 [/shop/shopping/load_payment_module.php] Array
(
    [0] => Array
        (
            [ErrCode] => E01
            [ErrInfo] => E01390002
        )

    [1] => Array
        (
            [ErrCode] => E01
            [ErrInfo] => E01240002
        )

)
 from 174.168.158.144
2024/11/23 10:27:04 [/shop/shopping/load_payment_module.php] SendRequest:https://p01.mul-pay.jp/payment/EntryTran.idPass from 174.168.158.144
2024/11/23 10:27:04 [/shop/shopping/load_payment_module.php] Array
(
    [ShopID] => 9000034600950
    [ShopPass] => ******
    [OrderID] => 959830-23102704
    [JobCd] => CAPTURE
    [Amount] => 17050
    [TdFlag] => 0
    [TdTenantName] => 
)
 from 174.168.158.144
2024/11/23 10:27:04 [/shop/shopping/load_payment_module.php] AccessID=422210b88f3a260063f79e1b3d8ce526&AccessPass=452ed521aa0d82dac8f97a8e01e2836d from 174.168.158.144
2024/11/23 10:27:04 [/shop/shopping/load_payment_module.php] Array
(
    [0] => Array
        (
            [AccessID] => 422210b88f3a260063f79e1b3d8ce526
            [AccessPass] => 452ed521aa0d82dac8f97a8e01e2836d
        )

)
 from 174.168.158.144
2024/11/23 10:27:04 [/shop/shopping/load_payment_module.php] load_payment_module.php set payment data:Array
(
    [AccessID] => 422210b88f3a260063f79e1b3d8ce526
    [AccessPass] => 452ed521aa0d82dac8f97a8e01e2836d
    [OrderID] => 959830-23102704
    [Amount] => 17050
    [JobCd] => CAPTURE
    [action_status] => 1
    [pay_status] => 0
)
 from 174.168.158.144
2024/11/23 10:27:04 [/shop/shopping/load_payment_module.php] SendRequest:https://p01.mul-pay.jp/payment/ExecTran.idPass from 174.168.158.144
2024/11/23 10:27:04 [/shop/shopping/load_payment_module.php] Array
(
    [AccessID] => 422210b88f3a260063f79e1b3d8ce526
    [AccessPass] => 452ed521aa0d82dac8f97a8e01e2836d
    [OrderID] => 959830-23102704
    [Method] => 1
    [Token] => 32956f52cd3c1e63b29d4f27456f35ddb79fc0aad2d0536f7fba03db90991064
    [ClientField1] => 
    [ClientField2] => 
    [ClientField3] => EC-CUBE4.3.35
)
 from 174.168.158.144
2024/11/23 10:27:04 [/shop/shopping/load_payment_module.php] ErrCode=G61&ErrInfo=42G610000 from 174.168.158.144
2024/11/23 10:27:04 [/shop/shopping/load_payment_module.php] Array
(
    [0] => Array
        (
            [ErrCode] => G61
            [ErrInfo] => 42G610000
        )

)
 from 174.168.158.144
2024/11/23 10:27:04 [/shop/shopping/load_payment_module.php] load_payment_module.php set payment data:Array
(
    [request_error] => Array
        (
            [0] => このカードでは取引をする事が出来ません。 (G61-42G610000)
        )

    [Amount] => 17050
    [JobCd] => CAPTURE
    [action_status] => 3
)
 from 174.168.158.144
2024/11/23 10:27:05 [/shop/user_data/pg_mulpay_recv.php] ******* receiveer data start ******* from 210.175.7.20
2024/11/23 10:27:05 [/shop/user_data/pg_mulpay_recv.php] Array
(
    [ShopID] => 9000034600950
    [ShopPass] => **********
    [AccessID] => 422210b88f3a260063f79e1b3d8ce526
    [AccessPass] => ********************************
    [OrderID] => 959830-23102704
    [Status] => UNPROCESSED
    [JobCd] => CAPTURE
    [Amount] => 17050
    [Tax] => 0
    [Currency] => JPN
    [Forward] => 2S49631
    [Method] => 1
    [PayTimes] => 
    [TranID] => 2411231027602257210134153763
    [Approve] =>        
    [TranDate] => 20241123102704
    [ErrCode] => G61
    [ErrInfo] => 42G610000
    [PayType] => 0
)
 from 210.175.7.20
2024/11/23 10:27:05 [/shop/user_data/pg_mulpay_recv.php] ******* receiveer data end ******* from 210.175.7.20
2024/11/23 10:27:05 [/shop/user_data/pg_mulpay_recv.php] pg_mulpay_recv.php set payment data:Array
(
    [ShopID] => 9000034600950
    [AccessID] => 422210b88f3a260063f79e1b3d8ce526
    [OrderID] => 959830-23102704
    [Status] => UNPROCESSED
    [JobCd] => CAPTURE
    [Amount] => 17050
    [Tax] => 0
    [Currency] => JPN
    [Forward] => 2S49631
    [Method] => 1
    [PayTimes] => 
    [TranID] => 2411231027602257210134153763
    [Approve] => 
    [TranDate] => 20241123102704
    [ErrCode] => G61
    [ErrInfo] => 42G610000
    [PayType] => 0
    [CvsCode] => 
    [CvsConfNo] => 
    [CvsReceiptNo] => 
    [EdyReceiptNo] => 
    [EdyOrderNo] => 
    [SuicaReceiptNo] => 
    [SuicaOrderNo] => 
    [CustID] => 
    [BkCode] => 
    [ConfNo] => 
    [PaymentTerm] => 
    [EncryptReceiptNo] => 
    [FinishDate] => 
    [ReceiptDate] => 
    [WebMoneyManagementNo] => 
    [WebMoneySettleCode] => 
    [AuPayInfoNo] => 
    [AuPayMethod] => 
    [AuCancelAmount] => 
    [AuCancelTax] => 
    [DocomoSettlementCode] => 
    [DocomoCancelAmount] => 
    [DocomoCancelTax] => 
    [pay_status] => 0
)
 from 210.175.7.20
2024/11/23 10:27:05 [/shop/user_data/pg_mulpay_recv.php] response:true from 210.175.7.20
2024/11/23 10:28:14 [/shop/shopping/load_payment_module.php] SendRequest:https://p01.mul-pay.jp/payment/SearchMember.idPass from 174.168.158.144
2024/11/23 10:28:14 [/shop/shopping/load_payment_module.php] Array
(
    [SiteID] => mst0000007602
    [SitePass] => ******
    [MemberID] => 2687
)
 from 174.168.158.144
2024/11/23 10:28:15 [/shop/shopping/load_payment_module.php] ErrCode=E01&ErrInfo=E01390002 from 174.168.158.144
2024/11/23 10:28:15 [/shop/shopping/load_payment_module.php] Array
(
    [0] => Array
        (
            [ErrCode] => E01
            [ErrInfo] => E01390002
        )

)
 from 174.168.158.144
2024/11/23 10:28:15 [/shop/shopping/load_payment_module.php] SendRequest:https://p01.mul-pay.jp/payment/SearchCard.idPass from 174.168.158.144
2024/11/23 10:28:15 [/shop/shopping/load_payment_module.php] Array
(
    [SiteID] => mst0000007602
    [SitePass] => ******
    [MemberID] => 2687
)
 from 174.168.158.144
2024/11/23 10:28:15 [/shop/shopping/load_payment_module.php] ErrCode=E01|E01&ErrInfo=E01390002|E01240002 from 174.168.158.144
2024/11/23 10:28:15 [/shop/shopping/load_payment_module.php] Array
(
    [0] => Array
        (
            [ErrCode] => E01
            [ErrInfo] => E01390002
        )

    [1] => Array
        (
            [ErrCode] => E01
            [ErrInfo] => E01240002
        )

)
 from 174.168.158.144
2024/11/23 10:28:15 [/shop/shopping/load_payment_module.php] SendRequest:https://p01.mul-pay.jp/payment/ExecTran.idPass from 174.168.158.144
2024/11/23 10:28:15 [/shop/shopping/load_payment_module.php] Array
(
    [AccessID] => 422210b88f3a260063f79e1b3d8ce526
    [AccessPass] => 452ed521aa0d82dac8f97a8e01e2836d
    [OrderID] => 959830-23102704
    [Method] => 1
    [PayTimes] => 
    [Token] => bcf9959084d8783763b1f9a4decdb9eb8e5f1976969ffc82580bf8918526d7c0
    [ClientField1] => 
    [ClientField2] => 
    [ClientField3] => EC-CUBE4.3.35
)
 from 174.168.158.144
2024/11/23 10:28:15 [/shop/shopping/load_payment_module.php] ErrCode=G98&ErrInfo=42G980000 from 174.168.158.144
2024/11/23 10:28:15 [/shop/shopping/load_payment_module.php] Array
(
    [0] => Array
        (
            [ErrCode] => G98
            [ErrInfo] => 42G980000
        )

)
 from 174.168.158.144
2024/11/23 10:28:15 [/shop/shopping/load_payment_module.php] load_payment_module.php set payment data:Array
(
    [request_error] => Array
        (
            [0] => このカードでは取引をする事が出来ません。 (G98-42G980000)
        )

    [Amount] => 17050
    [JobCd] => CAPTURE
    [action_status] => 3
)
 from 174.168.158.144
2024/11/23 10:28:15 [/shop/user_data/pg_mulpay_recv.php] ******* receiveer data start ******* from 210.175.7.20
2024/11/23 10:28:15 [/shop/user_data/pg_mulpay_recv.php] Array
(
    [ShopID] => 9000034600950
    [ShopPass] => **********
    [AccessID] => 422210b88f3a260063f79e1b3d8ce526
    [AccessPass] => ********************************
    [OrderID] => 959830-23102704
    [Status] => UNPROCESSED
    [JobCd] => CAPTURE
    [Amount] => 17050
    [Tax] => 0
    [Currency] => JPN
    [Forward] => 2S49631
    [Method] => 1
    [PayTimes] => 
    [TranID] => 2411231028602257210134183666
    [Approve] =>        
    [TranDate] => 20241123102815
    [ErrCode] => G98
    [ErrInfo] => 42G980000
    [PayType] => 0
)
 from 210.175.7.20
2024/11/23 10:28:15 [/shop/user_data/pg_mulpay_recv.php] ******* receiveer data end ******* from 210.175.7.20
2024/11/23 10:28:15 [/shop/user_data/pg_mulpay_recv.php] pg_mulpay_recv.php set payment data:Array
(
    [ShopID] => 9000034600950
    [AccessID] => 422210b88f3a260063f79e1b3d8ce526
    [OrderID] => 959830-23102704
    [Status] => UNPROCESSED
    [JobCd] => CAPTURE
    [Amount] => 17050
    [Tax] => 0
    [Currency] => JPN
    [Forward] => 2S49631
    [Method] => 1
    [PayTimes] => 
    [TranID] => 2411231028602257210134183666
    [Approve] => 
    [TranDate] => 20241123102815
    [ErrCode] => G98
    [ErrInfo] => 42G980000
    [PayType] => 0
    [CvsCode] => 
    [CvsConfNo] => 
    [CvsReceiptNo] => 
    [EdyReceiptNo] => 
    [EdyOrderNo] => 
    [SuicaReceiptNo] => 
    [SuicaOrderNo] => 
    [CustID] => 
    [BkCode] => 
    [ConfNo] => 
    [PaymentTerm] => 
    [EncryptReceiptNo] => 
    [FinishDate] => 
    [ReceiptDate] => 
    [WebMoneyManagementNo] => 
    [WebMoneySettleCode] => 
    [AuPayInfoNo] => 
    [AuPayMethod] => 
    [AuCancelAmount] => 
    [AuCancelTax] => 
    [DocomoSettlementCode] => 
    [DocomoCancelAmount] => 
    [DocomoCancelTax] => 
    [pay_status] => 0
)
 from 210.175.7.20
2024/11/23 10:28:15 [/shop/user_data/pg_mulpay_recv.php] response:true from 210.175.7.20
2024/11/23 10:31:49 [/shop/shopping/load_payment_module.php] SendRequest:https://p01.mul-pay.jp/payment/SearchMember.idPass from 174.168.158.144
2024/11/23 10:31:49 [/shop/shopping/load_payment_module.php] Array
(
    [SiteID] => mst0000007602
    [SitePass] => ******
    [MemberID] => 2687
)
 from 174.168.158.144
2024/11/23 10:31:49 [/shop/shopping/load_payment_module.php] ErrCode=E01&ErrInfo=E01390002 from 174.168.158.144
2024/11/23 10:31:49 [/shop/shopping/load_payment_module.php] Array
(
    [0] => Array
        (
            [ErrCode] => E01
            [ErrInfo] => E01390002
        )

)
 from 174.168.158.144
2024/11/23 10:31:49 [/shop/shopping/load_payment_module.php] SendRequest:https://p01.mul-pay.jp/payment/SearchCard.idPass from 174.168.158.144
2024/11/23 10:31:49 [/shop/shopping/load_payment_module.php] Array
(
    [SiteID] => mst0000007602
    [SitePass] => ******
    [MemberID] => 2687
)
 from 174.168.158.144
2024/11/23 10:31:49 [/shop/shopping/load_payment_module.php] ErrCode=E01|E01&ErrInfo=E01390002|E01240002 from 174.168.158.144
2024/11/23 10:31:49 [/shop/shopping/load_payment_module.php] Array
(
    [0] => Array
        (
            [ErrCode] => E01
            [ErrInfo] => E01390002
        )

    [1] => Array
        (
            [ErrCode] => E01
            [ErrInfo] => E01240002
        )

)
 from 174.168.158.144
2024/11/23 10:31:49 [/shop/shopping/load_payment_module.php] SendRequest:https://p01.mul-pay.jp/payment/ExecTran.idPass from 174.168.158.144
2024/11/23 10:31:49 [/shop/shopping/load_payment_module.php] Array
(
    [AccessID] => 422210b88f3a260063f79e1b3d8ce526
    [AccessPass] => 452ed521aa0d82dac8f97a8e01e2836d
    [OrderID] => 959830-23102704
    [Method] => 1
    [PayTimes] => 
    [Token] => 5c0e9b0622c54c7932cd00387b4724409aacc4eb225827af873bc926298b2d4d
    [ClientField1] => 
    [ClientField2] => 
    [ClientField3] => EC-CUBE4.3.35
)
 from 174.168.158.144
2024/11/23 10:31:50 [/shop/shopping/load_payment_module.php] ACS=0&OrderID=959830-23102704&Forward=2S49631&Method=1&PayTimes=&Approve=0044924&TranID=2411231031602257210134163763&TranDate=20241123103150&CheckString=b38d7a75e4ce199e16f2231b078ff569 from 174.168.158.144
2024/11/23 10:31:50 [/shop/shopping/load_payment_module.php] Array
(
    [0] => Array
        (
            [ACS] => 0
            [OrderID] => 959830-23102704
            [Forward] => 2S49631
            [Method] => 1
            [PayTimes] => 
            [Approve] => 0044924
            [TranID] => 2411231031602257210134163763
            [TranDate] => 20241123103150
            [CheckString] => b38d7a75e4ce199e16f2231b078ff569
        )

)
 from 174.168.158.144
2024/11/23 10:31:50 [/shop/shopping/load_payment_module.php] load_payment_module.php set payment data:Array
(
    [ACS] => 0
    [Forward] => 2S49631
    [Method] => 1
    [PayTimes] => 
    [Approve] => 0044924
    [TranID] => 2411231031602257210134163763
    [TranDate] => 20241123103150
    [CheckString] => b38d7a75e4ce199e16f2231b078ff569
    [Amount] => 17050
    [JobCd] => CAPTURE
    [action_status] => 3
    [pay_status] => 13
)
 from 174.168.158.144
2024/11/23 10:31:50 [/shop/user_data/pg_mulpay_recv.php] ******* receiveer data start ******* from 210.175.7.20
2024/11/23 10:31:50 [/shop/user_data/pg_mulpay_recv.php] Array
(
    [ShopID] => 9000034600950
    [ShopPass] => **********
    [AccessID] => 422210b88f3a260063f79e1b3d8ce526
    [AccessPass] => ********************************
    [OrderID] => 959830-23102704
    [Status] => CAPTURE
    [JobCd] => CAPTURE
    [Amount] => 17050
    [Tax] => 0
    [Currency] => JPN
    [Forward] => 2S49631
    [Method] => 1
    [PayTimes] => 
    [TranID] => 2411231031602257210134163763
    [Approve] => 0044924
    [TranDate] => 20241123103150
    [ErrCode] => 
    [ErrInfo] => 
    [PayType] => 0
)
 from 210.175.7.20
2024/11/23 10:31:50 [/shop/user_data/pg_mulpay_recv.php] ******* receiveer data end ******* from 210.175.7.20
2024/11/23 10:31:55 [/shop/user_data/pg_mulpay_recv.php] update order status:1 order_id=959830 from 210.175.7.20
2024/11/23 10:31:55 [/shop/user_data/pg_mulpay_recv.php] pg_mulpay_recv.php set payment data:Array
(
    [ShopID] => 9000034600950
    [AccessID] => 422210b88f3a260063f79e1b3d8ce526
    [OrderID] => 959830-23102704
    [Status] => CAPTURE
    [JobCd] => CAPTURE
    [Amount] => 17050
    [Tax] => 0
    [Currency] => JPN
    [Forward] => 2S49631
    [Method] => 1
    [PayTimes] => 
    [TranID] => 2411231031602257210134163763
    [Approve] => 0044924
    [TranDate] => 20241123103150
    [PayType] => 0
    [CvsCode] => 
    [CvsConfNo] => 
    [CvsReceiptNo] => 
    [EdyReceiptNo] => 
    [EdyOrderNo] => 
    [SuicaReceiptNo] => 
    [SuicaOrderNo] => 
    [CustID] => 
    [BkCode] => 
    [ConfNo] => 
    [PaymentTerm] => 
    [EncryptReceiptNo] => 
    [FinishDate] => 
    [ReceiptDate] => 
    [WebMoneyManagementNo] => 
    [WebMoneySettleCode] => 
    [AuPayInfoNo] => 
    [AuPayMethod] => 
    [AuCancelAmount] => 
    [AuCancelTax] => 
    [DocomoSettlementCode] => 
    [DocomoCancelAmount] => 
    [DocomoCancelTax] => 
    [pay_status] => 13
)
 from 210.175.7.20
2024/11/23 10:31:55 [/shop/user_data/pg_mulpay_recv.php] response:true from 210.175.7.20
2024/11/23 11:20:20 [/shop/shopping/load_payment_module.php] SendRequest:https://p01.mul-pay.jp/payment/EntryTran.idPass from 170.85.12.92
2024/11/23 11:20:20 [/shop/shopping/load_payment_module.php] Array
(
    [ShopID] => 9000034600950
    [ShopPass] => ******
    [OrderID] => 959831-23112020
    [JobCd] => CAPTURE
    [Amount] => 9970
    [TdFlag] => 0
    [TdTenantName] => 
)
 from 170.85.12.92
2024/11/23 11:20:20 [/shop/shopping/load_payment_module.php] AccessID=7d39e7f087d6cbbbec91ccdc854289ca&AccessPass=125250c531ccdcce363cbcf70f594868 from 170.85.12.92
2024/11/23 11:20:20 [/shop/shopping/load_payment_module.php] Array
(
    [0] => Array
        (
            [AccessID] => 7d39e7f087d6cbbbec91ccdc854289ca
            [AccessPass] => 125250c531ccdcce363cbcf70f594868
        )

)
 from 170.85.12.92
2024/11/23 11:20:20 [/shop/shopping/load_payment_module.php] load_payment_module.php set payment data:Array
(
    [AccessID] => 7d39e7f087d6cbbbec91ccdc854289ca
    [AccessPass] => 125250c531ccdcce363cbcf70f594868
    [OrderID] => 959831-23112020
    [Amount] => 9970
    [JobCd] => CAPTURE
    [action_status] => 1
    [pay_status] => 0
)
 from 170.85.12.92
2024/11/23 11:20:20 [/shop/shopping/load_payment_module.php] SendRequest:https://p01.mul-pay.jp/payment/ExecTran.idPass from 170.85.12.92
2024/11/23 11:20:20 [/shop/shopping/load_payment_module.php] Array
(
    [AccessID] => 7d39e7f087d6cbbbec91ccdc854289ca
    [AccessPass] => 125250c531ccdcce363cbcf70f594868
    [OrderID] => 959831-23112020
    [Method] => 1
    [Token] => e4bb56eb646e7157b59b7e4c233fdd45e2927d72e6ab8b14c955b678f4c318db
    [ClientField1] => 
    [ClientField2] => 
    [ClientField3] => EC-CUBE4.3.35
)
 from 170.85.12.92
2024/11/23 11:20:21 [/shop/shopping/load_payment_module.php] ACS=0&OrderID=959831-23112020&Forward=2S49631&Method=1&PayTimes=&Approve=0006433&TranID=2411231120602257210134173647&TranDate=20241123112021&CheckString=b8311853a061f3c39dcd56e0c48ef444 from 170.85.12.92
2024/11/23 11:20:21 [/shop/shopping/load_payment_module.php] Array
(
    [0] => Array
        (
            [ACS] => 0
            [OrderID] => 959831-23112020
            [Forward] => 2S49631
            [Method] => 1
            [PayTimes] => 
            [Approve] => 0006433
            [TranID] => 2411231120602257210134173647
            [TranDate] => 20241123112021
            [CheckString] => b8311853a061f3c39dcd56e0c48ef444
        )

)
 from 170.85.12.92
2024/11/23 11:20:21 [/shop/shopping/load_payment_module.php] load_payment_module.php set payment data:Array
(
    [ACS] => 0
    [Forward] => 2S49631
    [Method] => 1
    [PayTimes] => 
    [Approve] => 0006433
    [TranID] => 2411231120602257210134173647
    [TranDate] => 20241123112021
    [CheckString] => b8311853a061f3c39dcd56e0c48ef444
    [Amount] => 9970
    [JobCd] => CAPTURE
    [action_status] => 3
    [pay_status] => 13
)
 from 170.85.12.92
2024/11/23 11:20:21 [/shop/user_data/pg_mulpay_recv.php] ******* receiveer data start ******* from 210.175.7.20
2024/11/23 11:20:21 [/shop/user_data/pg_mulpay_recv.php] Array
(
    [ShopID] => 9000034600950
    [ShopPass] => **********
    [AccessID] => 7d39e7f087d6cbbbec91ccdc854289ca
    [AccessPass] => ********************************
    [OrderID] => 959831-23112020
    [Status] => CAPTURE
    [JobCd] => CAPTURE
    [Amount] => 9970
    [Tax] => 0
    [Currency] => JPN
    [Forward] => 2S49631
    [Method] => 1
    [PayTimes] => 
    [TranID] => 2411231120602257210134173647
    [Approve] => 0006433
    [TranDate] => 20241123112021
    [ErrCode] => 
    [ErrInfo] => 
    [PayType] => 0
)
 from 210.175.7.20
2024/11/23 11:20:21 [/shop/user_data/pg_mulpay_recv.php] ******* receiveer data end ******* from 210.175.7.20
2024/11/23 11:20:26 [/shop/user_data/pg_mulpay_recv.php] update order status:1 order_id=959831 from 210.175.7.20
2024/11/23 11:20:26 [/shop/user_data/pg_mulpay_recv.php] pg_mulpay_recv.php set payment data:Array
(
    [ShopID] => 9000034600950
    [AccessID] => 7d39e7f087d6cbbbec91ccdc854289ca
    [OrderID] => 959831-23112020
    [Status] => CAPTURE
    [JobCd] => CAPTURE
    [Amount] => 9970
    [Tax] => 0
    [Currency] => JPN
    [Forward] => 2S49631
    [Method] => 1
    [PayTimes] => 
    [TranID] => 2411231120602257210134173647
    [Approve] => 0006433
    [TranDate] => 20241123112021
    [ErrCode] => 
    [ErrInfo] => 
    [PayType] => 0
    [CvsCode] => 
    [CvsConfNo] => 
    [CvsReceiptNo] => 
    [EdyReceiptNo] => 
    [EdyOrderNo] => 
    [SuicaReceiptNo] => 
    [SuicaOrderNo] => 
    [CustID] => 
    [BkCode] => 
    [ConfNo] => 
    [PaymentTerm] => 
    [EncryptReceiptNo] => 
    [FinishDate] => 
    [ReceiptDate] => 
    [WebMoneyManagementNo] => 
    [WebMoneySettleCode] => 
    [AuPayInfoNo] => 
    [AuPayMethod] => 
    [AuCancelAmount] => 
    [AuCancelTax] => 
    [DocomoSettlementCode] => 
    [DocomoCancelAmount] => 
    [DocomoCancelTax] => 
    [pay_status] => 13
)
 from 210.175.7.20
2024/11/23 11:20:26 [/shop/user_data/pg_mulpay_recv.php] response:true from 210.175.7.20
2024/11/23 20:33:56 [/shop/shopping/load_payment_module.php] SendRequest:https://p01.mul-pay.jp/payment/SearchMember.idPass from 75.85.7.26
2024/11/23 20:33:56 [/shop/shopping/load_payment_module.php] Array
(
    [SiteID] => mst0000007602
    [SitePass] => ******
    [MemberID] => 11028
)
 from 75.85.7.26
2024/11/23 20:33:56 [/shop/shopping/load_payment_module.php] ErrCode=E01&ErrInfo=E01390002 from 75.85.7.26
2024/11/23 20:33:56 [/shop/shopping/load_payment_module.php] Array
(
    [0] => Array
        (
            [ErrCode] => E01
            [ErrInfo] => E01390002
        )

)
 from 75.85.7.26
2024/11/23 20:33:56 [/shop/shopping/load_payment_module.php] SendRequest:https://p01.mul-pay.jp/payment/SearchCard.idPass from 75.85.7.26
2024/11/23 20:33:56 [/shop/shopping/load_payment_module.php] Array
(
    [SiteID] => mst0000007602
    [SitePass] => ******
    [MemberID] => 11028
)
 from 75.85.7.26
2024/11/23 20:33:56 [/shop/shopping/load_payment_module.php] ErrCode=E01|E01&ErrInfo=E01390002|E01240002 from 75.85.7.26
2024/11/23 20:33:56 [/shop/shopping/load_payment_module.php] Array
(
    [0] => Array
        (
            [ErrCode] => E01
            [ErrInfo] => E01390002
        )

    [1] => Array
        (
            [ErrCode] => E01
            [ErrInfo] => E01240002
        )

)
 from 75.85.7.26
2024/11/23 20:34:17 [/shop/shopping/load_payment_module.php] SendRequest:https://p01.mul-pay.jp/payment/SearchMember.idPass from 75.85.7.26
2024/11/23 20:34:17 [/shop/shopping/load_payment_module.php] Array
(
    [SiteID] => mst0000007602
    [SitePass] => ******
    [MemberID] => 11028
)
 from 75.85.7.26
2024/11/23 20:34:17 [/shop/shopping/load_payment_module.php] ErrCode=E01&ErrInfo=E01390002 from 75.85.7.26
2024/11/23 20:34:17 [/shop/shopping/load_payment_module.php] Array
(
    [0] => Array
        (
            [ErrCode] => E01
            [ErrInfo] => E01390002
        )

)
 from 75.85.7.26
2024/11/23 20:34:17 [/shop/shopping/load_payment_module.php] SendRequest:https://p01.mul-pay.jp/payment/SearchCard.idPass from 75.85.7.26
2024/11/23 20:34:17 [/shop/shopping/load_payment_module.php] Array
(
    [SiteID] => mst0000007602
    [SitePass] => ******
    [MemberID] => 11028
)
 from 75.85.7.26
2024/11/23 20:34:18 [/shop/shopping/load_payment_module.php] ErrCode=E01|E01&ErrInfo=E01390002|E01240002 from 75.85.7.26
2024/11/23 20:34:18 [/shop/shopping/load_payment_module.php] Array
(
    [0] => Array
        (
            [ErrCode] => E01
            [ErrInfo] => E01390002
        )

    [1] => Array
        (
            [ErrCode] => E01
            [ErrInfo] => E01240002
        )

)
 from 75.85.7.26
2024/11/23 20:34:18 [/shop/shopping/load_payment_module.php] SendRequest:https://p01.mul-pay.jp/payment/EntryTran.idPass from 75.85.7.26
2024/11/23 20:34:18 [/shop/shopping/load_payment_module.php] Array
(
    [ShopID] => 9000034600950
    [ShopPass] => ******
    [OrderID] => 959834-23203418
    [JobCd] => CAPTURE
    [Amount] => 12980
    [TdFlag] => 0
    [TdTenantName] => 
)
 from 75.85.7.26
2024/11/23 20:34:18 [/shop/shopping/load_payment_module.php] AccessID=16a6f3ff1c8cac2521dfeb74b2d0ffed&AccessPass=f8b8b3a5b9110bd130c7a88b39c57afe from 75.85.7.26
2024/11/23 20:34:18 [/shop/shopping/load_payment_module.php] Array
(
    [0] => Array
        (
            [AccessID] => 16a6f3ff1c8cac2521dfeb74b2d0ffed
            [AccessPass] => f8b8b3a5b9110bd130c7a88b39c57afe
        )

)
 from 75.85.7.26
2024/11/23 20:34:18 [/shop/shopping/load_payment_module.php] load_payment_module.php set payment data:Array
(
    [AccessID] => 16a6f3ff1c8cac2521dfeb74b2d0ffed
    [AccessPass] => f8b8b3a5b9110bd130c7a88b39c57afe
    [OrderID] => 959834-23203418
    [Amount] => 12980
    [JobCd] => CAPTURE
    [action_status] => 1
    [pay_status] => 0
)
 from 75.85.7.26
2024/11/23 20:34:18 [/shop/shopping/load_payment_module.php] SendRequest:https://p01.mul-pay.jp/payment/ExecTran.idPass from 75.85.7.26
2024/11/23 20:34:18 [/shop/shopping/load_payment_module.php] Array
(
    [AccessID] => 16a6f3ff1c8cac2521dfeb74b2d0ffed
    [AccessPass] => f8b8b3a5b9110bd130c7a88b39c57afe
    [OrderID] => 959834-23203418
    [Method] => 1
    [Token] => 13df8c88ef179bbb7fe90d220d75fabfff6a47867d9b34add2346ed7500e8463
    [ClientField1] => 
    [ClientField2] => 
    [ClientField3] => EC-CUBE4.3.35
)
 from 75.85.7.26
2024/11/23 20:34:18 [/shop/shopping/load_payment_module.php] ACS=0&OrderID=959834-23203418&Forward=2959876&Method=1&PayTimes=&Approve=0025649&TranID=2411232034602257210134173648&TranDate=20241123203418&CheckString=4e28246f04cdcf01603f9a9b93b0c98c from 75.85.7.26
2024/11/23 20:34:18 [/shop/shopping/load_payment_module.php] Array
(
    [0] => Array
        (
            [ACS] => 0
            [OrderID] => 959834-23203418
            [Forward] => 2959876
            [Method] => 1
            [PayTimes] => 
            [Approve] => 0025649
            [TranID] => 2411232034602257210134173648
            [TranDate] => 20241123203418
            [CheckString] => 4e28246f04cdcf01603f9a9b93b0c98c
        )

)
 from 75.85.7.26
2024/11/23 20:34:18 [/shop/shopping/load_payment_module.php] load_payment_module.php set payment data:Array
(
    [ACS] => 0
    [Forward] => 2959876
    [Method] => 1
    [PayTimes] => 
    [Approve] => 0025649
    [TranID] => 2411232034602257210134173648
    [TranDate] => 20241123203418
    [CheckString] => 4e28246f04cdcf01603f9a9b93b0c98c
    [Amount] => 12980
    [JobCd] => CAPTURE
    [action_status] => 3
    [pay_status] => 13
)
 from 75.85.7.26
2024/11/23 20:34:19 [/shop/user_data/pg_mulpay_recv.php] ******* receiveer data start ******* from 210.175.7.20
2024/11/23 20:34:19 [/shop/user_data/pg_mulpay_recv.php] Array
(
    [ShopID] => 9000034600950
    [ShopPass] => **********
    [AccessID] => 16a6f3ff1c8cac2521dfeb74b2d0ffed
    [AccessPass] => ********************************
    [OrderID] => 959834-23203418
    [Status] => CAPTURE
    [JobCd] => CAPTURE
    [Amount] => 12980
    [Tax] => 0
    [Currency] => JPN
    [Forward] => 2959876
    [Method] => 1
    [PayTimes] => 
    [TranID] => 2411232034602257210134173648
    [Approve] => 0025649
    [TranDate] => 20241123203418
    [ErrCode] => 
    [ErrInfo] => 
    [PayType] => 0
)
 from 210.175.7.20
2024/11/23 20:34:19 [/shop/user_data/pg_mulpay_recv.php] ******* receiveer data end ******* from 210.175.7.20
2024/11/23 20:34:24 [/shop/user_data/pg_mulpay_recv.php] update order status:1 order_id=959834 from 210.175.7.20
2024/11/23 20:34:24 [/shop/user_data/pg_mulpay_recv.php] pg_mulpay_recv.php set payment data:Array
(
    [ShopID] => 9000034600950
    [AccessID] => 16a6f3ff1c8cac2521dfeb74b2d0ffed
    [OrderID] => 959834-23203418
    [Status] => CAPTURE
    [JobCd] => CAPTURE
    [Amount] => 12980
    [Tax] => 0
    [Currency] => JPN
    [Forward] => 2959876
    [Method] => 1
    [PayTimes] => 
    [TranID] => 2411232034602257210134173648
    [Approve] => 0025649
    [TranDate] => 20241123203418
    [ErrCode] => 
    [ErrInfo] => 
    [PayType] => 0
    [CvsCode] => 
    [CvsConfNo] => 
    [CvsReceiptNo] => 
    [EdyReceiptNo] => 
    [EdyOrderNo] => 
    [SuicaReceiptNo] => 
    [SuicaOrderNo] => 
    [CustID] => 
    [BkCode] => 
    [ConfNo] => 
    [PaymentTerm] => 
    [EncryptReceiptNo] => 
    [FinishDate] => 
    [ReceiptDate] => 
    [WebMoneyManagementNo] => 
    [WebMoneySettleCode] => 
    [AuPayInfoNo] => 
    [AuPayMethod] => 
    [AuCancelAmount] => 
    [AuCancelTax] => 
    [DocomoSettlementCode] => 
    [DocomoCancelAmount] => 
    [DocomoCancelTax] => 
    [pay_status] => 13
)
 from 210.175.7.20
2024/11/23 20:34:24 [/shop/user_data/pg_mulpay_recv.php] response:true from 210.175.7.20
