2021/11/29 01:36:25 [/shop/shopping/load_payment_module.php] SendRequest:https://p01.mul-pay.jp/payment/SearchMember.idPass from 106.146.95.149
2021/11/29 01:36:25 [/shop/shopping/load_payment_module.php] Array
(
    [SiteID] => mst0000007602
    [SitePass] => ******
    [MemberID] => 10604
)
 from 106.146.95.149
2021/11/29 01:36:25 [/shop/shopping/load_payment_module.php] ErrCode=E01&ErrInfo=E01390002 from 106.146.95.149
2021/11/29 01:36:25 [/shop/shopping/load_payment_module.php] Array
(
    [0] => Array
        (
            [ErrCode] => E01
            [ErrInfo] => E01390002
        )

)
 from 106.146.95.149
2021/11/29 01:36:25 [/shop/shopping/load_payment_module.php] SendRequest:https://p01.mul-pay.jp/payment/SearchCard.idPass from 106.146.95.149
2021/11/29 01:36:25 [/shop/shopping/load_payment_module.php] Array
(
    [SiteID] => mst0000007602
    [SitePass] => ******
    [MemberID] => 10604
)
 from 106.146.95.149
2021/11/29 01:36:25 [/shop/shopping/load_payment_module.php] ErrCode=E01|E01&ErrInfo=E01390002|E01240002 from 106.146.95.149
2021/11/29 01:36:25 [/shop/shopping/load_payment_module.php] Array
(
    [0] => Array
        (
            [ErrCode] => E01
            [ErrInfo] => E01390002
        )

    [1] => Array
        (
            [ErrCode] => E01
            [ErrInfo] => E01240002
        )

)
 from 106.146.95.149
2021/11/29 08:46:27 [/shop/shopping/load_payment_module.php] SendRequest:https://p01.mul-pay.jp/payment/EntryTran.idPass from 210.227.119.120
2021/11/29 08:46:27 [/shop/shopping/load_payment_module.php] Array
(
    [ShopID] => 9000034600950
    [ShopPass] => ******
    [OrderID] => 946051-29084627
    [JobCd] => CAPTURE
    [Amount] => 8850
    [TdFlag] => 0
    [TdTenantName] => 
)
 from 210.227.119.120
2021/11/29 08:46:27 [/shop/shopping/load_payment_module.php] AccessID=49289e571f6b16c6f6c61ed7bd31f628&AccessPass=e52299f01f52dceefe3a98bb6072cec4 from 210.227.119.120
2021/11/29 08:46:27 [/shop/shopping/load_payment_module.php] Array
(
    [0] => Array
        (
            [AccessID] => 49289e571f6b16c6f6c61ed7bd31f628
            [AccessPass] => e52299f01f52dceefe3a98bb6072cec4
        )

)
 from 210.227.119.120
2021/11/29 08:46:27 [/shop/shopping/load_payment_module.php] load_payment_module.php set payment data:Array
(
    [AccessID] => 49289e571f6b16c6f6c61ed7bd31f628
    [AccessPass] => e52299f01f52dceefe3a98bb6072cec4
    [OrderID] => 946051-29084627
    [Amount] => 8850
    [JobCd] => CAPTURE
    [action_status] => 1
    [pay_status] => 0
)
 from 210.227.119.120
2021/11/29 08:46:27 [/shop/shopping/load_payment_module.php] SendRequest:https://p01.mul-pay.jp/payment/ExecTran.idPass from 210.227.119.120
2021/11/29 08:46:27 [/shop/shopping/load_payment_module.php] Array
(
    [AccessID] => 49289e571f6b16c6f6c61ed7bd31f628
    [AccessPass] => e52299f01f52dceefe3a98bb6072cec4
    [OrderID] => 946051-29084627
    [Method] => 1
    [Token] => 6dae1e167e2398dabfdc62d0001be317861d507f0a8577b5f9788ef248f2e53a
    [ClientField1] => 
    [ClientField2] => 
    [ClientField3] => EC-CUBE4.3.35
)
 from 210.227.119.120
2021/11/29 08:46:28 [/shop/shopping/load_payment_module.php] ACS=0&OrderID=946051-29084627&Forward=2S49631&Method=1&PayTimes=&Approve=0029949&TranID=2111290846602257210134150010&TranDate=20211129084628&CheckString=219101f88e8911ffa18a1bbbbda395ac from 210.227.119.120
2021/11/29 08:46:28 [/shop/shopping/load_payment_module.php] Array
(
    [0] => Array
        (
            [ACS] => 0
            [OrderID] => 946051-29084627
            [Forward] => 2S49631
            [Method] => 1
            [PayTimes] => 
            [Approve] => 0029949
            [TranID] => 2111290846602257210134150010
            [TranDate] => 20211129084628
            [CheckString] => 219101f88e8911ffa18a1bbbbda395ac
        )

)
 from 210.227.119.120
2021/11/29 08:46:28 [/shop/shopping/load_payment_module.php] load_payment_module.php set payment data:Array
(
    [ACS] => 0
    [Forward] => 2S49631
    [Method] => 1
    [PayTimes] => 
    [Approve] => 0029949
    [TranID] => 2111290846602257210134150010
    [TranDate] => 20211129084628
    [CheckString] => 219101f88e8911ffa18a1bbbbda395ac
    [Amount] => 8850
    [JobCd] => CAPTURE
    [action_status] => 3
    [pay_status] => 13
)
 from 210.227.119.120
2021/11/29 08:46:28 [/shop/user_data/pg_mulpay_recv.php] ******* receiveer data start ******* from 210.175.7.20
2021/11/29 08:46:28 [/shop/user_data/pg_mulpay_recv.php] Array
(
    [ShopID] => 9000034600950
    [ShopPass] => **********
    [AccessID] => 49289e571f6b16c6f6c61ed7bd31f628
    [AccessPass] => ********************************
    [OrderID] => 946051-29084627
    [Status] => CAPTURE
    [JobCd] => CAPTURE
    [Amount] => 8850
    [Tax] => 0
    [Currency] => JPN
    [Forward] => 2S49631
    [Method] => 1
    [PayTimes] => 
    [TranID] => 2111290846602257210134150010
    [Approve] => 0029949
    [TranDate] => 20211129084628
    [ErrCode] => 
    [ErrInfo] => 
    [PayType] => 0
)
 from 210.175.7.20
2021/11/29 08:46:28 [/shop/user_data/pg_mulpay_recv.php] ******* receiveer data end ******* from 210.175.7.20
2021/11/29 08:46:33 [/shop/user_data/pg_mulpay_recv.php] update order status:1 order_id=946051 from 210.175.7.20
2021/11/29 08:46:33 [/shop/user_data/pg_mulpay_recv.php] pg_mulpay_recv.php set payment data:Array
(
    [ShopID] => 9000034600950
    [AccessID] => 49289e571f6b16c6f6c61ed7bd31f628
    [OrderID] => 946051-29084627
    [Status] => CAPTURE
    [JobCd] => CAPTURE
    [Amount] => 8850
    [Tax] => 0
    [Currency] => JPN
    [Forward] => 2S49631
    [Method] => 1
    [PayTimes] => 
    [TranID] => 2111290846602257210134150010
    [Approve] => 0029949
    [TranDate] => 20211129084628
    [ErrCode] => 
    [ErrInfo] => 
    [PayType] => 0
    [CvsCode] => 
    [CvsConfNo] => 
    [CvsReceiptNo] => 
    [EdyReceiptNo] => 
    [EdyOrderNo] => 
    [SuicaReceiptNo] => 
    [SuicaOrderNo] => 
    [CustID] => 
    [BkCode] => 
    [ConfNo] => 
    [PaymentTerm] => 
    [EncryptReceiptNo] => 
    [FinishDate] => 
    [ReceiptDate] => 
    [WebMoneyManagementNo] => 
    [WebMoneySettleCode] => 
    [AuPayInfoNo] => 
    [AuPayMethod] => 
    [AuCancelAmount] => 
    [AuCancelTax] => 
    [DocomoSettlementCode] => 
    [DocomoCancelAmount] => 
    [DocomoCancelTax] => 
    [pay_status] => 13
)
 from 210.175.7.20
2021/11/29 08:46:33 [/shop/user_data/pg_mulpay_recv.php] response:true from 210.175.7.20
2021/11/29 10:40:17 [/shop/master/order/edit.php] edit.php set payment data:Array
(
    [no_update_status_flg] => 1
)
 from 114.160.216.147
2021/11/29 10:40:17 [/shop/master/order/edit.php] SendRequest:https://p01.mul-pay.jp/payment/ChangeTran.idPass from 114.160.216.147
2021/11/29 10:40:17 [/shop/master/order/edit.php] Array
(
    [ShopID] => 9000034600950
    [ShopPass] => ******
    [AccessID] => feddaa5a0c1c772ebe5b591164bbfbd2
    [AccessPass] => 9f229763ab5d8abe40e83c99285d5207
    [JobCd] => CAPTURE
    [Amount] => 3521
)
 from 114.160.216.147
2021/11/29 10:40:18 [/shop/master/order/edit.php] ErrCode=G54&ErrInfo=42G540000 from 114.160.216.147
2021/11/29 10:40:18 [/shop/master/order/edit.php] Array
(
    [0] => Array
        (
            [ErrCode] => G54
            [ErrInfo] => 42G540000
        )

)
 from 114.160.216.147
2021/11/29 10:40:19 [/shop/user_data/pg_mulpay_recv.php] ******* receiveer data start ******* from 210.175.7.20
2021/11/29 10:40:19 [/shop/user_data/pg_mulpay_recv.php] Array
(
    [ShopID] => 9000034600950
    [ShopPass] => **********
    [AccessID] => feddaa5a0c1c772ebe5b591164bbfbd2
    [AccessPass] => ********************************
    [OrderID] => 945853-07143412
    [Status] => CAPTURE
    [JobCd] => CAPTURE
    [Amount] => 3521
    [Tax] => 0
    [Currency] => JPN
    [Forward] => 2S49631
    [Method] => 1
    [PayTimes] => 
    [TranID] => 2111291040602257210134100599
    [Approve] =>        
    [TranDate] => 20211129104018
    [ErrCode] => G54
    [ErrInfo] => 42G540000
    [PayType] => 0
)
 from 210.175.7.20
2021/11/29 10:40:19 [/shop/user_data/pg_mulpay_recv.php] ******* receiveer data end ******* from 210.175.7.20
2021/11/29 10:40:24 [/shop/user_data/pg_mulpay_recv.php] no update order status order_id=945853 from 210.175.7.20
2021/11/29 10:40:24 [/shop/user_data/pg_mulpay_recv.php] pg_mulpay_recv.php set payment data:Array
(
    [ShopID] => 9000034600950
    [AccessID] => feddaa5a0c1c772ebe5b591164bbfbd2
    [OrderID] => 945853-07143412
    [Status] => CAPTURE
    [JobCd] => CAPTURE
    [Amount] => 3521
    [Tax] => 0
    [Currency] => JPN
    [Forward] => 2S49631
    [Method] => 1
    [PayTimes] => 
    [TranID] => 2111291040602257210134100599
    [TranDate] => 20211129104018
    [ErrCode] => G54
    [ErrInfo] => 42G540000
    [PayType] => 0
    [CvsCode] => 
    [CvsConfNo] => 
    [CvsReceiptNo] => 
    [EdyReceiptNo] => 
    [EdyOrderNo] => 
    [SuicaReceiptNo] => 
    [SuicaOrderNo] => 
    [CustID] => 
    [BkCode] => 
    [ConfNo] => 
    [PaymentTerm] => 
    [EncryptReceiptNo] => 
    [FinishDate] => 
    [ReceiptDate] => 
    [WebMoneyManagementNo] => 
    [WebMoneySettleCode] => 
    [AuPayInfoNo] => 
    [AuPayMethod] => 
    [AuCancelAmount] => 
    [AuCancelTax] => 
    [DocomoSettlementCode] => 
    [DocomoCancelAmount] => 
    [DocomoCancelTax] => 
    [pay_status] => 13
    [no_update_status_flg] => 0
)
 from 210.175.7.20
2021/11/29 10:40:24 [/shop/user_data/pg_mulpay_recv.php] response:true from 210.175.7.20
2021/11/29 12:07:57 [/shop/shopping/load_payment_module.php] SendRequest:https://p01.mul-pay.jp/payment/EntryTran.idPass from 150.249.201.99
2021/11/29 12:07:57 [/shop/shopping/load_payment_module.php] Array
(
    [ShopID] => 9000034600950
    [ShopPass] => ******
    [OrderID] => 946052-29120757
    [JobCd] => CAPTURE
    [Amount] => 1880
    [TdFlag] => 0
    [TdTenantName] => 
)
 from 150.249.201.99
2021/11/29 12:07:58 [/shop/shopping/load_payment_module.php] AccessID=801b2f32e50082c2498b4eca6ca28a98&AccessPass=69125830a7d0ae02b98ad2163f6153ef from 150.249.201.99
2021/11/29 12:07:58 [/shop/shopping/load_payment_module.php] Array
(
    [0] => Array
        (
            [AccessID] => 801b2f32e50082c2498b4eca6ca28a98
            [AccessPass] => 69125830a7d0ae02b98ad2163f6153ef
        )

)
 from 150.249.201.99
2021/11/29 12:07:58 [/shop/shopping/load_payment_module.php] load_payment_module.php set payment data:Array
(
    [AccessID] => 801b2f32e50082c2498b4eca6ca28a98
    [AccessPass] => 69125830a7d0ae02b98ad2163f6153ef
    [OrderID] => 946052-29120757
    [Amount] => 1880
    [JobCd] => CAPTURE
    [action_status] => 1
    [pay_status] => 0
)
 from 150.249.201.99
2021/11/29 12:07:58 [/shop/shopping/load_payment_module.php] SendRequest:https://p01.mul-pay.jp/payment/ExecTran.idPass from 150.249.201.99
2021/11/29 12:07:58 [/shop/shopping/load_payment_module.php] Array
(
    [AccessID] => 801b2f32e50082c2498b4eca6ca28a98
    [AccessPass] => 69125830a7d0ae02b98ad2163f6153ef
    [OrderID] => 946052-29120757
    [Method] => 1
    [Token] => 1d6b7353d9e480dde7575ae0bfdaa0568658074109f28877ea3c7aad636e5624
    [ClientField1] => 
    [ClientField2] => 
    [ClientField3] => EC-CUBE4.3.35
)
 from 150.249.201.99
2021/11/29 12:07:59 [/shop/shopping/load_payment_module.php] ACS=0&OrderID=946052-29120757&Forward=2959876&Method=1&PayTimes=&Approve=0027767&TranID=2111291207602257210134180006&TranDate=20211129120759&CheckString=dd128fbccf8571ff44b176dee06715f3 from 150.249.201.99
2021/11/29 12:07:59 [/shop/shopping/load_payment_module.php] Array
(
    [0] => Array
        (
            [ACS] => 0
            [OrderID] => 946052-29120757
            [Forward] => 2959876
            [Method] => 1
            [PayTimes] => 
            [Approve] => 0027767
            [TranID] => 2111291207602257210134180006
            [TranDate] => 20211129120759
            [CheckString] => dd128fbccf8571ff44b176dee06715f3
        )

)
 from 150.249.201.99
2021/11/29 12:07:59 [/shop/shopping/load_payment_module.php] load_payment_module.php set payment data:Array
(
    [ACS] => 0
    [Forward] => 2959876
    [Method] => 1
    [PayTimes] => 
    [Approve] => 0027767
    [TranID] => 2111291207602257210134180006
    [TranDate] => 20211129120759
    [CheckString] => dd128fbccf8571ff44b176dee06715f3
    [Amount] => 1880
    [JobCd] => CAPTURE
    [action_status] => 3
    [pay_status] => 13
)
 from 150.249.201.99
2021/11/29 12:07:59 [/shop/user_data/pg_mulpay_recv.php] ******* receiveer data start ******* from 210.175.7.20
2021/11/29 12:07:59 [/shop/user_data/pg_mulpay_recv.php] Array
(
    [ShopID] => 9000034600950
    [ShopPass] => **********
    [AccessID] => 801b2f32e50082c2498b4eca6ca28a98
    [AccessPass] => ********************************
    [OrderID] => 946052-29120757
    [Status] => CAPTURE
    [JobCd] => CAPTURE
    [Amount] => 1880
    [Tax] => 0
    [Currency] => JPN
    [Forward] => 2959876
    [Method] => 1
    [PayTimes] => 
    [TranID] => 2111291207602257210134180006
    [Approve] => 0027767
    [TranDate] => 20211129120759
    [ErrCode] => 
    [ErrInfo] => 
    [PayType] => 0
)
 from 210.175.7.20
2021/11/29 12:07:59 [/shop/user_data/pg_mulpay_recv.php] ******* receiveer data end ******* from 210.175.7.20
2021/11/29 12:08:04 [/shop/user_data/pg_mulpay_recv.php] update order status:1 order_id=946052 from 210.175.7.20
2021/11/29 12:08:04 [/shop/user_data/pg_mulpay_recv.php] pg_mulpay_recv.php set payment data:Array
(
    [ShopID] => 9000034600950
    [AccessID] => 801b2f32e50082c2498b4eca6ca28a98
    [OrderID] => 946052-29120757
    [Status] => CAPTURE
    [JobCd] => CAPTURE
    [Amount] => 1880
    [Tax] => 0
    [Currency] => JPN
    [Forward] => 2959876
    [Method] => 1
    [PayTimes] => 
    [TranID] => 2111291207602257210134180006
    [Approve] => 0027767
    [TranDate] => 20211129120759
    [ErrCode] => 
    [ErrInfo] => 
    [PayType] => 0
    [CvsCode] => 
    [CvsConfNo] => 
    [CvsReceiptNo] => 
    [EdyReceiptNo] => 
    [EdyOrderNo] => 
    [SuicaReceiptNo] => 
    [SuicaOrderNo] => 
    [CustID] => 
    [BkCode] => 
    [ConfNo] => 
    [PaymentTerm] => 
    [EncryptReceiptNo] => 
    [FinishDate] => 
    [ReceiptDate] => 
    [WebMoneyManagementNo] => 
    [WebMoneySettleCode] => 
    [AuPayInfoNo] => 
    [AuPayMethod] => 
    [AuCancelAmount] => 
    [AuCancelTax] => 
    [DocomoSettlementCode] => 
    [DocomoCancelAmount] => 
    [DocomoCancelTax] => 
    [pay_status] => 13
)
 from 210.175.7.20
2021/11/29 12:08:04 [/shop/user_data/pg_mulpay_recv.php] response:true from 210.175.7.20
2021/11/29 12:25:35 [/shop/master/order/edit.php] SendRequest:https://p01.mul-pay.jp/payment/AlterTran.idPass from 114.160.216.147
2021/11/29 12:25:35 [/shop/master/order/edit.php] Array
(
    [ShopID] => 9000034600950
    [ShopPass] => ******
    [AccessID] => 640d88cb565ad8f408dbbe43d339a3d7
    [AccessPass] => b539f9c8cff387b2999c573d8c434892
    [JobCd] => RETURN
)
 from 114.160.216.147
2021/11/29 12:25:37 [/shop/master/order/edit.php] AccessID=640d88cb565ad8f408dbbe43d339a3d7&AccessPass=b539f9c8cff387b2999c573d8c434892&Forward=2S49631&Approve=0014752&TranID=2111291225602257210134114086&TranDate=20211129122537 from 114.160.216.147
2021/11/29 12:25:37 [/shop/master/order/edit.php] Array
(
    [0] => Array
        (
            [AccessID] => 640d88cb565ad8f408dbbe43d339a3d7
            [AccessPass] => b539f9c8cff387b2999c573d8c434892
            [Forward] => 2S49631
            [Approve] => 0014752
            [TranID] => 2111291225602257210134114086
            [TranDate] => 20211129122537
        )

)
 from 114.160.216.147
2021/11/29 12:25:37 [/shop/master/order/edit.php] edit.php set payment data:Array
(
    [AccessID] => 640d88cb565ad8f408dbbe43d339a3d7
    [AccessPass] => b539f9c8cff387b2999c573d8c434892
    [Forward] => 2S49631
    [Approve] => 0014752
    [TranID] => 2111291225602257210134114086
    [TranDate] => 20211129122537
    [JobCd] => RETURN
    [action_status] => 6
    [pay_status] => 15
)
 from 114.160.216.147
2021/11/29 12:25:37 [/shop/user_data/pg_mulpay_recv.php] ******* receiveer data start ******* from 210.175.7.20
2021/11/29 12:25:37 [/shop/user_data/pg_mulpay_recv.php] Array
(
    [ShopID] => 9000034600950
    [ShopPass] => **********
    [AccessID] => 640d88cb565ad8f408dbbe43d339a3d7
    [AccessPass] => ********************************
    [OrderID] => 945998-19110608
    [Status] => RETURN
    [JobCd] => RETURN
    [Amount] => 7331
    [Tax] => 0
    [Currency] => JPN
    [Forward] => 2S49631
    [Method] => 1
    [PayTimes] => 
    [TranID] => 2111291225602257210134114086
    [Approve] => 0014752
    [TranDate] => 20211129122537
    [ErrCode] => 
    [ErrInfo] => 
    [PayType] => 0
)
 from 210.175.7.20
2021/11/29 12:25:37 [/shop/user_data/pg_mulpay_recv.php] ******* receiveer data end ******* from 210.175.7.20
2021/11/29 12:25:37 [/shop/user_data/pg_mulpay_recv.php] pg_mulpay_recv.php set payment data:Array
(
    [ShopID] => 9000034600950
    [AccessID] => 640d88cb565ad8f408dbbe43d339a3d7
    [OrderID] => 945998-19110608
    [Status] => RETURN
    [JobCd] => RETURN
    [Amount] => 7331
    [Tax] => 0
    [Currency] => JPN
    [Forward] => 2S49631
    [Method] => 1
    [PayTimes] => 
    [TranID] => 2111291225602257210134114086
    [Approve] => 0014752
    [TranDate] => 20211129122537
    [ErrCode] => 
    [ErrInfo] => 
    [PayType] => 0
    [CvsCode] => 
    [CvsConfNo] => 
    [CvsReceiptNo] => 
    [EdyReceiptNo] => 
    [EdyOrderNo] => 
    [SuicaReceiptNo] => 
    [SuicaOrderNo] => 
    [CustID] => 
    [BkCode] => 
    [ConfNo] => 
    [PaymentTerm] => 
    [EncryptReceiptNo] => 
    [FinishDate] => 
    [ReceiptDate] => 
    [WebMoneyManagementNo] => 
    [WebMoneySettleCode] => 
    [AuPayInfoNo] => 
    [AuPayMethod] => 
    [AuCancelAmount] => 
    [AuCancelTax] => 
    [DocomoSettlementCode] => 
    [DocomoCancelAmount] => 
    [DocomoCancelTax] => 
    [pay_status] => 15
)
 from 210.175.7.20
2021/11/29 12:25:37 [/shop/user_data/pg_mulpay_recv.php] response:true from 210.175.7.20
