2021/06/22 05:17:45 [/shop/shopping/load_payment_module.php] SendRequest:https://p01.mul-pay.jp/payment/EntryTran.idPass from 126.182.58.61
2021/06/22 05:17:45 [/shop/shopping/load_payment_module.php] Array
(
    [ShopID] => 9000034600950
    [ShopPass] => ******
    [OrderID] => 945463-22051745
    [JobCd] => CAPTURE
    [Amount] => 22000
    [TdFlag] => 0
    [TdTenantName] => 
)
 from 126.182.58.61
2021/06/22 05:17:45 [/shop/shopping/load_payment_module.php] AccessID=a7a22bb6bf0d4996828b299322356688&AccessPass=6d7466e4720c4a9d74f39064270c9dd8 from 126.182.58.61
2021/06/22 05:17:45 [/shop/shopping/load_payment_module.php] Array
(
    [0] => Array
        (
            [AccessID] => a7a22bb6bf0d4996828b299322356688
            [AccessPass] => 6d7466e4720c4a9d74f39064270c9dd8
        )

)
 from 126.182.58.61
2021/06/22 05:17:45 [/shop/shopping/load_payment_module.php] load_payment_module.php set payment data:Array
(
    [AccessID] => a7a22bb6bf0d4996828b299322356688
    [AccessPass] => 6d7466e4720c4a9d74f39064270c9dd8
    [OrderID] => 945463-22051745
    [Amount] => 22000
    [JobCd] => CAPTURE
    [action_status] => 1
    [pay_status] => 0
)
 from 126.182.58.61
2021/06/22 05:17:45 [/shop/shopping/load_payment_module.php] SendRequest:https://p01.mul-pay.jp/payment/ExecTran.idPass from 126.182.58.61
2021/06/22 05:17:45 [/shop/shopping/load_payment_module.php] Array
(
    [AccessID] => a7a22bb6bf0d4996828b299322356688
    [AccessPass] => 6d7466e4720c4a9d74f39064270c9dd8
    [OrderID] => 945463-22051745
    [Method] => 1
    [Token] => 2801de0a6f379a4536a2b734f7c3f531001f9beac292eb298ce0333fdc9a86c1
    [ClientField1] => 
    [ClientField2] => 
    [ClientField3] => EC-CUBE4.3.24
)
 from 126.182.58.61
2021/06/22 05:17:46 [/shop/shopping/load_payment_module.php] ACS=0&OrderID=945463-22051745&Forward=2S49631&Method=1&PayTimes=&Approve=0003208&TranID=2106220517602257210134133584&TranDate=20210622051747&CheckString=2b31ab2575eae73235b78cb74ebfff60 from 126.182.58.61
2021/06/22 05:17:46 [/shop/shopping/load_payment_module.php] Array
(
    [0] => Array
        (
            [ACS] => 0
            [OrderID] => 945463-22051745
            [Forward] => 2S49631
            [Method] => 1
            [PayTimes] => 
            [Approve] => 0003208
            [TranID] => 2106220517602257210134133584
            [TranDate] => 20210622051747
            [CheckString] => 2b31ab2575eae73235b78cb74ebfff60
        )

)
 from 126.182.58.61
2021/06/22 05:17:46 [/shop/shopping/load_payment_module.php] load_payment_module.php set payment data:Array
(
    [ACS] => 0
    [Forward] => 2S49631
    [Method] => 1
    [PayTimes] => 
    [Approve] => 0003208
    [TranID] => 2106220517602257210134133584
    [TranDate] => 20210622051747
    [CheckString] => 2b31ab2575eae73235b78cb74ebfff60
    [Amount] => 22000
    [JobCd] => CAPTURE
    [action_status] => 3
    [pay_status] => 13
)
 from 126.182.58.61
2021/06/22 05:17:46 [/shop/user_data/pg_mulpay_recv.php] ******* receiveer data start ******* from 210.175.7.20
2021/06/22 05:17:46 [/shop/user_data/pg_mulpay_recv.php] Array
(
    [ShopID] => 9000034600950
    [ShopPass] => **********
    [AccessID] => a7a22bb6bf0d4996828b299322356688
    [AccessPass] => ********************************
    [OrderID] => 945463-22051745
    [Status] => CAPTURE
    [JobCd] => CAPTURE
    [Amount] => 22000
    [Tax] => 0
    [Currency] => JPN
    [Forward] => 2S49631
    [Method] => 1
    [PayTimes] => 
    [TranID] => 2106220517602257210134133584
    [Approve] => 0003208
    [TranDate] => 20210622051747
    [ErrCode] => 
    [ErrInfo] => 
    [PayType] => 0
)
 from 210.175.7.20
2021/06/22 05:17:46 [/shop/user_data/pg_mulpay_recv.php] ******* receiveer data end ******* from 210.175.7.20
2021/06/22 05:17:51 [/shop/user_data/pg_mulpay_recv.php] update order status:1 order_id=945463 from 210.175.7.20
2021/06/22 05:17:51 [/shop/user_data/pg_mulpay_recv.php] pg_mulpay_recv.php set payment data:Array
(
    [ShopID] => 9000034600950
    [AccessID] => a7a22bb6bf0d4996828b299322356688
    [OrderID] => 945463-22051745
    [Status] => CAPTURE
    [JobCd] => CAPTURE
    [Amount] => 22000
    [Tax] => 0
    [Currency] => JPN
    [Forward] => 2S49631
    [Method] => 1
    [PayTimes] => 
    [TranID] => 2106220517602257210134133584
    [Approve] => 0003208
    [TranDate] => 20210622051747
    [ErrCode] => 
    [ErrInfo] => 
    [PayType] => 0
    [CvsCode] => 
    [CvsConfNo] => 
    [CvsReceiptNo] => 
    [EdyReceiptNo] => 
    [EdyOrderNo] => 
    [SuicaReceiptNo] => 
    [SuicaOrderNo] => 
    [CustID] => 
    [BkCode] => 
    [ConfNo] => 
    [PaymentTerm] => 
    [EncryptReceiptNo] => 
    [FinishDate] => 
    [ReceiptDate] => 
    [WebMoneyManagementNo] => 
    [WebMoneySettleCode] => 
    [AuPayInfoNo] => 
    [AuPayMethod] => 
    [AuCancelAmount] => 
    [AuCancelTax] => 
    [DocomoSettlementCode] => 
    [DocomoCancelAmount] => 
    [DocomoCancelTax] => 
    [pay_status] => 13
)
 from 210.175.7.20
2021/06/22 05:17:52 [/shop/user_data/pg_mulpay_recv.php] response:true from 210.175.7.20
2021/06/22 16:31:57 [/shop/shopping/load_payment_module.php] SendRequest:https://p01.mul-pay.jp/payment/EntryTran.idPass from 126.182.58.61
2021/06/22 16:31:58 [/shop/shopping/load_payment_module.php] Array
(
    [ShopID] => 9000034600950
    [ShopPass] => ******
    [OrderID] => 945464-22163157
    [JobCd] => CAPTURE
    [Amount] => 7630
    [TdFlag] => 0
    [TdTenantName] => 
)
 from 126.182.58.61
2021/06/22 16:31:58 [/shop/shopping/load_payment_module.php] AccessID=d63f911f885f12be749f10929206565a&AccessPass=528d8a57a60a222b5c020da701b5e4de from 126.182.58.61
2021/06/22 16:31:58 [/shop/shopping/load_payment_module.php] Array
(
    [0] => Array
        (
            [AccessID] => d63f911f885f12be749f10929206565a
            [AccessPass] => 528d8a57a60a222b5c020da701b5e4de
        )

)
 from 126.182.58.61
2021/06/22 16:31:58 [/shop/shopping/load_payment_module.php] load_payment_module.php set payment data:Array
(
    [AccessID] => d63f911f885f12be749f10929206565a
    [AccessPass] => 528d8a57a60a222b5c020da701b5e4de
    [OrderID] => 945464-22163157
    [Amount] => 7630
    [JobCd] => CAPTURE
    [action_status] => 1
    [pay_status] => 0
)
 from 126.182.58.61
2021/06/22 16:31:58 [/shop/shopping/load_payment_module.php] SendRequest:https://p01.mul-pay.jp/payment/ExecTran.idPass from 126.182.58.61
2021/06/22 16:31:58 [/shop/shopping/load_payment_module.php] Array
(
    [AccessID] => d63f911f885f12be749f10929206565a
    [AccessPass] => 528d8a57a60a222b5c020da701b5e4de
    [OrderID] => 945464-22163157
    [Method] => 1
    [Token] => 2d92c9235249367cdb9466038a8f569c4cc0cb20da2c4347eddfa952b4176957
    [ClientField1] => 
    [ClientField2] => 
    [ClientField3] => EC-CUBE4.3.24
)
 from 126.182.58.61
2021/06/22 16:32:00 [/shop/shopping/load_payment_module.php] ACS=0&OrderID=945464-22163157&Forward=2S49631&Method=1&PayTimes=&Approve=0002011&TranID=2106221631602257210134133585&TranDate=20210622163200&CheckString=56774f13a247c8a26e64b5a7399fda60 from 126.182.58.61
2021/06/22 16:32:00 [/shop/shopping/load_payment_module.php] Array
(
    [0] => Array
        (
            [ACS] => 0
            [OrderID] => 945464-22163157
            [Forward] => 2S49631
            [Method] => 1
            [PayTimes] => 
            [Approve] => 0002011
            [TranID] => 2106221631602257210134133585
            [TranDate] => 20210622163200
            [CheckString] => 56774f13a247c8a26e64b5a7399fda60
        )

)
 from 126.182.58.61
2021/06/22 16:32:00 [/shop/shopping/load_payment_module.php] load_payment_module.php set payment data:Array
(
    [ACS] => 0
    [Forward] => 2S49631
    [Method] => 1
    [PayTimes] => 
    [Approve] => 0002011
    [TranID] => 2106221631602257210134133585
    [TranDate] => 20210622163200
    [CheckString] => 56774f13a247c8a26e64b5a7399fda60
    [Amount] => 7630
    [JobCd] => CAPTURE
    [action_status] => 3
    [pay_status] => 13
)
 from 126.182.58.61
2021/06/22 16:32:00 [/shop/user_data/pg_mulpay_recv.php] ******* receiveer data start ******* from 210.175.7.20
2021/06/22 16:32:00 [/shop/user_data/pg_mulpay_recv.php] Array
(
    [ShopID] => 9000034600950
    [ShopPass] => **********
    [AccessID] => d63f911f885f12be749f10929206565a
    [AccessPass] => ********************************
    [OrderID] => 945464-22163157
    [Status] => CAPTURE
    [JobCd] => CAPTURE
    [Amount] => 7630
    [Tax] => 0
    [Currency] => JPN
    [Forward] => 2S49631
    [Method] => 1
    [PayTimes] => 
    [TranID] => 2106221631602257210134133585
    [Approve] => 0002011
    [TranDate] => 20210622163200
    [ErrCode] => 
    [ErrInfo] => 
    [PayType] => 0
)
 from 210.175.7.20
2021/06/22 16:32:00 [/shop/user_data/pg_mulpay_recv.php] ******* receiveer data end ******* from 210.175.7.20
2021/06/22 16:32:05 [/shop/user_data/pg_mulpay_recv.php] update order status:1 order_id=945464 from 210.175.7.20
2021/06/22 16:32:05 [/shop/user_data/pg_mulpay_recv.php] pg_mulpay_recv.php set payment data:Array
(
    [ShopID] => 9000034600950
    [AccessID] => d63f911f885f12be749f10929206565a
    [OrderID] => 945464-22163157
    [Status] => CAPTURE
    [JobCd] => CAPTURE
    [Amount] => 7630
    [Tax] => 0
    [Currency] => JPN
    [Forward] => 2S49631
    [Method] => 1
    [PayTimes] => 
    [TranID] => 2106221631602257210134133585
    [Approve] => 0002011
    [TranDate] => 20210622163200
    [ErrCode] => 
    [ErrInfo] => 
    [PayType] => 0
    [CvsCode] => 
    [CvsConfNo] => 
    [CvsReceiptNo] => 
    [EdyReceiptNo] => 
    [EdyOrderNo] => 
    [SuicaReceiptNo] => 
    [SuicaOrderNo] => 
    [CustID] => 
    [BkCode] => 
    [ConfNo] => 
    [PaymentTerm] => 
    [EncryptReceiptNo] => 
    [FinishDate] => 
    [ReceiptDate] => 
    [WebMoneyManagementNo] => 
    [WebMoneySettleCode] => 
    [AuPayInfoNo] => 
    [AuPayMethod] => 
    [AuCancelAmount] => 
    [AuCancelTax] => 
    [DocomoSettlementCode] => 
    [DocomoCancelAmount] => 
    [DocomoCancelTax] => 
    [pay_status] => 13
)
 from 210.175.7.20
2021/06/22 16:32:05 [/shop/user_data/pg_mulpay_recv.php] response:true from 210.175.7.20
