2021/11/15 10:06:02 [/shop/shopping/load_payment_module.php] SendRequest:https://p01.mul-pay.jp/payment/EntryTran.idPass from 112.204.164.215
2021/11/15 10:06:02 [/shop/shopping/load_payment_module.php] Array
(
    [ShopID] => 9000034600950
    [ShopPass] => ******
    [OrderID] => 945974-15100602
    [JobCd] => CAPTURE
    [Amount] => 7500
    [TdFlag] => 0
    [TdTenantName] => 
)
 from 112.204.164.215
2021/11/15 10:06:02 [/shop/shopping/load_payment_module.php] AccessID=7e43997df30d99aac364d8cead72c467&AccessPass=59f8c5f6a3956191bc8a39cc4c3fed0a from 112.204.164.215
2021/11/15 10:06:02 [/shop/shopping/load_payment_module.php] Array
(
    [0] => Array
        (
            [AccessID] => 7e43997df30d99aac364d8cead72c467
            [AccessPass] => 59f8c5f6a3956191bc8a39cc4c3fed0a
        )

)
 from 112.204.164.215
2021/11/15 10:06:02 [/shop/shopping/load_payment_module.php] load_payment_module.php set payment data:Array
(
    [AccessID] => 7e43997df30d99aac364d8cead72c467
    [AccessPass] => 59f8c5f6a3956191bc8a39cc4c3fed0a
    [OrderID] => 945974-15100602
    [Amount] => 7500
    [JobCd] => CAPTURE
    [action_status] => 1
    [pay_status] => 0
)
 from 112.204.164.215
2021/11/15 10:06:02 [/shop/shopping/load_payment_module.php] SendRequest:https://p01.mul-pay.jp/payment/ExecTran.idPass from 112.204.164.215
2021/11/15 10:06:02 [/shop/shopping/load_payment_module.php] Array
(
    [AccessID] => 7e43997df30d99aac364d8cead72c467
    [AccessPass] => 59f8c5f6a3956191bc8a39cc4c3fed0a
    [OrderID] => 945974-15100602
    [Method] => 1
    [Token] => 5371ebd3a6eee71a1b16338cfb35600babc946a8e288189b55bb32db418ecb59
    [ClientField1] => 
    [ClientField2] => 
    [ClientField3] => EC-CUBE4.3.35
)
 from 112.204.164.215
2021/11/15 10:06:04 [/shop/shopping/load_payment_module.php] ACS=0&OrderID=945974-15100602&Forward=2959876&Method=1&PayTimes=&Approve=0537317&TranID=2111151006602257210134133799&TranDate=20211115100604&CheckString=09e5435814de3d8391ddf1ae92aae39a from 112.204.164.215
2021/11/15 10:06:04 [/shop/shopping/load_payment_module.php] Array
(
    [0] => Array
        (
            [ACS] => 0
            [OrderID] => 945974-15100602
            [Forward] => 2959876
            [Method] => 1
            [PayTimes] => 
            [Approve] => 0537317
            [TranID] => 2111151006602257210134133799
            [TranDate] => 20211115100604
            [CheckString] => 09e5435814de3d8391ddf1ae92aae39a
        )

)
 from 112.204.164.215
2021/11/15 10:06:04 [/shop/shopping/load_payment_module.php] load_payment_module.php set payment data:Array
(
    [ACS] => 0
    [Forward] => 2959876
    [Method] => 1
    [PayTimes] => 
    [Approve] => 0537317
    [TranID] => 2111151006602257210134133799
    [TranDate] => 20211115100604
    [CheckString] => 09e5435814de3d8391ddf1ae92aae39a
    [Amount] => 7500
    [JobCd] => CAPTURE
    [action_status] => 3
    [pay_status] => 13
)
 from 112.204.164.215
2021/11/15 10:06:04 [/shop/user_data/pg_mulpay_recv.php] ******* receiveer data start ******* from 210.175.7.20
2021/11/15 10:06:04 [/shop/user_data/pg_mulpay_recv.php] Array
(
    [ShopID] => 9000034600950
    [ShopPass] => **********
    [AccessID] => 7e43997df30d99aac364d8cead72c467
    [AccessPass] => ********************************
    [OrderID] => 945974-15100602
    [Status] => CAPTURE
    [JobCd] => CAPTURE
    [Amount] => 7500
    [Tax] => 0
    [Currency] => JPN
    [Forward] => 2959876
    [Method] => 1
    [PayTimes] => 
    [TranID] => 2111151006602257210134133799
    [Approve] => 0537317
    [TranDate] => 20211115100604
    [ErrCode] => 
    [ErrInfo] => 
    [PayType] => 0
)
 from 210.175.7.20
2021/11/15 10:06:04 [/shop/user_data/pg_mulpay_recv.php] ******* receiveer data end ******* from 210.175.7.20
2021/11/15 10:06:09 [/shop/user_data/pg_mulpay_recv.php] update order status:1 order_id=945974 from 210.175.7.20
2021/11/15 10:06:09 [/shop/user_data/pg_mulpay_recv.php] pg_mulpay_recv.php set payment data:Array
(
    [ShopID] => 9000034600950
    [AccessID] => 7e43997df30d99aac364d8cead72c467
    [OrderID] => 945974-15100602
    [Status] => CAPTURE
    [JobCd] => CAPTURE
    [Amount] => 7500
    [Tax] => 0
    [Currency] => JPN
    [Forward] => 2959876
    [Method] => 1
    [PayTimes] => 
    [TranID] => 2111151006602257210134133799
    [Approve] => 0537317
    [TranDate] => 20211115100604
    [ErrCode] => 
    [ErrInfo] => 
    [PayType] => 0
    [CvsCode] => 
    [CvsConfNo] => 
    [CvsReceiptNo] => 
    [EdyReceiptNo] => 
    [EdyOrderNo] => 
    [SuicaReceiptNo] => 
    [SuicaOrderNo] => 
    [CustID] => 
    [BkCode] => 
    [ConfNo] => 
    [PaymentTerm] => 
    [EncryptReceiptNo] => 
    [FinishDate] => 
    [ReceiptDate] => 
    [WebMoneyManagementNo] => 
    [WebMoneySettleCode] => 
    [AuPayInfoNo] => 
    [AuPayMethod] => 
    [AuCancelAmount] => 
    [AuCancelTax] => 
    [DocomoSettlementCode] => 
    [DocomoCancelAmount] => 
    [DocomoCancelTax] => 
    [pay_status] => 13
)
 from 210.175.7.20
2021/11/15 10:06:09 [/shop/user_data/pg_mulpay_recv.php] response:true from 210.175.7.20
2021/11/15 11:55:43 [/shop/shopping/load_payment_module.php] SendRequest:https://p01.mul-pay.jp/payment/SearchMember.idPass from 165.225.243.11
2021/11/15 11:55:43 [/shop/shopping/load_payment_module.php] Array
(
    [SiteID] => mst0000007602
    [SitePass] => ******
    [MemberID] => 9601
)
 from 165.225.243.11
2021/11/15 11:55:43 [/shop/shopping/load_payment_module.php] ErrCode=E01&ErrInfo=E01390002 from 165.225.243.11
2021/11/15 11:55:43 [/shop/shopping/load_payment_module.php] Array
(
    [0] => Array
        (
            [ErrCode] => E01
            [ErrInfo] => E01390002
        )

)
 from 165.225.243.11
2021/11/15 11:55:43 [/shop/shopping/load_payment_module.php] SendRequest:https://p01.mul-pay.jp/payment/SearchCard.idPass from 165.225.243.11
2021/11/15 11:55:43 [/shop/shopping/load_payment_module.php] Array
(
    [SiteID] => mst0000007602
    [SitePass] => ******
    [MemberID] => 9601
)
 from 165.225.243.11
2021/11/15 11:55:43 [/shop/shopping/load_payment_module.php] ErrCode=E01|E01&ErrInfo=E01390002|E01240002 from 165.225.243.11
2021/11/15 11:55:43 [/shop/shopping/load_payment_module.php] Array
(
    [0] => Array
        (
            [ErrCode] => E01
            [ErrInfo] => E01390002
        )

    [1] => Array
        (
            [ErrCode] => E01
            [ErrInfo] => E01240002
        )

)
 from 165.225.243.11
2021/11/15 11:56:06 [/shop/shopping/load_payment_module.php] SendRequest:https://p01.mul-pay.jp/payment/SearchMember.idPass from 165.225.243.11
2021/11/15 11:56:06 [/shop/shopping/load_payment_module.php] Array
(
    [SiteID] => mst0000007602
    [SitePass] => ******
    [MemberID] => 9601
)
 from 165.225.243.11
2021/11/15 11:56:06 [/shop/shopping/load_payment_module.php] ErrCode=E01&ErrInfo=E01390002 from 165.225.243.11
2021/11/15 11:56:06 [/shop/shopping/load_payment_module.php] Array
(
    [0] => Array
        (
            [ErrCode] => E01
            [ErrInfo] => E01390002
        )

)
 from 165.225.243.11
2021/11/15 11:56:06 [/shop/shopping/load_payment_module.php] SendRequest:https://p01.mul-pay.jp/payment/SearchCard.idPass from 165.225.243.11
2021/11/15 11:56:06 [/shop/shopping/load_payment_module.php] Array
(
    [SiteID] => mst0000007602
    [SitePass] => ******
    [MemberID] => 9601
)
 from 165.225.243.11
2021/11/15 11:56:06 [/shop/shopping/load_payment_module.php] ErrCode=E01|E01&ErrInfo=E01390002|E01240002 from 165.225.243.11
2021/11/15 11:56:06 [/shop/shopping/load_payment_module.php] Array
(
    [0] => Array
        (
            [ErrCode] => E01
            [ErrInfo] => E01390002
        )

    [1] => Array
        (
            [ErrCode] => E01
            [ErrInfo] => E01240002
        )

)
 from 165.225.243.11
2021/11/15 11:56:06 [/shop/shopping/load_payment_module.php] SendRequest:https://p01.mul-pay.jp/payment/EntryTran.idPass from 165.225.243.11
2021/11/15 11:56:06 [/shop/shopping/load_payment_module.php] Array
(
    [ShopID] => 9000034600950
    [ShopPass] => ******
    [OrderID] => 945975-15115606
    [JobCd] => CAPTURE
    [Amount] => 11250
    [TdFlag] => 0
    [TdTenantName] => 
)
 from 165.225.243.11
2021/11/15 11:56:06 [/shop/shopping/load_payment_module.php] AccessID=a49f2f2f044de574212ec0e83060dcc3&AccessPass=2d332c780ec5c66b1b752b6fa4e5d1c1 from 165.225.243.11
2021/11/15 11:56:06 [/shop/shopping/load_payment_module.php] Array
(
    [0] => Array
        (
            [AccessID] => a49f2f2f044de574212ec0e83060dcc3
            [AccessPass] => 2d332c780ec5c66b1b752b6fa4e5d1c1
        )

)
 from 165.225.243.11
2021/11/15 11:56:06 [/shop/shopping/load_payment_module.php] load_payment_module.php set payment data:Array
(
    [AccessID] => a49f2f2f044de574212ec0e83060dcc3
    [AccessPass] => 2d332c780ec5c66b1b752b6fa4e5d1c1
    [OrderID] => 945975-15115606
    [Amount] => 11250
    [JobCd] => CAPTURE
    [action_status] => 1
    [pay_status] => 0
)
 from 165.225.243.11
2021/11/15 11:56:06 [/shop/shopping/load_payment_module.php] SendRequest:https://p01.mul-pay.jp/payment/ExecTran.idPass from 165.225.243.11
2021/11/15 11:56:06 [/shop/shopping/load_payment_module.php] Array
(
    [AccessID] => a49f2f2f044de574212ec0e83060dcc3
    [AccessPass] => 2d332c780ec5c66b1b752b6fa4e5d1c1
    [OrderID] => 945975-15115606
    [Method] => 1
    [Token] => 751f04893f1fbe2fbd0fe9c138b2441cfe05f879efbd058de9955b25bee1a517
    [ClientField1] => 
    [ClientField2] => 
    [ClientField3] => EC-CUBE4.3.35
)
 from 165.225.243.11
2021/11/15 11:56:07 [/shop/shopping/load_payment_module.php] ACS=0&OrderID=945975-15115606&Forward=2S49631&Method=1&PayTimes=&Approve=0082074&TranID=2111151156602257210134124133&TranDate=20211115115607&CheckString=17031239e3d68be7d00133dfdbaa5590 from 165.225.243.11
2021/11/15 11:56:07 [/shop/shopping/load_payment_module.php] Array
(
    [0] => Array
        (
            [ACS] => 0
            [OrderID] => 945975-15115606
            [Forward] => 2S49631
            [Method] => 1
            [PayTimes] => 
            [Approve] => 0082074
            [TranID] => 2111151156602257210134124133
            [TranDate] => 20211115115607
            [CheckString] => 17031239e3d68be7d00133dfdbaa5590
        )

)
 from 165.225.243.11
2021/11/15 11:56:07 [/shop/shopping/load_payment_module.php] load_payment_module.php set payment data:Array
(
    [ACS] => 0
    [Forward] => 2S49631
    [Method] => 1
    [PayTimes] => 
    [Approve] => 0082074
    [TranID] => 2111151156602257210134124133
    [TranDate] => 20211115115607
    [CheckString] => 17031239e3d68be7d00133dfdbaa5590
    [Amount] => 11250
    [JobCd] => CAPTURE
    [action_status] => 3
    [pay_status] => 13
)
 from 165.225.243.11
2021/11/15 11:56:07 [/shop/user_data/pg_mulpay_recv.php] ******* receiveer data start ******* from 210.175.7.20
2021/11/15 11:56:07 [/shop/user_data/pg_mulpay_recv.php] Array
(
    [ShopID] => 9000034600950
    [ShopPass] => **********
    [AccessID] => a49f2f2f044de574212ec0e83060dcc3
    [AccessPass] => ********************************
    [OrderID] => 945975-15115606
    [Status] => CAPTURE
    [JobCd] => CAPTURE
    [Amount] => 11250
    [Tax] => 0
    [Currency] => JPN
    [Forward] => 2S49631
    [Method] => 1
    [PayTimes] => 
    [TranID] => 2111151156602257210134124133
    [Approve] => 0082074
    [TranDate] => 20211115115607
    [ErrCode] => 
    [ErrInfo] => 
    [PayType] => 0
)
 from 210.175.7.20
2021/11/15 11:56:07 [/shop/user_data/pg_mulpay_recv.php] ******* receiveer data end ******* from 210.175.7.20
2021/11/15 11:56:12 [/shop/user_data/pg_mulpay_recv.php] update order status:1 order_id=945975 from 210.175.7.20
2021/11/15 11:56:12 [/shop/user_data/pg_mulpay_recv.php] pg_mulpay_recv.php set payment data:Array
(
    [ShopID] => 9000034600950
    [AccessID] => a49f2f2f044de574212ec0e83060dcc3
    [OrderID] => 945975-15115606
    [Status] => CAPTURE
    [JobCd] => CAPTURE
    [Amount] => 11250
    [Tax] => 0
    [Currency] => JPN
    [Forward] => 2S49631
    [Method] => 1
    [PayTimes] => 
    [TranID] => 2111151156602257210134124133
    [Approve] => 0082074
    [TranDate] => 20211115115607
    [ErrCode] => 
    [ErrInfo] => 
    [PayType] => 0
    [CvsCode] => 
    [CvsConfNo] => 
    [CvsReceiptNo] => 
    [EdyReceiptNo] => 
    [EdyOrderNo] => 
    [SuicaReceiptNo] => 
    [SuicaOrderNo] => 
    [CustID] => 
    [BkCode] => 
    [ConfNo] => 
    [PaymentTerm] => 
    [EncryptReceiptNo] => 
    [FinishDate] => 
    [ReceiptDate] => 
    [WebMoneyManagementNo] => 
    [WebMoneySettleCode] => 
    [AuPayInfoNo] => 
    [AuPayMethod] => 
    [AuCancelAmount] => 
    [AuCancelTax] => 
    [DocomoSettlementCode] => 
    [DocomoCancelAmount] => 
    [DocomoCancelTax] => 
    [pay_status] => 13
)
 from 210.175.7.20
2021/11/15 11:56:12 [/shop/user_data/pg_mulpay_recv.php] response:true from 210.175.7.20
2021/11/15 13:24:50 [/shop/shopping/load_payment_module.php] SendRequest:https://p01.mul-pay.jp/payment/EntryTran.idPass from 49.97.103.14
2021/11/15 13:24:50 [/shop/shopping/load_payment_module.php] Array
(
    [ShopID] => 9000034600950
    [ShopPass] => ******
    [OrderID] => 945976-15132450
    [JobCd] => CAPTURE
    [Amount] => 4720
    [TdFlag] => 0
    [TdTenantName] => 
)
 from 49.97.103.14
2021/11/15 13:24:50 [/shop/shopping/load_payment_module.php] AccessID=719e6f071b9b3f3363726daa5f208113&AccessPass=4bddf4acf20d05982deadff7573f0aa2 from 49.97.103.14
2021/11/15 13:24:50 [/shop/shopping/load_payment_module.php] Array
(
    [0] => Array
        (
            [AccessID] => 719e6f071b9b3f3363726daa5f208113
            [AccessPass] => 4bddf4acf20d05982deadff7573f0aa2
        )

)
 from 49.97.103.14
2021/11/15 13:24:50 [/shop/shopping/load_payment_module.php] load_payment_module.php set payment data:Array
(
    [AccessID] => 719e6f071b9b3f3363726daa5f208113
    [AccessPass] => 4bddf4acf20d05982deadff7573f0aa2
    [OrderID] => 945976-15132450
    [Amount] => 4720
    [JobCd] => CAPTURE
    [action_status] => 1
    [pay_status] => 0
)
 from 49.97.103.14
2021/11/15 13:24:50 [/shop/shopping/load_payment_module.php] SendRequest:https://p01.mul-pay.jp/payment/ExecTran.idPass from 49.97.103.14
2021/11/15 13:24:50 [/shop/shopping/load_payment_module.php] Array
(
    [AccessID] => 719e6f071b9b3f3363726daa5f208113
    [AccessPass] => 4bddf4acf20d05982deadff7573f0aa2
    [OrderID] => 945976-15132450
    [Method] => 1
    [Token] => 9d1f031208015f2616f7227df3928731abe0ecaa1d321f248115fddc1bf514cd
    [ClientField1] => 
    [ClientField2] => 
    [ClientField3] => EC-CUBE4.3.35
)
 from 49.97.103.14
2021/11/15 13:24:51 [/shop/shopping/load_payment_module.php] ACS=0&OrderID=945976-15132450&Forward=2S49631&Method=1&PayTimes=&Approve=0065112&TranID=2111151324602257210134114064&TranDate=20211115132451&CheckString=dacba054dee2176c792f2c82f629155c from 49.97.103.14
2021/11/15 13:24:51 [/shop/shopping/load_payment_module.php] Array
(
    [0] => Array
        (
            [ACS] => 0
            [OrderID] => 945976-15132450
            [Forward] => 2S49631
            [Method] => 1
            [PayTimes] => 
            [Approve] => 0065112
            [TranID] => 2111151324602257210134114064
            [TranDate] => 20211115132451
            [CheckString] => dacba054dee2176c792f2c82f629155c
        )

)
 from 49.97.103.14
2021/11/15 13:24:51 [/shop/shopping/load_payment_module.php] load_payment_module.php set payment data:Array
(
    [ACS] => 0
    [Forward] => 2S49631
    [Method] => 1
    [PayTimes] => 
    [Approve] => 0065112
    [TranID] => 2111151324602257210134114064
    [TranDate] => 20211115132451
    [CheckString] => dacba054dee2176c792f2c82f629155c
    [Amount] => 4720
    [JobCd] => CAPTURE
    [action_status] => 3
    [pay_status] => 13
)
 from 49.97.103.14
2021/11/15 13:24:51 [/shop/user_data/pg_mulpay_recv.php] ******* receiveer data start ******* from 210.175.7.20
2021/11/15 13:24:51 [/shop/user_data/pg_mulpay_recv.php] Array
(
    [ShopID] => 9000034600950
    [ShopPass] => **********
    [AccessID] => 719e6f071b9b3f3363726daa5f208113
    [AccessPass] => ********************************
    [OrderID] => 945976-15132450
    [Status] => CAPTURE
    [JobCd] => CAPTURE
    [Amount] => 4720
    [Tax] => 0
    [Currency] => JPN
    [Forward] => 2S49631
    [Method] => 1
    [PayTimes] => 
    [TranID] => 2111151324602257210134114064
    [Approve] => 0065112
    [TranDate] => 20211115132451
    [ErrCode] => 
    [ErrInfo] => 
    [PayType] => 0
)
 from 210.175.7.20
2021/11/15 13:24:51 [/shop/user_data/pg_mulpay_recv.php] ******* receiveer data end ******* from 210.175.7.20
2021/11/15 13:24:56 [/shop/user_data/pg_mulpay_recv.php] update order status:1 order_id=945976 from 210.175.7.20
2021/11/15 13:24:56 [/shop/user_data/pg_mulpay_recv.php] pg_mulpay_recv.php set payment data:Array
(
    [ShopID] => 9000034600950
    [AccessID] => 719e6f071b9b3f3363726daa5f208113
    [OrderID] => 945976-15132450
    [Status] => CAPTURE
    [JobCd] => CAPTURE
    [Amount] => 4720
    [Tax] => 0
    [Currency] => JPN
    [Forward] => 2S49631
    [Method] => 1
    [PayTimes] => 
    [TranID] => 2111151324602257210134114064
    [Approve] => 0065112
    [TranDate] => 20211115132451
    [ErrCode] => 
    [ErrInfo] => 
    [PayType] => 0
    [CvsCode] => 
    [CvsConfNo] => 
    [CvsReceiptNo] => 
    [EdyReceiptNo] => 
    [EdyOrderNo] => 
    [SuicaReceiptNo] => 
    [SuicaOrderNo] => 
    [CustID] => 
    [BkCode] => 
    [ConfNo] => 
    [PaymentTerm] => 
    [EncryptReceiptNo] => 
    [FinishDate] => 
    [ReceiptDate] => 
    [WebMoneyManagementNo] => 
    [WebMoneySettleCode] => 
    [AuPayInfoNo] => 
    [AuPayMethod] => 
    [AuCancelAmount] => 
    [AuCancelTax] => 
    [DocomoSettlementCode] => 
    [DocomoCancelAmount] => 
    [DocomoCancelTax] => 
    [pay_status] => 13
)
 from 210.175.7.20
2021/11/15 13:24:56 [/shop/user_data/pg_mulpay_recv.php] response:true from 210.175.7.20
2021/11/15 15:23:08 [/shop/shopping/load_payment_module.php] SendRequest:https://p01.mul-pay.jp/payment/SearchMember.idPass from 133.158.251.223
2021/11/15 15:23:08 [/shop/shopping/load_payment_module.php] Array
(
    [SiteID] => mst0000007602
    [SitePass] => ******
    [MemberID] => 10593
)
 from 133.158.251.223
2021/11/15 15:23:08 [/shop/shopping/load_payment_module.php] ErrCode=E01&ErrInfo=E01390002 from 133.158.251.223
2021/11/15 15:23:08 [/shop/shopping/load_payment_module.php] Array
(
    [0] => Array
        (
            [ErrCode] => E01
            [ErrInfo] => E01390002
        )

)
 from 133.158.251.223
2021/11/15 15:23:08 [/shop/shopping/load_payment_module.php] SendRequest:https://p01.mul-pay.jp/payment/SearchCard.idPass from 133.158.251.223
2021/11/15 15:23:08 [/shop/shopping/load_payment_module.php] Array
(
    [SiteID] => mst0000007602
    [SitePass] => ******
    [MemberID] => 10593
)
 from 133.158.251.223
2021/11/15 15:23:08 [/shop/shopping/load_payment_module.php] ErrCode=E01|E01&ErrInfo=E01390002|E01240002 from 133.158.251.223
2021/11/15 15:23:08 [/shop/shopping/load_payment_module.php] Array
(
    [0] => Array
        (
            [ErrCode] => E01
            [ErrInfo] => E01390002
        )

    [1] => Array
        (
            [ErrCode] => E01
            [ErrInfo] => E01240002
        )

)
 from 133.158.251.223
2021/11/15 15:25:40 [/shop/shopping/load_payment_module.php] SendRequest:https://p01.mul-pay.jp/payment/SearchMember.idPass from 133.158.251.223
2021/11/15 15:25:40 [/shop/shopping/load_payment_module.php] Array
(
    [SiteID] => mst0000007602
    [SitePass] => ******
    [MemberID] => 10593
)
 from 133.158.251.223
2021/11/15 15:25:40 [/shop/shopping/load_payment_module.php] ErrCode=E01&ErrInfo=E01390002 from 133.158.251.223
2021/11/15 15:25:40 [/shop/shopping/load_payment_module.php] Array
(
    [0] => Array
        (
            [ErrCode] => E01
            [ErrInfo] => E01390002
        )

)
 from 133.158.251.223
2021/11/15 15:25:40 [/shop/shopping/load_payment_module.php] SendRequest:https://p01.mul-pay.jp/payment/SearchCard.idPass from 133.158.251.223
2021/11/15 15:25:40 [/shop/shopping/load_payment_module.php] Array
(
    [SiteID] => mst0000007602
    [SitePass] => ******
    [MemberID] => 10593
)
 from 133.158.251.223
2021/11/15 15:25:40 [/shop/shopping/load_payment_module.php] ErrCode=E01|E01&ErrInfo=E01390002|E01240002 from 133.158.251.223
2021/11/15 15:25:40 [/shop/shopping/load_payment_module.php] Array
(
    [0] => Array
        (
            [ErrCode] => E01
            [ErrInfo] => E01390002
        )

    [1] => Array
        (
            [ErrCode] => E01
            [ErrInfo] => E01240002
        )

)
 from 133.158.251.223
2021/11/15 15:25:40 [/shop/shopping/load_payment_module.php] SendRequest:https://p01.mul-pay.jp/payment/EntryTran.idPass from 133.158.251.223
2021/11/15 15:25:40 [/shop/shopping/load_payment_module.php] Array
(
    [ShopID] => 9000034600950
    [ShopPass] => ******
    [OrderID] => 945977-15152540
    [JobCd] => CAPTURE
    [Amount] => 14700
    [TdFlag] => 0
    [TdTenantName] => 
)
 from 133.158.251.223
2021/11/15 15:25:40 [/shop/shopping/load_payment_module.php] AccessID=a9d49fc800dd410a495b38217c25c5a1&AccessPass=6fe0faed2486847dd2bcf9e4c8eff41e from 133.158.251.223
2021/11/15 15:25:40 [/shop/shopping/load_payment_module.php] Array
(
    [0] => Array
        (
            [AccessID] => a9d49fc800dd410a495b38217c25c5a1
            [AccessPass] => 6fe0faed2486847dd2bcf9e4c8eff41e
        )

)
 from 133.158.251.223
2021/11/15 15:25:40 [/shop/shopping/load_payment_module.php] load_payment_module.php set payment data:Array
(
    [AccessID] => a9d49fc800dd410a495b38217c25c5a1
    [AccessPass] => 6fe0faed2486847dd2bcf9e4c8eff41e
    [OrderID] => 945977-15152540
    [Amount] => 14700
    [JobCd] => CAPTURE
    [action_status] => 1
    [pay_status] => 0
)
 from 133.158.251.223
2021/11/15 15:25:40 [/shop/shopping/load_payment_module.php] SendRequest:https://p01.mul-pay.jp/payment/ExecTran.idPass from 133.158.251.223
2021/11/15 15:25:40 [/shop/shopping/load_payment_module.php] Array
(
    [AccessID] => a9d49fc800dd410a495b38217c25c5a1
    [AccessPass] => 6fe0faed2486847dd2bcf9e4c8eff41e
    [OrderID] => 945977-15152540
    [Method] => 1
    [Token] => 83cdd2049b5dcc2b497b0d181d33d235e81d9ddb457aa17f0ad1a4ba81fee5ff
    [ClientField1] => 
    [ClientField2] => 
    [ClientField3] => EC-CUBE4.3.35
)
 from 133.158.251.223
2021/11/15 15:25:41 [/shop/shopping/load_payment_module.php] ACS=0&OrderID=945977-15152540&Forward=2S49631&Method=1&PayTimes=&Approve=0773185&TranID=2111151525602257210134124134&TranDate=20211115152541&CheckString=307e24655162e2bd377f359b7639c636 from 133.158.251.223
2021/11/15 15:25:41 [/shop/shopping/load_payment_module.php] Array
(
    [0] => Array
        (
            [ACS] => 0
            [OrderID] => 945977-15152540
            [Forward] => 2S49631
            [Method] => 1
            [PayTimes] => 
            [Approve] => 0773185
            [TranID] => 2111151525602257210134124134
            [TranDate] => 20211115152541
            [CheckString] => 307e24655162e2bd377f359b7639c636
        )

)
 from 133.158.251.223
2021/11/15 15:25:41 [/shop/shopping/load_payment_module.php] load_payment_module.php set payment data:Array
(
    [ACS] => 0
    [Forward] => 2S49631
    [Method] => 1
    [PayTimes] => 
    [Approve] => 0773185
    [TranID] => 2111151525602257210134124134
    [TranDate] => 20211115152541
    [CheckString] => 307e24655162e2bd377f359b7639c636
    [Amount] => 14700
    [JobCd] => CAPTURE
    [action_status] => 3
    [pay_status] => 13
)
 from 133.158.251.223
2021/11/15 15:25:41 [/shop/user_data/pg_mulpay_recv.php] ******* receiveer data start ******* from 210.175.7.20
2021/11/15 15:25:41 [/shop/user_data/pg_mulpay_recv.php] Array
(
    [ShopID] => 9000034600950
    [ShopPass] => **********
    [AccessID] => a9d49fc800dd410a495b38217c25c5a1
    [AccessPass] => ********************************
    [OrderID] => 945977-15152540
    [Status] => CAPTURE
    [JobCd] => CAPTURE
    [Amount] => 14700
    [Tax] => 0
    [Currency] => JPN
    [Forward] => 2S49631
    [Method] => 1
    [PayTimes] => 
    [TranID] => 2111151525602257210134124134
    [Approve] => 0773185
    [TranDate] => 20211115152541
    [ErrCode] => 
    [ErrInfo] => 
    [PayType] => 0
)
 from 210.175.7.20
2021/11/15 15:25:41 [/shop/user_data/pg_mulpay_recv.php] ******* receiveer data end ******* from 210.175.7.20
2021/11/15 15:25:46 [/shop/user_data/pg_mulpay_recv.php] update order status:1 order_id=945977 from 210.175.7.20
2021/11/15 15:25:46 [/shop/user_data/pg_mulpay_recv.php] pg_mulpay_recv.php set payment data:Array
(
    [ShopID] => 9000034600950
    [AccessID] => a9d49fc800dd410a495b38217c25c5a1
    [OrderID] => 945977-15152540
    [Status] => CAPTURE
    [JobCd] => CAPTURE
    [Amount] => 14700
    [Tax] => 0
    [Currency] => JPN
    [Forward] => 2S49631
    [Method] => 1
    [PayTimes] => 
    [TranID] => 2111151525602257210134124134
    [Approve] => 0773185
    [TranDate] => 20211115152541
    [ErrCode] => 
    [ErrInfo] => 
    [PayType] => 0
    [CvsCode] => 
    [CvsConfNo] => 
    [CvsReceiptNo] => 
    [EdyReceiptNo] => 
    [EdyOrderNo] => 
    [SuicaReceiptNo] => 
    [SuicaOrderNo] => 
    [CustID] => 
    [BkCode] => 
    [ConfNo] => 
    [PaymentTerm] => 
    [EncryptReceiptNo] => 
    [FinishDate] => 
    [ReceiptDate] => 
    [WebMoneyManagementNo] => 
    [WebMoneySettleCode] => 
    [AuPayInfoNo] => 
    [AuPayMethod] => 
    [AuCancelAmount] => 
    [AuCancelTax] => 
    [DocomoSettlementCode] => 
    [DocomoCancelAmount] => 
    [DocomoCancelTax] => 
    [pay_status] => 13
)
 from 210.175.7.20
2021/11/15 15:25:46 [/shop/user_data/pg_mulpay_recv.php] response:true from 210.175.7.20
