2022/07/23 00:04:07 [/shop/shopping/load_payment_module.php] SendRequest:https://p01.mul-pay.jp/payment/EntryTran.idPass from 142.113.236.223
2022/07/23 00:04:07 [/shop/shopping/load_payment_module.php] Array
(
    [ShopID] => 9000034600950
    [ShopPass] => ******
    [OrderID] => 947034-23000407
    [JobCd] => CAPTURE
    [Amount] => 5170
    [TdFlag] => 0
    [TdTenantName] => 
)
 from 142.113.236.223
2022/07/23 00:04:07 [/shop/shopping/load_payment_module.php] AccessID=a31e15c2dc9c3a5d188c3ffd5191d258&AccessPass=2a90f3b3c10ca86bee98c46ac8fc29ec from 142.113.236.223
2022/07/23 00:04:07 [/shop/shopping/load_payment_module.php] Array
(
    [0] => Array
        (
            [AccessID] => a31e15c2dc9c3a5d188c3ffd5191d258
            [AccessPass] => 2a90f3b3c10ca86bee98c46ac8fc29ec
        )

)
 from 142.113.236.223
2022/07/23 00:04:07 [/shop/shopping/load_payment_module.php] load_payment_module.php set payment data:Array
(
    [AccessID] => a31e15c2dc9c3a5d188c3ffd5191d258
    [AccessPass] => 2a90f3b3c10ca86bee98c46ac8fc29ec
    [OrderID] => 947034-23000407
    [Amount] => 5170
    [JobCd] => CAPTURE
    [action_status] => 1
    [pay_status] => 0
)
 from 142.113.236.223
2022/07/23 00:04:08 [/shop/shopping/load_payment_module.php] SendRequest:https://p01.mul-pay.jp/payment/ExecTran.idPass from 142.113.236.223
2022/07/23 00:04:08 [/shop/shopping/load_payment_module.php] Array
(
    [AccessID] => a31e15c2dc9c3a5d188c3ffd5191d258
    [AccessPass] => 2a90f3b3c10ca86bee98c46ac8fc29ec
    [OrderID] => 947034-23000407
    [Method] => 1
    [Token] => b987df06500240594d05329835ff3e75090e3bd1a34e0d5604cd11d9ff72502c
    [ClientField1] => 
    [ClientField2] => 
    [ClientField3] => EC-CUBE4.3.35
)
 from 142.113.236.223
2022/07/23 00:04:08 [/shop/shopping/load_payment_module.php] ACS=0&OrderID=947034-23000407&Forward=2S49631&Method=1&PayTimes=&Approve=0061396&TranID=2207230004602257210134160259&TranDate=20220723000408&CheckString=50fb443d82725d7f7896bc95cf6ba26e from 142.113.236.223
2022/07/23 00:04:08 [/shop/shopping/load_payment_module.php] Array
(
    [0] => Array
        (
            [ACS] => 0
            [OrderID] => 947034-23000407
            [Forward] => 2S49631
            [Method] => 1
            [PayTimes] => 
            [Approve] => 0061396
            [TranID] => 2207230004602257210134160259
            [TranDate] => 20220723000408
            [CheckString] => 50fb443d82725d7f7896bc95cf6ba26e
        )

)
 from 142.113.236.223
2022/07/23 00:04:08 [/shop/shopping/load_payment_module.php] load_payment_module.php set payment data:Array
(
    [ACS] => 0
    [Forward] => 2S49631
    [Method] => 1
    [PayTimes] => 
    [Approve] => 0061396
    [TranID] => 2207230004602257210134160259
    [TranDate] => 20220723000408
    [CheckString] => 50fb443d82725d7f7896bc95cf6ba26e
    [Amount] => 5170
    [JobCd] => CAPTURE
    [action_status] => 3
    [pay_status] => 13
)
 from 142.113.236.223
2022/07/23 00:04:08 [/shop/user_data/pg_mulpay_recv.php] ******* receiveer data start ******* from 210.175.7.20
2022/07/23 00:04:08 [/shop/user_data/pg_mulpay_recv.php] Array
(
    [ShopID] => 9000034600950
    [ShopPass] => **********
    [AccessID] => a31e15c2dc9c3a5d188c3ffd5191d258
    [AccessPass] => ********************************
    [OrderID] => 947034-23000407
    [Status] => CAPTURE
    [JobCd] => CAPTURE
    [Amount] => 5170
    [Tax] => 0
    [Currency] => JPN
    [Forward] => 2S49631
    [Method] => 1
    [PayTimes] => 
    [TranID] => 2207230004602257210134160259
    [Approve] => 0061396
    [TranDate] => 20220723000408
    [ErrCode] => 
    [ErrInfo] => 
    [PayType] => 0
)
 from 210.175.7.20
2022/07/23 00:04:08 [/shop/user_data/pg_mulpay_recv.php] ******* receiveer data end ******* from 210.175.7.20
2022/07/23 00:04:13 [/shop/user_data/pg_mulpay_recv.php] update order status:1 order_id=947034 from 210.175.7.20
2022/07/23 00:04:13 [/shop/user_data/pg_mulpay_recv.php] pg_mulpay_recv.php set payment data:Array
(
    [ShopID] => 9000034600950
    [AccessID] => a31e15c2dc9c3a5d188c3ffd5191d258
    [OrderID] => 947034-23000407
    [Status] => CAPTURE
    [JobCd] => CAPTURE
    [Amount] => 5170
    [Tax] => 0
    [Currency] => JPN
    [Forward] => 2S49631
    [Method] => 1
    [PayTimes] => 
    [TranID] => 2207230004602257210134160259
    [Approve] => 0061396
    [TranDate] => 20220723000408
    [ErrCode] => 
    [ErrInfo] => 
    [PayType] => 0
    [CvsCode] => 
    [CvsConfNo] => 
    [CvsReceiptNo] => 
    [EdyReceiptNo] => 
    [EdyOrderNo] => 
    [SuicaReceiptNo] => 
    [SuicaOrderNo] => 
    [CustID] => 
    [BkCode] => 
    [ConfNo] => 
    [PaymentTerm] => 
    [EncryptReceiptNo] => 
    [FinishDate] => 
    [ReceiptDate] => 
    [WebMoneyManagementNo] => 
    [WebMoneySettleCode] => 
    [AuPayInfoNo] => 
    [AuPayMethod] => 
    [AuCancelAmount] => 
    [AuCancelTax] => 
    [DocomoSettlementCode] => 
    [DocomoCancelAmount] => 
    [DocomoCancelTax] => 
    [pay_status] => 13
)
 from 210.175.7.20
2022/07/23 00:04:13 [/shop/user_data/pg_mulpay_recv.php] response:true from 210.175.7.20
2022/07/23 15:34:11 [/shop/shopping/load_payment_module.php] SendRequest:https://p01.mul-pay.jp/payment/EntryTran.idPass from 174.202.69.237
2022/07/23 15:34:11 [/shop/shopping/load_payment_module.php] Array
(
    [ShopID] => 9000034600950
    [ShopPass] => ******
    [OrderID] => 947035-23153411
    [JobCd] => CAPTURE
    [Amount] => 9950
    [TdFlag] => 0
    [TdTenantName] => 
)
 from 174.202.69.237
2022/07/23 15:34:11 [/shop/shopping/load_payment_module.php] AccessID=5d37f11bb4021b13804976c155f7a5a1&AccessPass=d68342f2c397274c23fbaf72d1d0b71a from 174.202.69.237
2022/07/23 15:34:11 [/shop/shopping/load_payment_module.php] Array
(
    [0] => Array
        (
            [AccessID] => 5d37f11bb4021b13804976c155f7a5a1
            [AccessPass] => d68342f2c397274c23fbaf72d1d0b71a
        )

)
 from 174.202.69.237
2022/07/23 15:34:11 [/shop/shopping/load_payment_module.php] load_payment_module.php set payment data:Array
(
    [AccessID] => 5d37f11bb4021b13804976c155f7a5a1
    [AccessPass] => d68342f2c397274c23fbaf72d1d0b71a
    [OrderID] => 947035-23153411
    [Amount] => 9950
    [JobCd] => CAPTURE
    [action_status] => 1
    [pay_status] => 0
)
 from 174.202.69.237
2022/07/23 15:34:11 [/shop/shopping/load_payment_module.php] SendRequest:https://p01.mul-pay.jp/payment/ExecTran.idPass from 174.202.69.237
2022/07/23 15:34:11 [/shop/shopping/load_payment_module.php] Array
(
    [AccessID] => 5d37f11bb4021b13804976c155f7a5a1
    [AccessPass] => d68342f2c397274c23fbaf72d1d0b71a
    [OrderID] => 947035-23153411
    [Method] => 1
    [Token] => ebf3cbe05945bd2f0e0f4876f2e77371ae89ad9cfd583e081bb0a66d006c01cc
    [ClientField1] => 
    [ClientField2] => 
    [ClientField3] => EC-CUBE4.3.35
)
 from 174.202.69.237
2022/07/23 15:34:11 [/shop/shopping/load_payment_module.php] ACS=0&OrderID=947035-23153411&Forward=2S49631&Method=1&PayTimes=&Approve=0023524&TranID=2207231534602257210134170260&TranDate=20220723153411&CheckString=8f8359add754a1c8a49c94a9a70769f8 from 174.202.69.237
2022/07/23 15:34:11 [/shop/shopping/load_payment_module.php] Array
(
    [0] => Array
        (
            [ACS] => 0
            [OrderID] => 947035-23153411
            [Forward] => 2S49631
            [Method] => 1
            [PayTimes] => 
            [Approve] => 0023524
            [TranID] => 2207231534602257210134170260
            [TranDate] => 20220723153411
            [CheckString] => 8f8359add754a1c8a49c94a9a70769f8
        )

)
 from 174.202.69.237
2022/07/23 15:34:11 [/shop/shopping/load_payment_module.php] load_payment_module.php set payment data:Array
(
    [ACS] => 0
    [Forward] => 2S49631
    [Method] => 1
    [PayTimes] => 
    [Approve] => 0023524
    [TranID] => 2207231534602257210134170260
    [TranDate] => 20220723153411
    [CheckString] => 8f8359add754a1c8a49c94a9a70769f8
    [Amount] => 9950
    [JobCd] => CAPTURE
    [action_status] => 3
    [pay_status] => 13
)
 from 174.202.69.237
2022/07/23 15:34:12 [/shop/user_data/pg_mulpay_recv.php] ******* receiveer data start ******* from 210.175.7.20
2022/07/23 15:34:12 [/shop/user_data/pg_mulpay_recv.php] Array
(
    [ShopID] => 9000034600950
    [ShopPass] => **********
    [AccessID] => 5d37f11bb4021b13804976c155f7a5a1
    [AccessPass] => ********************************
    [OrderID] => 947035-23153411
    [Status] => CAPTURE
    [JobCd] => CAPTURE
    [Amount] => 9950
    [Tax] => 0
    [Currency] => JPN
    [Forward] => 2S49631
    [Method] => 1
    [PayTimes] => 
    [TranID] => 2207231534602257210134170260
    [Approve] => 0023524
    [TranDate] => 20220723153411
    [ErrCode] => 
    [ErrInfo] => 
    [PayType] => 0
)
 from 210.175.7.20
2022/07/23 15:34:12 [/shop/user_data/pg_mulpay_recv.php] ******* receiveer data end ******* from 210.175.7.20
2022/07/23 15:34:17 [/shop/user_data/pg_mulpay_recv.php] update order status:1 order_id=947035 from 210.175.7.20
2022/07/23 15:34:17 [/shop/user_data/pg_mulpay_recv.php] pg_mulpay_recv.php set payment data:Array
(
    [ShopID] => 9000034600950
    [AccessID] => 5d37f11bb4021b13804976c155f7a5a1
    [OrderID] => 947035-23153411
    [Status] => CAPTURE
    [JobCd] => CAPTURE
    [Amount] => 9950
    [Tax] => 0
    [Currency] => JPN
    [Forward] => 2S49631
    [Method] => 1
    [PayTimes] => 
    [TranID] => 2207231534602257210134170260
    [Approve] => 0023524
    [TranDate] => 20220723153411
    [ErrCode] => 
    [ErrInfo] => 
    [PayType] => 0
    [CvsCode] => 
    [CvsConfNo] => 
    [CvsReceiptNo] => 
    [EdyReceiptNo] => 
    [EdyOrderNo] => 
    [SuicaReceiptNo] => 
    [SuicaOrderNo] => 
    [CustID] => 
    [BkCode] => 
    [ConfNo] => 
    [PaymentTerm] => 
    [EncryptReceiptNo] => 
    [FinishDate] => 
    [ReceiptDate] => 
    [WebMoneyManagementNo] => 
    [WebMoneySettleCode] => 
    [AuPayInfoNo] => 
    [AuPayMethod] => 
    [AuCancelAmount] => 
    [AuCancelTax] => 
    [DocomoSettlementCode] => 
    [DocomoCancelAmount] => 
    [DocomoCancelTax] => 
    [pay_status] => 13
)
 from 210.175.7.20
2022/07/23 15:34:17 [/shop/user_data/pg_mulpay_recv.php] response:true from 210.175.7.20
2022/07/23 20:35:26 [/shop/shopping/load_payment_module.php] SendRequest:https://p01.mul-pay.jp/payment/EntryTran.idPass from 103.61.100.198
2022/07/23 20:35:26 [/shop/shopping/load_payment_module.php] Array
(
    [ShopID] => 9000034600950
    [ShopPass] => ******
    [OrderID] => 947036-23203526
    [JobCd] => CAPTURE
    [Amount] => 3440
    [TdFlag] => 0
    [TdTenantName] => 
)
 from 103.61.100.198
2022/07/23 20:35:26 [/shop/shopping/load_payment_module.php] AccessID=df4dd8da8c16f87cb4d56de847ea2d3c&AccessPass=4f4cf0e7751b459d676226be65092755 from 103.61.100.198
2022/07/23 20:35:26 [/shop/shopping/load_payment_module.php] Array
(
    [0] => Array
        (
            [AccessID] => df4dd8da8c16f87cb4d56de847ea2d3c
            [AccessPass] => 4f4cf0e7751b459d676226be65092755
        )

)
 from 103.61.100.198
2022/07/23 20:35:26 [/shop/shopping/load_payment_module.php] load_payment_module.php set payment data:Array
(
    [AccessID] => df4dd8da8c16f87cb4d56de847ea2d3c
    [AccessPass] => 4f4cf0e7751b459d676226be65092755
    [OrderID] => 947036-23203526
    [Amount] => 3440
    [JobCd] => CAPTURE
    [action_status] => 1
    [pay_status] => 0
)
 from 103.61.100.198
2022/07/23 20:35:26 [/shop/shopping/load_payment_module.php] SendRequest:https://p01.mul-pay.jp/payment/ExecTran.idPass from 103.61.100.198
2022/07/23 20:35:26 [/shop/shopping/load_payment_module.php] Array
(
    [AccessID] => df4dd8da8c16f87cb4d56de847ea2d3c
    [AccessPass] => 4f4cf0e7751b459d676226be65092755
    [OrderID] => 947036-23203526
    [Method] => 1
    [Token] => d94cacc770282bb1dff96c52924a2eb85889a4b0df3b70ba0ce8fa139b07225b
    [ClientField1] => 
    [ClientField2] => 
    [ClientField3] => EC-CUBE4.3.35
)
 from 103.61.100.198
2022/07/23 20:35:27 [/shop/shopping/load_payment_module.php] ACS=0&OrderID=947036-23203526&Forward=2S49631&Method=1&PayTimes=&Approve=0120521&TranID=2207232035602257210134180269&TranDate=20220723203527&CheckString=7be79c85bc1fcc5da151c7ce26825c7e from 103.61.100.198
2022/07/23 20:35:27 [/shop/shopping/load_payment_module.php] Array
(
    [0] => Array
        (
            [ACS] => 0
            [OrderID] => 947036-23203526
            [Forward] => 2S49631
            [Method] => 1
            [PayTimes] => 
            [Approve] => 0120521
            [TranID] => 2207232035602257210134180269
            [TranDate] => 20220723203527
            [CheckString] => 7be79c85bc1fcc5da151c7ce26825c7e
        )

)
 from 103.61.100.198
2022/07/23 20:35:27 [/shop/shopping/load_payment_module.php] load_payment_module.php set payment data:Array
(
    [ACS] => 0
    [Forward] => 2S49631
    [Method] => 1
    [PayTimes] => 
    [Approve] => 0120521
    [TranID] => 2207232035602257210134180269
    [TranDate] => 20220723203527
    [CheckString] => 7be79c85bc1fcc5da151c7ce26825c7e
    [Amount] => 3440
    [JobCd] => CAPTURE
    [action_status] => 3
    [pay_status] => 13
)
 from 103.61.100.198
2022/07/23 20:35:27 [/shop/user_data/pg_mulpay_recv.php] ******* receiveer data start ******* from 210.175.7.20
2022/07/23 20:35:27 [/shop/user_data/pg_mulpay_recv.php] Array
(
    [ShopID] => 9000034600950
    [ShopPass] => **********
    [AccessID] => df4dd8da8c16f87cb4d56de847ea2d3c
    [AccessPass] => ********************************
    [OrderID] => 947036-23203526
    [Status] => CAPTURE
    [JobCd] => CAPTURE
    [Amount] => 3440
    [Tax] => 0
    [Currency] => JPN
    [Forward] => 2S49631
    [Method] => 1
    [PayTimes] => 
    [TranID] => 2207232035602257210134180269
    [Approve] => 0120521
    [TranDate] => 20220723203527
    [ErrCode] => 
    [ErrInfo] => 
    [PayType] => 0
)
 from 210.175.7.20
2022/07/23 20:35:27 [/shop/user_data/pg_mulpay_recv.php] ******* receiveer data end ******* from 210.175.7.20
2022/07/23 20:35:32 [/shop/user_data/pg_mulpay_recv.php] update order status:1 order_id=947036 from 210.175.7.20
2022/07/23 20:35:32 [/shop/user_data/pg_mulpay_recv.php] pg_mulpay_recv.php set payment data:Array
(
    [ShopID] => 9000034600950
    [AccessID] => df4dd8da8c16f87cb4d56de847ea2d3c
    [OrderID] => 947036-23203526
    [Status] => CAPTURE
    [JobCd] => CAPTURE
    [Amount] => 3440
    [Tax] => 0
    [Currency] => JPN
    [Forward] => 2S49631
    [Method] => 1
    [PayTimes] => 
    [TranID] => 2207232035602257210134180269
    [Approve] => 0120521
    [TranDate] => 20220723203527
    [ErrCode] => 
    [ErrInfo] => 
    [PayType] => 0
    [CvsCode] => 
    [CvsConfNo] => 
    [CvsReceiptNo] => 
    [EdyReceiptNo] => 
    [EdyOrderNo] => 
    [SuicaReceiptNo] => 
    [SuicaOrderNo] => 
    [CustID] => 
    [BkCode] => 
    [ConfNo] => 
    [PaymentTerm] => 
    [EncryptReceiptNo] => 
    [FinishDate] => 
    [ReceiptDate] => 
    [WebMoneyManagementNo] => 
    [WebMoneySettleCode] => 
    [AuPayInfoNo] => 
    [AuPayMethod] => 
    [AuCancelAmount] => 
    [AuCancelTax] => 
    [DocomoSettlementCode] => 
    [DocomoCancelAmount] => 
    [DocomoCancelTax] => 
    [pay_status] => 13
)
 from 210.175.7.20
2022/07/23 20:35:32 [/shop/user_data/pg_mulpay_recv.php] response:true from 210.175.7.20
