2020/03/21 01:30:53 [/shop/shopping/load_payment_module.php] SendRequest:https://p01.mul-pay.jp/payment/EntryTran.idPass from 126.189.55.101
2020/03/21 01:30:53 [/shop/shopping/load_payment_module.php] Array
(
    [ShopID] => 9000034600950
    [ShopPass] => ******
    [OrderID] => 944009-21013053
    [JobCd] => CAPTURE
    [Amount] => 29530
    [TdFlag] => 0
    [TdTenantName] => 
)
 from 126.189.55.101
2020/03/21 01:30:54 [/shop/shopping/load_payment_module.php] AccessID=4ea5875e6f6e76a24afc19111d13b5ba&AccessPass=d2f9f8008b9db7436519fc18d8e06819 from 126.189.55.101
2020/03/21 01:30:54 [/shop/shopping/load_payment_module.php] Array
(
    [0] => Array
        (
            [AccessID] => 4ea5875e6f6e76a24afc19111d13b5ba
            [AccessPass] => d2f9f8008b9db7436519fc18d8e06819
        )

)
 from 126.189.55.101
2020/03/21 01:30:54 [/shop/shopping/load_payment_module.php] load_payment_module.php set payment data:Array
(
    [AccessID] => 4ea5875e6f6e76a24afc19111d13b5ba
    [AccessPass] => d2f9f8008b9db7436519fc18d8e06819
    [OrderID] => 944009-21013053
    [Amount] => 29530
    [JobCd] => CAPTURE
    [action_status] => 1
    [pay_status] => 0
)
 from 126.189.55.101
2020/03/21 01:30:54 [/shop/shopping/load_payment_module.php] SendRequest:https://p01.mul-pay.jp/payment/ExecTran.idPass from 126.189.55.101
2020/03/21 01:30:54 [/shop/shopping/load_payment_module.php] Array
(
    [AccessID] => 4ea5875e6f6e76a24afc19111d13b5ba
    [AccessPass] => d2f9f8008b9db7436519fc18d8e06819
    [OrderID] => 944009-21013053
    [Method] => 1
    [Token] => 3616cff01128554204949f882b9dc0ca060bead4defbdf155a4895ac9c96a097
    [ClientField1] => 
    [ClientField2] => 
    [ClientField3] => EC-CUBE4.3.24
)
 from 126.189.55.101
2020/03/21 01:30:56 [/shop/shopping/load_payment_module.php] ACS=0&OrderID=944009-21013053&Forward=2S49631&Method=1&PayTimes=&Approve=0764599&TranID=2003210130602257210134133020&TranDate=20200321013056&CheckString=c7ad171626457e29f5bfd879c51de664 from 126.189.55.101
2020/03/21 01:30:56 [/shop/shopping/load_payment_module.php] Array
(
    [0] => Array
        (
            [ACS] => 0
            [OrderID] => 944009-21013053
            [Forward] => 2S49631
            [Method] => 1
            [PayTimes] => 
            [Approve] => 0764599
            [TranID] => 2003210130602257210134133020
            [TranDate] => 20200321013056
            [CheckString] => c7ad171626457e29f5bfd879c51de664
        )

)
 from 126.189.55.101
2020/03/21 01:30:56 [/shop/shopping/load_payment_module.php] load_payment_module.php set payment data:Array
(
    [ACS] => 0
    [Forward] => 2S49631
    [Method] => 1
    [PayTimes] => 
    [Approve] => 0764599
    [TranID] => 2003210130602257210134133020
    [TranDate] => 20200321013056
    [CheckString] => c7ad171626457e29f5bfd879c51de664
    [Amount] => 29530
    [JobCd] => CAPTURE
    [action_status] => 3
    [pay_status] => 13
)
 from 126.189.55.101
2020/03/21 01:30:56 [/shop/user_data/pg_mulpay_recv.php] ******* receiveer data start ******* from 210.175.7.20
2020/03/21 01:30:56 [/shop/user_data/pg_mulpay_recv.php] Array
(
    [ShopID] => 9000034600950
    [ShopPass] => **********
    [AccessID] => 4ea5875e6f6e76a24afc19111d13b5ba
    [AccessPass] => ********************************
    [OrderID] => 944009-21013053
    [Status] => CAPTURE
    [JobCd] => CAPTURE
    [Amount] => 29530
    [Tax] => 0
    [Currency] => JPN
    [Forward] => 2S49631
    [Method] => 1
    [PayTimes] => 
    [TranID] => 2003210130602257210134133020
    [Approve] => 0764599
    [TranDate] => 20200321013056
    [ErrCode] => 
    [ErrInfo] => 
    [PayType] => 0
)
 from 210.175.7.20
2020/03/21 01:30:56 [/shop/user_data/pg_mulpay_recv.php] ******* receiveer data end ******* from 210.175.7.20
2020/03/21 01:31:01 [/shop/user_data/pg_mulpay_recv.php] update order status:1 order_id=944009 from 210.175.7.20
2020/03/21 01:31:01 [/shop/user_data/pg_mulpay_recv.php] pg_mulpay_recv.php set payment data:Array
(
    [ShopID] => 9000034600950
    [AccessID] => 4ea5875e6f6e76a24afc19111d13b5ba
    [OrderID] => 944009-21013053
    [Status] => CAPTURE
    [JobCd] => CAPTURE
    [Amount] => 29530
    [Tax] => 0
    [Currency] => JPN
    [Forward] => 2S49631
    [Method] => 1
    [PayTimes] => 
    [TranID] => 2003210130602257210134133020
    [Approve] => 0764599
    [TranDate] => 20200321013056
    [ErrCode] => 
    [ErrInfo] => 
    [PayType] => 0
    [CvsCode] => 
    [CvsConfNo] => 
    [CvsReceiptNo] => 
    [EdyReceiptNo] => 
    [EdyOrderNo] => 
    [SuicaReceiptNo] => 
    [SuicaOrderNo] => 
    [CustID] => 
    [BkCode] => 
    [ConfNo] => 
    [PaymentTerm] => 
    [EncryptReceiptNo] => 
    [FinishDate] => 
    [ReceiptDate] => 
    [WebMoneyManagementNo] => 
    [WebMoneySettleCode] => 
    [AuPayInfoNo] => 
    [AuPayMethod] => 
    [AuCancelAmount] => 
    [AuCancelTax] => 
    [DocomoSettlementCode] => 
    [DocomoCancelAmount] => 
    [DocomoCancelTax] => 
    [pay_status] => 13
)
 from 210.175.7.20
2020/03/21 01:31:01 [/shop/user_data/pg_mulpay_recv.php] response:true from 210.175.7.20
2020/03/21 11:54:55 [/shop/master/order/edit.php] SendRequest:https://p01.mul-pay.jp/payment/AlterTran.idPass from 114.160.216.147
2020/03/21 11:54:55 [/shop/master/order/edit.php] Array
(
    [ShopID] => 9000034600950
    [ShopPass] => ******
    [AccessID] => 8d9286335d941f7d0299cfd0bd95d799
    [AccessPass] => 0c2e503c96793c2a0ae961865b907061
    [JobCd] => RETURNX
)
 from 114.160.216.147
2020/03/21 11:54:56 [/shop/master/order/edit.php] AccessID=8d9286335d941f7d0299cfd0bd95d799&AccessPass=0c2e503c96793c2a0ae961865b907061&Forward=2959876&Approve=       &TranID=2003211154602257210134123357&TranDate=20200321115456 from 114.160.216.147
2020/03/21 11:54:56 [/shop/master/order/edit.php] Array
(
    [0] => Array
        (
            [AccessID] => 8d9286335d941f7d0299cfd0bd95d799
            [AccessPass] => 0c2e503c96793c2a0ae961865b907061
            [Forward] => 2959876
            [Approve] => 
            [TranID] => 2003211154602257210134123357
            [TranDate] => 20200321115456
        )

)
 from 114.160.216.147
2020/03/21 11:54:56 [/shop/master/order/edit.php] edit.php set payment data:Array
(
    [AccessID] => 8d9286335d941f7d0299cfd0bd95d799
    [AccessPass] => 0c2e503c96793c2a0ae961865b907061
    [Forward] => 2959876
    [TranID] => 2003211154602257210134123357
    [TranDate] => 20200321115456
    [JobCd] => RETURNX
    [action_status] => 6
    [pay_status] => 16
)
 from 114.160.216.147
2020/03/21 11:54:57 [/shop/user_data/pg_mulpay_recv.php] ******* receiveer data start ******* from 210.175.7.20
2020/03/21 11:54:57 [/shop/user_data/pg_mulpay_recv.php] Array
(
    [ShopID] => 9000034600950
    [ShopPass] => **********
    [AccessID] => 8d9286335d941f7d0299cfd0bd95d799
    [AccessPass] => ********************************
    [OrderID] => 943598-13060652
    [Status] => RETURNX
    [JobCd] => RETURNX
    [Amount] => 11050
    [Tax] => 0
    [Currency] => JPN
    [Forward] => 2959876
    [Method] => 1
    [PayTimes] => 
    [TranID] => 2003211154602257210134123357
    [Approve] =>        
    [TranDate] => 20200321115456
    [ErrCode] => 
    [ErrInfo] => 
    [PayType] => 0
)
 from 210.175.7.20
2020/03/21 11:54:57 [/shop/user_data/pg_mulpay_recv.php] ******* receiveer data end ******* from 210.175.7.20
2020/03/21 11:54:57 [/shop/user_data/pg_mulpay_recv.php] pg_mulpay_recv.php set payment data:Array
(
    [ShopID] => 9000034600950
    [AccessID] => 8d9286335d941f7d0299cfd0bd95d799
    [OrderID] => 943598-13060652
    [Status] => RETURNX
    [JobCd] => RETURNX
    [Amount] => 11050
    [Tax] => 0
    [Currency] => JPN
    [Forward] => 2959876
    [Method] => 1
    [PayTimes] => 
    [TranID] => 2003211154602257210134123357
    [TranDate] => 20200321115456
    [ErrCode] => 
    [ErrInfo] => 
    [PayType] => 0
    [CvsCode] => 
    [CvsConfNo] => 
    [CvsReceiptNo] => 
    [EdyReceiptNo] => 
    [EdyOrderNo] => 
    [SuicaReceiptNo] => 
    [SuicaOrderNo] => 
    [CustID] => 
    [BkCode] => 
    [ConfNo] => 
    [PaymentTerm] => 
    [EncryptReceiptNo] => 
    [FinishDate] => 
    [ReceiptDate] => 
    [WebMoneyManagementNo] => 
    [WebMoneySettleCode] => 
    [AuPayInfoNo] => 
    [AuPayMethod] => 
    [AuCancelAmount] => 
    [AuCancelTax] => 
    [DocomoSettlementCode] => 
    [DocomoCancelAmount] => 
    [DocomoCancelTax] => 
    [pay_status] => 16
)
 from 210.175.7.20
2020/03/21 11:54:57 [/shop/user_data/pg_mulpay_recv.php] response:true from 210.175.7.20
2020/03/21 14:22:31 [/shop/master/order/edit.php] SendRequest:https://p01.mul-pay.jp/payment/AlterTran.idPass from 114.160.216.147
2020/03/21 14:22:31 [/shop/master/order/edit.php] Array
(
    [ShopID] => 9000034600950
    [ShopPass] => ******
    [AccessID] => 5f37b554f387fc1dfd11d4de7123a96b
    [AccessPass] => 3b01f7fc635fef28d558366af10540bd
    [JobCd] => RETURNX
)
 from 114.160.216.147
2020/03/21 14:22:33 [/shop/master/order/edit.php] AccessID=5f37b554f387fc1dfd11d4de7123a96b&AccessPass=3b01f7fc635fef28d558366af10540bd&Forward=2959876&Approve=       &TranID=2003211422602257210134123358&TranDate=20200321142233 from 114.160.216.147
2020/03/21 14:22:33 [/shop/master/order/edit.php] Array
(
    [0] => Array
        (
            [AccessID] => 5f37b554f387fc1dfd11d4de7123a96b
            [AccessPass] => 3b01f7fc635fef28d558366af10540bd
            [Forward] => 2959876
            [Approve] => 
            [TranID] => 2003211422602257210134123358
            [TranDate] => 20200321142233
        )

)
 from 114.160.216.147
2020/03/21 14:22:33 [/shop/master/order/edit.php] edit.php set payment data:Array
(
    [AccessID] => 5f37b554f387fc1dfd11d4de7123a96b
    [AccessPass] => 3b01f7fc635fef28d558366af10540bd
    [Forward] => 2959876
    [TranID] => 2003211422602257210134123358
    [TranDate] => 20200321142233
    [JobCd] => RETURNX
    [action_status] => 6
    [pay_status] => 16
)
 from 114.160.216.147
2020/03/21 14:22:33 [/shop/user_data/pg_mulpay_recv.php] ******* receiveer data start ******* from 210.175.7.20
2020/03/21 14:22:33 [/shop/user_data/pg_mulpay_recv.php] Array
(
    [ShopID] => 9000034600950
    [ShopPass] => **********
    [AccessID] => 5f37b554f387fc1dfd11d4de7123a96b
    [AccessPass] => ********************************
    [OrderID] => 943682-17090022
    [Status] => RETURNX
    [JobCd] => RETURNX
    [Amount] => 6735
    [Tax] => 0
    [Currency] => JPN
    [Forward] => 2959876
    [Method] => 1
    [PayTimes] => 
    [TranID] => 2003211422602257210134123358
    [Approve] =>        
    [TranDate] => 20200321142233
    [ErrCode] => 
    [ErrInfo] => 
    [PayType] => 0
)
 from 210.175.7.20
2020/03/21 14:22:33 [/shop/user_data/pg_mulpay_recv.php] ******* receiveer data end ******* from 210.175.7.20
2020/03/21 14:22:33 [/shop/user_data/pg_mulpay_recv.php] pg_mulpay_recv.php set payment data:Array
(
    [ShopID] => 9000034600950
    [AccessID] => 5f37b554f387fc1dfd11d4de7123a96b
    [OrderID] => 943682-17090022
    [Status] => RETURNX
    [JobCd] => RETURNX
    [Amount] => 6735
    [Tax] => 0
    [Currency] => JPN
    [Forward] => 2959876
    [Method] => 1
    [PayTimes] => 
    [TranID] => 2003211422602257210134123358
    [TranDate] => 20200321142233
    [ErrCode] => 
    [ErrInfo] => 
    [PayType] => 0
    [CvsCode] => 
    [CvsConfNo] => 
    [CvsReceiptNo] => 
    [EdyReceiptNo] => 
    [EdyOrderNo] => 
    [SuicaReceiptNo] => 
    [SuicaOrderNo] => 
    [CustID] => 
    [BkCode] => 
    [ConfNo] => 
    [PaymentTerm] => 
    [EncryptReceiptNo] => 
    [FinishDate] => 
    [ReceiptDate] => 
    [WebMoneyManagementNo] => 
    [WebMoneySettleCode] => 
    [AuPayInfoNo] => 
    [AuPayMethod] => 
    [AuCancelAmount] => 
    [AuCancelTax] => 
    [DocomoSettlementCode] => 
    [DocomoCancelAmount] => 
    [DocomoCancelTax] => 
    [pay_status] => 16
)
 from 210.175.7.20
2020/03/21 14:22:33 [/shop/user_data/pg_mulpay_recv.php] response:true from 210.175.7.20
2020/03/21 15:12:25 [/shop/shopping/load_payment_module.php] SendRequest:https://p01.mul-pay.jp/payment/EntryTran.idPass from 114.160.216.147
2020/03/21 15:12:25 [/shop/shopping/load_payment_module.php] Array
(
    [ShopID] => 9000034600950
    [ShopPass] => ******
    [OrderID] => 944010-21151225
    [JobCd] => CAPTURE
    [Amount] => 2510
    [TdFlag] => 0
    [TdTenantName] => 
)
 from 114.160.216.147
2020/03/21 15:12:25 [/shop/shopping/load_payment_module.php] AccessID=6845a0530ef3032ea0aad9b64931e107&AccessPass=2941e27fe919dc75f9dc91534dea8164 from 114.160.216.147
2020/03/21 15:12:25 [/shop/shopping/load_payment_module.php] Array
(
    [0] => Array
        (
            [AccessID] => 6845a0530ef3032ea0aad9b64931e107
            [AccessPass] => 2941e27fe919dc75f9dc91534dea8164
        )

)
 from 114.160.216.147
2020/03/21 15:12:25 [/shop/shopping/load_payment_module.php] load_payment_module.php set payment data:Array
(
    [AccessID] => 6845a0530ef3032ea0aad9b64931e107
    [AccessPass] => 2941e27fe919dc75f9dc91534dea8164
    [OrderID] => 944010-21151225
    [Amount] => 2510
    [JobCd] => CAPTURE
    [action_status] => 1
    [pay_status] => 0
)
 from 114.160.216.147
2020/03/21 15:12:25 [/shop/shopping/load_payment_module.php] SendRequest:https://p01.mul-pay.jp/payment/ExecTran.idPass from 114.160.216.147
2020/03/21 15:12:25 [/shop/shopping/load_payment_module.php] Array
(
    [AccessID] => 6845a0530ef3032ea0aad9b64931e107
    [AccessPass] => 2941e27fe919dc75f9dc91534dea8164
    [OrderID] => 944010-21151225
    [Method] => 1
    [Token] => 4c8edc10e19e913d4c53f334de4c235851d603411cec06789ac05f603c1c0693
    [ClientField1] => 
    [ClientField2] => 
    [ClientField3] => EC-CUBE4.3.24
)
 from 114.160.216.147
2020/03/21 15:12:26 [/shop/shopping/load_payment_module.php] ACS=0&OrderID=944010-21151225&Forward=2959876&Method=1&PayTimes=&Approve=0175918&TranID=2003211512602257210134133021&TranDate=20200321151226&CheckString=c1c40165e79c3bbc4362a44f750368d6 from 114.160.216.147
2020/03/21 15:12:26 [/shop/shopping/load_payment_module.php] Array
(
    [0] => Array
        (
            [ACS] => 0
            [OrderID] => 944010-21151225
            [Forward] => 2959876
            [Method] => 1
            [PayTimes] => 
            [Approve] => 0175918
            [TranID] => 2003211512602257210134133021
            [TranDate] => 20200321151226
            [CheckString] => c1c40165e79c3bbc4362a44f750368d6
        )

)
 from 114.160.216.147
2020/03/21 15:12:26 [/shop/shopping/load_payment_module.php] load_payment_module.php set payment data:Array
(
    [ACS] => 0
    [Forward] => 2959876
    [Method] => 1
    [PayTimes] => 
    [Approve] => 0175918
    [TranID] => 2003211512602257210134133021
    [TranDate] => 20200321151226
    [CheckString] => c1c40165e79c3bbc4362a44f750368d6
    [Amount] => 2510
    [JobCd] => CAPTURE
    [action_status] => 3
    [pay_status] => 13
)
 from 114.160.216.147
2020/03/21 15:12:26 [/shop/user_data/pg_mulpay_recv.php] ******* receiveer data start ******* from 210.175.7.20
2020/03/21 15:12:26 [/shop/user_data/pg_mulpay_recv.php] Array
(
    [ShopID] => 9000034600950
    [ShopPass] => **********
    [AccessID] => 6845a0530ef3032ea0aad9b64931e107
    [AccessPass] => ********************************
    [OrderID] => 944010-21151225
    [Status] => CAPTURE
    [JobCd] => CAPTURE
    [Amount] => 2510
    [Tax] => 0
    [Currency] => JPN
    [Forward] => 2959876
    [Method] => 1
    [PayTimes] => 
    [TranID] => 2003211512602257210134133021
    [Approve] => 0175918
    [TranDate] => 20200321151226
    [ErrCode] => 
    [ErrInfo] => 
    [PayType] => 0
)
 from 210.175.7.20
2020/03/21 15:12:26 [/shop/user_data/pg_mulpay_recv.php] ******* receiveer data end ******* from 210.175.7.20
2020/03/21 15:12:32 [/shop/user_data/pg_mulpay_recv.php] update order status:1 order_id=944010 from 210.175.7.20
2020/03/21 15:12:32 [/shop/user_data/pg_mulpay_recv.php] pg_mulpay_recv.php set payment data:Array
(
    [ShopID] => 9000034600950
    [AccessID] => 6845a0530ef3032ea0aad9b64931e107
    [OrderID] => 944010-21151225
    [Status] => CAPTURE
    [JobCd] => CAPTURE
    [Amount] => 2510
    [Tax] => 0
    [Currency] => JPN
    [Forward] => 2959876
    [Method] => 1
    [PayTimes] => 
    [TranID] => 2003211512602257210134133021
    [Approve] => 0175918
    [TranDate] => 20200321151226
    [ErrCode] => 
    [ErrInfo] => 
    [PayType] => 0
    [CvsCode] => 
    [CvsConfNo] => 
    [CvsReceiptNo] => 
    [EdyReceiptNo] => 
    [EdyOrderNo] => 
    [SuicaReceiptNo] => 
    [SuicaOrderNo] => 
    [CustID] => 
    [BkCode] => 
    [ConfNo] => 
    [PaymentTerm] => 
    [EncryptReceiptNo] => 
    [FinishDate] => 
    [ReceiptDate] => 
    [WebMoneyManagementNo] => 
    [WebMoneySettleCode] => 
    [AuPayInfoNo] => 
    [AuPayMethod] => 
    [AuCancelAmount] => 
    [AuCancelTax] => 
    [DocomoSettlementCode] => 
    [DocomoCancelAmount] => 
    [DocomoCancelTax] => 
    [pay_status] => 13
)
 from 210.175.7.20
2020/03/21 15:12:32 [/shop/user_data/pg_mulpay_recv.php] response:true from 210.175.7.20
2020/03/21 15:53:10 [/shop/shopping/load_payment_module.php] SendRequest:https://p01.mul-pay.jp/payment/SearchMember.idPass from 126.189.85.192
2020/03/21 15:53:10 [/shop/shopping/load_payment_module.php] Array
(
    [SiteID] => mst0000007602
    [SitePass] => ******
    [MemberID] => 10337
)
 from 126.189.85.192
2020/03/21 15:53:11 [/shop/shopping/load_payment_module.php] ErrCode=E01&ErrInfo=E01390002 from 126.189.85.192
2020/03/21 15:53:11 [/shop/shopping/load_payment_module.php] Array
(
    [0] => Array
        (
            [ErrCode] => E01
            [ErrInfo] => E01390002
        )

)
 from 126.189.85.192
2020/03/21 15:53:11 [/shop/shopping/load_payment_module.php] SendRequest:https://p01.mul-pay.jp/payment/SearchCard.idPass from 126.189.85.192
2020/03/21 15:53:11 [/shop/shopping/load_payment_module.php] Array
(
    [SiteID] => mst0000007602
    [SitePass] => ******
    [MemberID] => 10337
)
 from 126.189.85.192
2020/03/21 15:53:11 [/shop/shopping/load_payment_module.php] ErrCode=E01|E01&ErrInfo=E01390002|E01240002 from 126.189.85.192
2020/03/21 15:53:11 [/shop/shopping/load_payment_module.php] Array
(
    [0] => Array
        (
            [ErrCode] => E01
            [ErrInfo] => E01390002
        )

    [1] => Array
        (
            [ErrCode] => E01
            [ErrInfo] => E01240002
        )

)
 from 126.189.85.192
2020/03/21 15:57:16 [/shop/shopping/load_payment_module.php] SendRequest:https://p01.mul-pay.jp/payment/SearchMember.idPass from 126.189.85.192
2020/03/21 15:57:16 [/shop/shopping/load_payment_module.php] Array
(
    [SiteID] => mst0000007602
    [SitePass] => ******
    [MemberID] => 10337
)
 from 126.189.85.192
2020/03/21 15:57:16 [/shop/shopping/load_payment_module.php] ErrCode=E01&ErrInfo=E01390002 from 126.189.85.192
2020/03/21 15:57:16 [/shop/shopping/load_payment_module.php] Array
(
    [0] => Array
        (
            [ErrCode] => E01
            [ErrInfo] => E01390002
        )

)
 from 126.189.85.192
2020/03/21 15:57:16 [/shop/shopping/load_payment_module.php] SendRequest:https://p01.mul-pay.jp/payment/SearchCard.idPass from 126.189.85.192
2020/03/21 15:57:16 [/shop/shopping/load_payment_module.php] Array
(
    [SiteID] => mst0000007602
    [SitePass] => ******
    [MemberID] => 10337
)
 from 126.189.85.192
2020/03/21 15:57:16 [/shop/shopping/load_payment_module.php] ErrCode=E01|E01&ErrInfo=E01390002|E01240002 from 126.189.85.192
2020/03/21 15:57:16 [/shop/shopping/load_payment_module.php] Array
(
    [0] => Array
        (
            [ErrCode] => E01
            [ErrInfo] => E01390002
        )

    [1] => Array
        (
            [ErrCode] => E01
            [ErrInfo] => E01240002
        )

)
 from 126.189.85.192
2020/03/21 15:57:16 [/shop/shopping/load_payment_module.php] SendRequest:https://p01.mul-pay.jp/payment/EntryTran.idPass from 126.189.85.192
2020/03/21 15:57:16 [/shop/shopping/load_payment_module.php] Array
(
    [ShopID] => 9000034600950
    [ShopPass] => ******
    [OrderID] => 944011-21155716
    [JobCd] => CAPTURE
    [Amount] => 5900
    [TdFlag] => 0
    [TdTenantName] => 
)
 from 126.189.85.192
2020/03/21 15:57:17 [/shop/shopping/load_payment_module.php] AccessID=9bf07a6103877639e71e7a44217651f9&AccessPass=a68ac00f8fb0d3eba8fec9cd6657025c from 126.189.85.192
2020/03/21 15:57:17 [/shop/shopping/load_payment_module.php] Array
(
    [0] => Array
        (
            [AccessID] => 9bf07a6103877639e71e7a44217651f9
            [AccessPass] => a68ac00f8fb0d3eba8fec9cd6657025c
        )

)
 from 126.189.85.192
2020/03/21 15:57:17 [/shop/shopping/load_payment_module.php] load_payment_module.php set payment data:Array
(
    [AccessID] => 9bf07a6103877639e71e7a44217651f9
    [AccessPass] => a68ac00f8fb0d3eba8fec9cd6657025c
    [OrderID] => 944011-21155716
    [Amount] => 5900
    [JobCd] => CAPTURE
    [action_status] => 1
    [pay_status] => 0
)
 from 126.189.85.192
2020/03/21 15:57:17 [/shop/shopping/load_payment_module.php] SendRequest:https://p01.mul-pay.jp/payment/ExecTran.idPass from 126.189.85.192
2020/03/21 15:57:17 [/shop/shopping/load_payment_module.php] Array
(
    [AccessID] => 9bf07a6103877639e71e7a44217651f9
    [AccessPass] => a68ac00f8fb0d3eba8fec9cd6657025c
    [OrderID] => 944011-21155716
    [Method] => 1
    [Token] => b0536c0e60e9e97fd40b0ed1d6c4ac21621a7d3587f95f419ba83df1f2b455a2
    [ClientField1] => 
    [ClientField2] => 
    [ClientField3] => EC-CUBE4.3.24
)
 from 126.189.85.192
2020/03/21 15:57:17 [/shop/shopping/load_payment_module.php] ACS=0&OrderID=944011-21155716&Forward=2S49631&Method=1&PayTimes=&Approve=0815048&TranID=2003211557602257210134123359&TranDate=20200321155717&CheckString=fbb885947cb4a9f214a14ea658529263 from 126.189.85.192
2020/03/21 15:57:17 [/shop/shopping/load_payment_module.php] Array
(
    [0] => Array
        (
            [ACS] => 0
            [OrderID] => 944011-21155716
            [Forward] => 2S49631
            [Method] => 1
            [PayTimes] => 
            [Approve] => 0815048
            [TranID] => 2003211557602257210134123359
            [TranDate] => 20200321155717
            [CheckString] => fbb885947cb4a9f214a14ea658529263
        )

)
 from 126.189.85.192
2020/03/21 15:57:17 [/shop/shopping/load_payment_module.php] load_payment_module.php set payment data:Array
(
    [ACS] => 0
    [Forward] => 2S49631
    [Method] => 1
    [PayTimes] => 
    [Approve] => 0815048
    [TranID] => 2003211557602257210134123359
    [TranDate] => 20200321155717
    [CheckString] => fbb885947cb4a9f214a14ea658529263
    [Amount] => 5900
    [JobCd] => CAPTURE
    [action_status] => 3
    [pay_status] => 13
)
 from 126.189.85.192
2020/03/21 15:57:18 [/shop/user_data/pg_mulpay_recv.php] ******* receiveer data start ******* from 210.175.7.20
2020/03/21 15:57:18 [/shop/user_data/pg_mulpay_recv.php] Array
(
    [ShopID] => 9000034600950
    [ShopPass] => **********
    [AccessID] => 9bf07a6103877639e71e7a44217651f9
    [AccessPass] => ********************************
    [OrderID] => 944011-21155716
    [Status] => CAPTURE
    [JobCd] => CAPTURE
    [Amount] => 5900
    [Tax] => 0
    [Currency] => JPN
    [Forward] => 2S49631
    [Method] => 1
    [PayTimes] => 
    [TranID] => 2003211557602257210134123359
    [Approve] => 0815048
    [TranDate] => 20200321155717
    [ErrCode] => 
    [ErrInfo] => 
    [PayType] => 0
)
 from 210.175.7.20
2020/03/21 15:57:18 [/shop/user_data/pg_mulpay_recv.php] ******* receiveer data end ******* from 210.175.7.20
2020/03/21 15:57:23 [/shop/user_data/pg_mulpay_recv.php] update order status:1 order_id=944011 from 210.175.7.20
2020/03/21 15:57:23 [/shop/user_data/pg_mulpay_recv.php] pg_mulpay_recv.php set payment data:Array
(
    [ShopID] => 9000034600950
    [AccessID] => 9bf07a6103877639e71e7a44217651f9
    [OrderID] => 944011-21155716
    [Status] => CAPTURE
    [JobCd] => CAPTURE
    [Amount] => 5900
    [Tax] => 0
    [Currency] => JPN
    [Forward] => 2S49631
    [Method] => 1
    [PayTimes] => 
    [TranID] => 2003211557602257210134123359
    [Approve] => 0815048
    [TranDate] => 20200321155717
    [ErrCode] => 
    [ErrInfo] => 
    [PayType] => 0
    [CvsCode] => 
    [CvsConfNo] => 
    [CvsReceiptNo] => 
    [EdyReceiptNo] => 
    [EdyOrderNo] => 
    [SuicaReceiptNo] => 
    [SuicaOrderNo] => 
    [CustID] => 
    [BkCode] => 
    [ConfNo] => 
    [PaymentTerm] => 
    [EncryptReceiptNo] => 
    [FinishDate] => 
    [ReceiptDate] => 
    [WebMoneyManagementNo] => 
    [WebMoneySettleCode] => 
    [AuPayInfoNo] => 
    [AuPayMethod] => 
    [AuCancelAmount] => 
    [AuCancelTax] => 
    [DocomoSettlementCode] => 
    [DocomoCancelAmount] => 
    [DocomoCancelTax] => 
    [pay_status] => 13
)
 from 210.175.7.20
2020/03/21 15:57:23 [/shop/user_data/pg_mulpay_recv.php] response:true from 210.175.7.20
2020/03/21 17:27:33 [/shop/shopping/load_payment_module.php] SendRequest:https://p01.mul-pay.jp/payment/EntryTran.idPass from 126.246.8.39
2020/03/21 17:27:34 [/shop/shopping/load_payment_module.php] Array
(
    [ShopID] => 9000034600950
    [ShopPass] => ******
    [OrderID] => 944012-21172733
    [JobCd] => CAPTURE
    [Amount] => 9950
    [TdFlag] => 0
    [TdTenantName] => 
)
 from 126.246.8.39
2020/03/21 17:27:34 [/shop/shopping/load_payment_module.php] AccessID=fc040296a4769c9c7a3beae261d0a309&AccessPass=285222d2317348ec0d139ac3e5568da7 from 126.246.8.39
2020/03/21 17:27:34 [/shop/shopping/load_payment_module.php] Array
(
    [0] => Array
        (
            [AccessID] => fc040296a4769c9c7a3beae261d0a309
            [AccessPass] => 285222d2317348ec0d139ac3e5568da7
        )

)
 from 126.246.8.39
2020/03/21 17:27:34 [/shop/shopping/load_payment_module.php] load_payment_module.php set payment data:Array
(
    [AccessID] => fc040296a4769c9c7a3beae261d0a309
    [AccessPass] => 285222d2317348ec0d139ac3e5568da7
    [OrderID] => 944012-21172733
    [Amount] => 9950
    [JobCd] => CAPTURE
    [action_status] => 1
    [pay_status] => 0
)
 from 126.246.8.39
2020/03/21 17:27:34 [/shop/shopping/load_payment_module.php] SendRequest:https://p01.mul-pay.jp/payment/ExecTran.idPass from 126.246.8.39
2020/03/21 17:27:34 [/shop/shopping/load_payment_module.php] Array
(
    [AccessID] => fc040296a4769c9c7a3beae261d0a309
    [AccessPass] => 285222d2317348ec0d139ac3e5568da7
    [OrderID] => 944012-21172733
    [Method] => 1
    [Token] => 03c623d7bea2758280d9c4e42e948781c55f82d6df21b0a0afa9e1f89cb8b2cd
    [ClientField1] => 
    [ClientField2] => 
    [ClientField3] => EC-CUBE4.3.24
)
 from 126.246.8.39
2020/03/21 17:27:36 [/shop/shopping/load_payment_module.php] ACS=0&OrderID=944012-21172733&Forward=2959876&Method=1&PayTimes=&Approve=0393143&TranID=2003211727602257210134123360&TranDate=20200321172736&CheckString=04e1bee06a03619eba7090cd7179380f from 126.246.8.39
2020/03/21 17:27:36 [/shop/shopping/load_payment_module.php] Array
(
    [0] => Array
        (
            [ACS] => 0
            [OrderID] => 944012-21172733
            [Forward] => 2959876
            [Method] => 1
            [PayTimes] => 
            [Approve] => 0393143
            [TranID] => 2003211727602257210134123360
            [TranDate] => 20200321172736
            [CheckString] => 04e1bee06a03619eba7090cd7179380f
        )

)
 from 126.246.8.39
2020/03/21 17:27:36 [/shop/shopping/load_payment_module.php] load_payment_module.php set payment data:Array
(
    [ACS] => 0
    [Forward] => 2959876
    [Method] => 1
    [PayTimes] => 
    [Approve] => 0393143
    [TranID] => 2003211727602257210134123360
    [TranDate] => 20200321172736
    [CheckString] => 04e1bee06a03619eba7090cd7179380f
    [Amount] => 9950
    [JobCd] => CAPTURE
    [action_status] => 3
    [pay_status] => 13
)
 from 126.246.8.39
2020/03/21 17:27:37 [/shop/user_data/pg_mulpay_recv.php] ******* receiveer data start ******* from 210.175.7.20
2020/03/21 17:27:37 [/shop/user_data/pg_mulpay_recv.php] Array
(
    [ShopID] => 9000034600950
    [ShopPass] => **********
    [AccessID] => fc040296a4769c9c7a3beae261d0a309
    [AccessPass] => ********************************
    [OrderID] => 944012-21172733
    [Status] => CAPTURE
    [JobCd] => CAPTURE
    [Amount] => 9950
    [Tax] => 0
    [Currency] => JPN
    [Forward] => 2959876
    [Method] => 1
    [PayTimes] => 
    [TranID] => 2003211727602257210134123360
    [Approve] => 0393143
    [TranDate] => 20200321172736
    [ErrCode] => 
    [ErrInfo] => 
    [PayType] => 0
)
 from 210.175.7.20
2020/03/21 17:27:37 [/shop/user_data/pg_mulpay_recv.php] ******* receiveer data end ******* from 210.175.7.20
2020/03/21 17:27:42 [/shop/user_data/pg_mulpay_recv.php] update order status:1 order_id=944012 from 210.175.7.20
2020/03/21 17:27:42 [/shop/user_data/pg_mulpay_recv.php] pg_mulpay_recv.php set payment data:Array
(
    [ShopID] => 9000034600950
    [AccessID] => fc040296a4769c9c7a3beae261d0a309
    [OrderID] => 944012-21172733
    [Status] => CAPTURE
    [JobCd] => CAPTURE
    [Amount] => 9950
    [Tax] => 0
    [Currency] => JPN
    [Forward] => 2959876
    [Method] => 1
    [PayTimes] => 
    [TranID] => 2003211727602257210134123360
    [Approve] => 0393143
    [TranDate] => 20200321172736
    [ErrCode] => 
    [ErrInfo] => 
    [PayType] => 0
    [CvsCode] => 
    [CvsConfNo] => 
    [CvsReceiptNo] => 
    [EdyReceiptNo] => 
    [EdyOrderNo] => 
    [SuicaReceiptNo] => 
    [SuicaOrderNo] => 
    [CustID] => 
    [BkCode] => 
    [ConfNo] => 
    [PaymentTerm] => 
    [EncryptReceiptNo] => 
    [FinishDate] => 
    [ReceiptDate] => 
    [WebMoneyManagementNo] => 
    [WebMoneySettleCode] => 
    [AuPayInfoNo] => 
    [AuPayMethod] => 
    [AuCancelAmount] => 
    [AuCancelTax] => 
    [DocomoSettlementCode] => 
    [DocomoCancelAmount] => 
    [DocomoCancelTax] => 
    [pay_status] => 13
)
 from 210.175.7.20
2020/03/21 17:27:42 [/shop/user_data/pg_mulpay_recv.php] response:true from 210.175.7.20
2020/03/21 17:42:29 [/shop/master/order/edit.php] SendRequest:https://p01.mul-pay.jp/payment/AlterTran.idPass from 114.160.216.147
2020/03/21 17:42:29 [/shop/master/order/edit.php] Array
(
    [ShopID] => 9000034600950
    [ShopPass] => ******
    [AccessID] => 8afbf6525d5d76e38b7c250c5119fc82
    [AccessPass] => 733a01210270bf91a469e6e1ca08a9b8
    [JobCd] => RETURN
)
 from 114.160.216.147
2020/03/21 17:42:31 [/shop/master/order/edit.php] AccessID=8afbf6525d5d76e38b7c250c5119fc82&AccessPass=733a01210270bf91a469e6e1ca08a9b8&Forward=2959876&Approve=0012516&TranID=2003211742602257210134133022&TranDate=20200321174231 from 114.160.216.147
2020/03/21 17:42:31 [/shop/master/order/edit.php] Array
(
    [0] => Array
        (
            [AccessID] => 8afbf6525d5d76e38b7c250c5119fc82
            [AccessPass] => 733a01210270bf91a469e6e1ca08a9b8
            [Forward] => 2959876
            [Approve] => 0012516
            [TranID] => 2003211742602257210134133022
            [TranDate] => 20200321174231
        )

)
 from 114.160.216.147
2020/03/21 17:42:31 [/shop/master/order/edit.php] edit.php set payment data:Array
(
    [AccessID] => 8afbf6525d5d76e38b7c250c5119fc82
    [AccessPass] => 733a01210270bf91a469e6e1ca08a9b8
    [Forward] => 2959876
    [Approve] => 0012516
    [TranID] => 2003211742602257210134133022
    [TranDate] => 20200321174231
    [JobCd] => RETURN
    [action_status] => 6
    [pay_status] => 15
)
 from 114.160.216.147
2020/03/21 17:42:32 [/shop/user_data/pg_mulpay_recv.php] ******* receiveer data start ******* from 210.175.7.20
2020/03/21 17:42:32 [/shop/user_data/pg_mulpay_recv.php] Array
(
    [ShopID] => 9000034600950
    [ShopPass] => **********
    [AccessID] => 8afbf6525d5d76e38b7c250c5119fc82
    [AccessPass] => ********************************
    [OrderID] => 943867-02042125
    [Status] => RETURN
    [JobCd] => RETURN
    [Amount] => 11680
    [Tax] => 0
    [Currency] => JPN
    [Forward] => 2959876
    [Method] => 1
    [PayTimes] => 
    [TranID] => 2003211742602257210134133022
    [Approve] => 0012516
    [TranDate] => 20200321174231
    [ErrCode] => 
    [ErrInfo] => 
    [PayType] => 0
)
 from 210.175.7.20
2020/03/21 17:42:32 [/shop/user_data/pg_mulpay_recv.php] ******* receiveer data end ******* from 210.175.7.20
2020/03/21 17:42:32 [/shop/user_data/pg_mulpay_recv.php] pg_mulpay_recv.php set payment data:Array
(
    [ShopID] => 9000034600950
    [AccessID] => 8afbf6525d5d76e38b7c250c5119fc82
    [OrderID] => 943867-02042125
    [Status] => RETURN
    [JobCd] => RETURN
    [Amount] => 11680
    [Tax] => 0
    [Currency] => JPN
    [Forward] => 2959876
    [Method] => 1
    [PayTimes] => 
    [TranID] => 2003211742602257210134133022
    [Approve] => 0012516
    [TranDate] => 20200321174231
    [ErrCode] => 
    [ErrInfo] => 
    [PayType] => 0
    [CvsCode] => 
    [CvsConfNo] => 
    [CvsReceiptNo] => 
    [EdyReceiptNo] => 
    [EdyOrderNo] => 
    [SuicaReceiptNo] => 
    [SuicaOrderNo] => 
    [CustID] => 
    [BkCode] => 
    [ConfNo] => 
    [PaymentTerm] => 
    [EncryptReceiptNo] => 
    [FinishDate] => 
    [ReceiptDate] => 
    [WebMoneyManagementNo] => 
    [WebMoneySettleCode] => 
    [AuPayInfoNo] => 
    [AuPayMethod] => 
    [AuCancelAmount] => 
    [AuCancelTax] => 
    [DocomoSettlementCode] => 
    [DocomoCancelAmount] => 
    [DocomoCancelTax] => 
    [pay_status] => 15
)
 from 210.175.7.20
2020/03/21 17:42:32 [/shop/user_data/pg_mulpay_recv.php] response:true from 210.175.7.20
2020/03/21 22:05:03 [/shop/shopping/load_payment_module.php] SendRequest:https://p01.mul-pay.jp/payment/SearchMember.idPass from 126.162.139.78
2020/03/21 22:05:03 [/shop/shopping/load_payment_module.php] Array
(
    [SiteID] => mst0000007602
    [SitePass] => ******
    [MemberID] => 9015
)
 from 126.162.139.78
2020/03/21 22:05:03 [/shop/shopping/load_payment_module.php] ErrCode=E01&ErrInfo=E01390002 from 126.162.139.78
2020/03/21 22:05:03 [/shop/shopping/load_payment_module.php] Array
(
    [0] => Array
        (
            [ErrCode] => E01
            [ErrInfo] => E01390002
        )

)
 from 126.162.139.78
2020/03/21 22:05:03 [/shop/shopping/load_payment_module.php] SendRequest:https://p01.mul-pay.jp/payment/SearchCard.idPass from 126.162.139.78
2020/03/21 22:05:03 [/shop/shopping/load_payment_module.php] Array
(
    [SiteID] => mst0000007602
    [SitePass] => ******
    [MemberID] => 9015
)
 from 126.162.139.78
2020/03/21 22:05:04 [/shop/shopping/load_payment_module.php] ErrCode=E01|E01&ErrInfo=E01390002|E01240002 from 126.162.139.78
2020/03/21 22:05:04 [/shop/shopping/load_payment_module.php] Array
(
    [0] => Array
        (
            [ErrCode] => E01
            [ErrInfo] => E01390002
        )

    [1] => Array
        (
            [ErrCode] => E01
            [ErrInfo] => E01240002
        )

)
 from 126.162.139.78
2020/03/21 22:06:22 [/shop/shopping/load_payment_module.php] SendRequest:https://p01.mul-pay.jp/payment/SearchMember.idPass from 126.162.139.78
2020/03/21 22:06:22 [/shop/shopping/load_payment_module.php] Array
(
    [SiteID] => mst0000007602
    [SitePass] => ******
    [MemberID] => 9015
)
 from 126.162.139.78
2020/03/21 22:06:22 [/shop/shopping/load_payment_module.php] ErrCode=E01&ErrInfo=E01390002 from 126.162.139.78
2020/03/21 22:06:22 [/shop/shopping/load_payment_module.php] Array
(
    [0] => Array
        (
            [ErrCode] => E01
            [ErrInfo] => E01390002
        )

)
 from 126.162.139.78
2020/03/21 22:06:22 [/shop/shopping/load_payment_module.php] SendRequest:https://p01.mul-pay.jp/payment/SearchCard.idPass from 126.162.139.78
2020/03/21 22:06:22 [/shop/shopping/load_payment_module.php] Array
(
    [SiteID] => mst0000007602
    [SitePass] => ******
    [MemberID] => 9015
)
 from 126.162.139.78
2020/03/21 22:06:22 [/shop/shopping/load_payment_module.php] ErrCode=E01|E01&ErrInfo=E01390002|E01240002 from 126.162.139.78
2020/03/21 22:06:22 [/shop/shopping/load_payment_module.php] Array
(
    [0] => Array
        (
            [ErrCode] => E01
            [ErrInfo] => E01390002
        )

    [1] => Array
        (
            [ErrCode] => E01
            [ErrInfo] => E01240002
        )

)
 from 126.162.139.78
2020/03/21 22:06:22 [/shop/shopping/load_payment_module.php] SendRequest:https://p01.mul-pay.jp/payment/EntryTran.idPass from 126.162.139.78
2020/03/21 22:06:22 [/shop/shopping/load_payment_module.php] Array
(
    [ShopID] => 9000034600950
    [ShopPass] => ******
    [OrderID] => 944013-21220622
    [JobCd] => CAPTURE
    [Amount] => 28000
    [TdFlag] => 0
    [TdTenantName] => 
)
 from 126.162.139.78
2020/03/21 22:06:22 [/shop/shopping/load_payment_module.php] AccessID=5b1a1e68cbf66debda373b5eb42e2828&AccessPass=12a40258abb3822691066d0d36f2784e from 126.162.139.78
2020/03/21 22:06:22 [/shop/shopping/load_payment_module.php] Array
(
    [0] => Array
        (
            [AccessID] => 5b1a1e68cbf66debda373b5eb42e2828
            [AccessPass] => 12a40258abb3822691066d0d36f2784e
        )

)
 from 126.162.139.78
2020/03/21 22:06:22 [/shop/shopping/load_payment_module.php] load_payment_module.php set payment data:Array
(
    [AccessID] => 5b1a1e68cbf66debda373b5eb42e2828
    [AccessPass] => 12a40258abb3822691066d0d36f2784e
    [OrderID] => 944013-21220622
    [Amount] => 28000
    [JobCd] => CAPTURE
    [action_status] => 1
    [pay_status] => 0
)
 from 126.162.139.78
2020/03/21 22:06:22 [/shop/shopping/load_payment_module.php] SendRequest:https://p01.mul-pay.jp/payment/ExecTran.idPass from 126.162.139.78
2020/03/21 22:06:22 [/shop/shopping/load_payment_module.php] Array
(
    [AccessID] => 5b1a1e68cbf66debda373b5eb42e2828
    [AccessPass] => 12a40258abb3822691066d0d36f2784e
    [OrderID] => 944013-21220622
    [Method] => 1
    [Token] => 7d471bd4c9a9945bce8b1533124f77f77e2c002b8fa7efa0e20d171e4b3589ee
    [ClientField1] => 
    [ClientField2] => 
    [ClientField3] => EC-CUBE4.3.24
)
 from 126.162.139.78
2020/03/21 22:06:23 [/shop/shopping/load_payment_module.php] ACS=0&OrderID=944013-21220622&Forward=2S49631&Method=1&PayTimes=&Approve=0081211&TranID=2003212206602257210134113316&TranDate=20200321220623&CheckString=945ac446ed8c65e8cf1d079b5430c53b from 126.162.139.78
2020/03/21 22:06:23 [/shop/shopping/load_payment_module.php] Array
(
    [0] => Array
        (
            [ACS] => 0
            [OrderID] => 944013-21220622
            [Forward] => 2S49631
            [Method] => 1
            [PayTimes] => 
            [Approve] => 0081211
            [TranID] => 2003212206602257210134113316
            [TranDate] => 20200321220623
            [CheckString] => 945ac446ed8c65e8cf1d079b5430c53b
        )

)
 from 126.162.139.78
2020/03/21 22:06:23 [/shop/shopping/load_payment_module.php] load_payment_module.php set payment data:Array
(
    [ACS] => 0
    [Forward] => 2S49631
    [Method] => 1
    [PayTimes] => 
    [Approve] => 0081211
    [TranID] => 2003212206602257210134113316
    [TranDate] => 20200321220623
    [CheckString] => 945ac446ed8c65e8cf1d079b5430c53b
    [Amount] => 28000
    [JobCd] => CAPTURE
    [action_status] => 3
    [pay_status] => 13
)
 from 126.162.139.78
2020/03/21 22:06:24 [/shop/user_data/pg_mulpay_recv.php] ******* receiveer data start ******* from 210.175.7.20
2020/03/21 22:06:24 [/shop/user_data/pg_mulpay_recv.php] Array
(
    [ShopID] => 9000034600950
    [ShopPass] => **********
    [AccessID] => 5b1a1e68cbf66debda373b5eb42e2828
    [AccessPass] => ********************************
    [OrderID] => 944013-21220622
    [Status] => CAPTURE
    [JobCd] => CAPTURE
    [Amount] => 28000
    [Tax] => 0
    [Currency] => JPN
    [Forward] => 2S49631
    [Method] => 1
    [PayTimes] => 
    [TranID] => 2003212206602257210134113316
    [Approve] => 0081211
    [TranDate] => 20200321220623
    [ErrCode] => 
    [ErrInfo] => 
    [PayType] => 0
)
 from 210.175.7.20
2020/03/21 22:06:24 [/shop/user_data/pg_mulpay_recv.php] ******* receiveer data end ******* from 210.175.7.20
2020/03/21 22:06:29 [/shop/user_data/pg_mulpay_recv.php] update order status:1 order_id=944013 from 210.175.7.20
2020/03/21 22:06:29 [/shop/user_data/pg_mulpay_recv.php] pg_mulpay_recv.php set payment data:Array
(
    [ShopID] => 9000034600950
    [AccessID] => 5b1a1e68cbf66debda373b5eb42e2828
    [OrderID] => 944013-21220622
    [Status] => CAPTURE
    [JobCd] => CAPTURE
    [Amount] => 28000
    [Tax] => 0
    [Currency] => JPN
    [Forward] => 2S49631
    [Method] => 1
    [PayTimes] => 
    [TranID] => 2003212206602257210134113316
    [Approve] => 0081211
    [TranDate] => 20200321220623
    [ErrCode] => 
    [ErrInfo] => 
    [PayType] => 0
    [CvsCode] => 
    [CvsConfNo] => 
    [CvsReceiptNo] => 
    [EdyReceiptNo] => 
    [EdyOrderNo] => 
    [SuicaReceiptNo] => 
    [SuicaOrderNo] => 
    [CustID] => 
    [BkCode] => 
    [ConfNo] => 
    [PaymentTerm] => 
    [EncryptReceiptNo] => 
    [FinishDate] => 
    [ReceiptDate] => 
    [WebMoneyManagementNo] => 
    [WebMoneySettleCode] => 
    [AuPayInfoNo] => 
    [AuPayMethod] => 
    [AuCancelAmount] => 
    [AuCancelTax] => 
    [DocomoSettlementCode] => 
    [DocomoCancelAmount] => 
    [DocomoCancelTax] => 
    [pay_status] => 13
)
 from 210.175.7.20
2020/03/21 22:06:29 [/shop/user_data/pg_mulpay_recv.php] response:true from 210.175.7.20
