2024/12/02 00:46:22 [/shop/shopping/load_payment_module.php] SendRequest:https://p01.mul-pay.jp/payment/EntryTran.idPass from 73.86.251.184
2024/12/02 00:46:22 [/shop/shopping/load_payment_module.php] Array
(
    [ShopID] => 9000034600950
    [ShopPass] => ******
    [OrderID] => 959917-02004622
    [JobCd] => CAPTURE
    [Amount] => 11050
    [TdFlag] => 0
    [TdTenantName] => 
)
 from 73.86.251.184
2024/12/02 00:46:22 [/shop/shopping/load_payment_module.php] AccessID=f457bd13f37f31cb48d7863a8ea2a0b0&AccessPass=8d1e34f4c4b265a2ab99194d72653a10 from 73.86.251.184
2024/12/02 00:46:22 [/shop/shopping/load_payment_module.php] Array
(
    [0] => Array
        (
            [AccessID] => f457bd13f37f31cb48d7863a8ea2a0b0
            [AccessPass] => 8d1e34f4c4b265a2ab99194d72653a10
        )

)
 from 73.86.251.184
2024/12/02 00:46:22 [/shop/shopping/load_payment_module.php] load_payment_module.php set payment data:Array
(
    [AccessID] => f457bd13f37f31cb48d7863a8ea2a0b0
    [AccessPass] => 8d1e34f4c4b265a2ab99194d72653a10
    [OrderID] => 959917-02004622
    [Amount] => 11050
    [JobCd] => CAPTURE
    [action_status] => 1
    [pay_status] => 0
)
 from 73.86.251.184
2024/12/02 00:46:22 [/shop/shopping/load_payment_module.php] SendRequest:https://p01.mul-pay.jp/payment/ExecTran.idPass from 73.86.251.184
2024/12/02 00:46:22 [/shop/shopping/load_payment_module.php] Array
(
    [AccessID] => f457bd13f37f31cb48d7863a8ea2a0b0
    [AccessPass] => 8d1e34f4c4b265a2ab99194d72653a10
    [OrderID] => 959917-02004622
    [Method] => 1
    [Token] => 4d7e783055e6ec4937117d2772f6dab62baa4c308a3acd6e68ee3255a7f99fec
    [ClientField1] => 
    [ClientField2] => 
    [ClientField3] => EC-CUBE4.3.35
)
 from 73.86.251.184
2024/12/02 00:46:22 [/shop/shopping/load_payment_module.php] ACS=0&OrderID=959917-02004622&Forward=2S49631&Method=1&PayTimes=&Approve=0086744&TranID=2412020046602257210134153787&TranDate=20241202004622&CheckString=78b9cf6a5c47e52c1c8f660f70dbb98b from 73.86.251.184
2024/12/02 00:46:22 [/shop/shopping/load_payment_module.php] Array
(
    [0] => Array
        (
            [ACS] => 0
            [OrderID] => 959917-02004622
            [Forward] => 2S49631
            [Method] => 1
            [PayTimes] => 
            [Approve] => 0086744
            [TranID] => 2412020046602257210134153787
            [TranDate] => 20241202004622
            [CheckString] => 78b9cf6a5c47e52c1c8f660f70dbb98b
        )

)
 from 73.86.251.184
2024/12/02 00:46:22 [/shop/shopping/load_payment_module.php] load_payment_module.php set payment data:Array
(
    [ACS] => 0
    [Forward] => 2S49631
    [Method] => 1
    [PayTimes] => 
    [Approve] => 0086744
    [TranID] => 2412020046602257210134153787
    [TranDate] => 20241202004622
    [CheckString] => 78b9cf6a5c47e52c1c8f660f70dbb98b
    [Amount] => 11050
    [JobCd] => CAPTURE
    [action_status] => 3
    [pay_status] => 13
)
 from 73.86.251.184
2024/12/02 00:46:23 [/shop/user_data/pg_mulpay_recv.php] ******* receiveer data start ******* from 210.175.7.20
2024/12/02 00:46:23 [/shop/user_data/pg_mulpay_recv.php] Array
(
    [ShopID] => 9000034600950
    [ShopPass] => **********
    [AccessID] => f457bd13f37f31cb48d7863a8ea2a0b0
    [AccessPass] => ********************************
    [OrderID] => 959917-02004622
    [Status] => CAPTURE
    [JobCd] => CAPTURE
    [Amount] => 11050
    [Tax] => 0
    [Currency] => JPN
    [Forward] => 2S49631
    [Method] => 1
    [PayTimes] => 
    [TranID] => 2412020046602257210134153787
    [Approve] => 0086744
    [TranDate] => 20241202004622
    [ErrCode] => 
    [ErrInfo] => 
    [PayType] => 0
)
 from 210.175.7.20
2024/12/02 00:46:23 [/shop/user_data/pg_mulpay_recv.php] ******* receiveer data end ******* from 210.175.7.20
2024/12/02 00:46:28 [/shop/user_data/pg_mulpay_recv.php] update order status:1 order_id=959917 from 210.175.7.20
2024/12/02 00:46:28 [/shop/user_data/pg_mulpay_recv.php] pg_mulpay_recv.php set payment data:Array
(
    [ShopID] => 9000034600950
    [AccessID] => f457bd13f37f31cb48d7863a8ea2a0b0
    [OrderID] => 959917-02004622
    [Status] => CAPTURE
    [JobCd] => CAPTURE
    [Amount] => 11050
    [Tax] => 0
    [Currency] => JPN
    [Forward] => 2S49631
    [Method] => 1
    [PayTimes] => 
    [TranID] => 2412020046602257210134153787
    [Approve] => 0086744
    [TranDate] => 20241202004622
    [ErrCode] => 
    [ErrInfo] => 
    [PayType] => 0
    [CvsCode] => 
    [CvsConfNo] => 
    [CvsReceiptNo] => 
    [EdyReceiptNo] => 
    [EdyOrderNo] => 
    [SuicaReceiptNo] => 
    [SuicaOrderNo] => 
    [CustID] => 
    [BkCode] => 
    [ConfNo] => 
    [PaymentTerm] => 
    [EncryptReceiptNo] => 
    [FinishDate] => 
    [ReceiptDate] => 
    [WebMoneyManagementNo] => 
    [WebMoneySettleCode] => 
    [AuPayInfoNo] => 
    [AuPayMethod] => 
    [AuCancelAmount] => 
    [AuCancelTax] => 
    [DocomoSettlementCode] => 
    [DocomoCancelAmount] => 
    [DocomoCancelTax] => 
    [pay_status] => 13
)
 from 210.175.7.20
2024/12/02 00:46:28 [/shop/user_data/pg_mulpay_recv.php] response:true from 210.175.7.20
2024/12/02 07:46:43 [/shop/shopping/load_payment_module.php] SendRequest:https://p01.mul-pay.jp/payment/EntryTran.idPass from 76.37.92.169
2024/12/02 07:46:43 [/shop/shopping/load_payment_module.php] Array
(
    [ShopID] => 9000034600950
    [ShopPass] => ******
    [OrderID] => 959918-02074643
    [JobCd] => CAPTURE
    [Amount] => 7480
    [TdFlag] => 0
    [TdTenantName] => 
)
 from 76.37.92.169
2024/12/02 07:46:43 [/shop/shopping/load_payment_module.php] AccessID=f19720386bc9641871c1e2dafec90ee8&AccessPass=c79b2b88db1d5fbbe794f816942d27c4 from 76.37.92.169
2024/12/02 07:46:43 [/shop/shopping/load_payment_module.php] Array
(
    [0] => Array
        (
            [AccessID] => f19720386bc9641871c1e2dafec90ee8
            [AccessPass] => c79b2b88db1d5fbbe794f816942d27c4
        )

)
 from 76.37.92.169
2024/12/02 07:46:43 [/shop/shopping/load_payment_module.php] load_payment_module.php set payment data:Array
(
    [AccessID] => f19720386bc9641871c1e2dafec90ee8
    [AccessPass] => c79b2b88db1d5fbbe794f816942d27c4
    [OrderID] => 959918-02074643
    [Amount] => 7480
    [JobCd] => CAPTURE
    [action_status] => 1
    [pay_status] => 0
)
 from 76.37.92.169
2024/12/02 07:46:43 [/shop/shopping/load_payment_module.php] SendRequest:https://p01.mul-pay.jp/payment/ExecTran.idPass from 76.37.92.169
2024/12/02 07:46:43 [/shop/shopping/load_payment_module.php] Array
(
    [AccessID] => f19720386bc9641871c1e2dafec90ee8
    [AccessPass] => c79b2b88db1d5fbbe794f816942d27c4
    [OrderID] => 959918-02074643
    [Method] => 1
    [Token] => a7e663e27d31438efdf9f4a9cb8f22f0f27fd8aa2061191e1d7de93acc9feb93
    [ClientField1] => 
    [ClientField2] => 
    [ClientField3] => EC-CUBE4.3.35
)
 from 76.37.92.169
2024/12/02 07:46:44 [/shop/shopping/load_payment_module.php] ACS=0&OrderID=959918-02074643&Forward=2S49631&Method=1&PayTimes=&Approve=0093139&TranID=2412020746602257210134183686&TranDate=20241202074644&CheckString=add3654e319ade52a3c2c8d7da0dcbc5 from 76.37.92.169
2024/12/02 07:46:44 [/shop/shopping/load_payment_module.php] Array
(
    [0] => Array
        (
            [ACS] => 0
            [OrderID] => 959918-02074643
            [Forward] => 2S49631
            [Method] => 1
            [PayTimes] => 
            [Approve] => 0093139
            [TranID] => 2412020746602257210134183686
            [TranDate] => 20241202074644
            [CheckString] => add3654e319ade52a3c2c8d7da0dcbc5
        )

)
 from 76.37.92.169
2024/12/02 07:46:44 [/shop/shopping/load_payment_module.php] load_payment_module.php set payment data:Array
(
    [ACS] => 0
    [Forward] => 2S49631
    [Method] => 1
    [PayTimes] => 
    [Approve] => 0093139
    [TranID] => 2412020746602257210134183686
    [TranDate] => 20241202074644
    [CheckString] => add3654e319ade52a3c2c8d7da0dcbc5
    [Amount] => 7480
    [JobCd] => CAPTURE
    [action_status] => 3
    [pay_status] => 13
)
 from 76.37.92.169
2024/12/02 07:46:44 [/shop/user_data/pg_mulpay_recv.php] ******* receiveer data start ******* from 210.175.7.20
2024/12/02 07:46:44 [/shop/user_data/pg_mulpay_recv.php] Array
(
    [ShopID] => 9000034600950
    [ShopPass] => **********
    [AccessID] => f19720386bc9641871c1e2dafec90ee8
    [AccessPass] => ********************************
    [OrderID] => 959918-02074643
    [Status] => CAPTURE
    [JobCd] => CAPTURE
    [Amount] => 7480
    [Tax] => 0
    [Currency] => JPN
    [Forward] => 2S49631
    [Method] => 1
    [PayTimes] => 
    [TranID] => 2412020746602257210134183686
    [Approve] => 0093139
    [TranDate] => 20241202074644
    [ErrCode] => 
    [ErrInfo] => 
    [PayType] => 0
)
 from 210.175.7.20
2024/12/02 07:46:44 [/shop/user_data/pg_mulpay_recv.php] ******* receiveer data end ******* from 210.175.7.20
2024/12/02 07:46:49 [/shop/user_data/pg_mulpay_recv.php] update order status:1 order_id=959918 from 210.175.7.20
2024/12/02 07:46:49 [/shop/user_data/pg_mulpay_recv.php] pg_mulpay_recv.php set payment data:Array
(
    [ShopID] => 9000034600950
    [AccessID] => f19720386bc9641871c1e2dafec90ee8
    [OrderID] => 959918-02074643
    [Status] => CAPTURE
    [JobCd] => CAPTURE
    [Amount] => 7480
    [Tax] => 0
    [Currency] => JPN
    [Forward] => 2S49631
    [Method] => 1
    [PayTimes] => 
    [TranID] => 2412020746602257210134183686
    [Approve] => 0093139
    [TranDate] => 20241202074644
    [ErrCode] => 
    [ErrInfo] => 
    [PayType] => 0
    [CvsCode] => 
    [CvsConfNo] => 
    [CvsReceiptNo] => 
    [EdyReceiptNo] => 
    [EdyOrderNo] => 
    [SuicaReceiptNo] => 
    [SuicaOrderNo] => 
    [CustID] => 
    [BkCode] => 
    [ConfNo] => 
    [PaymentTerm] => 
    [EncryptReceiptNo] => 
    [FinishDate] => 
    [ReceiptDate] => 
    [WebMoneyManagementNo] => 
    [WebMoneySettleCode] => 
    [AuPayInfoNo] => 
    [AuPayMethod] => 
    [AuCancelAmount] => 
    [AuCancelTax] => 
    [DocomoSettlementCode] => 
    [DocomoCancelAmount] => 
    [DocomoCancelTax] => 
    [pay_status] => 13
)
 from 210.175.7.20
2024/12/02 07:46:49 [/shop/user_data/pg_mulpay_recv.php] response:true from 210.175.7.20
2024/12/02 09:27:43 [/shop/shopping/load_payment_module.php] SendRequest:https://p01.mul-pay.jp/payment/EntryTran.idPass from 99.248.67.87
2024/12/02 09:27:43 [/shop/shopping/load_payment_module.php] Array
(
    [ShopID] => 9000034600950
    [ShopPass] => ******
    [OrderID] => 959919-02092743
    [JobCd] => CAPTURE
    [Amount] => 17350
    [TdFlag] => 0
    [TdTenantName] => 
)
 from 99.248.67.87
2024/12/02 09:27:43 [/shop/shopping/load_payment_module.php] AccessID=b62a131b5578651de70596837fe247ad&AccessPass=024c5aca5d4588b9216ec3e045fb55b5 from 99.248.67.87
2024/12/02 09:27:43 [/shop/shopping/load_payment_module.php] Array
(
    [0] => Array
        (
            [AccessID] => b62a131b5578651de70596837fe247ad
            [AccessPass] => 024c5aca5d4588b9216ec3e045fb55b5
        )

)
 from 99.248.67.87
2024/12/02 09:27:43 [/shop/shopping/load_payment_module.php] load_payment_module.php set payment data:Array
(
    [AccessID] => b62a131b5578651de70596837fe247ad
    [AccessPass] => 024c5aca5d4588b9216ec3e045fb55b5
    [OrderID] => 959919-02092743
    [Amount] => 17350
    [JobCd] => CAPTURE
    [action_status] => 1
    [pay_status] => 0
)
 from 99.248.67.87
2024/12/02 09:27:43 [/shop/shopping/load_payment_module.php] SendRequest:https://p01.mul-pay.jp/payment/ExecTran.idPass from 99.248.67.87
2024/12/02 09:27:43 [/shop/shopping/load_payment_module.php] Array
(
    [AccessID] => b62a131b5578651de70596837fe247ad
    [AccessPass] => 024c5aca5d4588b9216ec3e045fb55b5
    [OrderID] => 959919-02092743
    [Method] => 1
    [Token] => 4fc00d3416a77159dc2ec68b9007103686d9439a41cad1d6b250ea7ad7b781ee
    [ClientField1] => 
    [ClientField2] => 
    [ClientField3] => EC-CUBE4.3.35
)
 from 99.248.67.87
2024/12/02 09:27:44 [/shop/shopping/load_payment_module.php] ACS=0&OrderID=959919-02092743&Forward=2S49631&Method=1&PayTimes=&Approve=0023266&TranID=2412020927602257210134163792&TranDate=20241202092744&CheckString=5c403fe3cdbcdc539a7f677afdb9ac8b from 99.248.67.87
2024/12/02 09:27:44 [/shop/shopping/load_payment_module.php] Array
(
    [0] => Array
        (
            [ACS] => 0
            [OrderID] => 959919-02092743
            [Forward] => 2S49631
            [Method] => 1
            [PayTimes] => 
            [Approve] => 0023266
            [TranID] => 2412020927602257210134163792
            [TranDate] => 20241202092744
            [CheckString] => 5c403fe3cdbcdc539a7f677afdb9ac8b
        )

)
 from 99.248.67.87
2024/12/02 09:27:44 [/shop/shopping/load_payment_module.php] load_payment_module.php set payment data:Array
(
    [ACS] => 0
    [Forward] => 2S49631
    [Method] => 1
    [PayTimes] => 
    [Approve] => 0023266
    [TranID] => 2412020927602257210134163792
    [TranDate] => 20241202092744
    [CheckString] => 5c403fe3cdbcdc539a7f677afdb9ac8b
    [Amount] => 17350
    [JobCd] => CAPTURE
    [action_status] => 3
    [pay_status] => 13
)
 from 99.248.67.87
2024/12/02 09:27:44 [/shop/user_data/pg_mulpay_recv.php] ******* receiveer data start ******* from 210.175.7.20
2024/12/02 09:27:44 [/shop/user_data/pg_mulpay_recv.php] Array
(
    [ShopID] => 9000034600950
    [ShopPass] => **********
    [AccessID] => b62a131b5578651de70596837fe247ad
    [AccessPass] => ********************************
    [OrderID] => 959919-02092743
    [Status] => CAPTURE
    [JobCd] => CAPTURE
    [Amount] => 17350
    [Tax] => 0
    [Currency] => JPN
    [Forward] => 2S49631
    [Method] => 1
    [PayTimes] => 
    [TranID] => 2412020927602257210134163792
    [Approve] => 0023266
    [TranDate] => 20241202092744
    [ErrCode] => 
    [ErrInfo] => 
    [PayType] => 0
)
 from 210.175.7.20
2024/12/02 09:27:44 [/shop/user_data/pg_mulpay_recv.php] ******* receiveer data end ******* from 210.175.7.20
2024/12/02 09:27:49 [/shop/user_data/pg_mulpay_recv.php] update order status:1 order_id=959919 from 210.175.7.20
2024/12/02 09:27:49 [/shop/user_data/pg_mulpay_recv.php] pg_mulpay_recv.php set payment data:Array
(
    [ShopID] => 9000034600950
    [AccessID] => b62a131b5578651de70596837fe247ad
    [OrderID] => 959919-02092743
    [Status] => CAPTURE
    [JobCd] => CAPTURE
    [Amount] => 17350
    [Tax] => 0
    [Currency] => JPN
    [Forward] => 2S49631
    [Method] => 1
    [PayTimes] => 
    [TranID] => 2412020927602257210134163792
    [Approve] => 0023266
    [TranDate] => 20241202092744
    [ErrCode] => 
    [ErrInfo] => 
    [PayType] => 0
    [CvsCode] => 
    [CvsConfNo] => 
    [CvsReceiptNo] => 
    [EdyReceiptNo] => 
    [EdyOrderNo] => 
    [SuicaReceiptNo] => 
    [SuicaOrderNo] => 
    [CustID] => 
    [BkCode] => 
    [ConfNo] => 
    [PaymentTerm] => 
    [EncryptReceiptNo] => 
    [FinishDate] => 
    [ReceiptDate] => 
    [WebMoneyManagementNo] => 
    [WebMoneySettleCode] => 
    [AuPayInfoNo] => 
    [AuPayMethod] => 
    [AuCancelAmount] => 
    [AuCancelTax] => 
    [DocomoSettlementCode] => 
    [DocomoCancelAmount] => 
    [DocomoCancelTax] => 
    [pay_status] => 13
)
 from 210.175.7.20
2024/12/02 09:27:49 [/shop/user_data/pg_mulpay_recv.php] response:true from 210.175.7.20
2024/12/02 10:09:43 [/shop/shopping/load_payment_module.php] SendRequest:https://p01.mul-pay.jp/payment/SearchMember.idPass from 90.55.13.228
2024/12/02 10:09:43 [/shop/shopping/load_payment_module.php] Array
(
    [SiteID] => mst0000007602
    [SitePass] => ******
    [MemberID] => 10944
)
 from 90.55.13.228
2024/12/02 10:09:43 [/shop/shopping/load_payment_module.php] ErrCode=E01&ErrInfo=E01390002 from 90.55.13.228
2024/12/02 10:09:43 [/shop/shopping/load_payment_module.php] Array
(
    [0] => Array
        (
            [ErrCode] => E01
            [ErrInfo] => E01390002
        )

)
 from 90.55.13.228
2024/12/02 10:09:43 [/shop/shopping/load_payment_module.php] SendRequest:https://p01.mul-pay.jp/payment/SearchCard.idPass from 90.55.13.228
2024/12/02 10:09:43 [/shop/shopping/load_payment_module.php] Array
(
    [SiteID] => mst0000007602
    [SitePass] => ******
    [MemberID] => 10944
)
 from 90.55.13.228
2024/12/02 10:09:43 [/shop/shopping/load_payment_module.php] ErrCode=E01|E01&ErrInfo=E01390002|E01240002 from 90.55.13.228
2024/12/02 10:09:43 [/shop/shopping/load_payment_module.php] Array
(
    [0] => Array
        (
            [ErrCode] => E01
            [ErrInfo] => E01390002
        )

    [1] => Array
        (
            [ErrCode] => E01
            [ErrInfo] => E01240002
        )

)
 from 90.55.13.228
2024/12/02 10:12:03 [/shop/shopping/load_payment_module.php] SendRequest:https://p01.mul-pay.jp/payment/SearchMember.idPass from 90.55.13.228
2024/12/02 10:12:03 [/shop/shopping/load_payment_module.php] Array
(
    [SiteID] => mst0000007602
    [SitePass] => ******
    [MemberID] => 10944
)
 from 90.55.13.228
2024/12/02 10:12:03 [/shop/shopping/load_payment_module.php] ErrCode=E01&ErrInfo=E01390002 from 90.55.13.228
2024/12/02 10:12:03 [/shop/shopping/load_payment_module.php] Array
(
    [0] => Array
        (
            [ErrCode] => E01
            [ErrInfo] => E01390002
        )

)
 from 90.55.13.228
2024/12/02 10:12:03 [/shop/shopping/load_payment_module.php] SendRequest:https://p01.mul-pay.jp/payment/SearchCard.idPass from 90.55.13.228
2024/12/02 10:12:03 [/shop/shopping/load_payment_module.php] Array
(
    [SiteID] => mst0000007602
    [SitePass] => ******
    [MemberID] => 10944
)
 from 90.55.13.228
2024/12/02 10:12:03 [/shop/shopping/load_payment_module.php] ErrCode=E01|E01&ErrInfo=E01390002|E01240002 from 90.55.13.228
2024/12/02 10:12:03 [/shop/shopping/load_payment_module.php] Array
(
    [0] => Array
        (
            [ErrCode] => E01
            [ErrInfo] => E01390002
        )

    [1] => Array
        (
            [ErrCode] => E01
            [ErrInfo] => E01240002
        )

)
 from 90.55.13.228
2024/12/02 10:12:03 [/shop/shopping/load_payment_module.php] SendRequest:https://p01.mul-pay.jp/payment/EntryTran.idPass from 90.55.13.228
2024/12/02 10:12:03 [/shop/shopping/load_payment_module.php] Array
(
    [ShopID] => 9000034600950
    [ShopPass] => ******
    [OrderID] => 959920-02101203
    [JobCd] => CAPTURE
    [Amount] => 5570
    [TdFlag] => 0
    [TdTenantName] => 
)
 from 90.55.13.228
2024/12/02 10:12:03 [/shop/shopping/load_payment_module.php] AccessID=4cc6509eac0dd1e0b16ac7bb9bc8670e&AccessPass=21db2513a1b36ed55c264f9d150f57e7 from 90.55.13.228
2024/12/02 10:12:03 [/shop/shopping/load_payment_module.php] Array
(
    [0] => Array
        (
            [AccessID] => 4cc6509eac0dd1e0b16ac7bb9bc8670e
            [AccessPass] => 21db2513a1b36ed55c264f9d150f57e7
        )

)
 from 90.55.13.228
2024/12/02 10:12:03 [/shop/shopping/load_payment_module.php] load_payment_module.php set payment data:Array
(
    [AccessID] => 4cc6509eac0dd1e0b16ac7bb9bc8670e
    [AccessPass] => 21db2513a1b36ed55c264f9d150f57e7
    [OrderID] => 959920-02101203
    [Amount] => 5570
    [JobCd] => CAPTURE
    [action_status] => 1
    [pay_status] => 0
)
 from 90.55.13.228
2024/12/02 10:12:03 [/shop/shopping/load_payment_module.php] SendRequest:https://p01.mul-pay.jp/payment/ExecTran.idPass from 90.55.13.228
2024/12/02 10:12:03 [/shop/shopping/load_payment_module.php] Array
(
    [AccessID] => 4cc6509eac0dd1e0b16ac7bb9bc8670e
    [AccessPass] => 21db2513a1b36ed55c264f9d150f57e7
    [OrderID] => 959920-02101203
    [Method] => 1
    [Token] => 9f5ab6afccec27d1e24f6550e04a543773f57d539fcff60e84d5b863773fb64c
    [ClientField1] => 
    [ClientField2] => 
    [ClientField3] => EC-CUBE4.3.35
)
 from 90.55.13.228
2024/12/02 10:12:04 [/shop/shopping/load_payment_module.php] ACS=0&OrderID=959920-02101203&Forward=2959876&Method=1&PayTimes=&Approve=0061172&TranID=2412021012602257210134183687&TranDate=20241202101204&CheckString=43e03638da05307edade397d40362f2e from 90.55.13.228
2024/12/02 10:12:04 [/shop/shopping/load_payment_module.php] Array
(
    [0] => Array
        (
            [ACS] => 0
            [OrderID] => 959920-02101203
            [Forward] => 2959876
            [Method] => 1
            [PayTimes] => 
            [Approve] => 0061172
            [TranID] => 2412021012602257210134183687
            [TranDate] => 20241202101204
            [CheckString] => 43e03638da05307edade397d40362f2e
        )

)
 from 90.55.13.228
2024/12/02 10:12:04 [/shop/shopping/load_payment_module.php] load_payment_module.php set payment data:Array
(
    [ACS] => 0
    [Forward] => 2959876
    [Method] => 1
    [PayTimes] => 
    [Approve] => 0061172
    [TranID] => 2412021012602257210134183687
    [TranDate] => 20241202101204
    [CheckString] => 43e03638da05307edade397d40362f2e
    [Amount] => 5570
    [JobCd] => CAPTURE
    [action_status] => 3
    [pay_status] => 13
)
 from 90.55.13.228
2024/12/02 10:12:04 [/shop/user_data/pg_mulpay_recv.php] ******* receiveer data start ******* from 210.175.7.20
2024/12/02 10:12:04 [/shop/user_data/pg_mulpay_recv.php] Array
(
    [ShopID] => 9000034600950
    [ShopPass] => **********
    [AccessID] => 4cc6509eac0dd1e0b16ac7bb9bc8670e
    [AccessPass] => ********************************
    [OrderID] => 959920-02101203
    [Status] => CAPTURE
    [JobCd] => CAPTURE
    [Amount] => 5570
    [Tax] => 0
    [Currency] => JPN
    [Forward] => 2959876
    [Method] => 1
    [PayTimes] => 
    [TranID] => 2412021012602257210134183687
    [Approve] => 0061172
    [TranDate] => 20241202101204
    [ErrCode] => 
    [ErrInfo] => 
    [PayType] => 0
)
 from 210.175.7.20
2024/12/02 10:12:04 [/shop/user_data/pg_mulpay_recv.php] ******* receiveer data end ******* from 210.175.7.20
2024/12/02 10:12:09 [/shop/user_data/pg_mulpay_recv.php] update order status:1 order_id=959920 from 210.175.7.20
2024/12/02 10:12:09 [/shop/user_data/pg_mulpay_recv.php] pg_mulpay_recv.php set payment data:Array
(
    [ShopID] => 9000034600950
    [AccessID] => 4cc6509eac0dd1e0b16ac7bb9bc8670e
    [OrderID] => 959920-02101203
    [Status] => CAPTURE
    [JobCd] => CAPTURE
    [Amount] => 5570
    [Tax] => 0
    [Currency] => JPN
    [Forward] => 2959876
    [Method] => 1
    [PayTimes] => 
    [TranID] => 2412021012602257210134183687
    [Approve] => 0061172
    [TranDate] => 20241202101204
    [ErrCode] => 
    [ErrInfo] => 
    [PayType] => 0
    [CvsCode] => 
    [CvsConfNo] => 
    [CvsReceiptNo] => 
    [EdyReceiptNo] => 
    [EdyOrderNo] => 
    [SuicaReceiptNo] => 
    [SuicaOrderNo] => 
    [CustID] => 
    [BkCode] => 
    [ConfNo] => 
    [PaymentTerm] => 
    [EncryptReceiptNo] => 
    [FinishDate] => 
    [ReceiptDate] => 
    [WebMoneyManagementNo] => 
    [WebMoneySettleCode] => 
    [AuPayInfoNo] => 
    [AuPayMethod] => 
    [AuCancelAmount] => 
    [AuCancelTax] => 
    [DocomoSettlementCode] => 
    [DocomoCancelAmount] => 
    [DocomoCancelTax] => 
    [pay_status] => 13
)
 from 210.175.7.20
2024/12/02 10:12:09 [/shop/user_data/pg_mulpay_recv.php] response:true from 210.175.7.20
2024/12/02 10:29:13 [/shop/shopping/load_payment_module.php] SendRequest:https://p01.mul-pay.jp/payment/SearchMember.idPass from 99.239.198.169
2024/12/02 10:29:13 [/shop/shopping/load_payment_module.php] Array
(
    [SiteID] => mst0000007602
    [SitePass] => ******
    [MemberID] => 11868
)
 from 99.239.198.169
2024/12/02 10:29:13 [/shop/shopping/load_payment_module.php] ErrCode=E01&ErrInfo=E01390002 from 99.239.198.169
2024/12/02 10:29:13 [/shop/shopping/load_payment_module.php] Array
(
    [0] => Array
        (
            [ErrCode] => E01
            [ErrInfo] => E01390002
        )

)
 from 99.239.198.169
2024/12/02 10:29:13 [/shop/shopping/load_payment_module.php] SendRequest:https://p01.mul-pay.jp/payment/SearchCard.idPass from 99.239.198.169
2024/12/02 10:29:13 [/shop/shopping/load_payment_module.php] Array
(
    [SiteID] => mst0000007602
    [SitePass] => ******
    [MemberID] => 11868
)
 from 99.239.198.169
2024/12/02 10:29:13 [/shop/shopping/load_payment_module.php] ErrCode=E01|E01&ErrInfo=E01390002|E01240002 from 99.239.198.169
2024/12/02 10:29:13 [/shop/shopping/load_payment_module.php] Array
(
    [0] => Array
        (
            [ErrCode] => E01
            [ErrInfo] => E01390002
        )

    [1] => Array
        (
            [ErrCode] => E01
            [ErrInfo] => E01240002
        )

)
 from 99.239.198.169
2024/12/02 10:29:38 [/shop/shopping/load_payment_module.php] SendRequest:https://p01.mul-pay.jp/payment/SearchMember.idPass from 99.239.198.169
2024/12/02 10:29:38 [/shop/shopping/load_payment_module.php] Array
(
    [SiteID] => mst0000007602
    [SitePass] => ******
    [MemberID] => 11868
)
 from 99.239.198.169
2024/12/02 10:29:38 [/shop/shopping/load_payment_module.php] ErrCode=E01&ErrInfo=E01390002 from 99.239.198.169
2024/12/02 10:29:38 [/shop/shopping/load_payment_module.php] Array
(
    [0] => Array
        (
            [ErrCode] => E01
            [ErrInfo] => E01390002
        )

)
 from 99.239.198.169
2024/12/02 10:29:38 [/shop/shopping/load_payment_module.php] SendRequest:https://p01.mul-pay.jp/payment/SearchCard.idPass from 99.239.198.169
2024/12/02 10:29:38 [/shop/shopping/load_payment_module.php] Array
(
    [SiteID] => mst0000007602
    [SitePass] => ******
    [MemberID] => 11868
)
 from 99.239.198.169
2024/12/02 10:29:38 [/shop/shopping/load_payment_module.php] ErrCode=E01|E01&ErrInfo=E01390002|E01240002 from 99.239.198.169
2024/12/02 10:29:38 [/shop/shopping/load_payment_module.php] Array
(
    [0] => Array
        (
            [ErrCode] => E01
            [ErrInfo] => E01390002
        )

    [1] => Array
        (
            [ErrCode] => E01
            [ErrInfo] => E01240002
        )

)
 from 99.239.198.169
2024/12/02 10:29:38 [/shop/shopping/load_payment_module.php] SendRequest:https://p01.mul-pay.jp/payment/EntryTran.idPass from 99.239.198.169
2024/12/02 10:29:38 [/shop/shopping/load_payment_module.php] Array
(
    [ShopID] => 9000034600950
    [ShopPass] => ******
    [OrderID] => 959921-02102938
    [JobCd] => CAPTURE
    [Amount] => 16149
    [TdFlag] => 0
    [TdTenantName] => 
)
 from 99.239.198.169
2024/12/02 10:29:38 [/shop/shopping/load_payment_module.php] AccessID=14cea73b17e0eb1aa064913a3980cf7c&AccessPass=ff2dc0bd6839e0e736bfb780e5358219 from 99.239.198.169
2024/12/02 10:29:38 [/shop/shopping/load_payment_module.php] Array
(
    [0] => Array
        (
            [AccessID] => 14cea73b17e0eb1aa064913a3980cf7c
            [AccessPass] => ff2dc0bd6839e0e736bfb780e5358219
        )

)
 from 99.239.198.169
2024/12/02 10:29:38 [/shop/shopping/load_payment_module.php] load_payment_module.php set payment data:Array
(
    [AccessID] => 14cea73b17e0eb1aa064913a3980cf7c
    [AccessPass] => ff2dc0bd6839e0e736bfb780e5358219
    [OrderID] => 959921-02102938
    [Amount] => 16149
    [JobCd] => CAPTURE
    [action_status] => 1
    [pay_status] => 0
)
 from 99.239.198.169
2024/12/02 10:29:38 [/shop/shopping/load_payment_module.php] SendRequest:https://p01.mul-pay.jp/payment/ExecTran.idPass from 99.239.198.169
2024/12/02 10:29:38 [/shop/shopping/load_payment_module.php] Array
(
    [AccessID] => 14cea73b17e0eb1aa064913a3980cf7c
    [AccessPass] => ff2dc0bd6839e0e736bfb780e5358219
    [OrderID] => 959921-02102938
    [Method] => 1
    [Token] => 90a712da2d087beb951dc04d9112ad5b3685e62a17d8e4990a9c336aac448fc7
    [ClientField1] => 
    [ClientField2] => 
    [ClientField3] => EC-CUBE4.3.35
)
 from 99.239.198.169
2024/12/02 10:29:39 [/shop/shopping/load_payment_module.php] ACS=0&OrderID=959921-02102938&Forward=2959876&Method=1&PayTimes=&Approve=0081741&TranID=2412021029602257210134163793&TranDate=20241202102939&CheckString=bb77d26387bbbdbbc2ebdeea6825e309 from 99.239.198.169
2024/12/02 10:29:39 [/shop/shopping/load_payment_module.php] Array
(
    [0] => Array
        (
            [ACS] => 0
            [OrderID] => 959921-02102938
            [Forward] => 2959876
            [Method] => 1
            [PayTimes] => 
            [Approve] => 0081741
            [TranID] => 2412021029602257210134163793
            [TranDate] => 20241202102939
            [CheckString] => bb77d26387bbbdbbc2ebdeea6825e309
        )

)
 from 99.239.198.169
2024/12/02 10:29:39 [/shop/shopping/load_payment_module.php] load_payment_module.php set payment data:Array
(
    [ACS] => 0
    [Forward] => 2959876
    [Method] => 1
    [PayTimes] => 
    [Approve] => 0081741
    [TranID] => 2412021029602257210134163793
    [TranDate] => 20241202102939
    [CheckString] => bb77d26387bbbdbbc2ebdeea6825e309
    [Amount] => 16149
    [JobCd] => CAPTURE
    [action_status] => 3
    [pay_status] => 13
)
 from 99.239.198.169
2024/12/02 10:29:39 [/shop/user_data/pg_mulpay_recv.php] ******* receiveer data start ******* from 210.175.7.20
2024/12/02 10:29:39 [/shop/user_data/pg_mulpay_recv.php] Array
(
    [ShopID] => 9000034600950
    [ShopPass] => **********
    [AccessID] => 14cea73b17e0eb1aa064913a3980cf7c
    [AccessPass] => ********************************
    [OrderID] => 959921-02102938
    [Status] => CAPTURE
    [JobCd] => CAPTURE
    [Amount] => 16149
    [Tax] => 0
    [Currency] => JPN
    [Forward] => 2959876
    [Method] => 1
    [PayTimes] => 
    [TranID] => 2412021029602257210134163793
    [Approve] => 0081741
    [TranDate] => 20241202102939
    [ErrCode] => 
    [ErrInfo] => 
    [PayType] => 0
)
 from 210.175.7.20
2024/12/02 10:29:39 [/shop/user_data/pg_mulpay_recv.php] ******* receiveer data end ******* from 210.175.7.20
2024/12/02 10:29:44 [/shop/user_data/pg_mulpay_recv.php] update order status:1 order_id=959921 from 210.175.7.20
2024/12/02 10:29:44 [/shop/user_data/pg_mulpay_recv.php] pg_mulpay_recv.php set payment data:Array
(
    [ShopID] => 9000034600950
    [AccessID] => 14cea73b17e0eb1aa064913a3980cf7c
    [OrderID] => 959921-02102938
    [Status] => CAPTURE
    [JobCd] => CAPTURE
    [Amount] => 16149
    [Tax] => 0
    [Currency] => JPN
    [Forward] => 2959876
    [Method] => 1
    [PayTimes] => 
    [TranID] => 2412021029602257210134163793
    [Approve] => 0081741
    [TranDate] => 20241202102939
    [ErrCode] => 
    [ErrInfo] => 
    [PayType] => 0
    [CvsCode] => 
    [CvsConfNo] => 
    [CvsReceiptNo] => 
    [EdyReceiptNo] => 
    [EdyOrderNo] => 
    [SuicaReceiptNo] => 
    [SuicaOrderNo] => 
    [CustID] => 
    [BkCode] => 
    [ConfNo] => 
    [PaymentTerm] => 
    [EncryptReceiptNo] => 
    [FinishDate] => 
    [ReceiptDate] => 
    [WebMoneyManagementNo] => 
    [WebMoneySettleCode] => 
    [AuPayInfoNo] => 
    [AuPayMethod] => 
    [AuCancelAmount] => 
    [AuCancelTax] => 
    [DocomoSettlementCode] => 
    [DocomoCancelAmount] => 
    [DocomoCancelTax] => 
    [pay_status] => 13
)
 from 210.175.7.20
2024/12/02 10:29:44 [/shop/user_data/pg_mulpay_recv.php] response:true from 210.175.7.20
2024/12/02 11:34:44 [/shop/shopping/load_payment_module.php] SendRequest:https://p01.mul-pay.jp/payment/EntryTran.idPass from 106.183.93.25
2024/12/02 11:34:44 [/shop/shopping/load_payment_module.php] Array
(
    [ShopID] => 9000034600950
    [ShopPass] => ******
    [OrderID] => 959922-02113444
    [JobCd] => CAPTURE
    [Amount] => 10950
    [TdFlag] => 0
    [TdTenantName] => 
)
 from 106.183.93.25
2024/12/02 11:34:44 [/shop/shopping/load_payment_module.php] AccessID=83aea787544e04ff7e3e754fcdb2e13f&AccessPass=f9bc64077dce974e8114aa361b3669a0 from 106.183.93.25
2024/12/02 11:34:44 [/shop/shopping/load_payment_module.php] Array
(
    [0] => Array
        (
            [AccessID] => 83aea787544e04ff7e3e754fcdb2e13f
            [AccessPass] => f9bc64077dce974e8114aa361b3669a0
        )

)
 from 106.183.93.25
2024/12/02 11:34:44 [/shop/shopping/load_payment_module.php] load_payment_module.php set payment data:Array
(
    [AccessID] => 83aea787544e04ff7e3e754fcdb2e13f
    [AccessPass] => f9bc64077dce974e8114aa361b3669a0
    [OrderID] => 959922-02113444
    [Amount] => 10950
    [JobCd] => CAPTURE
    [action_status] => 1
    [pay_status] => 0
)
 from 106.183.93.25
2024/12/02 11:34:44 [/shop/shopping/load_payment_module.php] SendRequest:https://p01.mul-pay.jp/payment/ExecTran.idPass from 106.183.93.25
2024/12/02 11:34:44 [/shop/shopping/load_payment_module.php] Array
(
    [AccessID] => 83aea787544e04ff7e3e754fcdb2e13f
    [AccessPass] => f9bc64077dce974e8114aa361b3669a0
    [OrderID] => 959922-02113444
    [Method] => 1
    [Token] => 2b73b78a35a719f1fe3f2f6b54ddbcb6b07053132d3fac2d59756d7605e17fe6
    [ClientField1] => 
    [ClientField2] => 
    [ClientField3] => EC-CUBE4.3.35
)
 from 106.183.93.25
2024/12/02 11:34:45 [/shop/shopping/load_payment_module.php] ACS=0&OrderID=959922-02113444&Forward=2959876&Method=1&PayTimes=&Approve=0033519&TranID=2412021134602257210134153788&TranDate=20241202113445&CheckString=2f6337ced11a11f783b0c5af788ffa1d from 106.183.93.25
2024/12/02 11:34:45 [/shop/shopping/load_payment_module.php] Array
(
    [0] => Array
        (
            [ACS] => 0
            [OrderID] => 959922-02113444
            [Forward] => 2959876
            [Method] => 1
            [PayTimes] => 
            [Approve] => 0033519
            [TranID] => 2412021134602257210134153788
            [TranDate] => 20241202113445
            [CheckString] => 2f6337ced11a11f783b0c5af788ffa1d
        )

)
 from 106.183.93.25
2024/12/02 11:34:45 [/shop/shopping/load_payment_module.php] load_payment_module.php set payment data:Array
(
    [ACS] => 0
    [Forward] => 2959876
    [Method] => 1
    [PayTimes] => 
    [Approve] => 0033519
    [TranID] => 2412021134602257210134153788
    [TranDate] => 20241202113445
    [CheckString] => 2f6337ced11a11f783b0c5af788ffa1d
    [Amount] => 10950
    [JobCd] => CAPTURE
    [action_status] => 3
    [pay_status] => 13
)
 from 106.183.93.25
2024/12/02 11:34:45 [/shop/user_data/pg_mulpay_recv.php] ******* receiveer data start ******* from 210.175.7.20
2024/12/02 11:34:45 [/shop/user_data/pg_mulpay_recv.php] Array
(
    [ShopID] => 9000034600950
    [ShopPass] => **********
    [AccessID] => 83aea787544e04ff7e3e754fcdb2e13f
    [AccessPass] => ********************************
    [OrderID] => 959922-02113444
    [Status] => CAPTURE
    [JobCd] => CAPTURE
    [Amount] => 10950
    [Tax] => 0
    [Currency] => JPN
    [Forward] => 2959876
    [Method] => 1
    [PayTimes] => 
    [TranID] => 2412021134602257210134153788
    [Approve] => 0033519
    [TranDate] => 20241202113445
    [ErrCode] => 
    [ErrInfo] => 
    [PayType] => 0
)
 from 210.175.7.20
2024/12/02 11:34:45 [/shop/user_data/pg_mulpay_recv.php] ******* receiveer data end ******* from 210.175.7.20
2024/12/02 11:34:50 [/shop/user_data/pg_mulpay_recv.php] update order status:1 order_id=959922 from 210.175.7.20
2024/12/02 11:34:50 [/shop/user_data/pg_mulpay_recv.php] pg_mulpay_recv.php set payment data:Array
(
    [ShopID] => 9000034600950
    [AccessID] => 83aea787544e04ff7e3e754fcdb2e13f
    [OrderID] => 959922-02113444
    [Status] => CAPTURE
    [JobCd] => CAPTURE
    [Amount] => 10950
    [Tax] => 0
    [Currency] => JPN
    [Forward] => 2959876
    [Method] => 1
    [PayTimes] => 
    [TranID] => 2412021134602257210134153788
    [Approve] => 0033519
    [TranDate] => 20241202113445
    [ErrCode] => 
    [ErrInfo] => 
    [PayType] => 0
    [CvsCode] => 
    [CvsConfNo] => 
    [CvsReceiptNo] => 
    [EdyReceiptNo] => 
    [EdyOrderNo] => 
    [SuicaReceiptNo] => 
    [SuicaOrderNo] => 
    [CustID] => 
    [BkCode] => 
    [ConfNo] => 
    [PaymentTerm] => 
    [EncryptReceiptNo] => 
    [FinishDate] => 
    [ReceiptDate] => 
    [WebMoneyManagementNo] => 
    [WebMoneySettleCode] => 
    [AuPayInfoNo] => 
    [AuPayMethod] => 
    [AuCancelAmount] => 
    [AuCancelTax] => 
    [DocomoSettlementCode] => 
    [DocomoCancelAmount] => 
    [DocomoCancelTax] => 
    [pay_status] => 13
)
 from 210.175.7.20
2024/12/02 11:34:50 [/shop/user_data/pg_mulpay_recv.php] response:true from 210.175.7.20
2024/12/02 12:18:58 [/shop/master/order/edit.php] edit.php set payment data:Array
(
    [no_update_status_flg] => 1
)
 from 114.160.216.147
2024/12/02 12:18:58 [/shop/master/order/edit.php] SendRequest:https://p01.mul-pay.jp/payment/ChangeTran.idPass from 114.160.216.147
2024/12/02 12:18:58 [/shop/master/order/edit.php] Array
(
    [ShopID] => 9000034600950
    [ShopPass] => ******
    [AccessID] => 86b36b5a7a9a5512d3d46783bdaacfbe
    [AccessPass] => 3895bea405ac0e69dac7cdca3d9f69f2
    [JobCd] => CAPTURE
    [Amount] => 8100
)
 from 114.160.216.147
2024/12/02 12:18:59 [/shop/master/order/edit.php] ErrCode=G97&ErrInfo=42G970000 from 114.160.216.147
2024/12/02 12:18:59 [/shop/master/order/edit.php] Array
(
    [0] => Array
        (
            [ErrCode] => G97
            [ErrInfo] => 42G970000
        )

)
 from 114.160.216.147
2024/12/02 12:18:59 [/shop/user_data/pg_mulpay_recv.php] ******* receiveer data start ******* from 210.175.7.20
2024/12/02 12:18:59 [/shop/user_data/pg_mulpay_recv.php] Array
(
    [ShopID] => 9000034600950
    [ShopPass] => **********
    [AccessID] => 86b36b5a7a9a5512d3d46783bdaacfbe
    [AccessPass] => ********************************
    [OrderID] => 958850-11101239
    [Status] => CAPTURE
    [JobCd] => CAPTURE
    [Amount] => 8100
    [Tax] => 0
    [Currency] => JPN
    [Forward] => 2959876
    [Method] => 1
    [PayTimes] => 
    [TranID] => 2412021218602257210134153789
    [Approve] =>        
    [TranDate] => 20241202121859
    [ErrCode] => G97
    [ErrInfo] => 42G970000
    [PayType] => 0
)
 from 210.175.7.20
2024/12/02 12:18:59 [/shop/user_data/pg_mulpay_recv.php] ******* receiveer data end ******* from 210.175.7.20
2024/12/02 12:19:04 [/shop/user_data/pg_mulpay_recv.php] no update order status order_id=958850 from 210.175.7.20
2024/12/02 12:19:04 [/shop/user_data/pg_mulpay_recv.php] pg_mulpay_recv.php set payment data:Array
(
    [ShopID] => 9000034600950
    [AccessID] => 86b36b5a7a9a5512d3d46783bdaacfbe
    [OrderID] => 958850-11101239
    [Status] => CAPTURE
    [JobCd] => CAPTURE
    [Amount] => 8100
    [Tax] => 0
    [Currency] => JPN
    [Forward] => 2959876
    [Method] => 1
    [PayTimes] => 
    [TranID] => 2412021218602257210134153789
    [TranDate] => 20241202121859
    [ErrCode] => G97
    [ErrInfo] => 42G970000
    [PayType] => 0
    [CvsCode] => 
    [CvsConfNo] => 
    [CvsReceiptNo] => 
    [EdyReceiptNo] => 
    [EdyOrderNo] => 
    [SuicaReceiptNo] => 
    [SuicaOrderNo] => 
    [CustID] => 
    [BkCode] => 
    [ConfNo] => 
    [PaymentTerm] => 
    [EncryptReceiptNo] => 
    [FinishDate] => 
    [ReceiptDate] => 
    [WebMoneyManagementNo] => 
    [WebMoneySettleCode] => 
    [AuPayInfoNo] => 
    [AuPayMethod] => 
    [AuCancelAmount] => 
    [AuCancelTax] => 
    [DocomoSettlementCode] => 
    [DocomoCancelAmount] => 
    [DocomoCancelTax] => 
    [pay_status] => 13
    [no_update_status_flg] => 0
)
 from 210.175.7.20
2024/12/02 12:19:04 [/shop/user_data/pg_mulpay_recv.php] response:true from 210.175.7.20
2024/12/02 12:33:21 [/shop/shopping/load_payment_module.php] SendRequest:https://p01.mul-pay.jp/payment/SearchMember.idPass from 163.116.203.117
2024/12/02 12:33:21 [/shop/shopping/load_payment_module.php] Array
(
    [SiteID] => mst0000007602
    [SitePass] => ******
    [MemberID] => 364
)
 from 163.116.203.117
2024/12/02 12:33:21 [/shop/shopping/load_payment_module.php] ErrCode=E01&ErrInfo=E01390002 from 163.116.203.117
2024/12/02 12:33:21 [/shop/shopping/load_payment_module.php] Array
(
    [0] => Array
        (
            [ErrCode] => E01
            [ErrInfo] => E01390002
        )

)
 from 163.116.203.117
2024/12/02 12:33:21 [/shop/shopping/load_payment_module.php] SendRequest:https://p01.mul-pay.jp/payment/SearchCard.idPass from 163.116.203.117
2024/12/02 12:33:21 [/shop/shopping/load_payment_module.php] Array
(
    [SiteID] => mst0000007602
    [SitePass] => ******
    [MemberID] => 364
)
 from 163.116.203.117
2024/12/02 12:33:21 [/shop/shopping/load_payment_module.php] ErrCode=E01|E01&ErrInfo=E01390002|E01240002 from 163.116.203.117
2024/12/02 12:33:21 [/shop/shopping/load_payment_module.php] Array
(
    [0] => Array
        (
            [ErrCode] => E01
            [ErrInfo] => E01390002
        )

    [1] => Array
        (
            [ErrCode] => E01
            [ErrInfo] => E01240002
        )

)
 from 163.116.203.117
2024/12/02 12:33:40 [/shop/shopping/load_payment_module.php] SendRequest:https://p01.mul-pay.jp/payment/SearchMember.idPass from 163.116.203.117
2024/12/02 12:33:40 [/shop/shopping/load_payment_module.php] Array
(
    [SiteID] => mst0000007602
    [SitePass] => ******
    [MemberID] => 364
)
 from 163.116.203.117
2024/12/02 12:33:40 [/shop/shopping/load_payment_module.php] ErrCode=E01&ErrInfo=E01390002 from 163.116.203.117
2024/12/02 12:33:40 [/shop/shopping/load_payment_module.php] Array
(
    [0] => Array
        (
            [ErrCode] => E01
            [ErrInfo] => E01390002
        )

)
 from 163.116.203.117
2024/12/02 12:33:40 [/shop/shopping/load_payment_module.php] SendRequest:https://p01.mul-pay.jp/payment/SearchCard.idPass from 163.116.203.117
2024/12/02 12:33:40 [/shop/shopping/load_payment_module.php] Array
(
    [SiteID] => mst0000007602
    [SitePass] => ******
    [MemberID] => 364
)
 from 163.116.203.117
2024/12/02 12:33:40 [/shop/shopping/load_payment_module.php] ErrCode=E01|E01&ErrInfo=E01390002|E01240002 from 163.116.203.117
2024/12/02 12:33:40 [/shop/shopping/load_payment_module.php] Array
(
    [0] => Array
        (
            [ErrCode] => E01
            [ErrInfo] => E01390002
        )

    [1] => Array
        (
            [ErrCode] => E01
            [ErrInfo] => E01240002
        )

)
 from 163.116.203.117
2024/12/02 12:34:15 [/shop/shopping/load_payment_module.php] SendRequest:https://p01.mul-pay.jp/payment/SearchMember.idPass from 163.116.203.117
2024/12/02 12:34:15 [/shop/shopping/load_payment_module.php] Array
(
    [SiteID] => mst0000007602
    [SitePass] => ******
    [MemberID] => 364
)
 from 163.116.203.117
2024/12/02 12:34:15 [/shop/shopping/load_payment_module.php] ErrCode=E01&ErrInfo=E01390002 from 163.116.203.117
2024/12/02 12:34:15 [/shop/shopping/load_payment_module.php] Array
(
    [0] => Array
        (
            [ErrCode] => E01
            [ErrInfo] => E01390002
        )

)
 from 163.116.203.117
2024/12/02 12:34:15 [/shop/shopping/load_payment_module.php] SendRequest:https://p01.mul-pay.jp/payment/SearchCard.idPass from 163.116.203.117
2024/12/02 12:34:15 [/shop/shopping/load_payment_module.php] Array
(
    [SiteID] => mst0000007602
    [SitePass] => ******
    [MemberID] => 364
)
 from 163.116.203.117
2024/12/02 12:34:16 [/shop/shopping/load_payment_module.php] ErrCode=E01|E01&ErrInfo=E01390002|E01240002 from 163.116.203.117
2024/12/02 12:34:16 [/shop/shopping/load_payment_module.php] Array
(
    [0] => Array
        (
            [ErrCode] => E01
            [ErrInfo] => E01390002
        )

    [1] => Array
        (
            [ErrCode] => E01
            [ErrInfo] => E01240002
        )

)
 from 163.116.203.117
2024/12/02 12:34:31 [/shop/shopping/load_payment_module.php] SendRequest:https://p01.mul-pay.jp/payment/SearchMember.idPass from 163.116.203.117
2024/12/02 12:34:31 [/shop/shopping/load_payment_module.php] Array
(
    [SiteID] => mst0000007602
    [SitePass] => ******
    [MemberID] => 364
)
 from 163.116.203.117
2024/12/02 12:34:31 [/shop/shopping/load_payment_module.php] ErrCode=E01&ErrInfo=E01390002 from 163.116.203.117
2024/12/02 12:34:31 [/shop/shopping/load_payment_module.php] Array
(
    [0] => Array
        (
            [ErrCode] => E01
            [ErrInfo] => E01390002
        )

)
 from 163.116.203.117
2024/12/02 12:34:31 [/shop/shopping/load_payment_module.php] SendRequest:https://p01.mul-pay.jp/payment/SearchCard.idPass from 163.116.203.117
2024/12/02 12:34:31 [/shop/shopping/load_payment_module.php] Array
(
    [SiteID] => mst0000007602
    [SitePass] => ******
    [MemberID] => 364
)
 from 163.116.203.117
2024/12/02 12:34:31 [/shop/shopping/load_payment_module.php] ErrCode=E01|E01&ErrInfo=E01390002|E01240002 from 163.116.203.117
2024/12/02 12:34:31 [/shop/shopping/load_payment_module.php] Array
(
    [0] => Array
        (
            [ErrCode] => E01
            [ErrInfo] => E01390002
        )

    [1] => Array
        (
            [ErrCode] => E01
            [ErrInfo] => E01240002
        )

)
 from 163.116.203.117
2024/12/02 12:36:08 [/shop/shopping/load_payment_module.php] SendRequest:https://p01.mul-pay.jp/payment/SearchMember.idPass from 163.116.203.117
2024/12/02 12:36:08 [/shop/shopping/load_payment_module.php] Array
(
    [SiteID] => mst0000007602
    [SitePass] => ******
    [MemberID] => 364
)
 from 163.116.203.117
2024/12/02 12:36:08 [/shop/shopping/load_payment_module.php] ErrCode=E01&ErrInfo=E01390002 from 163.116.203.117
2024/12/02 12:36:08 [/shop/shopping/load_payment_module.php] Array
(
    [0] => Array
        (
            [ErrCode] => E01
            [ErrInfo] => E01390002
        )

)
 from 163.116.203.117
2024/12/02 12:36:08 [/shop/shopping/load_payment_module.php] SendRequest:https://p01.mul-pay.jp/payment/SearchCard.idPass from 163.116.203.117
2024/12/02 12:36:08 [/shop/shopping/load_payment_module.php] Array
(
    [SiteID] => mst0000007602
    [SitePass] => ******
    [MemberID] => 364
)
 from 163.116.203.117
2024/12/02 12:36:09 [/shop/shopping/load_payment_module.php] ErrCode=E01|E01&ErrInfo=E01390002|E01240002 from 163.116.203.117
2024/12/02 12:36:09 [/shop/shopping/load_payment_module.php] Array
(
    [0] => Array
        (
            [ErrCode] => E01
            [ErrInfo] => E01390002
        )

    [1] => Array
        (
            [ErrCode] => E01
            [ErrInfo] => E01240002
        )

)
 from 163.116.203.117
2024/12/02 12:37:11 [/shop/shopping/load_payment_module.php] SendRequest:https://p01.mul-pay.jp/payment/SearchMember.idPass from 163.116.203.117
2024/12/02 12:37:11 [/shop/shopping/load_payment_module.php] Array
(
    [SiteID] => mst0000007602
    [SitePass] => ******
    [MemberID] => 364
)
 from 163.116.203.117
2024/12/02 12:37:11 [/shop/shopping/load_payment_module.php] ErrCode=E01&ErrInfo=E01390002 from 163.116.203.117
2024/12/02 12:37:11 [/shop/shopping/load_payment_module.php] Array
(
    [0] => Array
        (
            [ErrCode] => E01
            [ErrInfo] => E01390002
        )

)
 from 163.116.203.117
2024/12/02 12:37:11 [/shop/shopping/load_payment_module.php] SendRequest:https://p01.mul-pay.jp/payment/SearchCard.idPass from 163.116.203.117
2024/12/02 12:37:11 [/shop/shopping/load_payment_module.php] Array
(
    [SiteID] => mst0000007602
    [SitePass] => ******
    [MemberID] => 364
)
 from 163.116.203.117
2024/12/02 12:37:11 [/shop/shopping/load_payment_module.php] ErrCode=E01|E01&ErrInfo=E01390002|E01240002 from 163.116.203.117
2024/12/02 12:37:11 [/shop/shopping/load_payment_module.php] Array
(
    [0] => Array
        (
            [ErrCode] => E01
            [ErrInfo] => E01390002
        )

    [1] => Array
        (
            [ErrCode] => E01
            [ErrInfo] => E01240002
        )

)
 from 163.116.203.117
2024/12/02 12:37:49 [/shop/shopping/load_payment_module.php] SendRequest:https://p01.mul-pay.jp/payment/SearchMember.idPass from 163.116.203.117
2024/12/02 12:37:49 [/shop/shopping/load_payment_module.php] Array
(
    [SiteID] => mst0000007602
    [SitePass] => ******
    [MemberID] => 364
)
 from 163.116.203.117
2024/12/02 12:37:49 [/shop/shopping/load_payment_module.php] ErrCode=E01&ErrInfo=E01390002 from 163.116.203.117
2024/12/02 12:37:49 [/shop/shopping/load_payment_module.php] Array
(
    [0] => Array
        (
            [ErrCode] => E01
            [ErrInfo] => E01390002
        )

)
 from 163.116.203.117
2024/12/02 12:37:49 [/shop/shopping/load_payment_module.php] SendRequest:https://p01.mul-pay.jp/payment/SearchCard.idPass from 163.116.203.117
2024/12/02 12:37:49 [/shop/shopping/load_payment_module.php] Array
(
    [SiteID] => mst0000007602
    [SitePass] => ******
    [MemberID] => 364
)
 from 163.116.203.117
2024/12/02 12:37:49 [/shop/shopping/load_payment_module.php] ErrCode=E01|E01&ErrInfo=E01390002|E01240002 from 163.116.203.117
2024/12/02 12:37:49 [/shop/shopping/load_payment_module.php] Array
(
    [0] => Array
        (
            [ErrCode] => E01
            [ErrInfo] => E01390002
        )

    [1] => Array
        (
            [ErrCode] => E01
            [ErrInfo] => E01240002
        )

)
 from 163.116.203.117
2024/12/02 12:38:43 [/shop/shopping/load_payment_module.php] SendRequest:https://p01.mul-pay.jp/payment/SearchMember.idPass from 163.116.203.117
2024/12/02 12:38:43 [/shop/shopping/load_payment_module.php] Array
(
    [SiteID] => mst0000007602
    [SitePass] => ******
    [MemberID] => 364
)
 from 163.116.203.117
2024/12/02 12:38:43 [/shop/shopping/load_payment_module.php] ErrCode=E01&ErrInfo=E01390002 from 163.116.203.117
2024/12/02 12:38:43 [/shop/shopping/load_payment_module.php] Array
(
    [0] => Array
        (
            [ErrCode] => E01
            [ErrInfo] => E01390002
        )

)
 from 163.116.203.117
2024/12/02 12:38:43 [/shop/shopping/load_payment_module.php] SendRequest:https://p01.mul-pay.jp/payment/SearchCard.idPass from 163.116.203.117
2024/12/02 12:38:43 [/shop/shopping/load_payment_module.php] Array
(
    [SiteID] => mst0000007602
    [SitePass] => ******
    [MemberID] => 364
)
 from 163.116.203.117
2024/12/02 12:38:43 [/shop/shopping/load_payment_module.php] ErrCode=E01|E01&ErrInfo=E01390002|E01240002 from 163.116.203.117
2024/12/02 12:38:43 [/shop/shopping/load_payment_module.php] Array
(
    [0] => Array
        (
            [ErrCode] => E01
            [ErrInfo] => E01390002
        )

    [1] => Array
        (
            [ErrCode] => E01
            [ErrInfo] => E01240002
        )

)
 from 163.116.203.117
2024/12/02 12:39:17 [/shop/shopping/load_payment_module.php] SendRequest:https://p01.mul-pay.jp/payment/SearchMember.idPass from 163.116.203.117
2024/12/02 12:39:17 [/shop/shopping/load_payment_module.php] Array
(
    [SiteID] => mst0000007602
    [SitePass] => ******
    [MemberID] => 364
)
 from 163.116.203.117
2024/12/02 12:39:17 [/shop/shopping/load_payment_module.php] ErrCode=E01&ErrInfo=E01390002 from 163.116.203.117
2024/12/02 12:39:17 [/shop/shopping/load_payment_module.php] Array
(
    [0] => Array
        (
            [ErrCode] => E01
            [ErrInfo] => E01390002
        )

)
 from 163.116.203.117
2024/12/02 12:39:17 [/shop/shopping/load_payment_module.php] SendRequest:https://p01.mul-pay.jp/payment/SearchCard.idPass from 163.116.203.117
2024/12/02 12:39:17 [/shop/shopping/load_payment_module.php] Array
(
    [SiteID] => mst0000007602
    [SitePass] => ******
    [MemberID] => 364
)
 from 163.116.203.117
2024/12/02 12:39:17 [/shop/shopping/load_payment_module.php] ErrCode=E01|E01&ErrInfo=E01390002|E01240002 from 163.116.203.117
2024/12/02 12:39:17 [/shop/shopping/load_payment_module.php] Array
(
    [0] => Array
        (
            [ErrCode] => E01
            [ErrInfo] => E01390002
        )

    [1] => Array
        (
            [ErrCode] => E01
            [ErrInfo] => E01240002
        )

)
 from 163.116.203.117
2024/12/02 12:42:06 [/shop/shopping/load_payment_module.php] SendRequest:https://p01.mul-pay.jp/payment/SearchMember.idPass from 163.116.203.117
2024/12/02 12:42:06 [/shop/shopping/load_payment_module.php] Array
(
    [SiteID] => mst0000007602
    [SitePass] => ******
    [MemberID] => 364
)
 from 163.116.203.117
2024/12/02 12:42:07 [/shop/shopping/load_payment_module.php] ErrCode=E01&ErrInfo=E01390002 from 163.116.203.117
2024/12/02 12:42:07 [/shop/shopping/load_payment_module.php] Array
(
    [0] => Array
        (
            [ErrCode] => E01
            [ErrInfo] => E01390002
        )

)
 from 163.116.203.117
2024/12/02 12:42:07 [/shop/shopping/load_payment_module.php] SendRequest:https://p01.mul-pay.jp/payment/SearchCard.idPass from 163.116.203.117
2024/12/02 12:42:07 [/shop/shopping/load_payment_module.php] Array
(
    [SiteID] => mst0000007602
    [SitePass] => ******
    [MemberID] => 364
)
 from 163.116.203.117
2024/12/02 12:42:07 [/shop/shopping/load_payment_module.php] ErrCode=E01|E01&ErrInfo=E01390002|E01240002 from 163.116.203.117
2024/12/02 12:42:07 [/shop/shopping/load_payment_module.php] Array
(
    [0] => Array
        (
            [ErrCode] => E01
            [ErrInfo] => E01390002
        )

    [1] => Array
        (
            [ErrCode] => E01
            [ErrInfo] => E01240002
        )

)
 from 163.116.203.117
2024/12/02 12:42:27 [/shop/shopping/load_payment_module.php] SendRequest:https://p01.mul-pay.jp/payment/SearchMember.idPass from 163.116.203.117
2024/12/02 12:42:27 [/shop/shopping/load_payment_module.php] Array
(
    [SiteID] => mst0000007602
    [SitePass] => ******
    [MemberID] => 364
)
 from 163.116.203.117
2024/12/02 12:42:28 [/shop/shopping/load_payment_module.php] ErrCode=E01&ErrInfo=E01390002 from 163.116.203.117
2024/12/02 12:42:28 [/shop/shopping/load_payment_module.php] Array
(
    [0] => Array
        (
            [ErrCode] => E01
            [ErrInfo] => E01390002
        )

)
 from 163.116.203.117
2024/12/02 12:42:28 [/shop/shopping/load_payment_module.php] SendRequest:https://p01.mul-pay.jp/payment/SearchCard.idPass from 163.116.203.117
2024/12/02 12:42:28 [/shop/shopping/load_payment_module.php] Array
(
    [SiteID] => mst0000007602
    [SitePass] => ******
    [MemberID] => 364
)
 from 163.116.203.117
2024/12/02 12:42:28 [/shop/shopping/load_payment_module.php] ErrCode=E01|E01&ErrInfo=E01390002|E01240002 from 163.116.203.117
2024/12/02 12:42:28 [/shop/shopping/load_payment_module.php] Array
(
    [0] => Array
        (
            [ErrCode] => E01
            [ErrInfo] => E01390002
        )

    [1] => Array
        (
            [ErrCode] => E01
            [ErrInfo] => E01240002
        )

)
 from 163.116.203.117
2024/12/02 12:42:53 [/shop/shopping/load_payment_module.php] SendRequest:https://p01.mul-pay.jp/payment/SearchMember.idPass from 163.116.203.117
2024/12/02 12:42:53 [/shop/shopping/load_payment_module.php] Array
(
    [SiteID] => mst0000007602
    [SitePass] => ******
    [MemberID] => 364
)
 from 163.116.203.117
2024/12/02 12:42:53 [/shop/shopping/load_payment_module.php] ErrCode=E01&ErrInfo=E01390002 from 163.116.203.117
2024/12/02 12:42:53 [/shop/shopping/load_payment_module.php] Array
(
    [0] => Array
        (
            [ErrCode] => E01
            [ErrInfo] => E01390002
        )

)
 from 163.116.203.117
2024/12/02 12:42:53 [/shop/shopping/load_payment_module.php] SendRequest:https://p01.mul-pay.jp/payment/SearchCard.idPass from 163.116.203.117
2024/12/02 12:42:53 [/shop/shopping/load_payment_module.php] Array
(
    [SiteID] => mst0000007602
    [SitePass] => ******
    [MemberID] => 364
)
 from 163.116.203.117
2024/12/02 12:42:53 [/shop/shopping/load_payment_module.php] ErrCode=E01|E01&ErrInfo=E01390002|E01240002 from 163.116.203.117
2024/12/02 12:42:53 [/shop/shopping/load_payment_module.php] Array
(
    [0] => Array
        (
            [ErrCode] => E01
            [ErrInfo] => E01390002
        )

    [1] => Array
        (
            [ErrCode] => E01
            [ErrInfo] => E01240002
        )

)
 from 163.116.203.117
2024/12/02 12:43:10 [/shop/shopping/load_payment_module.php] SendRequest:https://p01.mul-pay.jp/payment/SearchMember.idPass from 163.116.203.117
2024/12/02 12:43:10 [/shop/shopping/load_payment_module.php] Array
(
    [SiteID] => mst0000007602
    [SitePass] => ******
    [MemberID] => 364
)
 from 163.116.203.117
2024/12/02 12:43:11 [/shop/shopping/load_payment_module.php] ErrCode=E01&ErrInfo=E01390002 from 163.116.203.117
2024/12/02 12:43:11 [/shop/shopping/load_payment_module.php] Array
(
    [0] => Array
        (
            [ErrCode] => E01
            [ErrInfo] => E01390002
        )

)
 from 163.116.203.117
2024/12/02 12:43:11 [/shop/shopping/load_payment_module.php] SendRequest:https://p01.mul-pay.jp/payment/SearchCard.idPass from 163.116.203.117
2024/12/02 12:43:11 [/shop/shopping/load_payment_module.php] Array
(
    [SiteID] => mst0000007602
    [SitePass] => ******
    [MemberID] => 364
)
 from 163.116.203.117
2024/12/02 12:43:11 [/shop/shopping/load_payment_module.php] ErrCode=E01|E01&ErrInfo=E01390002|E01240002 from 163.116.203.117
2024/12/02 12:43:11 [/shop/shopping/load_payment_module.php] Array
(
    [0] => Array
        (
            [ErrCode] => E01
            [ErrInfo] => E01390002
        )

    [1] => Array
        (
            [ErrCode] => E01
            [ErrInfo] => E01240002
        )

)
 from 163.116.203.117
2024/12/02 14:38:12 [/shop/shopping/load_payment_module.php] SendRequest:https://p01.mul-pay.jp/payment/SearchMember.idPass from 146.75.160.27
2024/12/02 14:38:12 [/shop/shopping/load_payment_module.php] Array
(
    [SiteID] => mst0000007602
    [SitePass] => ******
    [MemberID] => 5429
)
 from 146.75.160.27
2024/12/02 14:38:12 [/shop/shopping/load_payment_module.php] ErrCode=E01&ErrInfo=E01390002 from 146.75.160.27
2024/12/02 14:38:12 [/shop/shopping/load_payment_module.php] Array
(
    [0] => Array
        (
            [ErrCode] => E01
            [ErrInfo] => E01390002
        )

)
 from 146.75.160.27
2024/12/02 14:38:12 [/shop/shopping/load_payment_module.php] SendRequest:https://p01.mul-pay.jp/payment/SearchCard.idPass from 146.75.160.27
2024/12/02 14:38:12 [/shop/shopping/load_payment_module.php] Array
(
    [SiteID] => mst0000007602
    [SitePass] => ******
    [MemberID] => 5429
)
 from 146.75.160.27
2024/12/02 14:38:12 [/shop/shopping/load_payment_module.php] ErrCode=E01|E01&ErrInfo=E01390002|E01240002 from 146.75.160.27
2024/12/02 14:38:12 [/shop/shopping/load_payment_module.php] Array
(
    [0] => Array
        (
            [ErrCode] => E01
            [ErrInfo] => E01390002
        )

    [1] => Array
        (
            [ErrCode] => E01
            [ErrInfo] => E01240002
        )

)
 from 146.75.160.27
2024/12/02 14:38:32 [/shop/shopping/load_payment_module.php] SendRequest:https://p01.mul-pay.jp/payment/SearchMember.idPass from 146.75.160.27
2024/12/02 14:38:32 [/shop/shopping/load_payment_module.php] Array
(
    [SiteID] => mst0000007602
    [SitePass] => ******
    [MemberID] => 5429
)
 from 146.75.160.27
2024/12/02 14:38:33 [/shop/shopping/load_payment_module.php] ErrCode=E01&ErrInfo=E01390002 from 146.75.160.27
2024/12/02 14:38:33 [/shop/shopping/load_payment_module.php] Array
(
    [0] => Array
        (
            [ErrCode] => E01
            [ErrInfo] => E01390002
        )

)
 from 146.75.160.27
2024/12/02 14:38:33 [/shop/shopping/load_payment_module.php] SendRequest:https://p01.mul-pay.jp/payment/SearchCard.idPass from 146.75.160.27
2024/12/02 14:38:33 [/shop/shopping/load_payment_module.php] Array
(
    [SiteID] => mst0000007602
    [SitePass] => ******
    [MemberID] => 5429
)
 from 146.75.160.27
2024/12/02 14:38:33 [/shop/shopping/load_payment_module.php] ErrCode=E01|E01&ErrInfo=E01390002|E01240002 from 146.75.160.27
2024/12/02 14:38:33 [/shop/shopping/load_payment_module.php] Array
(
    [0] => Array
        (
            [ErrCode] => E01
            [ErrInfo] => E01390002
        )

    [1] => Array
        (
            [ErrCode] => E01
            [ErrInfo] => E01240002
        )

)
 from 146.75.160.27
2024/12/02 14:38:33 [/shop/shopping/load_payment_module.php] SendRequest:https://p01.mul-pay.jp/payment/EntryTran.idPass from 146.75.160.27
2024/12/02 14:38:33 [/shop/shopping/load_payment_module.php] Array
(
    [ShopID] => 9000034600950
    [ShopPass] => ******
    [OrderID] => 959925-02143833
    [JobCd] => CAPTURE
    [Amount] => 15258
    [TdFlag] => 0
    [TdTenantName] => 
)
 from 146.75.160.27
2024/12/02 14:38:33 [/shop/shopping/load_payment_module.php] AccessID=6f3cc310e00256e48692a5071fb390cf&AccessPass=91ba8c6327bf607e092a03eb8b48d29d from 146.75.160.27
2024/12/02 14:38:33 [/shop/shopping/load_payment_module.php] Array
(
    [0] => Array
        (
            [AccessID] => 6f3cc310e00256e48692a5071fb390cf
            [AccessPass] => 91ba8c6327bf607e092a03eb8b48d29d
        )

)
 from 146.75.160.27
2024/12/02 14:38:33 [/shop/shopping/load_payment_module.php] load_payment_module.php set payment data:Array
(
    [AccessID] => 6f3cc310e00256e48692a5071fb390cf
    [AccessPass] => 91ba8c6327bf607e092a03eb8b48d29d
    [OrderID] => 959925-02143833
    [Amount] => 15258
    [JobCd] => CAPTURE
    [action_status] => 1
    [pay_status] => 0
)
 from 146.75.160.27
2024/12/02 14:38:33 [/shop/shopping/load_payment_module.php] SendRequest:https://p01.mul-pay.jp/payment/ExecTran.idPass from 146.75.160.27
2024/12/02 14:38:33 [/shop/shopping/load_payment_module.php] Array
(
    [AccessID] => 6f3cc310e00256e48692a5071fb390cf
    [AccessPass] => 91ba8c6327bf607e092a03eb8b48d29d
    [OrderID] => 959925-02143833
    [Method] => 1
    [Token] => c119975055fb44c963ca0679bb81372204230790ba6c37b2416227a1299589ad
    [ClientField1] => 
    [ClientField2] => 
    [ClientField3] => EC-CUBE4.3.35
)
 from 146.75.160.27
2024/12/02 14:38:34 [/shop/shopping/load_payment_module.php] ACS=0&OrderID=959925-02143833&Forward=2a99661&Method=1&PayTimes=&Approve=0536759&TranID=2412021438602257210134183688&TranDate=20241202143834&CheckString=f22160c513f353887ce690b242b7ffa1 from 146.75.160.27
2024/12/02 14:38:34 [/shop/shopping/load_payment_module.php] Array
(
    [0] => Array
        (
            [ACS] => 0
            [OrderID] => 959925-02143833
            [Forward] => 2a99661
            [Method] => 1
            [PayTimes] => 
            [Approve] => 0536759
            [TranID] => 2412021438602257210134183688
            [TranDate] => 20241202143834
            [CheckString] => f22160c513f353887ce690b242b7ffa1
        )

)
 from 146.75.160.27
2024/12/02 14:38:34 [/shop/shopping/load_payment_module.php] load_payment_module.php set payment data:Array
(
    [ACS] => 0
    [Forward] => 2a99661
    [Method] => 1
    [PayTimes] => 
    [Approve] => 0536759
    [TranID] => 2412021438602257210134183688
    [TranDate] => 20241202143834
    [CheckString] => f22160c513f353887ce690b242b7ffa1
    [Amount] => 15258
    [JobCd] => CAPTURE
    [action_status] => 3
    [pay_status] => 13
)
 from 146.75.160.27
2024/12/02 14:38:34 [/shop/user_data/pg_mulpay_recv.php] ******* receiveer data start ******* from 210.175.7.20
2024/12/02 14:38:34 [/shop/user_data/pg_mulpay_recv.php] Array
(
    [ShopID] => 9000034600950
    [ShopPass] => **********
    [AccessID] => 6f3cc310e00256e48692a5071fb390cf
    [AccessPass] => ********************************
    [OrderID] => 959925-02143833
    [Status] => CAPTURE
    [JobCd] => CAPTURE
    [Amount] => 15258
    [Tax] => 0
    [Currency] => JPN
    [Forward] => 2a99661
    [Method] => 1
    [PayTimes] => 
    [TranID] => 2412021438602257210134183688
    [Approve] => 0536759
    [TranDate] => 20241202143834
    [ErrCode] => 
    [ErrInfo] => 
    [PayType] => 0
)
 from 210.175.7.20
2024/12/02 14:38:34 [/shop/user_data/pg_mulpay_recv.php] ******* receiveer data end ******* from 210.175.7.20
2024/12/02 14:38:39 [/shop/user_data/pg_mulpay_recv.php] update order status:1 order_id=959925 from 210.175.7.20
2024/12/02 14:38:39 [/shop/user_data/pg_mulpay_recv.php] pg_mulpay_recv.php set payment data:Array
(
    [ShopID] => 9000034600950
    [AccessID] => 6f3cc310e00256e48692a5071fb390cf
    [OrderID] => 959925-02143833
    [Status] => CAPTURE
    [JobCd] => CAPTURE
    [Amount] => 15258
    [Tax] => 0
    [Currency] => JPN
    [Forward] => 2a99661
    [Method] => 1
    [PayTimes] => 
    [TranID] => 2412021438602257210134183688
    [Approve] => 0536759
    [TranDate] => 20241202143834
    [ErrCode] => 
    [ErrInfo] => 
    [PayType] => 0
    [CvsCode] => 
    [CvsConfNo] => 
    [CvsReceiptNo] => 
    [EdyReceiptNo] => 
    [EdyOrderNo] => 
    [SuicaReceiptNo] => 
    [SuicaOrderNo] => 
    [CustID] => 
    [BkCode] => 
    [ConfNo] => 
    [PaymentTerm] => 
    [EncryptReceiptNo] => 
    [FinishDate] => 
    [ReceiptDate] => 
    [WebMoneyManagementNo] => 
    [WebMoneySettleCode] => 
    [AuPayInfoNo] => 
    [AuPayMethod] => 
    [AuCancelAmount] => 
    [AuCancelTax] => 
    [DocomoSettlementCode] => 
    [DocomoCancelAmount] => 
    [DocomoCancelTax] => 
    [pay_status] => 13
)
 from 210.175.7.20
2024/12/02 14:38:39 [/shop/user_data/pg_mulpay_recv.php] response:true from 210.175.7.20
2024/12/02 14:58:26 [/shop/shopping/load_payment_module.php] SendRequest:https://p01.mul-pay.jp/payment/EntryTran.idPass from 106.154.141.227
2024/12/02 14:58:26 [/shop/shopping/load_payment_module.php] Array
(
    [ShopID] => 9000034600950
    [ShopPass] => ******
    [OrderID] => 959926-02145826
    [JobCd] => CAPTURE
    [Amount] => 7500
    [TdFlag] => 0
    [TdTenantName] => 
)
 from 106.154.141.227
2024/12/02 14:58:26 [/shop/shopping/load_payment_module.php] AccessID=03e31109e0528a031f0eda2659fd049e&AccessPass=f3ab3246954a5bb21d43be9f742228b7 from 106.154.141.227
2024/12/02 14:58:26 [/shop/shopping/load_payment_module.php] Array
(
    [0] => Array
        (
            [AccessID] => 03e31109e0528a031f0eda2659fd049e
            [AccessPass] => f3ab3246954a5bb21d43be9f742228b7
        )

)
 from 106.154.141.227
2024/12/02 14:58:26 [/shop/shopping/load_payment_module.php] load_payment_module.php set payment data:Array
(
    [AccessID] => 03e31109e0528a031f0eda2659fd049e
    [AccessPass] => f3ab3246954a5bb21d43be9f742228b7
    [OrderID] => 959926-02145826
    [Amount] => 7500
    [JobCd] => CAPTURE
    [action_status] => 1
    [pay_status] => 0
)
 from 106.154.141.227
2024/12/02 14:58:26 [/shop/shopping/load_payment_module.php] SendRequest:https://p01.mul-pay.jp/payment/ExecTran.idPass from 106.154.141.227
2024/12/02 14:58:26 [/shop/shopping/load_payment_module.php] Array
(
    [AccessID] => 03e31109e0528a031f0eda2659fd049e
    [AccessPass] => f3ab3246954a5bb21d43be9f742228b7
    [OrderID] => 959926-02145826
    [Method] => 1
    [Token] => 5b32c94f80f42de596d1c0f401453285d3783027f0968bfe5b48a56b40c85141
    [ClientField1] => 
    [ClientField2] => 
    [ClientField3] => EC-CUBE4.3.35
)
 from 106.154.141.227
2024/12/02 14:58:27 [/shop/shopping/load_payment_module.php] ACS=0&OrderID=959926-02145826&Forward=2959876&Method=1&PayTimes=&Approve=0213439&TranID=2412021458602257210134173674&TranDate=20241202145827&CheckString=a805ebb77b18c81683dac636ee39deee from 106.154.141.227
2024/12/02 14:58:27 [/shop/shopping/load_payment_module.php] Array
(
    [0] => Array
        (
            [ACS] => 0
            [OrderID] => 959926-02145826
            [Forward] => 2959876
            [Method] => 1
            [PayTimes] => 
            [Approve] => 0213439
            [TranID] => 2412021458602257210134173674
            [TranDate] => 20241202145827
            [CheckString] => a805ebb77b18c81683dac636ee39deee
        )

)
 from 106.154.141.227
2024/12/02 14:58:27 [/shop/shopping/load_payment_module.php] load_payment_module.php set payment data:Array
(
    [ACS] => 0
    [Forward] => 2959876
    [Method] => 1
    [PayTimes] => 
    [Approve] => 0213439
    [TranID] => 2412021458602257210134173674
    [TranDate] => 20241202145827
    [CheckString] => a805ebb77b18c81683dac636ee39deee
    [Amount] => 7500
    [JobCd] => CAPTURE
    [action_status] => 3
    [pay_status] => 13
)
 from 106.154.141.227
2024/12/02 14:58:27 [/shop/user_data/pg_mulpay_recv.php] ******* receiveer data start ******* from 210.175.7.20
2024/12/02 14:58:27 [/shop/user_data/pg_mulpay_recv.php] Array
(
    [ShopID] => 9000034600950
    [ShopPass] => **********
    [AccessID] => 03e31109e0528a031f0eda2659fd049e
    [AccessPass] => ********************************
    [OrderID] => 959926-02145826
    [Status] => CAPTURE
    [JobCd] => CAPTURE
    [Amount] => 7500
    [Tax] => 0
    [Currency] => JPN
    [Forward] => 2959876
    [Method] => 1
    [PayTimes] => 
    [TranID] => 2412021458602257210134173674
    [Approve] => 0213439
    [TranDate] => 20241202145827
    [ErrCode] => 
    [ErrInfo] => 
    [PayType] => 0
)
 from 210.175.7.20
2024/12/02 14:58:27 [/shop/user_data/pg_mulpay_recv.php] ******* receiveer data end ******* from 210.175.7.20
2024/12/02 14:58:32 [/shop/user_data/pg_mulpay_recv.php] update order status:1 order_id=959926 from 210.175.7.20
2024/12/02 14:58:32 [/shop/user_data/pg_mulpay_recv.php] pg_mulpay_recv.php set payment data:Array
(
    [ShopID] => 9000034600950
    [AccessID] => 03e31109e0528a031f0eda2659fd049e
    [OrderID] => 959926-02145826
    [Status] => CAPTURE
    [JobCd] => CAPTURE
    [Amount] => 7500
    [Tax] => 0
    [Currency] => JPN
    [Forward] => 2959876
    [Method] => 1
    [PayTimes] => 
    [TranID] => 2412021458602257210134173674
    [Approve] => 0213439
    [TranDate] => 20241202145827
    [ErrCode] => 
    [ErrInfo] => 
    [PayType] => 0
    [CvsCode] => 
    [CvsConfNo] => 
    [CvsReceiptNo] => 
    [EdyReceiptNo] => 
    [EdyOrderNo] => 
    [SuicaReceiptNo] => 
    [SuicaOrderNo] => 
    [CustID] => 
    [BkCode] => 
    [ConfNo] => 
    [PaymentTerm] => 
    [EncryptReceiptNo] => 
    [FinishDate] => 
    [ReceiptDate] => 
    [WebMoneyManagementNo] => 
    [WebMoneySettleCode] => 
    [AuPayInfoNo] => 
    [AuPayMethod] => 
    [AuCancelAmount] => 
    [AuCancelTax] => 
    [DocomoSettlementCode] => 
    [DocomoCancelAmount] => 
    [DocomoCancelTax] => 
    [pay_status] => 13
)
 from 210.175.7.20
2024/12/02 14:58:32 [/shop/user_data/pg_mulpay_recv.php] response:true from 210.175.7.20
2024/12/02 16:17:25 [/shop/master/order/edit.php] SendRequest:https://p01.mul-pay.jp/payment/AlterTran.idPass from 114.160.216.147
2024/12/02 16:17:25 [/shop/master/order/edit.php] Array
(
    [ShopID] => 9000034600950
    [ShopPass] => ******
    [AccessID] => d9ab8ba06527a256607d16575c1cdaf1
    [AccessPass] => 8507118666a3135397f292583d69ceee
    [JobCd] => RETURNX
)
 from 114.160.216.147
2024/12/02 16:17:26 [/shop/master/order/edit.php] AccessID=d9ab8ba06527a256607d16575c1cdaf1&AccessPass=8507118666a3135397f292583d69ceee&Forward=2959876&Approve=0016359&TranID=2412021617602257210134163794&TranDate=20241202161726 from 114.160.216.147
2024/12/02 16:17:26 [/shop/master/order/edit.php] Array
(
    [0] => Array
        (
            [AccessID] => d9ab8ba06527a256607d16575c1cdaf1
            [AccessPass] => 8507118666a3135397f292583d69ceee
            [Forward] => 2959876
            [Approve] => 0016359
            [TranID] => 2412021617602257210134163794
            [TranDate] => 20241202161726
        )

)
 from 114.160.216.147
2024/12/02 16:17:26 [/shop/master/order/edit.php] edit.php set payment data:Array
(
    [AccessID] => d9ab8ba06527a256607d16575c1cdaf1
    [AccessPass] => 8507118666a3135397f292583d69ceee
    [Forward] => 2959876
    [Approve] => 0016359
    [TranID] => 2412021617602257210134163794
    [TranDate] => 20241202161726
    [JobCd] => RETURNX
    [action_status] => 6
    [pay_status] => 16
)
 from 114.160.216.147
2024/12/02 16:17:26 [/shop/user_data/pg_mulpay_recv.php] ******* receiveer data start ******* from 210.175.7.20
2024/12/02 16:17:26 [/shop/user_data/pg_mulpay_recv.php] Array
(
    [ShopID] => 9000034600950
    [ShopPass] => **********
    [AccessID] => d9ab8ba06527a256607d16575c1cdaf1
    [AccessPass] => ********************************
    [OrderID] => 959906-29210942
    [Status] => RETURNX
    [JobCd] => RETURNX
    [Amount] => 23760
    [Tax] => 0
    [Currency] => JPN
    [Forward] => 2959876
    [Method] => 1
    [PayTimes] => 
    [TranID] => 2412021617602257210134163794
    [Approve] => 0016359
    [TranDate] => 20241202161726
    [ErrCode] => 
    [ErrInfo] => 
    [PayType] => 0
)
 from 210.175.7.20
2024/12/02 16:17:26 [/shop/user_data/pg_mulpay_recv.php] ******* receiveer data end ******* from 210.175.7.20
2024/12/02 16:17:26 [/shop/user_data/pg_mulpay_recv.php] pg_mulpay_recv.php set payment data:Array
(
    [ShopID] => 9000034600950
    [AccessID] => d9ab8ba06527a256607d16575c1cdaf1
    [OrderID] => 959906-29210942
    [Status] => RETURNX
    [JobCd] => RETURNX
    [Amount] => 23760
    [Tax] => 0
    [Currency] => JPN
    [Forward] => 2959876
    [Method] => 1
    [PayTimes] => 
    [TranID] => 2412021617602257210134163794
    [Approve] => 0016359
    [TranDate] => 20241202161726
    [ErrCode] => 
    [ErrInfo] => 
    [PayType] => 0
    [CvsCode] => 
    [CvsConfNo] => 
    [CvsReceiptNo] => 
    [EdyReceiptNo] => 
    [EdyOrderNo] => 
    [SuicaReceiptNo] => 
    [SuicaOrderNo] => 
    [CustID] => 
    [BkCode] => 
    [ConfNo] => 
    [PaymentTerm] => 
    [EncryptReceiptNo] => 
    [FinishDate] => 
    [ReceiptDate] => 
    [WebMoneyManagementNo] => 
    [WebMoneySettleCode] => 
    [AuPayInfoNo] => 
    [AuPayMethod] => 
    [AuCancelAmount] => 
    [AuCancelTax] => 
    [DocomoSettlementCode] => 
    [DocomoCancelAmount] => 
    [DocomoCancelTax] => 
    [pay_status] => 16
)
 from 210.175.7.20
2024/12/02 16:17:26 [/shop/user_data/pg_mulpay_recv.php] response:true from 210.175.7.20
2024/12/02 18:00:48 [/shop/master/order/edit.php] edit.php set payment data:Array
(
    [no_update_status_flg] => 1
)
 from 114.160.216.147
2024/12/02 18:00:48 [/shop/master/order/edit.php] SendRequest:https://p01.mul-pay.jp/payment/ChangeTran.idPass from 114.160.216.147
2024/12/02 18:00:48 [/shop/master/order/edit.php] Array
(
    [ShopID] => 9000034600950
    [ShopPass] => ******
    [AccessID] => 6c9078befc9e849973963ac5902e4f0e
    [AccessPass] => d1d9a53424a05b2b53ec0bcfc0e2b312
    [JobCd] => CAPTURE
    [Amount] => 6660
)
 from 114.160.216.147
2024/12/02 18:00:50 [/shop/master/order/edit.php] AccessID=6c9078befc9e849973963ac5902e4f0e&AccessPass=d1d9a53424a05b2b53ec0bcfc0e2b312&Forward=2959876&Approve=0180049&TranID=2412021800602257210134163795&TranDate=20241202180050 from 114.160.216.147
2024/12/02 18:00:50 [/shop/master/order/edit.php] Array
(
    [0] => Array
        (
            [AccessID] => 6c9078befc9e849973963ac5902e4f0e
            [AccessPass] => d1d9a53424a05b2b53ec0bcfc0e2b312
            [Forward] => 2959876
            [Approve] => 0180049
            [TranID] => 2412021800602257210134163795
            [TranDate] => 20241202180050
        )

)
 from 114.160.216.147
2024/12/02 18:00:50 [/shop/master/order/edit.php] edit.php set payment data:Array
(
    [AccessID] => 6c9078befc9e849973963ac5902e4f0e
    [AccessPass] => d1d9a53424a05b2b53ec0bcfc0e2b312
    [Forward] => 2959876
    [Approve] => 0180049
    [TranID] => 2412021800602257210134163795
    [TranDate] => 20241202180050
    [action_status] => 6
    [pay_status] => 13
    [JobCd] => CAPTURE
    [Amount] => 6660
)
 from 114.160.216.147
2024/12/02 18:00:50 [/shop/user_data/pg_mulpay_recv.php] ******* receiveer data start ******* from 210.175.7.20
2024/12/02 18:00:50 [/shop/user_data/pg_mulpay_recv.php] Array
(
    [ShopID] => 9000034600950
    [ShopPass] => **********
    [AccessID] => 6c9078befc9e849973963ac5902e4f0e
    [AccessPass] => ********************************
    [OrderID] => 959491-28071806
    [Status] => RETURNX
    [JobCd] => RETURNX
    [Amount] => 5780
    [Tax] => 0
    [Currency] => JPN
    [Forward] => 2959876
    [Method] => 1
    [PayTimes] => 
    [TranID] => 2412021800602257210134173675
    [Approve] =>        
    [TranDate] => 20241202180050
    [ErrCode] => 
    [ErrInfo] => 
    [PayType] => 0
)
 from 210.175.7.20
2024/12/02 18:00:50 [/shop/user_data/pg_mulpay_recv.php] ******* receiveer data end ******* from 210.175.7.20
2024/12/02 18:00:50 [/shop/user_data/pg_mulpay_recv.php] pg_mulpay_recv.php set payment data:Array
(
    [ShopID] => 9000034600950
    [AccessID] => 6c9078befc9e849973963ac5902e4f0e
    [OrderID] => 959491-28071806
    [Status] => RETURNX
    [JobCd] => RETURNX
    [Amount] => 5780
    [Tax] => 0
    [Currency] => JPN
    [Forward] => 2959876
    [Method] => 1
    [PayTimes] => 
    [TranID] => 2412021800602257210134173675
    [TranDate] => 20241202180050
    [PayType] => 0
    [CvsCode] => 
    [CvsConfNo] => 
    [CvsReceiptNo] => 
    [EdyReceiptNo] => 
    [EdyOrderNo] => 
    [SuicaReceiptNo] => 
    [SuicaOrderNo] => 
    [CustID] => 
    [BkCode] => 
    [ConfNo] => 
    [PaymentTerm] => 
    [EncryptReceiptNo] => 
    [FinishDate] => 
    [ReceiptDate] => 
    [WebMoneyManagementNo] => 
    [WebMoneySettleCode] => 
    [AuPayInfoNo] => 
    [AuPayMethod] => 
    [AuCancelAmount] => 
    [AuCancelTax] => 
    [DocomoSettlementCode] => 
    [DocomoCancelAmount] => 
    [DocomoCancelTax] => 
    [pay_status] => 16
)
 from 210.175.7.20
2024/12/02 18:00:50 [/shop/user_data/pg_mulpay_recv.php] response:true from 210.175.7.20
2024/12/02 18:00:50 [/shop/user_data/pg_mulpay_recv.php] ******* receiveer data start ******* from 210.175.7.20
2024/12/02 18:00:50 [/shop/user_data/pg_mulpay_recv.php] Array
(
    [ShopID] => 9000034600950
    [ShopPass] => **********
    [AccessID] => 6c9078befc9e849973963ac5902e4f0e
    [AccessPass] => ********************************
    [OrderID] => 959491-28071806
    [Status] => CAPTURE
    [JobCd] => CAPTURE
    [Amount] => 6660
    [Tax] => 0
    [Currency] => JPN
    [Forward] => 2959876
    [Method] => 1
    [PayTimes] => 
    [TranID] => 2412021800602257210134163795
    [Approve] => 0180049
    [TranDate] => 20241202180050
    [ErrCode] => 
    [ErrInfo] => 
    [PayType] => 0
)
 from 210.175.7.20
2024/12/02 18:00:50 [/shop/user_data/pg_mulpay_recv.php] ******* receiveer data end ******* from 210.175.7.20
2024/12/02 18:00:55 [/shop/user_data/pg_mulpay_recv.php] no update order status order_id=959491 from 210.175.7.20
2024/12/02 18:00:55 [/shop/user_data/pg_mulpay_recv.php] pg_mulpay_recv.php set payment data:Array
(
    [ShopID] => 9000034600950
    [AccessID] => 6c9078befc9e849973963ac5902e4f0e
    [OrderID] => 959491-28071806
    [Status] => CAPTURE
    [JobCd] => CAPTURE
    [Amount] => 6660
    [Tax] => 0
    [Currency] => JPN
    [Forward] => 2959876
    [Method] => 1
    [PayTimes] => 
    [TranID] => 2412021800602257210134163795
    [Approve] => 0180049
    [TranDate] => 20241202180050
    [PayType] => 0
    [CvsCode] => 
    [CvsConfNo] => 
    [CvsReceiptNo] => 
    [EdyReceiptNo] => 
    [EdyOrderNo] => 
    [SuicaReceiptNo] => 
    [SuicaOrderNo] => 
    [CustID] => 
    [BkCode] => 
    [ConfNo] => 
    [PaymentTerm] => 
    [EncryptReceiptNo] => 
    [FinishDate] => 
    [ReceiptDate] => 
    [WebMoneyManagementNo] => 
    [WebMoneySettleCode] => 
    [AuPayInfoNo] => 
    [AuPayMethod] => 
    [AuCancelAmount] => 
    [AuCancelTax] => 
    [DocomoSettlementCode] => 
    [DocomoCancelAmount] => 
    [DocomoCancelTax] => 
    [pay_status] => 13
    [no_update_status_flg] => 0
)
 from 210.175.7.20
2024/12/02 18:00:55 [/shop/user_data/pg_mulpay_recv.php] response:true from 210.175.7.20
2024/12/02 18:00:56 [/shop/master/order/edit.php] SendRequest:https://p01.mul-pay.jp/payment/SearchTrade.idPass from 114.160.216.147
2024/12/02 18:00:56 [/shop/master/order/edit.php] Array
(
    [ShopID] => 9000034600950
    [ShopPass] => ******
    [OrderID] => 959491-28071806
)
 from 114.160.216.147
2024/12/02 18:00:56 [/shop/master/order/edit.php] OrderID=959491-28071806&Status=CAPTURE&ProcessDate=20241202180050&JobCd=CAPTURE&AccessID=6c9078befc9e849973963ac5902e4f0e&AccessPass=d1d9a53424a05b2b53ec0bcfc0e2b312&ItemCode=0000990&Amount=6660&Tax=0&SiteID=&MemberID=&CardNo=************5037&Expire=2511&Method=1&PayTimes=&Forward=2959876&TranID=2412021800602257210134163795&Approve=0180049&ClientField1=&ClientField2=&ClientField3=EC-CUBE4.3.35 from 114.160.216.147
2024/12/02 18:00:56 [/shop/master/order/edit.php] Array
(
    [0] => Array
        (
            [OrderID] => 959491-28071806
            [Status] => CAPTURE
            [ProcessDate] => 20241202180050
            [JobCd] => CAPTURE
            [AccessID] => 6c9078befc9e849973963ac5902e4f0e
            [AccessPass] => d1d9a53424a05b2b53ec0bcfc0e2b312
            [ItemCode] => 0000990
            [Amount] => 6660
            [Tax] => 0
            [SiteID] => 
            [MemberID] => 
            [CardNo] => ************5037
            [Expire] => 2511
            [Method] => 1
            [PayTimes] => 
            [Forward] => 2959876
            [TranID] => 2412021800602257210134163795
            [Approve] => 0180049
            [ClientField1] => 
            [ClientField2] => 
            [ClientField3] => EC-CUBE4.3.35
        )

)
 from 114.160.216.147
2024/12/02 18:00:56 [/shop/master/order/edit.php] edit.php set payment data:Array
(
    [OrderID] => 959491-28071806
    [Status] => CAPTURE
    [ProcessDate] => 20241202180050
    [JobCd] => CAPTURE
    [AccessID] => 6c9078befc9e849973963ac5902e4f0e
    [AccessPass] => d1d9a53424a05b2b53ec0bcfc0e2b312
    [ItemCode] => 0000990
    [Amount] => 6660
    [Tax] => 0
    [SiteID] => 
    [MemberID] => 
    [CardNo] => ************5037
    [Expire] => 2511
    [Method] => 1
    [PayTimes] => 
    [Forward] => 2959876
    [TranID] => 2412021800602257210134163795
    [Approve] => 0180049
    [ClientField1] => 
    [ClientField2] => 
    [ClientField3] => EC-CUBE4.3.35
    [action_status] => 6
    [pay_status] => 13
)
 from 114.160.216.147
2024/12/02 21:05:24 [/shop/shopping/load_payment_module.php] SendRequest:https://p01.mul-pay.jp/payment/SearchMember.idPass from 193.200.181.11
2024/12/02 21:05:24 [/shop/shopping/load_payment_module.php] Array
(
    [SiteID] => mst0000007602
    [SitePass] => ******
    [MemberID] => 12323
)
 from 193.200.181.11
2024/12/02 21:05:24 [/shop/shopping/load_payment_module.php] MemberID=12323&MemberName=r655b2f94aa1b3NsVWTcbD&DeleteFlag=0 from 193.200.181.11
2024/12/02 21:05:24 [/shop/shopping/load_payment_module.php] Array
(
    [0] => Array
        (
            [MemberID] => 12323
            [MemberName] => r655b2f94aa1b3NsVWTcbD
            [DeleteFlag] => 0
        )

)
 from 193.200.181.11
2024/12/02 21:05:24 [/shop/shopping/load_payment_module.php] SendRequest:https://p01.mul-pay.jp/payment/SearchCard.idPass from 193.200.181.11
2024/12/02 21:05:24 [/shop/shopping/load_payment_module.php] Array
(
    [SiteID] => mst0000007602
    [SitePass] => ******
    [MemberID] => 12323
)
 from 193.200.181.11
2024/12/02 21:05:24 [/shop/shopping/load_payment_module.php] CardSeq=0&DefaultFlag=1&CardName=&CardNo=************608&Expire=2602&HolderName=TokoKomatsu &DeleteFlag=0 from 193.200.181.11
2024/12/02 21:05:24 [/shop/shopping/load_payment_module.php] Array
(
    [0] => Array
        (
            [CardSeq] => 0
            [DefaultFlag] => 1
            [CardName] => 
            [CardNo] => ************608
            [Expire] => 2602
            [HolderName] => TokoKomatsu
            [DeleteFlag] => 0
        )

)
 from 193.200.181.11
2024/12/02 21:06:29 [/shop/shopping/load_payment_module.php] SendRequest:https://p01.mul-pay.jp/payment/SearchMember.idPass from 193.200.181.11
2024/12/02 21:06:29 [/shop/shopping/load_payment_module.php] Array
(
    [SiteID] => mst0000007602
    [SitePass] => ******
    [MemberID] => 12323
)
 from 193.200.181.11
2024/12/02 21:06:29 [/shop/shopping/load_payment_module.php] MemberID=12323&MemberName=r655b2f94aa1b3NsVWTcbD&DeleteFlag=0 from 193.200.181.11
2024/12/02 21:06:29 [/shop/shopping/load_payment_module.php] Array
(
    [0] => Array
        (
            [MemberID] => 12323
            [MemberName] => r655b2f94aa1b3NsVWTcbD
            [DeleteFlag] => 0
        )

)
 from 193.200.181.11
2024/12/02 21:06:29 [/shop/shopping/load_payment_module.php] SendRequest:https://p01.mul-pay.jp/payment/SearchCard.idPass from 193.200.181.11
2024/12/02 21:06:29 [/shop/shopping/load_payment_module.php] Array
(
    [SiteID] => mst0000007602
    [SitePass] => ******
    [MemberID] => 12323
)
 from 193.200.181.11
2024/12/02 21:06:29 [/shop/shopping/load_payment_module.php] CardSeq=0&DefaultFlag=1&CardName=&CardNo=************608&Expire=2602&HolderName=TokoKomatsu &DeleteFlag=0 from 193.200.181.11
2024/12/02 21:06:29 [/shop/shopping/load_payment_module.php] Array
(
    [0] => Array
        (
            [CardSeq] => 0
            [DefaultFlag] => 1
            [CardName] => 
            [CardNo] => ************608
            [Expire] => 2602
            [HolderName] => TokoKomatsu
            [DeleteFlag] => 0
        )

)
 from 193.200.181.11
2024/12/02 21:06:29 [/shop/shopping/load_payment_module.php] SendRequest:https://p01.mul-pay.jp/payment/EntryTran.idPass from 193.200.181.11
2024/12/02 21:06:29 [/shop/shopping/load_payment_module.php] Array
(
    [ShopID] => 9000034600950
    [ShopPass] => ******
    [OrderID] => 959927-02210629
    [JobCd] => CAPTURE
    [Amount] => 6385
    [TdFlag] => 0
    [TdTenantName] => 
)
 from 193.200.181.11
2024/12/02 21:06:29 [/shop/shopping/load_payment_module.php] AccessID=391d4d7694c5eda36bb7ab58737401ef&AccessPass=2d1c4376f552a82a08074367eaf8b7c7 from 193.200.181.11
2024/12/02 21:06:29 [/shop/shopping/load_payment_module.php] Array
(
    [0] => Array
        (
            [AccessID] => 391d4d7694c5eda36bb7ab58737401ef
            [AccessPass] => 2d1c4376f552a82a08074367eaf8b7c7
        )

)
 from 193.200.181.11
2024/12/02 21:06:29 [/shop/shopping/load_payment_module.php] load_payment_module.php set payment data:Array
(
    [AccessID] => 391d4d7694c5eda36bb7ab58737401ef
    [AccessPass] => 2d1c4376f552a82a08074367eaf8b7c7
    [OrderID] => 959927-02210629
    [Amount] => 6385
    [JobCd] => CAPTURE
    [action_status] => 1
    [pay_status] => 0
)
 from 193.200.181.11
2024/12/02 21:06:29 [/shop/shopping/load_payment_module.php] SendRequest:https://p01.mul-pay.jp/payment/ExecTran.idPass from 193.200.181.11
2024/12/02 21:06:29 [/shop/shopping/load_payment_module.php] Array
(
    [AccessID] => 391d4d7694c5eda36bb7ab58737401ef
    [AccessPass] => 2d1c4376f552a82a08074367eaf8b7c7
    [OrderID] => 959927-02210629
    [Method] => 1
    [Token] => 557da7a6e770927a0d67f41d8142386430f9b87d4309bd45aaca71656e34ac41
    [ClientField1] => 
    [ClientField2] => 
    [ClientField3] => EC-CUBE4.3.35
)
 from 193.200.181.11
2024/12/02 21:06:30 [/shop/shopping/load_payment_module.php] ACS=0&OrderID=959927-02210629&Forward=2a99661&Method=1&PayTimes=&Approve=0540000&TranID=2412022106602257210134173676&TranDate=20241202210630&CheckString=15d9508c4bdcada33bc62d0394e38066 from 193.200.181.11
2024/12/02 21:06:30 [/shop/shopping/load_payment_module.php] Array
(
    [0] => Array
        (
            [ACS] => 0
            [OrderID] => 959927-02210629
            [Forward] => 2a99661
            [Method] => 1
            [PayTimes] => 
            [Approve] => 0540000
            [TranID] => 2412022106602257210134173676
            [TranDate] => 20241202210630
            [CheckString] => 15d9508c4bdcada33bc62d0394e38066
        )

)
 from 193.200.181.11
2024/12/02 21:06:30 [/shop/shopping/load_payment_module.php] load_payment_module.php set payment data:Array
(
    [ACS] => 0
    [Forward] => 2a99661
    [Method] => 1
    [PayTimes] => 
    [Approve] => 0540000
    [TranID] => 2412022106602257210134173676
    [TranDate] => 20241202210630
    [CheckString] => 15d9508c4bdcada33bc62d0394e38066
    [Amount] => 6385
    [JobCd] => CAPTURE
    [action_status] => 3
    [pay_status] => 13
)
 from 193.200.181.11
2024/12/02 21:06:30 [/shop/user_data/pg_mulpay_recv.php] ******* receiveer data start ******* from 210.175.7.20
2024/12/02 21:06:30 [/shop/user_data/pg_mulpay_recv.php] Array
(
    [ShopID] => 9000034600950
    [ShopPass] => **********
    [AccessID] => 391d4d7694c5eda36bb7ab58737401ef
    [AccessPass] => ********************************
    [OrderID] => 959927-02210629
    [Status] => CAPTURE
    [JobCd] => CAPTURE
    [Amount] => 6385
    [Tax] => 0
    [Currency] => JPN
    [Forward] => 2a99661
    [Method] => 1
    [PayTimes] => 
    [TranID] => 2412022106602257210134173676
    [Approve] => 0540000
    [TranDate] => 20241202210630
    [ErrCode] => 
    [ErrInfo] => 
    [PayType] => 0
)
 from 210.175.7.20
2024/12/02 21:06:30 [/shop/user_data/pg_mulpay_recv.php] ******* receiveer data end ******* from 210.175.7.20
2024/12/02 21:06:35 [/shop/user_data/pg_mulpay_recv.php] update order status:1 order_id=959927 from 210.175.7.20
2024/12/02 21:06:35 [/shop/user_data/pg_mulpay_recv.php] pg_mulpay_recv.php set payment data:Array
(
    [ShopID] => 9000034600950
    [AccessID] => 391d4d7694c5eda36bb7ab58737401ef
    [OrderID] => 959927-02210629
    [Status] => CAPTURE
    [JobCd] => CAPTURE
    [Amount] => 6385
    [Tax] => 0
    [Currency] => JPN
    [Forward] => 2a99661
    [Method] => 1
    [PayTimes] => 
    [TranID] => 2412022106602257210134173676
    [Approve] => 0540000
    [TranDate] => 20241202210630
    [ErrCode] => 
    [ErrInfo] => 
    [PayType] => 0
    [CvsCode] => 
    [CvsConfNo] => 
    [CvsReceiptNo] => 
    [EdyReceiptNo] => 
    [EdyOrderNo] => 
    [SuicaReceiptNo] => 
    [SuicaOrderNo] => 
    [CustID] => 
    [BkCode] => 
    [ConfNo] => 
    [PaymentTerm] => 
    [EncryptReceiptNo] => 
    [FinishDate] => 
    [ReceiptDate] => 
    [WebMoneyManagementNo] => 
    [WebMoneySettleCode] => 
    [AuPayInfoNo] => 
    [AuPayMethod] => 
    [AuCancelAmount] => 
    [AuCancelTax] => 
    [DocomoSettlementCode] => 
    [DocomoCancelAmount] => 
    [DocomoCancelTax] => 
    [pay_status] => 13
)
 from 210.175.7.20
2024/12/02 21:06:35 [/shop/user_data/pg_mulpay_recv.php] response:true from 210.175.7.20
