2022/06/17 04:54:58 [/shop/shopping/load_payment_module.php] SendRequest:https://p01.mul-pay.jp/payment/SearchMember.idPass from 93.48.159.214
2022/06/17 04:54:58 [/shop/shopping/load_payment_module.php] Array
(
    [SiteID] => mst0000007602
    [SitePass] => ******
    [MemberID] => 10713
)
 from 93.48.159.214
2022/06/17 04:54:58 [/shop/shopping/load_payment_module.php] ErrCode=E01&ErrInfo=E01390002 from 93.48.159.214
2022/06/17 04:54:58 [/shop/shopping/load_payment_module.php] Array
(
    [0] => Array
        (
            [ErrCode] => E01
            [ErrInfo] => E01390002
        )

)
 from 93.48.159.214
2022/06/17 04:54:58 [/shop/shopping/load_payment_module.php] SendRequest:https://p01.mul-pay.jp/payment/SearchCard.idPass from 93.48.159.214
2022/06/17 04:54:58 [/shop/shopping/load_payment_module.php] Array
(
    [SiteID] => mst0000007602
    [SitePass] => ******
    [MemberID] => 10713
)
 from 93.48.159.214
2022/06/17 04:54:58 [/shop/shopping/load_payment_module.php] ErrCode=E01|E01&ErrInfo=E01390002|E01240002 from 93.48.159.214
2022/06/17 04:54:58 [/shop/shopping/load_payment_module.php] Array
(
    [0] => Array
        (
            [ErrCode] => E01
            [ErrInfo] => E01390002
        )

    [1] => Array
        (
            [ErrCode] => E01
            [ErrInfo] => E01240002
        )

)
 from 93.48.159.214
2022/06/17 04:55:42 [/shop/shopping/load_payment_module.php] SendRequest:https://p01.mul-pay.jp/payment/SearchMember.idPass from 93.48.159.214
2022/06/17 04:55:42 [/shop/shopping/load_payment_module.php] Array
(
    [SiteID] => mst0000007602
    [SitePass] => ******
    [MemberID] => 10713
)
 from 93.48.159.214
2022/06/17 04:55:42 [/shop/shopping/load_payment_module.php] ErrCode=E01&ErrInfo=E01390002 from 93.48.159.214
2022/06/17 04:55:42 [/shop/shopping/load_payment_module.php] Array
(
    [0] => Array
        (
            [ErrCode] => E01
            [ErrInfo] => E01390002
        )

)
 from 93.48.159.214
2022/06/17 04:55:42 [/shop/shopping/load_payment_module.php] SendRequest:https://p01.mul-pay.jp/payment/SearchCard.idPass from 93.48.159.214
2022/06/17 04:55:42 [/shop/shopping/load_payment_module.php] Array
(
    [SiteID] => mst0000007602
    [SitePass] => ******
    [MemberID] => 10713
)
 from 93.48.159.214
2022/06/17 04:55:42 [/shop/shopping/load_payment_module.php] ErrCode=E01|E01&ErrInfo=E01390002|E01240002 from 93.48.159.214
2022/06/17 04:55:42 [/shop/shopping/load_payment_module.php] Array
(
    [0] => Array
        (
            [ErrCode] => E01
            [ErrInfo] => E01390002
        )

    [1] => Array
        (
            [ErrCode] => E01
            [ErrInfo] => E01240002
        )

)
 from 93.48.159.214
2022/06/17 04:55:42 [/shop/shopping/load_payment_module.php] SendRequest:https://p01.mul-pay.jp/payment/EntryTran.idPass from 93.48.159.214
2022/06/17 04:55:42 [/shop/shopping/load_payment_module.php] Array
(
    [ShopID] => 9000034600950
    [ShopPass] => ******
    [OrderID] => 946809-17045542
    [JobCd] => CAPTURE
    [Amount] => 4380
    [TdFlag] => 0
    [TdTenantName] => 
)
 from 93.48.159.214
2022/06/17 04:55:42 [/shop/shopping/load_payment_module.php] AccessID=159324cf04fdf1d8f69b62350fc43a81&AccessPass=1f8937ea97c3be52e0dd9154885f5682 from 93.48.159.214
2022/06/17 04:55:42 [/shop/shopping/load_payment_module.php] Array
(
    [0] => Array
        (
            [AccessID] => 159324cf04fdf1d8f69b62350fc43a81
            [AccessPass] => 1f8937ea97c3be52e0dd9154885f5682
        )

)
 from 93.48.159.214
2022/06/17 04:55:42 [/shop/shopping/load_payment_module.php] load_payment_module.php set payment data:Array
(
    [AccessID] => 159324cf04fdf1d8f69b62350fc43a81
    [AccessPass] => 1f8937ea97c3be52e0dd9154885f5682
    [OrderID] => 946809-17045542
    [Amount] => 4380
    [JobCd] => CAPTURE
    [action_status] => 1
    [pay_status] => 0
)
 from 93.48.159.214
2022/06/17 04:55:42 [/shop/shopping/load_payment_module.php] SendRequest:https://p01.mul-pay.jp/payment/ExecTran.idPass from 93.48.159.214
2022/06/17 04:55:42 [/shop/shopping/load_payment_module.php] Array
(
    [AccessID] => 159324cf04fdf1d8f69b62350fc43a81
    [AccessPass] => 1f8937ea97c3be52e0dd9154885f5682
    [OrderID] => 946809-17045542
    [Method] => 1
    [Token] => 4e96631bb88cde7e79d402ead11d8082f042341c097d29208491cad6f14dbb70
    [ClientField1] => 
    [ClientField2] => 
    [ClientField3] => EC-CUBE4.3.35
)
 from 93.48.159.214
2022/06/17 04:55:44 [/shop/shopping/load_payment_module.php] ACS=0&OrderID=946809-17045542&Forward=2a99661&Method=1&PayTimes=&Approve=0274330&TranID=2206170455602257210134170186&TranDate=20220617045544&CheckString=3f14c0c4af961b07a668c9dacdea9a1d from 93.48.159.214
2022/06/17 04:55:44 [/shop/shopping/load_payment_module.php] Array
(
    [0] => Array
        (
            [ACS] => 0
            [OrderID] => 946809-17045542
            [Forward] => 2a99661
            [Method] => 1
            [PayTimes] => 
            [Approve] => 0274330
            [TranID] => 2206170455602257210134170186
            [TranDate] => 20220617045544
            [CheckString] => 3f14c0c4af961b07a668c9dacdea9a1d
        )

)
 from 93.48.159.214
2022/06/17 04:55:44 [/shop/shopping/load_payment_module.php] load_payment_module.php set payment data:Array
(
    [ACS] => 0
    [Forward] => 2a99661
    [Method] => 1
    [PayTimes] => 
    [Approve] => 0274330
    [TranID] => 2206170455602257210134170186
    [TranDate] => 20220617045544
    [CheckString] => 3f14c0c4af961b07a668c9dacdea9a1d
    [Amount] => 4380
    [JobCd] => CAPTURE
    [action_status] => 3
    [pay_status] => 13
)
 from 93.48.159.214
2022/06/17 04:55:44 [/shop/user_data/pg_mulpay_recv.php] ******* receiveer data start ******* from 210.175.7.20
2022/06/17 04:55:44 [/shop/user_data/pg_mulpay_recv.php] Array
(
    [ShopID] => 9000034600950
    [ShopPass] => **********
    [AccessID] => 159324cf04fdf1d8f69b62350fc43a81
    [AccessPass] => ********************************
    [OrderID] => 946809-17045542
    [Status] => CAPTURE
    [JobCd] => CAPTURE
    [Amount] => 4380
    [Tax] => 0
    [Currency] => JPN
    [Forward] => 2a99661
    [Method] => 1
    [PayTimes] => 
    [TranID] => 2206170455602257210134170186
    [Approve] => 0274330
    [TranDate] => 20220617045544
    [ErrCode] => 
    [ErrInfo] => 
    [PayType] => 0
)
 from 210.175.7.20
2022/06/17 04:55:44 [/shop/user_data/pg_mulpay_recv.php] ******* receiveer data end ******* from 210.175.7.20
2022/06/17 04:55:49 [/shop/user_data/pg_mulpay_recv.php] update order status:1 order_id=946809 from 210.175.7.20
2022/06/17 04:55:49 [/shop/user_data/pg_mulpay_recv.php] pg_mulpay_recv.php set payment data:Array
(
    [ShopID] => 9000034600950
    [AccessID] => 159324cf04fdf1d8f69b62350fc43a81
    [OrderID] => 946809-17045542
    [Status] => CAPTURE
    [JobCd] => CAPTURE
    [Amount] => 4380
    [Tax] => 0
    [Currency] => JPN
    [Forward] => 2a99661
    [Method] => 1
    [PayTimes] => 
    [TranID] => 2206170455602257210134170186
    [Approve] => 0274330
    [TranDate] => 20220617045544
    [ErrCode] => 
    [ErrInfo] => 
    [PayType] => 0
    [CvsCode] => 
    [CvsConfNo] => 
    [CvsReceiptNo] => 
    [EdyReceiptNo] => 
    [EdyOrderNo] => 
    [SuicaReceiptNo] => 
    [SuicaOrderNo] => 
    [CustID] => 
    [BkCode] => 
    [ConfNo] => 
    [PaymentTerm] => 
    [EncryptReceiptNo] => 
    [FinishDate] => 
    [ReceiptDate] => 
    [WebMoneyManagementNo] => 
    [WebMoneySettleCode] => 
    [AuPayInfoNo] => 
    [AuPayMethod] => 
    [AuCancelAmount] => 
    [AuCancelTax] => 
    [DocomoSettlementCode] => 
    [DocomoCancelAmount] => 
    [DocomoCancelTax] => 
    [pay_status] => 13
)
 from 210.175.7.20
2022/06/17 04:55:49 [/shop/user_data/pg_mulpay_recv.php] response:true from 210.175.7.20
2022/06/17 09:26:18 [/shop/shopping/load_payment_module.php] SendRequest:https://p01.mul-pay.jp/payment/SearchMember.idPass from 165.225.96.127
2022/06/17 09:26:18 [/shop/shopping/load_payment_module.php] Array
(
    [SiteID] => mst0000007602
    [SitePass] => ******
    [MemberID] => 10704
)
 from 165.225.96.127
2022/06/17 09:26:18 [/shop/shopping/load_payment_module.php] ErrCode=E01&ErrInfo=E01390002 from 165.225.96.127
2022/06/17 09:26:18 [/shop/shopping/load_payment_module.php] Array
(
    [0] => Array
        (
            [ErrCode] => E01
            [ErrInfo] => E01390002
        )

)
 from 165.225.96.127
2022/06/17 09:26:18 [/shop/shopping/load_payment_module.php] SendRequest:https://p01.mul-pay.jp/payment/SearchCard.idPass from 165.225.96.127
2022/06/17 09:26:18 [/shop/shopping/load_payment_module.php] Array
(
    [SiteID] => mst0000007602
    [SitePass] => ******
    [MemberID] => 10704
)
 from 165.225.96.127
2022/06/17 09:26:18 [/shop/shopping/load_payment_module.php] ErrCode=E01|E01&ErrInfo=E01390002|E01240002 from 165.225.96.127
2022/06/17 09:26:18 [/shop/shopping/load_payment_module.php] Array
(
    [0] => Array
        (
            [ErrCode] => E01
            [ErrInfo] => E01390002
        )

    [1] => Array
        (
            [ErrCode] => E01
            [ErrInfo] => E01240002
        )

)
 from 165.225.96.127
2022/06/17 09:27:48 [/shop/shopping/load_payment_module.php] SendRequest:https://p01.mul-pay.jp/payment/SearchMember.idPass from 165.225.96.127
2022/06/17 09:27:48 [/shop/shopping/load_payment_module.php] Array
(
    [SiteID] => mst0000007602
    [SitePass] => ******
    [MemberID] => 10704
)
 from 165.225.96.127
2022/06/17 09:27:48 [/shop/shopping/load_payment_module.php] ErrCode=E01&ErrInfo=E01390002 from 165.225.96.127
2022/06/17 09:27:48 [/shop/shopping/load_payment_module.php] Array
(
    [0] => Array
        (
            [ErrCode] => E01
            [ErrInfo] => E01390002
        )

)
 from 165.225.96.127
2022/06/17 09:27:48 [/shop/shopping/load_payment_module.php] SendRequest:https://p01.mul-pay.jp/payment/SearchCard.idPass from 165.225.96.127
2022/06/17 09:27:48 [/shop/shopping/load_payment_module.php] Array
(
    [SiteID] => mst0000007602
    [SitePass] => ******
    [MemberID] => 10704
)
 from 165.225.96.127
2022/06/17 09:27:48 [/shop/shopping/load_payment_module.php] ErrCode=E01|E01&ErrInfo=E01390002|E01240002 from 165.225.96.127
2022/06/17 09:27:48 [/shop/shopping/load_payment_module.php] Array
(
    [0] => Array
        (
            [ErrCode] => E01
            [ErrInfo] => E01390002
        )

    [1] => Array
        (
            [ErrCode] => E01
            [ErrInfo] => E01240002
        )

)
 from 165.225.96.127
2022/06/17 09:27:48 [/shop/shopping/load_payment_module.php] SendRequest:https://p01.mul-pay.jp/payment/EntryTran.idPass from 165.225.96.127
2022/06/17 09:27:48 [/shop/shopping/load_payment_module.php] Array
(
    [ShopID] => 9000034600950
    [ShopPass] => ******
    [OrderID] => 946810-17092748
    [JobCd] => CAPTURE
    [Amount] => 4485
    [TdFlag] => 0
    [TdTenantName] => 
)
 from 165.225.96.127
2022/06/17 09:27:48 [/shop/shopping/load_payment_module.php] AccessID=1a1bb313b5fa4820b6cf7b08e894978d&AccessPass=1d3dd94cab2a3e274cc8b9722729fb1c from 165.225.96.127
2022/06/17 09:27:48 [/shop/shopping/load_payment_module.php] Array
(
    [0] => Array
        (
            [AccessID] => 1a1bb313b5fa4820b6cf7b08e894978d
            [AccessPass] => 1d3dd94cab2a3e274cc8b9722729fb1c
        )

)
 from 165.225.96.127
2022/06/17 09:27:48 [/shop/shopping/load_payment_module.php] load_payment_module.php set payment data:Array
(
    [AccessID] => 1a1bb313b5fa4820b6cf7b08e894978d
    [AccessPass] => 1d3dd94cab2a3e274cc8b9722729fb1c
    [OrderID] => 946810-17092748
    [Amount] => 4485
    [JobCd] => CAPTURE
    [action_status] => 1
    [pay_status] => 0
)
 from 165.225.96.127
2022/06/17 09:27:48 [/shop/shopping/load_payment_module.php] SendRequest:https://p01.mul-pay.jp/payment/ExecTran.idPass from 165.225.96.127
2022/06/17 09:27:48 [/shop/shopping/load_payment_module.php] Array
(
    [AccessID] => 1a1bb313b5fa4820b6cf7b08e894978d
    [AccessPass] => 1d3dd94cab2a3e274cc8b9722729fb1c
    [OrderID] => 946810-17092748
    [Method] => 1
    [Token] => 8784e94ef06919f028668b323239bb69c2ee676d969d77acacbabe610dfeb110
    [ClientField1] => 
    [ClientField2] => 
    [ClientField3] => EC-CUBE4.3.35
)
 from 165.225.96.127
2022/06/17 09:27:49 [/shop/shopping/load_payment_module.php] ACS=0&OrderID=946810-17092748&Forward=2S49631&Method=1&PayTimes=&Approve=0003395&TranID=2206170927602257210134170187&TranDate=20220617092749&CheckString=c39db831d61b3ebe635d35c9177ef61d from 165.225.96.127
2022/06/17 09:27:49 [/shop/shopping/load_payment_module.php] Array
(
    [0] => Array
        (
            [ACS] => 0
            [OrderID] => 946810-17092748
            [Forward] => 2S49631
            [Method] => 1
            [PayTimes] => 
            [Approve] => 0003395
            [TranID] => 2206170927602257210134170187
            [TranDate] => 20220617092749
            [CheckString] => c39db831d61b3ebe635d35c9177ef61d
        )

)
 from 165.225.96.127
2022/06/17 09:27:49 [/shop/shopping/load_payment_module.php] load_payment_module.php set payment data:Array
(
    [ACS] => 0
    [Forward] => 2S49631
    [Method] => 1
    [PayTimes] => 
    [Approve] => 0003395
    [TranID] => 2206170927602257210134170187
    [TranDate] => 20220617092749
    [CheckString] => c39db831d61b3ebe635d35c9177ef61d
    [Amount] => 4485
    [JobCd] => CAPTURE
    [action_status] => 3
    [pay_status] => 13
)
 from 165.225.96.127
2022/06/17 09:27:50 [/shop/user_data/pg_mulpay_recv.php] ******* receiveer data start ******* from 210.175.7.20
2022/06/17 09:27:50 [/shop/user_data/pg_mulpay_recv.php] Array
(
    [ShopID] => 9000034600950
    [ShopPass] => **********
    [AccessID] => 1a1bb313b5fa4820b6cf7b08e894978d
    [AccessPass] => ********************************
    [OrderID] => 946810-17092748
    [Status] => CAPTURE
    [JobCd] => CAPTURE
    [Amount] => 4485
    [Tax] => 0
    [Currency] => JPN
    [Forward] => 2S49631
    [Method] => 1
    [PayTimes] => 
    [TranID] => 2206170927602257210134170187
    [Approve] => 0003395
    [TranDate] => 20220617092749
    [ErrCode] => 
    [ErrInfo] => 
    [PayType] => 0
)
 from 210.175.7.20
2022/06/17 09:27:50 [/shop/user_data/pg_mulpay_recv.php] ******* receiveer data end ******* from 210.175.7.20
2022/06/17 09:27:55 [/shop/user_data/pg_mulpay_recv.php] update order status:1 order_id=946810 from 210.175.7.20
2022/06/17 09:27:55 [/shop/user_data/pg_mulpay_recv.php] pg_mulpay_recv.php set payment data:Array
(
    [ShopID] => 9000034600950
    [AccessID] => 1a1bb313b5fa4820b6cf7b08e894978d
    [OrderID] => 946810-17092748
    [Status] => CAPTURE
    [JobCd] => CAPTURE
    [Amount] => 4485
    [Tax] => 0
    [Currency] => JPN
    [Forward] => 2S49631
    [Method] => 1
    [PayTimes] => 
    [TranID] => 2206170927602257210134170187
    [Approve] => 0003395
    [TranDate] => 20220617092749
    [ErrCode] => 
    [ErrInfo] => 
    [PayType] => 0
    [CvsCode] => 
    [CvsConfNo] => 
    [CvsReceiptNo] => 
    [EdyReceiptNo] => 
    [EdyOrderNo] => 
    [SuicaReceiptNo] => 
    [SuicaOrderNo] => 
    [CustID] => 
    [BkCode] => 
    [ConfNo] => 
    [PaymentTerm] => 
    [EncryptReceiptNo] => 
    [FinishDate] => 
    [ReceiptDate] => 
    [WebMoneyManagementNo] => 
    [WebMoneySettleCode] => 
    [AuPayInfoNo] => 
    [AuPayMethod] => 
    [AuCancelAmount] => 
    [AuCancelTax] => 
    [DocomoSettlementCode] => 
    [DocomoCancelAmount] => 
    [DocomoCancelTax] => 
    [pay_status] => 13
)
 from 210.175.7.20
2022/06/17 09:27:55 [/shop/user_data/pg_mulpay_recv.php] response:true from 210.175.7.20
2022/06/17 11:35:17 [/shop/shopping/load_payment_module.php] SendRequest:https://p01.mul-pay.jp/payment/EntryTran.idPass from 14.13.64.32
2022/06/17 11:35:17 [/shop/shopping/load_payment_module.php] Array
(
    [ShopID] => 9000034600950
    [ShopPass] => ******
    [OrderID] => 946811-17113517
    [JobCd] => CAPTURE
    [Amount] => 4380
    [TdFlag] => 0
    [TdTenantName] => 
)
 from 14.13.64.32
2022/06/17 11:35:17 [/shop/shopping/load_payment_module.php] AccessID=7682a4c48be6d4047d4a3ea34825279f&AccessPass=287cb753ec027b35e5e125365afcff02 from 14.13.64.32
2022/06/17 11:35:17 [/shop/shopping/load_payment_module.php] Array
(
    [0] => Array
        (
            [AccessID] => 7682a4c48be6d4047d4a3ea34825279f
            [AccessPass] => 287cb753ec027b35e5e125365afcff02
        )

)
 from 14.13.64.32
2022/06/17 11:35:17 [/shop/shopping/load_payment_module.php] load_payment_module.php set payment data:Array
(
    [AccessID] => 7682a4c48be6d4047d4a3ea34825279f
    [AccessPass] => 287cb753ec027b35e5e125365afcff02
    [OrderID] => 946811-17113517
    [Amount] => 4380
    [JobCd] => CAPTURE
    [action_status] => 1
    [pay_status] => 0
)
 from 14.13.64.32
2022/06/17 11:35:17 [/shop/shopping/load_payment_module.php] SendRequest:https://p01.mul-pay.jp/payment/ExecTran.idPass from 14.13.64.32
2022/06/17 11:35:17 [/shop/shopping/load_payment_module.php] Array
(
    [AccessID] => 7682a4c48be6d4047d4a3ea34825279f
    [AccessPass] => 287cb753ec027b35e5e125365afcff02
    [OrderID] => 946811-17113517
    [Method] => 1
    [Token] => 106e522c86a549c79fbdfb41b7b678051a6ca25151d48eea39c60339dee898a1
    [ClientField1] => 
    [ClientField2] => 
    [ClientField3] => EC-CUBE4.3.35
)
 from 14.13.64.32
2022/06/17 11:35:18 [/shop/shopping/load_payment_module.php] ACS=0&OrderID=946811-17113517&Forward=2S49631&Method=1&PayTimes=&Approve=0367476&TranID=2206171135602257210134180201&TranDate=20220617113518&CheckString=d6fe99de1db23ae5b5a75b264f5edcee from 14.13.64.32
2022/06/17 11:35:18 [/shop/shopping/load_payment_module.php] Array
(
    [0] => Array
        (
            [ACS] => 0
            [OrderID] => 946811-17113517
            [Forward] => 2S49631
            [Method] => 1
            [PayTimes] => 
            [Approve] => 0367476
            [TranID] => 2206171135602257210134180201
            [TranDate] => 20220617113518
            [CheckString] => d6fe99de1db23ae5b5a75b264f5edcee
        )

)
 from 14.13.64.32
2022/06/17 11:35:18 [/shop/shopping/load_payment_module.php] load_payment_module.php set payment data:Array
(
    [ACS] => 0
    [Forward] => 2S49631
    [Method] => 1
    [PayTimes] => 
    [Approve] => 0367476
    [TranID] => 2206171135602257210134180201
    [TranDate] => 20220617113518
    [CheckString] => d6fe99de1db23ae5b5a75b264f5edcee
    [Amount] => 4380
    [JobCd] => CAPTURE
    [action_status] => 3
    [pay_status] => 13
)
 from 14.13.64.32
2022/06/17 11:35:18 [/shop/user_data/pg_mulpay_recv.php] ******* receiveer data start ******* from 210.175.7.20
2022/06/17 11:35:18 [/shop/user_data/pg_mulpay_recv.php] Array
(
    [ShopID] => 9000034600950
    [ShopPass] => **********
    [AccessID] => 7682a4c48be6d4047d4a3ea34825279f
    [AccessPass] => ********************************
    [OrderID] => 946811-17113517
    [Status] => CAPTURE
    [JobCd] => CAPTURE
    [Amount] => 4380
    [Tax] => 0
    [Currency] => JPN
    [Forward] => 2S49631
    [Method] => 1
    [PayTimes] => 
    [TranID] => 2206171135602257210134180201
    [Approve] => 0367476
    [TranDate] => 20220617113518
    [ErrCode] => 
    [ErrInfo] => 
    [PayType] => 0
)
 from 210.175.7.20
2022/06/17 11:35:18 [/shop/user_data/pg_mulpay_recv.php] ******* receiveer data end ******* from 210.175.7.20
2022/06/17 11:35:23 [/shop/user_data/pg_mulpay_recv.php] update order status:1 order_id=946811 from 210.175.7.20
2022/06/17 11:35:23 [/shop/user_data/pg_mulpay_recv.php] pg_mulpay_recv.php set payment data:Array
(
    [ShopID] => 9000034600950
    [AccessID] => 7682a4c48be6d4047d4a3ea34825279f
    [OrderID] => 946811-17113517
    [Status] => CAPTURE
    [JobCd] => CAPTURE
    [Amount] => 4380
    [Tax] => 0
    [Currency] => JPN
    [Forward] => 2S49631
    [Method] => 1
    [PayTimes] => 
    [TranID] => 2206171135602257210134180201
    [Approve] => 0367476
    [TranDate] => 20220617113518
    [ErrCode] => 
    [ErrInfo] => 
    [PayType] => 0
    [CvsCode] => 
    [CvsConfNo] => 
    [CvsReceiptNo] => 
    [EdyReceiptNo] => 
    [EdyOrderNo] => 
    [SuicaReceiptNo] => 
    [SuicaOrderNo] => 
    [CustID] => 
    [BkCode] => 
    [ConfNo] => 
    [PaymentTerm] => 
    [EncryptReceiptNo] => 
    [FinishDate] => 
    [ReceiptDate] => 
    [WebMoneyManagementNo] => 
    [WebMoneySettleCode] => 
    [AuPayInfoNo] => 
    [AuPayMethod] => 
    [AuCancelAmount] => 
    [AuCancelTax] => 
    [DocomoSettlementCode] => 
    [DocomoCancelAmount] => 
    [DocomoCancelTax] => 
    [pay_status] => 13
)
 from 210.175.7.20
2022/06/17 11:35:23 [/shop/user_data/pg_mulpay_recv.php] response:true from 210.175.7.20
2022/06/17 11:41:44 [/shop/shopping/load_payment_module.php] SendRequest:https://p01.mul-pay.jp/payment/SearchMember.idPass from 126.151.92.83
2022/06/17 11:41:44 [/shop/shopping/load_payment_module.php] Array
(
    [SiteID] => mst0000007602
    [SitePass] => ******
    [MemberID] => 10647
)
 from 126.151.92.83
2022/06/17 11:41:44 [/shop/shopping/load_payment_module.php] ErrCode=E01&ErrInfo=E01390002 from 126.151.92.83
2022/06/17 11:41:44 [/shop/shopping/load_payment_module.php] Array
(
    [0] => Array
        (
            [ErrCode] => E01
            [ErrInfo] => E01390002
        )

)
 from 126.151.92.83
2022/06/17 11:41:44 [/shop/shopping/load_payment_module.php] SendRequest:https://p01.mul-pay.jp/payment/SearchCard.idPass from 126.151.92.83
2022/06/17 11:41:44 [/shop/shopping/load_payment_module.php] Array
(
    [SiteID] => mst0000007602
    [SitePass] => ******
    [MemberID] => 10647
)
 from 126.151.92.83
2022/06/17 11:41:44 [/shop/shopping/load_payment_module.php] ErrCode=E01|E01&ErrInfo=E01390002|E01240002 from 126.151.92.83
2022/06/17 11:41:45 [/shop/shopping/load_payment_module.php] Array
(
    [0] => Array
        (
            [ErrCode] => E01
            [ErrInfo] => E01390002
        )

    [1] => Array
        (
            [ErrCode] => E01
            [ErrInfo] => E01240002
        )

)
 from 126.151.92.83
2022/06/17 11:41:57 [/shop/shopping/load_payment_module.php] SendRequest:https://p01.mul-pay.jp/payment/SearchMember.idPass from 126.151.92.83
2022/06/17 11:41:57 [/shop/shopping/load_payment_module.php] Array
(
    [SiteID] => mst0000007602
    [SitePass] => ******
    [MemberID] => 10647
)
 from 126.151.92.83
2022/06/17 11:41:57 [/shop/shopping/load_payment_module.php] ErrCode=E01&ErrInfo=E01390002 from 126.151.92.83
2022/06/17 11:41:57 [/shop/shopping/load_payment_module.php] Array
(
    [0] => Array
        (
            [ErrCode] => E01
            [ErrInfo] => E01390002
        )

)
 from 126.151.92.83
2022/06/17 11:41:57 [/shop/shopping/load_payment_module.php] SendRequest:https://p01.mul-pay.jp/payment/SearchCard.idPass from 126.151.92.83
2022/06/17 11:41:57 [/shop/shopping/load_payment_module.php] Array
(
    [SiteID] => mst0000007602
    [SitePass] => ******
    [MemberID] => 10647
)
 from 126.151.92.83
2022/06/17 11:41:57 [/shop/shopping/load_payment_module.php] ErrCode=E01|E01&ErrInfo=E01390002|E01240002 from 126.151.92.83
2022/06/17 11:41:57 [/shop/shopping/load_payment_module.php] Array
(
    [0] => Array
        (
            [ErrCode] => E01
            [ErrInfo] => E01390002
        )

    [1] => Array
        (
            [ErrCode] => E01
            [ErrInfo] => E01240002
        )

)
 from 126.151.92.83
2022/06/17 11:41:57 [/shop/shopping/load_payment_module.php] SendRequest:https://p01.mul-pay.jp/payment/EntryTran.idPass from 126.151.92.83
2022/06/17 11:41:57 [/shop/shopping/load_payment_module.php] Array
(
    [ShopID] => 9000034600950
    [ShopPass] => ******
    [OrderID] => 946812-17114157
    [JobCd] => CAPTURE
    [Amount] => 191
    [TdFlag] => 0
    [TdTenantName] => 
)
 from 126.151.92.83
2022/06/17 11:41:57 [/shop/shopping/load_payment_module.php] AccessID=0665e57cf3b0b5de53cfdffbcb0aa1b2&AccessPass=e3f94bbdb3208f23d684998a7f9dc826 from 126.151.92.83
2022/06/17 11:41:57 [/shop/shopping/load_payment_module.php] Array
(
    [0] => Array
        (
            [AccessID] => 0665e57cf3b0b5de53cfdffbcb0aa1b2
            [AccessPass] => e3f94bbdb3208f23d684998a7f9dc826
        )

)
 from 126.151.92.83
2022/06/17 11:41:57 [/shop/shopping/load_payment_module.php] load_payment_module.php set payment data:Array
(
    [AccessID] => 0665e57cf3b0b5de53cfdffbcb0aa1b2
    [AccessPass] => e3f94bbdb3208f23d684998a7f9dc826
    [OrderID] => 946812-17114157
    [Amount] => 191
    [JobCd] => CAPTURE
    [action_status] => 1
    [pay_status] => 0
)
 from 126.151.92.83
2022/06/17 11:41:57 [/shop/shopping/load_payment_module.php] SendRequest:https://p01.mul-pay.jp/payment/ExecTran.idPass from 126.151.92.83
2022/06/17 11:41:57 [/shop/shopping/load_payment_module.php] Array
(
    [AccessID] => 0665e57cf3b0b5de53cfdffbcb0aa1b2
    [AccessPass] => e3f94bbdb3208f23d684998a7f9dc826
    [OrderID] => 946812-17114157
    [Method] => 1
    [Token] => f25b66bfd1087d1f4201049fad8e4d50bef54dcab749a6e7d0e2081065e1288a
    [ClientField1] => 
    [ClientField2] => 
    [ClientField3] => EC-CUBE4.3.35
)
 from 126.151.92.83
2022/06/17 11:41:59 [/shop/shopping/load_payment_module.php] ACS=0&OrderID=946812-17114157&Forward=2959876&Method=1&PayTimes=&Approve=0746769&TranID=2206171141602257210134150187&TranDate=20220617114159&CheckString=4640374cea098b1af7b8a5a7d17c2d80 from 126.151.92.83
2022/06/17 11:41:59 [/shop/shopping/load_payment_module.php] Array
(
    [0] => Array
        (
            [ACS] => 0
            [OrderID] => 946812-17114157
            [Forward] => 2959876
            [Method] => 1
            [PayTimes] => 
            [Approve] => 0746769
            [TranID] => 2206171141602257210134150187
            [TranDate] => 20220617114159
            [CheckString] => 4640374cea098b1af7b8a5a7d17c2d80
        )

)
 from 126.151.92.83
2022/06/17 11:41:59 [/shop/shopping/load_payment_module.php] load_payment_module.php set payment data:Array
(
    [ACS] => 0
    [Forward] => 2959876
    [Method] => 1
    [PayTimes] => 
    [Approve] => 0746769
    [TranID] => 2206171141602257210134150187
    [TranDate] => 20220617114159
    [CheckString] => 4640374cea098b1af7b8a5a7d17c2d80
    [Amount] => 191
    [JobCd] => CAPTURE
    [action_status] => 3
    [pay_status] => 13
)
 from 126.151.92.83
2022/06/17 11:41:59 [/shop/user_data/pg_mulpay_recv.php] ******* receiveer data start ******* from 210.175.7.20
2022/06/17 11:41:59 [/shop/user_data/pg_mulpay_recv.php] Array
(
    [ShopID] => 9000034600950
    [ShopPass] => **********
    [AccessID] => 0665e57cf3b0b5de53cfdffbcb0aa1b2
    [AccessPass] => ********************************
    [OrderID] => 946812-17114157
    [Status] => CAPTURE
    [JobCd] => CAPTURE
    [Amount] => 191
    [Tax] => 0
    [Currency] => JPN
    [Forward] => 2959876
    [Method] => 1
    [PayTimes] => 
    [TranID] => 2206171141602257210134150187
    [Approve] => 0746769
    [TranDate] => 20220617114159
    [ErrCode] => 
    [ErrInfo] => 
    [PayType] => 0
)
 from 210.175.7.20
2022/06/17 11:41:59 [/shop/user_data/pg_mulpay_recv.php] ******* receiveer data end ******* from 210.175.7.20
2022/06/17 11:42:04 [/shop/user_data/pg_mulpay_recv.php] update order status:1 order_id=946812 from 210.175.7.20
2022/06/17 11:42:04 [/shop/user_data/pg_mulpay_recv.php] pg_mulpay_recv.php set payment data:Array
(
    [ShopID] => 9000034600950
    [AccessID] => 0665e57cf3b0b5de53cfdffbcb0aa1b2
    [OrderID] => 946812-17114157
    [Status] => CAPTURE
    [JobCd] => CAPTURE
    [Amount] => 191
    [Tax] => 0
    [Currency] => JPN
    [Forward] => 2959876
    [Method] => 1
    [PayTimes] => 
    [TranID] => 2206171141602257210134150187
    [Approve] => 0746769
    [TranDate] => 20220617114159
    [ErrCode] => 
    [ErrInfo] => 
    [PayType] => 0
    [CvsCode] => 
    [CvsConfNo] => 
    [CvsReceiptNo] => 
    [EdyReceiptNo] => 
    [EdyOrderNo] => 
    [SuicaReceiptNo] => 
    [SuicaOrderNo] => 
    [CustID] => 
    [BkCode] => 
    [ConfNo] => 
    [PaymentTerm] => 
    [EncryptReceiptNo] => 
    [FinishDate] => 
    [ReceiptDate] => 
    [WebMoneyManagementNo] => 
    [WebMoneySettleCode] => 
    [AuPayInfoNo] => 
    [AuPayMethod] => 
    [AuCancelAmount] => 
    [AuCancelTax] => 
    [DocomoSettlementCode] => 
    [DocomoCancelAmount] => 
    [DocomoCancelTax] => 
    [pay_status] => 13
)
 from 210.175.7.20
2022/06/17 11:42:04 [/shop/user_data/pg_mulpay_recv.php] response:true from 210.175.7.20
2022/06/17 11:45:07 [/shop/shopping/load_payment_module.php] SendRequest:https://p01.mul-pay.jp/payment/EntryTran.idPass from 14.13.64.32
2022/06/17 11:45:07 [/shop/shopping/load_payment_module.php] Array
(
    [ShopID] => 9000034600950
    [ShopPass] => ******
    [OrderID] => 946813-17114507
    [JobCd] => CAPTURE
    [Amount] => 4380
    [TdFlag] => 0
    [TdTenantName] => 
)
 from 14.13.64.32
2022/06/17 11:45:07 [/shop/shopping/load_payment_module.php] AccessID=dc704d5fc62579b94d2821eaa2891a90&AccessPass=67573200ce0af80ca345bcf4d1cd16c6 from 14.13.64.32
2022/06/17 11:45:07 [/shop/shopping/load_payment_module.php] Array
(
    [0] => Array
        (
            [AccessID] => dc704d5fc62579b94d2821eaa2891a90
            [AccessPass] => 67573200ce0af80ca345bcf4d1cd16c6
        )

)
 from 14.13.64.32
2022/06/17 11:45:07 [/shop/shopping/load_payment_module.php] load_payment_module.php set payment data:Array
(
    [AccessID] => dc704d5fc62579b94d2821eaa2891a90
    [AccessPass] => 67573200ce0af80ca345bcf4d1cd16c6
    [OrderID] => 946813-17114507
    [Amount] => 4380
    [JobCd] => CAPTURE
    [action_status] => 1
    [pay_status] => 0
)
 from 14.13.64.32
2022/06/17 11:45:07 [/shop/shopping/load_payment_module.php] SendRequest:https://p01.mul-pay.jp/payment/ExecTran.idPass from 14.13.64.32
2022/06/17 11:45:07 [/shop/shopping/load_payment_module.php] Array
(
    [AccessID] => dc704d5fc62579b94d2821eaa2891a90
    [AccessPass] => 67573200ce0af80ca345bcf4d1cd16c6
    [OrderID] => 946813-17114507
    [Method] => 1
    [Token] => 76dacab961b73b7a29a3258c2db28871c4725e2966920620f225b3ecbdafef04
    [ClientField1] => 
    [ClientField2] => 
    [ClientField3] => EC-CUBE4.3.35
)
 from 14.13.64.32
2022/06/17 11:45:07 [/shop/shopping/load_payment_module.php] ErrCode=E41&ErrInfo=E41170099 from 14.13.64.32
2022/06/17 11:45:07 [/shop/shopping/load_payment_module.php] Array
(
    [0] => Array
        (
            [ErrCode] => E41
            [ErrInfo] => E41170099
        )

)
 from 14.13.64.32
2022/06/17 11:45:07 [/shop/shopping/load_payment_module.php] load_payment_module.php set payment data:Array
(
    [request_error] => Array
        (
            [0] => カード番号に誤りがあります。再度確認して入力して下さい。 (E41-E41170099)
        )

    [Amount] => 4380
    [JobCd] => CAPTURE
    [action_status] => 3
)
 from 14.13.64.32
2022/06/17 11:45:07 [/shop/user_data/pg_mulpay_recv.php] ******* receiveer data start ******* from 210.175.7.20
2022/06/17 11:45:07 [/shop/user_data/pg_mulpay_recv.php] Array
(
    [ShopID] => 9000034600950
    [ShopPass] => **********
    [AccessID] => dc704d5fc62579b94d2821eaa2891a90
    [AccessPass] => ********************************
    [OrderID] => 946813-17114507
    [Status] => UNPROCESSED
    [JobCd] => CAPTURE
    [Amount] => 4380
    [Tax] => 0
    [Currency] => JPN
    [Forward] => 2S49631
    [Method] => 1
    [PayTimes] => 
    [TranID] => 2206171145602257210134180202
    [Approve] =>        
    [TranDate] => 20220617114507
    [ErrCode] => E41
    [ErrInfo] => E41170099
    [PayType] => 0
)
 from 210.175.7.20
2022/06/17 11:45:07 [/shop/user_data/pg_mulpay_recv.php] ******* receiveer data end ******* from 210.175.7.20
2022/06/17 11:45:07 [/shop/user_data/pg_mulpay_recv.php] pg_mulpay_recv.php set payment data:Array
(
    [ShopID] => 9000034600950
    [AccessID] => dc704d5fc62579b94d2821eaa2891a90
    [OrderID] => 946813-17114507
    [Status] => UNPROCESSED
    [JobCd] => CAPTURE
    [Amount] => 4380
    [Tax] => 0
    [Currency] => JPN
    [Forward] => 2S49631
    [Method] => 1
    [PayTimes] => 
    [TranID] => 2206171145602257210134180202
    [Approve] => 
    [TranDate] => 20220617114507
    [ErrCode] => E41
    [ErrInfo] => E41170099
    [PayType] => 0
    [CvsCode] => 
    [CvsConfNo] => 
    [CvsReceiptNo] => 
    [EdyReceiptNo] => 
    [EdyOrderNo] => 
    [SuicaReceiptNo] => 
    [SuicaOrderNo] => 
    [CustID] => 
    [BkCode] => 
    [ConfNo] => 
    [PaymentTerm] => 
    [EncryptReceiptNo] => 
    [FinishDate] => 
    [ReceiptDate] => 
    [WebMoneyManagementNo] => 
    [WebMoneySettleCode] => 
    [AuPayInfoNo] => 
    [AuPayMethod] => 
    [AuCancelAmount] => 
    [AuCancelTax] => 
    [DocomoSettlementCode] => 
    [DocomoCancelAmount] => 
    [DocomoCancelTax] => 
    [pay_status] => 0
)
 from 210.175.7.20
2022/06/17 11:45:07 [/shop/user_data/pg_mulpay_recv.php] response:true from 210.175.7.20
2022/06/17 11:45:53 [/shop/master/order/edit.php] SendRequest:https://p01.mul-pay.jp/payment/AlterTran.idPass from 114.160.216.147
2022/06/17 11:45:53 [/shop/master/order/edit.php] Array
(
    [ShopID] => 9000034600950
    [ShopPass] => ******
    [AccessID] => e108aadbc67a7a0f30529cff5aeeb347
    [AccessPass] => 925737621ec1d48eee35fc8740b89cb6
    [JobCd] => RETURN
)
 from 114.160.216.147
2022/06/17 11:45:54 [/shop/master/order/edit.php] AccessID=e108aadbc67a7a0f30529cff5aeeb347&AccessPass=925737621ec1d48eee35fc8740b89cb6&Forward=2S49631&Approve=0017872&TranID=2206171145602257210134160194&TranDate=20220617114554 from 114.160.216.147
2022/06/17 11:45:54 [/shop/master/order/edit.php] Array
(
    [0] => Array
        (
            [AccessID] => e108aadbc67a7a0f30529cff5aeeb347
            [AccessPass] => 925737621ec1d48eee35fc8740b89cb6
            [Forward] => 2S49631
            [Approve] => 0017872
            [TranID] => 2206171145602257210134160194
            [TranDate] => 20220617114554
        )

)
 from 114.160.216.147
2022/06/17 11:45:54 [/shop/master/order/edit.php] edit.php set payment data:Array
(
    [AccessID] => e108aadbc67a7a0f30529cff5aeeb347
    [AccessPass] => 925737621ec1d48eee35fc8740b89cb6
    [Forward] => 2S49631
    [Approve] => 0017872
    [TranID] => 2206171145602257210134160194
    [TranDate] => 20220617114554
    [JobCd] => RETURN
    [action_status] => 6
    [pay_status] => 15
)
 from 114.160.216.147
2022/06/17 11:45:54 [/shop/user_data/pg_mulpay_recv.php] ******* receiveer data start ******* from 210.175.7.20
2022/06/17 11:45:54 [/shop/user_data/pg_mulpay_recv.php] Array
(
    [ShopID] => 9000034600950
    [ShopPass] => **********
    [AccessID] => e108aadbc67a7a0f30529cff5aeeb347
    [AccessPass] => ********************************
    [OrderID] => 946800-15181926
    [Status] => RETURN
    [JobCd] => RETURN
    [Amount] => 3990
    [Tax] => 0
    [Currency] => JPN
    [Forward] => 2S49631
    [Method] => 1
    [PayTimes] => 
    [TranID] => 2206171145602257210134160194
    [Approve] => 0017872
    [TranDate] => 20220617114554
    [ErrCode] => 
    [ErrInfo] => 
    [PayType] => 0
)
 from 210.175.7.20
2022/06/17 11:45:54 [/shop/user_data/pg_mulpay_recv.php] ******* receiveer data end ******* from 210.175.7.20
2022/06/17 11:45:54 [/shop/user_data/pg_mulpay_recv.php] pg_mulpay_recv.php set payment data:Array
(
    [ShopID] => 9000034600950
    [AccessID] => e108aadbc67a7a0f30529cff5aeeb347
    [OrderID] => 946800-15181926
    [Status] => RETURN
    [JobCd] => RETURN
    [Amount] => 3990
    [Tax] => 0
    [Currency] => JPN
    [Forward] => 2S49631
    [Method] => 1
    [PayTimes] => 
    [TranID] => 2206171145602257210134160194
    [Approve] => 0017872
    [TranDate] => 20220617114554
    [ErrCode] => 
    [ErrInfo] => 
    [PayType] => 0
    [CvsCode] => 
    [CvsConfNo] => 
    [CvsReceiptNo] => 
    [EdyReceiptNo] => 
    [EdyOrderNo] => 
    [SuicaReceiptNo] => 
    [SuicaOrderNo] => 
    [CustID] => 
    [BkCode] => 
    [ConfNo] => 
    [PaymentTerm] => 
    [EncryptReceiptNo] => 
    [FinishDate] => 
    [ReceiptDate] => 
    [WebMoneyManagementNo] => 
    [WebMoneySettleCode] => 
    [AuPayInfoNo] => 
    [AuPayMethod] => 
    [AuCancelAmount] => 
    [AuCancelTax] => 
    [DocomoSettlementCode] => 
    [DocomoCancelAmount] => 
    [DocomoCancelTax] => 
    [pay_status] => 15
)
 from 210.175.7.20
2022/06/17 11:45:54 [/shop/user_data/pg_mulpay_recv.php] response:true from 210.175.7.20
2022/06/17 11:46:09 [/shop/shopping/load_payment_module.php] SendRequest:https://p01.mul-pay.jp/payment/ExecTran.idPass from 14.13.64.32
2022/06/17 11:46:09 [/shop/shopping/load_payment_module.php] Array
(
    [AccessID] => dc704d5fc62579b94d2821eaa2891a90
    [AccessPass] => 67573200ce0af80ca345bcf4d1cd16c6
    [OrderID] => 946813-17114507
    [Method] => 1
    [PayTimes] => 
    [Token] => 778a145734f7dc4ae43fdde998e1fd0591c9a899f1f8ba0c07075e3933638458
    [ClientField1] => 
    [ClientField2] => 
    [ClientField3] => EC-CUBE4.3.35
)
 from 14.13.64.32
2022/06/17 11:46:10 [/shop/shopping/load_payment_module.php] ACS=0&OrderID=946813-17114507&Forward=2S49631&Method=1&PayTimes=&Approve=0535328&TranID=2206171146602257210134150188&TranDate=20220617114610&CheckString=33f02e41981df040c949389b7a3381ae from 14.13.64.32
2022/06/17 11:46:10 [/shop/shopping/load_payment_module.php] Array
(
    [0] => Array
        (
            [ACS] => 0
            [OrderID] => 946813-17114507
            [Forward] => 2S49631
            [Method] => 1
            [PayTimes] => 
            [Approve] => 0535328
            [TranID] => 2206171146602257210134150188
            [TranDate] => 20220617114610
            [CheckString] => 33f02e41981df040c949389b7a3381ae
        )

)
 from 14.13.64.32
2022/06/17 11:46:10 [/shop/shopping/load_payment_module.php] load_payment_module.php set payment data:Array
(
    [ACS] => 0
    [Forward] => 2S49631
    [Method] => 1
    [PayTimes] => 
    [Approve] => 0535328
    [TranID] => 2206171146602257210134150188
    [TranDate] => 20220617114610
    [CheckString] => 33f02e41981df040c949389b7a3381ae
    [Amount] => 4380
    [JobCd] => CAPTURE
    [action_status] => 3
    [pay_status] => 13
)
 from 14.13.64.32
2022/06/17 11:46:10 [/shop/user_data/pg_mulpay_recv.php] ******* receiveer data start ******* from 210.175.7.20
2022/06/17 11:46:10 [/shop/user_data/pg_mulpay_recv.php] Array
(
    [ShopID] => 9000034600950
    [ShopPass] => **********
    [AccessID] => dc704d5fc62579b94d2821eaa2891a90
    [AccessPass] => ********************************
    [OrderID] => 946813-17114507
    [Status] => CAPTURE
    [JobCd] => CAPTURE
    [Amount] => 4380
    [Tax] => 0
    [Currency] => JPN
    [Forward] => 2S49631
    [Method] => 1
    [PayTimes] => 
    [TranID] => 2206171146602257210134150188
    [Approve] => 0535328
    [TranDate] => 20220617114610
    [ErrCode] => 
    [ErrInfo] => 
    [PayType] => 0
)
 from 210.175.7.20
2022/06/17 11:46:10 [/shop/user_data/pg_mulpay_recv.php] ******* receiveer data end ******* from 210.175.7.20
2022/06/17 11:46:15 [/shop/user_data/pg_mulpay_recv.php] update order status:1 order_id=946813 from 210.175.7.20
2022/06/17 11:46:15 [/shop/user_data/pg_mulpay_recv.php] pg_mulpay_recv.php set payment data:Array
(
    [ShopID] => 9000034600950
    [AccessID] => dc704d5fc62579b94d2821eaa2891a90
    [OrderID] => 946813-17114507
    [Status] => CAPTURE
    [JobCd] => CAPTURE
    [Amount] => 4380
    [Tax] => 0
    [Currency] => JPN
    [Forward] => 2S49631
    [Method] => 1
    [PayTimes] => 
    [TranID] => 2206171146602257210134150188
    [Approve] => 0535328
    [TranDate] => 20220617114610
    [PayType] => 0
    [CvsCode] => 
    [CvsConfNo] => 
    [CvsReceiptNo] => 
    [EdyReceiptNo] => 
    [EdyOrderNo] => 
    [SuicaReceiptNo] => 
    [SuicaOrderNo] => 
    [CustID] => 
    [BkCode] => 
    [ConfNo] => 
    [PaymentTerm] => 
    [EncryptReceiptNo] => 
    [FinishDate] => 
    [ReceiptDate] => 
    [WebMoneyManagementNo] => 
    [WebMoneySettleCode] => 
    [AuPayInfoNo] => 
    [AuPayMethod] => 
    [AuCancelAmount] => 
    [AuCancelTax] => 
    [DocomoSettlementCode] => 
    [DocomoCancelAmount] => 
    [DocomoCancelTax] => 
    [pay_status] => 13
)
 from 210.175.7.20
2022/06/17 11:46:15 [/shop/user_data/pg_mulpay_recv.php] response:true from 210.175.7.20
2022/06/17 12:54:07 [/shop/shopping/load_payment_module.php] SendRequest:https://p01.mul-pay.jp/payment/EntryTran.idPass from 23.81.114.206
2022/06/17 12:54:07 [/shop/shopping/load_payment_module.php] Array
(
    [ShopID] => 9000034600950
    [ShopPass] => ******
    [OrderID] => 946814-17125407
    [JobCd] => CAPTURE
    [Amount] => 11250
    [TdFlag] => 0
    [TdTenantName] => 
)
 from 23.81.114.206
2022/06/17 12:54:08 [/shop/shopping/load_payment_module.php] AccessID=1d5d0cc2b7b4aa003f8d91cfaa8c427b&AccessPass=1f22d206696d9744b4e2e1752d603561 from 23.81.114.206
2022/06/17 12:54:08 [/shop/shopping/load_payment_module.php] Array
(
    [0] => Array
        (
            [AccessID] => 1d5d0cc2b7b4aa003f8d91cfaa8c427b
            [AccessPass] => 1f22d206696d9744b4e2e1752d603561
        )

)
 from 23.81.114.206
2022/06/17 12:54:08 [/shop/shopping/load_payment_module.php] load_payment_module.php set payment data:Array
(
    [AccessID] => 1d5d0cc2b7b4aa003f8d91cfaa8c427b
    [AccessPass] => 1f22d206696d9744b4e2e1752d603561
    [OrderID] => 946814-17125407
    [Amount] => 11250
    [JobCd] => CAPTURE
    [action_status] => 1
    [pay_status] => 0
)
 from 23.81.114.206
2022/06/17 12:54:08 [/shop/shopping/load_payment_module.php] SendRequest:https://p01.mul-pay.jp/payment/ExecTran.idPass from 23.81.114.206
2022/06/17 12:54:08 [/shop/shopping/load_payment_module.php] Array
(
    [AccessID] => 1d5d0cc2b7b4aa003f8d91cfaa8c427b
    [AccessPass] => 1f22d206696d9744b4e2e1752d603561
    [OrderID] => 946814-17125407
    [Method] => 1
    [Token] => beab67c9388e27af23dc8e942f5be2ad1f76174c2d9904f31230b1986986a0aa
    [ClientField1] => 
    [ClientField2] => 
    [ClientField3] => EC-CUBE4.3.35
)
 from 23.81.114.206
2022/06/17 12:54:08 [/shop/shopping/load_payment_module.php] ACS=0&OrderID=946814-17125407&Forward=2S49631&Method=1&PayTimes=&Approve=0694324&TranID=2206171254602257210134150189&TranDate=20220617125408&CheckString=db42745387df09a728ac6f539f5ecd8d from 23.81.114.206
2022/06/17 12:54:08 [/shop/shopping/load_payment_module.php] Array
(
    [0] => Array
        (
            [ACS] => 0
            [OrderID] => 946814-17125407
            [Forward] => 2S49631
            [Method] => 1
            [PayTimes] => 
            [Approve] => 0694324
            [TranID] => 2206171254602257210134150189
            [TranDate] => 20220617125408
            [CheckString] => db42745387df09a728ac6f539f5ecd8d
        )

)
 from 23.81.114.206
2022/06/17 12:54:08 [/shop/shopping/load_payment_module.php] load_payment_module.php set payment data:Array
(
    [ACS] => 0
    [Forward] => 2S49631
    [Method] => 1
    [PayTimes] => 
    [Approve] => 0694324
    [TranID] => 2206171254602257210134150189
    [TranDate] => 20220617125408
    [CheckString] => db42745387df09a728ac6f539f5ecd8d
    [Amount] => 11250
    [JobCd] => CAPTURE
    [action_status] => 3
    [pay_status] => 13
)
 from 23.81.114.206
2022/06/17 12:54:08 [/shop/user_data/pg_mulpay_recv.php] ******* receiveer data start ******* from 210.175.7.20
2022/06/17 12:54:08 [/shop/user_data/pg_mulpay_recv.php] Array
(
    [ShopID] => 9000034600950
    [ShopPass] => **********
    [AccessID] => 1d5d0cc2b7b4aa003f8d91cfaa8c427b
    [AccessPass] => ********************************
    [OrderID] => 946814-17125407
    [Status] => CAPTURE
    [JobCd] => CAPTURE
    [Amount] => 11250
    [Tax] => 0
    [Currency] => JPN
    [Forward] => 2S49631
    [Method] => 1
    [PayTimes] => 
    [TranID] => 2206171254602257210134150189
    [Approve] => 0694324
    [TranDate] => 20220617125408
    [ErrCode] => 
    [ErrInfo] => 
    [PayType] => 0
)
 from 210.175.7.20
2022/06/17 12:54:08 [/shop/user_data/pg_mulpay_recv.php] ******* receiveer data end ******* from 210.175.7.20
2022/06/17 12:54:13 [/shop/user_data/pg_mulpay_recv.php] update order status:1 order_id=946814 from 210.175.7.20
2022/06/17 12:54:13 [/shop/user_data/pg_mulpay_recv.php] pg_mulpay_recv.php set payment data:Array
(
    [ShopID] => 9000034600950
    [AccessID] => 1d5d0cc2b7b4aa003f8d91cfaa8c427b
    [OrderID] => 946814-17125407
    [Status] => CAPTURE
    [JobCd] => CAPTURE
    [Amount] => 11250
    [Tax] => 0
    [Currency] => JPN
    [Forward] => 2S49631
    [Method] => 1
    [PayTimes] => 
    [TranID] => 2206171254602257210134150189
    [Approve] => 0694324
    [TranDate] => 20220617125408
    [ErrCode] => 
    [ErrInfo] => 
    [PayType] => 0
    [CvsCode] => 
    [CvsConfNo] => 
    [CvsReceiptNo] => 
    [EdyReceiptNo] => 
    [EdyOrderNo] => 
    [SuicaReceiptNo] => 
    [SuicaOrderNo] => 
    [CustID] => 
    [BkCode] => 
    [ConfNo] => 
    [PaymentTerm] => 
    [EncryptReceiptNo] => 
    [FinishDate] => 
    [ReceiptDate] => 
    [WebMoneyManagementNo] => 
    [WebMoneySettleCode] => 
    [AuPayInfoNo] => 
    [AuPayMethod] => 
    [AuCancelAmount] => 
    [AuCancelTax] => 
    [DocomoSettlementCode] => 
    [DocomoCancelAmount] => 
    [DocomoCancelTax] => 
    [pay_status] => 13
)
 from 210.175.7.20
2022/06/17 12:54:13 [/shop/user_data/pg_mulpay_recv.php] response:true from 210.175.7.20
2022/06/17 17:16:11 [/shop/shopping/load_payment_module.php] SendRequest:https://p01.mul-pay.jp/payment/SearchMember.idPass from 212.10.232.81
2022/06/17 17:16:11 [/shop/shopping/load_payment_module.php] Array
(
    [SiteID] => mst0000007602
    [SitePass] => ******
    [MemberID] => 8515
)
 from 212.10.232.81
2022/06/17 17:16:11 [/shop/shopping/load_payment_module.php] MemberID=8515&MemberName=r5c5abe45d1ab7xZPEg2dH&DeleteFlag=0 from 212.10.232.81
2022/06/17 17:16:11 [/shop/shopping/load_payment_module.php] Array
(
    [0] => Array
        (
            [MemberID] => 8515
            [MemberName] => r5c5abe45d1ab7xZPEg2dH
            [DeleteFlag] => 0
        )

)
 from 212.10.232.81
2022/06/17 17:16:11 [/shop/shopping/load_payment_module.php] SendRequest:https://p01.mul-pay.jp/payment/SearchCard.idPass from 212.10.232.81
2022/06/17 17:16:11 [/shop/shopping/load_payment_module.php] Array
(
    [SiteID] => mst0000007602
    [SitePass] => ******
    [MemberID] => 8515
)
 from 212.10.232.81
2022/06/17 17:16:11 [/shop/shopping/load_payment_module.php] ErrCode=E01&ErrInfo=E01240002 from 212.10.232.81
2022/06/17 17:16:11 [/shop/shopping/load_payment_module.php] Array
(
    [0] => Array
        (
            [ErrCode] => E01
            [ErrInfo] => E01240002
        )

)
 from 212.10.232.81
2022/06/17 17:17:17 [/shop/shopping/load_payment_module.php] SendRequest:https://p01.mul-pay.jp/payment/SearchMember.idPass from 212.10.232.81
2022/06/17 17:17:17 [/shop/shopping/load_payment_module.php] Array
(
    [SiteID] => mst0000007602
    [SitePass] => ******
    [MemberID] => 8515
)
 from 212.10.232.81
2022/06/17 17:17:17 [/shop/shopping/load_payment_module.php] MemberID=8515&MemberName=r5c5abe45d1ab7xZPEg2dH&DeleteFlag=0 from 212.10.232.81
2022/06/17 17:17:17 [/shop/shopping/load_payment_module.php] Array
(
    [0] => Array
        (
            [MemberID] => 8515
            [MemberName] => r5c5abe45d1ab7xZPEg2dH
            [DeleteFlag] => 0
        )

)
 from 212.10.232.81
2022/06/17 17:17:17 [/shop/shopping/load_payment_module.php] SendRequest:https://p01.mul-pay.jp/payment/SearchCard.idPass from 212.10.232.81
2022/06/17 17:17:17 [/shop/shopping/load_payment_module.php] Array
(
    [SiteID] => mst0000007602
    [SitePass] => ******
    [MemberID] => 8515
)
 from 212.10.232.81
2022/06/17 17:17:17 [/shop/shopping/load_payment_module.php] ErrCode=E01&ErrInfo=E01240002 from 212.10.232.81
2022/06/17 17:17:17 [/shop/shopping/load_payment_module.php] Array
(
    [0] => Array
        (
            [ErrCode] => E01
            [ErrInfo] => E01240002
        )

)
 from 212.10.232.81
2022/06/17 17:17:17 [/shop/shopping/load_payment_module.php] SendRequest:https://p01.mul-pay.jp/payment/EntryTran.idPass from 212.10.232.81
2022/06/17 17:17:17 [/shop/shopping/load_payment_module.php] Array
(
    [ShopID] => 9000034600950
    [ShopPass] => ******
    [OrderID] => 946815-17171717
    [JobCd] => CAPTURE
    [Amount] => 24950
    [TdFlag] => 0
    [TdTenantName] => 
)
 from 212.10.232.81
2022/06/17 17:17:17 [/shop/shopping/load_payment_module.php] AccessID=e1736f457459a1ef5d343037f2c9ddd8&AccessPass=54e6bf6321e62e4a5e972bdf131910db from 212.10.232.81
2022/06/17 17:17:17 [/shop/shopping/load_payment_module.php] Array
(
    [0] => Array
        (
            [AccessID] => e1736f457459a1ef5d343037f2c9ddd8
            [AccessPass] => 54e6bf6321e62e4a5e972bdf131910db
        )

)
 from 212.10.232.81
2022/06/17 17:17:17 [/shop/shopping/load_payment_module.php] load_payment_module.php set payment data:Array
(
    [AccessID] => e1736f457459a1ef5d343037f2c9ddd8
    [AccessPass] => 54e6bf6321e62e4a5e972bdf131910db
    [OrderID] => 946815-17171717
    [Amount] => 24950
    [JobCd] => CAPTURE
    [action_status] => 1
    [pay_status] => 0
)
 from 212.10.232.81
2022/06/17 17:17:17 [/shop/shopping/load_payment_module.php] SendRequest:https://p01.mul-pay.jp/payment/ExecTran.idPass from 212.10.232.81
2022/06/17 17:17:17 [/shop/shopping/load_payment_module.php] Array
(
    [AccessID] => e1736f457459a1ef5d343037f2c9ddd8
    [AccessPass] => 54e6bf6321e62e4a5e972bdf131910db
    [OrderID] => 946815-17171717
    [Method] => 1
    [Token] => 56f65f9396d32bd818cdf47deb4588e203a7bf3a08b65b390efb7ee7222a93ba
    [ClientField1] => 
    [ClientField2] => 
    [ClientField3] => EC-CUBE4.3.35
)
 from 212.10.232.81
2022/06/17 17:17:18 [/shop/shopping/load_payment_module.php] ACS=0&OrderID=946815-17171717&Forward=2959876&Method=1&PayTimes=&Approve=0101717&TranID=2206171717602257210134170188&TranDate=20220617171718&CheckString=2b14379daa27d25f93cfab009ea0a8fc from 212.10.232.81
2022/06/17 17:17:18 [/shop/shopping/load_payment_module.php] Array
(
    [0] => Array
        (
            [ACS] => 0
            [OrderID] => 946815-17171717
            [Forward] => 2959876
            [Method] => 1
            [PayTimes] => 
            [Approve] => 0101717
            [TranID] => 2206171717602257210134170188
            [TranDate] => 20220617171718
            [CheckString] => 2b14379daa27d25f93cfab009ea0a8fc
        )

)
 from 212.10.232.81
2022/06/17 17:17:18 [/shop/shopping/load_payment_module.php] load_payment_module.php set payment data:Array
(
    [ACS] => 0
    [Forward] => 2959876
    [Method] => 1
    [PayTimes] => 
    [Approve] => 0101717
    [TranID] => 2206171717602257210134170188
    [TranDate] => 20220617171718
    [CheckString] => 2b14379daa27d25f93cfab009ea0a8fc
    [Amount] => 24950
    [JobCd] => CAPTURE
    [action_status] => 3
    [pay_status] => 13
)
 from 212.10.232.81
2022/06/17 17:17:18 [/shop/user_data/pg_mulpay_recv.php] ******* receiveer data start ******* from 210.175.7.20
2022/06/17 17:17:18 [/shop/user_data/pg_mulpay_recv.php] Array
(
    [ShopID] => 9000034600950
    [ShopPass] => **********
    [AccessID] => e1736f457459a1ef5d343037f2c9ddd8
    [AccessPass] => ********************************
    [OrderID] => 946815-17171717
    [Status] => CAPTURE
    [JobCd] => CAPTURE
    [Amount] => 24950
    [Tax] => 0
    [Currency] => JPN
    [Forward] => 2959876
    [Method] => 1
    [PayTimes] => 
    [TranID] => 2206171717602257210134170188
    [Approve] => 0101717
    [TranDate] => 20220617171718
    [ErrCode] => 
    [ErrInfo] => 
    [PayType] => 0
)
 from 210.175.7.20
2022/06/17 17:17:18 [/shop/user_data/pg_mulpay_recv.php] ******* receiveer data end ******* from 210.175.7.20
2022/06/17 17:17:23 [/shop/user_data/pg_mulpay_recv.php] update order status:1 order_id=946815 from 210.175.7.20
2022/06/17 17:17:23 [/shop/user_data/pg_mulpay_recv.php] pg_mulpay_recv.php set payment data:Array
(
    [ShopID] => 9000034600950
    [AccessID] => e1736f457459a1ef5d343037f2c9ddd8
    [OrderID] => 946815-17171717
    [Status] => CAPTURE
    [JobCd] => CAPTURE
    [Amount] => 24950
    [Tax] => 0
    [Currency] => JPN
    [Forward] => 2959876
    [Method] => 1
    [PayTimes] => 
    [TranID] => 2206171717602257210134170188
    [Approve] => 0101717
    [TranDate] => 20220617171718
    [ErrCode] => 
    [ErrInfo] => 
    [PayType] => 0
    [CvsCode] => 
    [CvsConfNo] => 
    [CvsReceiptNo] => 
    [EdyReceiptNo] => 
    [EdyOrderNo] => 
    [SuicaReceiptNo] => 
    [SuicaOrderNo] => 
    [CustID] => 
    [BkCode] => 
    [ConfNo] => 
    [PaymentTerm] => 
    [EncryptReceiptNo] => 
    [FinishDate] => 
    [ReceiptDate] => 
    [WebMoneyManagementNo] => 
    [WebMoneySettleCode] => 
    [AuPayInfoNo] => 
    [AuPayMethod] => 
    [AuCancelAmount] => 
    [AuCancelTax] => 
    [DocomoSettlementCode] => 
    [DocomoCancelAmount] => 
    [DocomoCancelTax] => 
    [pay_status] => 13
)
 from 210.175.7.20
2022/06/17 17:17:23 [/shop/user_data/pg_mulpay_recv.php] response:true from 210.175.7.20
2022/06/17 23:37:42 [/shop/mypage/change_card.php] SendRequest:https://p01.mul-pay.jp/payment/SearchMember.idPass from 93.48.159.214
2022/06/17 23:37:42 [/shop/mypage/change_card.php] Array
(
    [SiteID] => mst0000007602
    [SitePass] => ******
    [MemberID] => 10713
)
 from 93.48.159.214
2022/06/17 23:37:42 [/shop/mypage/change_card.php] ErrCode=E01&ErrInfo=E01390002 from 93.48.159.214
2022/06/17 23:37:42 [/shop/mypage/change_card.php] Array
(
    [0] => Array
        (
            [ErrCode] => E01
            [ErrInfo] => E01390002
        )

)
 from 93.48.159.214
2022/06/17 23:37:42 [/shop/mypage/change_card.php] SendRequest:https://p01.mul-pay.jp/payment/SaveMember.idPass from 93.48.159.214
2022/06/17 23:37:42 [/shop/mypage/change_card.php] Array
(
    [SiteID] => mst0000007602
    [SitePass] => ******
    [MemberID] => 10713
    [MemberName] => ******
)
 from 93.48.159.214
2022/06/17 23:37:42 [/shop/mypage/change_card.php] MemberID=10713 from 93.48.159.214
2022/06/17 23:37:42 [/shop/mypage/change_card.php] Array
(
    [0] => Array
        (
            [MemberID] => 10713
        )

)
 from 93.48.159.214
