2024/06/28 02:50:19 [/shop/shopping/load_payment_module.php] SendRequest:https://p01.mul-pay.jp/payment/EntryTran.idPass from 136.226.77.106
2024/06/28 02:50:19 [/shop/shopping/load_payment_module.php] Array
(
    [ShopID] => 9000034600950
    [ShopPass] => ******
    [OrderID] => 958086-28025019
    [JobCd] => CAPTURE
    [Amount] => 9000
    [TdFlag] => 0
    [TdTenantName] => 
)
 from 136.226.77.106
2024/06/28 02:50:19 [/shop/shopping/load_payment_module.php] AccessID=c27a7f4419886c9e72c8d43725b29ea4&AccessPass=1332db8ffb84bab6f6e5b9b9b8ee94c2 from 136.226.77.106
2024/06/28 02:50:19 [/shop/shopping/load_payment_module.php] Array
(
    [0] => Array
        (
            [AccessID] => c27a7f4419886c9e72c8d43725b29ea4
            [AccessPass] => 1332db8ffb84bab6f6e5b9b9b8ee94c2
        )

)
 from 136.226.77.106
2024/06/28 02:50:19 [/shop/shopping/load_payment_module.php] load_payment_module.php set payment data:Array
(
    [AccessID] => c27a7f4419886c9e72c8d43725b29ea4
    [AccessPass] => 1332db8ffb84bab6f6e5b9b9b8ee94c2
    [OrderID] => 958086-28025019
    [Amount] => 9000
    [JobCd] => CAPTURE
    [action_status] => 1
    [pay_status] => 0
)
 from 136.226.77.106
2024/06/28 02:50:19 [/shop/shopping/load_payment_module.php] SendRequest:https://p01.mul-pay.jp/payment/ExecTran.idPass from 136.226.77.106
2024/06/28 02:50:19 [/shop/shopping/load_payment_module.php] Array
(
    [AccessID] => c27a7f4419886c9e72c8d43725b29ea4
    [AccessPass] => 1332db8ffb84bab6f6e5b9b9b8ee94c2
    [OrderID] => 958086-28025019
    [Method] => 1
    [Token] => aa67b34af53d589e3081360a165e5f8d2dac285c2917615e2a4abeee3673c58d
    [ClientField1] => 
    [ClientField2] => 
    [ClientField3] => EC-CUBE4.3.35
)
 from 136.226.77.106
2024/06/28 02:50:20 [/shop/shopping/load_payment_module.php] ACS=0&OrderID=958086-28025019&Forward=2S49631&Method=1&PayTimes=&Approve=0033557&TranID=2406280250602257210134173157&TranDate=20240628025020&CheckString=abef6bb2195c88a8c8b489595ef98125 from 136.226.77.106
2024/06/28 02:50:20 [/shop/shopping/load_payment_module.php] Array
(
    [0] => Array
        (
            [ACS] => 0
            [OrderID] => 958086-28025019
            [Forward] => 2S49631
            [Method] => 1
            [PayTimes] => 
            [Approve] => 0033557
            [TranID] => 2406280250602257210134173157
            [TranDate] => 20240628025020
            [CheckString] => abef6bb2195c88a8c8b489595ef98125
        )

)
 from 136.226.77.106
2024/06/28 02:50:20 [/shop/shopping/load_payment_module.php] load_payment_module.php set payment data:Array
(
    [ACS] => 0
    [Forward] => 2S49631
    [Method] => 1
    [PayTimes] => 
    [Approve] => 0033557
    [TranID] => 2406280250602257210134173157
    [TranDate] => 20240628025020
    [CheckString] => abef6bb2195c88a8c8b489595ef98125
    [Amount] => 9000
    [JobCd] => CAPTURE
    [action_status] => 3
    [pay_status] => 13
)
 from 136.226.77.106
2024/06/28 02:50:20 [/shop/user_data/pg_mulpay_recv.php] ******* receiveer data start ******* from 210.175.7.20
2024/06/28 02:50:20 [/shop/user_data/pg_mulpay_recv.php] Array
(
    [ShopID] => 9000034600950
    [ShopPass] => **********
    [AccessID] => c27a7f4419886c9e72c8d43725b29ea4
    [AccessPass] => ********************************
    [OrderID] => 958086-28025019
    [Status] => CAPTURE
    [JobCd] => CAPTURE
    [Amount] => 9000
    [Tax] => 0
    [Currency] => JPN
    [Forward] => 2S49631
    [Method] => 1
    [PayTimes] => 
    [TranID] => 2406280250602257210134173157
    [Approve] => 0033557
    [TranDate] => 20240628025020
    [ErrCode] => 
    [ErrInfo] => 
    [PayType] => 0
)
 from 210.175.7.20
2024/06/28 02:50:20 [/shop/user_data/pg_mulpay_recv.php] ******* receiveer data end ******* from 210.175.7.20
2024/06/28 02:50:25 [/shop/user_data/pg_mulpay_recv.php] update order status:1 order_id=958086 from 210.175.7.20
2024/06/28 02:50:25 [/shop/user_data/pg_mulpay_recv.php] pg_mulpay_recv.php set payment data:Array
(
    [ShopID] => 9000034600950
    [AccessID] => c27a7f4419886c9e72c8d43725b29ea4
    [OrderID] => 958086-28025019
    [Status] => CAPTURE
    [JobCd] => CAPTURE
    [Amount] => 9000
    [Tax] => 0
    [Currency] => JPN
    [Forward] => 2S49631
    [Method] => 1
    [PayTimes] => 
    [TranID] => 2406280250602257210134173157
    [Approve] => 0033557
    [TranDate] => 20240628025020
    [ErrCode] => 
    [ErrInfo] => 
    [PayType] => 0
    [CvsCode] => 
    [CvsConfNo] => 
    [CvsReceiptNo] => 
    [EdyReceiptNo] => 
    [EdyOrderNo] => 
    [SuicaReceiptNo] => 
    [SuicaOrderNo] => 
    [CustID] => 
    [BkCode] => 
    [ConfNo] => 
    [PaymentTerm] => 
    [EncryptReceiptNo] => 
    [FinishDate] => 
    [ReceiptDate] => 
    [WebMoneyManagementNo] => 
    [WebMoneySettleCode] => 
    [AuPayInfoNo] => 
    [AuPayMethod] => 
    [AuCancelAmount] => 
    [AuCancelTax] => 
    [DocomoSettlementCode] => 
    [DocomoCancelAmount] => 
    [DocomoCancelTax] => 
    [pay_status] => 13
)
 from 210.175.7.20
2024/06/28 02:50:25 [/shop/user_data/pg_mulpay_recv.php] response:true from 210.175.7.20
2024/06/28 02:53:47 [/shop/shopping/load_payment_module.php] SendRequest:https://p01.mul-pay.jp/payment/EntryTran.idPass from 136.226.77.74
2024/06/28 02:53:47 [/shop/shopping/load_payment_module.php] Array
(
    [ShopID] => 9000034600950
    [ShopPass] => ******
    [OrderID] => 958087-28025347
    [JobCd] => CAPTURE
    [Amount] => 13090
    [TdFlag] => 0
    [TdTenantName] => 
)
 from 136.226.77.74
2024/06/28 02:53:47 [/shop/shopping/load_payment_module.php] AccessID=2e69cdedc4445309c39c9f3d1153122f&AccessPass=edfc359faae7bc3252a422167035be27 from 136.226.77.74
2024/06/28 02:53:47 [/shop/shopping/load_payment_module.php] Array
(
    [0] => Array
        (
            [AccessID] => 2e69cdedc4445309c39c9f3d1153122f
            [AccessPass] => edfc359faae7bc3252a422167035be27
        )

)
 from 136.226.77.74
2024/06/28 02:53:47 [/shop/shopping/load_payment_module.php] load_payment_module.php set payment data:Array
(
    [AccessID] => 2e69cdedc4445309c39c9f3d1153122f
    [AccessPass] => edfc359faae7bc3252a422167035be27
    [OrderID] => 958087-28025347
    [Amount] => 13090
    [JobCd] => CAPTURE
    [action_status] => 1
    [pay_status] => 0
)
 from 136.226.77.74
2024/06/28 02:53:47 [/shop/shopping/load_payment_module.php] SendRequest:https://p01.mul-pay.jp/payment/ExecTran.idPass from 136.226.77.74
2024/06/28 02:53:47 [/shop/shopping/load_payment_module.php] Array
(
    [AccessID] => 2e69cdedc4445309c39c9f3d1153122f
    [AccessPass] => edfc359faae7bc3252a422167035be27
    [OrderID] => 958087-28025347
    [Method] => 1
    [Token] => 89baae4bdb6a54b819cecd7ab390059630d9c87a78594fc4aa165825e2403348
    [ClientField1] => 
    [ClientField2] => 
    [ClientField3] => EC-CUBE4.3.35
)
 from 136.226.77.74
2024/06/28 02:53:48 [/shop/shopping/load_payment_module.php] ACS=0&OrderID=958087-28025347&Forward=2S49631&Method=1&PayTimes=&Approve=0083623&TranID=2406280253602257210134153282&TranDate=20240628025348&CheckString=4a6724f0c6b5b3172cc69b8a3d74352c from 136.226.77.74
2024/06/28 02:53:48 [/shop/shopping/load_payment_module.php] Array
(
    [0] => Array
        (
            [ACS] => 0
            [OrderID] => 958087-28025347
            [Forward] => 2S49631
            [Method] => 1
            [PayTimes] => 
            [Approve] => 0083623
            [TranID] => 2406280253602257210134153282
            [TranDate] => 20240628025348
            [CheckString] => 4a6724f0c6b5b3172cc69b8a3d74352c
        )

)
 from 136.226.77.74
2024/06/28 02:53:48 [/shop/shopping/load_payment_module.php] load_payment_module.php set payment data:Array
(
    [ACS] => 0
    [Forward] => 2S49631
    [Method] => 1
    [PayTimes] => 
    [Approve] => 0083623
    [TranID] => 2406280253602257210134153282
    [TranDate] => 20240628025348
    [CheckString] => 4a6724f0c6b5b3172cc69b8a3d74352c
    [Amount] => 13090
    [JobCd] => CAPTURE
    [action_status] => 3
    [pay_status] => 13
)
 from 136.226.77.74
2024/06/28 02:53:48 [/shop/user_data/pg_mulpay_recv.php] ******* receiveer data start ******* from 210.175.7.20
2024/06/28 02:53:48 [/shop/user_data/pg_mulpay_recv.php] Array
(
    [ShopID] => 9000034600950
    [ShopPass] => **********
    [AccessID] => 2e69cdedc4445309c39c9f3d1153122f
    [AccessPass] => ********************************
    [OrderID] => 958087-28025347
    [Status] => CAPTURE
    [JobCd] => CAPTURE
    [Amount] => 13090
    [Tax] => 0
    [Currency] => JPN
    [Forward] => 2S49631
    [Method] => 1
    [PayTimes] => 
    [TranID] => 2406280253602257210134153282
    [Approve] => 0083623
    [TranDate] => 20240628025348
    [ErrCode] => 
    [ErrInfo] => 
    [PayType] => 0
)
 from 210.175.7.20
2024/06/28 02:53:48 [/shop/user_data/pg_mulpay_recv.php] ******* receiveer data end ******* from 210.175.7.20
2024/06/28 02:53:53 [/shop/user_data/pg_mulpay_recv.php] update order status:1 order_id=958087 from 210.175.7.20
2024/06/28 02:53:53 [/shop/user_data/pg_mulpay_recv.php] pg_mulpay_recv.php set payment data:Array
(
    [ShopID] => 9000034600950
    [AccessID] => 2e69cdedc4445309c39c9f3d1153122f
    [OrderID] => 958087-28025347
    [Status] => CAPTURE
    [JobCd] => CAPTURE
    [Amount] => 13090
    [Tax] => 0
    [Currency] => JPN
    [Forward] => 2S49631
    [Method] => 1
    [PayTimes] => 
    [TranID] => 2406280253602257210134153282
    [Approve] => 0083623
    [TranDate] => 20240628025348
    [ErrCode] => 
    [ErrInfo] => 
    [PayType] => 0
    [CvsCode] => 
    [CvsConfNo] => 
    [CvsReceiptNo] => 
    [EdyReceiptNo] => 
    [EdyOrderNo] => 
    [SuicaReceiptNo] => 
    [SuicaOrderNo] => 
    [CustID] => 
    [BkCode] => 
    [ConfNo] => 
    [PaymentTerm] => 
    [EncryptReceiptNo] => 
    [FinishDate] => 
    [ReceiptDate] => 
    [WebMoneyManagementNo] => 
    [WebMoneySettleCode] => 
    [AuPayInfoNo] => 
    [AuPayMethod] => 
    [AuCancelAmount] => 
    [AuCancelTax] => 
    [DocomoSettlementCode] => 
    [DocomoCancelAmount] => 
    [DocomoCancelTax] => 
    [pay_status] => 13
)
 from 210.175.7.20
2024/06/28 02:53:53 [/shop/user_data/pg_mulpay_recv.php] response:true from 210.175.7.20
2024/06/28 02:55:28 [/shop/shopping/load_payment_module.php] SendRequest:https://p01.mul-pay.jp/payment/EntryTran.idPass from 165.225.209.64
2024/06/28 02:55:28 [/shop/shopping/load_payment_module.php] Array
(
    [ShopID] => 9000034600950
    [ShopPass] => ******
    [OrderID] => 958088-28025528
    [JobCd] => CAPTURE
    [Amount] => 13090
    [TdFlag] => 0
    [TdTenantName] => 
)
 from 165.225.209.64
2024/06/28 02:55:28 [/shop/shopping/load_payment_module.php] AccessID=ea961aacb61924057ded831755bc01f9&AccessPass=9552fcb07d84d633b5786adbad1f37c5 from 165.225.209.64
2024/06/28 02:55:28 [/shop/shopping/load_payment_module.php] Array
(
    [0] => Array
        (
            [AccessID] => ea961aacb61924057ded831755bc01f9
            [AccessPass] => 9552fcb07d84d633b5786adbad1f37c5
        )

)
 from 165.225.209.64
2024/06/28 02:55:28 [/shop/shopping/load_payment_module.php] load_payment_module.php set payment data:Array
(
    [AccessID] => ea961aacb61924057ded831755bc01f9
    [AccessPass] => 9552fcb07d84d633b5786adbad1f37c5
    [OrderID] => 958088-28025528
    [Amount] => 13090
    [JobCd] => CAPTURE
    [action_status] => 1
    [pay_status] => 0
)
 from 165.225.209.64
2024/06/28 02:55:28 [/shop/shopping/load_payment_module.php] SendRequest:https://p01.mul-pay.jp/payment/ExecTran.idPass from 165.225.209.64
2024/06/28 02:55:28 [/shop/shopping/load_payment_module.php] Array
(
    [AccessID] => ea961aacb61924057ded831755bc01f9
    [AccessPass] => 9552fcb07d84d633b5786adbad1f37c5
    [OrderID] => 958088-28025528
    [Method] => 1
    [Token] => cb454b480b33595dcfea82a924f872720d874d4db9b39b7e5167258ee560732a
    [ClientField1] => 
    [ClientField2] => 
    [ClientField3] => EC-CUBE4.3.35
)
 from 165.225.209.64
2024/06/28 02:55:29 [/shop/shopping/load_payment_module.php] ACS=0&OrderID=958088-28025528&Forward=2S49631&Method=1&PayTimes=&Approve=0006920&TranID=2406280255602257210134163301&TranDate=20240628025529&CheckString=fe87553818b40d1eb884647eca656080 from 165.225.209.64
2024/06/28 02:55:29 [/shop/shopping/load_payment_module.php] Array
(
    [0] => Array
        (
            [ACS] => 0
            [OrderID] => 958088-28025528
            [Forward] => 2S49631
            [Method] => 1
            [PayTimes] => 
            [Approve] => 0006920
            [TranID] => 2406280255602257210134163301
            [TranDate] => 20240628025529
            [CheckString] => fe87553818b40d1eb884647eca656080
        )

)
 from 165.225.209.64
2024/06/28 02:55:29 [/shop/shopping/load_payment_module.php] load_payment_module.php set payment data:Array
(
    [ACS] => 0
    [Forward] => 2S49631
    [Method] => 1
    [PayTimes] => 
    [Approve] => 0006920
    [TranID] => 2406280255602257210134163301
    [TranDate] => 20240628025529
    [CheckString] => fe87553818b40d1eb884647eca656080
    [Amount] => 13090
    [JobCd] => CAPTURE
    [action_status] => 3
    [pay_status] => 13
)
 from 165.225.209.64
2024/06/28 02:55:29 [/shop/user_data/pg_mulpay_recv.php] ******* receiveer data start ******* from 210.175.7.20
2024/06/28 02:55:29 [/shop/user_data/pg_mulpay_recv.php] Array
(
    [ShopID] => 9000034600950
    [ShopPass] => **********
    [AccessID] => ea961aacb61924057ded831755bc01f9
    [AccessPass] => ********************************
    [OrderID] => 958088-28025528
    [Status] => CAPTURE
    [JobCd] => CAPTURE
    [Amount] => 13090
    [Tax] => 0
    [Currency] => JPN
    [Forward] => 2S49631
    [Method] => 1
    [PayTimes] => 
    [TranID] => 2406280255602257210134163301
    [Approve] => 0006920
    [TranDate] => 20240628025529
    [ErrCode] => 
    [ErrInfo] => 
    [PayType] => 0
)
 from 210.175.7.20
2024/06/28 02:55:29 [/shop/user_data/pg_mulpay_recv.php] ******* receiveer data end ******* from 210.175.7.20
2024/06/28 02:55:34 [/shop/user_data/pg_mulpay_recv.php] update order status:1 order_id=958088 from 210.175.7.20
2024/06/28 02:55:34 [/shop/user_data/pg_mulpay_recv.php] pg_mulpay_recv.php set payment data:Array
(
    [ShopID] => 9000034600950
    [AccessID] => ea961aacb61924057ded831755bc01f9
    [OrderID] => 958088-28025528
    [Status] => CAPTURE
    [JobCd] => CAPTURE
    [Amount] => 13090
    [Tax] => 0
    [Currency] => JPN
    [Forward] => 2S49631
    [Method] => 1
    [PayTimes] => 
    [TranID] => 2406280255602257210134163301
    [Approve] => 0006920
    [TranDate] => 20240628025529
    [ErrCode] => 
    [ErrInfo] => 
    [PayType] => 0
    [CvsCode] => 
    [CvsConfNo] => 
    [CvsReceiptNo] => 
    [EdyReceiptNo] => 
    [EdyOrderNo] => 
    [SuicaReceiptNo] => 
    [SuicaOrderNo] => 
    [CustID] => 
    [BkCode] => 
    [ConfNo] => 
    [PaymentTerm] => 
    [EncryptReceiptNo] => 
    [FinishDate] => 
    [ReceiptDate] => 
    [WebMoneyManagementNo] => 
    [WebMoneySettleCode] => 
    [AuPayInfoNo] => 
    [AuPayMethod] => 
    [AuCancelAmount] => 
    [AuCancelTax] => 
    [DocomoSettlementCode] => 
    [DocomoCancelAmount] => 
    [DocomoCancelTax] => 
    [pay_status] => 13
)
 from 210.175.7.20
2024/06/28 02:55:34 [/shop/user_data/pg_mulpay_recv.php] response:true from 210.175.7.20
2024/06/28 09:22:14 [/shop/shopping/load_payment_module.php] SendRequest:https://p01.mul-pay.jp/payment/SearchMember.idPass from 88.167.195.136
2024/06/28 09:22:14 [/shop/shopping/load_payment_module.php] Array
(
    [SiteID] => mst0000007602
    [SitePass] => ******
    [MemberID] => 3190
)
 from 88.167.195.136
2024/06/28 09:22:14 [/shop/shopping/load_payment_module.php] ErrCode=E01&ErrInfo=E01390002 from 88.167.195.136
2024/06/28 09:22:14 [/shop/shopping/load_payment_module.php] Array
(
    [0] => Array
        (
            [ErrCode] => E01
            [ErrInfo] => E01390002
        )

)
 from 88.167.195.136
2024/06/28 09:22:14 [/shop/shopping/load_payment_module.php] SendRequest:https://p01.mul-pay.jp/payment/SearchCard.idPass from 88.167.195.136
2024/06/28 09:22:14 [/shop/shopping/load_payment_module.php] Array
(
    [SiteID] => mst0000007602
    [SitePass] => ******
    [MemberID] => 3190
)
 from 88.167.195.136
2024/06/28 09:22:14 [/shop/shopping/load_payment_module.php] ErrCode=E01|E01&ErrInfo=E01390002|E01240002 from 88.167.195.136
2024/06/28 09:22:14 [/shop/shopping/load_payment_module.php] Array
(
    [0] => Array
        (
            [ErrCode] => E01
            [ErrInfo] => E01390002
        )

    [1] => Array
        (
            [ErrCode] => E01
            [ErrInfo] => E01240002
        )

)
 from 88.167.195.136
2024/06/28 09:23:34 [/shop/shopping/load_payment_module.php] SendRequest:https://p01.mul-pay.jp/payment/SearchMember.idPass from 88.167.195.136
2024/06/28 09:23:34 [/shop/shopping/load_payment_module.php] Array
(
    [SiteID] => mst0000007602
    [SitePass] => ******
    [MemberID] => 3190
)
 from 88.167.195.136
2024/06/28 09:23:34 [/shop/shopping/load_payment_module.php] ErrCode=E01&ErrInfo=E01390002 from 88.167.195.136
2024/06/28 09:23:34 [/shop/shopping/load_payment_module.php] Array
(
    [0] => Array
        (
            [ErrCode] => E01
            [ErrInfo] => E01390002
        )

)
 from 88.167.195.136
2024/06/28 09:23:34 [/shop/shopping/load_payment_module.php] SendRequest:https://p01.mul-pay.jp/payment/SearchCard.idPass from 88.167.195.136
2024/06/28 09:23:34 [/shop/shopping/load_payment_module.php] Array
(
    [SiteID] => mst0000007602
    [SitePass] => ******
    [MemberID] => 3190
)
 from 88.167.195.136
2024/06/28 09:23:34 [/shop/shopping/load_payment_module.php] ErrCode=E01|E01&ErrInfo=E01390002|E01240002 from 88.167.195.136
2024/06/28 09:23:34 [/shop/shopping/load_payment_module.php] Array
(
    [0] => Array
        (
            [ErrCode] => E01
            [ErrInfo] => E01390002
        )

    [1] => Array
        (
            [ErrCode] => E01
            [ErrInfo] => E01240002
        )

)
 from 88.167.195.136
2024/06/28 09:23:34 [/shop/shopping/load_payment_module.php] SendRequest:https://p01.mul-pay.jp/payment/EntryTran.idPass from 88.167.195.136
2024/06/28 09:23:34 [/shop/shopping/load_payment_module.php] Array
(
    [ShopID] => 9000034600950
    [ShopPass] => ******
    [OrderID] => 958089-28092334
    [JobCd] => CAPTURE
    [Amount] => 16574
    [TdFlag] => 0
    [TdTenantName] => 
)
 from 88.167.195.136
2024/06/28 09:23:34 [/shop/shopping/load_payment_module.php] AccessID=20739b5e05bb602735b01128d6d927fe&AccessPass=9d5d4d4364a2e2676c0c10a962193a83 from 88.167.195.136
2024/06/28 09:23:34 [/shop/shopping/load_payment_module.php] Array
(
    [0] => Array
        (
            [AccessID] => 20739b5e05bb602735b01128d6d927fe
            [AccessPass] => 9d5d4d4364a2e2676c0c10a962193a83
        )

)
 from 88.167.195.136
2024/06/28 09:23:34 [/shop/shopping/load_payment_module.php] load_payment_module.php set payment data:Array
(
    [AccessID] => 20739b5e05bb602735b01128d6d927fe
    [AccessPass] => 9d5d4d4364a2e2676c0c10a962193a83
    [OrderID] => 958089-28092334
    [Amount] => 16574
    [JobCd] => CAPTURE
    [action_status] => 1
    [pay_status] => 0
)
 from 88.167.195.136
2024/06/28 09:23:34 [/shop/shopping/load_payment_module.php] SendRequest:https://p01.mul-pay.jp/payment/ExecTran.idPass from 88.167.195.136
2024/06/28 09:23:34 [/shop/shopping/load_payment_module.php] Array
(
    [AccessID] => 20739b5e05bb602735b01128d6d927fe
    [AccessPass] => 9d5d4d4364a2e2676c0c10a962193a83
    [OrderID] => 958089-28092334
    [Method] => 1
    [Token] => 408098b348d3e71c2751c991330dbe4ae9c5e37290c4f0fd40720d054698b956
    [ClientField1] => 
    [ClientField2] => 
    [ClientField3] => EC-CUBE4.3.35
)
 from 88.167.195.136
2024/06/28 09:23:36 [/shop/shopping/load_payment_module.php] ACS=0&OrderID=958089-28092334&Forward=2S49631&Method=1&PayTimes=&Approve=0311713&TranID=2406280923602257210134163302&TranDate=20240628092336&CheckString=9fc56360d45ef3ec42aeb2ab77622ff8 from 88.167.195.136
2024/06/28 09:23:36 [/shop/shopping/load_payment_module.php] Array
(
    [0] => Array
        (
            [ACS] => 0
            [OrderID] => 958089-28092334
            [Forward] => 2S49631
            [Method] => 1
            [PayTimes] => 
            [Approve] => 0311713
            [TranID] => 2406280923602257210134163302
            [TranDate] => 20240628092336
            [CheckString] => 9fc56360d45ef3ec42aeb2ab77622ff8
        )

)
 from 88.167.195.136
2024/06/28 09:23:36 [/shop/shopping/load_payment_module.php] load_payment_module.php set payment data:Array
(
    [ACS] => 0
    [Forward] => 2S49631
    [Method] => 1
    [PayTimes] => 
    [Approve] => 0311713
    [TranID] => 2406280923602257210134163302
    [TranDate] => 20240628092336
    [CheckString] => 9fc56360d45ef3ec42aeb2ab77622ff8
    [Amount] => 16574
    [JobCd] => CAPTURE
    [action_status] => 3
    [pay_status] => 13
)
 from 88.167.195.136
2024/06/28 09:23:36 [/shop/user_data/pg_mulpay_recv.php] ******* receiveer data start ******* from 210.175.7.20
2024/06/28 09:23:36 [/shop/user_data/pg_mulpay_recv.php] Array
(
    [ShopID] => 9000034600950
    [ShopPass] => **********
    [AccessID] => 20739b5e05bb602735b01128d6d927fe
    [AccessPass] => ********************************
    [OrderID] => 958089-28092334
    [Status] => CAPTURE
    [JobCd] => CAPTURE
    [Amount] => 16574
    [Tax] => 0
    [Currency] => JPN
    [Forward] => 2S49631
    [Method] => 1
    [PayTimes] => 
    [TranID] => 2406280923602257210134163302
    [Approve] => 0311713
    [TranDate] => 20240628092336
    [ErrCode] => 
    [ErrInfo] => 
    [PayType] => 0
)
 from 210.175.7.20
2024/06/28 09:23:36 [/shop/user_data/pg_mulpay_recv.php] ******* receiveer data end ******* from 210.175.7.20
2024/06/28 09:23:41 [/shop/user_data/pg_mulpay_recv.php] update order status:1 order_id=958089 from 210.175.7.20
2024/06/28 09:23:41 [/shop/user_data/pg_mulpay_recv.php] pg_mulpay_recv.php set payment data:Array
(
    [ShopID] => 9000034600950
    [AccessID] => 20739b5e05bb602735b01128d6d927fe
    [OrderID] => 958089-28092334
    [Status] => CAPTURE
    [JobCd] => CAPTURE
    [Amount] => 16574
    [Tax] => 0
    [Currency] => JPN
    [Forward] => 2S49631
    [Method] => 1
    [PayTimes] => 
    [TranID] => 2406280923602257210134163302
    [Approve] => 0311713
    [TranDate] => 20240628092336
    [ErrCode] => 
    [ErrInfo] => 
    [PayType] => 0
    [CvsCode] => 
    [CvsConfNo] => 
    [CvsReceiptNo] => 
    [EdyReceiptNo] => 
    [EdyOrderNo] => 
    [SuicaReceiptNo] => 
    [SuicaOrderNo] => 
    [CustID] => 
    [BkCode] => 
    [ConfNo] => 
    [PaymentTerm] => 
    [EncryptReceiptNo] => 
    [FinishDate] => 
    [ReceiptDate] => 
    [WebMoneyManagementNo] => 
    [WebMoneySettleCode] => 
    [AuPayInfoNo] => 
    [AuPayMethod] => 
    [AuCancelAmount] => 
    [AuCancelTax] => 
    [DocomoSettlementCode] => 
    [DocomoCancelAmount] => 
    [DocomoCancelTax] => 
    [pay_status] => 13
)
 from 210.175.7.20
2024/06/28 09:23:41 [/shop/user_data/pg_mulpay_recv.php] response:true from 210.175.7.20
2024/06/28 10:06:44 [/shop/master/order/edit.php] edit.php set payment data:Array
(
    [no_update_status_flg] => 1
)
 from 114.160.216.147
2024/06/28 10:06:44 [/shop/master/order/edit.php] SendRequest:https://p01.mul-pay.jp/payment/ChangeTran.idPass from 114.160.216.147
2024/06/28 10:06:44 [/shop/master/order/edit.php] Array
(
    [ShopID] => 9000034600950
    [ShopPass] => ******
    [AccessID] => ab349be2203265cab1f6dd5a9c5f442f
    [AccessPass] => 5be356610b2cc4ebbbdaa54ed9c307ab
    [JobCd] => CAPTURE
    [Amount] => 22000
)
 from 114.160.216.147
2024/06/28 10:06:46 [/shop/master/order/edit.php] AccessID=ab349be2203265cab1f6dd5a9c5f442f&AccessPass=5be356610b2cc4ebbbdaa54ed9c307ab&Forward=2959876&Approve=0030645&TranID=2406281006602257210134153283&TranDate=20240628100645 from 114.160.216.147
2024/06/28 10:06:46 [/shop/master/order/edit.php] Array
(
    [0] => Array
        (
            [AccessID] => ab349be2203265cab1f6dd5a9c5f442f
            [AccessPass] => 5be356610b2cc4ebbbdaa54ed9c307ab
            [Forward] => 2959876
            [Approve] => 0030645
            [TranID] => 2406281006602257210134153283
            [TranDate] => 20240628100645
        )

)
 from 114.160.216.147
2024/06/28 10:06:46 [/shop/master/order/edit.php] edit.php set payment data:Array
(
    [AccessID] => ab349be2203265cab1f6dd5a9c5f442f
    [AccessPass] => 5be356610b2cc4ebbbdaa54ed9c307ab
    [Forward] => 2959876
    [Approve] => 0030645
    [TranID] => 2406281006602257210134153283
    [TranDate] => 20240628100645
    [action_status] => 6
    [pay_status] => 13
    [JobCd] => CAPTURE
    [Amount] => 22000
)
 from 114.160.216.147
2024/06/28 10:06:46 [/shop/user_data/pg_mulpay_recv.php] ******* receiveer data start ******* from 210.175.7.20
2024/06/28 10:06:46 [/shop/user_data/pg_mulpay_recv.php] Array
(
    [ShopID] => 9000034600950
    [ShopPass] => **********
    [AccessID] => ab349be2203265cab1f6dd5a9c5f442f
    [AccessPass] => ********************************
    [OrderID] => 958085-27210505
    [Status] => RETURN
    [JobCd] => RETURN
    [Amount] => 23770
    [Tax] => 0
    [Currency] => JPN
    [Forward] => 2959876
    [Method] => 1
    [PayTimes] => 
    [TranID] => 2406281006602257210134183218
    [Approve] => 0011393
    [TranDate] => 20240628100645
    [ErrCode] => 
    [ErrInfo] => 
    [PayType] => 0
)
 from 210.175.7.20
2024/06/28 10:06:46 [/shop/user_data/pg_mulpay_recv.php] ******* receiveer data end ******* from 210.175.7.20
2024/06/28 10:06:46 [/shop/user_data/pg_mulpay_recv.php] pg_mulpay_recv.php set payment data:Array
(
    [ShopID] => 9000034600950
    [AccessID] => ab349be2203265cab1f6dd5a9c5f442f
    [OrderID] => 958085-27210505
    [Status] => RETURN
    [JobCd] => RETURN
    [Amount] => 23770
    [Tax] => 0
    [Currency] => JPN
    [Forward] => 2959876
    [Method] => 1
    [PayTimes] => 
    [TranID] => 2406281006602257210134183218
    [Approve] => 0011393
    [TranDate] => 20240628100645
    [ErrCode] => 
    [ErrInfo] => 
    [PayType] => 0
    [CvsCode] => 
    [CvsConfNo] => 
    [CvsReceiptNo] => 
    [EdyReceiptNo] => 
    [EdyOrderNo] => 
    [SuicaReceiptNo] => 
    [SuicaOrderNo] => 
    [CustID] => 
    [BkCode] => 
    [ConfNo] => 
    [PaymentTerm] => 
    [EncryptReceiptNo] => 
    [FinishDate] => 
    [ReceiptDate] => 
    [WebMoneyManagementNo] => 
    [WebMoneySettleCode] => 
    [AuPayInfoNo] => 
    [AuPayMethod] => 
    [AuCancelAmount] => 
    [AuCancelTax] => 
    [DocomoSettlementCode] => 
    [DocomoCancelAmount] => 
    [DocomoCancelTax] => 
    [pay_status] => 15
)
 from 210.175.7.20
2024/06/28 10:06:46 [/shop/user_data/pg_mulpay_recv.php] response:true from 210.175.7.20
2024/06/28 10:06:46 [/shop/user_data/pg_mulpay_recv.php] ******* receiveer data start ******* from 210.175.7.20
2024/06/28 10:06:46 [/shop/user_data/pg_mulpay_recv.php] Array
(
    [ShopID] => 9000034600950
    [ShopPass] => **********
    [AccessID] => ab349be2203265cab1f6dd5a9c5f442f
    [AccessPass] => ********************************
    [OrderID] => 958085-27210505
    [Status] => CAPTURE
    [JobCd] => CAPTURE
    [Amount] => 22000
    [Tax] => 0
    [Currency] => JPN
    [Forward] => 2959876
    [Method] => 1
    [PayTimes] => 
    [TranID] => 2406281006602257210134153283
    [Approve] => 0030645
    [TranDate] => 20240628100645
    [ErrCode] => 
    [ErrInfo] => 
    [PayType] => 0
)
 from 210.175.7.20
2024/06/28 10:06:46 [/shop/user_data/pg_mulpay_recv.php] ******* receiveer data end ******* from 210.175.7.20
2024/06/28 10:06:51 [/shop/user_data/pg_mulpay_recv.php] no update order status order_id=958085 from 210.175.7.20
2024/06/28 10:06:51 [/shop/user_data/pg_mulpay_recv.php] pg_mulpay_recv.php set payment data:Array
(
    [ShopID] => 9000034600950
    [AccessID] => ab349be2203265cab1f6dd5a9c5f442f
    [OrderID] => 958085-27210505
    [Status] => CAPTURE
    [JobCd] => CAPTURE
    [Amount] => 22000
    [Tax] => 0
    [Currency] => JPN
    [Forward] => 2959876
    [Method] => 1
    [PayTimes] => 
    [TranID] => 2406281006602257210134153283
    [Approve] => 0030645
    [TranDate] => 20240628100645
    [ErrCode] => 
    [ErrInfo] => 
    [PayType] => 0
    [CvsCode] => 
    [CvsConfNo] => 
    [CvsReceiptNo] => 
    [EdyReceiptNo] => 
    [EdyOrderNo] => 
    [SuicaReceiptNo] => 
    [SuicaOrderNo] => 
    [CustID] => 
    [BkCode] => 
    [ConfNo] => 
    [PaymentTerm] => 
    [EncryptReceiptNo] => 
    [FinishDate] => 
    [ReceiptDate] => 
    [WebMoneyManagementNo] => 
    [WebMoneySettleCode] => 
    [AuPayInfoNo] => 
    [AuPayMethod] => 
    [AuCancelAmount] => 
    [AuCancelTax] => 
    [DocomoSettlementCode] => 
    [DocomoCancelAmount] => 
    [DocomoCancelTax] => 
    [pay_status] => 13
    [no_update_status_flg] => 0
)
 from 210.175.7.20
2024/06/28 10:06:51 [/shop/user_data/pg_mulpay_recv.php] response:true from 210.175.7.20
2024/06/28 10:06:54 [/shop/master/order/edit.php] SendRequest:https://p01.mul-pay.jp/payment/SearchTrade.idPass from 114.160.216.147
2024/06/28 10:06:54 [/shop/master/order/edit.php] Array
(
    [ShopID] => 9000034600950
    [ShopPass] => ******
    [OrderID] => 958085-27210505
)
 from 114.160.216.147
2024/06/28 10:06:55 [/shop/master/order/edit.php] OrderID=958085-27210505&Status=CAPTURE&ProcessDate=20240628100645&JobCd=CAPTURE&AccessID=ab349be2203265cab1f6dd5a9c5f442f&AccessPass=5be356610b2cc4ebbbdaa54ed9c307ab&ItemCode=0000990&Amount=22000&Tax=0&SiteID=&MemberID=&CardNo=************5943&Expire=2702&Method=1&PayTimes=&Forward=2959876&TranID=2406281006602257210134153283&Approve=0030645&ClientField1=&ClientField2=&ClientField3=EC-CUBE4.3.35 from 114.160.216.147
2024/06/28 10:06:55 [/shop/master/order/edit.php] Array
(
    [0] => Array
        (
            [OrderID] => 958085-27210505
            [Status] => CAPTURE
            [ProcessDate] => 20240628100645
            [JobCd] => CAPTURE
            [AccessID] => ab349be2203265cab1f6dd5a9c5f442f
            [AccessPass] => 5be356610b2cc4ebbbdaa54ed9c307ab
            [ItemCode] => 0000990
            [Amount] => 22000
            [Tax] => 0
            [SiteID] => 
            [MemberID] => 
            [CardNo] => ************5943
            [Expire] => 2702
            [Method] => 1
            [PayTimes] => 
            [Forward] => 2959876
            [TranID] => 2406281006602257210134153283
            [Approve] => 0030645
            [ClientField1] => 
            [ClientField2] => 
            [ClientField3] => EC-CUBE4.3.35
        )

)
 from 114.160.216.147
2024/06/28 10:06:55 [/shop/master/order/edit.php] edit.php set payment data:Array
(
    [OrderID] => 958085-27210505
    [Status] => CAPTURE
    [ProcessDate] => 20240628100645
    [JobCd] => CAPTURE
    [AccessID] => ab349be2203265cab1f6dd5a9c5f442f
    [AccessPass] => 5be356610b2cc4ebbbdaa54ed9c307ab
    [ItemCode] => 0000990
    [Amount] => 22000
    [Tax] => 0
    [SiteID] => 
    [MemberID] => 
    [CardNo] => ************5943
    [Expire] => 2702
    [Method] => 1
    [PayTimes] => 
    [Forward] => 2959876
    [TranID] => 2406281006602257210134153283
    [Approve] => 0030645
    [ClientField1] => 
    [ClientField2] => 
    [ClientField3] => EC-CUBE4.3.35
    [action_status] => 6
    [pay_status] => 13
)
 from 114.160.216.147
2024/06/28 10:10:03 [/shop/shopping/load_payment_module.php] SendRequest:https://p01.mul-pay.jp/payment/EntryTran.idPass from 45.50.111.73
2024/06/28 10:10:03 [/shop/shopping/load_payment_module.php] Array
(
    [ShopID] => 9000034600950
    [ShopPass] => ******
    [OrderID] => 958090-28101003
    [JobCd] => CAPTURE
    [Amount] => 11800
    [TdFlag] => 0
    [TdTenantName] => 
)
 from 45.50.111.73
2024/06/28 10:10:03 [/shop/shopping/load_payment_module.php] AccessID=0c156bdf0528f33c067bacbaf6aae58c&AccessPass=f91ddc04f0f333936848496c1591e11e from 45.50.111.73
2024/06/28 10:10:03 [/shop/shopping/load_payment_module.php] Array
(
    [0] => Array
        (
            [AccessID] => 0c156bdf0528f33c067bacbaf6aae58c
            [AccessPass] => f91ddc04f0f333936848496c1591e11e
        )

)
 from 45.50.111.73
2024/06/28 10:10:03 [/shop/shopping/load_payment_module.php] load_payment_module.php set payment data:Array
(
    [AccessID] => 0c156bdf0528f33c067bacbaf6aae58c
    [AccessPass] => f91ddc04f0f333936848496c1591e11e
    [OrderID] => 958090-28101003
    [Amount] => 11800
    [JobCd] => CAPTURE
    [action_status] => 1
    [pay_status] => 0
)
 from 45.50.111.73
2024/06/28 10:10:03 [/shop/shopping/load_payment_module.php] SendRequest:https://p01.mul-pay.jp/payment/ExecTran.idPass from 45.50.111.73
2024/06/28 10:10:03 [/shop/shopping/load_payment_module.php] Array
(
    [AccessID] => 0c156bdf0528f33c067bacbaf6aae58c
    [AccessPass] => f91ddc04f0f333936848496c1591e11e
    [OrderID] => 958090-28101003
    [Method] => 1
    [Token] => 8652df7eef466d14e707b8ffa23a24bf587a1406be2d25301a451a4cdada2b80
    [ClientField1] => 
    [ClientField2] => 
    [ClientField3] => EC-CUBE4.3.35
)
 from 45.50.111.73
2024/06/28 10:10:03 [/shop/shopping/load_payment_module.php] ACS=0&OrderID=958090-28101003&Forward=2S49631&Method=1&PayTimes=&Approve=0001099&TranID=2406281010602257210134163303&TranDate=20240628101003&CheckString=6ca71e869d8a721238edde7847a136f0 from 45.50.111.73
2024/06/28 10:10:03 [/shop/shopping/load_payment_module.php] Array
(
    [0] => Array
        (
            [ACS] => 0
            [OrderID] => 958090-28101003
            [Forward] => 2S49631
            [Method] => 1
            [PayTimes] => 
            [Approve] => 0001099
            [TranID] => 2406281010602257210134163303
            [TranDate] => 20240628101003
            [CheckString] => 6ca71e869d8a721238edde7847a136f0
        )

)
 from 45.50.111.73
2024/06/28 10:10:03 [/shop/shopping/load_payment_module.php] load_payment_module.php set payment data:Array
(
    [ACS] => 0
    [Forward] => 2S49631
    [Method] => 1
    [PayTimes] => 
    [Approve] => 0001099
    [TranID] => 2406281010602257210134163303
    [TranDate] => 20240628101003
    [CheckString] => 6ca71e869d8a721238edde7847a136f0
    [Amount] => 11800
    [JobCd] => CAPTURE
    [action_status] => 3
    [pay_status] => 13
)
 from 45.50.111.73
2024/06/28 10:10:04 [/shop/user_data/pg_mulpay_recv.php] ******* receiveer data start ******* from 210.175.7.20
2024/06/28 10:10:04 [/shop/user_data/pg_mulpay_recv.php] Array
(
    [ShopID] => 9000034600950
    [ShopPass] => **********
    [AccessID] => 0c156bdf0528f33c067bacbaf6aae58c
    [AccessPass] => ********************************
    [OrderID] => 958090-28101003
    [Status] => CAPTURE
    [JobCd] => CAPTURE
    [Amount] => 11800
    [Tax] => 0
    [Currency] => JPN
    [Forward] => 2S49631
    [Method] => 1
    [PayTimes] => 
    [TranID] => 2406281010602257210134163303
    [Approve] => 0001099
    [TranDate] => 20240628101003
    [ErrCode] => 
    [ErrInfo] => 
    [PayType] => 0
)
 from 210.175.7.20
2024/06/28 10:10:04 [/shop/user_data/pg_mulpay_recv.php] ******* receiveer data end ******* from 210.175.7.20
2024/06/28 10:10:09 [/shop/user_data/pg_mulpay_recv.php] update order status:1 order_id=958090 from 210.175.7.20
2024/06/28 10:10:09 [/shop/user_data/pg_mulpay_recv.php] pg_mulpay_recv.php set payment data:Array
(
    [ShopID] => 9000034600950
    [AccessID] => 0c156bdf0528f33c067bacbaf6aae58c
    [OrderID] => 958090-28101003
    [Status] => CAPTURE
    [JobCd] => CAPTURE
    [Amount] => 11800
    [Tax] => 0
    [Currency] => JPN
    [Forward] => 2S49631
    [Method] => 1
    [PayTimes] => 
    [TranID] => 2406281010602257210134163303
    [Approve] => 0001099
    [TranDate] => 20240628101003
    [ErrCode] => 
    [ErrInfo] => 
    [PayType] => 0
    [CvsCode] => 
    [CvsConfNo] => 
    [CvsReceiptNo] => 
    [EdyReceiptNo] => 
    [EdyOrderNo] => 
    [SuicaReceiptNo] => 
    [SuicaOrderNo] => 
    [CustID] => 
    [BkCode] => 
    [ConfNo] => 
    [PaymentTerm] => 
    [EncryptReceiptNo] => 
    [FinishDate] => 
    [ReceiptDate] => 
    [WebMoneyManagementNo] => 
    [WebMoneySettleCode] => 
    [AuPayInfoNo] => 
    [AuPayMethod] => 
    [AuCancelAmount] => 
    [AuCancelTax] => 
    [DocomoSettlementCode] => 
    [DocomoCancelAmount] => 
    [DocomoCancelTax] => 
    [pay_status] => 13
)
 from 210.175.7.20
2024/06/28 10:10:09 [/shop/user_data/pg_mulpay_recv.php] response:true from 210.175.7.20
2024/06/28 10:20:23 [/shop/shopping/load_payment_module.php] SendRequest:https://p01.mul-pay.jp/payment/SearchMember.idPass from 49.96.45.146
2024/06/28 10:20:23 [/shop/shopping/load_payment_module.php] Array
(
    [SiteID] => mst0000007602
    [SitePass] => ******
    [MemberID] => 8515
)
 from 49.96.45.146
2024/06/28 10:20:23 [/shop/shopping/load_payment_module.php] MemberID=8515&MemberName=r5c5abe45d1ab7xZPEg2dH&DeleteFlag=0 from 49.96.45.146
2024/06/28 10:20:23 [/shop/shopping/load_payment_module.php] Array
(
    [0] => Array
        (
            [MemberID] => 8515
            [MemberName] => r5c5abe45d1ab7xZPEg2dH
            [DeleteFlag] => 0
        )

)
 from 49.96.45.146
2024/06/28 10:20:23 [/shop/shopping/load_payment_module.php] SendRequest:https://p01.mul-pay.jp/payment/SearchCard.idPass from 49.96.45.146
2024/06/28 10:20:23 [/shop/shopping/load_payment_module.php] Array
(
    [SiteID] => mst0000007602
    [SitePass] => ******
    [MemberID] => 8515
)
 from 49.96.45.146
2024/06/28 10:20:23 [/shop/shopping/load_payment_module.php] ErrCode=E01&ErrInfo=E01240002 from 49.96.45.146
2024/06/28 10:20:23 [/shop/shopping/load_payment_module.php] Array
(
    [0] => Array
        (
            [ErrCode] => E01
            [ErrInfo] => E01240002
        )

)
 from 49.96.45.146
2024/06/28 10:22:32 [/shop/shopping/load_payment_module.php] SendRequest:https://p01.mul-pay.jp/payment/SearchMember.idPass from 49.96.45.146
2024/06/28 10:22:32 [/shop/shopping/load_payment_module.php] Array
(
    [SiteID] => mst0000007602
    [SitePass] => ******
    [MemberID] => 8515
)
 from 49.96.45.146
2024/06/28 10:22:32 [/shop/shopping/load_payment_module.php] MemberID=8515&MemberName=r5c5abe45d1ab7xZPEg2dH&DeleteFlag=0 from 49.96.45.146
2024/06/28 10:22:32 [/shop/shopping/load_payment_module.php] Array
(
    [0] => Array
        (
            [MemberID] => 8515
            [MemberName] => r5c5abe45d1ab7xZPEg2dH
            [DeleteFlag] => 0
        )

)
 from 49.96.45.146
2024/06/28 10:22:32 [/shop/shopping/load_payment_module.php] SendRequest:https://p01.mul-pay.jp/payment/SearchCard.idPass from 49.96.45.146
2024/06/28 10:22:32 [/shop/shopping/load_payment_module.php] Array
(
    [SiteID] => mst0000007602
    [SitePass] => ******
    [MemberID] => 8515
)
 from 49.96.45.146
2024/06/28 10:22:32 [/shop/shopping/load_payment_module.php] ErrCode=E01&ErrInfo=E01240002 from 49.96.45.146
2024/06/28 10:22:32 [/shop/shopping/load_payment_module.php] Array
(
    [0] => Array
        (
            [ErrCode] => E01
            [ErrInfo] => E01240002
        )

)
 from 49.96.45.146
2024/06/28 10:22:32 [/shop/shopping/load_payment_module.php] SendRequest:https://p01.mul-pay.jp/payment/EntryTran.idPass from 49.96.45.146
2024/06/28 10:22:32 [/shop/shopping/load_payment_module.php] Array
(
    [ShopID] => 9000034600950
    [ShopPass] => ******
    [OrderID] => 958091-28102232
    [JobCd] => CAPTURE
    [Amount] => 63320
    [TdFlag] => 0
    [TdTenantName] => 
)
 from 49.96.45.146
2024/06/28 10:22:32 [/shop/shopping/load_payment_module.php] AccessID=f2a699921003cf17f4766fb10faefb54&AccessPass=99003c824ddd95cace7bc96916c52597 from 49.96.45.146
2024/06/28 10:22:32 [/shop/shopping/load_payment_module.php] Array
(
    [0] => Array
        (
            [AccessID] => f2a699921003cf17f4766fb10faefb54
            [AccessPass] => 99003c824ddd95cace7bc96916c52597
        )

)
 from 49.96.45.146
2024/06/28 10:22:32 [/shop/shopping/load_payment_module.php] load_payment_module.php set payment data:Array
(
    [AccessID] => f2a699921003cf17f4766fb10faefb54
    [AccessPass] => 99003c824ddd95cace7bc96916c52597
    [OrderID] => 958091-28102232
    [Amount] => 63320
    [JobCd] => CAPTURE
    [action_status] => 1
    [pay_status] => 0
)
 from 49.96.45.146
2024/06/28 10:22:32 [/shop/shopping/load_payment_module.php] SendRequest:https://p01.mul-pay.jp/payment/ExecTran.idPass from 49.96.45.146
2024/06/28 10:22:32 [/shop/shopping/load_payment_module.php] Array
(
    [AccessID] => f2a699921003cf17f4766fb10faefb54
    [AccessPass] => 99003c824ddd95cace7bc96916c52597
    [OrderID] => 958091-28102232
    [Method] => 1
    [Token] => a276cc170db6fd49fb9d7bc91cff6c8d5b279f2d8dffbeb242ef13b70d8cb22b
    [ClientField1] => 
    [ClientField2] => 
    [ClientField3] => EC-CUBE4.3.35
)
 from 49.96.45.146
2024/06/28 10:22:33 [/shop/shopping/load_payment_module.php] ACS=0&OrderID=958091-28102232&Forward=2959876&Method=1&PayTimes=&Approve=0032233&TranID=2406281022602257210134153284&TranDate=20240628102233&CheckString=76a4f2ae2f93c27997ac85378aaa77fa from 49.96.45.146
2024/06/28 10:22:33 [/shop/shopping/load_payment_module.php] Array
(
    [0] => Array
        (
            [ACS] => 0
            [OrderID] => 958091-28102232
            [Forward] => 2959876
            [Method] => 1
            [PayTimes] => 
            [Approve] => 0032233
            [TranID] => 2406281022602257210134153284
            [TranDate] => 20240628102233
            [CheckString] => 76a4f2ae2f93c27997ac85378aaa77fa
        )

)
 from 49.96.45.146
2024/06/28 10:22:33 [/shop/shopping/load_payment_module.php] load_payment_module.php set payment data:Array
(
    [ACS] => 0
    [Forward] => 2959876
    [Method] => 1
    [PayTimes] => 
    [Approve] => 0032233
    [TranID] => 2406281022602257210134153284
    [TranDate] => 20240628102233
    [CheckString] => 76a4f2ae2f93c27997ac85378aaa77fa
    [Amount] => 63320
    [JobCd] => CAPTURE
    [action_status] => 3
    [pay_status] => 13
)
 from 49.96.45.146
2024/06/28 10:22:34 [/shop/user_data/pg_mulpay_recv.php] ******* receiveer data start ******* from 210.175.7.20
2024/06/28 10:22:34 [/shop/user_data/pg_mulpay_recv.php] Array
(
    [ShopID] => 9000034600950
    [ShopPass] => **********
    [AccessID] => f2a699921003cf17f4766fb10faefb54
    [AccessPass] => ********************************
    [OrderID] => 958091-28102232
    [Status] => CAPTURE
    [JobCd] => CAPTURE
    [Amount] => 63320
    [Tax] => 0
    [Currency] => JPN
    [Forward] => 2959876
    [Method] => 1
    [PayTimes] => 
    [TranID] => 2406281022602257210134153284
    [Approve] => 0032233
    [TranDate] => 20240628102233
    [ErrCode] => 
    [ErrInfo] => 
    [PayType] => 0
)
 from 210.175.7.20
2024/06/28 10:22:34 [/shop/user_data/pg_mulpay_recv.php] ******* receiveer data end ******* from 210.175.7.20
2024/06/28 10:22:39 [/shop/user_data/pg_mulpay_recv.php] update order status:1 order_id=958091 from 210.175.7.20
2024/06/28 10:22:39 [/shop/user_data/pg_mulpay_recv.php] pg_mulpay_recv.php set payment data:Array
(
    [ShopID] => 9000034600950
    [AccessID] => f2a699921003cf17f4766fb10faefb54
    [OrderID] => 958091-28102232
    [Status] => CAPTURE
    [JobCd] => CAPTURE
    [Amount] => 63320
    [Tax] => 0
    [Currency] => JPN
    [Forward] => 2959876
    [Method] => 1
    [PayTimes] => 
    [TranID] => 2406281022602257210134153284
    [Approve] => 0032233
    [TranDate] => 20240628102233
    [ErrCode] => 
    [ErrInfo] => 
    [PayType] => 0
    [CvsCode] => 
    [CvsConfNo] => 
    [CvsReceiptNo] => 
    [EdyReceiptNo] => 
    [EdyOrderNo] => 
    [SuicaReceiptNo] => 
    [SuicaOrderNo] => 
    [CustID] => 
    [BkCode] => 
    [ConfNo] => 
    [PaymentTerm] => 
    [EncryptReceiptNo] => 
    [FinishDate] => 
    [ReceiptDate] => 
    [WebMoneyManagementNo] => 
    [WebMoneySettleCode] => 
    [AuPayInfoNo] => 
    [AuPayMethod] => 
    [AuCancelAmount] => 
    [AuCancelTax] => 
    [DocomoSettlementCode] => 
    [DocomoCancelAmount] => 
    [DocomoCancelTax] => 
    [pay_status] => 13
)
 from 210.175.7.20
2024/06/28 10:22:39 [/shop/user_data/pg_mulpay_recv.php] response:true from 210.175.7.20
2024/06/28 11:39:18 [/shop/shopping/load_payment_module.php] SendRequest:https://p01.mul-pay.jp/payment/EntryTran.idPass from 36.10.92.32
2024/06/28 11:39:18 [/shop/shopping/load_payment_module.php] Array
(
    [ShopID] => 9000034600950
    [ShopPass] => ******
    [OrderID] => 958092-28113918
    [JobCd] => CAPTURE
    [Amount] => 7470
    [TdFlag] => 0
    [TdTenantName] => 
)
 from 36.10.92.32
2024/06/28 11:39:18 [/shop/shopping/load_payment_module.php] AccessID=64245fad712fd08ce0adfbf9009cec16&AccessPass=57c2fcc242803879ca33e89419fd9e9e from 36.10.92.32
2024/06/28 11:39:18 [/shop/shopping/load_payment_module.php] Array
(
    [0] => Array
        (
            [AccessID] => 64245fad712fd08ce0adfbf9009cec16
            [AccessPass] => 57c2fcc242803879ca33e89419fd9e9e
        )

)
 from 36.10.92.32
2024/06/28 11:39:18 [/shop/shopping/load_payment_module.php] load_payment_module.php set payment data:Array
(
    [AccessID] => 64245fad712fd08ce0adfbf9009cec16
    [AccessPass] => 57c2fcc242803879ca33e89419fd9e9e
    [OrderID] => 958092-28113918
    [Amount] => 7470
    [JobCd] => CAPTURE
    [action_status] => 1
    [pay_status] => 0
)
 from 36.10.92.32
2024/06/28 11:39:18 [/shop/shopping/load_payment_module.php] SendRequest:https://p01.mul-pay.jp/payment/ExecTran.idPass from 36.10.92.32
2024/06/28 11:39:18 [/shop/shopping/load_payment_module.php] Array
(
    [AccessID] => 64245fad712fd08ce0adfbf9009cec16
    [AccessPass] => 57c2fcc242803879ca33e89419fd9e9e
    [OrderID] => 958092-28113918
    [Method] => 1
    [Token] => ec191945cef2736464badc565469e846fddd138e482897066817b14bd037427d
    [ClientField1] => 
    [ClientField2] => 
    [ClientField3] => EC-CUBE4.3.35
)
 from 36.10.92.32
2024/06/28 11:39:19 [/shop/shopping/load_payment_module.php] ACS=0&OrderID=958092-28113918&Forward=2S49631&Method=1&PayTimes=&Approve=0510092&TranID=2406281139602257210134163304&TranDate=20240628113919&CheckString=f5e02387c831bfc845230a799cd52a56 from 36.10.92.32
2024/06/28 11:39:19 [/shop/shopping/load_payment_module.php] Array
(
    [0] => Array
        (
            [ACS] => 0
            [OrderID] => 958092-28113918
            [Forward] => 2S49631
            [Method] => 1
            [PayTimes] => 
            [Approve] => 0510092
            [TranID] => 2406281139602257210134163304
            [TranDate] => 20240628113919
            [CheckString] => f5e02387c831bfc845230a799cd52a56
        )

)
 from 36.10.92.32
2024/06/28 11:39:19 [/shop/shopping/load_payment_module.php] load_payment_module.php set payment data:Array
(
    [ACS] => 0
    [Forward] => 2S49631
    [Method] => 1
    [PayTimes] => 
    [Approve] => 0510092
    [TranID] => 2406281139602257210134163304
    [TranDate] => 20240628113919
    [CheckString] => f5e02387c831bfc845230a799cd52a56
    [Amount] => 7470
    [JobCd] => CAPTURE
    [action_status] => 3
    [pay_status] => 13
)
 from 36.10.92.32
2024/06/28 11:39:19 [/shop/user_data/pg_mulpay_recv.php] ******* receiveer data start ******* from 210.175.7.20
2024/06/28 11:39:19 [/shop/user_data/pg_mulpay_recv.php] Array
(
    [ShopID] => 9000034600950
    [ShopPass] => **********
    [AccessID] => 64245fad712fd08ce0adfbf9009cec16
    [AccessPass] => ********************************
    [OrderID] => 958092-28113918
    [Status] => CAPTURE
    [JobCd] => CAPTURE
    [Amount] => 7470
    [Tax] => 0
    [Currency] => JPN
    [Forward] => 2S49631
    [Method] => 1
    [PayTimes] => 
    [TranID] => 2406281139602257210134163304
    [Approve] => 0510092
    [TranDate] => 20240628113919
    [ErrCode] => 
    [ErrInfo] => 
    [PayType] => 0
)
 from 210.175.7.20
2024/06/28 11:39:19 [/shop/user_data/pg_mulpay_recv.php] ******* receiveer data end ******* from 210.175.7.20
2024/06/28 11:39:24 [/shop/user_data/pg_mulpay_recv.php] update order status:1 order_id=958092 from 210.175.7.20
2024/06/28 11:39:24 [/shop/user_data/pg_mulpay_recv.php] pg_mulpay_recv.php set payment data:Array
(
    [ShopID] => 9000034600950
    [AccessID] => 64245fad712fd08ce0adfbf9009cec16
    [OrderID] => 958092-28113918
    [Status] => CAPTURE
    [JobCd] => CAPTURE
    [Amount] => 7470
    [Tax] => 0
    [Currency] => JPN
    [Forward] => 2S49631
    [Method] => 1
    [PayTimes] => 
    [TranID] => 2406281139602257210134163304
    [Approve] => 0510092
    [TranDate] => 20240628113919
    [ErrCode] => 
    [ErrInfo] => 
    [PayType] => 0
    [CvsCode] => 
    [CvsConfNo] => 
    [CvsReceiptNo] => 
    [EdyReceiptNo] => 
    [EdyOrderNo] => 
    [SuicaReceiptNo] => 
    [SuicaOrderNo] => 
    [CustID] => 
    [BkCode] => 
    [ConfNo] => 
    [PaymentTerm] => 
    [EncryptReceiptNo] => 
    [FinishDate] => 
    [ReceiptDate] => 
    [WebMoneyManagementNo] => 
    [WebMoneySettleCode] => 
    [AuPayInfoNo] => 
    [AuPayMethod] => 
    [AuCancelAmount] => 
    [AuCancelTax] => 
    [DocomoSettlementCode] => 
    [DocomoCancelAmount] => 
    [DocomoCancelTax] => 
    [pay_status] => 13
)
 from 210.175.7.20
2024/06/28 11:39:24 [/shop/user_data/pg_mulpay_recv.php] response:true from 210.175.7.20
2024/06/28 13:13:57 [/shop/shopping/load_payment_module.php] SendRequest:https://p01.mul-pay.jp/payment/SearchMember.idPass from 66.225.113.248
2024/06/28 13:13:57 [/shop/shopping/load_payment_module.php] Array
(
    [SiteID] => mst0000007602
    [SitePass] => ******
    [MemberID] => 9149
)
 from 66.225.113.248
2024/06/28 13:13:57 [/shop/shopping/load_payment_module.php] ErrCode=E01&ErrInfo=E01390002 from 66.225.113.248
2024/06/28 13:13:57 [/shop/shopping/load_payment_module.php] Array
(
    [0] => Array
        (
            [ErrCode] => E01
            [ErrInfo] => E01390002
        )

)
 from 66.225.113.248
2024/06/28 13:13:57 [/shop/shopping/load_payment_module.php] SendRequest:https://p01.mul-pay.jp/payment/SearchCard.idPass from 66.225.113.248
2024/06/28 13:13:57 [/shop/shopping/load_payment_module.php] Array
(
    [SiteID] => mst0000007602
    [SitePass] => ******
    [MemberID] => 9149
)
 from 66.225.113.248
2024/06/28 13:13:57 [/shop/shopping/load_payment_module.php] ErrCode=E01|E01&ErrInfo=E01390002|E01240002 from 66.225.113.248
2024/06/28 13:13:57 [/shop/shopping/load_payment_module.php] Array
(
    [0] => Array
        (
            [ErrCode] => E01
            [ErrInfo] => E01390002
        )

    [1] => Array
        (
            [ErrCode] => E01
            [ErrInfo] => E01240002
        )

)
 from 66.225.113.248
2024/06/28 13:15:45 [/shop/shopping/load_payment_module.php] SendRequest:https://p01.mul-pay.jp/payment/SearchMember.idPass from 66.225.113.248
2024/06/28 13:15:45 [/shop/shopping/load_payment_module.php] Array
(
    [SiteID] => mst0000007602
    [SitePass] => ******
    [MemberID] => 9149
)
 from 66.225.113.248
2024/06/28 13:15:45 [/shop/shopping/load_payment_module.php] ErrCode=E01&ErrInfo=E01390002 from 66.225.113.248
2024/06/28 13:15:45 [/shop/shopping/load_payment_module.php] Array
(
    [0] => Array
        (
            [ErrCode] => E01
            [ErrInfo] => E01390002
        )

)
 from 66.225.113.248
2024/06/28 13:15:45 [/shop/shopping/load_payment_module.php] SendRequest:https://p01.mul-pay.jp/payment/SearchCard.idPass from 66.225.113.248
2024/06/28 13:15:45 [/shop/shopping/load_payment_module.php] Array
(
    [SiteID] => mst0000007602
    [SitePass] => ******
    [MemberID] => 9149
)
 from 66.225.113.248
2024/06/28 13:15:45 [/shop/shopping/load_payment_module.php] ErrCode=E01|E01&ErrInfo=E01390002|E01240002 from 66.225.113.248
2024/06/28 13:15:45 [/shop/shopping/load_payment_module.php] Array
(
    [0] => Array
        (
            [ErrCode] => E01
            [ErrInfo] => E01390002
        )

    [1] => Array
        (
            [ErrCode] => E01
            [ErrInfo] => E01240002
        )

)
 from 66.225.113.248
2024/06/28 13:15:45 [/shop/shopping/load_payment_module.php] SendRequest:https://p01.mul-pay.jp/payment/EntryTran.idPass from 66.225.113.248
2024/06/28 13:15:45 [/shop/shopping/load_payment_module.php] Array
(
    [ShopID] => 9000034600950
    [ShopPass] => ******
    [OrderID] => 958093-28131545
    [JobCd] => CAPTURE
    [Amount] => 7110
    [TdFlag] => 0
    [TdTenantName] => 
)
 from 66.225.113.248
2024/06/28 13:15:45 [/shop/shopping/load_payment_module.php] AccessID=07b47387cb85c44036482fb8d8f43bfd&AccessPass=25defc1f21953f879af79d4a61c016e5 from 66.225.113.248
2024/06/28 13:15:45 [/shop/shopping/load_payment_module.php] Array
(
    [0] => Array
        (
            [AccessID] => 07b47387cb85c44036482fb8d8f43bfd
            [AccessPass] => 25defc1f21953f879af79d4a61c016e5
        )

)
 from 66.225.113.248
2024/06/28 13:15:45 [/shop/shopping/load_payment_module.php] load_payment_module.php set payment data:Array
(
    [AccessID] => 07b47387cb85c44036482fb8d8f43bfd
    [AccessPass] => 25defc1f21953f879af79d4a61c016e5
    [OrderID] => 958093-28131545
    [Amount] => 7110
    [JobCd] => CAPTURE
    [action_status] => 1
    [pay_status] => 0
)
 from 66.225.113.248
2024/06/28 13:15:45 [/shop/shopping/load_payment_module.php] SendRequest:https://p01.mul-pay.jp/payment/ExecTran.idPass from 66.225.113.248
2024/06/28 13:15:45 [/shop/shopping/load_payment_module.php] Array
(
    [AccessID] => 07b47387cb85c44036482fb8d8f43bfd
    [AccessPass] => 25defc1f21953f879af79d4a61c016e5
    [OrderID] => 958093-28131545
    [Method] => 1
    [Token] => 01427fb4cdf2a03e0ae449de1cc35982d80609ce0ed4e58f311a5f128b549040
    [ClientField1] => 
    [ClientField2] => 
    [ClientField3] => EC-CUBE4.3.35
)
 from 66.225.113.248
2024/06/28 13:15:46 [/shop/shopping/load_payment_module.php] ACS=0&OrderID=958093-28131545&Forward=2a99661&Method=1&PayTimes=&Approve=0201514&TranID=2406281315602257210134163305&TranDate=20240628131546&CheckString=00f93dbaaa757ece96e4387b8762f554 from 66.225.113.248
2024/06/28 13:15:46 [/shop/shopping/load_payment_module.php] Array
(
    [0] => Array
        (
            [ACS] => 0
            [OrderID] => 958093-28131545
            [Forward] => 2a99661
            [Method] => 1
            [PayTimes] => 
            [Approve] => 0201514
            [TranID] => 2406281315602257210134163305
            [TranDate] => 20240628131546
            [CheckString] => 00f93dbaaa757ece96e4387b8762f554
        )

)
 from 66.225.113.248
2024/06/28 13:15:46 [/shop/shopping/load_payment_module.php] load_payment_module.php set payment data:Array
(
    [ACS] => 0
    [Forward] => 2a99661
    [Method] => 1
    [PayTimes] => 
    [Approve] => 0201514
    [TranID] => 2406281315602257210134163305
    [TranDate] => 20240628131546
    [CheckString] => 00f93dbaaa757ece96e4387b8762f554
    [Amount] => 7110
    [JobCd] => CAPTURE
    [action_status] => 3
    [pay_status] => 13
)
 from 66.225.113.248
2024/06/28 13:15:46 [/shop/user_data/pg_mulpay_recv.php] ******* receiveer data start ******* from 210.175.7.20
2024/06/28 13:15:46 [/shop/user_data/pg_mulpay_recv.php] Array
(
    [ShopID] => 9000034600950
    [ShopPass] => **********
    [AccessID] => 07b47387cb85c44036482fb8d8f43bfd
    [AccessPass] => ********************************
    [OrderID] => 958093-28131545
    [Status] => CAPTURE
    [JobCd] => CAPTURE
    [Amount] => 7110
    [Tax] => 0
    [Currency] => JPN
    [Forward] => 2a99661
    [Method] => 1
    [PayTimes] => 
    [TranID] => 2406281315602257210134163305
    [Approve] => 0201514
    [TranDate] => 20240628131546
    [ErrCode] => 
    [ErrInfo] => 
    [PayType] => 0
)
 from 210.175.7.20
2024/06/28 13:15:46 [/shop/user_data/pg_mulpay_recv.php] ******* receiveer data end ******* from 210.175.7.20
2024/06/28 13:15:51 [/shop/user_data/pg_mulpay_recv.php] update order status:1 order_id=958093 from 210.175.7.20
2024/06/28 13:15:51 [/shop/user_data/pg_mulpay_recv.php] pg_mulpay_recv.php set payment data:Array
(
    [ShopID] => 9000034600950
    [AccessID] => 07b47387cb85c44036482fb8d8f43bfd
    [OrderID] => 958093-28131545
    [Status] => CAPTURE
    [JobCd] => CAPTURE
    [Amount] => 7110
    [Tax] => 0
    [Currency] => JPN
    [Forward] => 2a99661
    [Method] => 1
    [PayTimes] => 
    [TranID] => 2406281315602257210134163305
    [Approve] => 0201514
    [TranDate] => 20240628131546
    [ErrCode] => 
    [ErrInfo] => 
    [PayType] => 0
    [CvsCode] => 
    [CvsConfNo] => 
    [CvsReceiptNo] => 
    [EdyReceiptNo] => 
    [EdyOrderNo] => 
    [SuicaReceiptNo] => 
    [SuicaOrderNo] => 
    [CustID] => 
    [BkCode] => 
    [ConfNo] => 
    [PaymentTerm] => 
    [EncryptReceiptNo] => 
    [FinishDate] => 
    [ReceiptDate] => 
    [WebMoneyManagementNo] => 
    [WebMoneySettleCode] => 
    [AuPayInfoNo] => 
    [AuPayMethod] => 
    [AuCancelAmount] => 
    [AuCancelTax] => 
    [DocomoSettlementCode] => 
    [DocomoCancelAmount] => 
    [DocomoCancelTax] => 
    [pay_status] => 13
)
 from 210.175.7.20
2024/06/28 13:15:51 [/shop/user_data/pg_mulpay_recv.php] response:true from 210.175.7.20
2024/06/28 15:39:01 [/shop/master/order/edit.php] SendRequest:https://p01.mul-pay.jp/payment/AlterTran.idPass from 114.160.216.147
2024/06/28 15:39:01 [/shop/master/order/edit.php] Array
(
    [ShopID] => 9000034600950
    [ShopPass] => ******
    [AccessID] => f34f0dcbc29207f5b3046e2f3a09a257
    [AccessPass] => d8b078d88894385ab94d01b032182a05
    [JobCd] => RETURNX
)
 from 114.160.216.147
2024/06/28 15:39:01 [/shop/master/order/edit.php] AccessID=f34f0dcbc29207f5b3046e2f3a09a257&AccessPass=d8b078d88894385ab94d01b032182a05&Forward=2959876&Approve=       &TranID=2406281539602257210134153285&TranDate=20240628153901 from 114.160.216.147
2024/06/28 15:39:01 [/shop/master/order/edit.php] Array
(
    [0] => Array
        (
            [AccessID] => f34f0dcbc29207f5b3046e2f3a09a257
            [AccessPass] => d8b078d88894385ab94d01b032182a05
            [Forward] => 2959876
            [Approve] => 
            [TranID] => 2406281539602257210134153285
            [TranDate] => 20240628153901
        )

)
 from 114.160.216.147
2024/06/28 15:39:01 [/shop/master/order/edit.php] edit.php set payment data:Array
(
    [AccessID] => f34f0dcbc29207f5b3046e2f3a09a257
    [AccessPass] => d8b078d88894385ab94d01b032182a05
    [Forward] => 2959876
    [TranID] => 2406281539602257210134153285
    [TranDate] => 20240628153901
    [JobCd] => RETURNX
    [action_status] => 6
    [pay_status] => 16
)
 from 114.160.216.147
2024/06/28 15:39:01 [/shop/user_data/pg_mulpay_recv.php] ******* receiveer data start ******* from 210.175.7.20
2024/06/28 15:39:01 [/shop/user_data/pg_mulpay_recv.php] Array
(
    [ShopID] => 9000034600950
    [ShopPass] => **********
    [AccessID] => f34f0dcbc29207f5b3046e2f3a09a257
    [AccessPass] => ********************************
    [OrderID] => 956416-04181915
    [Status] => RETURNX
    [JobCd] => RETURNX
    [Amount] => 17700
    [Tax] => 0
    [Currency] => JPN
    [Forward] => 2959876
    [Method] => 1
    [PayTimes] => 
    [TranID] => 2406281539602257210134153285
    [Approve] =>        
    [TranDate] => 20240628153901
    [ErrCode] => 
    [ErrInfo] => 
    [PayType] => 0
)
 from 210.175.7.20
2024/06/28 15:39:01 [/shop/user_data/pg_mulpay_recv.php] ******* receiveer data end ******* from 210.175.7.20
2024/06/28 15:39:01 [/shop/user_data/pg_mulpay_recv.php] pg_mulpay_recv.php set payment data:Array
(
    [ShopID] => 9000034600950
    [AccessID] => f34f0dcbc29207f5b3046e2f3a09a257
    [OrderID] => 956416-04181915
    [Status] => RETURNX
    [JobCd] => RETURNX
    [Amount] => 17700
    [Tax] => 0
    [Currency] => JPN
    [Forward] => 2959876
    [Method] => 1
    [PayTimes] => 
    [TranID] => 2406281539602257210134153285
    [TranDate] => 20240628153901
    [ErrCode] => 
    [ErrInfo] => 
    [PayType] => 0
    [CvsCode] => 
    [CvsConfNo] => 
    [CvsReceiptNo] => 
    [EdyReceiptNo] => 
    [EdyOrderNo] => 
    [SuicaReceiptNo] => 
    [SuicaOrderNo] => 
    [CustID] => 
    [BkCode] => 
    [ConfNo] => 
    [PaymentTerm] => 
    [EncryptReceiptNo] => 
    [FinishDate] => 
    [ReceiptDate] => 
    [WebMoneyManagementNo] => 
    [WebMoneySettleCode] => 
    [AuPayInfoNo] => 
    [AuPayMethod] => 
    [AuCancelAmount] => 
    [AuCancelTax] => 
    [DocomoSettlementCode] => 
    [DocomoCancelAmount] => 
    [DocomoCancelTax] => 
    [pay_status] => 16
)
 from 210.175.7.20
2024/06/28 15:39:02 [/shop/user_data/pg_mulpay_recv.php] response:true from 210.175.7.20
2024/06/28 15:39:10 [/shop/master/order/edit.php] SendRequest:https://p01.mul-pay.jp/payment/SearchTrade.idPass from 114.160.216.147
2024/06/28 15:39:10 [/shop/master/order/edit.php] Array
(
    [ShopID] => 9000034600950
    [ShopPass] => ******
    [OrderID] => 956416-04181915
)
 from 114.160.216.147
2024/06/28 15:39:10 [/shop/master/order/edit.php] OrderID=956416-04181915&Status=RETURNX&ProcessDate=20240628153901&JobCd=RETURNX&AccessID=f34f0dcbc29207f5b3046e2f3a09a257&AccessPass=d8b078d88894385ab94d01b032182a05&ItemCode=0000990&Amount=17700&Tax=0&SiteID=&MemberID=&CardNo=************3105&Expire=2609&Method=1&PayTimes=&Forward=2959876&TranID=2406281539602257210134153285&Approve=       &ClientField1=&ClientField2=&ClientField3=EC-CUBE4.3.35 from 114.160.216.147
2024/06/28 15:39:10 [/shop/master/order/edit.php] Array
(
    [0] => Array
        (
            [OrderID] => 956416-04181915
            [Status] => RETURNX
            [ProcessDate] => 20240628153901
            [JobCd] => RETURNX
            [AccessID] => f34f0dcbc29207f5b3046e2f3a09a257
            [AccessPass] => d8b078d88894385ab94d01b032182a05
            [ItemCode] => 0000990
            [Amount] => 17700
            [Tax] => 0
            [SiteID] => 
            [MemberID] => 
            [CardNo] => ************3105
            [Expire] => 2609
            [Method] => 1
            [PayTimes] => 
            [Forward] => 2959876
            [TranID] => 2406281539602257210134153285
            [Approve] => 
            [ClientField1] => 
            [ClientField2] => 
            [ClientField3] => EC-CUBE4.3.35
        )

)
 from 114.160.216.147
2024/06/28 15:39:10 [/shop/master/order/edit.php] edit.php set payment data:Array
(
    [OrderID] => 956416-04181915
    [Status] => RETURNX
    [ProcessDate] => 20240628153901
    [JobCd] => RETURNX
    [AccessID] => f34f0dcbc29207f5b3046e2f3a09a257
    [AccessPass] => d8b078d88894385ab94d01b032182a05
    [ItemCode] => 0000990
    [Amount] => 17700
    [Tax] => 0
    [SiteID] => 
    [MemberID] => 
    [CardNo] => ************3105
    [Expire] => 2609
    [Method] => 1
    [PayTimes] => 
    [Forward] => 2959876
    [TranID] => 2406281539602257210134153285
    [ClientField1] => 
    [ClientField2] => 
    [ClientField3] => EC-CUBE4.3.35
    [action_status] => 6
    [pay_status] => 16
)
 from 114.160.216.147
2024/06/28 15:45:39 [/shop/shopping/load_payment_module.php] SendRequest:https://p01.mul-pay.jp/payment/EntryTran.idPass from 108.45.27.32
2024/06/28 15:45:39 [/shop/shopping/load_payment_module.php] Array
(
    [ShopID] => 9000034600950
    [ShopPass] => ******
    [OrderID] => 958094-28154539
    [JobCd] => CAPTURE
    [Amount] => 1560
    [TdFlag] => 0
    [TdTenantName] => 
)
 from 108.45.27.32
2024/06/28 15:45:39 [/shop/shopping/load_payment_module.php] AccessID=0126d490d0388ef4923d42c02e474325&AccessPass=175ca001fbe295ba76945d12c784759d from 108.45.27.32
2024/06/28 15:45:39 [/shop/shopping/load_payment_module.php] Array
(
    [0] => Array
        (
            [AccessID] => 0126d490d0388ef4923d42c02e474325
            [AccessPass] => 175ca001fbe295ba76945d12c784759d
        )

)
 from 108.45.27.32
2024/06/28 15:45:39 [/shop/shopping/load_payment_module.php] load_payment_module.php set payment data:Array
(
    [AccessID] => 0126d490d0388ef4923d42c02e474325
    [AccessPass] => 175ca001fbe295ba76945d12c784759d
    [OrderID] => 958094-28154539
    [Amount] => 1560
    [JobCd] => CAPTURE
    [action_status] => 1
    [pay_status] => 0
)
 from 108.45.27.32
2024/06/28 15:45:39 [/shop/shopping/load_payment_module.php] SendRequest:https://p01.mul-pay.jp/payment/ExecTran.idPass from 108.45.27.32
2024/06/28 15:45:39 [/shop/shopping/load_payment_module.php] Array
(
    [AccessID] => 0126d490d0388ef4923d42c02e474325
    [AccessPass] => 175ca001fbe295ba76945d12c784759d
    [OrderID] => 958094-28154539
    [Method] => 1
    [Token] => 1b1ffb8072ac387d9c2804a311ca114688e61f47a73025bad49e499a784d623b
    [ClientField1] => 
    [ClientField2] => 
    [ClientField3] => EC-CUBE4.3.35
)
 from 108.45.27.32
2024/06/28 15:45:40 [/shop/shopping/load_payment_module.php] ACS=0&OrderID=958094-28154539&Forward=2S49631&Method=1&PayTimes=&Approve=0062124&TranID=2406281545602257210134173158&TranDate=20240628154540&CheckString=69ef699923c4667e2cacbd8f212d5cef from 108.45.27.32
2024/06/28 15:45:40 [/shop/shopping/load_payment_module.php] Array
(
    [0] => Array
        (
            [ACS] => 0
            [OrderID] => 958094-28154539
            [Forward] => 2S49631
            [Method] => 1
            [PayTimes] => 
            [Approve] => 0062124
            [TranID] => 2406281545602257210134173158
            [TranDate] => 20240628154540
            [CheckString] => 69ef699923c4667e2cacbd8f212d5cef
        )

)
 from 108.45.27.32
2024/06/28 15:45:40 [/shop/shopping/load_payment_module.php] load_payment_module.php set payment data:Array
(
    [ACS] => 0
    [Forward] => 2S49631
    [Method] => 1
    [PayTimes] => 
    [Approve] => 0062124
    [TranID] => 2406281545602257210134173158
    [TranDate] => 20240628154540
    [CheckString] => 69ef699923c4667e2cacbd8f212d5cef
    [Amount] => 1560
    [JobCd] => CAPTURE
    [action_status] => 3
    [pay_status] => 13
)
 from 108.45.27.32
2024/06/28 15:45:40 [/shop/user_data/pg_mulpay_recv.php] ******* receiveer data start ******* from 210.175.7.20
2024/06/28 15:45:40 [/shop/user_data/pg_mulpay_recv.php] Array
(
    [ShopID] => 9000034600950
    [ShopPass] => **********
    [AccessID] => 0126d490d0388ef4923d42c02e474325
    [AccessPass] => ********************************
    [OrderID] => 958094-28154539
    [Status] => CAPTURE
    [JobCd] => CAPTURE
    [Amount] => 1560
    [Tax] => 0
    [Currency] => JPN
    [Forward] => 2S49631
    [Method] => 1
    [PayTimes] => 
    [TranID] => 2406281545602257210134173158
    [Approve] => 0062124
    [TranDate] => 20240628154540
    [ErrCode] => 
    [ErrInfo] => 
    [PayType] => 0
)
 from 210.175.7.20
2024/06/28 15:45:40 [/shop/user_data/pg_mulpay_recv.php] ******* receiveer data end ******* from 210.175.7.20
2024/06/28 15:45:45 [/shop/user_data/pg_mulpay_recv.php] update order status:1 order_id=958094 from 210.175.7.20
2024/06/28 15:45:45 [/shop/user_data/pg_mulpay_recv.php] pg_mulpay_recv.php set payment data:Array
(
    [ShopID] => 9000034600950
    [AccessID] => 0126d490d0388ef4923d42c02e474325
    [OrderID] => 958094-28154539
    [Status] => CAPTURE
    [JobCd] => CAPTURE
    [Amount] => 1560
    [Tax] => 0
    [Currency] => JPN
    [Forward] => 2S49631
    [Method] => 1
    [PayTimes] => 
    [TranID] => 2406281545602257210134173158
    [Approve] => 0062124
    [TranDate] => 20240628154540
    [ErrCode] => 
    [ErrInfo] => 
    [PayType] => 0
    [CvsCode] => 
    [CvsConfNo] => 
    [CvsReceiptNo] => 
    [EdyReceiptNo] => 
    [EdyOrderNo] => 
    [SuicaReceiptNo] => 
    [SuicaOrderNo] => 
    [CustID] => 
    [BkCode] => 
    [ConfNo] => 
    [PaymentTerm] => 
    [EncryptReceiptNo] => 
    [FinishDate] => 
    [ReceiptDate] => 
    [WebMoneyManagementNo] => 
    [WebMoneySettleCode] => 
    [AuPayInfoNo] => 
    [AuPayMethod] => 
    [AuCancelAmount] => 
    [AuCancelTax] => 
    [DocomoSettlementCode] => 
    [DocomoCancelAmount] => 
    [DocomoCancelTax] => 
    [pay_status] => 13
)
 from 210.175.7.20
2024/06/28 15:45:45 [/shop/user_data/pg_mulpay_recv.php] response:true from 210.175.7.20
2024/06/28 16:19:44 [/shop/master/order/edit.php] edit.php set payment data:Array
(
    [no_update_status_flg] => 1
)
 from 114.160.216.147
2024/06/28 16:19:44 [/shop/master/order/edit.php] SendRequest:https://p01.mul-pay.jp/payment/ChangeTran.idPass from 114.160.216.147
2024/06/28 16:19:44 [/shop/master/order/edit.php] Array
(
    [ShopID] => 9000034600950
    [ShopPass] => ******
    [AccessID] => 0126d490d0388ef4923d42c02e474325
    [AccessPass] => 175ca001fbe295ba76945d12c784759d
    [JobCd] => CAPTURE
    [Amount] => 390
)
 from 114.160.216.147
2024/06/28 16:19:45 [/shop/master/order/edit.php] AccessID=0126d490d0388ef4923d42c02e474325&AccessPass=175ca001fbe295ba76945d12c784759d&Forward=2S49631&Approve=0083504&TranID=2406281619602257210134173159&TranDate=20240628161945 from 114.160.216.147
2024/06/28 16:19:45 [/shop/master/order/edit.php] Array
(
    [0] => Array
        (
            [AccessID] => 0126d490d0388ef4923d42c02e474325
            [AccessPass] => 175ca001fbe295ba76945d12c784759d
            [Forward] => 2S49631
            [Approve] => 0083504
            [TranID] => 2406281619602257210134173159
            [TranDate] => 20240628161945
        )

)
 from 114.160.216.147
2024/06/28 16:19:45 [/shop/master/order/edit.php] edit.php set payment data:Array
(
    [AccessID] => 0126d490d0388ef4923d42c02e474325
    [AccessPass] => 175ca001fbe295ba76945d12c784759d
    [Forward] => 2S49631
    [Approve] => 0083504
    [TranID] => 2406281619602257210134173159
    [TranDate] => 20240628161945
    [action_status] => 6
    [pay_status] => 13
    [JobCd] => CAPTURE
    [Amount] => 390
)
 from 114.160.216.147
2024/06/28 16:19:45 [/shop/user_data/pg_mulpay_recv.php] ******* receiveer data start ******* from 210.175.7.20
2024/06/28 16:19:45 [/shop/user_data/pg_mulpay_recv.php] Array
(
    [ShopID] => 9000034600950
    [ShopPass] => **********
    [AccessID] => 0126d490d0388ef4923d42c02e474325
    [AccessPass] => ********************************
    [OrderID] => 958094-28154539
    [Status] => VOID
    [JobCd] => VOID
    [Amount] => 1560
    [Tax] => 0
    [Currency] => JPN
    [Forward] => 2S49631
    [Method] => 1
    [PayTimes] => 
    [TranID] => 2406281619602257210134153286
    [Approve] => 0018851
    [TranDate] => 20240628161945
    [ErrCode] => 
    [ErrInfo] => 
    [PayType] => 0
)
 from 210.175.7.20
2024/06/28 16:19:45 [/shop/user_data/pg_mulpay_recv.php] ******* receiveer data end ******* from 210.175.7.20
2024/06/28 16:19:45 [/shop/user_data/pg_mulpay_recv.php] ******* receiveer data start ******* from 210.175.7.20
2024/06/28 16:19:45 [/shop/user_data/pg_mulpay_recv.php] Array
(
    [ShopID] => 9000034600950
    [ShopPass] => **********
    [AccessID] => 0126d490d0388ef4923d42c02e474325
    [AccessPass] => ********************************
    [OrderID] => 958094-28154539
    [Status] => CAPTURE
    [JobCd] => CAPTURE
    [Amount] => 390
    [Tax] => 0
    [Currency] => JPN
    [Forward] => 2S49631
    [Method] => 1
    [PayTimes] => 
    [TranID] => 2406281619602257210134173159
    [Approve] => 0083504
    [TranDate] => 20240628161945
    [ErrCode] => 
    [ErrInfo] => 
    [PayType] => 0
)
 from 210.175.7.20
2024/06/28 16:19:45 [/shop/user_data/pg_mulpay_recv.php] ******* receiveer data end ******* from 210.175.7.20
2024/06/28 16:19:45 [/shop/user_data/pg_mulpay_recv.php] pg_mulpay_recv.php set payment data:Array
(
    [ShopID] => 9000034600950
    [AccessID] => 0126d490d0388ef4923d42c02e474325
    [OrderID] => 958094-28154539
    [Status] => VOID
    [JobCd] => VOID
    [Amount] => 1560
    [Tax] => 0
    [Currency] => JPN
    [Forward] => 2S49631
    [Method] => 1
    [PayTimes] => 
    [TranID] => 2406281619602257210134153286
    [Approve] => 0018851
    [TranDate] => 20240628161945
    [ErrCode] => 
    [ErrInfo] => 
    [PayType] => 0
    [CvsCode] => 
    [CvsConfNo] => 
    [CvsReceiptNo] => 
    [EdyReceiptNo] => 
    [EdyOrderNo] => 
    [SuicaReceiptNo] => 
    [SuicaOrderNo] => 
    [CustID] => 
    [BkCode] => 
    [ConfNo] => 
    [PaymentTerm] => 
    [EncryptReceiptNo] => 
    [FinishDate] => 
    [ReceiptDate] => 
    [WebMoneyManagementNo] => 
    [WebMoneySettleCode] => 
    [AuPayInfoNo] => 
    [AuPayMethod] => 
    [AuCancelAmount] => 
    [AuCancelTax] => 
    [DocomoSettlementCode] => 
    [DocomoCancelAmount] => 
    [DocomoCancelTax] => 
    [pay_status] => 14
)
 from 210.175.7.20
2024/06/28 16:19:45 [/shop/user_data/pg_mulpay_recv.php] response:true from 210.175.7.20
2024/06/28 16:19:50 [/shop/user_data/pg_mulpay_recv.php] no update order status order_id=958094 from 210.175.7.20
2024/06/28 16:19:50 [/shop/user_data/pg_mulpay_recv.php] pg_mulpay_recv.php set payment data:Array
(
    [ShopID] => 9000034600950
    [AccessID] => 0126d490d0388ef4923d42c02e474325
    [OrderID] => 958094-28154539
    [Status] => CAPTURE
    [JobCd] => CAPTURE
    [Amount] => 390
    [Tax] => 0
    [Currency] => JPN
    [Forward] => 2S49631
    [Method] => 1
    [PayTimes] => 
    [TranID] => 2406281619602257210134173159
    [Approve] => 0083504
    [TranDate] => 20240628161945
    [ErrCode] => 
    [ErrInfo] => 
    [PayType] => 0
    [CvsCode] => 
    [CvsConfNo] => 
    [CvsReceiptNo] => 
    [EdyReceiptNo] => 
    [EdyOrderNo] => 
    [SuicaReceiptNo] => 
    [SuicaOrderNo] => 
    [CustID] => 
    [BkCode] => 
    [ConfNo] => 
    [PaymentTerm] => 
    [EncryptReceiptNo] => 
    [FinishDate] => 
    [ReceiptDate] => 
    [WebMoneyManagementNo] => 
    [WebMoneySettleCode] => 
    [AuPayInfoNo] => 
    [AuPayMethod] => 
    [AuCancelAmount] => 
    [AuCancelTax] => 
    [DocomoSettlementCode] => 
    [DocomoCancelAmount] => 
    [DocomoCancelTax] => 
    [pay_status] => 13
    [no_update_status_flg] => 0
)
 from 210.175.7.20
2024/06/28 16:19:50 [/shop/user_data/pg_mulpay_recv.php] response:true from 210.175.7.20
2024/06/28 16:19:54 [/shop/master/order/edit.php] SendRequest:https://p01.mul-pay.jp/payment/SearchTrade.idPass from 114.160.216.147
2024/06/28 16:19:54 [/shop/master/order/edit.php] Array
(
    [ShopID] => 9000034600950
    [ShopPass] => ******
    [OrderID] => 958094-28154539
)
 from 114.160.216.147
2024/06/28 16:19:54 [/shop/master/order/edit.php] OrderID=958094-28154539&Status=CAPTURE&ProcessDate=20240628161945&JobCd=CAPTURE&AccessID=0126d490d0388ef4923d42c02e474325&AccessPass=175ca001fbe295ba76945d12c784759d&ItemCode=0000990&Amount=390&Tax=0&SiteID=&MemberID=&CardNo=************1478&Expire=2710&Method=1&PayTimes=&Forward=2S49631&TranID=2406281619602257210134173159&Approve=0083504&ClientField1=&ClientField2=&ClientField3=EC-CUBE4.3.35 from 114.160.216.147
2024/06/28 16:19:54 [/shop/master/order/edit.php] Array
(
    [0] => Array
        (
            [OrderID] => 958094-28154539
            [Status] => CAPTURE
            [ProcessDate] => 20240628161945
            [JobCd] => CAPTURE
            [AccessID] => 0126d490d0388ef4923d42c02e474325
            [AccessPass] => 175ca001fbe295ba76945d12c784759d
            [ItemCode] => 0000990
            [Amount] => 390
            [Tax] => 0
            [SiteID] => 
            [MemberID] => 
            [CardNo] => ************1478
            [Expire] => 2710
            [Method] => 1
            [PayTimes] => 
            [Forward] => 2S49631
            [TranID] => 2406281619602257210134173159
            [Approve] => 0083504
            [ClientField1] => 
            [ClientField2] => 
            [ClientField3] => EC-CUBE4.3.35
        )

)
 from 114.160.216.147
2024/06/28 16:19:54 [/shop/master/order/edit.php] edit.php set payment data:Array
(
    [OrderID] => 958094-28154539
    [Status] => CAPTURE
    [ProcessDate] => 20240628161945
    [JobCd] => CAPTURE
    [AccessID] => 0126d490d0388ef4923d42c02e474325
    [AccessPass] => 175ca001fbe295ba76945d12c784759d
    [ItemCode] => 0000990
    [Amount] => 390
    [Tax] => 0
    [SiteID] => 
    [MemberID] => 
    [CardNo] => ************1478
    [Expire] => 2710
    [Method] => 1
    [PayTimes] => 
    [Forward] => 2S49631
    [TranID] => 2406281619602257210134173159
    [Approve] => 0083504
    [ClientField1] => 
    [ClientField2] => 
    [ClientField3] => EC-CUBE4.3.35
    [action_status] => 6
    [pay_status] => 13
)
 from 114.160.216.147
2024/06/28 16:52:13 [/shop/shopping/load_payment_module.php] SendRequest:https://p01.mul-pay.jp/payment/EntryTran.idPass from 50.91.60.166
2024/06/28 16:52:13 [/shop/shopping/load_payment_module.php] Array
(
    [ShopID] => 9000034600950
    [ShopPass] => ******
    [OrderID] => 958095-28165213
    [JobCd] => CAPTURE
    [Amount] => 8080
    [TdFlag] => 0
    [TdTenantName] => 
)
 from 50.91.60.166
2024/06/28 16:52:14 [/shop/shopping/load_payment_module.php] AccessID=fedb78f91087f0eb463e0ce08123c352&AccessPass=4f9fb193f2becf53c5497cf2e2888925 from 50.91.60.166
2024/06/28 16:52:14 [/shop/shopping/load_payment_module.php] Array
(
    [0] => Array
        (
            [AccessID] => fedb78f91087f0eb463e0ce08123c352
            [AccessPass] => 4f9fb193f2becf53c5497cf2e2888925
        )

)
 from 50.91.60.166
2024/06/28 16:52:14 [/shop/shopping/load_payment_module.php] load_payment_module.php set payment data:Array
(
    [AccessID] => fedb78f91087f0eb463e0ce08123c352
    [AccessPass] => 4f9fb193f2becf53c5497cf2e2888925
    [OrderID] => 958095-28165213
    [Amount] => 8080
    [JobCd] => CAPTURE
    [action_status] => 1
    [pay_status] => 0
)
 from 50.91.60.166
2024/06/28 16:52:14 [/shop/shopping/load_payment_module.php] SendRequest:https://p01.mul-pay.jp/payment/ExecTran.idPass from 50.91.60.166
2024/06/28 16:52:14 [/shop/shopping/load_payment_module.php] Array
(
    [AccessID] => fedb78f91087f0eb463e0ce08123c352
    [AccessPass] => 4f9fb193f2becf53c5497cf2e2888925
    [OrderID] => 958095-28165213
    [Method] => 1
    [Token] => 2dfa956ee4de13ba2f297f8d5f19797af72b2860723d4b6e1346e2f6e9548646
    [ClientField1] => 
    [ClientField2] => 
    [ClientField3] => EC-CUBE4.3.35
)
 from 50.91.60.166
2024/06/28 16:52:15 [/shop/shopping/load_payment_module.php] ACS=0&OrderID=958095-28165213&Forward=2959876&Method=1&PayTimes=&Approve=0205122&TranID=2406281652602257210134153287&TranDate=20240628165215&CheckString=5348e4caa24a7e7013a1ae545583813a from 50.91.60.166
2024/06/28 16:52:15 [/shop/shopping/load_payment_module.php] Array
(
    [0] => Array
        (
            [ACS] => 0
            [OrderID] => 958095-28165213
            [Forward] => 2959876
            [Method] => 1
            [PayTimes] => 
            [Approve] => 0205122
            [TranID] => 2406281652602257210134153287
            [TranDate] => 20240628165215
            [CheckString] => 5348e4caa24a7e7013a1ae545583813a
        )

)
 from 50.91.60.166
2024/06/28 16:52:15 [/shop/shopping/load_payment_module.php] load_payment_module.php set payment data:Array
(
    [ACS] => 0
    [Forward] => 2959876
    [Method] => 1
    [PayTimes] => 
    [Approve] => 0205122
    [TranID] => 2406281652602257210134153287
    [TranDate] => 20240628165215
    [CheckString] => 5348e4caa24a7e7013a1ae545583813a
    [Amount] => 8080
    [JobCd] => CAPTURE
    [action_status] => 3
    [pay_status] => 13
)
 from 50.91.60.166
2024/06/28 16:52:15 [/shop/user_data/pg_mulpay_recv.php] ******* receiveer data start ******* from 210.175.7.20
2024/06/28 16:52:15 [/shop/user_data/pg_mulpay_recv.php] Array
(
    [ShopID] => 9000034600950
    [ShopPass] => **********
    [AccessID] => fedb78f91087f0eb463e0ce08123c352
    [AccessPass] => ********************************
    [OrderID] => 958095-28165213
    [Status] => CAPTURE
    [JobCd] => CAPTURE
    [Amount] => 8080
    [Tax] => 0
    [Currency] => JPN
    [Forward] => 2959876
    [Method] => 1
    [PayTimes] => 
    [TranID] => 2406281652602257210134153287
    [Approve] => 0205122
    [TranDate] => 20240628165215
    [ErrCode] => 
    [ErrInfo] => 
    [PayType] => 0
)
 from 210.175.7.20
2024/06/28 16:52:15 [/shop/user_data/pg_mulpay_recv.php] ******* receiveer data end ******* from 210.175.7.20
2024/06/28 16:52:20 [/shop/user_data/pg_mulpay_recv.php] update order status:1 order_id=958095 from 210.175.7.20
2024/06/28 16:52:20 [/shop/user_data/pg_mulpay_recv.php] pg_mulpay_recv.php set payment data:Array
(
    [ShopID] => 9000034600950
    [AccessID] => fedb78f91087f0eb463e0ce08123c352
    [OrderID] => 958095-28165213
    [Status] => CAPTURE
    [JobCd] => CAPTURE
    [Amount] => 8080
    [Tax] => 0
    [Currency] => JPN
    [Forward] => 2959876
    [Method] => 1
    [PayTimes] => 
    [TranID] => 2406281652602257210134153287
    [Approve] => 0205122
    [TranDate] => 20240628165215
    [ErrCode] => 
    [ErrInfo] => 
    [PayType] => 0
    [CvsCode] => 
    [CvsConfNo] => 
    [CvsReceiptNo] => 
    [EdyReceiptNo] => 
    [EdyOrderNo] => 
    [SuicaReceiptNo] => 
    [SuicaOrderNo] => 
    [CustID] => 
    [BkCode] => 
    [ConfNo] => 
    [PaymentTerm] => 
    [EncryptReceiptNo] => 
    [FinishDate] => 
    [ReceiptDate] => 
    [WebMoneyManagementNo] => 
    [WebMoneySettleCode] => 
    [AuPayInfoNo] => 
    [AuPayMethod] => 
    [AuCancelAmount] => 
    [AuCancelTax] => 
    [DocomoSettlementCode] => 
    [DocomoCancelAmount] => 
    [DocomoCancelTax] => 
    [pay_status] => 13
)
 from 210.175.7.20
2024/06/28 16:52:20 [/shop/user_data/pg_mulpay_recv.php] response:true from 210.175.7.20
2024/06/28 23:36:42 [/shop/shopping/load_payment_module.php] SendRequest:https://p01.mul-pay.jp/payment/EntryTran.idPass from 201.92.114.214
2024/06/28 23:36:42 [/shop/shopping/load_payment_module.php] Array
(
    [ShopID] => 9000034600950
    [ShopPass] => ******
    [OrderID] => 958097-28233642
    [JobCd] => CAPTURE
    [Amount] => 16500
    [TdFlag] => 0
    [TdTenantName] => 
)
 from 201.92.114.214
2024/06/28 23:36:42 [/shop/shopping/load_payment_module.php] AccessID=9dae284add23e1bd51d5fea96d7f13f5&AccessPass=e6795487154ff404bc20b0a4421910de from 201.92.114.214
2024/06/28 23:36:42 [/shop/shopping/load_payment_module.php] Array
(
    [0] => Array
        (
            [AccessID] => 9dae284add23e1bd51d5fea96d7f13f5
            [AccessPass] => e6795487154ff404bc20b0a4421910de
        )

)
 from 201.92.114.214
2024/06/28 23:36:42 [/shop/shopping/load_payment_module.php] load_payment_module.php set payment data:Array
(
    [AccessID] => 9dae284add23e1bd51d5fea96d7f13f5
    [AccessPass] => e6795487154ff404bc20b0a4421910de
    [OrderID] => 958097-28233642
    [Amount] => 16500
    [JobCd] => CAPTURE
    [action_status] => 1
    [pay_status] => 0
)
 from 201.92.114.214
2024/06/28 23:36:42 [/shop/shopping/load_payment_module.php] SendRequest:https://p01.mul-pay.jp/payment/ExecTran.idPass from 201.92.114.214
2024/06/28 23:36:42 [/shop/shopping/load_payment_module.php] Array
(
    [AccessID] => 9dae284add23e1bd51d5fea96d7f13f5
    [AccessPass] => e6795487154ff404bc20b0a4421910de
    [OrderID] => 958097-28233642
    [Method] => 1
    [Token] => 0ca42502fecd1b71a28e6fadfc6e2c0b4c6e062654aed77e11067221273e5b33
    [ClientField1] => 
    [ClientField2] => 
    [ClientField3] => EC-CUBE4.3.35
)
 from 201.92.114.214
2024/06/28 23:36:43 [/shop/shopping/load_payment_module.php] ACS=0&OrderID=958097-28233642&Forward=2959876&Method=1&PayTimes=&Approve=0667323&TranID=2406282336602257210134173160&TranDate=20240628233643&CheckString=8996eb0cc7e5361a182de1c998ac4b17 from 201.92.114.214
2024/06/28 23:36:43 [/shop/shopping/load_payment_module.php] Array
(
    [0] => Array
        (
            [ACS] => 0
            [OrderID] => 958097-28233642
            [Forward] => 2959876
            [Method] => 1
            [PayTimes] => 
            [Approve] => 0667323
            [TranID] => 2406282336602257210134173160
            [TranDate] => 20240628233643
            [CheckString] => 8996eb0cc7e5361a182de1c998ac4b17
        )

)
 from 201.92.114.214
2024/06/28 23:36:43 [/shop/shopping/load_payment_module.php] load_payment_module.php set payment data:Array
(
    [ACS] => 0
    [Forward] => 2959876
    [Method] => 1
    [PayTimes] => 
    [Approve] => 0667323
    [TranID] => 2406282336602257210134173160
    [TranDate] => 20240628233643
    [CheckString] => 8996eb0cc7e5361a182de1c998ac4b17
    [Amount] => 16500
    [JobCd] => CAPTURE
    [action_status] => 3
    [pay_status] => 13
)
 from 201.92.114.214
2024/06/28 23:36:43 [/shop/user_data/pg_mulpay_recv.php] ******* receiveer data start ******* from 210.175.7.20
2024/06/28 23:36:43 [/shop/user_data/pg_mulpay_recv.php] Array
(
    [ShopID] => 9000034600950
    [ShopPass] => **********
    [AccessID] => 9dae284add23e1bd51d5fea96d7f13f5
    [AccessPass] => ********************************
    [OrderID] => 958097-28233642
    [Status] => CAPTURE
    [JobCd] => CAPTURE
    [Amount] => 16500
    [Tax] => 0
    [Currency] => JPN
    [Forward] => 2959876
    [Method] => 1
    [PayTimes] => 
    [TranID] => 2406282336602257210134173160
    [Approve] => 0667323
    [TranDate] => 20240628233643
    [ErrCode] => 
    [ErrInfo] => 
    [PayType] => 0
)
 from 210.175.7.20
2024/06/28 23:36:43 [/shop/user_data/pg_mulpay_recv.php] ******* receiveer data end ******* from 210.175.7.20
2024/06/28 23:36:48 [/shop/user_data/pg_mulpay_recv.php] update order status:1 order_id=958097 from 210.175.7.20
2024/06/28 23:36:48 [/shop/user_data/pg_mulpay_recv.php] pg_mulpay_recv.php set payment data:Array
(
    [ShopID] => 9000034600950
    [AccessID] => 9dae284add23e1bd51d5fea96d7f13f5
    [OrderID] => 958097-28233642
    [Status] => CAPTURE
    [JobCd] => CAPTURE
    [Amount] => 16500
    [Tax] => 0
    [Currency] => JPN
    [Forward] => 2959876
    [Method] => 1
    [PayTimes] => 
    [TranID] => 2406282336602257210134173160
    [Approve] => 0667323
    [TranDate] => 20240628233643
    [ErrCode] => 
    [ErrInfo] => 
    [PayType] => 0
    [CvsCode] => 
    [CvsConfNo] => 
    [CvsReceiptNo] => 
    [EdyReceiptNo] => 
    [EdyOrderNo] => 
    [SuicaReceiptNo] => 
    [SuicaOrderNo] => 
    [CustID] => 
    [BkCode] => 
    [ConfNo] => 
    [PaymentTerm] => 
    [EncryptReceiptNo] => 
    [FinishDate] => 
    [ReceiptDate] => 
    [WebMoneyManagementNo] => 
    [WebMoneySettleCode] => 
    [AuPayInfoNo] => 
    [AuPayMethod] => 
    [AuCancelAmount] => 
    [AuCancelTax] => 
    [DocomoSettlementCode] => 
    [DocomoCancelAmount] => 
    [DocomoCancelTax] => 
    [pay_status] => 13
)
 from 210.175.7.20
2024/06/28 23:36:48 [/shop/user_data/pg_mulpay_recv.php] response:true from 210.175.7.20
