2023/10/28 01:17:08 [/shop/shopping/load_payment_module.php] SendRequest:https://p01.mul-pay.jp/payment/EntryTran.idPass from 72.34.93.38
2023/10/28 01:17:08 [/shop/shopping/load_payment_module.php] Array
(
    [ShopID] => 9000034600950
    [ShopPass] => ******
    [OrderID] => 954659-28011708
    [JobCd] => CAPTURE
    [Amount] => 8800
    [TdFlag] => 0
    [TdTenantName] => 
)
 from 72.34.93.38
2023/10/28 01:17:08 [/shop/shopping/load_payment_module.php] AccessID=c3c6ec2e161886aa653672042cf7192f&AccessPass=1eb49e7b71e09c94121da02fe738d45b from 72.34.93.38
2023/10/28 01:17:08 [/shop/shopping/load_payment_module.php] Array
(
    [0] => Array
        (
            [AccessID] => c3c6ec2e161886aa653672042cf7192f
            [AccessPass] => 1eb49e7b71e09c94121da02fe738d45b
        )

)
 from 72.34.93.38
2023/10/28 01:17:08 [/shop/shopping/load_payment_module.php] load_payment_module.php set payment data:Array
(
    [AccessID] => c3c6ec2e161886aa653672042cf7192f
    [AccessPass] => 1eb49e7b71e09c94121da02fe738d45b
    [OrderID] => 954659-28011708
    [Amount] => 8800
    [JobCd] => CAPTURE
    [action_status] => 1
    [pay_status] => 0
)
 from 72.34.93.38
2023/10/28 01:17:08 [/shop/shopping/load_payment_module.php] SendRequest:https://p01.mul-pay.jp/payment/ExecTran.idPass from 72.34.93.38
2023/10/28 01:17:08 [/shop/shopping/load_payment_module.php] Array
(
    [AccessID] => c3c6ec2e161886aa653672042cf7192f
    [AccessPass] => 1eb49e7b71e09c94121da02fe738d45b
    [OrderID] => 954659-28011708
    [Method] => 1
    [Token] => 8794c60199e7b043cb3a9252f2419e4520f2f713f7c64eaa4b5a98bb1731cb8a
    [ClientField1] => 
    [ClientField2] => 
    [ClientField3] => EC-CUBE4.3.35
)
 from 72.34.93.38
2023/10/28 01:17:08 [/shop/shopping/load_payment_module.php] ACS=0&OrderID=954659-28011708&Forward=2S49631&Method=1&PayTimes=&Approve=0012584&TranID=2310280117602257210134172259&TranDate=20231028011708&CheckString=313bef77655c2a412b52060e47fda998 from 72.34.93.38
2023/10/28 01:17:08 [/shop/shopping/load_payment_module.php] Array
(
    [0] => Array
        (
            [ACS] => 0
            [OrderID] => 954659-28011708
            [Forward] => 2S49631
            [Method] => 1
            [PayTimes] => 
            [Approve] => 0012584
            [TranID] => 2310280117602257210134172259
            [TranDate] => 20231028011708
            [CheckString] => 313bef77655c2a412b52060e47fda998
        )

)
 from 72.34.93.38
2023/10/28 01:17:08 [/shop/shopping/load_payment_module.php] load_payment_module.php set payment data:Array
(
    [ACS] => 0
    [Forward] => 2S49631
    [Method] => 1
    [PayTimes] => 
    [Approve] => 0012584
    [TranID] => 2310280117602257210134172259
    [TranDate] => 20231028011708
    [CheckString] => 313bef77655c2a412b52060e47fda998
    [Amount] => 8800
    [JobCd] => CAPTURE
    [action_status] => 3
    [pay_status] => 13
)
 from 72.34.93.38
2023/10/28 01:17:08 [/shop/user_data/pg_mulpay_recv.php] ******* receiveer data start ******* from 210.175.7.20
2023/10/28 01:17:08 [/shop/user_data/pg_mulpay_recv.php] Array
(
    [ShopID] => 9000034600950
    [ShopPass] => **********
    [AccessID] => c3c6ec2e161886aa653672042cf7192f
    [AccessPass] => ********************************
    [OrderID] => 954659-28011708
    [Status] => CAPTURE
    [JobCd] => CAPTURE
    [Amount] => 8800
    [Tax] => 0
    [Currency] => JPN
    [Forward] => 2S49631
    [Method] => 1
    [PayTimes] => 
    [TranID] => 2310280117602257210134172259
    [Approve] => 0012584
    [TranDate] => 20231028011708
    [ErrCode] => 
    [ErrInfo] => 
    [PayType] => 0
)
 from 210.175.7.20
2023/10/28 01:17:08 [/shop/user_data/pg_mulpay_recv.php] ******* receiveer data end ******* from 210.175.7.20
2023/10/28 01:17:13 [/shop/user_data/pg_mulpay_recv.php] update order status:1 order_id=954659 from 210.175.7.20
2023/10/28 01:17:14 [/shop/user_data/pg_mulpay_recv.php] pg_mulpay_recv.php set payment data:Array
(
    [ShopID] => 9000034600950
    [AccessID] => c3c6ec2e161886aa653672042cf7192f
    [OrderID] => 954659-28011708
    [Status] => CAPTURE
    [JobCd] => CAPTURE
    [Amount] => 8800
    [Tax] => 0
    [Currency] => JPN
    [Forward] => 2S49631
    [Method] => 1
    [PayTimes] => 
    [TranID] => 2310280117602257210134172259
    [Approve] => 0012584
    [TranDate] => 20231028011708
    [ErrCode] => 
    [ErrInfo] => 
    [PayType] => 0
    [CvsCode] => 
    [CvsConfNo] => 
    [CvsReceiptNo] => 
    [EdyReceiptNo] => 
    [EdyOrderNo] => 
    [SuicaReceiptNo] => 
    [SuicaOrderNo] => 
    [CustID] => 
    [BkCode] => 
    [ConfNo] => 
    [PaymentTerm] => 
    [EncryptReceiptNo] => 
    [FinishDate] => 
    [ReceiptDate] => 
    [WebMoneyManagementNo] => 
    [WebMoneySettleCode] => 
    [AuPayInfoNo] => 
    [AuPayMethod] => 
    [AuCancelAmount] => 
    [AuCancelTax] => 
    [DocomoSettlementCode] => 
    [DocomoCancelAmount] => 
    [DocomoCancelTax] => 
    [pay_status] => 13
)
 from 210.175.7.20
2023/10/28 01:17:14 [/shop/user_data/pg_mulpay_recv.php] response:true from 210.175.7.20
2023/10/28 02:48:15 [/shop/shopping/load_payment_module.php] SendRequest:https://p01.mul-pay.jp/payment/SearchMember.idPass from 216.83.94.30
2023/10/28 02:48:15 [/shop/shopping/load_payment_module.php] Array
(
    [SiteID] => mst0000007602
    [SitePass] => ******
    [MemberID] => 12248
)
 from 216.83.94.30
2023/10/28 02:48:15 [/shop/shopping/load_payment_module.php] ErrCode=E01&ErrInfo=E01390002 from 216.83.94.30
2023/10/28 02:48:15 [/shop/shopping/load_payment_module.php] Array
(
    [0] => Array
        (
            [ErrCode] => E01
            [ErrInfo] => E01390002
        )

)
 from 216.83.94.30
2023/10/28 02:48:15 [/shop/shopping/load_payment_module.php] SendRequest:https://p01.mul-pay.jp/payment/SearchCard.idPass from 216.83.94.30
2023/10/28 02:48:15 [/shop/shopping/load_payment_module.php] Array
(
    [SiteID] => mst0000007602
    [SitePass] => ******
    [MemberID] => 12248
)
 from 216.83.94.30
2023/10/28 02:48:15 [/shop/shopping/load_payment_module.php] ErrCode=E01|E01&ErrInfo=E01390002|E01240002 from 216.83.94.30
2023/10/28 02:48:15 [/shop/shopping/load_payment_module.php] Array
(
    [0] => Array
        (
            [ErrCode] => E01
            [ErrInfo] => E01390002
        )

    [1] => Array
        (
            [ErrCode] => E01
            [ErrInfo] => E01240002
        )

)
 from 216.83.94.30
2023/10/28 02:49:23 [/shop/shopping/load_payment_module.php] SendRequest:https://p01.mul-pay.jp/payment/SearchMember.idPass from 216.83.94.30
2023/10/28 02:49:23 [/shop/shopping/load_payment_module.php] Array
(
    [SiteID] => mst0000007602
    [SitePass] => ******
    [MemberID] => 12248
)
 from 216.83.94.30
2023/10/28 02:49:23 [/shop/shopping/load_payment_module.php] ErrCode=E01&ErrInfo=E01390002 from 216.83.94.30
2023/10/28 02:49:23 [/shop/shopping/load_payment_module.php] Array
(
    [0] => Array
        (
            [ErrCode] => E01
            [ErrInfo] => E01390002
        )

)
 from 216.83.94.30
2023/10/28 02:49:23 [/shop/shopping/load_payment_module.php] SendRequest:https://p01.mul-pay.jp/payment/SearchCard.idPass from 216.83.94.30
2023/10/28 02:49:23 [/shop/shopping/load_payment_module.php] Array
(
    [SiteID] => mst0000007602
    [SitePass] => ******
    [MemberID] => 12248
)
 from 216.83.94.30
2023/10/28 02:49:23 [/shop/shopping/load_payment_module.php] ErrCode=E01|E01&ErrInfo=E01390002|E01240002 from 216.83.94.30
2023/10/28 02:49:23 [/shop/shopping/load_payment_module.php] Array
(
    [0] => Array
        (
            [ErrCode] => E01
            [ErrInfo] => E01390002
        )

    [1] => Array
        (
            [ErrCode] => E01
            [ErrInfo] => E01240002
        )

)
 from 216.83.94.30
2023/10/28 02:49:23 [/shop/shopping/load_payment_module.php] SendRequest:https://p01.mul-pay.jp/payment/EntryTran.idPass from 216.83.94.30
2023/10/28 02:49:23 [/shop/shopping/load_payment_module.php] Array
(
    [ShopID] => 9000034600950
    [ShopPass] => ******
    [OrderID] => 954660-28024923
    [JobCd] => CAPTURE
    [Amount] => 5780
    [TdFlag] => 0
    [TdTenantName] => 
)
 from 216.83.94.30
2023/10/28 02:49:23 [/shop/shopping/load_payment_module.php] AccessID=2eb452d52af1d4c4c30026559dfa42f8&AccessPass=7a54995e061271494e883e363ec51bd0 from 216.83.94.30
2023/10/28 02:49:23 [/shop/shopping/load_payment_module.php] Array
(
    [0] => Array
        (
            [AccessID] => 2eb452d52af1d4c4c30026559dfa42f8
            [AccessPass] => 7a54995e061271494e883e363ec51bd0
        )

)
 from 216.83.94.30
2023/10/28 02:49:23 [/shop/shopping/load_payment_module.php] load_payment_module.php set payment data:Array
(
    [AccessID] => 2eb452d52af1d4c4c30026559dfa42f8
    [AccessPass] => 7a54995e061271494e883e363ec51bd0
    [OrderID] => 954660-28024923
    [Amount] => 5780
    [JobCd] => CAPTURE
    [action_status] => 1
    [pay_status] => 0
)
 from 216.83.94.30
2023/10/28 02:49:23 [/shop/shopping/load_payment_module.php] SendRequest:https://p01.mul-pay.jp/payment/ExecTran.idPass from 216.83.94.30
2023/10/28 02:49:23 [/shop/shopping/load_payment_module.php] Array
(
    [AccessID] => 2eb452d52af1d4c4c30026559dfa42f8
    [AccessPass] => 7a54995e061271494e883e363ec51bd0
    [OrderID] => 954660-28024923
    [Method] => 1
    [Token] => 1488a6b3e50152c50acbc0f0ab7fbbc4c94bb8c888d02d981e557eececf4ba39
    [ClientField1] => 
    [ClientField2] => 
    [ClientField3] => EC-CUBE4.3.35
)
 from 216.83.94.30
2023/10/28 02:49:24 [/shop/shopping/load_payment_module.php] ACS=0&OrderID=954660-28024923&Forward=2a99661&Method=1&PayTimes=&Approve=0283776&TranID=2310280249602257210134152317&TranDate=20231028024924&CheckString=56d38a1caa01446610c1908072859cee from 216.83.94.30
2023/10/28 02:49:24 [/shop/shopping/load_payment_module.php] Array
(
    [0] => Array
        (
            [ACS] => 0
            [OrderID] => 954660-28024923
            [Forward] => 2a99661
            [Method] => 1
            [PayTimes] => 
            [Approve] => 0283776
            [TranID] => 2310280249602257210134152317
            [TranDate] => 20231028024924
            [CheckString] => 56d38a1caa01446610c1908072859cee
        )

)
 from 216.83.94.30
2023/10/28 02:49:24 [/shop/shopping/load_payment_module.php] load_payment_module.php set payment data:Array
(
    [ACS] => 0
    [Forward] => 2a99661
    [Method] => 1
    [PayTimes] => 
    [Approve] => 0283776
    [TranID] => 2310280249602257210134152317
    [TranDate] => 20231028024924
    [CheckString] => 56d38a1caa01446610c1908072859cee
    [Amount] => 5780
    [JobCd] => CAPTURE
    [action_status] => 3
    [pay_status] => 13
)
 from 216.83.94.30
2023/10/28 02:49:24 [/shop/user_data/pg_mulpay_recv.php] ******* receiveer data start ******* from 210.175.7.20
2023/10/28 02:49:24 [/shop/user_data/pg_mulpay_recv.php] Array
(
    [ShopID] => 9000034600950
    [ShopPass] => **********
    [AccessID] => 2eb452d52af1d4c4c30026559dfa42f8
    [AccessPass] => ********************************
    [OrderID] => 954660-28024923
    [Status] => CAPTURE
    [JobCd] => CAPTURE
    [Amount] => 5780
    [Tax] => 0
    [Currency] => JPN
    [Forward] => 2a99661
    [Method] => 1
    [PayTimes] => 
    [TranID] => 2310280249602257210134152317
    [Approve] => 0283776
    [TranDate] => 20231028024924
    [ErrCode] => 
    [ErrInfo] => 
    [PayType] => 0
)
 from 210.175.7.20
2023/10/28 02:49:24 [/shop/user_data/pg_mulpay_recv.php] ******* receiveer data end ******* from 210.175.7.20
2023/10/28 02:49:29 [/shop/user_data/pg_mulpay_recv.php] update order status:1 order_id=954660 from 210.175.7.20
2023/10/28 02:49:29 [/shop/user_data/pg_mulpay_recv.php] pg_mulpay_recv.php set payment data:Array
(
    [ShopID] => 9000034600950
    [AccessID] => 2eb452d52af1d4c4c30026559dfa42f8
    [OrderID] => 954660-28024923
    [Status] => CAPTURE
    [JobCd] => CAPTURE
    [Amount] => 5780
    [Tax] => 0
    [Currency] => JPN
    [Forward] => 2a99661
    [Method] => 1
    [PayTimes] => 
    [TranID] => 2310280249602257210134152317
    [Approve] => 0283776
    [TranDate] => 20231028024924
    [ErrCode] => 
    [ErrInfo] => 
    [PayType] => 0
    [CvsCode] => 
    [CvsConfNo] => 
    [CvsReceiptNo] => 
    [EdyReceiptNo] => 
    [EdyOrderNo] => 
    [SuicaReceiptNo] => 
    [SuicaOrderNo] => 
    [CustID] => 
    [BkCode] => 
    [ConfNo] => 
    [PaymentTerm] => 
    [EncryptReceiptNo] => 
    [FinishDate] => 
    [ReceiptDate] => 
    [WebMoneyManagementNo] => 
    [WebMoneySettleCode] => 
    [AuPayInfoNo] => 
    [AuPayMethod] => 
    [AuCancelAmount] => 
    [AuCancelTax] => 
    [DocomoSettlementCode] => 
    [DocomoCancelAmount] => 
    [DocomoCancelTax] => 
    [pay_status] => 13
)
 from 210.175.7.20
2023/10/28 02:49:29 [/shop/user_data/pg_mulpay_recv.php] response:true from 210.175.7.20
2023/10/28 07:08:30 [/shop/shopping/load_payment_module.php] SendRequest:https://p01.mul-pay.jp/payment/SearchMember.idPass from 92.218.233.183
2023/10/28 07:08:30 [/shop/shopping/load_payment_module.php] Array
(
    [SiteID] => mst0000007602
    [SitePass] => ******
    [MemberID] => 12249
)
 from 92.218.233.183
2023/10/28 07:08:30 [/shop/shopping/load_payment_module.php] ErrCode=E01&ErrInfo=E01390002 from 92.218.233.183
2023/10/28 07:08:30 [/shop/shopping/load_payment_module.php] Array
(
    [0] => Array
        (
            [ErrCode] => E01
            [ErrInfo] => E01390002
        )

)
 from 92.218.233.183
2023/10/28 07:08:30 [/shop/shopping/load_payment_module.php] SendRequest:https://p01.mul-pay.jp/payment/SearchCard.idPass from 92.218.233.183
2023/10/28 07:08:30 [/shop/shopping/load_payment_module.php] Array
(
    [SiteID] => mst0000007602
    [SitePass] => ******
    [MemberID] => 12249
)
 from 92.218.233.183
2023/10/28 07:08:30 [/shop/shopping/load_payment_module.php] ErrCode=E01|E01&ErrInfo=E01390002|E01240002 from 92.218.233.183
2023/10/28 07:08:30 [/shop/shopping/load_payment_module.php] Array
(
    [0] => Array
        (
            [ErrCode] => E01
            [ErrInfo] => E01390002
        )

    [1] => Array
        (
            [ErrCode] => E01
            [ErrInfo] => E01240002
        )

)
 from 92.218.233.183
2023/10/28 11:35:40 [/shop/shopping/load_payment_module.php] SendRequest:https://p01.mul-pay.jp/payment/EntryTran.idPass from 114.44.24.133
2023/10/28 11:35:40 [/shop/shopping/load_payment_module.php] Array
(
    [ShopID] => 9000034600950
    [ShopPass] => ******
    [OrderID] => 954662-28113540
    [JobCd] => CAPTURE
    [Amount] => 6950
    [TdFlag] => 0
    [TdTenantName] => 
)
 from 114.44.24.133
2023/10/28 11:35:40 [/shop/shopping/load_payment_module.php] AccessID=f3a3a7f9f8a7bbe89e96e47252db38ce&AccessPass=14ff8e673b61419d21168bf8a617fce7 from 114.44.24.133
2023/10/28 11:35:40 [/shop/shopping/load_payment_module.php] Array
(
    [0] => Array
        (
            [AccessID] => f3a3a7f9f8a7bbe89e96e47252db38ce
            [AccessPass] => 14ff8e673b61419d21168bf8a617fce7
        )

)
 from 114.44.24.133
2023/10/28 11:35:40 [/shop/shopping/load_payment_module.php] load_payment_module.php set payment data:Array
(
    [AccessID] => f3a3a7f9f8a7bbe89e96e47252db38ce
    [AccessPass] => 14ff8e673b61419d21168bf8a617fce7
    [OrderID] => 954662-28113540
    [Amount] => 6950
    [JobCd] => CAPTURE
    [action_status] => 1
    [pay_status] => 0
)
 from 114.44.24.133
2023/10/28 11:35:40 [/shop/shopping/load_payment_module.php] SendRequest:https://p01.mul-pay.jp/payment/ExecTran.idPass from 114.44.24.133
2023/10/28 11:35:40 [/shop/shopping/load_payment_module.php] Array
(
    [AccessID] => f3a3a7f9f8a7bbe89e96e47252db38ce
    [AccessPass] => 14ff8e673b61419d21168bf8a617fce7
    [OrderID] => 954662-28113540
    [Method] => 1
    [Token] => e28e2e242f4fc7902ac5b9c8d65b54ba950f9d1dde3746d05045c2de98bfe09c
    [ClientField1] => 
    [ClientField2] => 
    [ClientField3] => EC-CUBE4.3.35
)
 from 114.44.24.133
2023/10/28 11:35:41 [/shop/shopping/load_payment_module.php] ACS=0&OrderID=954662-28113540&Forward=2S49631&Method=1&PayTimes=&Approve=0847066&TranID=2310281135602257210134182313&TranDate=20231028113541&CheckString=6a2d1ba098344af32686189f6c190148 from 114.44.24.133
2023/10/28 11:35:41 [/shop/shopping/load_payment_module.php] Array
(
    [0] => Array
        (
            [ACS] => 0
            [OrderID] => 954662-28113540
            [Forward] => 2S49631
            [Method] => 1
            [PayTimes] => 
            [Approve] => 0847066
            [TranID] => 2310281135602257210134182313
            [TranDate] => 20231028113541
            [CheckString] => 6a2d1ba098344af32686189f6c190148
        )

)
 from 114.44.24.133
2023/10/28 11:35:41 [/shop/shopping/load_payment_module.php] load_payment_module.php set payment data:Array
(
    [ACS] => 0
    [Forward] => 2S49631
    [Method] => 1
    [PayTimes] => 
    [Approve] => 0847066
    [TranID] => 2310281135602257210134182313
    [TranDate] => 20231028113541
    [CheckString] => 6a2d1ba098344af32686189f6c190148
    [Amount] => 6950
    [JobCd] => CAPTURE
    [action_status] => 3
    [pay_status] => 13
)
 from 114.44.24.133
2023/10/28 11:35:41 [/shop/user_data/pg_mulpay_recv.php] ******* receiveer data start ******* from 210.175.7.20
2023/10/28 11:35:41 [/shop/user_data/pg_mulpay_recv.php] Array
(
    [ShopID] => 9000034600950
    [ShopPass] => **********
    [AccessID] => f3a3a7f9f8a7bbe89e96e47252db38ce
    [AccessPass] => ********************************
    [OrderID] => 954662-28113540
    [Status] => CAPTURE
    [JobCd] => CAPTURE
    [Amount] => 6950
    [Tax] => 0
    [Currency] => JPN
    [Forward] => 2S49631
    [Method] => 1
    [PayTimes] => 
    [TranID] => 2310281135602257210134182313
    [Approve] => 0847066
    [TranDate] => 20231028113541
    [ErrCode] => 
    [ErrInfo] => 
    [PayType] => 0
)
 from 210.175.7.20
2023/10/28 11:35:41 [/shop/user_data/pg_mulpay_recv.php] ******* receiveer data end ******* from 210.175.7.20
2023/10/28 11:35:46 [/shop/user_data/pg_mulpay_recv.php] update order status:1 order_id=954662 from 210.175.7.20
2023/10/28 11:35:46 [/shop/user_data/pg_mulpay_recv.php] pg_mulpay_recv.php set payment data:Array
(
    [ShopID] => 9000034600950
    [AccessID] => f3a3a7f9f8a7bbe89e96e47252db38ce
    [OrderID] => 954662-28113540
    [Status] => CAPTURE
    [JobCd] => CAPTURE
    [Amount] => 6950
    [Tax] => 0
    [Currency] => JPN
    [Forward] => 2S49631
    [Method] => 1
    [PayTimes] => 
    [TranID] => 2310281135602257210134182313
    [Approve] => 0847066
    [TranDate] => 20231028113541
    [ErrCode] => 
    [ErrInfo] => 
    [PayType] => 0
    [CvsCode] => 
    [CvsConfNo] => 
    [CvsReceiptNo] => 
    [EdyReceiptNo] => 
    [EdyOrderNo] => 
    [SuicaReceiptNo] => 
    [SuicaOrderNo] => 
    [CustID] => 
    [BkCode] => 
    [ConfNo] => 
    [PaymentTerm] => 
    [EncryptReceiptNo] => 
    [FinishDate] => 
    [ReceiptDate] => 
    [WebMoneyManagementNo] => 
    [WebMoneySettleCode] => 
    [AuPayInfoNo] => 
    [AuPayMethod] => 
    [AuCancelAmount] => 
    [AuCancelTax] => 
    [DocomoSettlementCode] => 
    [DocomoCancelAmount] => 
    [DocomoCancelTax] => 
    [pay_status] => 13
)
 from 210.175.7.20
2023/10/28 11:35:46 [/shop/user_data/pg_mulpay_recv.php] response:true from 210.175.7.20
2023/10/28 12:42:55 [/shop/shopping/load_payment_module.php] SendRequest:https://p01.mul-pay.jp/payment/EntryTran.idPass from 172.226.95.45
2023/10/28 12:42:55 [/shop/shopping/load_payment_module.php] Array
(
    [ShopID] => 9000034600950
    [ShopPass] => ******
    [OrderID] => 954664-28124255
    [JobCd] => CAPTURE
    [Amount] => 6050
    [TdFlag] => 0
    [TdTenantName] => 
)
 from 172.226.95.45
2023/10/28 12:42:55 [/shop/shopping/load_payment_module.php] AccessID=26b3eb4b4a46b918c687582a8c68b1ec&AccessPass=2e1bc336ce4b46490287102bcacbe2b7 from 172.226.95.45
2023/10/28 12:42:55 [/shop/shopping/load_payment_module.php] Array
(
    [0] => Array
        (
            [AccessID] => 26b3eb4b4a46b918c687582a8c68b1ec
            [AccessPass] => 2e1bc336ce4b46490287102bcacbe2b7
        )

)
 from 172.226.95.45
2023/10/28 12:42:55 [/shop/shopping/load_payment_module.php] load_payment_module.php set payment data:Array
(
    [AccessID] => 26b3eb4b4a46b918c687582a8c68b1ec
    [AccessPass] => 2e1bc336ce4b46490287102bcacbe2b7
    [OrderID] => 954664-28124255
    [Amount] => 6050
    [JobCd] => CAPTURE
    [action_status] => 1
    [pay_status] => 0
)
 from 172.226.95.45
2023/10/28 12:42:55 [/shop/shopping/load_payment_module.php] SendRequest:https://p01.mul-pay.jp/payment/ExecTran.idPass from 172.226.95.45
2023/10/28 12:42:55 [/shop/shopping/load_payment_module.php] Array
(
    [AccessID] => 26b3eb4b4a46b918c687582a8c68b1ec
    [AccessPass] => 2e1bc336ce4b46490287102bcacbe2b7
    [OrderID] => 954664-28124255
    [Method] => 1
    [Token] => 41e6172f917fd2e6af5ece52b6f40ac356faa14423359023976c9a9fff3a8b63
    [ClientField1] => 
    [ClientField2] => 
    [ClientField3] => EC-CUBE4.3.35
)
 from 172.226.95.45
2023/10/28 12:42:56 [/shop/shopping/load_payment_module.php] ACS=0&OrderID=954664-28124255&Forward=2S49631&Method=1&PayTimes=&Approve=0693993&TranID=2310281242602257210134182314&TranDate=20231028124256&CheckString=4aef67db224602775f8db2e6a44f7d33 from 172.226.95.45
2023/10/28 12:42:56 [/shop/shopping/load_payment_module.php] Array
(
    [0] => Array
        (
            [ACS] => 0
            [OrderID] => 954664-28124255
            [Forward] => 2S49631
            [Method] => 1
            [PayTimes] => 
            [Approve] => 0693993
            [TranID] => 2310281242602257210134182314
            [TranDate] => 20231028124256
            [CheckString] => 4aef67db224602775f8db2e6a44f7d33
        )

)
 from 172.226.95.45
2023/10/28 12:42:56 [/shop/shopping/load_payment_module.php] load_payment_module.php set payment data:Array
(
    [ACS] => 0
    [Forward] => 2S49631
    [Method] => 1
    [PayTimes] => 
    [Approve] => 0693993
    [TranID] => 2310281242602257210134182314
    [TranDate] => 20231028124256
    [CheckString] => 4aef67db224602775f8db2e6a44f7d33
    [Amount] => 6050
    [JobCd] => CAPTURE
    [action_status] => 3
    [pay_status] => 13
)
 from 172.226.95.45
2023/10/28 12:42:56 [/shop/user_data/pg_mulpay_recv.php] ******* receiveer data start ******* from 210.175.7.20
2023/10/28 12:42:56 [/shop/user_data/pg_mulpay_recv.php] Array
(
    [ShopID] => 9000034600950
    [ShopPass] => **********
    [AccessID] => 26b3eb4b4a46b918c687582a8c68b1ec
    [AccessPass] => ********************************
    [OrderID] => 954664-28124255
    [Status] => CAPTURE
    [JobCd] => CAPTURE
    [Amount] => 6050
    [Tax] => 0
    [Currency] => JPN
    [Forward] => 2S49631
    [Method] => 1
    [PayTimes] => 
    [TranID] => 2310281242602257210134182314
    [Approve] => 0693993
    [TranDate] => 20231028124256
    [ErrCode] => 
    [ErrInfo] => 
    [PayType] => 0
)
 from 210.175.7.20
2023/10/28 12:42:56 [/shop/user_data/pg_mulpay_recv.php] ******* receiveer data end ******* from 210.175.7.20
2023/10/28 12:43:01 [/shop/user_data/pg_mulpay_recv.php] update order status:1 order_id=954664 from 210.175.7.20
2023/10/28 12:43:01 [/shop/user_data/pg_mulpay_recv.php] pg_mulpay_recv.php set payment data:Array
(
    [ShopID] => 9000034600950
    [AccessID] => 26b3eb4b4a46b918c687582a8c68b1ec
    [OrderID] => 954664-28124255
    [Status] => CAPTURE
    [JobCd] => CAPTURE
    [Amount] => 6050
    [Tax] => 0
    [Currency] => JPN
    [Forward] => 2S49631
    [Method] => 1
    [PayTimes] => 
    [TranID] => 2310281242602257210134182314
    [Approve] => 0693993
    [TranDate] => 20231028124256
    [ErrCode] => 
    [ErrInfo] => 
    [PayType] => 0
    [CvsCode] => 
    [CvsConfNo] => 
    [CvsReceiptNo] => 
    [EdyReceiptNo] => 
    [EdyOrderNo] => 
    [SuicaReceiptNo] => 
    [SuicaOrderNo] => 
    [CustID] => 
    [BkCode] => 
    [ConfNo] => 
    [PaymentTerm] => 
    [EncryptReceiptNo] => 
    [FinishDate] => 
    [ReceiptDate] => 
    [WebMoneyManagementNo] => 
    [WebMoneySettleCode] => 
    [AuPayInfoNo] => 
    [AuPayMethod] => 
    [AuCancelAmount] => 
    [AuCancelTax] => 
    [DocomoSettlementCode] => 
    [DocomoCancelAmount] => 
    [DocomoCancelTax] => 
    [pay_status] => 13
)
 from 210.175.7.20
2023/10/28 12:43:01 [/shop/user_data/pg_mulpay_recv.php] response:true from 210.175.7.20
2023/10/28 15:44:53 [/shop/shopping/load_payment_module.php] SendRequest:https://p01.mul-pay.jp/payment/EntryTran.idPass from 126.51.198.170
2023/10/28 15:44:53 [/shop/shopping/load_payment_module.php] Array
(
    [ShopID] => 9000034600950
    [ShopPass] => ******
    [OrderID] => 954665-28154453
    [JobCd] => CAPTURE
    [Amount] => 9400
    [TdFlag] => 0
    [TdTenantName] => 
)
 from 126.51.198.170
2023/10/28 15:44:53 [/shop/shopping/load_payment_module.php] AccessID=baa61c4a2b78c51d4d08e2c4db9565c9&AccessPass=605e2b5e8684f999a1d3945d10f37811 from 126.51.198.170
2023/10/28 15:44:53 [/shop/shopping/load_payment_module.php] Array
(
    [0] => Array
        (
            [AccessID] => baa61c4a2b78c51d4d08e2c4db9565c9
            [AccessPass] => 605e2b5e8684f999a1d3945d10f37811
        )

)
 from 126.51.198.170
2023/10/28 15:44:53 [/shop/shopping/load_payment_module.php] load_payment_module.php set payment data:Array
(
    [AccessID] => baa61c4a2b78c51d4d08e2c4db9565c9
    [AccessPass] => 605e2b5e8684f999a1d3945d10f37811
    [OrderID] => 954665-28154453
    [Amount] => 9400
    [JobCd] => CAPTURE
    [action_status] => 1
    [pay_status] => 0
)
 from 126.51.198.170
2023/10/28 15:44:53 [/shop/shopping/load_payment_module.php] SendRequest:https://p01.mul-pay.jp/payment/ExecTran.idPass from 126.51.198.170
2023/10/28 15:44:53 [/shop/shopping/load_payment_module.php] Array
(
    [AccessID] => baa61c4a2b78c51d4d08e2c4db9565c9
    [AccessPass] => 605e2b5e8684f999a1d3945d10f37811
    [OrderID] => 954665-28154453
    [Method] => 1
    [Token] => 3d6468f8ee13f8cfa619581f15d16c13be5e73e3bbd39ca95743aaec4deebafa
    [ClientField1] => 
    [ClientField2] => 
    [ClientField3] => EC-CUBE4.3.35
)
 from 126.51.198.170
2023/10/28 15:44:53 [/shop/shopping/load_payment_module.php] ACS=0&OrderID=954665-28154453&Forward=2S49631&Method=1&PayTimes=&Approve=0014453&TranID=2310281544602257210134162360&TranDate=20231028154453&CheckString=605cd23cb02cb1bd729841b189e08fa3 from 126.51.198.170
2023/10/28 15:44:53 [/shop/shopping/load_payment_module.php] Array
(
    [0] => Array
        (
            [ACS] => 0
            [OrderID] => 954665-28154453
            [Forward] => 2S49631
            [Method] => 1
            [PayTimes] => 
            [Approve] => 0014453
            [TranID] => 2310281544602257210134162360
            [TranDate] => 20231028154453
            [CheckString] => 605cd23cb02cb1bd729841b189e08fa3
        )

)
 from 126.51.198.170
2023/10/28 15:44:53 [/shop/shopping/load_payment_module.php] load_payment_module.php set payment data:Array
(
    [ACS] => 0
    [Forward] => 2S49631
    [Method] => 1
    [PayTimes] => 
    [Approve] => 0014453
    [TranID] => 2310281544602257210134162360
    [TranDate] => 20231028154453
    [CheckString] => 605cd23cb02cb1bd729841b189e08fa3
    [Amount] => 9400
    [JobCd] => CAPTURE
    [action_status] => 3
    [pay_status] => 13
)
 from 126.51.198.170
2023/10/28 15:44:54 [/shop/user_data/pg_mulpay_recv.php] ******* receiveer data start ******* from 210.175.7.20
2023/10/28 15:44:54 [/shop/user_data/pg_mulpay_recv.php] Array
(
    [ShopID] => 9000034600950
    [ShopPass] => **********
    [AccessID] => baa61c4a2b78c51d4d08e2c4db9565c9
    [AccessPass] => ********************************
    [OrderID] => 954665-28154453
    [Status] => CAPTURE
    [JobCd] => CAPTURE
    [Amount] => 9400
    [Tax] => 0
    [Currency] => JPN
    [Forward] => 2S49631
    [Method] => 1
    [PayTimes] => 
    [TranID] => 2310281544602257210134162360
    [Approve] => 0014453
    [TranDate] => 20231028154453
    [ErrCode] => 
    [ErrInfo] => 
    [PayType] => 0
)
 from 210.175.7.20
2023/10/28 15:44:54 [/shop/user_data/pg_mulpay_recv.php] ******* receiveer data end ******* from 210.175.7.20
2023/10/28 15:44:59 [/shop/user_data/pg_mulpay_recv.php] update order status:1 order_id=954665 from 210.175.7.20
2023/10/28 15:44:59 [/shop/user_data/pg_mulpay_recv.php] pg_mulpay_recv.php set payment data:Array
(
    [ShopID] => 9000034600950
    [AccessID] => baa61c4a2b78c51d4d08e2c4db9565c9
    [OrderID] => 954665-28154453
    [Status] => CAPTURE
    [JobCd] => CAPTURE
    [Amount] => 9400
    [Tax] => 0
    [Currency] => JPN
    [Forward] => 2S49631
    [Method] => 1
    [PayTimes] => 
    [TranID] => 2310281544602257210134162360
    [Approve] => 0014453
    [TranDate] => 20231028154453
    [ErrCode] => 
    [ErrInfo] => 
    [PayType] => 0
    [CvsCode] => 
    [CvsConfNo] => 
    [CvsReceiptNo] => 
    [EdyReceiptNo] => 
    [EdyOrderNo] => 
    [SuicaReceiptNo] => 
    [SuicaOrderNo] => 
    [CustID] => 
    [BkCode] => 
    [ConfNo] => 
    [PaymentTerm] => 
    [EncryptReceiptNo] => 
    [FinishDate] => 
    [ReceiptDate] => 
    [WebMoneyManagementNo] => 
    [WebMoneySettleCode] => 
    [AuPayInfoNo] => 
    [AuPayMethod] => 
    [AuCancelAmount] => 
    [AuCancelTax] => 
    [DocomoSettlementCode] => 
    [DocomoCancelAmount] => 
    [DocomoCancelTax] => 
    [pay_status] => 13
)
 from 210.175.7.20
2023/10/28 15:44:59 [/shop/user_data/pg_mulpay_recv.php] response:true from 210.175.7.20
2023/10/28 16:33:01 [/shop/shopping/load_payment_module.php] SendRequest:https://p01.mul-pay.jp/payment/SearchMember.idPass from 172.250.19.87
2023/10/28 16:33:01 [/shop/shopping/load_payment_module.php] Array
(
    [SiteID] => mst0000007602
    [SitePass] => ******
    [MemberID] => 12106
)
 from 172.250.19.87
2023/10/28 16:33:01 [/shop/shopping/load_payment_module.php] ErrCode=E01&ErrInfo=E01390002 from 172.250.19.87
2023/10/28 16:33:01 [/shop/shopping/load_payment_module.php] Array
(
    [0] => Array
        (
            [ErrCode] => E01
            [ErrInfo] => E01390002
        )

)
 from 172.250.19.87
2023/10/28 16:33:01 [/shop/shopping/load_payment_module.php] SendRequest:https://p01.mul-pay.jp/payment/SearchCard.idPass from 172.250.19.87
2023/10/28 16:33:01 [/shop/shopping/load_payment_module.php] Array
(
    [SiteID] => mst0000007602
    [SitePass] => ******
    [MemberID] => 12106
)
 from 172.250.19.87
2023/10/28 16:33:01 [/shop/shopping/load_payment_module.php] ErrCode=E01|E01&ErrInfo=E01390002|E01240002 from 172.250.19.87
2023/10/28 16:33:01 [/shop/shopping/load_payment_module.php] Array
(
    [0] => Array
        (
            [ErrCode] => E01
            [ErrInfo] => E01390002
        )

    [1] => Array
        (
            [ErrCode] => E01
            [ErrInfo] => E01240002
        )

)
 from 172.250.19.87
2023/10/28 16:34:47 [/shop/shopping/load_payment_module.php] SendRequest:https://p01.mul-pay.jp/payment/SearchMember.idPass from 172.250.19.87
2023/10/28 16:34:47 [/shop/shopping/load_payment_module.php] Array
(
    [SiteID] => mst0000007602
    [SitePass] => ******
    [MemberID] => 12106
)
 from 172.250.19.87
2023/10/28 16:34:47 [/shop/shopping/load_payment_module.php] ErrCode=E01&ErrInfo=E01390002 from 172.250.19.87
2023/10/28 16:34:47 [/shop/shopping/load_payment_module.php] Array
(
    [0] => Array
        (
            [ErrCode] => E01
            [ErrInfo] => E01390002
        )

)
 from 172.250.19.87
2023/10/28 16:34:47 [/shop/shopping/load_payment_module.php] SendRequest:https://p01.mul-pay.jp/payment/SearchCard.idPass from 172.250.19.87
2023/10/28 16:34:47 [/shop/shopping/load_payment_module.php] Array
(
    [SiteID] => mst0000007602
    [SitePass] => ******
    [MemberID] => 12106
)
 from 172.250.19.87
2023/10/28 16:34:47 [/shop/shopping/load_payment_module.php] ErrCode=E01|E01&ErrInfo=E01390002|E01240002 from 172.250.19.87
2023/10/28 16:34:47 [/shop/shopping/load_payment_module.php] Array
(
    [0] => Array
        (
            [ErrCode] => E01
            [ErrInfo] => E01390002
        )

    [1] => Array
        (
            [ErrCode] => E01
            [ErrInfo] => E01240002
        )

)
 from 172.250.19.87
2023/10/28 16:34:47 [/shop/shopping/load_payment_module.php] SendRequest:https://p01.mul-pay.jp/payment/EntryTran.idPass from 172.250.19.87
2023/10/28 16:34:47 [/shop/shopping/load_payment_module.php] Array
(
    [ShopID] => 9000034600950
    [ShopPass] => ******
    [OrderID] => 954666-28163447
    [JobCd] => CAPTURE
    [Amount] => 17800
    [TdFlag] => 0
    [TdTenantName] => 
)
 from 172.250.19.87
2023/10/28 16:34:47 [/shop/shopping/load_payment_module.php] AccessID=eb2650e2762cf8014a2a45183915e375&AccessPass=5153cbfa47f215550ca4707dd96a28c3 from 172.250.19.87
2023/10/28 16:34:47 [/shop/shopping/load_payment_module.php] Array
(
    [0] => Array
        (
            [AccessID] => eb2650e2762cf8014a2a45183915e375
            [AccessPass] => 5153cbfa47f215550ca4707dd96a28c3
        )

)
 from 172.250.19.87
2023/10/28 16:34:47 [/shop/shopping/load_payment_module.php] load_payment_module.php set payment data:Array
(
    [AccessID] => eb2650e2762cf8014a2a45183915e375
    [AccessPass] => 5153cbfa47f215550ca4707dd96a28c3
    [OrderID] => 954666-28163447
    [Amount] => 17800
    [JobCd] => CAPTURE
    [action_status] => 1
    [pay_status] => 0
)
 from 172.250.19.87
2023/10/28 16:34:47 [/shop/shopping/load_payment_module.php] SendRequest:https://p01.mul-pay.jp/payment/ExecTran.idPass from 172.250.19.87
2023/10/28 16:34:47 [/shop/shopping/load_payment_module.php] Array
(
    [AccessID] => eb2650e2762cf8014a2a45183915e375
    [AccessPass] => 5153cbfa47f215550ca4707dd96a28c3
    [OrderID] => 954666-28163447
    [Method] => 1
    [Token] => aa9517e94bb80a5add4f69ede8080cd7815a62105dbc69a576dfee35ab5cac83
    [ClientField1] => 
    [ClientField2] => 
    [ClientField3] => EC-CUBE4.3.35
)
 from 172.250.19.87
2023/10/28 16:34:48 [/shop/shopping/load_payment_module.php] ACS=0&OrderID=954666-28163447&Forward=2S49631&Method=1&PayTimes=&Approve=0113346&TranID=2310281634602257210134182315&TranDate=20231028163448&CheckString=7a3ba477b5cf08cca32da67e776e9f7a from 172.250.19.87
2023/10/28 16:34:48 [/shop/shopping/load_payment_module.php] Array
(
    [0] => Array
        (
            [ACS] => 0
            [OrderID] => 954666-28163447
            [Forward] => 2S49631
            [Method] => 1
            [PayTimes] => 
            [Approve] => 0113346
            [TranID] => 2310281634602257210134182315
            [TranDate] => 20231028163448
            [CheckString] => 7a3ba477b5cf08cca32da67e776e9f7a
        )

)
 from 172.250.19.87
2023/10/28 16:34:48 [/shop/shopping/load_payment_module.php] load_payment_module.php set payment data:Array
(
    [ACS] => 0
    [Forward] => 2S49631
    [Method] => 1
    [PayTimes] => 
    [Approve] => 0113346
    [TranID] => 2310281634602257210134182315
    [TranDate] => 20231028163448
    [CheckString] => 7a3ba477b5cf08cca32da67e776e9f7a
    [Amount] => 17800
    [JobCd] => CAPTURE
    [action_status] => 3
    [pay_status] => 13
)
 from 172.250.19.87
2023/10/28 16:34:48 [/shop/user_data/pg_mulpay_recv.php] ******* receiveer data start ******* from 210.175.7.20
2023/10/28 16:34:48 [/shop/user_data/pg_mulpay_recv.php] Array
(
    [ShopID] => 9000034600950
    [ShopPass] => **********
    [AccessID] => eb2650e2762cf8014a2a45183915e375
    [AccessPass] => ********************************
    [OrderID] => 954666-28163447
    [Status] => CAPTURE
    [JobCd] => CAPTURE
    [Amount] => 17800
    [Tax] => 0
    [Currency] => JPN
    [Forward] => 2S49631
    [Method] => 1
    [PayTimes] => 
    [TranID] => 2310281634602257210134182315
    [Approve] => 0113346
    [TranDate] => 20231028163448
    [ErrCode] => 
    [ErrInfo] => 
    [PayType] => 0
)
 from 210.175.7.20
2023/10/28 16:34:48 [/shop/user_data/pg_mulpay_recv.php] ******* receiveer data end ******* from 210.175.7.20
2023/10/28 16:34:53 [/shop/user_data/pg_mulpay_recv.php] update order status:1 order_id=954666 from 210.175.7.20
2023/10/28 16:34:53 [/shop/user_data/pg_mulpay_recv.php] pg_mulpay_recv.php set payment data:Array
(
    [ShopID] => 9000034600950
    [AccessID] => eb2650e2762cf8014a2a45183915e375
    [OrderID] => 954666-28163447
    [Status] => CAPTURE
    [JobCd] => CAPTURE
    [Amount] => 17800
    [Tax] => 0
    [Currency] => JPN
    [Forward] => 2S49631
    [Method] => 1
    [PayTimes] => 
    [TranID] => 2310281634602257210134182315
    [Approve] => 0113346
    [TranDate] => 20231028163448
    [ErrCode] => 
    [ErrInfo] => 
    [PayType] => 0
    [CvsCode] => 
    [CvsConfNo] => 
    [CvsReceiptNo] => 
    [EdyReceiptNo] => 
    [EdyOrderNo] => 
    [SuicaReceiptNo] => 
    [SuicaOrderNo] => 
    [CustID] => 
    [BkCode] => 
    [ConfNo] => 
    [PaymentTerm] => 
    [EncryptReceiptNo] => 
    [FinishDate] => 
    [ReceiptDate] => 
    [WebMoneyManagementNo] => 
    [WebMoneySettleCode] => 
    [AuPayInfoNo] => 
    [AuPayMethod] => 
    [AuCancelAmount] => 
    [AuCancelTax] => 
    [DocomoSettlementCode] => 
    [DocomoCancelAmount] => 
    [DocomoCancelTax] => 
    [pay_status] => 13
)
 from 210.175.7.20
2023/10/28 16:34:53 [/shop/user_data/pg_mulpay_recv.php] response:true from 210.175.7.20
