2021/02/25 16:41:27 [/shop/shopping/load_payment_module.php] SendRequest:https://p01.mul-pay.jp/payment/EntryTran.idPass from 104.3.231.19
2021/02/25 16:41:27 [/shop/shopping/load_payment_module.php] Array
(
    [ShopID] => 9000034600950
    [ShopPass] => ******
    [OrderID] => 945131-25164127
    [JobCd] => CAPTURE
    [Amount] => 7350
    [TdFlag] => 0
    [TdTenantName] => 
)
 from 104.3.231.19
2021/02/25 16:41:27 [/shop/shopping/load_payment_module.php] AccessID=4c795540775ef8e8de842945770c745b&AccessPass=ed632053116c1c9b4290ab723976d242 from 104.3.231.19
2021/02/25 16:41:27 [/shop/shopping/load_payment_module.php] Array
(
    [0] => Array
        (
            [AccessID] => 4c795540775ef8e8de842945770c745b
            [AccessPass] => ed632053116c1c9b4290ab723976d242
        )

)
 from 104.3.231.19
2021/02/25 16:41:27 [/shop/shopping/load_payment_module.php] load_payment_module.php set payment data:Array
(
    [AccessID] => 4c795540775ef8e8de842945770c745b
    [AccessPass] => ed632053116c1c9b4290ab723976d242
    [OrderID] => 945131-25164127
    [Amount] => 7350
    [JobCd] => CAPTURE
    [action_status] => 1
    [pay_status] => 0
)
 from 104.3.231.19
2021/02/25 16:41:27 [/shop/shopping/load_payment_module.php] SendRequest:https://p01.mul-pay.jp/payment/ExecTran.idPass from 104.3.231.19
2021/02/25 16:41:27 [/shop/shopping/load_payment_module.php] Array
(
    [AccessID] => 4c795540775ef8e8de842945770c745b
    [AccessPass] => ed632053116c1c9b4290ab723976d242
    [OrderID] => 945131-25164127
    [Method] => 1
    [Token] => 555159fa7f6942e797f95755d381383a50c713c72d32190803145ba68a275613
    [ClientField1] => 
    [ClientField2] => 
    [ClientField3] => EC-CUBE4.3.24
)
 from 104.3.231.19
2021/02/25 16:41:28 [/shop/shopping/load_payment_module.php] ACS=0&OrderID=945131-25164127&Forward=2S49631&Method=1&PayTimes=&Approve=0038444&TranID=2102251641602257210134123813&TranDate=20210225164128&CheckString=b8fb12897e66469de32a8fd59c42e996 from 104.3.231.19
2021/02/25 16:41:28 [/shop/shopping/load_payment_module.php] Array
(
    [0] => Array
        (
            [ACS] => 0
            [OrderID] => 945131-25164127
            [Forward] => 2S49631
            [Method] => 1
            [PayTimes] => 
            [Approve] => 0038444
            [TranID] => 2102251641602257210134123813
            [TranDate] => 20210225164128
            [CheckString] => b8fb12897e66469de32a8fd59c42e996
        )

)
 from 104.3.231.19
2021/02/25 16:41:28 [/shop/shopping/load_payment_module.php] load_payment_module.php set payment data:Array
(
    [ACS] => 0
    [Forward] => 2S49631
    [Method] => 1
    [PayTimes] => 
    [Approve] => 0038444
    [TranID] => 2102251641602257210134123813
    [TranDate] => 20210225164128
    [CheckString] => b8fb12897e66469de32a8fd59c42e996
    [Amount] => 7350
    [JobCd] => CAPTURE
    [action_status] => 3
    [pay_status] => 13
)
 from 104.3.231.19
2021/02/25 16:41:28 [/shop/user_data/pg_mulpay_recv.php] ******* receiveer data start ******* from 210.175.7.20
2021/02/25 16:41:28 [/shop/user_data/pg_mulpay_recv.php] Array
(
    [ShopID] => 9000034600950
    [ShopPass] => **********
    [AccessID] => 4c795540775ef8e8de842945770c745b
    [AccessPass] => ********************************
    [OrderID] => 945131-25164127
    [Status] => CAPTURE
    [JobCd] => CAPTURE
    [Amount] => 7350
    [Tax] => 0
    [Currency] => JPN
    [Forward] => 2S49631
    [Method] => 1
    [PayTimes] => 
    [TranID] => 2102251641602257210134123813
    [Approve] => 0038444
    [TranDate] => 20210225164128
    [ErrCode] => 
    [ErrInfo] => 
    [PayType] => 0
)
 from 210.175.7.20
2021/02/25 16:41:28 [/shop/user_data/pg_mulpay_recv.php] ******* receiveer data end ******* from 210.175.7.20
2021/02/25 16:41:33 [/shop/user_data/pg_mulpay_recv.php] update order status:1 order_id=945131 from 210.175.7.20
2021/02/25 16:41:34 [/shop/user_data/pg_mulpay_recv.php] pg_mulpay_recv.php set payment data:Array
(
    [ShopID] => 9000034600950
    [AccessID] => 4c795540775ef8e8de842945770c745b
    [OrderID] => 945131-25164127
    [Status] => CAPTURE
    [JobCd] => CAPTURE
    [Amount] => 7350
    [Tax] => 0
    [Currency] => JPN
    [Forward] => 2S49631
    [Method] => 1
    [PayTimes] => 
    [TranID] => 2102251641602257210134123813
    [Approve] => 0038444
    [TranDate] => 20210225164128
    [ErrCode] => 
    [ErrInfo] => 
    [PayType] => 0
    [CvsCode] => 
    [CvsConfNo] => 
    [CvsReceiptNo] => 
    [EdyReceiptNo] => 
    [EdyOrderNo] => 
    [SuicaReceiptNo] => 
    [SuicaOrderNo] => 
    [CustID] => 
    [BkCode] => 
    [ConfNo] => 
    [PaymentTerm] => 
    [EncryptReceiptNo] => 
    [FinishDate] => 
    [ReceiptDate] => 
    [WebMoneyManagementNo] => 
    [WebMoneySettleCode] => 
    [AuPayInfoNo] => 
    [AuPayMethod] => 
    [AuCancelAmount] => 
    [AuCancelTax] => 
    [DocomoSettlementCode] => 
    [DocomoCancelAmount] => 
    [DocomoCancelTax] => 
    [pay_status] => 13
)
 from 210.175.7.20
2021/02/25 16:41:34 [/shop/user_data/pg_mulpay_recv.php] response:true from 210.175.7.20
