2025/10/23 00:08:18 [/shop/shopping/load_payment_module.php] SendRequest:https://p01.mul-pay.jp/payment/SearchMember.idPass from 157.107.73.136
2025/10/23 00:08:18 [/shop/shopping/load_payment_module.php] Array
(
    [SiteID] => mst0000007602
    [SitePass] => ******
    [MemberID] => 11087
)
 from 157.107.73.136
2025/10/23 00:08:18 [/shop/shopping/load_payment_module.php] ErrCode=E01&ErrInfo=E01390002 from 157.107.73.136
2025/10/23 00:08:18 [/shop/shopping/load_payment_module.php] Array
(
    [0] => Array
        (
            [ErrCode] => E01
            [ErrInfo] => E01390002
        )

)
 from 157.107.73.136
2025/10/23 00:08:18 [/shop/shopping/load_payment_module.php] SendRequest:https://p01.mul-pay.jp/payment/SearchCard.idPass from 157.107.73.136
2025/10/23 00:08:18 [/shop/shopping/load_payment_module.php] Array
(
    [SiteID] => mst0000007602
    [SitePass] => ******
    [MemberID] => 11087
)
 from 157.107.73.136
2025/10/23 00:08:19 [/shop/shopping/load_payment_module.php] ErrCode=E01|E01&ErrInfo=E01390002|E01240002 from 157.107.73.136
2025/10/23 00:08:19 [/shop/shopping/load_payment_module.php] Array
(
    [0] => Array
        (
            [ErrCode] => E01
            [ErrInfo] => E01390002
        )

    [1] => Array
        (
            [ErrCode] => E01
            [ErrInfo] => E01240002
        )

)
 from 157.107.73.136
2025/10/23 00:09:25 [/shop/shopping/load_payment_module.php] SendRequest:https://p01.mul-pay.jp/payment/SearchMember.idPass from 157.107.73.136
2025/10/23 00:09:25 [/shop/shopping/load_payment_module.php] Array
(
    [SiteID] => mst0000007602
    [SitePass] => ******
    [MemberID] => 11087
)
 from 157.107.73.136
2025/10/23 00:09:25 [/shop/shopping/load_payment_module.php] ErrCode=E01&ErrInfo=E01390002 from 157.107.73.136
2025/10/23 00:09:25 [/shop/shopping/load_payment_module.php] Array
(
    [0] => Array
        (
            [ErrCode] => E01
            [ErrInfo] => E01390002
        )

)
 from 157.107.73.136
2025/10/23 00:09:25 [/shop/shopping/load_payment_module.php] SendRequest:https://p01.mul-pay.jp/payment/SearchCard.idPass from 157.107.73.136
2025/10/23 00:09:25 [/shop/shopping/load_payment_module.php] Array
(
    [SiteID] => mst0000007602
    [SitePass] => ******
    [MemberID] => 11087
)
 from 157.107.73.136
2025/10/23 00:09:25 [/shop/shopping/load_payment_module.php] ErrCode=E01|E01&ErrInfo=E01390002|E01240002 from 157.107.73.136
2025/10/23 00:09:25 [/shop/shopping/load_payment_module.php] Array
(
    [0] => Array
        (
            [ErrCode] => E01
            [ErrInfo] => E01390002
        )

    [1] => Array
        (
            [ErrCode] => E01
            [ErrInfo] => E01240002
        )

)
 from 157.107.73.136
2025/10/23 00:09:25 [/shop/shopping/load_payment_module.php] SendRequest:https://p01.mul-pay.jp/payment/EntryTran.idPass from 157.107.73.136
2025/10/23 00:09:25 [/shop/shopping/load_payment_module.php] Array
(
    [ShopID] => 9000034600950
    [ShopPass] => ******
    [OrderID] => 963058-23000925
    [JobCd] => CAPTURE
    [Amount] => 7530
    [TdFlag] => 0
    [TdTenantName] => 
)
 from 157.107.73.136
2025/10/23 00:09:25 [/shop/shopping/load_payment_module.php] AccessID=e273cf9b3274d07325745e3b129adab1&AccessPass=69397586616f5d584a6245215e4674d1 from 157.107.73.136
2025/10/23 00:09:25 [/shop/shopping/load_payment_module.php] Array
(
    [0] => Array
        (
            [AccessID] => e273cf9b3274d07325745e3b129adab1
            [AccessPass] => 69397586616f5d584a6245215e4674d1
        )

)
 from 157.107.73.136
2025/10/23 00:09:25 [/shop/shopping/load_payment_module.php] load_payment_module.php set payment data:Array
(
    [AccessID] => e273cf9b3274d07325745e3b129adab1
    [AccessPass] => 69397586616f5d584a6245215e4674d1
    [OrderID] => 963058-23000925
    [Amount] => 7530
    [JobCd] => CAPTURE
    [action_status] => 1
    [pay_status] => 0
)
 from 157.107.73.136
2025/10/23 00:09:25 [/shop/shopping/load_payment_module.php] SendRequest:https://p01.mul-pay.jp/payment/ExecTran.idPass from 157.107.73.136
2025/10/23 00:09:25 [/shop/shopping/load_payment_module.php] Array
(
    [AccessID] => e273cf9b3274d07325745e3b129adab1
    [AccessPass] => 69397586616f5d584a6245215e4674d1
    [OrderID] => 963058-23000925
    [Method] => 1
    [Token] => d1987d68d68166600df20fe1a968eda8c891998444694351967d9fe2f3e07e6c
    [ClientField1] => 
    [ClientField2] => 
    [ClientField3] => EC-CUBE4.3.35
)
 from 157.107.73.136
2025/10/23 00:09:25 [/shop/shopping/load_payment_module.php] ACS=0&OrderID=963058-23000925&Forward=2959876&Method=1&PayTimes=&Approve=0692213&TranID=2510230009602257210134102761&TranDate=20251023000925&CheckString=63fe2e59e01e0a951750c19f29a69da3 from 157.107.73.136
2025/10/23 00:09:25 [/shop/shopping/load_payment_module.php] Array
(
    [0] => Array
        (
            [ACS] => 0
            [OrderID] => 963058-23000925
            [Forward] => 2959876
            [Method] => 1
            [PayTimes] => 
            [Approve] => 0692213
            [TranID] => 2510230009602257210134102761
            [TranDate] => 20251023000925
            [CheckString] => 63fe2e59e01e0a951750c19f29a69da3
        )

)
 from 157.107.73.136
2025/10/23 00:09:25 [/shop/shopping/load_payment_module.php] load_payment_module.php set payment data:Array
(
    [ACS] => 0
    [Forward] => 2959876
    [Method] => 1
    [PayTimes] => 
    [Approve] => 0692213
    [TranID] => 2510230009602257210134102761
    [TranDate] => 20251023000925
    [CheckString] => 63fe2e59e01e0a951750c19f29a69da3
    [Amount] => 7530
    [JobCd] => CAPTURE
    [action_status] => 3
    [pay_status] => 13
)
 from 157.107.73.136
2025/10/23 00:09:26 [/shop/user_data/pg_mulpay_recv.php] ******* receiveer data start ******* from 210.175.7.20
2025/10/23 00:09:26 [/shop/user_data/pg_mulpay_recv.php] Array
(
    [ShopID] => 9000034600950
    [ShopPass] => **********
    [AccessID] => e273cf9b3274d07325745e3b129adab1
    [AccessPass] => ********************************
    [OrderID] => 963058-23000925
    [Status] => CAPTURE
    [JobCd] => CAPTURE
    [Amount] => 7530
    [Tax] => 0
    [Currency] => JPN
    [Forward] => 2959876
    [Method] => 1
    [PayTimes] => 
    [TranID] => 2510230009602257210134102761
    [Approve] => 0692213
    [TranDate] => 20251023000925
    [ErrCode] => 
    [ErrInfo] => 
    [PayType] => 0
)
 from 210.175.7.20
2025/10/23 00:09:26 [/shop/user_data/pg_mulpay_recv.php] ******* receiveer data end ******* from 210.175.7.20
2025/10/23 00:09:31 [/shop/user_data/pg_mulpay_recv.php] update order status:1 order_id=963058 from 210.175.7.20
2025/10/23 00:09:31 [/shop/user_data/pg_mulpay_recv.php] pg_mulpay_recv.php set payment data:Array
(
    [ShopID] => 9000034600950
    [AccessID] => e273cf9b3274d07325745e3b129adab1
    [OrderID] => 963058-23000925
    [Status] => CAPTURE
    [JobCd] => CAPTURE
    [Amount] => 7530
    [Tax] => 0
    [Currency] => JPN
    [Forward] => 2959876
    [Method] => 1
    [PayTimes] => 
    [TranID] => 2510230009602257210134102761
    [Approve] => 0692213
    [TranDate] => 20251023000925
    [ErrCode] => 
    [ErrInfo] => 
    [PayType] => 0
    [CvsCode] => 
    [CvsConfNo] => 
    [CvsReceiptNo] => 
    [EdyReceiptNo] => 
    [EdyOrderNo] => 
    [SuicaReceiptNo] => 
    [SuicaOrderNo] => 
    [CustID] => 
    [BkCode] => 
    [ConfNo] => 
    [PaymentTerm] => 
    [EncryptReceiptNo] => 
    [FinishDate] => 
    [ReceiptDate] => 
    [WebMoneyManagementNo] => 
    [WebMoneySettleCode] => 
    [AuPayInfoNo] => 
    [AuPayMethod] => 
    [AuCancelAmount] => 
    [AuCancelTax] => 
    [DocomoSettlementCode] => 
    [DocomoCancelAmount] => 
    [DocomoCancelTax] => 
    [pay_status] => 13
)
 from 210.175.7.20
2025/10/23 00:09:31 [/shop/user_data/pg_mulpay_recv.php] response:true from 210.175.7.20
2025/10/23 01:36:44 [/shop/shopping/load_payment_module.php] SendRequest:https://p01.mul-pay.jp/payment/EntryTran.idPass from 136.226.65.18
2025/10/23 01:36:44 [/shop/shopping/load_payment_module.php] Array
(
    [ShopID] => 9000034600950
    [ShopPass] => ******
    [OrderID] => 963059-23013644
    [JobCd] => CAPTURE
    [Amount] => 6410
    [TdFlag] => 0
    [TdTenantName] => 
)
 from 136.226.65.18
2025/10/23 01:36:44 [/shop/shopping/load_payment_module.php] AccessID=5b551552efd5b31269335cc9f3587603&AccessPass=a49455f4e45cb8366dfc6e78811faaf6 from 136.226.65.18
2025/10/23 01:36:44 [/shop/shopping/load_payment_module.php] Array
(
    [0] => Array
        (
            [AccessID] => 5b551552efd5b31269335cc9f3587603
            [AccessPass] => a49455f4e45cb8366dfc6e78811faaf6
        )

)
 from 136.226.65.18
2025/10/23 01:36:44 [/shop/shopping/load_payment_module.php] load_payment_module.php set payment data:Array
(
    [AccessID] => 5b551552efd5b31269335cc9f3587603
    [AccessPass] => a49455f4e45cb8366dfc6e78811faaf6
    [OrderID] => 963059-23013644
    [Amount] => 6410
    [JobCd] => CAPTURE
    [action_status] => 1
    [pay_status] => 0
)
 from 136.226.65.18
2025/10/23 01:36:44 [/shop/shopping/load_payment_module.php] SendRequest:https://p01.mul-pay.jp/payment/ExecTran.idPass from 136.226.65.18
2025/10/23 01:36:44 [/shop/shopping/load_payment_module.php] Array
(
    [AccessID] => 5b551552efd5b31269335cc9f3587603
    [AccessPass] => a49455f4e45cb8366dfc6e78811faaf6
    [OrderID] => 963059-23013644
    [Method] => 1
    [Token] => 584b25a156849da36d71103689928c3fa98a8826d9fde38a003788307934cdd1
    [ClientField1] => 
    [ClientField2] => 
    [ClientField3] => EC-CUBE4.3.35
)
 from 136.226.65.18
2025/10/23 01:36:45 [/shop/shopping/load_payment_module.php] ACS=0&OrderID=963059-23013644&Forward=2S49631&Method=1&PayTimes=&Approve=0028808&TranID=2510230136602257210134102762&TranDate=20251023013645&CheckString=87e7779bf89a0bef6e7640dea5989fd9 from 136.226.65.18
2025/10/23 01:36:45 [/shop/shopping/load_payment_module.php] Array
(
    [0] => Array
        (
            [ACS] => 0
            [OrderID] => 963059-23013644
            [Forward] => 2S49631
            [Method] => 1
            [PayTimes] => 
            [Approve] => 0028808
            [TranID] => 2510230136602257210134102762
            [TranDate] => 20251023013645
            [CheckString] => 87e7779bf89a0bef6e7640dea5989fd9
        )

)
 from 136.226.65.18
2025/10/23 01:36:45 [/shop/shopping/load_payment_module.php] load_payment_module.php set payment data:Array
(
    [ACS] => 0
    [Forward] => 2S49631
    [Method] => 1
    [PayTimes] => 
    [Approve] => 0028808
    [TranID] => 2510230136602257210134102762
    [TranDate] => 20251023013645
    [CheckString] => 87e7779bf89a0bef6e7640dea5989fd9
    [Amount] => 6410
    [JobCd] => CAPTURE
    [action_status] => 3
    [pay_status] => 13
)
 from 136.226.65.18
2025/10/23 01:36:45 [/shop/user_data/pg_mulpay_recv.php] ******* receiveer data start ******* from 210.175.7.20
2025/10/23 01:36:45 [/shop/user_data/pg_mulpay_recv.php] Array
(
    [ShopID] => 9000034600950
    [ShopPass] => **********
    [AccessID] => 5b551552efd5b31269335cc9f3587603
    [AccessPass] => ********************************
    [OrderID] => 963059-23013644
    [Status] => CAPTURE
    [JobCd] => CAPTURE
    [Amount] => 6410
    [Tax] => 0
    [Currency] => JPN
    [Forward] => 2S49631
    [Method] => 1
    [PayTimes] => 
    [TranID] => 2510230136602257210134102762
    [Approve] => 0028808
    [TranDate] => 20251023013645
    [ErrCode] => 
    [ErrInfo] => 
    [PayType] => 0
)
 from 210.175.7.20
2025/10/23 01:36:45 [/shop/user_data/pg_mulpay_recv.php] ******* receiveer data end ******* from 210.175.7.20
2025/10/23 01:36:50 [/shop/user_data/pg_mulpay_recv.php] update order status:1 order_id=963059 from 210.175.7.20
2025/10/23 01:36:50 [/shop/user_data/pg_mulpay_recv.php] pg_mulpay_recv.php set payment data:Array
(
    [ShopID] => 9000034600950
    [AccessID] => 5b551552efd5b31269335cc9f3587603
    [OrderID] => 963059-23013644
    [Status] => CAPTURE
    [JobCd] => CAPTURE
    [Amount] => 6410
    [Tax] => 0
    [Currency] => JPN
    [Forward] => 2S49631
    [Method] => 1
    [PayTimes] => 
    [TranID] => 2510230136602257210134102762
    [Approve] => 0028808
    [TranDate] => 20251023013645
    [ErrCode] => 
    [ErrInfo] => 
    [PayType] => 0
    [CvsCode] => 
    [CvsConfNo] => 
    [CvsReceiptNo] => 
    [EdyReceiptNo] => 
    [EdyOrderNo] => 
    [SuicaReceiptNo] => 
    [SuicaOrderNo] => 
    [CustID] => 
    [BkCode] => 
    [ConfNo] => 
    [PaymentTerm] => 
    [EncryptReceiptNo] => 
    [FinishDate] => 
    [ReceiptDate] => 
    [WebMoneyManagementNo] => 
    [WebMoneySettleCode] => 
    [AuPayInfoNo] => 
    [AuPayMethod] => 
    [AuCancelAmount] => 
    [AuCancelTax] => 
    [DocomoSettlementCode] => 
    [DocomoCancelAmount] => 
    [DocomoCancelTax] => 
    [pay_status] => 13
)
 from 210.175.7.20
2025/10/23 01:36:50 [/shop/user_data/pg_mulpay_recv.php] response:true from 210.175.7.20
2025/10/23 02:31:57 [/shop/shopping/load_payment_module.php] SendRequest:https://p01.mul-pay.jp/payment/SearchMember.idPass from 5.19.124.78
2025/10/23 02:31:57 [/shop/shopping/load_payment_module.php] Array
(
    [SiteID] => mst0000007602
    [SitePass] => ******
    [MemberID] => 13486
)
 from 5.19.124.78
2025/10/23 02:31:57 [/shop/shopping/load_payment_module.php] ErrCode=E01&ErrInfo=E01390002 from 5.19.124.78
2025/10/23 02:31:57 [/shop/shopping/load_payment_module.php] Array
(
    [0] => Array
        (
            [ErrCode] => E01
            [ErrInfo] => E01390002
        )

)
 from 5.19.124.78
2025/10/23 02:31:57 [/shop/shopping/load_payment_module.php] SendRequest:https://p01.mul-pay.jp/payment/SearchCard.idPass from 5.19.124.78
2025/10/23 02:31:57 [/shop/shopping/load_payment_module.php] Array
(
    [SiteID] => mst0000007602
    [SitePass] => ******
    [MemberID] => 13486
)
 from 5.19.124.78
2025/10/23 02:31:57 [/shop/shopping/load_payment_module.php] ErrCode=E01|E01&ErrInfo=E01390002|E01240002 from 5.19.124.78
2025/10/23 02:31:57 [/shop/shopping/load_payment_module.php] Array
(
    [0] => Array
        (
            [ErrCode] => E01
            [ErrInfo] => E01390002
        )

    [1] => Array
        (
            [ErrCode] => E01
            [ErrInfo] => E01240002
        )

)
 from 5.19.124.78
2025/10/23 02:36:33 [/shop/shopping/load_payment_module.php] SendRequest:https://p01.mul-pay.jp/payment/SearchMember.idPass from 5.19.124.78
2025/10/23 02:36:33 [/shop/shopping/load_payment_module.php] Array
(
    [SiteID] => mst0000007602
    [SitePass] => ******
    [MemberID] => 13486
)
 from 5.19.124.78
2025/10/23 02:36:33 [/shop/shopping/load_payment_module.php] ErrCode=E01&ErrInfo=E01390002 from 5.19.124.78
2025/10/23 02:36:33 [/shop/shopping/load_payment_module.php] Array
(
    [0] => Array
        (
            [ErrCode] => E01
            [ErrInfo] => E01390002
        )

)
 from 5.19.124.78
2025/10/23 02:36:33 [/shop/shopping/load_payment_module.php] SendRequest:https://p01.mul-pay.jp/payment/SearchCard.idPass from 5.19.124.78
2025/10/23 02:36:33 [/shop/shopping/load_payment_module.php] Array
(
    [SiteID] => mst0000007602
    [SitePass] => ******
    [MemberID] => 13486
)
 from 5.19.124.78
2025/10/23 02:36:33 [/shop/shopping/load_payment_module.php] ErrCode=E01|E01&ErrInfo=E01390002|E01240002 from 5.19.124.78
2025/10/23 02:36:33 [/shop/shopping/load_payment_module.php] Array
(
    [0] => Array
        (
            [ErrCode] => E01
            [ErrInfo] => E01390002
        )

    [1] => Array
        (
            [ErrCode] => E01
            [ErrInfo] => E01240002
        )

)
 from 5.19.124.78
2025/10/23 02:36:33 [/shop/shopping/load_payment_module.php] SendRequest:https://p01.mul-pay.jp/payment/EntryTran.idPass from 5.19.124.78
2025/10/23 02:36:33 [/shop/shopping/load_payment_module.php] Array
(
    [ShopID] => 9000034600950
    [ShopPass] => ******
    [OrderID] => 963061-23023633
    [JobCd] => CAPTURE
    [Amount] => 10700
    [TdFlag] => 0
    [TdTenantName] => 
)
 from 5.19.124.78
2025/10/23 02:36:33 [/shop/shopping/load_payment_module.php] AccessID=1334fb4d335edb5e83680e539114e7da&AccessPass=1b98f4e032e3db43d6ff5ff0e03c343e from 5.19.124.78
2025/10/23 02:36:33 [/shop/shopping/load_payment_module.php] Array
(
    [0] => Array
        (
            [AccessID] => 1334fb4d335edb5e83680e539114e7da
            [AccessPass] => 1b98f4e032e3db43d6ff5ff0e03c343e
        )

)
 from 5.19.124.78
2025/10/23 02:36:33 [/shop/shopping/load_payment_module.php] load_payment_module.php set payment data:Array
(
    [AccessID] => 1334fb4d335edb5e83680e539114e7da
    [AccessPass] => 1b98f4e032e3db43d6ff5ff0e03c343e
    [OrderID] => 963061-23023633
    [Amount] => 10700
    [JobCd] => CAPTURE
    [action_status] => 1
    [pay_status] => 0
)
 from 5.19.124.78
2025/10/23 02:36:33 [/shop/shopping/load_payment_module.php] SendRequest:https://p01.mul-pay.jp/payment/ExecTran.idPass from 5.19.124.78
2025/10/23 02:36:33 [/shop/shopping/load_payment_module.php] Array
(
    [AccessID] => 1334fb4d335edb5e83680e539114e7da
    [AccessPass] => 1b98f4e032e3db43d6ff5ff0e03c343e
    [OrderID] => 963061-23023633
    [Method] => 1
    [Token] => f362507e25727de0bb56bd8a7c0264eae79952226dcea0ae0c4590b1d3e685ec
    [ClientField1] => 
    [ClientField2] => 
    [ClientField3] => EC-CUBE4.3.35
)
 from 5.19.124.78
2025/10/23 02:36:34 [/shop/shopping/load_payment_module.php] ACS=0&OrderID=963061-23023633&Forward=2S49631&Method=1&PayTimes=&Approve=0191832&TranID=2510230236602257210134102763&TranDate=20251023023634&CheckString=36f157f9ba2bc3e8b86dce9483575dff from 5.19.124.78
2025/10/23 02:36:34 [/shop/shopping/load_payment_module.php] Array
(
    [0] => Array
        (
            [ACS] => 0
            [OrderID] => 963061-23023633
            [Forward] => 2S49631
            [Method] => 1
            [PayTimes] => 
            [Approve] => 0191832
            [TranID] => 2510230236602257210134102763
            [TranDate] => 20251023023634
            [CheckString] => 36f157f9ba2bc3e8b86dce9483575dff
        )

)
 from 5.19.124.78
2025/10/23 02:36:34 [/shop/shopping/load_payment_module.php] load_payment_module.php set payment data:Array
(
    [ACS] => 0
    [Forward] => 2S49631
    [Method] => 1
    [PayTimes] => 
    [Approve] => 0191832
    [TranID] => 2510230236602257210134102763
    [TranDate] => 20251023023634
    [CheckString] => 36f157f9ba2bc3e8b86dce9483575dff
    [Amount] => 10700
    [JobCd] => CAPTURE
    [action_status] => 3
    [pay_status] => 13
)
 from 5.19.124.78
2025/10/23 02:36:34 [/shop/user_data/pg_mulpay_recv.php] ******* receiveer data start ******* from 210.175.7.20
2025/10/23 02:36:34 [/shop/user_data/pg_mulpay_recv.php] Array
(
    [ShopID] => 9000034600950
    [ShopPass] => **********
    [AccessID] => 1334fb4d335edb5e83680e539114e7da
    [AccessPass] => ********************************
    [OrderID] => 963061-23023633
    [Status] => CAPTURE
    [JobCd] => CAPTURE
    [Amount] => 10700
    [Tax] => 0
    [Currency] => JPN
    [Forward] => 2S49631
    [Method] => 1
    [PayTimes] => 
    [TranID] => 2510230236602257210134102763
    [Approve] => 0191832
    [TranDate] => 20251023023634
    [ErrCode] => 
    [ErrInfo] => 
    [PayType] => 0
)
 from 210.175.7.20
2025/10/23 02:36:34 [/shop/user_data/pg_mulpay_recv.php] ******* receiveer data end ******* from 210.175.7.20
2025/10/23 02:36:39 [/shop/user_data/pg_mulpay_recv.php] update order status:1 order_id=963061 from 210.175.7.20
2025/10/23 02:36:39 [/shop/user_data/pg_mulpay_recv.php] pg_mulpay_recv.php set payment data:Array
(
    [ShopID] => 9000034600950
    [AccessID] => 1334fb4d335edb5e83680e539114e7da
    [OrderID] => 963061-23023633
    [Status] => CAPTURE
    [JobCd] => CAPTURE
    [Amount] => 10700
    [Tax] => 0
    [Currency] => JPN
    [Forward] => 2S49631
    [Method] => 1
    [PayTimes] => 
    [TranID] => 2510230236602257210134102763
    [Approve] => 0191832
    [TranDate] => 20251023023634
    [ErrCode] => 
    [ErrInfo] => 
    [PayType] => 0
    [CvsCode] => 
    [CvsConfNo] => 
    [CvsReceiptNo] => 
    [EdyReceiptNo] => 
    [EdyOrderNo] => 
    [SuicaReceiptNo] => 
    [SuicaOrderNo] => 
    [CustID] => 
    [BkCode] => 
    [ConfNo] => 
    [PaymentTerm] => 
    [EncryptReceiptNo] => 
    [FinishDate] => 
    [ReceiptDate] => 
    [WebMoneyManagementNo] => 
    [WebMoneySettleCode] => 
    [AuPayInfoNo] => 
    [AuPayMethod] => 
    [AuCancelAmount] => 
    [AuCancelTax] => 
    [DocomoSettlementCode] => 
    [DocomoCancelAmount] => 
    [DocomoCancelTax] => 
    [pay_status] => 13
)
 from 210.175.7.20
2025/10/23 02:36:39 [/shop/user_data/pg_mulpay_recv.php] response:true from 210.175.7.20
2025/10/23 05:10:28 [/shop/shopping/load_payment_module.php] SendRequest:https://p01.mul-pay.jp/payment/EntryTran.idPass from 195.86.65.83
2025/10/23 05:10:28 [/shop/shopping/load_payment_module.php] Array
(
    [ShopID] => 9000034600950
    [ShopPass] => ******
    [OrderID] => 963062-23051028
    [JobCd] => CAPTURE
    [Amount] => 1880
    [TdFlag] => 0
    [TdTenantName] => 
)
 from 195.86.65.83
2025/10/23 05:10:29 [/shop/shopping/load_payment_module.php] AccessID=d90cf0525d699296892543e1e6132b11&AccessPass=d44fe4eb05c622f3cd09064cf8632976 from 195.86.65.83
2025/10/23 05:10:29 [/shop/shopping/load_payment_module.php] Array
(
    [0] => Array
        (
            [AccessID] => d90cf0525d699296892543e1e6132b11
            [AccessPass] => d44fe4eb05c622f3cd09064cf8632976
        )

)
 from 195.86.65.83
2025/10/23 05:10:29 [/shop/shopping/load_payment_module.php] load_payment_module.php set payment data:Array
(
    [AccessID] => d90cf0525d699296892543e1e6132b11
    [AccessPass] => d44fe4eb05c622f3cd09064cf8632976
    [OrderID] => 963062-23051028
    [Amount] => 1880
    [JobCd] => CAPTURE
    [action_status] => 1
    [pay_status] => 0
)
 from 195.86.65.83
2025/10/23 05:10:29 [/shop/shopping/load_payment_module.php] SendRequest:https://p01.mul-pay.jp/payment/ExecTran.idPass from 195.86.65.83
2025/10/23 05:10:29 [/shop/shopping/load_payment_module.php] Array
(
    [AccessID] => d90cf0525d699296892543e1e6132b11
    [AccessPass] => d44fe4eb05c622f3cd09064cf8632976
    [OrderID] => 963062-23051028
    [Method] => 1
    [Token] => e0a9d05aef0be520dd4821717be2f95ccd2bde3549b0b197d182a0338a09c4df
    [ClientField1] => 
    [ClientField2] => 
    [ClientField3] => EC-CUBE4.3.35
)
 from 195.86.65.83
2025/10/23 05:10:29 [/shop/shopping/load_payment_module.php] ErrCode=G30&ErrInfo=42G300000 from 195.86.65.83
2025/10/23 05:10:29 [/shop/shopping/load_payment_module.php] Array
(
    [0] => Array
        (
            [ErrCode] => G30
            [ErrInfo] => 42G300000
        )

)
 from 195.86.65.83
2025/10/23 05:10:29 [/shop/shopping/load_payment_module.php] load_payment_module.php set payment data:Array
(
    [request_error] => Array
        (
            [0] => このカードでは取引をする事が出来ません。 (G30-42G300000)
        )

    [Amount] => 1880
    [JobCd] => CAPTURE
    [action_status] => 3
)
 from 195.86.65.83
2025/10/23 05:10:29 [/shop/shopping/load_payment_module.php] Array
(
    [ipaddress] => 195.86.65.83
    [date_time] => 20251023051029
    [error_count] => 1
)
 from 195.86.65.83
2025/10/23 05:10:29 [/shop/user_data/pg_mulpay_recv.php] ******* receiveer data start ******* from 210.175.7.20
2025/10/23 05:10:29 [/shop/user_data/pg_mulpay_recv.php] Array
(
    [ShopID] => 9000034600950
    [ShopPass] => **********
    [AccessID] => d90cf0525d699296892543e1e6132b11
    [AccessPass] => ********************************
    [OrderID] => 963062-23051028
    [Status] => UNPROCESSED
    [JobCd] => CAPTURE
    [Amount] => 1880
    [Tax] => 0
    [Currency] => JPN
    [Forward] => 2S49631
    [Method] => 1
    [PayTimes] => 
    [TranID] => 2510230510602257210134102764
    [Approve] => 
    [TranDate] => 20251023051029
    [ErrCode] => G30
    [ErrInfo] => 42G300000
    [PayType] => 0
)
 from 210.175.7.20
2025/10/23 05:10:29 [/shop/user_data/pg_mulpay_recv.php] ******* receiveer data end ******* from 210.175.7.20
2025/10/23 05:10:29 [/shop/user_data/pg_mulpay_recv.php] pg_mulpay_recv.php set payment data:Array
(
    [ShopID] => 9000034600950
    [AccessID] => d90cf0525d699296892543e1e6132b11
    [OrderID] => 963062-23051028
    [Status] => UNPROCESSED
    [JobCd] => CAPTURE
    [Amount] => 1880
    [Tax] => 0
    [Currency] => JPN
    [Forward] => 2S49631
    [Method] => 1
    [PayTimes] => 
    [TranID] => 2510230510602257210134102764
    [Approve] => 
    [TranDate] => 20251023051029
    [ErrCode] => G30
    [ErrInfo] => 42G300000
    [PayType] => 0
    [CvsCode] => 
    [CvsConfNo] => 
    [CvsReceiptNo] => 
    [EdyReceiptNo] => 
    [EdyOrderNo] => 
    [SuicaReceiptNo] => 
    [SuicaOrderNo] => 
    [CustID] => 
    [BkCode] => 
    [ConfNo] => 
    [PaymentTerm] => 
    [EncryptReceiptNo] => 
    [FinishDate] => 
    [ReceiptDate] => 
    [WebMoneyManagementNo] => 
    [WebMoneySettleCode] => 
    [AuPayInfoNo] => 
    [AuPayMethod] => 
    [AuCancelAmount] => 
    [AuCancelTax] => 
    [DocomoSettlementCode] => 
    [DocomoCancelAmount] => 
    [DocomoCancelTax] => 
    [pay_status] => 0
)
 from 210.175.7.20
2025/10/23 05:10:29 [/shop/user_data/pg_mulpay_recv.php] response:true from 210.175.7.20
2025/10/23 05:10:54 [/shop/shopping/load_payment_module.php] SendRequest:https://p01.mul-pay.jp/payment/ExecTran.idPass from 195.86.65.88
2025/10/23 05:10:54 [/shop/shopping/load_payment_module.php] Array
(
    [AccessID] => d90cf0525d699296892543e1e6132b11
    [AccessPass] => d44fe4eb05c622f3cd09064cf8632976
    [OrderID] => 963062-23051028
    [Method] => 1
    [PayTimes] => 
    [Token] => c02008025ef6276f8f3f5d1e5d51c52cce11410442f1da03dc4da27cb707df5f
    [ClientField1] => 
    [ClientField2] => 
    [ClientField3] => EC-CUBE4.3.35
)
 from 195.86.65.88
2025/10/23 05:10:55 [/shop/shopping/load_payment_module.php] ErrCode=G30&ErrInfo=42G300000 from 195.86.65.88
2025/10/23 05:10:55 [/shop/shopping/load_payment_module.php] Array
(
    [0] => Array
        (
            [ErrCode] => G30
            [ErrInfo] => 42G300000
        )

)
 from 195.86.65.88
2025/10/23 05:10:55 [/shop/shopping/load_payment_module.php] load_payment_module.php set payment data:Array
(
    [request_error] => Array
        (
            [0] => このカードでは取引をする事が出来ません。 (G30-42G300000)
        )

    [Amount] => 1880
    [JobCd] => CAPTURE
    [action_status] => 3
)
 from 195.86.65.88
2025/10/23 05:10:55 [/shop/shopping/load_payment_module.php] Array
(
    [ipaddress] => 195.86.65.88
    [date_time] => 20251023051055
    [error_count] => 1
)
 from 195.86.65.88
2025/10/23 05:10:55 [/shop/user_data/pg_mulpay_recv.php] ******* receiveer data start ******* from 210.175.7.20
2025/10/23 05:10:55 [/shop/user_data/pg_mulpay_recv.php] Array
(
    [ShopID] => 9000034600950
    [ShopPass] => **********
    [AccessID] => d90cf0525d699296892543e1e6132b11
    [AccessPass] => ********************************
    [OrderID] => 963062-23051028
    [Status] => UNPROCESSED
    [JobCd] => CAPTURE
    [Amount] => 1880
    [Tax] => 0
    [Currency] => JPN
    [Forward] => 2S49631
    [Method] => 1
    [PayTimes] => 
    [TranID] => 2510230510602257210134102765
    [Approve] => 
    [TranDate] => 20251023051055
    [ErrCode] => G30
    [ErrInfo] => 42G300000
    [PayType] => 0
)
 from 210.175.7.20
2025/10/23 05:10:55 [/shop/user_data/pg_mulpay_recv.php] ******* receiveer data end ******* from 210.175.7.20
2025/10/23 05:10:55 [/shop/user_data/pg_mulpay_recv.php] pg_mulpay_recv.php set payment data:Array
(
    [ShopID] => 9000034600950
    [AccessID] => d90cf0525d699296892543e1e6132b11
    [OrderID] => 963062-23051028
    [Status] => UNPROCESSED
    [JobCd] => CAPTURE
    [Amount] => 1880
    [Tax] => 0
    [Currency] => JPN
    [Forward] => 2S49631
    [Method] => 1
    [PayTimes] => 
    [TranID] => 2510230510602257210134102765
    [Approve] => 
    [TranDate] => 20251023051055
    [ErrCode] => G30
    [ErrInfo] => 42G300000
    [PayType] => 0
    [CvsCode] => 
    [CvsConfNo] => 
    [CvsReceiptNo] => 
    [EdyReceiptNo] => 
    [EdyOrderNo] => 
    [SuicaReceiptNo] => 
    [SuicaOrderNo] => 
    [CustID] => 
    [BkCode] => 
    [ConfNo] => 
    [PaymentTerm] => 
    [EncryptReceiptNo] => 
    [FinishDate] => 
    [ReceiptDate] => 
    [WebMoneyManagementNo] => 
    [WebMoneySettleCode] => 
    [AuPayInfoNo] => 
    [AuPayMethod] => 
    [AuCancelAmount] => 
    [AuCancelTax] => 
    [DocomoSettlementCode] => 
    [DocomoCancelAmount] => 
    [DocomoCancelTax] => 
    [pay_status] => 0
)
 from 210.175.7.20
2025/10/23 05:10:55 [/shop/user_data/pg_mulpay_recv.php] response:true from 210.175.7.20
2025/10/23 10:05:53 [/shop/master/order/edit.php] edit.php set payment data:Array
(
    [no_update_status_flg] => 1
)
 from 114.160.216.147
2025/10/23 10:05:53 [/shop/master/order/edit.php] SendRequest:https://p01.mul-pay.jp/payment/ChangeTran.idPass from 114.160.216.147
2025/10/23 10:05:53 [/shop/master/order/edit.php] Array
(
    [ShopID] => 9000034600950
    [ShopPass] => ******
    [AccessID] => cbae6da6c690a6c09559065928d6454d
    [AccessPass] => 7745927417f0d4fe78749a902d7359a6
    [JobCd] => CAPTURE
    [Amount] => 21772
)
 from 114.160.216.147
2025/10/23 10:05:55 [/shop/master/order/edit.php] AccessID=cbae6da6c690a6c09559065928d6454d&AccessPass=7745927417f0d4fe78749a902d7359a6&Forward=2S49631&Approve=0004484&TranID=2510231005602257210134102767&TranDate=20251023100555 from 114.160.216.147
2025/10/23 10:05:55 [/shop/master/order/edit.php] Array
(
    [0] => Array
        (
            [AccessID] => cbae6da6c690a6c09559065928d6454d
            [AccessPass] => 7745927417f0d4fe78749a902d7359a6
            [Forward] => 2S49631
            [Approve] => 0004484
            [TranID] => 2510231005602257210134102767
            [TranDate] => 20251023100555
        )

)
 from 114.160.216.147
2025/10/23 10:05:55 [/shop/master/order/edit.php] edit.php set payment data:Array
(
    [AccessID] => cbae6da6c690a6c09559065928d6454d
    [AccessPass] => 7745927417f0d4fe78749a902d7359a6
    [Forward] => 2S49631
    [Approve] => 0004484
    [TranID] => 2510231005602257210134102767
    [TranDate] => 20251023100555
    [action_status] => 6
    [pay_status] => 13
    [JobCd] => CAPTURE
    [Amount] => 21772
)
 from 114.160.216.147
2025/10/23 10:05:55 [/shop/user_data/pg_mulpay_recv.php] ******* receiveer data start ******* from 210.175.7.20
2025/10/23 10:05:55 [/shop/user_data/pg_mulpay_recv.php] Array
(
    [ShopID] => 9000034600950
    [ShopPass] => **********
    [AccessID] => cbae6da6c690a6c09559065928d6454d
    [AccessPass] => ********************************
    [OrderID] => 962909-09203343
    [Status] => RETURN
    [JobCd] => RETURN
    [Amount] => 18252
    [Tax] => 0
    [Currency] => JPN
    [Forward] => 2S49631
    [Method] => 1
    [PayTimes] => 
    [TranID] => 2510231005602257210134102766
    [Approve] => 0004481
    [TranDate] => 20251023100555
    [ErrCode] => 
    [ErrInfo] => 
    [PayType] => 0
)
 from 210.175.7.20
2025/10/23 10:05:55 [/shop/user_data/pg_mulpay_recv.php] ******* receiveer data end ******* from 210.175.7.20
2025/10/23 10:05:55 [/shop/user_data/pg_mulpay_recv.php] pg_mulpay_recv.php set payment data:Array
(
    [ShopID] => 9000034600950
    [AccessID] => cbae6da6c690a6c09559065928d6454d
    [OrderID] => 962909-09203343
    [Status] => RETURN
    [JobCd] => RETURN
    [Amount] => 18252
    [Tax] => 0
    [Currency] => JPN
    [Forward] => 2S49631
    [Method] => 1
    [PayTimes] => 
    [TranID] => 2510231005602257210134102766
    [Approve] => 0004481
    [TranDate] => 20251023100555
    [ErrCode] => 
    [ErrInfo] => 
    [PayType] => 0
    [CvsCode] => 
    [CvsConfNo] => 
    [CvsReceiptNo] => 
    [EdyReceiptNo] => 
    [EdyOrderNo] => 
    [SuicaReceiptNo] => 
    [SuicaOrderNo] => 
    [CustID] => 
    [BkCode] => 
    [ConfNo] => 
    [PaymentTerm] => 
    [EncryptReceiptNo] => 
    [FinishDate] => 
    [ReceiptDate] => 
    [WebMoneyManagementNo] => 
    [WebMoneySettleCode] => 
    [AuPayInfoNo] => 
    [AuPayMethod] => 
    [AuCancelAmount] => 
    [AuCancelTax] => 
    [DocomoSettlementCode] => 
    [DocomoCancelAmount] => 
    [DocomoCancelTax] => 
    [pay_status] => 15
)
 from 210.175.7.20
2025/10/23 10:05:55 [/shop/user_data/pg_mulpay_recv.php] response:true from 210.175.7.20
2025/10/23 10:05:55 [/shop/user_data/pg_mulpay_recv.php] ******* receiveer data start ******* from 210.175.7.20
2025/10/23 10:05:55 [/shop/user_data/pg_mulpay_recv.php] Array
(
    [ShopID] => 9000034600950
    [ShopPass] => **********
    [AccessID] => cbae6da6c690a6c09559065928d6454d
    [AccessPass] => ********************************
    [OrderID] => 962909-09203343
    [Status] => CAPTURE
    [JobCd] => CAPTURE
    [Amount] => 21772
    [Tax] => 0
    [Currency] => JPN
    [Forward] => 2S49631
    [Method] => 1
    [PayTimes] => 
    [TranID] => 2510231005602257210134102767
    [Approve] => 0004484
    [TranDate] => 20251023100555
    [ErrCode] => 
    [ErrInfo] => 
    [PayType] => 0
)
 from 210.175.7.20
2025/10/23 10:05:55 [/shop/user_data/pg_mulpay_recv.php] ******* receiveer data end ******* from 210.175.7.20
2025/10/23 10:06:00 [/shop/user_data/pg_mulpay_recv.php] no update order status order_id=962909 from 210.175.7.20
2025/10/23 10:06:00 [/shop/user_data/pg_mulpay_recv.php] pg_mulpay_recv.php set payment data:Array
(
    [ShopID] => 9000034600950
    [AccessID] => cbae6da6c690a6c09559065928d6454d
    [OrderID] => 962909-09203343
    [Status] => CAPTURE
    [JobCd] => CAPTURE
    [Amount] => 21772
    [Tax] => 0
    [Currency] => JPN
    [Forward] => 2S49631
    [Method] => 1
    [PayTimes] => 
    [TranID] => 2510231005602257210134102767
    [Approve] => 0004484
    [TranDate] => 20251023100555
    [ErrCode] => 
    [ErrInfo] => 
    [PayType] => 0
    [CvsCode] => 
    [CvsConfNo] => 
    [CvsReceiptNo] => 
    [EdyReceiptNo] => 
    [EdyOrderNo] => 
    [SuicaReceiptNo] => 
    [SuicaOrderNo] => 
    [CustID] => 
    [BkCode] => 
    [ConfNo] => 
    [PaymentTerm] => 
    [EncryptReceiptNo] => 
    [FinishDate] => 
    [ReceiptDate] => 
    [WebMoneyManagementNo] => 
    [WebMoneySettleCode] => 
    [AuPayInfoNo] => 
    [AuPayMethod] => 
    [AuCancelAmount] => 
    [AuCancelTax] => 
    [DocomoSettlementCode] => 
    [DocomoCancelAmount] => 
    [DocomoCancelTax] => 
    [pay_status] => 13
    [no_update_status_flg] => 0
)
 from 210.175.7.20
2025/10/23 10:06:00 [/shop/user_data/pg_mulpay_recv.php] response:true from 210.175.7.20
2025/10/23 10:06:02 [/shop/master/order/edit.php] SendRequest:https://p01.mul-pay.jp/payment/SearchTrade.idPass from 114.160.216.147
2025/10/23 10:06:02 [/shop/master/order/edit.php] Array
(
    [ShopID] => 9000034600950
    [ShopPass] => ******
    [OrderID] => 962909-09203343
)
 from 114.160.216.147
2025/10/23 10:06:02 [/shop/master/order/edit.php] OrderID=962909-09203343&Status=CAPTURE&ProcessDate=20251023100555&JobCd=CAPTURE&AccessID=cbae6da6c690a6c09559065928d6454d&AccessPass=7745927417f0d4fe78749a902d7359a6&ItemCode=0000990&Amount=21772&Tax=0&SiteID=&MemberID=&CardNo=************9786&Expire=3012&Method=1&PayTimes=&Forward=2S49631&TranID=2510231005602257210134102767&Approve=0004484&ClientField1=&ClientField2=&ClientField3=EC-CUBE4.3.35 from 114.160.216.147
2025/10/23 10:06:02 [/shop/master/order/edit.php] Array
(
    [0] => Array
        (
            [OrderID] => 962909-09203343
            [Status] => CAPTURE
            [ProcessDate] => 20251023100555
            [JobCd] => CAPTURE
            [AccessID] => cbae6da6c690a6c09559065928d6454d
            [AccessPass] => 7745927417f0d4fe78749a902d7359a6
            [ItemCode] => 0000990
            [Amount] => 21772
            [Tax] => 0
            [SiteID] => 
            [MemberID] => 
            [CardNo] => ************9786
            [Expire] => 3012
            [Method] => 1
            [PayTimes] => 
            [Forward] => 2S49631
            [TranID] => 2510231005602257210134102767
            [Approve] => 0004484
            [ClientField1] => 
            [ClientField2] => 
            [ClientField3] => EC-CUBE4.3.35
        )

)
 from 114.160.216.147
2025/10/23 10:06:02 [/shop/master/order/edit.php] edit.php set payment data:Array
(
    [OrderID] => 962909-09203343
    [Status] => CAPTURE
    [ProcessDate] => 20251023100555
    [JobCd] => CAPTURE
    [AccessID] => cbae6da6c690a6c09559065928d6454d
    [AccessPass] => 7745927417f0d4fe78749a902d7359a6
    [ItemCode] => 0000990
    [Amount] => 21772
    [Tax] => 0
    [SiteID] => 
    [MemberID] => 
    [CardNo] => ************9786
    [Expire] => 3012
    [Method] => 1
    [PayTimes] => 
    [Forward] => 2S49631
    [TranID] => 2510231005602257210134102767
    [Approve] => 0004484
    [ClientField1] => 
    [ClientField2] => 
    [ClientField3] => EC-CUBE4.3.35
    [action_status] => 6
    [pay_status] => 13
)
 from 114.160.216.147
2025/10/23 10:54:38 [/shop/shopping/load_payment_module.php] SendRequest:https://p01.mul-pay.jp/payment/SearchMember.idPass from 72.253.148.217
2025/10/23 10:54:38 [/shop/shopping/load_payment_module.php] Array
(
    [SiteID] => mst0000007602
    [SitePass] => ******
    [MemberID] => 12960
)
 from 72.253.148.217
2025/10/23 10:54:39 [/shop/shopping/load_payment_module.php] ErrCode=E01&ErrInfo=E01390002 from 72.253.148.217
2025/10/23 10:54:39 [/shop/shopping/load_payment_module.php] Array
(
    [0] => Array
        (
            [ErrCode] => E01
            [ErrInfo] => E01390002
        )

)
 from 72.253.148.217
2025/10/23 10:54:39 [/shop/shopping/load_payment_module.php] SendRequest:https://p01.mul-pay.jp/payment/SearchCard.idPass from 72.253.148.217
2025/10/23 10:54:39 [/shop/shopping/load_payment_module.php] Array
(
    [SiteID] => mst0000007602
    [SitePass] => ******
    [MemberID] => 12960
)
 from 72.253.148.217
2025/10/23 10:54:39 [/shop/shopping/load_payment_module.php] ErrCode=E01|E01&ErrInfo=E01390002|E01240002 from 72.253.148.217
2025/10/23 10:54:39 [/shop/shopping/load_payment_module.php] Array
(
    [0] => Array
        (
            [ErrCode] => E01
            [ErrInfo] => E01390002
        )

    [1] => Array
        (
            [ErrCode] => E01
            [ErrInfo] => E01240002
        )

)
 from 72.253.148.217
2025/10/23 10:59:46 [/shop/shopping/load_payment_module.php] SendRequest:https://p01.mul-pay.jp/payment/SearchMember.idPass from 72.253.148.217
2025/10/23 10:59:46 [/shop/shopping/load_payment_module.php] Array
(
    [SiteID] => mst0000007602
    [SitePass] => ******
    [MemberID] => 12960
)
 from 72.253.148.217
2025/10/23 10:59:46 [/shop/shopping/load_payment_module.php] ErrCode=E01&ErrInfo=E01390002 from 72.253.148.217
2025/10/23 10:59:46 [/shop/shopping/load_payment_module.php] Array
(
    [0] => Array
        (
            [ErrCode] => E01
            [ErrInfo] => E01390002
        )

)
 from 72.253.148.217
2025/10/23 10:59:46 [/shop/shopping/load_payment_module.php] SendRequest:https://p01.mul-pay.jp/payment/SearchCard.idPass from 72.253.148.217
2025/10/23 10:59:46 [/shop/shopping/load_payment_module.php] Array
(
    [SiteID] => mst0000007602
    [SitePass] => ******
    [MemberID] => 12960
)
 from 72.253.148.217
2025/10/23 10:59:46 [/shop/shopping/load_payment_module.php] ErrCode=E01|E01&ErrInfo=E01390002|E01240002 from 72.253.148.217
2025/10/23 10:59:46 [/shop/shopping/load_payment_module.php] Array
(
    [0] => Array
        (
            [ErrCode] => E01
            [ErrInfo] => E01390002
        )

    [1] => Array
        (
            [ErrCode] => E01
            [ErrInfo] => E01240002
        )

)
 from 72.253.148.217
2025/10/23 10:59:46 [/shop/shopping/load_payment_module.php] SendRequest:https://p01.mul-pay.jp/payment/EntryTran.idPass from 72.253.148.217
2025/10/23 10:59:46 [/shop/shopping/load_payment_module.php] Array
(
    [ShopID] => 9000034600950
    [ShopPass] => ******
    [OrderID] => 963063-23105946
    [JobCd] => CAPTURE
    [Amount] => 4720
    [TdFlag] => 0
    [TdTenantName] => 
)
 from 72.253.148.217
2025/10/23 10:59:46 [/shop/shopping/load_payment_module.php] AccessID=f85b0fccf3e02e239a53930a7696b87e&AccessPass=452ba6733770b29d8ea31b30203c848d from 72.253.148.217
2025/10/23 10:59:46 [/shop/shopping/load_payment_module.php] Array
(
    [0] => Array
        (
            [AccessID] => f85b0fccf3e02e239a53930a7696b87e
            [AccessPass] => 452ba6733770b29d8ea31b30203c848d
        )

)
 from 72.253.148.217
2025/10/23 10:59:46 [/shop/shopping/load_payment_module.php] load_payment_module.php set payment data:Array
(
    [AccessID] => f85b0fccf3e02e239a53930a7696b87e
    [AccessPass] => 452ba6733770b29d8ea31b30203c848d
    [OrderID] => 963063-23105946
    [Amount] => 4720
    [JobCd] => CAPTURE
    [action_status] => 1
    [pay_status] => 0
)
 from 72.253.148.217
2025/10/23 10:59:46 [/shop/shopping/load_payment_module.php] SendRequest:https://p01.mul-pay.jp/payment/ExecTran.idPass from 72.253.148.217
2025/10/23 10:59:46 [/shop/shopping/load_payment_module.php] Array
(
    [AccessID] => f85b0fccf3e02e239a53930a7696b87e
    [AccessPass] => 452ba6733770b29d8ea31b30203c848d
    [OrderID] => 963063-23105946
    [Method] => 1
    [Token] => 6d86351c1a24d90cbdc2aede9247b9826d0b885e2d7315de65da8f4101bbd112
    [ClientField1] => 
    [ClientField2] => 
    [ClientField3] => EC-CUBE4.3.35
)
 from 72.253.148.217
2025/10/23 10:59:47 [/shop/shopping/load_payment_module.php] ACS=0&OrderID=963063-23105946&Forward=2S49631&Method=1&PayTimes=&Approve=0804994&TranID=2510231059602257210134102768&TranDate=20251023105947&CheckString=408db206a8e374140a594989de2eb341 from 72.253.148.217
2025/10/23 10:59:47 [/shop/shopping/load_payment_module.php] Array
(
    [0] => Array
        (
            [ACS] => 0
            [OrderID] => 963063-23105946
            [Forward] => 2S49631
            [Method] => 1
            [PayTimes] => 
            [Approve] => 0804994
            [TranID] => 2510231059602257210134102768
            [TranDate] => 20251023105947
            [CheckString] => 408db206a8e374140a594989de2eb341
        )

)
 from 72.253.148.217
2025/10/23 10:59:47 [/shop/shopping/load_payment_module.php] load_payment_module.php set payment data:Array
(
    [ACS] => 0
    [Forward] => 2S49631
    [Method] => 1
    [PayTimes] => 
    [Approve] => 0804994
    [TranID] => 2510231059602257210134102768
    [TranDate] => 20251023105947
    [CheckString] => 408db206a8e374140a594989de2eb341
    [Amount] => 4720
    [JobCd] => CAPTURE
    [action_status] => 3
    [pay_status] => 13
)
 from 72.253.148.217
2025/10/23 10:59:47 [/shop/user_data/pg_mulpay_recv.php] ******* receiveer data start ******* from 210.175.7.20
2025/10/23 10:59:47 [/shop/user_data/pg_mulpay_recv.php] Array
(
    [ShopID] => 9000034600950
    [ShopPass] => **********
    [AccessID] => f85b0fccf3e02e239a53930a7696b87e
    [AccessPass] => ********************************
    [OrderID] => 963063-23105946
    [Status] => CAPTURE
    [JobCd] => CAPTURE
    [Amount] => 4720
    [Tax] => 0
    [Currency] => JPN
    [Forward] => 2S49631
    [Method] => 1
    [PayTimes] => 
    [TranID] => 2510231059602257210134102768
    [Approve] => 0804994
    [TranDate] => 20251023105947
    [ErrCode] => 
    [ErrInfo] => 
    [PayType] => 0
)
 from 210.175.7.20
2025/10/23 10:59:47 [/shop/user_data/pg_mulpay_recv.php] ******* receiveer data end ******* from 210.175.7.20
2025/10/23 10:59:52 [/shop/user_data/pg_mulpay_recv.php] update order status:1 order_id=963063 from 210.175.7.20
2025/10/23 10:59:52 [/shop/user_data/pg_mulpay_recv.php] pg_mulpay_recv.php set payment data:Array
(
    [ShopID] => 9000034600950
    [AccessID] => f85b0fccf3e02e239a53930a7696b87e
    [OrderID] => 963063-23105946
    [Status] => CAPTURE
    [JobCd] => CAPTURE
    [Amount] => 4720
    [Tax] => 0
    [Currency] => JPN
    [Forward] => 2S49631
    [Method] => 1
    [PayTimes] => 
    [TranID] => 2510231059602257210134102768
    [Approve] => 0804994
    [TranDate] => 20251023105947
    [ErrCode] => 
    [ErrInfo] => 
    [PayType] => 0
    [CvsCode] => 
    [CvsConfNo] => 
    [CvsReceiptNo] => 
    [EdyReceiptNo] => 
    [EdyOrderNo] => 
    [SuicaReceiptNo] => 
    [SuicaOrderNo] => 
    [CustID] => 
    [BkCode] => 
    [ConfNo] => 
    [PaymentTerm] => 
    [EncryptReceiptNo] => 
    [FinishDate] => 
    [ReceiptDate] => 
    [WebMoneyManagementNo] => 
    [WebMoneySettleCode] => 
    [AuPayInfoNo] => 
    [AuPayMethod] => 
    [AuCancelAmount] => 
    [AuCancelTax] => 
    [DocomoSettlementCode] => 
    [DocomoCancelAmount] => 
    [DocomoCancelTax] => 
    [pay_status] => 13
)
 from 210.175.7.20
2025/10/23 10:59:52 [/shop/user_data/pg_mulpay_recv.php] response:true from 210.175.7.20
2025/10/23 12:25:37 [/shop/shopping/load_payment_module.php] SendRequest:https://p01.mul-pay.jp/payment/EntryTran.idPass from 104.28.99.206
2025/10/23 12:25:37 [/shop/shopping/load_payment_module.php] Array
(
    [ShopID] => 9000034600950
    [ShopPass] => ******
    [OrderID] => 963064-23122537
    [JobCd] => CAPTURE
    [Amount] => 4060
    [TdFlag] => 0
    [TdTenantName] => 
)
 from 104.28.99.206
2025/10/23 12:25:37 [/shop/shopping/load_payment_module.php] AccessID=00af2188c648f08f844f184d70f01b24&AccessPass=bbc0d1733faed4d02a0d47cd7f9d7cf7 from 104.28.99.206
2025/10/23 12:25:37 [/shop/shopping/load_payment_module.php] Array
(
    [0] => Array
        (
            [AccessID] => 00af2188c648f08f844f184d70f01b24
            [AccessPass] => bbc0d1733faed4d02a0d47cd7f9d7cf7
        )

)
 from 104.28.99.206
2025/10/23 12:25:37 [/shop/shopping/load_payment_module.php] load_payment_module.php set payment data:Array
(
    [AccessID] => 00af2188c648f08f844f184d70f01b24
    [AccessPass] => bbc0d1733faed4d02a0d47cd7f9d7cf7
    [OrderID] => 963064-23122537
    [Amount] => 4060
    [JobCd] => CAPTURE
    [action_status] => 1
    [pay_status] => 0
)
 from 104.28.99.206
2025/10/23 12:25:37 [/shop/shopping/load_payment_module.php] SendRequest:https://p01.mul-pay.jp/payment/ExecTran.idPass from 104.28.99.206
2025/10/23 12:25:37 [/shop/shopping/load_payment_module.php] Array
(
    [AccessID] => 00af2188c648f08f844f184d70f01b24
    [AccessPass] => bbc0d1733faed4d02a0d47cd7f9d7cf7
    [OrderID] => 963064-23122537
    [Method] => 1
    [Token] => 06a44a6b85055dec5880831016711e27cc5661ea41726f3526db245e2a2724c9
    [ClientField1] => 
    [ClientField2] => 
    [ClientField3] => EC-CUBE4.3.35
)
 from 104.28.99.206
2025/10/23 12:25:38 [/shop/shopping/load_payment_module.php] ErrCode=G65&ErrInfo=42G650000 from 104.28.99.206
2025/10/23 12:25:38 [/shop/shopping/load_payment_module.php] Array
(
    [0] => Array
        (
            [ErrCode] => G65
            [ErrInfo] => 42G650000
        )

)
 from 104.28.99.206
2025/10/23 12:25:38 [/shop/shopping/load_payment_module.php] load_payment_module.php set payment data:Array
(
    [request_error] => Array
        (
            [0] => カード番号に誤りがあるために、決済を完了する事が出来ませんでした。 (G65-42G650000)
        )

    [Amount] => 4060
    [JobCd] => CAPTURE
    [action_status] => 3
)
 from 104.28.99.206
2025/10/23 12:25:38 [/shop/shopping/load_payment_module.php] Array
(
    [ipaddress] => 104.28.99.206
    [date_time] => 20251023122538
    [error_count] => 1
)
 from 104.28.99.206
2025/10/23 12:25:38 [/shop/user_data/pg_mulpay_recv.php] ******* receiveer data start ******* from 210.175.7.20
2025/10/23 12:25:38 [/shop/user_data/pg_mulpay_recv.php] Array
(
    [ShopID] => 9000034600950
    [ShopPass] => **********
    [AccessID] => 00af2188c648f08f844f184d70f01b24
    [AccessPass] => ********************************
    [OrderID] => 963064-23122537
    [Status] => UNPROCESSED
    [JobCd] => CAPTURE
    [Amount] => 4060
    [Tax] => 0
    [Currency] => JPN
    [Forward] => 2S49631
    [Method] => 1
    [PayTimes] => 
    [TranID] => 2510231225602257210134102769
    [Approve] => 
    [TranDate] => 20251023122538
    [ErrCode] => G65
    [ErrInfo] => 42G650000
    [PayType] => 0
)
 from 210.175.7.20
2025/10/23 12:25:38 [/shop/user_data/pg_mulpay_recv.php] ******* receiveer data end ******* from 210.175.7.20
2025/10/23 12:25:38 [/shop/user_data/pg_mulpay_recv.php] pg_mulpay_recv.php set payment data:Array
(
    [ShopID] => 9000034600950
    [AccessID] => 00af2188c648f08f844f184d70f01b24
    [OrderID] => 963064-23122537
    [Status] => UNPROCESSED
    [JobCd] => CAPTURE
    [Amount] => 4060
    [Tax] => 0
    [Currency] => JPN
    [Forward] => 2S49631
    [Method] => 1
    [PayTimes] => 
    [TranID] => 2510231225602257210134102769
    [Approve] => 
    [TranDate] => 20251023122538
    [ErrCode] => G65
    [ErrInfo] => 42G650000
    [PayType] => 0
    [CvsCode] => 
    [CvsConfNo] => 
    [CvsReceiptNo] => 
    [EdyReceiptNo] => 
    [EdyOrderNo] => 
    [SuicaReceiptNo] => 
    [SuicaOrderNo] => 
    [CustID] => 
    [BkCode] => 
    [ConfNo] => 
    [PaymentTerm] => 
    [EncryptReceiptNo] => 
    [FinishDate] => 
    [ReceiptDate] => 
    [WebMoneyManagementNo] => 
    [WebMoneySettleCode] => 
    [AuPayInfoNo] => 
    [AuPayMethod] => 
    [AuCancelAmount] => 
    [AuCancelTax] => 
    [DocomoSettlementCode] => 
    [DocomoCancelAmount] => 
    [DocomoCancelTax] => 
    [pay_status] => 0
)
 from 210.175.7.20
2025/10/23 12:25:38 [/shop/user_data/pg_mulpay_recv.php] response:true from 210.175.7.20
2025/10/23 12:26:45 [/shop/shopping/load_payment_module.php] SendRequest:https://p01.mul-pay.jp/payment/ExecTran.idPass from 104.28.99.206
2025/10/23 12:26:45 [/shop/shopping/load_payment_module.php] Array
(
    [AccessID] => 00af2188c648f08f844f184d70f01b24
    [AccessPass] => bbc0d1733faed4d02a0d47cd7f9d7cf7
    [OrderID] => 963064-23122537
    [Method] => 1
    [PayTimes] => 
    [Token] => 2aad604e4cf8607e50c3d52d902000186a23461126582667019dbd163453589f
    [ClientField1] => 
    [ClientField2] => 
    [ClientField3] => EC-CUBE4.3.35
)
 from 104.28.99.206
2025/10/23 12:26:46 [/shop/shopping/load_payment_module.php] ACS=0&OrderID=963064-23122537&Forward=2S49631&Method=1&PayTimes=&Approve=0182663&TranID=2510231226602257210134102770&TranDate=20251023122646&CheckString=650f2bd1170582443cad9c1894517962 from 104.28.99.206
2025/10/23 12:26:46 [/shop/shopping/load_payment_module.php] Array
(
    [0] => Array
        (
            [ACS] => 0
            [OrderID] => 963064-23122537
            [Forward] => 2S49631
            [Method] => 1
            [PayTimes] => 
            [Approve] => 0182663
            [TranID] => 2510231226602257210134102770
            [TranDate] => 20251023122646
            [CheckString] => 650f2bd1170582443cad9c1894517962
        )

)
 from 104.28.99.206
2025/10/23 12:26:46 [/shop/shopping/load_payment_module.php] load_payment_module.php set payment data:Array
(
    [ACS] => 0
    [Forward] => 2S49631
    [Method] => 1
    [PayTimes] => 
    [Approve] => 0182663
    [TranID] => 2510231226602257210134102770
    [TranDate] => 20251023122646
    [CheckString] => 650f2bd1170582443cad9c1894517962
    [Amount] => 4060
    [JobCd] => CAPTURE
    [action_status] => 3
    [pay_status] => 13
)
 from 104.28.99.206
2025/10/23 12:26:46 [/shop/user_data/pg_mulpay_recv.php] ******* receiveer data start ******* from 210.175.7.20
2025/10/23 12:26:46 [/shop/user_data/pg_mulpay_recv.php] Array
(
    [ShopID] => 9000034600950
    [ShopPass] => **********
    [AccessID] => 00af2188c648f08f844f184d70f01b24
    [AccessPass] => ********************************
    [OrderID] => 963064-23122537
    [Status] => CAPTURE
    [JobCd] => CAPTURE
    [Amount] => 4060
    [Tax] => 0
    [Currency] => JPN
    [Forward] => 2S49631
    [Method] => 1
    [PayTimes] => 
    [TranID] => 2510231226602257210134102770
    [Approve] => 0182663
    [TranDate] => 20251023122646
    [ErrCode] => 
    [ErrInfo] => 
    [PayType] => 0
)
 from 210.175.7.20
2025/10/23 12:26:46 [/shop/user_data/pg_mulpay_recv.php] ******* receiveer data end ******* from 210.175.7.20
2025/10/23 12:26:51 [/shop/user_data/pg_mulpay_recv.php] update order status:1 order_id=963064 from 210.175.7.20
2025/10/23 12:26:51 [/shop/user_data/pg_mulpay_recv.php] pg_mulpay_recv.php set payment data:Array
(
    [ShopID] => 9000034600950
    [AccessID] => 00af2188c648f08f844f184d70f01b24
    [OrderID] => 963064-23122537
    [Status] => CAPTURE
    [JobCd] => CAPTURE
    [Amount] => 4060
    [Tax] => 0
    [Currency] => JPN
    [Forward] => 2S49631
    [Method] => 1
    [PayTimes] => 
    [TranID] => 2510231226602257210134102770
    [Approve] => 0182663
    [TranDate] => 20251023122646
    [PayType] => 0
    [CvsCode] => 
    [CvsConfNo] => 
    [CvsReceiptNo] => 
    [EdyReceiptNo] => 
    [EdyOrderNo] => 
    [SuicaReceiptNo] => 
    [SuicaOrderNo] => 
    [CustID] => 
    [BkCode] => 
    [ConfNo] => 
    [PaymentTerm] => 
    [EncryptReceiptNo] => 
    [FinishDate] => 
    [ReceiptDate] => 
    [WebMoneyManagementNo] => 
    [WebMoneySettleCode] => 
    [AuPayInfoNo] => 
    [AuPayMethod] => 
    [AuCancelAmount] => 
    [AuCancelTax] => 
    [DocomoSettlementCode] => 
    [DocomoCancelAmount] => 
    [DocomoCancelTax] => 
    [pay_status] => 13
)
 from 210.175.7.20
2025/10/23 12:26:51 [/shop/user_data/pg_mulpay_recv.php] response:true from 210.175.7.20
2025/10/23 13:38:20 [/shop/shopping/load_payment_module.php] SendRequest:https://p01.mul-pay.jp/payment/SearchMember.idPass from 147.161.154.123
2025/10/23 13:38:20 [/shop/shopping/load_payment_module.php] Array
(
    [SiteID] => mst0000007602
    [SitePass] => ******
    [MemberID] => 13488
)
 from 147.161.154.123
2025/10/23 13:38:20 [/shop/shopping/load_payment_module.php] ErrCode=E01&ErrInfo=E01390002 from 147.161.154.123
2025/10/23 13:38:20 [/shop/shopping/load_payment_module.php] Array
(
    [0] => Array
        (
            [ErrCode] => E01
            [ErrInfo] => E01390002
        )

)
 from 147.161.154.123
2025/10/23 13:38:20 [/shop/shopping/load_payment_module.php] SendRequest:https://p01.mul-pay.jp/payment/SearchCard.idPass from 147.161.154.123
2025/10/23 13:38:20 [/shop/shopping/load_payment_module.php] Array
(
    [SiteID] => mst0000007602
    [SitePass] => ******
    [MemberID] => 13488
)
 from 147.161.154.123
2025/10/23 13:38:20 [/shop/shopping/load_payment_module.php] ErrCode=E01|E01&ErrInfo=E01390002|E01240002 from 147.161.154.123
2025/10/23 13:38:20 [/shop/shopping/load_payment_module.php] Array
(
    [0] => Array
        (
            [ErrCode] => E01
            [ErrInfo] => E01390002
        )

    [1] => Array
        (
            [ErrCode] => E01
            [ErrInfo] => E01240002
        )

)
 from 147.161.154.123
2025/10/23 13:56:10 [/shop/shopping/load_payment_module.php] SendRequest:https://p01.mul-pay.jp/payment/SearchMember.idPass from 147.161.154.100
2025/10/23 13:56:10 [/shop/shopping/load_payment_module.php] Array
(
    [SiteID] => mst0000007602
    [SitePass] => ******
    [MemberID] => 12962
)
 from 147.161.154.100
2025/10/23 13:56:10 [/shop/shopping/load_payment_module.php] ErrCode=E01&ErrInfo=E01390002 from 147.161.154.100
2025/10/23 13:56:10 [/shop/shopping/load_payment_module.php] Array
(
    [0] => Array
        (
            [ErrCode] => E01
            [ErrInfo] => E01390002
        )

)
 from 147.161.154.100
2025/10/23 13:56:10 [/shop/shopping/load_payment_module.php] SendRequest:https://p01.mul-pay.jp/payment/SearchCard.idPass from 147.161.154.100
2025/10/23 13:56:10 [/shop/shopping/load_payment_module.php] Array
(
    [SiteID] => mst0000007602
    [SitePass] => ******
    [MemberID] => 12962
)
 from 147.161.154.100
2025/10/23 13:56:10 [/shop/shopping/load_payment_module.php] ErrCode=E01|E01&ErrInfo=E01390002|E01240002 from 147.161.154.100
2025/10/23 13:56:10 [/shop/shopping/load_payment_module.php] Array
(
    [0] => Array
        (
            [ErrCode] => E01
            [ErrInfo] => E01390002
        )

    [1] => Array
        (
            [ErrCode] => E01
            [ErrInfo] => E01240002
        )

)
 from 147.161.154.100
2025/10/23 13:57:25 [/shop/shopping/load_payment_module.php] SendRequest:https://p01.mul-pay.jp/payment/SearchMember.idPass from 147.161.154.100
2025/10/23 13:57:25 [/shop/shopping/load_payment_module.php] Array
(
    [SiteID] => mst0000007602
    [SitePass] => ******
    [MemberID] => 12962
)
 from 147.161.154.100
2025/10/23 13:57:25 [/shop/shopping/load_payment_module.php] ErrCode=E01&ErrInfo=E01390002 from 147.161.154.100
2025/10/23 13:57:25 [/shop/shopping/load_payment_module.php] Array
(
    [0] => Array
        (
            [ErrCode] => E01
            [ErrInfo] => E01390002
        )

)
 from 147.161.154.100
2025/10/23 13:57:25 [/shop/shopping/load_payment_module.php] SendRequest:https://p01.mul-pay.jp/payment/SearchCard.idPass from 147.161.154.100
2025/10/23 13:57:25 [/shop/shopping/load_payment_module.php] Array
(
    [SiteID] => mst0000007602
    [SitePass] => ******
    [MemberID] => 12962
)
 from 147.161.154.100
2025/10/23 13:57:25 [/shop/shopping/load_payment_module.php] ErrCode=E01|E01&ErrInfo=E01390002|E01240002 from 147.161.154.100
2025/10/23 13:57:25 [/shop/shopping/load_payment_module.php] Array
(
    [0] => Array
        (
            [ErrCode] => E01
            [ErrInfo] => E01390002
        )

    [1] => Array
        (
            [ErrCode] => E01
            [ErrInfo] => E01240002
        )

)
 from 147.161.154.100
2025/10/23 13:57:25 [/shop/shopping/load_payment_module.php] SendRequest:https://p01.mul-pay.jp/payment/EntryTran.idPass from 147.161.154.100
2025/10/23 13:57:25 [/shop/shopping/load_payment_module.php] Array
(
    [ShopID] => 9000034600950
    [ShopPass] => ******
    [OrderID] => 963066-23135725
    [JobCd] => CAPTURE
    [Amount] => 45920
    [TdFlag] => 0
    [TdTenantName] => 
)
 from 147.161.154.100
2025/10/23 13:57:26 [/shop/shopping/load_payment_module.php] AccessID=058ddef58bb424252967e07417f88d76&AccessPass=0c9428e225ea8cc501717f2453c64ac8 from 147.161.154.100
2025/10/23 13:57:26 [/shop/shopping/load_payment_module.php] Array
(
    [0] => Array
        (
            [AccessID] => 058ddef58bb424252967e07417f88d76
            [AccessPass] => 0c9428e225ea8cc501717f2453c64ac8
        )

)
 from 147.161.154.100
2025/10/23 13:57:26 [/shop/shopping/load_payment_module.php] load_payment_module.php set payment data:Array
(
    [AccessID] => 058ddef58bb424252967e07417f88d76
    [AccessPass] => 0c9428e225ea8cc501717f2453c64ac8
    [OrderID] => 963066-23135725
    [Amount] => 45920
    [JobCd] => CAPTURE
    [action_status] => 1
    [pay_status] => 0
)
 from 147.161.154.100
2025/10/23 13:57:26 [/shop/shopping/load_payment_module.php] SendRequest:https://p01.mul-pay.jp/payment/ExecTran.idPass from 147.161.154.100
2025/10/23 13:57:26 [/shop/shopping/load_payment_module.php] Array
(
    [AccessID] => 058ddef58bb424252967e07417f88d76
    [AccessPass] => 0c9428e225ea8cc501717f2453c64ac8
    [OrderID] => 963066-23135725
    [Method] => 1
    [Token] => bc2b031f4e88ce225835a4e78e8e4c23cf1420c705be9071c3a6a2c191b15bd5
    [ClientField1] => 
    [ClientField2] => 
    [ClientField3] => EC-CUBE4.3.35
)
 from 147.161.154.100
2025/10/23 13:57:27 [/shop/shopping/load_payment_module.php] ACS=0&OrderID=963066-23135725&Forward=2959876&Method=1&PayTimes=&Approve=0706277&TranID=2510231357602257210134102771&TranDate=20251023135727&CheckString=da49a99984a48f7b66aa73d03121965d from 147.161.154.100
2025/10/23 13:57:27 [/shop/shopping/load_payment_module.php] Array
(
    [0] => Array
        (
            [ACS] => 0
            [OrderID] => 963066-23135725
            [Forward] => 2959876
            [Method] => 1
            [PayTimes] => 
            [Approve] => 0706277
            [TranID] => 2510231357602257210134102771
            [TranDate] => 20251023135727
            [CheckString] => da49a99984a48f7b66aa73d03121965d
        )

)
 from 147.161.154.100
2025/10/23 13:57:27 [/shop/shopping/load_payment_module.php] load_payment_module.php set payment data:Array
(
    [ACS] => 0
    [Forward] => 2959876
    [Method] => 1
    [PayTimes] => 
    [Approve] => 0706277
    [TranID] => 2510231357602257210134102771
    [TranDate] => 20251023135727
    [CheckString] => da49a99984a48f7b66aa73d03121965d
    [Amount] => 45920
    [JobCd] => CAPTURE
    [action_status] => 3
    [pay_status] => 13
)
 from 147.161.154.100
2025/10/23 13:57:27 [/shop/user_data/pg_mulpay_recv.php] ******* receiveer data start ******* from 210.175.7.20
2025/10/23 13:57:27 [/shop/user_data/pg_mulpay_recv.php] Array
(
    [ShopID] => 9000034600950
    [ShopPass] => **********
    [AccessID] => 058ddef58bb424252967e07417f88d76
    [AccessPass] => ********************************
    [OrderID] => 963066-23135725
    [Status] => CAPTURE
    [JobCd] => CAPTURE
    [Amount] => 45920
    [Tax] => 0
    [Currency] => JPN
    [Forward] => 2959876
    [Method] => 1
    [PayTimes] => 
    [TranID] => 2510231357602257210134102771
    [Approve] => 0706277
    [TranDate] => 20251023135727
    [ErrCode] => 
    [ErrInfo] => 
    [PayType] => 0
)
 from 210.175.7.20
2025/10/23 13:57:27 [/shop/user_data/pg_mulpay_recv.php] ******* receiveer data end ******* from 210.175.7.20
2025/10/23 13:57:32 [/shop/user_data/pg_mulpay_recv.php] update order status:1 order_id=963066 from 210.175.7.20
2025/10/23 13:57:32 [/shop/user_data/pg_mulpay_recv.php] pg_mulpay_recv.php set payment data:Array
(
    [ShopID] => 9000034600950
    [AccessID] => 058ddef58bb424252967e07417f88d76
    [OrderID] => 963066-23135725
    [Status] => CAPTURE
    [JobCd] => CAPTURE
    [Amount] => 45920
    [Tax] => 0
    [Currency] => JPN
    [Forward] => 2959876
    [Method] => 1
    [PayTimes] => 
    [TranID] => 2510231357602257210134102771
    [Approve] => 0706277
    [TranDate] => 20251023135727
    [ErrCode] => 
    [ErrInfo] => 
    [PayType] => 0
    [CvsCode] => 
    [CvsConfNo] => 
    [CvsReceiptNo] => 
    [EdyReceiptNo] => 
    [EdyOrderNo] => 
    [SuicaReceiptNo] => 
    [SuicaOrderNo] => 
    [CustID] => 
    [BkCode] => 
    [ConfNo] => 
    [PaymentTerm] => 
    [EncryptReceiptNo] => 
    [FinishDate] => 
    [ReceiptDate] => 
    [WebMoneyManagementNo] => 
    [WebMoneySettleCode] => 
    [AuPayInfoNo] => 
    [AuPayMethod] => 
    [AuCancelAmount] => 
    [AuCancelTax] => 
    [DocomoSettlementCode] => 
    [DocomoCancelAmount] => 
    [DocomoCancelTax] => 
    [pay_status] => 13
)
 from 210.175.7.20
2025/10/23 13:57:32 [/shop/user_data/pg_mulpay_recv.php] response:true from 210.175.7.20
2025/10/23 17:22:57 [/shop/shopping/load_payment_module.php] SendRequest:https://p01.mul-pay.jp/payment/EntryTran.idPass from 106.135.111.75
2025/10/23 17:22:57 [/shop/shopping/load_payment_module.php] Array
(
    [ShopID] => 9000034600950
    [ShopPass] => ******
    [OrderID] => 963067-23172257
    [JobCd] => CAPTURE
    [Amount] => 6500
    [TdFlag] => 0
    [TdTenantName] => 
)
 from 106.135.111.75
2025/10/23 17:22:57 [/shop/shopping/load_payment_module.php] AccessID=69ea2009793ee6d0a9eb8382626b9ad5&AccessPass=3e854c458ba8773265faf4cbe717663e from 106.135.111.75
2025/10/23 17:22:57 [/shop/shopping/load_payment_module.php] Array
(
    [0] => Array
        (
            [AccessID] => 69ea2009793ee6d0a9eb8382626b9ad5
            [AccessPass] => 3e854c458ba8773265faf4cbe717663e
        )

)
 from 106.135.111.75
2025/10/23 17:22:57 [/shop/shopping/load_payment_module.php] load_payment_module.php set payment data:Array
(
    [AccessID] => 69ea2009793ee6d0a9eb8382626b9ad5
    [AccessPass] => 3e854c458ba8773265faf4cbe717663e
    [OrderID] => 963067-23172257
    [Amount] => 6500
    [JobCd] => CAPTURE
    [action_status] => 1
    [pay_status] => 0
)
 from 106.135.111.75
2025/10/23 17:22:57 [/shop/shopping/load_payment_module.php] SendRequest:https://p01.mul-pay.jp/payment/ExecTran.idPass from 106.135.111.75
2025/10/23 17:22:57 [/shop/shopping/load_payment_module.php] Array
(
    [AccessID] => 69ea2009793ee6d0a9eb8382626b9ad5
    [AccessPass] => 3e854c458ba8773265faf4cbe717663e
    [OrderID] => 963067-23172257
    [Method] => 1
    [Token] => 45e9c9a45e2f599aac413550e0dd3fe151d255c4cd34e494b48ec64d2dc94f15
    [ClientField1] => 
    [ClientField2] => 
    [ClientField3] => EC-CUBE4.3.35
)
 from 106.135.111.75
2025/10/23 17:22:58 [/shop/shopping/load_payment_module.php] ACS=0&OrderID=963067-23172257&Forward=2959876&Method=1&PayTimes=&Approve=0336136&TranID=2510231722602257210134102772&TranDate=20251023172258&CheckString=8bff96265012c781415ae323796df1bf from 106.135.111.75
2025/10/23 17:22:58 [/shop/shopping/load_payment_module.php] Array
(
    [0] => Array
        (
            [ACS] => 0
            [OrderID] => 963067-23172257
            [Forward] => 2959876
            [Method] => 1
            [PayTimes] => 
            [Approve] => 0336136
            [TranID] => 2510231722602257210134102772
            [TranDate] => 20251023172258
            [CheckString] => 8bff96265012c781415ae323796df1bf
        )

)
 from 106.135.111.75
2025/10/23 17:22:58 [/shop/shopping/load_payment_module.php] load_payment_module.php set payment data:Array
(
    [ACS] => 0
    [Forward] => 2959876
    [Method] => 1
    [PayTimes] => 
    [Approve] => 0336136
    [TranID] => 2510231722602257210134102772
    [TranDate] => 20251023172258
    [CheckString] => 8bff96265012c781415ae323796df1bf
    [Amount] => 6500
    [JobCd] => CAPTURE
    [action_status] => 3
    [pay_status] => 13
)
 from 106.135.111.75
2025/10/23 17:22:58 [/shop/user_data/pg_mulpay_recv.php] ******* receiveer data start ******* from 210.175.7.20
2025/10/23 17:22:58 [/shop/user_data/pg_mulpay_recv.php] Array
(
    [ShopID] => 9000034600950
    [ShopPass] => **********
    [AccessID] => 69ea2009793ee6d0a9eb8382626b9ad5
    [AccessPass] => ********************************
    [OrderID] => 963067-23172257
    [Status] => CAPTURE
    [JobCd] => CAPTURE
    [Amount] => 6500
    [Tax] => 0
    [Currency] => JPN
    [Forward] => 2959876
    [Method] => 1
    [PayTimes] => 
    [TranID] => 2510231722602257210134102772
    [Approve] => 0336136
    [TranDate] => 20251023172258
    [ErrCode] => 
    [ErrInfo] => 
    [PayType] => 0
)
 from 210.175.7.20
2025/10/23 17:22:58 [/shop/user_data/pg_mulpay_recv.php] ******* receiveer data end ******* from 210.175.7.20
2025/10/23 17:23:03 [/shop/user_data/pg_mulpay_recv.php] update order status:1 order_id=963067 from 210.175.7.20
2025/10/23 17:23:03 [/shop/user_data/pg_mulpay_recv.php] pg_mulpay_recv.php set payment data:Array
(
    [ShopID] => 9000034600950
    [AccessID] => 69ea2009793ee6d0a9eb8382626b9ad5
    [OrderID] => 963067-23172257
    [Status] => CAPTURE
    [JobCd] => CAPTURE
    [Amount] => 6500
    [Tax] => 0
    [Currency] => JPN
    [Forward] => 2959876
    [Method] => 1
    [PayTimes] => 
    [TranID] => 2510231722602257210134102772
    [Approve] => 0336136
    [TranDate] => 20251023172258
    [ErrCode] => 
    [ErrInfo] => 
    [PayType] => 0
    [CvsCode] => 
    [CvsConfNo] => 
    [CvsReceiptNo] => 
    [EdyReceiptNo] => 
    [EdyOrderNo] => 
    [SuicaReceiptNo] => 
    [SuicaOrderNo] => 
    [CustID] => 
    [BkCode] => 
    [ConfNo] => 
    [PaymentTerm] => 
    [EncryptReceiptNo] => 
    [FinishDate] => 
    [ReceiptDate] => 
    [WebMoneyManagementNo] => 
    [WebMoneySettleCode] => 
    [AuPayInfoNo] => 
    [AuPayMethod] => 
    [AuCancelAmount] => 
    [AuCancelTax] => 
    [DocomoSettlementCode] => 
    [DocomoCancelAmount] => 
    [DocomoCancelTax] => 
    [pay_status] => 13
)
 from 210.175.7.20
2025/10/23 17:23:03 [/shop/user_data/pg_mulpay_recv.php] response:true from 210.175.7.20
2025/10/23 18:00:27 [/shop/master/order/edit.php] edit.php set payment data:Array
(
    [no_update_status_flg] => 1
)
 from 114.160.216.147
2025/10/23 18:00:27 [/shop/master/order/edit.php] SendRequest:https://p01.mul-pay.jp/payment/ChangeTran.idPass from 114.160.216.147
2025/10/23 18:00:27 [/shop/master/order/edit.php] Array
(
    [ShopID] => 9000034600950
    [ShopPass] => ******
    [AccessID] => f85b0fccf3e02e239a53930a7696b87e
    [AccessPass] => 452ba6733770b29d8ea31b30203c848d
    [JobCd] => CAPTURE
    [Amount] => 5610
)
 from 114.160.216.147
2025/10/23 18:00:28 [/shop/master/order/edit.php] AccessID=f85b0fccf3e02e239a53930a7696b87e&AccessPass=452ba6733770b29d8ea31b30203c848d&Forward=2S49631&Approve=0941424&TranID=2510231800602257210134102774&TranDate=20251023180028 from 114.160.216.147
2025/10/23 18:00:28 [/shop/master/order/edit.php] Array
(
    [0] => Array
        (
            [AccessID] => f85b0fccf3e02e239a53930a7696b87e
            [AccessPass] => 452ba6733770b29d8ea31b30203c848d
            [Forward] => 2S49631
            [Approve] => 0941424
            [TranID] => 2510231800602257210134102774
            [TranDate] => 20251023180028
        )

)
 from 114.160.216.147
2025/10/23 18:00:28 [/shop/master/order/edit.php] edit.php set payment data:Array
(
    [AccessID] => f85b0fccf3e02e239a53930a7696b87e
    [AccessPass] => 452ba6733770b29d8ea31b30203c848d
    [Forward] => 2S49631
    [Approve] => 0941424
    [TranID] => 2510231800602257210134102774
    [TranDate] => 20251023180028
    [action_status] => 6
    [pay_status] => 13
    [JobCd] => CAPTURE
    [Amount] => 5610
)
 from 114.160.216.147
2025/10/23 18:00:29 [/shop/user_data/pg_mulpay_recv.php] ******* receiveer data start ******* from 210.175.7.20
2025/10/23 18:00:29 [/shop/user_data/pg_mulpay_recv.php] Array
(
    [ShopID] => 9000034600950
    [ShopPass] => **********
    [AccessID] => f85b0fccf3e02e239a53930a7696b87e
    [AccessPass] => ********************************
    [OrderID] => 963063-23105946
    [Status] => VOID
    [JobCd] => VOID
    [Amount] => 4720
    [Tax] => 0
    [Currency] => JPN
    [Forward] => 2S49631
    [Method] => 1
    [PayTimes] => 
    [TranID] => 2510231800602257210134102773
    [Approve] => 0012478
    [TranDate] => 20251023180028
    [ErrCode] => 
    [ErrInfo] => 
    [PayType] => 0
)
 from 210.175.7.20
2025/10/23 18:00:29 [/shop/user_data/pg_mulpay_recv.php] ******* receiveer data end ******* from 210.175.7.20
2025/10/23 18:00:29 [/shop/user_data/pg_mulpay_recv.php] pg_mulpay_recv.php set payment data:Array
(
    [ShopID] => 9000034600950
    [AccessID] => f85b0fccf3e02e239a53930a7696b87e
    [OrderID] => 963063-23105946
    [Status] => VOID
    [JobCd] => VOID
    [Amount] => 4720
    [Tax] => 0
    [Currency] => JPN
    [Forward] => 2S49631
    [Method] => 1
    [PayTimes] => 
    [TranID] => 2510231800602257210134102773
    [Approve] => 0012478
    [TranDate] => 20251023180028
    [ErrCode] => 
    [ErrInfo] => 
    [PayType] => 0
    [CvsCode] => 
    [CvsConfNo] => 
    [CvsReceiptNo] => 
    [EdyReceiptNo] => 
    [EdyOrderNo] => 
    [SuicaReceiptNo] => 
    [SuicaOrderNo] => 
    [CustID] => 
    [BkCode] => 
    [ConfNo] => 
    [PaymentTerm] => 
    [EncryptReceiptNo] => 
    [FinishDate] => 
    [ReceiptDate] => 
    [WebMoneyManagementNo] => 
    [WebMoneySettleCode] => 
    [AuPayInfoNo] => 
    [AuPayMethod] => 
    [AuCancelAmount] => 
    [AuCancelTax] => 
    [DocomoSettlementCode] => 
    [DocomoCancelAmount] => 
    [DocomoCancelTax] => 
    [pay_status] => 14
)
 from 210.175.7.20
2025/10/23 18:00:29 [/shop/user_data/pg_mulpay_recv.php] response:true from 210.175.7.20
2025/10/23 18:00:29 [/shop/user_data/pg_mulpay_recv.php] ******* receiveer data start ******* from 210.175.7.20
2025/10/23 18:00:29 [/shop/user_data/pg_mulpay_recv.php] Array
(
    [ShopID] => 9000034600950
    [ShopPass] => **********
    [AccessID] => f85b0fccf3e02e239a53930a7696b87e
    [AccessPass] => ********************************
    [OrderID] => 963063-23105946
    [Status] => CAPTURE
    [JobCd] => CAPTURE
    [Amount] => 5610
    [Tax] => 0
    [Currency] => JPN
    [Forward] => 2S49631
    [Method] => 1
    [PayTimes] => 
    [TranID] => 2510231800602257210134102774
    [Approve] => 0941424
    [TranDate] => 20251023180028
    [ErrCode] => 
    [ErrInfo] => 
    [PayType] => 0
)
 from 210.175.7.20
2025/10/23 18:00:29 [/shop/user_data/pg_mulpay_recv.php] ******* receiveer data end ******* from 210.175.7.20
2025/10/23 18:00:34 [/shop/user_data/pg_mulpay_recv.php] no update order status order_id=963063 from 210.175.7.20
2025/10/23 18:00:34 [/shop/user_data/pg_mulpay_recv.php] pg_mulpay_recv.php set payment data:Array
(
    [ShopID] => 9000034600950
    [AccessID] => f85b0fccf3e02e239a53930a7696b87e
    [OrderID] => 963063-23105946
    [Status] => CAPTURE
    [JobCd] => CAPTURE
    [Amount] => 5610
    [Tax] => 0
    [Currency] => JPN
    [Forward] => 2S49631
    [Method] => 1
    [PayTimes] => 
    [TranID] => 2510231800602257210134102774
    [Approve] => 0941424
    [TranDate] => 20251023180028
    [ErrCode] => 
    [ErrInfo] => 
    [PayType] => 0
    [CvsCode] => 
    [CvsConfNo] => 
    [CvsReceiptNo] => 
    [EdyReceiptNo] => 
    [EdyOrderNo] => 
    [SuicaReceiptNo] => 
    [SuicaOrderNo] => 
    [CustID] => 
    [BkCode] => 
    [ConfNo] => 
    [PaymentTerm] => 
    [EncryptReceiptNo] => 
    [FinishDate] => 
    [ReceiptDate] => 
    [WebMoneyManagementNo] => 
    [WebMoneySettleCode] => 
    [AuPayInfoNo] => 
    [AuPayMethod] => 
    [AuCancelAmount] => 
    [AuCancelTax] => 
    [DocomoSettlementCode] => 
    [DocomoCancelAmount] => 
    [DocomoCancelTax] => 
    [pay_status] => 13
    [no_update_status_flg] => 0
)
 from 210.175.7.20
2025/10/23 18:00:34 [/shop/user_data/pg_mulpay_recv.php] response:true from 210.175.7.20
2025/10/23 18:00:34 [/shop/master/order/edit.php] SendRequest:https://p01.mul-pay.jp/payment/SearchTrade.idPass from 114.160.216.147
2025/10/23 18:00:34 [/shop/master/order/edit.php] Array
(
    [ShopID] => 9000034600950
    [ShopPass] => ******
    [OrderID] => 963063-23105946
)
 from 114.160.216.147
2025/10/23 18:00:35 [/shop/master/order/edit.php] OrderID=963063-23105946&Status=CAPTURE&ProcessDate=20251023180028&JobCd=CAPTURE&AccessID=f85b0fccf3e02e239a53930a7696b87e&AccessPass=452ba6733770b29d8ea31b30203c848d&ItemCode=0000990&Amount=5610&Tax=0&SiteID=&MemberID=&CardNo=************2809&Expire=2606&Method=1&PayTimes=&Forward=2S49631&TranID=2510231800602257210134102774&Approve=0941424&ClientField1=&ClientField2=&ClientField3=EC-CUBE4.3.35 from 114.160.216.147
2025/10/23 18:00:35 [/shop/master/order/edit.php] Array
(
    [0] => Array
        (
            [OrderID] => 963063-23105946
            [Status] => CAPTURE
            [ProcessDate] => 20251023180028
            [JobCd] => CAPTURE
            [AccessID] => f85b0fccf3e02e239a53930a7696b87e
            [AccessPass] => 452ba6733770b29d8ea31b30203c848d
            [ItemCode] => 0000990
            [Amount] => 5610
            [Tax] => 0
            [SiteID] => 
            [MemberID] => 
            [CardNo] => ************2809
            [Expire] => 2606
            [Method] => 1
            [PayTimes] => 
            [Forward] => 2S49631
            [TranID] => 2510231800602257210134102774
            [Approve] => 0941424
            [ClientField1] => 
            [ClientField2] => 
            [ClientField3] => EC-CUBE4.3.35
        )

)
 from 114.160.216.147
2025/10/23 18:00:35 [/shop/master/order/edit.php] edit.php set payment data:Array
(
    [OrderID] => 963063-23105946
    [Status] => CAPTURE
    [ProcessDate] => 20251023180028
    [JobCd] => CAPTURE
    [AccessID] => f85b0fccf3e02e239a53930a7696b87e
    [AccessPass] => 452ba6733770b29d8ea31b30203c848d
    [ItemCode] => 0000990
    [Amount] => 5610
    [Tax] => 0
    [SiteID] => 
    [MemberID] => 
    [CardNo] => ************2809
    [Expire] => 2606
    [Method] => 1
    [PayTimes] => 
    [Forward] => 2S49631
    [TranID] => 2510231800602257210134102774
    [Approve] => 0941424
    [ClientField1] => 
    [ClientField2] => 
    [ClientField3] => EC-CUBE4.3.35
    [action_status] => 6
    [pay_status] => 13
)
 from 114.160.216.147
2025/10/23 22:35:53 [/shop/shopping/load_payment_module.php] SendRequest:https://p01.mul-pay.jp/payment/EntryTran.idPass from 177.115.102.178
2025/10/23 22:35:53 [/shop/shopping/load_payment_module.php] Array
(
    [ShopID] => 9000034600950
    [ShopPass] => ******
    [OrderID] => 963068-23223553
    [JobCd] => CAPTURE
    [Amount] => 13450
    [TdFlag] => 0
    [TdTenantName] => 
)
 from 177.115.102.178
2025/10/23 22:35:53 [/shop/shopping/load_payment_module.php] AccessID=c4b1d86d38e65d1ad529a090f7a101f0&AccessPass=cabba704fe43696138e3aa855f47b3f2 from 177.115.102.178
2025/10/23 22:35:53 [/shop/shopping/load_payment_module.php] Array
(
    [0] => Array
        (
            [AccessID] => c4b1d86d38e65d1ad529a090f7a101f0
            [AccessPass] => cabba704fe43696138e3aa855f47b3f2
        )

)
 from 177.115.102.178
2025/10/23 22:35:53 [/shop/shopping/load_payment_module.php] load_payment_module.php set payment data:Array
(
    [AccessID] => c4b1d86d38e65d1ad529a090f7a101f0
    [AccessPass] => cabba704fe43696138e3aa855f47b3f2
    [OrderID] => 963068-23223553
    [Amount] => 13450
    [JobCd] => CAPTURE
    [action_status] => 1
    [pay_status] => 0
)
 from 177.115.102.178
2025/10/23 22:35:53 [/shop/shopping/load_payment_module.php] SendRequest:https://p01.mul-pay.jp/payment/ExecTran.idPass from 177.115.102.178
2025/10/23 22:35:53 [/shop/shopping/load_payment_module.php] Array
(
    [AccessID] => c4b1d86d38e65d1ad529a090f7a101f0
    [AccessPass] => cabba704fe43696138e3aa855f47b3f2
    [OrderID] => 963068-23223553
    [Method] => 1
    [Token] => 3bb7c15f920b767323cced242952561a1e50b71ba3991e108f5fb30e244d559f
    [ClientField1] => 
    [ClientField2] => 
    [ClientField3] => EC-CUBE4.3.35
)
 from 177.115.102.178
2025/10/23 22:35:54 [/shop/shopping/load_payment_module.php] ACS=0&OrderID=963068-23223553&Forward=2959876&Method=1&PayTimes=&Approve=0809351&TranID=2510232235602257210134102775&TranDate=20251023223554&CheckString=1f9ca569088e302a64502cb1990b26f6 from 177.115.102.178
2025/10/23 22:35:54 [/shop/shopping/load_payment_module.php] Array
(
    [0] => Array
        (
            [ACS] => 0
            [OrderID] => 963068-23223553
            [Forward] => 2959876
            [Method] => 1
            [PayTimes] => 
            [Approve] => 0809351
            [TranID] => 2510232235602257210134102775
            [TranDate] => 20251023223554
            [CheckString] => 1f9ca569088e302a64502cb1990b26f6
        )

)
 from 177.115.102.178
2025/10/23 22:35:54 [/shop/shopping/load_payment_module.php] load_payment_module.php set payment data:Array
(
    [ACS] => 0
    [Forward] => 2959876
    [Method] => 1
    [PayTimes] => 
    [Approve] => 0809351
    [TranID] => 2510232235602257210134102775
    [TranDate] => 20251023223554
    [CheckString] => 1f9ca569088e302a64502cb1990b26f6
    [Amount] => 13450
    [JobCd] => CAPTURE
    [action_status] => 3
    [pay_status] => 13
)
 from 177.115.102.178
2025/10/23 22:35:54 [/shop/user_data/pg_mulpay_recv.php] ******* receiveer data start ******* from 210.175.7.20
2025/10/23 22:35:54 [/shop/user_data/pg_mulpay_recv.php] Array
(
    [ShopID] => 9000034600950
    [ShopPass] => **********
    [AccessID] => c4b1d86d38e65d1ad529a090f7a101f0
    [AccessPass] => ********************************
    [OrderID] => 963068-23223553
    [Status] => CAPTURE
    [JobCd] => CAPTURE
    [Amount] => 13450
    [Tax] => 0
    [Currency] => JPN
    [Forward] => 2959876
    [Method] => 1
    [PayTimes] => 
    [TranID] => 2510232235602257210134102775
    [Approve] => 0809351
    [TranDate] => 20251023223554
    [ErrCode] => 
    [ErrInfo] => 
    [PayType] => 0
)
 from 210.175.7.20
2025/10/23 22:35:54 [/shop/user_data/pg_mulpay_recv.php] ******* receiveer data end ******* from 210.175.7.20
2025/10/23 22:35:59 [/shop/user_data/pg_mulpay_recv.php] update order status:1 order_id=963068 from 210.175.7.20
2025/10/23 22:35:59 [/shop/user_data/pg_mulpay_recv.php] pg_mulpay_recv.php set payment data:Array
(
    [ShopID] => 9000034600950
    [AccessID] => c4b1d86d38e65d1ad529a090f7a101f0
    [OrderID] => 963068-23223553
    [Status] => CAPTURE
    [JobCd] => CAPTURE
    [Amount] => 13450
    [Tax] => 0
    [Currency] => JPN
    [Forward] => 2959876
    [Method] => 1
    [PayTimes] => 
    [TranID] => 2510232235602257210134102775
    [Approve] => 0809351
    [TranDate] => 20251023223554
    [ErrCode] => 
    [ErrInfo] => 
    [PayType] => 0
    [CvsCode] => 
    [CvsConfNo] => 
    [CvsReceiptNo] => 
    [EdyReceiptNo] => 
    [EdyOrderNo] => 
    [SuicaReceiptNo] => 
    [SuicaOrderNo] => 
    [CustID] => 
    [BkCode] => 
    [ConfNo] => 
    [PaymentTerm] => 
    [EncryptReceiptNo] => 
    [FinishDate] => 
    [ReceiptDate] => 
    [WebMoneyManagementNo] => 
    [WebMoneySettleCode] => 
    [AuPayInfoNo] => 
    [AuPayMethod] => 
    [AuCancelAmount] => 
    [AuCancelTax] => 
    [DocomoSettlementCode] => 
    [DocomoCancelAmount] => 
    [DocomoCancelTax] => 
    [pay_status] => 13
)
 from 210.175.7.20
2025/10/23 22:35:59 [/shop/user_data/pg_mulpay_recv.php] response:true from 210.175.7.20
2025/10/23 23:38:44 [/shop/shopping/load_payment_module.php] SendRequest:https://p01.mul-pay.jp/payment/SearchMember.idPass from 136.158.3.101
2025/10/23 23:38:44 [/shop/shopping/load_payment_module.php] Array
(
    [SiteID] => mst0000007602
    [SitePass] => ******
    [MemberID] => 12964
)
 from 136.158.3.101
2025/10/23 23:38:44 [/shop/shopping/load_payment_module.php] ErrCode=E01&ErrInfo=E01390002 from 136.158.3.101
2025/10/23 23:38:44 [/shop/shopping/load_payment_module.php] Array
(
    [0] => Array
        (
            [ErrCode] => E01
            [ErrInfo] => E01390002
        )

)
 from 136.158.3.101
2025/10/23 23:38:44 [/shop/shopping/load_payment_module.php] SendRequest:https://p01.mul-pay.jp/payment/SearchCard.idPass from 136.158.3.101
2025/10/23 23:38:44 [/shop/shopping/load_payment_module.php] Array
(
    [SiteID] => mst0000007602
    [SitePass] => ******
    [MemberID] => 12964
)
 from 136.158.3.101
2025/10/23 23:38:44 [/shop/shopping/load_payment_module.php] ErrCode=E01|E01&ErrInfo=E01390002|E01240002 from 136.158.3.101
2025/10/23 23:38:44 [/shop/shopping/load_payment_module.php] Array
(
    [0] => Array
        (
            [ErrCode] => E01
            [ErrInfo] => E01390002
        )

    [1] => Array
        (
            [ErrCode] => E01
            [ErrInfo] => E01240002
        )

)
 from 136.158.3.101
2025/10/23 23:40:37 [/shop/shopping/load_payment_module.php] SendRequest:https://p01.mul-pay.jp/payment/SearchMember.idPass from 136.158.3.101
2025/10/23 23:40:37 [/shop/shopping/load_payment_module.php] Array
(
    [SiteID] => mst0000007602
    [SitePass] => ******
    [MemberID] => 12964
)
 from 136.158.3.101
2025/10/23 23:40:37 [/shop/shopping/load_payment_module.php] ErrCode=E01&ErrInfo=E01390002 from 136.158.3.101
2025/10/23 23:40:37 [/shop/shopping/load_payment_module.php] Array
(
    [0] => Array
        (
            [ErrCode] => E01
            [ErrInfo] => E01390002
        )

)
 from 136.158.3.101
2025/10/23 23:40:37 [/shop/shopping/load_payment_module.php] SendRequest:https://p01.mul-pay.jp/payment/SearchCard.idPass from 136.158.3.101
2025/10/23 23:40:37 [/shop/shopping/load_payment_module.php] Array
(
    [SiteID] => mst0000007602
    [SitePass] => ******
    [MemberID] => 12964
)
 from 136.158.3.101
2025/10/23 23:40:37 [/shop/shopping/load_payment_module.php] ErrCode=E01|E01&ErrInfo=E01390002|E01240002 from 136.158.3.101
2025/10/23 23:40:37 [/shop/shopping/load_payment_module.php] Array
(
    [0] => Array
        (
            [ErrCode] => E01
            [ErrInfo] => E01390002
        )

    [1] => Array
        (
            [ErrCode] => E01
            [ErrInfo] => E01240002
        )

)
 from 136.158.3.101
2025/10/23 23:40:37 [/shop/shopping/load_payment_module.php] SendRequest:https://p01.mul-pay.jp/payment/EntryTran.idPass from 136.158.3.101
2025/10/23 23:40:37 [/shop/shopping/load_payment_module.php] Array
(
    [ShopID] => 9000034600950
    [ShopPass] => ******
    [OrderID] => 963069-23234037
    [JobCd] => CAPTURE
    [Amount] => 9000
    [TdFlag] => 0
    [TdTenantName] => 
)
 from 136.158.3.101
2025/10/23 23:40:37 [/shop/shopping/load_payment_module.php] AccessID=c7df243735b840b0c55f079070fc6e0a&AccessPass=fb5e3a908ec473d0b3fe4a10c7e181d1 from 136.158.3.101
2025/10/23 23:40:37 [/shop/shopping/load_payment_module.php] Array
(
    [0] => Array
        (
            [AccessID] => c7df243735b840b0c55f079070fc6e0a
            [AccessPass] => fb5e3a908ec473d0b3fe4a10c7e181d1
        )

)
 from 136.158.3.101
2025/10/23 23:40:37 [/shop/shopping/load_payment_module.php] load_payment_module.php set payment data:Array
(
    [AccessID] => c7df243735b840b0c55f079070fc6e0a
    [AccessPass] => fb5e3a908ec473d0b3fe4a10c7e181d1
    [OrderID] => 963069-23234037
    [Amount] => 9000
    [JobCd] => CAPTURE
    [action_status] => 1
    [pay_status] => 0
)
 from 136.158.3.101
2025/10/23 23:40:37 [/shop/shopping/load_payment_module.php] SendRequest:https://p01.mul-pay.jp/payment/ExecTran.idPass from 136.158.3.101
2025/10/23 23:40:37 [/shop/shopping/load_payment_module.php] Array
(
    [AccessID] => c7df243735b840b0c55f079070fc6e0a
    [AccessPass] => fb5e3a908ec473d0b3fe4a10c7e181d1
    [OrderID] => 963069-23234037
    [Method] => 1
    [Token] => 5c627285e239951c484c3f9a1170347fde916e636d4ebd387951a6eff8c9042c
    [ClientField1] => 
    [ClientField2] => 
    [ClientField3] => EC-CUBE4.3.35
)
 from 136.158.3.101
2025/10/23 23:40:38 [/shop/shopping/load_payment_module.php] ACS=0&OrderID=963069-23234037&Forward=2S49631&Method=1&PayTimes=&Approve=0495336&TranID=2510232340602257210134102776&TranDate=20251023234038&CheckString=6e7c964c4a96d25004e6ea7c9f824ce3 from 136.158.3.101
2025/10/23 23:40:38 [/shop/shopping/load_payment_module.php] Array
(
    [0] => Array
        (
            [ACS] => 0
            [OrderID] => 963069-23234037
            [Forward] => 2S49631
            [Method] => 1
            [PayTimes] => 
            [Approve] => 0495336
            [TranID] => 2510232340602257210134102776
            [TranDate] => 20251023234038
            [CheckString] => 6e7c964c4a96d25004e6ea7c9f824ce3
        )

)
 from 136.158.3.101
2025/10/23 23:40:38 [/shop/shopping/load_payment_module.php] load_payment_module.php set payment data:Array
(
    [ACS] => 0
    [Forward] => 2S49631
    [Method] => 1
    [PayTimes] => 
    [Approve] => 0495336
    [TranID] => 2510232340602257210134102776
    [TranDate] => 20251023234038
    [CheckString] => 6e7c964c4a96d25004e6ea7c9f824ce3
    [Amount] => 9000
    [JobCd] => CAPTURE
    [action_status] => 3
    [pay_status] => 13
)
 from 136.158.3.101
2025/10/23 23:40:38 [/shop/user_data/pg_mulpay_recv.php] ******* receiveer data start ******* from 210.175.7.20
2025/10/23 23:40:38 [/shop/user_data/pg_mulpay_recv.php] Array
(
    [ShopID] => 9000034600950
    [ShopPass] => **********
    [AccessID] => c7df243735b840b0c55f079070fc6e0a
    [AccessPass] => ********************************
    [OrderID] => 963069-23234037
    [Status] => CAPTURE
    [JobCd] => CAPTURE
    [Amount] => 9000
    [Tax] => 0
    [Currency] => JPN
    [Forward] => 2S49631
    [Method] => 1
    [PayTimes] => 
    [TranID] => 2510232340602257210134102776
    [Approve] => 0495336
    [TranDate] => 20251023234038
    [ErrCode] => 
    [ErrInfo] => 
    [PayType] => 0
)
 from 210.175.7.20
2025/10/23 23:40:38 [/shop/user_data/pg_mulpay_recv.php] ******* receiveer data end ******* from 210.175.7.20
2025/10/23 23:40:43 [/shop/user_data/pg_mulpay_recv.php] update order status:1 order_id=963069 from 210.175.7.20
2025/10/23 23:40:43 [/shop/user_data/pg_mulpay_recv.php] pg_mulpay_recv.php set payment data:Array
(
    [ShopID] => 9000034600950
    [AccessID] => c7df243735b840b0c55f079070fc6e0a
    [OrderID] => 963069-23234037
    [Status] => CAPTURE
    [JobCd] => CAPTURE
    [Amount] => 9000
    [Tax] => 0
    [Currency] => JPN
    [Forward] => 2S49631
    [Method] => 1
    [PayTimes] => 
    [TranID] => 2510232340602257210134102776
    [Approve] => 0495336
    [TranDate] => 20251023234038
    [ErrCode] => 
    [ErrInfo] => 
    [PayType] => 0
    [CvsCode] => 
    [CvsConfNo] => 
    [CvsReceiptNo] => 
    [EdyReceiptNo] => 
    [EdyOrderNo] => 
    [SuicaReceiptNo] => 
    [SuicaOrderNo] => 
    [CustID] => 
    [BkCode] => 
    [ConfNo] => 
    [PaymentTerm] => 
    [EncryptReceiptNo] => 
    [FinishDate] => 
    [ReceiptDate] => 
    [WebMoneyManagementNo] => 
    [WebMoneySettleCode] => 
    [AuPayInfoNo] => 
    [AuPayMethod] => 
    [AuCancelAmount] => 
    [AuCancelTax] => 
    [DocomoSettlementCode] => 
    [DocomoCancelAmount] => 
    [DocomoCancelTax] => 
    [pay_status] => 13
)
 from 210.175.7.20
2025/10/23 23:40:43 [/shop/user_data/pg_mulpay_recv.php] response:true from 210.175.7.20
