2024/06/22 03:20:29 [/shop/shopping/load_payment_module.php] SendRequest:https://p01.mul-pay.jp/payment/EntryTran.idPass from 201.95.25.114
2024/06/22 03:20:29 [/shop/shopping/load_payment_module.php] Array
(
    [ShopID] => 9000034600950
    [ShopPass] => ******
    [OrderID] => 958023-22032029
    [JobCd] => CAPTURE
    [Amount] => 8730
    [TdFlag] => 0
    [TdTenantName] => 
)
 from 201.95.25.114
2024/06/22 03:20:29 [/shop/shopping/load_payment_module.php] AccessID=6034c0c9902e81a08b9d19b2004f146a&AccessPass=f668790b43ec36557e5ec2410e44c351 from 201.95.25.114
2024/06/22 03:20:29 [/shop/shopping/load_payment_module.php] Array
(
    [0] => Array
        (
            [AccessID] => 6034c0c9902e81a08b9d19b2004f146a
            [AccessPass] => f668790b43ec36557e5ec2410e44c351
        )

)
 from 201.95.25.114
2024/06/22 03:20:29 [/shop/shopping/load_payment_module.php] load_payment_module.php set payment data:Array
(
    [AccessID] => 6034c0c9902e81a08b9d19b2004f146a
    [AccessPass] => f668790b43ec36557e5ec2410e44c351
    [OrderID] => 958023-22032029
    [Amount] => 8730
    [JobCd] => CAPTURE
    [action_status] => 1
    [pay_status] => 0
)
 from 201.95.25.114
2024/06/22 03:20:29 [/shop/shopping/load_payment_module.php] SendRequest:https://p01.mul-pay.jp/payment/ExecTran.idPass from 201.95.25.114
2024/06/22 03:20:29 [/shop/shopping/load_payment_module.php] Array
(
    [AccessID] => 6034c0c9902e81a08b9d19b2004f146a
    [AccessPass] => f668790b43ec36557e5ec2410e44c351
    [OrderID] => 958023-22032029
    [Method] => 1
    [Token] => fe92bd2a07e260a1bbec403f50d7c8b6df1e127f189cc8f1eb912f02a0be85e4
    [ClientField1] => 
    [ClientField2] => 
    [ClientField3] => EC-CUBE4.3.35
)
 from 201.95.25.114
2024/06/22 03:20:29 [/shop/shopping/load_payment_module.php] ErrCode=G12&ErrInfo=42G120000 from 201.95.25.114
2024/06/22 03:20:29 [/shop/shopping/load_payment_module.php] Array
(
    [0] => Array
        (
            [ErrCode] => G12
            [ErrInfo] => 42G120000
        )

)
 from 201.95.25.114
2024/06/22 03:20:29 [/shop/shopping/load_payment_module.php] load_payment_module.php set payment data:Array
(
    [request_error] => Array
        (
            [0] => このカードでは取引をする事が出来ません。 (G12-42G120000)
        )

    [Amount] => 8730
    [JobCd] => CAPTURE
    [action_status] => 3
)
 from 201.95.25.114
2024/06/22 03:20:30 [/shop/user_data/pg_mulpay_recv.php] ******* receiveer data start ******* from 210.175.7.20
2024/06/22 03:20:30 [/shop/user_data/pg_mulpay_recv.php] Array
(
    [ShopID] => 9000034600950
    [ShopPass] => **********
    [AccessID] => 6034c0c9902e81a08b9d19b2004f146a
    [AccessPass] => ********************************
    [OrderID] => 958023-22032029
    [Status] => UNPROCESSED
    [JobCd] => CAPTURE
    [Amount] => 8730
    [Tax] => 0
    [Currency] => JPN
    [Forward] => 2S49631
    [Method] => 1
    [PayTimes] => 
    [TranID] => 2406220320602257210134153265
    [Approve] =>        
    [TranDate] => 20240622032029
    [ErrCode] => G12
    [ErrInfo] => 42G120000
    [PayType] => 0
)
 from 210.175.7.20
2024/06/22 03:20:30 [/shop/user_data/pg_mulpay_recv.php] ******* receiveer data end ******* from 210.175.7.20
2024/06/22 03:20:30 [/shop/user_data/pg_mulpay_recv.php] pg_mulpay_recv.php set payment data:Array
(
    [ShopID] => 9000034600950
    [AccessID] => 6034c0c9902e81a08b9d19b2004f146a
    [OrderID] => 958023-22032029
    [Status] => UNPROCESSED
    [JobCd] => CAPTURE
    [Amount] => 8730
    [Tax] => 0
    [Currency] => JPN
    [Forward] => 2S49631
    [Method] => 1
    [PayTimes] => 
    [TranID] => 2406220320602257210134153265
    [Approve] => 
    [TranDate] => 20240622032029
    [ErrCode] => G12
    [ErrInfo] => 42G120000
    [PayType] => 0
    [CvsCode] => 
    [CvsConfNo] => 
    [CvsReceiptNo] => 
    [EdyReceiptNo] => 
    [EdyOrderNo] => 
    [SuicaReceiptNo] => 
    [SuicaOrderNo] => 
    [CustID] => 
    [BkCode] => 
    [ConfNo] => 
    [PaymentTerm] => 
    [EncryptReceiptNo] => 
    [FinishDate] => 
    [ReceiptDate] => 
    [WebMoneyManagementNo] => 
    [WebMoneySettleCode] => 
    [AuPayInfoNo] => 
    [AuPayMethod] => 
    [AuCancelAmount] => 
    [AuCancelTax] => 
    [DocomoSettlementCode] => 
    [DocomoCancelAmount] => 
    [DocomoCancelTax] => 
    [pay_status] => 0
)
 from 210.175.7.20
2024/06/22 03:20:30 [/shop/user_data/pg_mulpay_recv.php] response:true from 210.175.7.20
2024/06/22 04:31:09 [/shop/shopping/complete.php] getOrderPayData Error: deleted order. order_id = 958023 from 201.95.25.114
2024/06/22 04:36:11 [/shop/shopping/load_payment_module.php] SendRequest:https://p01.mul-pay.jp/payment/EntryTran.idPass from 201.95.25.114
2024/06/22 04:36:11 [/shop/shopping/load_payment_module.php] Array
(
    [ShopID] => 9000034600950
    [ShopPass] => ******
    [OrderID] => 958024-22043611
    [JobCd] => CAPTURE
    [Amount] => 8730
    [TdFlag] => 0
    [TdTenantName] => 
)
 from 201.95.25.114
2024/06/22 04:36:11 [/shop/shopping/load_payment_module.php] AccessID=0586c054867eac4e6124ed4f518d72b4&AccessPass=397d3ad6a099f989a70af4242b73cdbb from 201.95.25.114
2024/06/22 04:36:11 [/shop/shopping/load_payment_module.php] Array
(
    [0] => Array
        (
            [AccessID] => 0586c054867eac4e6124ed4f518d72b4
            [AccessPass] => 397d3ad6a099f989a70af4242b73cdbb
        )

)
 from 201.95.25.114
2024/06/22 04:36:11 [/shop/shopping/load_payment_module.php] load_payment_module.php set payment data:Array
(
    [AccessID] => 0586c054867eac4e6124ed4f518d72b4
    [AccessPass] => 397d3ad6a099f989a70af4242b73cdbb
    [OrderID] => 958024-22043611
    [Amount] => 8730
    [JobCd] => CAPTURE
    [action_status] => 1
    [pay_status] => 0
)
 from 201.95.25.114
2024/06/22 04:36:11 [/shop/shopping/load_payment_module.php] SendRequest:https://p01.mul-pay.jp/payment/ExecTran.idPass from 201.95.25.114
2024/06/22 04:36:11 [/shop/shopping/load_payment_module.php] Array
(
    [AccessID] => 0586c054867eac4e6124ed4f518d72b4
    [AccessPass] => 397d3ad6a099f989a70af4242b73cdbb
    [OrderID] => 958024-22043611
    [Method] => 1
    [Token] => 79e6bc6c16036a4b6a5f1e6582b9fe56435701e998d54923a14c7c25ec1330ca
    [ClientField1] => 
    [ClientField2] => 
    [ClientField3] => EC-CUBE4.3.35
)
 from 201.95.25.114
2024/06/22 04:36:11 [/shop/shopping/load_payment_module.php] ErrCode=G12&ErrInfo=42G120000 from 201.95.25.114
2024/06/22 04:36:12 [/shop/shopping/load_payment_module.php] Array
(
    [0] => Array
        (
            [ErrCode] => G12
            [ErrInfo] => 42G120000
        )

)
 from 201.95.25.114
2024/06/22 04:36:12 [/shop/shopping/load_payment_module.php] load_payment_module.php set payment data:Array
(
    [request_error] => Array
        (
            [0] => このカードでは取引をする事が出来ません。 (G12-42G120000)
        )

    [Amount] => 8730
    [JobCd] => CAPTURE
    [action_status] => 3
)
 from 201.95.25.114
2024/06/22 04:36:12 [/shop/user_data/pg_mulpay_recv.php] ******* receiveer data start ******* from 210.175.7.20
2024/06/22 04:36:12 [/shop/user_data/pg_mulpay_recv.php] Array
(
    [ShopID] => 9000034600950
    [ShopPass] => **********
    [AccessID] => 0586c054867eac4e6124ed4f518d72b4
    [AccessPass] => ********************************
    [OrderID] => 958024-22043611
    [Status] => UNPROCESSED
    [JobCd] => CAPTURE
    [Amount] => 8730
    [Tax] => 0
    [Currency] => JPN
    [Forward] => 2S49631
    [Method] => 1
    [PayTimes] => 
    [TranID] => 2406220436602257210134153266
    [Approve] =>        
    [TranDate] => 20240622043611
    [ErrCode] => G12
    [ErrInfo] => 42G120000
    [PayType] => 0
)
 from 210.175.7.20
2024/06/22 04:36:12 [/shop/user_data/pg_mulpay_recv.php] ******* receiveer data end ******* from 210.175.7.20
2024/06/22 04:36:12 [/shop/user_data/pg_mulpay_recv.php] pg_mulpay_recv.php set payment data:Array
(
    [ShopID] => 9000034600950
    [AccessID] => 0586c054867eac4e6124ed4f518d72b4
    [OrderID] => 958024-22043611
    [Status] => UNPROCESSED
    [JobCd] => CAPTURE
    [Amount] => 8730
    [Tax] => 0
    [Currency] => JPN
    [Forward] => 2S49631
    [Method] => 1
    [PayTimes] => 
    [TranID] => 2406220436602257210134153266
    [Approve] => 
    [TranDate] => 20240622043611
    [ErrCode] => G12
    [ErrInfo] => 42G120000
    [PayType] => 0
    [CvsCode] => 
    [CvsConfNo] => 
    [CvsReceiptNo] => 
    [EdyReceiptNo] => 
    [EdyOrderNo] => 
    [SuicaReceiptNo] => 
    [SuicaOrderNo] => 
    [CustID] => 
    [BkCode] => 
    [ConfNo] => 
    [PaymentTerm] => 
    [EncryptReceiptNo] => 
    [FinishDate] => 
    [ReceiptDate] => 
    [WebMoneyManagementNo] => 
    [WebMoneySettleCode] => 
    [AuPayInfoNo] => 
    [AuPayMethod] => 
    [AuCancelAmount] => 
    [AuCancelTax] => 
    [DocomoSettlementCode] => 
    [DocomoCancelAmount] => 
    [DocomoCancelTax] => 
    [pay_status] => 0
)
 from 210.175.7.20
2024/06/22 04:36:12 [/shop/user_data/pg_mulpay_recv.php] response:true from 210.175.7.20
2024/06/22 05:43:38 [/shop/shopping/complete.php] getOrderPayData Error: deleted order. order_id = 958024 from 201.95.25.114
2024/06/22 08:30:52 [/shop/shopping/load_payment_module.php] SendRequest:https://p01.mul-pay.jp/payment/SearchMember.idPass from 84.66.255.79
2024/06/22 08:30:52 [/shop/shopping/load_payment_module.php] Array
(
    [SiteID] => mst0000007602
    [SitePass] => ******
    [MemberID] => 12364
)
 from 84.66.255.79
2024/06/22 08:30:52 [/shop/shopping/load_payment_module.php] ErrCode=E01&ErrInfo=E01390002 from 84.66.255.79
2024/06/22 08:30:52 [/shop/shopping/load_payment_module.php] Array
(
    [0] => Array
        (
            [ErrCode] => E01
            [ErrInfo] => E01390002
        )

)
 from 84.66.255.79
2024/06/22 08:30:52 [/shop/shopping/load_payment_module.php] SendRequest:https://p01.mul-pay.jp/payment/SearchCard.idPass from 84.66.255.79
2024/06/22 08:30:52 [/shop/shopping/load_payment_module.php] Array
(
    [SiteID] => mst0000007602
    [SitePass] => ******
    [MemberID] => 12364
)
 from 84.66.255.79
2024/06/22 08:30:52 [/shop/shopping/load_payment_module.php] ErrCode=E01|E01&ErrInfo=E01390002|E01240002 from 84.66.255.79
2024/06/22 08:30:52 [/shop/shopping/load_payment_module.php] Array
(
    [0] => Array
        (
            [ErrCode] => E01
            [ErrInfo] => E01390002
        )

    [1] => Array
        (
            [ErrCode] => E01
            [ErrInfo] => E01240002
        )

)
 from 84.66.255.79
2024/06/22 08:31:43 [/shop/shopping/load_payment_module.php] SendRequest:https://p01.mul-pay.jp/payment/SearchMember.idPass from 84.66.255.79
2024/06/22 08:31:43 [/shop/shopping/load_payment_module.php] Array
(
    [SiteID] => mst0000007602
    [SitePass] => ******
    [MemberID] => 12364
)
 from 84.66.255.79
2024/06/22 08:31:43 [/shop/shopping/load_payment_module.php] ErrCode=E01&ErrInfo=E01390002 from 84.66.255.79
2024/06/22 08:31:43 [/shop/shopping/load_payment_module.php] Array
(
    [0] => Array
        (
            [ErrCode] => E01
            [ErrInfo] => E01390002
        )

)
 from 84.66.255.79
2024/06/22 08:31:43 [/shop/shopping/load_payment_module.php] SendRequest:https://p01.mul-pay.jp/payment/SearchCard.idPass from 84.66.255.79
2024/06/22 08:31:43 [/shop/shopping/load_payment_module.php] Array
(
    [SiteID] => mst0000007602
    [SitePass] => ******
    [MemberID] => 12364
)
 from 84.66.255.79
2024/06/22 08:31:43 [/shop/shopping/load_payment_module.php] ErrCode=E01|E01&ErrInfo=E01390002|E01240002 from 84.66.255.79
2024/06/22 08:31:43 [/shop/shopping/load_payment_module.php] Array
(
    [0] => Array
        (
            [ErrCode] => E01
            [ErrInfo] => E01390002
        )

    [1] => Array
        (
            [ErrCode] => E01
            [ErrInfo] => E01240002
        )

)
 from 84.66.255.79
2024/06/22 08:31:43 [/shop/shopping/load_payment_module.php] SendRequest:https://p01.mul-pay.jp/payment/EntryTran.idPass from 84.66.255.79
2024/06/22 08:31:43 [/shop/shopping/load_payment_module.php] Array
(
    [ShopID] => 9000034600950
    [ShopPass] => ******
    [OrderID] => 958025-22083143
    [JobCd] => CAPTURE
    [Amount] => 6432
    [TdFlag] => 0
    [TdTenantName] => 
)
 from 84.66.255.79
2024/06/22 08:31:43 [/shop/shopping/load_payment_module.php] AccessID=d65577635a8d32f9bccd0e7a2ac7c3cd&AccessPass=a0273305e20b10d753f71b0f0479aa88 from 84.66.255.79
2024/06/22 08:31:43 [/shop/shopping/load_payment_module.php] Array
(
    [0] => Array
        (
            [AccessID] => d65577635a8d32f9bccd0e7a2ac7c3cd
            [AccessPass] => a0273305e20b10d753f71b0f0479aa88
        )

)
 from 84.66.255.79
2024/06/22 08:31:43 [/shop/shopping/load_payment_module.php] load_payment_module.php set payment data:Array
(
    [AccessID] => d65577635a8d32f9bccd0e7a2ac7c3cd
    [AccessPass] => a0273305e20b10d753f71b0f0479aa88
    [OrderID] => 958025-22083143
    [Amount] => 6432
    [JobCd] => CAPTURE
    [action_status] => 1
    [pay_status] => 0
)
 from 84.66.255.79
2024/06/22 08:31:43 [/shop/shopping/load_payment_module.php] SendRequest:https://p01.mul-pay.jp/payment/ExecTran.idPass from 84.66.255.79
2024/06/22 08:31:43 [/shop/shopping/load_payment_module.php] Array
(
    [AccessID] => d65577635a8d32f9bccd0e7a2ac7c3cd
    [AccessPass] => a0273305e20b10d753f71b0f0479aa88
    [OrderID] => 958025-22083143
    [Method] => 1
    [Token] => 8e7b440bd5e96f8020ba6c39ab7380625038dd9131bd90dc4fc5f4976361b4cc
    [ClientField1] => 
    [ClientField2] => 
    [ClientField3] => EC-CUBE4.3.35
)
 from 84.66.255.79
2024/06/22 08:31:44 [/shop/shopping/load_payment_module.php] ACS=0&OrderID=958025-22083143&Forward=2S49631&Method=1&PayTimes=&Approve=0978608&TranID=2406220831602257210134183203&TranDate=20240622083144&CheckString=6975bb70b71c8848672bb6960f1f0dd7 from 84.66.255.79
2024/06/22 08:31:44 [/shop/shopping/load_payment_module.php] Array
(
    [0] => Array
        (
            [ACS] => 0
            [OrderID] => 958025-22083143
            [Forward] => 2S49631
            [Method] => 1
            [PayTimes] => 
            [Approve] => 0978608
            [TranID] => 2406220831602257210134183203
            [TranDate] => 20240622083144
            [CheckString] => 6975bb70b71c8848672bb6960f1f0dd7
        )

)
 from 84.66.255.79
2024/06/22 08:31:44 [/shop/shopping/load_payment_module.php] load_payment_module.php set payment data:Array
(
    [ACS] => 0
    [Forward] => 2S49631
    [Method] => 1
    [PayTimes] => 
    [Approve] => 0978608
    [TranID] => 2406220831602257210134183203
    [TranDate] => 20240622083144
    [CheckString] => 6975bb70b71c8848672bb6960f1f0dd7
    [Amount] => 6432
    [JobCd] => CAPTURE
    [action_status] => 3
    [pay_status] => 13
)
 from 84.66.255.79
2024/06/22 08:31:44 [/shop/user_data/pg_mulpay_recv.php] ******* receiveer data start ******* from 210.175.7.20
2024/06/22 08:31:44 [/shop/user_data/pg_mulpay_recv.php] Array
(
    [ShopID] => 9000034600950
    [ShopPass] => **********
    [AccessID] => d65577635a8d32f9bccd0e7a2ac7c3cd
    [AccessPass] => ********************************
    [OrderID] => 958025-22083143
    [Status] => CAPTURE
    [JobCd] => CAPTURE
    [Amount] => 6432
    [Tax] => 0
    [Currency] => JPN
    [Forward] => 2S49631
    [Method] => 1
    [PayTimes] => 
    [TranID] => 2406220831602257210134183203
    [Approve] => 0978608
    [TranDate] => 20240622083144
    [ErrCode] => 
    [ErrInfo] => 
    [PayType] => 0
)
 from 210.175.7.20
2024/06/22 08:31:44 [/shop/user_data/pg_mulpay_recv.php] ******* receiveer data end ******* from 210.175.7.20
2024/06/22 08:31:49 [/shop/user_data/pg_mulpay_recv.php] update order status:1 order_id=958025 from 210.175.7.20
2024/06/22 08:31:49 [/shop/user_data/pg_mulpay_recv.php] pg_mulpay_recv.php set payment data:Array
(
    [ShopID] => 9000034600950
    [AccessID] => d65577635a8d32f9bccd0e7a2ac7c3cd
    [OrderID] => 958025-22083143
    [Status] => CAPTURE
    [JobCd] => CAPTURE
    [Amount] => 6432
    [Tax] => 0
    [Currency] => JPN
    [Forward] => 2S49631
    [Method] => 1
    [PayTimes] => 
    [TranID] => 2406220831602257210134183203
    [Approve] => 0978608
    [TranDate] => 20240622083144
    [ErrCode] => 
    [ErrInfo] => 
    [PayType] => 0
    [CvsCode] => 
    [CvsConfNo] => 
    [CvsReceiptNo] => 
    [EdyReceiptNo] => 
    [EdyOrderNo] => 
    [SuicaReceiptNo] => 
    [SuicaOrderNo] => 
    [CustID] => 
    [BkCode] => 
    [ConfNo] => 
    [PaymentTerm] => 
    [EncryptReceiptNo] => 
    [FinishDate] => 
    [ReceiptDate] => 
    [WebMoneyManagementNo] => 
    [WebMoneySettleCode] => 
    [AuPayInfoNo] => 
    [AuPayMethod] => 
    [AuCancelAmount] => 
    [AuCancelTax] => 
    [DocomoSettlementCode] => 
    [DocomoCancelAmount] => 
    [DocomoCancelTax] => 
    [pay_status] => 13
)
 from 210.175.7.20
2024/06/22 08:31:49 [/shop/user_data/pg_mulpay_recv.php] response:true from 210.175.7.20
2024/06/22 15:56:57 [/shop/shopping/load_payment_module.php] SendRequest:https://p01.mul-pay.jp/payment/EntryTran.idPass from 153.120.198.227
2024/06/22 15:56:57 [/shop/shopping/load_payment_module.php] Array
(
    [ShopID] => 9000034600950
    [ShopPass] => ******
    [OrderID] => 958026-22155657
    [JobCd] => CAPTURE
    [Amount] => 15890
    [TdFlag] => 0
    [TdTenantName] => 
)
 from 153.120.198.227
2024/06/22 15:56:57 [/shop/shopping/load_payment_module.php] AccessID=fe75642e227af68d3013edd530a8b1f7&AccessPass=78e046d91976342b40dd1699f010e257 from 153.120.198.227
2024/06/22 15:56:57 [/shop/shopping/load_payment_module.php] Array
(
    [0] => Array
        (
            [AccessID] => fe75642e227af68d3013edd530a8b1f7
            [AccessPass] => 78e046d91976342b40dd1699f010e257
        )

)
 from 153.120.198.227
2024/06/22 15:56:57 [/shop/shopping/load_payment_module.php] load_payment_module.php set payment data:Array
(
    [AccessID] => fe75642e227af68d3013edd530a8b1f7
    [AccessPass] => 78e046d91976342b40dd1699f010e257
    [OrderID] => 958026-22155657
    [Amount] => 15890
    [JobCd] => CAPTURE
    [action_status] => 1
    [pay_status] => 0
)
 from 153.120.198.227
2024/06/22 15:56:57 [/shop/shopping/load_payment_module.php] SendRequest:https://p01.mul-pay.jp/payment/ExecTran.idPass from 153.120.198.227
2024/06/22 15:56:57 [/shop/shopping/load_payment_module.php] Array
(
    [AccessID] => fe75642e227af68d3013edd530a8b1f7
    [AccessPass] => 78e046d91976342b40dd1699f010e257
    [OrderID] => 958026-22155657
    [Method] => 1
    [Token] => 169edb612b9aeb51f02ecdaaac877890ce1f2f06fe5c065649adc6dc5ad7c1a5
    [ClientField1] => 
    [ClientField2] => 
    [ClientField3] => EC-CUBE4.3.35
)
 from 153.120.198.227
2024/06/22 15:56:58 [/shop/shopping/load_payment_module.php] ErrCode=G61&ErrInfo=42G610000 from 153.120.198.227
2024/06/22 15:56:58 [/shop/shopping/load_payment_module.php] Array
(
    [0] => Array
        (
            [ErrCode] => G61
            [ErrInfo] => 42G610000
        )

)
 from 153.120.198.227
2024/06/22 15:56:58 [/shop/shopping/load_payment_module.php] load_payment_module.php set payment data:Array
(
    [request_error] => Array
        (
            [0] => このカードでは取引をする事が出来ません。 (G61-42G610000)
        )

    [Amount] => 15890
    [JobCd] => CAPTURE
    [action_status] => 3
)
 from 153.120.198.227
2024/06/22 15:56:58 [/shop/user_data/pg_mulpay_recv.php] ******* receiveer data start ******* from 210.175.7.20
2024/06/22 15:56:58 [/shop/user_data/pg_mulpay_recv.php] Array
(
    [ShopID] => 9000034600950
    [ShopPass] => **********
    [AccessID] => fe75642e227af68d3013edd530a8b1f7
    [AccessPass] => ********************************
    [OrderID] => 958026-22155657
    [Status] => UNPROCESSED
    [JobCd] => CAPTURE
    [Amount] => 15890
    [Tax] => 0
    [Currency] => JPN
    [Forward] => 2S49631
    [Method] => 1
    [PayTimes] => 
    [TranID] => 2406221556602257210134163283
    [Approve] =>        
    [TranDate] => 20240622155658
    [ErrCode] => G61
    [ErrInfo] => 42G610000
    [PayType] => 0
)
 from 210.175.7.20
2024/06/22 15:56:58 [/shop/user_data/pg_mulpay_recv.php] ******* receiveer data end ******* from 210.175.7.20
2024/06/22 15:56:58 [/shop/user_data/pg_mulpay_recv.php] pg_mulpay_recv.php set payment data:Array
(
    [ShopID] => 9000034600950
    [AccessID] => fe75642e227af68d3013edd530a8b1f7
    [OrderID] => 958026-22155657
    [Status] => UNPROCESSED
    [JobCd] => CAPTURE
    [Amount] => 15890
    [Tax] => 0
    [Currency] => JPN
    [Forward] => 2S49631
    [Method] => 1
    [PayTimes] => 
    [TranID] => 2406221556602257210134163283
    [Approve] => 
    [TranDate] => 20240622155658
    [ErrCode] => G61
    [ErrInfo] => 42G610000
    [PayType] => 0
    [CvsCode] => 
    [CvsConfNo] => 
    [CvsReceiptNo] => 
    [EdyReceiptNo] => 
    [EdyOrderNo] => 
    [SuicaReceiptNo] => 
    [SuicaOrderNo] => 
    [CustID] => 
    [BkCode] => 
    [ConfNo] => 
    [PaymentTerm] => 
    [EncryptReceiptNo] => 
    [FinishDate] => 
    [ReceiptDate] => 
    [WebMoneyManagementNo] => 
    [WebMoneySettleCode] => 
    [AuPayInfoNo] => 
    [AuPayMethod] => 
    [AuCancelAmount] => 
    [AuCancelTax] => 
    [DocomoSettlementCode] => 
    [DocomoCancelAmount] => 
    [DocomoCancelTax] => 
    [pay_status] => 0
)
 from 210.175.7.20
2024/06/22 15:56:58 [/shop/user_data/pg_mulpay_recv.php] response:true from 210.175.7.20
2024/06/22 15:57:45 [/shop/shopping/load_payment_module.php] SendRequest:https://p01.mul-pay.jp/payment/ExecTran.idPass from 153.120.198.227
2024/06/22 15:57:45 [/shop/shopping/load_payment_module.php] Array
(
    [AccessID] => fe75642e227af68d3013edd530a8b1f7
    [AccessPass] => 78e046d91976342b40dd1699f010e257
    [OrderID] => 958026-22155657
    [Method] => 1
    [PayTimes] => 
    [Token] => 6ad63c72f79e44c8a22064f242eb66659f8243f59dddc816512c59a7ee25069d
    [ClientField1] => 
    [ClientField2] => 
    [ClientField3] => EC-CUBE4.3.35
)
 from 153.120.198.227
2024/06/22 15:57:46 [/shop/shopping/load_payment_module.php] ACS=0&OrderID=958026-22155657&Forward=2S49631&Method=1&PayTimes=&Approve=0344753&TranID=2406221557602257210134183204&TranDate=20240622155746&CheckString=44430c6e0def8829f41dd3a441a525bc from 153.120.198.227
2024/06/22 15:57:46 [/shop/shopping/load_payment_module.php] Array
(
    [0] => Array
        (
            [ACS] => 0
            [OrderID] => 958026-22155657
            [Forward] => 2S49631
            [Method] => 1
            [PayTimes] => 
            [Approve] => 0344753
            [TranID] => 2406221557602257210134183204
            [TranDate] => 20240622155746
            [CheckString] => 44430c6e0def8829f41dd3a441a525bc
        )

)
 from 153.120.198.227
2024/06/22 15:57:46 [/shop/shopping/load_payment_module.php] load_payment_module.php set payment data:Array
(
    [ACS] => 0
    [Forward] => 2S49631
    [Method] => 1
    [PayTimes] => 
    [Approve] => 0344753
    [TranID] => 2406221557602257210134183204
    [TranDate] => 20240622155746
    [CheckString] => 44430c6e0def8829f41dd3a441a525bc
    [Amount] => 15890
    [JobCd] => CAPTURE
    [action_status] => 3
    [pay_status] => 13
)
 from 153.120.198.227
2024/06/22 15:57:46 [/shop/user_data/pg_mulpay_recv.php] ******* receiveer data start ******* from 210.175.7.20
2024/06/22 15:57:46 [/shop/user_data/pg_mulpay_recv.php] Array
(
    [ShopID] => 9000034600950
    [ShopPass] => **********
    [AccessID] => fe75642e227af68d3013edd530a8b1f7
    [AccessPass] => ********************************
    [OrderID] => 958026-22155657
    [Status] => CAPTURE
    [JobCd] => CAPTURE
    [Amount] => 15890
    [Tax] => 0
    [Currency] => JPN
    [Forward] => 2S49631
    [Method] => 1
    [PayTimes] => 
    [TranID] => 2406221557602257210134183204
    [Approve] => 0344753
    [TranDate] => 20240622155746
    [ErrCode] => 
    [ErrInfo] => 
    [PayType] => 0
)
 from 210.175.7.20
2024/06/22 15:57:46 [/shop/user_data/pg_mulpay_recv.php] ******* receiveer data end ******* from 210.175.7.20
2024/06/22 15:57:51 [/shop/user_data/pg_mulpay_recv.php] update order status:1 order_id=958026 from 210.175.7.20
2024/06/22 15:57:51 [/shop/user_data/pg_mulpay_recv.php] pg_mulpay_recv.php set payment data:Array
(
    [ShopID] => 9000034600950
    [AccessID] => fe75642e227af68d3013edd530a8b1f7
    [OrderID] => 958026-22155657
    [Status] => CAPTURE
    [JobCd] => CAPTURE
    [Amount] => 15890
    [Tax] => 0
    [Currency] => JPN
    [Forward] => 2S49631
    [Method] => 1
    [PayTimes] => 
    [TranID] => 2406221557602257210134183204
    [Approve] => 0344753
    [TranDate] => 20240622155746
    [PayType] => 0
    [CvsCode] => 
    [CvsConfNo] => 
    [CvsReceiptNo] => 
    [EdyReceiptNo] => 
    [EdyOrderNo] => 
    [SuicaReceiptNo] => 
    [SuicaOrderNo] => 
    [CustID] => 
    [BkCode] => 
    [ConfNo] => 
    [PaymentTerm] => 
    [EncryptReceiptNo] => 
    [FinishDate] => 
    [ReceiptDate] => 
    [WebMoneyManagementNo] => 
    [WebMoneySettleCode] => 
    [AuPayInfoNo] => 
    [AuPayMethod] => 
    [AuCancelAmount] => 
    [AuCancelTax] => 
    [DocomoSettlementCode] => 
    [DocomoCancelAmount] => 
    [DocomoCancelTax] => 
    [pay_status] => 13
)
 from 210.175.7.20
2024/06/22 15:57:51 [/shop/user_data/pg_mulpay_recv.php] response:true from 210.175.7.20
2024/06/22 17:07:08 [/shop/shopping/load_payment_module.php] SendRequest:https://p01.mul-pay.jp/payment/EntryTran.idPass from 84.115.226.2
2024/06/22 17:07:08 [/shop/shopping/load_payment_module.php] Array
(
    [ShopID] => 9000034600950
    [ShopPass] => ******
    [OrderID] => 958027-22170708
    [JobCd] => CAPTURE
    [Amount] => 7500
    [TdFlag] => 0
    [TdTenantName] => 
)
 from 84.115.226.2
2024/06/22 17:07:08 [/shop/shopping/load_payment_module.php] AccessID=2c118081eea093d609a71a47b34f1dc5&AccessPass=31c5c84729b62bad035e645719dabcf7 from 84.115.226.2
2024/06/22 17:07:08 [/shop/shopping/load_payment_module.php] Array
(
    [0] => Array
        (
            [AccessID] => 2c118081eea093d609a71a47b34f1dc5
            [AccessPass] => 31c5c84729b62bad035e645719dabcf7
        )

)
 from 84.115.226.2
2024/06/22 17:07:08 [/shop/shopping/load_payment_module.php] load_payment_module.php set payment data:Array
(
    [AccessID] => 2c118081eea093d609a71a47b34f1dc5
    [AccessPass] => 31c5c84729b62bad035e645719dabcf7
    [OrderID] => 958027-22170708
    [Amount] => 7500
    [JobCd] => CAPTURE
    [action_status] => 1
    [pay_status] => 0
)
 from 84.115.226.2
2024/06/22 17:07:08 [/shop/shopping/load_payment_module.php] SendRequest:https://p01.mul-pay.jp/payment/ExecTran.idPass from 84.115.226.2
2024/06/22 17:07:08 [/shop/shopping/load_payment_module.php] Array
(
    [AccessID] => 2c118081eea093d609a71a47b34f1dc5
    [AccessPass] => 31c5c84729b62bad035e645719dabcf7
    [OrderID] => 958027-22170708
    [Method] => 1
    [Token] => 634497f312c90dc2bfc3aa642f6db8a159308647a6cd8677fc6c34f541381797
    [ClientField1] => 
    [ClientField2] => 
    [ClientField3] => EC-CUBE4.3.35
)
 from 84.115.226.2
2024/06/22 17:07:09 [/shop/shopping/load_payment_module.php] ACS=0&OrderID=958027-22170708&Forward=2959876&Method=1&PayTimes=&Approve=0236428&TranID=2406221707602257210134153267&TranDate=20240622170709&CheckString=b12b32a5fc54c42e5f0b47a3357b05c1 from 84.115.226.2
2024/06/22 17:07:09 [/shop/shopping/load_payment_module.php] Array
(
    [0] => Array
        (
            [ACS] => 0
            [OrderID] => 958027-22170708
            [Forward] => 2959876
            [Method] => 1
            [PayTimes] => 
            [Approve] => 0236428
            [TranID] => 2406221707602257210134153267
            [TranDate] => 20240622170709
            [CheckString] => b12b32a5fc54c42e5f0b47a3357b05c1
        )

)
 from 84.115.226.2
2024/06/22 17:07:09 [/shop/shopping/load_payment_module.php] load_payment_module.php set payment data:Array
(
    [ACS] => 0
    [Forward] => 2959876
    [Method] => 1
    [PayTimes] => 
    [Approve] => 0236428
    [TranID] => 2406221707602257210134153267
    [TranDate] => 20240622170709
    [CheckString] => b12b32a5fc54c42e5f0b47a3357b05c1
    [Amount] => 7500
    [JobCd] => CAPTURE
    [action_status] => 3
    [pay_status] => 13
)
 from 84.115.226.2
2024/06/22 17:07:09 [/shop/user_data/pg_mulpay_recv.php] ******* receiveer data start ******* from 210.175.7.20
2024/06/22 17:07:09 [/shop/user_data/pg_mulpay_recv.php] Array
(
    [ShopID] => 9000034600950
    [ShopPass] => **********
    [AccessID] => 2c118081eea093d609a71a47b34f1dc5
    [AccessPass] => ********************************
    [OrderID] => 958027-22170708
    [Status] => CAPTURE
    [JobCd] => CAPTURE
    [Amount] => 7500
    [Tax] => 0
    [Currency] => JPN
    [Forward] => 2959876
    [Method] => 1
    [PayTimes] => 
    [TranID] => 2406221707602257210134153267
    [Approve] => 0236428
    [TranDate] => 20240622170709
    [ErrCode] => 
    [ErrInfo] => 
    [PayType] => 0
)
 from 210.175.7.20
2024/06/22 17:07:09 [/shop/user_data/pg_mulpay_recv.php] ******* receiveer data end ******* from 210.175.7.20
2024/06/22 17:07:14 [/shop/user_data/pg_mulpay_recv.php] update order status:1 order_id=958027 from 210.175.7.20
2024/06/22 17:07:14 [/shop/user_data/pg_mulpay_recv.php] pg_mulpay_recv.php set payment data:Array
(
    [ShopID] => 9000034600950
    [AccessID] => 2c118081eea093d609a71a47b34f1dc5
    [OrderID] => 958027-22170708
    [Status] => CAPTURE
    [JobCd] => CAPTURE
    [Amount] => 7500
    [Tax] => 0
    [Currency] => JPN
    [Forward] => 2959876
    [Method] => 1
    [PayTimes] => 
    [TranID] => 2406221707602257210134153267
    [Approve] => 0236428
    [TranDate] => 20240622170709
    [ErrCode] => 
    [ErrInfo] => 
    [PayType] => 0
    [CvsCode] => 
    [CvsConfNo] => 
    [CvsReceiptNo] => 
    [EdyReceiptNo] => 
    [EdyOrderNo] => 
    [SuicaReceiptNo] => 
    [SuicaOrderNo] => 
    [CustID] => 
    [BkCode] => 
    [ConfNo] => 
    [PaymentTerm] => 
    [EncryptReceiptNo] => 
    [FinishDate] => 
    [ReceiptDate] => 
    [WebMoneyManagementNo] => 
    [WebMoneySettleCode] => 
    [AuPayInfoNo] => 
    [AuPayMethod] => 
    [AuCancelAmount] => 
    [AuCancelTax] => 
    [DocomoSettlementCode] => 
    [DocomoCancelAmount] => 
    [DocomoCancelTax] => 
    [pay_status] => 13
)
 from 210.175.7.20
2024/06/22 17:07:14 [/shop/user_data/pg_mulpay_recv.php] response:true from 210.175.7.20
2024/06/22 17:14:05 [/shop/master/order/edit.php] edit.php set payment data:Array
(
    [no_update_status_flg] => 1
)
 from 114.160.216.147
2024/06/22 17:14:05 [/shop/master/order/edit.php] SendRequest:https://p01.mul-pay.jp/payment/ChangeTran.idPass from 114.160.216.147
2024/06/22 17:14:05 [/shop/master/order/edit.php] Array
(
    [ShopID] => 9000034600950
    [ShopPass] => ******
    [AccessID] => 07787a160c8386934f7969578de87f6f
    [AccessPass] => b1a9e7f5276e7a103a85a7847d842ffc
    [JobCd] => CAPTURE
    [Amount] => 10850
)
 from 114.160.216.147
2024/06/22 17:14:09 [/shop/master/order/edit.php] AccessID=07787a160c8386934f7969578de87f6f&AccessPass=b1a9e7f5276e7a103a85a7847d842ffc&Forward=2S49631&Approve=0167490&TranID=2406221714602257210134173141&TranDate=20240622171409 from 114.160.216.147
2024/06/22 17:14:09 [/shop/master/order/edit.php] Array
(
    [0] => Array
        (
            [AccessID] => 07787a160c8386934f7969578de87f6f
            [AccessPass] => b1a9e7f5276e7a103a85a7847d842ffc
            [Forward] => 2S49631
            [Approve] => 0167490
            [TranID] => 2406221714602257210134173141
            [TranDate] => 20240622171409
        )

)
 from 114.160.216.147
2024/06/22 17:14:09 [/shop/master/order/edit.php] edit.php set payment data:Array
(
    [AccessID] => 07787a160c8386934f7969578de87f6f
    [AccessPass] => b1a9e7f5276e7a103a85a7847d842ffc
    [Forward] => 2S49631
    [Approve] => 0167490
    [TranID] => 2406221714602257210134173141
    [TranDate] => 20240622171409
    [action_status] => 6
    [pay_status] => 13
    [JobCd] => CAPTURE
    [Amount] => 10850
)
 from 114.160.216.147
2024/06/22 17:14:09 [/shop/user_data/pg_mulpay_recv.php] ******* receiveer data start ******* from 210.175.7.20
2024/06/22 17:14:09 [/shop/user_data/pg_mulpay_recv.php] Array
(
    [ShopID] => 9000034600950
    [ShopPass] => **********
    [AccessID] => 07787a160c8386934f7969578de87f6f
    [AccessPass] => ********************************
    [OrderID] => 957685-28140413
    [Status] => RETURNX
    [JobCd] => RETURNX
    [Amount] => 9750
    [Tax] => 0
    [Currency] => JPN
    [Forward] => 2S49631
    [Method] => 1
    [PayTimes] => 
    [TranID] => 2406221714602257210134173140
    [Approve] => 0019922
    [TranDate] => 20240622171409
    [ErrCode] => 
    [ErrInfo] => 
    [PayType] => 0
)
 from 210.175.7.20
2024/06/22 17:14:09 [/shop/user_data/pg_mulpay_recv.php] ******* receiveer data end ******* from 210.175.7.20
2024/06/22 17:14:09 [/shop/user_data/pg_mulpay_recv.php] pg_mulpay_recv.php set payment data:Array
(
    [ShopID] => 9000034600950
    [AccessID] => 07787a160c8386934f7969578de87f6f
    [OrderID] => 957685-28140413
    [Status] => RETURNX
    [JobCd] => RETURNX
    [Amount] => 9750
    [Tax] => 0
    [Currency] => JPN
    [Forward] => 2S49631
    [Method] => 1
    [PayTimes] => 
    [TranID] => 2406221714602257210134173140
    [Approve] => 0019922
    [TranDate] => 20240622171409
    [ErrCode] => 
    [ErrInfo] => 
    [PayType] => 0
    [CvsCode] => 
    [CvsConfNo] => 
    [CvsReceiptNo] => 
    [EdyReceiptNo] => 
    [EdyOrderNo] => 
    [SuicaReceiptNo] => 
    [SuicaOrderNo] => 
    [CustID] => 
    [BkCode] => 
    [ConfNo] => 
    [PaymentTerm] => 
    [EncryptReceiptNo] => 
    [FinishDate] => 
    [ReceiptDate] => 
    [WebMoneyManagementNo] => 
    [WebMoneySettleCode] => 
    [AuPayInfoNo] => 
    [AuPayMethod] => 
    [AuCancelAmount] => 
    [AuCancelTax] => 
    [DocomoSettlementCode] => 
    [DocomoCancelAmount] => 
    [DocomoCancelTax] => 
    [pay_status] => 16
)
 from 210.175.7.20
2024/06/22 17:14:09 [/shop/user_data/pg_mulpay_recv.php] response:true from 210.175.7.20
2024/06/22 17:14:09 [/shop/user_data/pg_mulpay_recv.php] ******* receiveer data start ******* from 210.175.7.20
2024/06/22 17:14:09 [/shop/user_data/pg_mulpay_recv.php] Array
(
    [ShopID] => 9000034600950
    [ShopPass] => **********
    [AccessID] => 07787a160c8386934f7969578de87f6f
    [AccessPass] => ********************************
    [OrderID] => 957685-28140413
    [Status] => CAPTURE
    [JobCd] => CAPTURE
    [Amount] => 10850
    [Tax] => 0
    [Currency] => JPN
    [Forward] => 2S49631
    [Method] => 1
    [PayTimes] => 
    [TranID] => 2406221714602257210134173141
    [Approve] => 0167490
    [TranDate] => 20240622171409
    [ErrCode] => 
    [ErrInfo] => 
    [PayType] => 0
)
 from 210.175.7.20
2024/06/22 17:14:09 [/shop/user_data/pg_mulpay_recv.php] ******* receiveer data end ******* from 210.175.7.20
2024/06/22 17:14:14 [/shop/user_data/pg_mulpay_recv.php] no update order status order_id=957685 from 210.175.7.20
2024/06/22 17:14:14 [/shop/user_data/pg_mulpay_recv.php] pg_mulpay_recv.php set payment data:Array
(
    [ShopID] => 9000034600950
    [AccessID] => 07787a160c8386934f7969578de87f6f
    [OrderID] => 957685-28140413
    [Status] => CAPTURE
    [JobCd] => CAPTURE
    [Amount] => 10850
    [Tax] => 0
    [Currency] => JPN
    [Forward] => 2S49631
    [Method] => 1
    [PayTimes] => 
    [TranID] => 2406221714602257210134173141
    [Approve] => 0167490
    [TranDate] => 20240622171409
    [ErrCode] => 
    [ErrInfo] => 
    [PayType] => 0
    [CvsCode] => 
    [CvsConfNo] => 
    [CvsReceiptNo] => 
    [EdyReceiptNo] => 
    [EdyOrderNo] => 
    [SuicaReceiptNo] => 
    [SuicaOrderNo] => 
    [CustID] => 
    [BkCode] => 
    [ConfNo] => 
    [PaymentTerm] => 
    [EncryptReceiptNo] => 
    [FinishDate] => 
    [ReceiptDate] => 
    [WebMoneyManagementNo] => 
    [WebMoneySettleCode] => 
    [AuPayInfoNo] => 
    [AuPayMethod] => 
    [AuCancelAmount] => 
    [AuCancelTax] => 
    [DocomoSettlementCode] => 
    [DocomoCancelAmount] => 
    [DocomoCancelTax] => 
    [pay_status] => 13
    [no_update_status_flg] => 0
)
 from 210.175.7.20
2024/06/22 17:14:14 [/shop/user_data/pg_mulpay_recv.php] response:true from 210.175.7.20
2024/06/22 17:14:16 [/shop/master/order/edit.php] SendRequest:https://p01.mul-pay.jp/payment/SearchTrade.idPass from 114.160.216.147
2024/06/22 17:14:16 [/shop/master/order/edit.php] Array
(
    [ShopID] => 9000034600950
    [ShopPass] => ******
    [OrderID] => 957685-28140413
)
 from 114.160.216.147
2024/06/22 17:14:16 [/shop/master/order/edit.php] OrderID=957685-28140413&Status=CAPTURE&ProcessDate=20240622171409&JobCd=CAPTURE&AccessID=07787a160c8386934f7969578de87f6f&AccessPass=b1a9e7f5276e7a103a85a7847d842ffc&ItemCode=0000990&Amount=10850&Tax=0&SiteID=&MemberID=&CardNo=************9313&Expire=3010&Method=1&PayTimes=&Forward=2S49631&TranID=2406221714602257210134173141&Approve=0167490&ClientField1=&ClientField2=&ClientField3=EC-CUBE4.3.35 from 114.160.216.147
2024/06/22 17:14:16 [/shop/master/order/edit.php] Array
(
    [0] => Array
        (
            [OrderID] => 957685-28140413
            [Status] => CAPTURE
            [ProcessDate] => 20240622171409
            [JobCd] => CAPTURE
            [AccessID] => 07787a160c8386934f7969578de87f6f
            [AccessPass] => b1a9e7f5276e7a103a85a7847d842ffc
            [ItemCode] => 0000990
            [Amount] => 10850
            [Tax] => 0
            [SiteID] => 
            [MemberID] => 
            [CardNo] => ************9313
            [Expire] => 3010
            [Method] => 1
            [PayTimes] => 
            [Forward] => 2S49631
            [TranID] => 2406221714602257210134173141
            [Approve] => 0167490
            [ClientField1] => 
            [ClientField2] => 
            [ClientField3] => EC-CUBE4.3.35
        )

)
 from 114.160.216.147
2024/06/22 17:14:16 [/shop/master/order/edit.php] edit.php set payment data:Array
(
    [OrderID] => 957685-28140413
    [Status] => CAPTURE
    [ProcessDate] => 20240622171409
    [JobCd] => CAPTURE
    [AccessID] => 07787a160c8386934f7969578de87f6f
    [AccessPass] => b1a9e7f5276e7a103a85a7847d842ffc
    [ItemCode] => 0000990
    [Amount] => 10850
    [Tax] => 0
    [SiteID] => 
    [MemberID] => 
    [CardNo] => ************9313
    [Expire] => 3010
    [Method] => 1
    [PayTimes] => 
    [Forward] => 2S49631
    [TranID] => 2406221714602257210134173141
    [Approve] => 0167490
    [ClientField1] => 
    [ClientField2] => 
    [ClientField3] => EC-CUBE4.3.35
    [action_status] => 6
    [pay_status] => 13
)
 from 114.160.216.147
