2025/10/15 01:39:15 [/shop/shopping/load_payment_module.php] SendRequest:https://p01.mul-pay.jp/payment/EntryTran.idPass from 165.225.217.53
2025/10/15 01:39:15 [/shop/shopping/load_payment_module.php] Array
(
    [ShopID] => 9000034600950
    [ShopPass] => ******
    [OrderID] => 962960-15013915
    [JobCd] => CAPTURE
    [Amount] => 17250
    [TdFlag] => 0
    [TdTenantName] => 
)
 from 165.225.217.53
2025/10/15 01:39:15 [/shop/shopping/load_payment_module.php] AccessID=5db2e32ac6c93fc3424440fd3b36eabd&AccessPass=2768a129259c31f0b9ae56129f04c82a from 165.225.217.53
2025/10/15 01:39:15 [/shop/shopping/load_payment_module.php] Array
(
    [0] => Array
        (
            [AccessID] => 5db2e32ac6c93fc3424440fd3b36eabd
            [AccessPass] => 2768a129259c31f0b9ae56129f04c82a
        )

)
 from 165.225.217.53
2025/10/15 01:39:15 [/shop/shopping/load_payment_module.php] load_payment_module.php set payment data:Array
(
    [AccessID] => 5db2e32ac6c93fc3424440fd3b36eabd
    [AccessPass] => 2768a129259c31f0b9ae56129f04c82a
    [OrderID] => 962960-15013915
    [Amount] => 17250
    [JobCd] => CAPTURE
    [action_status] => 1
    [pay_status] => 0
)
 from 165.225.217.53
2025/10/15 01:39:15 [/shop/shopping/load_payment_module.php] SendRequest:https://p01.mul-pay.jp/payment/ExecTran.idPass from 165.225.217.53
2025/10/15 01:39:15 [/shop/shopping/load_payment_module.php] Array
(
    [AccessID] => 5db2e32ac6c93fc3424440fd3b36eabd
    [AccessPass] => 2768a129259c31f0b9ae56129f04c82a
    [OrderID] => 962960-15013915
    [Method] => 1
    [Token] => 6a655fc1dcb8da59ea63d38955b07afee8c40ceef9c68eae80684c1440c7b185
    [ClientField1] => 
    [ClientField2] => 
    [ClientField3] => EC-CUBE4.3.35
)
 from 165.225.217.53
2025/10/15 01:39:16 [/shop/shopping/load_payment_module.php] ACS=0&OrderID=962960-15013915&Forward=2a99661&Method=1&PayTimes=&Approve=0268463&TranID=2510150139602257210134102669&TranDate=20251015013916&CheckString=c60e11667998761b8991528fce7d74fb from 165.225.217.53
2025/10/15 01:39:16 [/shop/shopping/load_payment_module.php] Array
(
    [0] => Array
        (
            [ACS] => 0
            [OrderID] => 962960-15013915
            [Forward] => 2a99661
            [Method] => 1
            [PayTimes] => 
            [Approve] => 0268463
            [TranID] => 2510150139602257210134102669
            [TranDate] => 20251015013916
            [CheckString] => c60e11667998761b8991528fce7d74fb
        )

)
 from 165.225.217.53
2025/10/15 01:39:16 [/shop/shopping/load_payment_module.php] load_payment_module.php set payment data:Array
(
    [ACS] => 0
    [Forward] => 2a99661
    [Method] => 1
    [PayTimes] => 
    [Approve] => 0268463
    [TranID] => 2510150139602257210134102669
    [TranDate] => 20251015013916
    [CheckString] => c60e11667998761b8991528fce7d74fb
    [Amount] => 17250
    [JobCd] => CAPTURE
    [action_status] => 3
    [pay_status] => 13
)
 from 165.225.217.53
2025/10/15 01:39:17 [/shop/user_data/pg_mulpay_recv.php] ******* receiveer data start ******* from 210.175.7.20
2025/10/15 01:39:17 [/shop/user_data/pg_mulpay_recv.php] Array
(
    [ShopID] => 9000034600950
    [ShopPass] => **********
    [AccessID] => 5db2e32ac6c93fc3424440fd3b36eabd
    [AccessPass] => ********************************
    [OrderID] => 962960-15013915
    [Status] => CAPTURE
    [JobCd] => CAPTURE
    [Amount] => 17250
    [Tax] => 0
    [Currency] => JPN
    [Forward] => 2a99661
    [Method] => 1
    [PayTimes] => 
    [TranID] => 2510150139602257210134102669
    [Approve] => 0268463
    [TranDate] => 20251015013916
    [ErrCode] => 
    [ErrInfo] => 
    [PayType] => 0
)
 from 210.175.7.20
2025/10/15 01:39:17 [/shop/user_data/pg_mulpay_recv.php] ******* receiveer data end ******* from 210.175.7.20
2025/10/15 01:39:22 [/shop/user_data/pg_mulpay_recv.php] update order status:1 order_id=962960 from 210.175.7.20
2025/10/15 01:39:22 [/shop/user_data/pg_mulpay_recv.php] pg_mulpay_recv.php set payment data:Array
(
    [ShopID] => 9000034600950
    [AccessID] => 5db2e32ac6c93fc3424440fd3b36eabd
    [OrderID] => 962960-15013915
    [Status] => CAPTURE
    [JobCd] => CAPTURE
    [Amount] => 17250
    [Tax] => 0
    [Currency] => JPN
    [Forward] => 2a99661
    [Method] => 1
    [PayTimes] => 
    [TranID] => 2510150139602257210134102669
    [Approve] => 0268463
    [TranDate] => 20251015013916
    [ErrCode] => 
    [ErrInfo] => 
    [PayType] => 0
    [CvsCode] => 
    [CvsConfNo] => 
    [CvsReceiptNo] => 
    [EdyReceiptNo] => 
    [EdyOrderNo] => 
    [SuicaReceiptNo] => 
    [SuicaOrderNo] => 
    [CustID] => 
    [BkCode] => 
    [ConfNo] => 
    [PaymentTerm] => 
    [EncryptReceiptNo] => 
    [FinishDate] => 
    [ReceiptDate] => 
    [WebMoneyManagementNo] => 
    [WebMoneySettleCode] => 
    [AuPayInfoNo] => 
    [AuPayMethod] => 
    [AuCancelAmount] => 
    [AuCancelTax] => 
    [DocomoSettlementCode] => 
    [DocomoCancelAmount] => 
    [DocomoCancelTax] => 
    [pay_status] => 13
)
 from 210.175.7.20
2025/10/15 01:39:22 [/shop/user_data/pg_mulpay_recv.php] response:true from 210.175.7.20
2025/10/15 02:59:43 [/shop/shopping/load_payment_module.php] SendRequest:https://p01.mul-pay.jp/payment/EntryTran.idPass from 158.23.161.115
2025/10/15 02:59:43 [/shop/shopping/load_payment_module.php] Array
(
    [ShopID] => 9000034600950
    [ShopPass] => ******
    [OrderID] => 962961-15025943
    [JobCd] => CAPTURE
    [Amount] => 1880
    [TdFlag] => 0
    [TdTenantName] => 
)
 from 158.23.161.115
2025/10/15 02:59:43 [/shop/shopping/load_payment_module.php] AccessID=fbd9e44f89172970e3ed5366b4e63ed4&AccessPass=02ff82d358c4a96ceed55878bbe911f6 from 158.23.161.115
2025/10/15 02:59:43 [/shop/shopping/load_payment_module.php] Array
(
    [0] => Array
        (
            [AccessID] => fbd9e44f89172970e3ed5366b4e63ed4
            [AccessPass] => 02ff82d358c4a96ceed55878bbe911f6
        )

)
 from 158.23.161.115
2025/10/15 02:59:43 [/shop/shopping/load_payment_module.php] load_payment_module.php set payment data:Array
(
    [AccessID] => fbd9e44f89172970e3ed5366b4e63ed4
    [AccessPass] => 02ff82d358c4a96ceed55878bbe911f6
    [OrderID] => 962961-15025943
    [Amount] => 1880
    [JobCd] => CAPTURE
    [action_status] => 1
    [pay_status] => 0
)
 from 158.23.161.115
2025/10/15 02:59:43 [/shop/shopping/load_payment_module.php] SendRequest:https://p01.mul-pay.jp/payment/ExecTran.idPass from 158.23.161.115
2025/10/15 02:59:43 [/shop/shopping/load_payment_module.php] Array
(
    [AccessID] => fbd9e44f89172970e3ed5366b4e63ed4
    [AccessPass] => 02ff82d358c4a96ceed55878bbe911f6
    [OrderID] => 962961-15025943
    [Method] => 1
    [Token] => 1e06106028e6eb605f829364387b829459d0d2e7d2b4c92512d0a266ec38295c
    [ClientField1] => 
    [ClientField2] => 
    [ClientField3] => EC-CUBE4.3.35
)
 from 158.23.161.115
2025/10/15 02:59:43 [/shop/shopping/load_payment_module.php] ErrCode=G56&ErrInfo=42G560000 from 158.23.161.115
2025/10/15 02:59:43 [/shop/shopping/load_payment_module.php] Array
(
    [0] => Array
        (
            [ErrCode] => G56
            [ErrInfo] => 42G560000
        )

)
 from 158.23.161.115
2025/10/15 02:59:43 [/shop/shopping/load_payment_module.php] load_payment_module.php set payment data:Array
(
    [request_error] => Array
        (
            [0] => このカードでは取引をする事が出来ません。 (G56-42G560000)
        )

    [Amount] => 1880
    [JobCd] => CAPTURE
    [action_status] => 3
)
 from 158.23.161.115
2025/10/15 02:59:43 [/shop/shopping/load_payment_module.php] Array
(
    [ipaddress] => 158.23.161.115
    [date_time] => 20251015025943
    [error_count] => 1
)
 from 158.23.161.115
2025/10/15 02:59:43 [/shop/user_data/pg_mulpay_recv.php] ******* receiveer data start ******* from 210.175.7.20
2025/10/15 02:59:43 [/shop/user_data/pg_mulpay_recv.php] Array
(
    [ShopID] => 9000034600950
    [ShopPass] => **********
    [AccessID] => fbd9e44f89172970e3ed5366b4e63ed4
    [AccessPass] => ********************************
    [OrderID] => 962961-15025943
    [Status] => UNPROCESSED
    [JobCd] => CAPTURE
    [Amount] => 1880
    [Tax] => 0
    [Currency] => JPN
    [Forward] => 2S49631
    [Method] => 1
    [PayTimes] => 
    [TranID] => 2510150259602257210134102670
    [Approve] => 
    [TranDate] => 20251015025943
    [ErrCode] => G56
    [ErrInfo] => 42G560000
    [PayType] => 0
)
 from 210.175.7.20
2025/10/15 02:59:43 [/shop/user_data/pg_mulpay_recv.php] ******* receiveer data end ******* from 210.175.7.20
2025/10/15 02:59:43 [/shop/user_data/pg_mulpay_recv.php] pg_mulpay_recv.php set payment data:Array
(
    [ShopID] => 9000034600950
    [AccessID] => fbd9e44f89172970e3ed5366b4e63ed4
    [OrderID] => 962961-15025943
    [Status] => UNPROCESSED
    [JobCd] => CAPTURE
    [Amount] => 1880
    [Tax] => 0
    [Currency] => JPN
    [Forward] => 2S49631
    [Method] => 1
    [PayTimes] => 
    [TranID] => 2510150259602257210134102670
    [Approve] => 
    [TranDate] => 20251015025943
    [ErrCode] => G56
    [ErrInfo] => 42G560000
    [PayType] => 0
    [CvsCode] => 
    [CvsConfNo] => 
    [CvsReceiptNo] => 
    [EdyReceiptNo] => 
    [EdyOrderNo] => 
    [SuicaReceiptNo] => 
    [SuicaOrderNo] => 
    [CustID] => 
    [BkCode] => 
    [ConfNo] => 
    [PaymentTerm] => 
    [EncryptReceiptNo] => 
    [FinishDate] => 
    [ReceiptDate] => 
    [WebMoneyManagementNo] => 
    [WebMoneySettleCode] => 
    [AuPayInfoNo] => 
    [AuPayMethod] => 
    [AuCancelAmount] => 
    [AuCancelTax] => 
    [DocomoSettlementCode] => 
    [DocomoCancelAmount] => 
    [DocomoCancelTax] => 
    [pay_status] => 0
)
 from 210.175.7.20
2025/10/15 02:59:43 [/shop/user_data/pg_mulpay_recv.php] response:true from 210.175.7.20
2025/10/15 03:00:07 [/shop/shopping/load_payment_module.php] SendRequest:https://p01.mul-pay.jp/payment/ExecTran.idPass from 158.23.161.115
2025/10/15 03:00:07 [/shop/shopping/load_payment_module.php] Array
(
    [AccessID] => fbd9e44f89172970e3ed5366b4e63ed4
    [AccessPass] => 02ff82d358c4a96ceed55878bbe911f6
    [OrderID] => 962961-15025943
    [Method] => 1
    [PayTimes] => 
    [Token] => 171fa8dad6b07d5b5b6cc227d3419ea23f74214cfe17d050cdb7f0a80c2a1e12
    [ClientField1] => 
    [ClientField2] => 
    [ClientField3] => EC-CUBE4.3.35
)
 from 158.23.161.115
2025/10/15 03:00:08 [/shop/shopping/load_payment_module.php] ErrCode=G30&ErrInfo=42G300000 from 158.23.161.115
2025/10/15 03:00:08 [/shop/shopping/load_payment_module.php] Array
(
    [0] => Array
        (
            [ErrCode] => G30
            [ErrInfo] => 42G300000
        )

)
 from 158.23.161.115
2025/10/15 03:00:08 [/shop/shopping/load_payment_module.php] load_payment_module.php set payment data:Array
(
    [request_error] => Array
        (
            [0] => このカードでは取引をする事が出来ません。 (G30-42G300000)
        )

    [Amount] => 1880
    [JobCd] => CAPTURE
    [action_status] => 3
)
 from 158.23.161.115
2025/10/15 03:00:08 [/shop/shopping/load_payment_module.php] Array
(
    [ipaddress] => 158.23.161.115
    [date_time] => 20251015025943
    [error_count] => 2
)
 from 158.23.161.115
2025/10/15 03:00:08 [/shop/user_data/pg_mulpay_recv.php] ******* receiveer data start ******* from 210.175.7.20
2025/10/15 03:00:08 [/shop/user_data/pg_mulpay_recv.php] Array
(
    [ShopID] => 9000034600950
    [ShopPass] => **********
    [AccessID] => fbd9e44f89172970e3ed5366b4e63ed4
    [AccessPass] => ********************************
    [OrderID] => 962961-15025943
    [Status] => UNPROCESSED
    [JobCd] => CAPTURE
    [Amount] => 1880
    [Tax] => 0
    [Currency] => JPN
    [Forward] => 2S49631
    [Method] => 1
    [PayTimes] => 
    [TranID] => 2510150300602257210134102671
    [Approve] => 
    [TranDate] => 20251015030008
    [ErrCode] => G30
    [ErrInfo] => 42G300000
    [PayType] => 0
)
 from 210.175.7.20
2025/10/15 03:00:08 [/shop/user_data/pg_mulpay_recv.php] ******* receiveer data end ******* from 210.175.7.20
2025/10/15 03:00:08 [/shop/user_data/pg_mulpay_recv.php] pg_mulpay_recv.php set payment data:Array
(
    [ShopID] => 9000034600950
    [AccessID] => fbd9e44f89172970e3ed5366b4e63ed4
    [OrderID] => 962961-15025943
    [Status] => UNPROCESSED
    [JobCd] => CAPTURE
    [Amount] => 1880
    [Tax] => 0
    [Currency] => JPN
    [Forward] => 2S49631
    [Method] => 1
    [PayTimes] => 
    [TranID] => 2510150300602257210134102671
    [Approve] => 
    [TranDate] => 20251015030008
    [ErrCode] => G30
    [ErrInfo] => 42G300000
    [PayType] => 0
    [CvsCode] => 
    [CvsConfNo] => 
    [CvsReceiptNo] => 
    [EdyReceiptNo] => 
    [EdyOrderNo] => 
    [SuicaReceiptNo] => 
    [SuicaOrderNo] => 
    [CustID] => 
    [BkCode] => 
    [ConfNo] => 
    [PaymentTerm] => 
    [EncryptReceiptNo] => 
    [FinishDate] => 
    [ReceiptDate] => 
    [WebMoneyManagementNo] => 
    [WebMoneySettleCode] => 
    [AuPayInfoNo] => 
    [AuPayMethod] => 
    [AuCancelAmount] => 
    [AuCancelTax] => 
    [DocomoSettlementCode] => 
    [DocomoCancelAmount] => 
    [DocomoCancelTax] => 
    [pay_status] => 0
)
 from 210.175.7.20
2025/10/15 03:00:20 [/shop/user_data/pg_mulpay_recv.php] response:true from 210.175.7.20
2025/10/15 03:15:31 [/shop/shopping/load_payment_module.php] SendRequest:https://p01.mul-pay.jp/payment/EntryTran.idPass from 177.115.102.178
2025/10/15 03:15:31 [/shop/shopping/load_payment_module.php] Array
(
    [ShopID] => 9000034600950
    [ShopPass] => ******
    [OrderID] => 962962-15031531
    [JobCd] => CAPTURE
    [Amount] => 10500
    [TdFlag] => 0
    [TdTenantName] => 
)
 from 177.115.102.178
2025/10/15 03:15:31 [/shop/shopping/load_payment_module.php] AccessID=118f1b0a8526af3ffcfea6d0a9ea5e13&AccessPass=dff96b35ada95bce339cb2904fe0c8a8 from 177.115.102.178
2025/10/15 03:15:31 [/shop/shopping/load_payment_module.php] Array
(
    [0] => Array
        (
            [AccessID] => 118f1b0a8526af3ffcfea6d0a9ea5e13
            [AccessPass] => dff96b35ada95bce339cb2904fe0c8a8
        )

)
 from 177.115.102.178
2025/10/15 03:15:31 [/shop/shopping/load_payment_module.php] load_payment_module.php set payment data:Array
(
    [AccessID] => 118f1b0a8526af3ffcfea6d0a9ea5e13
    [AccessPass] => dff96b35ada95bce339cb2904fe0c8a8
    [OrderID] => 962962-15031531
    [Amount] => 10500
    [JobCd] => CAPTURE
    [action_status] => 1
    [pay_status] => 0
)
 from 177.115.102.178
2025/10/15 03:15:31 [/shop/shopping/load_payment_module.php] SendRequest:https://p01.mul-pay.jp/payment/ExecTran.idPass from 177.115.102.178
2025/10/15 03:15:31 [/shop/shopping/load_payment_module.php] Array
(
    [AccessID] => 118f1b0a8526af3ffcfea6d0a9ea5e13
    [AccessPass] => dff96b35ada95bce339cb2904fe0c8a8
    [OrderID] => 962962-15031531
    [Method] => 1
    [Token] => 0265c28236be40bcce65a6379739f6bacb1a92d2f2524843bff0ecc90f5e3f81
    [ClientField1] => 
    [ClientField2] => 
    [ClientField3] => EC-CUBE4.3.35
)
 from 177.115.102.178
2025/10/15 03:15:33 [/shop/shopping/load_payment_module.php] ACS=0&OrderID=962962-15031531&Forward=2959876&Method=1&PayTimes=&Approve=0487203&TranID=2510150315602257210134102672&TranDate=20251015031533&CheckString=b55cdb45cd6b028df568fdeb946f39af from 177.115.102.178
2025/10/15 03:15:33 [/shop/shopping/load_payment_module.php] Array
(
    [0] => Array
        (
            [ACS] => 0
            [OrderID] => 962962-15031531
            [Forward] => 2959876
            [Method] => 1
            [PayTimes] => 
            [Approve] => 0487203
            [TranID] => 2510150315602257210134102672
            [TranDate] => 20251015031533
            [CheckString] => b55cdb45cd6b028df568fdeb946f39af
        )

)
 from 177.115.102.178
2025/10/15 03:15:33 [/shop/shopping/load_payment_module.php] load_payment_module.php set payment data:Array
(
    [ACS] => 0
    [Forward] => 2959876
    [Method] => 1
    [PayTimes] => 
    [Approve] => 0487203
    [TranID] => 2510150315602257210134102672
    [TranDate] => 20251015031533
    [CheckString] => b55cdb45cd6b028df568fdeb946f39af
    [Amount] => 10500
    [JobCd] => CAPTURE
    [action_status] => 3
    [pay_status] => 13
)
 from 177.115.102.178
2025/10/15 03:15:33 [/shop/user_data/pg_mulpay_recv.php] ******* receiveer data start ******* from 210.175.7.20
2025/10/15 03:15:33 [/shop/user_data/pg_mulpay_recv.php] Array
(
    [ShopID] => 9000034600950
    [ShopPass] => **********
    [AccessID] => 118f1b0a8526af3ffcfea6d0a9ea5e13
    [AccessPass] => ********************************
    [OrderID] => 962962-15031531
    [Status] => CAPTURE
    [JobCd] => CAPTURE
    [Amount] => 10500
    [Tax] => 0
    [Currency] => JPN
    [Forward] => 2959876
    [Method] => 1
    [PayTimes] => 
    [TranID] => 2510150315602257210134102672
    [Approve] => 0487203
    [TranDate] => 20251015031533
    [ErrCode] => 
    [ErrInfo] => 
    [PayType] => 0
)
 from 210.175.7.20
2025/10/15 03:15:33 [/shop/user_data/pg_mulpay_recv.php] ******* receiveer data end ******* from 210.175.7.20
2025/10/15 03:15:38 [/shop/user_data/pg_mulpay_recv.php] update order status:1 order_id=962962 from 210.175.7.20
2025/10/15 03:15:38 [/shop/user_data/pg_mulpay_recv.php] pg_mulpay_recv.php set payment data:Array
(
    [ShopID] => 9000034600950
    [AccessID] => 118f1b0a8526af3ffcfea6d0a9ea5e13
    [OrderID] => 962962-15031531
    [Status] => CAPTURE
    [JobCd] => CAPTURE
    [Amount] => 10500
    [Tax] => 0
    [Currency] => JPN
    [Forward] => 2959876
    [Method] => 1
    [PayTimes] => 
    [TranID] => 2510150315602257210134102672
    [Approve] => 0487203
    [TranDate] => 20251015031533
    [ErrCode] => 
    [ErrInfo] => 
    [PayType] => 0
    [CvsCode] => 
    [CvsConfNo] => 
    [CvsReceiptNo] => 
    [EdyReceiptNo] => 
    [EdyOrderNo] => 
    [SuicaReceiptNo] => 
    [SuicaOrderNo] => 
    [CustID] => 
    [BkCode] => 
    [ConfNo] => 
    [PaymentTerm] => 
    [EncryptReceiptNo] => 
    [FinishDate] => 
    [ReceiptDate] => 
    [WebMoneyManagementNo] => 
    [WebMoneySettleCode] => 
    [AuPayInfoNo] => 
    [AuPayMethod] => 
    [AuCancelAmount] => 
    [AuCancelTax] => 
    [DocomoSettlementCode] => 
    [DocomoCancelAmount] => 
    [DocomoCancelTax] => 
    [pay_status] => 13
)
 from 210.175.7.20
2025/10/15 03:15:38 [/shop/user_data/pg_mulpay_recv.php] response:true from 210.175.7.20
2025/10/15 03:32:38 [/shop/shopping/load_payment_module.php] SendRequest:https://p01.mul-pay.jp/payment/SearchMember.idPass from 192.55.55.44
2025/10/15 03:32:38 [/shop/shopping/load_payment_module.php] Array
(
    [SiteID] => mst0000007602
    [SitePass] => ******
    [MemberID] => 12259
)
 from 192.55.55.44
2025/10/15 03:32:38 [/shop/shopping/load_payment_module.php] ErrCode=E01&ErrInfo=E01390002 from 192.55.55.44
2025/10/15 03:32:38 [/shop/shopping/load_payment_module.php] Array
(
    [0] => Array
        (
            [ErrCode] => E01
            [ErrInfo] => E01390002
        )

)
 from 192.55.55.44
2025/10/15 03:32:38 [/shop/shopping/load_payment_module.php] SendRequest:https://p01.mul-pay.jp/payment/SearchCard.idPass from 192.55.55.44
2025/10/15 03:32:38 [/shop/shopping/load_payment_module.php] Array
(
    [SiteID] => mst0000007602
    [SitePass] => ******
    [MemberID] => 12259
)
 from 192.55.55.44
2025/10/15 03:32:38 [/shop/shopping/load_payment_module.php] ErrCode=E01|E01&ErrInfo=E01390002|E01240002 from 192.55.55.44
2025/10/15 03:32:38 [/shop/shopping/load_payment_module.php] Array
(
    [0] => Array
        (
            [ErrCode] => E01
            [ErrInfo] => E01390002
        )

    [1] => Array
        (
            [ErrCode] => E01
            [ErrInfo] => E01240002
        )

)
 from 192.55.55.44
2025/10/15 03:33:03 [/shop/shopping/load_payment_module.php] SendRequest:https://p01.mul-pay.jp/payment/SearchMember.idPass from 192.55.55.44
2025/10/15 03:33:03 [/shop/shopping/load_payment_module.php] Array
(
    [SiteID] => mst0000007602
    [SitePass] => ******
    [MemberID] => 12259
)
 from 192.55.55.44
2025/10/15 03:33:03 [/shop/shopping/load_payment_module.php] ErrCode=E01&ErrInfo=E01390002 from 192.55.55.44
2025/10/15 03:33:03 [/shop/shopping/load_payment_module.php] Array
(
    [0] => Array
        (
            [ErrCode] => E01
            [ErrInfo] => E01390002
        )

)
 from 192.55.55.44
2025/10/15 03:33:03 [/shop/shopping/load_payment_module.php] SendRequest:https://p01.mul-pay.jp/payment/SearchCard.idPass from 192.55.55.44
2025/10/15 03:33:03 [/shop/shopping/load_payment_module.php] Array
(
    [SiteID] => mst0000007602
    [SitePass] => ******
    [MemberID] => 12259
)
 from 192.55.55.44
2025/10/15 03:33:03 [/shop/shopping/load_payment_module.php] ErrCode=E01|E01&ErrInfo=E01390002|E01240002 from 192.55.55.44
2025/10/15 03:33:03 [/shop/shopping/load_payment_module.php] Array
(
    [0] => Array
        (
            [ErrCode] => E01
            [ErrInfo] => E01390002
        )

    [1] => Array
        (
            [ErrCode] => E01
            [ErrInfo] => E01240002
        )

)
 from 192.55.55.44
2025/10/15 03:33:03 [/shop/shopping/load_payment_module.php] SendRequest:https://p01.mul-pay.jp/payment/EntryTran.idPass from 192.55.55.44
2025/10/15 03:33:03 [/shop/shopping/load_payment_module.php] Array
(
    [ShopID] => 9000034600950
    [ShopPass] => ******
    [OrderID] => 962963-15033303
    [JobCd] => CAPTURE
    [Amount] => 8805
    [TdFlag] => 0
    [TdTenantName] => 
)
 from 192.55.55.44
2025/10/15 03:33:03 [/shop/shopping/load_payment_module.php] AccessID=0c9c33dbefb59664d71fd9a76f5567ed&AccessPass=0849bf31131296bcc63e389e827c706c from 192.55.55.44
2025/10/15 03:33:03 [/shop/shopping/load_payment_module.php] Array
(
    [0] => Array
        (
            [AccessID] => 0c9c33dbefb59664d71fd9a76f5567ed
            [AccessPass] => 0849bf31131296bcc63e389e827c706c
        )

)
 from 192.55.55.44
2025/10/15 03:33:03 [/shop/shopping/load_payment_module.php] load_payment_module.php set payment data:Array
(
    [AccessID] => 0c9c33dbefb59664d71fd9a76f5567ed
    [AccessPass] => 0849bf31131296bcc63e389e827c706c
    [OrderID] => 962963-15033303
    [Amount] => 8805
    [JobCd] => CAPTURE
    [action_status] => 1
    [pay_status] => 0
)
 from 192.55.55.44
2025/10/15 03:33:03 [/shop/shopping/load_payment_module.php] SendRequest:https://p01.mul-pay.jp/payment/ExecTran.idPass from 192.55.55.44
2025/10/15 03:33:03 [/shop/shopping/load_payment_module.php] Array
(
    [AccessID] => 0c9c33dbefb59664d71fd9a76f5567ed
    [AccessPass] => 0849bf31131296bcc63e389e827c706c
    [OrderID] => 962963-15033303
    [Method] => 1
    [Token] => a4eb0384bf71543a64b210056eef6ace208f39fd956478cc8fe2177dc183b400
    [ClientField1] => 
    [ClientField2] => 
    [ClientField3] => EC-CUBE4.3.35
)
 from 192.55.55.44
2025/10/15 03:33:03 [/shop/shopping/load_payment_module.php] ACS=0&OrderID=962963-15033303&Forward=2S49631&Method=1&PayTimes=&Approve=0091059&TranID=2510150333602257210134102673&TranDate=20251015033303&CheckString=0428b67fc46295334ac2a881828bc656 from 192.55.55.44
2025/10/15 03:33:03 [/shop/shopping/load_payment_module.php] Array
(
    [0] => Array
        (
            [ACS] => 0
            [OrderID] => 962963-15033303
            [Forward] => 2S49631
            [Method] => 1
            [PayTimes] => 
            [Approve] => 0091059
            [TranID] => 2510150333602257210134102673
            [TranDate] => 20251015033303
            [CheckString] => 0428b67fc46295334ac2a881828bc656
        )

)
 from 192.55.55.44
2025/10/15 03:33:03 [/shop/shopping/load_payment_module.php] load_payment_module.php set payment data:Array
(
    [ACS] => 0
    [Forward] => 2S49631
    [Method] => 1
    [PayTimes] => 
    [Approve] => 0091059
    [TranID] => 2510150333602257210134102673
    [TranDate] => 20251015033303
    [CheckString] => 0428b67fc46295334ac2a881828bc656
    [Amount] => 8805
    [JobCd] => CAPTURE
    [action_status] => 3
    [pay_status] => 13
)
 from 192.55.55.44
2025/10/15 03:33:03 [/shop/user_data/pg_mulpay_recv.php] ******* receiveer data start ******* from 210.175.7.20
2025/10/15 03:33:03 [/shop/user_data/pg_mulpay_recv.php] Array
(
    [ShopID] => 9000034600950
    [ShopPass] => **********
    [AccessID] => 0c9c33dbefb59664d71fd9a76f5567ed
    [AccessPass] => ********************************
    [OrderID] => 962963-15033303
    [Status] => CAPTURE
    [JobCd] => CAPTURE
    [Amount] => 8805
    [Tax] => 0
    [Currency] => JPN
    [Forward] => 2S49631
    [Method] => 1
    [PayTimes] => 
    [TranID] => 2510150333602257210134102673
    [Approve] => 0091059
    [TranDate] => 20251015033303
    [ErrCode] => 
    [ErrInfo] => 
    [PayType] => 0
)
 from 210.175.7.20
2025/10/15 03:33:03 [/shop/user_data/pg_mulpay_recv.php] ******* receiveer data end ******* from 210.175.7.20
2025/10/15 03:33:08 [/shop/user_data/pg_mulpay_recv.php] update order status:1 order_id=962963 from 210.175.7.20
2025/10/15 03:33:08 [/shop/user_data/pg_mulpay_recv.php] pg_mulpay_recv.php set payment data:Array
(
    [ShopID] => 9000034600950
    [AccessID] => 0c9c33dbefb59664d71fd9a76f5567ed
    [OrderID] => 962963-15033303
    [Status] => CAPTURE
    [JobCd] => CAPTURE
    [Amount] => 8805
    [Tax] => 0
    [Currency] => JPN
    [Forward] => 2S49631
    [Method] => 1
    [PayTimes] => 
    [TranID] => 2510150333602257210134102673
    [Approve] => 0091059
    [TranDate] => 20251015033303
    [ErrCode] => 
    [ErrInfo] => 
    [PayType] => 0
    [CvsCode] => 
    [CvsConfNo] => 
    [CvsReceiptNo] => 
    [EdyReceiptNo] => 
    [EdyOrderNo] => 
    [SuicaReceiptNo] => 
    [SuicaOrderNo] => 
    [CustID] => 
    [BkCode] => 
    [ConfNo] => 
    [PaymentTerm] => 
    [EncryptReceiptNo] => 
    [FinishDate] => 
    [ReceiptDate] => 
    [WebMoneyManagementNo] => 
    [WebMoneySettleCode] => 
    [AuPayInfoNo] => 
    [AuPayMethod] => 
    [AuCancelAmount] => 
    [AuCancelTax] => 
    [DocomoSettlementCode] => 
    [DocomoCancelAmount] => 
    [DocomoCancelTax] => 
    [pay_status] => 13
)
 from 210.175.7.20
2025/10/15 03:33:08 [/shop/user_data/pg_mulpay_recv.php] response:true from 210.175.7.20
2025/10/15 04:05:02 [/shop/user_data/pg_mulpay_recv.php] ******* receiveer data start ******* from 210.175.7.20
2025/10/15 04:05:02 [/shop/user_data/pg_mulpay_recv.php] Array
(
    [ShopID] => 9000034600950
    [ShopPass] => **********
    [AccessID] => fbd9e44f89172970e3ed5366b4e63ed4
    [AccessPass] => ********************************
    [OrderID] => 962961-15025943
    [Status] => UNPROCESSED
    [JobCd] => CAPTURE
    [Amount] => 1880
    [Tax] => 0
    [Currency] => JPN
    [Forward] => 2S49631
    [Method] => 1
    [PayTimes] => 
    [TranID] => 2510150300602257210134102671
    [Approve] => 
    [TranDate] => 20251015030008
    [ErrCode] => G30
    [ErrInfo] => 42G300000
    [PayType] => 0
)
 from 210.175.7.20
2025/10/15 04:05:02 [/shop/user_data/pg_mulpay_recv.php] ******* receiveer data end ******* from 210.175.7.20
2025/10/15 04:05:02 [/shop/user_data/pg_mulpay_recv.php] getOrderPayData Error: deleted order. order_id = 962961 from 210.175.7.20
2025/10/15 04:05:02 [/shop/user_data/pg_mulpay_recv.php] param_error:PGマルチペイメントサービス決済モジュール 不一致データ検出 Param:Array
(
    [ShopID] => 9000034600950
    [ShopPass] => **********
    [AccessID] => fbd9e44f89172970e3ed5366b4e63ed4
    [AccessPass] => ********************************
    [OrderID] => 962961-15025943
    [Status] => UNPROCESSED
    [JobCd] => CAPTURE
    [Amount] => 1880
    [Tax] => 0
    [Currency] => JPN
    [Forward] => 2S49631
    [Method] => 1
    [PayTimes] => 
    [TranID] => 2510150300602257210134102671
    [Approve] => 
    [TranDate] => 20251015030008
    [ErrCode] => G30
    [ErrInfo] => 42G300000
    [PayType] => 0
    [CvsCode] => 
    [CvsConfNo] => 
    [CvsReceiptNo] => 
    [EdyReceiptNo] => 
    [EdyOrderNo] => 
    [SuicaReceiptNo] => 
    [SuicaOrderNo] => 
    [CustID] => 
    [BkCode] => 
    [ConfNo] => 
    [PaymentTerm] => 
    [EncryptReceiptNo] => 
    [FinishDate] => 
    [ReceiptDate] => 
    [WebMoneyManagementNo] => 
    [WebMoneySettleCode] => 
    [AuPayInfoNo] => 
    [AuPayMethod] => 
    [AuCancelAmount] => 
    [AuCancelTax] => 
    [DocomoSettlementCode] => 
    [DocomoCancelAmount] => 
    [DocomoCancelTax] => 
)
 from 210.175.7.20
2025/10/15 04:05:02 [/shop/user_data/pg_mulpay_recv.php] response:false from 210.175.7.20
2025/10/15 05:10:01 [/shop/user_data/pg_mulpay_recv.php] ******* receiveer data start ******* from 210.175.7.20
2025/10/15 05:10:01 [/shop/user_data/pg_mulpay_recv.php] Array
(
    [ShopID] => 9000034600950
    [ShopPass] => **********
    [AccessID] => fbd9e44f89172970e3ed5366b4e63ed4
    [AccessPass] => ********************************
    [OrderID] => 962961-15025943
    [Status] => UNPROCESSED
    [JobCd] => CAPTURE
    [Amount] => 1880
    [Tax] => 0
    [Currency] => JPN
    [Forward] => 2S49631
    [Method] => 1
    [PayTimes] => 
    [TranID] => 2510150300602257210134102671
    [Approve] => 
    [TranDate] => 20251015030008
    [ErrCode] => G30
    [ErrInfo] => 42G300000
    [PayType] => 0
)
 from 210.175.7.20
2025/10/15 05:10:01 [/shop/user_data/pg_mulpay_recv.php] ******* receiveer data end ******* from 210.175.7.20
2025/10/15 05:10:01 [/shop/user_data/pg_mulpay_recv.php] getOrderPayData Error: deleted order. order_id = 962961 from 210.175.7.20
2025/10/15 05:10:01 [/shop/user_data/pg_mulpay_recv.php] param_error:PGマルチペイメントサービス決済モジュール 不一致データ検出 Param:Array
(
    [ShopID] => 9000034600950
    [ShopPass] => **********
    [AccessID] => fbd9e44f89172970e3ed5366b4e63ed4
    [AccessPass] => ********************************
    [OrderID] => 962961-15025943
    [Status] => UNPROCESSED
    [JobCd] => CAPTURE
    [Amount] => 1880
    [Tax] => 0
    [Currency] => JPN
    [Forward] => 2S49631
    [Method] => 1
    [PayTimes] => 
    [TranID] => 2510150300602257210134102671
    [Approve] => 
    [TranDate] => 20251015030008
    [ErrCode] => G30
    [ErrInfo] => 42G300000
    [PayType] => 0
    [CvsCode] => 
    [CvsConfNo] => 
    [CvsReceiptNo] => 
    [EdyReceiptNo] => 
    [EdyOrderNo] => 
    [SuicaReceiptNo] => 
    [SuicaOrderNo] => 
    [CustID] => 
    [BkCode] => 
    [ConfNo] => 
    [PaymentTerm] => 
    [EncryptReceiptNo] => 
    [FinishDate] => 
    [ReceiptDate] => 
    [WebMoneyManagementNo] => 
    [WebMoneySettleCode] => 
    [AuPayInfoNo] => 
    [AuPayMethod] => 
    [AuCancelAmount] => 
    [AuCancelTax] => 
    [DocomoSettlementCode] => 
    [DocomoCancelAmount] => 
    [DocomoCancelTax] => 
)
 from 210.175.7.20
2025/10/15 05:10:01 [/shop/user_data/pg_mulpay_recv.php] response:false from 210.175.7.20
2025/10/15 06:10:30 [/shop/user_data/pg_mulpay_recv.php] ******* receiveer data start ******* from 210.175.7.20
2025/10/15 06:10:30 [/shop/user_data/pg_mulpay_recv.php] Array
(
    [ShopID] => 9000034600950
    [ShopPass] => **********
    [AccessID] => fbd9e44f89172970e3ed5366b4e63ed4
    [AccessPass] => ********************************
    [OrderID] => 962961-15025943
    [Status] => UNPROCESSED
    [JobCd] => CAPTURE
    [Amount] => 1880
    [Tax] => 0
    [Currency] => JPN
    [Forward] => 2S49631
    [Method] => 1
    [PayTimes] => 
    [TranID] => 2510150300602257210134102671
    [Approve] => 
    [TranDate] => 20251015030008
    [ErrCode] => G30
    [ErrInfo] => 42G300000
    [PayType] => 0
)
 from 210.175.7.20
2025/10/15 06:10:30 [/shop/user_data/pg_mulpay_recv.php] ******* receiveer data end ******* from 210.175.7.20
2025/10/15 06:10:30 [/shop/user_data/pg_mulpay_recv.php] getOrderPayData Error: deleted order. order_id = 962961 from 210.175.7.20
2025/10/15 06:10:30 [/shop/user_data/pg_mulpay_recv.php] param_error:PGマルチペイメントサービス決済モジュール 不一致データ検出 Param:Array
(
    [ShopID] => 9000034600950
    [ShopPass] => **********
    [AccessID] => fbd9e44f89172970e3ed5366b4e63ed4
    [AccessPass] => ********************************
    [OrderID] => 962961-15025943
    [Status] => UNPROCESSED
    [JobCd] => CAPTURE
    [Amount] => 1880
    [Tax] => 0
    [Currency] => JPN
    [Forward] => 2S49631
    [Method] => 1
    [PayTimes] => 
    [TranID] => 2510150300602257210134102671
    [Approve] => 
    [TranDate] => 20251015030008
    [ErrCode] => G30
    [ErrInfo] => 42G300000
    [PayType] => 0
    [CvsCode] => 
    [CvsConfNo] => 
    [CvsReceiptNo] => 
    [EdyReceiptNo] => 
    [EdyOrderNo] => 
    [SuicaReceiptNo] => 
    [SuicaOrderNo] => 
    [CustID] => 
    [BkCode] => 
    [ConfNo] => 
    [PaymentTerm] => 
    [EncryptReceiptNo] => 
    [FinishDate] => 
    [ReceiptDate] => 
    [WebMoneyManagementNo] => 
    [WebMoneySettleCode] => 
    [AuPayInfoNo] => 
    [AuPayMethod] => 
    [AuCancelAmount] => 
    [AuCancelTax] => 
    [DocomoSettlementCode] => 
    [DocomoCancelAmount] => 
    [DocomoCancelTax] => 
)
 from 210.175.7.20
2025/10/15 06:10:30 [/shop/user_data/pg_mulpay_recv.php] response:false from 210.175.7.20
2025/10/15 07:15:15 [/shop/user_data/pg_mulpay_recv.php] ******* receiveer data start ******* from 210.175.7.20
2025/10/15 07:15:15 [/shop/user_data/pg_mulpay_recv.php] Array
(
    [ShopID] => 9000034600950
    [ShopPass] => **********
    [AccessID] => fbd9e44f89172970e3ed5366b4e63ed4
    [AccessPass] => ********************************
    [OrderID] => 962961-15025943
    [Status] => UNPROCESSED
    [JobCd] => CAPTURE
    [Amount] => 1880
    [Tax] => 0
    [Currency] => JPN
    [Forward] => 2S49631
    [Method] => 1
    [PayTimes] => 
    [TranID] => 2510150300602257210134102671
    [Approve] => 
    [TranDate] => 20251015030008
    [ErrCode] => G30
    [ErrInfo] => 42G300000
    [PayType] => 0
)
 from 210.175.7.20
2025/10/15 07:15:15 [/shop/user_data/pg_mulpay_recv.php] ******* receiveer data end ******* from 210.175.7.20
2025/10/15 07:15:15 [/shop/user_data/pg_mulpay_recv.php] getOrderPayData Error: deleted order. order_id = 962961 from 210.175.7.20
2025/10/15 07:15:15 [/shop/user_data/pg_mulpay_recv.php] param_error:PGマルチペイメントサービス決済モジュール 不一致データ検出 Param:Array
(
    [ShopID] => 9000034600950
    [ShopPass] => **********
    [AccessID] => fbd9e44f89172970e3ed5366b4e63ed4
    [AccessPass] => ********************************
    [OrderID] => 962961-15025943
    [Status] => UNPROCESSED
    [JobCd] => CAPTURE
    [Amount] => 1880
    [Tax] => 0
    [Currency] => JPN
    [Forward] => 2S49631
    [Method] => 1
    [PayTimes] => 
    [TranID] => 2510150300602257210134102671
    [Approve] => 
    [TranDate] => 20251015030008
    [ErrCode] => G30
    [ErrInfo] => 42G300000
    [PayType] => 0
    [CvsCode] => 
    [CvsConfNo] => 
    [CvsReceiptNo] => 
    [EdyReceiptNo] => 
    [EdyOrderNo] => 
    [SuicaReceiptNo] => 
    [SuicaOrderNo] => 
    [CustID] => 
    [BkCode] => 
    [ConfNo] => 
    [PaymentTerm] => 
    [EncryptReceiptNo] => 
    [FinishDate] => 
    [ReceiptDate] => 
    [WebMoneyManagementNo] => 
    [WebMoneySettleCode] => 
    [AuPayInfoNo] => 
    [AuPayMethod] => 
    [AuCancelAmount] => 
    [AuCancelTax] => 
    [DocomoSettlementCode] => 
    [DocomoCancelAmount] => 
    [DocomoCancelTax] => 
)
 from 210.175.7.20
2025/10/15 07:15:15 [/shop/user_data/pg_mulpay_recv.php] response:false from 210.175.7.20
2025/10/15 08:20:13 [/shop/user_data/pg_mulpay_recv.php] ******* receiveer data start ******* from 210.175.7.20
2025/10/15 08:20:13 [/shop/user_data/pg_mulpay_recv.php] Array
(
    [ShopID] => 9000034600950
    [ShopPass] => **********
    [AccessID] => fbd9e44f89172970e3ed5366b4e63ed4
    [AccessPass] => ********************************
    [OrderID] => 962961-15025943
    [Status] => UNPROCESSED
    [JobCd] => CAPTURE
    [Amount] => 1880
    [Tax] => 0
    [Currency] => JPN
    [Forward] => 2S49631
    [Method] => 1
    [PayTimes] => 
    [TranID] => 2510150300602257210134102671
    [Approve] => 
    [TranDate] => 20251015030008
    [ErrCode] => G30
    [ErrInfo] => 42G300000
    [PayType] => 0
)
 from 210.175.7.20
2025/10/15 08:20:13 [/shop/user_data/pg_mulpay_recv.php] ******* receiveer data end ******* from 210.175.7.20
2025/10/15 08:20:13 [/shop/user_data/pg_mulpay_recv.php] getOrderPayData Error: deleted order. order_id = 962961 from 210.175.7.20
2025/10/15 08:20:13 [/shop/user_data/pg_mulpay_recv.php] param_error:PGマルチペイメントサービス決済モジュール 不一致データ検出 Param:Array
(
    [ShopID] => 9000034600950
    [ShopPass] => **********
    [AccessID] => fbd9e44f89172970e3ed5366b4e63ed4
    [AccessPass] => ********************************
    [OrderID] => 962961-15025943
    [Status] => UNPROCESSED
    [JobCd] => CAPTURE
    [Amount] => 1880
    [Tax] => 0
    [Currency] => JPN
    [Forward] => 2S49631
    [Method] => 1
    [PayTimes] => 
    [TranID] => 2510150300602257210134102671
    [Approve] => 
    [TranDate] => 20251015030008
    [ErrCode] => G30
    [ErrInfo] => 42G300000
    [PayType] => 0
    [CvsCode] => 
    [CvsConfNo] => 
    [CvsReceiptNo] => 
    [EdyReceiptNo] => 
    [EdyOrderNo] => 
    [SuicaReceiptNo] => 
    [SuicaOrderNo] => 
    [CustID] => 
    [BkCode] => 
    [ConfNo] => 
    [PaymentTerm] => 
    [EncryptReceiptNo] => 
    [FinishDate] => 
    [ReceiptDate] => 
    [WebMoneyManagementNo] => 
    [WebMoneySettleCode] => 
    [AuPayInfoNo] => 
    [AuPayMethod] => 
    [AuCancelAmount] => 
    [AuCancelTax] => 
    [DocomoSettlementCode] => 
    [DocomoCancelAmount] => 
    [DocomoCancelTax] => 
)
 from 210.175.7.20
2025/10/15 08:20:13 [/shop/user_data/pg_mulpay_recv.php] response:false from 210.175.7.20
2025/10/15 11:24:48 [/shop/shopping/load_payment_module.php] SendRequest:https://p01.mul-pay.jp/payment/EntryTran.idPass from 126.158.53.204
2025/10/15 11:24:48 [/shop/shopping/load_payment_module.php] Array
(
    [ShopID] => 9000034600950
    [ShopPass] => ******
    [OrderID] => 962964-15112448
    [JobCd] => CAPTURE
    [Amount] => 4040
    [TdFlag] => 0
    [TdTenantName] => 
)
 from 126.158.53.204
2025/10/15 11:24:48 [/shop/shopping/load_payment_module.php] AccessID=311992fa0bd2d9a1343fd945b449e7ad&AccessPass=5bf52a21bd95a4354a125d53e439a2f4 from 126.158.53.204
2025/10/15 11:24:48 [/shop/shopping/load_payment_module.php] Array
(
    [0] => Array
        (
            [AccessID] => 311992fa0bd2d9a1343fd945b449e7ad
            [AccessPass] => 5bf52a21bd95a4354a125d53e439a2f4
        )

)
 from 126.158.53.204
2025/10/15 11:24:48 [/shop/shopping/load_payment_module.php] load_payment_module.php set payment data:Array
(
    [AccessID] => 311992fa0bd2d9a1343fd945b449e7ad
    [AccessPass] => 5bf52a21bd95a4354a125d53e439a2f4
    [OrderID] => 962964-15112448
    [Amount] => 4040
    [JobCd] => CAPTURE
    [action_status] => 1
    [pay_status] => 0
)
 from 126.158.53.204
2025/10/15 11:24:48 [/shop/shopping/load_payment_module.php] SendRequest:https://p01.mul-pay.jp/payment/ExecTran.idPass from 126.158.53.204
2025/10/15 11:24:48 [/shop/shopping/load_payment_module.php] Array
(
    [AccessID] => 311992fa0bd2d9a1343fd945b449e7ad
    [AccessPass] => 5bf52a21bd95a4354a125d53e439a2f4
    [OrderID] => 962964-15112448
    [Method] => 1
    [Token] => ffaf394fba79919e7c2aec2126db14a054dcde904cd04013b5d4801befb9afb5
    [ClientField1] => 
    [ClientField2] => 
    [ClientField3] => EC-CUBE4.3.35
)
 from 126.158.53.204
2025/10/15 11:24:49 [/shop/shopping/load_payment_module.php] ACS=0&OrderID=962964-15112448&Forward=2a99661&Method=1&PayTimes=&Approve=0251901&TranID=2510151124602257210134102674&TranDate=20251015112449&CheckString=73f2f9528d97b91ba14d1bfbced29c3d from 126.158.53.204
2025/10/15 11:24:49 [/shop/shopping/load_payment_module.php] Array
(
    [0] => Array
        (
            [ACS] => 0
            [OrderID] => 962964-15112448
            [Forward] => 2a99661
            [Method] => 1
            [PayTimes] => 
            [Approve] => 0251901
            [TranID] => 2510151124602257210134102674
            [TranDate] => 20251015112449
            [CheckString] => 73f2f9528d97b91ba14d1bfbced29c3d
        )

)
 from 126.158.53.204
2025/10/15 11:24:49 [/shop/shopping/load_payment_module.php] load_payment_module.php set payment data:Array
(
    [ACS] => 0
    [Forward] => 2a99661
    [Method] => 1
    [PayTimes] => 
    [Approve] => 0251901
    [TranID] => 2510151124602257210134102674
    [TranDate] => 20251015112449
    [CheckString] => 73f2f9528d97b91ba14d1bfbced29c3d
    [Amount] => 4040
    [JobCd] => CAPTURE
    [action_status] => 3
    [pay_status] => 13
)
 from 126.158.53.204
2025/10/15 11:24:49 [/shop/user_data/pg_mulpay_recv.php] ******* receiveer data start ******* from 210.175.7.20
2025/10/15 11:24:49 [/shop/user_data/pg_mulpay_recv.php] Array
(
    [ShopID] => 9000034600950
    [ShopPass] => **********
    [AccessID] => 311992fa0bd2d9a1343fd945b449e7ad
    [AccessPass] => ********************************
    [OrderID] => 962964-15112448
    [Status] => CAPTURE
    [JobCd] => CAPTURE
    [Amount] => 4040
    [Tax] => 0
    [Currency] => JPN
    [Forward] => 2a99661
    [Method] => 1
    [PayTimes] => 
    [TranID] => 2510151124602257210134102674
    [Approve] => 0251901
    [TranDate] => 20251015112449
    [ErrCode] => 
    [ErrInfo] => 
    [PayType] => 0
)
 from 210.175.7.20
2025/10/15 11:24:49 [/shop/user_data/pg_mulpay_recv.php] ******* receiveer data end ******* from 210.175.7.20
2025/10/15 11:24:54 [/shop/user_data/pg_mulpay_recv.php] update order status:1 order_id=962964 from 210.175.7.20
2025/10/15 11:24:54 [/shop/user_data/pg_mulpay_recv.php] pg_mulpay_recv.php set payment data:Array
(
    [ShopID] => 9000034600950
    [AccessID] => 311992fa0bd2d9a1343fd945b449e7ad
    [OrderID] => 962964-15112448
    [Status] => CAPTURE
    [JobCd] => CAPTURE
    [Amount] => 4040
    [Tax] => 0
    [Currency] => JPN
    [Forward] => 2a99661
    [Method] => 1
    [PayTimes] => 
    [TranID] => 2510151124602257210134102674
    [Approve] => 0251901
    [TranDate] => 20251015112449
    [ErrCode] => 
    [ErrInfo] => 
    [PayType] => 0
    [CvsCode] => 
    [CvsConfNo] => 
    [CvsReceiptNo] => 
    [EdyReceiptNo] => 
    [EdyOrderNo] => 
    [SuicaReceiptNo] => 
    [SuicaOrderNo] => 
    [CustID] => 
    [BkCode] => 
    [ConfNo] => 
    [PaymentTerm] => 
    [EncryptReceiptNo] => 
    [FinishDate] => 
    [ReceiptDate] => 
    [WebMoneyManagementNo] => 
    [WebMoneySettleCode] => 
    [AuPayInfoNo] => 
    [AuPayMethod] => 
    [AuCancelAmount] => 
    [AuCancelTax] => 
    [DocomoSettlementCode] => 
    [DocomoCancelAmount] => 
    [DocomoCancelTax] => 
    [pay_status] => 13
)
 from 210.175.7.20
2025/10/15 11:24:54 [/shop/user_data/pg_mulpay_recv.php] response:true from 210.175.7.20
2025/10/15 15:41:24 [/shop/shopping/load_payment_module.php] SendRequest:https://p01.mul-pay.jp/payment/SearchMember.idPass from 161.5.6.190
2025/10/15 15:41:24 [/shop/shopping/load_payment_module.php] Array
(
    [SiteID] => mst0000007602
    [SitePass] => ******
    [MemberID] => 10434
)
 from 161.5.6.190
2025/10/15 15:41:24 [/shop/shopping/load_payment_module.php] ErrCode=E01&ErrInfo=E01390002 from 161.5.6.190
2025/10/15 15:41:24 [/shop/shopping/load_payment_module.php] Array
(
    [0] => Array
        (
            [ErrCode] => E01
            [ErrInfo] => E01390002
        )

)
 from 161.5.6.190
2025/10/15 15:41:24 [/shop/shopping/load_payment_module.php] SendRequest:https://p01.mul-pay.jp/payment/SearchCard.idPass from 161.5.6.190
2025/10/15 15:41:24 [/shop/shopping/load_payment_module.php] Array
(
    [SiteID] => mst0000007602
    [SitePass] => ******
    [MemberID] => 10434
)
 from 161.5.6.190
2025/10/15 15:41:25 [/shop/shopping/load_payment_module.php] ErrCode=E01|E01&ErrInfo=E01390002|E01240002 from 161.5.6.190
2025/10/15 15:41:25 [/shop/shopping/load_payment_module.php] Array
(
    [0] => Array
        (
            [ErrCode] => E01
            [ErrInfo] => E01390002
        )

    [1] => Array
        (
            [ErrCode] => E01
            [ErrInfo] => E01240002
        )

)
 from 161.5.6.190
2025/10/15 15:42:53 [/shop/shopping/load_payment_module.php] SendRequest:https://p01.mul-pay.jp/payment/SearchMember.idPass from 161.5.6.190
2025/10/15 15:42:53 [/shop/shopping/load_payment_module.php] Array
(
    [SiteID] => mst0000007602
    [SitePass] => ******
    [MemberID] => 10434
)
 from 161.5.6.190
2025/10/15 15:42:53 [/shop/shopping/load_payment_module.php] ErrCode=E01&ErrInfo=E01390002 from 161.5.6.190
2025/10/15 15:42:53 [/shop/shopping/load_payment_module.php] Array
(
    [0] => Array
        (
            [ErrCode] => E01
            [ErrInfo] => E01390002
        )

)
 from 161.5.6.190
2025/10/15 15:42:53 [/shop/shopping/load_payment_module.php] SendRequest:https://p01.mul-pay.jp/payment/SearchCard.idPass from 161.5.6.190
2025/10/15 15:42:53 [/shop/shopping/load_payment_module.php] Array
(
    [SiteID] => mst0000007602
    [SitePass] => ******
    [MemberID] => 10434
)
 from 161.5.6.190
2025/10/15 15:42:53 [/shop/shopping/load_payment_module.php] ErrCode=E01|E01&ErrInfo=E01390002|E01240002 from 161.5.6.190
2025/10/15 15:42:53 [/shop/shopping/load_payment_module.php] Array
(
    [0] => Array
        (
            [ErrCode] => E01
            [ErrInfo] => E01390002
        )

    [1] => Array
        (
            [ErrCode] => E01
            [ErrInfo] => E01240002
        )

)
 from 161.5.6.190
2025/10/15 15:42:53 [/shop/shopping/load_payment_module.php] SendRequest:https://p01.mul-pay.jp/payment/EntryTran.idPass from 161.5.6.190
2025/10/15 15:42:53 [/shop/shopping/load_payment_module.php] Array
(
    [ShopID] => 9000034600950
    [ShopPass] => ******
    [OrderID] => 962965-15154253
    [JobCd] => CAPTURE
    [Amount] => 10500
    [TdFlag] => 0
    [TdTenantName] => 
)
 from 161.5.6.190
2025/10/15 15:42:53 [/shop/shopping/load_payment_module.php] AccessID=27260470f8bdf975226df4c78d7522f2&AccessPass=dea7b01e2be69153f15df5016e434c6f from 161.5.6.190
2025/10/15 15:42:53 [/shop/shopping/load_payment_module.php] Array
(
    [0] => Array
        (
            [AccessID] => 27260470f8bdf975226df4c78d7522f2
            [AccessPass] => dea7b01e2be69153f15df5016e434c6f
        )

)
 from 161.5.6.190
2025/10/15 15:42:53 [/shop/shopping/load_payment_module.php] load_payment_module.php set payment data:Array
(
    [AccessID] => 27260470f8bdf975226df4c78d7522f2
    [AccessPass] => dea7b01e2be69153f15df5016e434c6f
    [OrderID] => 962965-15154253
    [Amount] => 10500
    [JobCd] => CAPTURE
    [action_status] => 1
    [pay_status] => 0
)
 from 161.5.6.190
2025/10/15 15:42:53 [/shop/shopping/load_payment_module.php] SendRequest:https://p01.mul-pay.jp/payment/ExecTran.idPass from 161.5.6.190
2025/10/15 15:42:53 [/shop/shopping/load_payment_module.php] Array
(
    [AccessID] => 27260470f8bdf975226df4c78d7522f2
    [AccessPass] => dea7b01e2be69153f15df5016e434c6f
    [OrderID] => 962965-15154253
    [Method] => 1
    [Token] => dd951a5b606ad7902e7a9c6b7f4d330a773f4e844b6505448f82ba4b448ce53f
    [ClientField1] => 
    [ClientField2] => 
    [ClientField3] => EC-CUBE4.3.35
)
 from 161.5.6.190
2025/10/15 15:42:54 [/shop/shopping/load_payment_module.php] ACS=0&OrderID=962965-15154253&Forward=2S49631&Method=1&PayTimes=&Approve=0513326&TranID=2510151542602257210134102675&TranDate=20251015154254&CheckString=7a8e6aa4e65e7cc4c29cb1ada04afd1a from 161.5.6.190
2025/10/15 15:42:54 [/shop/shopping/load_payment_module.php] Array
(
    [0] => Array
        (
            [ACS] => 0
            [OrderID] => 962965-15154253
            [Forward] => 2S49631
            [Method] => 1
            [PayTimes] => 
            [Approve] => 0513326
            [TranID] => 2510151542602257210134102675
            [TranDate] => 20251015154254
            [CheckString] => 7a8e6aa4e65e7cc4c29cb1ada04afd1a
        )

)
 from 161.5.6.190
2025/10/15 15:42:54 [/shop/shopping/load_payment_module.php] load_payment_module.php set payment data:Array
(
    [ACS] => 0
    [Forward] => 2S49631
    [Method] => 1
    [PayTimes] => 
    [Approve] => 0513326
    [TranID] => 2510151542602257210134102675
    [TranDate] => 20251015154254
    [CheckString] => 7a8e6aa4e65e7cc4c29cb1ada04afd1a
    [Amount] => 10500
    [JobCd] => CAPTURE
    [action_status] => 3
    [pay_status] => 13
)
 from 161.5.6.190
2025/10/15 15:42:54 [/shop/user_data/pg_mulpay_recv.php] ******* receiveer data start ******* from 210.175.7.20
2025/10/15 15:42:54 [/shop/user_data/pg_mulpay_recv.php] Array
(
    [ShopID] => 9000034600950
    [ShopPass] => **********
    [AccessID] => 27260470f8bdf975226df4c78d7522f2
    [AccessPass] => ********************************
    [OrderID] => 962965-15154253
    [Status] => CAPTURE
    [JobCd] => CAPTURE
    [Amount] => 10500
    [Tax] => 0
    [Currency] => JPN
    [Forward] => 2S49631
    [Method] => 1
    [PayTimes] => 
    [TranID] => 2510151542602257210134102675
    [Approve] => 0513326
    [TranDate] => 20251015154254
    [ErrCode] => 
    [ErrInfo] => 
    [PayType] => 0
)
 from 210.175.7.20
2025/10/15 15:42:54 [/shop/user_data/pg_mulpay_recv.php] ******* receiveer data end ******* from 210.175.7.20
2025/10/15 15:42:59 [/shop/user_data/pg_mulpay_recv.php] update order status:1 order_id=962965 from 210.175.7.20
2025/10/15 15:42:59 [/shop/user_data/pg_mulpay_recv.php] pg_mulpay_recv.php set payment data:Array
(
    [ShopID] => 9000034600950
    [AccessID] => 27260470f8bdf975226df4c78d7522f2
    [OrderID] => 962965-15154253
    [Status] => CAPTURE
    [JobCd] => CAPTURE
    [Amount] => 10500
    [Tax] => 0
    [Currency] => JPN
    [Forward] => 2S49631
    [Method] => 1
    [PayTimes] => 
    [TranID] => 2510151542602257210134102675
    [Approve] => 0513326
    [TranDate] => 20251015154254
    [ErrCode] => 
    [ErrInfo] => 
    [PayType] => 0
    [CvsCode] => 
    [CvsConfNo] => 
    [CvsReceiptNo] => 
    [EdyReceiptNo] => 
    [EdyOrderNo] => 
    [SuicaReceiptNo] => 
    [SuicaOrderNo] => 
    [CustID] => 
    [BkCode] => 
    [ConfNo] => 
    [PaymentTerm] => 
    [EncryptReceiptNo] => 
    [FinishDate] => 
    [ReceiptDate] => 
    [WebMoneyManagementNo] => 
    [WebMoneySettleCode] => 
    [AuPayInfoNo] => 
    [AuPayMethod] => 
    [AuCancelAmount] => 
    [AuCancelTax] => 
    [DocomoSettlementCode] => 
    [DocomoCancelAmount] => 
    [DocomoCancelTax] => 
    [pay_status] => 13
)
 from 210.175.7.20
2025/10/15 15:42:59 [/shop/user_data/pg_mulpay_recv.php] response:true from 210.175.7.20
2025/10/15 15:45:52 [/shop/shopping/load_payment_module.php] SendRequest:https://p01.mul-pay.jp/payment/SearchMember.idPass from 133.106.162.231
2025/10/15 15:45:52 [/shop/shopping/load_payment_module.php] Array
(
    [SiteID] => mst0000007602
    [SitePass] => ******
    [MemberID] => 13476
)
 from 133.106.162.231
2025/10/15 15:45:52 [/shop/shopping/load_payment_module.php] ErrCode=E01&ErrInfo=E01390002 from 133.106.162.231
2025/10/15 15:45:52 [/shop/shopping/load_payment_module.php] Array
(
    [0] => Array
        (
            [ErrCode] => E01
            [ErrInfo] => E01390002
        )

)
 from 133.106.162.231
2025/10/15 15:45:52 [/shop/shopping/load_payment_module.php] SendRequest:https://p01.mul-pay.jp/payment/SearchCard.idPass from 133.106.162.231
2025/10/15 15:45:52 [/shop/shopping/load_payment_module.php] Array
(
    [SiteID] => mst0000007602
    [SitePass] => ******
    [MemberID] => 13476
)
 from 133.106.162.231
2025/10/15 15:45:53 [/shop/shopping/load_payment_module.php] ErrCode=E01|E01&ErrInfo=E01390002|E01240002 from 133.106.162.231
2025/10/15 15:45:53 [/shop/shopping/load_payment_module.php] Array
(
    [0] => Array
        (
            [ErrCode] => E01
            [ErrInfo] => E01390002
        )

    [1] => Array
        (
            [ErrCode] => E01
            [ErrInfo] => E01240002
        )

)
 from 133.106.162.231
2025/10/15 15:47:21 [/shop/shopping/load_payment_module.php] SendRequest:https://p01.mul-pay.jp/payment/SearchMember.idPass from 133.106.162.231
2025/10/15 15:47:21 [/shop/shopping/load_payment_module.php] Array
(
    [SiteID] => mst0000007602
    [SitePass] => ******
    [MemberID] => 13476
)
 from 133.106.162.231
2025/10/15 15:47:21 [/shop/shopping/load_payment_module.php] ErrCode=E01&ErrInfo=E01390002 from 133.106.162.231
2025/10/15 15:47:21 [/shop/shopping/load_payment_module.php] Array
(
    [0] => Array
        (
            [ErrCode] => E01
            [ErrInfo] => E01390002
        )

)
 from 133.106.162.231
2025/10/15 15:47:21 [/shop/shopping/load_payment_module.php] SendRequest:https://p01.mul-pay.jp/payment/SearchCard.idPass from 133.106.162.231
2025/10/15 15:47:21 [/shop/shopping/load_payment_module.php] Array
(
    [SiteID] => mst0000007602
    [SitePass] => ******
    [MemberID] => 13476
)
 from 133.106.162.231
2025/10/15 15:47:21 [/shop/shopping/load_payment_module.php] ErrCode=E01|E01&ErrInfo=E01390002|E01240002 from 133.106.162.231
2025/10/15 15:47:21 [/shop/shopping/load_payment_module.php] Array
(
    [0] => Array
        (
            [ErrCode] => E01
            [ErrInfo] => E01390002
        )

    [1] => Array
        (
            [ErrCode] => E01
            [ErrInfo] => E01240002
        )

)
 from 133.106.162.231
2025/10/15 15:47:21 [/shop/shopping/load_payment_module.php] SendRequest:https://p01.mul-pay.jp/payment/EntryTran.idPass from 133.106.162.231
2025/10/15 15:47:21 [/shop/shopping/load_payment_module.php] Array
(
    [ShopID] => 9000034600950
    [ShopPass] => ******
    [OrderID] => 962966-15154721
    [JobCd] => CAPTURE
    [Amount] => 8580
    [TdFlag] => 0
    [TdTenantName] => 
)
 from 133.106.162.231
2025/10/15 15:47:21 [/shop/shopping/load_payment_module.php] AccessID=662922b374b713034bdadd918374be38&AccessPass=aa00d3e0dbd147997e9b91580f3d191d from 133.106.162.231
2025/10/15 15:47:21 [/shop/shopping/load_payment_module.php] Array
(
    [0] => Array
        (
            [AccessID] => 662922b374b713034bdadd918374be38
            [AccessPass] => aa00d3e0dbd147997e9b91580f3d191d
        )

)
 from 133.106.162.231
2025/10/15 15:47:21 [/shop/shopping/load_payment_module.php] load_payment_module.php set payment data:Array
(
    [AccessID] => 662922b374b713034bdadd918374be38
    [AccessPass] => aa00d3e0dbd147997e9b91580f3d191d
    [OrderID] => 962966-15154721
    [Amount] => 8580
    [JobCd] => CAPTURE
    [action_status] => 1
    [pay_status] => 0
)
 from 133.106.162.231
2025/10/15 15:47:21 [/shop/shopping/load_payment_module.php] SendRequest:https://p01.mul-pay.jp/payment/ExecTran.idPass from 133.106.162.231
2025/10/15 15:47:21 [/shop/shopping/load_payment_module.php] Array
(
    [AccessID] => 662922b374b713034bdadd918374be38
    [AccessPass] => aa00d3e0dbd147997e9b91580f3d191d
    [OrderID] => 962966-15154721
    [Method] => 1
    [Token] => 8f01c00771bd56fe66b75a1641c5be36b4cb05682cd99621905fbf421249eb19
    [ClientField1] => 
    [ClientField2] => 
    [ClientField3] => EC-CUBE4.3.35
)
 from 133.106.162.231
2025/10/15 15:47:22 [/shop/shopping/load_payment_module.php] ACS=0&OrderID=962966-15154721&Forward=2S49631&Method=1&PayTimes=&Approve=0945986&TranID=2510151547602257210134102676&TranDate=20251015154722&CheckString=024d0f9e132cb8b073c958dedc109c51 from 133.106.162.231
2025/10/15 15:47:22 [/shop/shopping/load_payment_module.php] Array
(
    [0] => Array
        (
            [ACS] => 0
            [OrderID] => 962966-15154721
            [Forward] => 2S49631
            [Method] => 1
            [PayTimes] => 
            [Approve] => 0945986
            [TranID] => 2510151547602257210134102676
            [TranDate] => 20251015154722
            [CheckString] => 024d0f9e132cb8b073c958dedc109c51
        )

)
 from 133.106.162.231
2025/10/15 15:47:22 [/shop/shopping/load_payment_module.php] load_payment_module.php set payment data:Array
(
    [ACS] => 0
    [Forward] => 2S49631
    [Method] => 1
    [PayTimes] => 
    [Approve] => 0945986
    [TranID] => 2510151547602257210134102676
    [TranDate] => 20251015154722
    [CheckString] => 024d0f9e132cb8b073c958dedc109c51
    [Amount] => 8580
    [JobCd] => CAPTURE
    [action_status] => 3
    [pay_status] => 13
)
 from 133.106.162.231
2025/10/15 15:47:22 [/shop/user_data/pg_mulpay_recv.php] ******* receiveer data start ******* from 210.175.7.20
2025/10/15 15:47:22 [/shop/user_data/pg_mulpay_recv.php] Array
(
    [ShopID] => 9000034600950
    [ShopPass] => **********
    [AccessID] => 662922b374b713034bdadd918374be38
    [AccessPass] => ********************************
    [OrderID] => 962966-15154721
    [Status] => CAPTURE
    [JobCd] => CAPTURE
    [Amount] => 8580
    [Tax] => 0
    [Currency] => JPN
    [Forward] => 2S49631
    [Method] => 1
    [PayTimes] => 
    [TranID] => 2510151547602257210134102676
    [Approve] => 0945986
    [TranDate] => 20251015154722
    [ErrCode] => 
    [ErrInfo] => 
    [PayType] => 0
)
 from 210.175.7.20
2025/10/15 15:47:22 [/shop/user_data/pg_mulpay_recv.php] ******* receiveer data end ******* from 210.175.7.20
2025/10/15 15:47:27 [/shop/user_data/pg_mulpay_recv.php] update order status:1 order_id=962966 from 210.175.7.20
2025/10/15 15:47:27 [/shop/user_data/pg_mulpay_recv.php] pg_mulpay_recv.php set payment data:Array
(
    [ShopID] => 9000034600950
    [AccessID] => 662922b374b713034bdadd918374be38
    [OrderID] => 962966-15154721
    [Status] => CAPTURE
    [JobCd] => CAPTURE
    [Amount] => 8580
    [Tax] => 0
    [Currency] => JPN
    [Forward] => 2S49631
    [Method] => 1
    [PayTimes] => 
    [TranID] => 2510151547602257210134102676
    [Approve] => 0945986
    [TranDate] => 20251015154722
    [ErrCode] => 
    [ErrInfo] => 
    [PayType] => 0
    [CvsCode] => 
    [CvsConfNo] => 
    [CvsReceiptNo] => 
    [EdyReceiptNo] => 
    [EdyOrderNo] => 
    [SuicaReceiptNo] => 
    [SuicaOrderNo] => 
    [CustID] => 
    [BkCode] => 
    [ConfNo] => 
    [PaymentTerm] => 
    [EncryptReceiptNo] => 
    [FinishDate] => 
    [ReceiptDate] => 
    [WebMoneyManagementNo] => 
    [WebMoneySettleCode] => 
    [AuPayInfoNo] => 
    [AuPayMethod] => 
    [AuCancelAmount] => 
    [AuCancelTax] => 
    [DocomoSettlementCode] => 
    [DocomoCancelAmount] => 
    [DocomoCancelTax] => 
    [pay_status] => 13
)
 from 210.175.7.20
2025/10/15 15:47:27 [/shop/user_data/pg_mulpay_recv.php] response:true from 210.175.7.20
2025/10/15 16:47:12 [/shop/shopping/load_payment_module.php] SendRequest:https://p01.mul-pay.jp/payment/SearchMember.idPass from 82.76.234.240
2025/10/15 16:47:12 [/shop/shopping/load_payment_module.php] Array
(
    [SiteID] => mst0000007602
    [SitePass] => ******
    [MemberID] => 11798
)
 from 82.76.234.240
2025/10/15 16:47:12 [/shop/shopping/load_payment_module.php] ErrCode=E01&ErrInfo=E01390002 from 82.76.234.240
2025/10/15 16:47:12 [/shop/shopping/load_payment_module.php] Array
(
    [0] => Array
        (
            [ErrCode] => E01
            [ErrInfo] => E01390002
        )

)
 from 82.76.234.240
2025/10/15 16:47:12 [/shop/shopping/load_payment_module.php] SendRequest:https://p01.mul-pay.jp/payment/SearchCard.idPass from 82.76.234.240
2025/10/15 16:47:12 [/shop/shopping/load_payment_module.php] Array
(
    [SiteID] => mst0000007602
    [SitePass] => ******
    [MemberID] => 11798
)
 from 82.76.234.240
2025/10/15 16:47:12 [/shop/shopping/load_payment_module.php] ErrCode=E01|E01&ErrInfo=E01390002|E01240002 from 82.76.234.240
2025/10/15 16:47:12 [/shop/shopping/load_payment_module.php] Array
(
    [0] => Array
        (
            [ErrCode] => E01
            [ErrInfo] => E01390002
        )

    [1] => Array
        (
            [ErrCode] => E01
            [ErrInfo] => E01240002
        )

)
 from 82.76.234.240
2025/10/15 16:47:27 [/shop/shopping/load_payment_module.php] SendRequest:https://p01.mul-pay.jp/payment/SearchMember.idPass from 82.76.234.240
2025/10/15 16:47:27 [/shop/shopping/load_payment_module.php] Array
(
    [SiteID] => mst0000007602
    [SitePass] => ******
    [MemberID] => 11798
)
 from 82.76.234.240
2025/10/15 16:47:27 [/shop/shopping/load_payment_module.php] ErrCode=E01&ErrInfo=E01390002 from 82.76.234.240
2025/10/15 16:47:27 [/shop/shopping/load_payment_module.php] Array
(
    [0] => Array
        (
            [ErrCode] => E01
            [ErrInfo] => E01390002
        )

)
 from 82.76.234.240
2025/10/15 16:47:27 [/shop/shopping/load_payment_module.php] SendRequest:https://p01.mul-pay.jp/payment/SearchCard.idPass from 82.76.234.240
2025/10/15 16:47:27 [/shop/shopping/load_payment_module.php] Array
(
    [SiteID] => mst0000007602
    [SitePass] => ******
    [MemberID] => 11798
)
 from 82.76.234.240
2025/10/15 16:47:27 [/shop/shopping/load_payment_module.php] ErrCode=E01|E01&ErrInfo=E01390002|E01240002 from 82.76.234.240
2025/10/15 16:47:27 [/shop/shopping/load_payment_module.php] Array
(
    [0] => Array
        (
            [ErrCode] => E01
            [ErrInfo] => E01390002
        )

    [1] => Array
        (
            [ErrCode] => E01
            [ErrInfo] => E01240002
        )

)
 from 82.76.234.240
2025/10/15 16:47:27 [/shop/shopping/load_payment_module.php] SendRequest:https://p01.mul-pay.jp/payment/EntryTran.idPass from 82.76.234.240
2025/10/15 16:47:27 [/shop/shopping/load_payment_module.php] Array
(
    [ShopID] => 9000034600950
    [ShopPass] => ******
    [OrderID] => 962967-15164727
    [JobCd] => CAPTURE
    [Amount] => 9550
    [TdFlag] => 0
    [TdTenantName] => 
)
 from 82.76.234.240
2025/10/15 16:47:27 [/shop/shopping/load_payment_module.php] AccessID=9b55a2f1f563247f29d218f5d1a90bdb&AccessPass=736ffa8c4dda77afd3685a790153c7ee from 82.76.234.240
2025/10/15 16:47:27 [/shop/shopping/load_payment_module.php] Array
(
    [0] => Array
        (
            [AccessID] => 9b55a2f1f563247f29d218f5d1a90bdb
            [AccessPass] => 736ffa8c4dda77afd3685a790153c7ee
        )

)
 from 82.76.234.240
2025/10/15 16:47:27 [/shop/shopping/load_payment_module.php] load_payment_module.php set payment data:Array
(
    [AccessID] => 9b55a2f1f563247f29d218f5d1a90bdb
    [AccessPass] => 736ffa8c4dda77afd3685a790153c7ee
    [OrderID] => 962967-15164727
    [Amount] => 9550
    [JobCd] => CAPTURE
    [action_status] => 1
    [pay_status] => 0
)
 from 82.76.234.240
2025/10/15 16:47:27 [/shop/shopping/load_payment_module.php] SendRequest:https://p01.mul-pay.jp/payment/ExecTran.idPass from 82.76.234.240
2025/10/15 16:47:27 [/shop/shopping/load_payment_module.php] Array
(
    [AccessID] => 9b55a2f1f563247f29d218f5d1a90bdb
    [AccessPass] => 736ffa8c4dda77afd3685a790153c7ee
    [OrderID] => 962967-15164727
    [Method] => 1
    [Token] => c7efde055bc860ee6fefc6e730900cb2d56602c6038a55ae5091714a6d1edaed
    [ClientField1] => 
    [ClientField2] => 
    [ClientField3] => EC-CUBE4.3.35
)
 from 82.76.234.240
2025/10/15 16:47:28 [/shop/shopping/load_payment_module.php] ACS=0&OrderID=962967-15164727&Forward=2959876&Method=1&PayTimes=&Approve=0052712&TranID=2510151647602257210134102677&TranDate=20251015164728&CheckString=d74163845f342fe62db0a4006e2c5729 from 82.76.234.240
2025/10/15 16:47:28 [/shop/shopping/load_payment_module.php] Array
(
    [0] => Array
        (
            [ACS] => 0
            [OrderID] => 962967-15164727
            [Forward] => 2959876
            [Method] => 1
            [PayTimes] => 
            [Approve] => 0052712
            [TranID] => 2510151647602257210134102677
            [TranDate] => 20251015164728
            [CheckString] => d74163845f342fe62db0a4006e2c5729
        )

)
 from 82.76.234.240
2025/10/15 16:47:28 [/shop/shopping/load_payment_module.php] load_payment_module.php set payment data:Array
(
    [ACS] => 0
    [Forward] => 2959876
    [Method] => 1
    [PayTimes] => 
    [Approve] => 0052712
    [TranID] => 2510151647602257210134102677
    [TranDate] => 20251015164728
    [CheckString] => d74163845f342fe62db0a4006e2c5729
    [Amount] => 9550
    [JobCd] => CAPTURE
    [action_status] => 3
    [pay_status] => 13
)
 from 82.76.234.240
2025/10/15 16:47:28 [/shop/user_data/pg_mulpay_recv.php] ******* receiveer data start ******* from 210.175.7.20
2025/10/15 16:47:28 [/shop/user_data/pg_mulpay_recv.php] Array
(
    [ShopID] => 9000034600950
    [ShopPass] => **********
    [AccessID] => 9b55a2f1f563247f29d218f5d1a90bdb
    [AccessPass] => ********************************
    [OrderID] => 962967-15164727
    [Status] => CAPTURE
    [JobCd] => CAPTURE
    [Amount] => 9550
    [Tax] => 0
    [Currency] => JPN
    [Forward] => 2959876
    [Method] => 1
    [PayTimes] => 
    [TranID] => 2510151647602257210134102677
    [Approve] => 0052712
    [TranDate] => 20251015164728
    [ErrCode] => 
    [ErrInfo] => 
    [PayType] => 0
)
 from 210.175.7.20
2025/10/15 16:47:28 [/shop/user_data/pg_mulpay_recv.php] ******* receiveer data end ******* from 210.175.7.20
2025/10/15 16:47:33 [/shop/user_data/pg_mulpay_recv.php] update order status:1 order_id=962967 from 210.175.7.20
2025/10/15 16:47:33 [/shop/user_data/pg_mulpay_recv.php] pg_mulpay_recv.php set payment data:Array
(
    [ShopID] => 9000034600950
    [AccessID] => 9b55a2f1f563247f29d218f5d1a90bdb
    [OrderID] => 962967-15164727
    [Status] => CAPTURE
    [JobCd] => CAPTURE
    [Amount] => 9550
    [Tax] => 0
    [Currency] => JPN
    [Forward] => 2959876
    [Method] => 1
    [PayTimes] => 
    [TranID] => 2510151647602257210134102677
    [Approve] => 0052712
    [TranDate] => 20251015164728
    [ErrCode] => 
    [ErrInfo] => 
    [PayType] => 0
    [CvsCode] => 
    [CvsConfNo] => 
    [CvsReceiptNo] => 
    [EdyReceiptNo] => 
    [EdyOrderNo] => 
    [SuicaReceiptNo] => 
    [SuicaOrderNo] => 
    [CustID] => 
    [BkCode] => 
    [ConfNo] => 
    [PaymentTerm] => 
    [EncryptReceiptNo] => 
    [FinishDate] => 
    [ReceiptDate] => 
    [WebMoneyManagementNo] => 
    [WebMoneySettleCode] => 
    [AuPayInfoNo] => 
    [AuPayMethod] => 
    [AuCancelAmount] => 
    [AuCancelTax] => 
    [DocomoSettlementCode] => 
    [DocomoCancelAmount] => 
    [DocomoCancelTax] => 
    [pay_status] => 13
)
 from 210.175.7.20
2025/10/15 16:47:33 [/shop/user_data/pg_mulpay_recv.php] response:true from 210.175.7.20
2025/10/15 21:25:35 [/shop/shopping/load_payment_module.php] SendRequest:https://p01.mul-pay.jp/payment/SearchMember.idPass from 194.39.44.71
2025/10/15 21:25:35 [/shop/shopping/load_payment_module.php] Array
(
    [SiteID] => mst0000007602
    [SitePass] => ******
    [MemberID] => 12966
)
 from 194.39.44.71
2025/10/15 21:25:36 [/shop/shopping/load_payment_module.php] ErrCode=E01&ErrInfo=E01390002 from 194.39.44.71
2025/10/15 21:25:36 [/shop/shopping/load_payment_module.php] Array
(
    [0] => Array
        (
            [ErrCode] => E01
            [ErrInfo] => E01390002
        )

)
 from 194.39.44.71
2025/10/15 21:25:36 [/shop/shopping/load_payment_module.php] SendRequest:https://p01.mul-pay.jp/payment/SearchCard.idPass from 194.39.44.71
2025/10/15 21:25:36 [/shop/shopping/load_payment_module.php] Array
(
    [SiteID] => mst0000007602
    [SitePass] => ******
    [MemberID] => 12966
)
 from 194.39.44.71
2025/10/15 21:25:36 [/shop/shopping/load_payment_module.php] ErrCode=E01|E01&ErrInfo=E01390002|E01240002 from 194.39.44.71
2025/10/15 21:25:36 [/shop/shopping/load_payment_module.php] Array
(
    [0] => Array
        (
            [ErrCode] => E01
            [ErrInfo] => E01390002
        )

    [1] => Array
        (
            [ErrCode] => E01
            [ErrInfo] => E01240002
        )

)
 from 194.39.44.71
2025/10/15 21:27:19 [/shop/shopping/load_payment_module.php] SendRequest:https://p01.mul-pay.jp/payment/SearchMember.idPass from 194.39.44.71
2025/10/15 21:27:19 [/shop/shopping/load_payment_module.php] Array
(
    [SiteID] => mst0000007602
    [SitePass] => ******
    [MemberID] => 12966
)
 from 194.39.44.71
2025/10/15 21:27:19 [/shop/shopping/load_payment_module.php] ErrCode=E01&ErrInfo=E01390002 from 194.39.44.71
2025/10/15 21:27:19 [/shop/shopping/load_payment_module.php] Array
(
    [0] => Array
        (
            [ErrCode] => E01
            [ErrInfo] => E01390002
        )

)
 from 194.39.44.71
2025/10/15 21:27:19 [/shop/shopping/load_payment_module.php] SendRequest:https://p01.mul-pay.jp/payment/SearchCard.idPass from 194.39.44.71
2025/10/15 21:27:19 [/shop/shopping/load_payment_module.php] Array
(
    [SiteID] => mst0000007602
    [SitePass] => ******
    [MemberID] => 12966
)
 from 194.39.44.71
2025/10/15 21:27:19 [/shop/shopping/load_payment_module.php] ErrCode=E01|E01&ErrInfo=E01390002|E01240002 from 194.39.44.71
2025/10/15 21:27:19 [/shop/shopping/load_payment_module.php] Array
(
    [0] => Array
        (
            [ErrCode] => E01
            [ErrInfo] => E01390002
        )

    [1] => Array
        (
            [ErrCode] => E01
            [ErrInfo] => E01240002
        )

)
 from 194.39.44.71
2025/10/15 21:27:19 [/shop/shopping/load_payment_module.php] SendRequest:https://p01.mul-pay.jp/payment/EntryTran.idPass from 194.39.44.71
2025/10/15 21:27:19 [/shop/shopping/load_payment_module.php] Array
(
    [ShopID] => 9000034600950
    [ShopPass] => ******
    [OrderID] => 962968-15212719
    [JobCd] => CAPTURE
    [Amount] => 7660
    [TdFlag] => 0
    [TdTenantName] => 
)
 from 194.39.44.71
2025/10/15 21:27:19 [/shop/shopping/load_payment_module.php] AccessID=5979f7029d419e4b064128fa0860fef1&AccessPass=117fd269b7bec0f6bc1a6a831982ce1a from 194.39.44.71
2025/10/15 21:27:19 [/shop/shopping/load_payment_module.php] Array
(
    [0] => Array
        (
            [AccessID] => 5979f7029d419e4b064128fa0860fef1
            [AccessPass] => 117fd269b7bec0f6bc1a6a831982ce1a
        )

)
 from 194.39.44.71
2025/10/15 21:27:19 [/shop/shopping/load_payment_module.php] load_payment_module.php set payment data:Array
(
    [AccessID] => 5979f7029d419e4b064128fa0860fef1
    [AccessPass] => 117fd269b7bec0f6bc1a6a831982ce1a
    [OrderID] => 962968-15212719
    [Amount] => 7660
    [JobCd] => CAPTURE
    [action_status] => 1
    [pay_status] => 0
)
 from 194.39.44.71
2025/10/15 21:27:19 [/shop/shopping/load_payment_module.php] SendRequest:https://p01.mul-pay.jp/payment/ExecTran.idPass from 194.39.44.71
2025/10/15 21:27:19 [/shop/shopping/load_payment_module.php] Array
(
    [AccessID] => 5979f7029d419e4b064128fa0860fef1
    [AccessPass] => 117fd269b7bec0f6bc1a6a831982ce1a
    [OrderID] => 962968-15212719
    [Method] => 1
    [Token] => 111c89395884d5380776316b8e27274529163dc7d5eb64217f99b46087b03f61
    [ClientField1] => 
    [ClientField2] => 
    [ClientField3] => EC-CUBE4.3.35
)
 from 194.39.44.71
2025/10/15 21:27:20 [/shop/shopping/load_payment_module.php] ACS=0&OrderID=962968-15212719&Forward=2959876&Method=1&PayTimes=&Approve=0945843&TranID=2510152127602257210134102678&TranDate=20251015212720&CheckString=26e22fd967b570b0628806b1e626544d from 194.39.44.71
2025/10/15 21:27:20 [/shop/shopping/load_payment_module.php] Array
(
    [0] => Array
        (
            [ACS] => 0
            [OrderID] => 962968-15212719
            [Forward] => 2959876
            [Method] => 1
            [PayTimes] => 
            [Approve] => 0945843
            [TranID] => 2510152127602257210134102678
            [TranDate] => 20251015212720
            [CheckString] => 26e22fd967b570b0628806b1e626544d
        )

)
 from 194.39.44.71
2025/10/15 21:27:20 [/shop/shopping/load_payment_module.php] load_payment_module.php set payment data:Array
(
    [ACS] => 0
    [Forward] => 2959876
    [Method] => 1
    [PayTimes] => 
    [Approve] => 0945843
    [TranID] => 2510152127602257210134102678
    [TranDate] => 20251015212720
    [CheckString] => 26e22fd967b570b0628806b1e626544d
    [Amount] => 7660
    [JobCd] => CAPTURE
    [action_status] => 3
    [pay_status] => 13
)
 from 194.39.44.71
2025/10/15 21:27:21 [/shop/user_data/pg_mulpay_recv.php] ******* receiveer data start ******* from 210.175.7.20
2025/10/15 21:27:21 [/shop/user_data/pg_mulpay_recv.php] Array
(
    [ShopID] => 9000034600950
    [ShopPass] => **********
    [AccessID] => 5979f7029d419e4b064128fa0860fef1
    [AccessPass] => ********************************
    [OrderID] => 962968-15212719
    [Status] => CAPTURE
    [JobCd] => CAPTURE
    [Amount] => 7660
    [Tax] => 0
    [Currency] => JPN
    [Forward] => 2959876
    [Method] => 1
    [PayTimes] => 
    [TranID] => 2510152127602257210134102678
    [Approve] => 0945843
    [TranDate] => 20251015212720
    [ErrCode] => 
    [ErrInfo] => 
    [PayType] => 0
)
 from 210.175.7.20
2025/10/15 21:27:21 [/shop/user_data/pg_mulpay_recv.php] ******* receiveer data end ******* from 210.175.7.20
2025/10/15 21:27:26 [/shop/user_data/pg_mulpay_recv.php] update order status:1 order_id=962968 from 210.175.7.20
2025/10/15 21:27:26 [/shop/user_data/pg_mulpay_recv.php] pg_mulpay_recv.php set payment data:Array
(
    [ShopID] => 9000034600950
    [AccessID] => 5979f7029d419e4b064128fa0860fef1
    [OrderID] => 962968-15212719
    [Status] => CAPTURE
    [JobCd] => CAPTURE
    [Amount] => 7660
    [Tax] => 0
    [Currency] => JPN
    [Forward] => 2959876
    [Method] => 1
    [PayTimes] => 
    [TranID] => 2510152127602257210134102678
    [Approve] => 0945843
    [TranDate] => 20251015212720
    [ErrCode] => 
    [ErrInfo] => 
    [PayType] => 0
    [CvsCode] => 
    [CvsConfNo] => 
    [CvsReceiptNo] => 
    [EdyReceiptNo] => 
    [EdyOrderNo] => 
    [SuicaReceiptNo] => 
    [SuicaOrderNo] => 
    [CustID] => 
    [BkCode] => 
    [ConfNo] => 
    [PaymentTerm] => 
    [EncryptReceiptNo] => 
    [FinishDate] => 
    [ReceiptDate] => 
    [WebMoneyManagementNo] => 
    [WebMoneySettleCode] => 
    [AuPayInfoNo] => 
    [AuPayMethod] => 
    [AuCancelAmount] => 
    [AuCancelTax] => 
    [DocomoSettlementCode] => 
    [DocomoCancelAmount] => 
    [DocomoCancelTax] => 
    [pay_status] => 13
)
 from 210.175.7.20
2025/10/15 21:27:26 [/shop/user_data/pg_mulpay_recv.php] response:true from 210.175.7.20
2025/10/15 21:43:43 [/shop/shopping/load_payment_module.php] SendRequest:https://p01.mul-pay.jp/payment/SearchMember.idPass from 165.225.219.34
2025/10/15 21:43:43 [/shop/shopping/load_payment_module.php] Array
(
    [SiteID] => mst0000007602
    [SitePass] => ******
    [MemberID] => 13385
)
 from 165.225.219.34
2025/10/15 21:43:43 [/shop/shopping/load_payment_module.php] ErrCode=E01&ErrInfo=E01390002 from 165.225.219.34
2025/10/15 21:43:43 [/shop/shopping/load_payment_module.php] Array
(
    [0] => Array
        (
            [ErrCode] => E01
            [ErrInfo] => E01390002
        )

)
 from 165.225.219.34
2025/10/15 21:43:43 [/shop/shopping/load_payment_module.php] SendRequest:https://p01.mul-pay.jp/payment/SearchCard.idPass from 165.225.219.34
2025/10/15 21:43:43 [/shop/shopping/load_payment_module.php] Array
(
    [SiteID] => mst0000007602
    [SitePass] => ******
    [MemberID] => 13385
)
 from 165.225.219.34
2025/10/15 21:43:43 [/shop/shopping/load_payment_module.php] ErrCode=E01|E01&ErrInfo=E01390002|E01240002 from 165.225.219.34
2025/10/15 21:43:43 [/shop/shopping/load_payment_module.php] Array
(
    [0] => Array
        (
            [ErrCode] => E01
            [ErrInfo] => E01390002
        )

    [1] => Array
        (
            [ErrCode] => E01
            [ErrInfo] => E01240002
        )

)
 from 165.225.219.34
