2021/12/07 06:58:02 [/shop/shopping/load_payment_module.php] SendRequest:https://p01.mul-pay.jp/payment/SearchMember.idPass from 106.163.65.77
2021/12/07 06:58:02 [/shop/shopping/load_payment_module.php] Array
(
    [SiteID] => mst0000007602
    [SitePass] => ******
    [MemberID] => 10558
)
 from 106.163.65.77
2021/12/07 06:58:02 [/shop/shopping/load_payment_module.php] ErrCode=E01&ErrInfo=E01390002 from 106.163.65.77
2021/12/07 06:58:02 [/shop/shopping/load_payment_module.php] Array
(
    [0] => Array
        (
            [ErrCode] => E01
            [ErrInfo] => E01390002
        )

)
 from 106.163.65.77
2021/12/07 06:58:02 [/shop/shopping/load_payment_module.php] SendRequest:https://p01.mul-pay.jp/payment/SearchCard.idPass from 106.163.65.77
2021/12/07 06:58:02 [/shop/shopping/load_payment_module.php] Array
(
    [SiteID] => mst0000007602
    [SitePass] => ******
    [MemberID] => 10558
)
 from 106.163.65.77
2021/12/07 06:58:02 [/shop/shopping/load_payment_module.php] ErrCode=E01|E01&ErrInfo=E01390002|E01240002 from 106.163.65.77
2021/12/07 06:58:02 [/shop/shopping/load_payment_module.php] Array
(
    [0] => Array
        (
            [ErrCode] => E01
            [ErrInfo] => E01390002
        )

    [1] => Array
        (
            [ErrCode] => E01
            [ErrInfo] => E01240002
        )

)
 from 106.163.65.77
2021/12/07 07:00:45 [/shop/shopping/load_payment_module.php] SendRequest:https://p01.mul-pay.jp/payment/SearchMember.idPass from 106.163.65.77
2021/12/07 07:00:45 [/shop/shopping/load_payment_module.php] Array
(
    [SiteID] => mst0000007602
    [SitePass] => ******
    [MemberID] => 10558
)
 from 106.163.65.77
2021/12/07 07:00:45 [/shop/shopping/load_payment_module.php] ErrCode=E01&ErrInfo=E01390002 from 106.163.65.77
2021/12/07 07:00:45 [/shop/shopping/load_payment_module.php] Array
(
    [0] => Array
        (
            [ErrCode] => E01
            [ErrInfo] => E01390002
        )

)
 from 106.163.65.77
2021/12/07 07:00:45 [/shop/shopping/load_payment_module.php] SendRequest:https://p01.mul-pay.jp/payment/SearchCard.idPass from 106.163.65.77
2021/12/07 07:00:45 [/shop/shopping/load_payment_module.php] Array
(
    [SiteID] => mst0000007602
    [SitePass] => ******
    [MemberID] => 10558
)
 from 106.163.65.77
2021/12/07 07:00:45 [/shop/shopping/load_payment_module.php] ErrCode=E01|E01&ErrInfo=E01390002|E01240002 from 106.163.65.77
2021/12/07 07:00:45 [/shop/shopping/load_payment_module.php] Array
(
    [0] => Array
        (
            [ErrCode] => E01
            [ErrInfo] => E01390002
        )

    [1] => Array
        (
            [ErrCode] => E01
            [ErrInfo] => E01240002
        )

)
 from 106.163.65.77
2021/12/07 07:00:45 [/shop/shopping/load_payment_module.php] SendRequest:https://p01.mul-pay.jp/payment/EntryTran.idPass from 106.163.65.77
2021/12/07 07:00:45 [/shop/shopping/load_payment_module.php] Array
(
    [ShopID] => 9000034600950
    [ShopPass] => ******
    [OrderID] => 946071-07070045
    [JobCd] => CAPTURE
    [Amount] => 13415
    [TdFlag] => 0
    [TdTenantName] => 
)
 from 106.163.65.77
2021/12/07 07:00:45 [/shop/shopping/load_payment_module.php] AccessID=41deb466e6647c1c5bdcb5b0d2dde3ae&AccessPass=14a21cfc9cceb5f31f618ce6e88adea3 from 106.163.65.77
2021/12/07 07:00:45 [/shop/shopping/load_payment_module.php] Array
(
    [0] => Array
        (
            [AccessID] => 41deb466e6647c1c5bdcb5b0d2dde3ae
            [AccessPass] => 14a21cfc9cceb5f31f618ce6e88adea3
        )

)
 from 106.163.65.77
2021/12/07 07:00:45 [/shop/shopping/load_payment_module.php] load_payment_module.php set payment data:Array
(
    [AccessID] => 41deb466e6647c1c5bdcb5b0d2dde3ae
    [AccessPass] => 14a21cfc9cceb5f31f618ce6e88adea3
    [OrderID] => 946071-07070045
    [Amount] => 13415
    [JobCd] => CAPTURE
    [action_status] => 1
    [pay_status] => 0
)
 from 106.163.65.77
2021/12/07 07:00:45 [/shop/shopping/load_payment_module.php] SendRequest:https://p01.mul-pay.jp/payment/ExecTran.idPass from 106.163.65.77
2021/12/07 07:00:45 [/shop/shopping/load_payment_module.php] Array
(
    [AccessID] => 41deb466e6647c1c5bdcb5b0d2dde3ae
    [AccessPass] => 14a21cfc9cceb5f31f618ce6e88adea3
    [OrderID] => 946071-07070045
    [Method] => 1
    [Token] => 3bfd3df6ca33d5d88036ffae559be59d16770233562154dec0d6425e9265933e
    [ClientField1] => 
    [ClientField2] => 
    [ClientField3] => EC-CUBE4.3.35
)
 from 106.163.65.77
2021/12/07 07:00:46 [/shop/shopping/load_payment_module.php] ACS=0&OrderID=946071-07070045&Forward=2S49631&Method=1&PayTimes=&Approve=0001827&TranID=2112070700602257210134100603&TranDate=20211207070046&CheckString=05fc2dbc8ac99e3473379a32c95de7a3 from 106.163.65.77
2021/12/07 07:00:46 [/shop/shopping/load_payment_module.php] Array
(
    [0] => Array
        (
            [ACS] => 0
            [OrderID] => 946071-07070045
            [Forward] => 2S49631
            [Method] => 1
            [PayTimes] => 
            [Approve] => 0001827
            [TranID] => 2112070700602257210134100603
            [TranDate] => 20211207070046
            [CheckString] => 05fc2dbc8ac99e3473379a32c95de7a3
        )

)
 from 106.163.65.77
2021/12/07 07:00:46 [/shop/shopping/load_payment_module.php] load_payment_module.php set payment data:Array
(
    [ACS] => 0
    [Forward] => 2S49631
    [Method] => 1
    [PayTimes] => 
    [Approve] => 0001827
    [TranID] => 2112070700602257210134100603
    [TranDate] => 20211207070046
    [CheckString] => 05fc2dbc8ac99e3473379a32c95de7a3
    [Amount] => 13415
    [JobCd] => CAPTURE
    [action_status] => 3
    [pay_status] => 13
)
 from 106.163.65.77
2021/12/07 07:00:46 [/shop/user_data/pg_mulpay_recv.php] ******* receiveer data start ******* from 210.175.7.20
2021/12/07 07:00:46 [/shop/user_data/pg_mulpay_recv.php] Array
(
    [ShopID] => 9000034600950
    [ShopPass] => **********
    [AccessID] => 41deb466e6647c1c5bdcb5b0d2dde3ae
    [AccessPass] => ********************************
    [OrderID] => 946071-07070045
    [Status] => CAPTURE
    [JobCd] => CAPTURE
    [Amount] => 13415
    [Tax] => 0
    [Currency] => JPN
    [Forward] => 2S49631
    [Method] => 1
    [PayTimes] => 
    [TranID] => 2112070700602257210134100603
    [Approve] => 0001827
    [TranDate] => 20211207070046
    [ErrCode] => 
    [ErrInfo] => 
    [PayType] => 0
)
 from 210.175.7.20
2021/12/07 07:00:46 [/shop/user_data/pg_mulpay_recv.php] ******* receiveer data end ******* from 210.175.7.20
2021/12/07 07:00:51 [/shop/user_data/pg_mulpay_recv.php] update order status:1 order_id=946071 from 210.175.7.20
2021/12/07 07:00:51 [/shop/user_data/pg_mulpay_recv.php] pg_mulpay_recv.php set payment data:Array
(
    [ShopID] => 9000034600950
    [AccessID] => 41deb466e6647c1c5bdcb5b0d2dde3ae
    [OrderID] => 946071-07070045
    [Status] => CAPTURE
    [JobCd] => CAPTURE
    [Amount] => 13415
    [Tax] => 0
    [Currency] => JPN
    [Forward] => 2S49631
    [Method] => 1
    [PayTimes] => 
    [TranID] => 2112070700602257210134100603
    [Approve] => 0001827
    [TranDate] => 20211207070046
    [ErrCode] => 
    [ErrInfo] => 
    [PayType] => 0
    [CvsCode] => 
    [CvsConfNo] => 
    [CvsReceiptNo] => 
    [EdyReceiptNo] => 
    [EdyOrderNo] => 
    [SuicaReceiptNo] => 
    [SuicaOrderNo] => 
    [CustID] => 
    [BkCode] => 
    [ConfNo] => 
    [PaymentTerm] => 
    [EncryptReceiptNo] => 
    [FinishDate] => 
    [ReceiptDate] => 
    [WebMoneyManagementNo] => 
    [WebMoneySettleCode] => 
    [AuPayInfoNo] => 
    [AuPayMethod] => 
    [AuCancelAmount] => 
    [AuCancelTax] => 
    [DocomoSettlementCode] => 
    [DocomoCancelAmount] => 
    [DocomoCancelTax] => 
    [pay_status] => 13
)
 from 210.175.7.20
2021/12/07 07:00:51 [/shop/user_data/pg_mulpay_recv.php] response:true from 210.175.7.20
2021/12/07 21:03:29 [/shop/shopping/load_payment_module.php] SendRequest:https://p01.mul-pay.jp/payment/EntryTran.idPass from 153.242.131.1
2021/12/07 21:03:29 [/shop/shopping/load_payment_module.php] Array
(
    [ShopID] => 9000034600950
    [ShopPass] => ******
    [OrderID] => 946072-07210329
    [JobCd] => CAPTURE
    [Amount] => 5850
    [TdFlag] => 0
    [TdTenantName] => 
)
 from 153.242.131.1
2021/12/07 21:03:29 [/shop/shopping/load_payment_module.php] AccessID=b2e746e756f12865e4330dc93fa243ba&AccessPass=9b5b9bbb1e0a2ad5a284f843bf1a4f1d from 153.242.131.1
2021/12/07 21:03:29 [/shop/shopping/load_payment_module.php] Array
(
    [0] => Array
        (
            [AccessID] => b2e746e756f12865e4330dc93fa243ba
            [AccessPass] => 9b5b9bbb1e0a2ad5a284f843bf1a4f1d
        )

)
 from 153.242.131.1
2021/12/07 21:03:29 [/shop/shopping/load_payment_module.php] load_payment_module.php set payment data:Array
(
    [AccessID] => b2e746e756f12865e4330dc93fa243ba
    [AccessPass] => 9b5b9bbb1e0a2ad5a284f843bf1a4f1d
    [OrderID] => 946072-07210329
    [Amount] => 5850
    [JobCd] => CAPTURE
    [action_status] => 1
    [pay_status] => 0
)
 from 153.242.131.1
2021/12/07 21:03:29 [/shop/shopping/load_payment_module.php] SendRequest:https://p01.mul-pay.jp/payment/ExecTran.idPass from 153.242.131.1
2021/12/07 21:03:29 [/shop/shopping/load_payment_module.php] Array
(
    [AccessID] => b2e746e756f12865e4330dc93fa243ba
    [AccessPass] => 9b5b9bbb1e0a2ad5a284f843bf1a4f1d
    [OrderID] => 946072-07210329
    [Method] => 1
    [Token] => b2798b06f7ae1bdfa8d2c5a177fd9d375c51b33aa1ca124d8e2eab5f34c94967
    [ClientField1] => 
    [ClientField2] => 
    [ClientField3] => EC-CUBE4.3.35
)
 from 153.242.131.1
2021/12/07 21:03:30 [/shop/shopping/load_payment_module.php] ErrCode=G12&ErrInfo=42G120000 from 153.242.131.1
2021/12/07 21:03:30 [/shop/shopping/load_payment_module.php] Array
(
    [0] => Array
        (
            [ErrCode] => G12
            [ErrInfo] => 42G120000
        )

)
 from 153.242.131.1
2021/12/07 21:03:30 [/shop/shopping/load_payment_module.php] load_payment_module.php set payment data:Array
(
    [request_error] => Array
        (
            [0] => このカードでは取引をする事が出来ません。 (G12-42G120000)
        )

    [Amount] => 5850
    [JobCd] => CAPTURE
    [action_status] => 3
)
 from 153.242.131.1
2021/12/07 21:03:30 [/shop/user_data/pg_mulpay_recv.php] ******* receiveer data start ******* from 210.175.7.20
2021/12/07 21:03:30 [/shop/user_data/pg_mulpay_recv.php] Array
(
    [ShopID] => 9000034600950
    [ShopPass] => **********
    [AccessID] => b2e746e756f12865e4330dc93fa243ba
    [AccessPass] => ********************************
    [OrderID] => 946072-07210329
    [Status] => UNPROCESSED
    [JobCd] => CAPTURE
    [Amount] => 5850
    [Tax] => 0
    [Currency] => JPN
    [Forward] => 2S49631
    [Method] => 1
    [PayTimes] => 
    [TranID] => 2112072103602257210134170003
    [Approve] =>        
    [TranDate] => 20211207210330
    [ErrCode] => G12
    [ErrInfo] => 42G120000
    [PayType] => 0
)
 from 210.175.7.20
2021/12/07 21:03:30 [/shop/user_data/pg_mulpay_recv.php] ******* receiveer data end ******* from 210.175.7.20
2021/12/07 21:03:30 [/shop/user_data/pg_mulpay_recv.php] pg_mulpay_recv.php set payment data:Array
(
    [ShopID] => 9000034600950
    [AccessID] => b2e746e756f12865e4330dc93fa243ba
    [OrderID] => 946072-07210329
    [Status] => UNPROCESSED
    [JobCd] => CAPTURE
    [Amount] => 5850
    [Tax] => 0
    [Currency] => JPN
    [Forward] => 2S49631
    [Method] => 1
    [PayTimes] => 
    [TranID] => 2112072103602257210134170003
    [Approve] => 
    [TranDate] => 20211207210330
    [ErrCode] => G12
    [ErrInfo] => 42G120000
    [PayType] => 0
    [CvsCode] => 
    [CvsConfNo] => 
    [CvsReceiptNo] => 
    [EdyReceiptNo] => 
    [EdyOrderNo] => 
    [SuicaReceiptNo] => 
    [SuicaOrderNo] => 
    [CustID] => 
    [BkCode] => 
    [ConfNo] => 
    [PaymentTerm] => 
    [EncryptReceiptNo] => 
    [FinishDate] => 
    [ReceiptDate] => 
    [WebMoneyManagementNo] => 
    [WebMoneySettleCode] => 
    [AuPayInfoNo] => 
    [AuPayMethod] => 
    [AuCancelAmount] => 
    [AuCancelTax] => 
    [DocomoSettlementCode] => 
    [DocomoCancelAmount] => 
    [DocomoCancelTax] => 
    [pay_status] => 0
)
 from 210.175.7.20
2021/12/07 21:03:30 [/shop/user_data/pg_mulpay_recv.php] response:true from 210.175.7.20
2021/12/07 21:04:24 [/shop/shopping/load_payment_module.php] SendRequest:https://p01.mul-pay.jp/payment/ExecTran.idPass from 153.242.131.1
2021/12/07 21:04:24 [/shop/shopping/load_payment_module.php] Array
(
    [AccessID] => b2e746e756f12865e4330dc93fa243ba
    [AccessPass] => 9b5b9bbb1e0a2ad5a284f843bf1a4f1d
    [OrderID] => 946072-07210329
    [Method] => 1
    [PayTimes] => 
    [Token] => e60ba5515b89b0f76ebd747c86fd9a62c4bc624af1de75c0a9d1af2945a8bbff
    [ClientField1] => 
    [ClientField2] => 
    [ClientField3] => EC-CUBE4.3.35
)
 from 153.242.131.1
2021/12/07 21:04:25 [/shop/shopping/load_payment_module.php] ErrCode=G12&ErrInfo=42G120000 from 153.242.131.1
2021/12/07 21:04:25 [/shop/shopping/load_payment_module.php] Array
(
    [0] => Array
        (
            [ErrCode] => G12
            [ErrInfo] => 42G120000
        )

)
 from 153.242.131.1
2021/12/07 21:04:25 [/shop/shopping/load_payment_module.php] load_payment_module.php set payment data:Array
(
    [request_error] => Array
        (
            [0] => このカードでは取引をする事が出来ません。 (G12-42G120000)
        )

    [Amount] => 5850
    [JobCd] => CAPTURE
    [action_status] => 3
)
 from 153.242.131.1
2021/12/07 21:04:25 [/shop/user_data/pg_mulpay_recv.php] ******* receiveer data start ******* from 210.175.7.20
2021/12/07 21:04:25 [/shop/user_data/pg_mulpay_recv.php] Array
(
    [ShopID] => 9000034600950
    [ShopPass] => **********
    [AccessID] => b2e746e756f12865e4330dc93fa243ba
    [AccessPass] => ********************************
    [OrderID] => 946072-07210329
    [Status] => UNPROCESSED
    [JobCd] => CAPTURE
    [Amount] => 5850
    [Tax] => 0
    [Currency] => JPN
    [Forward] => 2S49631
    [Method] => 1
    [PayTimes] => 
    [TranID] => 2112072104602257210134114087
    [Approve] =>        
    [TranDate] => 20211207210425
    [ErrCode] => G12
    [ErrInfo] => 42G120000
    [PayType] => 0
)
 from 210.175.7.20
2021/12/07 21:04:25 [/shop/user_data/pg_mulpay_recv.php] ******* receiveer data end ******* from 210.175.7.20
2021/12/07 21:04:25 [/shop/user_data/pg_mulpay_recv.php] pg_mulpay_recv.php set payment data:Array
(
    [ShopID] => 9000034600950
    [AccessID] => b2e746e756f12865e4330dc93fa243ba
    [OrderID] => 946072-07210329
    [Status] => UNPROCESSED
    [JobCd] => CAPTURE
    [Amount] => 5850
    [Tax] => 0
    [Currency] => JPN
    [Forward] => 2S49631
    [Method] => 1
    [PayTimes] => 
    [TranID] => 2112072104602257210134114087
    [Approve] => 
    [TranDate] => 20211207210425
    [ErrCode] => G12
    [ErrInfo] => 42G120000
    [PayType] => 0
    [CvsCode] => 
    [CvsConfNo] => 
    [CvsReceiptNo] => 
    [EdyReceiptNo] => 
    [EdyOrderNo] => 
    [SuicaReceiptNo] => 
    [SuicaOrderNo] => 
    [CustID] => 
    [BkCode] => 
    [ConfNo] => 
    [PaymentTerm] => 
    [EncryptReceiptNo] => 
    [FinishDate] => 
    [ReceiptDate] => 
    [WebMoneyManagementNo] => 
    [WebMoneySettleCode] => 
    [AuPayInfoNo] => 
    [AuPayMethod] => 
    [AuCancelAmount] => 
    [AuCancelTax] => 
    [DocomoSettlementCode] => 
    [DocomoCancelAmount] => 
    [DocomoCancelTax] => 
    [pay_status] => 0
)
 from 210.175.7.20
2021/12/07 21:04:25 [/shop/user_data/pg_mulpay_recv.php] response:true from 210.175.7.20
2021/12/07 21:05:17 [/shop/shopping/load_payment_module.php] SendRequest:https://p01.mul-pay.jp/payment/ExecTran.idPass from 153.242.131.1
2021/12/07 21:05:17 [/shop/shopping/load_payment_module.php] Array
(
    [AccessID] => b2e746e756f12865e4330dc93fa243ba
    [AccessPass] => 9b5b9bbb1e0a2ad5a284f843bf1a4f1d
    [OrderID] => 946072-07210329
    [Method] => 1
    [PayTimes] => 
    [Token] => 440162723e2054745fdc863033e0d78f244f6ed0b972f5e267837472145a10c7
    [ClientField1] => 
    [ClientField2] => 
    [ClientField3] => EC-CUBE4.3.35
)
 from 153.242.131.1
2021/12/07 21:05:18 [/shop/shopping/load_payment_module.php] ACS=0&OrderID=946072-07210329&Forward=2S49631&Method=1&PayTimes=&Approve=0255170&TranID=2112072105602257210134160011&TranDate=20211207210518&CheckString=596070d0d570b3db2c067792a18e86a9 from 153.242.131.1
2021/12/07 21:05:18 [/shop/shopping/load_payment_module.php] Array
(
    [0] => Array
        (
            [ACS] => 0
            [OrderID] => 946072-07210329
            [Forward] => 2S49631
            [Method] => 1
            [PayTimes] => 
            [Approve] => 0255170
            [TranID] => 2112072105602257210134160011
            [TranDate] => 20211207210518
            [CheckString] => 596070d0d570b3db2c067792a18e86a9
        )

)
 from 153.242.131.1
2021/12/07 21:05:18 [/shop/shopping/load_payment_module.php] load_payment_module.php set payment data:Array
(
    [ACS] => 0
    [Forward] => 2S49631
    [Method] => 1
    [PayTimes] => 
    [Approve] => 0255170
    [TranID] => 2112072105602257210134160011
    [TranDate] => 20211207210518
    [CheckString] => 596070d0d570b3db2c067792a18e86a9
    [Amount] => 5850
    [JobCd] => CAPTURE
    [action_status] => 3
    [pay_status] => 13
)
 from 153.242.131.1
2021/12/07 21:05:18 [/shop/user_data/pg_mulpay_recv.php] ******* receiveer data start ******* from 210.175.7.20
2021/12/07 21:05:18 [/shop/user_data/pg_mulpay_recv.php] Array
(
    [ShopID] => 9000034600950
    [ShopPass] => **********
    [AccessID] => b2e746e756f12865e4330dc93fa243ba
    [AccessPass] => ********************************
    [OrderID] => 946072-07210329
    [Status] => CAPTURE
    [JobCd] => CAPTURE
    [Amount] => 5850
    [Tax] => 0
    [Currency] => JPN
    [Forward] => 2S49631
    [Method] => 1
    [PayTimes] => 
    [TranID] => 2112072105602257210134160011
    [Approve] => 0255170
    [TranDate] => 20211207210518
    [ErrCode] => 
    [ErrInfo] => 
    [PayType] => 0
)
 from 210.175.7.20
2021/12/07 21:05:18 [/shop/user_data/pg_mulpay_recv.php] ******* receiveer data end ******* from 210.175.7.20
2021/12/07 21:05:23 [/shop/user_data/pg_mulpay_recv.php] update order status:1 order_id=946072 from 210.175.7.20
2021/12/07 21:05:23 [/shop/user_data/pg_mulpay_recv.php] pg_mulpay_recv.php set payment data:Array
(
    [ShopID] => 9000034600950
    [AccessID] => b2e746e756f12865e4330dc93fa243ba
    [OrderID] => 946072-07210329
    [Status] => CAPTURE
    [JobCd] => CAPTURE
    [Amount] => 5850
    [Tax] => 0
    [Currency] => JPN
    [Forward] => 2S49631
    [Method] => 1
    [PayTimes] => 
    [TranID] => 2112072105602257210134160011
    [Approve] => 0255170
    [TranDate] => 20211207210518
    [PayType] => 0
    [CvsCode] => 
    [CvsConfNo] => 
    [CvsReceiptNo] => 
    [EdyReceiptNo] => 
    [EdyOrderNo] => 
    [SuicaReceiptNo] => 
    [SuicaOrderNo] => 
    [CustID] => 
    [BkCode] => 
    [ConfNo] => 
    [PaymentTerm] => 
    [EncryptReceiptNo] => 
    [FinishDate] => 
    [ReceiptDate] => 
    [WebMoneyManagementNo] => 
    [WebMoneySettleCode] => 
    [AuPayInfoNo] => 
    [AuPayMethod] => 
    [AuCancelAmount] => 
    [AuCancelTax] => 
    [DocomoSettlementCode] => 
    [DocomoCancelAmount] => 
    [DocomoCancelTax] => 
    [pay_status] => 13
)
 from 210.175.7.20
2021/12/07 21:05:23 [/shop/user_data/pg_mulpay_recv.php] response:true from 210.175.7.20
