2022/10/21 04:19:50 [/shop/shopping/load_payment_module.php] SendRequest:https://p01.mul-pay.jp/payment/EntryTran.idPass from 217.9.123.226
2022/10/21 04:19:50 [/shop/shopping/load_payment_module.php] Array
(
    [ShopID] => 9000034600950
    [ShopPass] => ******
    [OrderID] => 947777-21041950
    [JobCd] => CAPTURE
    [Amount] => 5080
    [TdFlag] => 0
    [TdTenantName] => 
)
 from 217.9.123.226
2022/10/21 04:19:51 [/shop/shopping/load_payment_module.php] AccessID=6d4af475b972ce2ce632f6ce4ab74b8b&AccessPass=926fc43234b160c84a7e647d86446a23 from 217.9.123.226
2022/10/21 04:19:51 [/shop/shopping/load_payment_module.php] Array
(
    [0] => Array
        (
            [AccessID] => 6d4af475b972ce2ce632f6ce4ab74b8b
            [AccessPass] => 926fc43234b160c84a7e647d86446a23
        )

)
 from 217.9.123.226
2022/10/21 04:19:51 [/shop/shopping/load_payment_module.php] load_payment_module.php set payment data:Array
(
    [AccessID] => 6d4af475b972ce2ce632f6ce4ab74b8b
    [AccessPass] => 926fc43234b160c84a7e647d86446a23
    [OrderID] => 947777-21041950
    [Amount] => 5080
    [JobCd] => CAPTURE
    [action_status] => 1
    [pay_status] => 0
)
 from 217.9.123.226
2022/10/21 04:19:51 [/shop/shopping/load_payment_module.php] SendRequest:https://p01.mul-pay.jp/payment/ExecTran.idPass from 217.9.123.226
2022/10/21 04:19:51 [/shop/shopping/load_payment_module.php] Array
(
    [AccessID] => 6d4af475b972ce2ce632f6ce4ab74b8b
    [AccessPass] => 926fc43234b160c84a7e647d86446a23
    [OrderID] => 947777-21041950
    [Method] => 1
    [Token] => b7d33d872203ccd0dc03817191f88c4e1afee8c7fe5ebf06a237c89afb8fd301
    [ClientField1] => 
    [ClientField2] => 
    [ClientField3] => EC-CUBE4.3.35
)
 from 217.9.123.226
2022/10/21 04:19:51 [/shop/shopping/load_payment_module.php] ACS=0&OrderID=947777-21041950&Forward=2959876&Method=1&PayTimes=&Approve=0448797&TranID=2210210419602257210134180469&TranDate=20221021041951&CheckString=68c0d7750f51a86559becdc194531c49 from 217.9.123.226
2022/10/21 04:19:51 [/shop/shopping/load_payment_module.php] Array
(
    [0] => Array
        (
            [ACS] => 0
            [OrderID] => 947777-21041950
            [Forward] => 2959876
            [Method] => 1
            [PayTimes] => 
            [Approve] => 0448797
            [TranID] => 2210210419602257210134180469
            [TranDate] => 20221021041951
            [CheckString] => 68c0d7750f51a86559becdc194531c49
        )

)
 from 217.9.123.226
2022/10/21 04:19:51 [/shop/shopping/load_payment_module.php] load_payment_module.php set payment data:Array
(
    [ACS] => 0
    [Forward] => 2959876
    [Method] => 1
    [PayTimes] => 
    [Approve] => 0448797
    [TranID] => 2210210419602257210134180469
    [TranDate] => 20221021041951
    [CheckString] => 68c0d7750f51a86559becdc194531c49
    [Amount] => 5080
    [JobCd] => CAPTURE
    [action_status] => 3
    [pay_status] => 13
)
 from 217.9.123.226
2022/10/21 04:19:52 [/shop/user_data/pg_mulpay_recv.php] ******* receiveer data start ******* from 210.175.7.20
2022/10/21 04:19:52 [/shop/user_data/pg_mulpay_recv.php] Array
(
    [ShopID] => 9000034600950
    [ShopPass] => **********
    [AccessID] => 6d4af475b972ce2ce632f6ce4ab74b8b
    [AccessPass] => ********************************
    [OrderID] => 947777-21041950
    [Status] => CAPTURE
    [JobCd] => CAPTURE
    [Amount] => 5080
    [Tax] => 0
    [Currency] => JPN
    [Forward] => 2959876
    [Method] => 1
    [PayTimes] => 
    [TranID] => 2210210419602257210134180469
    [Approve] => 0448797
    [TranDate] => 20221021041951
    [ErrCode] => 
    [ErrInfo] => 
    [PayType] => 0
)
 from 210.175.7.20
2022/10/21 04:19:52 [/shop/user_data/pg_mulpay_recv.php] ******* receiveer data end ******* from 210.175.7.20
2022/10/21 04:19:57 [/shop/user_data/pg_mulpay_recv.php] update order status:1 order_id=947777 from 210.175.7.20
2022/10/21 04:19:57 [/shop/user_data/pg_mulpay_recv.php] pg_mulpay_recv.php set payment data:Array
(
    [ShopID] => 9000034600950
    [AccessID] => 6d4af475b972ce2ce632f6ce4ab74b8b
    [OrderID] => 947777-21041950
    [Status] => CAPTURE
    [JobCd] => CAPTURE
    [Amount] => 5080
    [Tax] => 0
    [Currency] => JPN
    [Forward] => 2959876
    [Method] => 1
    [PayTimes] => 
    [TranID] => 2210210419602257210134180469
    [Approve] => 0448797
    [TranDate] => 20221021041951
    [ErrCode] => 
    [ErrInfo] => 
    [PayType] => 0
    [CvsCode] => 
    [CvsConfNo] => 
    [CvsReceiptNo] => 
    [EdyReceiptNo] => 
    [EdyOrderNo] => 
    [SuicaReceiptNo] => 
    [SuicaOrderNo] => 
    [CustID] => 
    [BkCode] => 
    [ConfNo] => 
    [PaymentTerm] => 
    [EncryptReceiptNo] => 
    [FinishDate] => 
    [ReceiptDate] => 
    [WebMoneyManagementNo] => 
    [WebMoneySettleCode] => 
    [AuPayInfoNo] => 
    [AuPayMethod] => 
    [AuCancelAmount] => 
    [AuCancelTax] => 
    [DocomoSettlementCode] => 
    [DocomoCancelAmount] => 
    [DocomoCancelTax] => 
    [pay_status] => 13
)
 from 210.175.7.20
2022/10/21 04:19:57 [/shop/user_data/pg_mulpay_recv.php] response:true from 210.175.7.20
2022/10/21 04:24:13 [/shop/shopping/load_payment_module.php] SendRequest:https://p01.mul-pay.jp/payment/SearchMember.idPass from 165.225.209.64
2022/10/21 04:24:13 [/shop/shopping/load_payment_module.php] Array
(
    [SiteID] => mst0000007602
    [SitePass] => ******
    [MemberID] => 10206
)
 from 165.225.209.64
2022/10/21 04:24:13 [/shop/shopping/load_payment_module.php] ErrCode=E01&ErrInfo=E01390002 from 165.225.209.64
2022/10/21 04:24:13 [/shop/shopping/load_payment_module.php] Array
(
    [0] => Array
        (
            [ErrCode] => E01
            [ErrInfo] => E01390002
        )

)
 from 165.225.209.64
2022/10/21 04:24:13 [/shop/shopping/load_payment_module.php] SendRequest:https://p01.mul-pay.jp/payment/SearchCard.idPass from 165.225.209.64
2022/10/21 04:24:13 [/shop/shopping/load_payment_module.php] Array
(
    [SiteID] => mst0000007602
    [SitePass] => ******
    [MemberID] => 10206
)
 from 165.225.209.64
2022/10/21 04:24:13 [/shop/shopping/load_payment_module.php] ErrCode=E01|E01&ErrInfo=E01390002|E01240002 from 165.225.209.64
2022/10/21 04:24:13 [/shop/shopping/load_payment_module.php] Array
(
    [0] => Array
        (
            [ErrCode] => E01
            [ErrInfo] => E01390002
        )

    [1] => Array
        (
            [ErrCode] => E01
            [ErrInfo] => E01240002
        )

)
 from 165.225.209.64
2022/10/21 04:25:06 [/shop/shopping/load_payment_module.php] SendRequest:https://p01.mul-pay.jp/payment/SearchMember.idPass from 165.225.209.64
2022/10/21 04:25:06 [/shop/shopping/load_payment_module.php] Array
(
    [SiteID] => mst0000007602
    [SitePass] => ******
    [MemberID] => 10206
)
 from 165.225.209.64
2022/10/21 04:25:06 [/shop/shopping/load_payment_module.php] ErrCode=E01&ErrInfo=E01390002 from 165.225.209.64
2022/10/21 04:25:06 [/shop/shopping/load_payment_module.php] Array
(
    [0] => Array
        (
            [ErrCode] => E01
            [ErrInfo] => E01390002
        )

)
 from 165.225.209.64
2022/10/21 04:25:06 [/shop/shopping/load_payment_module.php] SendRequest:https://p01.mul-pay.jp/payment/SearchCard.idPass from 165.225.209.64
2022/10/21 04:25:06 [/shop/shopping/load_payment_module.php] Array
(
    [SiteID] => mst0000007602
    [SitePass] => ******
    [MemberID] => 10206
)
 from 165.225.209.64
2022/10/21 04:25:06 [/shop/shopping/load_payment_module.php] ErrCode=E01|E01&ErrInfo=E01390002|E01240002 from 165.225.209.64
2022/10/21 04:25:06 [/shop/shopping/load_payment_module.php] Array
(
    [0] => Array
        (
            [ErrCode] => E01
            [ErrInfo] => E01390002
        )

    [1] => Array
        (
            [ErrCode] => E01
            [ErrInfo] => E01240002
        )

)
 from 165.225.209.64
2022/10/21 04:25:06 [/shop/shopping/load_payment_module.php] SendRequest:https://p01.mul-pay.jp/payment/EntryTran.idPass from 165.225.209.64
2022/10/21 04:25:06 [/shop/shopping/load_payment_module.php] Array
(
    [ShopID] => 9000034600950
    [ShopPass] => ******
    [OrderID] => 947778-21042506
    [JobCd] => CAPTURE
    [Amount] => 6020
    [TdFlag] => 0
    [TdTenantName] => 
)
 from 165.225.209.64
2022/10/21 04:25:06 [/shop/shopping/load_payment_module.php] AccessID=7d6b3e8b355ce0dbdf78b12798f52e97&AccessPass=4175d7215a65eba84a929e65dbc08194 from 165.225.209.64
2022/10/21 04:25:06 [/shop/shopping/load_payment_module.php] Array
(
    [0] => Array
        (
            [AccessID] => 7d6b3e8b355ce0dbdf78b12798f52e97
            [AccessPass] => 4175d7215a65eba84a929e65dbc08194
        )

)
 from 165.225.209.64
2022/10/21 04:25:06 [/shop/shopping/load_payment_module.php] load_payment_module.php set payment data:Array
(
    [AccessID] => 7d6b3e8b355ce0dbdf78b12798f52e97
    [AccessPass] => 4175d7215a65eba84a929e65dbc08194
    [OrderID] => 947778-21042506
    [Amount] => 6020
    [JobCd] => CAPTURE
    [action_status] => 1
    [pay_status] => 0
)
 from 165.225.209.64
2022/10/21 04:25:06 [/shop/shopping/load_payment_module.php] SendRequest:https://p01.mul-pay.jp/payment/ExecTran.idPass from 165.225.209.64
2022/10/21 04:25:06 [/shop/shopping/load_payment_module.php] Array
(
    [AccessID] => 7d6b3e8b355ce0dbdf78b12798f52e97
    [AccessPass] => 4175d7215a65eba84a929e65dbc08194
    [OrderID] => 947778-21042506
    [Method] => 1
    [Token] => fcf501a77bc8650e29f58d7d97503ac25ad097abfd0d26d2353beb99f7e42714
    [ClientField1] => 
    [ClientField2] => 
    [ClientField3] => EC-CUBE4.3.35
)
 from 165.225.209.64
2022/10/21 04:25:07 [/shop/shopping/load_payment_module.php] ACS=0&OrderID=947778-21042506&Forward=2S49631&Method=1&PayTimes=&Approve=0060134&TranID=2210210425602257210134170455&TranDate=20221021042507&CheckString=c51a337ad29ca8a2caa9e3e72a00b534 from 165.225.209.64
2022/10/21 04:25:07 [/shop/shopping/load_payment_module.php] Array
(
    [0] => Array
        (
            [ACS] => 0
            [OrderID] => 947778-21042506
            [Forward] => 2S49631
            [Method] => 1
            [PayTimes] => 
            [Approve] => 0060134
            [TranID] => 2210210425602257210134170455
            [TranDate] => 20221021042507
            [CheckString] => c51a337ad29ca8a2caa9e3e72a00b534
        )

)
 from 165.225.209.64
2022/10/21 04:25:07 [/shop/shopping/load_payment_module.php] load_payment_module.php set payment data:Array
(
    [ACS] => 0
    [Forward] => 2S49631
    [Method] => 1
    [PayTimes] => 
    [Approve] => 0060134
    [TranID] => 2210210425602257210134170455
    [TranDate] => 20221021042507
    [CheckString] => c51a337ad29ca8a2caa9e3e72a00b534
    [Amount] => 6020
    [JobCd] => CAPTURE
    [action_status] => 3
    [pay_status] => 13
)
 from 165.225.209.64
2022/10/21 04:25:07 [/shop/user_data/pg_mulpay_recv.php] ******* receiveer data start ******* from 210.175.7.20
2022/10/21 04:25:07 [/shop/user_data/pg_mulpay_recv.php] Array
(
    [ShopID] => 9000034600950
    [ShopPass] => **********
    [AccessID] => 7d6b3e8b355ce0dbdf78b12798f52e97
    [AccessPass] => ********************************
    [OrderID] => 947778-21042506
    [Status] => CAPTURE
    [JobCd] => CAPTURE
    [Amount] => 6020
    [Tax] => 0
    [Currency] => JPN
    [Forward] => 2S49631
    [Method] => 1
    [PayTimes] => 
    [TranID] => 2210210425602257210134170455
    [Approve] => 0060134
    [TranDate] => 20221021042507
    [ErrCode] => 
    [ErrInfo] => 
    [PayType] => 0
)
 from 210.175.7.20
2022/10/21 04:25:07 [/shop/user_data/pg_mulpay_recv.php] ******* receiveer data end ******* from 210.175.7.20
2022/10/21 04:25:12 [/shop/user_data/pg_mulpay_recv.php] update order status:1 order_id=947778 from 210.175.7.20
2022/10/21 04:25:12 [/shop/user_data/pg_mulpay_recv.php] pg_mulpay_recv.php set payment data:Array
(
    [ShopID] => 9000034600950
    [AccessID] => 7d6b3e8b355ce0dbdf78b12798f52e97
    [OrderID] => 947778-21042506
    [Status] => CAPTURE
    [JobCd] => CAPTURE
    [Amount] => 6020
    [Tax] => 0
    [Currency] => JPN
    [Forward] => 2S49631
    [Method] => 1
    [PayTimes] => 
    [TranID] => 2210210425602257210134170455
    [Approve] => 0060134
    [TranDate] => 20221021042507
    [ErrCode] => 
    [ErrInfo] => 
    [PayType] => 0
    [CvsCode] => 
    [CvsConfNo] => 
    [CvsReceiptNo] => 
    [EdyReceiptNo] => 
    [EdyOrderNo] => 
    [SuicaReceiptNo] => 
    [SuicaOrderNo] => 
    [CustID] => 
    [BkCode] => 
    [ConfNo] => 
    [PaymentTerm] => 
    [EncryptReceiptNo] => 
    [FinishDate] => 
    [ReceiptDate] => 
    [WebMoneyManagementNo] => 
    [WebMoneySettleCode] => 
    [AuPayInfoNo] => 
    [AuPayMethod] => 
    [AuCancelAmount] => 
    [AuCancelTax] => 
    [DocomoSettlementCode] => 
    [DocomoCancelAmount] => 
    [DocomoCancelTax] => 
    [pay_status] => 13
)
 from 210.175.7.20
2022/10/21 04:25:12 [/shop/user_data/pg_mulpay_recv.php] response:true from 210.175.7.20
2022/10/21 08:39:18 [/shop/shopping/load_payment_module.php] SendRequest:https://p01.mul-pay.jp/payment/EntryTran.idPass from 24.165.17.12
2022/10/21 08:39:18 [/shop/shopping/load_payment_module.php] Array
(
    [ShopID] => 9000034600950
    [ShopPass] => ******
    [OrderID] => 947779-21083918
    [JobCd] => CAPTURE
    [Amount] => 3760
    [TdFlag] => 0
    [TdTenantName] => 
)
 from 24.165.17.12
2022/10/21 08:39:18 [/shop/shopping/load_payment_module.php] AccessID=5a558c00bfba576a47c86085f96ef694&AccessPass=2b4149f85e79eb56870bf90fbc1cd704 from 24.165.17.12
2022/10/21 08:39:18 [/shop/shopping/load_payment_module.php] Array
(
    [0] => Array
        (
            [AccessID] => 5a558c00bfba576a47c86085f96ef694
            [AccessPass] => 2b4149f85e79eb56870bf90fbc1cd704
        )

)
 from 24.165.17.12
2022/10/21 08:39:18 [/shop/shopping/load_payment_module.php] load_payment_module.php set payment data:Array
(
    [AccessID] => 5a558c00bfba576a47c86085f96ef694
    [AccessPass] => 2b4149f85e79eb56870bf90fbc1cd704
    [OrderID] => 947779-21083918
    [Amount] => 3760
    [JobCd] => CAPTURE
    [action_status] => 1
    [pay_status] => 0
)
 from 24.165.17.12
2022/10/21 08:39:18 [/shop/shopping/load_payment_module.php] SendRequest:https://p01.mul-pay.jp/payment/ExecTran.idPass from 24.165.17.12
2022/10/21 08:39:18 [/shop/shopping/load_payment_module.php] Array
(
    [AccessID] => 5a558c00bfba576a47c86085f96ef694
    [AccessPass] => 2b4149f85e79eb56870bf90fbc1cd704
    [OrderID] => 947779-21083918
    [Method] => 1
    [Token] => 2aa46591f2ebe3723a0af8ddc99a6dba2b44c765dc97ccc1153395aebde085a8
    [ClientField1] => 
    [ClientField2] => 
    [ClientField3] => EC-CUBE4.3.35
)
 from 24.165.17.12
2022/10/21 08:39:19 [/shop/shopping/load_payment_module.php] ACS=0&OrderID=947779-21083918&Forward=2959876&Method=1&PayTimes=&Approve=0075729&TranID=2210210839602257210134170456&TranDate=20221021083919&CheckString=ff5ff0d0d9d5db41c0785b5884f4edb1 from 24.165.17.12
2022/10/21 08:39:19 [/shop/shopping/load_payment_module.php] Array
(
    [0] => Array
        (
            [ACS] => 0
            [OrderID] => 947779-21083918
            [Forward] => 2959876
            [Method] => 1
            [PayTimes] => 
            [Approve] => 0075729
            [TranID] => 2210210839602257210134170456
            [TranDate] => 20221021083919
            [CheckString] => ff5ff0d0d9d5db41c0785b5884f4edb1
        )

)
 from 24.165.17.12
2022/10/21 08:39:19 [/shop/shopping/load_payment_module.php] load_payment_module.php set payment data:Array
(
    [ACS] => 0
    [Forward] => 2959876
    [Method] => 1
    [PayTimes] => 
    [Approve] => 0075729
    [TranID] => 2210210839602257210134170456
    [TranDate] => 20221021083919
    [CheckString] => ff5ff0d0d9d5db41c0785b5884f4edb1
    [Amount] => 3760
    [JobCd] => CAPTURE
    [action_status] => 3
    [pay_status] => 13
)
 from 24.165.17.12
2022/10/21 08:39:19 [/shop/user_data/pg_mulpay_recv.php] ******* receiveer data start ******* from 210.175.7.20
2022/10/21 08:39:19 [/shop/user_data/pg_mulpay_recv.php] Array
(
    [ShopID] => 9000034600950
    [ShopPass] => **********
    [AccessID] => 5a558c00bfba576a47c86085f96ef694
    [AccessPass] => ********************************
    [OrderID] => 947779-21083918
    [Status] => CAPTURE
    [JobCd] => CAPTURE
    [Amount] => 3760
    [Tax] => 0
    [Currency] => JPN
    [Forward] => 2959876
    [Method] => 1
    [PayTimes] => 
    [TranID] => 2210210839602257210134170456
    [Approve] => 0075729
    [TranDate] => 20221021083919
    [ErrCode] => 
    [ErrInfo] => 
    [PayType] => 0
)
 from 210.175.7.20
2022/10/21 08:39:19 [/shop/user_data/pg_mulpay_recv.php] ******* receiveer data end ******* from 210.175.7.20
2022/10/21 08:39:24 [/shop/user_data/pg_mulpay_recv.php] update order status:1 order_id=947779 from 210.175.7.20
2022/10/21 08:39:24 [/shop/user_data/pg_mulpay_recv.php] pg_mulpay_recv.php set payment data:Array
(
    [ShopID] => 9000034600950
    [AccessID] => 5a558c00bfba576a47c86085f96ef694
    [OrderID] => 947779-21083918
    [Status] => CAPTURE
    [JobCd] => CAPTURE
    [Amount] => 3760
    [Tax] => 0
    [Currency] => JPN
    [Forward] => 2959876
    [Method] => 1
    [PayTimes] => 
    [TranID] => 2210210839602257210134170456
    [Approve] => 0075729
    [TranDate] => 20221021083919
    [ErrCode] => 
    [ErrInfo] => 
    [PayType] => 0
    [CvsCode] => 
    [CvsConfNo] => 
    [CvsReceiptNo] => 
    [EdyReceiptNo] => 
    [EdyOrderNo] => 
    [SuicaReceiptNo] => 
    [SuicaOrderNo] => 
    [CustID] => 
    [BkCode] => 
    [ConfNo] => 
    [PaymentTerm] => 
    [EncryptReceiptNo] => 
    [FinishDate] => 
    [ReceiptDate] => 
    [WebMoneyManagementNo] => 
    [WebMoneySettleCode] => 
    [AuPayInfoNo] => 
    [AuPayMethod] => 
    [AuCancelAmount] => 
    [AuCancelTax] => 
    [DocomoSettlementCode] => 
    [DocomoCancelAmount] => 
    [DocomoCancelTax] => 
    [pay_status] => 13
)
 from 210.175.7.20
2022/10/21 08:39:24 [/shop/user_data/pg_mulpay_recv.php] response:true from 210.175.7.20
2022/10/21 09:40:04 [/shop/shopping/load_payment_module.php] SendRequest:https://p01.mul-pay.jp/payment/SearchMember.idPass from 191.255.203.76
2022/10/21 09:40:04 [/shop/shopping/load_payment_module.php] Array
(
    [SiteID] => mst0000007602
    [SitePass] => ******
    [MemberID] => 10853
)
 from 191.255.203.76
2022/10/21 09:40:04 [/shop/shopping/load_payment_module.php] ErrCode=E01&ErrInfo=E01390002 from 191.255.203.76
2022/10/21 09:40:04 [/shop/shopping/load_payment_module.php] Array
(
    [0] => Array
        (
            [ErrCode] => E01
            [ErrInfo] => E01390002
        )

)
 from 191.255.203.76
2022/10/21 09:40:04 [/shop/shopping/load_payment_module.php] SendRequest:https://p01.mul-pay.jp/payment/SearchCard.idPass from 191.255.203.76
2022/10/21 09:40:04 [/shop/shopping/load_payment_module.php] Array
(
    [SiteID] => mst0000007602
    [SitePass] => ******
    [MemberID] => 10853
)
 from 191.255.203.76
2022/10/21 09:40:04 [/shop/shopping/load_payment_module.php] ErrCode=E01|E01&ErrInfo=E01390002|E01240002 from 191.255.203.76
2022/10/21 09:40:04 [/shop/shopping/load_payment_module.php] Array
(
    [0] => Array
        (
            [ErrCode] => E01
            [ErrInfo] => E01390002
        )

    [1] => Array
        (
            [ErrCode] => E01
            [ErrInfo] => E01240002
        )

)
 from 191.255.203.76
2022/10/21 09:40:56 [/shop/shopping/load_payment_module.php] SendRequest:https://p01.mul-pay.jp/payment/SearchMember.idPass from 191.255.203.76
2022/10/21 09:40:56 [/shop/shopping/load_payment_module.php] Array
(
    [SiteID] => mst0000007602
    [SitePass] => ******
    [MemberID] => 10853
)
 from 191.255.203.76
2022/10/21 09:40:56 [/shop/shopping/load_payment_module.php] ErrCode=E01&ErrInfo=E01390002 from 191.255.203.76
2022/10/21 09:40:56 [/shop/shopping/load_payment_module.php] Array
(
    [0] => Array
        (
            [ErrCode] => E01
            [ErrInfo] => E01390002
        )

)
 from 191.255.203.76
2022/10/21 09:40:56 [/shop/shopping/load_payment_module.php] SendRequest:https://p01.mul-pay.jp/payment/SearchCard.idPass from 191.255.203.76
2022/10/21 09:40:56 [/shop/shopping/load_payment_module.php] Array
(
    [SiteID] => mst0000007602
    [SitePass] => ******
    [MemberID] => 10853
)
 from 191.255.203.76
2022/10/21 09:40:56 [/shop/shopping/load_payment_module.php] ErrCode=E01|E01&ErrInfo=E01390002|E01240002 from 191.255.203.76
2022/10/21 09:40:56 [/shop/shopping/load_payment_module.php] Array
(
    [0] => Array
        (
            [ErrCode] => E01
            [ErrInfo] => E01390002
        )

    [1] => Array
        (
            [ErrCode] => E01
            [ErrInfo] => E01240002
        )

)
 from 191.255.203.76
2022/10/21 09:40:56 [/shop/shopping/load_payment_module.php] SendRequest:https://p01.mul-pay.jp/payment/EntryTran.idPass from 191.255.203.76
2022/10/21 09:40:56 [/shop/shopping/load_payment_module.php] Array
(
    [ShopID] => 9000034600950
    [ShopPass] => ******
    [OrderID] => 947780-21094056
    [JobCd] => CAPTURE
    [Amount] => 9550
    [TdFlag] => 0
    [TdTenantName] => 
)
 from 191.255.203.76
2022/10/21 09:40:56 [/shop/shopping/load_payment_module.php] AccessID=2bd153956c5776d0d4752e4ca75cb2f1&AccessPass=0b1791e918bfbcd9a887e25ded56302e from 191.255.203.76
2022/10/21 09:40:56 [/shop/shopping/load_payment_module.php] Array
(
    [0] => Array
        (
            [AccessID] => 2bd153956c5776d0d4752e4ca75cb2f1
            [AccessPass] => 0b1791e918bfbcd9a887e25ded56302e
        )

)
 from 191.255.203.76
2022/10/21 09:40:56 [/shop/shopping/load_payment_module.php] load_payment_module.php set payment data:Array
(
    [AccessID] => 2bd153956c5776d0d4752e4ca75cb2f1
    [AccessPass] => 0b1791e918bfbcd9a887e25ded56302e
    [OrderID] => 947780-21094056
    [Amount] => 9550
    [JobCd] => CAPTURE
    [action_status] => 1
    [pay_status] => 0
)
 from 191.255.203.76
2022/10/21 09:40:56 [/shop/shopping/load_payment_module.php] SendRequest:https://p01.mul-pay.jp/payment/ExecTran.idPass from 191.255.203.76
2022/10/21 09:40:56 [/shop/shopping/load_payment_module.php] Array
(
    [AccessID] => 2bd153956c5776d0d4752e4ca75cb2f1
    [AccessPass] => 0b1791e918bfbcd9a887e25ded56302e
    [OrderID] => 947780-21094056
    [Method] => 1
    [Token] => 4f458e89dab727d08fcb6184145a080f18914838589ed69cc400f8075c1d784a
    [ClientField1] => 
    [ClientField2] => 
    [ClientField3] => EC-CUBE4.3.35
)
 from 191.255.203.76
2022/10/21 09:40:57 [/shop/shopping/load_payment_module.php] ACS=0&OrderID=947780-21094056&Forward=2S49631&Method=1&PayTimes=&Approve=0059915&TranID=2210210940602257210134170457&TranDate=20221021094057&CheckString=4e80bf29e03cad1fbe7fc98fbc994e06 from 191.255.203.76
2022/10/21 09:40:57 [/shop/shopping/load_payment_module.php] Array
(
    [0] => Array
        (
            [ACS] => 0
            [OrderID] => 947780-21094056
            [Forward] => 2S49631
            [Method] => 1
            [PayTimes] => 
            [Approve] => 0059915
            [TranID] => 2210210940602257210134170457
            [TranDate] => 20221021094057
            [CheckString] => 4e80bf29e03cad1fbe7fc98fbc994e06
        )

)
 from 191.255.203.76
2022/10/21 09:40:57 [/shop/shopping/load_payment_module.php] load_payment_module.php set payment data:Array
(
    [ACS] => 0
    [Forward] => 2S49631
    [Method] => 1
    [PayTimes] => 
    [Approve] => 0059915
    [TranID] => 2210210940602257210134170457
    [TranDate] => 20221021094057
    [CheckString] => 4e80bf29e03cad1fbe7fc98fbc994e06
    [Amount] => 9550
    [JobCd] => CAPTURE
    [action_status] => 3
    [pay_status] => 13
)
 from 191.255.203.76
2022/10/21 09:40:57 [/shop/user_data/pg_mulpay_recv.php] ******* receiveer data start ******* from 210.175.7.20
2022/10/21 09:40:57 [/shop/user_data/pg_mulpay_recv.php] Array
(
    [ShopID] => 9000034600950
    [ShopPass] => **********
    [AccessID] => 2bd153956c5776d0d4752e4ca75cb2f1
    [AccessPass] => ********************************
    [OrderID] => 947780-21094056
    [Status] => CAPTURE
    [JobCd] => CAPTURE
    [Amount] => 9550
    [Tax] => 0
    [Currency] => JPN
    [Forward] => 2S49631
    [Method] => 1
    [PayTimes] => 
    [TranID] => 2210210940602257210134170457
    [Approve] => 0059915
    [TranDate] => 20221021094057
    [ErrCode] => 
    [ErrInfo] => 
    [PayType] => 0
)
 from 210.175.7.20
2022/10/21 09:40:57 [/shop/user_data/pg_mulpay_recv.php] ******* receiveer data end ******* from 210.175.7.20
2022/10/21 09:41:02 [/shop/user_data/pg_mulpay_recv.php] update order status:1 order_id=947780 from 210.175.7.20
2022/10/21 09:41:02 [/shop/user_data/pg_mulpay_recv.php] pg_mulpay_recv.php set payment data:Array
(
    [ShopID] => 9000034600950
    [AccessID] => 2bd153956c5776d0d4752e4ca75cb2f1
    [OrderID] => 947780-21094056
    [Status] => CAPTURE
    [JobCd] => CAPTURE
    [Amount] => 9550
    [Tax] => 0
    [Currency] => JPN
    [Forward] => 2S49631
    [Method] => 1
    [PayTimes] => 
    [TranID] => 2210210940602257210134170457
    [Approve] => 0059915
    [TranDate] => 20221021094057
    [ErrCode] => 
    [ErrInfo] => 
    [PayType] => 0
    [CvsCode] => 
    [CvsConfNo] => 
    [CvsReceiptNo] => 
    [EdyReceiptNo] => 
    [EdyOrderNo] => 
    [SuicaReceiptNo] => 
    [SuicaOrderNo] => 
    [CustID] => 
    [BkCode] => 
    [ConfNo] => 
    [PaymentTerm] => 
    [EncryptReceiptNo] => 
    [FinishDate] => 
    [ReceiptDate] => 
    [WebMoneyManagementNo] => 
    [WebMoneySettleCode] => 
    [AuPayInfoNo] => 
    [AuPayMethod] => 
    [AuCancelAmount] => 
    [AuCancelTax] => 
    [DocomoSettlementCode] => 
    [DocomoCancelAmount] => 
    [DocomoCancelTax] => 
    [pay_status] => 13
)
 from 210.175.7.20
2022/10/21 09:41:02 [/shop/user_data/pg_mulpay_recv.php] response:true from 210.175.7.20
2022/10/21 11:36:06 [/shop/shopping/load_payment_module.php] SendRequest:https://p01.mul-pay.jp/payment/EntryTran.idPass from 66.31.51.255
2022/10/21 11:36:06 [/shop/shopping/load_payment_module.php] Array
(
    [ShopID] => 9000034600950
    [ShopPass] => ******
    [OrderID] => 947781-21113606
    [JobCd] => CAPTURE
    [Amount] => 7500
    [TdFlag] => 0
    [TdTenantName] => 
)
 from 66.31.51.255
2022/10/21 11:36:06 [/shop/shopping/load_payment_module.php] AccessID=79eb2639bf4343b76edc9d202cbaa140&AccessPass=28856bf0cd468310b2637e7009b627c2 from 66.31.51.255
2022/10/21 11:36:06 [/shop/shopping/load_payment_module.php] Array
(
    [0] => Array
        (
            [AccessID] => 79eb2639bf4343b76edc9d202cbaa140
            [AccessPass] => 28856bf0cd468310b2637e7009b627c2
        )

)
 from 66.31.51.255
2022/10/21 11:36:06 [/shop/shopping/load_payment_module.php] load_payment_module.php set payment data:Array
(
    [AccessID] => 79eb2639bf4343b76edc9d202cbaa140
    [AccessPass] => 28856bf0cd468310b2637e7009b627c2
    [OrderID] => 947781-21113606
    [Amount] => 7500
    [JobCd] => CAPTURE
    [action_status] => 1
    [pay_status] => 0
)
 from 66.31.51.255
2022/10/21 11:36:06 [/shop/shopping/load_payment_module.php] SendRequest:https://p01.mul-pay.jp/payment/ExecTran.idPass from 66.31.51.255
2022/10/21 11:36:06 [/shop/shopping/load_payment_module.php] Array
(
    [AccessID] => 79eb2639bf4343b76edc9d202cbaa140
    [AccessPass] => 28856bf0cd468310b2637e7009b627c2
    [OrderID] => 947781-21113606
    [Method] => 1
    [Token] => b634ec09d3aaf3198ea53f61ddf3ebd4b5413b2055025d161a8d70dbbb40574c
    [ClientField1] => 
    [ClientField2] => 
    [ClientField3] => EC-CUBE4.3.35
)
 from 66.31.51.255
2022/10/21 11:36:07 [/shop/shopping/load_payment_module.php] ErrCode=G97&ErrInfo=42G970000 from 66.31.51.255
2022/10/21 11:36:07 [/shop/shopping/load_payment_module.php] Array
(
    [0] => Array
        (
            [ErrCode] => G97
            [ErrInfo] => 42G970000
        )

)
 from 66.31.51.255
2022/10/21 11:36:07 [/shop/shopping/load_payment_module.php] load_payment_module.php set payment data:Array
(
    [request_error] => Array
        (
            [0] => このカードでは取引をする事が出来ません。 (G97-42G970000)
        )

    [Amount] => 7500
    [JobCd] => CAPTURE
    [action_status] => 3
)
 from 66.31.51.255
2022/10/21 11:36:07 [/shop/user_data/pg_mulpay_recv.php] ******* receiveer data start ******* from 210.175.7.20
2022/10/21 11:36:07 [/shop/user_data/pg_mulpay_recv.php] Array
(
    [ShopID] => 9000034600950
    [ShopPass] => **********
    [AccessID] => 79eb2639bf4343b76edc9d202cbaa140
    [AccessPass] => ********************************
    [OrderID] => 947781-21113606
    [Status] => UNPROCESSED
    [JobCd] => CAPTURE
    [Amount] => 7500
    [Tax] => 0
    [Currency] => JPN
    [Forward] => 2959876
    [Method] => 1
    [PayTimes] => 
    [TranID] => 2210211136602257210134160442
    [Approve] =>        
    [TranDate] => 20221021113607
    [ErrCode] => G97
    [ErrInfo] => 42G970000
    [PayType] => 0
)
 from 210.175.7.20
2022/10/21 11:36:07 [/shop/user_data/pg_mulpay_recv.php] ******* receiveer data end ******* from 210.175.7.20
2022/10/21 11:36:07 [/shop/user_data/pg_mulpay_recv.php] pg_mulpay_recv.php set payment data:Array
(
    [ShopID] => 9000034600950
    [AccessID] => 79eb2639bf4343b76edc9d202cbaa140
    [OrderID] => 947781-21113606
    [Status] => UNPROCESSED
    [JobCd] => CAPTURE
    [Amount] => 7500
    [Tax] => 0
    [Currency] => JPN
    [Forward] => 2959876
    [Method] => 1
    [PayTimes] => 
    [TranID] => 2210211136602257210134160442
    [Approve] => 
    [TranDate] => 20221021113607
    [ErrCode] => G97
    [ErrInfo] => 42G970000
    [PayType] => 0
    [CvsCode] => 
    [CvsConfNo] => 
    [CvsReceiptNo] => 
    [EdyReceiptNo] => 
    [EdyOrderNo] => 
    [SuicaReceiptNo] => 
    [SuicaOrderNo] => 
    [CustID] => 
    [BkCode] => 
    [ConfNo] => 
    [PaymentTerm] => 
    [EncryptReceiptNo] => 
    [FinishDate] => 
    [ReceiptDate] => 
    [WebMoneyManagementNo] => 
    [WebMoneySettleCode] => 
    [AuPayInfoNo] => 
    [AuPayMethod] => 
    [AuCancelAmount] => 
    [AuCancelTax] => 
    [DocomoSettlementCode] => 
    [DocomoCancelAmount] => 
    [DocomoCancelTax] => 
    [pay_status] => 0
)
 from 210.175.7.20
2022/10/21 11:36:07 [/shop/user_data/pg_mulpay_recv.php] response:true from 210.175.7.20
2022/10/21 11:38:39 [/shop/shopping/load_payment_module.php] SendRequest:https://p01.mul-pay.jp/payment/ExecTran.idPass from 66.31.51.255
2022/10/21 11:38:39 [/shop/shopping/load_payment_module.php] Array
(
    [AccessID] => 79eb2639bf4343b76edc9d202cbaa140
    [AccessPass] => 28856bf0cd468310b2637e7009b627c2
    [OrderID] => 947781-21113606
    [Method] => 1
    [PayTimes] => 
    [Token] => 0822296feae9bc0a8300f6fdd9cbddc698ab7f52f873dddbefbd49e07bf84cb3
    [ClientField1] => 
    [ClientField2] => 
    [ClientField3] => EC-CUBE4.3.35
)
 from 66.31.51.255
2022/10/21 11:38:40 [/shop/shopping/load_payment_module.php] ACS=0&OrderID=947781-21113606&Forward=2S49631&Method=1&PayTimes=&Approve=0052082&TranID=2210211138602257210134160443&TranDate=20221021113840&CheckString=b0845a21c16313191d8f2c2ca466377c from 66.31.51.255
2022/10/21 11:38:40 [/shop/shopping/load_payment_module.php] Array
(
    [0] => Array
        (
            [ACS] => 0
            [OrderID] => 947781-21113606
            [Forward] => 2S49631
            [Method] => 1
            [PayTimes] => 
            [Approve] => 0052082
            [TranID] => 2210211138602257210134160443
            [TranDate] => 20221021113840
            [CheckString] => b0845a21c16313191d8f2c2ca466377c
        )

)
 from 66.31.51.255
2022/10/21 11:38:40 [/shop/shopping/load_payment_module.php] load_payment_module.php set payment data:Array
(
    [ACS] => 0
    [Forward] => 2S49631
    [Method] => 1
    [PayTimes] => 
    [Approve] => 0052082
    [TranID] => 2210211138602257210134160443
    [TranDate] => 20221021113840
    [CheckString] => b0845a21c16313191d8f2c2ca466377c
    [Amount] => 7500
    [JobCd] => CAPTURE
    [action_status] => 3
    [pay_status] => 13
)
 from 66.31.51.255
2022/10/21 11:38:40 [/shop/user_data/pg_mulpay_recv.php] ******* receiveer data start ******* from 210.175.7.20
2022/10/21 11:38:40 [/shop/user_data/pg_mulpay_recv.php] Array
(
    [ShopID] => 9000034600950
    [ShopPass] => **********
    [AccessID] => 79eb2639bf4343b76edc9d202cbaa140
    [AccessPass] => ********************************
    [OrderID] => 947781-21113606
    [Status] => CAPTURE
    [JobCd] => CAPTURE
    [Amount] => 7500
    [Tax] => 0
    [Currency] => JPN
    [Forward] => 2S49631
    [Method] => 1
    [PayTimes] => 
    [TranID] => 2210211138602257210134160443
    [Approve] => 0052082
    [TranDate] => 20221021113840
    [ErrCode] => 
    [ErrInfo] => 
    [PayType] => 0
)
 from 210.175.7.20
2022/10/21 11:38:40 [/shop/user_data/pg_mulpay_recv.php] ******* receiveer data end ******* from 210.175.7.20
2022/10/21 11:38:45 [/shop/user_data/pg_mulpay_recv.php] update order status:1 order_id=947781 from 210.175.7.20
2022/10/21 11:38:45 [/shop/user_data/pg_mulpay_recv.php] pg_mulpay_recv.php set payment data:Array
(
    [ShopID] => 9000034600950
    [AccessID] => 79eb2639bf4343b76edc9d202cbaa140
    [OrderID] => 947781-21113606
    [Status] => CAPTURE
    [JobCd] => CAPTURE
    [Amount] => 7500
    [Tax] => 0
    [Currency] => JPN
    [Forward] => 2S49631
    [Method] => 1
    [PayTimes] => 
    [TranID] => 2210211138602257210134160443
    [Approve] => 0052082
    [TranDate] => 20221021113840
    [PayType] => 0
    [CvsCode] => 
    [CvsConfNo] => 
    [CvsReceiptNo] => 
    [EdyReceiptNo] => 
    [EdyOrderNo] => 
    [SuicaReceiptNo] => 
    [SuicaOrderNo] => 
    [CustID] => 
    [BkCode] => 
    [ConfNo] => 
    [PaymentTerm] => 
    [EncryptReceiptNo] => 
    [FinishDate] => 
    [ReceiptDate] => 
    [WebMoneyManagementNo] => 
    [WebMoneySettleCode] => 
    [AuPayInfoNo] => 
    [AuPayMethod] => 
    [AuCancelAmount] => 
    [AuCancelTax] => 
    [DocomoSettlementCode] => 
    [DocomoCancelAmount] => 
    [DocomoCancelTax] => 
    [pay_status] => 13
)
 from 210.175.7.20
2022/10/21 11:38:45 [/shop/user_data/pg_mulpay_recv.php] response:true from 210.175.7.20
2022/10/21 11:51:29 [/shop/shopping/load_payment_module.php] SendRequest:https://p01.mul-pay.jp/payment/EntryTran.idPass from 104.28.101.221
2022/10/21 11:51:29 [/shop/shopping/load_payment_module.php] Array
(
    [ShopID] => 9000034600950
    [ShopPass] => ******
    [OrderID] => 947782-21115129
    [JobCd] => CAPTURE
    [Amount] => 8450
    [TdFlag] => 0
    [TdTenantName] => 
)
 from 104.28.101.221
2022/10/21 11:51:29 [/shop/shopping/load_payment_module.php] AccessID=e8fb2211a389d2428ba97342fb26d297&AccessPass=cf54860ae1346a3cf6f4c0105dd81ca3 from 104.28.101.221
2022/10/21 11:51:29 [/shop/shopping/load_payment_module.php] Array
(
    [0] => Array
        (
            [AccessID] => e8fb2211a389d2428ba97342fb26d297
            [AccessPass] => cf54860ae1346a3cf6f4c0105dd81ca3
        )

)
 from 104.28.101.221
2022/10/21 11:51:29 [/shop/shopping/load_payment_module.php] load_payment_module.php set payment data:Array
(
    [AccessID] => e8fb2211a389d2428ba97342fb26d297
    [AccessPass] => cf54860ae1346a3cf6f4c0105dd81ca3
    [OrderID] => 947782-21115129
    [Amount] => 8450
    [JobCd] => CAPTURE
    [action_status] => 1
    [pay_status] => 0
)
 from 104.28.101.221
2022/10/21 11:51:29 [/shop/shopping/load_payment_module.php] SendRequest:https://p01.mul-pay.jp/payment/ExecTran.idPass from 104.28.101.221
2022/10/21 11:51:29 [/shop/shopping/load_payment_module.php] Array
(
    [AccessID] => e8fb2211a389d2428ba97342fb26d297
    [AccessPass] => cf54860ae1346a3cf6f4c0105dd81ca3
    [OrderID] => 947782-21115129
    [Method] => 1
    [Token] => 082b8aefe7ca2cc0bdbceb2ea3e9de7124aff26bc361f91044ad1e2bb7e702bd
    [ClientField1] => 
    [ClientField2] => 
    [ClientField3] => EC-CUBE4.3.35
)
 from 104.28.101.221
2022/10/21 11:51:30 [/shop/shopping/load_payment_module.php] ACS=0&OrderID=947782-21115129&Forward=2959876&Method=1&PayTimes=&Approve=0341328&TranID=2210211151602257210134170458&TranDate=20221021115130&CheckString=846bdb6fa4f3ddeda172767cb93ba5c7 from 104.28.101.221
2022/10/21 11:51:30 [/shop/shopping/load_payment_module.php] Array
(
    [0] => Array
        (
            [ACS] => 0
            [OrderID] => 947782-21115129
            [Forward] => 2959876
            [Method] => 1
            [PayTimes] => 
            [Approve] => 0341328
            [TranID] => 2210211151602257210134170458
            [TranDate] => 20221021115130
            [CheckString] => 846bdb6fa4f3ddeda172767cb93ba5c7
        )

)
 from 104.28.101.221
2022/10/21 11:51:30 [/shop/shopping/load_payment_module.php] load_payment_module.php set payment data:Array
(
    [ACS] => 0
    [Forward] => 2959876
    [Method] => 1
    [PayTimes] => 
    [Approve] => 0341328
    [TranID] => 2210211151602257210134170458
    [TranDate] => 20221021115130
    [CheckString] => 846bdb6fa4f3ddeda172767cb93ba5c7
    [Amount] => 8450
    [JobCd] => CAPTURE
    [action_status] => 3
    [pay_status] => 13
)
 from 104.28.101.221
2022/10/21 11:51:30 [/shop/user_data/pg_mulpay_recv.php] ******* receiveer data start ******* from 210.175.7.20
2022/10/21 11:51:30 [/shop/user_data/pg_mulpay_recv.php] Array
(
    [ShopID] => 9000034600950
    [ShopPass] => **********
    [AccessID] => e8fb2211a389d2428ba97342fb26d297
    [AccessPass] => ********************************
    [OrderID] => 947782-21115129
    [Status] => CAPTURE
    [JobCd] => CAPTURE
    [Amount] => 8450
    [Tax] => 0
    [Currency] => JPN
    [Forward] => 2959876
    [Method] => 1
    [PayTimes] => 
    [TranID] => 2210211151602257210134170458
    [Approve] => 0341328
    [TranDate] => 20221021115130
    [ErrCode] => 
    [ErrInfo] => 
    [PayType] => 0
)
 from 210.175.7.20
2022/10/21 11:51:30 [/shop/user_data/pg_mulpay_recv.php] ******* receiveer data end ******* from 210.175.7.20
2022/10/21 11:51:35 [/shop/user_data/pg_mulpay_recv.php] update order status:1 order_id=947782 from 210.175.7.20
2022/10/21 11:51:35 [/shop/user_data/pg_mulpay_recv.php] pg_mulpay_recv.php set payment data:Array
(
    [ShopID] => 9000034600950
    [AccessID] => e8fb2211a389d2428ba97342fb26d297
    [OrderID] => 947782-21115129
    [Status] => CAPTURE
    [JobCd] => CAPTURE
    [Amount] => 8450
    [Tax] => 0
    [Currency] => JPN
    [Forward] => 2959876
    [Method] => 1
    [PayTimes] => 
    [TranID] => 2210211151602257210134170458
    [Approve] => 0341328
    [TranDate] => 20221021115130
    [ErrCode] => 
    [ErrInfo] => 
    [PayType] => 0
    [CvsCode] => 
    [CvsConfNo] => 
    [CvsReceiptNo] => 
    [EdyReceiptNo] => 
    [EdyOrderNo] => 
    [SuicaReceiptNo] => 
    [SuicaOrderNo] => 
    [CustID] => 
    [BkCode] => 
    [ConfNo] => 
    [PaymentTerm] => 
    [EncryptReceiptNo] => 
    [FinishDate] => 
    [ReceiptDate] => 
    [WebMoneyManagementNo] => 
    [WebMoneySettleCode] => 
    [AuPayInfoNo] => 
    [AuPayMethod] => 
    [AuCancelAmount] => 
    [AuCancelTax] => 
    [DocomoSettlementCode] => 
    [DocomoCancelAmount] => 
    [DocomoCancelTax] => 
    [pay_status] => 13
)
 from 210.175.7.20
2022/10/21 11:51:35 [/shop/user_data/pg_mulpay_recv.php] response:true from 210.175.7.20
2022/10/21 13:01:10 [/shop/shopping/load_payment_module.php] SendRequest:https://p01.mul-pay.jp/payment/EntryTran.idPass from 133.41.93.162
2022/10/21 13:01:10 [/shop/shopping/load_payment_module.php] Array
(
    [ShopID] => 9000034600950
    [ShopPass] => ******
    [OrderID] => 947783-21130110
    [JobCd] => CAPTURE
    [Amount] => 3050
    [TdFlag] => 0
    [TdTenantName] => 
)
 from 133.41.93.162
2022/10/21 13:01:10 [/shop/shopping/load_payment_module.php] AccessID=22c3180d7edee0ba54f03dc15187fd34&AccessPass=b0c1d564b0ff36045e052685710d6be9 from 133.41.93.162
2022/10/21 13:01:10 [/shop/shopping/load_payment_module.php] Array
(
    [0] => Array
        (
            [AccessID] => 22c3180d7edee0ba54f03dc15187fd34
            [AccessPass] => b0c1d564b0ff36045e052685710d6be9
        )

)
 from 133.41.93.162
2022/10/21 13:01:10 [/shop/shopping/load_payment_module.php] load_payment_module.php set payment data:Array
(
    [AccessID] => 22c3180d7edee0ba54f03dc15187fd34
    [AccessPass] => b0c1d564b0ff36045e052685710d6be9
    [OrderID] => 947783-21130110
    [Amount] => 3050
    [JobCd] => CAPTURE
    [action_status] => 1
    [pay_status] => 0
)
 from 133.41.93.162
2022/10/21 13:01:10 [/shop/shopping/load_payment_module.php] SendRequest:https://p01.mul-pay.jp/payment/ExecTran.idPass from 133.41.93.162
2022/10/21 13:01:10 [/shop/shopping/load_payment_module.php] Array
(
    [AccessID] => 22c3180d7edee0ba54f03dc15187fd34
    [AccessPass] => b0c1d564b0ff36045e052685710d6be9
    [OrderID] => 947783-21130110
    [Method] => 1
    [Token] => 9c354ea7cdc7adf5069c47524f6c6d9c5a520c400e5718f337179de8f75fb127
    [ClientField1] => 
    [ClientField2] => 
    [ClientField3] => EC-CUBE4.3.35
)
 from 133.41.93.162
2022/10/21 13:01:10 [/shop/shopping/load_payment_module.php] ACS=0&OrderID=947783-21130110&Forward=2S49631&Method=1&PayTimes=&Approve=0042983&TranID=2210211301602257210134160444&TranDate=20221021130110&CheckString=5e8776a6419de43f7b09d24525e6f41a from 133.41.93.162
2022/10/21 13:01:10 [/shop/shopping/load_payment_module.php] Array
(
    [0] => Array
        (
            [ACS] => 0
            [OrderID] => 947783-21130110
            [Forward] => 2S49631
            [Method] => 1
            [PayTimes] => 
            [Approve] => 0042983
            [TranID] => 2210211301602257210134160444
            [TranDate] => 20221021130110
            [CheckString] => 5e8776a6419de43f7b09d24525e6f41a
        )

)
 from 133.41.93.162
2022/10/21 13:01:10 [/shop/shopping/load_payment_module.php] load_payment_module.php set payment data:Array
(
    [ACS] => 0
    [Forward] => 2S49631
    [Method] => 1
    [PayTimes] => 
    [Approve] => 0042983
    [TranID] => 2210211301602257210134160444
    [TranDate] => 20221021130110
    [CheckString] => 5e8776a6419de43f7b09d24525e6f41a
    [Amount] => 3050
    [JobCd] => CAPTURE
    [action_status] => 3
    [pay_status] => 13
)
 from 133.41.93.162
2022/10/21 13:01:11 [/shop/user_data/pg_mulpay_recv.php] ******* receiveer data start ******* from 210.175.7.20
2022/10/21 13:01:11 [/shop/user_data/pg_mulpay_recv.php] Array
(
    [ShopID] => 9000034600950
    [ShopPass] => **********
    [AccessID] => 22c3180d7edee0ba54f03dc15187fd34
    [AccessPass] => ********************************
    [OrderID] => 947783-21130110
    [Status] => CAPTURE
    [JobCd] => CAPTURE
    [Amount] => 3050
    [Tax] => 0
    [Currency] => JPN
    [Forward] => 2S49631
    [Method] => 1
    [PayTimes] => 
    [TranID] => 2210211301602257210134160444
    [Approve] => 0042983
    [TranDate] => 20221021130110
    [ErrCode] => 
    [ErrInfo] => 
    [PayType] => 0
)
 from 210.175.7.20
2022/10/21 13:01:11 [/shop/user_data/pg_mulpay_recv.php] ******* receiveer data end ******* from 210.175.7.20
2022/10/21 13:01:16 [/shop/user_data/pg_mulpay_recv.php] update order status:1 order_id=947783 from 210.175.7.20
2022/10/21 13:01:16 [/shop/user_data/pg_mulpay_recv.php] pg_mulpay_recv.php set payment data:Array
(
    [ShopID] => 9000034600950
    [AccessID] => 22c3180d7edee0ba54f03dc15187fd34
    [OrderID] => 947783-21130110
    [Status] => CAPTURE
    [JobCd] => CAPTURE
    [Amount] => 3050
    [Tax] => 0
    [Currency] => JPN
    [Forward] => 2S49631
    [Method] => 1
    [PayTimes] => 
    [TranID] => 2210211301602257210134160444
    [Approve] => 0042983
    [TranDate] => 20221021130110
    [ErrCode] => 
    [ErrInfo] => 
    [PayType] => 0
    [CvsCode] => 
    [CvsConfNo] => 
    [CvsReceiptNo] => 
    [EdyReceiptNo] => 
    [EdyOrderNo] => 
    [SuicaReceiptNo] => 
    [SuicaOrderNo] => 
    [CustID] => 
    [BkCode] => 
    [ConfNo] => 
    [PaymentTerm] => 
    [EncryptReceiptNo] => 
    [FinishDate] => 
    [ReceiptDate] => 
    [WebMoneyManagementNo] => 
    [WebMoneySettleCode] => 
    [AuPayInfoNo] => 
    [AuPayMethod] => 
    [AuCancelAmount] => 
    [AuCancelTax] => 
    [DocomoSettlementCode] => 
    [DocomoCancelAmount] => 
    [DocomoCancelTax] => 
    [pay_status] => 13
)
 from 210.175.7.20
2022/10/21 13:01:16 [/shop/user_data/pg_mulpay_recv.php] response:true from 210.175.7.20
2022/10/21 13:31:26 [/shop/shopping/load_payment_module.php] SendRequest:https://p01.mul-pay.jp/payment/SearchMember.idPass from 125.12.69.184
2022/10/21 13:31:26 [/shop/shopping/load_payment_module.php] Array
(
    [SiteID] => mst0000007602
    [SitePass] => ******
    [MemberID] => 10712
)
 from 125.12.69.184
2022/10/21 13:31:26 [/shop/shopping/load_payment_module.php] ErrCode=E01&ErrInfo=E01390002 from 125.12.69.184
2022/10/21 13:31:26 [/shop/shopping/load_payment_module.php] Array
(
    [0] => Array
        (
            [ErrCode] => E01
            [ErrInfo] => E01390002
        )

)
 from 125.12.69.184
2022/10/21 13:31:26 [/shop/shopping/load_payment_module.php] SendRequest:https://p01.mul-pay.jp/payment/SearchCard.idPass from 125.12.69.184
2022/10/21 13:31:26 [/shop/shopping/load_payment_module.php] Array
(
    [SiteID] => mst0000007602
    [SitePass] => ******
    [MemberID] => 10712
)
 from 125.12.69.184
2022/10/21 13:31:26 [/shop/shopping/load_payment_module.php] ErrCode=E01|E01&ErrInfo=E01390002|E01240002 from 125.12.69.184
2022/10/21 13:31:26 [/shop/shopping/load_payment_module.php] Array
(
    [0] => Array
        (
            [ErrCode] => E01
            [ErrInfo] => E01390002
        )

    [1] => Array
        (
            [ErrCode] => E01
            [ErrInfo] => E01240002
        )

)
 from 125.12.69.184
2022/10/21 13:34:13 [/shop/shopping/load_payment_module.php] SendRequest:https://p01.mul-pay.jp/payment/SearchMember.idPass from 125.12.69.184
2022/10/21 13:34:13 [/shop/shopping/load_payment_module.php] Array
(
    [SiteID] => mst0000007602
    [SitePass] => ******
    [MemberID] => 10712
)
 from 125.12.69.184
2022/10/21 13:34:13 [/shop/shopping/load_payment_module.php] ErrCode=E01&ErrInfo=E01390002 from 125.12.69.184
2022/10/21 13:34:13 [/shop/shopping/load_payment_module.php] Array
(
    [0] => Array
        (
            [ErrCode] => E01
            [ErrInfo] => E01390002
        )

)
 from 125.12.69.184
2022/10/21 13:34:13 [/shop/shopping/load_payment_module.php] SendRequest:https://p01.mul-pay.jp/payment/SearchCard.idPass from 125.12.69.184
2022/10/21 13:34:13 [/shop/shopping/load_payment_module.php] Array
(
    [SiteID] => mst0000007602
    [SitePass] => ******
    [MemberID] => 10712
)
 from 125.12.69.184
2022/10/21 13:34:13 [/shop/shopping/load_payment_module.php] ErrCode=E01|E01&ErrInfo=E01390002|E01240002 from 125.12.69.184
2022/10/21 13:34:13 [/shop/shopping/load_payment_module.php] Array
(
    [0] => Array
        (
            [ErrCode] => E01
            [ErrInfo] => E01390002
        )

    [1] => Array
        (
            [ErrCode] => E01
            [ErrInfo] => E01240002
        )

)
 from 125.12.69.184
2022/10/21 13:34:13 [/shop/shopping/load_payment_module.php] SendRequest:https://p01.mul-pay.jp/payment/EntryTran.idPass from 125.12.69.184
2022/10/21 13:34:13 [/shop/shopping/load_payment_module.php] Array
(
    [ShopID] => 9000034600950
    [ShopPass] => ******
    [OrderID] => 947784-21133413
    [JobCd] => CAPTURE
    [Amount] => 1880
    [TdFlag] => 0
    [TdTenantName] => 
)
 from 125.12.69.184
2022/10/21 13:34:13 [/shop/shopping/load_payment_module.php] AccessID=e4a02da0cb0c7a0645ad1e590793fdfe&AccessPass=8d41d3b8d51a968837e78125ad20cdee from 125.12.69.184
2022/10/21 13:34:13 [/shop/shopping/load_payment_module.php] Array
(
    [0] => Array
        (
            [AccessID] => e4a02da0cb0c7a0645ad1e590793fdfe
            [AccessPass] => 8d41d3b8d51a968837e78125ad20cdee
        )

)
 from 125.12.69.184
2022/10/21 13:34:13 [/shop/shopping/load_payment_module.php] load_payment_module.php set payment data:Array
(
    [AccessID] => e4a02da0cb0c7a0645ad1e590793fdfe
    [AccessPass] => 8d41d3b8d51a968837e78125ad20cdee
    [OrderID] => 947784-21133413
    [Amount] => 1880
    [JobCd] => CAPTURE
    [action_status] => 1
    [pay_status] => 0
)
 from 125.12.69.184
2022/10/21 13:34:13 [/shop/shopping/load_payment_module.php] SendRequest:https://p01.mul-pay.jp/payment/ExecTran.idPass from 125.12.69.184
2022/10/21 13:34:13 [/shop/shopping/load_payment_module.php] Array
(
    [AccessID] => e4a02da0cb0c7a0645ad1e590793fdfe
    [AccessPass] => 8d41d3b8d51a968837e78125ad20cdee
    [OrderID] => 947784-21133413
    [Method] => 1
    [Token] => 942c596b156bbe5e351a4533241bee4958e3449358956a267d43fb1068aa36a7
    [ClientField1] => 
    [ClientField2] => 
    [ClientField3] => EC-CUBE4.3.35
)
 from 125.12.69.184
2022/10/21 13:34:14 [/shop/shopping/load_payment_module.php] ACS=0&OrderID=947784-21133413&Forward=2S49631&Method=1&PayTimes=&Approve=0696273&TranID=2210211334602257210134180470&TranDate=20221021133414&CheckString=6c6a886ec45cdef19e3b9b64e83b74e9 from 125.12.69.184
2022/10/21 13:34:14 [/shop/shopping/load_payment_module.php] Array
(
    [0] => Array
        (
            [ACS] => 0
            [OrderID] => 947784-21133413
            [Forward] => 2S49631
            [Method] => 1
            [PayTimes] => 
            [Approve] => 0696273
            [TranID] => 2210211334602257210134180470
            [TranDate] => 20221021133414
            [CheckString] => 6c6a886ec45cdef19e3b9b64e83b74e9
        )

)
 from 125.12.69.184
2022/10/21 13:34:14 [/shop/shopping/load_payment_module.php] load_payment_module.php set payment data:Array
(
    [ACS] => 0
    [Forward] => 2S49631
    [Method] => 1
    [PayTimes] => 
    [Approve] => 0696273
    [TranID] => 2210211334602257210134180470
    [TranDate] => 20221021133414
    [CheckString] => 6c6a886ec45cdef19e3b9b64e83b74e9
    [Amount] => 1880
    [JobCd] => CAPTURE
    [action_status] => 3
    [pay_status] => 13
)
 from 125.12.69.184
2022/10/21 13:34:14 [/shop/user_data/pg_mulpay_recv.php] ******* receiveer data start ******* from 210.175.7.20
2022/10/21 13:34:14 [/shop/user_data/pg_mulpay_recv.php] Array
(
    [ShopID] => 9000034600950
    [ShopPass] => **********
    [AccessID] => e4a02da0cb0c7a0645ad1e590793fdfe
    [AccessPass] => ********************************
    [OrderID] => 947784-21133413
    [Status] => CAPTURE
    [JobCd] => CAPTURE
    [Amount] => 1880
    [Tax] => 0
    [Currency] => JPN
    [Forward] => 2S49631
    [Method] => 1
    [PayTimes] => 
    [TranID] => 2210211334602257210134180470
    [Approve] => 0696273
    [TranDate] => 20221021133414
    [ErrCode] => 
    [ErrInfo] => 
    [PayType] => 0
)
 from 210.175.7.20
2022/10/21 13:34:14 [/shop/user_data/pg_mulpay_recv.php] ******* receiveer data end ******* from 210.175.7.20
2022/10/21 13:34:19 [/shop/user_data/pg_mulpay_recv.php] update order status:1 order_id=947784 from 210.175.7.20
2022/10/21 13:34:19 [/shop/user_data/pg_mulpay_recv.php] pg_mulpay_recv.php set payment data:Array
(
    [ShopID] => 9000034600950
    [AccessID] => e4a02da0cb0c7a0645ad1e590793fdfe
    [OrderID] => 947784-21133413
    [Status] => CAPTURE
    [JobCd] => CAPTURE
    [Amount] => 1880
    [Tax] => 0
    [Currency] => JPN
    [Forward] => 2S49631
    [Method] => 1
    [PayTimes] => 
    [TranID] => 2210211334602257210134180470
    [Approve] => 0696273
    [TranDate] => 20221021133414
    [ErrCode] => 
    [ErrInfo] => 
    [PayType] => 0
    [CvsCode] => 
    [CvsConfNo] => 
    [CvsReceiptNo] => 
    [EdyReceiptNo] => 
    [EdyOrderNo] => 
    [SuicaReceiptNo] => 
    [SuicaOrderNo] => 
    [CustID] => 
    [BkCode] => 
    [ConfNo] => 
    [PaymentTerm] => 
    [EncryptReceiptNo] => 
    [FinishDate] => 
    [ReceiptDate] => 
    [WebMoneyManagementNo] => 
    [WebMoneySettleCode] => 
    [AuPayInfoNo] => 
    [AuPayMethod] => 
    [AuCancelAmount] => 
    [AuCancelTax] => 
    [DocomoSettlementCode] => 
    [DocomoCancelAmount] => 
    [DocomoCancelTax] => 
    [pay_status] => 13
)
 from 210.175.7.20
2022/10/21 13:34:19 [/shop/user_data/pg_mulpay_recv.php] response:true from 210.175.7.20
2022/10/21 20:05:06 [/shop/shopping/load_payment_module.php] SendRequest:https://p01.mul-pay.jp/payment/EntryTran.idPass from 73.87.155.118
2022/10/21 20:05:06 [/shop/shopping/load_payment_module.php] Array
(
    [ShopID] => 9000034600950
    [ShopPass] => ******
    [OrderID] => 947785-21200506
    [JobCd] => CAPTURE
    [Amount] => 10500
    [TdFlag] => 0
    [TdTenantName] => 
)
 from 73.87.155.118
2022/10/21 20:05:06 [/shop/shopping/load_payment_module.php] AccessID=e6bb758f29144981565e909c23e1d63d&AccessPass=ecd7684063c37bf98c7d2830d3fde53c from 73.87.155.118
2022/10/21 20:05:06 [/shop/shopping/load_payment_module.php] Array
(
    [0] => Array
        (
            [AccessID] => e6bb758f29144981565e909c23e1d63d
            [AccessPass] => ecd7684063c37bf98c7d2830d3fde53c
        )

)
 from 73.87.155.118
2022/10/21 20:05:06 [/shop/shopping/load_payment_module.php] load_payment_module.php set payment data:Array
(
    [AccessID] => e6bb758f29144981565e909c23e1d63d
    [AccessPass] => ecd7684063c37bf98c7d2830d3fde53c
    [OrderID] => 947785-21200506
    [Amount] => 10500
    [JobCd] => CAPTURE
    [action_status] => 1
    [pay_status] => 0
)
 from 73.87.155.118
2022/10/21 20:05:06 [/shop/shopping/load_payment_module.php] SendRequest:https://p01.mul-pay.jp/payment/ExecTran.idPass from 73.87.155.118
2022/10/21 20:05:06 [/shop/shopping/load_payment_module.php] Array
(
    [AccessID] => e6bb758f29144981565e909c23e1d63d
    [AccessPass] => ecd7684063c37bf98c7d2830d3fde53c
    [OrderID] => 947785-21200506
    [Method] => 1
    [Token] => 3dd92e12745448e77f23bef24632b66b1090707e1f1ce4c138cae4f187d3185c
    [ClientField1] => 
    [ClientField2] => 
    [ClientField3] => EC-CUBE4.3.35
)
 from 73.87.155.118
2022/10/21 20:05:07 [/shop/shopping/load_payment_module.php] ErrCode=G65&ErrInfo=42G650000 from 73.87.155.118
2022/10/21 20:05:07 [/shop/shopping/load_payment_module.php] Array
(
    [0] => Array
        (
            [ErrCode] => G65
            [ErrInfo] => 42G650000
        )

)
 from 73.87.155.118
2022/10/21 20:05:07 [/shop/shopping/load_payment_module.php] load_payment_module.php set payment data:Array
(
    [request_error] => Array
        (
            [0] => カード番号に誤りがあるために、決済を完了する事が出来ませんでした。 (G65-42G650000)
        )

    [Amount] => 10500
    [JobCd] => CAPTURE
    [action_status] => 3
)
 from 73.87.155.118
2022/10/21 20:05:07 [/shop/user_data/pg_mulpay_recv.php] ******* receiveer data start ******* from 210.175.7.20
2022/10/21 20:05:07 [/shop/user_data/pg_mulpay_recv.php] Array
(
    [ShopID] => 9000034600950
    [ShopPass] => **********
    [AccessID] => e6bb758f29144981565e909c23e1d63d
    [AccessPass] => ********************************
    [OrderID] => 947785-21200506
    [Status] => UNPROCESSED
    [JobCd] => CAPTURE
    [Amount] => 10500
    [Tax] => 0
    [Currency] => JPN
    [Forward] => 2S49631
    [Method] => 1
    [PayTimes] => 
    [TranID] => 2210212005602257210134180471
    [Approve] =>        
    [TranDate] => 20221021200507
    [ErrCode] => G65
    [ErrInfo] => 42G650000
    [PayType] => 0
)
 from 210.175.7.20
2022/10/21 20:05:07 [/shop/user_data/pg_mulpay_recv.php] ******* receiveer data end ******* from 210.175.7.20
2022/10/21 20:05:07 [/shop/user_data/pg_mulpay_recv.php] pg_mulpay_recv.php set payment data:Array
(
    [ShopID] => 9000034600950
    [AccessID] => e6bb758f29144981565e909c23e1d63d
    [OrderID] => 947785-21200506
    [Status] => UNPROCESSED
    [JobCd] => CAPTURE
    [Amount] => 10500
    [Tax] => 0
    [Currency] => JPN
    [Forward] => 2S49631
    [Method] => 1
    [PayTimes] => 
    [TranID] => 2210212005602257210134180471
    [Approve] => 
    [TranDate] => 20221021200507
    [ErrCode] => G65
    [ErrInfo] => 42G650000
    [PayType] => 0
    [CvsCode] => 
    [CvsConfNo] => 
    [CvsReceiptNo] => 
    [EdyReceiptNo] => 
    [EdyOrderNo] => 
    [SuicaReceiptNo] => 
    [SuicaOrderNo] => 
    [CustID] => 
    [BkCode] => 
    [ConfNo] => 
    [PaymentTerm] => 
    [EncryptReceiptNo] => 
    [FinishDate] => 
    [ReceiptDate] => 
    [WebMoneyManagementNo] => 
    [WebMoneySettleCode] => 
    [AuPayInfoNo] => 
    [AuPayMethod] => 
    [AuCancelAmount] => 
    [AuCancelTax] => 
    [DocomoSettlementCode] => 
    [DocomoCancelAmount] => 
    [DocomoCancelTax] => 
    [pay_status] => 0
)
 from 210.175.7.20
2022/10/21 20:05:07 [/shop/user_data/pg_mulpay_recv.php] response:true from 210.175.7.20
2022/10/21 20:05:45 [/shop/shopping/load_payment_module.php] SendRequest:https://p01.mul-pay.jp/payment/ExecTran.idPass from 73.87.155.118
2022/10/21 20:05:45 [/shop/shopping/load_payment_module.php] Array
(
    [AccessID] => e6bb758f29144981565e909c23e1d63d
    [AccessPass] => ecd7684063c37bf98c7d2830d3fde53c
    [OrderID] => 947785-21200506
    [Method] => 1
    [PayTimes] => 
    [Token] => 832fb577232f86c8573a2074fac788489097e53d465680c72782fdcfff03faa1
    [ClientField1] => 
    [ClientField2] => 
    [ClientField3] => EC-CUBE4.3.35
)
 from 73.87.155.118
2022/10/21 20:05:46 [/shop/shopping/load_payment_module.php] ACS=0&OrderID=947785-21200506&Forward=2S49631&Method=1&PayTimes=&Approve=0063714&TranID=2210212005602257210134160445&TranDate=20221021200546&CheckString=8f048e381ce702180d14046df166db01 from 73.87.155.118
2022/10/21 20:05:46 [/shop/shopping/load_payment_module.php] Array
(
    [0] => Array
        (
            [ACS] => 0
            [OrderID] => 947785-21200506
            [Forward] => 2S49631
            [Method] => 1
            [PayTimes] => 
            [Approve] => 0063714
            [TranID] => 2210212005602257210134160445
            [TranDate] => 20221021200546
            [CheckString] => 8f048e381ce702180d14046df166db01
        )

)
 from 73.87.155.118
2022/10/21 20:05:46 [/shop/shopping/load_payment_module.php] load_payment_module.php set payment data:Array
(
    [ACS] => 0
    [Forward] => 2S49631
    [Method] => 1
    [PayTimes] => 
    [Approve] => 0063714
    [TranID] => 2210212005602257210134160445
    [TranDate] => 20221021200546
    [CheckString] => 8f048e381ce702180d14046df166db01
    [Amount] => 10500
    [JobCd] => CAPTURE
    [action_status] => 3
    [pay_status] => 13
)
 from 73.87.155.118
2022/10/21 20:05:46 [/shop/user_data/pg_mulpay_recv.php] ******* receiveer data start ******* from 210.175.7.20
2022/10/21 20:05:46 [/shop/user_data/pg_mulpay_recv.php] Array
(
    [ShopID] => 9000034600950
    [ShopPass] => **********
    [AccessID] => e6bb758f29144981565e909c23e1d63d
    [AccessPass] => ********************************
    [OrderID] => 947785-21200506
    [Status] => CAPTURE
    [JobCd] => CAPTURE
    [Amount] => 10500
    [Tax] => 0
    [Currency] => JPN
    [Forward] => 2S49631
    [Method] => 1
    [PayTimes] => 
    [TranID] => 2210212005602257210134160445
    [Approve] => 0063714
    [TranDate] => 20221021200546
    [ErrCode] => 
    [ErrInfo] => 
    [PayType] => 0
)
 from 210.175.7.20
2022/10/21 20:05:46 [/shop/user_data/pg_mulpay_recv.php] ******* receiveer data end ******* from 210.175.7.20
2022/10/21 20:05:51 [/shop/user_data/pg_mulpay_recv.php] update order status:1 order_id=947785 from 210.175.7.20
2022/10/21 20:05:51 [/shop/user_data/pg_mulpay_recv.php] pg_mulpay_recv.php set payment data:Array
(
    [ShopID] => 9000034600950
    [AccessID] => e6bb758f29144981565e909c23e1d63d
    [OrderID] => 947785-21200506
    [Status] => CAPTURE
    [JobCd] => CAPTURE
    [Amount] => 10500
    [Tax] => 0
    [Currency] => JPN
    [Forward] => 2S49631
    [Method] => 1
    [PayTimes] => 
    [TranID] => 2210212005602257210134160445
    [Approve] => 0063714
    [TranDate] => 20221021200546
    [PayType] => 0
    [CvsCode] => 
    [CvsConfNo] => 
    [CvsReceiptNo] => 
    [EdyReceiptNo] => 
    [EdyOrderNo] => 
    [SuicaReceiptNo] => 
    [SuicaOrderNo] => 
    [CustID] => 
    [BkCode] => 
    [ConfNo] => 
    [PaymentTerm] => 
    [EncryptReceiptNo] => 
    [FinishDate] => 
    [ReceiptDate] => 
    [WebMoneyManagementNo] => 
    [WebMoneySettleCode] => 
    [AuPayInfoNo] => 
    [AuPayMethod] => 
    [AuCancelAmount] => 
    [AuCancelTax] => 
    [DocomoSettlementCode] => 
    [DocomoCancelAmount] => 
    [DocomoCancelTax] => 
    [pay_status] => 13
)
 from 210.175.7.20
2022/10/21 20:05:51 [/shop/user_data/pg_mulpay_recv.php] response:true from 210.175.7.20
2022/10/21 20:23:43 [/shop/shopping/load_payment_module.php] SendRequest:https://p01.mul-pay.jp/payment/EntryTran.idPass from 178.202.7.206
2022/10/21 20:23:43 [/shop/shopping/load_payment_module.php] Array
(
    [ShopID] => 9000034600950
    [ShopPass] => ******
    [OrderID] => 947786-21202343
    [JobCd] => CAPTURE
    [Amount] => 9550
    [TdFlag] => 0
    [TdTenantName] => 
)
 from 178.202.7.206
2022/10/21 20:23:43 [/shop/shopping/load_payment_module.php] AccessID=a0f42092cb7fbbf6e95da9f939570d82&AccessPass=fef114358e01212b37d4ae046fe6cbf9 from 178.202.7.206
2022/10/21 20:23:43 [/shop/shopping/load_payment_module.php] Array
(
    [0] => Array
        (
            [AccessID] => a0f42092cb7fbbf6e95da9f939570d82
            [AccessPass] => fef114358e01212b37d4ae046fe6cbf9
        )

)
 from 178.202.7.206
2022/10/21 20:23:43 [/shop/shopping/load_payment_module.php] load_payment_module.php set payment data:Array
(
    [AccessID] => a0f42092cb7fbbf6e95da9f939570d82
    [AccessPass] => fef114358e01212b37d4ae046fe6cbf9
    [OrderID] => 947786-21202343
    [Amount] => 9550
    [JobCd] => CAPTURE
    [action_status] => 1
    [pay_status] => 0
)
 from 178.202.7.206
2022/10/21 20:23:43 [/shop/shopping/load_payment_module.php] SendRequest:https://p01.mul-pay.jp/payment/ExecTran.idPass from 178.202.7.206
2022/10/21 20:23:43 [/shop/shopping/load_payment_module.php] Array
(
    [AccessID] => a0f42092cb7fbbf6e95da9f939570d82
    [AccessPass] => fef114358e01212b37d4ae046fe6cbf9
    [OrderID] => 947786-21202343
    [Method] => 1
    [Token] => 52aeb5aa74477fb9f05cea26600c25953e71b823177256b0b2fd124d71579534
    [ClientField1] => 
    [ClientField2] => 
    [ClientField3] => EC-CUBE4.3.35
)
 from 178.202.7.206
2022/10/21 20:23:44 [/shop/shopping/load_payment_module.php] ACS=0&OrderID=947786-21202343&Forward=2959876&Method=1&PayTimes=&Approve=0345716&TranID=2210212023602257210134160446&TranDate=20221021202344&CheckString=00db1dc8a09a98e5e613edd63abb2e61 from 178.202.7.206
2022/10/21 20:23:44 [/shop/shopping/load_payment_module.php] Array
(
    [0] => Array
        (
            [ACS] => 0
            [OrderID] => 947786-21202343
            [Forward] => 2959876
            [Method] => 1
            [PayTimes] => 
            [Approve] => 0345716
            [TranID] => 2210212023602257210134160446
            [TranDate] => 20221021202344
            [CheckString] => 00db1dc8a09a98e5e613edd63abb2e61
        )

)
 from 178.202.7.206
2022/10/21 20:23:44 [/shop/shopping/load_payment_module.php] load_payment_module.php set payment data:Array
(
    [ACS] => 0
    [Forward] => 2959876
    [Method] => 1
    [PayTimes] => 
    [Approve] => 0345716
    [TranID] => 2210212023602257210134160446
    [TranDate] => 20221021202344
    [CheckString] => 00db1dc8a09a98e5e613edd63abb2e61
    [Amount] => 9550
    [JobCd] => CAPTURE
    [action_status] => 3
    [pay_status] => 13
)
 from 178.202.7.206
2022/10/21 20:23:44 [/shop/user_data/pg_mulpay_recv.php] ******* receiveer data start ******* from 210.175.7.20
2022/10/21 20:23:44 [/shop/user_data/pg_mulpay_recv.php] Array
(
    [ShopID] => 9000034600950
    [ShopPass] => **********
    [AccessID] => a0f42092cb7fbbf6e95da9f939570d82
    [AccessPass] => ********************************
    [OrderID] => 947786-21202343
    [Status] => CAPTURE
    [JobCd] => CAPTURE
    [Amount] => 9550
    [Tax] => 0
    [Currency] => JPN
    [Forward] => 2959876
    [Method] => 1
    [PayTimes] => 
    [TranID] => 2210212023602257210134160446
    [Approve] => 0345716
    [TranDate] => 20221021202344
    [ErrCode] => 
    [ErrInfo] => 
    [PayType] => 0
)
 from 210.175.7.20
2022/10/21 20:23:44 [/shop/user_data/pg_mulpay_recv.php] ******* receiveer data end ******* from 210.175.7.20
2022/10/21 20:23:49 [/shop/user_data/pg_mulpay_recv.php] update order status:1 order_id=947786 from 210.175.7.20
2022/10/21 20:23:49 [/shop/user_data/pg_mulpay_recv.php] pg_mulpay_recv.php set payment data:Array
(
    [ShopID] => 9000034600950
    [AccessID] => a0f42092cb7fbbf6e95da9f939570d82
    [OrderID] => 947786-21202343
    [Status] => CAPTURE
    [JobCd] => CAPTURE
    [Amount] => 9550
    [Tax] => 0
    [Currency] => JPN
    [Forward] => 2959876
    [Method] => 1
    [PayTimes] => 
    [TranID] => 2210212023602257210134160446
    [Approve] => 0345716
    [TranDate] => 20221021202344
    [ErrCode] => 
    [ErrInfo] => 
    [PayType] => 0
    [CvsCode] => 
    [CvsConfNo] => 
    [CvsReceiptNo] => 
    [EdyReceiptNo] => 
    [EdyOrderNo] => 
    [SuicaReceiptNo] => 
    [SuicaOrderNo] => 
    [CustID] => 
    [BkCode] => 
    [ConfNo] => 
    [PaymentTerm] => 
    [EncryptReceiptNo] => 
    [FinishDate] => 
    [ReceiptDate] => 
    [WebMoneyManagementNo] => 
    [WebMoneySettleCode] => 
    [AuPayInfoNo] => 
    [AuPayMethod] => 
    [AuCancelAmount] => 
    [AuCancelTax] => 
    [DocomoSettlementCode] => 
    [DocomoCancelAmount] => 
    [DocomoCancelTax] => 
    [pay_status] => 13
)
 from 210.175.7.20
2022/10/21 20:23:49 [/shop/user_data/pg_mulpay_recv.php] response:true from 210.175.7.20
2022/10/21 20:57:12 [/shop/shopping/load_payment_module.php] SendRequest:https://p01.mul-pay.jp/payment/EntryTran.idPass from 165.225.209.64
2022/10/21 20:57:12 [/shop/shopping/load_payment_module.php] Array
(
    [ShopID] => 9000034600950
    [ShopPass] => ******
    [OrderID] => 947787-21205712
    [JobCd] => CAPTURE
    [Amount] => 5510
    [TdFlag] => 0
    [TdTenantName] => 
)
 from 165.225.209.64
2022/10/21 20:57:12 [/shop/shopping/load_payment_module.php] AccessID=573a1a9314b840b4f7d60c8d792ad8fc&AccessPass=098697a41b43b023976728687a0d9a87 from 165.225.209.64
2022/10/21 20:57:12 [/shop/shopping/load_payment_module.php] Array
(
    [0] => Array
        (
            [AccessID] => 573a1a9314b840b4f7d60c8d792ad8fc
            [AccessPass] => 098697a41b43b023976728687a0d9a87
        )

)
 from 165.225.209.64
2022/10/21 20:57:12 [/shop/shopping/load_payment_module.php] load_payment_module.php set payment data:Array
(
    [AccessID] => 573a1a9314b840b4f7d60c8d792ad8fc
    [AccessPass] => 098697a41b43b023976728687a0d9a87
    [OrderID] => 947787-21205712
    [Amount] => 5510
    [JobCd] => CAPTURE
    [action_status] => 1
    [pay_status] => 0
)
 from 165.225.209.64
2022/10/21 20:57:12 [/shop/shopping/load_payment_module.php] SendRequest:https://p01.mul-pay.jp/payment/ExecTran.idPass from 165.225.209.64
2022/10/21 20:57:12 [/shop/shopping/load_payment_module.php] Array
(
    [AccessID] => 573a1a9314b840b4f7d60c8d792ad8fc
    [AccessPass] => 098697a41b43b023976728687a0d9a87
    [OrderID] => 947787-21205712
    [Method] => 1
    [Token] => f33dc122f66489fee7d1137649cf941ef5b79c451a7dbb5e931c40390dedcd30
    [ClientField1] => 
    [ClientField2] => 
    [ClientField3] => EC-CUBE4.3.35
)
 from 165.225.209.64
2022/10/21 20:57:13 [/shop/shopping/load_payment_module.php] ACS=0&OrderID=947787-21205712&Forward=2S49631&Method=1&PayTimes=&Approve=0057302&TranID=2210212057602257210134150430&TranDate=20221021205713&CheckString=70e8d16f7ca5df254b0c58099bd758e7 from 165.225.209.64
2022/10/21 20:57:13 [/shop/shopping/load_payment_module.php] Array
(
    [0] => Array
        (
            [ACS] => 0
            [OrderID] => 947787-21205712
            [Forward] => 2S49631
            [Method] => 1
            [PayTimes] => 
            [Approve] => 0057302
            [TranID] => 2210212057602257210134150430
            [TranDate] => 20221021205713
            [CheckString] => 70e8d16f7ca5df254b0c58099bd758e7
        )

)
 from 165.225.209.64
2022/10/21 20:57:13 [/shop/shopping/load_payment_module.php] load_payment_module.php set payment data:Array
(
    [ACS] => 0
    [Forward] => 2S49631
    [Method] => 1
    [PayTimes] => 
    [Approve] => 0057302
    [TranID] => 2210212057602257210134150430
    [TranDate] => 20221021205713
    [CheckString] => 70e8d16f7ca5df254b0c58099bd758e7
    [Amount] => 5510
    [JobCd] => CAPTURE
    [action_status] => 3
    [pay_status] => 13
)
 from 165.225.209.64
2022/10/21 20:57:13 [/shop/user_data/pg_mulpay_recv.php] ******* receiveer data start ******* from 210.175.7.20
2022/10/21 20:57:13 [/shop/user_data/pg_mulpay_recv.php] Array
(
    [ShopID] => 9000034600950
    [ShopPass] => **********
    [AccessID] => 573a1a9314b840b4f7d60c8d792ad8fc
    [AccessPass] => ********************************
    [OrderID] => 947787-21205712
    [Status] => CAPTURE
    [JobCd] => CAPTURE
    [Amount] => 5510
    [Tax] => 0
    [Currency] => JPN
    [Forward] => 2S49631
    [Method] => 1
    [PayTimes] => 
    [TranID] => 2210212057602257210134150430
    [Approve] => 0057302
    [TranDate] => 20221021205713
    [ErrCode] => 
    [ErrInfo] => 
    [PayType] => 0
)
 from 210.175.7.20
2022/10/21 20:57:13 [/shop/user_data/pg_mulpay_recv.php] ******* receiveer data end ******* from 210.175.7.20
2022/10/21 20:57:18 [/shop/user_data/pg_mulpay_recv.php] update order status:1 order_id=947787 from 210.175.7.20
2022/10/21 20:57:18 [/shop/user_data/pg_mulpay_recv.php] pg_mulpay_recv.php set payment data:Array
(
    [ShopID] => 9000034600950
    [AccessID] => 573a1a9314b840b4f7d60c8d792ad8fc
    [OrderID] => 947787-21205712
    [Status] => CAPTURE
    [JobCd] => CAPTURE
    [Amount] => 5510
    [Tax] => 0
    [Currency] => JPN
    [Forward] => 2S49631
    [Method] => 1
    [PayTimes] => 
    [TranID] => 2210212057602257210134150430
    [Approve] => 0057302
    [TranDate] => 20221021205713
    [ErrCode] => 
    [ErrInfo] => 
    [PayType] => 0
    [CvsCode] => 
    [CvsConfNo] => 
    [CvsReceiptNo] => 
    [EdyReceiptNo] => 
    [EdyOrderNo] => 
    [SuicaReceiptNo] => 
    [SuicaOrderNo] => 
    [CustID] => 
    [BkCode] => 
    [ConfNo] => 
    [PaymentTerm] => 
    [EncryptReceiptNo] => 
    [FinishDate] => 
    [ReceiptDate] => 
    [WebMoneyManagementNo] => 
    [WebMoneySettleCode] => 
    [AuPayInfoNo] => 
    [AuPayMethod] => 
    [AuCancelAmount] => 
    [AuCancelTax] => 
    [DocomoSettlementCode] => 
    [DocomoCancelAmount] => 
    [DocomoCancelTax] => 
    [pay_status] => 13
)
 from 210.175.7.20
2022/10/21 20:57:18 [/shop/user_data/pg_mulpay_recv.php] response:true from 210.175.7.20
2022/10/21 22:57:02 [/shop/shopping/load_payment_module.php] SendRequest:https://p01.mul-pay.jp/payment/SearchMember.idPass from 126.164.162.117
2022/10/21 22:57:02 [/shop/shopping/load_payment_module.php] Array
(
    [SiteID] => mst0000007602
    [SitePass] => ******
    [MemberID] => 8515
)
 from 126.164.162.117
2022/10/21 22:57:02 [/shop/shopping/load_payment_module.php] MemberID=8515&MemberName=r5c5abe45d1ab7xZPEg2dH&DeleteFlag=0 from 126.164.162.117
2022/10/21 22:57:02 [/shop/shopping/load_payment_module.php] Array
(
    [0] => Array
        (
            [MemberID] => 8515
            [MemberName] => r5c5abe45d1ab7xZPEg2dH
            [DeleteFlag] => 0
        )

)
 from 126.164.162.117
2022/10/21 22:57:02 [/shop/shopping/load_payment_module.php] SendRequest:https://p01.mul-pay.jp/payment/SearchCard.idPass from 126.164.162.117
2022/10/21 22:57:02 [/shop/shopping/load_payment_module.php] Array
(
    [SiteID] => mst0000007602
    [SitePass] => ******
    [MemberID] => 8515
)
 from 126.164.162.117
2022/10/21 22:57:02 [/shop/shopping/load_payment_module.php] ErrCode=E01&ErrInfo=E01240002 from 126.164.162.117
2022/10/21 22:57:02 [/shop/shopping/load_payment_module.php] Array
(
    [0] => Array
        (
            [ErrCode] => E01
            [ErrInfo] => E01240002
        )

)
 from 126.164.162.117
2022/10/21 22:58:04 [/shop/shopping/load_payment_module.php] SendRequest:https://p01.mul-pay.jp/payment/SearchMember.idPass from 126.164.162.117
2022/10/21 22:58:04 [/shop/shopping/load_payment_module.php] Array
(
    [SiteID] => mst0000007602
    [SitePass] => ******
    [MemberID] => 8515
)
 from 126.164.162.117
2022/10/21 22:58:04 [/shop/shopping/load_payment_module.php] MemberID=8515&MemberName=r5c5abe45d1ab7xZPEg2dH&DeleteFlag=0 from 126.164.162.117
2022/10/21 22:58:04 [/shop/shopping/load_payment_module.php] Array
(
    [0] => Array
        (
            [MemberID] => 8515
            [MemberName] => r5c5abe45d1ab7xZPEg2dH
            [DeleteFlag] => 0
        )

)
 from 126.164.162.117
2022/10/21 22:58:04 [/shop/shopping/load_payment_module.php] SendRequest:https://p01.mul-pay.jp/payment/SearchCard.idPass from 126.164.162.117
2022/10/21 22:58:04 [/shop/shopping/load_payment_module.php] Array
(
    [SiteID] => mst0000007602
    [SitePass] => ******
    [MemberID] => 8515
)
 from 126.164.162.117
2022/10/21 22:58:04 [/shop/shopping/load_payment_module.php] ErrCode=E01&ErrInfo=E01240002 from 126.164.162.117
2022/10/21 22:58:04 [/shop/shopping/load_payment_module.php] Array
(
    [0] => Array
        (
            [ErrCode] => E01
            [ErrInfo] => E01240002
        )

)
 from 126.164.162.117
2022/10/21 22:58:51 [/shop/shopping/load_payment_module.php] SendRequest:https://p01.mul-pay.jp/payment/SearchMember.idPass from 126.164.162.117
2022/10/21 22:58:51 [/shop/shopping/load_payment_module.php] Array
(
    [SiteID] => mst0000007602
    [SitePass] => ******
    [MemberID] => 8515
)
 from 126.164.162.117
2022/10/21 22:58:51 [/shop/shopping/load_payment_module.php] MemberID=8515&MemberName=r5c5abe45d1ab7xZPEg2dH&DeleteFlag=0 from 126.164.162.117
2022/10/21 22:58:51 [/shop/shopping/load_payment_module.php] Array
(
    [0] => Array
        (
            [MemberID] => 8515
            [MemberName] => r5c5abe45d1ab7xZPEg2dH
            [DeleteFlag] => 0
        )

)
 from 126.164.162.117
2022/10/21 22:58:51 [/shop/shopping/load_payment_module.php] SendRequest:https://p01.mul-pay.jp/payment/SearchCard.idPass from 126.164.162.117
2022/10/21 22:58:51 [/shop/shopping/load_payment_module.php] Array
(
    [SiteID] => mst0000007602
    [SitePass] => ******
    [MemberID] => 8515
)
 from 126.164.162.117
2022/10/21 22:58:51 [/shop/shopping/load_payment_module.php] ErrCode=E01&ErrInfo=E01240002 from 126.164.162.117
2022/10/21 22:58:51 [/shop/shopping/load_payment_module.php] Array
(
    [0] => Array
        (
            [ErrCode] => E01
            [ErrInfo] => E01240002
        )

)
 from 126.164.162.117
2022/10/21 22:59:48 [/shop/shopping/load_payment_module.php] SendRequest:https://p01.mul-pay.jp/payment/SearchMember.idPass from 126.164.162.117
2022/10/21 22:59:48 [/shop/shopping/load_payment_module.php] Array
(
    [SiteID] => mst0000007602
    [SitePass] => ******
    [MemberID] => 8515
)
 from 126.164.162.117
2022/10/21 22:59:48 [/shop/shopping/load_payment_module.php] MemberID=8515&MemberName=r5c5abe45d1ab7xZPEg2dH&DeleteFlag=0 from 126.164.162.117
2022/10/21 22:59:48 [/shop/shopping/load_payment_module.php] Array
(
    [0] => Array
        (
            [MemberID] => 8515
            [MemberName] => r5c5abe45d1ab7xZPEg2dH
            [DeleteFlag] => 0
        )

)
 from 126.164.162.117
2022/10/21 22:59:48 [/shop/shopping/load_payment_module.php] SendRequest:https://p01.mul-pay.jp/payment/SearchCard.idPass from 126.164.162.117
2022/10/21 22:59:48 [/shop/shopping/load_payment_module.php] Array
(
    [SiteID] => mst0000007602
    [SitePass] => ******
    [MemberID] => 8515
)
 from 126.164.162.117
2022/10/21 22:59:48 [/shop/shopping/load_payment_module.php] ErrCode=E01&ErrInfo=E01240002 from 126.164.162.117
2022/10/21 22:59:48 [/shop/shopping/load_payment_module.php] Array
(
    [0] => Array
        (
            [ErrCode] => E01
            [ErrInfo] => E01240002
        )

)
 from 126.164.162.117
2022/10/21 22:59:48 [/shop/shopping/load_payment_module.php] SendRequest:https://p01.mul-pay.jp/payment/EntryTran.idPass from 126.164.162.117
2022/10/21 22:59:48 [/shop/shopping/load_payment_module.php] Array
(
    [ShopID] => 9000034600950
    [ShopPass] => ******
    [OrderID] => 947789-21225948
    [JobCd] => CAPTURE
    [Amount] => 30011
    [TdFlag] => 0
    [TdTenantName] => 
)
 from 126.164.162.117
2022/10/21 22:59:48 [/shop/shopping/load_payment_module.php] AccessID=765c91c4eb0846d5b7e98676a6ab366c&AccessPass=8f84dc3c2434b43f9484e3eb3cb09b3d from 126.164.162.117
2022/10/21 22:59:48 [/shop/shopping/load_payment_module.php] Array
(
    [0] => Array
        (
            [AccessID] => 765c91c4eb0846d5b7e98676a6ab366c
            [AccessPass] => 8f84dc3c2434b43f9484e3eb3cb09b3d
        )

)
 from 126.164.162.117
2022/10/21 22:59:48 [/shop/shopping/load_payment_module.php] load_payment_module.php set payment data:Array
(
    [AccessID] => 765c91c4eb0846d5b7e98676a6ab366c
    [AccessPass] => 8f84dc3c2434b43f9484e3eb3cb09b3d
    [OrderID] => 947789-21225948
    [Amount] => 30011
    [JobCd] => CAPTURE
    [action_status] => 1
    [pay_status] => 0
)
 from 126.164.162.117
2022/10/21 22:59:48 [/shop/shopping/load_payment_module.php] SendRequest:https://p01.mul-pay.jp/payment/ExecTran.idPass from 126.164.162.117
2022/10/21 22:59:48 [/shop/shopping/load_payment_module.php] Array
(
    [AccessID] => 765c91c4eb0846d5b7e98676a6ab366c
    [AccessPass] => 8f84dc3c2434b43f9484e3eb3cb09b3d
    [OrderID] => 947789-21225948
    [Method] => 1
    [Token] => 1fc53489aa0e4202bdc532896792769395b4e573b5f04bd55b6b494f930fabbc
    [ClientField1] => 
    [ClientField2] => 
    [ClientField3] => EC-CUBE4.3.35
)
 from 126.164.162.117
2022/10/21 22:59:50 [/shop/shopping/load_payment_module.php] ACS=0&OrderID=947789-21225948&Forward=2959876&Method=1&PayTimes=&Approve=0155949&TranID=2210212259602257210134160447&TranDate=20221021225950&CheckString=a5332ce5ff29a7b333dc0c56927ebd57 from 126.164.162.117
2022/10/21 22:59:50 [/shop/shopping/load_payment_module.php] Array
(
    [0] => Array
        (
            [ACS] => 0
            [OrderID] => 947789-21225948
            [Forward] => 2959876
            [Method] => 1
            [PayTimes] => 
            [Approve] => 0155949
            [TranID] => 2210212259602257210134160447
            [TranDate] => 20221021225950
            [CheckString] => a5332ce5ff29a7b333dc0c56927ebd57
        )

)
 from 126.164.162.117
2022/10/21 22:59:50 [/shop/shopping/load_payment_module.php] load_payment_module.php set payment data:Array
(
    [ACS] => 0
    [Forward] => 2959876
    [Method] => 1
    [PayTimes] => 
    [Approve] => 0155949
    [TranID] => 2210212259602257210134160447
    [TranDate] => 20221021225950
    [CheckString] => a5332ce5ff29a7b333dc0c56927ebd57
    [Amount] => 30011
    [JobCd] => CAPTURE
    [action_status] => 3
    [pay_status] => 13
)
 from 126.164.162.117
2022/10/21 22:59:50 [/shop/user_data/pg_mulpay_recv.php] ******* receiveer data start ******* from 210.175.7.20
2022/10/21 22:59:50 [/shop/user_data/pg_mulpay_recv.php] Array
(
    [ShopID] => 9000034600950
    [ShopPass] => **********
    [AccessID] => 765c91c4eb0846d5b7e98676a6ab366c
    [AccessPass] => ********************************
    [OrderID] => 947789-21225948
    [Status] => CAPTURE
    [JobCd] => CAPTURE
    [Amount] => 30011
    [Tax] => 0
    [Currency] => JPN
    [Forward] => 2959876
    [Method] => 1
    [PayTimes] => 
    [TranID] => 2210212259602257210134160447
    [Approve] => 0155949
    [TranDate] => 20221021225950
    [ErrCode] => 
    [ErrInfo] => 
    [PayType] => 0
)
 from 210.175.7.20
2022/10/21 22:59:50 [/shop/user_data/pg_mulpay_recv.php] ******* receiveer data end ******* from 210.175.7.20
2022/10/21 22:59:55 [/shop/user_data/pg_mulpay_recv.php] update order status:1 order_id=947789 from 210.175.7.20
2022/10/21 22:59:55 [/shop/user_data/pg_mulpay_recv.php] pg_mulpay_recv.php set payment data:Array
(
    [ShopID] => 9000034600950
    [AccessID] => 765c91c4eb0846d5b7e98676a6ab366c
    [OrderID] => 947789-21225948
    [Status] => CAPTURE
    [JobCd] => CAPTURE
    [Amount] => 30011
    [Tax] => 0
    [Currency] => JPN
    [Forward] => 2959876
    [Method] => 1
    [PayTimes] => 
    [TranID] => 2210212259602257210134160447
    [Approve] => 0155949
    [TranDate] => 20221021225950
    [ErrCode] => 
    [ErrInfo] => 
    [PayType] => 0
    [CvsCode] => 
    [CvsConfNo] => 
    [CvsReceiptNo] => 
    [EdyReceiptNo] => 
    [EdyOrderNo] => 
    [SuicaReceiptNo] => 
    [SuicaOrderNo] => 
    [CustID] => 
    [BkCode] => 
    [ConfNo] => 
    [PaymentTerm] => 
    [EncryptReceiptNo] => 
    [FinishDate] => 
    [ReceiptDate] => 
    [WebMoneyManagementNo] => 
    [WebMoneySettleCode] => 
    [AuPayInfoNo] => 
    [AuPayMethod] => 
    [AuCancelAmount] => 
    [AuCancelTax] => 
    [DocomoSettlementCode] => 
    [DocomoCancelAmount] => 
    [DocomoCancelTax] => 
    [pay_status] => 13
)
 from 210.175.7.20
2022/10/21 22:59:55 [/shop/user_data/pg_mulpay_recv.php] response:true from 210.175.7.20
