2020/09/18 06:57:55 [/shop/shopping/load_payment_module.php] SendRequest:https://p01.mul-pay.jp/payment/SearchMember.idPass from 58.5.169.42
2020/09/18 06:57:55 [/shop/shopping/load_payment_module.php] Array
(
    [SiteID] => mst0000007602
    [SitePass] => ******
    [MemberID] => 8233
)
 from 58.5.169.42
2020/09/18 06:57:55 [/shop/shopping/load_payment_module.php] ErrCode=E01&ErrInfo=E01390002 from 58.5.169.42
2020/09/18 06:57:55 [/shop/shopping/load_payment_module.php] Array
(
    [0] => Array
        (
            [ErrCode] => E01
            [ErrInfo] => E01390002
        )

)
 from 58.5.169.42
2020/09/18 06:57:55 [/shop/shopping/load_payment_module.php] SendRequest:https://p01.mul-pay.jp/payment/SearchCard.idPass from 58.5.169.42
2020/09/18 06:57:55 [/shop/shopping/load_payment_module.php] Array
(
    [SiteID] => mst0000007602
    [SitePass] => ******
    [MemberID] => 8233
)
 from 58.5.169.42
2020/09/18 06:57:55 [/shop/shopping/load_payment_module.php] ErrCode=E01|E01&ErrInfo=E01390002|E01240002 from 58.5.169.42
2020/09/18 06:57:55 [/shop/shopping/load_payment_module.php] Array
(
    [0] => Array
        (
            [ErrCode] => E01
            [ErrInfo] => E01390002
        )

    [1] => Array
        (
            [ErrCode] => E01
            [ErrInfo] => E01240002
        )

)
 from 58.5.169.42
2020/09/18 06:58:16 [/shop/shopping/load_payment_module.php] SendRequest:https://p01.mul-pay.jp/payment/SearchMember.idPass from 58.5.169.42
2020/09/18 06:58:16 [/shop/shopping/load_payment_module.php] Array
(
    [SiteID] => mst0000007602
    [SitePass] => ******
    [MemberID] => 8233
)
 from 58.5.169.42
2020/09/18 06:58:16 [/shop/shopping/load_payment_module.php] ErrCode=E01&ErrInfo=E01390002 from 58.5.169.42
2020/09/18 06:58:16 [/shop/shopping/load_payment_module.php] Array
(
    [0] => Array
        (
            [ErrCode] => E01
            [ErrInfo] => E01390002
        )

)
 from 58.5.169.42
2020/09/18 06:58:16 [/shop/shopping/load_payment_module.php] SendRequest:https://p01.mul-pay.jp/payment/SearchCard.idPass from 58.5.169.42
2020/09/18 06:58:16 [/shop/shopping/load_payment_module.php] Array
(
    [SiteID] => mst0000007602
    [SitePass] => ******
    [MemberID] => 8233
)
 from 58.5.169.42
2020/09/18 06:58:16 [/shop/shopping/load_payment_module.php] ErrCode=E01|E01&ErrInfo=E01390002|E01240002 from 58.5.169.42
2020/09/18 06:58:16 [/shop/shopping/load_payment_module.php] Array
(
    [0] => Array
        (
            [ErrCode] => E01
            [ErrInfo] => E01390002
        )

    [1] => Array
        (
            [ErrCode] => E01
            [ErrInfo] => E01240002
        )

)
 from 58.5.169.42
2020/09/18 06:58:16 [/shop/shopping/load_payment_module.php] SendRequest:https://p01.mul-pay.jp/payment/EntryTran.idPass from 58.5.169.42
2020/09/18 06:58:16 [/shop/shopping/load_payment_module.php] Array
(
    [ShopID] => 9000034600950
    [ShopPass] => ******
    [OrderID] => 944616-18065816
    [JobCd] => CAPTURE
    [Amount] => 6950
    [TdFlag] => 0
    [TdTenantName] => 
)
 from 58.5.169.42
2020/09/18 06:58:17 [/shop/shopping/load_payment_module.php] AccessID=70f408a0ae00286b4279c862687488bb&AccessPass=070c7946f641192597039fbd79cab8ae from 58.5.169.42
2020/09/18 06:58:17 [/shop/shopping/load_payment_module.php] Array
(
    [0] => Array
        (
            [AccessID] => 70f408a0ae00286b4279c862687488bb
            [AccessPass] => 070c7946f641192597039fbd79cab8ae
        )

)
 from 58.5.169.42
2020/09/18 06:58:17 [/shop/shopping/load_payment_module.php] load_payment_module.php set payment data:Array
(
    [AccessID] => 70f408a0ae00286b4279c862687488bb
    [AccessPass] => 070c7946f641192597039fbd79cab8ae
    [OrderID] => 944616-18065816
    [Amount] => 6950
    [JobCd] => CAPTURE
    [action_status] => 1
    [pay_status] => 0
)
 from 58.5.169.42
2020/09/18 06:58:17 [/shop/shopping/load_payment_module.php] SendRequest:https://p01.mul-pay.jp/payment/ExecTran.idPass from 58.5.169.42
2020/09/18 06:58:17 [/shop/shopping/load_payment_module.php] Array
(
    [AccessID] => 70f408a0ae00286b4279c862687488bb
    [AccessPass] => 070c7946f641192597039fbd79cab8ae
    [OrderID] => 944616-18065816
    [Method] => 1
    [Token] => 430ec56c40f8d3f1031549320dac4a76bc5a9c450028da9387069f2d3b59d2c0
    [ClientField1] => 
    [ClientField2] => 
    [ClientField3] => EC-CUBE4.3.24
)
 from 58.5.169.42
2020/09/18 06:58:18 [/shop/shopping/load_payment_module.php] ACS=0&OrderID=944616-18065816&Forward=2S49631&Method=1&PayTimes=&Approve=0004989&TranID=2009180658602257210134123625&TranDate=20200918065818&CheckString=e1aa3f9de8eb473871fbb73abb0f4bf0 from 58.5.169.42
2020/09/18 06:58:18 [/shop/shopping/load_payment_module.php] Array
(
    [0] => Array
        (
            [ACS] => 0
            [OrderID] => 944616-18065816
            [Forward] => 2S49631
            [Method] => 1
            [PayTimes] => 
            [Approve] => 0004989
            [TranID] => 2009180658602257210134123625
            [TranDate] => 20200918065818
            [CheckString] => e1aa3f9de8eb473871fbb73abb0f4bf0
        )

)
 from 58.5.169.42
2020/09/18 06:58:18 [/shop/shopping/load_payment_module.php] load_payment_module.php set payment data:Array
(
    [ACS] => 0
    [Forward] => 2S49631
    [Method] => 1
    [PayTimes] => 
    [Approve] => 0004989
    [TranID] => 2009180658602257210134123625
    [TranDate] => 20200918065818
    [CheckString] => e1aa3f9de8eb473871fbb73abb0f4bf0
    [Amount] => 6950
    [JobCd] => CAPTURE
    [action_status] => 3
    [pay_status] => 13
)
 from 58.5.169.42
2020/09/18 06:58:18 [/shop/user_data/pg_mulpay_recv.php] ******* receiveer data start ******* from 210.175.7.20
2020/09/18 06:58:18 [/shop/user_data/pg_mulpay_recv.php] Array
(
    [ShopID] => 9000034600950
    [ShopPass] => **********
    [AccessID] => 70f408a0ae00286b4279c862687488bb
    [AccessPass] => ********************************
    [OrderID] => 944616-18065816
    [Status] => CAPTURE
    [JobCd] => CAPTURE
    [Amount] => 6950
    [Tax] => 0
    [Currency] => JPN
    [Forward] => 2S49631
    [Method] => 1
    [PayTimes] => 
    [TranID] => 2009180658602257210134123625
    [Approve] => 0004989
    [TranDate] => 20200918065818
    [ErrCode] => 
    [ErrInfo] => 
    [PayType] => 0
)
 from 210.175.7.20
2020/09/18 06:58:18 [/shop/user_data/pg_mulpay_recv.php] ******* receiveer data end ******* from 210.175.7.20
2020/09/18 06:58:23 [/shop/user_data/pg_mulpay_recv.php] update order status:1 order_id=944616 from 210.175.7.20
2020/09/18 06:58:23 [/shop/user_data/pg_mulpay_recv.php] pg_mulpay_recv.php set payment data:Array
(
    [ShopID] => 9000034600950
    [AccessID] => 70f408a0ae00286b4279c862687488bb
    [OrderID] => 944616-18065816
    [Status] => CAPTURE
    [JobCd] => CAPTURE
    [Amount] => 6950
    [Tax] => 0
    [Currency] => JPN
    [Forward] => 2S49631
    [Method] => 1
    [PayTimes] => 
    [TranID] => 2009180658602257210134123625
    [Approve] => 0004989
    [TranDate] => 20200918065818
    [ErrCode] => 
    [ErrInfo] => 
    [PayType] => 0
    [CvsCode] => 
    [CvsConfNo] => 
    [CvsReceiptNo] => 
    [EdyReceiptNo] => 
    [EdyOrderNo] => 
    [SuicaReceiptNo] => 
    [SuicaOrderNo] => 
    [CustID] => 
    [BkCode] => 
    [ConfNo] => 
    [PaymentTerm] => 
    [EncryptReceiptNo] => 
    [FinishDate] => 
    [ReceiptDate] => 
    [WebMoneyManagementNo] => 
    [WebMoneySettleCode] => 
    [AuPayInfoNo] => 
    [AuPayMethod] => 
    [AuCancelAmount] => 
    [AuCancelTax] => 
    [DocomoSettlementCode] => 
    [DocomoCancelAmount] => 
    [DocomoCancelTax] => 
    [pay_status] => 13
)
 from 210.175.7.20
2020/09/18 06:58:23 [/shop/user_data/pg_mulpay_recv.php] response:true from 210.175.7.20
2020/09/18 08:51:03 [/shop/shopping/load_payment_module.php] SendRequest:https://p01.mul-pay.jp/payment/SearchMember.idPass from 180.34.193.47
2020/09/18 08:51:03 [/shop/shopping/load_payment_module.php] Array
(
    [SiteID] => mst0000007602
    [SitePass] => ******
    [MemberID] => 2540
)
 from 180.34.193.47
2020/09/18 08:51:03 [/shop/shopping/load_payment_module.php] ErrCode=E01&ErrInfo=E01390002 from 180.34.193.47
2020/09/18 08:51:03 [/shop/shopping/load_payment_module.php] Array
(
    [0] => Array
        (
            [ErrCode] => E01
            [ErrInfo] => E01390002
        )

)
 from 180.34.193.47
2020/09/18 08:51:03 [/shop/shopping/load_payment_module.php] SendRequest:https://p01.mul-pay.jp/payment/SearchCard.idPass from 180.34.193.47
2020/09/18 08:51:03 [/shop/shopping/load_payment_module.php] Array
(
    [SiteID] => mst0000007602
    [SitePass] => ******
    [MemberID] => 2540
)
 from 180.34.193.47
2020/09/18 08:51:03 [/shop/shopping/load_payment_module.php] ErrCode=E01|E01&ErrInfo=E01390002|E01240002 from 180.34.193.47
2020/09/18 08:51:03 [/shop/shopping/load_payment_module.php] Array
(
    [0] => Array
        (
            [ErrCode] => E01
            [ErrInfo] => E01390002
        )

    [1] => Array
        (
            [ErrCode] => E01
            [ErrInfo] => E01240002
        )

)
 from 180.34.193.47
2020/09/18 08:51:44 [/shop/shopping/load_payment_module.php] SendRequest:https://p01.mul-pay.jp/payment/SearchMember.idPass from 180.34.193.47
2020/09/18 08:51:44 [/shop/shopping/load_payment_module.php] Array
(
    [SiteID] => mst0000007602
    [SitePass] => ******
    [MemberID] => 2540
)
 from 180.34.193.47
2020/09/18 08:51:45 [/shop/shopping/load_payment_module.php] ErrCode=E01&ErrInfo=E01390002 from 180.34.193.47
2020/09/18 08:51:45 [/shop/shopping/load_payment_module.php] Array
(
    [0] => Array
        (
            [ErrCode] => E01
            [ErrInfo] => E01390002
        )

)
 from 180.34.193.47
2020/09/18 08:51:45 [/shop/shopping/load_payment_module.php] SendRequest:https://p01.mul-pay.jp/payment/SearchCard.idPass from 180.34.193.47
2020/09/18 08:51:45 [/shop/shopping/load_payment_module.php] Array
(
    [SiteID] => mst0000007602
    [SitePass] => ******
    [MemberID] => 2540
)
 from 180.34.193.47
2020/09/18 08:51:45 [/shop/shopping/load_payment_module.php] ErrCode=E01|E01&ErrInfo=E01390002|E01240002 from 180.34.193.47
2020/09/18 08:51:45 [/shop/shopping/load_payment_module.php] Array
(
    [0] => Array
        (
            [ErrCode] => E01
            [ErrInfo] => E01390002
        )

    [1] => Array
        (
            [ErrCode] => E01
            [ErrInfo] => E01240002
        )

)
 from 180.34.193.47
2020/09/18 08:51:45 [/shop/shopping/load_payment_module.php] SendRequest:https://p01.mul-pay.jp/payment/EntryTran.idPass from 180.34.193.47
2020/09/18 08:51:45 [/shop/shopping/load_payment_module.php] Array
(
    [ShopID] => 9000034600950
    [ShopPass] => ******
    [OrderID] => 944617-18085145
    [JobCd] => CAPTURE
    [Amount] => 7350
    [TdFlag] => 0
    [TdTenantName] => 
)
 from 180.34.193.47
2020/09/18 08:51:45 [/shop/shopping/load_payment_module.php] AccessID=8303220f81a72f71342125767e7ed68f&AccessPass=d6e4d0e81710f4360c32a721065f2634 from 180.34.193.47
2020/09/18 08:51:45 [/shop/shopping/load_payment_module.php] Array
(
    [0] => Array
        (
            [AccessID] => 8303220f81a72f71342125767e7ed68f
            [AccessPass] => d6e4d0e81710f4360c32a721065f2634
        )

)
 from 180.34.193.47
2020/09/18 08:51:45 [/shop/shopping/load_payment_module.php] load_payment_module.php set payment data:Array
(
    [AccessID] => 8303220f81a72f71342125767e7ed68f
    [AccessPass] => d6e4d0e81710f4360c32a721065f2634
    [OrderID] => 944617-18085145
    [Amount] => 7350
    [JobCd] => CAPTURE
    [action_status] => 1
    [pay_status] => 0
)
 from 180.34.193.47
2020/09/18 08:51:45 [/shop/shopping/load_payment_module.php] SendRequest:https://p01.mul-pay.jp/payment/ExecTran.idPass from 180.34.193.47
2020/09/18 08:51:45 [/shop/shopping/load_payment_module.php] Array
(
    [AccessID] => 8303220f81a72f71342125767e7ed68f
    [AccessPass] => d6e4d0e81710f4360c32a721065f2634
    [OrderID] => 944617-18085145
    [Method] => 1
    [Token] => 86f702969bf84c59e991c03b5668bbaa0afcd9bb5084e1f907697ae52500b4ae
    [ClientField1] => 
    [ClientField2] => 
    [ClientField3] => EC-CUBE4.3.24
)
 from 180.34.193.47
2020/09/18 08:51:46 [/shop/shopping/load_payment_module.php] ACS=0&OrderID=944617-18085145&Forward=2S49631&Method=1&PayTimes=&Approve=0006193&TranID=2009180851602257210134123626&TranDate=20200918085146&CheckString=c7555e1cc21109b136c52b826e77bdfa from 180.34.193.47
2020/09/18 08:51:46 [/shop/shopping/load_payment_module.php] Array
(
    [0] => Array
        (
            [ACS] => 0
            [OrderID] => 944617-18085145
            [Forward] => 2S49631
            [Method] => 1
            [PayTimes] => 
            [Approve] => 0006193
            [TranID] => 2009180851602257210134123626
            [TranDate] => 20200918085146
            [CheckString] => c7555e1cc21109b136c52b826e77bdfa
        )

)
 from 180.34.193.47
2020/09/18 08:51:46 [/shop/shopping/load_payment_module.php] load_payment_module.php set payment data:Array
(
    [ACS] => 0
    [Forward] => 2S49631
    [Method] => 1
    [PayTimes] => 
    [Approve] => 0006193
    [TranID] => 2009180851602257210134123626
    [TranDate] => 20200918085146
    [CheckString] => c7555e1cc21109b136c52b826e77bdfa
    [Amount] => 7350
    [JobCd] => CAPTURE
    [action_status] => 3
    [pay_status] => 13
)
 from 180.34.193.47
2020/09/18 08:51:47 [/shop/user_data/pg_mulpay_recv.php] ******* receiveer data start ******* from 210.175.7.20
2020/09/18 08:51:47 [/shop/user_data/pg_mulpay_recv.php] Array
(
    [ShopID] => 9000034600950
    [ShopPass] => **********
    [AccessID] => 8303220f81a72f71342125767e7ed68f
    [AccessPass] => ********************************
    [OrderID] => 944617-18085145
    [Status] => CAPTURE
    [JobCd] => CAPTURE
    [Amount] => 7350
    [Tax] => 0
    [Currency] => JPN
    [Forward] => 2S49631
    [Method] => 1
    [PayTimes] => 
    [TranID] => 2009180851602257210134123626
    [Approve] => 0006193
    [TranDate] => 20200918085146
    [ErrCode] => 
    [ErrInfo] => 
    [PayType] => 0
)
 from 210.175.7.20
2020/09/18 08:51:47 [/shop/user_data/pg_mulpay_recv.php] ******* receiveer data end ******* from 210.175.7.20
2020/09/18 08:51:52 [/shop/user_data/pg_mulpay_recv.php] update order status:1 order_id=944617 from 210.175.7.20
2020/09/18 08:51:52 [/shop/user_data/pg_mulpay_recv.php] pg_mulpay_recv.php set payment data:Array
(
    [ShopID] => 9000034600950
    [AccessID] => 8303220f81a72f71342125767e7ed68f
    [OrderID] => 944617-18085145
    [Status] => CAPTURE
    [JobCd] => CAPTURE
    [Amount] => 7350
    [Tax] => 0
    [Currency] => JPN
    [Forward] => 2S49631
    [Method] => 1
    [PayTimes] => 
    [TranID] => 2009180851602257210134123626
    [Approve] => 0006193
    [TranDate] => 20200918085146
    [ErrCode] => 
    [ErrInfo] => 
    [PayType] => 0
    [CvsCode] => 
    [CvsConfNo] => 
    [CvsReceiptNo] => 
    [EdyReceiptNo] => 
    [EdyOrderNo] => 
    [SuicaReceiptNo] => 
    [SuicaOrderNo] => 
    [CustID] => 
    [BkCode] => 
    [ConfNo] => 
    [PaymentTerm] => 
    [EncryptReceiptNo] => 
    [FinishDate] => 
    [ReceiptDate] => 
    [WebMoneyManagementNo] => 
    [WebMoneySettleCode] => 
    [AuPayInfoNo] => 
    [AuPayMethod] => 
    [AuCancelAmount] => 
    [AuCancelTax] => 
    [DocomoSettlementCode] => 
    [DocomoCancelAmount] => 
    [DocomoCancelTax] => 
    [pay_status] => 13
)
 from 210.175.7.20
2020/09/18 08:51:52 [/shop/user_data/pg_mulpay_recv.php] response:true from 210.175.7.20
2020/09/18 13:39:29 [/shop/shopping/load_payment_module.php] SendRequest:https://p01.mul-pay.jp/payment/EntryTran.idPass from 114.186.206.186
2020/09/18 13:39:29 [/shop/shopping/load_payment_module.php] Array
(
    [ShopID] => 9000034600950
    [ShopPass] => ******
    [OrderID] => 944618-18133929
    [JobCd] => CAPTURE
    [Amount] => 14640
    [TdFlag] => 0
    [TdTenantName] => 
)
 from 114.186.206.186
2020/09/18 13:39:30 [/shop/shopping/load_payment_module.php] AccessID=edd071de33e5100367d32c985c51f754&AccessPass=4fe3eed97ecabf955a487a11cd9e21ec from 114.186.206.186
2020/09/18 13:39:30 [/shop/shopping/load_payment_module.php] Array
(
    [0] => Array
        (
            [AccessID] => edd071de33e5100367d32c985c51f754
            [AccessPass] => 4fe3eed97ecabf955a487a11cd9e21ec
        )

)
 from 114.186.206.186
2020/09/18 13:39:30 [/shop/shopping/load_payment_module.php] load_payment_module.php set payment data:Array
(
    [AccessID] => edd071de33e5100367d32c985c51f754
    [AccessPass] => 4fe3eed97ecabf955a487a11cd9e21ec
    [OrderID] => 944618-18133929
    [Amount] => 14640
    [JobCd] => CAPTURE
    [action_status] => 1
    [pay_status] => 0
)
 from 114.186.206.186
2020/09/18 13:39:30 [/shop/shopping/load_payment_module.php] SendRequest:https://p01.mul-pay.jp/payment/ExecTran.idPass from 114.186.206.186
2020/09/18 13:39:30 [/shop/shopping/load_payment_module.php] Array
(
    [AccessID] => edd071de33e5100367d32c985c51f754
    [AccessPass] => 4fe3eed97ecabf955a487a11cd9e21ec
    [OrderID] => 944618-18133929
    [Method] => 1
    [Token] => cdba4c116fe4e6bb5ea235310aeb29eed0690a80871650acb5990586482e20a7
    [ClientField1] => 
    [ClientField2] => 
    [ClientField3] => EC-CUBE4.3.24
)
 from 114.186.206.186
2020/09/18 13:39:32 [/shop/shopping/load_payment_module.php] ACS=0&OrderID=944618-18133929&Forward=2S49631&Method=1&PayTimes=&Approve=0004913&TranID=2009181339602257210134113546&TranDate=20200918133931&CheckString=c388ce184117f41295bd467723d4291e from 114.186.206.186
2020/09/18 13:39:32 [/shop/shopping/load_payment_module.php] Array
(
    [0] => Array
        (
            [ACS] => 0
            [OrderID] => 944618-18133929
            [Forward] => 2S49631
            [Method] => 1
            [PayTimes] => 
            [Approve] => 0004913
            [TranID] => 2009181339602257210134113546
            [TranDate] => 20200918133931
            [CheckString] => c388ce184117f41295bd467723d4291e
        )

)
 from 114.186.206.186
2020/09/18 13:39:32 [/shop/shopping/load_payment_module.php] load_payment_module.php set payment data:Array
(
    [ACS] => 0
    [Forward] => 2S49631
    [Method] => 1
    [PayTimes] => 
    [Approve] => 0004913
    [TranID] => 2009181339602257210134113546
    [TranDate] => 20200918133931
    [CheckString] => c388ce184117f41295bd467723d4291e
    [Amount] => 14640
    [JobCd] => CAPTURE
    [action_status] => 3
    [pay_status] => 13
)
 from 114.186.206.186
2020/09/18 13:39:32 [/shop/user_data/pg_mulpay_recv.php] ******* receiveer data start ******* from 210.175.7.20
2020/09/18 13:39:32 [/shop/user_data/pg_mulpay_recv.php] Array
(
    [ShopID] => 9000034600950
    [ShopPass] => **********
    [AccessID] => edd071de33e5100367d32c985c51f754
    [AccessPass] => ********************************
    [OrderID] => 944618-18133929
    [Status] => CAPTURE
    [JobCd] => CAPTURE
    [Amount] => 14640
    [Tax] => 0
    [Currency] => JPN
    [Forward] => 2S49631
    [Method] => 1
    [PayTimes] => 
    [TranID] => 2009181339602257210134113546
    [Approve] => 0004913
    [TranDate] => 20200918133931
    [ErrCode] => 
    [ErrInfo] => 
    [PayType] => 0
)
 from 210.175.7.20
2020/09/18 13:39:32 [/shop/user_data/pg_mulpay_recv.php] ******* receiveer data end ******* from 210.175.7.20
2020/09/18 13:39:37 [/shop/user_data/pg_mulpay_recv.php] update order status:1 order_id=944618 from 210.175.7.20
2020/09/18 13:39:37 [/shop/user_data/pg_mulpay_recv.php] pg_mulpay_recv.php set payment data:Array
(
    [ShopID] => 9000034600950
    [AccessID] => edd071de33e5100367d32c985c51f754
    [OrderID] => 944618-18133929
    [Status] => CAPTURE
    [JobCd] => CAPTURE
    [Amount] => 14640
    [Tax] => 0
    [Currency] => JPN
    [Forward] => 2S49631
    [Method] => 1
    [PayTimes] => 
    [TranID] => 2009181339602257210134113546
    [Approve] => 0004913
    [TranDate] => 20200918133931
    [ErrCode] => 
    [ErrInfo] => 
    [PayType] => 0
    [CvsCode] => 
    [CvsConfNo] => 
    [CvsReceiptNo] => 
    [EdyReceiptNo] => 
    [EdyOrderNo] => 
    [SuicaReceiptNo] => 
    [SuicaOrderNo] => 
    [CustID] => 
    [BkCode] => 
    [ConfNo] => 
    [PaymentTerm] => 
    [EncryptReceiptNo] => 
    [FinishDate] => 
    [ReceiptDate] => 
    [WebMoneyManagementNo] => 
    [WebMoneySettleCode] => 
    [AuPayInfoNo] => 
    [AuPayMethod] => 
    [AuCancelAmount] => 
    [AuCancelTax] => 
    [DocomoSettlementCode] => 
    [DocomoCancelAmount] => 
    [DocomoCancelTax] => 
    [pay_status] => 13
)
 from 210.175.7.20
2020/09/18 13:39:37 [/shop/user_data/pg_mulpay_recv.php] response:true from 210.175.7.20
2020/09/18 16:31:08 [/shop/master/order/edit.php] 決済変更エラー：取消期限を越えています。(決済日から180日以内) from 114.160.216.147
2020/09/18 18:20:48 [/shop/shopping/load_payment_module.php] SendRequest:https://p01.mul-pay.jp/payment/SearchMember.idPass from 103.96.43.252
2020/09/18 18:20:48 [/shop/shopping/load_payment_module.php] Array
(
    [SiteID] => mst0000007602
    [SitePass] => ******
    [MemberID] => 6607
)
 from 103.96.43.252
2020/09/18 18:20:48 [/shop/shopping/load_payment_module.php] ErrCode=E01&ErrInfo=E01390002 from 103.96.43.252
2020/09/18 18:20:48 [/shop/shopping/load_payment_module.php] Array
(
    [0] => Array
        (
            [ErrCode] => E01
            [ErrInfo] => E01390002
        )

)
 from 103.96.43.252
2020/09/18 18:20:48 [/shop/shopping/load_payment_module.php] SendRequest:https://p01.mul-pay.jp/payment/SearchCard.idPass from 103.96.43.252
2020/09/18 18:20:48 [/shop/shopping/load_payment_module.php] Array
(
    [SiteID] => mst0000007602
    [SitePass] => ******
    [MemberID] => 6607
)
 from 103.96.43.252
2020/09/18 18:20:48 [/shop/shopping/load_payment_module.php] ErrCode=E01|E01&ErrInfo=E01390002|E01240002 from 103.96.43.252
2020/09/18 18:20:48 [/shop/shopping/load_payment_module.php] Array
(
    [0] => Array
        (
            [ErrCode] => E01
            [ErrInfo] => E01390002
        )

    [1] => Array
        (
            [ErrCode] => E01
            [ErrInfo] => E01240002
        )

)
 from 103.96.43.252
2020/09/18 18:21:21 [/shop/shopping/load_payment_module.php] SendRequest:https://p01.mul-pay.jp/payment/SearchMember.idPass from 103.96.43.252
2020/09/18 18:21:21 [/shop/shopping/load_payment_module.php] Array
(
    [SiteID] => mst0000007602
    [SitePass] => ******
    [MemberID] => 6607
)
 from 103.96.43.252
2020/09/18 18:21:21 [/shop/shopping/load_payment_module.php] ErrCode=E01&ErrInfo=E01390002 from 103.96.43.252
2020/09/18 18:21:21 [/shop/shopping/load_payment_module.php] Array
(
    [0] => Array
        (
            [ErrCode] => E01
            [ErrInfo] => E01390002
        )

)
 from 103.96.43.252
2020/09/18 18:21:21 [/shop/shopping/load_payment_module.php] SendRequest:https://p01.mul-pay.jp/payment/SearchCard.idPass from 103.96.43.252
2020/09/18 18:21:21 [/shop/shopping/load_payment_module.php] Array
(
    [SiteID] => mst0000007602
    [SitePass] => ******
    [MemberID] => 6607
)
 from 103.96.43.252
2020/09/18 18:21:22 [/shop/shopping/load_payment_module.php] ErrCode=E01|E01&ErrInfo=E01390002|E01240002 from 103.96.43.252
2020/09/18 18:21:22 [/shop/shopping/load_payment_module.php] Array
(
    [0] => Array
        (
            [ErrCode] => E01
            [ErrInfo] => E01390002
        )

    [1] => Array
        (
            [ErrCode] => E01
            [ErrInfo] => E01240002
        )

)
 from 103.96.43.252
2020/09/18 18:21:22 [/shop/shopping/load_payment_module.php] SendRequest:https://p01.mul-pay.jp/payment/EntryTran.idPass from 103.96.43.252
2020/09/18 18:21:22 [/shop/shopping/load_payment_module.php] Array
(
    [ShopID] => 9000034600950
    [ShopPass] => ******
    [OrderID] => 944619-18182122
    [JobCd] => CAPTURE
    [Amount] => 9312
    [TdFlag] => 0
    [TdTenantName] => 
)
 from 103.96.43.252
2020/09/18 18:21:22 [/shop/shopping/load_payment_module.php] AccessID=79d64c14b238fc8cab54d6634e4b527a&AccessPass=087cf90cfd5a24531cecb28f592375b1 from 103.96.43.252
2020/09/18 18:21:22 [/shop/shopping/load_payment_module.php] Array
(
    [0] => Array
        (
            [AccessID] => 79d64c14b238fc8cab54d6634e4b527a
            [AccessPass] => 087cf90cfd5a24531cecb28f592375b1
        )

)
 from 103.96.43.252
2020/09/18 18:21:22 [/shop/shopping/load_payment_module.php] load_payment_module.php set payment data:Array
(
    [AccessID] => 79d64c14b238fc8cab54d6634e4b527a
    [AccessPass] => 087cf90cfd5a24531cecb28f592375b1
    [OrderID] => 944619-18182122
    [Amount] => 9312
    [JobCd] => CAPTURE
    [action_status] => 1
    [pay_status] => 0
)
 from 103.96.43.252
2020/09/18 18:21:22 [/shop/shopping/load_payment_module.php] SendRequest:https://p01.mul-pay.jp/payment/ExecTran.idPass from 103.96.43.252
2020/09/18 18:21:22 [/shop/shopping/load_payment_module.php] Array
(
    [AccessID] => 79d64c14b238fc8cab54d6634e4b527a
    [AccessPass] => 087cf90cfd5a24531cecb28f592375b1
    [OrderID] => 944619-18182122
    [Method] => 1
    [Token] => 4c9bd5f2c2aba9d054dc3a5b99c834f63a1fbbb6548c35c773ca43961c322160
    [ClientField1] => 
    [ClientField2] => 
    [ClientField3] => EC-CUBE4.3.24
)
 from 103.96.43.252
2020/09/18 18:21:24 [/shop/shopping/load_payment_module.php] ACS=0&OrderID=944619-18182122&Forward=2S49631&Method=1&PayTimes=&Approve=0006963&TranID=2009181821602257210134133271&TranDate=20200918182123&CheckString=1aa360039eed4c8a6c7a9175fa6fa5b8 from 103.96.43.252
2020/09/18 18:21:24 [/shop/shopping/load_payment_module.php] Array
(
    [0] => Array
        (
            [ACS] => 0
            [OrderID] => 944619-18182122
            [Forward] => 2S49631
            [Method] => 1
            [PayTimes] => 
            [Approve] => 0006963
            [TranID] => 2009181821602257210134133271
            [TranDate] => 20200918182123
            [CheckString] => 1aa360039eed4c8a6c7a9175fa6fa5b8
        )

)
 from 103.96.43.252
2020/09/18 18:21:24 [/shop/shopping/load_payment_module.php] load_payment_module.php set payment data:Array
(
    [ACS] => 0
    [Forward] => 2S49631
    [Method] => 1
    [PayTimes] => 
    [Approve] => 0006963
    [TranID] => 2009181821602257210134133271
    [TranDate] => 20200918182123
    [CheckString] => 1aa360039eed4c8a6c7a9175fa6fa5b8
    [Amount] => 9312
    [JobCd] => CAPTURE
    [action_status] => 3
    [pay_status] => 13
)
 from 103.96.43.252
2020/09/18 18:21:24 [/shop/user_data/pg_mulpay_recv.php] ******* receiveer data start ******* from 210.175.7.20
2020/09/18 18:21:24 [/shop/user_data/pg_mulpay_recv.php] Array
(
    [ShopID] => 9000034600950
    [ShopPass] => **********
    [AccessID] => 79d64c14b238fc8cab54d6634e4b527a
    [AccessPass] => ********************************
    [OrderID] => 944619-18182122
    [Status] => CAPTURE
    [JobCd] => CAPTURE
    [Amount] => 9312
    [Tax] => 0
    [Currency] => JPN
    [Forward] => 2S49631
    [Method] => 1
    [PayTimes] => 
    [TranID] => 2009181821602257210134133271
    [Approve] => 0006963
    [TranDate] => 20200918182123
    [ErrCode] => 
    [ErrInfo] => 
    [PayType] => 0
)
 from 210.175.7.20
2020/09/18 18:21:24 [/shop/user_data/pg_mulpay_recv.php] ******* receiveer data end ******* from 210.175.7.20
2020/09/18 18:21:29 [/shop/user_data/pg_mulpay_recv.php] update order status:1 order_id=944619 from 210.175.7.20
2020/09/18 18:21:30 [/shop/user_data/pg_mulpay_recv.php] pg_mulpay_recv.php set payment data:Array
(
    [ShopID] => 9000034600950
    [AccessID] => 79d64c14b238fc8cab54d6634e4b527a
    [OrderID] => 944619-18182122
    [Status] => CAPTURE
    [JobCd] => CAPTURE
    [Amount] => 9312
    [Tax] => 0
    [Currency] => JPN
    [Forward] => 2S49631
    [Method] => 1
    [PayTimes] => 
    [TranID] => 2009181821602257210134133271
    [Approve] => 0006963
    [TranDate] => 20200918182123
    [ErrCode] => 
    [ErrInfo] => 
    [PayType] => 0
    [CvsCode] => 
    [CvsConfNo] => 
    [CvsReceiptNo] => 
    [EdyReceiptNo] => 
    [EdyOrderNo] => 
    [SuicaReceiptNo] => 
    [SuicaOrderNo] => 
    [CustID] => 
    [BkCode] => 
    [ConfNo] => 
    [PaymentTerm] => 
    [EncryptReceiptNo] => 
    [FinishDate] => 
    [ReceiptDate] => 
    [WebMoneyManagementNo] => 
    [WebMoneySettleCode] => 
    [AuPayInfoNo] => 
    [AuPayMethod] => 
    [AuCancelAmount] => 
    [AuCancelTax] => 
    [DocomoSettlementCode] => 
    [DocomoCancelAmount] => 
    [DocomoCancelTax] => 
    [pay_status] => 13
)
 from 210.175.7.20
2020/09/18 18:21:30 [/shop/user_data/pg_mulpay_recv.php] response:true from 210.175.7.20
