2021/09/12 19:25:56 [/shop/shopping/load_payment_module.php] SendRequest:https://p01.mul-pay.jp/payment/SearchMember.idPass from 126.146.233.197
2021/09/12 19:25:56 [/shop/shopping/load_payment_module.php] Array
(
    [SiteID] => mst0000007602
    [SitePass] => ******
    [MemberID] => 6206
)
 from 126.146.233.197
2021/09/12 19:25:56 [/shop/shopping/load_payment_module.php] ErrCode=E01&ErrInfo=E01390002 from 126.146.233.197
2021/09/12 19:25:56 [/shop/shopping/load_payment_module.php] Array
(
    [0] => Array
        (
            [ErrCode] => E01
            [ErrInfo] => E01390002
        )

)
 from 126.146.233.197
2021/09/12 19:25:56 [/shop/shopping/load_payment_module.php] SendRequest:https://p01.mul-pay.jp/payment/SearchCard.idPass from 126.146.233.197
2021/09/12 19:25:56 [/shop/shopping/load_payment_module.php] Array
(
    [SiteID] => mst0000007602
    [SitePass] => ******
    [MemberID] => 6206
)
 from 126.146.233.197
2021/09/12 19:25:56 [/shop/shopping/load_payment_module.php] ErrCode=E01|E01&ErrInfo=E01390002|E01240002 from 126.146.233.197
2021/09/12 19:25:56 [/shop/shopping/load_payment_module.php] Array
(
    [0] => Array
        (
            [ErrCode] => E01
            [ErrInfo] => E01390002
        )

    [1] => Array
        (
            [ErrCode] => E01
            [ErrInfo] => E01240002
        )

)
 from 126.146.233.197
2021/09/12 19:26:46 [/shop/shopping/load_payment_module.php] SendRequest:https://p01.mul-pay.jp/payment/SearchMember.idPass from 126.146.233.197
2021/09/12 19:26:46 [/shop/shopping/load_payment_module.php] SendRequest:https://p01.mul-pay.jp/payment/SearchMember.idPass from 126.146.233.197
2021/09/12 19:26:46 [/shop/shopping/load_payment_module.php] Array
(
    [SiteID] => mst0000007602
    [SitePass] => ******
    [MemberID] => 6206
)
 from 126.146.233.197
2021/09/12 19:26:46 [/shop/shopping/load_payment_module.php] Array
(
    [SiteID] => mst0000007602
    [SitePass] => ******
    [MemberID] => 6206
)
 from 126.146.233.197
2021/09/12 19:26:46 [/shop/shopping/load_payment_module.php] ErrCode=E01&ErrInfo=E01390002 from 126.146.233.197
2021/09/12 19:26:46 [/shop/shopping/load_payment_module.php] ErrCode=E01&ErrInfo=E01390002 from 126.146.233.197
2021/09/12 19:26:46 [/shop/shopping/load_payment_module.php] Array
(
    [0] => Array
        (
            [ErrCode] => E01
            [ErrInfo] => E01390002
        )

)
 from 126.146.233.197
2021/09/12 19:26:46 [/shop/shopping/load_payment_module.php] SendRequest:https://p01.mul-pay.jp/payment/SearchCard.idPass from 126.146.233.197
2021/09/12 19:26:46 [/shop/shopping/load_payment_module.php] Array
(
    [SiteID] => mst0000007602
    [SitePass] => ******
    [MemberID] => 6206
)
 from 126.146.233.197
2021/09/12 19:26:46 [/shop/shopping/load_payment_module.php] Array
(
    [0] => Array
        (
            [ErrCode] => E01
            [ErrInfo] => E01390002
        )

)
 from 126.146.233.197
2021/09/12 19:26:46 [/shop/shopping/load_payment_module.php] SendRequest:https://p01.mul-pay.jp/payment/SearchCard.idPass from 126.146.233.197
2021/09/12 19:26:46 [/shop/shopping/load_payment_module.php] Array
(
    [SiteID] => mst0000007602
    [SitePass] => ******
    [MemberID] => 6206
)
 from 126.146.233.197
2021/09/12 19:26:46 [/shop/shopping/load_payment_module.php] ErrCode=E01|E01&ErrInfo=E01390002|E01240002 from 126.146.233.197
2021/09/12 19:26:46 [/shop/shopping/load_payment_module.php] ErrCode=E01|E01&ErrInfo=E01390002|E01240002 from 126.146.233.197
2021/09/12 19:26:46 [/shop/shopping/load_payment_module.php] Array
(
    [0] => Array
        (
            [ErrCode] => E01
            [ErrInfo] => E01390002
        )

    [1] => Array
        (
            [ErrCode] => E01
            [ErrInfo] => E01240002
        )

)
 from 126.146.233.197
2021/09/12 19:26:46 [/shop/shopping/load_payment_module.php] Array
(
    [0] => Array
        (
            [ErrCode] => E01
            [ErrInfo] => E01390002
        )

    [1] => Array
        (
            [ErrCode] => E01
            [ErrInfo] => E01240002
        )

)
 from 126.146.233.197
2021/09/12 19:27:44 [/shop/shopping/load_payment_module.php] SendRequest:https://p01.mul-pay.jp/payment/SearchMember.idPass from 126.146.233.197
2021/09/12 19:27:44 [/shop/shopping/load_payment_module.php] Array
(
    [SiteID] => mst0000007602
    [SitePass] => ******
    [MemberID] => 6206
)
 from 126.146.233.197
2021/09/12 19:27:44 [/shop/shopping/load_payment_module.php] ErrCode=E01&ErrInfo=E01390002 from 126.146.233.197
2021/09/12 19:27:44 [/shop/shopping/load_payment_module.php] Array
(
    [0] => Array
        (
            [ErrCode] => E01
            [ErrInfo] => E01390002
        )

)
 from 126.146.233.197
2021/09/12 19:27:44 [/shop/shopping/load_payment_module.php] SendRequest:https://p01.mul-pay.jp/payment/SearchCard.idPass from 126.146.233.197
2021/09/12 19:27:44 [/shop/shopping/load_payment_module.php] Array
(
    [SiteID] => mst0000007602
    [SitePass] => ******
    [MemberID] => 6206
)
 from 126.146.233.197
2021/09/12 19:27:44 [/shop/shopping/load_payment_module.php] ErrCode=E01|E01&ErrInfo=E01390002|E01240002 from 126.146.233.197
2021/09/12 19:27:44 [/shop/shopping/load_payment_module.php] Array
(
    [0] => Array
        (
            [ErrCode] => E01
            [ErrInfo] => E01390002
        )

    [1] => Array
        (
            [ErrCode] => E01
            [ErrInfo] => E01240002
        )

)
 from 126.146.233.197
2021/09/12 19:30:26 [/shop/shopping/load_payment_module.php] SendRequest:https://p01.mul-pay.jp/payment/SearchMember.idPass from 126.146.233.197
2021/09/12 19:30:26 [/shop/shopping/load_payment_module.php] Array
(
    [SiteID] => mst0000007602
    [SitePass] => ******
    [MemberID] => 6206
)
 from 126.146.233.197
2021/09/12 19:30:27 [/shop/shopping/load_payment_module.php] ErrCode=E01&ErrInfo=E01390002 from 126.146.233.197
2021/09/12 19:30:27 [/shop/shopping/load_payment_module.php] Array
(
    [0] => Array
        (
            [ErrCode] => E01
            [ErrInfo] => E01390002
        )

)
 from 126.146.233.197
2021/09/12 19:30:27 [/shop/shopping/load_payment_module.php] SendRequest:https://p01.mul-pay.jp/payment/SearchCard.idPass from 126.146.233.197
2021/09/12 19:30:27 [/shop/shopping/load_payment_module.php] Array
(
    [SiteID] => mst0000007602
    [SitePass] => ******
    [MemberID] => 6206
)
 from 126.146.233.197
2021/09/12 19:30:27 [/shop/shopping/load_payment_module.php] ErrCode=E01|E01&ErrInfo=E01390002|E01240002 from 126.146.233.197
2021/09/12 19:30:27 [/shop/shopping/load_payment_module.php] Array
(
    [0] => Array
        (
            [ErrCode] => E01
            [ErrInfo] => E01390002
        )

    [1] => Array
        (
            [ErrCode] => E01
            [ErrInfo] => E01240002
        )

)
 from 126.146.233.197
2021/09/12 19:31:45 [/shop/shopping/load_payment_module.php] SendRequest:https://p01.mul-pay.jp/payment/SearchMember.idPass from 126.146.233.197
2021/09/12 19:31:45 [/shop/shopping/load_payment_module.php] Array
(
    [SiteID] => mst0000007602
    [SitePass] => ******
    [MemberID] => 6206
)
 from 126.146.233.197
2021/09/12 19:31:46 [/shop/shopping/load_payment_module.php] ErrCode=E01&ErrInfo=E01390002 from 126.146.233.197
2021/09/12 19:31:46 [/shop/shopping/load_payment_module.php] Array
(
    [0] => Array
        (
            [ErrCode] => E01
            [ErrInfo] => E01390002
        )

)
 from 126.146.233.197
2021/09/12 19:31:46 [/shop/shopping/load_payment_module.php] SendRequest:https://p01.mul-pay.jp/payment/SearchCard.idPass from 126.146.233.197
2021/09/12 19:31:46 [/shop/shopping/load_payment_module.php] Array
(
    [SiteID] => mst0000007602
    [SitePass] => ******
    [MemberID] => 6206
)
 from 126.146.233.197
2021/09/12 19:31:46 [/shop/shopping/load_payment_module.php] ErrCode=E01|E01&ErrInfo=E01390002|E01240002 from 126.146.233.197
2021/09/12 19:31:46 [/shop/shopping/load_payment_module.php] Array
(
    [0] => Array
        (
            [ErrCode] => E01
            [ErrInfo] => E01390002
        )

    [1] => Array
        (
            [ErrCode] => E01
            [ErrInfo] => E01240002
        )

)
 from 126.146.233.197
2021/09/12 19:31:49 [/shop/shopping/load_payment_module.php] SendRequest:https://p01.mul-pay.jp/payment/SearchMember.idPass from 126.146.233.197
2021/09/12 19:31:49 [/shop/shopping/load_payment_module.php] Array
(
    [SiteID] => mst0000007602
    [SitePass] => ******
    [MemberID] => 6206
)
 from 126.146.233.197
2021/09/12 19:31:49 [/shop/shopping/load_payment_module.php] ErrCode=E01&ErrInfo=E01390002 from 126.146.233.197
2021/09/12 19:31:49 [/shop/shopping/load_payment_module.php] Array
(
    [0] => Array
        (
            [ErrCode] => E01
            [ErrInfo] => E01390002
        )

)
 from 126.146.233.197
2021/09/12 19:31:49 [/shop/shopping/load_payment_module.php] SendRequest:https://p01.mul-pay.jp/payment/SearchCard.idPass from 126.146.233.197
2021/09/12 19:31:49 [/shop/shopping/load_payment_module.php] Array
(
    [SiteID] => mst0000007602
    [SitePass] => ******
    [MemberID] => 6206
)
 from 126.146.233.197
2021/09/12 19:31:49 [/shop/shopping/load_payment_module.php] ErrCode=E01|E01&ErrInfo=E01390002|E01240002 from 126.146.233.197
2021/09/12 19:31:49 [/shop/shopping/load_payment_module.php] Array
(
    [0] => Array
        (
            [ErrCode] => E01
            [ErrInfo] => E01390002
        )

    [1] => Array
        (
            [ErrCode] => E01
            [ErrInfo] => E01240002
        )

)
 from 126.146.233.197
2021/09/12 19:32:32 [/shop/shopping/load_payment_module.php] SendRequest:https://p01.mul-pay.jp/payment/SearchMember.idPass from 126.146.233.197
2021/09/12 19:32:32 [/shop/shopping/load_payment_module.php] Array
(
    [SiteID] => mst0000007602
    [SitePass] => ******
    [MemberID] => 6206
)
 from 126.146.233.197
2021/09/12 19:32:33 [/shop/shopping/load_payment_module.php] ErrCode=E01&ErrInfo=E01390002 from 126.146.233.197
2021/09/12 19:32:33 [/shop/shopping/load_payment_module.php] Array
(
    [0] => Array
        (
            [ErrCode] => E01
            [ErrInfo] => E01390002
        )

)
 from 126.146.233.197
2021/09/12 19:32:33 [/shop/shopping/load_payment_module.php] SendRequest:https://p01.mul-pay.jp/payment/SearchCard.idPass from 126.146.233.197
2021/09/12 19:32:33 [/shop/shopping/load_payment_module.php] Array
(
    [SiteID] => mst0000007602
    [SitePass] => ******
    [MemberID] => 6206
)
 from 126.146.233.197
2021/09/12 19:32:33 [/shop/shopping/load_payment_module.php] ErrCode=E01|E01&ErrInfo=E01390002|E01240002 from 126.146.233.197
2021/09/12 19:32:33 [/shop/shopping/load_payment_module.php] Array
(
    [0] => Array
        (
            [ErrCode] => E01
            [ErrInfo] => E01390002
        )

    [1] => Array
        (
            [ErrCode] => E01
            [ErrInfo] => E01240002
        )

)
 from 126.146.233.197
2021/09/12 19:35:21 [/shop/shopping/load_payment_module.php] SendRequest:https://p01.mul-pay.jp/payment/SearchMember.idPass from 126.146.233.197
2021/09/12 19:35:21 [/shop/shopping/load_payment_module.php] Array
(
    [SiteID] => mst0000007602
    [SitePass] => ******
    [MemberID] => 6206
)
 from 126.146.233.197
2021/09/12 19:35:22 [/shop/shopping/load_payment_module.php] ErrCode=E01&ErrInfo=E01390002 from 126.146.233.197
2021/09/12 19:35:22 [/shop/shopping/load_payment_module.php] Array
(
    [0] => Array
        (
            [ErrCode] => E01
            [ErrInfo] => E01390002
        )

)
 from 126.146.233.197
2021/09/12 19:35:22 [/shop/shopping/load_payment_module.php] SendRequest:https://p01.mul-pay.jp/payment/SearchCard.idPass from 126.146.233.197
2021/09/12 19:35:22 [/shop/shopping/load_payment_module.php] Array
(
    [SiteID] => mst0000007602
    [SitePass] => ******
    [MemberID] => 6206
)
 from 126.146.233.197
2021/09/12 19:35:22 [/shop/shopping/load_payment_module.php] ErrCode=E01|E01&ErrInfo=E01390002|E01240002 from 126.146.233.197
2021/09/12 19:35:22 [/shop/shopping/load_payment_module.php] Array
(
    [0] => Array
        (
            [ErrCode] => E01
            [ErrInfo] => E01390002
        )

    [1] => Array
        (
            [ErrCode] => E01
            [ErrInfo] => E01240002
        )

)
 from 126.146.233.197
2021/09/12 19:35:36 [/shop/shopping/load_payment_module.php] SendRequest:https://p01.mul-pay.jp/payment/SearchMember.idPass from 126.146.233.197
2021/09/12 19:35:36 [/shop/shopping/load_payment_module.php] Array
(
    [SiteID] => mst0000007602
    [SitePass] => ******
    [MemberID] => 6206
)
 from 126.146.233.197
2021/09/12 19:35:36 [/shop/shopping/load_payment_module.php] ErrCode=E01&ErrInfo=E01390002 from 126.146.233.197
2021/09/12 19:35:36 [/shop/shopping/load_payment_module.php] Array
(
    [0] => Array
        (
            [ErrCode] => E01
            [ErrInfo] => E01390002
        )

)
 from 126.146.233.197
2021/09/12 19:35:36 [/shop/shopping/load_payment_module.php] SendRequest:https://p01.mul-pay.jp/payment/SearchCard.idPass from 126.146.233.197
2021/09/12 19:35:36 [/shop/shopping/load_payment_module.php] Array
(
    [SiteID] => mst0000007602
    [SitePass] => ******
    [MemberID] => 6206
)
 from 126.146.233.197
2021/09/12 19:35:36 [/shop/shopping/load_payment_module.php] ErrCode=E01|E01&ErrInfo=E01390002|E01240002 from 126.146.233.197
2021/09/12 19:35:36 [/shop/shopping/load_payment_module.php] Array
(
    [0] => Array
        (
            [ErrCode] => E01
            [ErrInfo] => E01390002
        )

    [1] => Array
        (
            [ErrCode] => E01
            [ErrInfo] => E01240002
        )

)
 from 126.146.233.197
2021/09/12 19:35:36 [/shop/shopping/load_payment_module.php] SendRequest:https://p01.mul-pay.jp/payment/EntryTran.idPass from 126.146.233.197
2021/09/12 19:35:36 [/shop/shopping/load_payment_module.php] Array
(
    [ShopID] => 9000034600950
    [ShopPass] => ******
    [OrderID] => 945743-12193536
    [JobCd] => CAPTURE
    [Amount] => 1
    [TdFlag] => 0
    [TdTenantName] => 
)
 from 126.146.233.197
2021/09/12 19:35:36 [/shop/shopping/load_payment_module.php] AccessID=fb5004b5faf5af9a56fe3a499b38f039&AccessPass=b3fef724edeefe09224f7dfcd81f1471 from 126.146.233.197
2021/09/12 19:35:36 [/shop/shopping/load_payment_module.php] Array
(
    [0] => Array
        (
            [AccessID] => fb5004b5faf5af9a56fe3a499b38f039
            [AccessPass] => b3fef724edeefe09224f7dfcd81f1471
        )

)
 from 126.146.233.197
2021/09/12 19:35:36 [/shop/shopping/load_payment_module.php] load_payment_module.php set payment data:Array
(
    [AccessID] => fb5004b5faf5af9a56fe3a499b38f039
    [AccessPass] => b3fef724edeefe09224f7dfcd81f1471
    [OrderID] => 945743-12193536
    [Amount] => 1
    [JobCd] => CAPTURE
    [action_status] => 1
    [pay_status] => 0
)
 from 126.146.233.197
2021/09/12 19:35:36 [/shop/shopping/load_payment_module.php] SendRequest:https://p01.mul-pay.jp/payment/ExecTran.idPass from 126.146.233.197
2021/09/12 19:35:36 [/shop/shopping/load_payment_module.php] Array
(
    [AccessID] => fb5004b5faf5af9a56fe3a499b38f039
    [AccessPass] => b3fef724edeefe09224f7dfcd81f1471
    [OrderID] => 945743-12193536
    [Method] => 1
    [Token] => 8aa5eacd94d696e740aeb549b09e0c3c4a40c537cf6272162161929ea784e5f8
    [ClientField1] => 
    [ClientField2] => 
    [ClientField3] => EC-CUBE4.3.24
)
 from 126.146.233.197
2021/09/12 19:35:37 [/shop/shopping/load_payment_module.php] ACS=0&OrderID=945743-12193536&Forward=2S49631&Method=1&PayTimes=&Approve=0012068&TranID=2109121935602257210134133698&TranDate=20210912193538&CheckString=4f4a4402b3bce900bbc1b4e4f673d533 from 126.146.233.197
2021/09/12 19:35:37 [/shop/shopping/load_payment_module.php] Array
(
    [0] => Array
        (
            [ACS] => 0
            [OrderID] => 945743-12193536
            [Forward] => 2S49631
            [Method] => 1
            [PayTimes] => 
            [Approve] => 0012068
            [TranID] => 2109121935602257210134133698
            [TranDate] => 20210912193538
            [CheckString] => 4f4a4402b3bce900bbc1b4e4f673d533
        )

)
 from 126.146.233.197
2021/09/12 19:35:37 [/shop/shopping/load_payment_module.php] load_payment_module.php set payment data:Array
(
    [ACS] => 0
    [Forward] => 2S49631
    [Method] => 1
    [PayTimes] => 
    [Approve] => 0012068
    [TranID] => 2109121935602257210134133698
    [TranDate] => 20210912193538
    [CheckString] => 4f4a4402b3bce900bbc1b4e4f673d533
    [Amount] => 1
    [JobCd] => CAPTURE
    [action_status] => 3
    [pay_status] => 13
)
 from 126.146.233.197
2021/09/12 19:35:38 [/shop/user_data/pg_mulpay_recv.php] ******* receiveer data start ******* from 210.175.7.20
2021/09/12 19:35:38 [/shop/user_data/pg_mulpay_recv.php] Array
(
    [ShopID] => 9000034600950
    [ShopPass] => **********
    [AccessID] => fb5004b5faf5af9a56fe3a499b38f039
    [AccessPass] => ********************************
    [OrderID] => 945743-12193536
    [Status] => CAPTURE
    [JobCd] => CAPTURE
    [Amount] => 1
    [Tax] => 0
    [Currency] => JPN
    [Forward] => 2S49631
    [Method] => 1
    [PayTimes] => 
    [TranID] => 2109121935602257210134133698
    [Approve] => 0012068
    [TranDate] => 20210912193538
    [ErrCode] => 
    [ErrInfo] => 
    [PayType] => 0
)
 from 210.175.7.20
2021/09/12 19:35:38 [/shop/user_data/pg_mulpay_recv.php] ******* receiveer data end ******* from 210.175.7.20
2021/09/12 19:35:43 [/shop/user_data/pg_mulpay_recv.php] update order status:1 order_id=945743 from 210.175.7.20
2021/09/12 19:35:43 [/shop/user_data/pg_mulpay_recv.php] pg_mulpay_recv.php set payment data:Array
(
    [ShopID] => 9000034600950
    [AccessID] => fb5004b5faf5af9a56fe3a499b38f039
    [OrderID] => 945743-12193536
    [Status] => CAPTURE
    [JobCd] => CAPTURE
    [Amount] => 1
    [Tax] => 0
    [Currency] => JPN
    [Forward] => 2S49631
    [Method] => 1
    [PayTimes] => 
    [TranID] => 2109121935602257210134133698
    [Approve] => 0012068
    [TranDate] => 20210912193538
    [ErrCode] => 
    [ErrInfo] => 
    [PayType] => 0
    [CvsCode] => 
    [CvsConfNo] => 
    [CvsReceiptNo] => 
    [EdyReceiptNo] => 
    [EdyOrderNo] => 
    [SuicaReceiptNo] => 
    [SuicaOrderNo] => 
    [CustID] => 
    [BkCode] => 
    [ConfNo] => 
    [PaymentTerm] => 
    [EncryptReceiptNo] => 
    [FinishDate] => 
    [ReceiptDate] => 
    [WebMoneyManagementNo] => 
    [WebMoneySettleCode] => 
    [AuPayInfoNo] => 
    [AuPayMethod] => 
    [AuCancelAmount] => 
    [AuCancelTax] => 
    [DocomoSettlementCode] => 
    [DocomoCancelAmount] => 
    [DocomoCancelTax] => 
    [pay_status] => 13
)
 from 210.175.7.20
2021/09/12 19:35:43 [/shop/user_data/pg_mulpay_recv.php] response:true from 210.175.7.20
