2024/11/07 04:16:42 [/shop/shopping/load_payment_module.php] SendRequest:https://p01.mul-pay.jp/payment/SearchMember.idPass from 168.149.151.250
2024/11/07 04:16:42 [/shop/shopping/load_payment_module.php] Array
(
    [SiteID] => mst0000007602
    [SitePass] => ******
    [MemberID] => 5342
)
 from 168.149.151.250
2024/11/07 04:16:42 [/shop/shopping/load_payment_module.php] ErrCode=E01&ErrInfo=E01390002 from 168.149.151.250
2024/11/07 04:16:42 [/shop/shopping/load_payment_module.php] Array
(
    [0] => Array
        (
            [ErrCode] => E01
            [ErrInfo] => E01390002
        )

)
 from 168.149.151.250
2024/11/07 04:16:42 [/shop/shopping/load_payment_module.php] SendRequest:https://p01.mul-pay.jp/payment/SearchCard.idPass from 168.149.151.250
2024/11/07 04:16:42 [/shop/shopping/load_payment_module.php] Array
(
    [SiteID] => mst0000007602
    [SitePass] => ******
    [MemberID] => 5342
)
 from 168.149.151.250
2024/11/07 04:16:42 [/shop/shopping/load_payment_module.php] ErrCode=E01|E01&ErrInfo=E01390002|E01240002 from 168.149.151.250
2024/11/07 04:16:42 [/shop/shopping/load_payment_module.php] Array
(
    [0] => Array
        (
            [ErrCode] => E01
            [ErrInfo] => E01390002
        )

    [1] => Array
        (
            [ErrCode] => E01
            [ErrInfo] => E01240002
        )

)
 from 168.149.151.250
2024/11/07 04:17:50 [/shop/shopping/load_payment_module.php] SendRequest:https://p01.mul-pay.jp/payment/SearchMember.idPass from 168.149.151.250
2024/11/07 04:17:50 [/shop/shopping/load_payment_module.php] Array
(
    [SiteID] => mst0000007602
    [SitePass] => ******
    [MemberID] => 5342
)
 from 168.149.151.250
2024/11/07 04:17:50 [/shop/shopping/load_payment_module.php] ErrCode=E01&ErrInfo=E01390002 from 168.149.151.250
2024/11/07 04:17:50 [/shop/shopping/load_payment_module.php] Array
(
    [0] => Array
        (
            [ErrCode] => E01
            [ErrInfo] => E01390002
        )

)
 from 168.149.151.250
2024/11/07 04:17:50 [/shop/shopping/load_payment_module.php] SendRequest:https://p01.mul-pay.jp/payment/SearchCard.idPass from 168.149.151.250
2024/11/07 04:17:50 [/shop/shopping/load_payment_module.php] Array
(
    [SiteID] => mst0000007602
    [SitePass] => ******
    [MemberID] => 5342
)
 from 168.149.151.250
2024/11/07 04:17:50 [/shop/shopping/load_payment_module.php] ErrCode=E01|E01&ErrInfo=E01390002|E01240002 from 168.149.151.250
2024/11/07 04:17:50 [/shop/shopping/load_payment_module.php] Array
(
    [0] => Array
        (
            [ErrCode] => E01
            [ErrInfo] => E01390002
        )

    [1] => Array
        (
            [ErrCode] => E01
            [ErrInfo] => E01240002
        )

)
 from 168.149.151.250
2024/11/07 04:17:50 [/shop/shopping/load_payment_module.php] SendRequest:https://p01.mul-pay.jp/payment/EntryTran.idPass from 168.149.151.250
2024/11/07 04:17:50 [/shop/shopping/load_payment_module.php] Array
(
    [ShopID] => 9000034600950
    [ShopPass] => ******
    [OrderID] => 959642-07041750
    [JobCd] => CAPTURE
    [Amount] => 5608
    [TdFlag] => 0
    [TdTenantName] => 
)
 from 168.149.151.250
2024/11/07 04:17:50 [/shop/shopping/load_payment_module.php] AccessID=0e6ddd8b7b8eb428efe242c2a30fb27d&AccessPass=200ea45480523aed3c0d4f43df7c285a from 168.149.151.250
2024/11/07 04:17:50 [/shop/shopping/load_payment_module.php] Array
(
    [0] => Array
        (
            [AccessID] => 0e6ddd8b7b8eb428efe242c2a30fb27d
            [AccessPass] => 200ea45480523aed3c0d4f43df7c285a
        )

)
 from 168.149.151.250
2024/11/07 04:17:50 [/shop/shopping/load_payment_module.php] load_payment_module.php set payment data:Array
(
    [AccessID] => 0e6ddd8b7b8eb428efe242c2a30fb27d
    [AccessPass] => 200ea45480523aed3c0d4f43df7c285a
    [OrderID] => 959642-07041750
    [Amount] => 5608
    [JobCd] => CAPTURE
    [action_status] => 1
    [pay_status] => 0
)
 from 168.149.151.250
2024/11/07 04:17:50 [/shop/shopping/load_payment_module.php] SendRequest:https://p01.mul-pay.jp/payment/ExecTran.idPass from 168.149.151.250
2024/11/07 04:17:50 [/shop/shopping/load_payment_module.php] Array
(
    [AccessID] => 0e6ddd8b7b8eb428efe242c2a30fb27d
    [AccessPass] => 200ea45480523aed3c0d4f43df7c285a
    [OrderID] => 959642-07041750
    [Method] => 1
    [Token] => 27bffc13f141fc0afebc62a869a48b26c6d8b641c03f6611ad73746f27af0a50
    [ClientField1] => 
    [ClientField2] => 
    [ClientField3] => EC-CUBE4.3.35
)
 from 168.149.151.250
2024/11/07 04:17:51 [/shop/shopping/load_payment_module.php] ACS=0&OrderID=959642-07041750&Forward=2S49631&Method=1&PayTimes=&Approve=0084711&TranID=2411070417602257210134163718&TranDate=20241107041751&CheckString=9a8f466270555cc726fce1469825e59d from 168.149.151.250
2024/11/07 04:17:51 [/shop/shopping/load_payment_module.php] Array
(
    [0] => Array
        (
            [ACS] => 0
            [OrderID] => 959642-07041750
            [Forward] => 2S49631
            [Method] => 1
            [PayTimes] => 
            [Approve] => 0084711
            [TranID] => 2411070417602257210134163718
            [TranDate] => 20241107041751
            [CheckString] => 9a8f466270555cc726fce1469825e59d
        )

)
 from 168.149.151.250
2024/11/07 04:17:51 [/shop/shopping/load_payment_module.php] load_payment_module.php set payment data:Array
(
    [ACS] => 0
    [Forward] => 2S49631
    [Method] => 1
    [PayTimes] => 
    [Approve] => 0084711
    [TranID] => 2411070417602257210134163718
    [TranDate] => 20241107041751
    [CheckString] => 9a8f466270555cc726fce1469825e59d
    [Amount] => 5608
    [JobCd] => CAPTURE
    [action_status] => 3
    [pay_status] => 13
)
 from 168.149.151.250
2024/11/07 04:17:51 [/shop/user_data/pg_mulpay_recv.php] ******* receiveer data start ******* from 210.175.7.20
2024/11/07 04:17:51 [/shop/user_data/pg_mulpay_recv.php] Array
(
    [ShopID] => 9000034600950
    [ShopPass] => **********
    [AccessID] => 0e6ddd8b7b8eb428efe242c2a30fb27d
    [AccessPass] => ********************************
    [OrderID] => 959642-07041750
    [Status] => CAPTURE
    [JobCd] => CAPTURE
    [Amount] => 5608
    [Tax] => 0
    [Currency] => JPN
    [Forward] => 2S49631
    [Method] => 1
    [PayTimes] => 
    [TranID] => 2411070417602257210134163718
    [Approve] => 0084711
    [TranDate] => 20241107041751
    [ErrCode] => 
    [ErrInfo] => 
    [PayType] => 0
)
 from 210.175.7.20
2024/11/07 04:17:51 [/shop/user_data/pg_mulpay_recv.php] ******* receiveer data end ******* from 210.175.7.20
2024/11/07 04:17:56 [/shop/user_data/pg_mulpay_recv.php] update order status:1 order_id=959642 from 210.175.7.20
2024/11/07 04:17:56 [/shop/user_data/pg_mulpay_recv.php] pg_mulpay_recv.php set payment data:Array
(
    [ShopID] => 9000034600950
    [AccessID] => 0e6ddd8b7b8eb428efe242c2a30fb27d
    [OrderID] => 959642-07041750
    [Status] => CAPTURE
    [JobCd] => CAPTURE
    [Amount] => 5608
    [Tax] => 0
    [Currency] => JPN
    [Forward] => 2S49631
    [Method] => 1
    [PayTimes] => 
    [TranID] => 2411070417602257210134163718
    [Approve] => 0084711
    [TranDate] => 20241107041751
    [ErrCode] => 
    [ErrInfo] => 
    [PayType] => 0
    [CvsCode] => 
    [CvsConfNo] => 
    [CvsReceiptNo] => 
    [EdyReceiptNo] => 
    [EdyOrderNo] => 
    [SuicaReceiptNo] => 
    [SuicaOrderNo] => 
    [CustID] => 
    [BkCode] => 
    [ConfNo] => 
    [PaymentTerm] => 
    [EncryptReceiptNo] => 
    [FinishDate] => 
    [ReceiptDate] => 
    [WebMoneyManagementNo] => 
    [WebMoneySettleCode] => 
    [AuPayInfoNo] => 
    [AuPayMethod] => 
    [AuCancelAmount] => 
    [AuCancelTax] => 
    [DocomoSettlementCode] => 
    [DocomoCancelAmount] => 
    [DocomoCancelTax] => 
    [pay_status] => 13
)
 from 210.175.7.20
2024/11/07 04:17:56 [/shop/user_data/pg_mulpay_recv.php] response:true from 210.175.7.20
2024/11/07 05:29:44 [/shop/shopping/load_payment_module.php] SendRequest:https://p01.mul-pay.jp/payment/SearchMember.idPass from 136.52.62.60
2024/11/07 05:29:44 [/shop/shopping/load_payment_module.php] Array
(
    [SiteID] => mst0000007602
    [SitePass] => ******
    [MemberID] => 13051
)
 from 136.52.62.60
2024/11/07 05:29:44 [/shop/shopping/load_payment_module.php] ErrCode=E01&ErrInfo=E01390002 from 136.52.62.60
2024/11/07 05:29:44 [/shop/shopping/load_payment_module.php] Array
(
    [0] => Array
        (
            [ErrCode] => E01
            [ErrInfo] => E01390002
        )

)
 from 136.52.62.60
2024/11/07 05:29:44 [/shop/shopping/load_payment_module.php] SendRequest:https://p01.mul-pay.jp/payment/SearchCard.idPass from 136.52.62.60
2024/11/07 05:29:44 [/shop/shopping/load_payment_module.php] Array
(
    [SiteID] => mst0000007602
    [SitePass] => ******
    [MemberID] => 13051
)
 from 136.52.62.60
2024/11/07 05:29:44 [/shop/shopping/load_payment_module.php] ErrCode=E01|E01&ErrInfo=E01390002|E01240002 from 136.52.62.60
2024/11/07 05:29:44 [/shop/shopping/load_payment_module.php] Array
(
    [0] => Array
        (
            [ErrCode] => E01
            [ErrInfo] => E01390002
        )

    [1] => Array
        (
            [ErrCode] => E01
            [ErrInfo] => E01240002
        )

)
 from 136.52.62.60
2024/11/07 05:35:16 [/shop/shopping/load_payment_module.php] SendRequest:https://p01.mul-pay.jp/payment/SearchMember.idPass from 136.52.62.60
2024/11/07 05:35:16 [/shop/shopping/load_payment_module.php] Array
(
    [SiteID] => mst0000007602
    [SitePass] => ******
    [MemberID] => 13051
)
 from 136.52.62.60
2024/11/07 05:35:16 [/shop/shopping/load_payment_module.php] ErrCode=E01&ErrInfo=E01390002 from 136.52.62.60
2024/11/07 05:35:17 [/shop/shopping/load_payment_module.php] Array
(
    [0] => Array
        (
            [ErrCode] => E01
            [ErrInfo] => E01390002
        )

)
 from 136.52.62.60
2024/11/07 05:35:17 [/shop/shopping/load_payment_module.php] SendRequest:https://p01.mul-pay.jp/payment/SearchCard.idPass from 136.52.62.60
2024/11/07 05:35:17 [/shop/shopping/load_payment_module.php] Array
(
    [SiteID] => mst0000007602
    [SitePass] => ******
    [MemberID] => 13051
)
 from 136.52.62.60
2024/11/07 05:35:17 [/shop/shopping/load_payment_module.php] ErrCode=E01|E01&ErrInfo=E01390002|E01240002 from 136.52.62.60
2024/11/07 05:35:17 [/shop/shopping/load_payment_module.php] Array
(
    [0] => Array
        (
            [ErrCode] => E01
            [ErrInfo] => E01390002
        )

    [1] => Array
        (
            [ErrCode] => E01
            [ErrInfo] => E01240002
        )

)
 from 136.52.62.60
2024/11/07 05:35:17 [/shop/shopping/load_payment_module.php] SendRequest:https://p01.mul-pay.jp/payment/EntryTran.idPass from 136.52.62.60
2024/11/07 05:35:17 [/shop/shopping/load_payment_module.php] Array
(
    [ShopID] => 9000034600950
    [ShopPass] => ******
    [OrderID] => 959643-07053517
    [JobCd] => CAPTURE
    [Amount] => 6060
    [TdFlag] => 0
    [TdTenantName] => 
)
 from 136.52.62.60
2024/11/07 05:35:17 [/shop/shopping/load_payment_module.php] AccessID=f48a4a2dcb8eea9608fcc7eace4feacb&AccessPass=74a0c0d6c33da5bcfbb85da79eb4880c from 136.52.62.60
2024/11/07 05:35:17 [/shop/shopping/load_payment_module.php] Array
(
    [0] => Array
        (
            [AccessID] => f48a4a2dcb8eea9608fcc7eace4feacb
            [AccessPass] => 74a0c0d6c33da5bcfbb85da79eb4880c
        )

)
 from 136.52.62.60
2024/11/07 05:35:17 [/shop/shopping/load_payment_module.php] load_payment_module.php set payment data:Array
(
    [AccessID] => f48a4a2dcb8eea9608fcc7eace4feacb
    [AccessPass] => 74a0c0d6c33da5bcfbb85da79eb4880c
    [OrderID] => 959643-07053517
    [Amount] => 6060
    [JobCd] => CAPTURE
    [action_status] => 1
    [pay_status] => 0
)
 from 136.52.62.60
2024/11/07 05:35:17 [/shop/shopping/load_payment_module.php] SendRequest:https://p01.mul-pay.jp/payment/ExecTran.idPass from 136.52.62.60
2024/11/07 05:35:17 [/shop/shopping/load_payment_module.php] Array
(
    [AccessID] => f48a4a2dcb8eea9608fcc7eace4feacb
    [AccessPass] => 74a0c0d6c33da5bcfbb85da79eb4880c
    [OrderID] => 959643-07053517
    [Method] => 1
    [Token] => bc2c9ee76ae3f445a2023712c5c24a6d93ad073eae5bad19cc55d1a519af76a8
    [ClientField1] => 
    [ClientField2] => 
    [ClientField3] => EC-CUBE4.3.35
)
 from 136.52.62.60
2024/11/07 05:35:18 [/shop/shopping/load_payment_module.php] ACS=0&OrderID=959643-07053517&Forward=2a99661&Method=1&PayTimes=&Approve=0282055&TranID=2411070535602257210134183617&TranDate=20241107053518&CheckString=111d8f626ecca26cd442d69b4b5699b7 from 136.52.62.60
2024/11/07 05:35:18 [/shop/shopping/load_payment_module.php] Array
(
    [0] => Array
        (
            [ACS] => 0
            [OrderID] => 959643-07053517
            [Forward] => 2a99661
            [Method] => 1
            [PayTimes] => 
            [Approve] => 0282055
            [TranID] => 2411070535602257210134183617
            [TranDate] => 20241107053518
            [CheckString] => 111d8f626ecca26cd442d69b4b5699b7
        )

)
 from 136.52.62.60
2024/11/07 05:35:18 [/shop/shopping/load_payment_module.php] load_payment_module.php set payment data:Array
(
    [ACS] => 0
    [Forward] => 2a99661
    [Method] => 1
    [PayTimes] => 
    [Approve] => 0282055
    [TranID] => 2411070535602257210134183617
    [TranDate] => 20241107053518
    [CheckString] => 111d8f626ecca26cd442d69b4b5699b7
    [Amount] => 6060
    [JobCd] => CAPTURE
    [action_status] => 3
    [pay_status] => 13
)
 from 136.52.62.60
2024/11/07 05:35:18 [/shop/user_data/pg_mulpay_recv.php] ******* receiveer data start ******* from 210.175.7.20
2024/11/07 05:35:18 [/shop/user_data/pg_mulpay_recv.php] Array
(
    [ShopID] => 9000034600950
    [ShopPass] => **********
    [AccessID] => f48a4a2dcb8eea9608fcc7eace4feacb
    [AccessPass] => ********************************
    [OrderID] => 959643-07053517
    [Status] => CAPTURE
    [JobCd] => CAPTURE
    [Amount] => 6060
    [Tax] => 0
    [Currency] => JPN
    [Forward] => 2a99661
    [Method] => 1
    [PayTimes] => 
    [TranID] => 2411070535602257210134183617
    [Approve] => 0282055
    [TranDate] => 20241107053518
    [ErrCode] => 
    [ErrInfo] => 
    [PayType] => 0
)
 from 210.175.7.20
2024/11/07 05:35:18 [/shop/user_data/pg_mulpay_recv.php] ******* receiveer data end ******* from 210.175.7.20
2024/11/07 05:35:23 [/shop/user_data/pg_mulpay_recv.php] update order status:1 order_id=959643 from 210.175.7.20
2024/11/07 05:35:23 [/shop/user_data/pg_mulpay_recv.php] pg_mulpay_recv.php set payment data:Array
(
    [ShopID] => 9000034600950
    [AccessID] => f48a4a2dcb8eea9608fcc7eace4feacb
    [OrderID] => 959643-07053517
    [Status] => CAPTURE
    [JobCd] => CAPTURE
    [Amount] => 6060
    [Tax] => 0
    [Currency] => JPN
    [Forward] => 2a99661
    [Method] => 1
    [PayTimes] => 
    [TranID] => 2411070535602257210134183617
    [Approve] => 0282055
    [TranDate] => 20241107053518
    [ErrCode] => 
    [ErrInfo] => 
    [PayType] => 0
    [CvsCode] => 
    [CvsConfNo] => 
    [CvsReceiptNo] => 
    [EdyReceiptNo] => 
    [EdyOrderNo] => 
    [SuicaReceiptNo] => 
    [SuicaOrderNo] => 
    [CustID] => 
    [BkCode] => 
    [ConfNo] => 
    [PaymentTerm] => 
    [EncryptReceiptNo] => 
    [FinishDate] => 
    [ReceiptDate] => 
    [WebMoneyManagementNo] => 
    [WebMoneySettleCode] => 
    [AuPayInfoNo] => 
    [AuPayMethod] => 
    [AuCancelAmount] => 
    [AuCancelTax] => 
    [DocomoSettlementCode] => 
    [DocomoCancelAmount] => 
    [DocomoCancelTax] => 
    [pay_status] => 13
)
 from 210.175.7.20
2024/11/07 05:35:23 [/shop/user_data/pg_mulpay_recv.php] response:true from 210.175.7.20
2024/11/07 05:58:20 [/shop/shopping/load_payment_module.php] SendRequest:https://p01.mul-pay.jp/payment/SearchMember.idPass from 165.225.60.203
2024/11/07 05:58:20 [/shop/shopping/load_payment_module.php] Array
(
    [SiteID] => mst0000007602
    [SitePass] => ******
    [MemberID] => 9601
)
 from 165.225.60.203
2024/11/07 05:58:20 [/shop/shopping/load_payment_module.php] ErrCode=E01&ErrInfo=E01390002 from 165.225.60.203
2024/11/07 05:58:20 [/shop/shopping/load_payment_module.php] Array
(
    [0] => Array
        (
            [ErrCode] => E01
            [ErrInfo] => E01390002
        )

)
 from 165.225.60.203
2024/11/07 05:58:20 [/shop/shopping/load_payment_module.php] SendRequest:https://p01.mul-pay.jp/payment/SearchCard.idPass from 165.225.60.203
2024/11/07 05:58:20 [/shop/shopping/load_payment_module.php] Array
(
    [SiteID] => mst0000007602
    [SitePass] => ******
    [MemberID] => 9601
)
 from 165.225.60.203
2024/11/07 05:58:20 [/shop/shopping/load_payment_module.php] ErrCode=E01|E01&ErrInfo=E01390002|E01240002 from 165.225.60.203
2024/11/07 05:58:20 [/shop/shopping/load_payment_module.php] Array
(
    [0] => Array
        (
            [ErrCode] => E01
            [ErrInfo] => E01390002
        )

    [1] => Array
        (
            [ErrCode] => E01
            [ErrInfo] => E01240002
        )

)
 from 165.225.60.203
2024/11/07 05:59:13 [/shop/shopping/load_payment_module.php] SendRequest:https://p01.mul-pay.jp/payment/SearchMember.idPass from 165.225.60.203
2024/11/07 05:59:13 [/shop/shopping/load_payment_module.php] Array
(
    [SiteID] => mst0000007602
    [SitePass] => ******
    [MemberID] => 9601
)
 from 165.225.60.203
2024/11/07 05:59:13 [/shop/shopping/load_payment_module.php] ErrCode=E01&ErrInfo=E01390002 from 165.225.60.203
2024/11/07 05:59:13 [/shop/shopping/load_payment_module.php] Array
(
    [0] => Array
        (
            [ErrCode] => E01
            [ErrInfo] => E01390002
        )

)
 from 165.225.60.203
2024/11/07 05:59:13 [/shop/shopping/load_payment_module.php] SendRequest:https://p01.mul-pay.jp/payment/SearchCard.idPass from 165.225.60.203
2024/11/07 05:59:13 [/shop/shopping/load_payment_module.php] Array
(
    [SiteID] => mst0000007602
    [SitePass] => ******
    [MemberID] => 9601
)
 from 165.225.60.203
2024/11/07 05:59:14 [/shop/shopping/load_payment_module.php] ErrCode=E01|E01&ErrInfo=E01390002|E01240002 from 165.225.60.203
2024/11/07 05:59:14 [/shop/shopping/load_payment_module.php] Array
(
    [0] => Array
        (
            [ErrCode] => E01
            [ErrInfo] => E01390002
        )

    [1] => Array
        (
            [ErrCode] => E01
            [ErrInfo] => E01240002
        )

)
 from 165.225.60.203
2024/11/07 05:59:14 [/shop/shopping/load_payment_module.php] SendRequest:https://p01.mul-pay.jp/payment/EntryTran.idPass from 165.225.60.203
2024/11/07 05:59:14 [/shop/shopping/load_payment_module.php] Array
(
    [ShopID] => 9000034600950
    [ShopPass] => ******
    [OrderID] => 959645-07055914
    [JobCd] => CAPTURE
    [Amount] => 9020
    [TdFlag] => 0
    [TdTenantName] => 
)
 from 165.225.60.203
2024/11/07 05:59:14 [/shop/shopping/load_payment_module.php] AccessID=2a39d51cc84bdd6a3afeeb86e2eca4e1&AccessPass=8fe2d276a28ffcc5357181c29809a4b6 from 165.225.60.203
2024/11/07 05:59:14 [/shop/shopping/load_payment_module.php] Array
(
    [0] => Array
        (
            [AccessID] => 2a39d51cc84bdd6a3afeeb86e2eca4e1
            [AccessPass] => 8fe2d276a28ffcc5357181c29809a4b6
        )

)
 from 165.225.60.203
2024/11/07 05:59:14 [/shop/shopping/load_payment_module.php] load_payment_module.php set payment data:Array
(
    [AccessID] => 2a39d51cc84bdd6a3afeeb86e2eca4e1
    [AccessPass] => 8fe2d276a28ffcc5357181c29809a4b6
    [OrderID] => 959645-07055914
    [Amount] => 9020
    [JobCd] => CAPTURE
    [action_status] => 1
    [pay_status] => 0
)
 from 165.225.60.203
2024/11/07 05:59:14 [/shop/shopping/load_payment_module.php] SendRequest:https://p01.mul-pay.jp/payment/ExecTran.idPass from 165.225.60.203
2024/11/07 05:59:14 [/shop/shopping/load_payment_module.php] Array
(
    [AccessID] => 2a39d51cc84bdd6a3afeeb86e2eca4e1
    [AccessPass] => 8fe2d276a28ffcc5357181c29809a4b6
    [OrderID] => 959645-07055914
    [Method] => 1
    [Token] => ed1d0db74f7b2d26a07c3e93d1621f547f93ba13b1870d86dc47aa0e26144b02
    [ClientField1] => 
    [ClientField2] => 
    [ClientField3] => EC-CUBE4.3.35
)
 from 165.225.60.203
2024/11/07 05:59:14 [/shop/shopping/load_payment_module.php] ErrCode=G83&ErrInfo=42G830000 from 165.225.60.203
2024/11/07 05:59:14 [/shop/shopping/load_payment_module.php] Array
(
    [0] => Array
        (
            [ErrCode] => G83
            [ErrInfo] => 42G830000
        )

)
 from 165.225.60.203
2024/11/07 05:59:14 [/shop/shopping/load_payment_module.php] load_payment_module.php set payment data:Array
(
    [request_error] => Array
        (
            [0] => 有効期限に誤りがあるために、決済を完了する事が出来ませんでした。 (G83-42G830000)
        )

    [Amount] => 9020
    [JobCd] => CAPTURE
    [action_status] => 3
)
 from 165.225.60.203
2024/11/07 05:59:14 [/shop/user_data/pg_mulpay_recv.php] ******* receiveer data start ******* from 210.175.7.20
2024/11/07 05:59:14 [/shop/user_data/pg_mulpay_recv.php] Array
(
    [ShopID] => 9000034600950
    [ShopPass] => **********
    [AccessID] => 2a39d51cc84bdd6a3afeeb86e2eca4e1
    [AccessPass] => ********************************
    [OrderID] => 959645-07055914
    [Status] => UNPROCESSED
    [JobCd] => CAPTURE
    [Amount] => 9020
    [Tax] => 0
    [Currency] => JPN
    [Forward] => 2S49631
    [Method] => 1
    [PayTimes] => 
    [TranID] => 2411070559602257210134153717
    [Approve] =>        
    [TranDate] => 20241107055914
    [ErrCode] => G83
    [ErrInfo] => 42G830000
    [PayType] => 0
)
 from 210.175.7.20
2024/11/07 05:59:14 [/shop/user_data/pg_mulpay_recv.php] ******* receiveer data end ******* from 210.175.7.20
2024/11/07 05:59:14 [/shop/user_data/pg_mulpay_recv.php] pg_mulpay_recv.php set payment data:Array
(
    [ShopID] => 9000034600950
    [AccessID] => 2a39d51cc84bdd6a3afeeb86e2eca4e1
    [OrderID] => 959645-07055914
    [Status] => UNPROCESSED
    [JobCd] => CAPTURE
    [Amount] => 9020
    [Tax] => 0
    [Currency] => JPN
    [Forward] => 2S49631
    [Method] => 1
    [PayTimes] => 
    [TranID] => 2411070559602257210134153717
    [Approve] => 
    [TranDate] => 20241107055914
    [ErrCode] => G83
    [ErrInfo] => 42G830000
    [PayType] => 0
    [CvsCode] => 
    [CvsConfNo] => 
    [CvsReceiptNo] => 
    [EdyReceiptNo] => 
    [EdyOrderNo] => 
    [SuicaReceiptNo] => 
    [SuicaOrderNo] => 
    [CustID] => 
    [BkCode] => 
    [ConfNo] => 
    [PaymentTerm] => 
    [EncryptReceiptNo] => 
    [FinishDate] => 
    [ReceiptDate] => 
    [WebMoneyManagementNo] => 
    [WebMoneySettleCode] => 
    [AuPayInfoNo] => 
    [AuPayMethod] => 
    [AuCancelAmount] => 
    [AuCancelTax] => 
    [DocomoSettlementCode] => 
    [DocomoCancelAmount] => 
    [DocomoCancelTax] => 
    [pay_status] => 0
)
 from 210.175.7.20
2024/11/07 05:59:14 [/shop/user_data/pg_mulpay_recv.php] response:true from 210.175.7.20
2024/11/07 05:59:55 [/shop/shopping/load_payment_module.php] SendRequest:https://p01.mul-pay.jp/payment/SearchMember.idPass from 165.225.60.203
2024/11/07 05:59:55 [/shop/shopping/load_payment_module.php] Array
(
    [SiteID] => mst0000007602
    [SitePass] => ******
    [MemberID] => 9601
)
 from 165.225.60.203
2024/11/07 05:59:55 [/shop/shopping/load_payment_module.php] ErrCode=E01&ErrInfo=E01390002 from 165.225.60.203
2024/11/07 05:59:55 [/shop/shopping/load_payment_module.php] Array
(
    [0] => Array
        (
            [ErrCode] => E01
            [ErrInfo] => E01390002
        )

)
 from 165.225.60.203
2024/11/07 05:59:55 [/shop/shopping/load_payment_module.php] SendRequest:https://p01.mul-pay.jp/payment/SearchCard.idPass from 165.225.60.203
2024/11/07 05:59:55 [/shop/shopping/load_payment_module.php] Array
(
    [SiteID] => mst0000007602
    [SitePass] => ******
    [MemberID] => 9601
)
 from 165.225.60.203
2024/11/07 05:59:55 [/shop/shopping/load_payment_module.php] ErrCode=E01|E01&ErrInfo=E01390002|E01240002 from 165.225.60.203
2024/11/07 05:59:55 [/shop/shopping/load_payment_module.php] Array
(
    [0] => Array
        (
            [ErrCode] => E01
            [ErrInfo] => E01390002
        )

    [1] => Array
        (
            [ErrCode] => E01
            [ErrInfo] => E01240002
        )

)
 from 165.225.60.203
2024/11/07 05:59:55 [/shop/shopping/load_payment_module.php] SendRequest:https://p01.mul-pay.jp/payment/ExecTran.idPass from 165.225.60.203
2024/11/07 05:59:55 [/shop/shopping/load_payment_module.php] Array
(
    [AccessID] => 2a39d51cc84bdd6a3afeeb86e2eca4e1
    [AccessPass] => 8fe2d276a28ffcc5357181c29809a4b6
    [OrderID] => 959645-07055914
    [Method] => 1
    [PayTimes] => 
    [Token] => d5b498c1d263feea6e2fcf67e203e81b49d13fe05e5acee7a175ba6210e15a19
    [ClientField1] => 
    [ClientField2] => 
    [ClientField3] => EC-CUBE4.3.35
)
 from 165.225.60.203
2024/11/07 05:59:56 [/shop/shopping/load_payment_module.php] ACS=0&OrderID=959645-07055914&Forward=2S49631&Method=1&PayTimes=&Approve=0060247&TranID=2411070559602257210134153718&TranDate=20241107055956&CheckString=e56ac32960ebb0feb3dbe2e032df099e from 165.225.60.203
2024/11/07 05:59:56 [/shop/shopping/load_payment_module.php] Array
(
    [0] => Array
        (
            [ACS] => 0
            [OrderID] => 959645-07055914
            [Forward] => 2S49631
            [Method] => 1
            [PayTimes] => 
            [Approve] => 0060247
            [TranID] => 2411070559602257210134153718
            [TranDate] => 20241107055956
            [CheckString] => e56ac32960ebb0feb3dbe2e032df099e
        )

)
 from 165.225.60.203
2024/11/07 05:59:56 [/shop/shopping/load_payment_module.php] load_payment_module.php set payment data:Array
(
    [ACS] => 0
    [Forward] => 2S49631
    [Method] => 1
    [PayTimes] => 
    [Approve] => 0060247
    [TranID] => 2411070559602257210134153718
    [TranDate] => 20241107055956
    [CheckString] => e56ac32960ebb0feb3dbe2e032df099e
    [Amount] => 9020
    [JobCd] => CAPTURE
    [action_status] => 3
    [pay_status] => 13
)
 from 165.225.60.203
2024/11/07 05:59:56 [/shop/user_data/pg_mulpay_recv.php] ******* receiveer data start ******* from 210.175.7.20
2024/11/07 05:59:56 [/shop/user_data/pg_mulpay_recv.php] Array
(
    [ShopID] => 9000034600950
    [ShopPass] => **********
    [AccessID] => 2a39d51cc84bdd6a3afeeb86e2eca4e1
    [AccessPass] => ********************************
    [OrderID] => 959645-07055914
    [Status] => CAPTURE
    [JobCd] => CAPTURE
    [Amount] => 9020
    [Tax] => 0
    [Currency] => JPN
    [Forward] => 2S49631
    [Method] => 1
    [PayTimes] => 
    [TranID] => 2411070559602257210134153718
    [Approve] => 0060247
    [TranDate] => 20241107055956
    [ErrCode] => 
    [ErrInfo] => 
    [PayType] => 0
)
 from 210.175.7.20
2024/11/07 05:59:56 [/shop/user_data/pg_mulpay_recv.php] ******* receiveer data end ******* from 210.175.7.20
2024/11/07 06:00:01 [/shop/user_data/pg_mulpay_recv.php] update order status:1 order_id=959645 from 210.175.7.20
2024/11/07 06:00:01 [/shop/user_data/pg_mulpay_recv.php] pg_mulpay_recv.php set payment data:Array
(
    [ShopID] => 9000034600950
    [AccessID] => 2a39d51cc84bdd6a3afeeb86e2eca4e1
    [OrderID] => 959645-07055914
    [Status] => CAPTURE
    [JobCd] => CAPTURE
    [Amount] => 9020
    [Tax] => 0
    [Currency] => JPN
    [Forward] => 2S49631
    [Method] => 1
    [PayTimes] => 
    [TranID] => 2411070559602257210134153718
    [Approve] => 0060247
    [TranDate] => 20241107055956
    [PayType] => 0
    [CvsCode] => 
    [CvsConfNo] => 
    [CvsReceiptNo] => 
    [EdyReceiptNo] => 
    [EdyOrderNo] => 
    [SuicaReceiptNo] => 
    [SuicaOrderNo] => 
    [CustID] => 
    [BkCode] => 
    [ConfNo] => 
    [PaymentTerm] => 
    [EncryptReceiptNo] => 
    [FinishDate] => 
    [ReceiptDate] => 
    [WebMoneyManagementNo] => 
    [WebMoneySettleCode] => 
    [AuPayInfoNo] => 
    [AuPayMethod] => 
    [AuCancelAmount] => 
    [AuCancelTax] => 
    [DocomoSettlementCode] => 
    [DocomoCancelAmount] => 
    [DocomoCancelTax] => 
    [pay_status] => 13
)
 from 210.175.7.20
2024/11/07 06:00:01 [/shop/user_data/pg_mulpay_recv.php] response:true from 210.175.7.20
2024/11/07 06:36:22 [/shop/shopping/load_payment_module.php] SendRequest:https://p01.mul-pay.jp/payment/SearchMember.idPass from 73.158.112.217
2024/11/07 06:36:22 [/shop/shopping/load_payment_module.php] Array
(
    [SiteID] => mst0000007602
    [SitePass] => ******
    [MemberID] => 13052
)
 from 73.158.112.217
2024/11/07 06:36:22 [/shop/shopping/load_payment_module.php] ErrCode=E01&ErrInfo=E01390002 from 73.158.112.217
2024/11/07 06:36:23 [/shop/shopping/load_payment_module.php] Array
(
    [0] => Array
        (
            [ErrCode] => E01
            [ErrInfo] => E01390002
        )

)
 from 73.158.112.217
2024/11/07 06:36:23 [/shop/shopping/load_payment_module.php] SendRequest:https://p01.mul-pay.jp/payment/SearchCard.idPass from 73.158.112.217
2024/11/07 06:36:23 [/shop/shopping/load_payment_module.php] Array
(
    [SiteID] => mst0000007602
    [SitePass] => ******
    [MemberID] => 13052
)
 from 73.158.112.217
2024/11/07 06:36:23 [/shop/shopping/load_payment_module.php] ErrCode=E01|E01&ErrInfo=E01390002|E01240002 from 73.158.112.217
2024/11/07 06:36:23 [/shop/shopping/load_payment_module.php] Array
(
    [0] => Array
        (
            [ErrCode] => E01
            [ErrInfo] => E01390002
        )

    [1] => Array
        (
            [ErrCode] => E01
            [ErrInfo] => E01240002
        )

)
 from 73.158.112.217
2024/11/07 06:36:37 [/shop/shopping/load_payment_module.php] SendRequest:https://p01.mul-pay.jp/payment/SearchMember.idPass from 73.158.112.217
2024/11/07 06:36:37 [/shop/shopping/load_payment_module.php] Array
(
    [SiteID] => mst0000007602
    [SitePass] => ******
    [MemberID] => 13052
)
 from 73.158.112.217
2024/11/07 06:36:37 [/shop/shopping/load_payment_module.php] ErrCode=E01&ErrInfo=E01390002 from 73.158.112.217
2024/11/07 06:36:38 [/shop/shopping/load_payment_module.php] Array
(
    [0] => Array
        (
            [ErrCode] => E01
            [ErrInfo] => E01390002
        )

)
 from 73.158.112.217
2024/11/07 06:36:38 [/shop/shopping/load_payment_module.php] SendRequest:https://p01.mul-pay.jp/payment/SearchCard.idPass from 73.158.112.217
2024/11/07 06:36:38 [/shop/shopping/load_payment_module.php] Array
(
    [SiteID] => mst0000007602
    [SitePass] => ******
    [MemberID] => 13052
)
 from 73.158.112.217
2024/11/07 06:36:38 [/shop/shopping/load_payment_module.php] ErrCode=E01|E01&ErrInfo=E01390002|E01240002 from 73.158.112.217
2024/11/07 06:36:38 [/shop/shopping/load_payment_module.php] Array
(
    [0] => Array
        (
            [ErrCode] => E01
            [ErrInfo] => E01390002
        )

    [1] => Array
        (
            [ErrCode] => E01
            [ErrInfo] => E01240002
        )

)
 from 73.158.112.217
2024/11/07 06:36:38 [/shop/shopping/load_payment_module.php] SendRequest:https://p01.mul-pay.jp/payment/EntryTran.idPass from 73.158.112.217
2024/11/07 06:36:38 [/shop/shopping/load_payment_module.php] Array
(
    [ShopID] => 9000034600950
    [ShopPass] => ******
    [OrderID] => 959646-07063638
    [JobCd] => CAPTURE
    [Amount] => 10500
    [TdFlag] => 0
    [TdTenantName] => 
)
 from 73.158.112.217
2024/11/07 06:36:38 [/shop/shopping/load_payment_module.php] AccessID=fd24dc40ca4c8e43588cb7f79a7cf98d&AccessPass=b09882a7c8a51cdbba08aa59ee4f9691 from 73.158.112.217
2024/11/07 06:36:38 [/shop/shopping/load_payment_module.php] Array
(
    [0] => Array
        (
            [AccessID] => fd24dc40ca4c8e43588cb7f79a7cf98d
            [AccessPass] => b09882a7c8a51cdbba08aa59ee4f9691
        )

)
 from 73.158.112.217
2024/11/07 06:36:38 [/shop/shopping/load_payment_module.php] load_payment_module.php set payment data:Array
(
    [AccessID] => fd24dc40ca4c8e43588cb7f79a7cf98d
    [AccessPass] => b09882a7c8a51cdbba08aa59ee4f9691
    [OrderID] => 959646-07063638
    [Amount] => 10500
    [JobCd] => CAPTURE
    [action_status] => 1
    [pay_status] => 0
)
 from 73.158.112.217
2024/11/07 06:36:38 [/shop/shopping/load_payment_module.php] SendRequest:https://p01.mul-pay.jp/payment/ExecTran.idPass from 73.158.112.217
2024/11/07 06:36:38 [/shop/shopping/load_payment_module.php] Array
(
    [AccessID] => fd24dc40ca4c8e43588cb7f79a7cf98d
    [AccessPass] => b09882a7c8a51cdbba08aa59ee4f9691
    [OrderID] => 959646-07063638
    [Method] => 1
    [Token] => 9719f8eaf2c3e02ceb4599dc0b1b436b73d0c3992435813e4d67245a26a663a7
    [ClientField1] => 
    [ClientField2] => 
    [ClientField3] => EC-CUBE4.3.35
)
 from 73.158.112.217
2024/11/07 06:36:38 [/shop/shopping/load_payment_module.php] ACS=0&OrderID=959646-07063638&Forward=2959876&Method=1&PayTimes=&Approve=0091619&TranID=2411070636602257210134163719&TranDate=20241107063638&CheckString=082e28fd92efc90bede29c1fd9d45030 from 73.158.112.217
2024/11/07 06:36:38 [/shop/shopping/load_payment_module.php] Array
(
    [0] => Array
        (
            [ACS] => 0
            [OrderID] => 959646-07063638
            [Forward] => 2959876
            [Method] => 1
            [PayTimes] => 
            [Approve] => 0091619
            [TranID] => 2411070636602257210134163719
            [TranDate] => 20241107063638
            [CheckString] => 082e28fd92efc90bede29c1fd9d45030
        )

)
 from 73.158.112.217
2024/11/07 06:36:38 [/shop/shopping/load_payment_module.php] load_payment_module.php set payment data:Array
(
    [ACS] => 0
    [Forward] => 2959876
    [Method] => 1
    [PayTimes] => 
    [Approve] => 0091619
    [TranID] => 2411070636602257210134163719
    [TranDate] => 20241107063638
    [CheckString] => 082e28fd92efc90bede29c1fd9d45030
    [Amount] => 10500
    [JobCd] => CAPTURE
    [action_status] => 3
    [pay_status] => 13
)
 from 73.158.112.217
2024/11/07 06:36:39 [/shop/user_data/pg_mulpay_recv.php] ******* receiveer data start ******* from 210.175.7.20
2024/11/07 06:36:39 [/shop/user_data/pg_mulpay_recv.php] Array
(
    [ShopID] => 9000034600950
    [ShopPass] => **********
    [AccessID] => fd24dc40ca4c8e43588cb7f79a7cf98d
    [AccessPass] => ********************************
    [OrderID] => 959646-07063638
    [Status] => CAPTURE
    [JobCd] => CAPTURE
    [Amount] => 10500
    [Tax] => 0
    [Currency] => JPN
    [Forward] => 2959876
    [Method] => 1
    [PayTimes] => 
    [TranID] => 2411070636602257210134163719
    [Approve] => 0091619
    [TranDate] => 20241107063638
    [ErrCode] => 
    [ErrInfo] => 
    [PayType] => 0
)
 from 210.175.7.20
2024/11/07 06:36:39 [/shop/user_data/pg_mulpay_recv.php] ******* receiveer data end ******* from 210.175.7.20
2024/11/07 06:36:44 [/shop/user_data/pg_mulpay_recv.php] update order status:1 order_id=959646 from 210.175.7.20
2024/11/07 06:36:44 [/shop/user_data/pg_mulpay_recv.php] pg_mulpay_recv.php set payment data:Array
(
    [ShopID] => 9000034600950
    [AccessID] => fd24dc40ca4c8e43588cb7f79a7cf98d
    [OrderID] => 959646-07063638
    [Status] => CAPTURE
    [JobCd] => CAPTURE
    [Amount] => 10500
    [Tax] => 0
    [Currency] => JPN
    [Forward] => 2959876
    [Method] => 1
    [PayTimes] => 
    [TranID] => 2411070636602257210134163719
    [Approve] => 0091619
    [TranDate] => 20241107063638
    [ErrCode] => 
    [ErrInfo] => 
    [PayType] => 0
    [CvsCode] => 
    [CvsConfNo] => 
    [CvsReceiptNo] => 
    [EdyReceiptNo] => 
    [EdyOrderNo] => 
    [SuicaReceiptNo] => 
    [SuicaOrderNo] => 
    [CustID] => 
    [BkCode] => 
    [ConfNo] => 
    [PaymentTerm] => 
    [EncryptReceiptNo] => 
    [FinishDate] => 
    [ReceiptDate] => 
    [WebMoneyManagementNo] => 
    [WebMoneySettleCode] => 
    [AuPayInfoNo] => 
    [AuPayMethod] => 
    [AuCancelAmount] => 
    [AuCancelTax] => 
    [DocomoSettlementCode] => 
    [DocomoCancelAmount] => 
    [DocomoCancelTax] => 
    [pay_status] => 13
)
 from 210.175.7.20
2024/11/07 06:36:44 [/shop/user_data/pg_mulpay_recv.php] response:true from 210.175.7.20
2024/11/07 10:01:42 [/shop/shopping/load_payment_module.php] SendRequest:https://p01.mul-pay.jp/payment/SearchMember.idPass from 24.43.114.246
2024/11/07 10:01:42 [/shop/shopping/load_payment_module.php] Array
(
    [SiteID] => mst0000007602
    [SitePass] => ******
    [MemberID] => 10258
)
 from 24.43.114.246
2024/11/07 10:01:42 [/shop/shopping/load_payment_module.php] ErrCode=E01&ErrInfo=E01390002 from 24.43.114.246
2024/11/07 10:01:42 [/shop/shopping/load_payment_module.php] Array
(
    [0] => Array
        (
            [ErrCode] => E01
            [ErrInfo] => E01390002
        )

)
 from 24.43.114.246
2024/11/07 10:01:42 [/shop/shopping/load_payment_module.php] SendRequest:https://p01.mul-pay.jp/payment/SearchCard.idPass from 24.43.114.246
2024/11/07 10:01:42 [/shop/shopping/load_payment_module.php] Array
(
    [SiteID] => mst0000007602
    [SitePass] => ******
    [MemberID] => 10258
)
 from 24.43.114.246
2024/11/07 10:01:42 [/shop/shopping/load_payment_module.php] ErrCode=E01|E01&ErrInfo=E01390002|E01240002 from 24.43.114.246
2024/11/07 10:01:42 [/shop/shopping/load_payment_module.php] Array
(
    [0] => Array
        (
            [ErrCode] => E01
            [ErrInfo] => E01390002
        )

    [1] => Array
        (
            [ErrCode] => E01
            [ErrInfo] => E01240002
        )

)
 from 24.43.114.246
2024/11/07 10:04:19 [/shop/shopping/load_payment_module.php] SendRequest:https://p01.mul-pay.jp/payment/SearchMember.idPass from 24.43.114.246
2024/11/07 10:04:19 [/shop/shopping/load_payment_module.php] Array
(
    [SiteID] => mst0000007602
    [SitePass] => ******
    [MemberID] => 10258
)
 from 24.43.114.246
2024/11/07 10:04:19 [/shop/shopping/load_payment_module.php] ErrCode=E01&ErrInfo=E01390002 from 24.43.114.246
2024/11/07 10:04:19 [/shop/shopping/load_payment_module.php] Array
(
    [0] => Array
        (
            [ErrCode] => E01
            [ErrInfo] => E01390002
        )

)
 from 24.43.114.246
2024/11/07 10:04:19 [/shop/shopping/load_payment_module.php] SendRequest:https://p01.mul-pay.jp/payment/SearchCard.idPass from 24.43.114.246
2024/11/07 10:04:19 [/shop/shopping/load_payment_module.php] Array
(
    [SiteID] => mst0000007602
    [SitePass] => ******
    [MemberID] => 10258
)
 from 24.43.114.246
2024/11/07 10:04:19 [/shop/shopping/load_payment_module.php] ErrCode=E01|E01&ErrInfo=E01390002|E01240002 from 24.43.114.246
2024/11/07 10:04:19 [/shop/shopping/load_payment_module.php] Array
(
    [0] => Array
        (
            [ErrCode] => E01
            [ErrInfo] => E01390002
        )

    [1] => Array
        (
            [ErrCode] => E01
            [ErrInfo] => E01240002
        )

)
 from 24.43.114.246
2024/11/07 10:04:19 [/shop/shopping/load_payment_module.php] SendRequest:https://p01.mul-pay.jp/payment/EntryTran.idPass from 24.43.114.246
2024/11/07 10:04:19 [/shop/shopping/load_payment_module.php] Array
(
    [ShopID] => 9000034600950
    [ShopPass] => ******
    [OrderID] => 959647-07100419
    [JobCd] => CAPTURE
    [Amount] => 3600
    [TdFlag] => 0
    [TdTenantName] => 
)
 from 24.43.114.246
2024/11/07 10:04:19 [/shop/shopping/load_payment_module.php] AccessID=1deac957f47c3192245088794b6e0af9&AccessPass=ddffc1bea6253c3a231a00e5e7d1b2f8 from 24.43.114.246
2024/11/07 10:04:19 [/shop/shopping/load_payment_module.php] Array
(
    [0] => Array
        (
            [AccessID] => 1deac957f47c3192245088794b6e0af9
            [AccessPass] => ddffc1bea6253c3a231a00e5e7d1b2f8
        )

)
 from 24.43.114.246
2024/11/07 10:04:19 [/shop/shopping/load_payment_module.php] load_payment_module.php set payment data:Array
(
    [AccessID] => 1deac957f47c3192245088794b6e0af9
    [AccessPass] => ddffc1bea6253c3a231a00e5e7d1b2f8
    [OrderID] => 959647-07100419
    [Amount] => 3600
    [JobCd] => CAPTURE
    [action_status] => 1
    [pay_status] => 0
)
 from 24.43.114.246
2024/11/07 10:04:19 [/shop/shopping/load_payment_module.php] SendRequest:https://p01.mul-pay.jp/payment/ExecTran.idPass from 24.43.114.246
2024/11/07 10:04:19 [/shop/shopping/load_payment_module.php] Array
(
    [AccessID] => 1deac957f47c3192245088794b6e0af9
    [AccessPass] => ddffc1bea6253c3a231a00e5e7d1b2f8
    [OrderID] => 959647-07100419
    [Method] => 1
    [Token] => efe13746e72b57b339865cc65842123c684e8741dd6d167f2ddc05d83eae87d8
    [ClientField1] => 
    [ClientField2] => 
    [ClientField3] => EC-CUBE4.3.35
)
 from 24.43.114.246
2024/11/07 10:04:20 [/shop/shopping/load_payment_module.php] ACS=0&OrderID=959647-07100419&Forward=2S49631&Method=1&PayTimes=&Approve=0920634&TranID=2411071004602257210134153719&TranDate=20241107100420&CheckString=25c6353fa2475a72d60c9e1137ffd813 from 24.43.114.246
2024/11/07 10:04:20 [/shop/shopping/load_payment_module.php] Array
(
    [0] => Array
        (
            [ACS] => 0
            [OrderID] => 959647-07100419
            [Forward] => 2S49631
            [Method] => 1
            [PayTimes] => 
            [Approve] => 0920634
            [TranID] => 2411071004602257210134153719
            [TranDate] => 20241107100420
            [CheckString] => 25c6353fa2475a72d60c9e1137ffd813
        )

)
 from 24.43.114.246
2024/11/07 10:04:20 [/shop/shopping/load_payment_module.php] load_payment_module.php set payment data:Array
(
    [ACS] => 0
    [Forward] => 2S49631
    [Method] => 1
    [PayTimes] => 
    [Approve] => 0920634
    [TranID] => 2411071004602257210134153719
    [TranDate] => 20241107100420
    [CheckString] => 25c6353fa2475a72d60c9e1137ffd813
    [Amount] => 3600
    [JobCd] => CAPTURE
    [action_status] => 3
    [pay_status] => 13
)
 from 24.43.114.246
2024/11/07 10:04:20 [/shop/user_data/pg_mulpay_recv.php] ******* receiveer data start ******* from 210.175.7.20
2024/11/07 10:04:20 [/shop/user_data/pg_mulpay_recv.php] Array
(
    [ShopID] => 9000034600950
    [ShopPass] => **********
    [AccessID] => 1deac957f47c3192245088794b6e0af9
    [AccessPass] => ********************************
    [OrderID] => 959647-07100419
    [Status] => CAPTURE
    [JobCd] => CAPTURE
    [Amount] => 3600
    [Tax] => 0
    [Currency] => JPN
    [Forward] => 2S49631
    [Method] => 1
    [PayTimes] => 
    [TranID] => 2411071004602257210134153719
    [Approve] => 0920634
    [TranDate] => 20241107100420
    [ErrCode] => 
    [ErrInfo] => 
    [PayType] => 0
)
 from 210.175.7.20
2024/11/07 10:04:20 [/shop/user_data/pg_mulpay_recv.php] ******* receiveer data end ******* from 210.175.7.20
2024/11/07 10:04:25 [/shop/user_data/pg_mulpay_recv.php] update order status:1 order_id=959647 from 210.175.7.20
2024/11/07 10:04:25 [/shop/user_data/pg_mulpay_recv.php] pg_mulpay_recv.php set payment data:Array
(
    [ShopID] => 9000034600950
    [AccessID] => 1deac957f47c3192245088794b6e0af9
    [OrderID] => 959647-07100419
    [Status] => CAPTURE
    [JobCd] => CAPTURE
    [Amount] => 3600
    [Tax] => 0
    [Currency] => JPN
    [Forward] => 2S49631
    [Method] => 1
    [PayTimes] => 
    [TranID] => 2411071004602257210134153719
    [Approve] => 0920634
    [TranDate] => 20241107100420
    [ErrCode] => 
    [ErrInfo] => 
    [PayType] => 0
    [CvsCode] => 
    [CvsConfNo] => 
    [CvsReceiptNo] => 
    [EdyReceiptNo] => 
    [EdyOrderNo] => 
    [SuicaReceiptNo] => 
    [SuicaOrderNo] => 
    [CustID] => 
    [BkCode] => 
    [ConfNo] => 
    [PaymentTerm] => 
    [EncryptReceiptNo] => 
    [FinishDate] => 
    [ReceiptDate] => 
    [WebMoneyManagementNo] => 
    [WebMoneySettleCode] => 
    [AuPayInfoNo] => 
    [AuPayMethod] => 
    [AuCancelAmount] => 
    [AuCancelTax] => 
    [DocomoSettlementCode] => 
    [DocomoCancelAmount] => 
    [DocomoCancelTax] => 
    [pay_status] => 13
)
 from 210.175.7.20
2024/11/07 10:04:25 [/shop/user_data/pg_mulpay_recv.php] response:true from 210.175.7.20
2024/11/07 18:31:18 [/shop/shopping/load_payment_module.php] SendRequest:https://p01.mul-pay.jp/payment/SearchMember.idPass from 98.155.204.231
2024/11/07 18:31:18 [/shop/shopping/load_payment_module.php] Array
(
    [SiteID] => mst0000007602
    [SitePass] => ******
    [MemberID] => 13053
)
 from 98.155.204.231
2024/11/07 18:31:18 [/shop/shopping/load_payment_module.php] ErrCode=E01&ErrInfo=E01390002 from 98.155.204.231
2024/11/07 18:31:18 [/shop/shopping/load_payment_module.php] Array
(
    [0] => Array
        (
            [ErrCode] => E01
            [ErrInfo] => E01390002
        )

)
 from 98.155.204.231
2024/11/07 18:31:18 [/shop/shopping/load_payment_module.php] SendRequest:https://p01.mul-pay.jp/payment/SearchCard.idPass from 98.155.204.231
2024/11/07 18:31:18 [/shop/shopping/load_payment_module.php] Array
(
    [SiteID] => mst0000007602
    [SitePass] => ******
    [MemberID] => 13053
)
 from 98.155.204.231
2024/11/07 18:31:18 [/shop/shopping/load_payment_module.php] ErrCode=E01|E01&ErrInfo=E01390002|E01240002 from 98.155.204.231
2024/11/07 18:31:18 [/shop/shopping/load_payment_module.php] Array
(
    [0] => Array
        (
            [ErrCode] => E01
            [ErrInfo] => E01390002
        )

    [1] => Array
        (
            [ErrCode] => E01
            [ErrInfo] => E01240002
        )

)
 from 98.155.204.231
2024/11/07 18:31:43 [/shop/shopping/load_payment_module.php] SendRequest:https://p01.mul-pay.jp/payment/SearchMember.idPass from 98.155.204.231
2024/11/07 18:31:43 [/shop/shopping/load_payment_module.php] Array
(
    [SiteID] => mst0000007602
    [SitePass] => ******
    [MemberID] => 13053
)
 from 98.155.204.231
2024/11/07 18:31:43 [/shop/shopping/load_payment_module.php] ErrCode=E01&ErrInfo=E01390002 from 98.155.204.231
2024/11/07 18:31:43 [/shop/shopping/load_payment_module.php] Array
(
    [0] => Array
        (
            [ErrCode] => E01
            [ErrInfo] => E01390002
        )

)
 from 98.155.204.231
2024/11/07 18:31:43 [/shop/shopping/load_payment_module.php] SendRequest:https://p01.mul-pay.jp/payment/SearchCard.idPass from 98.155.204.231
2024/11/07 18:31:43 [/shop/shopping/load_payment_module.php] Array
(
    [SiteID] => mst0000007602
    [SitePass] => ******
    [MemberID] => 13053
)
 from 98.155.204.231
2024/11/07 18:31:43 [/shop/shopping/load_payment_module.php] ErrCode=E01|E01&ErrInfo=E01390002|E01240002 from 98.155.204.231
2024/11/07 18:31:43 [/shop/shopping/load_payment_module.php] Array
(
    [0] => Array
        (
            [ErrCode] => E01
            [ErrInfo] => E01390002
        )

    [1] => Array
        (
            [ErrCode] => E01
            [ErrInfo] => E01240002
        )

)
 from 98.155.204.231
2024/11/07 18:31:43 [/shop/shopping/load_payment_module.php] SendRequest:https://p01.mul-pay.jp/payment/EntryTran.idPass from 98.155.204.231
2024/11/07 18:31:43 [/shop/shopping/load_payment_module.php] Array
(
    [ShopID] => 9000034600950
    [ShopPass] => ******
    [OrderID] => 959648-07183143
    [JobCd] => CAPTURE
    [Amount] => 4770
    [TdFlag] => 0
    [TdTenantName] => 
)
 from 98.155.204.231
2024/11/07 18:31:43 [/shop/shopping/load_payment_module.php] AccessID=5ab59c18a95ac74adb247dc65cbf3ebe&AccessPass=8a2abe89966bfa4f5257686fe3621507 from 98.155.204.231
2024/11/07 18:31:43 [/shop/shopping/load_payment_module.php] Array
(
    [0] => Array
        (
            [AccessID] => 5ab59c18a95ac74adb247dc65cbf3ebe
            [AccessPass] => 8a2abe89966bfa4f5257686fe3621507
        )

)
 from 98.155.204.231
2024/11/07 18:31:43 [/shop/shopping/load_payment_module.php] load_payment_module.php set payment data:Array
(
    [AccessID] => 5ab59c18a95ac74adb247dc65cbf3ebe
    [AccessPass] => 8a2abe89966bfa4f5257686fe3621507
    [OrderID] => 959648-07183143
    [Amount] => 4770
    [JobCd] => CAPTURE
    [action_status] => 1
    [pay_status] => 0
)
 from 98.155.204.231
2024/11/07 18:31:43 [/shop/shopping/load_payment_module.php] SendRequest:https://p01.mul-pay.jp/payment/ExecTran.idPass from 98.155.204.231
2024/11/07 18:31:43 [/shop/shopping/load_payment_module.php] Array
(
    [AccessID] => 5ab59c18a95ac74adb247dc65cbf3ebe
    [AccessPass] => 8a2abe89966bfa4f5257686fe3621507
    [OrderID] => 959648-07183143
    [Method] => 1
    [Token] => 1cbf85793a99257252b84e08a876f87ae2878c37818c53153da26dcd02f040d0
    [ClientField1] => 
    [ClientField2] => 
    [ClientField3] => EC-CUBE4.3.35
)
 from 98.155.204.231
2024/11/07 18:31:44 [/shop/shopping/load_payment_module.php] ErrCode=G44&ErrInfo=42G440000 from 98.155.204.231
2024/11/07 18:31:44 [/shop/shopping/load_payment_module.php] Array
(
    [0] => Array
        (
            [ErrCode] => G44
            [ErrInfo] => 42G440000
        )

)
 from 98.155.204.231
2024/11/07 18:31:44 [/shop/shopping/load_payment_module.php] load_payment_module.php set payment data:Array
(
    [request_error] => Array
        (
            [0] => セキュリティーコードが誤っていた為に、決済を完了する事が出来ませんでした。 (G44-42G440000)
        )

    [Amount] => 4770
    [JobCd] => CAPTURE
    [action_status] => 3
)
 from 98.155.204.231
2024/11/07 18:31:44 [/shop/user_data/pg_mulpay_recv.php] ******* receiveer data start ******* from 210.175.7.20
2024/11/07 18:31:44 [/shop/user_data/pg_mulpay_recv.php] Array
(
    [ShopID] => 9000034600950
    [ShopPass] => **********
    [AccessID] => 5ab59c18a95ac74adb247dc65cbf3ebe
    [AccessPass] => ********************************
    [OrderID] => 959648-07183143
    [Status] => UNPROCESSED
    [JobCd] => CAPTURE
    [Amount] => 4770
    [Tax] => 0
    [Currency] => JPN
    [Forward] => 2S49631
    [Method] => 1
    [PayTimes] => 
    [TranID] => 2411071831602257210134183618
    [Approve] =>        
    [TranDate] => 20241107183144
    [ErrCode] => G44
    [ErrInfo] => 42G440000
    [PayType] => 0
)
 from 210.175.7.20
2024/11/07 18:31:44 [/shop/user_data/pg_mulpay_recv.php] ******* receiveer data end ******* from 210.175.7.20
2024/11/07 18:31:44 [/shop/user_data/pg_mulpay_recv.php] pg_mulpay_recv.php set payment data:Array
(
    [ShopID] => 9000034600950
    [AccessID] => 5ab59c18a95ac74adb247dc65cbf3ebe
    [OrderID] => 959648-07183143
    [Status] => UNPROCESSED
    [JobCd] => CAPTURE
    [Amount] => 4770
    [Tax] => 0
    [Currency] => JPN
    [Forward] => 2S49631
    [Method] => 1
    [PayTimes] => 
    [TranID] => 2411071831602257210134183618
    [Approve] => 
    [TranDate] => 20241107183144
    [ErrCode] => G44
    [ErrInfo] => 42G440000
    [PayType] => 0
    [CvsCode] => 
    [CvsConfNo] => 
    [CvsReceiptNo] => 
    [EdyReceiptNo] => 
    [EdyOrderNo] => 
    [SuicaReceiptNo] => 
    [SuicaOrderNo] => 
    [CustID] => 
    [BkCode] => 
    [ConfNo] => 
    [PaymentTerm] => 
    [EncryptReceiptNo] => 
    [FinishDate] => 
    [ReceiptDate] => 
    [WebMoneyManagementNo] => 
    [WebMoneySettleCode] => 
    [AuPayInfoNo] => 
    [AuPayMethod] => 
    [AuCancelAmount] => 
    [AuCancelTax] => 
    [DocomoSettlementCode] => 
    [DocomoCancelAmount] => 
    [DocomoCancelTax] => 
    [pay_status] => 0
)
 from 210.175.7.20
2024/11/07 18:31:44 [/shop/user_data/pg_mulpay_recv.php] response:true from 210.175.7.20
2024/11/07 18:32:23 [/shop/shopping/load_payment_module.php] SendRequest:https://p01.mul-pay.jp/payment/SearchMember.idPass from 98.155.204.231
2024/11/07 18:32:23 [/shop/shopping/load_payment_module.php] Array
(
    [SiteID] => mst0000007602
    [SitePass] => ******
    [MemberID] => 13053
)
 from 98.155.204.231
2024/11/07 18:32:23 [/shop/shopping/load_payment_module.php] ErrCode=E01&ErrInfo=E01390002 from 98.155.204.231
2024/11/07 18:32:23 [/shop/shopping/load_payment_module.php] Array
(
    [0] => Array
        (
            [ErrCode] => E01
            [ErrInfo] => E01390002
        )

)
 from 98.155.204.231
2024/11/07 18:32:23 [/shop/shopping/load_payment_module.php] SendRequest:https://p01.mul-pay.jp/payment/SearchCard.idPass from 98.155.204.231
2024/11/07 18:32:23 [/shop/shopping/load_payment_module.php] Array
(
    [SiteID] => mst0000007602
    [SitePass] => ******
    [MemberID] => 13053
)
 from 98.155.204.231
2024/11/07 18:32:23 [/shop/shopping/load_payment_module.php] ErrCode=E01|E01&ErrInfo=E01390002|E01240002 from 98.155.204.231
2024/11/07 18:32:23 [/shop/shopping/load_payment_module.php] Array
(
    [0] => Array
        (
            [ErrCode] => E01
            [ErrInfo] => E01390002
        )

    [1] => Array
        (
            [ErrCode] => E01
            [ErrInfo] => E01240002
        )

)
 from 98.155.204.231
2024/11/07 18:32:23 [/shop/shopping/load_payment_module.php] SendRequest:https://p01.mul-pay.jp/payment/ExecTran.idPass from 98.155.204.231
2024/11/07 18:32:23 [/shop/shopping/load_payment_module.php] Array
(
    [AccessID] => 5ab59c18a95ac74adb247dc65cbf3ebe
    [AccessPass] => 8a2abe89966bfa4f5257686fe3621507
    [OrderID] => 959648-07183143
    [Method] => 1
    [PayTimes] => 
    [Token] => 5799a5a45fa1f5fd0cd8116f8632b940dd9a3b961e41b76d9ac20b7633867e9a
    [ClientField1] => 
    [ClientField2] => 
    [ClientField3] => EC-CUBE4.3.35
)
 from 98.155.204.231
2024/11/07 18:32:24 [/shop/shopping/load_payment_module.php] ACS=0&OrderID=959648-07183143&Forward=2S49631&Method=1&PayTimes=&Approve=0067143&TranID=2411071832602257210134153720&TranDate=20241107183224&CheckString=0462ae5e7e8c5bd9fea1de31a25cc7f3 from 98.155.204.231
2024/11/07 18:32:24 [/shop/shopping/load_payment_module.php] Array
(
    [0] => Array
        (
            [ACS] => 0
            [OrderID] => 959648-07183143
            [Forward] => 2S49631
            [Method] => 1
            [PayTimes] => 
            [Approve] => 0067143
            [TranID] => 2411071832602257210134153720
            [TranDate] => 20241107183224
            [CheckString] => 0462ae5e7e8c5bd9fea1de31a25cc7f3
        )

)
 from 98.155.204.231
2024/11/07 18:32:24 [/shop/shopping/load_payment_module.php] load_payment_module.php set payment data:Array
(
    [ACS] => 0
    [Forward] => 2S49631
    [Method] => 1
    [PayTimes] => 
    [Approve] => 0067143
    [TranID] => 2411071832602257210134153720
    [TranDate] => 20241107183224
    [CheckString] => 0462ae5e7e8c5bd9fea1de31a25cc7f3
    [Amount] => 4770
    [JobCd] => CAPTURE
    [action_status] => 3
    [pay_status] => 13
)
 from 98.155.204.231
2024/11/07 18:32:24 [/shop/user_data/pg_mulpay_recv.php] ******* receiveer data start ******* from 210.175.7.20
2024/11/07 18:32:24 [/shop/user_data/pg_mulpay_recv.php] Array
(
    [ShopID] => 9000034600950
    [ShopPass] => **********
    [AccessID] => 5ab59c18a95ac74adb247dc65cbf3ebe
    [AccessPass] => ********************************
    [OrderID] => 959648-07183143
    [Status] => CAPTURE
    [JobCd] => CAPTURE
    [Amount] => 4770
    [Tax] => 0
    [Currency] => JPN
    [Forward] => 2S49631
    [Method] => 1
    [PayTimes] => 
    [TranID] => 2411071832602257210134153720
    [Approve] => 0067143
    [TranDate] => 20241107183224
    [ErrCode] => 
    [ErrInfo] => 
    [PayType] => 0
)
 from 210.175.7.20
2024/11/07 18:32:24 [/shop/user_data/pg_mulpay_recv.php] ******* receiveer data end ******* from 210.175.7.20
2024/11/07 18:32:29 [/shop/user_data/pg_mulpay_recv.php] update order status:1 order_id=959648 from 210.175.7.20
2024/11/07 18:32:29 [/shop/user_data/pg_mulpay_recv.php] pg_mulpay_recv.php set payment data:Array
(
    [ShopID] => 9000034600950
    [AccessID] => 5ab59c18a95ac74adb247dc65cbf3ebe
    [OrderID] => 959648-07183143
    [Status] => CAPTURE
    [JobCd] => CAPTURE
    [Amount] => 4770
    [Tax] => 0
    [Currency] => JPN
    [Forward] => 2S49631
    [Method] => 1
    [PayTimes] => 
    [TranID] => 2411071832602257210134153720
    [Approve] => 0067143
    [TranDate] => 20241107183224
    [PayType] => 0
    [CvsCode] => 
    [CvsConfNo] => 
    [CvsReceiptNo] => 
    [EdyReceiptNo] => 
    [EdyOrderNo] => 
    [SuicaReceiptNo] => 
    [SuicaOrderNo] => 
    [CustID] => 
    [BkCode] => 
    [ConfNo] => 
    [PaymentTerm] => 
    [EncryptReceiptNo] => 
    [FinishDate] => 
    [ReceiptDate] => 
    [WebMoneyManagementNo] => 
    [WebMoneySettleCode] => 
    [AuPayInfoNo] => 
    [AuPayMethod] => 
    [AuCancelAmount] => 
    [AuCancelTax] => 
    [DocomoSettlementCode] => 
    [DocomoCancelAmount] => 
    [DocomoCancelTax] => 
    [pay_status] => 13
)
 from 210.175.7.20
2024/11/07 18:32:29 [/shop/user_data/pg_mulpay_recv.php] response:true from 210.175.7.20
2024/11/07 21:26:15 [/shop/shopping/load_payment_module.php] SendRequest:https://p01.mul-pay.jp/payment/EntryTran.idPass from 89.110.75.171
2024/11/07 21:26:15 [/shop/shopping/load_payment_module.php] Array
(
    [ShopID] => 9000034600950
    [ShopPass] => ******
    [OrderID] => 959650-07212615
    [JobCd] => CAPTURE
    [Amount] => 11800
    [TdFlag] => 0
    [TdTenantName] => 
)
 from 89.110.75.171
2024/11/07 21:26:15 [/shop/shopping/load_payment_module.php] AccessID=ac1598215841e6348f8841bce642849a&AccessPass=b47139aeef79db226d9239d9e65422ad from 89.110.75.171
2024/11/07 21:26:15 [/shop/shopping/load_payment_module.php] Array
(
    [0] => Array
        (
            [AccessID] => ac1598215841e6348f8841bce642849a
            [AccessPass] => b47139aeef79db226d9239d9e65422ad
        )

)
 from 89.110.75.171
2024/11/07 21:26:15 [/shop/shopping/load_payment_module.php] load_payment_module.php set payment data:Array
(
    [AccessID] => ac1598215841e6348f8841bce642849a
    [AccessPass] => b47139aeef79db226d9239d9e65422ad
    [OrderID] => 959650-07212615
    [Amount] => 11800
    [JobCd] => CAPTURE
    [action_status] => 1
    [pay_status] => 0
)
 from 89.110.75.171
2024/11/07 21:26:15 [/shop/shopping/load_payment_module.php] SendRequest:https://p01.mul-pay.jp/payment/ExecTran.idPass from 89.110.75.171
2024/11/07 21:26:15 [/shop/shopping/load_payment_module.php] Array
(
    [AccessID] => ac1598215841e6348f8841bce642849a
    [AccessPass] => b47139aeef79db226d9239d9e65422ad
    [OrderID] => 959650-07212615
    [Method] => 1
    [Token] => fb546426d27ca3264dda210273661c6a2a06ddb06a7c1a7166657c546723d5c2
    [ClientField1] => 
    [ClientField2] => 
    [ClientField3] => EC-CUBE4.3.35
)
 from 89.110.75.171
2024/11/07 21:26:15 [/shop/shopping/load_payment_module.php] ErrCode=G65&ErrInfo=42G650000 from 89.110.75.171
2024/11/07 21:26:15 [/shop/shopping/load_payment_module.php] Array
(
    [0] => Array
        (
            [ErrCode] => G65
            [ErrInfo] => 42G650000
        )

)
 from 89.110.75.171
2024/11/07 21:26:15 [/shop/shopping/load_payment_module.php] load_payment_module.php set payment data:Array
(
    [request_error] => Array
        (
            [0] => カード番号に誤りがあるために、決済を完了する事が出来ませんでした。 (G65-42G650000)
        )

    [Amount] => 11800
    [JobCd] => CAPTURE
    [action_status] => 3
)
 from 89.110.75.171
2024/11/07 21:26:15 [/shop/user_data/pg_mulpay_recv.php] ******* receiveer data start ******* from 210.175.7.20
2024/11/07 21:26:15 [/shop/user_data/pg_mulpay_recv.php] Array
(
    [ShopID] => 9000034600950
    [ShopPass] => **********
    [AccessID] => ac1598215841e6348f8841bce642849a
    [AccessPass] => ********************************
    [OrderID] => 959650-07212615
    [Status] => UNPROCESSED
    [JobCd] => CAPTURE
    [Amount] => 11800
    [Tax] => 0
    [Currency] => JPN
    [Forward] => 2959876
    [Method] => 1
    [PayTimes] => 
    [TranID] => 2411072126602257210134153721
    [Approve] =>        
    [TranDate] => 20241107212615
    [ErrCode] => G65
    [ErrInfo] => 42G650000
    [PayType] => 0
)
 from 210.175.7.20
2024/11/07 21:26:15 [/shop/user_data/pg_mulpay_recv.php] ******* receiveer data end ******* from 210.175.7.20
2024/11/07 21:26:15 [/shop/user_data/pg_mulpay_recv.php] pg_mulpay_recv.php set payment data:Array
(
    [ShopID] => 9000034600950
    [AccessID] => ac1598215841e6348f8841bce642849a
    [OrderID] => 959650-07212615
    [Status] => UNPROCESSED
    [JobCd] => CAPTURE
    [Amount] => 11800
    [Tax] => 0
    [Currency] => JPN
    [Forward] => 2959876
    [Method] => 1
    [PayTimes] => 
    [TranID] => 2411072126602257210134153721
    [Approve] => 
    [TranDate] => 20241107212615
    [ErrCode] => G65
    [ErrInfo] => 42G650000
    [PayType] => 0
    [CvsCode] => 
    [CvsConfNo] => 
    [CvsReceiptNo] => 
    [EdyReceiptNo] => 
    [EdyOrderNo] => 
    [SuicaReceiptNo] => 
    [SuicaOrderNo] => 
    [CustID] => 
    [BkCode] => 
    [ConfNo] => 
    [PaymentTerm] => 
    [EncryptReceiptNo] => 
    [FinishDate] => 
    [ReceiptDate] => 
    [WebMoneyManagementNo] => 
    [WebMoneySettleCode] => 
    [AuPayInfoNo] => 
    [AuPayMethod] => 
    [AuCancelAmount] => 
    [AuCancelTax] => 
    [DocomoSettlementCode] => 
    [DocomoCancelAmount] => 
    [DocomoCancelTax] => 
    [pay_status] => 0
)
 from 210.175.7.20
2024/11/07 21:26:15 [/shop/user_data/pg_mulpay_recv.php] response:true from 210.175.7.20
2024/11/07 21:44:26 [/shop/shopping/load_payment_module.php] SendRequest:https://p01.mul-pay.jp/payment/EntryTran.idPass from 89.110.75.171
2024/11/07 21:44:26 [/shop/shopping/load_payment_module.php] Array
(
    [ShopID] => 9000034600950
    [ShopPass] => ******
    [OrderID] => 959651-07214426
    [JobCd] => CAPTURE
    [Amount] => 11800
    [TdFlag] => 0
    [TdTenantName] => 
)
 from 89.110.75.171
2024/11/07 21:44:26 [/shop/shopping/load_payment_module.php] AccessID=5da753a9b18ecff1dfdbd126a25b2a51&AccessPass=17180b4d98eba88f2438e8bd73450143 from 89.110.75.171
2024/11/07 21:44:26 [/shop/shopping/load_payment_module.php] Array
(
    [0] => Array
        (
            [AccessID] => 5da753a9b18ecff1dfdbd126a25b2a51
            [AccessPass] => 17180b4d98eba88f2438e8bd73450143
        )

)
 from 89.110.75.171
2024/11/07 21:44:26 [/shop/shopping/load_payment_module.php] load_payment_module.php set payment data:Array
(
    [AccessID] => 5da753a9b18ecff1dfdbd126a25b2a51
    [AccessPass] => 17180b4d98eba88f2438e8bd73450143
    [OrderID] => 959651-07214426
    [Amount] => 11800
    [JobCd] => CAPTURE
    [action_status] => 1
    [pay_status] => 0
)
 from 89.110.75.171
2024/11/07 21:44:26 [/shop/shopping/load_payment_module.php] SendRequest:https://p01.mul-pay.jp/payment/ExecTran.idPass from 89.110.75.171
2024/11/07 21:44:26 [/shop/shopping/load_payment_module.php] Array
(
    [AccessID] => 5da753a9b18ecff1dfdbd126a25b2a51
    [AccessPass] => 17180b4d98eba88f2438e8bd73450143
    [OrderID] => 959651-07214426
    [Method] => 1
    [Token] => 0170b507d4c09073068ddb6c4263ce540f3aceca429364ccf5d6036756a5b6cb
    [ClientField1] => 
    [ClientField2] => 
    [ClientField3] => EC-CUBE4.3.35
)
 from 89.110.75.171
2024/11/07 21:44:27 [/shop/shopping/load_payment_module.php] ACS=0&OrderID=959651-07214426&Forward=2S49631&Method=1&PayTimes=&Approve=0711896&TranID=2411072144602257210134153722&TranDate=20241107214427&CheckString=9731edcfeac99be7a886468fd5305ee4 from 89.110.75.171
2024/11/07 21:44:27 [/shop/shopping/load_payment_module.php] Array
(
    [0] => Array
        (
            [ACS] => 0
            [OrderID] => 959651-07214426
            [Forward] => 2S49631
            [Method] => 1
            [PayTimes] => 
            [Approve] => 0711896
            [TranID] => 2411072144602257210134153722
            [TranDate] => 20241107214427
            [CheckString] => 9731edcfeac99be7a886468fd5305ee4
        )

)
 from 89.110.75.171
2024/11/07 21:44:27 [/shop/shopping/load_payment_module.php] load_payment_module.php set payment data:Array
(
    [ACS] => 0
    [Forward] => 2S49631
    [Method] => 1
    [PayTimes] => 
    [Approve] => 0711896
    [TranID] => 2411072144602257210134153722
    [TranDate] => 20241107214427
    [CheckString] => 9731edcfeac99be7a886468fd5305ee4
    [Amount] => 11800
    [JobCd] => CAPTURE
    [action_status] => 3
    [pay_status] => 13
)
 from 89.110.75.171
2024/11/07 21:44:27 [/shop/user_data/pg_mulpay_recv.php] ******* receiveer data start ******* from 210.175.7.20
2024/11/07 21:44:27 [/shop/user_data/pg_mulpay_recv.php] Array
(
    [ShopID] => 9000034600950
    [ShopPass] => **********
    [AccessID] => 5da753a9b18ecff1dfdbd126a25b2a51
    [AccessPass] => ********************************
    [OrderID] => 959651-07214426
    [Status] => CAPTURE
    [JobCd] => CAPTURE
    [Amount] => 11800
    [Tax] => 0
    [Currency] => JPN
    [Forward] => 2S49631
    [Method] => 1
    [PayTimes] => 
    [TranID] => 2411072144602257210134153722
    [Approve] => 0711896
    [TranDate] => 20241107214427
    [ErrCode] => 
    [ErrInfo] => 
    [PayType] => 0
)
 from 210.175.7.20
2024/11/07 21:44:27 [/shop/user_data/pg_mulpay_recv.php] ******* receiveer data end ******* from 210.175.7.20
2024/11/07 21:44:32 [/shop/user_data/pg_mulpay_recv.php] update order status:1 order_id=959651 from 210.175.7.20
2024/11/07 21:44:32 [/shop/user_data/pg_mulpay_recv.php] pg_mulpay_recv.php set payment data:Array
(
    [ShopID] => 9000034600950
    [AccessID] => 5da753a9b18ecff1dfdbd126a25b2a51
    [OrderID] => 959651-07214426
    [Status] => CAPTURE
    [JobCd] => CAPTURE
    [Amount] => 11800
    [Tax] => 0
    [Currency] => JPN
    [Forward] => 2S49631
    [Method] => 1
    [PayTimes] => 
    [TranID] => 2411072144602257210134153722
    [Approve] => 0711896
    [TranDate] => 20241107214427
    [ErrCode] => 
    [ErrInfo] => 
    [PayType] => 0
    [CvsCode] => 
    [CvsConfNo] => 
    [CvsReceiptNo] => 
    [EdyReceiptNo] => 
    [EdyOrderNo] => 
    [SuicaReceiptNo] => 
    [SuicaOrderNo] => 
    [CustID] => 
    [BkCode] => 
    [ConfNo] => 
    [PaymentTerm] => 
    [EncryptReceiptNo] => 
    [FinishDate] => 
    [ReceiptDate] => 
    [WebMoneyManagementNo] => 
    [WebMoneySettleCode] => 
    [AuPayInfoNo] => 
    [AuPayMethod] => 
    [AuCancelAmount] => 
    [AuCancelTax] => 
    [DocomoSettlementCode] => 
    [DocomoCancelAmount] => 
    [DocomoCancelTax] => 
    [pay_status] => 13
)
 from 210.175.7.20
2024/11/07 21:44:32 [/shop/user_data/pg_mulpay_recv.php] response:true from 210.175.7.20
2024/11/07 22:00:41 [/shop/shopping/load_payment_module.php] SendRequest:https://p01.mul-pay.jp/payment/EntryTran.idPass from 179.118.192.63
2024/11/07 22:00:41 [/shop/shopping/load_payment_module.php] Array
(
    [ShopID] => 9000034600950
    [ShopPass] => ******
    [OrderID] => 959652-07220041
    [JobCd] => CAPTURE
    [Amount] => 10500
    [TdFlag] => 0
    [TdTenantName] => 
)
 from 179.118.192.63
2024/11/07 22:00:41 [/shop/shopping/load_payment_module.php] AccessID=1a7a94e8199d1e0b399ebd80485f9f2e&AccessPass=cc97d9ff942286202557a629d8aa6d85 from 179.118.192.63
2024/11/07 22:00:41 [/shop/shopping/load_payment_module.php] Array
(
    [0] => Array
        (
            [AccessID] => 1a7a94e8199d1e0b399ebd80485f9f2e
            [AccessPass] => cc97d9ff942286202557a629d8aa6d85
        )

)
 from 179.118.192.63
2024/11/07 22:00:41 [/shop/shopping/load_payment_module.php] load_payment_module.php set payment data:Array
(
    [AccessID] => 1a7a94e8199d1e0b399ebd80485f9f2e
    [AccessPass] => cc97d9ff942286202557a629d8aa6d85
    [OrderID] => 959652-07220041
    [Amount] => 10500
    [JobCd] => CAPTURE
    [action_status] => 1
    [pay_status] => 0
)
 from 179.118.192.63
2024/11/07 22:00:41 [/shop/shopping/load_payment_module.php] SendRequest:https://p01.mul-pay.jp/payment/ExecTran.idPass from 179.118.192.63
2024/11/07 22:00:41 [/shop/shopping/load_payment_module.php] Array
(
    [AccessID] => 1a7a94e8199d1e0b399ebd80485f9f2e
    [AccessPass] => cc97d9ff942286202557a629d8aa6d85
    [OrderID] => 959652-07220041
    [Method] => 1
    [Token] => 471f4478707615aceeed68431cd64c83e822b6eaaa1184071ca5587ff239ace9
    [ClientField1] => 
    [ClientField2] => 
    [ClientField3] => EC-CUBE4.3.35
)
 from 179.118.192.63
2024/11/07 22:00:43 [/shop/shopping/load_payment_module.php] ACS=0&OrderID=959652-07220041&Forward=2959876&Method=1&PayTimes=&Approve=0266788&TranID=2411072200602257210134173586&TranDate=20241107220043&CheckString=a2035d0150533e7bef295d4a0f56c639 from 179.118.192.63
2024/11/07 22:00:43 [/shop/shopping/load_payment_module.php] Array
(
    [0] => Array
        (
            [ACS] => 0
            [OrderID] => 959652-07220041
            [Forward] => 2959876
            [Method] => 1
            [PayTimes] => 
            [Approve] => 0266788
            [TranID] => 2411072200602257210134173586
            [TranDate] => 20241107220043
            [CheckString] => a2035d0150533e7bef295d4a0f56c639
        )

)
 from 179.118.192.63
2024/11/07 22:00:43 [/shop/shopping/load_payment_module.php] load_payment_module.php set payment data:Array
(
    [ACS] => 0
    [Forward] => 2959876
    [Method] => 1
    [PayTimes] => 
    [Approve] => 0266788
    [TranID] => 2411072200602257210134173586
    [TranDate] => 20241107220043
    [CheckString] => a2035d0150533e7bef295d4a0f56c639
    [Amount] => 10500
    [JobCd] => CAPTURE
    [action_status] => 3
    [pay_status] => 13
)
 from 179.118.192.63
2024/11/07 22:00:43 [/shop/user_data/pg_mulpay_recv.php] ******* receiveer data start ******* from 210.175.7.20
2024/11/07 22:00:43 [/shop/user_data/pg_mulpay_recv.php] Array
(
    [ShopID] => 9000034600950
    [ShopPass] => **********
    [AccessID] => 1a7a94e8199d1e0b399ebd80485f9f2e
    [AccessPass] => ********************************
    [OrderID] => 959652-07220041
    [Status] => CAPTURE
    [JobCd] => CAPTURE
    [Amount] => 10500
    [Tax] => 0
    [Currency] => JPN
    [Forward] => 2959876
    [Method] => 1
    [PayTimes] => 
    [TranID] => 2411072200602257210134173586
    [Approve] => 0266788
    [TranDate] => 20241107220043
    [ErrCode] => 
    [ErrInfo] => 
    [PayType] => 0
)
 from 210.175.7.20
2024/11/07 22:00:43 [/shop/user_data/pg_mulpay_recv.php] ******* receiveer data end ******* from 210.175.7.20
2024/11/07 22:00:48 [/shop/user_data/pg_mulpay_recv.php] update order status:1 order_id=959652 from 210.175.7.20
2024/11/07 22:00:48 [/shop/user_data/pg_mulpay_recv.php] pg_mulpay_recv.php set payment data:Array
(
    [ShopID] => 9000034600950
    [AccessID] => 1a7a94e8199d1e0b399ebd80485f9f2e
    [OrderID] => 959652-07220041
    [Status] => CAPTURE
    [JobCd] => CAPTURE
    [Amount] => 10500
    [Tax] => 0
    [Currency] => JPN
    [Forward] => 2959876
    [Method] => 1
    [PayTimes] => 
    [TranID] => 2411072200602257210134173586
    [Approve] => 0266788
    [TranDate] => 20241107220043
    [ErrCode] => 
    [ErrInfo] => 
    [PayType] => 0
    [CvsCode] => 
    [CvsConfNo] => 
    [CvsReceiptNo] => 
    [EdyReceiptNo] => 
    [EdyOrderNo] => 
    [SuicaReceiptNo] => 
    [SuicaOrderNo] => 
    [CustID] => 
    [BkCode] => 
    [ConfNo] => 
    [PaymentTerm] => 
    [EncryptReceiptNo] => 
    [FinishDate] => 
    [ReceiptDate] => 
    [WebMoneyManagementNo] => 
    [WebMoneySettleCode] => 
    [AuPayInfoNo] => 
    [AuPayMethod] => 
    [AuCancelAmount] => 
    [AuCancelTax] => 
    [DocomoSettlementCode] => 
    [DocomoCancelAmount] => 
    [DocomoCancelTax] => 
    [pay_status] => 13
)
 from 210.175.7.20
2024/11/07 22:00:48 [/shop/user_data/pg_mulpay_recv.php] response:true from 210.175.7.20
2024/11/07 23:53:11 [/shop/shopping/load_payment_module.php] SendRequest:https://p01.mul-pay.jp/payment/SearchMember.idPass from 86.48.13.116
2024/11/07 23:53:11 [/shop/shopping/load_payment_module.php] Array
(
    [SiteID] => mst0000007602
    [SitePass] => ******
    [MemberID] => 10028
)
 from 86.48.13.116
2024/11/07 23:53:11 [/shop/shopping/load_payment_module.php] ErrCode=E01&ErrInfo=E01390002 from 86.48.13.116
2024/11/07 23:53:11 [/shop/shopping/load_payment_module.php] Array
(
    [0] => Array
        (
            [ErrCode] => E01
            [ErrInfo] => E01390002
        )

)
 from 86.48.13.116
2024/11/07 23:53:11 [/shop/shopping/load_payment_module.php] SendRequest:https://p01.mul-pay.jp/payment/SearchCard.idPass from 86.48.13.116
2024/11/07 23:53:11 [/shop/shopping/load_payment_module.php] Array
(
    [SiteID] => mst0000007602
    [SitePass] => ******
    [MemberID] => 10028
)
 from 86.48.13.116
2024/11/07 23:53:11 [/shop/shopping/load_payment_module.php] ErrCode=E01|E01&ErrInfo=E01390002|E01240002 from 86.48.13.116
2024/11/07 23:53:11 [/shop/shopping/load_payment_module.php] Array
(
    [0] => Array
        (
            [ErrCode] => E01
            [ErrInfo] => E01390002
        )

    [1] => Array
        (
            [ErrCode] => E01
            [ErrInfo] => E01240002
        )

)
 from 86.48.13.116
2024/11/07 23:55:01 [/shop/shopping/load_payment_module.php] SendRequest:https://p01.mul-pay.jp/payment/SearchMember.idPass from 86.48.13.116
2024/11/07 23:55:01 [/shop/shopping/load_payment_module.php] Array
(
    [SiteID] => mst0000007602
    [SitePass] => ******
    [MemberID] => 10028
)
 from 86.48.13.116
2024/11/07 23:55:01 [/shop/shopping/load_payment_module.php] ErrCode=E01&ErrInfo=E01390002 from 86.48.13.116
2024/11/07 23:55:01 [/shop/shopping/load_payment_module.php] Array
(
    [0] => Array
        (
            [ErrCode] => E01
            [ErrInfo] => E01390002
        )

)
 from 86.48.13.116
2024/11/07 23:55:01 [/shop/shopping/load_payment_module.php] SendRequest:https://p01.mul-pay.jp/payment/SearchCard.idPass from 86.48.13.116
2024/11/07 23:55:01 [/shop/shopping/load_payment_module.php] Array
(
    [SiteID] => mst0000007602
    [SitePass] => ******
    [MemberID] => 10028
)
 from 86.48.13.116
2024/11/07 23:55:01 [/shop/shopping/load_payment_module.php] ErrCode=E01|E01&ErrInfo=E01390002|E01240002 from 86.48.13.116
2024/11/07 23:55:01 [/shop/shopping/load_payment_module.php] Array
(
    [0] => Array
        (
            [ErrCode] => E01
            [ErrInfo] => E01390002
        )

    [1] => Array
        (
            [ErrCode] => E01
            [ErrInfo] => E01240002
        )

)
 from 86.48.13.116
2024/11/07 23:55:01 [/shop/shopping/load_payment_module.php] SendRequest:https://p01.mul-pay.jp/payment/EntryTran.idPass from 86.48.13.116
2024/11/07 23:55:01 [/shop/shopping/load_payment_module.php] Array
(
    [ShopID] => 9000034600950
    [ShopPass] => ******
    [OrderID] => 959653-07235501
    [JobCd] => CAPTURE
    [Amount] => 7806
    [TdFlag] => 0
    [TdTenantName] => 
)
 from 86.48.13.116
2024/11/07 23:55:01 [/shop/shopping/load_payment_module.php] AccessID=4635fc3c99b5739fa25870bf66e600a6&AccessPass=6e26f169b0d90f48de1f3e4627a8c79e from 86.48.13.116
2024/11/07 23:55:01 [/shop/shopping/load_payment_module.php] Array
(
    [0] => Array
        (
            [AccessID] => 4635fc3c99b5739fa25870bf66e600a6
            [AccessPass] => 6e26f169b0d90f48de1f3e4627a8c79e
        )

)
 from 86.48.13.116
2024/11/07 23:55:01 [/shop/shopping/load_payment_module.php] load_payment_module.php set payment data:Array
(
    [AccessID] => 4635fc3c99b5739fa25870bf66e600a6
    [AccessPass] => 6e26f169b0d90f48de1f3e4627a8c79e
    [OrderID] => 959653-07235501
    [Amount] => 7806
    [JobCd] => CAPTURE
    [action_status] => 1
    [pay_status] => 0
)
 from 86.48.13.116
2024/11/07 23:55:01 [/shop/shopping/load_payment_module.php] SendRequest:https://p01.mul-pay.jp/payment/ExecTran.idPass from 86.48.13.116
2024/11/07 23:55:01 [/shop/shopping/load_payment_module.php] Array
(
    [AccessID] => 4635fc3c99b5739fa25870bf66e600a6
    [AccessPass] => 6e26f169b0d90f48de1f3e4627a8c79e
    [OrderID] => 959653-07235501
    [Method] => 1
    [Token] => f7f68b9c25603da04e346a8afcebc5b064e6c6e730b5b45dd8e009a6d6652177
    [ClientField1] => 
    [ClientField2] => 
    [ClientField3] => EC-CUBE4.3.35
)
 from 86.48.13.116
2024/11/07 23:55:02 [/shop/shopping/load_payment_module.php] ACS=0&OrderID=959653-07235501&Forward=2S49631&Method=1&PayTimes=&Approve=0050633&TranID=2411072355602257210134153723&TranDate=20241107235502&CheckString=d518d5fe9b72474434b7ba18f53ede87 from 86.48.13.116
2024/11/07 23:55:02 [/shop/shopping/load_payment_module.php] Array
(
    [0] => Array
        (
            [ACS] => 0
            [OrderID] => 959653-07235501
            [Forward] => 2S49631
            [Method] => 1
            [PayTimes] => 
            [Approve] => 0050633
            [TranID] => 2411072355602257210134153723
            [TranDate] => 20241107235502
            [CheckString] => d518d5fe9b72474434b7ba18f53ede87
        )

)
 from 86.48.13.116
2024/11/07 23:55:02 [/shop/shopping/load_payment_module.php] load_payment_module.php set payment data:Array
(
    [ACS] => 0
    [Forward] => 2S49631
    [Method] => 1
    [PayTimes] => 
    [Approve] => 0050633
    [TranID] => 2411072355602257210134153723
    [TranDate] => 20241107235502
    [CheckString] => d518d5fe9b72474434b7ba18f53ede87
    [Amount] => 7806
    [JobCd] => CAPTURE
    [action_status] => 3
    [pay_status] => 13
)
 from 86.48.13.116
2024/11/07 23:55:02 [/shop/user_data/pg_mulpay_recv.php] ******* receiveer data start ******* from 210.175.7.20
2024/11/07 23:55:02 [/shop/user_data/pg_mulpay_recv.php] Array
(
    [ShopID] => 9000034600950
    [ShopPass] => **********
    [AccessID] => 4635fc3c99b5739fa25870bf66e600a6
    [AccessPass] => ********************************
    [OrderID] => 959653-07235501
    [Status] => CAPTURE
    [JobCd] => CAPTURE
    [Amount] => 7806
    [Tax] => 0
    [Currency] => JPN
    [Forward] => 2S49631
    [Method] => 1
    [PayTimes] => 
    [TranID] => 2411072355602257210134153723
    [Approve] => 0050633
    [TranDate] => 20241107235502
    [ErrCode] => 
    [ErrInfo] => 
    [PayType] => 0
)
 from 210.175.7.20
2024/11/07 23:55:02 [/shop/user_data/pg_mulpay_recv.php] ******* receiveer data end ******* from 210.175.7.20
2024/11/07 23:55:07 [/shop/user_data/pg_mulpay_recv.php] update order status:1 order_id=959653 from 210.175.7.20
2024/11/07 23:55:07 [/shop/user_data/pg_mulpay_recv.php] pg_mulpay_recv.php set payment data:Array
(
    [ShopID] => 9000034600950
    [AccessID] => 4635fc3c99b5739fa25870bf66e600a6
    [OrderID] => 959653-07235501
    [Status] => CAPTURE
    [JobCd] => CAPTURE
    [Amount] => 7806
    [Tax] => 0
    [Currency] => JPN
    [Forward] => 2S49631
    [Method] => 1
    [PayTimes] => 
    [TranID] => 2411072355602257210134153723
    [Approve] => 0050633
    [TranDate] => 20241107235502
    [ErrCode] => 
    [ErrInfo] => 
    [PayType] => 0
    [CvsCode] => 
    [CvsConfNo] => 
    [CvsReceiptNo] => 
    [EdyReceiptNo] => 
    [EdyOrderNo] => 
    [SuicaReceiptNo] => 
    [SuicaOrderNo] => 
    [CustID] => 
    [BkCode] => 
    [ConfNo] => 
    [PaymentTerm] => 
    [EncryptReceiptNo] => 
    [FinishDate] => 
    [ReceiptDate] => 
    [WebMoneyManagementNo] => 
    [WebMoneySettleCode] => 
    [AuPayInfoNo] => 
    [AuPayMethod] => 
    [AuCancelAmount] => 
    [AuCancelTax] => 
    [DocomoSettlementCode] => 
    [DocomoCancelAmount] => 
    [DocomoCancelTax] => 
    [pay_status] => 13
)
 from 210.175.7.20
2024/11/07 23:55:07 [/shop/user_data/pg_mulpay_recv.php] response:true from 210.175.7.20
