2023/02/27 05:35:44 [/shop/shopping/load_payment_module.php] SendRequest:https://p01.mul-pay.jp/payment/EntryTran.idPass from 174.110.149.131
2023/02/27 05:35:44 [/shop/shopping/load_payment_module.php] Array
(
    [ShopID] => 9000034600950
    [ShopPass] => ******
    [OrderID] => 949862-27053544
    [JobCd] => CAPTURE
    [Amount] => 20450
    [TdFlag] => 0
    [TdTenantName] => 
)
 from 174.110.149.131
2023/02/27 05:35:44 [/shop/shopping/load_payment_module.php] AccessID=9d664a05ec675d95528e11d4876c3e28&AccessPass=71da1d63ec7c49c08fcbf1b1032126ad from 174.110.149.131
2023/02/27 05:35:44 [/shop/shopping/load_payment_module.php] Array
(
    [0] => Array
        (
            [AccessID] => 9d664a05ec675d95528e11d4876c3e28
            [AccessPass] => 71da1d63ec7c49c08fcbf1b1032126ad
        )

)
 from 174.110.149.131
2023/02/27 05:35:44 [/shop/shopping/load_payment_module.php] load_payment_module.php set payment data:Array
(
    [AccessID] => 9d664a05ec675d95528e11d4876c3e28
    [AccessPass] => 71da1d63ec7c49c08fcbf1b1032126ad
    [OrderID] => 949862-27053544
    [Amount] => 20450
    [JobCd] => CAPTURE
    [action_status] => 1
    [pay_status] => 0
)
 from 174.110.149.131
2023/02/27 05:35:44 [/shop/shopping/load_payment_module.php] SendRequest:https://p01.mul-pay.jp/payment/ExecTran.idPass from 174.110.149.131
2023/02/27 05:35:44 [/shop/shopping/load_payment_module.php] Array
(
    [AccessID] => 9d664a05ec675d95528e11d4876c3e28
    [AccessPass] => 71da1d63ec7c49c08fcbf1b1032126ad
    [OrderID] => 949862-27053544
    [Method] => 1
    [Token] => 80c31fd30eefd7fd1ce9ac3c5c5b64b871bc36f0ddccbc5600c00d7121033325
    [ClientField1] => 
    [ClientField2] => 
    [ClientField3] => EC-CUBE4.3.35
)
 from 174.110.149.131
2023/02/27 05:35:45 [/shop/shopping/load_payment_module.php] ACS=0&OrderID=949862-27053544&Forward=2S49631&Method=1&PayTimes=&Approve=0416253&TranID=2302270535602257210134170958&TranDate=20230227053545&CheckString=9002c7209a9742e715ac81045d8b17ed from 174.110.149.131
2023/02/27 05:35:45 [/shop/shopping/load_payment_module.php] Array
(
    [0] => Array
        (
            [ACS] => 0
            [OrderID] => 949862-27053544
            [Forward] => 2S49631
            [Method] => 1
            [PayTimes] => 
            [Approve] => 0416253
            [TranID] => 2302270535602257210134170958
            [TranDate] => 20230227053545
            [CheckString] => 9002c7209a9742e715ac81045d8b17ed
        )

)
 from 174.110.149.131
2023/02/27 05:35:45 [/shop/shopping/load_payment_module.php] load_payment_module.php set payment data:Array
(
    [ACS] => 0
    [Forward] => 2S49631
    [Method] => 1
    [PayTimes] => 
    [Approve] => 0416253
    [TranID] => 2302270535602257210134170958
    [TranDate] => 20230227053545
    [CheckString] => 9002c7209a9742e715ac81045d8b17ed
    [Amount] => 20450
    [JobCd] => CAPTURE
    [action_status] => 3
    [pay_status] => 13
)
 from 174.110.149.131
2023/02/27 05:35:45 [/shop/user_data/pg_mulpay_recv.php] ******* receiveer data start ******* from 210.175.7.20
2023/02/27 05:35:45 [/shop/user_data/pg_mulpay_recv.php] Array
(
    [ShopID] => 9000034600950
    [ShopPass] => **********
    [AccessID] => 9d664a05ec675d95528e11d4876c3e28
    [AccessPass] => ********************************
    [OrderID] => 949862-27053544
    [Status] => CAPTURE
    [JobCd] => CAPTURE
    [Amount] => 20450
    [Tax] => 0
    [Currency] => JPN
    [Forward] => 2S49631
    [Method] => 1
    [PayTimes] => 
    [TranID] => 2302270535602257210134170958
    [Approve] => 0416253
    [TranDate] => 20230227053545
    [ErrCode] => 
    [ErrInfo] => 
    [PayType] => 0
)
 from 210.175.7.20
2023/02/27 05:35:45 [/shop/user_data/pg_mulpay_recv.php] ******* receiveer data end ******* from 210.175.7.20
2023/02/27 05:35:50 [/shop/user_data/pg_mulpay_recv.php] update order status:1 order_id=949862 from 210.175.7.20
2023/02/27 05:35:50 [/shop/user_data/pg_mulpay_recv.php] pg_mulpay_recv.php set payment data:Array
(
    [ShopID] => 9000034600950
    [AccessID] => 9d664a05ec675d95528e11d4876c3e28
    [OrderID] => 949862-27053544
    [Status] => CAPTURE
    [JobCd] => CAPTURE
    [Amount] => 20450
    [Tax] => 0
    [Currency] => JPN
    [Forward] => 2S49631
    [Method] => 1
    [PayTimes] => 
    [TranID] => 2302270535602257210134170958
    [Approve] => 0416253
    [TranDate] => 20230227053545
    [ErrCode] => 
    [ErrInfo] => 
    [PayType] => 0
    [CvsCode] => 
    [CvsConfNo] => 
    [CvsReceiptNo] => 
    [EdyReceiptNo] => 
    [EdyOrderNo] => 
    [SuicaReceiptNo] => 
    [SuicaOrderNo] => 
    [CustID] => 
    [BkCode] => 
    [ConfNo] => 
    [PaymentTerm] => 
    [EncryptReceiptNo] => 
    [FinishDate] => 
    [ReceiptDate] => 
    [WebMoneyManagementNo] => 
    [WebMoneySettleCode] => 
    [AuPayInfoNo] => 
    [AuPayMethod] => 
    [AuCancelAmount] => 
    [AuCancelTax] => 
    [DocomoSettlementCode] => 
    [DocomoCancelAmount] => 
    [DocomoCancelTax] => 
    [pay_status] => 13
)
 from 210.175.7.20
2023/02/27 05:35:50 [/shop/user_data/pg_mulpay_recv.php] response:true from 210.175.7.20
2023/02/27 06:07:28 [/shop/shopping/load_payment_module.php] SendRequest:https://p01.mul-pay.jp/payment/EntryTran.idPass from 92.18.239.195
2023/02/27 06:07:28 [/shop/shopping/load_payment_module.php] Array
(
    [ShopID] => 9000034600950
    [ShopPass] => ******
    [OrderID] => 949863-27060728
    [JobCd] => CAPTURE
    [Amount] => 4540
    [TdFlag] => 0
    [TdTenantName] => 
)
 from 92.18.239.195
2023/02/27 06:07:28 [/shop/shopping/load_payment_module.php] AccessID=e45e691754e5a6d530b5d04d9689bb7e&AccessPass=e8ff35383acb610fca560baa2ce5fc4c from 92.18.239.195
2023/02/27 06:07:28 [/shop/shopping/load_payment_module.php] Array
(
    [0] => Array
        (
            [AccessID] => e45e691754e5a6d530b5d04d9689bb7e
            [AccessPass] => e8ff35383acb610fca560baa2ce5fc4c
        )

)
 from 92.18.239.195
2023/02/27 06:07:28 [/shop/shopping/load_payment_module.php] load_payment_module.php set payment data:Array
(
    [AccessID] => e45e691754e5a6d530b5d04d9689bb7e
    [AccessPass] => e8ff35383acb610fca560baa2ce5fc4c
    [OrderID] => 949863-27060728
    [Amount] => 4540
    [JobCd] => CAPTURE
    [action_status] => 1
    [pay_status] => 0
)
 from 92.18.239.195
2023/02/27 06:07:28 [/shop/shopping/load_payment_module.php] SendRequest:https://p01.mul-pay.jp/payment/ExecTran.idPass from 92.18.239.195
2023/02/27 06:07:28 [/shop/shopping/load_payment_module.php] Array
(
    [AccessID] => e45e691754e5a6d530b5d04d9689bb7e
    [AccessPass] => e8ff35383acb610fca560baa2ce5fc4c
    [OrderID] => 949863-27060728
    [Method] => 1
    [Token] => e451bf6158bbd1e9434b963b2cf701fd7bb5174b2c83890054fe22eb787636d5
    [ClientField1] => 
    [ClientField2] => 
    [ClientField3] => EC-CUBE4.3.35
)
 from 92.18.239.195
2023/02/27 06:07:29 [/shop/shopping/load_payment_module.php] ACS=0&OrderID=949863-27060728&Forward=2959876&Method=1&PayTimes=&Approve=0324064&TranID=2302270607602257210134181063&TranDate=20230227060729&CheckString=7b30e3373ea5a5f512a81d1698c5710a from 92.18.239.195
2023/02/27 06:07:29 [/shop/shopping/load_payment_module.php] Array
(
    [0] => Array
        (
            [ACS] => 0
            [OrderID] => 949863-27060728
            [Forward] => 2959876
            [Method] => 1
            [PayTimes] => 
            [Approve] => 0324064
            [TranID] => 2302270607602257210134181063
            [TranDate] => 20230227060729
            [CheckString] => 7b30e3373ea5a5f512a81d1698c5710a
        )

)
 from 92.18.239.195
2023/02/27 06:07:29 [/shop/shopping/load_payment_module.php] load_payment_module.php set payment data:Array
(
    [ACS] => 0
    [Forward] => 2959876
    [Method] => 1
    [PayTimes] => 
    [Approve] => 0324064
    [TranID] => 2302270607602257210134181063
    [TranDate] => 20230227060729
    [CheckString] => 7b30e3373ea5a5f512a81d1698c5710a
    [Amount] => 4540
    [JobCd] => CAPTURE
    [action_status] => 3
    [pay_status] => 13
)
 from 92.18.239.195
2023/02/27 06:07:29 [/shop/user_data/pg_mulpay_recv.php] ******* receiveer data start ******* from 210.175.7.20
2023/02/27 06:07:29 [/shop/user_data/pg_mulpay_recv.php] Array
(
    [ShopID] => 9000034600950
    [ShopPass] => **********
    [AccessID] => e45e691754e5a6d530b5d04d9689bb7e
    [AccessPass] => ********************************
    [OrderID] => 949863-27060728
    [Status] => CAPTURE
    [JobCd] => CAPTURE
    [Amount] => 4540
    [Tax] => 0
    [Currency] => JPN
    [Forward] => 2959876
    [Method] => 1
    [PayTimes] => 
    [TranID] => 2302270607602257210134181063
    [Approve] => 0324064
    [TranDate] => 20230227060729
    [ErrCode] => 
    [ErrInfo] => 
    [PayType] => 0
)
 from 210.175.7.20
2023/02/27 06:07:29 [/shop/user_data/pg_mulpay_recv.php] ******* receiveer data end ******* from 210.175.7.20
2023/02/27 06:07:34 [/shop/user_data/pg_mulpay_recv.php] update order status:1 order_id=949863 from 210.175.7.20
2023/02/27 06:07:34 [/shop/user_data/pg_mulpay_recv.php] pg_mulpay_recv.php set payment data:Array
(
    [ShopID] => 9000034600950
    [AccessID] => e45e691754e5a6d530b5d04d9689bb7e
    [OrderID] => 949863-27060728
    [Status] => CAPTURE
    [JobCd] => CAPTURE
    [Amount] => 4540
    [Tax] => 0
    [Currency] => JPN
    [Forward] => 2959876
    [Method] => 1
    [PayTimes] => 
    [TranID] => 2302270607602257210134181063
    [Approve] => 0324064
    [TranDate] => 20230227060729
    [ErrCode] => 
    [ErrInfo] => 
    [PayType] => 0
    [CvsCode] => 
    [CvsConfNo] => 
    [CvsReceiptNo] => 
    [EdyReceiptNo] => 
    [EdyOrderNo] => 
    [SuicaReceiptNo] => 
    [SuicaOrderNo] => 
    [CustID] => 
    [BkCode] => 
    [ConfNo] => 
    [PaymentTerm] => 
    [EncryptReceiptNo] => 
    [FinishDate] => 
    [ReceiptDate] => 
    [WebMoneyManagementNo] => 
    [WebMoneySettleCode] => 
    [AuPayInfoNo] => 
    [AuPayMethod] => 
    [AuCancelAmount] => 
    [AuCancelTax] => 
    [DocomoSettlementCode] => 
    [DocomoCancelAmount] => 
    [DocomoCancelTax] => 
    [pay_status] => 13
)
 from 210.175.7.20
2023/02/27 06:07:34 [/shop/user_data/pg_mulpay_recv.php] response:true from 210.175.7.20
2023/02/27 06:08:59 [/shop/shopping/load_payment_module.php] SendRequest:https://p01.mul-pay.jp/payment/EntryTran.idPass from 24.194.194.164
2023/02/27 06:08:59 [/shop/shopping/load_payment_module.php] Array
(
    [ShopID] => 9000034600950
    [ShopPass] => ******
    [OrderID] => 949864-27060859
    [JobCd] => CAPTURE
    [Amount] => 5550
    [TdFlag] => 0
    [TdTenantName] => 
)
 from 24.194.194.164
2023/02/27 06:08:59 [/shop/shopping/load_payment_module.php] AccessID=e6e5122dc9ac78ea7cc975d1441bd886&AccessPass=0e07794b6a78b2e3aaf09ccf86a7f55d from 24.194.194.164
2023/02/27 06:08:59 [/shop/shopping/load_payment_module.php] Array
(
    [0] => Array
        (
            [AccessID] => e6e5122dc9ac78ea7cc975d1441bd886
            [AccessPass] => 0e07794b6a78b2e3aaf09ccf86a7f55d
        )

)
 from 24.194.194.164
2023/02/27 06:08:59 [/shop/shopping/load_payment_module.php] load_payment_module.php set payment data:Array
(
    [AccessID] => e6e5122dc9ac78ea7cc975d1441bd886
    [AccessPass] => 0e07794b6a78b2e3aaf09ccf86a7f55d
    [OrderID] => 949864-27060859
    [Amount] => 5550
    [JobCd] => CAPTURE
    [action_status] => 1
    [pay_status] => 0
)
 from 24.194.194.164
2023/02/27 06:08:59 [/shop/shopping/load_payment_module.php] SendRequest:https://p01.mul-pay.jp/payment/ExecTran.idPass from 24.194.194.164
2023/02/27 06:08:59 [/shop/shopping/load_payment_module.php] Array
(
    [AccessID] => e6e5122dc9ac78ea7cc975d1441bd886
    [AccessPass] => 0e07794b6a78b2e3aaf09ccf86a7f55d
    [OrderID] => 949864-27060859
    [Method] => 1
    [Token] => 7b4c5b6db6c8a1027caac70314c4077fa9405eb6e304d5b8a44744f4f78b688d
    [ClientField1] => 
    [ClientField2] => 
    [ClientField3] => EC-CUBE4.3.35
)
 from 24.194.194.164
2023/02/27 06:08:59 [/shop/shopping/load_payment_module.php] ACS=0&OrderID=949864-27060859&Forward=2S49631&Method=1&PayTimes=&Approve=0057903&TranID=2302270608602257210134181064&TranDate=20230227060859&CheckString=7e4678feb0961ea844461e05ccf97217 from 24.194.194.164
2023/02/27 06:08:59 [/shop/shopping/load_payment_module.php] Array
(
    [0] => Array
        (
            [ACS] => 0
            [OrderID] => 949864-27060859
            [Forward] => 2S49631
            [Method] => 1
            [PayTimes] => 
            [Approve] => 0057903
            [TranID] => 2302270608602257210134181064
            [TranDate] => 20230227060859
            [CheckString] => 7e4678feb0961ea844461e05ccf97217
        )

)
 from 24.194.194.164
2023/02/27 06:08:59 [/shop/shopping/load_payment_module.php] load_payment_module.php set payment data:Array
(
    [ACS] => 0
    [Forward] => 2S49631
    [Method] => 1
    [PayTimes] => 
    [Approve] => 0057903
    [TranID] => 2302270608602257210134181064
    [TranDate] => 20230227060859
    [CheckString] => 7e4678feb0961ea844461e05ccf97217
    [Amount] => 5550
    [JobCd] => CAPTURE
    [action_status] => 3
    [pay_status] => 13
)
 from 24.194.194.164
2023/02/27 06:09:00 [/shop/user_data/pg_mulpay_recv.php] ******* receiveer data start ******* from 210.175.7.20
2023/02/27 06:09:00 [/shop/user_data/pg_mulpay_recv.php] Array
(
    [ShopID] => 9000034600950
    [ShopPass] => **********
    [AccessID] => e6e5122dc9ac78ea7cc975d1441bd886
    [AccessPass] => ********************************
    [OrderID] => 949864-27060859
    [Status] => CAPTURE
    [JobCd] => CAPTURE
    [Amount] => 5550
    [Tax] => 0
    [Currency] => JPN
    [Forward] => 2S49631
    [Method] => 1
    [PayTimes] => 
    [TranID] => 2302270608602257210134181064
    [Approve] => 0057903
    [TranDate] => 20230227060859
    [ErrCode] => 
    [ErrInfo] => 
    [PayType] => 0
)
 from 210.175.7.20
2023/02/27 06:09:00 [/shop/user_data/pg_mulpay_recv.php] ******* receiveer data end ******* from 210.175.7.20
2023/02/27 06:09:05 [/shop/user_data/pg_mulpay_recv.php] update order status:1 order_id=949864 from 210.175.7.20
2023/02/27 06:09:05 [/shop/user_data/pg_mulpay_recv.php] pg_mulpay_recv.php set payment data:Array
(
    [ShopID] => 9000034600950
    [AccessID] => e6e5122dc9ac78ea7cc975d1441bd886
    [OrderID] => 949864-27060859
    [Status] => CAPTURE
    [JobCd] => CAPTURE
    [Amount] => 5550
    [Tax] => 0
    [Currency] => JPN
    [Forward] => 2S49631
    [Method] => 1
    [PayTimes] => 
    [TranID] => 2302270608602257210134181064
    [Approve] => 0057903
    [TranDate] => 20230227060859
    [ErrCode] => 
    [ErrInfo] => 
    [PayType] => 0
    [CvsCode] => 
    [CvsConfNo] => 
    [CvsReceiptNo] => 
    [EdyReceiptNo] => 
    [EdyOrderNo] => 
    [SuicaReceiptNo] => 
    [SuicaOrderNo] => 
    [CustID] => 
    [BkCode] => 
    [ConfNo] => 
    [PaymentTerm] => 
    [EncryptReceiptNo] => 
    [FinishDate] => 
    [ReceiptDate] => 
    [WebMoneyManagementNo] => 
    [WebMoneySettleCode] => 
    [AuPayInfoNo] => 
    [AuPayMethod] => 
    [AuCancelAmount] => 
    [AuCancelTax] => 
    [DocomoSettlementCode] => 
    [DocomoCancelAmount] => 
    [DocomoCancelTax] => 
    [pay_status] => 13
)
 from 210.175.7.20
2023/02/27 06:09:05 [/shop/user_data/pg_mulpay_recv.php] response:true from 210.175.7.20
2023/02/27 09:42:54 [/shop/master/order/edit.php] edit.php set payment data:Array
(
    [no_update_status_flg] => 1
)
 from 114.160.216.147
2023/02/27 09:42:54 [/shop/master/order/edit.php] SendRequest:https://p01.mul-pay.jp/payment/ChangeTran.idPass from 114.160.216.147
2023/02/27 09:42:54 [/shop/master/order/edit.php] Array
(
    [ShopID] => 9000034600950
    [ShopPass] => ******
    [AccessID] => 146f5f46c709919b8d18890dc87d8bdc
    [AccessPass] => 5eba969544dc62fbde4159908d15b3ea
    [JobCd] => CAPTURE
    [Amount] => 8050
)
 from 114.160.216.147
2023/02/27 09:42:56 [/shop/master/order/edit.php] ErrCode=G54&ErrInfo=42G540000 from 114.160.216.147
2023/02/27 09:42:56 [/shop/master/order/edit.php] Array
(
    [0] => Array
        (
            [ErrCode] => G54
            [ErrInfo] => 42G540000
        )

)
 from 114.160.216.147
2023/02/27 09:42:56 [/shop/user_data/pg_mulpay_recv.php] ******* receiveer data start ******* from 210.175.7.20
2023/02/27 09:42:56 [/shop/user_data/pg_mulpay_recv.php] Array
(
    [ShopID] => 9000034600950
    [ShopPass] => **********
    [AccessID] => 146f5f46c709919b8d18890dc87d8bdc
    [AccessPass] => ********************************
    [OrderID] => 949258-20132222
    [Status] => CAPTURE
    [JobCd] => CAPTURE
    [Amount] => 8050
    [Tax] => 0
    [Currency] => JPN
    [Forward] => 2959876
    [Method] => 1
    [PayTimes] => 
    [TranID] => 2302270942602257210134161050
    [Approve] =>        
    [TranDate] => 20230227094256
    [ErrCode] => G54
    [ErrInfo] => 42G540000
    [PayType] => 0
)
 from 210.175.7.20
2023/02/27 09:42:56 [/shop/user_data/pg_mulpay_recv.php] ******* receiveer data end ******* from 210.175.7.20
2023/02/27 09:43:01 [/shop/user_data/pg_mulpay_recv.php] no update order status order_id=949258 from 210.175.7.20
2023/02/27 09:43:01 [/shop/user_data/pg_mulpay_recv.php] pg_mulpay_recv.php set payment data:Array
(
    [ShopID] => 9000034600950
    [AccessID] => 146f5f46c709919b8d18890dc87d8bdc
    [OrderID] => 949258-20132222
    [Status] => CAPTURE
    [JobCd] => CAPTURE
    [Amount] => 8050
    [Tax] => 0
    [Currency] => JPN
    [Forward] => 2959876
    [Method] => 1
    [PayTimes] => 
    [TranID] => 2302270942602257210134161050
    [TranDate] => 20230227094256
    [ErrCode] => G54
    [ErrInfo] => 42G540000
    [PayType] => 0
    [CvsCode] => 
    [CvsConfNo] => 
    [CvsReceiptNo] => 
    [EdyReceiptNo] => 
    [EdyOrderNo] => 
    [SuicaReceiptNo] => 
    [SuicaOrderNo] => 
    [CustID] => 
    [BkCode] => 
    [ConfNo] => 
    [PaymentTerm] => 
    [EncryptReceiptNo] => 
    [FinishDate] => 
    [ReceiptDate] => 
    [WebMoneyManagementNo] => 
    [WebMoneySettleCode] => 
    [AuPayInfoNo] => 
    [AuPayMethod] => 
    [AuCancelAmount] => 
    [AuCancelTax] => 
    [DocomoSettlementCode] => 
    [DocomoCancelAmount] => 
    [DocomoCancelTax] => 
    [pay_status] => 13
    [no_update_status_flg] => 0
)
 from 210.175.7.20
2023/02/27 09:43:01 [/shop/user_data/pg_mulpay_recv.php] response:true from 210.175.7.20
2023/02/27 11:14:27 [/shop/shopping/load_payment_module.php] SendRequest:https://p01.mul-pay.jp/payment/EntryTran.idPass from 36.10.34.171
2023/02/27 11:14:27 [/shop/shopping/load_payment_module.php] Array
(
    [ShopID] => 9000034600950
    [ShopPass] => ******
    [OrderID] => 949865-27111427
    [JobCd] => CAPTURE
    [Amount] => 1720
    [TdFlag] => 0
    [TdTenantName] => 
)
 from 36.10.34.171
2023/02/27 11:14:27 [/shop/shopping/load_payment_module.php] AccessID=0486e51eda7de90c52b3fb2945898533&AccessPass=929746da27eb690008277f051c37bcf7 from 36.10.34.171
2023/02/27 11:14:27 [/shop/shopping/load_payment_module.php] Array
(
    [0] => Array
        (
            [AccessID] => 0486e51eda7de90c52b3fb2945898533
            [AccessPass] => 929746da27eb690008277f051c37bcf7
        )

)
 from 36.10.34.171
2023/02/27 11:14:27 [/shop/shopping/load_payment_module.php] load_payment_module.php set payment data:Array
(
    [AccessID] => 0486e51eda7de90c52b3fb2945898533
    [AccessPass] => 929746da27eb690008277f051c37bcf7
    [OrderID] => 949865-27111427
    [Amount] => 1720
    [JobCd] => CAPTURE
    [action_status] => 1
    [pay_status] => 0
)
 from 36.10.34.171
2023/02/27 11:14:27 [/shop/shopping/load_payment_module.php] SendRequest:https://p01.mul-pay.jp/payment/ExecTran.idPass from 36.10.34.171
2023/02/27 11:14:27 [/shop/shopping/load_payment_module.php] Array
(
    [AccessID] => 0486e51eda7de90c52b3fb2945898533
    [AccessPass] => 929746da27eb690008277f051c37bcf7
    [OrderID] => 949865-27111427
    [Method] => 1
    [Token] => b5c8ce928870ae1746a5421bb9dbef69b686c34b4e162df1cb07424d140150e0
    [ClientField1] => 
    [ClientField2] => 
    [ClientField3] => EC-CUBE4.3.35
)
 from 36.10.34.171
2023/02/27 11:14:28 [/shop/shopping/load_payment_module.php] ACS=0&OrderID=949865-27111427&Forward=2S49631&Method=1&PayTimes=&Approve=0028484&TranID=2302271114602257210134161051&TranDate=20230227111428&CheckString=46dcb5c3ad88c37af46c125993cd7bea from 36.10.34.171
2023/02/27 11:14:28 [/shop/shopping/load_payment_module.php] Array
(
    [0] => Array
        (
            [ACS] => 0
            [OrderID] => 949865-27111427
            [Forward] => 2S49631
            [Method] => 1
            [PayTimes] => 
            [Approve] => 0028484
            [TranID] => 2302271114602257210134161051
            [TranDate] => 20230227111428
            [CheckString] => 46dcb5c3ad88c37af46c125993cd7bea
        )

)
 from 36.10.34.171
2023/02/27 11:14:28 [/shop/shopping/load_payment_module.php] load_payment_module.php set payment data:Array
(
    [ACS] => 0
    [Forward] => 2S49631
    [Method] => 1
    [PayTimes] => 
    [Approve] => 0028484
    [TranID] => 2302271114602257210134161051
    [TranDate] => 20230227111428
    [CheckString] => 46dcb5c3ad88c37af46c125993cd7bea
    [Amount] => 1720
    [JobCd] => CAPTURE
    [action_status] => 3
    [pay_status] => 13
)
 from 36.10.34.171
2023/02/27 11:14:28 [/shop/user_data/pg_mulpay_recv.php] ******* receiveer data start ******* from 210.175.7.20
2023/02/27 11:14:28 [/shop/user_data/pg_mulpay_recv.php] Array
(
    [ShopID] => 9000034600950
    [ShopPass] => **********
    [AccessID] => 0486e51eda7de90c52b3fb2945898533
    [AccessPass] => ********************************
    [OrderID] => 949865-27111427
    [Status] => CAPTURE
    [JobCd] => CAPTURE
    [Amount] => 1720
    [Tax] => 0
    [Currency] => JPN
    [Forward] => 2S49631
    [Method] => 1
    [PayTimes] => 
    [TranID] => 2302271114602257210134161051
    [Approve] => 0028484
    [TranDate] => 20230227111428
    [ErrCode] => 
    [ErrInfo] => 
    [PayType] => 0
)
 from 210.175.7.20
2023/02/27 11:14:28 [/shop/user_data/pg_mulpay_recv.php] ******* receiveer data end ******* from 210.175.7.20
2023/02/27 11:14:33 [/shop/user_data/pg_mulpay_recv.php] update order status:1 order_id=949865 from 210.175.7.20
2023/02/27 11:14:33 [/shop/user_data/pg_mulpay_recv.php] pg_mulpay_recv.php set payment data:Array
(
    [ShopID] => 9000034600950
    [AccessID] => 0486e51eda7de90c52b3fb2945898533
    [OrderID] => 949865-27111427
    [Status] => CAPTURE
    [JobCd] => CAPTURE
    [Amount] => 1720
    [Tax] => 0
    [Currency] => JPN
    [Forward] => 2S49631
    [Method] => 1
    [PayTimes] => 
    [TranID] => 2302271114602257210134161051
    [Approve] => 0028484
    [TranDate] => 20230227111428
    [ErrCode] => 
    [ErrInfo] => 
    [PayType] => 0
    [CvsCode] => 
    [CvsConfNo] => 
    [CvsReceiptNo] => 
    [EdyReceiptNo] => 
    [EdyOrderNo] => 
    [SuicaReceiptNo] => 
    [SuicaOrderNo] => 
    [CustID] => 
    [BkCode] => 
    [ConfNo] => 
    [PaymentTerm] => 
    [EncryptReceiptNo] => 
    [FinishDate] => 
    [ReceiptDate] => 
    [WebMoneyManagementNo] => 
    [WebMoneySettleCode] => 
    [AuPayInfoNo] => 
    [AuPayMethod] => 
    [AuCancelAmount] => 
    [AuCancelTax] => 
    [DocomoSettlementCode] => 
    [DocomoCancelAmount] => 
    [DocomoCancelTax] => 
    [pay_status] => 13
)
 from 210.175.7.20
2023/02/27 11:14:33 [/shop/user_data/pg_mulpay_recv.php] response:true from 210.175.7.20
2023/02/27 11:28:37 [/shop/shopping/load_payment_module.php] SendRequest:https://p01.mul-pay.jp/payment/EntryTran.idPass from 99.46.141.114
2023/02/27 11:28:37 [/shop/shopping/load_payment_module.php] Array
(
    [ShopID] => 9000034600950
    [ShopPass] => ******
    [OrderID] => 949866-27112837
    [JobCd] => CAPTURE
    [Amount] => 9240
    [TdFlag] => 0
    [TdTenantName] => 
)
 from 99.46.141.114
2023/02/27 11:28:37 [/shop/shopping/load_payment_module.php] AccessID=486ca778d0afb6a6b76ece52dbd8e199&AccessPass=10a69e378143b71dae1eb46dd95298db from 99.46.141.114
2023/02/27 11:28:37 [/shop/shopping/load_payment_module.php] Array
(
    [0] => Array
        (
            [AccessID] => 486ca778d0afb6a6b76ece52dbd8e199
            [AccessPass] => 10a69e378143b71dae1eb46dd95298db
        )

)
 from 99.46.141.114
2023/02/27 11:28:37 [/shop/shopping/load_payment_module.php] load_payment_module.php set payment data:Array
(
    [AccessID] => 486ca778d0afb6a6b76ece52dbd8e199
    [AccessPass] => 10a69e378143b71dae1eb46dd95298db
    [OrderID] => 949866-27112837
    [Amount] => 9240
    [JobCd] => CAPTURE
    [action_status] => 1
    [pay_status] => 0
)
 from 99.46.141.114
2023/02/27 11:28:37 [/shop/shopping/load_payment_module.php] SendRequest:https://p01.mul-pay.jp/payment/ExecTran.idPass from 99.46.141.114
2023/02/27 11:28:37 [/shop/shopping/load_payment_module.php] Array
(
    [AccessID] => 486ca778d0afb6a6b76ece52dbd8e199
    [AccessPass] => 10a69e378143b71dae1eb46dd95298db
    [OrderID] => 949866-27112837
    [Method] => 1
    [Token] => e6d2997370fb0e6cea5cdc5b386f8bd1927877f94b5bbba61bbc749e5177ba4a
    [ClientField1] => 
    [ClientField2] => 
    [ClientField3] => EC-CUBE4.3.35
)
 from 99.46.141.114
2023/02/27 11:28:38 [/shop/shopping/load_payment_module.php] ACS=0&OrderID=949866-27112837&Forward=2S49631&Method=1&PayTimes=&Approve=0051329&TranID=2302271128602257210134181066&TranDate=20230227112838&CheckString=d8998eca04078e64779a1ef5960fa366 from 99.46.141.114
2023/02/27 11:28:38 [/shop/shopping/load_payment_module.php] Array
(
    [0] => Array
        (
            [ACS] => 0
            [OrderID] => 949866-27112837
            [Forward] => 2S49631
            [Method] => 1
            [PayTimes] => 
            [Approve] => 0051329
            [TranID] => 2302271128602257210134181066
            [TranDate] => 20230227112838
            [CheckString] => d8998eca04078e64779a1ef5960fa366
        )

)
 from 99.46.141.114
2023/02/27 11:28:38 [/shop/shopping/load_payment_module.php] load_payment_module.php set payment data:Array
(
    [ACS] => 0
    [Forward] => 2S49631
    [Method] => 1
    [PayTimes] => 
    [Approve] => 0051329
    [TranID] => 2302271128602257210134181066
    [TranDate] => 20230227112838
    [CheckString] => d8998eca04078e64779a1ef5960fa366
    [Amount] => 9240
    [JobCd] => CAPTURE
    [action_status] => 3
    [pay_status] => 13
)
 from 99.46.141.114
2023/02/27 11:28:38 [/shop/user_data/pg_mulpay_recv.php] ******* receiveer data start ******* from 210.175.7.20
2023/02/27 11:28:38 [/shop/user_data/pg_mulpay_recv.php] Array
(
    [ShopID] => 9000034600950
    [ShopPass] => **********
    [AccessID] => 486ca778d0afb6a6b76ece52dbd8e199
    [AccessPass] => ********************************
    [OrderID] => 949866-27112837
    [Status] => CAPTURE
    [JobCd] => CAPTURE
    [Amount] => 9240
    [Tax] => 0
    [Currency] => JPN
    [Forward] => 2S49631
    [Method] => 1
    [PayTimes] => 
    [TranID] => 2302271128602257210134181066
    [Approve] => 0051329
    [TranDate] => 20230227112838
    [ErrCode] => 
    [ErrInfo] => 
    [PayType] => 0
)
 from 210.175.7.20
2023/02/27 11:28:38 [/shop/user_data/pg_mulpay_recv.php] ******* receiveer data end ******* from 210.175.7.20
2023/02/27 11:28:43 [/shop/user_data/pg_mulpay_recv.php] update order status:1 order_id=949866 from 210.175.7.20
2023/02/27 11:28:43 [/shop/user_data/pg_mulpay_recv.php] pg_mulpay_recv.php set payment data:Array
(
    [ShopID] => 9000034600950
    [AccessID] => 486ca778d0afb6a6b76ece52dbd8e199
    [OrderID] => 949866-27112837
    [Status] => CAPTURE
    [JobCd] => CAPTURE
    [Amount] => 9240
    [Tax] => 0
    [Currency] => JPN
    [Forward] => 2S49631
    [Method] => 1
    [PayTimes] => 
    [TranID] => 2302271128602257210134181066
    [Approve] => 0051329
    [TranDate] => 20230227112838
    [ErrCode] => 
    [ErrInfo] => 
    [PayType] => 0
    [CvsCode] => 
    [CvsConfNo] => 
    [CvsReceiptNo] => 
    [EdyReceiptNo] => 
    [EdyOrderNo] => 
    [SuicaReceiptNo] => 
    [SuicaOrderNo] => 
    [CustID] => 
    [BkCode] => 
    [ConfNo] => 
    [PaymentTerm] => 
    [EncryptReceiptNo] => 
    [FinishDate] => 
    [ReceiptDate] => 
    [WebMoneyManagementNo] => 
    [WebMoneySettleCode] => 
    [AuPayInfoNo] => 
    [AuPayMethod] => 
    [AuCancelAmount] => 
    [AuCancelTax] => 
    [DocomoSettlementCode] => 
    [DocomoCancelAmount] => 
    [DocomoCancelTax] => 
    [pay_status] => 13
)
 from 210.175.7.20
2023/02/27 11:28:43 [/shop/user_data/pg_mulpay_recv.php] response:true from 210.175.7.20
2023/02/27 12:03:55 [/shop/shopping/load_payment_module.php] SendRequest:https://p01.mul-pay.jp/payment/EntryTran.idPass from 36.10.34.171
2023/02/27 12:03:55 [/shop/shopping/load_payment_module.php] Array
(
    [ShopID] => 9000034600950
    [ShopPass] => ******
    [OrderID] => 949867-27120355
    [JobCd] => CAPTURE
    [Amount] => 6950
    [TdFlag] => 0
    [TdTenantName] => 
)
 from 36.10.34.171
2023/02/27 12:03:55 [/shop/shopping/load_payment_module.php] AccessID=c0869dd24e78ca572a27ece046f5b0e9&AccessPass=3742c8286455679c0252f1f64643ee9b from 36.10.34.171
2023/02/27 12:03:55 [/shop/shopping/load_payment_module.php] Array
(
    [0] => Array
        (
            [AccessID] => c0869dd24e78ca572a27ece046f5b0e9
            [AccessPass] => 3742c8286455679c0252f1f64643ee9b
        )

)
 from 36.10.34.171
2023/02/27 12:03:55 [/shop/shopping/load_payment_module.php] load_payment_module.php set payment data:Array
(
    [AccessID] => c0869dd24e78ca572a27ece046f5b0e9
    [AccessPass] => 3742c8286455679c0252f1f64643ee9b
    [OrderID] => 949867-27120355
    [Amount] => 6950
    [JobCd] => CAPTURE
    [action_status] => 1
    [pay_status] => 0
)
 from 36.10.34.171
2023/02/27 12:03:55 [/shop/shopping/load_payment_module.php] SendRequest:https://p01.mul-pay.jp/payment/ExecTran.idPass from 36.10.34.171
2023/02/27 12:03:55 [/shop/shopping/load_payment_module.php] Array
(
    [AccessID] => c0869dd24e78ca572a27ece046f5b0e9
    [AccessPass] => 3742c8286455679c0252f1f64643ee9b
    [OrderID] => 949867-27120355
    [Method] => 1
    [Token] => 23246106b537ec2bb3a8ce17dbf7c9d2eb2332a72521e18760e293fae6913d16
    [ClientField1] => 
    [ClientField2] => 
    [ClientField3] => EC-CUBE4.3.35
)
 from 36.10.34.171
2023/02/27 12:03:56 [/shop/shopping/load_payment_module.php] ACS=0&OrderID=949867-27120355&Forward=2959876&Method=1&PayTimes=&Approve=0235647&TranID=2302271203602257210134151027&TranDate=20230227120356&CheckString=26a81df21fd4d3a408a01ad28e5c6de8 from 36.10.34.171
2023/02/27 12:03:56 [/shop/shopping/load_payment_module.php] Array
(
    [0] => Array
        (
            [ACS] => 0
            [OrderID] => 949867-27120355
            [Forward] => 2959876
            [Method] => 1
            [PayTimes] => 
            [Approve] => 0235647
            [TranID] => 2302271203602257210134151027
            [TranDate] => 20230227120356
            [CheckString] => 26a81df21fd4d3a408a01ad28e5c6de8
        )

)
 from 36.10.34.171
2023/02/27 12:03:56 [/shop/shopping/load_payment_module.php] load_payment_module.php set payment data:Array
(
    [ACS] => 0
    [Forward] => 2959876
    [Method] => 1
    [PayTimes] => 
    [Approve] => 0235647
    [TranID] => 2302271203602257210134151027
    [TranDate] => 20230227120356
    [CheckString] => 26a81df21fd4d3a408a01ad28e5c6de8
    [Amount] => 6950
    [JobCd] => CAPTURE
    [action_status] => 3
    [pay_status] => 13
)
 from 36.10.34.171
2023/02/27 12:03:56 [/shop/user_data/pg_mulpay_recv.php] ******* receiveer data start ******* from 210.175.7.20
2023/02/27 12:03:56 [/shop/user_data/pg_mulpay_recv.php] Array
(
    [ShopID] => 9000034600950
    [ShopPass] => **********
    [AccessID] => c0869dd24e78ca572a27ece046f5b0e9
    [AccessPass] => ********************************
    [OrderID] => 949867-27120355
    [Status] => CAPTURE
    [JobCd] => CAPTURE
    [Amount] => 6950
    [Tax] => 0
    [Currency] => JPN
    [Forward] => 2959876
    [Method] => 1
    [PayTimes] => 
    [TranID] => 2302271203602257210134151027
    [Approve] => 0235647
    [TranDate] => 20230227120356
    [ErrCode] => 
    [ErrInfo] => 
    [PayType] => 0
)
 from 210.175.7.20
2023/02/27 12:03:56 [/shop/user_data/pg_mulpay_recv.php] ******* receiveer data end ******* from 210.175.7.20
2023/02/27 12:04:01 [/shop/user_data/pg_mulpay_recv.php] update order status:1 order_id=949867 from 210.175.7.20
2023/02/27 12:04:01 [/shop/user_data/pg_mulpay_recv.php] pg_mulpay_recv.php set payment data:Array
(
    [ShopID] => 9000034600950
    [AccessID] => c0869dd24e78ca572a27ece046f5b0e9
    [OrderID] => 949867-27120355
    [Status] => CAPTURE
    [JobCd] => CAPTURE
    [Amount] => 6950
    [Tax] => 0
    [Currency] => JPN
    [Forward] => 2959876
    [Method] => 1
    [PayTimes] => 
    [TranID] => 2302271203602257210134151027
    [Approve] => 0235647
    [TranDate] => 20230227120356
    [ErrCode] => 
    [ErrInfo] => 
    [PayType] => 0
    [CvsCode] => 
    [CvsConfNo] => 
    [CvsReceiptNo] => 
    [EdyReceiptNo] => 
    [EdyOrderNo] => 
    [SuicaReceiptNo] => 
    [SuicaOrderNo] => 
    [CustID] => 
    [BkCode] => 
    [ConfNo] => 
    [PaymentTerm] => 
    [EncryptReceiptNo] => 
    [FinishDate] => 
    [ReceiptDate] => 
    [WebMoneyManagementNo] => 
    [WebMoneySettleCode] => 
    [AuPayInfoNo] => 
    [AuPayMethod] => 
    [AuCancelAmount] => 
    [AuCancelTax] => 
    [DocomoSettlementCode] => 
    [DocomoCancelAmount] => 
    [DocomoCancelTax] => 
    [pay_status] => 13
)
 from 210.175.7.20
2023/02/27 12:04:01 [/shop/user_data/pg_mulpay_recv.php] response:true from 210.175.7.20
2023/02/27 12:09:51 [/shop/master/basis/payment_input.php] is mulpay payment payment_id:7 pay_id:98 from 61.124.31.242
2023/02/27 12:20:08 [/shop/shopping/load_payment_module.php] SendRequest:https://p01.mul-pay.jp/payment/EntryTran.idPass from 126.15.12.8
2023/02/27 12:20:08 [/shop/shopping/load_payment_module.php] Array
(
    [ShopID] => 9000034600950
    [ShopPass] => ******
    [OrderID] => 949868-27122008
    [JobCd] => CAPTURE
    [Amount] => 2660
    [TdFlag] => 0
    [TdTenantName] => 
)
 from 126.15.12.8
2023/02/27 12:20:08 [/shop/shopping/load_payment_module.php] AccessID=d7c2ead2ac3318b8db2ae609fb6643d2&AccessPass=50e4151a39c4f4cb9923ab31cb244ed6 from 126.15.12.8
2023/02/27 12:20:08 [/shop/shopping/load_payment_module.php] Array
(
    [0] => Array
        (
            [AccessID] => d7c2ead2ac3318b8db2ae609fb6643d2
            [AccessPass] => 50e4151a39c4f4cb9923ab31cb244ed6
        )

)
 from 126.15.12.8
2023/02/27 12:20:08 [/shop/shopping/load_payment_module.php] load_payment_module.php set payment data:Array
(
    [AccessID] => d7c2ead2ac3318b8db2ae609fb6643d2
    [AccessPass] => 50e4151a39c4f4cb9923ab31cb244ed6
    [OrderID] => 949868-27122008
    [Amount] => 2660
    [JobCd] => CAPTURE
    [action_status] => 1
    [pay_status] => 0
)
 from 126.15.12.8
2023/02/27 12:20:08 [/shop/shopping/load_payment_module.php] SendRequest:https://p01.mul-pay.jp/payment/ExecTran.idPass from 126.15.12.8
2023/02/27 12:20:08 [/shop/shopping/load_payment_module.php] Array
(
    [AccessID] => d7c2ead2ac3318b8db2ae609fb6643d2
    [AccessPass] => 50e4151a39c4f4cb9923ab31cb244ed6
    [OrderID] => 949868-27122008
    [Method] => 1
    [Token] => 5f33152c52bc3e1370a074f23b340726b37c3ba53699fb53b152304b9b9b99f9
    [ClientField1] => 
    [ClientField2] => 
    [ClientField3] => EC-CUBE4.3.35
)
 from 126.15.12.8
2023/02/27 12:20:09 [/shop/shopping/load_payment_module.php] ACS=0&OrderID=949868-27122008&Forward=2S49631&Method=1&PayTimes=&Approve=0315001&TranID=2302271220602257210134181067&TranDate=20230227122009&CheckString=609a45de8e8672c8150313693a783567 from 126.15.12.8
2023/02/27 12:20:09 [/shop/shopping/load_payment_module.php] Array
(
    [0] => Array
        (
            [ACS] => 0
            [OrderID] => 949868-27122008
            [Forward] => 2S49631
            [Method] => 1
            [PayTimes] => 
            [Approve] => 0315001
            [TranID] => 2302271220602257210134181067
            [TranDate] => 20230227122009
            [CheckString] => 609a45de8e8672c8150313693a783567
        )

)
 from 126.15.12.8
2023/02/27 12:20:09 [/shop/shopping/load_payment_module.php] load_payment_module.php set payment data:Array
(
    [ACS] => 0
    [Forward] => 2S49631
    [Method] => 1
    [PayTimes] => 
    [Approve] => 0315001
    [TranID] => 2302271220602257210134181067
    [TranDate] => 20230227122009
    [CheckString] => 609a45de8e8672c8150313693a783567
    [Amount] => 2660
    [JobCd] => CAPTURE
    [action_status] => 3
    [pay_status] => 13
)
 from 126.15.12.8
2023/02/27 12:20:09 [/shop/user_data/pg_mulpay_recv.php] ******* receiveer data start ******* from 210.175.7.20
2023/02/27 12:20:09 [/shop/user_data/pg_mulpay_recv.php] Array
(
    [ShopID] => 9000034600950
    [ShopPass] => **********
    [AccessID] => d7c2ead2ac3318b8db2ae609fb6643d2
    [AccessPass] => ********************************
    [OrderID] => 949868-27122008
    [Status] => CAPTURE
    [JobCd] => CAPTURE
    [Amount] => 2660
    [Tax] => 0
    [Currency] => JPN
    [Forward] => 2S49631
    [Method] => 1
    [PayTimes] => 
    [TranID] => 2302271220602257210134181067
    [Approve] => 0315001
    [TranDate] => 20230227122009
    [ErrCode] => 
    [ErrInfo] => 
    [PayType] => 0
)
 from 210.175.7.20
2023/02/27 12:20:09 [/shop/user_data/pg_mulpay_recv.php] ******* receiveer data end ******* from 210.175.7.20
2023/02/27 12:20:14 [/shop/user_data/pg_mulpay_recv.php] update order status:1 order_id=949868 from 210.175.7.20
2023/02/27 12:20:14 [/shop/user_data/pg_mulpay_recv.php] pg_mulpay_recv.php set payment data:Array
(
    [ShopID] => 9000034600950
    [AccessID] => d7c2ead2ac3318b8db2ae609fb6643d2
    [OrderID] => 949868-27122008
    [Status] => CAPTURE
    [JobCd] => CAPTURE
    [Amount] => 2660
    [Tax] => 0
    [Currency] => JPN
    [Forward] => 2S49631
    [Method] => 1
    [PayTimes] => 
    [TranID] => 2302271220602257210134181067
    [Approve] => 0315001
    [TranDate] => 20230227122009
    [ErrCode] => 
    [ErrInfo] => 
    [PayType] => 0
    [CvsCode] => 
    [CvsConfNo] => 
    [CvsReceiptNo] => 
    [EdyReceiptNo] => 
    [EdyOrderNo] => 
    [SuicaReceiptNo] => 
    [SuicaOrderNo] => 
    [CustID] => 
    [BkCode] => 
    [ConfNo] => 
    [PaymentTerm] => 
    [EncryptReceiptNo] => 
    [FinishDate] => 
    [ReceiptDate] => 
    [WebMoneyManagementNo] => 
    [WebMoneySettleCode] => 
    [AuPayInfoNo] => 
    [AuPayMethod] => 
    [AuCancelAmount] => 
    [AuCancelTax] => 
    [DocomoSettlementCode] => 
    [DocomoCancelAmount] => 
    [DocomoCancelTax] => 
    [pay_status] => 13
)
 from 210.175.7.20
2023/02/27 12:20:14 [/shop/user_data/pg_mulpay_recv.php] response:true from 210.175.7.20
2023/02/27 12:39:11 [/shop/shopping/load_payment_module.php] SendRequest:https://p01.mul-pay.jp/payment/EntryTran.idPass from 36.10.34.171
2023/02/27 12:39:11 [/shop/shopping/load_payment_module.php] Array
(
    [ShopID] => 9000034600950
    [ShopPass] => ******
    [OrderID] => 949869-27123911
    [JobCd] => CAPTURE
    [Amount] => 2110
    [TdFlag] => 0
    [TdTenantName] => 
)
 from 36.10.34.171
2023/02/27 12:39:11 [/shop/shopping/load_payment_module.php] AccessID=1c8c6d0d71a63a8947881cbda9fb02e9&AccessPass=6352150ca4083f15ee5672084ae93ed2 from 36.10.34.171
2023/02/27 12:39:11 [/shop/shopping/load_payment_module.php] Array
(
    [0] => Array
        (
            [AccessID] => 1c8c6d0d71a63a8947881cbda9fb02e9
            [AccessPass] => 6352150ca4083f15ee5672084ae93ed2
        )

)
 from 36.10.34.171
2023/02/27 12:39:11 [/shop/shopping/load_payment_module.php] load_payment_module.php set payment data:Array
(
    [AccessID] => 1c8c6d0d71a63a8947881cbda9fb02e9
    [AccessPass] => 6352150ca4083f15ee5672084ae93ed2
    [OrderID] => 949869-27123911
    [Amount] => 2110
    [JobCd] => CAPTURE
    [action_status] => 1
    [pay_status] => 0
)
 from 36.10.34.171
2023/02/27 12:39:11 [/shop/shopping/load_payment_module.php] SendRequest:https://p01.mul-pay.jp/payment/ExecTran.idPass from 36.10.34.171
2023/02/27 12:39:11 [/shop/shopping/load_payment_module.php] Array
(
    [AccessID] => 1c8c6d0d71a63a8947881cbda9fb02e9
    [AccessPass] => 6352150ca4083f15ee5672084ae93ed2
    [OrderID] => 949869-27123911
    [Method] => 1
    [Token] => 786b533949725bcf56df94d7ae01955793bb967c7c8203c98f36644dbe10cdff
    [ClientField1] => 
    [ClientField2] => 
    [ClientField3] => EC-CUBE4.3.35
)
 from 36.10.34.171
2023/02/27 12:39:12 [/shop/shopping/load_payment_module.php] ACS=0&OrderID=949869-27123911&Forward=2959876&Method=1&PayTimes=&Approve=0093952&TranID=2302271239602257210134161052&TranDate=20230227123912&CheckString=0d829ce93a767f2d690fe50a553c3bae from 36.10.34.171
2023/02/27 12:39:12 [/shop/shopping/load_payment_module.php] Array
(
    [0] => Array
        (
            [ACS] => 0
            [OrderID] => 949869-27123911
            [Forward] => 2959876
            [Method] => 1
            [PayTimes] => 
            [Approve] => 0093952
            [TranID] => 2302271239602257210134161052
            [TranDate] => 20230227123912
            [CheckString] => 0d829ce93a767f2d690fe50a553c3bae
        )

)
 from 36.10.34.171
2023/02/27 12:39:12 [/shop/shopping/load_payment_module.php] load_payment_module.php set payment data:Array
(
    [ACS] => 0
    [Forward] => 2959876
    [Method] => 1
    [PayTimes] => 
    [Approve] => 0093952
    [TranID] => 2302271239602257210134161052
    [TranDate] => 20230227123912
    [CheckString] => 0d829ce93a767f2d690fe50a553c3bae
    [Amount] => 2110
    [JobCd] => CAPTURE
    [action_status] => 3
    [pay_status] => 13
)
 from 36.10.34.171
2023/02/27 12:39:12 [/shop/user_data/pg_mulpay_recv.php] ******* receiveer data start ******* from 210.175.7.20
2023/02/27 12:39:12 [/shop/user_data/pg_mulpay_recv.php] Array
(
    [ShopID] => 9000034600950
    [ShopPass] => **********
    [AccessID] => 1c8c6d0d71a63a8947881cbda9fb02e9
    [AccessPass] => ********************************
    [OrderID] => 949869-27123911
    [Status] => CAPTURE
    [JobCd] => CAPTURE
    [Amount] => 2110
    [Tax] => 0
    [Currency] => JPN
    [Forward] => 2959876
    [Method] => 1
    [PayTimes] => 
    [TranID] => 2302271239602257210134161052
    [Approve] => 0093952
    [TranDate] => 20230227123912
    [ErrCode] => 
    [ErrInfo] => 
    [PayType] => 0
)
 from 210.175.7.20
2023/02/27 12:39:12 [/shop/user_data/pg_mulpay_recv.php] ******* receiveer data end ******* from 210.175.7.20
2023/02/27 12:39:17 [/shop/user_data/pg_mulpay_recv.php] update order status:1 order_id=949869 from 210.175.7.20
2023/02/27 12:39:17 [/shop/user_data/pg_mulpay_recv.php] pg_mulpay_recv.php set payment data:Array
(
    [ShopID] => 9000034600950
    [AccessID] => 1c8c6d0d71a63a8947881cbda9fb02e9
    [OrderID] => 949869-27123911
    [Status] => CAPTURE
    [JobCd] => CAPTURE
    [Amount] => 2110
    [Tax] => 0
    [Currency] => JPN
    [Forward] => 2959876
    [Method] => 1
    [PayTimes] => 
    [TranID] => 2302271239602257210134161052
    [Approve] => 0093952
    [TranDate] => 20230227123912
    [ErrCode] => 
    [ErrInfo] => 
    [PayType] => 0
    [CvsCode] => 
    [CvsConfNo] => 
    [CvsReceiptNo] => 
    [EdyReceiptNo] => 
    [EdyOrderNo] => 
    [SuicaReceiptNo] => 
    [SuicaOrderNo] => 
    [CustID] => 
    [BkCode] => 
    [ConfNo] => 
    [PaymentTerm] => 
    [EncryptReceiptNo] => 
    [FinishDate] => 
    [ReceiptDate] => 
    [WebMoneyManagementNo] => 
    [WebMoneySettleCode] => 
    [AuPayInfoNo] => 
    [AuPayMethod] => 
    [AuCancelAmount] => 
    [AuCancelTax] => 
    [DocomoSettlementCode] => 
    [DocomoCancelAmount] => 
    [DocomoCancelTax] => 
    [pay_status] => 13
)
 from 210.175.7.20
2023/02/27 12:39:17 [/shop/user_data/pg_mulpay_recv.php] response:true from 210.175.7.20
2023/02/27 12:54:42 [/shop/master/order/edit.php] SendRequest:https://p01.mul-pay.jp/payment/AlterTran.idPass from 114.160.216.147
2023/02/27 12:54:42 [/shop/master/order/edit.php] Array
(
    [ShopID] => 9000034600950
    [ShopPass] => ******
    [AccessID] => 9dcefeb69d41b9212a5834e77b5789e8
    [AccessPass] => 504ea03e0842103ebc49fdd9118f788c
    [JobCd] => RETURN
)
 from 114.160.216.147
2023/02/27 12:54:42 [/shop/master/order/edit.php] AccessID=9dcefeb69d41b9212a5834e77b5789e8&AccessPass=504ea03e0842103ebc49fdd9118f788c&Forward=2S49631&Approve=0017315&TranID=2302271254602257210134181068&TranDate=20230227125442 from 114.160.216.147
2023/02/27 12:54:42 [/shop/master/order/edit.php] Array
(
    [0] => Array
        (
            [AccessID] => 9dcefeb69d41b9212a5834e77b5789e8
            [AccessPass] => 504ea03e0842103ebc49fdd9118f788c
            [Forward] => 2S49631
            [Approve] => 0017315
            [TranID] => 2302271254602257210134181068
            [TranDate] => 20230227125442
        )

)
 from 114.160.216.147
2023/02/27 12:54:42 [/shop/master/order/edit.php] edit.php set payment data:Array
(
    [AccessID] => 9dcefeb69d41b9212a5834e77b5789e8
    [AccessPass] => 504ea03e0842103ebc49fdd9118f788c
    [Forward] => 2S49631
    [Approve] => 0017315
    [TranID] => 2302271254602257210134181068
    [TranDate] => 20230227125442
    [JobCd] => RETURN
    [action_status] => 6
    [pay_status] => 15
)
 from 114.160.216.147
2023/02/27 12:54:43 [/shop/user_data/pg_mulpay_recv.php] ******* receiveer data start ******* from 210.175.7.20
2023/02/27 12:54:43 [/shop/user_data/pg_mulpay_recv.php] Array
(
    [ShopID] => 9000034600950
    [ShopPass] => **********
    [AccessID] => 9dcefeb69d41b9212a5834e77b5789e8
    [AccessPass] => ********************************
    [OrderID] => 949860-26205237
    [Status] => RETURN
    [JobCd] => RETURN
    [Amount] => 3370
    [Tax] => 0
    [Currency] => JPN
    [Forward] => 2S49631
    [Method] => 1
    [PayTimes] => 
    [TranID] => 2302271254602257210134181068
    [Approve] => 0017315
    [TranDate] => 20230227125442
    [ErrCode] => 
    [ErrInfo] => 
    [PayType] => 0
)
 from 210.175.7.20
2023/02/27 12:54:43 [/shop/user_data/pg_mulpay_recv.php] ******* receiveer data end ******* from 210.175.7.20
2023/02/27 12:54:43 [/shop/user_data/pg_mulpay_recv.php] pg_mulpay_recv.php set payment data:Array
(
    [ShopID] => 9000034600950
    [AccessID] => 9dcefeb69d41b9212a5834e77b5789e8
    [OrderID] => 949860-26205237
    [Status] => RETURN
    [JobCd] => RETURN
    [Amount] => 3370
    [Tax] => 0
    [Currency] => JPN
    [Forward] => 2S49631
    [Method] => 1
    [PayTimes] => 
    [TranID] => 2302271254602257210134181068
    [Approve] => 0017315
    [TranDate] => 20230227125442
    [ErrCode] => 
    [ErrInfo] => 
    [PayType] => 0
    [CvsCode] => 
    [CvsConfNo] => 
    [CvsReceiptNo] => 
    [EdyReceiptNo] => 
    [EdyOrderNo] => 
    [SuicaReceiptNo] => 
    [SuicaOrderNo] => 
    [CustID] => 
    [BkCode] => 
    [ConfNo] => 
    [PaymentTerm] => 
    [EncryptReceiptNo] => 
    [FinishDate] => 
    [ReceiptDate] => 
    [WebMoneyManagementNo] => 
    [WebMoneySettleCode] => 
    [AuPayInfoNo] => 
    [AuPayMethod] => 
    [AuCancelAmount] => 
    [AuCancelTax] => 
    [DocomoSettlementCode] => 
    [DocomoCancelAmount] => 
    [DocomoCancelTax] => 
    [pay_status] => 15
)
 from 210.175.7.20
2023/02/27 12:54:43 [/shop/user_data/pg_mulpay_recv.php] response:true from 210.175.7.20
2023/02/27 14:50:44 [/shop/shopping/load_payment_module.php] SendRequest:https://p01.mul-pay.jp/payment/EntryTran.idPass from 150.66.96.197
2023/02/27 14:50:44 [/shop/shopping/load_payment_module.php] Array
(
    [ShopID] => 9000034600950
    [ShopPass] => ******
    [OrderID] => 949870-27145044
    [JobCd] => CAPTURE
    [Amount] => 94150
    [TdFlag] => 0
    [TdTenantName] => 
)
 from 150.66.96.197
2023/02/27 14:50:44 [/shop/shopping/load_payment_module.php] AccessID=9dc886c897b2da609723ea1e87260a42&AccessPass=d1acfccee3ed714aa3e21298db0c96f0 from 150.66.96.197
2023/02/27 14:50:44 [/shop/shopping/load_payment_module.php] Array
(
    [0] => Array
        (
            [AccessID] => 9dc886c897b2da609723ea1e87260a42
            [AccessPass] => d1acfccee3ed714aa3e21298db0c96f0
        )

)
 from 150.66.96.197
2023/02/27 14:50:44 [/shop/shopping/load_payment_module.php] load_payment_module.php set payment data:Array
(
    [AccessID] => 9dc886c897b2da609723ea1e87260a42
    [AccessPass] => d1acfccee3ed714aa3e21298db0c96f0
    [OrderID] => 949870-27145044
    [Amount] => 94150
    [JobCd] => CAPTURE
    [action_status] => 1
    [pay_status] => 0
)
 from 150.66.96.197
2023/02/27 14:50:44 [/shop/shopping/load_payment_module.php] SendRequest:https://p01.mul-pay.jp/payment/ExecTran.idPass from 150.66.96.197
2023/02/27 14:50:44 [/shop/shopping/load_payment_module.php] Array
(
    [AccessID] => 9dc886c897b2da609723ea1e87260a42
    [AccessPass] => d1acfccee3ed714aa3e21298db0c96f0
    [OrderID] => 949870-27145044
    [Method] => 1
    [Token] => 617fc32a0a98a92c69ed8c2d7c7d76968dd80d89a5de8ed40ae680ba480cbfa6
    [ClientField1] => 
    [ClientField2] => 
    [ClientField3] => EC-CUBE4.3.35
)
 from 150.66.96.197
2023/02/27 14:50:46 [/shop/shopping/load_payment_module.php] ACS=0&OrderID=949870-27145044&Forward=2959876&Method=1&PayTimes=&Approve=0323339&TranID=2302271450602257210134161053&TranDate=20230227145046&CheckString=8b6547cd848f787c5f37f0e180c2b311 from 150.66.96.197
2023/02/27 14:50:46 [/shop/shopping/load_payment_module.php] Array
(
    [0] => Array
        (
            [ACS] => 0
            [OrderID] => 949870-27145044
            [Forward] => 2959876
            [Method] => 1
            [PayTimes] => 
            [Approve] => 0323339
            [TranID] => 2302271450602257210134161053
            [TranDate] => 20230227145046
            [CheckString] => 8b6547cd848f787c5f37f0e180c2b311
        )

)
 from 150.66.96.197
2023/02/27 14:50:46 [/shop/shopping/load_payment_module.php] load_payment_module.php set payment data:Array
(
    [ACS] => 0
    [Forward] => 2959876
    [Method] => 1
    [PayTimes] => 
    [Approve] => 0323339
    [TranID] => 2302271450602257210134161053
    [TranDate] => 20230227145046
    [CheckString] => 8b6547cd848f787c5f37f0e180c2b311
    [Amount] => 94150
    [JobCd] => CAPTURE
    [action_status] => 3
    [pay_status] => 13
)
 from 150.66.96.197
2023/02/27 14:50:46 [/shop/user_data/pg_mulpay_recv.php] ******* receiveer data start ******* from 210.175.7.20
2023/02/27 14:50:46 [/shop/user_data/pg_mulpay_recv.php] Array
(
    [ShopID] => 9000034600950
    [ShopPass] => **********
    [AccessID] => 9dc886c897b2da609723ea1e87260a42
    [AccessPass] => ********************************
    [OrderID] => 949870-27145044
    [Status] => CAPTURE
    [JobCd] => CAPTURE
    [Amount] => 94150
    [Tax] => 0
    [Currency] => JPN
    [Forward] => 2959876
    [Method] => 1
    [PayTimes] => 
    [TranID] => 2302271450602257210134161053
    [Approve] => 0323339
    [TranDate] => 20230227145046
    [ErrCode] => 
    [ErrInfo] => 
    [PayType] => 0
)
 from 210.175.7.20
2023/02/27 14:50:46 [/shop/user_data/pg_mulpay_recv.php] ******* receiveer data end ******* from 210.175.7.20
2023/02/27 14:50:51 [/shop/user_data/pg_mulpay_recv.php] update order status:1 order_id=949870 from 210.175.7.20
2023/02/27 14:50:51 [/shop/user_data/pg_mulpay_recv.php] pg_mulpay_recv.php set payment data:Array
(
    [ShopID] => 9000034600950
    [AccessID] => 9dc886c897b2da609723ea1e87260a42
    [OrderID] => 949870-27145044
    [Status] => CAPTURE
    [JobCd] => CAPTURE
    [Amount] => 94150
    [Tax] => 0
    [Currency] => JPN
    [Forward] => 2959876
    [Method] => 1
    [PayTimes] => 
    [TranID] => 2302271450602257210134161053
    [Approve] => 0323339
    [TranDate] => 20230227145046
    [ErrCode] => 
    [ErrInfo] => 
    [PayType] => 0
    [CvsCode] => 
    [CvsConfNo] => 
    [CvsReceiptNo] => 
    [EdyReceiptNo] => 
    [EdyOrderNo] => 
    [SuicaReceiptNo] => 
    [SuicaOrderNo] => 
    [CustID] => 
    [BkCode] => 
    [ConfNo] => 
    [PaymentTerm] => 
    [EncryptReceiptNo] => 
    [FinishDate] => 
    [ReceiptDate] => 
    [WebMoneyManagementNo] => 
    [WebMoneySettleCode] => 
    [AuPayInfoNo] => 
    [AuPayMethod] => 
    [AuCancelAmount] => 
    [AuCancelTax] => 
    [DocomoSettlementCode] => 
    [DocomoCancelAmount] => 
    [DocomoCancelTax] => 
    [pay_status] => 13
)
 from 210.175.7.20
2023/02/27 14:50:51 [/shop/user_data/pg_mulpay_recv.php] response:true from 210.175.7.20
2023/02/27 15:32:36 [/shop/shopping/load_payment_module.php] SendRequest:https://p01.mul-pay.jp/payment/EntryTran.idPass from 76.86.32.155
2023/02/27 15:32:36 [/shop/shopping/load_payment_module.php] Array
(
    [ShopID] => 9000034600950
    [ShopPass] => ******
    [OrderID] => 949871-27153236
    [JobCd] => CAPTURE
    [Amount] => 2820
    [TdFlag] => 0
    [TdTenantName] => 
)
 from 76.86.32.155
2023/02/27 15:32:36 [/shop/shopping/load_payment_module.php] AccessID=fdb971e256d67cd065e10abffade9cbb&AccessPass=e9762ab3dd29a783c238a4c445c88ea1 from 76.86.32.155
2023/02/27 15:32:36 [/shop/shopping/load_payment_module.php] Array
(
    [0] => Array
        (
            [AccessID] => fdb971e256d67cd065e10abffade9cbb
            [AccessPass] => e9762ab3dd29a783c238a4c445c88ea1
        )

)
 from 76.86.32.155
2023/02/27 15:32:36 [/shop/shopping/load_payment_module.php] load_payment_module.php set payment data:Array
(
    [AccessID] => fdb971e256d67cd065e10abffade9cbb
    [AccessPass] => e9762ab3dd29a783c238a4c445c88ea1
    [OrderID] => 949871-27153236
    [Amount] => 2820
    [JobCd] => CAPTURE
    [action_status] => 1
    [pay_status] => 0
)
 from 76.86.32.155
2023/02/27 15:32:36 [/shop/shopping/load_payment_module.php] SendRequest:https://p01.mul-pay.jp/payment/ExecTran.idPass from 76.86.32.155
2023/02/27 15:32:36 [/shop/shopping/load_payment_module.php] Array
(
    [AccessID] => fdb971e256d67cd065e10abffade9cbb
    [AccessPass] => e9762ab3dd29a783c238a4c445c88ea1
    [OrderID] => 949871-27153236
    [Method] => 1
    [Token] => 7ab00e66e3f3537765e9bd04007d562224e88d2be97d9337c34477310cfa9826
    [ClientField1] => 
    [ClientField2] => 
    [ClientField3] => EC-CUBE4.3.35
)
 from 76.86.32.155
2023/02/27 15:32:38 [/shop/shopping/load_payment_module.php] ACS=0&OrderID=949871-27153236&Forward=2a99661&Method=1&PayTimes=&Approve=0266487&TranID=2302271532602257210134151028&TranDate=20230227153238&CheckString=985833598971f8683f8a9ad5f17b1343 from 76.86.32.155
2023/02/27 15:32:38 [/shop/shopping/load_payment_module.php] Array
(
    [0] => Array
        (
            [ACS] => 0
            [OrderID] => 949871-27153236
            [Forward] => 2a99661
            [Method] => 1
            [PayTimes] => 
            [Approve] => 0266487
            [TranID] => 2302271532602257210134151028
            [TranDate] => 20230227153238
            [CheckString] => 985833598971f8683f8a9ad5f17b1343
        )

)
 from 76.86.32.155
2023/02/27 15:32:38 [/shop/shopping/load_payment_module.php] load_payment_module.php set payment data:Array
(
    [ACS] => 0
    [Forward] => 2a99661
    [Method] => 1
    [PayTimes] => 
    [Approve] => 0266487
    [TranID] => 2302271532602257210134151028
    [TranDate] => 20230227153238
    [CheckString] => 985833598971f8683f8a9ad5f17b1343
    [Amount] => 2820
    [JobCd] => CAPTURE
    [action_status] => 3
    [pay_status] => 13
)
 from 76.86.32.155
2023/02/27 15:32:38 [/shop/user_data/pg_mulpay_recv.php] ******* receiveer data start ******* from 210.175.7.20
2023/02/27 15:32:38 [/shop/user_data/pg_mulpay_recv.php] Array
(
    [ShopID] => 9000034600950
    [ShopPass] => **********
    [AccessID] => fdb971e256d67cd065e10abffade9cbb
    [AccessPass] => ********************************
    [OrderID] => 949871-27153236
    [Status] => CAPTURE
    [JobCd] => CAPTURE
    [Amount] => 2820
    [Tax] => 0
    [Currency] => JPN
    [Forward] => 2a99661
    [Method] => 1
    [PayTimes] => 
    [TranID] => 2302271532602257210134151028
    [Approve] => 0266487
    [TranDate] => 20230227153238
    [ErrCode] => 
    [ErrInfo] => 
    [PayType] => 0
)
 from 210.175.7.20
2023/02/27 15:32:38 [/shop/user_data/pg_mulpay_recv.php] ******* receiveer data end ******* from 210.175.7.20
2023/02/27 15:32:43 [/shop/user_data/pg_mulpay_recv.php] update order status:1 order_id=949871 from 210.175.7.20
2023/02/27 15:32:43 [/shop/user_data/pg_mulpay_recv.php] pg_mulpay_recv.php set payment data:Array
(
    [ShopID] => 9000034600950
    [AccessID] => fdb971e256d67cd065e10abffade9cbb
    [OrderID] => 949871-27153236
    [Status] => CAPTURE
    [JobCd] => CAPTURE
    [Amount] => 2820
    [Tax] => 0
    [Currency] => JPN
    [Forward] => 2a99661
    [Method] => 1
    [PayTimes] => 
    [TranID] => 2302271532602257210134151028
    [Approve] => 0266487
    [TranDate] => 20230227153238
    [ErrCode] => 
    [ErrInfo] => 
    [PayType] => 0
    [CvsCode] => 
    [CvsConfNo] => 
    [CvsReceiptNo] => 
    [EdyReceiptNo] => 
    [EdyOrderNo] => 
    [SuicaReceiptNo] => 
    [SuicaOrderNo] => 
    [CustID] => 
    [BkCode] => 
    [ConfNo] => 
    [PaymentTerm] => 
    [EncryptReceiptNo] => 
    [FinishDate] => 
    [ReceiptDate] => 
    [WebMoneyManagementNo] => 
    [WebMoneySettleCode] => 
    [AuPayInfoNo] => 
    [AuPayMethod] => 
    [AuCancelAmount] => 
    [AuCancelTax] => 
    [DocomoSettlementCode] => 
    [DocomoCancelAmount] => 
    [DocomoCancelTax] => 
    [pay_status] => 13
)
 from 210.175.7.20
2023/02/27 15:32:43 [/shop/user_data/pg_mulpay_recv.php] response:true from 210.175.7.20
2023/02/27 16:44:34 [/shop/shopping/load_payment_module.php] SendRequest:https://p01.mul-pay.jp/payment/EntryTran.idPass from 114.190.70.129
2023/02/27 16:44:34 [/shop/shopping/load_payment_module.php] Array
(
    [ShopID] => 9000034600950
    [ShopPass] => ******
    [OrderID] => 949873-27164434
    [JobCd] => CAPTURE
    [Amount] => 4380
    [TdFlag] => 0
    [TdTenantName] => 
)
 from 114.190.70.129
2023/02/27 16:44:34 [/shop/shopping/load_payment_module.php] AccessID=d7fd67d210b84582cf52ff4f1c3e53fa&AccessPass=003c7f1414a9f09aaa58f7777fbe74c9 from 114.190.70.129
2023/02/27 16:44:34 [/shop/shopping/load_payment_module.php] Array
(
    [0] => Array
        (
            [AccessID] => d7fd67d210b84582cf52ff4f1c3e53fa
            [AccessPass] => 003c7f1414a9f09aaa58f7777fbe74c9
        )

)
 from 114.190.70.129
2023/02/27 16:44:34 [/shop/shopping/load_payment_module.php] load_payment_module.php set payment data:Array
(
    [AccessID] => d7fd67d210b84582cf52ff4f1c3e53fa
    [AccessPass] => 003c7f1414a9f09aaa58f7777fbe74c9
    [OrderID] => 949873-27164434
    [Amount] => 4380
    [JobCd] => CAPTURE
    [action_status] => 1
    [pay_status] => 0
)
 from 114.190.70.129
2023/02/27 16:44:34 [/shop/shopping/load_payment_module.php] SendRequest:https://p01.mul-pay.jp/payment/ExecTran.idPass from 114.190.70.129
2023/02/27 16:44:34 [/shop/shopping/load_payment_module.php] Array
(
    [AccessID] => d7fd67d210b84582cf52ff4f1c3e53fa
    [AccessPass] => 003c7f1414a9f09aaa58f7777fbe74c9
    [OrderID] => 949873-27164434
    [Method] => 1
    [Token] => 5dcdd33d09df0019aed4d31f4c4d0986ae15fad57468c6d81a3b2becf0103f43
    [ClientField1] => 
    [ClientField2] => 
    [ClientField3] => EC-CUBE4.3.35
)
 from 114.190.70.129
2023/02/27 16:44:35 [/shop/shopping/load_payment_module.php] ACS=0&OrderID=949873-27164434&Forward=2959876&Method=1&PayTimes=&Approve=0099868&TranID=2302271644602257210134151029&TranDate=20230227164435&CheckString=da9c5a93d33b472adb6f602248bd4897 from 114.190.70.129
2023/02/27 16:44:35 [/shop/shopping/load_payment_module.php] Array
(
    [0] => Array
        (
            [ACS] => 0
            [OrderID] => 949873-27164434
            [Forward] => 2959876
            [Method] => 1
            [PayTimes] => 
            [Approve] => 0099868
            [TranID] => 2302271644602257210134151029
            [TranDate] => 20230227164435
            [CheckString] => da9c5a93d33b472adb6f602248bd4897
        )

)
 from 114.190.70.129
2023/02/27 16:44:35 [/shop/shopping/load_payment_module.php] load_payment_module.php set payment data:Array
(
    [ACS] => 0
    [Forward] => 2959876
    [Method] => 1
    [PayTimes] => 
    [Approve] => 0099868
    [TranID] => 2302271644602257210134151029
    [TranDate] => 20230227164435
    [CheckString] => da9c5a93d33b472adb6f602248bd4897
    [Amount] => 4380
    [JobCd] => CAPTURE
    [action_status] => 3
    [pay_status] => 13
)
 from 114.190.70.129
2023/02/27 16:44:35 [/shop/user_data/pg_mulpay_recv.php] ******* receiveer data start ******* from 210.175.7.20
2023/02/27 16:44:35 [/shop/user_data/pg_mulpay_recv.php] Array
(
    [ShopID] => 9000034600950
    [ShopPass] => **********
    [AccessID] => d7fd67d210b84582cf52ff4f1c3e53fa
    [AccessPass] => ********************************
    [OrderID] => 949873-27164434
    [Status] => CAPTURE
    [JobCd] => CAPTURE
    [Amount] => 4380
    [Tax] => 0
    [Currency] => JPN
    [Forward] => 2959876
    [Method] => 1
    [PayTimes] => 
    [TranID] => 2302271644602257210134151029
    [Approve] => 0099868
    [TranDate] => 20230227164435
    [ErrCode] => 
    [ErrInfo] => 
    [PayType] => 0
)
 from 210.175.7.20
2023/02/27 16:44:35 [/shop/user_data/pg_mulpay_recv.php] ******* receiveer data end ******* from 210.175.7.20
2023/02/27 16:44:40 [/shop/user_data/pg_mulpay_recv.php] update order status:1 order_id=949873 from 210.175.7.20
2023/02/27 16:44:40 [/shop/user_data/pg_mulpay_recv.php] pg_mulpay_recv.php set payment data:Array
(
    [ShopID] => 9000034600950
    [AccessID] => d7fd67d210b84582cf52ff4f1c3e53fa
    [OrderID] => 949873-27164434
    [Status] => CAPTURE
    [JobCd] => CAPTURE
    [Amount] => 4380
    [Tax] => 0
    [Currency] => JPN
    [Forward] => 2959876
    [Method] => 1
    [PayTimes] => 
    [TranID] => 2302271644602257210134151029
    [Approve] => 0099868
    [TranDate] => 20230227164435
    [ErrCode] => 
    [ErrInfo] => 
    [PayType] => 0
    [CvsCode] => 
    [CvsConfNo] => 
    [CvsReceiptNo] => 
    [EdyReceiptNo] => 
    [EdyOrderNo] => 
    [SuicaReceiptNo] => 
    [SuicaOrderNo] => 
    [CustID] => 
    [BkCode] => 
    [ConfNo] => 
    [PaymentTerm] => 
    [EncryptReceiptNo] => 
    [FinishDate] => 
    [ReceiptDate] => 
    [WebMoneyManagementNo] => 
    [WebMoneySettleCode] => 
    [AuPayInfoNo] => 
    [AuPayMethod] => 
    [AuCancelAmount] => 
    [AuCancelTax] => 
    [DocomoSettlementCode] => 
    [DocomoCancelAmount] => 
    [DocomoCancelTax] => 
    [pay_status] => 13
)
 from 210.175.7.20
2023/02/27 16:44:40 [/shop/user_data/pg_mulpay_recv.php] response:true from 210.175.7.20
2023/02/27 17:49:59 [/shop/master/order/edit.php] edit.php set payment data:Array
(
    [no_update_status_flg] => 1
)
 from 114.160.216.147
2023/02/27 17:49:59 [/shop/master/order/edit.php] SendRequest:https://p01.mul-pay.jp/payment/ChangeTran.idPass from 114.160.216.147
2023/02/27 17:49:59 [/shop/master/order/edit.php] Array
(
    [ShopID] => 9000034600950
    [ShopPass] => ******
    [AccessID] => 60270628cacbf1b29f04ee4dbe07ad65
    [AccessPass] => f83a9cd11fea417a6a277431ab0a971a
    [JobCd] => CAPTURE
    [Amount] => 9200
)
 from 114.160.216.147
2023/02/27 17:50:00 [/shop/master/order/edit.php] ErrCode=G54&ErrInfo=42G540000 from 114.160.216.147
2023/02/27 17:50:00 [/shop/master/order/edit.php] Array
(
    [0] => Array
        (
            [ErrCode] => G54
            [ErrInfo] => 42G540000
        )

)
 from 114.160.216.147
2023/02/27 17:50:00 [/shop/user_data/pg_mulpay_recv.php] ******* receiveer data start ******* from 210.175.7.20
2023/02/27 17:50:00 [/shop/user_data/pg_mulpay_recv.php] Array
(
    [ShopID] => 9000034600950
    [ShopPass] => **********
    [AccessID] => 60270628cacbf1b29f04ee4dbe07ad65
    [AccessPass] => ********************************
    [OrderID] => 948972-05032212
    [Status] => CAPTURE
    [JobCd] => CAPTURE
    [Amount] => 9200
    [Tax] => 0
    [Currency] => JPN
    [Forward] => 2959876
    [Method] => 1
    [PayTimes] => 
    [TranID] => 2302271749602257210134181070
    [Approve] =>        
    [TranDate] => 20230227175000
    [ErrCode] => G54
    [ErrInfo] => 42G540000
    [PayType] => 0
)
 from 210.175.7.20
2023/02/27 17:50:00 [/shop/user_data/pg_mulpay_recv.php] ******* receiveer data end ******* from 210.175.7.20
2023/02/27 17:50:05 [/shop/user_data/pg_mulpay_recv.php] no update order status order_id=948972 from 210.175.7.20
2023/02/27 17:50:05 [/shop/user_data/pg_mulpay_recv.php] pg_mulpay_recv.php set payment data:Array
(
    [ShopID] => 9000034600950
    [AccessID] => 60270628cacbf1b29f04ee4dbe07ad65
    [OrderID] => 948972-05032212
    [Status] => CAPTURE
    [JobCd] => CAPTURE
    [Amount] => 9200
    [Tax] => 0
    [Currency] => JPN
    [Forward] => 2959876
    [Method] => 1
    [PayTimes] => 
    [TranID] => 2302271749602257210134181070
    [TranDate] => 20230227175000
    [ErrCode] => G54
    [ErrInfo] => 42G540000
    [PayType] => 0
    [CvsCode] => 
    [CvsConfNo] => 
    [CvsReceiptNo] => 
    [EdyReceiptNo] => 
    [EdyOrderNo] => 
    [SuicaReceiptNo] => 
    [SuicaOrderNo] => 
    [CustID] => 
    [BkCode] => 
    [ConfNo] => 
    [PaymentTerm] => 
    [EncryptReceiptNo] => 
    [FinishDate] => 
    [ReceiptDate] => 
    [WebMoneyManagementNo] => 
    [WebMoneySettleCode] => 
    [AuPayInfoNo] => 
    [AuPayMethod] => 
    [AuCancelAmount] => 
    [AuCancelTax] => 
    [DocomoSettlementCode] => 
    [DocomoCancelAmount] => 
    [DocomoCancelTax] => 
    [pay_status] => 13
    [no_update_status_flg] => 0
)
 from 210.175.7.20
2023/02/27 17:50:06 [/shop/user_data/pg_mulpay_recv.php] response:true from 210.175.7.20
2023/02/27 17:51:45 [/shop/master/order/edit.php] edit.php set payment data:Array
(
    [no_update_status_flg] => 1
)
 from 114.160.216.147
2023/02/27 17:51:45 [/shop/master/order/edit.php] SendRequest:https://p01.mul-pay.jp/payment/ChangeTran.idPass from 114.160.216.147
2023/02/27 17:51:45 [/shop/master/order/edit.php] Array
(
    [ShopID] => 9000034600950
    [ShopPass] => ******
    [AccessID] => 146f5f46c709919b8d18890dc87d8bdc
    [AccessPass] => 5eba969544dc62fbde4159908d15b3ea
    [JobCd] => CAPTURE
    [Amount] => 8050
)
 from 114.160.216.147
2023/02/27 17:51:47 [/shop/master/order/edit.php] ErrCode=G54&ErrInfo=42G540000 from 114.160.216.147
2023/02/27 17:51:47 [/shop/master/order/edit.php] Array
(
    [0] => Array
        (
            [ErrCode] => G54
            [ErrInfo] => 42G540000
        )

)
 from 114.160.216.147
2023/02/27 17:51:47 [/shop/user_data/pg_mulpay_recv.php] ******* receiveer data start ******* from 210.175.7.20
2023/02/27 17:51:47 [/shop/user_data/pg_mulpay_recv.php] Array
(
    [ShopID] => 9000034600950
    [ShopPass] => **********
    [AccessID] => 146f5f46c709919b8d18890dc87d8bdc
    [AccessPass] => ********************************
    [OrderID] => 949258-20132222
    [Status] => CAPTURE
    [JobCd] => CAPTURE
    [Amount] => 8050
    [Tax] => 0
    [Currency] => JPN
    [Forward] => 2959876
    [Method] => 1
    [PayTimes] => 
    [TranID] => 2302271751602257210134161054
    [Approve] =>        
    [TranDate] => 20230227175147
    [ErrCode] => G54
    [ErrInfo] => 42G540000
    [PayType] => 0
)
 from 210.175.7.20
2023/02/27 17:51:47 [/shop/user_data/pg_mulpay_recv.php] ******* receiveer data end ******* from 210.175.7.20
2023/02/27 17:51:52 [/shop/user_data/pg_mulpay_recv.php] no update order status order_id=949258 from 210.175.7.20
2023/02/27 17:51:52 [/shop/user_data/pg_mulpay_recv.php] pg_mulpay_recv.php set payment data:Array
(
    [ShopID] => 9000034600950
    [AccessID] => 146f5f46c709919b8d18890dc87d8bdc
    [OrderID] => 949258-20132222
    [Status] => CAPTURE
    [JobCd] => CAPTURE
    [Amount] => 8050
    [Tax] => 0
    [Currency] => JPN
    [Forward] => 2959876
    [Method] => 1
    [PayTimes] => 
    [TranID] => 2302271751602257210134161054
    [TranDate] => 20230227175147
    [ErrCode] => G54
    [ErrInfo] => 42G540000
    [PayType] => 0
    [CvsCode] => 
    [CvsConfNo] => 
    [CvsReceiptNo] => 
    [EdyReceiptNo] => 
    [EdyOrderNo] => 
    [SuicaReceiptNo] => 
    [SuicaOrderNo] => 
    [CustID] => 
    [BkCode] => 
    [ConfNo] => 
    [PaymentTerm] => 
    [EncryptReceiptNo] => 
    [FinishDate] => 
    [ReceiptDate] => 
    [WebMoneyManagementNo] => 
    [WebMoneySettleCode] => 
    [AuPayInfoNo] => 
    [AuPayMethod] => 
    [AuCancelAmount] => 
    [AuCancelTax] => 
    [DocomoSettlementCode] => 
    [DocomoCancelAmount] => 
    [DocomoCancelTax] => 
    [pay_status] => 13
    [no_update_status_flg] => 0
)
 from 210.175.7.20
2023/02/27 17:51:52 [/shop/user_data/pg_mulpay_recv.php] response:true from 210.175.7.20
2023/02/27 19:59:28 [/shop/shopping/load_payment_module.php] SendRequest:https://p01.mul-pay.jp/payment/SearchMember.idPass from 92.203.98.82
2023/02/27 19:59:28 [/shop/shopping/load_payment_module.php] Array
(
    [SiteID] => mst0000007602
    [SitePass] => ******
    [MemberID] => 3060
)
 from 92.203.98.82
2023/02/27 19:59:28 [/shop/shopping/load_payment_module.php] ErrCode=E01&ErrInfo=E01390002 from 92.203.98.82
2023/02/27 19:59:28 [/shop/shopping/load_payment_module.php] Array
(
    [0] => Array
        (
            [ErrCode] => E01
            [ErrInfo] => E01390002
        )

)
 from 92.203.98.82
2023/02/27 19:59:28 [/shop/shopping/load_payment_module.php] SendRequest:https://p01.mul-pay.jp/payment/SearchCard.idPass from 92.203.98.82
2023/02/27 19:59:28 [/shop/shopping/load_payment_module.php] Array
(
    [SiteID] => mst0000007602
    [SitePass] => ******
    [MemberID] => 3060
)
 from 92.203.98.82
2023/02/27 19:59:28 [/shop/shopping/load_payment_module.php] ErrCode=E01|E01&ErrInfo=E01390002|E01240002 from 92.203.98.82
2023/02/27 19:59:28 [/shop/shopping/load_payment_module.php] Array
(
    [0] => Array
        (
            [ErrCode] => E01
            [ErrInfo] => E01390002
        )

    [1] => Array
        (
            [ErrCode] => E01
            [ErrInfo] => E01240002
        )

)
 from 92.203.98.82
2023/02/27 20:00:46 [/shop/shopping/load_payment_module.php] SendRequest:https://p01.mul-pay.jp/payment/SearchMember.idPass from 92.203.98.82
2023/02/27 20:00:46 [/shop/shopping/load_payment_module.php] Array
(
    [SiteID] => mst0000007602
    [SitePass] => ******
    [MemberID] => 3060
)
 from 92.203.98.82
2023/02/27 20:00:46 [/shop/shopping/load_payment_module.php] ErrCode=E01&ErrInfo=E01390002 from 92.203.98.82
2023/02/27 20:00:46 [/shop/shopping/load_payment_module.php] Array
(
    [0] => Array
        (
            [ErrCode] => E01
            [ErrInfo] => E01390002
        )

)
 from 92.203.98.82
2023/02/27 20:00:46 [/shop/shopping/load_payment_module.php] SendRequest:https://p01.mul-pay.jp/payment/SearchCard.idPass from 92.203.98.82
2023/02/27 20:00:46 [/shop/shopping/load_payment_module.php] Array
(
    [SiteID] => mst0000007602
    [SitePass] => ******
    [MemberID] => 3060
)
 from 92.203.98.82
2023/02/27 20:00:46 [/shop/shopping/load_payment_module.php] ErrCode=E01|E01&ErrInfo=E01390002|E01240002 from 92.203.98.82
2023/02/27 20:00:46 [/shop/shopping/load_payment_module.php] Array
(
    [0] => Array
        (
            [ErrCode] => E01
            [ErrInfo] => E01390002
        )

    [1] => Array
        (
            [ErrCode] => E01
            [ErrInfo] => E01240002
        )

)
 from 92.203.98.82
2023/02/27 20:00:46 [/shop/shopping/load_payment_module.php] SendRequest:https://p01.mul-pay.jp/payment/EntryTran.idPass from 92.203.98.82
2023/02/27 20:00:46 [/shop/shopping/load_payment_module.php] Array
(
    [ShopID] => 9000034600950
    [ShopPass] => ******
    [OrderID] => 949875-27200046
    [JobCd] => CAPTURE
    [Amount] => 1760
    [TdFlag] => 0
    [TdTenantName] => 
)
 from 92.203.98.82
2023/02/27 20:00:46 [/shop/shopping/load_payment_module.php] AccessID=c5c00ff3e43d60ce353b5dd458bc20c2&AccessPass=d2cc01b57d8acb32e35e216198514a76 from 92.203.98.82
2023/02/27 20:00:46 [/shop/shopping/load_payment_module.php] Array
(
    [0] => Array
        (
            [AccessID] => c5c00ff3e43d60ce353b5dd458bc20c2
            [AccessPass] => d2cc01b57d8acb32e35e216198514a76
        )

)
 from 92.203.98.82
2023/02/27 20:00:46 [/shop/shopping/load_payment_module.php] load_payment_module.php set payment data:Array
(
    [AccessID] => c5c00ff3e43d60ce353b5dd458bc20c2
    [AccessPass] => d2cc01b57d8acb32e35e216198514a76
    [OrderID] => 949875-27200046
    [Amount] => 1760
    [JobCd] => CAPTURE
    [action_status] => 1
    [pay_status] => 0
)
 from 92.203.98.82
2023/02/27 20:00:46 [/shop/shopping/load_payment_module.php] SendRequest:https://p01.mul-pay.jp/payment/ExecTran.idPass from 92.203.98.82
2023/02/27 20:00:46 [/shop/shopping/load_payment_module.php] Array
(
    [AccessID] => c5c00ff3e43d60ce353b5dd458bc20c2
    [AccessPass] => d2cc01b57d8acb32e35e216198514a76
    [OrderID] => 949875-27200046
    [Method] => 1
    [Token] => 6d9707cec8959a17e8ad3226f00aed4c66ab49cd8b654cf69982656f8c0ab093
    [ClientField1] => 
    [ClientField2] => 
    [ClientField3] => EC-CUBE4.3.35
)
 from 92.203.98.82
2023/02/27 20:00:47 [/shop/shopping/load_payment_module.php] ACS=0&OrderID=949875-27200046&Forward=2S49631&Method=1&PayTimes=&Approve=0391895&TranID=2302272000602257210134181071&TranDate=20230227200047&CheckString=0d509cb6c55a3b67df2921badb7174b2 from 92.203.98.82
2023/02/27 20:00:47 [/shop/shopping/load_payment_module.php] Array
(
    [0] => Array
        (
            [ACS] => 0
            [OrderID] => 949875-27200046
            [Forward] => 2S49631
            [Method] => 1
            [PayTimes] => 
            [Approve] => 0391895
            [TranID] => 2302272000602257210134181071
            [TranDate] => 20230227200047
            [CheckString] => 0d509cb6c55a3b67df2921badb7174b2
        )

)
 from 92.203.98.82
2023/02/27 20:00:47 [/shop/shopping/load_payment_module.php] load_payment_module.php set payment data:Array
(
    [ACS] => 0
    [Forward] => 2S49631
    [Method] => 1
    [PayTimes] => 
    [Approve] => 0391895
    [TranID] => 2302272000602257210134181071
    [TranDate] => 20230227200047
    [CheckString] => 0d509cb6c55a3b67df2921badb7174b2
    [Amount] => 1760
    [JobCd] => CAPTURE
    [action_status] => 3
    [pay_status] => 13
)
 from 92.203.98.82
2023/02/27 20:00:47 [/shop/user_data/pg_mulpay_recv.php] ******* receiveer data start ******* from 210.175.7.20
2023/02/27 20:00:47 [/shop/user_data/pg_mulpay_recv.php] Array
(
    [ShopID] => 9000034600950
    [ShopPass] => **********
    [AccessID] => c5c00ff3e43d60ce353b5dd458bc20c2
    [AccessPass] => ********************************
    [OrderID] => 949875-27200046
    [Status] => CAPTURE
    [JobCd] => CAPTURE
    [Amount] => 1760
    [Tax] => 0
    [Currency] => JPN
    [Forward] => 2S49631
    [Method] => 1
    [PayTimes] => 
    [TranID] => 2302272000602257210134181071
    [Approve] => 0391895
    [TranDate] => 20230227200047
    [ErrCode] => 
    [ErrInfo] => 
    [PayType] => 0
)
 from 210.175.7.20
2023/02/27 20:00:47 [/shop/user_data/pg_mulpay_recv.php] ******* receiveer data end ******* from 210.175.7.20
2023/02/27 20:00:52 [/shop/user_data/pg_mulpay_recv.php] update order status:1 order_id=949875 from 210.175.7.20
2023/02/27 20:00:52 [/shop/user_data/pg_mulpay_recv.php] pg_mulpay_recv.php set payment data:Array
(
    [ShopID] => 9000034600950
    [AccessID] => c5c00ff3e43d60ce353b5dd458bc20c2
    [OrderID] => 949875-27200046
    [Status] => CAPTURE
    [JobCd] => CAPTURE
    [Amount] => 1760
    [Tax] => 0
    [Currency] => JPN
    [Forward] => 2S49631
    [Method] => 1
    [PayTimes] => 
    [TranID] => 2302272000602257210134181071
    [Approve] => 0391895
    [TranDate] => 20230227200047
    [ErrCode] => 
    [ErrInfo] => 
    [PayType] => 0
    [CvsCode] => 
    [CvsConfNo] => 
    [CvsReceiptNo] => 
    [EdyReceiptNo] => 
    [EdyOrderNo] => 
    [SuicaReceiptNo] => 
    [SuicaOrderNo] => 
    [CustID] => 
    [BkCode] => 
    [ConfNo] => 
    [PaymentTerm] => 
    [EncryptReceiptNo] => 
    [FinishDate] => 
    [ReceiptDate] => 
    [WebMoneyManagementNo] => 
    [WebMoneySettleCode] => 
    [AuPayInfoNo] => 
    [AuPayMethod] => 
    [AuCancelAmount] => 
    [AuCancelTax] => 
    [DocomoSettlementCode] => 
    [DocomoCancelAmount] => 
    [DocomoCancelTax] => 
    [pay_status] => 13
)
 from 210.175.7.20
2023/02/27 20:00:52 [/shop/user_data/pg_mulpay_recv.php] response:true from 210.175.7.20
2023/02/27 22:24:44 [/shop/shopping/load_payment_module.php] SendRequest:https://p01.mul-pay.jp/payment/EntryTran.idPass from 150.249.199.43
2023/02/27 22:24:44 [/shop/shopping/load_payment_module.php] Array
(
    [ShopID] => 9000034600950
    [ShopPass] => ******
    [OrderID] => 949876-27222444
    [JobCd] => CAPTURE
    [Amount] => 2500
    [TdFlag] => 0
    [TdTenantName] => 
)
 from 150.249.199.43
2023/02/27 22:24:44 [/shop/shopping/load_payment_module.php] AccessID=cefd9d19d5d3c338aff190c8dfaead9f&AccessPass=681c451e75a418f284c11114965fe0ef from 150.249.199.43
2023/02/27 22:24:44 [/shop/shopping/load_payment_module.php] Array
(
    [0] => Array
        (
            [AccessID] => cefd9d19d5d3c338aff190c8dfaead9f
            [AccessPass] => 681c451e75a418f284c11114965fe0ef
        )

)
 from 150.249.199.43
2023/02/27 22:24:44 [/shop/shopping/load_payment_module.php] load_payment_module.php set payment data:Array
(
    [AccessID] => cefd9d19d5d3c338aff190c8dfaead9f
    [AccessPass] => 681c451e75a418f284c11114965fe0ef
    [OrderID] => 949876-27222444
    [Amount] => 2500
    [JobCd] => CAPTURE
    [action_status] => 1
    [pay_status] => 0
)
 from 150.249.199.43
2023/02/27 22:24:44 [/shop/shopping/load_payment_module.php] SendRequest:https://p01.mul-pay.jp/payment/ExecTran.idPass from 150.249.199.43
2023/02/27 22:24:44 [/shop/shopping/load_payment_module.php] Array
(
    [AccessID] => cefd9d19d5d3c338aff190c8dfaead9f
    [AccessPass] => 681c451e75a418f284c11114965fe0ef
    [OrderID] => 949876-27222444
    [Method] => 1
    [Token] => 121bc0b3e254aeedb605765a7af817a809bccd1f67329136fc5c12ed59161a7a
    [ClientField1] => 
    [ClientField2] => 
    [ClientField3] => EC-CUBE4.3.35
)
 from 150.249.199.43
2023/02/27 22:24:44 [/shop/shopping/load_payment_module.php] ACS=0&OrderID=949876-27222444&Forward=2S49631&Method=1&PayTimes=&Approve=0027131&TranID=2302272224602257210134181072&TranDate=20230227222444&CheckString=e690cc25e6370436206fafdd174682dc from 150.249.199.43
2023/02/27 22:24:44 [/shop/shopping/load_payment_module.php] Array
(
    [0] => Array
        (
            [ACS] => 0
            [OrderID] => 949876-27222444
            [Forward] => 2S49631
            [Method] => 1
            [PayTimes] => 
            [Approve] => 0027131
            [TranID] => 2302272224602257210134181072
            [TranDate] => 20230227222444
            [CheckString] => e690cc25e6370436206fafdd174682dc
        )

)
 from 150.249.199.43
2023/02/27 22:24:44 [/shop/shopping/load_payment_module.php] load_payment_module.php set payment data:Array
(
    [ACS] => 0
    [Forward] => 2S49631
    [Method] => 1
    [PayTimes] => 
    [Approve] => 0027131
    [TranID] => 2302272224602257210134181072
    [TranDate] => 20230227222444
    [CheckString] => e690cc25e6370436206fafdd174682dc
    [Amount] => 2500
    [JobCd] => CAPTURE
    [action_status] => 3
    [pay_status] => 13
)
 from 150.249.199.43
2023/02/27 22:24:45 [/shop/user_data/pg_mulpay_recv.php] ******* receiveer data start ******* from 210.175.7.20
2023/02/27 22:24:45 [/shop/user_data/pg_mulpay_recv.php] Array
(
    [ShopID] => 9000034600950
    [ShopPass] => **********
    [AccessID] => cefd9d19d5d3c338aff190c8dfaead9f
    [AccessPass] => ********************************
    [OrderID] => 949876-27222444
    [Status] => CAPTURE
    [JobCd] => CAPTURE
    [Amount] => 2500
    [Tax] => 0
    [Currency] => JPN
    [Forward] => 2S49631
    [Method] => 1
    [PayTimes] => 
    [TranID] => 2302272224602257210134181072
    [Approve] => 0027131
    [TranDate] => 20230227222444
    [ErrCode] => 
    [ErrInfo] => 
    [PayType] => 0
)
 from 210.175.7.20
2023/02/27 22:24:45 [/shop/user_data/pg_mulpay_recv.php] ******* receiveer data end ******* from 210.175.7.20
2023/02/27 22:24:50 [/shop/user_data/pg_mulpay_recv.php] update order status:1 order_id=949876 from 210.175.7.20
2023/02/27 22:24:50 [/shop/user_data/pg_mulpay_recv.php] pg_mulpay_recv.php set payment data:Array
(
    [ShopID] => 9000034600950
    [AccessID] => cefd9d19d5d3c338aff190c8dfaead9f
    [OrderID] => 949876-27222444
    [Status] => CAPTURE
    [JobCd] => CAPTURE
    [Amount] => 2500
    [Tax] => 0
    [Currency] => JPN
    [Forward] => 2S49631
    [Method] => 1
    [PayTimes] => 
    [TranID] => 2302272224602257210134181072
    [Approve] => 0027131
    [TranDate] => 20230227222444
    [ErrCode] => 
    [ErrInfo] => 
    [PayType] => 0
    [CvsCode] => 
    [CvsConfNo] => 
    [CvsReceiptNo] => 
    [EdyReceiptNo] => 
    [EdyOrderNo] => 
    [SuicaReceiptNo] => 
    [SuicaOrderNo] => 
    [CustID] => 
    [BkCode] => 
    [ConfNo] => 
    [PaymentTerm] => 
    [EncryptReceiptNo] => 
    [FinishDate] => 
    [ReceiptDate] => 
    [WebMoneyManagementNo] => 
    [WebMoneySettleCode] => 
    [AuPayInfoNo] => 
    [AuPayMethod] => 
    [AuCancelAmount] => 
    [AuCancelTax] => 
    [DocomoSettlementCode] => 
    [DocomoCancelAmount] => 
    [DocomoCancelTax] => 
    [pay_status] => 13
)
 from 210.175.7.20
2023/02/27 22:24:50 [/shop/user_data/pg_mulpay_recv.php] response:true from 210.175.7.20
2023/02/27 22:30:45 [/shop/shopping/load_payment_module.php] SendRequest:https://p01.mul-pay.jp/payment/EntryTran.idPass from 122.135.1.191
2023/02/27 22:30:45 [/shop/shopping/load_payment_module.php] Array
(
    [ShopID] => 9000034600950
    [ShopPass] => ******
    [OrderID] => 949877-27223045
    [JobCd] => CAPTURE
    [Amount] => 7900
    [TdFlag] => 0
    [TdTenantName] => 
)
 from 122.135.1.191
2023/02/27 22:30:45 [/shop/shopping/load_payment_module.php] AccessID=36dced590fd9882cb8cd065b252fd273&AccessPass=b026b565abb7ba94410f58306ecdf487 from 122.135.1.191
2023/02/27 22:30:45 [/shop/shopping/load_payment_module.php] Array
(
    [0] => Array
        (
            [AccessID] => 36dced590fd9882cb8cd065b252fd273
            [AccessPass] => b026b565abb7ba94410f58306ecdf487
        )

)
 from 122.135.1.191
2023/02/27 22:30:45 [/shop/shopping/load_payment_module.php] load_payment_module.php set payment data:Array
(
    [AccessID] => 36dced590fd9882cb8cd065b252fd273
    [AccessPass] => b026b565abb7ba94410f58306ecdf487
    [OrderID] => 949877-27223045
    [Amount] => 7900
    [JobCd] => CAPTURE
    [action_status] => 1
    [pay_status] => 0
)
 from 122.135.1.191
2023/02/27 22:30:45 [/shop/shopping/load_payment_module.php] SendRequest:https://p01.mul-pay.jp/payment/ExecTran.idPass from 122.135.1.191
2023/02/27 22:30:45 [/shop/shopping/load_payment_module.php] Array
(
    [AccessID] => 36dced590fd9882cb8cd065b252fd273
    [AccessPass] => b026b565abb7ba94410f58306ecdf487
    [OrderID] => 949877-27223045
    [Method] => 1
    [Token] => 4adcdc2e86d431b83f8c415c8c8581e0611b930d87da6ca4ad8e3a41dd2925b1
    [ClientField1] => 
    [ClientField2] => 
    [ClientField3] => EC-CUBE4.3.35
)
 from 122.135.1.191
2023/02/27 22:30:46 [/shop/shopping/load_payment_module.php] ACS=0&OrderID=949877-27223045&Forward=2S49631&Method=1&PayTimes=&Approve=0938458&TranID=2302272230602257210134170960&TranDate=20230227223046&CheckString=cf1f147fc461a2c3ef4988a35208646c from 122.135.1.191
2023/02/27 22:30:46 [/shop/shopping/load_payment_module.php] Array
(
    [0] => Array
        (
            [ACS] => 0
            [OrderID] => 949877-27223045
            [Forward] => 2S49631
            [Method] => 1
            [PayTimes] => 
            [Approve] => 0938458
            [TranID] => 2302272230602257210134170960
            [TranDate] => 20230227223046
            [CheckString] => cf1f147fc461a2c3ef4988a35208646c
        )

)
 from 122.135.1.191
2023/02/27 22:30:46 [/shop/shopping/load_payment_module.php] load_payment_module.php set payment data:Array
(
    [ACS] => 0
    [Forward] => 2S49631
    [Method] => 1
    [PayTimes] => 
    [Approve] => 0938458
    [TranID] => 2302272230602257210134170960
    [TranDate] => 20230227223046
    [CheckString] => cf1f147fc461a2c3ef4988a35208646c
    [Amount] => 7900
    [JobCd] => CAPTURE
    [action_status] => 3
    [pay_status] => 13
)
 from 122.135.1.191
2023/02/27 22:30:46 [/shop/user_data/pg_mulpay_recv.php] ******* receiveer data start ******* from 210.175.7.20
2023/02/27 22:30:46 [/shop/user_data/pg_mulpay_recv.php] Array
(
    [ShopID] => 9000034600950
    [ShopPass] => **********
    [AccessID] => 36dced590fd9882cb8cd065b252fd273
    [AccessPass] => ********************************
    [OrderID] => 949877-27223045
    [Status] => CAPTURE
    [JobCd] => CAPTURE
    [Amount] => 7900
    [Tax] => 0
    [Currency] => JPN
    [Forward] => 2S49631
    [Method] => 1
    [PayTimes] => 
    [TranID] => 2302272230602257210134170960
    [Approve] => 0938458
    [TranDate] => 20230227223046
    [ErrCode] => 
    [ErrInfo] => 
    [PayType] => 0
)
 from 210.175.7.20
2023/02/27 22:30:46 [/shop/user_data/pg_mulpay_recv.php] ******* receiveer data end ******* from 210.175.7.20
2023/02/27 22:30:51 [/shop/user_data/pg_mulpay_recv.php] update order status:1 order_id=949877 from 210.175.7.20
2023/02/27 22:30:51 [/shop/user_data/pg_mulpay_recv.php] pg_mulpay_recv.php set payment data:Array
(
    [ShopID] => 9000034600950
    [AccessID] => 36dced590fd9882cb8cd065b252fd273
    [OrderID] => 949877-27223045
    [Status] => CAPTURE
    [JobCd] => CAPTURE
    [Amount] => 7900
    [Tax] => 0
    [Currency] => JPN
    [Forward] => 2S49631
    [Method] => 1
    [PayTimes] => 
    [TranID] => 2302272230602257210134170960
    [Approve] => 0938458
    [TranDate] => 20230227223046
    [ErrCode] => 
    [ErrInfo] => 
    [PayType] => 0
    [CvsCode] => 
    [CvsConfNo] => 
    [CvsReceiptNo] => 
    [EdyReceiptNo] => 
    [EdyOrderNo] => 
    [SuicaReceiptNo] => 
    [SuicaOrderNo] => 
    [CustID] => 
    [BkCode] => 
    [ConfNo] => 
    [PaymentTerm] => 
    [EncryptReceiptNo] => 
    [FinishDate] => 
    [ReceiptDate] => 
    [WebMoneyManagementNo] => 
    [WebMoneySettleCode] => 
    [AuPayInfoNo] => 
    [AuPayMethod] => 
    [AuCancelAmount] => 
    [AuCancelTax] => 
    [DocomoSettlementCode] => 
    [DocomoCancelAmount] => 
    [DocomoCancelTax] => 
    [pay_status] => 13
)
 from 210.175.7.20
2023/02/27 22:30:51 [/shop/user_data/pg_mulpay_recv.php] response:true from 210.175.7.20
