2024/05/05 12:39:18 [/shop/shopping/load_payment_module.php] SendRequest:https://p01.mul-pay.jp/payment/EntryTran.idPass from 174.198.9.119
2024/05/05 12:39:18 [/shop/shopping/load_payment_module.php] Array
(
    [ShopID] => 9000034600950
    [ShopPass] => ******
    [OrderID] => 957362-05123918
    [JobCd] => CAPTURE
    [Amount] => 2630
    [TdFlag] => 0
    [TdTenantName] => 
)
 from 174.198.9.119
2024/05/05 12:39:18 [/shop/shopping/load_payment_module.php] AccessID=9bb0b7b07f9e2bf7d285004e178c1ed7&AccessPass=d95735124199c6514506b75b8b46f8c7 from 174.198.9.119
2024/05/05 12:39:18 [/shop/shopping/load_payment_module.php] Array
(
    [0] => Array
        (
            [AccessID] => 9bb0b7b07f9e2bf7d285004e178c1ed7
            [AccessPass] => d95735124199c6514506b75b8b46f8c7
        )

)
 from 174.198.9.119
2024/05/05 12:39:18 [/shop/shopping/load_payment_module.php] load_payment_module.php set payment data:Array
(
    [AccessID] => 9bb0b7b07f9e2bf7d285004e178c1ed7
    [AccessPass] => d95735124199c6514506b75b8b46f8c7
    [OrderID] => 957362-05123918
    [Amount] => 2630
    [JobCd] => CAPTURE
    [action_status] => 1
    [pay_status] => 0
)
 from 174.198.9.119
2024/05/05 12:39:18 [/shop/shopping/load_payment_module.php] SendRequest:https://p01.mul-pay.jp/payment/ExecTran.idPass from 174.198.9.119
2024/05/05 12:39:18 [/shop/shopping/load_payment_module.php] Array
(
    [AccessID] => 9bb0b7b07f9e2bf7d285004e178c1ed7
    [AccessPass] => d95735124199c6514506b75b8b46f8c7
    [OrderID] => 957362-05123918
    [Method] => 1
    [Token] => dd5561987597038a9c9820df9d9923f43a5e0fb5e1c9952f71de2a263534f1b1
    [ClientField1] => 
    [ClientField2] => 
    [ClientField3] => EC-CUBE4.3.35
)
 from 174.198.9.119
2024/05/05 12:39:19 [/shop/shopping/load_payment_module.php] ACS=0&OrderID=957362-05123918&Forward=2959876&Method=1&PayTimes=&Approve=0765692&TranID=2405051239602257210134153077&TranDate=20240505123919&CheckString=0d47317bb826d001634816c9dcaa4871 from 174.198.9.119
2024/05/05 12:39:19 [/shop/shopping/load_payment_module.php] Array
(
    [0] => Array
        (
            [ACS] => 0
            [OrderID] => 957362-05123918
            [Forward] => 2959876
            [Method] => 1
            [PayTimes] => 
            [Approve] => 0765692
            [TranID] => 2405051239602257210134153077
            [TranDate] => 20240505123919
            [CheckString] => 0d47317bb826d001634816c9dcaa4871
        )

)
 from 174.198.9.119
2024/05/05 12:39:19 [/shop/shopping/load_payment_module.php] load_payment_module.php set payment data:Array
(
    [ACS] => 0
    [Forward] => 2959876
    [Method] => 1
    [PayTimes] => 
    [Approve] => 0765692
    [TranID] => 2405051239602257210134153077
    [TranDate] => 20240505123919
    [CheckString] => 0d47317bb826d001634816c9dcaa4871
    [Amount] => 2630
    [JobCd] => CAPTURE
    [action_status] => 3
    [pay_status] => 13
)
 from 174.198.9.119
2024/05/05 12:39:19 [/shop/user_data/pg_mulpay_recv.php] ******* receiveer data start ******* from 210.175.7.20
2024/05/05 12:39:19 [/shop/user_data/pg_mulpay_recv.php] Array
(
    [ShopID] => 9000034600950
    [ShopPass] => **********
    [AccessID] => 9bb0b7b07f9e2bf7d285004e178c1ed7
    [AccessPass] => ********************************
    [OrderID] => 957362-05123918
    [Status] => CAPTURE
    [JobCd] => CAPTURE
    [Amount] => 2630
    [Tax] => 0
    [Currency] => JPN
    [Forward] => 2959876
    [Method] => 1
    [PayTimes] => 
    [TranID] => 2405051239602257210134153077
    [Approve] => 0765692
    [TranDate] => 20240505123919
    [ErrCode] => 
    [ErrInfo] => 
    [PayType] => 0
)
 from 210.175.7.20
2024/05/05 12:39:19 [/shop/user_data/pg_mulpay_recv.php] ******* receiveer data end ******* from 210.175.7.20
2024/05/05 12:39:24 [/shop/user_data/pg_mulpay_recv.php] update order status:1 order_id=957362 from 210.175.7.20
2024/05/05 12:39:24 [/shop/user_data/pg_mulpay_recv.php] pg_mulpay_recv.php set payment data:Array
(
    [ShopID] => 9000034600950
    [AccessID] => 9bb0b7b07f9e2bf7d285004e178c1ed7
    [OrderID] => 957362-05123918
    [Status] => CAPTURE
    [JobCd] => CAPTURE
    [Amount] => 2630
    [Tax] => 0
    [Currency] => JPN
    [Forward] => 2959876
    [Method] => 1
    [PayTimes] => 
    [TranID] => 2405051239602257210134153077
    [Approve] => 0765692
    [TranDate] => 20240505123919
    [ErrCode] => 
    [ErrInfo] => 
    [PayType] => 0
    [CvsCode] => 
    [CvsConfNo] => 
    [CvsReceiptNo] => 
    [EdyReceiptNo] => 
    [EdyOrderNo] => 
    [SuicaReceiptNo] => 
    [SuicaOrderNo] => 
    [CustID] => 
    [BkCode] => 
    [ConfNo] => 
    [PaymentTerm] => 
    [EncryptReceiptNo] => 
    [FinishDate] => 
    [ReceiptDate] => 
    [WebMoneyManagementNo] => 
    [WebMoneySettleCode] => 
    [AuPayInfoNo] => 
    [AuPayMethod] => 
    [AuCancelAmount] => 
    [AuCancelTax] => 
    [DocomoSettlementCode] => 
    [DocomoCancelAmount] => 
    [DocomoCancelTax] => 
    [pay_status] => 13
)
 from 210.175.7.20
2024/05/05 12:39:24 [/shop/user_data/pg_mulpay_recv.php] response:true from 210.175.7.20
2024/05/05 14:10:21 [/shop/shopping/load_payment_module.php] SendRequest:https://p01.mul-pay.jp/payment/SearchMember.idPass from 133.159.116.208
2024/05/05 14:10:21 [/shop/shopping/load_payment_module.php] Array
(
    [SiteID] => mst0000007602
    [SitePass] => ******
    [MemberID] => 12720
)
 from 133.159.116.208
2024/05/05 14:10:21 [/shop/shopping/load_payment_module.php] ErrCode=E01&ErrInfo=E01390002 from 133.159.116.208
2024/05/05 14:10:21 [/shop/shopping/load_payment_module.php] Array
(
    [0] => Array
        (
            [ErrCode] => E01
            [ErrInfo] => E01390002
        )

)
 from 133.159.116.208
2024/05/05 14:10:21 [/shop/shopping/load_payment_module.php] SendRequest:https://p01.mul-pay.jp/payment/SearchCard.idPass from 133.159.116.208
2024/05/05 14:10:21 [/shop/shopping/load_payment_module.php] Array
(
    [SiteID] => mst0000007602
    [SitePass] => ******
    [MemberID] => 12720
)
 from 133.159.116.208
2024/05/05 14:10:21 [/shop/shopping/load_payment_module.php] ErrCode=E01|E01&ErrInfo=E01390002|E01240002 from 133.159.116.208
2024/05/05 14:10:21 [/shop/shopping/load_payment_module.php] Array
(
    [0] => Array
        (
            [ErrCode] => E01
            [ErrInfo] => E01390002
        )

    [1] => Array
        (
            [ErrCode] => E01
            [ErrInfo] => E01240002
        )

)
 from 133.159.116.208
2024/05/05 14:11:33 [/shop/shopping/load_payment_module.php] SendRequest:https://p01.mul-pay.jp/payment/SearchMember.idPass from 133.159.116.208
2024/05/05 14:11:33 [/shop/shopping/load_payment_module.php] Array
(
    [SiteID] => mst0000007602
    [SitePass] => ******
    [MemberID] => 12720
)
 from 133.159.116.208
2024/05/05 14:11:33 [/shop/shopping/load_payment_module.php] ErrCode=E01&ErrInfo=E01390002 from 133.159.116.208
2024/05/05 14:11:33 [/shop/shopping/load_payment_module.php] Array
(
    [0] => Array
        (
            [ErrCode] => E01
            [ErrInfo] => E01390002
        )

)
 from 133.159.116.208
2024/05/05 14:11:33 [/shop/shopping/load_payment_module.php] SendRequest:https://p01.mul-pay.jp/payment/SearchCard.idPass from 133.159.116.208
2024/05/05 14:11:33 [/shop/shopping/load_payment_module.php] Array
(
    [SiteID] => mst0000007602
    [SitePass] => ******
    [MemberID] => 12720
)
 from 133.159.116.208
2024/05/05 14:11:33 [/shop/shopping/load_payment_module.php] ErrCode=E01|E01&ErrInfo=E01390002|E01240002 from 133.159.116.208
2024/05/05 14:11:33 [/shop/shopping/load_payment_module.php] Array
(
    [0] => Array
        (
            [ErrCode] => E01
            [ErrInfo] => E01390002
        )

    [1] => Array
        (
            [ErrCode] => E01
            [ErrInfo] => E01240002
        )

)
 from 133.159.116.208
2024/05/05 14:11:33 [/shop/shopping/load_payment_module.php] SendRequest:https://p01.mul-pay.jp/payment/EntryTran.idPass from 133.159.116.208
2024/05/05 14:11:33 [/shop/shopping/load_payment_module.php] Array
(
    [ShopID] => 9000034600950
    [ShopPass] => ******
    [OrderID] => 957363-05141133
    [JobCd] => CAPTURE
    [Amount] => 15400
    [TdFlag] => 0
    [TdTenantName] => 
)
 from 133.159.116.208
2024/05/05 14:11:33 [/shop/shopping/load_payment_module.php] AccessID=067be1e036944f4bfd801f7a080a375a&AccessPass=6f46c87dd6e970c0d7d99649c9a1434e from 133.159.116.208
2024/05/05 14:11:33 [/shop/shopping/load_payment_module.php] Array
(
    [0] => Array
        (
            [AccessID] => 067be1e036944f4bfd801f7a080a375a
            [AccessPass] => 6f46c87dd6e970c0d7d99649c9a1434e
        )

)
 from 133.159.116.208
2024/05/05 14:11:33 [/shop/shopping/load_payment_module.php] load_payment_module.php set payment data:Array
(
    [AccessID] => 067be1e036944f4bfd801f7a080a375a
    [AccessPass] => 6f46c87dd6e970c0d7d99649c9a1434e
    [OrderID] => 957363-05141133
    [Amount] => 15400
    [JobCd] => CAPTURE
    [action_status] => 1
    [pay_status] => 0
)
 from 133.159.116.208
2024/05/05 14:11:33 [/shop/shopping/load_payment_module.php] SendRequest:https://p01.mul-pay.jp/payment/ExecTran.idPass from 133.159.116.208
2024/05/05 14:11:33 [/shop/shopping/load_payment_module.php] Array
(
    [AccessID] => 067be1e036944f4bfd801f7a080a375a
    [AccessPass] => 6f46c87dd6e970c0d7d99649c9a1434e
    [OrderID] => 957363-05141133
    [Method] => 1
    [Token] => 760475de5fbcb6078776e70d7dd8b3be16a0069efb4cccff6c33e82521221f0f
    [ClientField1] => 
    [ClientField2] => 
    [ClientField3] => EC-CUBE4.3.35
)
 from 133.159.116.208
2024/05/05 14:11:34 [/shop/shopping/load_payment_module.php] ErrCode=G12&ErrInfo=42G120000 from 133.159.116.208
2024/05/05 14:11:34 [/shop/shopping/load_payment_module.php] Array
(
    [0] => Array
        (
            [ErrCode] => G12
            [ErrInfo] => 42G120000
        )

)
 from 133.159.116.208
2024/05/05 14:11:34 [/shop/shopping/load_payment_module.php] load_payment_module.php set payment data:Array
(
    [request_error] => Array
        (
            [0] => このカードでは取引をする事が出来ません。 (G12-42G120000)
        )

    [Amount] => 15400
    [JobCd] => CAPTURE
    [action_status] => 3
)
 from 133.159.116.208
2024/05/05 14:11:34 [/shop/user_data/pg_mulpay_recv.php] ******* receiveer data start ******* from 210.175.7.20
2024/05/05 14:11:34 [/shop/user_data/pg_mulpay_recv.php] Array
(
    [ShopID] => 9000034600950
    [ShopPass] => **********
    [AccessID] => 067be1e036944f4bfd801f7a080a375a
    [AccessPass] => ********************************
    [OrderID] => 957363-05141133
    [Status] => UNPROCESSED
    [JobCd] => CAPTURE
    [Amount] => 15400
    [Tax] => 0
    [Currency] => JPN
    [Forward] => 2959876
    [Method] => 1
    [PayTimes] => 
    [TranID] => 2405051411602257210134183020
    [Approve] =>        
    [TranDate] => 20240505141134
    [ErrCode] => G12
    [ErrInfo] => 42G120000
    [PayType] => 0
)
 from 210.175.7.20
2024/05/05 14:11:34 [/shop/user_data/pg_mulpay_recv.php] ******* receiveer data end ******* from 210.175.7.20
2024/05/05 14:11:34 [/shop/user_data/pg_mulpay_recv.php] pg_mulpay_recv.php set payment data:Array
(
    [ShopID] => 9000034600950
    [AccessID] => 067be1e036944f4bfd801f7a080a375a
    [OrderID] => 957363-05141133
    [Status] => UNPROCESSED
    [JobCd] => CAPTURE
    [Amount] => 15400
    [Tax] => 0
    [Currency] => JPN
    [Forward] => 2959876
    [Method] => 1
    [PayTimes] => 
    [TranID] => 2405051411602257210134183020
    [Approve] => 
    [TranDate] => 20240505141134
    [ErrCode] => G12
    [ErrInfo] => 42G120000
    [PayType] => 0
    [CvsCode] => 
    [CvsConfNo] => 
    [CvsReceiptNo] => 
    [EdyReceiptNo] => 
    [EdyOrderNo] => 
    [SuicaReceiptNo] => 
    [SuicaOrderNo] => 
    [CustID] => 
    [BkCode] => 
    [ConfNo] => 
    [PaymentTerm] => 
    [EncryptReceiptNo] => 
    [FinishDate] => 
    [ReceiptDate] => 
    [WebMoneyManagementNo] => 
    [WebMoneySettleCode] => 
    [AuPayInfoNo] => 
    [AuPayMethod] => 
    [AuCancelAmount] => 
    [AuCancelTax] => 
    [DocomoSettlementCode] => 
    [DocomoCancelAmount] => 
    [DocomoCancelTax] => 
    [pay_status] => 0
)
 from 210.175.7.20
2024/05/05 14:11:34 [/shop/user_data/pg_mulpay_recv.php] response:true from 210.175.7.20
2024/05/05 14:12:33 [/shop/shopping/load_payment_module.php] SendRequest:https://p01.mul-pay.jp/payment/SearchMember.idPass from 133.159.116.208
2024/05/05 14:12:33 [/shop/shopping/load_payment_module.php] Array
(
    [SiteID] => mst0000007602
    [SitePass] => ******
    [MemberID] => 12720
)
 from 133.159.116.208
2024/05/05 14:12:33 [/shop/shopping/load_payment_module.php] ErrCode=E01&ErrInfo=E01390002 from 133.159.116.208
2024/05/05 14:12:33 [/shop/shopping/load_payment_module.php] Array
(
    [0] => Array
        (
            [ErrCode] => E01
            [ErrInfo] => E01390002
        )

)
 from 133.159.116.208
2024/05/05 14:12:33 [/shop/shopping/load_payment_module.php] SendRequest:https://p01.mul-pay.jp/payment/SearchCard.idPass from 133.159.116.208
2024/05/05 14:12:33 [/shop/shopping/load_payment_module.php] Array
(
    [SiteID] => mst0000007602
    [SitePass] => ******
    [MemberID] => 12720
)
 from 133.159.116.208
2024/05/05 14:12:33 [/shop/shopping/load_payment_module.php] ErrCode=E01|E01&ErrInfo=E01390002|E01240002 from 133.159.116.208
2024/05/05 14:12:33 [/shop/shopping/load_payment_module.php] Array
(
    [0] => Array
        (
            [ErrCode] => E01
            [ErrInfo] => E01390002
        )

    [1] => Array
        (
            [ErrCode] => E01
            [ErrInfo] => E01240002
        )

)
 from 133.159.116.208
2024/05/05 14:12:33 [/shop/shopping/load_payment_module.php] SendRequest:https://p01.mul-pay.jp/payment/ExecTran.idPass from 133.159.116.208
2024/05/05 14:12:33 [/shop/shopping/load_payment_module.php] Array
(
    [AccessID] => 067be1e036944f4bfd801f7a080a375a
    [AccessPass] => 6f46c87dd6e970c0d7d99649c9a1434e
    [OrderID] => 957363-05141133
    [Method] => 1
    [PayTimes] => 
    [Token] => 69ce840ad89fef8343b6d70eb3cc70d9e3c43f3e8e29209fbaa68c5fce39f23f
    [ClientField1] => 
    [ClientField2] => 
    [ClientField3] => EC-CUBE4.3.35
)
 from 133.159.116.208
2024/05/05 14:12:33 [/shop/shopping/load_payment_module.php] ErrCode=G12&ErrInfo=42G120000 from 133.159.116.208
2024/05/05 14:12:33 [/shop/shopping/load_payment_module.php] Array
(
    [0] => Array
        (
            [ErrCode] => G12
            [ErrInfo] => 42G120000
        )

)
 from 133.159.116.208
2024/05/05 14:12:33 [/shop/shopping/load_payment_module.php] load_payment_module.php set payment data:Array
(
    [request_error] => Array
        (
            [0] => このカードでは取引をする事が出来ません。 (G12-42G120000)
        )

    [Amount] => 15400
    [JobCd] => CAPTURE
    [action_status] => 3
)
 from 133.159.116.208
2024/05/05 14:12:34 [/shop/user_data/pg_mulpay_recv.php] ******* receiveer data start ******* from 210.175.7.20
2024/05/05 14:12:34 [/shop/user_data/pg_mulpay_recv.php] Array
(
    [ShopID] => 9000034600950
    [ShopPass] => **********
    [AccessID] => 067be1e036944f4bfd801f7a080a375a
    [AccessPass] => ********************************
    [OrderID] => 957363-05141133
    [Status] => UNPROCESSED
    [JobCd] => CAPTURE
    [Amount] => 15400
    [Tax] => 0
    [Currency] => JPN
    [Forward] => 2959876
    [Method] => 1
    [PayTimes] => 
    [TranID] => 2405051412602257210134153078
    [Approve] =>        
    [TranDate] => 20240505141233
    [ErrCode] => G12
    [ErrInfo] => 42G120000
    [PayType] => 0
)
 from 210.175.7.20
2024/05/05 14:12:34 [/shop/user_data/pg_mulpay_recv.php] ******* receiveer data end ******* from 210.175.7.20
2024/05/05 14:12:34 [/shop/user_data/pg_mulpay_recv.php] pg_mulpay_recv.php set payment data:Array
(
    [ShopID] => 9000034600950
    [AccessID] => 067be1e036944f4bfd801f7a080a375a
    [OrderID] => 957363-05141133
    [Status] => UNPROCESSED
    [JobCd] => CAPTURE
    [Amount] => 15400
    [Tax] => 0
    [Currency] => JPN
    [Forward] => 2959876
    [Method] => 1
    [PayTimes] => 
    [TranID] => 2405051412602257210134153078
    [Approve] => 
    [TranDate] => 20240505141233
    [ErrCode] => G12
    [ErrInfo] => 42G120000
    [PayType] => 0
    [CvsCode] => 
    [CvsConfNo] => 
    [CvsReceiptNo] => 
    [EdyReceiptNo] => 
    [EdyOrderNo] => 
    [SuicaReceiptNo] => 
    [SuicaOrderNo] => 
    [CustID] => 
    [BkCode] => 
    [ConfNo] => 
    [PaymentTerm] => 
    [EncryptReceiptNo] => 
    [FinishDate] => 
    [ReceiptDate] => 
    [WebMoneyManagementNo] => 
    [WebMoneySettleCode] => 
    [AuPayInfoNo] => 
    [AuPayMethod] => 
    [AuCancelAmount] => 
    [AuCancelTax] => 
    [DocomoSettlementCode] => 
    [DocomoCancelAmount] => 
    [DocomoCancelTax] => 
    [pay_status] => 0
)
 from 210.175.7.20
2024/05/05 14:12:34 [/shop/user_data/pg_mulpay_recv.php] response:true from 210.175.7.20
2024/05/05 14:26:36 [/shop/shopping/load_payment_module.php] SendRequest:https://p01.mul-pay.jp/payment/SearchMember.idPass from 73.15.130.180
2024/05/05 14:26:36 [/shop/shopping/load_payment_module.php] Array
(
    [SiteID] => mst0000007602
    [SitePass] => ******
    [MemberID] => 10073
)
 from 73.15.130.180
2024/05/05 14:26:36 [/shop/shopping/load_payment_module.php] ErrCode=E01&ErrInfo=E01390002 from 73.15.130.180
2024/05/05 14:26:36 [/shop/shopping/load_payment_module.php] Array
(
    [0] => Array
        (
            [ErrCode] => E01
            [ErrInfo] => E01390002
        )

)
 from 73.15.130.180
2024/05/05 14:26:36 [/shop/shopping/load_payment_module.php] SendRequest:https://p01.mul-pay.jp/payment/SearchCard.idPass from 73.15.130.180
2024/05/05 14:26:36 [/shop/shopping/load_payment_module.php] Array
(
    [SiteID] => mst0000007602
    [SitePass] => ******
    [MemberID] => 10073
)
 from 73.15.130.180
2024/05/05 14:26:36 [/shop/shopping/load_payment_module.php] ErrCode=E01|E01&ErrInfo=E01390002|E01240002 from 73.15.130.180
2024/05/05 14:26:36 [/shop/shopping/load_payment_module.php] Array
(
    [0] => Array
        (
            [ErrCode] => E01
            [ErrInfo] => E01390002
        )

    [1] => Array
        (
            [ErrCode] => E01
            [ErrInfo] => E01240002
        )

)
 from 73.15.130.180
2024/05/05 14:27:25 [/shop/shopping/load_payment_module.php] SendRequest:https://p01.mul-pay.jp/payment/SearchMember.idPass from 73.15.130.180
2024/05/05 14:27:25 [/shop/shopping/load_payment_module.php] Array
(
    [SiteID] => mst0000007602
    [SitePass] => ******
    [MemberID] => 10073
)
 from 73.15.130.180
2024/05/05 14:27:25 [/shop/shopping/load_payment_module.php] ErrCode=E01&ErrInfo=E01390002 from 73.15.130.180
2024/05/05 14:27:25 [/shop/shopping/load_payment_module.php] Array
(
    [0] => Array
        (
            [ErrCode] => E01
            [ErrInfo] => E01390002
        )

)
 from 73.15.130.180
2024/05/05 14:27:25 [/shop/shopping/load_payment_module.php] SendRequest:https://p01.mul-pay.jp/payment/SearchCard.idPass from 73.15.130.180
2024/05/05 14:27:25 [/shop/shopping/load_payment_module.php] Array
(
    [SiteID] => mst0000007602
    [SitePass] => ******
    [MemberID] => 10073
)
 from 73.15.130.180
2024/05/05 14:27:25 [/shop/shopping/load_payment_module.php] ErrCode=E01|E01&ErrInfo=E01390002|E01240002 from 73.15.130.180
2024/05/05 14:27:25 [/shop/shopping/load_payment_module.php] Array
(
    [0] => Array
        (
            [ErrCode] => E01
            [ErrInfo] => E01390002
        )

    [1] => Array
        (
            [ErrCode] => E01
            [ErrInfo] => E01240002
        )

)
 from 73.15.130.180
2024/05/05 14:27:25 [/shop/shopping/load_payment_module.php] SendRequest:https://p01.mul-pay.jp/payment/EntryTran.idPass from 73.15.130.180
2024/05/05 14:27:25 [/shop/shopping/load_payment_module.php] Array
(
    [ShopID] => 9000034600950
    [ShopPass] => ******
    [OrderID] => 957364-05142725
    [JobCd] => CAPTURE
    [Amount] => 6610
    [TdFlag] => 0
    [TdTenantName] => 
)
 from 73.15.130.180
2024/05/05 14:27:25 [/shop/shopping/load_payment_module.php] AccessID=ecec744f694c99876239a10aaf1cc798&AccessPass=5211c98ee8299b23d0d3f0009ba28919 from 73.15.130.180
2024/05/05 14:27:25 [/shop/shopping/load_payment_module.php] Array
(
    [0] => Array
        (
            [AccessID] => ecec744f694c99876239a10aaf1cc798
            [AccessPass] => 5211c98ee8299b23d0d3f0009ba28919
        )

)
 from 73.15.130.180
2024/05/05 14:27:25 [/shop/shopping/load_payment_module.php] load_payment_module.php set payment data:Array
(
    [AccessID] => ecec744f694c99876239a10aaf1cc798
    [AccessPass] => 5211c98ee8299b23d0d3f0009ba28919
    [OrderID] => 957364-05142725
    [Amount] => 6610
    [JobCd] => CAPTURE
    [action_status] => 1
    [pay_status] => 0
)
 from 73.15.130.180
2024/05/05 14:27:25 [/shop/shopping/load_payment_module.php] SendRequest:https://p01.mul-pay.jp/payment/ExecTran.idPass from 73.15.130.180
2024/05/05 14:27:25 [/shop/shopping/load_payment_module.php] Array
(
    [AccessID] => ecec744f694c99876239a10aaf1cc798
    [AccessPass] => 5211c98ee8299b23d0d3f0009ba28919
    [OrderID] => 957364-05142725
    [Method] => 1
    [Token] => a5e3197609989805235e892152174023cb19f183aa50151f7a93cffbc54cb416
    [ClientField1] => 
    [ClientField2] => 
    [ClientField3] => EC-CUBE4.3.35
)
 from 73.15.130.180
2024/05/05 14:27:26 [/shop/shopping/load_payment_module.php] ACS=0&OrderID=957364-05142725&Forward=2a99661&Method=1&PayTimes=&Approve=0240481&TranID=2405051427602257210134172974&TranDate=20240505142726&CheckString=c87f4e308edc4ea9ed96ffd57abc013e from 73.15.130.180
2024/05/05 14:27:26 [/shop/shopping/load_payment_module.php] Array
(
    [0] => Array
        (
            [ACS] => 0
            [OrderID] => 957364-05142725
            [Forward] => 2a99661
            [Method] => 1
            [PayTimes] => 
            [Approve] => 0240481
            [TranID] => 2405051427602257210134172974
            [TranDate] => 20240505142726
            [CheckString] => c87f4e308edc4ea9ed96ffd57abc013e
        )

)
 from 73.15.130.180
2024/05/05 14:27:26 [/shop/shopping/load_payment_module.php] load_payment_module.php set payment data:Array
(
    [ACS] => 0
    [Forward] => 2a99661
    [Method] => 1
    [PayTimes] => 
    [Approve] => 0240481
    [TranID] => 2405051427602257210134172974
    [TranDate] => 20240505142726
    [CheckString] => c87f4e308edc4ea9ed96ffd57abc013e
    [Amount] => 6610
    [JobCd] => CAPTURE
    [action_status] => 3
    [pay_status] => 13
)
 from 73.15.130.180
2024/05/05 14:27:27 [/shop/user_data/pg_mulpay_recv.php] ******* receiveer data start ******* from 210.175.7.20
2024/05/05 14:27:27 [/shop/user_data/pg_mulpay_recv.php] Array
(
    [ShopID] => 9000034600950
    [ShopPass] => **********
    [AccessID] => ecec744f694c99876239a10aaf1cc798
    [AccessPass] => ********************************
    [OrderID] => 957364-05142725
    [Status] => CAPTURE
    [JobCd] => CAPTURE
    [Amount] => 6610
    [Tax] => 0
    [Currency] => JPN
    [Forward] => 2a99661
    [Method] => 1
    [PayTimes] => 
    [TranID] => 2405051427602257210134172974
    [Approve] => 0240481
    [TranDate] => 20240505142726
    [ErrCode] => 
    [ErrInfo] => 
    [PayType] => 0
)
 from 210.175.7.20
2024/05/05 14:27:27 [/shop/user_data/pg_mulpay_recv.php] ******* receiveer data end ******* from 210.175.7.20
2024/05/05 14:27:32 [/shop/user_data/pg_mulpay_recv.php] update order status:1 order_id=957364 from 210.175.7.20
2024/05/05 14:27:32 [/shop/user_data/pg_mulpay_recv.php] pg_mulpay_recv.php set payment data:Array
(
    [ShopID] => 9000034600950
    [AccessID] => ecec744f694c99876239a10aaf1cc798
    [OrderID] => 957364-05142725
    [Status] => CAPTURE
    [JobCd] => CAPTURE
    [Amount] => 6610
    [Tax] => 0
    [Currency] => JPN
    [Forward] => 2a99661
    [Method] => 1
    [PayTimes] => 
    [TranID] => 2405051427602257210134172974
    [Approve] => 0240481
    [TranDate] => 20240505142726
    [ErrCode] => 
    [ErrInfo] => 
    [PayType] => 0
    [CvsCode] => 
    [CvsConfNo] => 
    [CvsReceiptNo] => 
    [EdyReceiptNo] => 
    [EdyOrderNo] => 
    [SuicaReceiptNo] => 
    [SuicaOrderNo] => 
    [CustID] => 
    [BkCode] => 
    [ConfNo] => 
    [PaymentTerm] => 
    [EncryptReceiptNo] => 
    [FinishDate] => 
    [ReceiptDate] => 
    [WebMoneyManagementNo] => 
    [WebMoneySettleCode] => 
    [AuPayInfoNo] => 
    [AuPayMethod] => 
    [AuCancelAmount] => 
    [AuCancelTax] => 
    [DocomoSettlementCode] => 
    [DocomoCancelAmount] => 
    [DocomoCancelTax] => 
    [pay_status] => 13
)
 from 210.175.7.20
2024/05/05 14:27:32 [/shop/user_data/pg_mulpay_recv.php] response:true from 210.175.7.20
2024/05/05 14:36:16 [/shop/shopping/load_payment_module.php] SendRequest:https://p01.mul-pay.jp/payment/SearchMember.idPass from 133.159.116.208
2024/05/05 14:36:16 [/shop/shopping/load_payment_module.php] Array
(
    [SiteID] => mst0000007602
    [SitePass] => ******
    [MemberID] => 12720
)
 from 133.159.116.208
2024/05/05 14:36:16 [/shop/shopping/load_payment_module.php] ErrCode=E01&ErrInfo=E01390002 from 133.159.116.208
2024/05/05 14:36:16 [/shop/shopping/load_payment_module.php] Array
(
    [0] => Array
        (
            [ErrCode] => E01
            [ErrInfo] => E01390002
        )

)
 from 133.159.116.208
2024/05/05 14:36:16 [/shop/shopping/load_payment_module.php] SendRequest:https://p01.mul-pay.jp/payment/SearchCard.idPass from 133.159.116.208
2024/05/05 14:36:16 [/shop/shopping/load_payment_module.php] Array
(
    [SiteID] => mst0000007602
    [SitePass] => ******
    [MemberID] => 12720
)
 from 133.159.116.208
2024/05/05 14:36:16 [/shop/shopping/load_payment_module.php] ErrCode=E01|E01&ErrInfo=E01390002|E01240002 from 133.159.116.208
2024/05/05 14:36:16 [/shop/shopping/load_payment_module.php] Array
(
    [0] => Array
        (
            [ErrCode] => E01
            [ErrInfo] => E01390002
        )

    [1] => Array
        (
            [ErrCode] => E01
            [ErrInfo] => E01240002
        )

)
 from 133.159.116.208
2024/05/05 14:37:10 [/shop/shopping/load_payment_module.php] SendRequest:https://p01.mul-pay.jp/payment/SearchMember.idPass from 133.159.116.208
2024/05/05 14:37:10 [/shop/shopping/load_payment_module.php] Array
(
    [SiteID] => mst0000007602
    [SitePass] => ******
    [MemberID] => 12720
)
 from 133.159.116.208
2024/05/05 14:37:10 [/shop/shopping/load_payment_module.php] ErrCode=E01&ErrInfo=E01390002 from 133.159.116.208
2024/05/05 14:37:10 [/shop/shopping/load_payment_module.php] Array
(
    [0] => Array
        (
            [ErrCode] => E01
            [ErrInfo] => E01390002
        )

)
 from 133.159.116.208
2024/05/05 14:37:10 [/shop/shopping/load_payment_module.php] SendRequest:https://p01.mul-pay.jp/payment/SearchCard.idPass from 133.159.116.208
2024/05/05 14:37:10 [/shop/shopping/load_payment_module.php] Array
(
    [SiteID] => mst0000007602
    [SitePass] => ******
    [MemberID] => 12720
)
 from 133.159.116.208
2024/05/05 14:37:10 [/shop/shopping/load_payment_module.php] ErrCode=E01|E01&ErrInfo=E01390002|E01240002 from 133.159.116.208
2024/05/05 14:37:10 [/shop/shopping/load_payment_module.php] Array
(
    [0] => Array
        (
            [ErrCode] => E01
            [ErrInfo] => E01390002
        )

    [1] => Array
        (
            [ErrCode] => E01
            [ErrInfo] => E01240002
        )

)
 from 133.159.116.208
2024/05/05 14:37:10 [/shop/shopping/load_payment_module.php] SendRequest:https://p01.mul-pay.jp/payment/EntryTran.idPass from 133.159.116.208
2024/05/05 14:37:10 [/shop/shopping/load_payment_module.php] Array
(
    [ShopID] => 9000034600950
    [ShopPass] => ******
    [OrderID] => 957365-05143710
    [JobCd] => CAPTURE
    [Amount] => 15400
    [TdFlag] => 0
    [TdTenantName] => 
)
 from 133.159.116.208
2024/05/05 14:37:10 [/shop/shopping/load_payment_module.php] AccessID=e3228bf2e6d265f4a13816c3e1841ca2&AccessPass=db0a37ab67a281e633f05a5127a26432 from 133.159.116.208
2024/05/05 14:37:10 [/shop/shopping/load_payment_module.php] Array
(
    [0] => Array
        (
            [AccessID] => e3228bf2e6d265f4a13816c3e1841ca2
            [AccessPass] => db0a37ab67a281e633f05a5127a26432
        )

)
 from 133.159.116.208
2024/05/05 14:37:10 [/shop/shopping/load_payment_module.php] load_payment_module.php set payment data:Array
(
    [AccessID] => e3228bf2e6d265f4a13816c3e1841ca2
    [AccessPass] => db0a37ab67a281e633f05a5127a26432
    [OrderID] => 957365-05143710
    [Amount] => 15400
    [JobCd] => CAPTURE
    [action_status] => 1
    [pay_status] => 0
)
 from 133.159.116.208
2024/05/05 14:37:10 [/shop/shopping/load_payment_module.php] SendRequest:https://p01.mul-pay.jp/payment/ExecTran.idPass from 133.159.116.208
2024/05/05 14:37:10 [/shop/shopping/load_payment_module.php] Array
(
    [AccessID] => e3228bf2e6d265f4a13816c3e1841ca2
    [AccessPass] => db0a37ab67a281e633f05a5127a26432
    [OrderID] => 957365-05143710
    [Method] => 1
    [Token] => a0372945a60eaa07831b715c9cf8da0131c40707863171bed4574315718b24bc
    [ClientField1] => 
    [ClientField2] => 
    [ClientField3] => EC-CUBE4.3.35
)
 from 133.159.116.208
2024/05/05 14:37:11 [/shop/shopping/load_payment_module.php] ErrCode=G12&ErrInfo=42G120000 from 133.159.116.208
2024/05/05 14:37:11 [/shop/shopping/load_payment_module.php] Array
(
    [0] => Array
        (
            [ErrCode] => G12
            [ErrInfo] => 42G120000
        )

)
 from 133.159.116.208
2024/05/05 14:37:11 [/shop/shopping/load_payment_module.php] load_payment_module.php set payment data:Array
(
    [request_error] => Array
        (
            [0] => このカードでは取引をする事が出来ません。 (G12-42G120000)
        )

    [Amount] => 15400
    [JobCd] => CAPTURE
    [action_status] => 3
)
 from 133.159.116.208
2024/05/05 14:37:11 [/shop/user_data/pg_mulpay_recv.php] ******* receiveer data start ******* from 210.175.7.20
2024/05/05 14:37:11 [/shop/user_data/pg_mulpay_recv.php] Array
(
    [ShopID] => 9000034600950
    [ShopPass] => **********
    [AccessID] => e3228bf2e6d265f4a13816c3e1841ca2
    [AccessPass] => ********************************
    [OrderID] => 957365-05143710
    [Status] => UNPROCESSED
    [JobCd] => CAPTURE
    [Amount] => 15400
    [Tax] => 0
    [Currency] => JPN
    [Forward] => 2959876
    [Method] => 1
    [PayTimes] => 
    [TranID] => 2405051437602257210134163109
    [Approve] =>        
    [TranDate] => 20240505143711
    [ErrCode] => G12
    [ErrInfo] => 42G120000
    [PayType] => 0
)
 from 210.175.7.20
2024/05/05 14:37:11 [/shop/user_data/pg_mulpay_recv.php] ******* receiveer data end ******* from 210.175.7.20
2024/05/05 14:37:11 [/shop/user_data/pg_mulpay_recv.php] pg_mulpay_recv.php set payment data:Array
(
    [ShopID] => 9000034600950
    [AccessID] => e3228bf2e6d265f4a13816c3e1841ca2
    [OrderID] => 957365-05143710
    [Status] => UNPROCESSED
    [JobCd] => CAPTURE
    [Amount] => 15400
    [Tax] => 0
    [Currency] => JPN
    [Forward] => 2959876
    [Method] => 1
    [PayTimes] => 
    [TranID] => 2405051437602257210134163109
    [Approve] => 
    [TranDate] => 20240505143711
    [ErrCode] => G12
    [ErrInfo] => 42G120000
    [PayType] => 0
    [CvsCode] => 
    [CvsConfNo] => 
    [CvsReceiptNo] => 
    [EdyReceiptNo] => 
    [EdyOrderNo] => 
    [SuicaReceiptNo] => 
    [SuicaOrderNo] => 
    [CustID] => 
    [BkCode] => 
    [ConfNo] => 
    [PaymentTerm] => 
    [EncryptReceiptNo] => 
    [FinishDate] => 
    [ReceiptDate] => 
    [WebMoneyManagementNo] => 
    [WebMoneySettleCode] => 
    [AuPayInfoNo] => 
    [AuPayMethod] => 
    [AuCancelAmount] => 
    [AuCancelTax] => 
    [DocomoSettlementCode] => 
    [DocomoCancelAmount] => 
    [DocomoCancelTax] => 
    [pay_status] => 0
)
 from 210.175.7.20
2024/05/05 14:37:11 [/shop/user_data/pg_mulpay_recv.php] response:true from 210.175.7.20
2024/05/05 14:40:14 [/shop/shopping/load_payment_module.php] SendRequest:https://p01.mul-pay.jp/payment/SearchMember.idPass from 133.159.116.208
2024/05/05 14:40:14 [/shop/shopping/load_payment_module.php] Array
(
    [SiteID] => mst0000007602
    [SitePass] => ******
    [MemberID] => 12720
)
 from 133.159.116.208
2024/05/05 14:40:14 [/shop/shopping/load_payment_module.php] ErrCode=E01&ErrInfo=E01390002 from 133.159.116.208
2024/05/05 14:40:14 [/shop/shopping/load_payment_module.php] Array
(
    [0] => Array
        (
            [ErrCode] => E01
            [ErrInfo] => E01390002
        )

)
 from 133.159.116.208
2024/05/05 14:40:14 [/shop/shopping/load_payment_module.php] SendRequest:https://p01.mul-pay.jp/payment/SearchCard.idPass from 133.159.116.208
2024/05/05 14:40:14 [/shop/shopping/load_payment_module.php] Array
(
    [SiteID] => mst0000007602
    [SitePass] => ******
    [MemberID] => 12720
)
 from 133.159.116.208
2024/05/05 14:40:14 [/shop/shopping/load_payment_module.php] ErrCode=E01|E01&ErrInfo=E01390002|E01240002 from 133.159.116.208
2024/05/05 14:40:14 [/shop/shopping/load_payment_module.php] Array
(
    [0] => Array
        (
            [ErrCode] => E01
            [ErrInfo] => E01390002
        )

    [1] => Array
        (
            [ErrCode] => E01
            [ErrInfo] => E01240002
        )

)
 from 133.159.116.208
2024/05/05 14:41:02 [/shop/shopping/load_payment_module.php] SendRequest:https://p01.mul-pay.jp/payment/SearchMember.idPass from 133.159.116.208
2024/05/05 14:41:02 [/shop/shopping/load_payment_module.php] Array
(
    [SiteID] => mst0000007602
    [SitePass] => ******
    [MemberID] => 12720
)
 from 133.159.116.208
2024/05/05 14:41:02 [/shop/shopping/load_payment_module.php] ErrCode=E01&ErrInfo=E01390002 from 133.159.116.208
2024/05/05 14:41:02 [/shop/shopping/load_payment_module.php] Array
(
    [0] => Array
        (
            [ErrCode] => E01
            [ErrInfo] => E01390002
        )

)
 from 133.159.116.208
2024/05/05 14:41:02 [/shop/shopping/load_payment_module.php] SendRequest:https://p01.mul-pay.jp/payment/SearchCard.idPass from 133.159.116.208
2024/05/05 14:41:02 [/shop/shopping/load_payment_module.php] Array
(
    [SiteID] => mst0000007602
    [SitePass] => ******
    [MemberID] => 12720
)
 from 133.159.116.208
2024/05/05 14:41:02 [/shop/shopping/load_payment_module.php] ErrCode=E01|E01&ErrInfo=E01390002|E01240002 from 133.159.116.208
2024/05/05 14:41:02 [/shop/shopping/load_payment_module.php] Array
(
    [0] => Array
        (
            [ErrCode] => E01
            [ErrInfo] => E01390002
        )

    [1] => Array
        (
            [ErrCode] => E01
            [ErrInfo] => E01240002
        )

)
 from 133.159.116.208
2024/05/05 14:41:02 [/shop/shopping/load_payment_module.php] SendRequest:https://p01.mul-pay.jp/payment/EntryTran.idPass from 133.159.116.208
2024/05/05 14:41:02 [/shop/shopping/load_payment_module.php] Array
(
    [ShopID] => 9000034600950
    [ShopPass] => ******
    [OrderID] => 957366-05144102
    [JobCd] => CAPTURE
    [Amount] => 15400
    [TdFlag] => 0
    [TdTenantName] => 
)
 from 133.159.116.208
2024/05/05 14:41:02 [/shop/shopping/load_payment_module.php] AccessID=dfae8b563285c5a1de6d3b8b61532e11&AccessPass=c687012e02740fd9ceea282552399021 from 133.159.116.208
2024/05/05 14:41:02 [/shop/shopping/load_payment_module.php] Array
(
    [0] => Array
        (
            [AccessID] => dfae8b563285c5a1de6d3b8b61532e11
            [AccessPass] => c687012e02740fd9ceea282552399021
        )

)
 from 133.159.116.208
2024/05/05 14:41:02 [/shop/shopping/load_payment_module.php] load_payment_module.php set payment data:Array
(
    [AccessID] => dfae8b563285c5a1de6d3b8b61532e11
    [AccessPass] => c687012e02740fd9ceea282552399021
    [OrderID] => 957366-05144102
    [Amount] => 15400
    [JobCd] => CAPTURE
    [action_status] => 1
    [pay_status] => 0
)
 from 133.159.116.208
2024/05/05 14:41:02 [/shop/shopping/load_payment_module.php] SendRequest:https://p01.mul-pay.jp/payment/ExecTran.idPass from 133.159.116.208
2024/05/05 14:41:02 [/shop/shopping/load_payment_module.php] Array
(
    [AccessID] => dfae8b563285c5a1de6d3b8b61532e11
    [AccessPass] => c687012e02740fd9ceea282552399021
    [OrderID] => 957366-05144102
    [Method] => 1
    [Token] => fb44d0649754cf81800552bc396aaa8b6070d42b0cd14c37f13d6016f9fb9eae
    [ClientField1] => 
    [ClientField2] => 
    [ClientField3] => EC-CUBE4.3.35
)
 from 133.159.116.208
2024/05/05 14:41:03 [/shop/shopping/load_payment_module.php] ErrCode=G12&ErrInfo=42G120000 from 133.159.116.208
2024/05/05 14:41:03 [/shop/shopping/load_payment_module.php] Array
(
    [0] => Array
        (
            [ErrCode] => G12
            [ErrInfo] => 42G120000
        )

)
 from 133.159.116.208
2024/05/05 14:41:03 [/shop/shopping/load_payment_module.php] load_payment_module.php set payment data:Array
(
    [request_error] => Array
        (
            [0] => このカードでは取引をする事が出来ません。 (G12-42G120000)
        )

    [Amount] => 15400
    [JobCd] => CAPTURE
    [action_status] => 3
)
 from 133.159.116.208
2024/05/05 14:41:03 [/shop/user_data/pg_mulpay_recv.php] ******* receiveer data start ******* from 210.175.7.20
2024/05/05 14:41:03 [/shop/user_data/pg_mulpay_recv.php] Array
(
    [ShopID] => 9000034600950
    [ShopPass] => **********
    [AccessID] => dfae8b563285c5a1de6d3b8b61532e11
    [AccessPass] => ********************************
    [OrderID] => 957366-05144102
    [Status] => UNPROCESSED
    [JobCd] => CAPTURE
    [Amount] => 15400
    [Tax] => 0
    [Currency] => JPN
    [Forward] => 2959876
    [Method] => 1
    [PayTimes] => 
    [TranID] => 2405051441602257210134153079
    [Approve] =>        
    [TranDate] => 20240505144103
    [ErrCode] => G12
    [ErrInfo] => 42G120000
    [PayType] => 0
)
 from 210.175.7.20
2024/05/05 14:41:03 [/shop/user_data/pg_mulpay_recv.php] ******* receiveer data end ******* from 210.175.7.20
2024/05/05 14:41:03 [/shop/user_data/pg_mulpay_recv.php] pg_mulpay_recv.php set payment data:Array
(
    [ShopID] => 9000034600950
    [AccessID] => dfae8b563285c5a1de6d3b8b61532e11
    [OrderID] => 957366-05144102
    [Status] => UNPROCESSED
    [JobCd] => CAPTURE
    [Amount] => 15400
    [Tax] => 0
    [Currency] => JPN
    [Forward] => 2959876
    [Method] => 1
    [PayTimes] => 
    [TranID] => 2405051441602257210134153079
    [Approve] => 
    [TranDate] => 20240505144103
    [ErrCode] => G12
    [ErrInfo] => 42G120000
    [PayType] => 0
    [CvsCode] => 
    [CvsConfNo] => 
    [CvsReceiptNo] => 
    [EdyReceiptNo] => 
    [EdyOrderNo] => 
    [SuicaReceiptNo] => 
    [SuicaOrderNo] => 
    [CustID] => 
    [BkCode] => 
    [ConfNo] => 
    [PaymentTerm] => 
    [EncryptReceiptNo] => 
    [FinishDate] => 
    [ReceiptDate] => 
    [WebMoneyManagementNo] => 
    [WebMoneySettleCode] => 
    [AuPayInfoNo] => 
    [AuPayMethod] => 
    [AuCancelAmount] => 
    [AuCancelTax] => 
    [DocomoSettlementCode] => 
    [DocomoCancelAmount] => 
    [DocomoCancelTax] => 
    [pay_status] => 0
)
 from 210.175.7.20
2024/05/05 14:41:03 [/shop/user_data/pg_mulpay_recv.php] response:true from 210.175.7.20
2024/05/05 14:42:27 [/shop/shopping/load_payment_module.php] SendRequest:https://p01.mul-pay.jp/payment/SearchMember.idPass from 133.159.116.208
2024/05/05 14:42:27 [/shop/shopping/load_payment_module.php] Array
(
    [SiteID] => mst0000007602
    [SitePass] => ******
    [MemberID] => 12720
)
 from 133.159.116.208
2024/05/05 14:42:27 [/shop/shopping/load_payment_module.php] ErrCode=E01&ErrInfo=E01390002 from 133.159.116.208
2024/05/05 14:42:27 [/shop/shopping/load_payment_module.php] Array
(
    [0] => Array
        (
            [ErrCode] => E01
            [ErrInfo] => E01390002
        )

)
 from 133.159.116.208
2024/05/05 14:42:27 [/shop/shopping/load_payment_module.php] SendRequest:https://p01.mul-pay.jp/payment/SearchCard.idPass from 133.159.116.208
2024/05/05 14:42:27 [/shop/shopping/load_payment_module.php] Array
(
    [SiteID] => mst0000007602
    [SitePass] => ******
    [MemberID] => 12720
)
 from 133.159.116.208
2024/05/05 14:42:27 [/shop/shopping/load_payment_module.php] ErrCode=E01|E01&ErrInfo=E01390002|E01240002 from 133.159.116.208
2024/05/05 14:42:27 [/shop/shopping/load_payment_module.php] Array
(
    [0] => Array
        (
            [ErrCode] => E01
            [ErrInfo] => E01390002
        )

    [1] => Array
        (
            [ErrCode] => E01
            [ErrInfo] => E01240002
        )

)
 from 133.159.116.208
2024/05/05 14:42:27 [/shop/shopping/load_payment_module.php] SendRequest:https://p01.mul-pay.jp/payment/ExecTran.idPass from 133.159.116.208
2024/05/05 14:42:27 [/shop/shopping/load_payment_module.php] Array
(
    [AccessID] => dfae8b563285c5a1de6d3b8b61532e11
    [AccessPass] => c687012e02740fd9ceea282552399021
    [OrderID] => 957366-05144102
    [Method] => 1
    [PayTimes] => 
    [Token] => 8c36e5e06759ea5d93030e87b131b8bc59621050931fa74cae0784bb54c1581c
    [ClientField1] => 
    [ClientField2] => 
    [ClientField3] => EC-CUBE4.3.35
)
 from 133.159.116.208
2024/05/05 14:42:28 [/shop/shopping/load_payment_module.php] ErrCode=G12&ErrInfo=42G120000 from 133.159.116.208
2024/05/05 14:42:28 [/shop/shopping/load_payment_module.php] Array
(
    [0] => Array
        (
            [ErrCode] => G12
            [ErrInfo] => 42G120000
        )

)
 from 133.159.116.208
2024/05/05 14:42:28 [/shop/shopping/load_payment_module.php] load_payment_module.php set payment data:Array
(
    [request_error] => Array
        (
            [0] => このカードでは取引をする事が出来ません。 (G12-42G120000)
        )

    [Amount] => 15400
    [JobCd] => CAPTURE
    [action_status] => 3
)
 from 133.159.116.208
2024/05/05 14:42:28 [/shop/user_data/pg_mulpay_recv.php] ******* receiveer data start ******* from 210.175.7.20
2024/05/05 14:42:28 [/shop/user_data/pg_mulpay_recv.php] Array
(
    [ShopID] => 9000034600950
    [ShopPass] => **********
    [AccessID] => dfae8b563285c5a1de6d3b8b61532e11
    [AccessPass] => ********************************
    [OrderID] => 957366-05144102
    [Status] => UNPROCESSED
    [JobCd] => CAPTURE
    [Amount] => 15400
    [Tax] => 0
    [Currency] => JPN
    [Forward] => 2959876
    [Method] => 1
    [PayTimes] => 
    [TranID] => 2405051442602257210134183021
    [Approve] =>        
    [TranDate] => 20240505144228
    [ErrCode] => G12
    [ErrInfo] => 42G120000
    [PayType] => 0
)
 from 210.175.7.20
2024/05/05 14:42:28 [/shop/user_data/pg_mulpay_recv.php] ******* receiveer data end ******* from 210.175.7.20
2024/05/05 14:42:28 [/shop/user_data/pg_mulpay_recv.php] pg_mulpay_recv.php set payment data:Array
(
    [ShopID] => 9000034600950
    [AccessID] => dfae8b563285c5a1de6d3b8b61532e11
    [OrderID] => 957366-05144102
    [Status] => UNPROCESSED
    [JobCd] => CAPTURE
    [Amount] => 15400
    [Tax] => 0
    [Currency] => JPN
    [Forward] => 2959876
    [Method] => 1
    [PayTimes] => 
    [TranID] => 2405051442602257210134183021
    [Approve] => 
    [TranDate] => 20240505144228
    [ErrCode] => G12
    [ErrInfo] => 42G120000
    [PayType] => 0
    [CvsCode] => 
    [CvsConfNo] => 
    [CvsReceiptNo] => 
    [EdyReceiptNo] => 
    [EdyOrderNo] => 
    [SuicaReceiptNo] => 
    [SuicaOrderNo] => 
    [CustID] => 
    [BkCode] => 
    [ConfNo] => 
    [PaymentTerm] => 
    [EncryptReceiptNo] => 
    [FinishDate] => 
    [ReceiptDate] => 
    [WebMoneyManagementNo] => 
    [WebMoneySettleCode] => 
    [AuPayInfoNo] => 
    [AuPayMethod] => 
    [AuCancelAmount] => 
    [AuCancelTax] => 
    [DocomoSettlementCode] => 
    [DocomoCancelAmount] => 
    [DocomoCancelTax] => 
    [pay_status] => 0
)
 from 210.175.7.20
2024/05/05 14:42:28 [/shop/user_data/pg_mulpay_recv.php] response:true from 210.175.7.20
2024/05/05 14:45:41 [/shop/shopping/load_payment_module.php] SendRequest:https://p01.mul-pay.jp/payment/SearchMember.idPass from 133.159.116.208
2024/05/05 14:45:41 [/shop/shopping/load_payment_module.php] Array
(
    [SiteID] => mst0000007602
    [SitePass] => ******
    [MemberID] => 12720
)
 from 133.159.116.208
2024/05/05 14:45:41 [/shop/shopping/load_payment_module.php] ErrCode=E01&ErrInfo=E01390002 from 133.159.116.208
2024/05/05 14:45:41 [/shop/shopping/load_payment_module.php] Array
(
    [0] => Array
        (
            [ErrCode] => E01
            [ErrInfo] => E01390002
        )

)
 from 133.159.116.208
2024/05/05 14:45:41 [/shop/shopping/load_payment_module.php] SendRequest:https://p01.mul-pay.jp/payment/SearchCard.idPass from 133.159.116.208
2024/05/05 14:45:41 [/shop/shopping/load_payment_module.php] Array
(
    [SiteID] => mst0000007602
    [SitePass] => ******
    [MemberID] => 12720
)
 from 133.159.116.208
2024/05/05 14:45:41 [/shop/shopping/load_payment_module.php] ErrCode=E01|E01&ErrInfo=E01390002|E01240002 from 133.159.116.208
2024/05/05 14:45:41 [/shop/shopping/load_payment_module.php] Array
(
    [0] => Array
        (
            [ErrCode] => E01
            [ErrInfo] => E01390002
        )

    [1] => Array
        (
            [ErrCode] => E01
            [ErrInfo] => E01240002
        )

)
 from 133.159.116.208
2024/05/05 14:45:41 [/shop/shopping/load_payment_module.php] SendRequest:https://p01.mul-pay.jp/payment/ExecTran.idPass from 133.159.116.208
2024/05/05 14:45:41 [/shop/shopping/load_payment_module.php] Array
(
    [AccessID] => dfae8b563285c5a1de6d3b8b61532e11
    [AccessPass] => c687012e02740fd9ceea282552399021
    [OrderID] => 957366-05144102
    [Method] => 1
    [PayTimes] => 
    [Token] => f299e0384a69e1c25252acab77a347dca9b648912c8d46123a0e7c222f540e82
    [ClientField1] => 
    [ClientField2] => 
    [ClientField3] => EC-CUBE4.3.35
)
 from 133.159.116.208
2024/05/05 14:45:42 [/shop/shopping/load_payment_module.php] ErrCode=G12&ErrInfo=42G120000 from 133.159.116.208
2024/05/05 14:45:42 [/shop/shopping/load_payment_module.php] Array
(
    [0] => Array
        (
            [ErrCode] => G12
            [ErrInfo] => 42G120000
        )

)
 from 133.159.116.208
2024/05/05 14:45:42 [/shop/shopping/load_payment_module.php] load_payment_module.php set payment data:Array
(
    [request_error] => Array
        (
            [0] => このカードでは取引をする事が出来ません。 (G12-42G120000)
        )

    [Amount] => 15400
    [JobCd] => CAPTURE
    [action_status] => 3
)
 from 133.159.116.208
2024/05/05 14:45:42 [/shop/user_data/pg_mulpay_recv.php] ******* receiveer data start ******* from 210.175.7.20
2024/05/05 14:45:42 [/shop/user_data/pg_mulpay_recv.php] Array
(
    [ShopID] => 9000034600950
    [ShopPass] => **********
    [AccessID] => dfae8b563285c5a1de6d3b8b61532e11
    [AccessPass] => ********************************
    [OrderID] => 957366-05144102
    [Status] => UNPROCESSED
    [JobCd] => CAPTURE
    [Amount] => 15400
    [Tax] => 0
    [Currency] => JPN
    [Forward] => 2959876
    [Method] => 1
    [PayTimes] => 
    [TranID] => 2405051445602257210134183022
    [Approve] =>        
    [TranDate] => 20240505144542
    [ErrCode] => G12
    [ErrInfo] => 42G120000
    [PayType] => 0
)
 from 210.175.7.20
2024/05/05 14:45:42 [/shop/user_data/pg_mulpay_recv.php] ******* receiveer data end ******* from 210.175.7.20
2024/05/05 14:45:42 [/shop/user_data/pg_mulpay_recv.php] pg_mulpay_recv.php set payment data:Array
(
    [ShopID] => 9000034600950
    [AccessID] => dfae8b563285c5a1de6d3b8b61532e11
    [OrderID] => 957366-05144102
    [Status] => UNPROCESSED
    [JobCd] => CAPTURE
    [Amount] => 15400
    [Tax] => 0
    [Currency] => JPN
    [Forward] => 2959876
    [Method] => 1
    [PayTimes] => 
    [TranID] => 2405051445602257210134183022
    [Approve] => 
    [TranDate] => 20240505144542
    [ErrCode] => G12
    [ErrInfo] => 42G120000
    [PayType] => 0
    [CvsCode] => 
    [CvsConfNo] => 
    [CvsReceiptNo] => 
    [EdyReceiptNo] => 
    [EdyOrderNo] => 
    [SuicaReceiptNo] => 
    [SuicaOrderNo] => 
    [CustID] => 
    [BkCode] => 
    [ConfNo] => 
    [PaymentTerm] => 
    [EncryptReceiptNo] => 
    [FinishDate] => 
    [ReceiptDate] => 
    [WebMoneyManagementNo] => 
    [WebMoneySettleCode] => 
    [AuPayInfoNo] => 
    [AuPayMethod] => 
    [AuCancelAmount] => 
    [AuCancelTax] => 
    [DocomoSettlementCode] => 
    [DocomoCancelAmount] => 
    [DocomoCancelTax] => 
    [pay_status] => 0
)
 from 210.175.7.20
2024/05/05 14:45:42 [/shop/user_data/pg_mulpay_recv.php] response:true from 210.175.7.20
2024/05/05 14:54:17 [/shop/shopping/load_payment_module.php] SendRequest:https://p01.mul-pay.jp/payment/SearchMember.idPass from 126.196.150.140
2024/05/05 14:54:17 [/shop/shopping/load_payment_module.php] Array
(
    [SiteID] => mst0000007602
    [SitePass] => ******
    [MemberID] => 7891
)
 from 126.196.150.140
2024/05/05 14:54:17 [/shop/shopping/load_payment_module.php] ErrCode=E01&ErrInfo=E01390002 from 126.196.150.140
2024/05/05 14:54:17 [/shop/shopping/load_payment_module.php] Array
(
    [0] => Array
        (
            [ErrCode] => E01
            [ErrInfo] => E01390002
        )

)
 from 126.196.150.140
2024/05/05 14:54:17 [/shop/shopping/load_payment_module.php] SendRequest:https://p01.mul-pay.jp/payment/SearchCard.idPass from 126.196.150.140
2024/05/05 14:54:17 [/shop/shopping/load_payment_module.php] Array
(
    [SiteID] => mst0000007602
    [SitePass] => ******
    [MemberID] => 7891
)
 from 126.196.150.140
2024/05/05 14:54:17 [/shop/shopping/load_payment_module.php] ErrCode=E01|E01&ErrInfo=E01390002|E01240002 from 126.196.150.140
2024/05/05 14:54:17 [/shop/shopping/load_payment_module.php] Array
(
    [0] => Array
        (
            [ErrCode] => E01
            [ErrInfo] => E01390002
        )

    [1] => Array
        (
            [ErrCode] => E01
            [ErrInfo] => E01240002
        )

)
 from 126.196.150.140
2024/05/05 14:56:37 [/shop/shopping/load_payment_module.php] SendRequest:https://p01.mul-pay.jp/payment/SearchMember.idPass from 126.196.150.140
2024/05/05 14:56:37 [/shop/shopping/load_payment_module.php] Array
(
    [SiteID] => mst0000007602
    [SitePass] => ******
    [MemberID] => 7891
)
 from 126.196.150.140
2024/05/05 14:56:37 [/shop/shopping/load_payment_module.php] ErrCode=E01&ErrInfo=E01390002 from 126.196.150.140
2024/05/05 14:56:37 [/shop/shopping/load_payment_module.php] Array
(
    [0] => Array
        (
            [ErrCode] => E01
            [ErrInfo] => E01390002
        )

)
 from 126.196.150.140
2024/05/05 14:56:37 [/shop/shopping/load_payment_module.php] SendRequest:https://p01.mul-pay.jp/payment/SearchCard.idPass from 126.196.150.140
2024/05/05 14:56:37 [/shop/shopping/load_payment_module.php] Array
(
    [SiteID] => mst0000007602
    [SitePass] => ******
    [MemberID] => 7891
)
 from 126.196.150.140
2024/05/05 14:56:37 [/shop/shopping/load_payment_module.php] ErrCode=E01|E01&ErrInfo=E01390002|E01240002 from 126.196.150.140
2024/05/05 14:56:37 [/shop/shopping/load_payment_module.php] Array
(
    [0] => Array
        (
            [ErrCode] => E01
            [ErrInfo] => E01390002
        )

    [1] => Array
        (
            [ErrCode] => E01
            [ErrInfo] => E01240002
        )

)
 from 126.196.150.140
2024/05/05 14:56:37 [/shop/shopping/load_payment_module.php] SendRequest:https://p01.mul-pay.jp/payment/EntryTran.idPass from 126.196.150.140
2024/05/05 14:56:37 [/shop/shopping/load_payment_module.php] Array
(
    [ShopID] => 9000034600950
    [ShopPass] => ******
    [OrderID] => 957367-05145637
    [JobCd] => CAPTURE
    [Amount] => 35370
    [TdFlag] => 0
    [TdTenantName] => 
)
 from 126.196.150.140
2024/05/05 14:56:37 [/shop/shopping/load_payment_module.php] AccessID=33849c524cdfa59546a9761776bb8777&AccessPass=b24f3775c6b6e4055433ffb830a15866 from 126.196.150.140
2024/05/05 14:56:37 [/shop/shopping/load_payment_module.php] Array
(
    [0] => Array
        (
            [AccessID] => 33849c524cdfa59546a9761776bb8777
            [AccessPass] => b24f3775c6b6e4055433ffb830a15866
        )

)
 from 126.196.150.140
2024/05/05 14:56:37 [/shop/shopping/load_payment_module.php] load_payment_module.php set payment data:Array
(
    [AccessID] => 33849c524cdfa59546a9761776bb8777
    [AccessPass] => b24f3775c6b6e4055433ffb830a15866
    [OrderID] => 957367-05145637
    [Amount] => 35370
    [JobCd] => CAPTURE
    [action_status] => 1
    [pay_status] => 0
)
 from 126.196.150.140
2024/05/05 14:56:37 [/shop/shopping/load_payment_module.php] SendRequest:https://p01.mul-pay.jp/payment/ExecTran.idPass from 126.196.150.140
2024/05/05 14:56:37 [/shop/shopping/load_payment_module.php] Array
(
    [AccessID] => 33849c524cdfa59546a9761776bb8777
    [AccessPass] => b24f3775c6b6e4055433ffb830a15866
    [OrderID] => 957367-05145637
    [Method] => 1
    [Token] => 01b907e449950fb6f5617a76d4d9771d5f6d9753a2b07a1df0e2ba803ca2c628
    [ClientField1] => 
    [ClientField2] => 
    [ClientField3] => EC-CUBE4.3.35
)
 from 126.196.150.140
2024/05/05 14:56:38 [/shop/shopping/load_payment_module.php] ACS=0&OrderID=957367-05145637&Forward=2S49631&Method=1&PayTimes=&Approve=0384645&TranID=2405051456602257210134183023&TranDate=20240505145638&CheckString=966029ab13322b23fea01d17a88dc77c from 126.196.150.140
2024/05/05 14:56:38 [/shop/shopping/load_payment_module.php] Array
(
    [0] => Array
        (
            [ACS] => 0
            [OrderID] => 957367-05145637
            [Forward] => 2S49631
            [Method] => 1
            [PayTimes] => 
            [Approve] => 0384645
            [TranID] => 2405051456602257210134183023
            [TranDate] => 20240505145638
            [CheckString] => 966029ab13322b23fea01d17a88dc77c
        )

)
 from 126.196.150.140
2024/05/05 14:56:38 [/shop/shopping/load_payment_module.php] load_payment_module.php set payment data:Array
(
    [ACS] => 0
    [Forward] => 2S49631
    [Method] => 1
    [PayTimes] => 
    [Approve] => 0384645
    [TranID] => 2405051456602257210134183023
    [TranDate] => 20240505145638
    [CheckString] => 966029ab13322b23fea01d17a88dc77c
    [Amount] => 35370
    [JobCd] => CAPTURE
    [action_status] => 3
    [pay_status] => 13
)
 from 126.196.150.140
2024/05/05 14:56:38 [/shop/user_data/pg_mulpay_recv.php] ******* receiveer data start ******* from 210.175.7.20
2024/05/05 14:56:38 [/shop/user_data/pg_mulpay_recv.php] Array
(
    [ShopID] => 9000034600950
    [ShopPass] => **********
    [AccessID] => 33849c524cdfa59546a9761776bb8777
    [AccessPass] => ********************************
    [OrderID] => 957367-05145637
    [Status] => CAPTURE
    [JobCd] => CAPTURE
    [Amount] => 35370
    [Tax] => 0
    [Currency] => JPN
    [Forward] => 2S49631
    [Method] => 1
    [PayTimes] => 
    [TranID] => 2405051456602257210134183023
    [Approve] => 0384645
    [TranDate] => 20240505145638
    [ErrCode] => 
    [ErrInfo] => 
    [PayType] => 0
)
 from 210.175.7.20
2024/05/05 14:56:38 [/shop/user_data/pg_mulpay_recv.php] ******* receiveer data end ******* from 210.175.7.20
2024/05/05 14:56:43 [/shop/user_data/pg_mulpay_recv.php] update order status:1 order_id=957367 from 210.175.7.20
2024/05/05 14:56:43 [/shop/user_data/pg_mulpay_recv.php] pg_mulpay_recv.php set payment data:Array
(
    [ShopID] => 9000034600950
    [AccessID] => 33849c524cdfa59546a9761776bb8777
    [OrderID] => 957367-05145637
    [Status] => CAPTURE
    [JobCd] => CAPTURE
    [Amount] => 35370
    [Tax] => 0
    [Currency] => JPN
    [Forward] => 2S49631
    [Method] => 1
    [PayTimes] => 
    [TranID] => 2405051456602257210134183023
    [Approve] => 0384645
    [TranDate] => 20240505145638
    [ErrCode] => 
    [ErrInfo] => 
    [PayType] => 0
    [CvsCode] => 
    [CvsConfNo] => 
    [CvsReceiptNo] => 
    [EdyReceiptNo] => 
    [EdyOrderNo] => 
    [SuicaReceiptNo] => 
    [SuicaOrderNo] => 
    [CustID] => 
    [BkCode] => 
    [ConfNo] => 
    [PaymentTerm] => 
    [EncryptReceiptNo] => 
    [FinishDate] => 
    [ReceiptDate] => 
    [WebMoneyManagementNo] => 
    [WebMoneySettleCode] => 
    [AuPayInfoNo] => 
    [AuPayMethod] => 
    [AuCancelAmount] => 
    [AuCancelTax] => 
    [DocomoSettlementCode] => 
    [DocomoCancelAmount] => 
    [DocomoCancelTax] => 
    [pay_status] => 13
)
 from 210.175.7.20
2024/05/05 14:56:43 [/shop/user_data/pg_mulpay_recv.php] response:true from 210.175.7.20
2024/05/05 15:10:46 [/shop/shopping/load_payment_module.php] SendRequest:https://p01.mul-pay.jp/payment/SearchMember.idPass from 180.56.221.123
2024/05/05 15:10:46 [/shop/shopping/load_payment_module.php] Array
(
    [SiteID] => mst0000007602
    [SitePass] => ******
    [MemberID] => 12720
)
 from 180.56.221.123
2024/05/05 15:10:46 [/shop/shopping/load_payment_module.php] ErrCode=E01&ErrInfo=E01390002 from 180.56.221.123
2024/05/05 15:10:46 [/shop/shopping/load_payment_module.php] Array
(
    [0] => Array
        (
            [ErrCode] => E01
            [ErrInfo] => E01390002
        )

)
 from 180.56.221.123
2024/05/05 15:10:46 [/shop/shopping/load_payment_module.php] SendRequest:https://p01.mul-pay.jp/payment/SearchCard.idPass from 180.56.221.123
2024/05/05 15:10:46 [/shop/shopping/load_payment_module.php] Array
(
    [SiteID] => mst0000007602
    [SitePass] => ******
    [MemberID] => 12720
)
 from 180.56.221.123
2024/05/05 15:10:46 [/shop/shopping/load_payment_module.php] ErrCode=E01|E01&ErrInfo=E01390002|E01240002 from 180.56.221.123
2024/05/05 15:10:46 [/shop/shopping/load_payment_module.php] Array
(
    [0] => Array
        (
            [ErrCode] => E01
            [ErrInfo] => E01390002
        )

    [1] => Array
        (
            [ErrCode] => E01
            [ErrInfo] => E01240002
        )

)
 from 180.56.221.123
2024/05/05 15:12:09 [/shop/shopping/load_payment_module.php] SendRequest:https://p01.mul-pay.jp/payment/SearchMember.idPass from 180.56.221.123
2024/05/05 15:12:09 [/shop/shopping/load_payment_module.php] Array
(
    [SiteID] => mst0000007602
    [SitePass] => ******
    [MemberID] => 12720
)
 from 180.56.221.123
2024/05/05 15:12:09 [/shop/shopping/load_payment_module.php] ErrCode=E01&ErrInfo=E01390002 from 180.56.221.123
2024/05/05 15:12:09 [/shop/shopping/load_payment_module.php] Array
(
    [0] => Array
        (
            [ErrCode] => E01
            [ErrInfo] => E01390002
        )

)
 from 180.56.221.123
2024/05/05 15:12:09 [/shop/shopping/load_payment_module.php] SendRequest:https://p01.mul-pay.jp/payment/SearchCard.idPass from 180.56.221.123
2024/05/05 15:12:09 [/shop/shopping/load_payment_module.php] Array
(
    [SiteID] => mst0000007602
    [SitePass] => ******
    [MemberID] => 12720
)
 from 180.56.221.123
2024/05/05 15:12:09 [/shop/shopping/load_payment_module.php] ErrCode=E01|E01&ErrInfo=E01390002|E01240002 from 180.56.221.123
2024/05/05 15:12:09 [/shop/shopping/load_payment_module.php] Array
(
    [0] => Array
        (
            [ErrCode] => E01
            [ErrInfo] => E01390002
        )

    [1] => Array
        (
            [ErrCode] => E01
            [ErrInfo] => E01240002
        )

)
 from 180.56.221.123
2024/05/05 15:12:46 [/shop/shopping/load_payment_module.php] SendRequest:https://p01.mul-pay.jp/payment/SearchMember.idPass from 180.56.221.123
2024/05/05 15:12:46 [/shop/shopping/load_payment_module.php] Array
(
    [SiteID] => mst0000007602
    [SitePass] => ******
    [MemberID] => 12720
)
 from 180.56.221.123
2024/05/05 15:12:46 [/shop/shopping/load_payment_module.php] ErrCode=E01&ErrInfo=E01390002 from 180.56.221.123
2024/05/05 15:12:46 [/shop/shopping/load_payment_module.php] Array
(
    [0] => Array
        (
            [ErrCode] => E01
            [ErrInfo] => E01390002
        )

)
 from 180.56.221.123
2024/05/05 15:12:46 [/shop/shopping/load_payment_module.php] SendRequest:https://p01.mul-pay.jp/payment/SearchCard.idPass from 180.56.221.123
2024/05/05 15:12:46 [/shop/shopping/load_payment_module.php] Array
(
    [SiteID] => mst0000007602
    [SitePass] => ******
    [MemberID] => 12720
)
 from 180.56.221.123
2024/05/05 15:12:46 [/shop/shopping/load_payment_module.php] ErrCode=E01|E01&ErrInfo=E01390002|E01240002 from 180.56.221.123
2024/05/05 15:12:46 [/shop/shopping/load_payment_module.php] Array
(
    [0] => Array
        (
            [ErrCode] => E01
            [ErrInfo] => E01390002
        )

    [1] => Array
        (
            [ErrCode] => E01
            [ErrInfo] => E01240002
        )

)
 from 180.56.221.123
2024/05/05 15:13:59 [/shop/shopping/load_payment_module.php] SendRequest:https://p01.mul-pay.jp/payment/SearchMember.idPass from 180.56.221.123
2024/05/05 15:13:59 [/shop/shopping/load_payment_module.php] Array
(
    [SiteID] => mst0000007602
    [SitePass] => ******
    [MemberID] => 12720
)
 from 180.56.221.123
2024/05/05 15:13:59 [/shop/shopping/load_payment_module.php] ErrCode=E01&ErrInfo=E01390002 from 180.56.221.123
2024/05/05 15:13:59 [/shop/shopping/load_payment_module.php] Array
(
    [0] => Array
        (
            [ErrCode] => E01
            [ErrInfo] => E01390002
        )

)
 from 180.56.221.123
2024/05/05 15:13:59 [/shop/shopping/load_payment_module.php] SendRequest:https://p01.mul-pay.jp/payment/SearchCard.idPass from 180.56.221.123
2024/05/05 15:13:59 [/shop/shopping/load_payment_module.php] Array
(
    [SiteID] => mst0000007602
    [SitePass] => ******
    [MemberID] => 12720
)
 from 180.56.221.123
2024/05/05 15:13:59 [/shop/shopping/load_payment_module.php] ErrCode=E01|E01&ErrInfo=E01390002|E01240002 from 180.56.221.123
2024/05/05 15:13:59 [/shop/shopping/load_payment_module.php] Array
(
    [0] => Array
        (
            [ErrCode] => E01
            [ErrInfo] => E01390002
        )

    [1] => Array
        (
            [ErrCode] => E01
            [ErrInfo] => E01240002
        )

)
 from 180.56.221.123
2024/05/05 15:17:21 [/shop/shopping/load_payment_module.php] SendRequest:https://p01.mul-pay.jp/payment/SearchMember.idPass from 180.56.221.123
2024/05/05 15:17:21 [/shop/shopping/load_payment_module.php] Array
(
    [SiteID] => mst0000007602
    [SitePass] => ******
    [MemberID] => 12720
)
 from 180.56.221.123
2024/05/05 15:17:21 [/shop/shopping/load_payment_module.php] ErrCode=E01&ErrInfo=E01390002 from 180.56.221.123
2024/05/05 15:17:21 [/shop/shopping/load_payment_module.php] Array
(
    [0] => Array
        (
            [ErrCode] => E01
            [ErrInfo] => E01390002
        )

)
 from 180.56.221.123
2024/05/05 15:17:21 [/shop/shopping/load_payment_module.php] SendRequest:https://p01.mul-pay.jp/payment/SearchCard.idPass from 180.56.221.123
2024/05/05 15:17:21 [/shop/shopping/load_payment_module.php] Array
(
    [SiteID] => mst0000007602
    [SitePass] => ******
    [MemberID] => 12720
)
 from 180.56.221.123
2024/05/05 15:17:21 [/shop/shopping/load_payment_module.php] ErrCode=E01|E01&ErrInfo=E01390002|E01240002 from 180.56.221.123
2024/05/05 15:17:21 [/shop/shopping/load_payment_module.php] Array
(
    [0] => Array
        (
            [ErrCode] => E01
            [ErrInfo] => E01390002
        )

    [1] => Array
        (
            [ErrCode] => E01
            [ErrInfo] => E01240002
        )

)
 from 180.56.221.123
2024/05/05 15:17:21 [/shop/shopping/load_payment_module.php] SendRequest:https://p01.mul-pay.jp/payment/EntryTran.idPass from 180.56.221.123
2024/05/05 15:17:21 [/shop/shopping/load_payment_module.php] Array
(
    [ShopID] => 9000034600950
    [ShopPass] => ******
    [OrderID] => 957369-05151721
    [JobCd] => CAPTURE
    [Amount] => 15400
    [TdFlag] => 0
    [TdTenantName] => 
)
 from 180.56.221.123
2024/05/05 15:17:21 [/shop/shopping/load_payment_module.php] AccessID=13d91773acfbeb97fc0d24da5c5798b7&AccessPass=4490e37d420ac5d336c7587a2f4c8a5a from 180.56.221.123
2024/05/05 15:17:21 [/shop/shopping/load_payment_module.php] Array
(
    [0] => Array
        (
            [AccessID] => 13d91773acfbeb97fc0d24da5c5798b7
            [AccessPass] => 4490e37d420ac5d336c7587a2f4c8a5a
        )

)
 from 180.56.221.123
2024/05/05 15:17:21 [/shop/shopping/load_payment_module.php] load_payment_module.php set payment data:Array
(
    [AccessID] => 13d91773acfbeb97fc0d24da5c5798b7
    [AccessPass] => 4490e37d420ac5d336c7587a2f4c8a5a
    [OrderID] => 957369-05151721
    [Amount] => 15400
    [JobCd] => CAPTURE
    [action_status] => 1
    [pay_status] => 0
)
 from 180.56.221.123
2024/05/05 15:17:21 [/shop/shopping/load_payment_module.php] SendRequest:https://p01.mul-pay.jp/payment/ExecTran.idPass from 180.56.221.123
2024/05/05 15:17:21 [/shop/shopping/load_payment_module.php] Array
(
    [AccessID] => 13d91773acfbeb97fc0d24da5c5798b7
    [AccessPass] => 4490e37d420ac5d336c7587a2f4c8a5a
    [OrderID] => 957369-05151721
    [Method] => 1
    [Token] => f5a048f2423e7c4c0f10aad8faaee2f6351347da7e91097f4fc10e3c106e593b
    [ClientField1] => 
    [ClientField2] => 
    [ClientField3] => EC-CUBE4.3.35
)
 from 180.56.221.123
2024/05/05 15:17:22 [/shop/shopping/load_payment_module.php] ErrCode=G12&ErrInfo=42G120000 from 180.56.221.123
2024/05/05 15:17:22 [/shop/shopping/load_payment_module.php] Array
(
    [0] => Array
        (
            [ErrCode] => G12
            [ErrInfo] => 42G120000
        )

)
 from 180.56.221.123
2024/05/05 15:17:22 [/shop/shopping/load_payment_module.php] load_payment_module.php set payment data:Array
(
    [request_error] => Array
        (
            [0] => このカードでは取引をする事が出来ません。 (G12-42G120000)
        )

    [Amount] => 15400
    [JobCd] => CAPTURE
    [action_status] => 3
)
 from 180.56.221.123
2024/05/05 15:17:22 [/shop/user_data/pg_mulpay_recv.php] ******* receiveer data start ******* from 210.175.7.20
2024/05/05 15:17:22 [/shop/user_data/pg_mulpay_recv.php] Array
(
    [ShopID] => 9000034600950
    [ShopPass] => **********
    [AccessID] => 13d91773acfbeb97fc0d24da5c5798b7
    [AccessPass] => ********************************
    [OrderID] => 957369-05151721
    [Status] => UNPROCESSED
    [JobCd] => CAPTURE
    [Amount] => 15400
    [Tax] => 0
    [Currency] => JPN
    [Forward] => 2959876
    [Method] => 1
    [PayTimes] => 
    [TranID] => 2405051517602257210134163110
    [Approve] =>        
    [TranDate] => 20240505151722
    [ErrCode] => G12
    [ErrInfo] => 42G120000
    [PayType] => 0
)
 from 210.175.7.20
2024/05/05 15:17:22 [/shop/user_data/pg_mulpay_recv.php] ******* receiveer data end ******* from 210.175.7.20
2024/05/05 15:17:22 [/shop/user_data/pg_mulpay_recv.php] pg_mulpay_recv.php set payment data:Array
(
    [ShopID] => 9000034600950
    [AccessID] => 13d91773acfbeb97fc0d24da5c5798b7
    [OrderID] => 957369-05151721
    [Status] => UNPROCESSED
    [JobCd] => CAPTURE
    [Amount] => 15400
    [Tax] => 0
    [Currency] => JPN
    [Forward] => 2959876
    [Method] => 1
    [PayTimes] => 
    [TranID] => 2405051517602257210134163110
    [Approve] => 
    [TranDate] => 20240505151722
    [ErrCode] => G12
    [ErrInfo] => 42G120000
    [PayType] => 0
    [CvsCode] => 
    [CvsConfNo] => 
    [CvsReceiptNo] => 
    [EdyReceiptNo] => 
    [EdyOrderNo] => 
    [SuicaReceiptNo] => 
    [SuicaOrderNo] => 
    [CustID] => 
    [BkCode] => 
    [ConfNo] => 
    [PaymentTerm] => 
    [EncryptReceiptNo] => 
    [FinishDate] => 
    [ReceiptDate] => 
    [WebMoneyManagementNo] => 
    [WebMoneySettleCode] => 
    [AuPayInfoNo] => 
    [AuPayMethod] => 
    [AuCancelAmount] => 
    [AuCancelTax] => 
    [DocomoSettlementCode] => 
    [DocomoCancelAmount] => 
    [DocomoCancelTax] => 
    [pay_status] => 0
)
 from 210.175.7.20
2024/05/05 15:17:22 [/shop/user_data/pg_mulpay_recv.php] response:true from 210.175.7.20
2024/05/05 15:21:27 [/shop/shopping/load_payment_module.php] SendRequest:https://p01.mul-pay.jp/payment/SearchMember.idPass from 180.56.221.123
2024/05/05 15:21:27 [/shop/shopping/load_payment_module.php] Array
(
    [SiteID] => mst0000007602
    [SitePass] => ******
    [MemberID] => 12720
)
 from 180.56.221.123
2024/05/05 15:21:27 [/shop/shopping/load_payment_module.php] ErrCode=E01&ErrInfo=E01390002 from 180.56.221.123
2024/05/05 15:21:27 [/shop/shopping/load_payment_module.php] Array
(
    [0] => Array
        (
            [ErrCode] => E01
            [ErrInfo] => E01390002
        )

)
 from 180.56.221.123
2024/05/05 15:21:27 [/shop/shopping/load_payment_module.php] SendRequest:https://p01.mul-pay.jp/payment/SearchCard.idPass from 180.56.221.123
2024/05/05 15:21:27 [/shop/shopping/load_payment_module.php] Array
(
    [SiteID] => mst0000007602
    [SitePass] => ******
    [MemberID] => 12720
)
 from 180.56.221.123
2024/05/05 15:21:27 [/shop/shopping/load_payment_module.php] ErrCode=E01|E01&ErrInfo=E01390002|E01240002 from 180.56.221.123
2024/05/05 15:21:27 [/shop/shopping/load_payment_module.php] Array
(
    [0] => Array
        (
            [ErrCode] => E01
            [ErrInfo] => E01390002
        )

    [1] => Array
        (
            [ErrCode] => E01
            [ErrInfo] => E01240002
        )

)
 from 180.56.221.123
2024/05/05 15:21:27 [/shop/shopping/load_payment_module.php] SendRequest:https://p01.mul-pay.jp/payment/ExecTran.idPass from 180.56.221.123
2024/05/05 15:21:27 [/shop/shopping/load_payment_module.php] Array
(
    [AccessID] => 13d91773acfbeb97fc0d24da5c5798b7
    [AccessPass] => 4490e37d420ac5d336c7587a2f4c8a5a
    [OrderID] => 957369-05151721
    [Method] => 1
    [PayTimes] => 
    [Token] => f5a048f2423e7c4c0f10aad8faaee2f6351347da7e91097f4fc10e3c106e593b
    [ClientField1] => 
    [ClientField2] => 
    [ClientField3] => EC-CUBE4.3.35
)
 from 180.56.221.123
2024/05/05 15:21:27 [/shop/shopping/load_payment_module.php] ErrCode=EX1&ErrInfo=EX1000302 from 180.56.221.123
2024/05/05 15:21:27 [/shop/shopping/load_payment_module.php] Array
(
    [0] => Array
        (
            [ErrCode] => EX1
            [ErrInfo] => EX1000302
        )

)
 from 180.56.221.123
2024/05/05 15:21:27 [/shop/shopping/load_payment_module.php] load_payment_module.php set payment data:Array
(
    [request_error] => Array
        (
            [0] => (EX1-EX1000302)
        )

    [Amount] => 15400
    [JobCd] => CAPTURE
    [action_status] => 3
)
 from 180.56.221.123
2024/05/05 15:22:00 [/shop/shopping/load_payment_module.php] SendRequest:https://p01.mul-pay.jp/payment/SearchMember.idPass from 180.56.221.123
2024/05/05 15:22:00 [/shop/shopping/load_payment_module.php] Array
(
    [SiteID] => mst0000007602
    [SitePass] => ******
    [MemberID] => 12720
)
 from 180.56.221.123
2024/05/05 15:22:00 [/shop/shopping/load_payment_module.php] ErrCode=E01&ErrInfo=E01390002 from 180.56.221.123
2024/05/05 15:22:00 [/shop/shopping/load_payment_module.php] Array
(
    [0] => Array
        (
            [ErrCode] => E01
            [ErrInfo] => E01390002
        )

)
 from 180.56.221.123
2024/05/05 15:22:00 [/shop/shopping/load_payment_module.php] SendRequest:https://p01.mul-pay.jp/payment/SearchCard.idPass from 180.56.221.123
2024/05/05 15:22:00 [/shop/shopping/load_payment_module.php] Array
(
    [SiteID] => mst0000007602
    [SitePass] => ******
    [MemberID] => 12720
)
 from 180.56.221.123
2024/05/05 15:22:00 [/shop/shopping/load_payment_module.php] ErrCode=E01|E01&ErrInfo=E01390002|E01240002 from 180.56.221.123
2024/05/05 15:22:00 [/shop/shopping/load_payment_module.php] Array
(
    [0] => Array
        (
            [ErrCode] => E01
            [ErrInfo] => E01390002
        )

    [1] => Array
        (
            [ErrCode] => E01
            [ErrInfo] => E01240002
        )

)
 from 180.56.221.123
2024/05/05 15:22:00 [/shop/shopping/load_payment_module.php] SendRequest:https://p01.mul-pay.jp/payment/ExecTran.idPass from 180.56.221.123
2024/05/05 15:22:00 [/shop/shopping/load_payment_module.php] Array
(
    [AccessID] => 13d91773acfbeb97fc0d24da5c5798b7
    [AccessPass] => 4490e37d420ac5d336c7587a2f4c8a5a
    [OrderID] => 957369-05151721
    [Method] => 1
    [PayTimes] => 
    [Token] => 5e8fe7d168d30efcb5a1bb7a37d82aa71bda3774fbaeee058fdbfe09375d62a7
    [ClientField1] => 
    [ClientField2] => 
    [ClientField3] => EC-CUBE4.3.35
)
 from 180.56.221.123
2024/05/05 15:22:00 [/shop/shopping/load_payment_module.php] ErrCode=G12&ErrInfo=42G120000 from 180.56.221.123
2024/05/05 15:22:00 [/shop/shopping/load_payment_module.php] Array
(
    [0] => Array
        (
            [ErrCode] => G12
            [ErrInfo] => 42G120000
        )

)
 from 180.56.221.123
2024/05/05 15:22:00 [/shop/shopping/load_payment_module.php] load_payment_module.php set payment data:Array
(
    [request_error] => Array
        (
            [0] => このカードでは取引をする事が出来ません。 (G12-42G120000)
        )

    [Amount] => 15400
    [JobCd] => CAPTURE
    [action_status] => 3
)
 from 180.56.221.123
2024/05/05 15:22:01 [/shop/user_data/pg_mulpay_recv.php] ******* receiveer data start ******* from 210.175.7.20
2024/05/05 15:22:01 [/shop/user_data/pg_mulpay_recv.php] Array
(
    [ShopID] => 9000034600950
    [ShopPass] => **********
    [AccessID] => 13d91773acfbeb97fc0d24da5c5798b7
    [AccessPass] => ********************************
    [OrderID] => 957369-05151721
    [Status] => UNPROCESSED
    [JobCd] => CAPTURE
    [Amount] => 15400
    [Tax] => 0
    [Currency] => JPN
    [Forward] => 2959876
    [Method] => 1
    [PayTimes] => 
    [TranID] => 2405051522602257210134163111
    [Approve] =>        
    [TranDate] => 20240505152200
    [ErrCode] => G12
    [ErrInfo] => 42G120000
    [PayType] => 0
)
 from 210.175.7.20
2024/05/05 15:22:01 [/shop/user_data/pg_mulpay_recv.php] ******* receiveer data end ******* from 210.175.7.20
2024/05/05 15:22:01 [/shop/user_data/pg_mulpay_recv.php] pg_mulpay_recv.php set payment data:Array
(
    [ShopID] => 9000034600950
    [AccessID] => 13d91773acfbeb97fc0d24da5c5798b7
    [OrderID] => 957369-05151721
    [Status] => UNPROCESSED
    [JobCd] => CAPTURE
    [Amount] => 15400
    [Tax] => 0
    [Currency] => JPN
    [Forward] => 2959876
    [Method] => 1
    [PayTimes] => 
    [TranID] => 2405051522602257210134163111
    [Approve] => 
    [TranDate] => 20240505152200
    [ErrCode] => G12
    [ErrInfo] => 42G120000
    [PayType] => 0
    [CvsCode] => 
    [CvsConfNo] => 
    [CvsReceiptNo] => 
    [EdyReceiptNo] => 
    [EdyOrderNo] => 
    [SuicaReceiptNo] => 
    [SuicaOrderNo] => 
    [CustID] => 
    [BkCode] => 
    [ConfNo] => 
    [PaymentTerm] => 
    [EncryptReceiptNo] => 
    [FinishDate] => 
    [ReceiptDate] => 
    [WebMoneyManagementNo] => 
    [WebMoneySettleCode] => 
    [AuPayInfoNo] => 
    [AuPayMethod] => 
    [AuCancelAmount] => 
    [AuCancelTax] => 
    [DocomoSettlementCode] => 
    [DocomoCancelAmount] => 
    [DocomoCancelTax] => 
    [pay_status] => 0
)
 from 210.175.7.20
2024/05/05 15:22:01 [/shop/user_data/pg_mulpay_recv.php] response:true from 210.175.7.20
2024/05/05 15:44:41 [/shop/shopping/load_payment_module.php] SendRequest:https://p01.mul-pay.jp/payment/SearchMember.idPass from 133.159.116.208
2024/05/05 15:44:41 [/shop/shopping/load_payment_module.php] Array
(
    [SiteID] => mst0000007602
    [SitePass] => ******
    [MemberID] => 12720
)
 from 133.159.116.208
2024/05/05 15:44:41 [/shop/shopping/load_payment_module.php] ErrCode=E01&ErrInfo=E01390002 from 133.159.116.208
2024/05/05 15:44:41 [/shop/shopping/load_payment_module.php] Array
(
    [0] => Array
        (
            [ErrCode] => E01
            [ErrInfo] => E01390002
        )

)
 from 133.159.116.208
2024/05/05 15:44:41 [/shop/shopping/load_payment_module.php] SendRequest:https://p01.mul-pay.jp/payment/SearchCard.idPass from 133.159.116.208
2024/05/05 15:44:41 [/shop/shopping/load_payment_module.php] Array
(
    [SiteID] => mst0000007602
    [SitePass] => ******
    [MemberID] => 12720
)
 from 133.159.116.208
2024/05/05 15:44:41 [/shop/shopping/load_payment_module.php] ErrCode=E01|E01&ErrInfo=E01390002|E01240002 from 133.159.116.208
2024/05/05 15:44:41 [/shop/shopping/load_payment_module.php] Array
(
    [0] => Array
        (
            [ErrCode] => E01
            [ErrInfo] => E01390002
        )

    [1] => Array
        (
            [ErrCode] => E01
            [ErrInfo] => E01240002
        )

)
 from 133.159.116.208
2024/05/05 15:45:17 [/shop/shopping/load_payment_module.php] SendRequest:https://p01.mul-pay.jp/payment/SearchMember.idPass from 133.159.116.208
2024/05/05 15:45:17 [/shop/shopping/load_payment_module.php] Array
(
    [SiteID] => mst0000007602
    [SitePass] => ******
    [MemberID] => 12720
)
 from 133.159.116.208
2024/05/05 15:45:17 [/shop/shopping/load_payment_module.php] ErrCode=E01&ErrInfo=E01390002 from 133.159.116.208
2024/05/05 15:45:17 [/shop/shopping/load_payment_module.php] Array
(
    [0] => Array
        (
            [ErrCode] => E01
            [ErrInfo] => E01390002
        )

)
 from 133.159.116.208
2024/05/05 15:45:17 [/shop/shopping/load_payment_module.php] SendRequest:https://p01.mul-pay.jp/payment/SearchCard.idPass from 133.159.116.208
2024/05/05 15:45:17 [/shop/shopping/load_payment_module.php] Array
(
    [SiteID] => mst0000007602
    [SitePass] => ******
    [MemberID] => 12720
)
 from 133.159.116.208
2024/05/05 15:45:17 [/shop/shopping/load_payment_module.php] ErrCode=E01|E01&ErrInfo=E01390002|E01240002 from 133.159.116.208
2024/05/05 15:45:17 [/shop/shopping/load_payment_module.php] Array
(
    [0] => Array
        (
            [ErrCode] => E01
            [ErrInfo] => E01390002
        )

    [1] => Array
        (
            [ErrCode] => E01
            [ErrInfo] => E01240002
        )

)
 from 133.159.116.208
2024/05/05 15:45:17 [/shop/shopping/load_payment_module.php] SendRequest:https://p01.mul-pay.jp/payment/EntryTran.idPass from 133.159.116.208
2024/05/05 15:45:17 [/shop/shopping/load_payment_module.php] Array
(
    [ShopID] => 9000034600950
    [ShopPass] => ******
    [OrderID] => 957370-05154517
    [JobCd] => CAPTURE
    [Amount] => 15950
    [TdFlag] => 0
    [TdTenantName] => 
)
 from 133.159.116.208
2024/05/05 15:45:17 [/shop/shopping/load_payment_module.php] AccessID=9383d3021aa9d853f7ea34bbec4cadbb&AccessPass=c261670d1d3732992fc2ff42c0b2e74f from 133.159.116.208
2024/05/05 15:45:17 [/shop/shopping/load_payment_module.php] Array
(
    [0] => Array
        (
            [AccessID] => 9383d3021aa9d853f7ea34bbec4cadbb
            [AccessPass] => c261670d1d3732992fc2ff42c0b2e74f
        )

)
 from 133.159.116.208
2024/05/05 15:45:17 [/shop/shopping/load_payment_module.php] load_payment_module.php set payment data:Array
(
    [AccessID] => 9383d3021aa9d853f7ea34bbec4cadbb
    [AccessPass] => c261670d1d3732992fc2ff42c0b2e74f
    [OrderID] => 957370-05154517
    [Amount] => 15950
    [JobCd] => CAPTURE
    [action_status] => 1
    [pay_status] => 0
)
 from 133.159.116.208
2024/05/05 15:45:17 [/shop/shopping/load_payment_module.php] SendRequest:https://p01.mul-pay.jp/payment/ExecTran.idPass from 133.159.116.208
2024/05/05 15:45:17 [/shop/shopping/load_payment_module.php] Array
(
    [AccessID] => 9383d3021aa9d853f7ea34bbec4cadbb
    [AccessPass] => c261670d1d3732992fc2ff42c0b2e74f
    [OrderID] => 957370-05154517
    [Method] => 1
    [Token] => 76d9a183418343cd53b5cb50c08666febcafa38bfd6c8763ede8c6c09665e416
    [ClientField1] => 
    [ClientField2] => 
    [ClientField3] => EC-CUBE4.3.35
)
 from 133.159.116.208
2024/05/05 15:45:18 [/shop/shopping/load_payment_module.php] ErrCode=G12&ErrInfo=42G120000 from 133.159.116.208
2024/05/05 15:45:18 [/shop/shopping/load_payment_module.php] Array
(
    [0] => Array
        (
            [ErrCode] => G12
            [ErrInfo] => 42G120000
        )

)
 from 133.159.116.208
2024/05/05 15:45:18 [/shop/shopping/load_payment_module.php] load_payment_module.php set payment data:Array
(
    [request_error] => Array
        (
            [0] => このカードでは取引をする事が出来ません。 (G12-42G120000)
        )

    [Amount] => 15950
    [JobCd] => CAPTURE
    [action_status] => 3
)
 from 133.159.116.208
2024/05/05 15:45:18 [/shop/user_data/pg_mulpay_recv.php] ******* receiveer data start ******* from 210.175.7.20
2024/05/05 15:45:18 [/shop/user_data/pg_mulpay_recv.php] Array
(
    [ShopID] => 9000034600950
    [ShopPass] => **********
    [AccessID] => 9383d3021aa9d853f7ea34bbec4cadbb
    [AccessPass] => ********************************
    [OrderID] => 957370-05154517
    [Status] => UNPROCESSED
    [JobCd] => CAPTURE
    [Amount] => 15950
    [Tax] => 0
    [Currency] => JPN
    [Forward] => 2959876
    [Method] => 1
    [PayTimes] => 
    [TranID] => 2405051545602257210134183024
    [Approve] =>        
    [TranDate] => 20240505154518
    [ErrCode] => G12
    [ErrInfo] => 42G120000
    [PayType] => 0
)
 from 210.175.7.20
2024/05/05 15:45:18 [/shop/user_data/pg_mulpay_recv.php] ******* receiveer data end ******* from 210.175.7.20
2024/05/05 15:45:18 [/shop/user_data/pg_mulpay_recv.php] pg_mulpay_recv.php set payment data:Array
(
    [ShopID] => 9000034600950
    [AccessID] => 9383d3021aa9d853f7ea34bbec4cadbb
    [OrderID] => 957370-05154517
    [Status] => UNPROCESSED
    [JobCd] => CAPTURE
    [Amount] => 15950
    [Tax] => 0
    [Currency] => JPN
    [Forward] => 2959876
    [Method] => 1
    [PayTimes] => 
    [TranID] => 2405051545602257210134183024
    [Approve] => 
    [TranDate] => 20240505154518
    [ErrCode] => G12
    [ErrInfo] => 42G120000
    [PayType] => 0
    [CvsCode] => 
    [CvsConfNo] => 
    [CvsReceiptNo] => 
    [EdyReceiptNo] => 
    [EdyOrderNo] => 
    [SuicaReceiptNo] => 
    [SuicaOrderNo] => 
    [CustID] => 
    [BkCode] => 
    [ConfNo] => 
    [PaymentTerm] => 
    [EncryptReceiptNo] => 
    [FinishDate] => 
    [ReceiptDate] => 
    [WebMoneyManagementNo] => 
    [WebMoneySettleCode] => 
    [AuPayInfoNo] => 
    [AuPayMethod] => 
    [AuCancelAmount] => 
    [AuCancelTax] => 
    [DocomoSettlementCode] => 
    [DocomoCancelAmount] => 
    [DocomoCancelTax] => 
    [pay_status] => 0
)
 from 210.175.7.20
2024/05/05 15:45:18 [/shop/user_data/pg_mulpay_recv.php] response:true from 210.175.7.20
2024/05/05 15:59:03 [/shop/shopping/load_payment_module.php] SendRequest:https://p01.mul-pay.jp/payment/SearchMember.idPass from 133.159.116.208
2024/05/05 15:59:03 [/shop/shopping/load_payment_module.php] Array
(
    [SiteID] => mst0000007602
    [SitePass] => ******
    [MemberID] => 12720
)
 from 133.159.116.208
2024/05/05 15:59:03 [/shop/shopping/load_payment_module.php] ErrCode=E01&ErrInfo=E01390002 from 133.159.116.208
2024/05/05 15:59:03 [/shop/shopping/load_payment_module.php] Array
(
    [0] => Array
        (
            [ErrCode] => E01
            [ErrInfo] => E01390002
        )

)
 from 133.159.116.208
2024/05/05 15:59:03 [/shop/shopping/load_payment_module.php] SendRequest:https://p01.mul-pay.jp/payment/SearchCard.idPass from 133.159.116.208
2024/05/05 15:59:03 [/shop/shopping/load_payment_module.php] Array
(
    [SiteID] => mst0000007602
    [SitePass] => ******
    [MemberID] => 12720
)
 from 133.159.116.208
2024/05/05 15:59:03 [/shop/shopping/load_payment_module.php] ErrCode=E01|E01&ErrInfo=E01390002|E01240002 from 133.159.116.208
2024/05/05 15:59:03 [/shop/shopping/load_payment_module.php] Array
(
    [0] => Array
        (
            [ErrCode] => E01
            [ErrInfo] => E01390002
        )

    [1] => Array
        (
            [ErrCode] => E01
            [ErrInfo] => E01240002
        )

)
 from 133.159.116.208
2024/05/05 16:00:03 [/shop/shopping/load_payment_module.php] SendRequest:https://p01.mul-pay.jp/payment/SearchMember.idPass from 133.159.116.208
2024/05/05 16:00:03 [/shop/shopping/load_payment_module.php] Array
(
    [SiteID] => mst0000007602
    [SitePass] => ******
    [MemberID] => 12720
)
 from 133.159.116.208
2024/05/05 16:00:03 [/shop/shopping/load_payment_module.php] ErrCode=E01&ErrInfo=E01390002 from 133.159.116.208
2024/05/05 16:00:03 [/shop/shopping/load_payment_module.php] Array
(
    [0] => Array
        (
            [ErrCode] => E01
            [ErrInfo] => E01390002
        )

)
 from 133.159.116.208
2024/05/05 16:00:03 [/shop/shopping/load_payment_module.php] SendRequest:https://p01.mul-pay.jp/payment/SearchCard.idPass from 133.159.116.208
2024/05/05 16:00:03 [/shop/shopping/load_payment_module.php] Array
(
    [SiteID] => mst0000007602
    [SitePass] => ******
    [MemberID] => 12720
)
 from 133.159.116.208
2024/05/05 16:00:03 [/shop/shopping/load_payment_module.php] ErrCode=E01|E01&ErrInfo=E01390002|E01240002 from 133.159.116.208
2024/05/05 16:00:03 [/shop/shopping/load_payment_module.php] Array
(
    [0] => Array
        (
            [ErrCode] => E01
            [ErrInfo] => E01390002
        )

    [1] => Array
        (
            [ErrCode] => E01
            [ErrInfo] => E01240002
        )

)
 from 133.159.116.208
2024/05/05 16:00:03 [/shop/shopping/load_payment_module.php] SendRequest:https://p01.mul-pay.jp/payment/EntryTran.idPass from 133.159.116.208
2024/05/05 16:00:03 [/shop/shopping/load_payment_module.php] Array
(
    [ShopID] => 9000034600950
    [ShopPass] => ******
    [OrderID] => 957371-05160003
    [JobCd] => CAPTURE
    [Amount] => 15950
    [TdFlag] => 0
    [TdTenantName] => 
)
 from 133.159.116.208
2024/05/05 16:00:03 [/shop/shopping/load_payment_module.php] AccessID=dd06d69cf9f77ab5a3d4d3a4cefe259a&AccessPass=2c149e1a41ef68e412f2899f451ab4eb from 133.159.116.208
2024/05/05 16:00:03 [/shop/shopping/load_payment_module.php] Array
(
    [0] => Array
        (
            [AccessID] => dd06d69cf9f77ab5a3d4d3a4cefe259a
            [AccessPass] => 2c149e1a41ef68e412f2899f451ab4eb
        )

)
 from 133.159.116.208
2024/05/05 16:00:03 [/shop/shopping/load_payment_module.php] load_payment_module.php set payment data:Array
(
    [AccessID] => dd06d69cf9f77ab5a3d4d3a4cefe259a
    [AccessPass] => 2c149e1a41ef68e412f2899f451ab4eb
    [OrderID] => 957371-05160003
    [Amount] => 15950
    [JobCd] => CAPTURE
    [action_status] => 1
    [pay_status] => 0
)
 from 133.159.116.208
2024/05/05 16:00:03 [/shop/shopping/load_payment_module.php] SendRequest:https://p01.mul-pay.jp/payment/ExecTran.idPass from 133.159.116.208
2024/05/05 16:00:03 [/shop/shopping/load_payment_module.php] Array
(
    [AccessID] => dd06d69cf9f77ab5a3d4d3a4cefe259a
    [AccessPass] => 2c149e1a41ef68e412f2899f451ab4eb
    [OrderID] => 957371-05160003
    [Method] => 1
    [Token] => 0acfaa474da070fca9d95829a1cd7bac0bb14e09a2b70307c0ca18e20b5339a0
    [ClientField1] => 
    [ClientField2] => 
    [ClientField3] => EC-CUBE4.3.35
)
 from 133.159.116.208
2024/05/05 16:00:04 [/shop/shopping/load_payment_module.php] ErrCode=G12&ErrInfo=42G120000 from 133.159.116.208
2024/05/05 16:00:04 [/shop/shopping/load_payment_module.php] Array
(
    [0] => Array
        (
            [ErrCode] => G12
            [ErrInfo] => 42G120000
        )

)
 from 133.159.116.208
2024/05/05 16:00:04 [/shop/shopping/load_payment_module.php] load_payment_module.php set payment data:Array
(
    [request_error] => Array
        (
            [0] => このカードでは取引をする事が出来ません。 (G12-42G120000)
        )

    [Amount] => 15950
    [JobCd] => CAPTURE
    [action_status] => 3
)
 from 133.159.116.208
2024/05/05 16:00:04 [/shop/user_data/pg_mulpay_recv.php] ******* receiveer data start ******* from 210.175.7.20
2024/05/05 16:00:04 [/shop/user_data/pg_mulpay_recv.php] Array
(
    [ShopID] => 9000034600950
    [ShopPass] => **********
    [AccessID] => dd06d69cf9f77ab5a3d4d3a4cefe259a
    [AccessPass] => ********************************
    [OrderID] => 957371-05160003
    [Status] => UNPROCESSED
    [JobCd] => CAPTURE
    [Amount] => 15950
    [Tax] => 0
    [Currency] => JPN
    [Forward] => 2959876
    [Method] => 1
    [PayTimes] => 
    [TranID] => 2405051600602257210134183025
    [Approve] =>        
    [TranDate] => 20240505160004
    [ErrCode] => G12
    [ErrInfo] => 42G120000
    [PayType] => 0
)
 from 210.175.7.20
2024/05/05 16:00:04 [/shop/user_data/pg_mulpay_recv.php] ******* receiveer data end ******* from 210.175.7.20
2024/05/05 16:00:04 [/shop/user_data/pg_mulpay_recv.php] pg_mulpay_recv.php set payment data:Array
(
    [ShopID] => 9000034600950
    [AccessID] => dd06d69cf9f77ab5a3d4d3a4cefe259a
    [OrderID] => 957371-05160003
    [Status] => UNPROCESSED
    [JobCd] => CAPTURE
    [Amount] => 15950
    [Tax] => 0
    [Currency] => JPN
    [Forward] => 2959876
    [Method] => 1
    [PayTimes] => 
    [TranID] => 2405051600602257210134183025
    [Approve] => 
    [TranDate] => 20240505160004
    [ErrCode] => G12
    [ErrInfo] => 42G120000
    [PayType] => 0
    [CvsCode] => 
    [CvsConfNo] => 
    [CvsReceiptNo] => 
    [EdyReceiptNo] => 
    [EdyOrderNo] => 
    [SuicaReceiptNo] => 
    [SuicaOrderNo] => 
    [CustID] => 
    [BkCode] => 
    [ConfNo] => 
    [PaymentTerm] => 
    [EncryptReceiptNo] => 
    [FinishDate] => 
    [ReceiptDate] => 
    [WebMoneyManagementNo] => 
    [WebMoneySettleCode] => 
    [AuPayInfoNo] => 
    [AuPayMethod] => 
    [AuCancelAmount] => 
    [AuCancelTax] => 
    [DocomoSettlementCode] => 
    [DocomoCancelAmount] => 
    [DocomoCancelTax] => 
    [pay_status] => 0
)
 from 210.175.7.20
2024/05/05 16:00:04 [/shop/user_data/pg_mulpay_recv.php] response:true from 210.175.7.20
2024/05/05 23:05:38 [/shop/shopping/load_payment_module.php] SendRequest:https://p01.mul-pay.jp/payment/SearchMember.idPass from 124.211.235.175
2024/05/05 23:05:38 [/shop/shopping/load_payment_module.php] Array
(
    [SiteID] => mst0000007602
    [SitePass] => ******
    [MemberID] => 11110
)
 from 124.211.235.175
2024/05/05 23:05:38 [/shop/shopping/load_payment_module.php] ErrCode=E01&ErrInfo=E01390002 from 124.211.235.175
2024/05/05 23:05:38 [/shop/shopping/load_payment_module.php] Array
(
    [0] => Array
        (
            [ErrCode] => E01
            [ErrInfo] => E01390002
        )

)
 from 124.211.235.175
2024/05/05 23:05:38 [/shop/shopping/load_payment_module.php] SendRequest:https://p01.mul-pay.jp/payment/SearchCard.idPass from 124.211.235.175
2024/05/05 23:05:38 [/shop/shopping/load_payment_module.php] Array
(
    [SiteID] => mst0000007602
    [SitePass] => ******
    [MemberID] => 11110
)
 from 124.211.235.175
2024/05/05 23:05:38 [/shop/shopping/load_payment_module.php] ErrCode=E01|E01&ErrInfo=E01390002|E01240002 from 124.211.235.175
2024/05/05 23:05:38 [/shop/shopping/load_payment_module.php] Array
(
    [0] => Array
        (
            [ErrCode] => E01
            [ErrInfo] => E01390002
        )

    [1] => Array
        (
            [ErrCode] => E01
            [ErrInfo] => E01240002
        )

)
 from 124.211.235.175
2024/05/05 23:05:56 [/shop/shopping/load_payment_module.php] SendRequest:https://p01.mul-pay.jp/payment/SearchMember.idPass from 124.211.235.175
2024/05/05 23:05:56 [/shop/shopping/load_payment_module.php] Array
(
    [SiteID] => mst0000007602
    [SitePass] => ******
    [MemberID] => 11110
)
 from 124.211.235.175
2024/05/05 23:05:56 [/shop/shopping/load_payment_module.php] ErrCode=E01&ErrInfo=E01390002 from 124.211.235.175
2024/05/05 23:05:56 [/shop/shopping/load_payment_module.php] Array
(
    [0] => Array
        (
            [ErrCode] => E01
            [ErrInfo] => E01390002
        )

)
 from 124.211.235.175
2024/05/05 23:05:56 [/shop/shopping/load_payment_module.php] SendRequest:https://p01.mul-pay.jp/payment/SearchCard.idPass from 124.211.235.175
2024/05/05 23:05:56 [/shop/shopping/load_payment_module.php] Array
(
    [SiteID] => mst0000007602
    [SitePass] => ******
    [MemberID] => 11110
)
 from 124.211.235.175
2024/05/05 23:05:56 [/shop/shopping/load_payment_module.php] ErrCode=E01|E01&ErrInfo=E01390002|E01240002 from 124.211.235.175
2024/05/05 23:05:56 [/shop/shopping/load_payment_module.php] Array
(
    [0] => Array
        (
            [ErrCode] => E01
            [ErrInfo] => E01390002
        )

    [1] => Array
        (
            [ErrCode] => E01
            [ErrInfo] => E01240002
        )

)
 from 124.211.235.175
2024/05/05 23:05:56 [/shop/shopping/load_payment_module.php] SendRequest:https://p01.mul-pay.jp/payment/EntryTran.idPass from 124.211.235.175
2024/05/05 23:05:56 [/shop/shopping/load_payment_module.php] Array
(
    [ShopID] => 9000034600950
    [ShopPass] => ******
    [OrderID] => 957372-05230556
    [JobCd] => CAPTURE
    [Amount] => 3210
    [TdFlag] => 0
    [TdTenantName] => 
)
 from 124.211.235.175
2024/05/05 23:05:56 [/shop/shopping/load_payment_module.php] AccessID=fea73d5de507995b6d64faa4f97c35b7&AccessPass=2df8d51202cc187b62bc8648ad698d8c from 124.211.235.175
2024/05/05 23:05:56 [/shop/shopping/load_payment_module.php] Array
(
    [0] => Array
        (
            [AccessID] => fea73d5de507995b6d64faa4f97c35b7
            [AccessPass] => 2df8d51202cc187b62bc8648ad698d8c
        )

)
 from 124.211.235.175
2024/05/05 23:05:56 [/shop/shopping/load_payment_module.php] load_payment_module.php set payment data:Array
(
    [AccessID] => fea73d5de507995b6d64faa4f97c35b7
    [AccessPass] => 2df8d51202cc187b62bc8648ad698d8c
    [OrderID] => 957372-05230556
    [Amount] => 3210
    [JobCd] => CAPTURE
    [action_status] => 1
    [pay_status] => 0
)
 from 124.211.235.175
2024/05/05 23:05:56 [/shop/shopping/load_payment_module.php] SendRequest:https://p01.mul-pay.jp/payment/ExecTran.idPass from 124.211.235.175
2024/05/05 23:05:56 [/shop/shopping/load_payment_module.php] Array
(
    [AccessID] => fea73d5de507995b6d64faa4f97c35b7
    [AccessPass] => 2df8d51202cc187b62bc8648ad698d8c
    [OrderID] => 957372-05230556
    [Method] => 1
    [Token] => 6ff13184bb4b53303af836d4e6df9a48c462be299d30bd722e4c26c03e477136
    [ClientField1] => 
    [ClientField2] => 
    [ClientField3] => EC-CUBE4.3.35
)
 from 124.211.235.175
2024/05/05 23:05:57 [/shop/shopping/load_payment_module.php] ACS=0&OrderID=957372-05230556&Forward=2S49631&Method=1&PayTimes=&Approve=0108754&TranID=2405052305602257210134172975&TranDate=20240505230557&CheckString=0b5ef1c82c34ccf583249e55f7650cd7 from 124.211.235.175
2024/05/05 23:05:57 [/shop/shopping/load_payment_module.php] Array
(
    [0] => Array
        (
            [ACS] => 0
            [OrderID] => 957372-05230556
            [Forward] => 2S49631
            [Method] => 1
            [PayTimes] => 
            [Approve] => 0108754
            [TranID] => 2405052305602257210134172975
            [TranDate] => 20240505230557
            [CheckString] => 0b5ef1c82c34ccf583249e55f7650cd7
        )

)
 from 124.211.235.175
2024/05/05 23:05:57 [/shop/shopping/load_payment_module.php] load_payment_module.php set payment data:Array
(
    [ACS] => 0
    [Forward] => 2S49631
    [Method] => 1
    [PayTimes] => 
    [Approve] => 0108754
    [TranID] => 2405052305602257210134172975
    [TranDate] => 20240505230557
    [CheckString] => 0b5ef1c82c34ccf583249e55f7650cd7
    [Amount] => 3210
    [JobCd] => CAPTURE
    [action_status] => 3
    [pay_status] => 13
)
 from 124.211.235.175
2024/05/05 23:05:57 [/shop/user_data/pg_mulpay_recv.php] ******* receiveer data start ******* from 210.175.7.20
2024/05/05 23:05:57 [/shop/user_data/pg_mulpay_recv.php] Array
(
    [ShopID] => 9000034600950
    [ShopPass] => **********
    [AccessID] => fea73d5de507995b6d64faa4f97c35b7
    [AccessPass] => ********************************
    [OrderID] => 957372-05230556
    [Status] => CAPTURE
    [JobCd] => CAPTURE
    [Amount] => 3210
    [Tax] => 0
    [Currency] => JPN
    [Forward] => 2S49631
    [Method] => 1
    [PayTimes] => 
    [TranID] => 2405052305602257210134172975
    [Approve] => 0108754
    [TranDate] => 20240505230557
    [ErrCode] => 
    [ErrInfo] => 
    [PayType] => 0
)
 from 210.175.7.20
2024/05/05 23:05:57 [/shop/user_data/pg_mulpay_recv.php] ******* receiveer data end ******* from 210.175.7.20
2024/05/05 23:06:02 [/shop/user_data/pg_mulpay_recv.php] update order status:1 order_id=957372 from 210.175.7.20
2024/05/05 23:06:02 [/shop/user_data/pg_mulpay_recv.php] pg_mulpay_recv.php set payment data:Array
(
    [ShopID] => 9000034600950
    [AccessID] => fea73d5de507995b6d64faa4f97c35b7
    [OrderID] => 957372-05230556
    [Status] => CAPTURE
    [JobCd] => CAPTURE
    [Amount] => 3210
    [Tax] => 0
    [Currency] => JPN
    [Forward] => 2S49631
    [Method] => 1
    [PayTimes] => 
    [TranID] => 2405052305602257210134172975
    [Approve] => 0108754
    [TranDate] => 20240505230557
    [ErrCode] => 
    [ErrInfo] => 
    [PayType] => 0
    [CvsCode] => 
    [CvsConfNo] => 
    [CvsReceiptNo] => 
    [EdyReceiptNo] => 
    [EdyOrderNo] => 
    [SuicaReceiptNo] => 
    [SuicaOrderNo] => 
    [CustID] => 
    [BkCode] => 
    [ConfNo] => 
    [PaymentTerm] => 
    [EncryptReceiptNo] => 
    [FinishDate] => 
    [ReceiptDate] => 
    [WebMoneyManagementNo] => 
    [WebMoneySettleCode] => 
    [AuPayInfoNo] => 
    [AuPayMethod] => 
    [AuCancelAmount] => 
    [AuCancelTax] => 
    [DocomoSettlementCode] => 
    [DocomoCancelAmount] => 
    [DocomoCancelTax] => 
    [pay_status] => 13
)
 from 210.175.7.20
2024/05/05 23:06:02 [/shop/user_data/pg_mulpay_recv.php] response:true from 210.175.7.20
