2024/05/01 00:20:23 [/shop/shopping/load_payment_module.php] SendRequest:https://p01.mul-pay.jp/payment/SearchMember.idPass from 87.157.115.124
2024/05/01 00:20:23 [/shop/shopping/load_payment_module.php] Array
(
    [SiteID] => mst0000007602
    [SitePass] => ******
    [MemberID] => 12712
)
 from 87.157.115.124
2024/05/01 00:20:23 [/shop/shopping/load_payment_module.php] ErrCode=E01&ErrInfo=E01390002 from 87.157.115.124
2024/05/01 00:20:23 [/shop/shopping/load_payment_module.php] Array
(
    [0] => Array
        (
            [ErrCode] => E01
            [ErrInfo] => E01390002
        )

)
 from 87.157.115.124
2024/05/01 00:20:23 [/shop/shopping/load_payment_module.php] SendRequest:https://p01.mul-pay.jp/payment/SearchCard.idPass from 87.157.115.124
2024/05/01 00:20:23 [/shop/shopping/load_payment_module.php] Array
(
    [SiteID] => mst0000007602
    [SitePass] => ******
    [MemberID] => 12712
)
 from 87.157.115.124
2024/05/01 00:20:23 [/shop/shopping/load_payment_module.php] ErrCode=E01|E01&ErrInfo=E01390002|E01240002 from 87.157.115.124
2024/05/01 00:20:23 [/shop/shopping/load_payment_module.php] Array
(
    [0] => Array
        (
            [ErrCode] => E01
            [ErrInfo] => E01390002
        )

    [1] => Array
        (
            [ErrCode] => E01
            [ErrInfo] => E01240002
        )

)
 from 87.157.115.124
2024/05/01 00:22:09 [/shop/shopping/load_payment_module.php] SendRequest:https://p01.mul-pay.jp/payment/SearchMember.idPass from 87.157.115.124
2024/05/01 00:22:09 [/shop/shopping/load_payment_module.php] Array
(
    [SiteID] => mst0000007602
    [SitePass] => ******
    [MemberID] => 12712
)
 from 87.157.115.124
2024/05/01 00:22:09 [/shop/shopping/load_payment_module.php] ErrCode=E01&ErrInfo=E01390002 from 87.157.115.124
2024/05/01 00:22:09 [/shop/shopping/load_payment_module.php] Array
(
    [0] => Array
        (
            [ErrCode] => E01
            [ErrInfo] => E01390002
        )

)
 from 87.157.115.124
2024/05/01 00:22:09 [/shop/shopping/load_payment_module.php] SendRequest:https://p01.mul-pay.jp/payment/SearchCard.idPass from 87.157.115.124
2024/05/01 00:22:09 [/shop/shopping/load_payment_module.php] Array
(
    [SiteID] => mst0000007602
    [SitePass] => ******
    [MemberID] => 12712
)
 from 87.157.115.124
2024/05/01 00:22:09 [/shop/shopping/load_payment_module.php] ErrCode=E01|E01&ErrInfo=E01390002|E01240002 from 87.157.115.124
2024/05/01 00:22:09 [/shop/shopping/load_payment_module.php] Array
(
    [0] => Array
        (
            [ErrCode] => E01
            [ErrInfo] => E01390002
        )

    [1] => Array
        (
            [ErrCode] => E01
            [ErrInfo] => E01240002
        )

)
 from 87.157.115.124
2024/05/01 00:22:09 [/shop/shopping/load_payment_module.php] SendRequest:https://p01.mul-pay.jp/payment/EntryTran.idPass from 87.157.115.124
2024/05/01 00:22:09 [/shop/shopping/load_payment_module.php] Array
(
    [ShopID] => 9000034600950
    [ShopPass] => ******
    [OrderID] => 957315-01002209
    [JobCd] => CAPTURE
    [Amount] => 8020
    [TdFlag] => 0
    [TdTenantName] => 
)
 from 87.157.115.124
2024/05/01 00:22:09 [/shop/shopping/load_payment_module.php] AccessID=410870c24af9f748bf49d650ec050005&AccessPass=fb69bc82c5baff8e8963a8b738a5ddd8 from 87.157.115.124
2024/05/01 00:22:09 [/shop/shopping/load_payment_module.php] Array
(
    [0] => Array
        (
            [AccessID] => 410870c24af9f748bf49d650ec050005
            [AccessPass] => fb69bc82c5baff8e8963a8b738a5ddd8
        )

)
 from 87.157.115.124
2024/05/01 00:22:09 [/shop/shopping/load_payment_module.php] load_payment_module.php set payment data:Array
(
    [AccessID] => 410870c24af9f748bf49d650ec050005
    [AccessPass] => fb69bc82c5baff8e8963a8b738a5ddd8
    [OrderID] => 957315-01002209
    [Amount] => 8020
    [JobCd] => CAPTURE
    [action_status] => 1
    [pay_status] => 0
)
 from 87.157.115.124
2024/05/01 00:22:09 [/shop/shopping/load_payment_module.php] SendRequest:https://p01.mul-pay.jp/payment/ExecTran.idPass from 87.157.115.124
2024/05/01 00:22:09 [/shop/shopping/load_payment_module.php] Array
(
    [AccessID] => 410870c24af9f748bf49d650ec050005
    [AccessPass] => fb69bc82c5baff8e8963a8b738a5ddd8
    [OrderID] => 957315-01002209
    [Method] => 1
    [Token] => 5594f7affeba9ce7968bfd7421caef78d0ffbfbea3d90a2672b3993a7a3686b1
    [ClientField1] => 
    [ClientField2] => 
    [ClientField3] => EC-CUBE4.3.35
)
 from 87.157.115.124
2024/05/01 00:22:10 [/shop/shopping/load_payment_module.php] ACS=0&OrderID=957315-01002209&Forward=2S49631&Method=1&PayTimes=&Approve=0479692&TranID=2405010022602257210134172958&TranDate=20240501002210&CheckString=1ac56d9ae93db42241c8bc3192fb4414 from 87.157.115.124
2024/05/01 00:22:10 [/shop/shopping/load_payment_module.php] Array
(
    [0] => Array
        (
            [ACS] => 0
            [OrderID] => 957315-01002209
            [Forward] => 2S49631
            [Method] => 1
            [PayTimes] => 
            [Approve] => 0479692
            [TranID] => 2405010022602257210134172958
            [TranDate] => 20240501002210
            [CheckString] => 1ac56d9ae93db42241c8bc3192fb4414
        )

)
 from 87.157.115.124
2024/05/01 00:22:10 [/shop/shopping/load_payment_module.php] load_payment_module.php set payment data:Array
(
    [ACS] => 0
    [Forward] => 2S49631
    [Method] => 1
    [PayTimes] => 
    [Approve] => 0479692
    [TranID] => 2405010022602257210134172958
    [TranDate] => 20240501002210
    [CheckString] => 1ac56d9ae93db42241c8bc3192fb4414
    [Amount] => 8020
    [JobCd] => CAPTURE
    [action_status] => 3
    [pay_status] => 13
)
 from 87.157.115.124
2024/05/01 00:22:10 [/shop/user_data/pg_mulpay_recv.php] ******* receiveer data start ******* from 210.175.7.20
2024/05/01 00:22:10 [/shop/user_data/pg_mulpay_recv.php] Array
(
    [ShopID] => 9000034600950
    [ShopPass] => **********
    [AccessID] => 410870c24af9f748bf49d650ec050005
    [AccessPass] => ********************************
    [OrderID] => 957315-01002209
    [Status] => CAPTURE
    [JobCd] => CAPTURE
    [Amount] => 8020
    [Tax] => 0
    [Currency] => JPN
    [Forward] => 2S49631
    [Method] => 1
    [PayTimes] => 
    [TranID] => 2405010022602257210134172958
    [Approve] => 0479692
    [TranDate] => 20240501002210
    [ErrCode] => 
    [ErrInfo] => 
    [PayType] => 0
)
 from 210.175.7.20
2024/05/01 00:22:10 [/shop/user_data/pg_mulpay_recv.php] ******* receiveer data end ******* from 210.175.7.20
2024/05/01 00:22:15 [/shop/user_data/pg_mulpay_recv.php] update order status:1 order_id=957315 from 210.175.7.20
2024/05/01 00:22:15 [/shop/user_data/pg_mulpay_recv.php] pg_mulpay_recv.php set payment data:Array
(
    [ShopID] => 9000034600950
    [AccessID] => 410870c24af9f748bf49d650ec050005
    [OrderID] => 957315-01002209
    [Status] => CAPTURE
    [JobCd] => CAPTURE
    [Amount] => 8020
    [Tax] => 0
    [Currency] => JPN
    [Forward] => 2S49631
    [Method] => 1
    [PayTimes] => 
    [TranID] => 2405010022602257210134172958
    [Approve] => 0479692
    [TranDate] => 20240501002210
    [ErrCode] => 
    [ErrInfo] => 
    [PayType] => 0
    [CvsCode] => 
    [CvsConfNo] => 
    [CvsReceiptNo] => 
    [EdyReceiptNo] => 
    [EdyOrderNo] => 
    [SuicaReceiptNo] => 
    [SuicaOrderNo] => 
    [CustID] => 
    [BkCode] => 
    [ConfNo] => 
    [PaymentTerm] => 
    [EncryptReceiptNo] => 
    [FinishDate] => 
    [ReceiptDate] => 
    [WebMoneyManagementNo] => 
    [WebMoneySettleCode] => 
    [AuPayInfoNo] => 
    [AuPayMethod] => 
    [AuCancelAmount] => 
    [AuCancelTax] => 
    [DocomoSettlementCode] => 
    [DocomoCancelAmount] => 
    [DocomoCancelTax] => 
    [pay_status] => 13
)
 from 210.175.7.20
2024/05/01 00:22:15 [/shop/user_data/pg_mulpay_recv.php] response:true from 210.175.7.20
2024/05/01 00:47:05 [/shop/shopping/load_payment_module.php] SendRequest:https://p01.mul-pay.jp/payment/EntryTran.idPass from 95.62.6.40
2024/05/01 00:47:05 [/shop/shopping/load_payment_module.php] Array
(
    [ShopID] => 9000034600950
    [ShopPass] => ******
    [OrderID] => 957316-01004705
    [JobCd] => CAPTURE
    [Amount] => 11250
    [TdFlag] => 0
    [TdTenantName] => 
)
 from 95.62.6.40
2024/05/01 00:47:05 [/shop/shopping/load_payment_module.php] AccessID=93ddc2ff799a23b15c5194f02f3390ce&AccessPass=dfcf4f04bc414d3818ba19bfc254a89d from 95.62.6.40
2024/05/01 00:47:05 [/shop/shopping/load_payment_module.php] Array
(
    [0] => Array
        (
            [AccessID] => 93ddc2ff799a23b15c5194f02f3390ce
            [AccessPass] => dfcf4f04bc414d3818ba19bfc254a89d
        )

)
 from 95.62.6.40
2024/05/01 00:47:05 [/shop/shopping/load_payment_module.php] load_payment_module.php set payment data:Array
(
    [AccessID] => 93ddc2ff799a23b15c5194f02f3390ce
    [AccessPass] => dfcf4f04bc414d3818ba19bfc254a89d
    [OrderID] => 957316-01004705
    [Amount] => 11250
    [JobCd] => CAPTURE
    [action_status] => 1
    [pay_status] => 0
)
 from 95.62.6.40
2024/05/01 00:47:05 [/shop/shopping/load_payment_module.php] SendRequest:https://p01.mul-pay.jp/payment/ExecTran.idPass from 95.62.6.40
2024/05/01 00:47:05 [/shop/shopping/load_payment_module.php] Array
(
    [AccessID] => 93ddc2ff799a23b15c5194f02f3390ce
    [AccessPass] => dfcf4f04bc414d3818ba19bfc254a89d
    [OrderID] => 957316-01004705
    [Method] => 1
    [Token] => be4a2956777a6ddd3492784940b10893a94bebef3269d076962532dc853a27b6
    [ClientField1] => 
    [ClientField2] => 
    [ClientField3] => EC-CUBE4.3.35
)
 from 95.62.6.40
2024/05/01 00:47:06 [/shop/shopping/load_payment_module.php] ACS=0&OrderID=957316-01004705&Forward=2S49631&Method=1&PayTimes=&Approve=0745386&TranID=2405010047602257210134172959&TranDate=20240501004706&CheckString=9bb5ff82650be0018320241a68ce74ce from 95.62.6.40
2024/05/01 00:47:06 [/shop/shopping/load_payment_module.php] Array
(
    [0] => Array
        (
            [ACS] => 0
            [OrderID] => 957316-01004705
            [Forward] => 2S49631
            [Method] => 1
            [PayTimes] => 
            [Approve] => 0745386
            [TranID] => 2405010047602257210134172959
            [TranDate] => 20240501004706
            [CheckString] => 9bb5ff82650be0018320241a68ce74ce
        )

)
 from 95.62.6.40
2024/05/01 00:47:06 [/shop/shopping/load_payment_module.php] load_payment_module.php set payment data:Array
(
    [ACS] => 0
    [Forward] => 2S49631
    [Method] => 1
    [PayTimes] => 
    [Approve] => 0745386
    [TranID] => 2405010047602257210134172959
    [TranDate] => 20240501004706
    [CheckString] => 9bb5ff82650be0018320241a68ce74ce
    [Amount] => 11250
    [JobCd] => CAPTURE
    [action_status] => 3
    [pay_status] => 13
)
 from 95.62.6.40
2024/05/01 00:47:06 [/shop/user_data/pg_mulpay_recv.php] ******* receiveer data start ******* from 210.175.7.20
2024/05/01 00:47:06 [/shop/user_data/pg_mulpay_recv.php] Array
(
    [ShopID] => 9000034600950
    [ShopPass] => **********
    [AccessID] => 93ddc2ff799a23b15c5194f02f3390ce
    [AccessPass] => ********************************
    [OrderID] => 957316-01004705
    [Status] => CAPTURE
    [JobCd] => CAPTURE
    [Amount] => 11250
    [Tax] => 0
    [Currency] => JPN
    [Forward] => 2S49631
    [Method] => 1
    [PayTimes] => 
    [TranID] => 2405010047602257210134172959
    [Approve] => 0745386
    [TranDate] => 20240501004706
    [ErrCode] => 
    [ErrInfo] => 
    [PayType] => 0
)
 from 210.175.7.20
2024/05/01 00:47:06 [/shop/user_data/pg_mulpay_recv.php] ******* receiveer data end ******* from 210.175.7.20
2024/05/01 00:47:11 [/shop/user_data/pg_mulpay_recv.php] update order status:1 order_id=957316 from 210.175.7.20
2024/05/01 00:47:11 [/shop/user_data/pg_mulpay_recv.php] pg_mulpay_recv.php set payment data:Array
(
    [ShopID] => 9000034600950
    [AccessID] => 93ddc2ff799a23b15c5194f02f3390ce
    [OrderID] => 957316-01004705
    [Status] => CAPTURE
    [JobCd] => CAPTURE
    [Amount] => 11250
    [Tax] => 0
    [Currency] => JPN
    [Forward] => 2S49631
    [Method] => 1
    [PayTimes] => 
    [TranID] => 2405010047602257210134172959
    [Approve] => 0745386
    [TranDate] => 20240501004706
    [ErrCode] => 
    [ErrInfo] => 
    [PayType] => 0
    [CvsCode] => 
    [CvsConfNo] => 
    [CvsReceiptNo] => 
    [EdyReceiptNo] => 
    [EdyOrderNo] => 
    [SuicaReceiptNo] => 
    [SuicaOrderNo] => 
    [CustID] => 
    [BkCode] => 
    [ConfNo] => 
    [PaymentTerm] => 
    [EncryptReceiptNo] => 
    [FinishDate] => 
    [ReceiptDate] => 
    [WebMoneyManagementNo] => 
    [WebMoneySettleCode] => 
    [AuPayInfoNo] => 
    [AuPayMethod] => 
    [AuCancelAmount] => 
    [AuCancelTax] => 
    [DocomoSettlementCode] => 
    [DocomoCancelAmount] => 
    [DocomoCancelTax] => 
    [pay_status] => 13
)
 from 210.175.7.20
2024/05/01 00:47:11 [/shop/user_data/pg_mulpay_recv.php] response:true from 210.175.7.20
2024/05/01 03:48:19 [/shop/shopping/load_payment_module.php] SendRequest:https://p01.mul-pay.jp/payment/SearchMember.idPass from 136.226.3.92
2024/05/01 03:48:19 [/shop/shopping/load_payment_module.php] Array
(
    [SiteID] => mst0000007602
    [SitePass] => ******
    [MemberID] => 10205
)
 from 136.226.3.92
2024/05/01 03:48:19 [/shop/shopping/load_payment_module.php] ErrCode=E01&ErrInfo=E01390002 from 136.226.3.92
2024/05/01 03:48:19 [/shop/shopping/load_payment_module.php] Array
(
    [0] => Array
        (
            [ErrCode] => E01
            [ErrInfo] => E01390002
        )

)
 from 136.226.3.92
2024/05/01 03:48:19 [/shop/shopping/load_payment_module.php] SendRequest:https://p01.mul-pay.jp/payment/SearchCard.idPass from 136.226.3.92
2024/05/01 03:48:19 [/shop/shopping/load_payment_module.php] Array
(
    [SiteID] => mst0000007602
    [SitePass] => ******
    [MemberID] => 10205
)
 from 136.226.3.92
2024/05/01 03:48:19 [/shop/shopping/load_payment_module.php] ErrCode=E01|E01&ErrInfo=E01390002|E01240002 from 136.226.3.92
2024/05/01 03:48:19 [/shop/shopping/load_payment_module.php] Array
(
    [0] => Array
        (
            [ErrCode] => E01
            [ErrInfo] => E01390002
        )

    [1] => Array
        (
            [ErrCode] => E01
            [ErrInfo] => E01240002
        )

)
 from 136.226.3.92
2024/05/01 03:48:38 [/shop/shopping/load_payment_module.php] SendRequest:https://p01.mul-pay.jp/payment/SearchMember.idPass from 136.226.3.92
2024/05/01 03:48:38 [/shop/shopping/load_payment_module.php] Array
(
    [SiteID] => mst0000007602
    [SitePass] => ******
    [MemberID] => 10205
)
 from 136.226.3.92
2024/05/01 03:48:38 [/shop/shopping/load_payment_module.php] ErrCode=E01&ErrInfo=E01390002 from 136.226.3.92
2024/05/01 03:48:38 [/shop/shopping/load_payment_module.php] Array
(
    [0] => Array
        (
            [ErrCode] => E01
            [ErrInfo] => E01390002
        )

)
 from 136.226.3.92
2024/05/01 03:48:38 [/shop/shopping/load_payment_module.php] SendRequest:https://p01.mul-pay.jp/payment/SearchCard.idPass from 136.226.3.92
2024/05/01 03:48:38 [/shop/shopping/load_payment_module.php] Array
(
    [SiteID] => mst0000007602
    [SitePass] => ******
    [MemberID] => 10205
)
 from 136.226.3.92
2024/05/01 03:48:38 [/shop/shopping/load_payment_module.php] ErrCode=E01|E01&ErrInfo=E01390002|E01240002 from 136.226.3.92
2024/05/01 03:48:38 [/shop/shopping/load_payment_module.php] Array
(
    [0] => Array
        (
            [ErrCode] => E01
            [ErrInfo] => E01390002
        )

    [1] => Array
        (
            [ErrCode] => E01
            [ErrInfo] => E01240002
        )

)
 from 136.226.3.92
2024/05/01 03:48:38 [/shop/shopping/load_payment_module.php] SendRequest:https://p01.mul-pay.jp/payment/EntryTran.idPass from 136.226.3.92
2024/05/01 03:48:38 [/shop/shopping/load_payment_module.php] Array
(
    [ShopID] => 9000034600950
    [ShopPass] => ******
    [OrderID] => 957317-01034838
    [JobCd] => CAPTURE
    [Amount] => 10500
    [TdFlag] => 0
    [TdTenantName] => 
)
 from 136.226.3.92
2024/05/01 03:48:38 [/shop/shopping/load_payment_module.php] AccessID=339e0ba62007f504f3aa41fcf5309c0f&AccessPass=167f4082604b743df54b941e350f6e4f from 136.226.3.92
2024/05/01 03:48:38 [/shop/shopping/load_payment_module.php] Array
(
    [0] => Array
        (
            [AccessID] => 339e0ba62007f504f3aa41fcf5309c0f
            [AccessPass] => 167f4082604b743df54b941e350f6e4f
        )

)
 from 136.226.3.92
2024/05/01 03:48:38 [/shop/shopping/load_payment_module.php] load_payment_module.php set payment data:Array
(
    [AccessID] => 339e0ba62007f504f3aa41fcf5309c0f
    [AccessPass] => 167f4082604b743df54b941e350f6e4f
    [OrderID] => 957317-01034838
    [Amount] => 10500
    [JobCd] => CAPTURE
    [action_status] => 1
    [pay_status] => 0
)
 from 136.226.3.92
2024/05/01 03:48:38 [/shop/shopping/load_payment_module.php] SendRequest:https://p01.mul-pay.jp/payment/ExecTran.idPass from 136.226.3.92
2024/05/01 03:48:38 [/shop/shopping/load_payment_module.php] Array
(
    [AccessID] => 339e0ba62007f504f3aa41fcf5309c0f
    [AccessPass] => 167f4082604b743df54b941e350f6e4f
    [OrderID] => 957317-01034838
    [Method] => 1
    [Token] => 3f7c8ee04b6c08407d46c75712bb6d8b0db7dc33b0dc3b99a410e3f14dde5cda
    [ClientField1] => 
    [ClientField2] => 
    [ClientField3] => EC-CUBE4.3.35
)
 from 136.226.3.92
2024/05/01 03:48:39 [/shop/shopping/load_payment_module.php] ACS=0&OrderID=957317-01034838&Forward=2a99661&Method=1&PayTimes=&Approve=0285926&TranID=2405010348602257210134163097&TranDate=20240501034839&CheckString=023e8d59b69103771d88bf848d3a9bca from 136.226.3.92
2024/05/01 03:48:39 [/shop/shopping/load_payment_module.php] Array
(
    [0] => Array
        (
            [ACS] => 0
            [OrderID] => 957317-01034838
            [Forward] => 2a99661
            [Method] => 1
            [PayTimes] => 
            [Approve] => 0285926
            [TranID] => 2405010348602257210134163097
            [TranDate] => 20240501034839
            [CheckString] => 023e8d59b69103771d88bf848d3a9bca
        )

)
 from 136.226.3.92
2024/05/01 03:48:39 [/shop/shopping/load_payment_module.php] load_payment_module.php set payment data:Array
(
    [ACS] => 0
    [Forward] => 2a99661
    [Method] => 1
    [PayTimes] => 
    [Approve] => 0285926
    [TranID] => 2405010348602257210134163097
    [TranDate] => 20240501034839
    [CheckString] => 023e8d59b69103771d88bf848d3a9bca
    [Amount] => 10500
    [JobCd] => CAPTURE
    [action_status] => 3
    [pay_status] => 13
)
 from 136.226.3.92
2024/05/01 03:48:40 [/shop/user_data/pg_mulpay_recv.php] ******* receiveer data start ******* from 210.175.7.20
2024/05/01 03:48:40 [/shop/user_data/pg_mulpay_recv.php] Array
(
    [ShopID] => 9000034600950
    [ShopPass] => **********
    [AccessID] => 339e0ba62007f504f3aa41fcf5309c0f
    [AccessPass] => ********************************
    [OrderID] => 957317-01034838
    [Status] => CAPTURE
    [JobCd] => CAPTURE
    [Amount] => 10500
    [Tax] => 0
    [Currency] => JPN
    [Forward] => 2a99661
    [Method] => 1
    [PayTimes] => 
    [TranID] => 2405010348602257210134163097
    [Approve] => 0285926
    [TranDate] => 20240501034839
    [ErrCode] => 
    [ErrInfo] => 
    [PayType] => 0
)
 from 210.175.7.20
2024/05/01 03:48:40 [/shop/user_data/pg_mulpay_recv.php] ******* receiveer data end ******* from 210.175.7.20
2024/05/01 03:48:45 [/shop/user_data/pg_mulpay_recv.php] update order status:1 order_id=957317 from 210.175.7.20
2024/05/01 03:48:45 [/shop/user_data/pg_mulpay_recv.php] pg_mulpay_recv.php set payment data:Array
(
    [ShopID] => 9000034600950
    [AccessID] => 339e0ba62007f504f3aa41fcf5309c0f
    [OrderID] => 957317-01034838
    [Status] => CAPTURE
    [JobCd] => CAPTURE
    [Amount] => 10500
    [Tax] => 0
    [Currency] => JPN
    [Forward] => 2a99661
    [Method] => 1
    [PayTimes] => 
    [TranID] => 2405010348602257210134163097
    [Approve] => 0285926
    [TranDate] => 20240501034839
    [ErrCode] => 
    [ErrInfo] => 
    [PayType] => 0
    [CvsCode] => 
    [CvsConfNo] => 
    [CvsReceiptNo] => 
    [EdyReceiptNo] => 
    [EdyOrderNo] => 
    [SuicaReceiptNo] => 
    [SuicaOrderNo] => 
    [CustID] => 
    [BkCode] => 
    [ConfNo] => 
    [PaymentTerm] => 
    [EncryptReceiptNo] => 
    [FinishDate] => 
    [ReceiptDate] => 
    [WebMoneyManagementNo] => 
    [WebMoneySettleCode] => 
    [AuPayInfoNo] => 
    [AuPayMethod] => 
    [AuCancelAmount] => 
    [AuCancelTax] => 
    [DocomoSettlementCode] => 
    [DocomoCancelAmount] => 
    [DocomoCancelTax] => 
    [pay_status] => 13
)
 from 210.175.7.20
2024/05/01 03:48:45 [/shop/user_data/pg_mulpay_recv.php] response:true from 210.175.7.20
2024/05/01 04:48:51 [/shop/shopping/load_payment_module.php] SendRequest:https://p01.mul-pay.jp/payment/SearchMember.idPass from 76.173.35.183
2024/05/01 04:48:51 [/shop/shopping/load_payment_module.php] Array
(
    [SiteID] => mst0000007602
    [SitePass] => ******
    [MemberID] => 114
)
 from 76.173.35.183
2024/05/01 04:48:52 [/shop/shopping/load_payment_module.php] ErrCode=E01&ErrInfo=E01390002 from 76.173.35.183
2024/05/01 04:48:52 [/shop/shopping/load_payment_module.php] Array
(
    [0] => Array
        (
            [ErrCode] => E01
            [ErrInfo] => E01390002
        )

)
 from 76.173.35.183
2024/05/01 04:48:52 [/shop/shopping/load_payment_module.php] SendRequest:https://p01.mul-pay.jp/payment/SearchCard.idPass from 76.173.35.183
2024/05/01 04:48:52 [/shop/shopping/load_payment_module.php] Array
(
    [SiteID] => mst0000007602
    [SitePass] => ******
    [MemberID] => 114
)
 from 76.173.35.183
2024/05/01 04:48:52 [/shop/shopping/load_payment_module.php] ErrCode=E01|E01&ErrInfo=E01390002|E01240002 from 76.173.35.183
2024/05/01 04:48:52 [/shop/shopping/load_payment_module.php] Array
(
    [0] => Array
        (
            [ErrCode] => E01
            [ErrInfo] => E01390002
        )

    [1] => Array
        (
            [ErrCode] => E01
            [ErrInfo] => E01240002
        )

)
 from 76.173.35.183
2024/05/01 04:49:53 [/shop/shopping/load_payment_module.php] SendRequest:https://p01.mul-pay.jp/payment/SearchMember.idPass from 76.173.35.183
2024/05/01 04:49:53 [/shop/shopping/load_payment_module.php] Array
(
    [SiteID] => mst0000007602
    [SitePass] => ******
    [MemberID] => 114
)
 from 76.173.35.183
2024/05/01 04:49:53 [/shop/shopping/load_payment_module.php] ErrCode=E01&ErrInfo=E01390002 from 76.173.35.183
2024/05/01 04:49:53 [/shop/shopping/load_payment_module.php] Array
(
    [0] => Array
        (
            [ErrCode] => E01
            [ErrInfo] => E01390002
        )

)
 from 76.173.35.183
2024/05/01 04:49:53 [/shop/shopping/load_payment_module.php] SendRequest:https://p01.mul-pay.jp/payment/SearchCard.idPass from 76.173.35.183
2024/05/01 04:49:53 [/shop/shopping/load_payment_module.php] Array
(
    [SiteID] => mst0000007602
    [SitePass] => ******
    [MemberID] => 114
)
 from 76.173.35.183
2024/05/01 04:49:53 [/shop/shopping/load_payment_module.php] ErrCode=E01|E01&ErrInfo=E01390002|E01240002 from 76.173.35.183
2024/05/01 04:49:53 [/shop/shopping/load_payment_module.php] Array
(
    [0] => Array
        (
            [ErrCode] => E01
            [ErrInfo] => E01390002
        )

    [1] => Array
        (
            [ErrCode] => E01
            [ErrInfo] => E01240002
        )

)
 from 76.173.35.183
2024/05/01 04:49:53 [/shop/shopping/load_payment_module.php] SendRequest:https://p01.mul-pay.jp/payment/EntryTran.idPass from 76.173.35.183
2024/05/01 04:49:53 [/shop/shopping/load_payment_module.php] Array
(
    [ShopID] => 9000034600950
    [ShopPass] => ******
    [OrderID] => 957318-01044953
    [JobCd] => CAPTURE
    [Amount] => 6950
    [TdFlag] => 0
    [TdTenantName] => 
)
 from 76.173.35.183
2024/05/01 04:49:53 [/shop/shopping/load_payment_module.php] AccessID=88e6969ab0c333132eb3456b8b79a874&AccessPass=3d0e0247e0a597c27fe257ba9d1890bc from 76.173.35.183
2024/05/01 04:49:53 [/shop/shopping/load_payment_module.php] Array
(
    [0] => Array
        (
            [AccessID] => 88e6969ab0c333132eb3456b8b79a874
            [AccessPass] => 3d0e0247e0a597c27fe257ba9d1890bc
        )

)
 from 76.173.35.183
2024/05/01 04:49:53 [/shop/shopping/load_payment_module.php] load_payment_module.php set payment data:Array
(
    [AccessID] => 88e6969ab0c333132eb3456b8b79a874
    [AccessPass] => 3d0e0247e0a597c27fe257ba9d1890bc
    [OrderID] => 957318-01044953
    [Amount] => 6950
    [JobCd] => CAPTURE
    [action_status] => 1
    [pay_status] => 0
)
 from 76.173.35.183
2024/05/01 04:49:53 [/shop/shopping/load_payment_module.php] SendRequest:https://p01.mul-pay.jp/payment/ExecTran.idPass from 76.173.35.183
2024/05/01 04:49:53 [/shop/shopping/load_payment_module.php] Array
(
    [AccessID] => 88e6969ab0c333132eb3456b8b79a874
    [AccessPass] => 3d0e0247e0a597c27fe257ba9d1890bc
    [OrderID] => 957318-01044953
    [Method] => 1
    [Token] => 879857dc3fa00d1c27a9b4398e0e339b5c76c683fcbdc1ba43e77b1c47f537f2
    [ClientField1] => 
    [ClientField2] => 
    [ClientField3] => EC-CUBE4.3.35
)
 from 76.173.35.183
2024/05/01 04:49:54 [/shop/shopping/load_payment_module.php] ACS=0&OrderID=957318-01044953&Forward=2959876&Method=1&PayTimes=&Approve=0684839&TranID=2405010449602257210134172960&TranDate=20240501044954&CheckString=fca10a371726e28ff0ee3470c48bba60 from 76.173.35.183
2024/05/01 04:49:54 [/shop/shopping/load_payment_module.php] Array
(
    [0] => Array
        (
            [ACS] => 0
            [OrderID] => 957318-01044953
            [Forward] => 2959876
            [Method] => 1
            [PayTimes] => 
            [Approve] => 0684839
            [TranID] => 2405010449602257210134172960
            [TranDate] => 20240501044954
            [CheckString] => fca10a371726e28ff0ee3470c48bba60
        )

)
 from 76.173.35.183
2024/05/01 04:49:54 [/shop/shopping/load_payment_module.php] load_payment_module.php set payment data:Array
(
    [ACS] => 0
    [Forward] => 2959876
    [Method] => 1
    [PayTimes] => 
    [Approve] => 0684839
    [TranID] => 2405010449602257210134172960
    [TranDate] => 20240501044954
    [CheckString] => fca10a371726e28ff0ee3470c48bba60
    [Amount] => 6950
    [JobCd] => CAPTURE
    [action_status] => 3
    [pay_status] => 13
)
 from 76.173.35.183
2024/05/01 04:49:55 [/shop/user_data/pg_mulpay_recv.php] ******* receiveer data start ******* from 210.175.7.20
2024/05/01 04:49:55 [/shop/user_data/pg_mulpay_recv.php] Array
(
    [ShopID] => 9000034600950
    [ShopPass] => **********
    [AccessID] => 88e6969ab0c333132eb3456b8b79a874
    [AccessPass] => ********************************
    [OrderID] => 957318-01044953
    [Status] => CAPTURE
    [JobCd] => CAPTURE
    [Amount] => 6950
    [Tax] => 0
    [Currency] => JPN
    [Forward] => 2959876
    [Method] => 1
    [PayTimes] => 
    [TranID] => 2405010449602257210134172960
    [Approve] => 0684839
    [TranDate] => 20240501044954
    [ErrCode] => 
    [ErrInfo] => 
    [PayType] => 0
)
 from 210.175.7.20
2024/05/01 04:49:55 [/shop/user_data/pg_mulpay_recv.php] ******* receiveer data end ******* from 210.175.7.20
2024/05/01 04:50:00 [/shop/user_data/pg_mulpay_recv.php] update order status:1 order_id=957318 from 210.175.7.20
2024/05/01 04:50:00 [/shop/user_data/pg_mulpay_recv.php] pg_mulpay_recv.php set payment data:Array
(
    [ShopID] => 9000034600950
    [AccessID] => 88e6969ab0c333132eb3456b8b79a874
    [OrderID] => 957318-01044953
    [Status] => CAPTURE
    [JobCd] => CAPTURE
    [Amount] => 6950
    [Tax] => 0
    [Currency] => JPN
    [Forward] => 2959876
    [Method] => 1
    [PayTimes] => 
    [TranID] => 2405010449602257210134172960
    [Approve] => 0684839
    [TranDate] => 20240501044954
    [ErrCode] => 
    [ErrInfo] => 
    [PayType] => 0
    [CvsCode] => 
    [CvsConfNo] => 
    [CvsReceiptNo] => 
    [EdyReceiptNo] => 
    [EdyOrderNo] => 
    [SuicaReceiptNo] => 
    [SuicaOrderNo] => 
    [CustID] => 
    [BkCode] => 
    [ConfNo] => 
    [PaymentTerm] => 
    [EncryptReceiptNo] => 
    [FinishDate] => 
    [ReceiptDate] => 
    [WebMoneyManagementNo] => 
    [WebMoneySettleCode] => 
    [AuPayInfoNo] => 
    [AuPayMethod] => 
    [AuCancelAmount] => 
    [AuCancelTax] => 
    [DocomoSettlementCode] => 
    [DocomoCancelAmount] => 
    [DocomoCancelTax] => 
    [pay_status] => 13
)
 from 210.175.7.20
2024/05/01 04:50:00 [/shop/user_data/pg_mulpay_recv.php] response:true from 210.175.7.20
2024/05/01 05:51:38 [/shop/shopping/load_payment_module.php] SendRequest:https://p01.mul-pay.jp/payment/EntryTran.idPass from 81.140.197.253
2024/05/01 05:51:38 [/shop/shopping/load_payment_module.php] Array
(
    [ShopID] => 9000034600950
    [ShopPass] => ******
    [OrderID] => 957320-01055138
    [JobCd] => CAPTURE
    [Amount] => 7660
    [TdFlag] => 0
    [TdTenantName] => 
)
 from 81.140.197.253
2024/05/01 05:51:38 [/shop/shopping/load_payment_module.php] AccessID=e24d152df3060f7b04fef5c1c31f9800&AccessPass=db14fa32268a06bb1039d72a85e2664c from 81.140.197.253
2024/05/01 05:51:38 [/shop/shopping/load_payment_module.php] Array
(
    [0] => Array
        (
            [AccessID] => e24d152df3060f7b04fef5c1c31f9800
            [AccessPass] => db14fa32268a06bb1039d72a85e2664c
        )

)
 from 81.140.197.253
2024/05/01 05:51:38 [/shop/shopping/load_payment_module.php] load_payment_module.php set payment data:Array
(
    [AccessID] => e24d152df3060f7b04fef5c1c31f9800
    [AccessPass] => db14fa32268a06bb1039d72a85e2664c
    [OrderID] => 957320-01055138
    [Amount] => 7660
    [JobCd] => CAPTURE
    [action_status] => 1
    [pay_status] => 0
)
 from 81.140.197.253
2024/05/01 05:51:38 [/shop/shopping/load_payment_module.php] SendRequest:https://p01.mul-pay.jp/payment/ExecTran.idPass from 81.140.197.253
2024/05/01 05:51:38 [/shop/shopping/load_payment_module.php] Array
(
    [AccessID] => e24d152df3060f7b04fef5c1c31f9800
    [AccessPass] => db14fa32268a06bb1039d72a85e2664c
    [OrderID] => 957320-01055138
    [Method] => 1
    [Token] => da500a2da1b306cb3d509521d981eaab94fd93af300d087104486965047b74e3
    [ClientField1] => 
    [ClientField2] => 
    [ClientField3] => EC-CUBE4.3.35
)
 from 81.140.197.253
2024/05/01 05:51:39 [/shop/shopping/load_payment_module.php] ACS=0&OrderID=957320-01055138&Forward=2a99661&Method=1&PayTimes=&Approve=0283370&TranID=2405010551602257210134183008&TranDate=20240501055139&CheckString=0106c3aa290275db240313e250f1dbde from 81.140.197.253
2024/05/01 05:51:39 [/shop/shopping/load_payment_module.php] Array
(
    [0] => Array
        (
            [ACS] => 0
            [OrderID] => 957320-01055138
            [Forward] => 2a99661
            [Method] => 1
            [PayTimes] => 
            [Approve] => 0283370
            [TranID] => 2405010551602257210134183008
            [TranDate] => 20240501055139
            [CheckString] => 0106c3aa290275db240313e250f1dbde
        )

)
 from 81.140.197.253
2024/05/01 05:51:39 [/shop/shopping/load_payment_module.php] load_payment_module.php set payment data:Array
(
    [ACS] => 0
    [Forward] => 2a99661
    [Method] => 1
    [PayTimes] => 
    [Approve] => 0283370
    [TranID] => 2405010551602257210134183008
    [TranDate] => 20240501055139
    [CheckString] => 0106c3aa290275db240313e250f1dbde
    [Amount] => 7660
    [JobCd] => CAPTURE
    [action_status] => 3
    [pay_status] => 13
)
 from 81.140.197.253
2024/05/01 05:51:39 [/shop/user_data/pg_mulpay_recv.php] ******* receiveer data start ******* from 210.175.7.20
2024/05/01 05:51:39 [/shop/user_data/pg_mulpay_recv.php] Array
(
    [ShopID] => 9000034600950
    [ShopPass] => **********
    [AccessID] => e24d152df3060f7b04fef5c1c31f9800
    [AccessPass] => ********************************
    [OrderID] => 957320-01055138
    [Status] => CAPTURE
    [JobCd] => CAPTURE
    [Amount] => 7660
    [Tax] => 0
    [Currency] => JPN
    [Forward] => 2a99661
    [Method] => 1
    [PayTimes] => 
    [TranID] => 2405010551602257210134183008
    [Approve] => 0283370
    [TranDate] => 20240501055139
    [ErrCode] => 
    [ErrInfo] => 
    [PayType] => 0
)
 from 210.175.7.20
2024/05/01 05:51:39 [/shop/user_data/pg_mulpay_recv.php] ******* receiveer data end ******* from 210.175.7.20
2024/05/01 05:51:44 [/shop/user_data/pg_mulpay_recv.php] update order status:1 order_id=957320 from 210.175.7.20
2024/05/01 05:51:44 [/shop/user_data/pg_mulpay_recv.php] pg_mulpay_recv.php set payment data:Array
(
    [ShopID] => 9000034600950
    [AccessID] => e24d152df3060f7b04fef5c1c31f9800
    [OrderID] => 957320-01055138
    [Status] => CAPTURE
    [JobCd] => CAPTURE
    [Amount] => 7660
    [Tax] => 0
    [Currency] => JPN
    [Forward] => 2a99661
    [Method] => 1
    [PayTimes] => 
    [TranID] => 2405010551602257210134183008
    [Approve] => 0283370
    [TranDate] => 20240501055139
    [ErrCode] => 
    [ErrInfo] => 
    [PayType] => 0
    [CvsCode] => 
    [CvsConfNo] => 
    [CvsReceiptNo] => 
    [EdyReceiptNo] => 
    [EdyOrderNo] => 
    [SuicaReceiptNo] => 
    [SuicaOrderNo] => 
    [CustID] => 
    [BkCode] => 
    [ConfNo] => 
    [PaymentTerm] => 
    [EncryptReceiptNo] => 
    [FinishDate] => 
    [ReceiptDate] => 
    [WebMoneyManagementNo] => 
    [WebMoneySettleCode] => 
    [AuPayInfoNo] => 
    [AuPayMethod] => 
    [AuCancelAmount] => 
    [AuCancelTax] => 
    [DocomoSettlementCode] => 
    [DocomoCancelAmount] => 
    [DocomoCancelTax] => 
    [pay_status] => 13
)
 from 210.175.7.20
2024/05/01 05:51:44 [/shop/user_data/pg_mulpay_recv.php] response:true from 210.175.7.20
2024/05/01 08:21:20 [/shop/shopping/load_payment_module.php] SendRequest:https://p01.mul-pay.jp/payment/SearchMember.idPass from 163.116.203.111
2024/05/01 08:21:20 [/shop/shopping/load_payment_module.php] Array
(
    [SiteID] => mst0000007602
    [SitePass] => ******
    [MemberID] => 568
)
 from 163.116.203.111
2024/05/01 08:21:21 [/shop/shopping/load_payment_module.php] ErrCode=E01&ErrInfo=E01390002 from 163.116.203.111
2024/05/01 08:21:21 [/shop/shopping/load_payment_module.php] Array
(
    [0] => Array
        (
            [ErrCode] => E01
            [ErrInfo] => E01390002
        )

)
 from 163.116.203.111
2024/05/01 08:21:21 [/shop/shopping/load_payment_module.php] SendRequest:https://p01.mul-pay.jp/payment/SearchCard.idPass from 163.116.203.111
2024/05/01 08:21:21 [/shop/shopping/load_payment_module.php] Array
(
    [SiteID] => mst0000007602
    [SitePass] => ******
    [MemberID] => 568
)
 from 163.116.203.111
2024/05/01 08:21:21 [/shop/shopping/load_payment_module.php] ErrCode=E01|E01&ErrInfo=E01390002|E01240002 from 163.116.203.111
2024/05/01 08:21:21 [/shop/shopping/load_payment_module.php] Array
(
    [0] => Array
        (
            [ErrCode] => E01
            [ErrInfo] => E01390002
        )

    [1] => Array
        (
            [ErrCode] => E01
            [ErrInfo] => E01240002
        )

)
 from 163.116.203.111
2024/05/01 08:21:59 [/shop/shopping/load_payment_module.php] SendRequest:https://p01.mul-pay.jp/payment/SearchMember.idPass from 163.116.203.111
2024/05/01 08:21:59 [/shop/shopping/load_payment_module.php] Array
(
    [SiteID] => mst0000007602
    [SitePass] => ******
    [MemberID] => 568
)
 from 163.116.203.111
2024/05/01 08:21:59 [/shop/shopping/load_payment_module.php] ErrCode=E01&ErrInfo=E01390002 from 163.116.203.111
2024/05/01 08:21:59 [/shop/shopping/load_payment_module.php] Array
(
    [0] => Array
        (
            [ErrCode] => E01
            [ErrInfo] => E01390002
        )

)
 from 163.116.203.111
2024/05/01 08:21:59 [/shop/shopping/load_payment_module.php] SendRequest:https://p01.mul-pay.jp/payment/SearchCard.idPass from 163.116.203.111
2024/05/01 08:21:59 [/shop/shopping/load_payment_module.php] Array
(
    [SiteID] => mst0000007602
    [SitePass] => ******
    [MemberID] => 568
)
 from 163.116.203.111
2024/05/01 08:21:59 [/shop/shopping/load_payment_module.php] ErrCode=E01|E01&ErrInfo=E01390002|E01240002 from 163.116.203.111
2024/05/01 08:21:59 [/shop/shopping/load_payment_module.php] Array
(
    [0] => Array
        (
            [ErrCode] => E01
            [ErrInfo] => E01390002
        )

    [1] => Array
        (
            [ErrCode] => E01
            [ErrInfo] => E01240002
        )

)
 from 163.116.203.111
2024/05/01 08:21:59 [/shop/shopping/load_payment_module.php] SendRequest:https://p01.mul-pay.jp/payment/EntryTran.idPass from 163.116.203.111
2024/05/01 08:21:59 [/shop/shopping/load_payment_module.php] Array
(
    [ShopID] => 9000034600950
    [ShopPass] => ******
    [OrderID] => 957321-01082159
    [JobCd] => CAPTURE
    [Amount] => 5020
    [TdFlag] => 0
    [TdTenantName] => 
)
 from 163.116.203.111
2024/05/01 08:21:59 [/shop/shopping/load_payment_module.php] AccessID=1436a448e8d6c765737e30ad960f815e&AccessPass=8346bda929f85a455cb842387caf4d96 from 163.116.203.111
2024/05/01 08:21:59 [/shop/shopping/load_payment_module.php] Array
(
    [0] => Array
        (
            [AccessID] => 1436a448e8d6c765737e30ad960f815e
            [AccessPass] => 8346bda929f85a455cb842387caf4d96
        )

)
 from 163.116.203.111
2024/05/01 08:21:59 [/shop/shopping/load_payment_module.php] load_payment_module.php set payment data:Array
(
    [AccessID] => 1436a448e8d6c765737e30ad960f815e
    [AccessPass] => 8346bda929f85a455cb842387caf4d96
    [OrderID] => 957321-01082159
    [Amount] => 5020
    [JobCd] => CAPTURE
    [action_status] => 1
    [pay_status] => 0
)
 from 163.116.203.111
2024/05/01 08:21:59 [/shop/shopping/load_payment_module.php] SendRequest:https://p01.mul-pay.jp/payment/ExecTran.idPass from 163.116.203.111
2024/05/01 08:21:59 [/shop/shopping/load_payment_module.php] Array
(
    [AccessID] => 1436a448e8d6c765737e30ad960f815e
    [AccessPass] => 8346bda929f85a455cb842387caf4d96
    [OrderID] => 957321-01082159
    [Method] => 1
    [Token] => f33ac96868d2ea6f5b301cd0d314be8a0bc13d9cb7b0e41d7911fc037b311189
    [ClientField1] => 
    [ClientField2] => 
    [ClientField3] => EC-CUBE4.3.35
)
 from 163.116.203.111
2024/05/01 08:22:00 [/shop/shopping/load_payment_module.php] ACS=0&OrderID=957321-01082159&Forward=2S49631&Method=1&PayTimes=&Approve=0009997&TranID=2405010821602257210134172961&TranDate=20240501082200&CheckString=44186b14194b692f960c3689f9e596db from 163.116.203.111
2024/05/01 08:22:00 [/shop/shopping/load_payment_module.php] Array
(
    [0] => Array
        (
            [ACS] => 0
            [OrderID] => 957321-01082159
            [Forward] => 2S49631
            [Method] => 1
            [PayTimes] => 
            [Approve] => 0009997
            [TranID] => 2405010821602257210134172961
            [TranDate] => 20240501082200
            [CheckString] => 44186b14194b692f960c3689f9e596db
        )

)
 from 163.116.203.111
2024/05/01 08:22:00 [/shop/shopping/load_payment_module.php] load_payment_module.php set payment data:Array
(
    [ACS] => 0
    [Forward] => 2S49631
    [Method] => 1
    [PayTimes] => 
    [Approve] => 0009997
    [TranID] => 2405010821602257210134172961
    [TranDate] => 20240501082200
    [CheckString] => 44186b14194b692f960c3689f9e596db
    [Amount] => 5020
    [JobCd] => CAPTURE
    [action_status] => 3
    [pay_status] => 13
)
 from 163.116.203.111
2024/05/01 08:22:00 [/shop/user_data/pg_mulpay_recv.php] ******* receiveer data start ******* from 210.175.7.20
2024/05/01 08:22:00 [/shop/user_data/pg_mulpay_recv.php] Array
(
    [ShopID] => 9000034600950
    [ShopPass] => **********
    [AccessID] => 1436a448e8d6c765737e30ad960f815e
    [AccessPass] => ********************************
    [OrderID] => 957321-01082159
    [Status] => CAPTURE
    [JobCd] => CAPTURE
    [Amount] => 5020
    [Tax] => 0
    [Currency] => JPN
    [Forward] => 2S49631
    [Method] => 1
    [PayTimes] => 
    [TranID] => 2405010821602257210134172961
    [Approve] => 0009997
    [TranDate] => 20240501082200
    [ErrCode] => 
    [ErrInfo] => 
    [PayType] => 0
)
 from 210.175.7.20
2024/05/01 08:22:00 [/shop/user_data/pg_mulpay_recv.php] ******* receiveer data end ******* from 210.175.7.20
2024/05/01 08:22:05 [/shop/user_data/pg_mulpay_recv.php] update order status:1 order_id=957321 from 210.175.7.20
2024/05/01 08:22:05 [/shop/user_data/pg_mulpay_recv.php] pg_mulpay_recv.php set payment data:Array
(
    [ShopID] => 9000034600950
    [AccessID] => 1436a448e8d6c765737e30ad960f815e
    [OrderID] => 957321-01082159
    [Status] => CAPTURE
    [JobCd] => CAPTURE
    [Amount] => 5020
    [Tax] => 0
    [Currency] => JPN
    [Forward] => 2S49631
    [Method] => 1
    [PayTimes] => 
    [TranID] => 2405010821602257210134172961
    [Approve] => 0009997
    [TranDate] => 20240501082200
    [ErrCode] => 
    [ErrInfo] => 
    [PayType] => 0
    [CvsCode] => 
    [CvsConfNo] => 
    [CvsReceiptNo] => 
    [EdyReceiptNo] => 
    [EdyOrderNo] => 
    [SuicaReceiptNo] => 
    [SuicaOrderNo] => 
    [CustID] => 
    [BkCode] => 
    [ConfNo] => 
    [PaymentTerm] => 
    [EncryptReceiptNo] => 
    [FinishDate] => 
    [ReceiptDate] => 
    [WebMoneyManagementNo] => 
    [WebMoneySettleCode] => 
    [AuPayInfoNo] => 
    [AuPayMethod] => 
    [AuCancelAmount] => 
    [AuCancelTax] => 
    [DocomoSettlementCode] => 
    [DocomoCancelAmount] => 
    [DocomoCancelTax] => 
    [pay_status] => 13
)
 from 210.175.7.20
2024/05/01 08:22:05 [/shop/user_data/pg_mulpay_recv.php] response:true from 210.175.7.20
2024/05/01 08:38:04 [/shop/shopping/load_payment_module.php] SendRequest:https://p01.mul-pay.jp/payment/EntryTran.idPass from 47.157.136.144
2024/05/01 08:38:04 [/shop/shopping/load_payment_module.php] Array
(
    [ShopID] => 9000034600950
    [ShopPass] => ******
    [OrderID] => 957323-01083804
    [JobCd] => CAPTURE
    [Amount] => 14520
    [TdFlag] => 0
    [TdTenantName] => 
)
 from 47.157.136.144
2024/05/01 08:38:05 [/shop/shopping/load_payment_module.php] AccessID=b8c934626275a1f8aea6b5bcedf1fb12&AccessPass=96536cfcd9c04234a4acf66e90b6cb3f from 47.157.136.144
2024/05/01 08:38:05 [/shop/shopping/load_payment_module.php] Array
(
    [0] => Array
        (
            [AccessID] => b8c934626275a1f8aea6b5bcedf1fb12
            [AccessPass] => 96536cfcd9c04234a4acf66e90b6cb3f
        )

)
 from 47.157.136.144
2024/05/01 08:38:05 [/shop/shopping/load_payment_module.php] load_payment_module.php set payment data:Array
(
    [AccessID] => b8c934626275a1f8aea6b5bcedf1fb12
    [AccessPass] => 96536cfcd9c04234a4acf66e90b6cb3f
    [OrderID] => 957323-01083804
    [Amount] => 14520
    [JobCd] => CAPTURE
    [action_status] => 1
    [pay_status] => 0
)
 from 47.157.136.144
2024/05/01 08:38:05 [/shop/shopping/load_payment_module.php] SendRequest:https://p01.mul-pay.jp/payment/ExecTran.idPass from 47.157.136.144
2024/05/01 08:38:05 [/shop/shopping/load_payment_module.php] Array
(
    [AccessID] => b8c934626275a1f8aea6b5bcedf1fb12
    [AccessPass] => 96536cfcd9c04234a4acf66e90b6cb3f
    [OrderID] => 957323-01083804
    [Method] => 1
    [Token] => a95b16dffc484c9d7fbe682bba938c9b7b5310844c0ed865c54f609df2315110
    [ClientField1] => 
    [ClientField2] => 
    [ClientField3] => EC-CUBE4.3.35
)
 from 47.157.136.144
2024/05/01 08:38:05 [/shop/shopping/load_payment_module.php] ACS=0&OrderID=957323-01083804&Forward=2S49631&Method=1&PayTimes=&Approve=0041723&TranID=2405010838602257210134153059&TranDate=20240501083805&CheckString=9b972ca8ded5d965a9848b59a27b00a4 from 47.157.136.144
2024/05/01 08:38:05 [/shop/shopping/load_payment_module.php] Array
(
    [0] => Array
        (
            [ACS] => 0
            [OrderID] => 957323-01083804
            [Forward] => 2S49631
            [Method] => 1
            [PayTimes] => 
            [Approve] => 0041723
            [TranID] => 2405010838602257210134153059
            [TranDate] => 20240501083805
            [CheckString] => 9b972ca8ded5d965a9848b59a27b00a4
        )

)
 from 47.157.136.144
2024/05/01 08:38:05 [/shop/shopping/load_payment_module.php] load_payment_module.php set payment data:Array
(
    [ACS] => 0
    [Forward] => 2S49631
    [Method] => 1
    [PayTimes] => 
    [Approve] => 0041723
    [TranID] => 2405010838602257210134153059
    [TranDate] => 20240501083805
    [CheckString] => 9b972ca8ded5d965a9848b59a27b00a4
    [Amount] => 14520
    [JobCd] => CAPTURE
    [action_status] => 3
    [pay_status] => 13
)
 from 47.157.136.144
2024/05/01 08:38:06 [/shop/user_data/pg_mulpay_recv.php] ******* receiveer data start ******* from 210.175.7.20
2024/05/01 08:38:06 [/shop/user_data/pg_mulpay_recv.php] Array
(
    [ShopID] => 9000034600950
    [ShopPass] => **********
    [AccessID] => b8c934626275a1f8aea6b5bcedf1fb12
    [AccessPass] => ********************************
    [OrderID] => 957323-01083804
    [Status] => CAPTURE
    [JobCd] => CAPTURE
    [Amount] => 14520
    [Tax] => 0
    [Currency] => JPN
    [Forward] => 2S49631
    [Method] => 1
    [PayTimes] => 
    [TranID] => 2405010838602257210134153059
    [Approve] => 0041723
    [TranDate] => 20240501083805
    [ErrCode] => 
    [ErrInfo] => 
    [PayType] => 0
)
 from 210.175.7.20
2024/05/01 08:38:06 [/shop/user_data/pg_mulpay_recv.php] ******* receiveer data end ******* from 210.175.7.20
2024/05/01 08:38:11 [/shop/user_data/pg_mulpay_recv.php] update order status:1 order_id=957323 from 210.175.7.20
2024/05/01 08:38:11 [/shop/user_data/pg_mulpay_recv.php] pg_mulpay_recv.php set payment data:Array
(
    [ShopID] => 9000034600950
    [AccessID] => b8c934626275a1f8aea6b5bcedf1fb12
    [OrderID] => 957323-01083804
    [Status] => CAPTURE
    [JobCd] => CAPTURE
    [Amount] => 14520
    [Tax] => 0
    [Currency] => JPN
    [Forward] => 2S49631
    [Method] => 1
    [PayTimes] => 
    [TranID] => 2405010838602257210134153059
    [Approve] => 0041723
    [TranDate] => 20240501083805
    [ErrCode] => 
    [ErrInfo] => 
    [PayType] => 0
    [CvsCode] => 
    [CvsConfNo] => 
    [CvsReceiptNo] => 
    [EdyReceiptNo] => 
    [EdyOrderNo] => 
    [SuicaReceiptNo] => 
    [SuicaOrderNo] => 
    [CustID] => 
    [BkCode] => 
    [ConfNo] => 
    [PaymentTerm] => 
    [EncryptReceiptNo] => 
    [FinishDate] => 
    [ReceiptDate] => 
    [WebMoneyManagementNo] => 
    [WebMoneySettleCode] => 
    [AuPayInfoNo] => 
    [AuPayMethod] => 
    [AuCancelAmount] => 
    [AuCancelTax] => 
    [DocomoSettlementCode] => 
    [DocomoCancelAmount] => 
    [DocomoCancelTax] => 
    [pay_status] => 13
)
 from 210.175.7.20
2024/05/01 08:38:11 [/shop/user_data/pg_mulpay_recv.php] response:true from 210.175.7.20
2024/05/01 09:26:57 [/shop/shopping/load_payment_module.php] SendRequest:https://p01.mul-pay.jp/payment/SearchMember.idPass from 92.203.18.218
2024/05/01 09:26:57 [/shop/shopping/load_payment_module.php] Array
(
    [SiteID] => mst0000007602
    [SitePass] => ******
    [MemberID] => 3060
)
 from 92.203.18.218
2024/05/01 09:26:57 [/shop/shopping/load_payment_module.php] ErrCode=E01&ErrInfo=E01390002 from 92.203.18.218
2024/05/01 09:26:57 [/shop/shopping/load_payment_module.php] Array
(
    [0] => Array
        (
            [ErrCode] => E01
            [ErrInfo] => E01390002
        )

)
 from 92.203.18.218
2024/05/01 09:26:57 [/shop/shopping/load_payment_module.php] SendRequest:https://p01.mul-pay.jp/payment/SearchCard.idPass from 92.203.18.218
2024/05/01 09:26:57 [/shop/shopping/load_payment_module.php] Array
(
    [SiteID] => mst0000007602
    [SitePass] => ******
    [MemberID] => 3060
)
 from 92.203.18.218
2024/05/01 09:26:57 [/shop/shopping/load_payment_module.php] ErrCode=E01|E01&ErrInfo=E01390002|E01240002 from 92.203.18.218
2024/05/01 09:26:57 [/shop/shopping/load_payment_module.php] Array
(
    [0] => Array
        (
            [ErrCode] => E01
            [ErrInfo] => E01390002
        )

    [1] => Array
        (
            [ErrCode] => E01
            [ErrInfo] => E01240002
        )

)
 from 92.203.18.218
2024/05/01 09:27:17 [/shop/shopping/load_payment_module.php] SendRequest:https://p01.mul-pay.jp/payment/SearchMember.idPass from 92.203.18.218
2024/05/01 09:27:17 [/shop/shopping/load_payment_module.php] Array
(
    [SiteID] => mst0000007602
    [SitePass] => ******
    [MemberID] => 3060
)
 from 92.203.18.218
2024/05/01 09:27:17 [/shop/shopping/load_payment_module.php] ErrCode=E01&ErrInfo=E01390002 from 92.203.18.218
2024/05/01 09:27:17 [/shop/shopping/load_payment_module.php] Array
(
    [0] => Array
        (
            [ErrCode] => E01
            [ErrInfo] => E01390002
        )

)
 from 92.203.18.218
2024/05/01 09:27:17 [/shop/shopping/load_payment_module.php] SendRequest:https://p01.mul-pay.jp/payment/SearchCard.idPass from 92.203.18.218
2024/05/01 09:27:17 [/shop/shopping/load_payment_module.php] Array
(
    [SiteID] => mst0000007602
    [SitePass] => ******
    [MemberID] => 3060
)
 from 92.203.18.218
2024/05/01 09:27:17 [/shop/shopping/load_payment_module.php] ErrCode=E01|E01&ErrInfo=E01390002|E01240002 from 92.203.18.218
2024/05/01 09:27:17 [/shop/shopping/load_payment_module.php] Array
(
    [0] => Array
        (
            [ErrCode] => E01
            [ErrInfo] => E01390002
        )

    [1] => Array
        (
            [ErrCode] => E01
            [ErrInfo] => E01240002
        )

)
 from 92.203.18.218
2024/05/01 09:27:17 [/shop/shopping/load_payment_module.php] SendRequest:https://p01.mul-pay.jp/payment/EntryTran.idPass from 92.203.18.218
2024/05/01 09:27:17 [/shop/shopping/load_payment_module.php] Array
(
    [ShopID] => 9000034600950
    [ShopPass] => ******
    [OrderID] => 957324-01092717
    [JobCd] => CAPTURE
    [Amount] => 22000
    [TdFlag] => 0
    [TdTenantName] => 
)
 from 92.203.18.218
2024/05/01 09:27:17 [/shop/shopping/load_payment_module.php] AccessID=a86c16da095d5a52d8bdf69b8dbc19b9&AccessPass=84844ee6f60e47d5ed1b8279aca980f5 from 92.203.18.218
2024/05/01 09:27:17 [/shop/shopping/load_payment_module.php] Array
(
    [0] => Array
        (
            [AccessID] => a86c16da095d5a52d8bdf69b8dbc19b9
            [AccessPass] => 84844ee6f60e47d5ed1b8279aca980f5
        )

)
 from 92.203.18.218
2024/05/01 09:27:17 [/shop/shopping/load_payment_module.php] load_payment_module.php set payment data:Array
(
    [AccessID] => a86c16da095d5a52d8bdf69b8dbc19b9
    [AccessPass] => 84844ee6f60e47d5ed1b8279aca980f5
    [OrderID] => 957324-01092717
    [Amount] => 22000
    [JobCd] => CAPTURE
    [action_status] => 1
    [pay_status] => 0
)
 from 92.203.18.218
2024/05/01 09:27:17 [/shop/shopping/load_payment_module.php] SendRequest:https://p01.mul-pay.jp/payment/ExecTran.idPass from 92.203.18.218
2024/05/01 09:27:17 [/shop/shopping/load_payment_module.php] Array
(
    [AccessID] => a86c16da095d5a52d8bdf69b8dbc19b9
    [AccessPass] => 84844ee6f60e47d5ed1b8279aca980f5
    [OrderID] => 957324-01092717
    [Method] => 1
    [Token] => 009261eaa0a8f9ea8e2e9fb8c9413efad70710cb62c86d2b7f7b5fc71f588f60
    [ClientField1] => 
    [ClientField2] => 
    [ClientField3] => EC-CUBE4.3.35
)
 from 92.203.18.218
2024/05/01 09:27:18 [/shop/shopping/load_payment_module.php] ACS=0&OrderID=957324-01092717&Forward=2S49631&Method=1&PayTimes=&Approve=0196118&TranID=2405010927602257210134153060&TranDate=20240501092718&CheckString=45e9bf44f0c6f0113324148568fe2c50 from 92.203.18.218
2024/05/01 09:27:18 [/shop/shopping/load_payment_module.php] Array
(
    [0] => Array
        (
            [ACS] => 0
            [OrderID] => 957324-01092717
            [Forward] => 2S49631
            [Method] => 1
            [PayTimes] => 
            [Approve] => 0196118
            [TranID] => 2405010927602257210134153060
            [TranDate] => 20240501092718
            [CheckString] => 45e9bf44f0c6f0113324148568fe2c50
        )

)
 from 92.203.18.218
2024/05/01 09:27:18 [/shop/shopping/load_payment_module.php] load_payment_module.php set payment data:Array
(
    [ACS] => 0
    [Forward] => 2S49631
    [Method] => 1
    [PayTimes] => 
    [Approve] => 0196118
    [TranID] => 2405010927602257210134153060
    [TranDate] => 20240501092718
    [CheckString] => 45e9bf44f0c6f0113324148568fe2c50
    [Amount] => 22000
    [JobCd] => CAPTURE
    [action_status] => 3
    [pay_status] => 13
)
 from 92.203.18.218
2024/05/01 09:27:18 [/shop/user_data/pg_mulpay_recv.php] ******* receiveer data start ******* from 210.175.7.20
2024/05/01 09:27:18 [/shop/user_data/pg_mulpay_recv.php] Array
(
    [ShopID] => 9000034600950
    [ShopPass] => **********
    [AccessID] => a86c16da095d5a52d8bdf69b8dbc19b9
    [AccessPass] => ********************************
    [OrderID] => 957324-01092717
    [Status] => CAPTURE
    [JobCd] => CAPTURE
    [Amount] => 22000
    [Tax] => 0
    [Currency] => JPN
    [Forward] => 2S49631
    [Method] => 1
    [PayTimes] => 
    [TranID] => 2405010927602257210134153060
    [Approve] => 0196118
    [TranDate] => 20240501092718
    [ErrCode] => 
    [ErrInfo] => 
    [PayType] => 0
)
 from 210.175.7.20
2024/05/01 09:27:18 [/shop/user_data/pg_mulpay_recv.php] ******* receiveer data end ******* from 210.175.7.20
2024/05/01 09:27:23 [/shop/user_data/pg_mulpay_recv.php] update order status:1 order_id=957324 from 210.175.7.20
2024/05/01 09:27:23 [/shop/user_data/pg_mulpay_recv.php] pg_mulpay_recv.php set payment data:Array
(
    [ShopID] => 9000034600950
    [AccessID] => a86c16da095d5a52d8bdf69b8dbc19b9
    [OrderID] => 957324-01092717
    [Status] => CAPTURE
    [JobCd] => CAPTURE
    [Amount] => 22000
    [Tax] => 0
    [Currency] => JPN
    [Forward] => 2S49631
    [Method] => 1
    [PayTimes] => 
    [TranID] => 2405010927602257210134153060
    [Approve] => 0196118
    [TranDate] => 20240501092718
    [ErrCode] => 
    [ErrInfo] => 
    [PayType] => 0
    [CvsCode] => 
    [CvsConfNo] => 
    [CvsReceiptNo] => 
    [EdyReceiptNo] => 
    [EdyOrderNo] => 
    [SuicaReceiptNo] => 
    [SuicaOrderNo] => 
    [CustID] => 
    [BkCode] => 
    [ConfNo] => 
    [PaymentTerm] => 
    [EncryptReceiptNo] => 
    [FinishDate] => 
    [ReceiptDate] => 
    [WebMoneyManagementNo] => 
    [WebMoneySettleCode] => 
    [AuPayInfoNo] => 
    [AuPayMethod] => 
    [AuCancelAmount] => 
    [AuCancelTax] => 
    [DocomoSettlementCode] => 
    [DocomoCancelAmount] => 
    [DocomoCancelTax] => 
    [pay_status] => 13
)
 from 210.175.7.20
2024/05/01 09:27:23 [/shop/user_data/pg_mulpay_recv.php] response:true from 210.175.7.20
2024/05/01 14:42:49 [/shop/shopping/load_payment_module.php] SendRequest:https://p01.mul-pay.jp/payment/SearchMember.idPass from 77.248.116.65
2024/05/01 14:42:49 [/shop/shopping/load_payment_module.php] Array
(
    [SiteID] => mst0000007602
    [SitePass] => ******
    [MemberID] => 9488
)
 from 77.248.116.65
2024/05/01 14:42:49 [/shop/shopping/load_payment_module.php] ErrCode=E01&ErrInfo=E01390002 from 77.248.116.65
2024/05/01 14:42:49 [/shop/shopping/load_payment_module.php] Array
(
    [0] => Array
        (
            [ErrCode] => E01
            [ErrInfo] => E01390002
        )

)
 from 77.248.116.65
2024/05/01 14:42:49 [/shop/shopping/load_payment_module.php] SendRequest:https://p01.mul-pay.jp/payment/SearchCard.idPass from 77.248.116.65
2024/05/01 14:42:49 [/shop/shopping/load_payment_module.php] Array
(
    [SiteID] => mst0000007602
    [SitePass] => ******
    [MemberID] => 9488
)
 from 77.248.116.65
2024/05/01 14:42:49 [/shop/shopping/load_payment_module.php] ErrCode=E01|E01&ErrInfo=E01390002|E01240002 from 77.248.116.65
2024/05/01 14:42:49 [/shop/shopping/load_payment_module.php] Array
(
    [0] => Array
        (
            [ErrCode] => E01
            [ErrInfo] => E01390002
        )

    [1] => Array
        (
            [ErrCode] => E01
            [ErrInfo] => E01240002
        )

)
 from 77.248.116.65
2024/05/01 14:44:23 [/shop/shopping/load_payment_module.php] SendRequest:https://p01.mul-pay.jp/payment/SearchMember.idPass from 77.248.116.65
2024/05/01 14:44:23 [/shop/shopping/load_payment_module.php] Array
(
    [SiteID] => mst0000007602
    [SitePass] => ******
    [MemberID] => 9488
)
 from 77.248.116.65
2024/05/01 14:44:23 [/shop/shopping/load_payment_module.php] ErrCode=E01&ErrInfo=E01390002 from 77.248.116.65
2024/05/01 14:44:23 [/shop/shopping/load_payment_module.php] Array
(
    [0] => Array
        (
            [ErrCode] => E01
            [ErrInfo] => E01390002
        )

)
 from 77.248.116.65
2024/05/01 14:44:23 [/shop/shopping/load_payment_module.php] SendRequest:https://p01.mul-pay.jp/payment/SearchCard.idPass from 77.248.116.65
2024/05/01 14:44:23 [/shop/shopping/load_payment_module.php] Array
(
    [SiteID] => mst0000007602
    [SitePass] => ******
    [MemberID] => 9488
)
 from 77.248.116.65
2024/05/01 14:44:23 [/shop/shopping/load_payment_module.php] ErrCode=E01|E01&ErrInfo=E01390002|E01240002 from 77.248.116.65
2024/05/01 14:44:23 [/shop/shopping/load_payment_module.php] Array
(
    [0] => Array
        (
            [ErrCode] => E01
            [ErrInfo] => E01390002
        )

    [1] => Array
        (
            [ErrCode] => E01
            [ErrInfo] => E01240002
        )

)
 from 77.248.116.65
2024/05/01 14:44:23 [/shop/shopping/load_payment_module.php] SendRequest:https://p01.mul-pay.jp/payment/EntryTran.idPass from 77.248.116.65
2024/05/01 14:44:23 [/shop/shopping/load_payment_module.php] Array
(
    [ShopID] => 9000034600950
    [ShopPass] => ******
    [OrderID] => 957325-01144423
    [JobCd] => CAPTURE
    [Amount] => 8209
    [TdFlag] => 0
    [TdTenantName] => 
)
 from 77.248.116.65
2024/05/01 14:44:23 [/shop/shopping/load_payment_module.php] AccessID=1b7a691fbb0d7ce90e1ec138c650553c&AccessPass=09c70b3f1edb46e3280e2ce4fa2bb2f3 from 77.248.116.65
2024/05/01 14:44:23 [/shop/shopping/load_payment_module.php] Array
(
    [0] => Array
        (
            [AccessID] => 1b7a691fbb0d7ce90e1ec138c650553c
            [AccessPass] => 09c70b3f1edb46e3280e2ce4fa2bb2f3
        )

)
 from 77.248.116.65
2024/05/01 14:44:23 [/shop/shopping/load_payment_module.php] load_payment_module.php set payment data:Array
(
    [AccessID] => 1b7a691fbb0d7ce90e1ec138c650553c
    [AccessPass] => 09c70b3f1edb46e3280e2ce4fa2bb2f3
    [OrderID] => 957325-01144423
    [Amount] => 8209
    [JobCd] => CAPTURE
    [action_status] => 1
    [pay_status] => 0
)
 from 77.248.116.65
2024/05/01 14:44:23 [/shop/shopping/load_payment_module.php] SendRequest:https://p01.mul-pay.jp/payment/ExecTran.idPass from 77.248.116.65
2024/05/01 14:44:23 [/shop/shopping/load_payment_module.php] Array
(
    [AccessID] => 1b7a691fbb0d7ce90e1ec138c650553c
    [AccessPass] => 09c70b3f1edb46e3280e2ce4fa2bb2f3
    [OrderID] => 957325-01144423
    [Method] => 1
    [Token] => 623daf8c50926ed43863cd7e0c5a7983ed805b832d9eb94dcbff54decd0d68bd
    [ClientField1] => 
    [ClientField2] => 
    [ClientField3] => EC-CUBE4.3.35
)
 from 77.248.116.65
2024/05/01 14:44:24 [/shop/shopping/load_payment_module.php] ACS=0&OrderID=957325-01144423&Forward=2a99661&Method=1&PayTimes=&Approve=0269803&TranID=2405011444602257210134172962&TranDate=20240501144424&CheckString=a806bdab706be0f3eddd64baed3e6439 from 77.248.116.65
2024/05/01 14:44:24 [/shop/shopping/load_payment_module.php] Array
(
    [0] => Array
        (
            [ACS] => 0
            [OrderID] => 957325-01144423
            [Forward] => 2a99661
            [Method] => 1
            [PayTimes] => 
            [Approve] => 0269803
            [TranID] => 2405011444602257210134172962
            [TranDate] => 20240501144424
            [CheckString] => a806bdab706be0f3eddd64baed3e6439
        )

)
 from 77.248.116.65
2024/05/01 14:44:24 [/shop/shopping/load_payment_module.php] load_payment_module.php set payment data:Array
(
    [ACS] => 0
    [Forward] => 2a99661
    [Method] => 1
    [PayTimes] => 
    [Approve] => 0269803
    [TranID] => 2405011444602257210134172962
    [TranDate] => 20240501144424
    [CheckString] => a806bdab706be0f3eddd64baed3e6439
    [Amount] => 8209
    [JobCd] => CAPTURE
    [action_status] => 3
    [pay_status] => 13
)
 from 77.248.116.65
2024/05/01 14:44:24 [/shop/user_data/pg_mulpay_recv.php] ******* receiveer data start ******* from 210.175.7.20
2024/05/01 14:44:24 [/shop/user_data/pg_mulpay_recv.php] Array
(
    [ShopID] => 9000034600950
    [ShopPass] => **********
    [AccessID] => 1b7a691fbb0d7ce90e1ec138c650553c
    [AccessPass] => ********************************
    [OrderID] => 957325-01144423
    [Status] => CAPTURE
    [JobCd] => CAPTURE
    [Amount] => 8209
    [Tax] => 0
    [Currency] => JPN
    [Forward] => 2a99661
    [Method] => 1
    [PayTimes] => 
    [TranID] => 2405011444602257210134172962
    [Approve] => 0269803
    [TranDate] => 20240501144424
    [ErrCode] => 
    [ErrInfo] => 
    [PayType] => 0
)
 from 210.175.7.20
2024/05/01 14:44:24 [/shop/user_data/pg_mulpay_recv.php] ******* receiveer data end ******* from 210.175.7.20
2024/05/01 14:44:29 [/shop/user_data/pg_mulpay_recv.php] update order status:1 order_id=957325 from 210.175.7.20
2024/05/01 14:44:29 [/shop/user_data/pg_mulpay_recv.php] pg_mulpay_recv.php set payment data:Array
(
    [ShopID] => 9000034600950
    [AccessID] => 1b7a691fbb0d7ce90e1ec138c650553c
    [OrderID] => 957325-01144423
    [Status] => CAPTURE
    [JobCd] => CAPTURE
    [Amount] => 8209
    [Tax] => 0
    [Currency] => JPN
    [Forward] => 2a99661
    [Method] => 1
    [PayTimes] => 
    [TranID] => 2405011444602257210134172962
    [Approve] => 0269803
    [TranDate] => 20240501144424
    [ErrCode] => 
    [ErrInfo] => 
    [PayType] => 0
    [CvsCode] => 
    [CvsConfNo] => 
    [CvsReceiptNo] => 
    [EdyReceiptNo] => 
    [EdyOrderNo] => 
    [SuicaReceiptNo] => 
    [SuicaOrderNo] => 
    [CustID] => 
    [BkCode] => 
    [ConfNo] => 
    [PaymentTerm] => 
    [EncryptReceiptNo] => 
    [FinishDate] => 
    [ReceiptDate] => 
    [WebMoneyManagementNo] => 
    [WebMoneySettleCode] => 
    [AuPayInfoNo] => 
    [AuPayMethod] => 
    [AuCancelAmount] => 
    [AuCancelTax] => 
    [DocomoSettlementCode] => 
    [DocomoCancelAmount] => 
    [DocomoCancelTax] => 
    [pay_status] => 13
)
 from 210.175.7.20
2024/05/01 14:44:29 [/shop/user_data/pg_mulpay_recv.php] response:true from 210.175.7.20
2024/05/01 15:47:50 [/shop/shopping/load_payment_module.php] SendRequest:https://p01.mul-pay.jp/payment/SearchMember.idPass from 175.177.45.133
2024/05/01 15:47:50 [/shop/shopping/load_payment_module.php] Array
(
    [SiteID] => mst0000007602
    [SitePass] => ******
    [MemberID] => 10787
)
 from 175.177.45.133
2024/05/01 15:47:50 [/shop/shopping/load_payment_module.php] ErrCode=E01&ErrInfo=E01390002 from 175.177.45.133
2024/05/01 15:47:50 [/shop/shopping/load_payment_module.php] Array
(
    [0] => Array
        (
            [ErrCode] => E01
            [ErrInfo] => E01390002
        )

)
 from 175.177.45.133
2024/05/01 15:47:50 [/shop/shopping/load_payment_module.php] SendRequest:https://p01.mul-pay.jp/payment/SearchCard.idPass from 175.177.45.133
2024/05/01 15:47:50 [/shop/shopping/load_payment_module.php] Array
(
    [SiteID] => mst0000007602
    [SitePass] => ******
    [MemberID] => 10787
)
 from 175.177.45.133
2024/05/01 15:47:50 [/shop/shopping/load_payment_module.php] ErrCode=E01|E01&ErrInfo=E01390002|E01240002 from 175.177.45.133
2024/05/01 15:47:50 [/shop/shopping/load_payment_module.php] Array
(
    [0] => Array
        (
            [ErrCode] => E01
            [ErrInfo] => E01390002
        )

    [1] => Array
        (
            [ErrCode] => E01
            [ErrInfo] => E01240002
        )

)
 from 175.177.45.133
2024/05/01 15:48:32 [/shop/shopping/load_payment_module.php] SendRequest:https://p01.mul-pay.jp/payment/SearchMember.idPass from 175.177.45.133
2024/05/01 15:48:32 [/shop/shopping/load_payment_module.php] Array
(
    [SiteID] => mst0000007602
    [SitePass] => ******
    [MemberID] => 10787
)
 from 175.177.45.133
2024/05/01 15:48:32 [/shop/shopping/load_payment_module.php] ErrCode=E01&ErrInfo=E01390002 from 175.177.45.133
2024/05/01 15:48:32 [/shop/shopping/load_payment_module.php] Array
(
    [0] => Array
        (
            [ErrCode] => E01
            [ErrInfo] => E01390002
        )

)
 from 175.177.45.133
2024/05/01 15:48:32 [/shop/shopping/load_payment_module.php] SendRequest:https://p01.mul-pay.jp/payment/SearchCard.idPass from 175.177.45.133
2024/05/01 15:48:32 [/shop/shopping/load_payment_module.php] Array
(
    [SiteID] => mst0000007602
    [SitePass] => ******
    [MemberID] => 10787
)
 from 175.177.45.133
2024/05/01 15:48:32 [/shop/shopping/load_payment_module.php] ErrCode=E01|E01&ErrInfo=E01390002|E01240002 from 175.177.45.133
2024/05/01 15:48:32 [/shop/shopping/load_payment_module.php] Array
(
    [0] => Array
        (
            [ErrCode] => E01
            [ErrInfo] => E01390002
        )

    [1] => Array
        (
            [ErrCode] => E01
            [ErrInfo] => E01240002
        )

)
 from 175.177.45.133
2024/05/01 15:48:32 [/shop/shopping/load_payment_module.php] SendRequest:https://p01.mul-pay.jp/payment/EntryTran.idPass from 175.177.45.133
2024/05/01 15:48:32 [/shop/shopping/load_payment_module.php] Array
(
    [ShopID] => 9000034600950
    [ShopPass] => ******
    [OrderID] => 957326-01154832
    [JobCd] => CAPTURE
    [Amount] => 5930
    [TdFlag] => 0
    [TdTenantName] => 
)
 from 175.177.45.133
2024/05/01 15:48:32 [/shop/shopping/load_payment_module.php] AccessID=eac3204b1eccaeeccc7f98defc943c7e&AccessPass=e806668024894a85e6ef96c93c921dba from 175.177.45.133
2024/05/01 15:48:32 [/shop/shopping/load_payment_module.php] Array
(
    [0] => Array
        (
            [AccessID] => eac3204b1eccaeeccc7f98defc943c7e
            [AccessPass] => e806668024894a85e6ef96c93c921dba
        )

)
 from 175.177.45.133
2024/05/01 15:48:32 [/shop/shopping/load_payment_module.php] load_payment_module.php set payment data:Array
(
    [AccessID] => eac3204b1eccaeeccc7f98defc943c7e
    [AccessPass] => e806668024894a85e6ef96c93c921dba
    [OrderID] => 957326-01154832
    [Amount] => 5930
    [JobCd] => CAPTURE
    [action_status] => 1
    [pay_status] => 0
)
 from 175.177.45.133
2024/05/01 15:48:32 [/shop/shopping/load_payment_module.php] SendRequest:https://p01.mul-pay.jp/payment/ExecTran.idPass from 175.177.45.133
2024/05/01 15:48:32 [/shop/shopping/load_payment_module.php] Array
(
    [AccessID] => eac3204b1eccaeeccc7f98defc943c7e
    [AccessPass] => e806668024894a85e6ef96c93c921dba
    [OrderID] => 957326-01154832
    [Method] => 1
    [Token] => c4042225c61d99bc2bf597aa6734dddbaf5162e49016df4685e6d734db8c7b22
    [ClientField1] => 
    [ClientField2] => 
    [ClientField3] => EC-CUBE4.3.35
)
 from 175.177.45.133
2024/05/01 15:48:33 [/shop/shopping/load_payment_module.php] ACS=0&OrderID=957326-01154832&Forward=2959876&Method=1&PayTimes=&Approve=0342462&TranID=2405011548602257210134153061&TranDate=20240501154833&CheckString=b51f2339c7ed1a97f6799949041a128a from 175.177.45.133
2024/05/01 15:48:33 [/shop/shopping/load_payment_module.php] Array
(
    [0] => Array
        (
            [ACS] => 0
            [OrderID] => 957326-01154832
            [Forward] => 2959876
            [Method] => 1
            [PayTimes] => 
            [Approve] => 0342462
            [TranID] => 2405011548602257210134153061
            [TranDate] => 20240501154833
            [CheckString] => b51f2339c7ed1a97f6799949041a128a
        )

)
 from 175.177.45.133
2024/05/01 15:48:33 [/shop/shopping/load_payment_module.php] load_payment_module.php set payment data:Array
(
    [ACS] => 0
    [Forward] => 2959876
    [Method] => 1
    [PayTimes] => 
    [Approve] => 0342462
    [TranID] => 2405011548602257210134153061
    [TranDate] => 20240501154833
    [CheckString] => b51f2339c7ed1a97f6799949041a128a
    [Amount] => 5930
    [JobCd] => CAPTURE
    [action_status] => 3
    [pay_status] => 13
)
 from 175.177.45.133
2024/05/01 15:48:33 [/shop/user_data/pg_mulpay_recv.php] ******* receiveer data start ******* from 210.175.7.20
2024/05/01 15:48:33 [/shop/user_data/pg_mulpay_recv.php] Array
(
    [ShopID] => 9000034600950
    [ShopPass] => **********
    [AccessID] => eac3204b1eccaeeccc7f98defc943c7e
    [AccessPass] => ********************************
    [OrderID] => 957326-01154832
    [Status] => CAPTURE
    [JobCd] => CAPTURE
    [Amount] => 5930
    [Tax] => 0
    [Currency] => JPN
    [Forward] => 2959876
    [Method] => 1
    [PayTimes] => 
    [TranID] => 2405011548602257210134153061
    [Approve] => 0342462
    [TranDate] => 20240501154833
    [ErrCode] => 
    [ErrInfo] => 
    [PayType] => 0
)
 from 210.175.7.20
2024/05/01 15:48:33 [/shop/user_data/pg_mulpay_recv.php] ******* receiveer data end ******* from 210.175.7.20
2024/05/01 15:48:38 [/shop/user_data/pg_mulpay_recv.php] update order status:1 order_id=957326 from 210.175.7.20
2024/05/01 15:48:38 [/shop/user_data/pg_mulpay_recv.php] pg_mulpay_recv.php set payment data:Array
(
    [ShopID] => 9000034600950
    [AccessID] => eac3204b1eccaeeccc7f98defc943c7e
    [OrderID] => 957326-01154832
    [Status] => CAPTURE
    [JobCd] => CAPTURE
    [Amount] => 5930
    [Tax] => 0
    [Currency] => JPN
    [Forward] => 2959876
    [Method] => 1
    [PayTimes] => 
    [TranID] => 2405011548602257210134153061
    [Approve] => 0342462
    [TranDate] => 20240501154833
    [ErrCode] => 
    [ErrInfo] => 
    [PayType] => 0
    [CvsCode] => 
    [CvsConfNo] => 
    [CvsReceiptNo] => 
    [EdyReceiptNo] => 
    [EdyOrderNo] => 
    [SuicaReceiptNo] => 
    [SuicaOrderNo] => 
    [CustID] => 
    [BkCode] => 
    [ConfNo] => 
    [PaymentTerm] => 
    [EncryptReceiptNo] => 
    [FinishDate] => 
    [ReceiptDate] => 
    [WebMoneyManagementNo] => 
    [WebMoneySettleCode] => 
    [AuPayInfoNo] => 
    [AuPayMethod] => 
    [AuCancelAmount] => 
    [AuCancelTax] => 
    [DocomoSettlementCode] => 
    [DocomoCancelAmount] => 
    [DocomoCancelTax] => 
    [pay_status] => 13
)
 from 210.175.7.20
2024/05/01 15:48:38 [/shop/user_data/pg_mulpay_recv.php] response:true from 210.175.7.20
2024/05/01 16:48:00 [/shop/shopping/load_payment_module.php] SendRequest:https://p01.mul-pay.jp/payment/EntryTran.idPass from 202.59.38.229
2024/05/01 16:48:00 [/shop/shopping/load_payment_module.php] Array
(
    [ShopID] => 9000034600950
    [ShopPass] => ******
    [OrderID] => 957327-01164800
    [JobCd] => CAPTURE
    [Amount] => 5940
    [TdFlag] => 0
    [TdTenantName] => 
)
 from 202.59.38.229
2024/05/01 16:48:00 [/shop/shopping/load_payment_module.php] AccessID=927f6991548f194a2ec18cd69b740036&AccessPass=5558811e7fa21eb271ba21a309eebd36 from 202.59.38.229
2024/05/01 16:48:00 [/shop/shopping/load_payment_module.php] Array
(
    [0] => Array
        (
            [AccessID] => 927f6991548f194a2ec18cd69b740036
            [AccessPass] => 5558811e7fa21eb271ba21a309eebd36
        )

)
 from 202.59.38.229
2024/05/01 16:48:00 [/shop/shopping/load_payment_module.php] load_payment_module.php set payment data:Array
(
    [AccessID] => 927f6991548f194a2ec18cd69b740036
    [AccessPass] => 5558811e7fa21eb271ba21a309eebd36
    [OrderID] => 957327-01164800
    [Amount] => 5940
    [JobCd] => CAPTURE
    [action_status] => 1
    [pay_status] => 0
)
 from 202.59.38.229
2024/05/01 16:48:00 [/shop/shopping/load_payment_module.php] SendRequest:https://p01.mul-pay.jp/payment/ExecTran.idPass from 202.59.38.229
2024/05/01 16:48:00 [/shop/shopping/load_payment_module.php] Array
(
    [AccessID] => 927f6991548f194a2ec18cd69b740036
    [AccessPass] => 5558811e7fa21eb271ba21a309eebd36
    [OrderID] => 957327-01164800
    [Method] => 1
    [Token] => 9ca828f3fcbd782aa0420ea25c81b600251df08ad50f7963b3a740873dc0474c
    [ClientField1] => 
    [ClientField2] => 
    [ClientField3] => EC-CUBE4.3.35
)
 from 202.59.38.229
2024/05/01 16:48:00 [/shop/shopping/load_payment_module.php] ErrCode=G61&ErrInfo=42G610000 from 202.59.38.229
2024/05/01 16:48:01 [/shop/shopping/load_payment_module.php] Array
(
    [0] => Array
        (
            [ErrCode] => G61
            [ErrInfo] => 42G610000
        )

)
 from 202.59.38.229
2024/05/01 16:48:01 [/shop/shopping/load_payment_module.php] load_payment_module.php set payment data:Array
(
    [request_error] => Array
        (
            [0] => このカードでは取引をする事が出来ません。 (G61-42G610000)
        )

    [Amount] => 5940
    [JobCd] => CAPTURE
    [action_status] => 3
)
 from 202.59.38.229
2024/05/01 16:48:01 [/shop/user_data/pg_mulpay_recv.php] ******* receiveer data start ******* from 210.175.7.20
2024/05/01 16:48:01 [/shop/user_data/pg_mulpay_recv.php] Array
(
    [ShopID] => 9000034600950
    [ShopPass] => **********
    [AccessID] => 927f6991548f194a2ec18cd69b740036
    [AccessPass] => ********************************
    [OrderID] => 957327-01164800
    [Status] => UNPROCESSED
    [JobCd] => CAPTURE
    [Amount] => 5940
    [Tax] => 0
    [Currency] => JPN
    [Forward] => 2S49631
    [Method] => 1
    [PayTimes] => 
    [TranID] => 2405011648602257210134172963
    [Approve] =>        
    [TranDate] => 20240501164800
    [ErrCode] => G61
    [ErrInfo] => 42G610000
    [PayType] => 0
)
 from 210.175.7.20
2024/05/01 16:48:01 [/shop/user_data/pg_mulpay_recv.php] ******* receiveer data end ******* from 210.175.7.20
2024/05/01 16:48:01 [/shop/user_data/pg_mulpay_recv.php] pg_mulpay_recv.php set payment data:Array
(
    [ShopID] => 9000034600950
    [AccessID] => 927f6991548f194a2ec18cd69b740036
    [OrderID] => 957327-01164800
    [Status] => UNPROCESSED
    [JobCd] => CAPTURE
    [Amount] => 5940
    [Tax] => 0
    [Currency] => JPN
    [Forward] => 2S49631
    [Method] => 1
    [PayTimes] => 
    [TranID] => 2405011648602257210134172963
    [Approve] => 
    [TranDate] => 20240501164800
    [ErrCode] => G61
    [ErrInfo] => 42G610000
    [PayType] => 0
    [CvsCode] => 
    [CvsConfNo] => 
    [CvsReceiptNo] => 
    [EdyReceiptNo] => 
    [EdyOrderNo] => 
    [SuicaReceiptNo] => 
    [SuicaOrderNo] => 
    [CustID] => 
    [BkCode] => 
    [ConfNo] => 
    [PaymentTerm] => 
    [EncryptReceiptNo] => 
    [FinishDate] => 
    [ReceiptDate] => 
    [WebMoneyManagementNo] => 
    [WebMoneySettleCode] => 
    [AuPayInfoNo] => 
    [AuPayMethod] => 
    [AuCancelAmount] => 
    [AuCancelTax] => 
    [DocomoSettlementCode] => 
    [DocomoCancelAmount] => 
    [DocomoCancelTax] => 
    [pay_status] => 0
)
 from 210.175.7.20
2024/05/01 16:48:01 [/shop/user_data/pg_mulpay_recv.php] response:true from 210.175.7.20
2024/05/01 16:49:11 [/shop/shopping/load_payment_module.php] SendRequest:https://p01.mul-pay.jp/payment/ExecTran.idPass from 202.59.38.229
2024/05/01 16:49:11 [/shop/shopping/load_payment_module.php] Array
(
    [AccessID] => 927f6991548f194a2ec18cd69b740036
    [AccessPass] => 5558811e7fa21eb271ba21a309eebd36
    [OrderID] => 957327-01164800
    [Method] => 1
    [PayTimes] => 
    [Token] => da180a3b89a485e8424a4e19f6fec7b5352bda033afcc21f65a22ced7ab1394d
    [ClientField1] => 
    [ClientField2] => 
    [ClientField3] => EC-CUBE4.3.35
)
 from 202.59.38.229
2024/05/01 16:49:12 [/shop/shopping/load_payment_module.php] ACS=0&OrderID=957327-01164800&Forward=2S49631&Method=1&PayTimes=&Approve=0698747&TranID=2405011649602257210134153062&TranDate=20240501164912&CheckString=95b25b9379a71384b4f9fc3657885066 from 202.59.38.229
2024/05/01 16:49:12 [/shop/shopping/load_payment_module.php] Array
(
    [0] => Array
        (
            [ACS] => 0
            [OrderID] => 957327-01164800
            [Forward] => 2S49631
            [Method] => 1
            [PayTimes] => 
            [Approve] => 0698747
            [TranID] => 2405011649602257210134153062
            [TranDate] => 20240501164912
            [CheckString] => 95b25b9379a71384b4f9fc3657885066
        )

)
 from 202.59.38.229
2024/05/01 16:49:12 [/shop/shopping/load_payment_module.php] load_payment_module.php set payment data:Array
(
    [ACS] => 0
    [Forward] => 2S49631
    [Method] => 1
    [PayTimes] => 
    [Approve] => 0698747
    [TranID] => 2405011649602257210134153062
    [TranDate] => 20240501164912
    [CheckString] => 95b25b9379a71384b4f9fc3657885066
    [Amount] => 5940
    [JobCd] => CAPTURE
    [action_status] => 3
    [pay_status] => 13
)
 from 202.59.38.229
2024/05/01 16:49:12 [/shop/user_data/pg_mulpay_recv.php] ******* receiveer data start ******* from 210.175.7.20
2024/05/01 16:49:12 [/shop/user_data/pg_mulpay_recv.php] Array
(
    [ShopID] => 9000034600950
    [ShopPass] => **********
    [AccessID] => 927f6991548f194a2ec18cd69b740036
    [AccessPass] => ********************************
    [OrderID] => 957327-01164800
    [Status] => CAPTURE
    [JobCd] => CAPTURE
    [Amount] => 5940
    [Tax] => 0
    [Currency] => JPN
    [Forward] => 2S49631
    [Method] => 1
    [PayTimes] => 
    [TranID] => 2405011649602257210134153062
    [Approve] => 0698747
    [TranDate] => 20240501164912
    [ErrCode] => 
    [ErrInfo] => 
    [PayType] => 0
)
 from 210.175.7.20
2024/05/01 16:49:12 [/shop/user_data/pg_mulpay_recv.php] ******* receiveer data end ******* from 210.175.7.20
2024/05/01 16:49:17 [/shop/user_data/pg_mulpay_recv.php] update order status:1 order_id=957327 from 210.175.7.20
2024/05/01 16:49:17 [/shop/user_data/pg_mulpay_recv.php] pg_mulpay_recv.php set payment data:Array
(
    [ShopID] => 9000034600950
    [AccessID] => 927f6991548f194a2ec18cd69b740036
    [OrderID] => 957327-01164800
    [Status] => CAPTURE
    [JobCd] => CAPTURE
    [Amount] => 5940
    [Tax] => 0
    [Currency] => JPN
    [Forward] => 2S49631
    [Method] => 1
    [PayTimes] => 
    [TranID] => 2405011649602257210134153062
    [Approve] => 0698747
    [TranDate] => 20240501164912
    [PayType] => 0
    [CvsCode] => 
    [CvsConfNo] => 
    [CvsReceiptNo] => 
    [EdyReceiptNo] => 
    [EdyOrderNo] => 
    [SuicaReceiptNo] => 
    [SuicaOrderNo] => 
    [CustID] => 
    [BkCode] => 
    [ConfNo] => 
    [PaymentTerm] => 
    [EncryptReceiptNo] => 
    [FinishDate] => 
    [ReceiptDate] => 
    [WebMoneyManagementNo] => 
    [WebMoneySettleCode] => 
    [AuPayInfoNo] => 
    [AuPayMethod] => 
    [AuCancelAmount] => 
    [AuCancelTax] => 
    [DocomoSettlementCode] => 
    [DocomoCancelAmount] => 
    [DocomoCancelTax] => 
    [pay_status] => 13
)
 from 210.175.7.20
2024/05/01 16:49:17 [/shop/user_data/pg_mulpay_recv.php] response:true from 210.175.7.20
2024/05/01 21:28:27 [/shop/shopping/load_payment_module.php] SendRequest:https://p01.mul-pay.jp/payment/SearchMember.idPass from 38.242.181.68
2024/05/01 21:28:27 [/shop/shopping/load_payment_module.php] Array
(
    [SiteID] => mst0000007602
    [SitePass] => ******
    [MemberID] => 12713
)
 from 38.242.181.68
2024/05/01 21:28:27 [/shop/shopping/load_payment_module.php] ErrCode=E01&ErrInfo=E01390002 from 38.242.181.68
2024/05/01 21:28:27 [/shop/shopping/load_payment_module.php] Array
(
    [0] => Array
        (
            [ErrCode] => E01
            [ErrInfo] => E01390002
        )

)
 from 38.242.181.68
2024/05/01 21:28:27 [/shop/shopping/load_payment_module.php] SendRequest:https://p01.mul-pay.jp/payment/SearchCard.idPass from 38.242.181.68
2024/05/01 21:28:27 [/shop/shopping/load_payment_module.php] Array
(
    [SiteID] => mst0000007602
    [SitePass] => ******
    [MemberID] => 12713
)
 from 38.242.181.68
2024/05/01 21:28:28 [/shop/shopping/load_payment_module.php] ErrCode=E01|E01&ErrInfo=E01390002|E01240002 from 38.242.181.68
2024/05/01 21:28:28 [/shop/shopping/load_payment_module.php] Array
(
    [0] => Array
        (
            [ErrCode] => E01
            [ErrInfo] => E01390002
        )

    [1] => Array
        (
            [ErrCode] => E01
            [ErrInfo] => E01240002
        )

)
 from 38.242.181.68
2024/05/01 21:34:10 [/shop/shopping/load_payment_module.php] SendRequest:https://p01.mul-pay.jp/payment/SearchMember.idPass from 38.242.181.68
2024/05/01 21:34:10 [/shop/shopping/load_payment_module.php] Array
(
    [SiteID] => mst0000007602
    [SitePass] => ******
    [MemberID] => 12713
)
 from 38.242.181.68
2024/05/01 21:34:10 [/shop/shopping/load_payment_module.php] ErrCode=E01&ErrInfo=E01390002 from 38.242.181.68
2024/05/01 21:34:10 [/shop/shopping/load_payment_module.php] Array
(
    [0] => Array
        (
            [ErrCode] => E01
            [ErrInfo] => E01390002
        )

)
 from 38.242.181.68
2024/05/01 21:34:10 [/shop/shopping/load_payment_module.php] SendRequest:https://p01.mul-pay.jp/payment/SearchCard.idPass from 38.242.181.68
2024/05/01 21:34:10 [/shop/shopping/load_payment_module.php] Array
(
    [SiteID] => mst0000007602
    [SitePass] => ******
    [MemberID] => 12713
)
 from 38.242.181.68
2024/05/01 21:34:10 [/shop/shopping/load_payment_module.php] ErrCode=E01|E01&ErrInfo=E01390002|E01240002 from 38.242.181.68
2024/05/01 21:34:10 [/shop/shopping/load_payment_module.php] Array
(
    [0] => Array
        (
            [ErrCode] => E01
            [ErrInfo] => E01390002
        )

    [1] => Array
        (
            [ErrCode] => E01
            [ErrInfo] => E01240002
        )

)
 from 38.242.181.68
2024/05/01 21:34:10 [/shop/shopping/load_payment_module.php] SendRequest:https://p01.mul-pay.jp/payment/EntryTran.idPass from 38.242.181.68
2024/05/01 21:34:10 [/shop/shopping/load_payment_module.php] Array
(
    [ShopID] => 9000034600950
    [ShopPass] => ******
    [OrderID] => 957328-01213410
    [JobCd] => CAPTURE
    [Amount] => 19350
    [TdFlag] => 0
    [TdTenantName] => 
)
 from 38.242.181.68
2024/05/01 21:34:10 [/shop/shopping/load_payment_module.php] AccessID=cc08f60a82c24aa86c19ca0bb3cfb667&AccessPass=43c152f36c21f657776ff49c051f901a from 38.242.181.68
2024/05/01 21:34:10 [/shop/shopping/load_payment_module.php] Array
(
    [0] => Array
        (
            [AccessID] => cc08f60a82c24aa86c19ca0bb3cfb667
            [AccessPass] => 43c152f36c21f657776ff49c051f901a
        )

)
 from 38.242.181.68
2024/05/01 21:34:10 [/shop/shopping/load_payment_module.php] load_payment_module.php set payment data:Array
(
    [AccessID] => cc08f60a82c24aa86c19ca0bb3cfb667
    [AccessPass] => 43c152f36c21f657776ff49c051f901a
    [OrderID] => 957328-01213410
    [Amount] => 19350
    [JobCd] => CAPTURE
    [action_status] => 1
    [pay_status] => 0
)
 from 38.242.181.68
2024/05/01 21:34:10 [/shop/shopping/load_payment_module.php] SendRequest:https://p01.mul-pay.jp/payment/ExecTran.idPass from 38.242.181.68
2024/05/01 21:34:10 [/shop/shopping/load_payment_module.php] Array
(
    [AccessID] => cc08f60a82c24aa86c19ca0bb3cfb667
    [AccessPass] => 43c152f36c21f657776ff49c051f901a
    [OrderID] => 957328-01213410
    [Method] => 1
    [Token] => a490009bb839c8703c23d2276af0ca1a32db67639dff357edef8bdca02862e67
    [ClientField1] => 
    [ClientField2] => 
    [ClientField3] => EC-CUBE4.3.35
)
 from 38.242.181.68
2024/05/01 21:34:11 [/shop/shopping/load_payment_module.php] ACS=0&OrderID=957328-01213410&Forward=2S49631&Method=1&PayTimes=&Approve=0686426&TranID=2405012134602257210134163098&TranDate=20240501213411&CheckString=68f49dd42df32966fc1f758cfafa374c from 38.242.181.68
2024/05/01 21:34:11 [/shop/shopping/load_payment_module.php] Array
(
    [0] => Array
        (
            [ACS] => 0
            [OrderID] => 957328-01213410
            [Forward] => 2S49631
            [Method] => 1
            [PayTimes] => 
            [Approve] => 0686426
            [TranID] => 2405012134602257210134163098
            [TranDate] => 20240501213411
            [CheckString] => 68f49dd42df32966fc1f758cfafa374c
        )

)
 from 38.242.181.68
2024/05/01 21:34:11 [/shop/shopping/load_payment_module.php] load_payment_module.php set payment data:Array
(
    [ACS] => 0
    [Forward] => 2S49631
    [Method] => 1
    [PayTimes] => 
    [Approve] => 0686426
    [TranID] => 2405012134602257210134163098
    [TranDate] => 20240501213411
    [CheckString] => 68f49dd42df32966fc1f758cfafa374c
    [Amount] => 19350
    [JobCd] => CAPTURE
    [action_status] => 3
    [pay_status] => 13
)
 from 38.242.181.68
2024/05/01 21:34:12 [/shop/user_data/pg_mulpay_recv.php] ******* receiveer data start ******* from 210.175.7.20
2024/05/01 21:34:12 [/shop/user_data/pg_mulpay_recv.php] Array
(
    [ShopID] => 9000034600950
    [ShopPass] => **********
    [AccessID] => cc08f60a82c24aa86c19ca0bb3cfb667
    [AccessPass] => ********************************
    [OrderID] => 957328-01213410
    [Status] => CAPTURE
    [JobCd] => CAPTURE
    [Amount] => 19350
    [Tax] => 0
    [Currency] => JPN
    [Forward] => 2S49631
    [Method] => 1
    [PayTimes] => 
    [TranID] => 2405012134602257210134163098
    [Approve] => 0686426
    [TranDate] => 20240501213411
    [ErrCode] => 
    [ErrInfo] => 
    [PayType] => 0
)
 from 210.175.7.20
2024/05/01 21:34:12 [/shop/user_data/pg_mulpay_recv.php] ******* receiveer data end ******* from 210.175.7.20
2024/05/01 21:34:17 [/shop/user_data/pg_mulpay_recv.php] update order status:1 order_id=957328 from 210.175.7.20
2024/05/01 21:34:17 [/shop/user_data/pg_mulpay_recv.php] pg_mulpay_recv.php set payment data:Array
(
    [ShopID] => 9000034600950
    [AccessID] => cc08f60a82c24aa86c19ca0bb3cfb667
    [OrderID] => 957328-01213410
    [Status] => CAPTURE
    [JobCd] => CAPTURE
    [Amount] => 19350
    [Tax] => 0
    [Currency] => JPN
    [Forward] => 2S49631
    [Method] => 1
    [PayTimes] => 
    [TranID] => 2405012134602257210134163098
    [Approve] => 0686426
    [TranDate] => 20240501213411
    [ErrCode] => 
    [ErrInfo] => 
    [PayType] => 0
    [CvsCode] => 
    [CvsConfNo] => 
    [CvsReceiptNo] => 
    [EdyReceiptNo] => 
    [EdyOrderNo] => 
    [SuicaReceiptNo] => 
    [SuicaOrderNo] => 
    [CustID] => 
    [BkCode] => 
    [ConfNo] => 
    [PaymentTerm] => 
    [EncryptReceiptNo] => 
    [FinishDate] => 
    [ReceiptDate] => 
    [WebMoneyManagementNo] => 
    [WebMoneySettleCode] => 
    [AuPayInfoNo] => 
    [AuPayMethod] => 
    [AuCancelAmount] => 
    [AuCancelTax] => 
    [DocomoSettlementCode] => 
    [DocomoCancelAmount] => 
    [DocomoCancelTax] => 
    [pay_status] => 13
)
 from 210.175.7.20
2024/05/01 21:34:17 [/shop/user_data/pg_mulpay_recv.php] response:true from 210.175.7.20
2024/05/01 22:08:09 [/shop/shopping/load_payment_module.php] SendRequest:https://p01.mul-pay.jp/payment/SearchMember.idPass from 122.100.216.186
2024/05/01 22:08:09 [/shop/shopping/load_payment_module.php] Array
(
    [SiteID] => mst0000007602
    [SitePass] => ******
    [MemberID] => 12714
)
 from 122.100.216.186
2024/05/01 22:08:09 [/shop/shopping/load_payment_module.php] ErrCode=E01&ErrInfo=E01390002 from 122.100.216.186
2024/05/01 22:08:09 [/shop/shopping/load_payment_module.php] Array
(
    [0] => Array
        (
            [ErrCode] => E01
            [ErrInfo] => E01390002
        )

)
 from 122.100.216.186
2024/05/01 22:08:09 [/shop/shopping/load_payment_module.php] SendRequest:https://p01.mul-pay.jp/payment/SearchCard.idPass from 122.100.216.186
2024/05/01 22:08:09 [/shop/shopping/load_payment_module.php] Array
(
    [SiteID] => mst0000007602
    [SitePass] => ******
    [MemberID] => 12714
)
 from 122.100.216.186
2024/05/01 22:08:09 [/shop/shopping/load_payment_module.php] ErrCode=E01|E01&ErrInfo=E01390002|E01240002 from 122.100.216.186
2024/05/01 22:08:09 [/shop/shopping/load_payment_module.php] Array
(
    [0] => Array
        (
            [ErrCode] => E01
            [ErrInfo] => E01390002
        )

    [1] => Array
        (
            [ErrCode] => E01
            [ErrInfo] => E01240002
        )

)
 from 122.100.216.186
2024/05/01 22:09:44 [/shop/shopping/load_payment_module.php] SendRequest:https://p01.mul-pay.jp/payment/SearchMember.idPass from 122.100.216.186
2024/05/01 22:09:44 [/shop/shopping/load_payment_module.php] Array
(
    [SiteID] => mst0000007602
    [SitePass] => ******
    [MemberID] => 12714
)
 from 122.100.216.186
2024/05/01 22:09:44 [/shop/shopping/load_payment_module.php] ErrCode=E01&ErrInfo=E01390002 from 122.100.216.186
2024/05/01 22:09:44 [/shop/shopping/load_payment_module.php] Array
(
    [0] => Array
        (
            [ErrCode] => E01
            [ErrInfo] => E01390002
        )

)
 from 122.100.216.186
2024/05/01 22:09:44 [/shop/shopping/load_payment_module.php] SendRequest:https://p01.mul-pay.jp/payment/SearchCard.idPass from 122.100.216.186
2024/05/01 22:09:44 [/shop/shopping/load_payment_module.php] Array
(
    [SiteID] => mst0000007602
    [SitePass] => ******
    [MemberID] => 12714
)
 from 122.100.216.186
2024/05/01 22:09:44 [/shop/shopping/load_payment_module.php] ErrCode=E01|E01&ErrInfo=E01390002|E01240002 from 122.100.216.186
2024/05/01 22:09:44 [/shop/shopping/load_payment_module.php] Array
(
    [0] => Array
        (
            [ErrCode] => E01
            [ErrInfo] => E01390002
        )

    [1] => Array
        (
            [ErrCode] => E01
            [ErrInfo] => E01240002
        )

)
 from 122.100.216.186
2024/05/01 22:09:44 [/shop/shopping/load_payment_module.php] SendRequest:https://p01.mul-pay.jp/payment/EntryTran.idPass from 122.100.216.186
2024/05/01 22:09:44 [/shop/shopping/load_payment_module.php] Array
(
    [ShopID] => 9000034600950
    [ShopPass] => ******
    [OrderID] => 957329-01220944
    [JobCd] => CAPTURE
    [Amount] => 5190
    [TdFlag] => 0
    [TdTenantName] => 
)
 from 122.100.216.186
2024/05/01 22:09:44 [/shop/shopping/load_payment_module.php] AccessID=03574b65079e1c7876d448bdf6d14c0d&AccessPass=29121738e6be854f5cc9ddad360be525 from 122.100.216.186
2024/05/01 22:09:44 [/shop/shopping/load_payment_module.php] Array
(
    [0] => Array
        (
            [AccessID] => 03574b65079e1c7876d448bdf6d14c0d
            [AccessPass] => 29121738e6be854f5cc9ddad360be525
        )

)
 from 122.100.216.186
2024/05/01 22:09:44 [/shop/shopping/load_payment_module.php] load_payment_module.php set payment data:Array
(
    [AccessID] => 03574b65079e1c7876d448bdf6d14c0d
    [AccessPass] => 29121738e6be854f5cc9ddad360be525
    [OrderID] => 957329-01220944
    [Amount] => 5190
    [JobCd] => CAPTURE
    [action_status] => 1
    [pay_status] => 0
)
 from 122.100.216.186
2024/05/01 22:09:44 [/shop/shopping/load_payment_module.php] SendRequest:https://p01.mul-pay.jp/payment/ExecTran.idPass from 122.100.216.186
2024/05/01 22:09:44 [/shop/shopping/load_payment_module.php] Array
(
    [AccessID] => 03574b65079e1c7876d448bdf6d14c0d
    [AccessPass] => 29121738e6be854f5cc9ddad360be525
    [OrderID] => 957329-01220944
    [Method] => 1
    [Token] => 38f65e8d585d5e42c6e35aa8beba8e0b9b2d0909599c1b7fd0f0b5b063bf4907
    [ClientField1] => 
    [ClientField2] => 
    [ClientField3] => EC-CUBE4.3.35
)
 from 122.100.216.186
2024/05/01 22:09:46 [/shop/shopping/load_payment_module.php] ACS=0&OrderID=957329-01220944&Forward=2S49631&Method=1&PayTimes=&Approve=0129531&TranID=2405012209602257210134172964&TranDate=20240501220946&CheckString=9050e8be371eb1319838f59bb4f6c91f from 122.100.216.186
2024/05/01 22:09:46 [/shop/shopping/load_payment_module.php] Array
(
    [0] => Array
        (
            [ACS] => 0
            [OrderID] => 957329-01220944
            [Forward] => 2S49631
            [Method] => 1
            [PayTimes] => 
            [Approve] => 0129531
            [TranID] => 2405012209602257210134172964
            [TranDate] => 20240501220946
            [CheckString] => 9050e8be371eb1319838f59bb4f6c91f
        )

)
 from 122.100.216.186
2024/05/01 22:09:46 [/shop/shopping/load_payment_module.php] load_payment_module.php set payment data:Array
(
    [ACS] => 0
    [Forward] => 2S49631
    [Method] => 1
    [PayTimes] => 
    [Approve] => 0129531
    [TranID] => 2405012209602257210134172964
    [TranDate] => 20240501220946
    [CheckString] => 9050e8be371eb1319838f59bb4f6c91f
    [Amount] => 5190
    [JobCd] => CAPTURE
    [action_status] => 3
    [pay_status] => 13
)
 from 122.100.216.186
2024/05/01 22:09:46 [/shop/user_data/pg_mulpay_recv.php] ******* receiveer data start ******* from 210.175.7.20
2024/05/01 22:09:46 [/shop/user_data/pg_mulpay_recv.php] Array
(
    [ShopID] => 9000034600950
    [ShopPass] => **********
    [AccessID] => 03574b65079e1c7876d448bdf6d14c0d
    [AccessPass] => ********************************
    [OrderID] => 957329-01220944
    [Status] => CAPTURE
    [JobCd] => CAPTURE
    [Amount] => 5190
    [Tax] => 0
    [Currency] => JPN
    [Forward] => 2S49631
    [Method] => 1
    [PayTimes] => 
    [TranID] => 2405012209602257210134172964
    [Approve] => 0129531
    [TranDate] => 20240501220946
    [ErrCode] => 
    [ErrInfo] => 
    [PayType] => 0
)
 from 210.175.7.20
2024/05/01 22:09:46 [/shop/user_data/pg_mulpay_recv.php] ******* receiveer data end ******* from 210.175.7.20
2024/05/01 22:09:51 [/shop/user_data/pg_mulpay_recv.php] update order status:1 order_id=957329 from 210.175.7.20
2024/05/01 22:09:51 [/shop/user_data/pg_mulpay_recv.php] pg_mulpay_recv.php set payment data:Array
(
    [ShopID] => 9000034600950
    [AccessID] => 03574b65079e1c7876d448bdf6d14c0d
    [OrderID] => 957329-01220944
    [Status] => CAPTURE
    [JobCd] => CAPTURE
    [Amount] => 5190
    [Tax] => 0
    [Currency] => JPN
    [Forward] => 2S49631
    [Method] => 1
    [PayTimes] => 
    [TranID] => 2405012209602257210134172964
    [Approve] => 0129531
    [TranDate] => 20240501220946
    [ErrCode] => 
    [ErrInfo] => 
    [PayType] => 0
    [CvsCode] => 
    [CvsConfNo] => 
    [CvsReceiptNo] => 
    [EdyReceiptNo] => 
    [EdyOrderNo] => 
    [SuicaReceiptNo] => 
    [SuicaOrderNo] => 
    [CustID] => 
    [BkCode] => 
    [ConfNo] => 
    [PaymentTerm] => 
    [EncryptReceiptNo] => 
    [FinishDate] => 
    [ReceiptDate] => 
    [WebMoneyManagementNo] => 
    [WebMoneySettleCode] => 
    [AuPayInfoNo] => 
    [AuPayMethod] => 
    [AuCancelAmount] => 
    [AuCancelTax] => 
    [DocomoSettlementCode] => 
    [DocomoCancelAmount] => 
    [DocomoCancelTax] => 
    [pay_status] => 13
)
 from 210.175.7.20
2024/05/01 22:09:51 [/shop/user_data/pg_mulpay_recv.php] response:true from 210.175.7.20
