2023/09/24 04:17:48 [/shop/shopping/load_payment_module.php] SendRequest:https://p01.mul-pay.jp/payment/EntryTran.idPass from 213.55.242.116
2023/09/24 04:17:48 [/shop/shopping/load_payment_module.php] Array
(
    [ShopID] => 9000034600950
    [ShopPass] => ******
    [OrderID] => 953987-24041748
    [JobCd] => CAPTURE
    [Amount] => 6400
    [TdFlag] => 0
    [TdTenantName] => 
)
 from 213.55.242.116
2023/09/24 04:17:48 [/shop/shopping/load_payment_module.php] AccessID=8a174762ac897a13fd3b6a8ac543cb49&AccessPass=39a48a3c0255ee87e453771fce022df2 from 213.55.242.116
2023/09/24 04:17:48 [/shop/shopping/load_payment_module.php] Array
(
    [0] => Array
        (
            [AccessID] => 8a174762ac897a13fd3b6a8ac543cb49
            [AccessPass] => 39a48a3c0255ee87e453771fce022df2
        )

)
 from 213.55.242.116
2023/09/24 04:17:48 [/shop/shopping/load_payment_module.php] load_payment_module.php set payment data:Array
(
    [AccessID] => 8a174762ac897a13fd3b6a8ac543cb49
    [AccessPass] => 39a48a3c0255ee87e453771fce022df2
    [OrderID] => 953987-24041748
    [Amount] => 6400
    [JobCd] => CAPTURE
    [action_status] => 1
    [pay_status] => 0
)
 from 213.55.242.116
2023/09/24 04:17:48 [/shop/shopping/load_payment_module.php] SendRequest:https://p01.mul-pay.jp/payment/ExecTran.idPass from 213.55.242.116
2023/09/24 04:17:48 [/shop/shopping/load_payment_module.php] Array
(
    [AccessID] => 8a174762ac897a13fd3b6a8ac543cb49
    [AccessPass] => 39a48a3c0255ee87e453771fce022df2
    [OrderID] => 953987-24041748
    [Method] => 1
    [Token] => ccc50478a66027c842dc938cb9c6664e78baa59c6a65731de521543c915d909c
    [ClientField1] => 
    [ClientField2] => 
    [ClientField3] => EC-CUBE4.3.35
)
 from 213.55.242.116
2023/09/24 04:17:49 [/shop/shopping/load_payment_module.php] ACS=0&OrderID=953987-24041748&Forward=2959876&Method=1&PayTimes=&Approve=0057446&TranID=2309240417602257210134152147&TranDate=20230924041749&CheckString=04cafdffb470c0f6ed39c6056ac4f072 from 213.55.242.116
2023/09/24 04:17:49 [/shop/shopping/load_payment_module.php] Array
(
    [0] => Array
        (
            [ACS] => 0
            [OrderID] => 953987-24041748
            [Forward] => 2959876
            [Method] => 1
            [PayTimes] => 
            [Approve] => 0057446
            [TranID] => 2309240417602257210134152147
            [TranDate] => 20230924041749
            [CheckString] => 04cafdffb470c0f6ed39c6056ac4f072
        )

)
 from 213.55.242.116
2023/09/24 04:17:49 [/shop/shopping/load_payment_module.php] load_payment_module.php set payment data:Array
(
    [ACS] => 0
    [Forward] => 2959876
    [Method] => 1
    [PayTimes] => 
    [Approve] => 0057446
    [TranID] => 2309240417602257210134152147
    [TranDate] => 20230924041749
    [CheckString] => 04cafdffb470c0f6ed39c6056ac4f072
    [Amount] => 6400
    [JobCd] => CAPTURE
    [action_status] => 3
    [pay_status] => 13
)
 from 213.55.242.116
2023/09/24 04:17:49 [/shop/user_data/pg_mulpay_recv.php] ******* receiveer data start ******* from 210.175.7.20
2023/09/24 04:17:49 [/shop/user_data/pg_mulpay_recv.php] Array
(
    [ShopID] => 9000034600950
    [ShopPass] => **********
    [AccessID] => 8a174762ac897a13fd3b6a8ac543cb49
    [AccessPass] => ********************************
    [OrderID] => 953987-24041748
    [Status] => CAPTURE
    [JobCd] => CAPTURE
    [Amount] => 6400
    [Tax] => 0
    [Currency] => JPN
    [Forward] => 2959876
    [Method] => 1
    [PayTimes] => 
    [TranID] => 2309240417602257210134152147
    [Approve] => 0057446
    [TranDate] => 20230924041749
    [ErrCode] => 
    [ErrInfo] => 
    [PayType] => 0
)
 from 210.175.7.20
2023/09/24 04:17:49 [/shop/user_data/pg_mulpay_recv.php] ******* receiveer data end ******* from 210.175.7.20
2023/09/24 04:17:54 [/shop/user_data/pg_mulpay_recv.php] update order status:1 order_id=953987 from 210.175.7.20
2023/09/24 04:17:54 [/shop/user_data/pg_mulpay_recv.php] pg_mulpay_recv.php set payment data:Array
(
    [ShopID] => 9000034600950
    [AccessID] => 8a174762ac897a13fd3b6a8ac543cb49
    [OrderID] => 953987-24041748
    [Status] => CAPTURE
    [JobCd] => CAPTURE
    [Amount] => 6400
    [Tax] => 0
    [Currency] => JPN
    [Forward] => 2959876
    [Method] => 1
    [PayTimes] => 
    [TranID] => 2309240417602257210134152147
    [Approve] => 0057446
    [TranDate] => 20230924041749
    [ErrCode] => 
    [ErrInfo] => 
    [PayType] => 0
    [CvsCode] => 
    [CvsConfNo] => 
    [CvsReceiptNo] => 
    [EdyReceiptNo] => 
    [EdyOrderNo] => 
    [SuicaReceiptNo] => 
    [SuicaOrderNo] => 
    [CustID] => 
    [BkCode] => 
    [ConfNo] => 
    [PaymentTerm] => 
    [EncryptReceiptNo] => 
    [FinishDate] => 
    [ReceiptDate] => 
    [WebMoneyManagementNo] => 
    [WebMoneySettleCode] => 
    [AuPayInfoNo] => 
    [AuPayMethod] => 
    [AuCancelAmount] => 
    [AuCancelTax] => 
    [DocomoSettlementCode] => 
    [DocomoCancelAmount] => 
    [DocomoCancelTax] => 
    [pay_status] => 13
)
 from 210.175.7.20
2023/09/24 04:17:54 [/shop/user_data/pg_mulpay_recv.php] response:true from 210.175.7.20
2023/09/24 06:20:40 [/shop/shopping/load_payment_module.php] SendRequest:https://p01.mul-pay.jp/payment/EntryTran.idPass from 68.7.43.204
2023/09/24 06:20:40 [/shop/shopping/load_payment_module.php] Array
(
    [ShopID] => 9000034600950
    [ShopPass] => ******
    [OrderID] => 953988-24062040
    [JobCd] => CAPTURE
    [Amount] => 14680
    [TdFlag] => 0
    [TdTenantName] => 
)
 from 68.7.43.204
2023/09/24 06:20:40 [/shop/shopping/load_payment_module.php] AccessID=05cf5024e9683f6ba0a65eb2fa8c7d07&AccessPass=2e671a2ae2d94726771d887861c62499 from 68.7.43.204
2023/09/24 06:20:40 [/shop/shopping/load_payment_module.php] Array
(
    [0] => Array
        (
            [AccessID] => 05cf5024e9683f6ba0a65eb2fa8c7d07
            [AccessPass] => 2e671a2ae2d94726771d887861c62499
        )

)
 from 68.7.43.204
2023/09/24 06:20:40 [/shop/shopping/load_payment_module.php] load_payment_module.php set payment data:Array
(
    [AccessID] => 05cf5024e9683f6ba0a65eb2fa8c7d07
    [AccessPass] => 2e671a2ae2d94726771d887861c62499
    [OrderID] => 953988-24062040
    [Amount] => 14680
    [JobCd] => CAPTURE
    [action_status] => 1
    [pay_status] => 0
)
 from 68.7.43.204
2023/09/24 06:20:40 [/shop/shopping/load_payment_module.php] SendRequest:https://p01.mul-pay.jp/payment/ExecTran.idPass from 68.7.43.204
2023/09/24 06:20:40 [/shop/shopping/load_payment_module.php] Array
(
    [AccessID] => 05cf5024e9683f6ba0a65eb2fa8c7d07
    [AccessPass] => 2e671a2ae2d94726771d887861c62499
    [OrderID] => 953988-24062040
    [Method] => 1
    [Token] => e9655a77b95542da1b708d52261b79bba7e0fbe116d32140b18e782dbc58c3d7
    [ClientField1] => 
    [ClientField2] => 
    [ClientField3] => EC-CUBE4.3.35
)
 from 68.7.43.204
2023/09/24 06:20:41 [/shop/shopping/load_payment_module.php] ACS=0&OrderID=953988-24062040&Forward=2S49631&Method=1&PayTimes=&Approve=0002017&TranID=2309240620602257210134152148&TranDate=20230924062041&CheckString=31364b0b3cbdd2a086bdda95b2659814 from 68.7.43.204
2023/09/24 06:20:41 [/shop/shopping/load_payment_module.php] Array
(
    [0] => Array
        (
            [ACS] => 0
            [OrderID] => 953988-24062040
            [Forward] => 2S49631
            [Method] => 1
            [PayTimes] => 
            [Approve] => 0002017
            [TranID] => 2309240620602257210134152148
            [TranDate] => 20230924062041
            [CheckString] => 31364b0b3cbdd2a086bdda95b2659814
        )

)
 from 68.7.43.204
2023/09/24 06:20:41 [/shop/shopping/load_payment_module.php] load_payment_module.php set payment data:Array
(
    [ACS] => 0
    [Forward] => 2S49631
    [Method] => 1
    [PayTimes] => 
    [Approve] => 0002017
    [TranID] => 2309240620602257210134152148
    [TranDate] => 20230924062041
    [CheckString] => 31364b0b3cbdd2a086bdda95b2659814
    [Amount] => 14680
    [JobCd] => CAPTURE
    [action_status] => 3
    [pay_status] => 13
)
 from 68.7.43.204
2023/09/24 06:20:41 [/shop/user_data/pg_mulpay_recv.php] ******* receiveer data start ******* from 210.175.7.20
2023/09/24 06:20:41 [/shop/user_data/pg_mulpay_recv.php] Array
(
    [ShopID] => 9000034600950
    [ShopPass] => **********
    [AccessID] => 05cf5024e9683f6ba0a65eb2fa8c7d07
    [AccessPass] => ********************************
    [OrderID] => 953988-24062040
    [Status] => CAPTURE
    [JobCd] => CAPTURE
    [Amount] => 14680
    [Tax] => 0
    [Currency] => JPN
    [Forward] => 2S49631
    [Method] => 1
    [PayTimes] => 
    [TranID] => 2309240620602257210134152148
    [Approve] => 0002017
    [TranDate] => 20230924062041
    [ErrCode] => 
    [ErrInfo] => 
    [PayType] => 0
)
 from 210.175.7.20
2023/09/24 06:20:41 [/shop/user_data/pg_mulpay_recv.php] ******* receiveer data end ******* from 210.175.7.20
2023/09/24 06:20:46 [/shop/user_data/pg_mulpay_recv.php] update order status:1 order_id=953988 from 210.175.7.20
2023/09/24 06:20:46 [/shop/user_data/pg_mulpay_recv.php] pg_mulpay_recv.php set payment data:Array
(
    [ShopID] => 9000034600950
    [AccessID] => 05cf5024e9683f6ba0a65eb2fa8c7d07
    [OrderID] => 953988-24062040
    [Status] => CAPTURE
    [JobCd] => CAPTURE
    [Amount] => 14680
    [Tax] => 0
    [Currency] => JPN
    [Forward] => 2S49631
    [Method] => 1
    [PayTimes] => 
    [TranID] => 2309240620602257210134152148
    [Approve] => 0002017
    [TranDate] => 20230924062041
    [ErrCode] => 
    [ErrInfo] => 
    [PayType] => 0
    [CvsCode] => 
    [CvsConfNo] => 
    [CvsReceiptNo] => 
    [EdyReceiptNo] => 
    [EdyOrderNo] => 
    [SuicaReceiptNo] => 
    [SuicaOrderNo] => 
    [CustID] => 
    [BkCode] => 
    [ConfNo] => 
    [PaymentTerm] => 
    [EncryptReceiptNo] => 
    [FinishDate] => 
    [ReceiptDate] => 
    [WebMoneyManagementNo] => 
    [WebMoneySettleCode] => 
    [AuPayInfoNo] => 
    [AuPayMethod] => 
    [AuCancelAmount] => 
    [AuCancelTax] => 
    [DocomoSettlementCode] => 
    [DocomoCancelAmount] => 
    [DocomoCancelTax] => 
    [pay_status] => 13
)
 from 210.175.7.20
2023/09/24 06:20:46 [/shop/user_data/pg_mulpay_recv.php] response:true from 210.175.7.20
2023/09/24 10:08:02 [/shop/shopping/load_payment_module.php] SendRequest:https://p01.mul-pay.jp/payment/EntryTran.idPass from 106.129.152.214
2023/09/24 10:08:02 [/shop/shopping/load_payment_module.php] Array
(
    [ShopID] => 9000034600950
    [ShopPass] => ******
    [OrderID] => 953989-24100802
    [JobCd] => CAPTURE
    [Amount] => 6170
    [TdFlag] => 0
    [TdTenantName] => 
)
 from 106.129.152.214
2023/09/24 10:08:02 [/shop/shopping/load_payment_module.php] AccessID=0e30fd9d111146658ac30d2770636e21&AccessPass=f2bf5d59f4f4ba595f7fc84f36516830 from 106.129.152.214
2023/09/24 10:08:02 [/shop/shopping/load_payment_module.php] Array
(
    [0] => Array
        (
            [AccessID] => 0e30fd9d111146658ac30d2770636e21
            [AccessPass] => f2bf5d59f4f4ba595f7fc84f36516830
        )

)
 from 106.129.152.214
2023/09/24 10:08:02 [/shop/shopping/load_payment_module.php] load_payment_module.php set payment data:Array
(
    [AccessID] => 0e30fd9d111146658ac30d2770636e21
    [AccessPass] => f2bf5d59f4f4ba595f7fc84f36516830
    [OrderID] => 953989-24100802
    [Amount] => 6170
    [JobCd] => CAPTURE
    [action_status] => 1
    [pay_status] => 0
)
 from 106.129.152.214
2023/09/24 10:08:02 [/shop/shopping/load_payment_module.php] SendRequest:https://p01.mul-pay.jp/payment/ExecTran.idPass from 106.129.152.214
2023/09/24 10:08:02 [/shop/shopping/load_payment_module.php] Array
(
    [AccessID] => 0e30fd9d111146658ac30d2770636e21
    [AccessPass] => f2bf5d59f4f4ba595f7fc84f36516830
    [OrderID] => 953989-24100802
    [Method] => 1
    [Token] => 05102973764337e45a43a8f2e438564645c6bb4b828af5a1a17819e9dbfa2a26
    [ClientField1] => 
    [ClientField2] => 
    [ClientField3] => EC-CUBE4.3.35
)
 from 106.129.152.214
2023/09/24 10:08:03 [/shop/shopping/load_payment_module.php] ACS=0&OrderID=953989-24100802&Forward=2S49631&Method=1&PayTimes=&Approve=0373213&TranID=2309241008602257210134182147&TranDate=20230924100803&CheckString=eb45ed4ee5086a4af4687902446902ae from 106.129.152.214
2023/09/24 10:08:03 [/shop/shopping/load_payment_module.php] Array
(
    [0] => Array
        (
            [ACS] => 0
            [OrderID] => 953989-24100802
            [Forward] => 2S49631
            [Method] => 1
            [PayTimes] => 
            [Approve] => 0373213
            [TranID] => 2309241008602257210134182147
            [TranDate] => 20230924100803
            [CheckString] => eb45ed4ee5086a4af4687902446902ae
        )

)
 from 106.129.152.214
2023/09/24 10:08:03 [/shop/shopping/load_payment_module.php] load_payment_module.php set payment data:Array
(
    [ACS] => 0
    [Forward] => 2S49631
    [Method] => 1
    [PayTimes] => 
    [Approve] => 0373213
    [TranID] => 2309241008602257210134182147
    [TranDate] => 20230924100803
    [CheckString] => eb45ed4ee5086a4af4687902446902ae
    [Amount] => 6170
    [JobCd] => CAPTURE
    [action_status] => 3
    [pay_status] => 13
)
 from 106.129.152.214
2023/09/24 10:08:03 [/shop/user_data/pg_mulpay_recv.php] ******* receiveer data start ******* from 210.175.7.20
2023/09/24 10:08:03 [/shop/user_data/pg_mulpay_recv.php] Array
(
    [ShopID] => 9000034600950
    [ShopPass] => **********
    [AccessID] => 0e30fd9d111146658ac30d2770636e21
    [AccessPass] => ********************************
    [OrderID] => 953989-24100802
    [Status] => CAPTURE
    [JobCd] => CAPTURE
    [Amount] => 6170
    [Tax] => 0
    [Currency] => JPN
    [Forward] => 2S49631
    [Method] => 1
    [PayTimes] => 
    [TranID] => 2309241008602257210134182147
    [Approve] => 0373213
    [TranDate] => 20230924100803
    [ErrCode] => 
    [ErrInfo] => 
    [PayType] => 0
)
 from 210.175.7.20
2023/09/24 10:08:03 [/shop/user_data/pg_mulpay_recv.php] ******* receiveer data end ******* from 210.175.7.20
2023/09/24 10:08:08 [/shop/user_data/pg_mulpay_recv.php] update order status:1 order_id=953989 from 210.175.7.20
2023/09/24 10:08:08 [/shop/user_data/pg_mulpay_recv.php] pg_mulpay_recv.php set payment data:Array
(
    [ShopID] => 9000034600950
    [AccessID] => 0e30fd9d111146658ac30d2770636e21
    [OrderID] => 953989-24100802
    [Status] => CAPTURE
    [JobCd] => CAPTURE
    [Amount] => 6170
    [Tax] => 0
    [Currency] => JPN
    [Forward] => 2S49631
    [Method] => 1
    [PayTimes] => 
    [TranID] => 2309241008602257210134182147
    [Approve] => 0373213
    [TranDate] => 20230924100803
    [ErrCode] => 
    [ErrInfo] => 
    [PayType] => 0
    [CvsCode] => 
    [CvsConfNo] => 
    [CvsReceiptNo] => 
    [EdyReceiptNo] => 
    [EdyOrderNo] => 
    [SuicaReceiptNo] => 
    [SuicaOrderNo] => 
    [CustID] => 
    [BkCode] => 
    [ConfNo] => 
    [PaymentTerm] => 
    [EncryptReceiptNo] => 
    [FinishDate] => 
    [ReceiptDate] => 
    [WebMoneyManagementNo] => 
    [WebMoneySettleCode] => 
    [AuPayInfoNo] => 
    [AuPayMethod] => 
    [AuCancelAmount] => 
    [AuCancelTax] => 
    [DocomoSettlementCode] => 
    [DocomoCancelAmount] => 
    [DocomoCancelTax] => 
    [pay_status] => 13
)
 from 210.175.7.20
2023/09/24 10:08:08 [/shop/user_data/pg_mulpay_recv.php] response:true from 210.175.7.20
2023/09/24 10:26:43 [/shop/shopping/load_payment_module.php] SendRequest:https://p01.mul-pay.jp/payment/EntryTran.idPass from 118.240.146.46
2023/09/24 10:26:43 [/shop/shopping/load_payment_module.php] Array
(
    [ShopID] => 9000034600950
    [ShopPass] => ******
    [OrderID] => 953990-24102643
    [JobCd] => CAPTURE
    [Amount] => 2890
    [TdFlag] => 0
    [TdTenantName] => 
)
 from 118.240.146.46
2023/09/24 10:26:43 [/shop/shopping/load_payment_module.php] AccessID=1f239849dc1d68499054aaeae56f57c1&AccessPass=1bd3c2099a0ce49f2438816912f4ffff from 118.240.146.46
2023/09/24 10:26:43 [/shop/shopping/load_payment_module.php] Array
(
    [0] => Array
        (
            [AccessID] => 1f239849dc1d68499054aaeae56f57c1
            [AccessPass] => 1bd3c2099a0ce49f2438816912f4ffff
        )

)
 from 118.240.146.46
2023/09/24 10:26:43 [/shop/shopping/load_payment_module.php] load_payment_module.php set payment data:Array
(
    [AccessID] => 1f239849dc1d68499054aaeae56f57c1
    [AccessPass] => 1bd3c2099a0ce49f2438816912f4ffff
    [OrderID] => 953990-24102643
    [Amount] => 2890
    [JobCd] => CAPTURE
    [action_status] => 1
    [pay_status] => 0
)
 from 118.240.146.46
2023/09/24 10:26:43 [/shop/shopping/load_payment_module.php] SendRequest:https://p01.mul-pay.jp/payment/ExecTran.idPass from 118.240.146.46
2023/09/24 10:26:43 [/shop/shopping/load_payment_module.php] Array
(
    [AccessID] => 1f239849dc1d68499054aaeae56f57c1
    [AccessPass] => 1bd3c2099a0ce49f2438816912f4ffff
    [OrderID] => 953990-24102643
    [Method] => 1
    [Token] => 8f4c685c8f509fdf852085ed464774cb48a35fcc8e2e35b56c3d23bd201732ca
    [ClientField1] => 
    [ClientField2] => 
    [ClientField3] => EC-CUBE4.3.35
)
 from 118.240.146.46
2023/09/24 10:26:44 [/shop/shopping/load_payment_module.php] ACS=0&OrderID=953990-24102643&Forward=2959876&Method=1&PayTimes=&Approve=0197039&TranID=2309241026602257210134152149&TranDate=20230924102644&CheckString=bb9275ce8bf4d7bd56433131caff9907 from 118.240.146.46
2023/09/24 10:26:44 [/shop/shopping/load_payment_module.php] Array
(
    [0] => Array
        (
            [ACS] => 0
            [OrderID] => 953990-24102643
            [Forward] => 2959876
            [Method] => 1
            [PayTimes] => 
            [Approve] => 0197039
            [TranID] => 2309241026602257210134152149
            [TranDate] => 20230924102644
            [CheckString] => bb9275ce8bf4d7bd56433131caff9907
        )

)
 from 118.240.146.46
2023/09/24 10:26:44 [/shop/shopping/load_payment_module.php] load_payment_module.php set payment data:Array
(
    [ACS] => 0
    [Forward] => 2959876
    [Method] => 1
    [PayTimes] => 
    [Approve] => 0197039
    [TranID] => 2309241026602257210134152149
    [TranDate] => 20230924102644
    [CheckString] => bb9275ce8bf4d7bd56433131caff9907
    [Amount] => 2890
    [JobCd] => CAPTURE
    [action_status] => 3
    [pay_status] => 13
)
 from 118.240.146.46
2023/09/24 10:26:44 [/shop/user_data/pg_mulpay_recv.php] ******* receiveer data start ******* from 210.175.7.20
2023/09/24 10:26:44 [/shop/user_data/pg_mulpay_recv.php] Array
(
    [ShopID] => 9000034600950
    [ShopPass] => **********
    [AccessID] => 1f239849dc1d68499054aaeae56f57c1
    [AccessPass] => ********************************
    [OrderID] => 953990-24102643
    [Status] => CAPTURE
    [JobCd] => CAPTURE
    [Amount] => 2890
    [Tax] => 0
    [Currency] => JPN
    [Forward] => 2959876
    [Method] => 1
    [PayTimes] => 
    [TranID] => 2309241026602257210134152149
    [Approve] => 0197039
    [TranDate] => 20230924102644
    [ErrCode] => 
    [ErrInfo] => 
    [PayType] => 0
)
 from 210.175.7.20
2023/09/24 10:26:44 [/shop/user_data/pg_mulpay_recv.php] ******* receiveer data end ******* from 210.175.7.20
2023/09/24 10:26:49 [/shop/user_data/pg_mulpay_recv.php] update order status:1 order_id=953990 from 210.175.7.20
2023/09/24 10:26:49 [/shop/user_data/pg_mulpay_recv.php] pg_mulpay_recv.php set payment data:Array
(
    [ShopID] => 9000034600950
    [AccessID] => 1f239849dc1d68499054aaeae56f57c1
    [OrderID] => 953990-24102643
    [Status] => CAPTURE
    [JobCd] => CAPTURE
    [Amount] => 2890
    [Tax] => 0
    [Currency] => JPN
    [Forward] => 2959876
    [Method] => 1
    [PayTimes] => 
    [TranID] => 2309241026602257210134152149
    [Approve] => 0197039
    [TranDate] => 20230924102644
    [ErrCode] => 
    [ErrInfo] => 
    [PayType] => 0
    [CvsCode] => 
    [CvsConfNo] => 
    [CvsReceiptNo] => 
    [EdyReceiptNo] => 
    [EdyOrderNo] => 
    [SuicaReceiptNo] => 
    [SuicaOrderNo] => 
    [CustID] => 
    [BkCode] => 
    [ConfNo] => 
    [PaymentTerm] => 
    [EncryptReceiptNo] => 
    [FinishDate] => 
    [ReceiptDate] => 
    [WebMoneyManagementNo] => 
    [WebMoneySettleCode] => 
    [AuPayInfoNo] => 
    [AuPayMethod] => 
    [AuCancelAmount] => 
    [AuCancelTax] => 
    [DocomoSettlementCode] => 
    [DocomoCancelAmount] => 
    [DocomoCancelTax] => 
    [pay_status] => 13
)
 from 210.175.7.20
2023/09/24 10:26:49 [/shop/user_data/pg_mulpay_recv.php] response:true from 210.175.7.20
2023/09/24 11:04:33 [/shop/shopping/load_payment_module.php] SendRequest:https://p01.mul-pay.jp/payment/EntryTran.idPass from 36.15.65.242
2023/09/24 11:04:33 [/shop/shopping/load_payment_module.php] Array
(
    [ShopID] => 9000034600950
    [ShopPass] => ******
    [OrderID] => 953991-24110433
    [JobCd] => CAPTURE
    [Amount] => 2500
    [TdFlag] => 0
    [TdTenantName] => 
)
 from 36.15.65.242
2023/09/24 11:04:33 [/shop/shopping/load_payment_module.php] AccessID=e3c9679307610e7a05b414c3dde7bd9b&AccessPass=937fe5b2876f0b4c17d1d52cabac80fa from 36.15.65.242
2023/09/24 11:04:33 [/shop/shopping/load_payment_module.php] Array
(
    [0] => Array
        (
            [AccessID] => e3c9679307610e7a05b414c3dde7bd9b
            [AccessPass] => 937fe5b2876f0b4c17d1d52cabac80fa
        )

)
 from 36.15.65.242
2023/09/24 11:04:33 [/shop/shopping/load_payment_module.php] load_payment_module.php set payment data:Array
(
    [AccessID] => e3c9679307610e7a05b414c3dde7bd9b
    [AccessPass] => 937fe5b2876f0b4c17d1d52cabac80fa
    [OrderID] => 953991-24110433
    [Amount] => 2500
    [JobCd] => CAPTURE
    [action_status] => 1
    [pay_status] => 0
)
 from 36.15.65.242
2023/09/24 11:04:33 [/shop/shopping/load_payment_module.php] SendRequest:https://p01.mul-pay.jp/payment/ExecTran.idPass from 36.15.65.242
2023/09/24 11:04:33 [/shop/shopping/load_payment_module.php] Array
(
    [AccessID] => e3c9679307610e7a05b414c3dde7bd9b
    [AccessPass] => 937fe5b2876f0b4c17d1d52cabac80fa
    [OrderID] => 953991-24110433
    [Method] => 1
    [Token] => 9a4cf13d308ef450e144bf51ee513fad15dbaffa355c7da63b98f67cc939a840
    [ClientField1] => 
    [ClientField2] => 
    [ClientField3] => EC-CUBE4.3.35
)
 from 36.15.65.242
2023/09/24 11:04:34 [/shop/shopping/load_payment_module.php] ACS=0&OrderID=953991-24110433&Forward=2S49631&Method=1&PayTimes=&Approve=0402734&TranID=2309241104602257210134152150&TranDate=20230924110434&CheckString=7e5d9a73426e25a79ecb3eefce497662 from 36.15.65.242
2023/09/24 11:04:34 [/shop/shopping/load_payment_module.php] Array
(
    [0] => Array
        (
            [ACS] => 0
            [OrderID] => 953991-24110433
            [Forward] => 2S49631
            [Method] => 1
            [PayTimes] => 
            [Approve] => 0402734
            [TranID] => 2309241104602257210134152150
            [TranDate] => 20230924110434
            [CheckString] => 7e5d9a73426e25a79ecb3eefce497662
        )

)
 from 36.15.65.242
2023/09/24 11:04:34 [/shop/shopping/load_payment_module.php] load_payment_module.php set payment data:Array
(
    [ACS] => 0
    [Forward] => 2S49631
    [Method] => 1
    [PayTimes] => 
    [Approve] => 0402734
    [TranID] => 2309241104602257210134152150
    [TranDate] => 20230924110434
    [CheckString] => 7e5d9a73426e25a79ecb3eefce497662
    [Amount] => 2500
    [JobCd] => CAPTURE
    [action_status] => 3
    [pay_status] => 13
)
 from 36.15.65.242
2023/09/24 11:04:34 [/shop/user_data/pg_mulpay_recv.php] ******* receiveer data start ******* from 210.175.7.20
2023/09/24 11:04:34 [/shop/user_data/pg_mulpay_recv.php] Array
(
    [ShopID] => 9000034600950
    [ShopPass] => **********
    [AccessID] => e3c9679307610e7a05b414c3dde7bd9b
    [AccessPass] => ********************************
    [OrderID] => 953991-24110433
    [Status] => CAPTURE
    [JobCd] => CAPTURE
    [Amount] => 2500
    [Tax] => 0
    [Currency] => JPN
    [Forward] => 2S49631
    [Method] => 1
    [PayTimes] => 
    [TranID] => 2309241104602257210134152150
    [Approve] => 0402734
    [TranDate] => 20230924110434
    [ErrCode] => 
    [ErrInfo] => 
    [PayType] => 0
)
 from 210.175.7.20
2023/09/24 11:04:34 [/shop/user_data/pg_mulpay_recv.php] ******* receiveer data end ******* from 210.175.7.20
2023/09/24 11:04:39 [/shop/user_data/pg_mulpay_recv.php] update order status:1 order_id=953991 from 210.175.7.20
2023/09/24 11:04:39 [/shop/user_data/pg_mulpay_recv.php] pg_mulpay_recv.php set payment data:Array
(
    [ShopID] => 9000034600950
    [AccessID] => e3c9679307610e7a05b414c3dde7bd9b
    [OrderID] => 953991-24110433
    [Status] => CAPTURE
    [JobCd] => CAPTURE
    [Amount] => 2500
    [Tax] => 0
    [Currency] => JPN
    [Forward] => 2S49631
    [Method] => 1
    [PayTimes] => 
    [TranID] => 2309241104602257210134152150
    [Approve] => 0402734
    [TranDate] => 20230924110434
    [ErrCode] => 
    [ErrInfo] => 
    [PayType] => 0
    [CvsCode] => 
    [CvsConfNo] => 
    [CvsReceiptNo] => 
    [EdyReceiptNo] => 
    [EdyOrderNo] => 
    [SuicaReceiptNo] => 
    [SuicaOrderNo] => 
    [CustID] => 
    [BkCode] => 
    [ConfNo] => 
    [PaymentTerm] => 
    [EncryptReceiptNo] => 
    [FinishDate] => 
    [ReceiptDate] => 
    [WebMoneyManagementNo] => 
    [WebMoneySettleCode] => 
    [AuPayInfoNo] => 
    [AuPayMethod] => 
    [AuCancelAmount] => 
    [AuCancelTax] => 
    [DocomoSettlementCode] => 
    [DocomoCancelAmount] => 
    [DocomoCancelTax] => 
    [pay_status] => 13
)
 from 210.175.7.20
2023/09/24 11:04:39 [/shop/user_data/pg_mulpay_recv.php] response:true from 210.175.7.20
2023/09/24 12:22:34 [/shop/shopping/load_payment_module.php] SendRequest:https://p01.mul-pay.jp/payment/EntryTran.idPass from 36.15.65.242
2023/09/24 12:22:34 [/shop/shopping/load_payment_module.php] Array
(
    [ShopID] => 9000034600950
    [ShopPass] => ******
    [OrderID] => 953992-24122234
    [JobCd] => CAPTURE
    [Amount] => 2110
    [TdFlag] => 0
    [TdTenantName] => 
)
 from 36.15.65.242
2023/09/24 12:22:34 [/shop/shopping/load_payment_module.php] AccessID=5565c1c022575a27b39a5b17d306dd37&AccessPass=b0b32c7231ba9d8848c820a369d78efb from 36.15.65.242
2023/09/24 12:22:34 [/shop/shopping/load_payment_module.php] Array
(
    [0] => Array
        (
            [AccessID] => 5565c1c022575a27b39a5b17d306dd37
            [AccessPass] => b0b32c7231ba9d8848c820a369d78efb
        )

)
 from 36.15.65.242
2023/09/24 12:22:34 [/shop/shopping/load_payment_module.php] load_payment_module.php set payment data:Array
(
    [AccessID] => 5565c1c022575a27b39a5b17d306dd37
    [AccessPass] => b0b32c7231ba9d8848c820a369d78efb
    [OrderID] => 953992-24122234
    [Amount] => 2110
    [JobCd] => CAPTURE
    [action_status] => 1
    [pay_status] => 0
)
 from 36.15.65.242
2023/09/24 12:22:34 [/shop/shopping/load_payment_module.php] SendRequest:https://p01.mul-pay.jp/payment/ExecTran.idPass from 36.15.65.242
2023/09/24 12:22:34 [/shop/shopping/load_payment_module.php] Array
(
    [AccessID] => 5565c1c022575a27b39a5b17d306dd37
    [AccessPass] => b0b32c7231ba9d8848c820a369d78efb
    [OrderID] => 953992-24122234
    [Method] => 1
    [Token] => 611dec14121c29347d9a9b9dced1beb679a90d61b065c03c050318edaa58986d
    [ClientField1] => 
    [ClientField2] => 
    [ClientField3] => EC-CUBE4.3.35
)
 from 36.15.65.242
2023/09/24 12:22:35 [/shop/shopping/load_payment_module.php] ACS=0&OrderID=953992-24122234&Forward=2a99661&Method=1&PayTimes=&Approve=0818105&TranID=2309241222602257210134152151&TranDate=20230924122235&CheckString=a547773e1718e2ffe5378b57dcb1a1ca from 36.15.65.242
2023/09/24 12:22:35 [/shop/shopping/load_payment_module.php] Array
(
    [0] => Array
        (
            [ACS] => 0
            [OrderID] => 953992-24122234
            [Forward] => 2a99661
            [Method] => 1
            [PayTimes] => 
            [Approve] => 0818105
            [TranID] => 2309241222602257210134152151
            [TranDate] => 20230924122235
            [CheckString] => a547773e1718e2ffe5378b57dcb1a1ca
        )

)
 from 36.15.65.242
2023/09/24 12:22:35 [/shop/shopping/load_payment_module.php] load_payment_module.php set payment data:Array
(
    [ACS] => 0
    [Forward] => 2a99661
    [Method] => 1
    [PayTimes] => 
    [Approve] => 0818105
    [TranID] => 2309241222602257210134152151
    [TranDate] => 20230924122235
    [CheckString] => a547773e1718e2ffe5378b57dcb1a1ca
    [Amount] => 2110
    [JobCd] => CAPTURE
    [action_status] => 3
    [pay_status] => 13
)
 from 36.15.65.242
2023/09/24 12:22:36 [/shop/user_data/pg_mulpay_recv.php] ******* receiveer data start ******* from 210.175.7.20
2023/09/24 12:22:36 [/shop/user_data/pg_mulpay_recv.php] Array
(
    [ShopID] => 9000034600950
    [ShopPass] => **********
    [AccessID] => 5565c1c022575a27b39a5b17d306dd37
    [AccessPass] => ********************************
    [OrderID] => 953992-24122234
    [Status] => CAPTURE
    [JobCd] => CAPTURE
    [Amount] => 2110
    [Tax] => 0
    [Currency] => JPN
    [Forward] => 2a99661
    [Method] => 1
    [PayTimes] => 
    [TranID] => 2309241222602257210134152151
    [Approve] => 0818105
    [TranDate] => 20230924122235
    [ErrCode] => 
    [ErrInfo] => 
    [PayType] => 0
)
 from 210.175.7.20
2023/09/24 12:22:36 [/shop/user_data/pg_mulpay_recv.php] ******* receiveer data end ******* from 210.175.7.20
2023/09/24 12:22:41 [/shop/user_data/pg_mulpay_recv.php] update order status:1 order_id=953992 from 210.175.7.20
2023/09/24 12:22:41 [/shop/user_data/pg_mulpay_recv.php] pg_mulpay_recv.php set payment data:Array
(
    [ShopID] => 9000034600950
    [AccessID] => 5565c1c022575a27b39a5b17d306dd37
    [OrderID] => 953992-24122234
    [Status] => CAPTURE
    [JobCd] => CAPTURE
    [Amount] => 2110
    [Tax] => 0
    [Currency] => JPN
    [Forward] => 2a99661
    [Method] => 1
    [PayTimes] => 
    [TranID] => 2309241222602257210134152151
    [Approve] => 0818105
    [TranDate] => 20230924122235
    [ErrCode] => 
    [ErrInfo] => 
    [PayType] => 0
    [CvsCode] => 
    [CvsConfNo] => 
    [CvsReceiptNo] => 
    [EdyReceiptNo] => 
    [EdyOrderNo] => 
    [SuicaReceiptNo] => 
    [SuicaOrderNo] => 
    [CustID] => 
    [BkCode] => 
    [ConfNo] => 
    [PaymentTerm] => 
    [EncryptReceiptNo] => 
    [FinishDate] => 
    [ReceiptDate] => 
    [WebMoneyManagementNo] => 
    [WebMoneySettleCode] => 
    [AuPayInfoNo] => 
    [AuPayMethod] => 
    [AuCancelAmount] => 
    [AuCancelTax] => 
    [DocomoSettlementCode] => 
    [DocomoCancelAmount] => 
    [DocomoCancelTax] => 
    [pay_status] => 13
)
 from 210.175.7.20
2023/09/24 12:22:41 [/shop/user_data/pg_mulpay_recv.php] response:true from 210.175.7.20
2023/09/24 13:01:11 [/shop/shopping/load_payment_module.php] SendRequest:https://p01.mul-pay.jp/payment/EntryTran.idPass from 126.196.135.26
2023/09/24 13:01:11 [/shop/shopping/load_payment_module.php] Array
(
    [ShopID] => 9000034600950
    [ShopPass] => ******
    [OrderID] => 953993-24130111
    [JobCd] => CAPTURE
    [Amount] => 10030
    [TdFlag] => 0
    [TdTenantName] => 
)
 from 126.196.135.26
2023/09/24 13:01:11 [/shop/shopping/load_payment_module.php] AccessID=8adde3c9ee086db7f14fe763fb379fbe&AccessPass=b64cd21d2a1becd7cd5b75ddf78b6487 from 126.196.135.26
2023/09/24 13:01:11 [/shop/shopping/load_payment_module.php] Array
(
    [0] => Array
        (
            [AccessID] => 8adde3c9ee086db7f14fe763fb379fbe
            [AccessPass] => b64cd21d2a1becd7cd5b75ddf78b6487
        )

)
 from 126.196.135.26
2023/09/24 13:01:11 [/shop/shopping/load_payment_module.php] load_payment_module.php set payment data:Array
(
    [AccessID] => 8adde3c9ee086db7f14fe763fb379fbe
    [AccessPass] => b64cd21d2a1becd7cd5b75ddf78b6487
    [OrderID] => 953993-24130111
    [Amount] => 10030
    [JobCd] => CAPTURE
    [action_status] => 1
    [pay_status] => 0
)
 from 126.196.135.26
2023/09/24 13:01:11 [/shop/shopping/load_payment_module.php] SendRequest:https://p01.mul-pay.jp/payment/ExecTran.idPass from 126.196.135.26
2023/09/24 13:01:11 [/shop/shopping/load_payment_module.php] Array
(
    [AccessID] => 8adde3c9ee086db7f14fe763fb379fbe
    [AccessPass] => b64cd21d2a1becd7cd5b75ddf78b6487
    [OrderID] => 953993-24130111
    [Method] => 1
    [Token] => 3c427d82b48ff0133bd7447e64e3db4c630d37bb309d16709b4adac867232377
    [ClientField1] => 
    [ClientField2] => 
    [ClientField3] => EC-CUBE4.3.35
)
 from 126.196.135.26
2023/09/24 13:01:12 [/shop/shopping/load_payment_module.php] ACS=0&OrderID=953993-24130111&Forward=2S49631&Method=1&PayTimes=&Approve=0010100&TranID=2309241301602257210134162158&TranDate=20230924130112&CheckString=8822c2bf560863a681b921c98ad5c81e from 126.196.135.26
2023/09/24 13:01:12 [/shop/shopping/load_payment_module.php] Array
(
    [0] => Array
        (
            [ACS] => 0
            [OrderID] => 953993-24130111
            [Forward] => 2S49631
            [Method] => 1
            [PayTimes] => 
            [Approve] => 0010100
            [TranID] => 2309241301602257210134162158
            [TranDate] => 20230924130112
            [CheckString] => 8822c2bf560863a681b921c98ad5c81e
        )

)
 from 126.196.135.26
2023/09/24 13:01:12 [/shop/shopping/load_payment_module.php] load_payment_module.php set payment data:Array
(
    [ACS] => 0
    [Forward] => 2S49631
    [Method] => 1
    [PayTimes] => 
    [Approve] => 0010100
    [TranID] => 2309241301602257210134162158
    [TranDate] => 20230924130112
    [CheckString] => 8822c2bf560863a681b921c98ad5c81e
    [Amount] => 10030
    [JobCd] => CAPTURE
    [action_status] => 3
    [pay_status] => 13
)
 from 126.196.135.26
2023/09/24 13:01:12 [/shop/user_data/pg_mulpay_recv.php] ******* receiveer data start ******* from 210.175.7.20
2023/09/24 13:01:12 [/shop/user_data/pg_mulpay_recv.php] Array
(
    [ShopID] => 9000034600950
    [ShopPass] => **********
    [AccessID] => 8adde3c9ee086db7f14fe763fb379fbe
    [AccessPass] => ********************************
    [OrderID] => 953993-24130111
    [Status] => CAPTURE
    [JobCd] => CAPTURE
    [Amount] => 10030
    [Tax] => 0
    [Currency] => JPN
    [Forward] => 2S49631
    [Method] => 1
    [PayTimes] => 
    [TranID] => 2309241301602257210134162158
    [Approve] => 0010100
    [TranDate] => 20230924130112
    [ErrCode] => 
    [ErrInfo] => 
    [PayType] => 0
)
 from 210.175.7.20
2023/09/24 13:01:12 [/shop/user_data/pg_mulpay_recv.php] ******* receiveer data end ******* from 210.175.7.20
2023/09/24 13:01:17 [/shop/user_data/pg_mulpay_recv.php] update order status:1 order_id=953993 from 210.175.7.20
2023/09/24 13:01:17 [/shop/user_data/pg_mulpay_recv.php] pg_mulpay_recv.php set payment data:Array
(
    [ShopID] => 9000034600950
    [AccessID] => 8adde3c9ee086db7f14fe763fb379fbe
    [OrderID] => 953993-24130111
    [Status] => CAPTURE
    [JobCd] => CAPTURE
    [Amount] => 10030
    [Tax] => 0
    [Currency] => JPN
    [Forward] => 2S49631
    [Method] => 1
    [PayTimes] => 
    [TranID] => 2309241301602257210134162158
    [Approve] => 0010100
    [TranDate] => 20230924130112
    [ErrCode] => 
    [ErrInfo] => 
    [PayType] => 0
    [CvsCode] => 
    [CvsConfNo] => 
    [CvsReceiptNo] => 
    [EdyReceiptNo] => 
    [EdyOrderNo] => 
    [SuicaReceiptNo] => 
    [SuicaOrderNo] => 
    [CustID] => 
    [BkCode] => 
    [ConfNo] => 
    [PaymentTerm] => 
    [EncryptReceiptNo] => 
    [FinishDate] => 
    [ReceiptDate] => 
    [WebMoneyManagementNo] => 
    [WebMoneySettleCode] => 
    [AuPayInfoNo] => 
    [AuPayMethod] => 
    [AuCancelAmount] => 
    [AuCancelTax] => 
    [DocomoSettlementCode] => 
    [DocomoCancelAmount] => 
    [DocomoCancelTax] => 
    [pay_status] => 13
)
 from 210.175.7.20
2023/09/24 13:01:17 [/shop/user_data/pg_mulpay_recv.php] response:true from 210.175.7.20
2023/09/24 15:23:39 [/shop/shopping/load_payment_module.php] SendRequest:https://p01.mul-pay.jp/payment/EntryTran.idPass from 126.253.136.177
2023/09/24 15:23:39 [/shop/shopping/load_payment_module.php] Array
(
    [ShopID] => 9000034600950
    [ShopPass] => ******
    [OrderID] => 953994-24152339
    [JobCd] => CAPTURE
    [Amount] => 3980
    [TdFlag] => 0
    [TdTenantName] => 
)
 from 126.253.136.177
2023/09/24 15:23:39 [/shop/shopping/load_payment_module.php] AccessID=de08b5af16eb19b87eb2f7c98e9f4fdb&AccessPass=f1ca386f3bcb448304215e18815be6f3 from 126.253.136.177
2023/09/24 15:23:39 [/shop/shopping/load_payment_module.php] Array
(
    [0] => Array
        (
            [AccessID] => de08b5af16eb19b87eb2f7c98e9f4fdb
            [AccessPass] => f1ca386f3bcb448304215e18815be6f3
        )

)
 from 126.253.136.177
2023/09/24 15:23:39 [/shop/shopping/load_payment_module.php] load_payment_module.php set payment data:Array
(
    [AccessID] => de08b5af16eb19b87eb2f7c98e9f4fdb
    [AccessPass] => f1ca386f3bcb448304215e18815be6f3
    [OrderID] => 953994-24152339
    [Amount] => 3980
    [JobCd] => CAPTURE
    [action_status] => 1
    [pay_status] => 0
)
 from 126.253.136.177
2023/09/24 15:23:39 [/shop/shopping/load_payment_module.php] SendRequest:https://p01.mul-pay.jp/payment/ExecTran.idPass from 126.253.136.177
2023/09/24 15:23:39 [/shop/shopping/load_payment_module.php] Array
(
    [AccessID] => de08b5af16eb19b87eb2f7c98e9f4fdb
    [AccessPass] => f1ca386f3bcb448304215e18815be6f3
    [OrderID] => 953994-24152339
    [Method] => 1
    [Token] => e6b690f0bf9a0a191e807038be306958a5f8f30812901655ebde1d06ba9aa6dd
    [ClientField1] => 
    [ClientField2] => 
    [ClientField3] => EC-CUBE4.3.35
)
 from 126.253.136.177
2023/09/24 15:23:40 [/shop/shopping/load_payment_module.php] ACS=0&OrderID=953994-24152339&Forward=2S49631&Method=1&PayTimes=&Approve=0863169&TranID=2309241523602257210134152152&TranDate=20230924152340&CheckString=6353e0aa134c875c3a043964c5ba9720 from 126.253.136.177
2023/09/24 15:23:40 [/shop/shopping/load_payment_module.php] Array
(
    [0] => Array
        (
            [ACS] => 0
            [OrderID] => 953994-24152339
            [Forward] => 2S49631
            [Method] => 1
            [PayTimes] => 
            [Approve] => 0863169
            [TranID] => 2309241523602257210134152152
            [TranDate] => 20230924152340
            [CheckString] => 6353e0aa134c875c3a043964c5ba9720
        )

)
 from 126.253.136.177
2023/09/24 15:23:40 [/shop/shopping/load_payment_module.php] load_payment_module.php set payment data:Array
(
    [ACS] => 0
    [Forward] => 2S49631
    [Method] => 1
    [PayTimes] => 
    [Approve] => 0863169
    [TranID] => 2309241523602257210134152152
    [TranDate] => 20230924152340
    [CheckString] => 6353e0aa134c875c3a043964c5ba9720
    [Amount] => 3980
    [JobCd] => CAPTURE
    [action_status] => 3
    [pay_status] => 13
)
 from 126.253.136.177
2023/09/24 15:23:40 [/shop/user_data/pg_mulpay_recv.php] ******* receiveer data start ******* from 210.175.7.20
2023/09/24 15:23:40 [/shop/user_data/pg_mulpay_recv.php] Array
(
    [ShopID] => 9000034600950
    [ShopPass] => **********
    [AccessID] => de08b5af16eb19b87eb2f7c98e9f4fdb
    [AccessPass] => ********************************
    [OrderID] => 953994-24152339
    [Status] => CAPTURE
    [JobCd] => CAPTURE
    [Amount] => 3980
    [Tax] => 0
    [Currency] => JPN
    [Forward] => 2S49631
    [Method] => 1
    [PayTimes] => 
    [TranID] => 2309241523602257210134152152
    [Approve] => 0863169
    [TranDate] => 20230924152340
    [ErrCode] => 
    [ErrInfo] => 
    [PayType] => 0
)
 from 210.175.7.20
2023/09/24 15:23:40 [/shop/user_data/pg_mulpay_recv.php] ******* receiveer data end ******* from 210.175.7.20
2023/09/24 15:23:45 [/shop/user_data/pg_mulpay_recv.php] update order status:1 order_id=953994 from 210.175.7.20
2023/09/24 15:23:45 [/shop/user_data/pg_mulpay_recv.php] pg_mulpay_recv.php set payment data:Array
(
    [ShopID] => 9000034600950
    [AccessID] => de08b5af16eb19b87eb2f7c98e9f4fdb
    [OrderID] => 953994-24152339
    [Status] => CAPTURE
    [JobCd] => CAPTURE
    [Amount] => 3980
    [Tax] => 0
    [Currency] => JPN
    [Forward] => 2S49631
    [Method] => 1
    [PayTimes] => 
    [TranID] => 2309241523602257210134152152
    [Approve] => 0863169
    [TranDate] => 20230924152340
    [ErrCode] => 
    [ErrInfo] => 
    [PayType] => 0
    [CvsCode] => 
    [CvsConfNo] => 
    [CvsReceiptNo] => 
    [EdyReceiptNo] => 
    [EdyOrderNo] => 
    [SuicaReceiptNo] => 
    [SuicaOrderNo] => 
    [CustID] => 
    [BkCode] => 
    [ConfNo] => 
    [PaymentTerm] => 
    [EncryptReceiptNo] => 
    [FinishDate] => 
    [ReceiptDate] => 
    [WebMoneyManagementNo] => 
    [WebMoneySettleCode] => 
    [AuPayInfoNo] => 
    [AuPayMethod] => 
    [AuCancelAmount] => 
    [AuCancelTax] => 
    [DocomoSettlementCode] => 
    [DocomoCancelAmount] => 
    [DocomoCancelTax] => 
    [pay_status] => 13
)
 from 210.175.7.20
2023/09/24 15:23:45 [/shop/user_data/pg_mulpay_recv.php] response:true from 210.175.7.20
2023/09/24 15:59:47 [/shop/shopping/load_payment_module.php] SendRequest:https://p01.mul-pay.jp/payment/SearchMember.idPass from 159.196.14.124
2023/09/24 15:59:47 [/shop/shopping/load_payment_module.php] Array
(
    [SiteID] => mst0000007602
    [SitePass] => ******
    [MemberID] => 2955
)
 from 159.196.14.124
2023/09/24 15:59:48 [/shop/shopping/load_payment_module.php] ErrCode=E01&ErrInfo=E01390002 from 159.196.14.124
2023/09/24 15:59:48 [/shop/shopping/load_payment_module.php] Array
(
    [0] => Array
        (
            [ErrCode] => E01
            [ErrInfo] => E01390002
        )

)
 from 159.196.14.124
2023/09/24 15:59:48 [/shop/shopping/load_payment_module.php] SendRequest:https://p01.mul-pay.jp/payment/SearchCard.idPass from 159.196.14.124
2023/09/24 15:59:48 [/shop/shopping/load_payment_module.php] Array
(
    [SiteID] => mst0000007602
    [SitePass] => ******
    [MemberID] => 2955
)
 from 159.196.14.124
2023/09/24 15:59:48 [/shop/shopping/load_payment_module.php] ErrCode=E01|E01&ErrInfo=E01390002|E01240002 from 159.196.14.124
2023/09/24 15:59:48 [/shop/shopping/load_payment_module.php] Array
(
    [0] => Array
        (
            [ErrCode] => E01
            [ErrInfo] => E01390002
        )

    [1] => Array
        (
            [ErrCode] => E01
            [ErrInfo] => E01240002
        )

)
 from 159.196.14.124
2023/09/24 16:00:56 [/shop/shopping/load_payment_module.php] SendRequest:https://p01.mul-pay.jp/payment/SearchMember.idPass from 159.196.14.124
2023/09/24 16:00:56 [/shop/shopping/load_payment_module.php] Array
(
    [SiteID] => mst0000007602
    [SitePass] => ******
    [MemberID] => 2955
)
 from 159.196.14.124
2023/09/24 16:00:56 [/shop/shopping/load_payment_module.php] ErrCode=E01&ErrInfo=E01390002 from 159.196.14.124
2023/09/24 16:00:56 [/shop/shopping/load_payment_module.php] Array
(
    [0] => Array
        (
            [ErrCode] => E01
            [ErrInfo] => E01390002
        )

)
 from 159.196.14.124
2023/09/24 16:00:56 [/shop/shopping/load_payment_module.php] SendRequest:https://p01.mul-pay.jp/payment/SearchCard.idPass from 159.196.14.124
2023/09/24 16:00:56 [/shop/shopping/load_payment_module.php] Array
(
    [SiteID] => mst0000007602
    [SitePass] => ******
    [MemberID] => 2955
)
 from 159.196.14.124
2023/09/24 16:00:56 [/shop/shopping/load_payment_module.php] ErrCode=E01|E01&ErrInfo=E01390002|E01240002 from 159.196.14.124
2023/09/24 16:00:56 [/shop/shopping/load_payment_module.php] Array
(
    [0] => Array
        (
            [ErrCode] => E01
            [ErrInfo] => E01390002
        )

    [1] => Array
        (
            [ErrCode] => E01
            [ErrInfo] => E01240002
        )

)
 from 159.196.14.124
2023/09/24 16:00:56 [/shop/shopping/load_payment_module.php] SendRequest:https://p01.mul-pay.jp/payment/EntryTran.idPass from 159.196.14.124
2023/09/24 16:00:56 [/shop/shopping/load_payment_module.php] Array
(
    [ShopID] => 9000034600950
    [ShopPass] => ******
    [OrderID] => 953995-24160056
    [JobCd] => CAPTURE
    [Amount] => 9453
    [TdFlag] => 0
    [TdTenantName] => 
)
 from 159.196.14.124
2023/09/24 16:00:56 [/shop/shopping/load_payment_module.php] AccessID=2f5fa89f4807f6cf066f87b30e42ec96&AccessPass=9dc617410ee048fe7e6af47405799692 from 159.196.14.124
2023/09/24 16:00:56 [/shop/shopping/load_payment_module.php] Array
(
    [0] => Array
        (
            [AccessID] => 2f5fa89f4807f6cf066f87b30e42ec96
            [AccessPass] => 9dc617410ee048fe7e6af47405799692
        )

)
 from 159.196.14.124
2023/09/24 16:00:56 [/shop/shopping/load_payment_module.php] load_payment_module.php set payment data:Array
(
    [AccessID] => 2f5fa89f4807f6cf066f87b30e42ec96
    [AccessPass] => 9dc617410ee048fe7e6af47405799692
    [OrderID] => 953995-24160056
    [Amount] => 9453
    [JobCd] => CAPTURE
    [action_status] => 1
    [pay_status] => 0
)
 from 159.196.14.124
2023/09/24 16:00:56 [/shop/shopping/load_payment_module.php] SendRequest:https://p01.mul-pay.jp/payment/ExecTran.idPass from 159.196.14.124
2023/09/24 16:00:56 [/shop/shopping/load_payment_module.php] Array
(
    [AccessID] => 2f5fa89f4807f6cf066f87b30e42ec96
    [AccessPass] => 9dc617410ee048fe7e6af47405799692
    [OrderID] => 953995-24160056
    [Method] => 1
    [Token] => 404827907729f1411dc0520039e3b5dd3e8c162715d2e349b5dd2fec568d28d0
    [ClientField1] => 
    [ClientField2] => 
    [ClientField3] => EC-CUBE4.3.35
)
 from 159.196.14.124
2023/09/24 16:00:57 [/shop/shopping/load_payment_module.php] ACS=0&OrderID=953995-24160056&Forward=2959876&Method=1&PayTimes=&Approve=0070056&TranID=2309241600602257210134182148&TranDate=20230924160057&CheckString=0bd1bcb68af161eced56c3f1e8dd95e1 from 159.196.14.124
2023/09/24 16:00:57 [/shop/shopping/load_payment_module.php] Array
(
    [0] => Array
        (
            [ACS] => 0
            [OrderID] => 953995-24160056
            [Forward] => 2959876
            [Method] => 1
            [PayTimes] => 
            [Approve] => 0070056
            [TranID] => 2309241600602257210134182148
            [TranDate] => 20230924160057
            [CheckString] => 0bd1bcb68af161eced56c3f1e8dd95e1
        )

)
 from 159.196.14.124
2023/09/24 16:00:57 [/shop/shopping/load_payment_module.php] load_payment_module.php set payment data:Array
(
    [ACS] => 0
    [Forward] => 2959876
    [Method] => 1
    [PayTimes] => 
    [Approve] => 0070056
    [TranID] => 2309241600602257210134182148
    [TranDate] => 20230924160057
    [CheckString] => 0bd1bcb68af161eced56c3f1e8dd95e1
    [Amount] => 9453
    [JobCd] => CAPTURE
    [action_status] => 3
    [pay_status] => 13
)
 from 159.196.14.124
2023/09/24 16:00:57 [/shop/user_data/pg_mulpay_recv.php] ******* receiveer data start ******* from 210.175.7.20
2023/09/24 16:00:57 [/shop/user_data/pg_mulpay_recv.php] Array
(
    [ShopID] => 9000034600950
    [ShopPass] => **********
    [AccessID] => 2f5fa89f4807f6cf066f87b30e42ec96
    [AccessPass] => ********************************
    [OrderID] => 953995-24160056
    [Status] => CAPTURE
    [JobCd] => CAPTURE
    [Amount] => 9453
    [Tax] => 0
    [Currency] => JPN
    [Forward] => 2959876
    [Method] => 1
    [PayTimes] => 
    [TranID] => 2309241600602257210134182148
    [Approve] => 0070056
    [TranDate] => 20230924160057
    [ErrCode] => 
    [ErrInfo] => 
    [PayType] => 0
)
 from 210.175.7.20
2023/09/24 16:00:57 [/shop/user_data/pg_mulpay_recv.php] ******* receiveer data end ******* from 210.175.7.20
2023/09/24 16:01:02 [/shop/user_data/pg_mulpay_recv.php] update order status:1 order_id=953995 from 210.175.7.20
2023/09/24 16:01:02 [/shop/user_data/pg_mulpay_recv.php] pg_mulpay_recv.php set payment data:Array
(
    [ShopID] => 9000034600950
    [AccessID] => 2f5fa89f4807f6cf066f87b30e42ec96
    [OrderID] => 953995-24160056
    [Status] => CAPTURE
    [JobCd] => CAPTURE
    [Amount] => 9453
    [Tax] => 0
    [Currency] => JPN
    [Forward] => 2959876
    [Method] => 1
    [PayTimes] => 
    [TranID] => 2309241600602257210134182148
    [Approve] => 0070056
    [TranDate] => 20230924160057
    [ErrCode] => 
    [ErrInfo] => 
    [PayType] => 0
    [CvsCode] => 
    [CvsConfNo] => 
    [CvsReceiptNo] => 
    [EdyReceiptNo] => 
    [EdyOrderNo] => 
    [SuicaReceiptNo] => 
    [SuicaOrderNo] => 
    [CustID] => 
    [BkCode] => 
    [ConfNo] => 
    [PaymentTerm] => 
    [EncryptReceiptNo] => 
    [FinishDate] => 
    [ReceiptDate] => 
    [WebMoneyManagementNo] => 
    [WebMoneySettleCode] => 
    [AuPayInfoNo] => 
    [AuPayMethod] => 
    [AuCancelAmount] => 
    [AuCancelTax] => 
    [DocomoSettlementCode] => 
    [DocomoCancelAmount] => 
    [DocomoCancelTax] => 
    [pay_status] => 13
)
 from 210.175.7.20
2023/09/24 16:01:02 [/shop/user_data/pg_mulpay_recv.php] response:true from 210.175.7.20
2023/09/24 16:49:18 [/shop/shopping/load_payment_module.php] SendRequest:https://p01.mul-pay.jp/payment/EntryTran.idPass from 36.15.65.242
2023/09/24 16:49:18 [/shop/shopping/load_payment_module.php] Array
(
    [ShopID] => 9000034600950
    [ShopPass] => ******
    [OrderID] => 953996-24164918
    [JobCd] => CAPTURE
    [Amount] => 1720
    [TdFlag] => 0
    [TdTenantName] => 
)
 from 36.15.65.242
2023/09/24 16:49:18 [/shop/shopping/load_payment_module.php] AccessID=f3b591bb202c4bcc9f52049d90d6437e&AccessPass=820168967c614db1d56ce9cba0e623e7 from 36.15.65.242
2023/09/24 16:49:18 [/shop/shopping/load_payment_module.php] Array
(
    [0] => Array
        (
            [AccessID] => f3b591bb202c4bcc9f52049d90d6437e
            [AccessPass] => 820168967c614db1d56ce9cba0e623e7
        )

)
 from 36.15.65.242
2023/09/24 16:49:18 [/shop/shopping/load_payment_module.php] load_payment_module.php set payment data:Array
(
    [AccessID] => f3b591bb202c4bcc9f52049d90d6437e
    [AccessPass] => 820168967c614db1d56ce9cba0e623e7
    [OrderID] => 953996-24164918
    [Amount] => 1720
    [JobCd] => CAPTURE
    [action_status] => 1
    [pay_status] => 0
)
 from 36.15.65.242
2023/09/24 16:49:18 [/shop/shopping/load_payment_module.php] SendRequest:https://p01.mul-pay.jp/payment/ExecTran.idPass from 36.15.65.242
2023/09/24 16:49:18 [/shop/shopping/load_payment_module.php] Array
(
    [AccessID] => f3b591bb202c4bcc9f52049d90d6437e
    [AccessPass] => 820168967c614db1d56ce9cba0e623e7
    [OrderID] => 953996-24164918
    [Method] => 1
    [Token] => 92cd02e3ffa9699b6100de7462a72a570e3b09bf51a433c689caaeb01d0b11d0
    [ClientField1] => 
    [ClientField2] => 
    [ClientField3] => EC-CUBE4.3.35
)
 from 36.15.65.242
2023/09/24 16:49:19 [/shop/shopping/load_payment_module.php] ACS=0&OrderID=953996-24164918&Forward=2a99661&Method=1&PayTimes=&Approve=0008201&TranID=2309241649602257210134172092&TranDate=20230924164919&CheckString=27e96507a68d994c52dae4f357c949a5 from 36.15.65.242
2023/09/24 16:49:19 [/shop/shopping/load_payment_module.php] Array
(
    [0] => Array
        (
            [ACS] => 0
            [OrderID] => 953996-24164918
            [Forward] => 2a99661
            [Method] => 1
            [PayTimes] => 
            [Approve] => 0008201
            [TranID] => 2309241649602257210134172092
            [TranDate] => 20230924164919
            [CheckString] => 27e96507a68d994c52dae4f357c949a5
        )

)
 from 36.15.65.242
2023/09/24 16:49:19 [/shop/shopping/load_payment_module.php] load_payment_module.php set payment data:Array
(
    [ACS] => 0
    [Forward] => 2a99661
    [Method] => 1
    [PayTimes] => 
    [Approve] => 0008201
    [TranID] => 2309241649602257210134172092
    [TranDate] => 20230924164919
    [CheckString] => 27e96507a68d994c52dae4f357c949a5
    [Amount] => 1720
    [JobCd] => CAPTURE
    [action_status] => 3
    [pay_status] => 13
)
 from 36.15.65.242
2023/09/24 16:49:19 [/shop/user_data/pg_mulpay_recv.php] ******* receiveer data start ******* from 210.175.7.20
2023/09/24 16:49:19 [/shop/user_data/pg_mulpay_recv.php] Array
(
    [ShopID] => 9000034600950
    [ShopPass] => **********
    [AccessID] => f3b591bb202c4bcc9f52049d90d6437e
    [AccessPass] => ********************************
    [OrderID] => 953996-24164918
    [Status] => CAPTURE
    [JobCd] => CAPTURE
    [Amount] => 1720
    [Tax] => 0
    [Currency] => JPN
    [Forward] => 2a99661
    [Method] => 1
    [PayTimes] => 
    [TranID] => 2309241649602257210134172092
    [Approve] => 0008201
    [TranDate] => 20230924164919
    [ErrCode] => 
    [ErrInfo] => 
    [PayType] => 0
)
 from 210.175.7.20
2023/09/24 16:49:19 [/shop/user_data/pg_mulpay_recv.php] ******* receiveer data end ******* from 210.175.7.20
2023/09/24 16:49:24 [/shop/user_data/pg_mulpay_recv.php] update order status:1 order_id=953996 from 210.175.7.20
2023/09/24 16:49:24 [/shop/user_data/pg_mulpay_recv.php] pg_mulpay_recv.php set payment data:Array
(
    [ShopID] => 9000034600950
    [AccessID] => f3b591bb202c4bcc9f52049d90d6437e
    [OrderID] => 953996-24164918
    [Status] => CAPTURE
    [JobCd] => CAPTURE
    [Amount] => 1720
    [Tax] => 0
    [Currency] => JPN
    [Forward] => 2a99661
    [Method] => 1
    [PayTimes] => 
    [TranID] => 2309241649602257210134172092
    [Approve] => 0008201
    [TranDate] => 20230924164919
    [ErrCode] => 
    [ErrInfo] => 
    [PayType] => 0
    [CvsCode] => 
    [CvsConfNo] => 
    [CvsReceiptNo] => 
    [EdyReceiptNo] => 
    [EdyOrderNo] => 
    [SuicaReceiptNo] => 
    [SuicaOrderNo] => 
    [CustID] => 
    [BkCode] => 
    [ConfNo] => 
    [PaymentTerm] => 
    [EncryptReceiptNo] => 
    [FinishDate] => 
    [ReceiptDate] => 
    [WebMoneyManagementNo] => 
    [WebMoneySettleCode] => 
    [AuPayInfoNo] => 
    [AuPayMethod] => 
    [AuCancelAmount] => 
    [AuCancelTax] => 
    [DocomoSettlementCode] => 
    [DocomoCancelAmount] => 
    [DocomoCancelTax] => 
    [pay_status] => 13
)
 from 210.175.7.20
2023/09/24 16:49:24 [/shop/user_data/pg_mulpay_recv.php] response:true from 210.175.7.20
2023/09/24 17:49:50 [/shop/shopping/load_payment_module.php] SendRequest:https://p01.mul-pay.jp/payment/SearchMember.idPass from 90.110.104.208
2023/09/24 17:49:50 [/shop/shopping/load_payment_module.php] Array
(
    [SiteID] => mst0000007602
    [SitePass] => ******
    [MemberID] => 9785
)
 from 90.110.104.208
2023/09/24 17:49:50 [/shop/shopping/load_payment_module.php] ErrCode=E01&ErrInfo=E01390002 from 90.110.104.208
2023/09/24 17:49:50 [/shop/shopping/load_payment_module.php] Array
(
    [0] => Array
        (
            [ErrCode] => E01
            [ErrInfo] => E01390002
        )

)
 from 90.110.104.208
2023/09/24 17:49:50 [/shop/shopping/load_payment_module.php] SendRequest:https://p01.mul-pay.jp/payment/SearchCard.idPass from 90.110.104.208
2023/09/24 17:49:50 [/shop/shopping/load_payment_module.php] Array
(
    [SiteID] => mst0000007602
    [SitePass] => ******
    [MemberID] => 9785
)
 from 90.110.104.208
2023/09/24 17:49:50 [/shop/shopping/load_payment_module.php] ErrCode=E01|E01&ErrInfo=E01390002|E01240002 from 90.110.104.208
2023/09/24 17:49:50 [/shop/shopping/load_payment_module.php] Array
(
    [0] => Array
        (
            [ErrCode] => E01
            [ErrInfo] => E01390002
        )

    [1] => Array
        (
            [ErrCode] => E01
            [ErrInfo] => E01240002
        )

)
 from 90.110.104.208
2023/09/24 17:50:41 [/shop/shopping/load_payment_module.php] SendRequest:https://p01.mul-pay.jp/payment/SearchMember.idPass from 90.110.104.208
2023/09/24 17:50:41 [/shop/shopping/load_payment_module.php] Array
(
    [SiteID] => mst0000007602
    [SitePass] => ******
    [MemberID] => 9785
)
 from 90.110.104.208
2023/09/24 17:50:41 [/shop/shopping/load_payment_module.php] ErrCode=E01&ErrInfo=E01390002 from 90.110.104.208
2023/09/24 17:50:41 [/shop/shopping/load_payment_module.php] Array
(
    [0] => Array
        (
            [ErrCode] => E01
            [ErrInfo] => E01390002
        )

)
 from 90.110.104.208
2023/09/24 17:50:41 [/shop/shopping/load_payment_module.php] SendRequest:https://p01.mul-pay.jp/payment/SearchCard.idPass from 90.110.104.208
2023/09/24 17:50:41 [/shop/shopping/load_payment_module.php] Array
(
    [SiteID] => mst0000007602
    [SitePass] => ******
    [MemberID] => 9785
)
 from 90.110.104.208
2023/09/24 17:50:41 [/shop/shopping/load_payment_module.php] ErrCode=E01|E01&ErrInfo=E01390002|E01240002 from 90.110.104.208
2023/09/24 17:50:41 [/shop/shopping/load_payment_module.php] Array
(
    [0] => Array
        (
            [ErrCode] => E01
            [ErrInfo] => E01390002
        )

    [1] => Array
        (
            [ErrCode] => E01
            [ErrInfo] => E01240002
        )

)
 from 90.110.104.208
2023/09/24 17:50:41 [/shop/shopping/load_payment_module.php] SendRequest:https://p01.mul-pay.jp/payment/EntryTran.idPass from 90.110.104.208
2023/09/24 17:50:41 [/shop/shopping/load_payment_module.php] Array
(
    [ShopID] => 9000034600950
    [ShopPass] => ******
    [OrderID] => 953997-24175041
    [JobCd] => CAPTURE
    [Amount] => 10145
    [TdFlag] => 0
    [TdTenantName] => 
)
 from 90.110.104.208
2023/09/24 17:50:42 [/shop/shopping/load_payment_module.php] AccessID=ea435e882971325a6d16f8cb5da8a984&AccessPass=b4c6fdaf03fc3e3a33a1c02dc056be3a from 90.110.104.208
2023/09/24 17:50:42 [/shop/shopping/load_payment_module.php] Array
(
    [0] => Array
        (
            [AccessID] => ea435e882971325a6d16f8cb5da8a984
            [AccessPass] => b4c6fdaf03fc3e3a33a1c02dc056be3a
        )

)
 from 90.110.104.208
2023/09/24 17:50:42 [/shop/shopping/load_payment_module.php] load_payment_module.php set payment data:Array
(
    [AccessID] => ea435e882971325a6d16f8cb5da8a984
    [AccessPass] => b4c6fdaf03fc3e3a33a1c02dc056be3a
    [OrderID] => 953997-24175041
    [Amount] => 10145
    [JobCd] => CAPTURE
    [action_status] => 1
    [pay_status] => 0
)
 from 90.110.104.208
2023/09/24 17:50:42 [/shop/shopping/load_payment_module.php] SendRequest:https://p01.mul-pay.jp/payment/ExecTran.idPass from 90.110.104.208
2023/09/24 17:50:42 [/shop/shopping/load_payment_module.php] Array
(
    [AccessID] => ea435e882971325a6d16f8cb5da8a984
    [AccessPass] => b4c6fdaf03fc3e3a33a1c02dc056be3a
    [OrderID] => 953997-24175041
    [Method] => 1
    [Token] => 6840aa22b22a1811751da4a5e9f9127299a19b6b2e4d1bf587477d40a2cb8ee0
    [ClientField1] => 
    [ClientField2] => 
    [ClientField3] => EC-CUBE4.3.35
)
 from 90.110.104.208
2023/09/24 17:50:43 [/shop/shopping/load_payment_module.php] ACS=0&OrderID=953997-24175041&Forward=2S49631&Method=1&PayTimes=&Approve=0229414&TranID=2309241750602257210134152153&TranDate=20230924175043&CheckString=41120d8d220353b47713d9c6a6eea71f from 90.110.104.208
2023/09/24 17:50:43 [/shop/shopping/load_payment_module.php] Array
(
    [0] => Array
        (
            [ACS] => 0
            [OrderID] => 953997-24175041
            [Forward] => 2S49631
            [Method] => 1
            [PayTimes] => 
            [Approve] => 0229414
            [TranID] => 2309241750602257210134152153
            [TranDate] => 20230924175043
            [CheckString] => 41120d8d220353b47713d9c6a6eea71f
        )

)
 from 90.110.104.208
2023/09/24 17:50:43 [/shop/shopping/load_payment_module.php] load_payment_module.php set payment data:Array
(
    [ACS] => 0
    [Forward] => 2S49631
    [Method] => 1
    [PayTimes] => 
    [Approve] => 0229414
    [TranID] => 2309241750602257210134152153
    [TranDate] => 20230924175043
    [CheckString] => 41120d8d220353b47713d9c6a6eea71f
    [Amount] => 10145
    [JobCd] => CAPTURE
    [action_status] => 3
    [pay_status] => 13
)
 from 90.110.104.208
2023/09/24 17:50:43 [/shop/user_data/pg_mulpay_recv.php] ******* receiveer data start ******* from 210.175.7.20
2023/09/24 17:50:43 [/shop/user_data/pg_mulpay_recv.php] Array
(
    [ShopID] => 9000034600950
    [ShopPass] => **********
    [AccessID] => ea435e882971325a6d16f8cb5da8a984
    [AccessPass] => ********************************
    [OrderID] => 953997-24175041
    [Status] => CAPTURE
    [JobCd] => CAPTURE
    [Amount] => 10145
    [Tax] => 0
    [Currency] => JPN
    [Forward] => 2S49631
    [Method] => 1
    [PayTimes] => 
    [TranID] => 2309241750602257210134152153
    [Approve] => 0229414
    [TranDate] => 20230924175043
    [ErrCode] => 
    [ErrInfo] => 
    [PayType] => 0
)
 from 210.175.7.20
2023/09/24 17:50:43 [/shop/user_data/pg_mulpay_recv.php] ******* receiveer data end ******* from 210.175.7.20
2023/09/24 17:50:48 [/shop/user_data/pg_mulpay_recv.php] update order status:1 order_id=953997 from 210.175.7.20
2023/09/24 17:50:48 [/shop/user_data/pg_mulpay_recv.php] pg_mulpay_recv.php set payment data:Array
(
    [ShopID] => 9000034600950
    [AccessID] => ea435e882971325a6d16f8cb5da8a984
    [OrderID] => 953997-24175041
    [Status] => CAPTURE
    [JobCd] => CAPTURE
    [Amount] => 10145
    [Tax] => 0
    [Currency] => JPN
    [Forward] => 2S49631
    [Method] => 1
    [PayTimes] => 
    [TranID] => 2309241750602257210134152153
    [Approve] => 0229414
    [TranDate] => 20230924175043
    [ErrCode] => 
    [ErrInfo] => 
    [PayType] => 0
    [CvsCode] => 
    [CvsConfNo] => 
    [CvsReceiptNo] => 
    [EdyReceiptNo] => 
    [EdyOrderNo] => 
    [SuicaReceiptNo] => 
    [SuicaOrderNo] => 
    [CustID] => 
    [BkCode] => 
    [ConfNo] => 
    [PaymentTerm] => 
    [EncryptReceiptNo] => 
    [FinishDate] => 
    [ReceiptDate] => 
    [WebMoneyManagementNo] => 
    [WebMoneySettleCode] => 
    [AuPayInfoNo] => 
    [AuPayMethod] => 
    [AuCancelAmount] => 
    [AuCancelTax] => 
    [DocomoSettlementCode] => 
    [DocomoCancelAmount] => 
    [DocomoCancelTax] => 
    [pay_status] => 13
)
 from 210.175.7.20
2023/09/24 17:50:48 [/shop/user_data/pg_mulpay_recv.php] response:true from 210.175.7.20
2023/09/24 19:29:29 [/shop/shopping/load_payment_module.php] SendRequest:https://p01.mul-pay.jp/payment/EntryTran.idPass from 87.170.16.248
2023/09/24 19:29:29 [/shop/shopping/load_payment_module.php] Array
(
    [ShopID] => 9000034600950
    [ShopPass] => ******
    [OrderID] => 953998-24192929
    [JobCd] => CAPTURE
    [Amount] => 6400
    [TdFlag] => 0
    [TdTenantName] => 
)
 from 87.170.16.248
2023/09/24 19:29:29 [/shop/shopping/load_payment_module.php] AccessID=f0c8a44a3f9f7dc0e8e81bd5c22dcb91&AccessPass=faccf7b095ff075a6832007886062b5d from 87.170.16.248
2023/09/24 19:29:29 [/shop/shopping/load_payment_module.php] Array
(
    [0] => Array
        (
            [AccessID] => f0c8a44a3f9f7dc0e8e81bd5c22dcb91
            [AccessPass] => faccf7b095ff075a6832007886062b5d
        )

)
 from 87.170.16.248
2023/09/24 19:29:29 [/shop/shopping/load_payment_module.php] load_payment_module.php set payment data:Array
(
    [AccessID] => f0c8a44a3f9f7dc0e8e81bd5c22dcb91
    [AccessPass] => faccf7b095ff075a6832007886062b5d
    [OrderID] => 953998-24192929
    [Amount] => 6400
    [JobCd] => CAPTURE
    [action_status] => 1
    [pay_status] => 0
)
 from 87.170.16.248
2023/09/24 19:29:29 [/shop/shopping/load_payment_module.php] SendRequest:https://p01.mul-pay.jp/payment/ExecTran.idPass from 87.170.16.248
2023/09/24 19:29:29 [/shop/shopping/load_payment_module.php] Array
(
    [AccessID] => f0c8a44a3f9f7dc0e8e81bd5c22dcb91
    [AccessPass] => faccf7b095ff075a6832007886062b5d
    [OrderID] => 953998-24192929
    [Method] => 1
    [Token] => afade9e0c3fd74afabd9365b885aeb7fcb775822a21e062bd8b5854003934a6e
    [ClientField1] => 
    [ClientField2] => 
    [ClientField3] => EC-CUBE4.3.35
)
 from 87.170.16.248
2023/09/24 19:29:30 [/shop/shopping/load_payment_module.php] ACS=0&OrderID=953998-24192929&Forward=2S49631&Method=1&PayTimes=&Approve=0122929&TranID=2309241929602257210134162159&TranDate=20230924192930&CheckString=65d2f86f1d9e4ed6db1308ab6b00e5a3 from 87.170.16.248
2023/09/24 19:29:30 [/shop/shopping/load_payment_module.php] Array
(
    [0] => Array
        (
            [ACS] => 0
            [OrderID] => 953998-24192929
            [Forward] => 2S49631
            [Method] => 1
            [PayTimes] => 
            [Approve] => 0122929
            [TranID] => 2309241929602257210134162159
            [TranDate] => 20230924192930
            [CheckString] => 65d2f86f1d9e4ed6db1308ab6b00e5a3
        )

)
 from 87.170.16.248
2023/09/24 19:29:30 [/shop/shopping/load_payment_module.php] load_payment_module.php set payment data:Array
(
    [ACS] => 0
    [Forward] => 2S49631
    [Method] => 1
    [PayTimes] => 
    [Approve] => 0122929
    [TranID] => 2309241929602257210134162159
    [TranDate] => 20230924192930
    [CheckString] => 65d2f86f1d9e4ed6db1308ab6b00e5a3
    [Amount] => 6400
    [JobCd] => CAPTURE
    [action_status] => 3
    [pay_status] => 13
)
 from 87.170.16.248
2023/09/24 19:29:30 [/shop/user_data/pg_mulpay_recv.php] ******* receiveer data start ******* from 210.175.7.20
2023/09/24 19:29:30 [/shop/user_data/pg_mulpay_recv.php] Array
(
    [ShopID] => 9000034600950
    [ShopPass] => **********
    [AccessID] => f0c8a44a3f9f7dc0e8e81bd5c22dcb91
    [AccessPass] => ********************************
    [OrderID] => 953998-24192929
    [Status] => CAPTURE
    [JobCd] => CAPTURE
    [Amount] => 6400
    [Tax] => 0
    [Currency] => JPN
    [Forward] => 2S49631
    [Method] => 1
    [PayTimes] => 
    [TranID] => 2309241929602257210134162159
    [Approve] => 0122929
    [TranDate] => 20230924192930
    [ErrCode] => 
    [ErrInfo] => 
    [PayType] => 0
)
 from 210.175.7.20
2023/09/24 19:29:30 [/shop/user_data/pg_mulpay_recv.php] ******* receiveer data end ******* from 210.175.7.20
2023/09/24 19:29:35 [/shop/user_data/pg_mulpay_recv.php] update order status:1 order_id=953998 from 210.175.7.20
2023/09/24 19:29:35 [/shop/user_data/pg_mulpay_recv.php] pg_mulpay_recv.php set payment data:Array
(
    [ShopID] => 9000034600950
    [AccessID] => f0c8a44a3f9f7dc0e8e81bd5c22dcb91
    [OrderID] => 953998-24192929
    [Status] => CAPTURE
    [JobCd] => CAPTURE
    [Amount] => 6400
    [Tax] => 0
    [Currency] => JPN
    [Forward] => 2S49631
    [Method] => 1
    [PayTimes] => 
    [TranID] => 2309241929602257210134162159
    [Approve] => 0122929
    [TranDate] => 20230924192930
    [ErrCode] => 
    [ErrInfo] => 
    [PayType] => 0
    [CvsCode] => 
    [CvsConfNo] => 
    [CvsReceiptNo] => 
    [EdyReceiptNo] => 
    [EdyOrderNo] => 
    [SuicaReceiptNo] => 
    [SuicaOrderNo] => 
    [CustID] => 
    [BkCode] => 
    [ConfNo] => 
    [PaymentTerm] => 
    [EncryptReceiptNo] => 
    [FinishDate] => 
    [ReceiptDate] => 
    [WebMoneyManagementNo] => 
    [WebMoneySettleCode] => 
    [AuPayInfoNo] => 
    [AuPayMethod] => 
    [AuCancelAmount] => 
    [AuCancelTax] => 
    [DocomoSettlementCode] => 
    [DocomoCancelAmount] => 
    [DocomoCancelTax] => 
    [pay_status] => 13
)
 from 210.175.7.20
2023/09/24 19:29:35 [/shop/user_data/pg_mulpay_recv.php] response:true from 210.175.7.20
2023/09/24 22:30:07 [/shop/shopping/load_payment_module.php] SendRequest:https://p01.mul-pay.jp/payment/SearchMember.idPass from 88.126.188.153
2023/09/24 22:30:07 [/shop/shopping/load_payment_module.php] Array
(
    [SiteID] => mst0000007602
    [SitePass] => ******
    [MemberID] => 12142
)
 from 88.126.188.153
2023/09/24 22:30:07 [/shop/shopping/load_payment_module.php] ErrCode=E01&ErrInfo=E01390002 from 88.126.188.153
2023/09/24 22:30:07 [/shop/shopping/load_payment_module.php] Array
(
    [0] => Array
        (
            [ErrCode] => E01
            [ErrInfo] => E01390002
        )

)
 from 88.126.188.153
2023/09/24 22:30:07 [/shop/shopping/load_payment_module.php] SendRequest:https://p01.mul-pay.jp/payment/SearchCard.idPass from 88.126.188.153
2023/09/24 22:30:07 [/shop/shopping/load_payment_module.php] Array
(
    [SiteID] => mst0000007602
    [SitePass] => ******
    [MemberID] => 12142
)
 from 88.126.188.153
2023/09/24 22:30:07 [/shop/shopping/load_payment_module.php] ErrCode=E01|E01&ErrInfo=E01390002|E01240002 from 88.126.188.153
2023/09/24 22:30:07 [/shop/shopping/load_payment_module.php] Array
(
    [0] => Array
        (
            [ErrCode] => E01
            [ErrInfo] => E01390002
        )

    [1] => Array
        (
            [ErrCode] => E01
            [ErrInfo] => E01240002
        )

)
 from 88.126.188.153
2023/09/24 22:31:37 [/shop/shopping/load_payment_module.php] SendRequest:https://p01.mul-pay.jp/payment/SearchMember.idPass from 88.126.188.153
2023/09/24 22:31:37 [/shop/shopping/load_payment_module.php] Array
(
    [SiteID] => mst0000007602
    [SitePass] => ******
    [MemberID] => 12142
)
 from 88.126.188.153
2023/09/24 22:31:37 [/shop/shopping/load_payment_module.php] ErrCode=E01&ErrInfo=E01390002 from 88.126.188.153
2023/09/24 22:31:38 [/shop/shopping/load_payment_module.php] Array
(
    [0] => Array
        (
            [ErrCode] => E01
            [ErrInfo] => E01390002
        )

)
 from 88.126.188.153
2023/09/24 22:31:38 [/shop/shopping/load_payment_module.php] SendRequest:https://p01.mul-pay.jp/payment/SearchCard.idPass from 88.126.188.153
2023/09/24 22:31:38 [/shop/shopping/load_payment_module.php] Array
(
    [SiteID] => mst0000007602
    [SitePass] => ******
    [MemberID] => 12142
)
 from 88.126.188.153
2023/09/24 22:31:38 [/shop/shopping/load_payment_module.php] ErrCode=E01|E01&ErrInfo=E01390002|E01240002 from 88.126.188.153
2023/09/24 22:31:38 [/shop/shopping/load_payment_module.php] Array
(
    [0] => Array
        (
            [ErrCode] => E01
            [ErrInfo] => E01390002
        )

    [1] => Array
        (
            [ErrCode] => E01
            [ErrInfo] => E01240002
        )

)
 from 88.126.188.153
2023/09/24 22:31:38 [/shop/shopping/load_payment_module.php] SendRequest:https://p01.mul-pay.jp/payment/EntryTran.idPass from 88.126.188.153
2023/09/24 22:31:38 [/shop/shopping/load_payment_module.php] Array
(
    [ShopID] => 9000034600950
    [ShopPass] => ******
    [OrderID] => 953999-24223138
    [JobCd] => CAPTURE
    [Amount] => 24560
    [TdFlag] => 0
    [TdTenantName] => 
)
 from 88.126.188.153
2023/09/24 22:31:38 [/shop/shopping/load_payment_module.php] AccessID=4dc65fd6fe4e68f0cef3dff54b331431&AccessPass=21f192e8eaee94d90763e053f0163c1d from 88.126.188.153
2023/09/24 22:31:38 [/shop/shopping/load_payment_module.php] Array
(
    [0] => Array
        (
            [AccessID] => 4dc65fd6fe4e68f0cef3dff54b331431
            [AccessPass] => 21f192e8eaee94d90763e053f0163c1d
        )

)
 from 88.126.188.153
2023/09/24 22:31:38 [/shop/shopping/load_payment_module.php] load_payment_module.php set payment data:Array
(
    [AccessID] => 4dc65fd6fe4e68f0cef3dff54b331431
    [AccessPass] => 21f192e8eaee94d90763e053f0163c1d
    [OrderID] => 953999-24223138
    [Amount] => 24560
    [JobCd] => CAPTURE
    [action_status] => 1
    [pay_status] => 0
)
 from 88.126.188.153
2023/09/24 22:31:38 [/shop/shopping/load_payment_module.php] SendRequest:https://p01.mul-pay.jp/payment/ExecTran.idPass from 88.126.188.153
2023/09/24 22:31:38 [/shop/shopping/load_payment_module.php] Array
(
    [AccessID] => 4dc65fd6fe4e68f0cef3dff54b331431
    [AccessPass] => 21f192e8eaee94d90763e053f0163c1d
    [OrderID] => 953999-24223138
    [Method] => 1
    [Token] => 9d256ab414e2201a64aae7aa150dda84491f8c2a7d0382bcd0d86559c195a1a6
    [ClientField1] => 
    [ClientField2] => 
    [ClientField3] => EC-CUBE4.3.35
)
 from 88.126.188.153
2023/09/24 22:31:38 [/shop/shopping/load_payment_module.php] ACS=0&OrderID=953999-24223138&Forward=2S49631&Method=1&PayTimes=&Approve=0855165&TranID=2309242231602257210134172093&TranDate=20230924223138&CheckString=e0b080c526954c1f10b479c2346e2f83 from 88.126.188.153
2023/09/24 22:31:38 [/shop/shopping/load_payment_module.php] Array
(
    [0] => Array
        (
            [ACS] => 0
            [OrderID] => 953999-24223138
            [Forward] => 2S49631
            [Method] => 1
            [PayTimes] => 
            [Approve] => 0855165
            [TranID] => 2309242231602257210134172093
            [TranDate] => 20230924223138
            [CheckString] => e0b080c526954c1f10b479c2346e2f83
        )

)
 from 88.126.188.153
2023/09/24 22:31:38 [/shop/shopping/load_payment_module.php] load_payment_module.php set payment data:Array
(
    [ACS] => 0
    [Forward] => 2S49631
    [Method] => 1
    [PayTimes] => 
    [Approve] => 0855165
    [TranID] => 2309242231602257210134172093
    [TranDate] => 20230924223138
    [CheckString] => e0b080c526954c1f10b479c2346e2f83
    [Amount] => 24560
    [JobCd] => CAPTURE
    [action_status] => 3
    [pay_status] => 13
)
 from 88.126.188.153
2023/09/24 22:31:39 [/shop/user_data/pg_mulpay_recv.php] ******* receiveer data start ******* from 210.175.7.20
2023/09/24 22:31:39 [/shop/user_data/pg_mulpay_recv.php] Array
(
    [ShopID] => 9000034600950
    [ShopPass] => **********
    [AccessID] => 4dc65fd6fe4e68f0cef3dff54b331431
    [AccessPass] => ********************************
    [OrderID] => 953999-24223138
    [Status] => CAPTURE
    [JobCd] => CAPTURE
    [Amount] => 24560
    [Tax] => 0
    [Currency] => JPN
    [Forward] => 2S49631
    [Method] => 1
    [PayTimes] => 
    [TranID] => 2309242231602257210134172093
    [Approve] => 0855165
    [TranDate] => 20230924223138
    [ErrCode] => 
    [ErrInfo] => 
    [PayType] => 0
)
 from 210.175.7.20
2023/09/24 22:31:39 [/shop/user_data/pg_mulpay_recv.php] ******* receiveer data end ******* from 210.175.7.20
2023/09/24 22:31:44 [/shop/user_data/pg_mulpay_recv.php] update order status:1 order_id=953999 from 210.175.7.20
2023/09/24 22:31:44 [/shop/user_data/pg_mulpay_recv.php] pg_mulpay_recv.php set payment data:Array
(
    [ShopID] => 9000034600950
    [AccessID] => 4dc65fd6fe4e68f0cef3dff54b331431
    [OrderID] => 953999-24223138
    [Status] => CAPTURE
    [JobCd] => CAPTURE
    [Amount] => 24560
    [Tax] => 0
    [Currency] => JPN
    [Forward] => 2S49631
    [Method] => 1
    [PayTimes] => 
    [TranID] => 2309242231602257210134172093
    [Approve] => 0855165
    [TranDate] => 20230924223138
    [ErrCode] => 
    [ErrInfo] => 
    [PayType] => 0
    [CvsCode] => 
    [CvsConfNo] => 
    [CvsReceiptNo] => 
    [EdyReceiptNo] => 
    [EdyOrderNo] => 
    [SuicaReceiptNo] => 
    [SuicaOrderNo] => 
    [CustID] => 
    [BkCode] => 
    [ConfNo] => 
    [PaymentTerm] => 
    [EncryptReceiptNo] => 
    [FinishDate] => 
    [ReceiptDate] => 
    [WebMoneyManagementNo] => 
    [WebMoneySettleCode] => 
    [AuPayInfoNo] => 
    [AuPayMethod] => 
    [AuCancelAmount] => 
    [AuCancelTax] => 
    [DocomoSettlementCode] => 
    [DocomoCancelAmount] => 
    [DocomoCancelTax] => 
    [pay_status] => 13
)
 from 210.175.7.20
2023/09/24 22:31:44 [/shop/user_data/pg_mulpay_recv.php] response:true from 210.175.7.20
2023/09/24 23:53:18 [/shop/shopping/load_payment_module.php] SendRequest:https://p01.mul-pay.jp/payment/EntryTran.idPass from 131.147.178.29
2023/09/24 23:53:18 [/shop/shopping/load_payment_module.php] Array
(
    [ShopID] => 9000034600950
    [ShopPass] => ******
    [OrderID] => 954000-24235318
    [JobCd] => CAPTURE
    [Amount] => 880
    [TdFlag] => 0
    [TdTenantName] => 
)
 from 131.147.178.29
2023/09/24 23:53:18 [/shop/shopping/load_payment_module.php] AccessID=6609d892d509e3b1421834a7f5ab7c50&AccessPass=d9e3a3e62e2519106738cc865322b4b1 from 131.147.178.29
2023/09/24 23:53:18 [/shop/shopping/load_payment_module.php] Array
(
    [0] => Array
        (
            [AccessID] => 6609d892d509e3b1421834a7f5ab7c50
            [AccessPass] => d9e3a3e62e2519106738cc865322b4b1
        )

)
 from 131.147.178.29
2023/09/24 23:53:18 [/shop/shopping/load_payment_module.php] load_payment_module.php set payment data:Array
(
    [AccessID] => 6609d892d509e3b1421834a7f5ab7c50
    [AccessPass] => d9e3a3e62e2519106738cc865322b4b1
    [OrderID] => 954000-24235318
    [Amount] => 880
    [JobCd] => CAPTURE
    [action_status] => 1
    [pay_status] => 0
)
 from 131.147.178.29
2023/09/24 23:53:18 [/shop/shopping/load_payment_module.php] SendRequest:https://p01.mul-pay.jp/payment/ExecTran.idPass from 131.147.178.29
2023/09/24 23:53:18 [/shop/shopping/load_payment_module.php] Array
(
    [AccessID] => 6609d892d509e3b1421834a7f5ab7c50
    [AccessPass] => d9e3a3e62e2519106738cc865322b4b1
    [OrderID] => 954000-24235318
    [Method] => 1
    [Token] => ae88727b06637f26ce1c90e62b222f7dfd558df32ec0df31caa018f68a53332c
    [ClientField1] => 
    [ClientField2] => 
    [ClientField3] => EC-CUBE4.3.35
)
 from 131.147.178.29
2023/09/24 23:53:19 [/shop/shopping/load_payment_module.php] ACS=0&OrderID=954000-24235318&Forward=2S49631&Method=1&PayTimes=&Approve=0548172&TranID=2309242353602257210134152154&TranDate=20230924235319&CheckString=1a8af738f7e04deb1f20e7e0ef53b2d3 from 131.147.178.29
2023/09/24 23:53:19 [/shop/shopping/load_payment_module.php] Array
(
    [0] => Array
        (
            [ACS] => 0
            [OrderID] => 954000-24235318
            [Forward] => 2S49631
            [Method] => 1
            [PayTimes] => 
            [Approve] => 0548172
            [TranID] => 2309242353602257210134152154
            [TranDate] => 20230924235319
            [CheckString] => 1a8af738f7e04deb1f20e7e0ef53b2d3
        )

)
 from 131.147.178.29
2023/09/24 23:53:19 [/shop/shopping/load_payment_module.php] load_payment_module.php set payment data:Array
(
    [ACS] => 0
    [Forward] => 2S49631
    [Method] => 1
    [PayTimes] => 
    [Approve] => 0548172
    [TranID] => 2309242353602257210134152154
    [TranDate] => 20230924235319
    [CheckString] => 1a8af738f7e04deb1f20e7e0ef53b2d3
    [Amount] => 880
    [JobCd] => CAPTURE
    [action_status] => 3
    [pay_status] => 13
)
 from 131.147.178.29
2023/09/24 23:53:19 [/shop/user_data/pg_mulpay_recv.php] ******* receiveer data start ******* from 210.175.7.20
2023/09/24 23:53:19 [/shop/user_data/pg_mulpay_recv.php] Array
(
    [ShopID] => 9000034600950
    [ShopPass] => **********
    [AccessID] => 6609d892d509e3b1421834a7f5ab7c50
    [AccessPass] => ********************************
    [OrderID] => 954000-24235318
    [Status] => CAPTURE
    [JobCd] => CAPTURE
    [Amount] => 880
    [Tax] => 0
    [Currency] => JPN
    [Forward] => 2S49631
    [Method] => 1
    [PayTimes] => 
    [TranID] => 2309242353602257210134152154
    [Approve] => 0548172
    [TranDate] => 20230924235319
    [ErrCode] => 
    [ErrInfo] => 
    [PayType] => 0
)
 from 210.175.7.20
2023/09/24 23:53:19 [/shop/user_data/pg_mulpay_recv.php] ******* receiveer data end ******* from 210.175.7.20
2023/09/24 23:53:24 [/shop/user_data/pg_mulpay_recv.php] update order status:1 order_id=954000 from 210.175.7.20
2023/09/24 23:53:24 [/shop/user_data/pg_mulpay_recv.php] pg_mulpay_recv.php set payment data:Array
(
    [ShopID] => 9000034600950
    [AccessID] => 6609d892d509e3b1421834a7f5ab7c50
    [OrderID] => 954000-24235318
    [Status] => CAPTURE
    [JobCd] => CAPTURE
    [Amount] => 880
    [Tax] => 0
    [Currency] => JPN
    [Forward] => 2S49631
    [Method] => 1
    [PayTimes] => 
    [TranID] => 2309242353602257210134152154
    [Approve] => 0548172
    [TranDate] => 20230924235319
    [ErrCode] => 
    [ErrInfo] => 
    [PayType] => 0
    [CvsCode] => 
    [CvsConfNo] => 
    [CvsReceiptNo] => 
    [EdyReceiptNo] => 
    [EdyOrderNo] => 
    [SuicaReceiptNo] => 
    [SuicaOrderNo] => 
    [CustID] => 
    [BkCode] => 
    [ConfNo] => 
    [PaymentTerm] => 
    [EncryptReceiptNo] => 
    [FinishDate] => 
    [ReceiptDate] => 
    [WebMoneyManagementNo] => 
    [WebMoneySettleCode] => 
    [AuPayInfoNo] => 
    [AuPayMethod] => 
    [AuCancelAmount] => 
    [AuCancelTax] => 
    [DocomoSettlementCode] => 
    [DocomoCancelAmount] => 
    [DocomoCancelTax] => 
    [pay_status] => 13
)
 from 210.175.7.20
2023/09/24 23:53:24 [/shop/user_data/pg_mulpay_recv.php] response:true from 210.175.7.20
