2021/08/14 16:58:59 [/shop/shopping/load_payment_module.php] SendRequest:https://p01.mul-pay.jp/payment/SearchMember.idPass from 133.159.152.205
2021/08/14 16:58:59 [/shop/shopping/load_payment_module.php] Array
(
    [SiteID] => mst0000007602
    [SitePass] => ******
    [MemberID] => 10563
)
 from 133.159.152.205
2021/08/14 16:58:59 [/shop/shopping/load_payment_module.php] ErrCode=E01&ErrInfo=E01390002 from 133.159.152.205
2021/08/14 16:58:59 [/shop/shopping/load_payment_module.php] Array
(
    [0] => Array
        (
            [ErrCode] => E01
            [ErrInfo] => E01390002
        )

)
 from 133.159.152.205
2021/08/14 16:58:59 [/shop/shopping/load_payment_module.php] SendRequest:https://p01.mul-pay.jp/payment/SearchCard.idPass from 133.159.152.205
2021/08/14 16:58:59 [/shop/shopping/load_payment_module.php] Array
(
    [SiteID] => mst0000007602
    [SitePass] => ******
    [MemberID] => 10563
)
 from 133.159.152.205
2021/08/14 16:58:59 [/shop/shopping/load_payment_module.php] ErrCode=E01|E01&ErrInfo=E01390002|E01240002 from 133.159.152.205
2021/08/14 16:58:59 [/shop/shopping/load_payment_module.php] Array
(
    [0] => Array
        (
            [ErrCode] => E01
            [ErrInfo] => E01390002
        )

    [1] => Array
        (
            [ErrCode] => E01
            [ErrInfo] => E01240002
        )

)
 from 133.159.152.205
2021/08/14 17:00:04 [/shop/shopping/load_payment_module.php] SendRequest:https://p01.mul-pay.jp/payment/SearchMember.idPass from 133.159.152.205
2021/08/14 17:00:04 [/shop/shopping/load_payment_module.php] Array
(
    [SiteID] => mst0000007602
    [SitePass] => ******
    [MemberID] => 10563
)
 from 133.159.152.205
2021/08/14 17:00:04 [/shop/shopping/load_payment_module.php] ErrCode=E01&ErrInfo=E01390002 from 133.159.152.205
2021/08/14 17:00:04 [/shop/shopping/load_payment_module.php] Array
(
    [0] => Array
        (
            [ErrCode] => E01
            [ErrInfo] => E01390002
        )

)
 from 133.159.152.205
2021/08/14 17:00:04 [/shop/shopping/load_payment_module.php] SendRequest:https://p01.mul-pay.jp/payment/SearchCard.idPass from 133.159.152.205
2021/08/14 17:00:04 [/shop/shopping/load_payment_module.php] Array
(
    [SiteID] => mst0000007602
    [SitePass] => ******
    [MemberID] => 10563
)
 from 133.159.152.205
2021/08/14 17:00:04 [/shop/shopping/load_payment_module.php] ErrCode=E01|E01&ErrInfo=E01390002|E01240002 from 133.159.152.205
2021/08/14 17:00:04 [/shop/shopping/load_payment_module.php] Array
(
    [0] => Array
        (
            [ErrCode] => E01
            [ErrInfo] => E01390002
        )

    [1] => Array
        (
            [ErrCode] => E01
            [ErrInfo] => E01240002
        )

)
 from 133.159.152.205
2021/08/14 17:00:04 [/shop/shopping/load_payment_module.php] SendRequest:https://p01.mul-pay.jp/payment/EntryTran.idPass from 133.159.152.205
2021/08/14 17:00:04 [/shop/shopping/load_payment_module.php] Array
(
    [ShopID] => 9000034600950
    [ShopPass] => ******
    [OrderID] => 945646-14170004
    [JobCd] => CAPTURE
    [Amount] => 4100
    [TdFlag] => 0
    [TdTenantName] => 
)
 from 133.159.152.205
2021/08/14 17:00:04 [/shop/shopping/load_payment_module.php] AccessID=e4e710bd1a8112944cad76edc1a68af7&AccessPass=afad49b048ab41f5090d060bcd71c021 from 133.159.152.205
2021/08/14 17:00:04 [/shop/shopping/load_payment_module.php] Array
(
    [0] => Array
        (
            [AccessID] => e4e710bd1a8112944cad76edc1a68af7
            [AccessPass] => afad49b048ab41f5090d060bcd71c021
        )

)
 from 133.159.152.205
2021/08/14 17:00:04 [/shop/shopping/load_payment_module.php] load_payment_module.php set payment data:Array
(
    [AccessID] => e4e710bd1a8112944cad76edc1a68af7
    [AccessPass] => afad49b048ab41f5090d060bcd71c021
    [OrderID] => 945646-14170004
    [Amount] => 4100
    [JobCd] => CAPTURE
    [action_status] => 1
    [pay_status] => 0
)
 from 133.159.152.205
2021/08/14 17:00:05 [/shop/shopping/load_payment_module.php] SendRequest:https://p01.mul-pay.jp/payment/ExecTran.idPass from 133.159.152.205
2021/08/14 17:00:05 [/shop/shopping/load_payment_module.php] Array
(
    [AccessID] => e4e710bd1a8112944cad76edc1a68af7
    [AccessPass] => afad49b048ab41f5090d060bcd71c021
    [OrderID] => 945646-14170004
    [Method] => 1
    [Token] => 161eff23b5cfaacc4d6eebac9d6d4472163e5708b4c926e44e1f55a37cfa9b49
    [ClientField1] => 
    [ClientField2] => 
    [ClientField3] => EC-CUBE4.3.24
)
 from 133.159.152.205
2021/08/14 17:00:06 [/shop/shopping/load_payment_module.php] ErrCode=G12&ErrInfo=42G120000 from 133.159.152.205
2021/08/14 17:00:06 [/shop/shopping/load_payment_module.php] Array
(
    [0] => Array
        (
            [ErrCode] => G12
            [ErrInfo] => 42G120000
        )

)
 from 133.159.152.205
2021/08/14 17:00:06 [/shop/shopping/load_payment_module.php] load_payment_module.php set payment data:Array
(
    [request_error] => Array
        (
            [0] => このカードでは取引をする事が出来ません。 (G12-42G120000)
        )

    [Amount] => 4100
    [JobCd] => CAPTURE
    [action_status] => 3
)
 from 133.159.152.205
2021/08/14 17:00:07 [/shop/user_data/pg_mulpay_recv.php] ******* receiveer data start ******* from 210.175.7.20
2021/08/14 17:00:07 [/shop/user_data/pg_mulpay_recv.php] Array
(
    [ShopID] => 9000034600950
    [ShopPass] => **********
    [AccessID] => e4e710bd1a8112944cad76edc1a68af7
    [AccessPass] => ********************************
    [OrderID] => 945646-14170004
    [Status] => UNPROCESSED
    [JobCd] => CAPTURE
    [Amount] => 4100
    [Tax] => 0
    [Currency] => JPN
    [Forward] => 2959876
    [Method] => 1
    [PayTimes] => 
    [TranID] => 2108141700602257210134123997
    [Approve] =>        
    [TranDate] => 20210814170007
    [ErrCode] => G12
    [ErrInfo] => 42G120000
    [PayType] => 0
)
 from 210.175.7.20
2021/08/14 17:00:07 [/shop/user_data/pg_mulpay_recv.php] ******* receiveer data end ******* from 210.175.7.20
2021/08/14 17:00:07 [/shop/user_data/pg_mulpay_recv.php] pg_mulpay_recv.php set payment data:Array
(
    [ShopID] => 9000034600950
    [AccessID] => e4e710bd1a8112944cad76edc1a68af7
    [OrderID] => 945646-14170004
    [Status] => UNPROCESSED
    [JobCd] => CAPTURE
    [Amount] => 4100
    [Tax] => 0
    [Currency] => JPN
    [Forward] => 2959876
    [Method] => 1
    [PayTimes] => 
    [TranID] => 2108141700602257210134123997
    [Approve] => 
    [TranDate] => 20210814170007
    [ErrCode] => G12
    [ErrInfo] => 42G120000
    [PayType] => 0
    [CvsCode] => 
    [CvsConfNo] => 
    [CvsReceiptNo] => 
    [EdyReceiptNo] => 
    [EdyOrderNo] => 
    [SuicaReceiptNo] => 
    [SuicaOrderNo] => 
    [CustID] => 
    [BkCode] => 
    [ConfNo] => 
    [PaymentTerm] => 
    [EncryptReceiptNo] => 
    [FinishDate] => 
    [ReceiptDate] => 
    [WebMoneyManagementNo] => 
    [WebMoneySettleCode] => 
    [AuPayInfoNo] => 
    [AuPayMethod] => 
    [AuCancelAmount] => 
    [AuCancelTax] => 
    [DocomoSettlementCode] => 
    [DocomoCancelAmount] => 
    [DocomoCancelTax] => 
    [pay_status] => 0
)
 from 210.175.7.20
2021/08/14 17:00:09 [/shop/user_data/pg_mulpay_recv.php] response:true from 210.175.7.20
2021/08/14 17:01:00 [/shop/shopping/load_payment_module.php] SendRequest:https://p01.mul-pay.jp/payment/SearchMember.idPass from 133.159.152.205
2021/08/14 17:01:00 [/shop/shopping/load_payment_module.php] Array
(
    [SiteID] => mst0000007602
    [SitePass] => ******
    [MemberID] => 10563
)
 from 133.159.152.205
2021/08/14 17:01:00 [/shop/shopping/load_payment_module.php] ErrCode=E01&ErrInfo=E01390002 from 133.159.152.205
2021/08/14 17:01:00 [/shop/shopping/load_payment_module.php] Array
(
    [0] => Array
        (
            [ErrCode] => E01
            [ErrInfo] => E01390002
        )

)
 from 133.159.152.205
2021/08/14 17:01:00 [/shop/shopping/load_payment_module.php] SendRequest:https://p01.mul-pay.jp/payment/SearchCard.idPass from 133.159.152.205
2021/08/14 17:01:00 [/shop/shopping/load_payment_module.php] Array
(
    [SiteID] => mst0000007602
    [SitePass] => ******
    [MemberID] => 10563
)
 from 133.159.152.205
2021/08/14 17:01:00 [/shop/shopping/load_payment_module.php] ErrCode=E01|E01&ErrInfo=E01390002|E01240002 from 133.159.152.205
2021/08/14 17:01:00 [/shop/shopping/load_payment_module.php] Array
(
    [0] => Array
        (
            [ErrCode] => E01
            [ErrInfo] => E01390002
        )

    [1] => Array
        (
            [ErrCode] => E01
            [ErrInfo] => E01240002
        )

)
 from 133.159.152.205
2021/08/14 17:01:00 [/shop/shopping/load_payment_module.php] SendRequest:https://p01.mul-pay.jp/payment/ExecTran.idPass from 133.159.152.205
2021/08/14 17:01:00 [/shop/shopping/load_payment_module.php] Array
(
    [AccessID] => e4e710bd1a8112944cad76edc1a68af7
    [AccessPass] => afad49b048ab41f5090d060bcd71c021
    [OrderID] => 945646-14170004
    [Method] => 1
    [PayTimes] => 
    [Token] => fe8485071215f6e1204c7505167f7dc6425846ca977d764f01287c63a519df5c
    [ClientField1] => 
    [ClientField2] => 
    [ClientField3] => EC-CUBE4.3.24
)
 from 133.159.152.205
2021/08/14 17:01:01 [/shop/shopping/load_payment_module.php] ErrCode=G12&ErrInfo=42G120000 from 133.159.152.205
2021/08/14 17:01:01 [/shop/shopping/load_payment_module.php] Array
(
    [0] => Array
        (
            [ErrCode] => G12
            [ErrInfo] => 42G120000
        )

)
 from 133.159.152.205
2021/08/14 17:01:01 [/shop/shopping/load_payment_module.php] load_payment_module.php set payment data:Array
(
    [request_error] => Array
        (
            [0] => このカードでは取引をする事が出来ません。 (G12-42G120000)
        )

    [Amount] => 4100
    [JobCd] => CAPTURE
    [action_status] => 3
)
 from 133.159.152.205
2021/08/14 17:01:01 [/shop/user_data/pg_mulpay_recv.php] ******* receiveer data start ******* from 210.175.7.20
2021/08/14 17:01:01 [/shop/user_data/pg_mulpay_recv.php] Array
(
    [ShopID] => 9000034600950
    [ShopPass] => **********
    [AccessID] => e4e710bd1a8112944cad76edc1a68af7
    [AccessPass] => ********************************
    [OrderID] => 945646-14170004
    [Status] => UNPROCESSED
    [JobCd] => CAPTURE
    [Amount] => 4100
    [Tax] => 0
    [Currency] => JPN
    [Forward] => 2959876
    [Method] => 1
    [PayTimes] => 
    [TranID] => 2108141701602257210134123998
    [Approve] =>        
    [TranDate] => 20210814170102
    [ErrCode] => G12
    [ErrInfo] => 42G120000
    [PayType] => 0
)
 from 210.175.7.20
2021/08/14 17:01:01 [/shop/user_data/pg_mulpay_recv.php] ******* receiveer data end ******* from 210.175.7.20
2021/08/14 17:01:01 [/shop/user_data/pg_mulpay_recv.php] pg_mulpay_recv.php set payment data:Array
(
    [ShopID] => 9000034600950
    [AccessID] => e4e710bd1a8112944cad76edc1a68af7
    [OrderID] => 945646-14170004
    [Status] => UNPROCESSED
    [JobCd] => CAPTURE
    [Amount] => 4100
    [Tax] => 0
    [Currency] => JPN
    [Forward] => 2959876
    [Method] => 1
    [PayTimes] => 
    [TranID] => 2108141701602257210134123998
    [Approve] => 
    [TranDate] => 20210814170102
    [ErrCode] => G12
    [ErrInfo] => 42G120000
    [PayType] => 0
    [CvsCode] => 
    [CvsConfNo] => 
    [CvsReceiptNo] => 
    [EdyReceiptNo] => 
    [EdyOrderNo] => 
    [SuicaReceiptNo] => 
    [SuicaOrderNo] => 
    [CustID] => 
    [BkCode] => 
    [ConfNo] => 
    [PaymentTerm] => 
    [EncryptReceiptNo] => 
    [FinishDate] => 
    [ReceiptDate] => 
    [WebMoneyManagementNo] => 
    [WebMoneySettleCode] => 
    [AuPayInfoNo] => 
    [AuPayMethod] => 
    [AuCancelAmount] => 
    [AuCancelTax] => 
    [DocomoSettlementCode] => 
    [DocomoCancelAmount] => 
    [DocomoCancelTax] => 
    [pay_status] => 0
)
 from 210.175.7.20
2021/08/14 17:01:02 [/shop/user_data/pg_mulpay_recv.php] response:true from 210.175.7.20
2021/08/14 17:01:24 [/shop/shopping/load_payment_module.php] SendRequest:https://p01.mul-pay.jp/payment/SearchMember.idPass from 133.159.152.205
2021/08/14 17:01:24 [/shop/shopping/load_payment_module.php] Array
(
    [SiteID] => mst0000007602
    [SitePass] => ******
    [MemberID] => 10563
)
 from 133.159.152.205
2021/08/14 17:01:24 [/shop/shopping/load_payment_module.php] ErrCode=E01&ErrInfo=E01390002 from 133.159.152.205
2021/08/14 17:01:24 [/shop/shopping/load_payment_module.php] Array
(
    [0] => Array
        (
            [ErrCode] => E01
            [ErrInfo] => E01390002
        )

)
 from 133.159.152.205
2021/08/14 17:01:24 [/shop/shopping/load_payment_module.php] SendRequest:https://p01.mul-pay.jp/payment/SearchCard.idPass from 133.159.152.205
2021/08/14 17:01:24 [/shop/shopping/load_payment_module.php] Array
(
    [SiteID] => mst0000007602
    [SitePass] => ******
    [MemberID] => 10563
)
 from 133.159.152.205
2021/08/14 17:01:24 [/shop/shopping/load_payment_module.php] ErrCode=E01|E01&ErrInfo=E01390002|E01240002 from 133.159.152.205
2021/08/14 17:01:24 [/shop/shopping/load_payment_module.php] Array
(
    [0] => Array
        (
            [ErrCode] => E01
            [ErrInfo] => E01390002
        )

    [1] => Array
        (
            [ErrCode] => E01
            [ErrInfo] => E01240002
        )

)
 from 133.159.152.205
2021/08/14 17:28:11 [/shop/master/order/edit.php] edit.php set payment data:Array
(
    [no_update_status_flg] => 1
)
 from 114.160.216.147
2021/08/14 17:28:11 [/shop/master/order/edit.php] SendRequest:https://p01.mul-pay.jp/payment/ChangeTran.idPass from 114.160.216.147
2021/08/14 17:28:11 [/shop/master/order/edit.php] Array
(
    [ShopID] => 9000034600950
    [ShopPass] => ******
    [AccessID] => 7a384954d70425be5a0e85cae13c1b08
    [AccessPass] => a772f36da6a54942340c260a92e38cb0
    [JobCd] => CAPTURE
    [Amount] => 2449
)
 from 114.160.216.147
2021/08/14 17:28:13 [/shop/master/order/edit.php] AccessID=7a384954d70425be5a0e85cae13c1b08&AccessPass=a772f36da6a54942340c260a92e38cb0&Forward=2S49631&Approve=0011217&TranID=2108141728602257210134113954&TranDate=20210814172814 from 114.160.216.147
2021/08/14 17:28:13 [/shop/master/order/edit.php] Array
(
    [0] => Array
        (
            [AccessID] => 7a384954d70425be5a0e85cae13c1b08
            [AccessPass] => a772f36da6a54942340c260a92e38cb0
            [Forward] => 2S49631
            [Approve] => 0011217
            [TranID] => 2108141728602257210134113954
            [TranDate] => 20210814172814
        )

)
 from 114.160.216.147
2021/08/14 17:28:13 [/shop/master/order/edit.php] edit.php set payment data:Array
(
    [AccessID] => 7a384954d70425be5a0e85cae13c1b08
    [AccessPass] => a772f36da6a54942340c260a92e38cb0
    [Forward] => 2S49631
    [Approve] => 0011217
    [TranID] => 2108141728602257210134113954
    [TranDate] => 20210814172814
    [action_status] => 6
    [pay_status] => 13
    [JobCd] => CAPTURE
    [Amount] => 2449
)
 from 114.160.216.147
2021/08/14 17:28:14 [/shop/user_data/pg_mulpay_recv.php] ******* receiveer data start ******* from 210.175.7.20
2021/08/14 17:28:14 [/shop/user_data/pg_mulpay_recv.php] Array
(
    [ShopID] => 9000034600950
    [ShopPass] => **********
    [AccessID] => 7a384954d70425be5a0e85cae13c1b08
    [AccessPass] => ********************************
    [OrderID] => 945628-10135021
    [Status] => CAPTURE
    [JobCd] => CAPTURE
    [Amount] => 2449
    [Tax] => 0
    [Currency] => JPN
    [Forward] => 2S49631
    [Method] => 1
    [PayTimes] => 
    [TranID] => 2108141728602257210134113954
    [Approve] => 0011217
    [TranDate] => 20210814172814
    [ErrCode] => 
    [ErrInfo] => 
    [PayType] => 0
)
 from 210.175.7.20
2021/08/14 17:28:14 [/shop/user_data/pg_mulpay_recv.php] ******* receiveer data end ******* from 210.175.7.20
2021/08/14 17:28:14 [/shop/user_data/pg_mulpay_recv.php] ******* receiveer data start ******* from 210.175.7.20
2021/08/14 17:28:14 [/shop/user_data/pg_mulpay_recv.php] Array
(
    [ShopID] => 9000034600950
    [ShopPass] => **********
    [AccessID] => 7a384954d70425be5a0e85cae13c1b08
    [AccessPass] => ********************************
    [OrderID] => 945628-10135021
    [Status] => RETURN
    [JobCd] => RETURN
    [Amount] => 9529
    [Tax] => 0
    [Currency] => JPN
    [Forward] => 2S49631
    [Method] => 1
    [PayTimes] => 
    [TranID] => 2108141728602257210134123999
    [Approve] => 0010713
    [TranDate] => 20210814172814
    [ErrCode] => 
    [ErrInfo] => 
    [PayType] => 0
)
 from 210.175.7.20
2021/08/14 17:28:14 [/shop/user_data/pg_mulpay_recv.php] ******* receiveer data end ******* from 210.175.7.20
2021/08/14 17:28:14 [/shop/user_data/pg_mulpay_recv.php] pg_mulpay_recv.php set payment data:Array
(
    [ShopID] => 9000034600950
    [AccessID] => 7a384954d70425be5a0e85cae13c1b08
    [OrderID] => 945628-10135021
    [Status] => RETURN
    [JobCd] => RETURN
    [Amount] => 9529
    [Tax] => 0
    [Currency] => JPN
    [Forward] => 2S49631
    [Method] => 1
    [PayTimes] => 
    [TranID] => 2108141728602257210134123999
    [Approve] => 0010713
    [TranDate] => 20210814172814
    [ErrCode] => 
    [ErrInfo] => 
    [PayType] => 0
    [CvsCode] => 
    [CvsConfNo] => 
    [CvsReceiptNo] => 
    [EdyReceiptNo] => 
    [EdyOrderNo] => 
    [SuicaReceiptNo] => 
    [SuicaOrderNo] => 
    [CustID] => 
    [BkCode] => 
    [ConfNo] => 
    [PaymentTerm] => 
    [EncryptReceiptNo] => 
    [FinishDate] => 
    [ReceiptDate] => 
    [WebMoneyManagementNo] => 
    [WebMoneySettleCode] => 
    [AuPayInfoNo] => 
    [AuPayMethod] => 
    [AuCancelAmount] => 
    [AuCancelTax] => 
    [DocomoSettlementCode] => 
    [DocomoCancelAmount] => 
    [DocomoCancelTax] => 
    [pay_status] => 15
)
 from 210.175.7.20
2021/08/14 17:28:15 [/shop/user_data/pg_mulpay_recv.php] response:true from 210.175.7.20
2021/08/14 17:28:19 [/shop/user_data/pg_mulpay_recv.php] no update order status order_id=945628 from 210.175.7.20
2021/08/14 17:28:19 [/shop/user_data/pg_mulpay_recv.php] pg_mulpay_recv.php set payment data:Array
(
    [ShopID] => 9000034600950
    [AccessID] => 7a384954d70425be5a0e85cae13c1b08
    [OrderID] => 945628-10135021
    [Status] => CAPTURE
    [JobCd] => CAPTURE
    [Amount] => 2449
    [Tax] => 0
    [Currency] => JPN
    [Forward] => 2S49631
    [Method] => 1
    [PayTimes] => 
    [TranID] => 2108141728602257210134113954
    [Approve] => 0011217
    [TranDate] => 20210814172814
    [ErrCode] => 
    [ErrInfo] => 
    [PayType] => 0
    [CvsCode] => 
    [CvsConfNo] => 
    [CvsReceiptNo] => 
    [EdyReceiptNo] => 
    [EdyOrderNo] => 
    [SuicaReceiptNo] => 
    [SuicaOrderNo] => 
    [CustID] => 
    [BkCode] => 
    [ConfNo] => 
    [PaymentTerm] => 
    [EncryptReceiptNo] => 
    [FinishDate] => 
    [ReceiptDate] => 
    [WebMoneyManagementNo] => 
    [WebMoneySettleCode] => 
    [AuPayInfoNo] => 
    [AuPayMethod] => 
    [AuCancelAmount] => 
    [AuCancelTax] => 
    [DocomoSettlementCode] => 
    [DocomoCancelAmount] => 
    [DocomoCancelTax] => 
    [pay_status] => 13
    [no_update_status_flg] => 0
)
 from 210.175.7.20
2021/08/14 17:28:20 [/shop/master/order/edit.php] SendRequest:https://p01.mul-pay.jp/payment/SearchTrade.idPass from 114.160.216.147
2021/08/14 17:28:20 [/shop/master/order/edit.php] Array
(
    [ShopID] => 9000034600950
    [ShopPass] => ******
    [OrderID] => 945628-10135021
)
 from 114.160.216.147
2021/08/14 17:28:20 [/shop/master/order/edit.php] OrderID=945628-10135021&Status=CAPTURE&ProcessDate=20210814172814&JobCd=CAPTURE&AccessID=7a384954d70425be5a0e85cae13c1b08&AccessPass=a772f36da6a54942340c260a92e38cb0&ItemCode=0000990&Amount=2449&Tax=0&SiteID=&MemberID=&CardNo=************9414&Expire=2303&Method=1&PayTimes=&Forward=2S49631&TranID=2108141728602257210134113954&Approve=0011217&ClientField1=&ClientField2=&ClientField3=EC-CUBE4.3.24 from 114.160.216.147
2021/08/14 17:28:20 [/shop/master/order/edit.php] Array
(
    [0] => Array
        (
            [OrderID] => 945628-10135021
            [Status] => CAPTURE
            [ProcessDate] => 20210814172814
            [JobCd] => CAPTURE
            [AccessID] => 7a384954d70425be5a0e85cae13c1b08
            [AccessPass] => a772f36da6a54942340c260a92e38cb0
            [ItemCode] => 0000990
            [Amount] => 2449
            [Tax] => 0
            [SiteID] => 
            [MemberID] => 
            [CardNo] => ************9414
            [Expire] => 2303
            [Method] => 1
            [PayTimes] => 
            [Forward] => 2S49631
            [TranID] => 2108141728602257210134113954
            [Approve] => 0011217
            [ClientField1] => 
            [ClientField2] => 
            [ClientField3] => EC-CUBE4.3.24
        )

)
 from 114.160.216.147
2021/08/14 17:28:20 [/shop/master/order/edit.php] edit.php set payment data:Array
(
    [OrderID] => 945628-10135021
    [Status] => CAPTURE
    [ProcessDate] => 20210814172814
    [JobCd] => CAPTURE
    [AccessID] => 7a384954d70425be5a0e85cae13c1b08
    [AccessPass] => a772f36da6a54942340c260a92e38cb0
    [ItemCode] => 0000990
    [Amount] => 2449
    [Tax] => 0
    [SiteID] => 
    [MemberID] => 
    [CardNo] => ************9414
    [Expire] => 2303
    [Method] => 1
    [PayTimes] => 
    [Forward] => 2S49631
    [TranID] => 2108141728602257210134113954
    [Approve] => 0011217
    [ClientField1] => 
    [ClientField2] => 
    [ClientField3] => EC-CUBE4.3.24
    [action_status] => 6
    [pay_status] => 13
)
 from 114.160.216.147
2021/08/14 17:28:20 [/shop/user_data/pg_mulpay_recv.php] response:true from 210.175.7.20
