2022/07/03 11:24:52 [/shop/shopping/load_payment_module.php] SendRequest:https://p01.mul-pay.jp/payment/EntryTran.idPass from 172.225.46.210
2022/07/03 11:24:52 [/shop/shopping/load_payment_module.php] Array
(
    [ShopID] => 9000034600950
    [ShopPass] => ******
    [OrderID] => 946916-03112452
    [JobCd] => CAPTURE
    [Amount] => 11170
    [TdFlag] => 0
    [TdTenantName] => 
)
 from 172.225.46.210
2022/07/03 11:24:52 [/shop/shopping/load_payment_module.php] AccessID=2aca9bcd514bf81f4a3e71fdbb6ba3f0&AccessPass=9657b65650c756c97b62e09fba772e6b from 172.225.46.210
2022/07/03 11:24:52 [/shop/shopping/load_payment_module.php] Array
(
    [0] => Array
        (
            [AccessID] => 2aca9bcd514bf81f4a3e71fdbb6ba3f0
            [AccessPass] => 9657b65650c756c97b62e09fba772e6b
        )

)
 from 172.225.46.210
2022/07/03 11:24:52 [/shop/shopping/load_payment_module.php] load_payment_module.php set payment data:Array
(
    [AccessID] => 2aca9bcd514bf81f4a3e71fdbb6ba3f0
    [AccessPass] => 9657b65650c756c97b62e09fba772e6b
    [OrderID] => 946916-03112452
    [Amount] => 11170
    [JobCd] => CAPTURE
    [action_status] => 1
    [pay_status] => 0
)
 from 172.225.46.210
2022/07/03 11:24:52 [/shop/shopping/load_payment_module.php] SendRequest:https://p01.mul-pay.jp/payment/ExecTran.idPass from 172.225.46.210
2022/07/03 11:24:52 [/shop/shopping/load_payment_module.php] Array
(
    [AccessID] => 2aca9bcd514bf81f4a3e71fdbb6ba3f0
    [AccessPass] => 9657b65650c756c97b62e09fba772e6b
    [OrderID] => 946916-03112452
    [Method] => 1
    [Token] => efdad12fb20e1f70fef5c551163469dcca5f586b293e19e7f97e410f034a245f
    [ClientField1] => 
    [ClientField2] => 
    [ClientField3] => EC-CUBE4.3.35
)
 from 172.225.46.210
2022/07/03 11:24:53 [/shop/shopping/load_payment_module.php] ACS=0&OrderID=946916-03112452&Forward=2S49631&Method=1&PayTimes=&Approve=0083524&TranID=2207031124602257210134180233&TranDate=20220703112453&CheckString=58ceb2f2b969de88f0fb4612dba75ce2 from 172.225.46.210
2022/07/03 11:24:53 [/shop/shopping/load_payment_module.php] Array
(
    [0] => Array
        (
            [ACS] => 0
            [OrderID] => 946916-03112452
            [Forward] => 2S49631
            [Method] => 1
            [PayTimes] => 
            [Approve] => 0083524
            [TranID] => 2207031124602257210134180233
            [TranDate] => 20220703112453
            [CheckString] => 58ceb2f2b969de88f0fb4612dba75ce2
        )

)
 from 172.225.46.210
2022/07/03 11:24:53 [/shop/shopping/load_payment_module.php] load_payment_module.php set payment data:Array
(
    [ACS] => 0
    [Forward] => 2S49631
    [Method] => 1
    [PayTimes] => 
    [Approve] => 0083524
    [TranID] => 2207031124602257210134180233
    [TranDate] => 20220703112453
    [CheckString] => 58ceb2f2b969de88f0fb4612dba75ce2
    [Amount] => 11170
    [JobCd] => CAPTURE
    [action_status] => 3
    [pay_status] => 13
)
 from 172.225.46.210
2022/07/03 11:24:53 [/shop/user_data/pg_mulpay_recv.php] ******* receiveer data start ******* from 210.175.7.20
2022/07/03 11:24:53 [/shop/user_data/pg_mulpay_recv.php] Array
(
    [ShopID] => 9000034600950
    [ShopPass] => **********
    [AccessID] => 2aca9bcd514bf81f4a3e71fdbb6ba3f0
    [AccessPass] => ********************************
    [OrderID] => 946916-03112452
    [Status] => CAPTURE
    [JobCd] => CAPTURE
    [Amount] => 11170
    [Tax] => 0
    [Currency] => JPN
    [Forward] => 2S49631
    [Method] => 1
    [PayTimes] => 
    [TranID] => 2207031124602257210134180233
    [Approve] => 0083524
    [TranDate] => 20220703112453
    [ErrCode] => 
    [ErrInfo] => 
    [PayType] => 0
)
 from 210.175.7.20
2022/07/03 11:24:53 [/shop/user_data/pg_mulpay_recv.php] ******* receiveer data end ******* from 210.175.7.20
2022/07/03 11:24:58 [/shop/user_data/pg_mulpay_recv.php] update order status:1 order_id=946916 from 210.175.7.20
2022/07/03 11:24:58 [/shop/user_data/pg_mulpay_recv.php] pg_mulpay_recv.php set payment data:Array
(
    [ShopID] => 9000034600950
    [AccessID] => 2aca9bcd514bf81f4a3e71fdbb6ba3f0
    [OrderID] => 946916-03112452
    [Status] => CAPTURE
    [JobCd] => CAPTURE
    [Amount] => 11170
    [Tax] => 0
    [Currency] => JPN
    [Forward] => 2S49631
    [Method] => 1
    [PayTimes] => 
    [TranID] => 2207031124602257210134180233
    [Approve] => 0083524
    [TranDate] => 20220703112453
    [ErrCode] => 
    [ErrInfo] => 
    [PayType] => 0
    [CvsCode] => 
    [CvsConfNo] => 
    [CvsReceiptNo] => 
    [EdyReceiptNo] => 
    [EdyOrderNo] => 
    [SuicaReceiptNo] => 
    [SuicaOrderNo] => 
    [CustID] => 
    [BkCode] => 
    [ConfNo] => 
    [PaymentTerm] => 
    [EncryptReceiptNo] => 
    [FinishDate] => 
    [ReceiptDate] => 
    [WebMoneyManagementNo] => 
    [WebMoneySettleCode] => 
    [AuPayInfoNo] => 
    [AuPayMethod] => 
    [AuCancelAmount] => 
    [AuCancelTax] => 
    [DocomoSettlementCode] => 
    [DocomoCancelAmount] => 
    [DocomoCancelTax] => 
    [pay_status] => 13
)
 from 210.175.7.20
2022/07/03 11:24:58 [/shop/user_data/pg_mulpay_recv.php] response:true from 210.175.7.20
2022/07/03 12:12:09 [/shop/shopping/load_payment_module.php] SendRequest:https://p01.mul-pay.jp/payment/EntryTran.idPass from 126.166.154.136
2022/07/03 12:12:09 [/shop/shopping/load_payment_module.php] Array
(
    [ShopID] => 9000034600950
    [ShopPass] => ******
    [OrderID] => 946917-03121209
    [JobCd] => CAPTURE
    [Amount] => 5780
    [TdFlag] => 0
    [TdTenantName] => 
)
 from 126.166.154.136
2022/07/03 12:12:09 [/shop/shopping/load_payment_module.php] AccessID=7dd5dc15f6cfd641c4808f2ca6eac2f1&AccessPass=6f464de69471a0dad641340457dc83b7 from 126.166.154.136
2022/07/03 12:12:09 [/shop/shopping/load_payment_module.php] Array
(
    [0] => Array
        (
            [AccessID] => 7dd5dc15f6cfd641c4808f2ca6eac2f1
            [AccessPass] => 6f464de69471a0dad641340457dc83b7
        )

)
 from 126.166.154.136
2022/07/03 12:12:09 [/shop/shopping/load_payment_module.php] load_payment_module.php set payment data:Array
(
    [AccessID] => 7dd5dc15f6cfd641c4808f2ca6eac2f1
    [AccessPass] => 6f464de69471a0dad641340457dc83b7
    [OrderID] => 946917-03121209
    [Amount] => 5780
    [JobCd] => CAPTURE
    [action_status] => 1
    [pay_status] => 0
)
 from 126.166.154.136
2022/07/03 12:12:09 [/shop/shopping/load_payment_module.php] SendRequest:https://p01.mul-pay.jp/payment/ExecTran.idPass from 126.166.154.136
2022/07/03 12:12:09 [/shop/shopping/load_payment_module.php] Array
(
    [AccessID] => 7dd5dc15f6cfd641c4808f2ca6eac2f1
    [AccessPass] => 6f464de69471a0dad641340457dc83b7
    [OrderID] => 946917-03121209
    [Method] => 1
    [Token] => 3e75621b27b301a1a13171264990fd35feebc4d6dee0214bf58b7acf0614eaec
    [ClientField1] => 
    [ClientField2] => 
    [ClientField3] => EC-CUBE4.3.35
)
 from 126.166.154.136
2022/07/03 12:12:10 [/shop/shopping/load_payment_module.php] ACS=0&OrderID=946917-03121209&Forward=2S49631&Method=1&PayTimes=&Approve=0493973&TranID=2207031212602257210134170219&TranDate=20220703121210&CheckString=8dc24ff8f3f91b91431aa45d270a4fac from 126.166.154.136
2022/07/03 12:12:10 [/shop/shopping/load_payment_module.php] Array
(
    [0] => Array
        (
            [ACS] => 0
            [OrderID] => 946917-03121209
            [Forward] => 2S49631
            [Method] => 1
            [PayTimes] => 
            [Approve] => 0493973
            [TranID] => 2207031212602257210134170219
            [TranDate] => 20220703121210
            [CheckString] => 8dc24ff8f3f91b91431aa45d270a4fac
        )

)
 from 126.166.154.136
2022/07/03 12:12:10 [/shop/shopping/load_payment_module.php] load_payment_module.php set payment data:Array
(
    [ACS] => 0
    [Forward] => 2S49631
    [Method] => 1
    [PayTimes] => 
    [Approve] => 0493973
    [TranID] => 2207031212602257210134170219
    [TranDate] => 20220703121210
    [CheckString] => 8dc24ff8f3f91b91431aa45d270a4fac
    [Amount] => 5780
    [JobCd] => CAPTURE
    [action_status] => 3
    [pay_status] => 13
)
 from 126.166.154.136
2022/07/03 12:12:10 [/shop/user_data/pg_mulpay_recv.php] ******* receiveer data start ******* from 210.175.7.20
2022/07/03 12:12:10 [/shop/user_data/pg_mulpay_recv.php] Array
(
    [ShopID] => 9000034600950
    [ShopPass] => **********
    [AccessID] => 7dd5dc15f6cfd641c4808f2ca6eac2f1
    [AccessPass] => ********************************
    [OrderID] => 946917-03121209
    [Status] => CAPTURE
    [JobCd] => CAPTURE
    [Amount] => 5780
    [Tax] => 0
    [Currency] => JPN
    [Forward] => 2S49631
    [Method] => 1
    [PayTimes] => 
    [TranID] => 2207031212602257210134170219
    [Approve] => 0493973
    [TranDate] => 20220703121210
    [ErrCode] => 
    [ErrInfo] => 
    [PayType] => 0
)
 from 210.175.7.20
2022/07/03 12:12:10 [/shop/user_data/pg_mulpay_recv.php] ******* receiveer data end ******* from 210.175.7.20
2022/07/03 12:12:15 [/shop/user_data/pg_mulpay_recv.php] update order status:1 order_id=946917 from 210.175.7.20
2022/07/03 12:12:15 [/shop/user_data/pg_mulpay_recv.php] pg_mulpay_recv.php set payment data:Array
(
    [ShopID] => 9000034600950
    [AccessID] => 7dd5dc15f6cfd641c4808f2ca6eac2f1
    [OrderID] => 946917-03121209
    [Status] => CAPTURE
    [JobCd] => CAPTURE
    [Amount] => 5780
    [Tax] => 0
    [Currency] => JPN
    [Forward] => 2S49631
    [Method] => 1
    [PayTimes] => 
    [TranID] => 2207031212602257210134170219
    [Approve] => 0493973
    [TranDate] => 20220703121210
    [ErrCode] => 
    [ErrInfo] => 
    [PayType] => 0
    [CvsCode] => 
    [CvsConfNo] => 
    [CvsReceiptNo] => 
    [EdyReceiptNo] => 
    [EdyOrderNo] => 
    [SuicaReceiptNo] => 
    [SuicaOrderNo] => 
    [CustID] => 
    [BkCode] => 
    [ConfNo] => 
    [PaymentTerm] => 
    [EncryptReceiptNo] => 
    [FinishDate] => 
    [ReceiptDate] => 
    [WebMoneyManagementNo] => 
    [WebMoneySettleCode] => 
    [AuPayInfoNo] => 
    [AuPayMethod] => 
    [AuCancelAmount] => 
    [AuCancelTax] => 
    [DocomoSettlementCode] => 
    [DocomoCancelAmount] => 
    [DocomoCancelTax] => 
    [pay_status] => 13
)
 from 210.175.7.20
2022/07/03 12:12:15 [/shop/user_data/pg_mulpay_recv.php] response:true from 210.175.7.20
2022/07/03 18:03:55 [/shop/shopping/load_payment_module.php] SendRequest:https://p01.mul-pay.jp/payment/SearchMember.idPass from 89.144.195.245
2022/07/03 18:03:55 [/shop/shopping/load_payment_module.php] Array
(
    [SiteID] => mst0000007602
    [SitePass] => ******
    [MemberID] => 971
)
 from 89.144.195.245
2022/07/03 18:03:55 [/shop/shopping/load_payment_module.php] ErrCode=E01&ErrInfo=E01390002 from 89.144.195.245
2022/07/03 18:03:55 [/shop/shopping/load_payment_module.php] Array
(
    [0] => Array
        (
            [ErrCode] => E01
            [ErrInfo] => E01390002
        )

)
 from 89.144.195.245
2022/07/03 18:03:55 [/shop/shopping/load_payment_module.php] SendRequest:https://p01.mul-pay.jp/payment/SearchCard.idPass from 89.144.195.245
2022/07/03 18:03:55 [/shop/shopping/load_payment_module.php] Array
(
    [SiteID] => mst0000007602
    [SitePass] => ******
    [MemberID] => 971
)
 from 89.144.195.245
2022/07/03 18:03:55 [/shop/shopping/load_payment_module.php] ErrCode=E01|E01&ErrInfo=E01390002|E01240002 from 89.144.195.245
2022/07/03 18:03:55 [/shop/shopping/load_payment_module.php] Array
(
    [0] => Array
        (
            [ErrCode] => E01
            [ErrInfo] => E01390002
        )

    [1] => Array
        (
            [ErrCode] => E01
            [ErrInfo] => E01240002
        )

)
 from 89.144.195.245
2022/07/03 18:04:17 [/shop/shopping/load_payment_module.php] SendRequest:https://p01.mul-pay.jp/payment/SearchMember.idPass from 89.144.195.245
2022/07/03 18:04:17 [/shop/shopping/load_payment_module.php] Array
(
    [SiteID] => mst0000007602
    [SitePass] => ******
    [MemberID] => 971
)
 from 89.144.195.245
2022/07/03 18:04:17 [/shop/shopping/load_payment_module.php] ErrCode=E01&ErrInfo=E01390002 from 89.144.195.245
2022/07/03 18:04:17 [/shop/shopping/load_payment_module.php] Array
(
    [0] => Array
        (
            [ErrCode] => E01
            [ErrInfo] => E01390002
        )

)
 from 89.144.195.245
2022/07/03 18:04:17 [/shop/shopping/load_payment_module.php] SendRequest:https://p01.mul-pay.jp/payment/SearchCard.idPass from 89.144.195.245
2022/07/03 18:04:17 [/shop/shopping/load_payment_module.php] Array
(
    [SiteID] => mst0000007602
    [SitePass] => ******
    [MemberID] => 971
)
 from 89.144.195.245
2022/07/03 18:04:17 [/shop/shopping/load_payment_module.php] ErrCode=E01|E01&ErrInfo=E01390002|E01240002 from 89.144.195.245
2022/07/03 18:04:17 [/shop/shopping/load_payment_module.php] Array
(
    [0] => Array
        (
            [ErrCode] => E01
            [ErrInfo] => E01390002
        )

    [1] => Array
        (
            [ErrCode] => E01
            [ErrInfo] => E01240002
        )

)
 from 89.144.195.245
2022/07/03 18:04:17 [/shop/shopping/load_payment_module.php] SendRequest:https://p01.mul-pay.jp/payment/EntryTran.idPass from 89.144.195.245
2022/07/03 18:04:17 [/shop/shopping/load_payment_module.php] Array
(
    [ShopID] => 9000034600950
    [ShopPass] => ******
    [OrderID] => 946918-03180417
    [JobCd] => CAPTURE
    [Amount] => 4770
    [TdFlag] => 0
    [TdTenantName] => 
)
 from 89.144.195.245
2022/07/03 18:04:17 [/shop/shopping/load_payment_module.php] AccessID=ee210d2c619190805b326a8e1bae581d&AccessPass=b7208da28810c2c9f45756d32a4e5088 from 89.144.195.245
2022/07/03 18:04:17 [/shop/shopping/load_payment_module.php] Array
(
    [0] => Array
        (
            [AccessID] => ee210d2c619190805b326a8e1bae581d
            [AccessPass] => b7208da28810c2c9f45756d32a4e5088
        )

)
 from 89.144.195.245
2022/07/03 18:04:17 [/shop/shopping/load_payment_module.php] load_payment_module.php set payment data:Array
(
    [AccessID] => ee210d2c619190805b326a8e1bae581d
    [AccessPass] => b7208da28810c2c9f45756d32a4e5088
    [OrderID] => 946918-03180417
    [Amount] => 4770
    [JobCd] => CAPTURE
    [action_status] => 1
    [pay_status] => 0
)
 from 89.144.195.245
2022/07/03 18:04:17 [/shop/shopping/load_payment_module.php] SendRequest:https://p01.mul-pay.jp/payment/ExecTran.idPass from 89.144.195.245
2022/07/03 18:04:17 [/shop/shopping/load_payment_module.php] Array
(
    [AccessID] => ee210d2c619190805b326a8e1bae581d
    [AccessPass] => b7208da28810c2c9f45756d32a4e5088
    [OrderID] => 946918-03180417
    [Method] => 1
    [Token] => 19d13402fefa31cbe8be0d4083592f73f1fb9d0b7c8a7fb11e58147e5b804bcf
    [ClientField1] => 
    [ClientField2] => 
    [ClientField3] => EC-CUBE4.3.35
)
 from 89.144.195.245
2022/07/03 18:04:18 [/shop/shopping/load_payment_module.php] ACS=0&OrderID=946918-03180417&Forward=2959876&Method=1&PayTimes=&Approve=0799615&TranID=2207031804602257210134160229&TranDate=20220703180418&CheckString=c144f467543ce8233cb575723b0bdaab from 89.144.195.245
2022/07/03 18:04:18 [/shop/shopping/load_payment_module.php] Array
(
    [0] => Array
        (
            [ACS] => 0
            [OrderID] => 946918-03180417
            [Forward] => 2959876
            [Method] => 1
            [PayTimes] => 
            [Approve] => 0799615
            [TranID] => 2207031804602257210134160229
            [TranDate] => 20220703180418
            [CheckString] => c144f467543ce8233cb575723b0bdaab
        )

)
 from 89.144.195.245
2022/07/03 18:04:18 [/shop/shopping/load_payment_module.php] load_payment_module.php set payment data:Array
(
    [ACS] => 0
    [Forward] => 2959876
    [Method] => 1
    [PayTimes] => 
    [Approve] => 0799615
    [TranID] => 2207031804602257210134160229
    [TranDate] => 20220703180418
    [CheckString] => c144f467543ce8233cb575723b0bdaab
    [Amount] => 4770
    [JobCd] => CAPTURE
    [action_status] => 3
    [pay_status] => 13
)
 from 89.144.195.245
2022/07/03 18:04:18 [/shop/user_data/pg_mulpay_recv.php] ******* receiveer data start ******* from 210.175.7.20
2022/07/03 18:04:18 [/shop/user_data/pg_mulpay_recv.php] Array
(
    [ShopID] => 9000034600950
    [ShopPass] => **********
    [AccessID] => ee210d2c619190805b326a8e1bae581d
    [AccessPass] => ********************************
    [OrderID] => 946918-03180417
    [Status] => CAPTURE
    [JobCd] => CAPTURE
    [Amount] => 4770
    [Tax] => 0
    [Currency] => JPN
    [Forward] => 2959876
    [Method] => 1
    [PayTimes] => 
    [TranID] => 2207031804602257210134160229
    [Approve] => 0799615
    [TranDate] => 20220703180418
    [ErrCode] => 
    [ErrInfo] => 
    [PayType] => 0
)
 from 210.175.7.20
2022/07/03 18:04:18 [/shop/user_data/pg_mulpay_recv.php] ******* receiveer data end ******* from 210.175.7.20
2022/07/03 18:04:23 [/shop/user_data/pg_mulpay_recv.php] update order status:1 order_id=946918 from 210.175.7.20
2022/07/03 18:04:23 [/shop/user_data/pg_mulpay_recv.php] pg_mulpay_recv.php set payment data:Array
(
    [ShopID] => 9000034600950
    [AccessID] => ee210d2c619190805b326a8e1bae581d
    [OrderID] => 946918-03180417
    [Status] => CAPTURE
    [JobCd] => CAPTURE
    [Amount] => 4770
    [Tax] => 0
    [Currency] => JPN
    [Forward] => 2959876
    [Method] => 1
    [PayTimes] => 
    [TranID] => 2207031804602257210134160229
    [Approve] => 0799615
    [TranDate] => 20220703180418
    [ErrCode] => 
    [ErrInfo] => 
    [PayType] => 0
    [CvsCode] => 
    [CvsConfNo] => 
    [CvsReceiptNo] => 
    [EdyReceiptNo] => 
    [EdyOrderNo] => 
    [SuicaReceiptNo] => 
    [SuicaOrderNo] => 
    [CustID] => 
    [BkCode] => 
    [ConfNo] => 
    [PaymentTerm] => 
    [EncryptReceiptNo] => 
    [FinishDate] => 
    [ReceiptDate] => 
    [WebMoneyManagementNo] => 
    [WebMoneySettleCode] => 
    [AuPayInfoNo] => 
    [AuPayMethod] => 
    [AuCancelAmount] => 
    [AuCancelTax] => 
    [DocomoSettlementCode] => 
    [DocomoCancelAmount] => 
    [DocomoCancelTax] => 
    [pay_status] => 13
)
 from 210.175.7.20
2022/07/03 18:04:23 [/shop/user_data/pg_mulpay_recv.php] response:true from 210.175.7.20
