2021/08/18 09:37:20 [/shop/shopping/load_payment_module.php] SendRequest:https://p01.mul-pay.jp/payment/SearchMember.idPass from 118.238.231.60
2021/08/18 09:37:20 [/shop/shopping/load_payment_module.php] Array
(
    [SiteID] => mst0000007602
    [SitePass] => ******
    [MemberID] => 8515
)
 from 118.238.231.60
2021/08/18 09:37:20 [/shop/shopping/load_payment_module.php] ErrCode=E01&ErrInfo=E01390002 from 118.238.231.60
2021/08/18 09:37:20 [/shop/shopping/load_payment_module.php] Array
(
    [0] => Array
        (
            [ErrCode] => E01
            [ErrInfo] => E01390002
        )

)
 from 118.238.231.60
2021/08/18 09:37:20 [/shop/shopping/load_payment_module.php] SendRequest:https://p01.mul-pay.jp/payment/SearchCard.idPass from 118.238.231.60
2021/08/18 09:37:20 [/shop/shopping/load_payment_module.php] Array
(
    [SiteID] => mst0000007602
    [SitePass] => ******
    [MemberID] => 8515
)
 from 118.238.231.60
2021/08/18 09:37:20 [/shop/shopping/load_payment_module.php] ErrCode=E01|E01&ErrInfo=E01390002|E01240002 from 118.238.231.60
2021/08/18 09:37:20 [/shop/shopping/load_payment_module.php] Array
(
    [0] => Array
        (
            [ErrCode] => E01
            [ErrInfo] => E01390002
        )

    [1] => Array
        (
            [ErrCode] => E01
            [ErrInfo] => E01240002
        )

)
 from 118.238.231.60
2021/08/18 09:38:45 [/shop/shopping/load_payment_module.php] SendRequest:https://p01.mul-pay.jp/payment/SearchMember.idPass from 118.238.231.60
2021/08/18 09:38:45 [/shop/shopping/load_payment_module.php] Array
(
    [SiteID] => mst0000007602
    [SitePass] => ******
    [MemberID] => 8515
)
 from 118.238.231.60
2021/08/18 09:38:45 [/shop/shopping/load_payment_module.php] ErrCode=E01&ErrInfo=E01390002 from 118.238.231.60
2021/08/18 09:38:45 [/shop/shopping/load_payment_module.php] Array
(
    [0] => Array
        (
            [ErrCode] => E01
            [ErrInfo] => E01390002
        )

)
 from 118.238.231.60
2021/08/18 09:38:45 [/shop/shopping/load_payment_module.php] SendRequest:https://p01.mul-pay.jp/payment/SearchCard.idPass from 118.238.231.60
2021/08/18 09:38:45 [/shop/shopping/load_payment_module.php] Array
(
    [SiteID] => mst0000007602
    [SitePass] => ******
    [MemberID] => 8515
)
 from 118.238.231.60
2021/08/18 09:38:45 [/shop/shopping/load_payment_module.php] ErrCode=E01|E01&ErrInfo=E01390002|E01240002 from 118.238.231.60
2021/08/18 09:38:45 [/shop/shopping/load_payment_module.php] Array
(
    [0] => Array
        (
            [ErrCode] => E01
            [ErrInfo] => E01390002
        )

    [1] => Array
        (
            [ErrCode] => E01
            [ErrInfo] => E01240002
        )

)
 from 118.238.231.60
2021/08/18 09:38:45 [/shop/shopping/load_payment_module.php] SendRequest:https://p01.mul-pay.jp/payment/EntryTran.idPass from 118.238.231.60
2021/08/18 09:38:45 [/shop/shopping/load_payment_module.php] Array
(
    [ShopID] => 9000034600950
    [ShopPass] => ******
    [OrderID] => 945652-18093845
    [JobCd] => CAPTURE
    [Amount] => 16867
    [TdFlag] => 0
    [TdTenantName] => 
)
 from 118.238.231.60
2021/08/18 09:38:45 [/shop/shopping/load_payment_module.php] AccessID=12ebf213d2280c0dab1876bea6aa3beb&AccessPass=265fd3a9f870cd546dc5e4055d7d7352 from 118.238.231.60
2021/08/18 09:38:45 [/shop/shopping/load_payment_module.php] Array
(
    [0] => Array
        (
            [AccessID] => 12ebf213d2280c0dab1876bea6aa3beb
            [AccessPass] => 265fd3a9f870cd546dc5e4055d7d7352
        )

)
 from 118.238.231.60
2021/08/18 09:38:45 [/shop/shopping/load_payment_module.php] load_payment_module.php set payment data:Array
(
    [AccessID] => 12ebf213d2280c0dab1876bea6aa3beb
    [AccessPass] => 265fd3a9f870cd546dc5e4055d7d7352
    [OrderID] => 945652-18093845
    [Amount] => 16867
    [JobCd] => CAPTURE
    [action_status] => 1
    [pay_status] => 0
)
 from 118.238.231.60
2021/08/18 09:38:46 [/shop/shopping/load_payment_module.php] SendRequest:https://p01.mul-pay.jp/payment/ExecTran.idPass from 118.238.231.60
2021/08/18 09:38:46 [/shop/shopping/load_payment_module.php] Array
(
    [AccessID] => 12ebf213d2280c0dab1876bea6aa3beb
    [AccessPass] => 265fd3a9f870cd546dc5e4055d7d7352
    [OrderID] => 945652-18093845
    [Method] => 1
    [Token] => bc5f2f067d431d4bbd69aaaab0792b5399d65f42150545b8055243ae9610eefd
    [ClientField1] => 
    [ClientField2] => 
    [ClientField3] => EC-CUBE4.3.24
)
 from 118.238.231.60
2021/08/18 09:38:47 [/shop/shopping/load_payment_module.php] ACS=0&OrderID=945652-18093845&Forward=2959876&Method=1&PayTimes=&Approve=0023847&TranID=2108180938602257210134113958&TranDate=20210818093848&CheckString=d18fa3f028f05040801c958ff9155d1f from 118.238.231.60
2021/08/18 09:38:47 [/shop/shopping/load_payment_module.php] Array
(
    [0] => Array
        (
            [ACS] => 0
            [OrderID] => 945652-18093845
            [Forward] => 2959876
            [Method] => 1
            [PayTimes] => 
            [Approve] => 0023847
            [TranID] => 2108180938602257210134113958
            [TranDate] => 20210818093848
            [CheckString] => d18fa3f028f05040801c958ff9155d1f
        )

)
 from 118.238.231.60
2021/08/18 09:38:47 [/shop/shopping/load_payment_module.php] load_payment_module.php set payment data:Array
(
    [ACS] => 0
    [Forward] => 2959876
    [Method] => 1
    [PayTimes] => 
    [Approve] => 0023847
    [TranID] => 2108180938602257210134113958
    [TranDate] => 20210818093848
    [CheckString] => d18fa3f028f05040801c958ff9155d1f
    [Amount] => 16867
    [JobCd] => CAPTURE
    [action_status] => 3
    [pay_status] => 13
)
 from 118.238.231.60
2021/08/18 09:38:47 [/shop/user_data/pg_mulpay_recv.php] ******* receiveer data start ******* from 210.175.7.20
2021/08/18 09:38:47 [/shop/user_data/pg_mulpay_recv.php] Array
(
    [ShopID] => 9000034600950
    [ShopPass] => **********
    [AccessID] => 12ebf213d2280c0dab1876bea6aa3beb
    [AccessPass] => ********************************
    [OrderID] => 945652-18093845
    [Status] => CAPTURE
    [JobCd] => CAPTURE
    [Amount] => 16867
    [Tax] => 0
    [Currency] => JPN
    [Forward] => 2959876
    [Method] => 1
    [PayTimes] => 
    [TranID] => 2108180938602257210134113958
    [Approve] => 0023847
    [TranDate] => 20210818093848
    [ErrCode] => 
    [ErrInfo] => 
    [PayType] => 0
)
 from 210.175.7.20
2021/08/18 09:38:47 [/shop/user_data/pg_mulpay_recv.php] ******* receiveer data end ******* from 210.175.7.20
2021/08/18 09:38:52 [/shop/user_data/pg_mulpay_recv.php] update order status:1 order_id=945652 from 210.175.7.20
2021/08/18 09:38:54 [/shop/user_data/pg_mulpay_recv.php] pg_mulpay_recv.php set payment data:Array
(
    [ShopID] => 9000034600950
    [AccessID] => 12ebf213d2280c0dab1876bea6aa3beb
    [OrderID] => 945652-18093845
    [Status] => CAPTURE
    [JobCd] => CAPTURE
    [Amount] => 16867
    [Tax] => 0
    [Currency] => JPN
    [Forward] => 2959876
    [Method] => 1
    [PayTimes] => 
    [TranID] => 2108180938602257210134113958
    [Approve] => 0023847
    [TranDate] => 20210818093848
    [ErrCode] => 
    [ErrInfo] => 
    [PayType] => 0
    [CvsCode] => 
    [CvsConfNo] => 
    [CvsReceiptNo] => 
    [EdyReceiptNo] => 
    [EdyOrderNo] => 
    [SuicaReceiptNo] => 
    [SuicaOrderNo] => 
    [CustID] => 
    [BkCode] => 
    [ConfNo] => 
    [PaymentTerm] => 
    [EncryptReceiptNo] => 
    [FinishDate] => 
    [ReceiptDate] => 
    [WebMoneyManagementNo] => 
    [WebMoneySettleCode] => 
    [AuPayInfoNo] => 
    [AuPayMethod] => 
    [AuCancelAmount] => 
    [AuCancelTax] => 
    [DocomoSettlementCode] => 
    [DocomoCancelAmount] => 
    [DocomoCancelTax] => 
    [pay_status] => 13
)
 from 210.175.7.20
2021/08/18 09:38:54 [/shop/user_data/pg_mulpay_recv.php] response:true from 210.175.7.20
2021/08/18 10:55:03 [/shop/master/order/edit.php] edit.php set payment data:Array
(
    [no_update_status_flg] => 1
)
 from 114.160.216.147
2021/08/18 10:55:03 [/shop/master/order/edit.php] SendRequest:https://p01.mul-pay.jp/payment/ChangeTran.idPass from 114.160.216.147
2021/08/18 10:55:03 [/shop/master/order/edit.php] Array
(
    [ShopID] => 9000034600950
    [ShopPass] => ******
    [AccessID] => d487c88b60174e03b6baace300849550
    [AccessPass] => 90469badeb2db6548366bd8050ae9343
    [JobCd] => CAPTURE
    [Amount] => 11380
)
 from 114.160.216.147
2021/08/18 10:55:07 [/shop/master/order/edit.php] AccessID=d487c88b60174e03b6baace300849550&AccessPass=90469badeb2db6548366bd8050ae9343&Forward=2959876&Approve=0761364&TranID=2108181055602257210134133661&TranDate=20210818105508 from 114.160.216.147
2021/08/18 10:55:07 [/shop/master/order/edit.php] Array
(
    [0] => Array
        (
            [AccessID] => d487c88b60174e03b6baace300849550
            [AccessPass] => 90469badeb2db6548366bd8050ae9343
            [Forward] => 2959876
            [Approve] => 0761364
            [TranID] => 2108181055602257210134133661
            [TranDate] => 20210818105508
        )

)
 from 114.160.216.147
2021/08/18 10:55:07 [/shop/master/order/edit.php] edit.php set payment data:Array
(
    [AccessID] => d487c88b60174e03b6baace300849550
    [AccessPass] => 90469badeb2db6548366bd8050ae9343
    [Forward] => 2959876
    [Approve] => 0761364
    [TranID] => 2108181055602257210134133661
    [TranDate] => 20210818105508
    [action_status] => 6
    [pay_status] => 13
    [JobCd] => CAPTURE
    [Amount] => 11380
)
 from 114.160.216.147
2021/08/18 10:55:07 [/shop/user_data/pg_mulpay_recv.php] ******* receiveer data start ******* from 210.175.7.20
2021/08/18 10:55:07 [/shop/user_data/pg_mulpay_recv.php] Array
(
    [ShopID] => 9000034600950
    [ShopPass] => **********
    [AccessID] => d487c88b60174e03b6baace300849550
    [AccessPass] => ********************************
    [OrderID] => 945568-19041346
    [Status] => RETURNX
    [JobCd] => RETURNX
    [Amount] => 9950
    [Tax] => 0
    [Currency] => JPN
    [Forward] => 2959876
    [Method] => 1
    [PayTimes] => 
    [TranID] => 2108181055602257210134113959
    [Approve] =>        
    [TranDate] => 20210818105508
    [ErrCode] => 
    [ErrInfo] => 
    [PayType] => 0
)
 from 210.175.7.20
2021/08/18 10:55:07 [/shop/user_data/pg_mulpay_recv.php] ******* receiveer data end ******* from 210.175.7.20
2021/08/18 10:55:07 [/shop/user_data/pg_mulpay_recv.php] pg_mulpay_recv.php set payment data:Array
(
    [ShopID] => 9000034600950
    [AccessID] => d487c88b60174e03b6baace300849550
    [OrderID] => 945568-19041346
    [Status] => RETURNX
    [JobCd] => RETURNX
    [Amount] => 9950
    [Tax] => 0
    [Currency] => JPN
    [Forward] => 2959876
    [Method] => 1
    [PayTimes] => 
    [TranID] => 2108181055602257210134113959
    [TranDate] => 20210818105508
    [ErrCode] => 
    [ErrInfo] => 
    [PayType] => 0
    [CvsCode] => 
    [CvsConfNo] => 
    [CvsReceiptNo] => 
    [EdyReceiptNo] => 
    [EdyOrderNo] => 
    [SuicaReceiptNo] => 
    [SuicaOrderNo] => 
    [CustID] => 
    [BkCode] => 
    [ConfNo] => 
    [PaymentTerm] => 
    [EncryptReceiptNo] => 
    [FinishDate] => 
    [ReceiptDate] => 
    [WebMoneyManagementNo] => 
    [WebMoneySettleCode] => 
    [AuPayInfoNo] => 
    [AuPayMethod] => 
    [AuCancelAmount] => 
    [AuCancelTax] => 
    [DocomoSettlementCode] => 
    [DocomoCancelAmount] => 
    [DocomoCancelTax] => 
    [pay_status] => 16
)
 from 210.175.7.20
2021/08/18 10:55:07 [/shop/user_data/pg_mulpay_recv.php] ******* receiveer data start ******* from 210.175.7.20
2021/08/18 10:55:07 [/shop/user_data/pg_mulpay_recv.php] Array
(
    [ShopID] => 9000034600950
    [ShopPass] => **********
    [AccessID] => d487c88b60174e03b6baace300849550
    [AccessPass] => ********************************
    [OrderID] => 945568-19041346
    [Status] => CAPTURE
    [JobCd] => CAPTURE
    [Amount] => 11380
    [Tax] => 0
    [Currency] => JPN
    [Forward] => 2959876
    [Method] => 1
    [PayTimes] => 
    [TranID] => 2108181055602257210134133661
    [Approve] => 0761364
    [TranDate] => 20210818105508
    [ErrCode] => 
    [ErrInfo] => 
    [PayType] => 0
)
 from 210.175.7.20
2021/08/18 10:55:07 [/shop/user_data/pg_mulpay_recv.php] ******* receiveer data end ******* from 210.175.7.20
2021/08/18 10:55:07 [/shop/user_data/pg_mulpay_recv.php] response:true from 210.175.7.20
2021/08/18 10:55:12 [/shop/user_data/pg_mulpay_recv.php] no update order status order_id=945568 from 210.175.7.20
2021/08/18 10:55:12 [/shop/user_data/pg_mulpay_recv.php] pg_mulpay_recv.php set payment data:Array
(
    [ShopID] => 9000034600950
    [AccessID] => d487c88b60174e03b6baace300849550
    [OrderID] => 945568-19041346
    [Status] => CAPTURE
    [JobCd] => CAPTURE
    [Amount] => 11380
    [Tax] => 0
    [Currency] => JPN
    [Forward] => 2959876
    [Method] => 1
    [PayTimes] => 
    [TranID] => 2108181055602257210134133661
    [Approve] => 0761364
    [TranDate] => 20210818105508
    [ErrCode] => 
    [ErrInfo] => 
    [PayType] => 0
    [CvsCode] => 
    [CvsConfNo] => 
    [CvsReceiptNo] => 
    [EdyReceiptNo] => 
    [EdyOrderNo] => 
    [SuicaReceiptNo] => 
    [SuicaOrderNo] => 
    [CustID] => 
    [BkCode] => 
    [ConfNo] => 
    [PaymentTerm] => 
    [EncryptReceiptNo] => 
    [FinishDate] => 
    [ReceiptDate] => 
    [WebMoneyManagementNo] => 
    [WebMoneySettleCode] => 
    [AuPayInfoNo] => 
    [AuPayMethod] => 
    [AuCancelAmount] => 
    [AuCancelTax] => 
    [DocomoSettlementCode] => 
    [DocomoCancelAmount] => 
    [DocomoCancelTax] => 
    [pay_status] => 13
    [no_update_status_flg] => 0
)
 from 210.175.7.20
2021/08/18 10:55:12 [/shop/user_data/pg_mulpay_recv.php] response:true from 210.175.7.20
2021/08/18 10:55:15 [/shop/master/order/edit.php] SendRequest:https://p01.mul-pay.jp/payment/SearchTrade.idPass from 114.160.216.147
2021/08/18 10:55:15 [/shop/master/order/edit.php] Array
(
    [ShopID] => 9000034600950
    [ShopPass] => ******
    [OrderID] => 945568-19041346
)
 from 114.160.216.147
2021/08/18 10:55:15 [/shop/master/order/edit.php] OrderID=945568-19041346&Status=CAPTURE&ProcessDate=20210818105508&JobCd=CAPTURE&AccessID=d487c88b60174e03b6baace300849550&AccessPass=90469badeb2db6548366bd8050ae9343&ItemCode=0000990&Amount=11380&Tax=0&SiteID=&MemberID=&CardNo=************3471&Expire=2605&Method=1&PayTimes=&Forward=2959876&TranID=2108181055602257210134133661&Approve=0761364&ClientField1=&ClientField2=&ClientField3=EC-CUBE4.3.24 from 114.160.216.147
2021/08/18 10:55:15 [/shop/master/order/edit.php] Array
(
    [0] => Array
        (
            [OrderID] => 945568-19041346
            [Status] => CAPTURE
            [ProcessDate] => 20210818105508
            [JobCd] => CAPTURE
            [AccessID] => d487c88b60174e03b6baace300849550
            [AccessPass] => 90469badeb2db6548366bd8050ae9343
            [ItemCode] => 0000990
            [Amount] => 11380
            [Tax] => 0
            [SiteID] => 
            [MemberID] => 
            [CardNo] => ************3471
            [Expire] => 2605
            [Method] => 1
            [PayTimes] => 
            [Forward] => 2959876
            [TranID] => 2108181055602257210134133661
            [Approve] => 0761364
            [ClientField1] => 
            [ClientField2] => 
            [ClientField3] => EC-CUBE4.3.24
        )

)
 from 114.160.216.147
2021/08/18 10:55:15 [/shop/master/order/edit.php] edit.php set payment data:Array
(
    [OrderID] => 945568-19041346
    [Status] => CAPTURE
    [ProcessDate] => 20210818105508
    [JobCd] => CAPTURE
    [AccessID] => d487c88b60174e03b6baace300849550
    [AccessPass] => 90469badeb2db6548366bd8050ae9343
    [ItemCode] => 0000990
    [Amount] => 11380
    [Tax] => 0
    [SiteID] => 
    [MemberID] => 
    [CardNo] => ************3471
    [Expire] => 2605
    [Method] => 1
    [PayTimes] => 
    [Forward] => 2959876
    [TranID] => 2108181055602257210134133661
    [Approve] => 0761364
    [ClientField1] => 
    [ClientField2] => 
    [ClientField3] => EC-CUBE4.3.24
    [action_status] => 6
    [pay_status] => 13
)
 from 114.160.216.147
2021/08/18 19:46:07 [/shop/shopping/load_payment_module.php] SendRequest:https://p01.mul-pay.jp/payment/EntryTran.idPass from 126.193.106.221
2021/08/18 19:46:07 [/shop/shopping/load_payment_module.php] Array
(
    [ShopID] => 9000034600950
    [ShopPass] => ******
    [OrderID] => 945653-18194607
    [JobCd] => CAPTURE
    [Amount] => 4210
    [TdFlag] => 0
    [TdTenantName] => 
)
 from 126.193.106.221
2021/08/18 19:46:07 [/shop/shopping/load_payment_module.php] AccessID=03da90ca85e47740524975d28302237a&AccessPass=f253984b1d03f59a658fe8bb84a74502 from 126.193.106.221
2021/08/18 19:46:07 [/shop/shopping/load_payment_module.php] Array
(
    [0] => Array
        (
            [AccessID] => 03da90ca85e47740524975d28302237a
            [AccessPass] => f253984b1d03f59a658fe8bb84a74502
        )

)
 from 126.193.106.221
2021/08/18 19:46:07 [/shop/shopping/load_payment_module.php] load_payment_module.php set payment data:Array
(
    [AccessID] => 03da90ca85e47740524975d28302237a
    [AccessPass] => f253984b1d03f59a658fe8bb84a74502
    [OrderID] => 945653-18194607
    [Amount] => 4210
    [JobCd] => CAPTURE
    [action_status] => 1
    [pay_status] => 0
)
 from 126.193.106.221
2021/08/18 19:46:07 [/shop/shopping/load_payment_module.php] SendRequest:https://p01.mul-pay.jp/payment/ExecTran.idPass from 126.193.106.221
2021/08/18 19:46:07 [/shop/shopping/load_payment_module.php] Array
(
    [AccessID] => 03da90ca85e47740524975d28302237a
    [AccessPass] => f253984b1d03f59a658fe8bb84a74502
    [OrderID] => 945653-18194607
    [Method] => 1
    [Token] => f73d1c7c7e0da33a04136a0368e2c5e9854c5ba362cf4565693aa7c1782797d8
    [ClientField1] => 
    [ClientField2] => 
    [ClientField3] => EC-CUBE4.3.24
)
 from 126.193.106.221
2021/08/18 19:46:09 [/shop/shopping/load_payment_module.php] ACS=0&OrderID=945653-18194607&Forward=2a99661&Method=1&PayTimes=&Approve=0263416&TranID=2108181946602257210134113960&TranDate=20210818194610&CheckString=7aa884ac2f8f493272c24ad83cab3ee8 from 126.193.106.221
2021/08/18 19:46:09 [/shop/shopping/load_payment_module.php] Array
(
    [0] => Array
        (
            [ACS] => 0
            [OrderID] => 945653-18194607
            [Forward] => 2a99661
            [Method] => 1
            [PayTimes] => 
            [Approve] => 0263416
            [TranID] => 2108181946602257210134113960
            [TranDate] => 20210818194610
            [CheckString] => 7aa884ac2f8f493272c24ad83cab3ee8
        )

)
 from 126.193.106.221
2021/08/18 19:46:09 [/shop/shopping/load_payment_module.php] load_payment_module.php set payment data:Array
(
    [ACS] => 0
    [Forward] => 2a99661
    [Method] => 1
    [PayTimes] => 
    [Approve] => 0263416
    [TranID] => 2108181946602257210134113960
    [TranDate] => 20210818194610
    [CheckString] => 7aa884ac2f8f493272c24ad83cab3ee8
    [Amount] => 4210
    [JobCd] => CAPTURE
    [action_status] => 3
    [pay_status] => 13
)
 from 126.193.106.221
2021/08/18 19:46:09 [/shop/user_data/pg_mulpay_recv.php] ******* receiveer data start ******* from 210.175.7.20
2021/08/18 19:46:09 [/shop/user_data/pg_mulpay_recv.php] Array
(
    [ShopID] => 9000034600950
    [ShopPass] => **********
    [AccessID] => 03da90ca85e47740524975d28302237a
    [AccessPass] => ********************************
    [OrderID] => 945653-18194607
    [Status] => CAPTURE
    [JobCd] => CAPTURE
    [Amount] => 4210
    [Tax] => 0
    [Currency] => JPN
    [Forward] => 2a99661
    [Method] => 1
    [PayTimes] => 
    [TranID] => 2108181946602257210134113960
    [Approve] => 0263416
    [TranDate] => 20210818194610
    [ErrCode] => 
    [ErrInfo] => 
    [PayType] => 0
)
 from 210.175.7.20
2021/08/18 19:46:09 [/shop/user_data/pg_mulpay_recv.php] ******* receiveer data end ******* from 210.175.7.20
2021/08/18 19:46:14 [/shop/user_data/pg_mulpay_recv.php] update order status:1 order_id=945653 from 210.175.7.20
2021/08/18 19:46:15 [/shop/user_data/pg_mulpay_recv.php] pg_mulpay_recv.php set payment data:Array
(
    [ShopID] => 9000034600950
    [AccessID] => 03da90ca85e47740524975d28302237a
    [OrderID] => 945653-18194607
    [Status] => CAPTURE
    [JobCd] => CAPTURE
    [Amount] => 4210
    [Tax] => 0
    [Currency] => JPN
    [Forward] => 2a99661
    [Method] => 1
    [PayTimes] => 
    [TranID] => 2108181946602257210134113960
    [Approve] => 0263416
    [TranDate] => 20210818194610
    [ErrCode] => 
    [ErrInfo] => 
    [PayType] => 0
    [CvsCode] => 
    [CvsConfNo] => 
    [CvsReceiptNo] => 
    [EdyReceiptNo] => 
    [EdyOrderNo] => 
    [SuicaReceiptNo] => 
    [SuicaOrderNo] => 
    [CustID] => 
    [BkCode] => 
    [ConfNo] => 
    [PaymentTerm] => 
    [EncryptReceiptNo] => 
    [FinishDate] => 
    [ReceiptDate] => 
    [WebMoneyManagementNo] => 
    [WebMoneySettleCode] => 
    [AuPayInfoNo] => 
    [AuPayMethod] => 
    [AuCancelAmount] => 
    [AuCancelTax] => 
    [DocomoSettlementCode] => 
    [DocomoCancelAmount] => 
    [DocomoCancelTax] => 
    [pay_status] => 13
)
 from 210.175.7.20
2021/08/18 19:46:15 [/shop/user_data/pg_mulpay_recv.php] response:true from 210.175.7.20
2021/08/18 21:33:35 [/shop/shopping/load_payment_module.php] SendRequest:https://p01.mul-pay.jp/payment/EntryTran.idPass from 126.151.40.23
2021/08/18 21:33:35 [/shop/shopping/load_payment_module.php] Array
(
    [ShopID] => 9000034600950
    [ShopPass] => ******
    [OrderID] => 945654-18213335
    [JobCd] => CAPTURE
    [Amount] => 1960
    [TdFlag] => 0
    [TdTenantName] => 
)
 from 126.151.40.23
2021/08/18 21:33:35 [/shop/shopping/load_payment_module.php] AccessID=22fe2f733495f707970da5077e6660c1&AccessPass=29f1f317a66020fa2a591fd42276f3c8 from 126.151.40.23
2021/08/18 21:33:35 [/shop/shopping/load_payment_module.php] Array
(
    [0] => Array
        (
            [AccessID] => 22fe2f733495f707970da5077e6660c1
            [AccessPass] => 29f1f317a66020fa2a591fd42276f3c8
        )

)
 from 126.151.40.23
2021/08/18 21:33:35 [/shop/shopping/load_payment_module.php] load_payment_module.php set payment data:Array
(
    [AccessID] => 22fe2f733495f707970da5077e6660c1
    [AccessPass] => 29f1f317a66020fa2a591fd42276f3c8
    [OrderID] => 945654-18213335
    [Amount] => 1960
    [JobCd] => CAPTURE
    [action_status] => 1
    [pay_status] => 0
)
 from 126.151.40.23
2021/08/18 21:33:36 [/shop/shopping/load_payment_module.php] SendRequest:https://p01.mul-pay.jp/payment/ExecTran.idPass from 126.151.40.23
2021/08/18 21:33:36 [/shop/shopping/load_payment_module.php] Array
(
    [AccessID] => 22fe2f733495f707970da5077e6660c1
    [AccessPass] => 29f1f317a66020fa2a591fd42276f3c8
    [OrderID] => 945654-18213335
    [Method] => 1
    [Token] => 47ce1ee5686c2f18cef49e1e17ac6caf91530f5377d2ce12bb6636c10228a6a7
    [ClientField1] => 
    [ClientField2] => 
    [ClientField3] => EC-CUBE4.3.24
)
 from 126.151.40.23
2021/08/18 21:33:55 [/shop/shopping/load_payment_module.php] ACS=0&OrderID=945654-18213335&Forward=2S49631&Method=1&PayTimes=&Approve=0806908&TranID=2108182133602257210134113961&TranDate=20210818213356&CheckString=72f28ce0248c52a621c9c73072de2cfc from 126.151.40.23
2021/08/18 21:33:55 [/shop/shopping/load_payment_module.php] Array
(
    [0] => Array
        (
            [ACS] => 0
            [OrderID] => 945654-18213335
            [Forward] => 2S49631
            [Method] => 1
            [PayTimes] => 
            [Approve] => 0806908
            [TranID] => 2108182133602257210134113961
            [TranDate] => 20210818213356
            [CheckString] => 72f28ce0248c52a621c9c73072de2cfc
        )

)
 from 126.151.40.23
2021/08/18 21:33:55 [/shop/shopping/load_payment_module.php] load_payment_module.php set payment data:Array
(
    [ACS] => 0
    [Forward] => 2S49631
    [Method] => 1
    [PayTimes] => 
    [Approve] => 0806908
    [TranID] => 2108182133602257210134113961
    [TranDate] => 20210818213356
    [CheckString] => 72f28ce0248c52a621c9c73072de2cfc
    [Amount] => 1960
    [JobCd] => CAPTURE
    [action_status] => 3
    [pay_status] => 13
)
 from 126.151.40.23
2021/08/18 21:33:55 [/shop/user_data/pg_mulpay_recv.php] ******* receiveer data start ******* from 210.175.7.20
2021/08/18 21:33:55 [/shop/user_data/pg_mulpay_recv.php] Array
(
    [ShopID] => 9000034600950
    [ShopPass] => **********
    [AccessID] => 22fe2f733495f707970da5077e6660c1
    [AccessPass] => ********************************
    [OrderID] => 945654-18213335
    [Status] => CAPTURE
    [JobCd] => CAPTURE
    [Amount] => 1960
    [Tax] => 0
    [Currency] => JPN
    [Forward] => 2S49631
    [Method] => 1
    [PayTimes] => 
    [TranID] => 2108182133602257210134113961
    [Approve] => 0806908
    [TranDate] => 20210818213356
    [ErrCode] => 
    [ErrInfo] => 
    [PayType] => 0
)
 from 210.175.7.20
2021/08/18 21:33:55 [/shop/user_data/pg_mulpay_recv.php] ******* receiveer data end ******* from 210.175.7.20
2021/08/18 21:34:00 [/shop/user_data/pg_mulpay_recv.php] update order status:1 order_id=945654 from 210.175.7.20
2021/08/18 21:34:00 [/shop/user_data/pg_mulpay_recv.php] pg_mulpay_recv.php set payment data:Array
(
    [ShopID] => 9000034600950
    [AccessID] => 22fe2f733495f707970da5077e6660c1
    [OrderID] => 945654-18213335
    [Status] => CAPTURE
    [JobCd] => CAPTURE
    [Amount] => 1960
    [Tax] => 0
    [Currency] => JPN
    [Forward] => 2S49631
    [Method] => 1
    [PayTimes] => 
    [TranID] => 2108182133602257210134113961
    [Approve] => 0806908
    [TranDate] => 20210818213356
    [ErrCode] => 
    [ErrInfo] => 
    [PayType] => 0
    [CvsCode] => 
    [CvsConfNo] => 
    [CvsReceiptNo] => 
    [EdyReceiptNo] => 
    [EdyOrderNo] => 
    [SuicaReceiptNo] => 
    [SuicaOrderNo] => 
    [CustID] => 
    [BkCode] => 
    [ConfNo] => 
    [PaymentTerm] => 
    [EncryptReceiptNo] => 
    [FinishDate] => 
    [ReceiptDate] => 
    [WebMoneyManagementNo] => 
    [WebMoneySettleCode] => 
    [AuPayInfoNo] => 
    [AuPayMethod] => 
    [AuCancelAmount] => 
    [AuCancelTax] => 
    [DocomoSettlementCode] => 
    [DocomoCancelAmount] => 
    [DocomoCancelTax] => 
    [pay_status] => 13
)
 from 210.175.7.20
2021/08/18 21:34:00 [/shop/user_data/pg_mulpay_recv.php] response:true from 210.175.7.20
