2023/11/19 01:59:51 [/shop/shopping/load_payment_module.php] SendRequest:https://p01.mul-pay.jp/payment/SearchMember.idPass from 147.161.190.165
2023/11/19 01:59:51 [/shop/shopping/load_payment_module.php] Array
(
    [SiteID] => mst0000007602
    [SitePass] => ******
    [MemberID] => 12319
)
 from 147.161.190.165
2023/11/19 01:59:51 [/shop/shopping/load_payment_module.php] ErrCode=E01&ErrInfo=E01390002 from 147.161.190.165
2023/11/19 01:59:51 [/shop/shopping/load_payment_module.php] Array
(
    [0] => Array
        (
            [ErrCode] => E01
            [ErrInfo] => E01390002
        )

)
 from 147.161.190.165
2023/11/19 01:59:51 [/shop/shopping/load_payment_module.php] SendRequest:https://p01.mul-pay.jp/payment/SearchCard.idPass from 147.161.190.165
2023/11/19 01:59:51 [/shop/shopping/load_payment_module.php] Array
(
    [SiteID] => mst0000007602
    [SitePass] => ******
    [MemberID] => 12319
)
 from 147.161.190.165
2023/11/19 01:59:51 [/shop/shopping/load_payment_module.php] ErrCode=E01|E01&ErrInfo=E01390002|E01240002 from 147.161.190.165
2023/11/19 01:59:51 [/shop/shopping/load_payment_module.php] Array
(
    [0] => Array
        (
            [ErrCode] => E01
            [ErrInfo] => E01390002
        )

    [1] => Array
        (
            [ErrCode] => E01
            [ErrInfo] => E01240002
        )

)
 from 147.161.190.165
2023/11/19 02:00:44 [/shop/shopping/load_payment_module.php] SendRequest:https://p01.mul-pay.jp/payment/SearchMember.idPass from 147.161.190.165
2023/11/19 02:00:44 [/shop/shopping/load_payment_module.php] Array
(
    [SiteID] => mst0000007602
    [SitePass] => ******
    [MemberID] => 12319
)
 from 147.161.190.165
2023/11/19 02:00:45 [/shop/shopping/load_payment_module.php] ErrCode=E01&ErrInfo=E01390002 from 147.161.190.165
2023/11/19 02:00:45 [/shop/shopping/load_payment_module.php] Array
(
    [0] => Array
        (
            [ErrCode] => E01
            [ErrInfo] => E01390002
        )

)
 from 147.161.190.165
2023/11/19 02:00:45 [/shop/shopping/load_payment_module.php] SendRequest:https://p01.mul-pay.jp/payment/SearchCard.idPass from 147.161.190.165
2023/11/19 02:00:45 [/shop/shopping/load_payment_module.php] Array
(
    [SiteID] => mst0000007602
    [SitePass] => ******
    [MemberID] => 12319
)
 from 147.161.190.165
2023/11/19 02:00:45 [/shop/shopping/load_payment_module.php] ErrCode=E01|E01&ErrInfo=E01390002|E01240002 from 147.161.190.165
2023/11/19 02:00:45 [/shop/shopping/load_payment_module.php] Array
(
    [0] => Array
        (
            [ErrCode] => E01
            [ErrInfo] => E01390002
        )

    [1] => Array
        (
            [ErrCode] => E01
            [ErrInfo] => E01240002
        )

)
 from 147.161.190.165
2023/11/19 02:00:45 [/shop/shopping/load_payment_module.php] SendRequest:https://p01.mul-pay.jp/payment/EntryTran.idPass from 147.161.190.165
2023/11/19 02:00:45 [/shop/shopping/load_payment_module.php] Array
(
    [ShopID] => 9000034600950
    [ShopPass] => ******
    [OrderID] => 955011-19020045
    [JobCd] => CAPTURE
    [Amount] => 9000
    [TdFlag] => 0
    [TdTenantName] => 
)
 from 147.161.190.165
2023/11/19 02:00:45 [/shop/shopping/load_payment_module.php] AccessID=9856859225598f72119527ac193b45c5&AccessPass=92e04492ab7e801d8def0bc9c32b58e8 from 147.161.190.165
2023/11/19 02:00:45 [/shop/shopping/load_payment_module.php] Array
(
    [0] => Array
        (
            [AccessID] => 9856859225598f72119527ac193b45c5
            [AccessPass] => 92e04492ab7e801d8def0bc9c32b58e8
        )

)
 from 147.161.190.165
2023/11/19 02:00:45 [/shop/shopping/load_payment_module.php] load_payment_module.php set payment data:Array
(
    [AccessID] => 9856859225598f72119527ac193b45c5
    [AccessPass] => 92e04492ab7e801d8def0bc9c32b58e8
    [OrderID] => 955011-19020045
    [Amount] => 9000
    [JobCd] => CAPTURE
    [action_status] => 1
    [pay_status] => 0
)
 from 147.161.190.165
2023/11/19 02:00:45 [/shop/shopping/load_payment_module.php] SendRequest:https://p01.mul-pay.jp/payment/ExecTran.idPass from 147.161.190.165
2023/11/19 02:00:45 [/shop/shopping/load_payment_module.php] Array
(
    [AccessID] => 9856859225598f72119527ac193b45c5
    [AccessPass] => 92e04492ab7e801d8def0bc9c32b58e8
    [OrderID] => 955011-19020045
    [Method] => 1
    [Token] => 3305fc2dad71c932de7b361f532434314541248a403f27682c2a3bc079383692
    [ClientField1] => 
    [ClientField2] => 
    [ClientField3] => EC-CUBE4.3.35
)
 from 147.161.190.165
2023/11/19 02:00:45 [/shop/shopping/load_payment_module.php] ACS=0&OrderID=955011-19020045&Forward=2959876&Method=1&PayTimes=&Approve=0536589&TranID=2311190200602257210134182414&TranDate=20231119020045&CheckString=cd11fb82921a81443413feba0e356b00 from 147.161.190.165
2023/11/19 02:00:45 [/shop/shopping/load_payment_module.php] Array
(
    [0] => Array
        (
            [ACS] => 0
            [OrderID] => 955011-19020045
            [Forward] => 2959876
            [Method] => 1
            [PayTimes] => 
            [Approve] => 0536589
            [TranID] => 2311190200602257210134182414
            [TranDate] => 20231119020045
            [CheckString] => cd11fb82921a81443413feba0e356b00
        )

)
 from 147.161.190.165
2023/11/19 02:00:45 [/shop/shopping/load_payment_module.php] load_payment_module.php set payment data:Array
(
    [ACS] => 0
    [Forward] => 2959876
    [Method] => 1
    [PayTimes] => 
    [Approve] => 0536589
    [TranID] => 2311190200602257210134182414
    [TranDate] => 20231119020045
    [CheckString] => cd11fb82921a81443413feba0e356b00
    [Amount] => 9000
    [JobCd] => CAPTURE
    [action_status] => 3
    [pay_status] => 13
)
 from 147.161.190.165
2023/11/19 02:00:46 [/shop/user_data/pg_mulpay_recv.php] ******* receiveer data start ******* from 210.175.7.20
2023/11/19 02:00:46 [/shop/user_data/pg_mulpay_recv.php] Array
(
    [ShopID] => 9000034600950
    [ShopPass] => **********
    [AccessID] => 9856859225598f72119527ac193b45c5
    [AccessPass] => ********************************
    [OrderID] => 955011-19020045
    [Status] => CAPTURE
    [JobCd] => CAPTURE
    [Amount] => 9000
    [Tax] => 0
    [Currency] => JPN
    [Forward] => 2959876
    [Method] => 1
    [PayTimes] => 
    [TranID] => 2311190200602257210134182414
    [Approve] => 0536589
    [TranDate] => 20231119020045
    [ErrCode] => 
    [ErrInfo] => 
    [PayType] => 0
)
 from 210.175.7.20
2023/11/19 02:00:46 [/shop/user_data/pg_mulpay_recv.php] ******* receiveer data end ******* from 210.175.7.20
2023/11/19 02:00:51 [/shop/user_data/pg_mulpay_recv.php] update order status:1 order_id=955011 from 210.175.7.20
2023/11/19 02:00:51 [/shop/user_data/pg_mulpay_recv.php] pg_mulpay_recv.php set payment data:Array
(
    [ShopID] => 9000034600950
    [AccessID] => 9856859225598f72119527ac193b45c5
    [OrderID] => 955011-19020045
    [Status] => CAPTURE
    [JobCd] => CAPTURE
    [Amount] => 9000
    [Tax] => 0
    [Currency] => JPN
    [Forward] => 2959876
    [Method] => 1
    [PayTimes] => 
    [TranID] => 2311190200602257210134182414
    [Approve] => 0536589
    [TranDate] => 20231119020045
    [ErrCode] => 
    [ErrInfo] => 
    [PayType] => 0
    [CvsCode] => 
    [CvsConfNo] => 
    [CvsReceiptNo] => 
    [EdyReceiptNo] => 
    [EdyOrderNo] => 
    [SuicaReceiptNo] => 
    [SuicaOrderNo] => 
    [CustID] => 
    [BkCode] => 
    [ConfNo] => 
    [PaymentTerm] => 
    [EncryptReceiptNo] => 
    [FinishDate] => 
    [ReceiptDate] => 
    [WebMoneyManagementNo] => 
    [WebMoneySettleCode] => 
    [AuPayInfoNo] => 
    [AuPayMethod] => 
    [AuCancelAmount] => 
    [AuCancelTax] => 
    [DocomoSettlementCode] => 
    [DocomoCancelAmount] => 
    [DocomoCancelTax] => 
    [pay_status] => 13
)
 from 210.175.7.20
2023/11/19 02:00:51 [/shop/user_data/pg_mulpay_recv.php] response:true from 210.175.7.20
2023/11/19 03:53:00 [/shop/shopping/load_payment_module.php] SendRequest:https://p01.mul-pay.jp/payment/SearchMember.idPass from 193.160.247.102
2023/11/19 03:53:00 [/shop/shopping/load_payment_module.php] Array
(
    [SiteID] => mst0000007602
    [SitePass] => ******
    [MemberID] => 12320
)
 from 193.160.247.102
2023/11/19 03:53:00 [/shop/shopping/load_payment_module.php] ErrCode=E01&ErrInfo=E01390002 from 193.160.247.102
2023/11/19 03:53:00 [/shop/shopping/load_payment_module.php] Array
(
    [0] => Array
        (
            [ErrCode] => E01
            [ErrInfo] => E01390002
        )

)
 from 193.160.247.102
2023/11/19 03:53:00 [/shop/shopping/load_payment_module.php] SendRequest:https://p01.mul-pay.jp/payment/SearchCard.idPass from 193.160.247.102
2023/11/19 03:53:00 [/shop/shopping/load_payment_module.php] Array
(
    [SiteID] => mst0000007602
    [SitePass] => ******
    [MemberID] => 12320
)
 from 193.160.247.102
2023/11/19 03:53:01 [/shop/shopping/load_payment_module.php] ErrCode=E01|E01&ErrInfo=E01390002|E01240002 from 193.160.247.102
2023/11/19 03:53:01 [/shop/shopping/load_payment_module.php] Array
(
    [0] => Array
        (
            [ErrCode] => E01
            [ErrInfo] => E01390002
        )

    [1] => Array
        (
            [ErrCode] => E01
            [ErrInfo] => E01240002
        )

)
 from 193.160.247.102
2023/11/19 03:53:35 [/shop/shopping/load_payment_module.php] SendRequest:https://p01.mul-pay.jp/payment/SearchMember.idPass from 193.160.247.102
2023/11/19 03:53:35 [/shop/shopping/load_payment_module.php] Array
(
    [SiteID] => mst0000007602
    [SitePass] => ******
    [MemberID] => 12320
)
 from 193.160.247.102
2023/11/19 03:53:35 [/shop/shopping/load_payment_module.php] ErrCode=E01&ErrInfo=E01390002 from 193.160.247.102
2023/11/19 03:53:35 [/shop/shopping/load_payment_module.php] Array
(
    [0] => Array
        (
            [ErrCode] => E01
            [ErrInfo] => E01390002
        )

)
 from 193.160.247.102
2023/11/19 03:53:35 [/shop/shopping/load_payment_module.php] SendRequest:https://p01.mul-pay.jp/payment/SearchCard.idPass from 193.160.247.102
2023/11/19 03:53:35 [/shop/shopping/load_payment_module.php] Array
(
    [SiteID] => mst0000007602
    [SitePass] => ******
    [MemberID] => 12320
)
 from 193.160.247.102
2023/11/19 03:53:35 [/shop/shopping/load_payment_module.php] ErrCode=E01|E01&ErrInfo=E01390002|E01240002 from 193.160.247.102
2023/11/19 03:53:35 [/shop/shopping/load_payment_module.php] Array
(
    [0] => Array
        (
            [ErrCode] => E01
            [ErrInfo] => E01390002
        )

    [1] => Array
        (
            [ErrCode] => E01
            [ErrInfo] => E01240002
        )

)
 from 193.160.247.102
2023/11/19 03:53:35 [/shop/shopping/load_payment_module.php] SendRequest:https://p01.mul-pay.jp/payment/EntryTran.idPass from 193.160.247.102
2023/11/19 03:53:35 [/shop/shopping/load_payment_module.php] Array
(
    [ShopID] => 9000034600950
    [ShopPass] => ******
    [OrderID] => 955012-19035335
    [JobCd] => CAPTURE
    [Amount] => 16500
    [TdFlag] => 0
    [TdTenantName] => 
)
 from 193.160.247.102
2023/11/19 03:53:35 [/shop/shopping/load_payment_module.php] AccessID=f07112d563c35bec9cada85a2eebc631&AccessPass=af24144f9af6111eeb1c87925bf28364 from 193.160.247.102
2023/11/19 03:53:35 [/shop/shopping/load_payment_module.php] Array
(
    [0] => Array
        (
            [AccessID] => f07112d563c35bec9cada85a2eebc631
            [AccessPass] => af24144f9af6111eeb1c87925bf28364
        )

)
 from 193.160.247.102
2023/11/19 03:53:35 [/shop/shopping/load_payment_module.php] load_payment_module.php set payment data:Array
(
    [AccessID] => f07112d563c35bec9cada85a2eebc631
    [AccessPass] => af24144f9af6111eeb1c87925bf28364
    [OrderID] => 955012-19035335
    [Amount] => 16500
    [JobCd] => CAPTURE
    [action_status] => 1
    [pay_status] => 0
)
 from 193.160.247.102
2023/11/19 03:53:35 [/shop/shopping/load_payment_module.php] SendRequest:https://p01.mul-pay.jp/payment/ExecTran.idPass from 193.160.247.102
2023/11/19 03:53:35 [/shop/shopping/load_payment_module.php] Array
(
    [AccessID] => f07112d563c35bec9cada85a2eebc631
    [AccessPass] => af24144f9af6111eeb1c87925bf28364
    [OrderID] => 955012-19035335
    [Method] => 1
    [Token] => f664ac1444d33c987a8b2f6ffaa14dd5511c9605fc992131519f81cee25dd9b3
    [ClientField1] => 
    [ClientField2] => 
    [ClientField3] => EC-CUBE4.3.35
)
 from 193.160.247.102
2023/11/19 03:53:37 [/shop/shopping/load_payment_module.php] ACS=0&OrderID=955012-19035335&Forward=2959876&Method=1&PayTimes=&Approve=0533654&TranID=2311190353602257210134152409&TranDate=20231119035337&CheckString=07f4d80a063d05cdcc2670a274795677 from 193.160.247.102
2023/11/19 03:53:37 [/shop/shopping/load_payment_module.php] Array
(
    [0] => Array
        (
            [ACS] => 0
            [OrderID] => 955012-19035335
            [Forward] => 2959876
            [Method] => 1
            [PayTimes] => 
            [Approve] => 0533654
            [TranID] => 2311190353602257210134152409
            [TranDate] => 20231119035337
            [CheckString] => 07f4d80a063d05cdcc2670a274795677
        )

)
 from 193.160.247.102
2023/11/19 03:53:37 [/shop/shopping/load_payment_module.php] load_payment_module.php set payment data:Array
(
    [ACS] => 0
    [Forward] => 2959876
    [Method] => 1
    [PayTimes] => 
    [Approve] => 0533654
    [TranID] => 2311190353602257210134152409
    [TranDate] => 20231119035337
    [CheckString] => 07f4d80a063d05cdcc2670a274795677
    [Amount] => 16500
    [JobCd] => CAPTURE
    [action_status] => 3
    [pay_status] => 13
)
 from 193.160.247.102
2023/11/19 03:53:37 [/shop/user_data/pg_mulpay_recv.php] ******* receiveer data start ******* from 210.175.7.20
2023/11/19 03:53:37 [/shop/user_data/pg_mulpay_recv.php] Array
(
    [ShopID] => 9000034600950
    [ShopPass] => **********
    [AccessID] => f07112d563c35bec9cada85a2eebc631
    [AccessPass] => ********************************
    [OrderID] => 955012-19035335
    [Status] => CAPTURE
    [JobCd] => CAPTURE
    [Amount] => 16500
    [Tax] => 0
    [Currency] => JPN
    [Forward] => 2959876
    [Method] => 1
    [PayTimes] => 
    [TranID] => 2311190353602257210134152409
    [Approve] => 0533654
    [TranDate] => 20231119035337
    [ErrCode] => 
    [ErrInfo] => 
    [PayType] => 0
)
 from 210.175.7.20
2023/11/19 03:53:37 [/shop/user_data/pg_mulpay_recv.php] ******* receiveer data end ******* from 210.175.7.20
2023/11/19 03:53:42 [/shop/user_data/pg_mulpay_recv.php] update order status:1 order_id=955012 from 210.175.7.20
2023/11/19 03:53:42 [/shop/user_data/pg_mulpay_recv.php] pg_mulpay_recv.php set payment data:Array
(
    [ShopID] => 9000034600950
    [AccessID] => f07112d563c35bec9cada85a2eebc631
    [OrderID] => 955012-19035335
    [Status] => CAPTURE
    [JobCd] => CAPTURE
    [Amount] => 16500
    [Tax] => 0
    [Currency] => JPN
    [Forward] => 2959876
    [Method] => 1
    [PayTimes] => 
    [TranID] => 2311190353602257210134152409
    [Approve] => 0533654
    [TranDate] => 20231119035337
    [ErrCode] => 
    [ErrInfo] => 
    [PayType] => 0
    [CvsCode] => 
    [CvsConfNo] => 
    [CvsReceiptNo] => 
    [EdyReceiptNo] => 
    [EdyOrderNo] => 
    [SuicaReceiptNo] => 
    [SuicaOrderNo] => 
    [CustID] => 
    [BkCode] => 
    [ConfNo] => 
    [PaymentTerm] => 
    [EncryptReceiptNo] => 
    [FinishDate] => 
    [ReceiptDate] => 
    [WebMoneyManagementNo] => 
    [WebMoneySettleCode] => 
    [AuPayInfoNo] => 
    [AuPayMethod] => 
    [AuCancelAmount] => 
    [AuCancelTax] => 
    [DocomoSettlementCode] => 
    [DocomoCancelAmount] => 
    [DocomoCancelTax] => 
    [pay_status] => 13
)
 from 210.175.7.20
2023/11/19 03:53:42 [/shop/user_data/pg_mulpay_recv.php] response:true from 210.175.7.20
2023/11/19 07:11:24 [/shop/shopping/load_payment_module.php] SendRequest:https://p01.mul-pay.jp/payment/SearchMember.idPass from 76.126.95.113
2023/11/19 07:11:24 [/shop/shopping/load_payment_module.php] Array
(
    [SiteID] => mst0000007602
    [SitePass] => ******
    [MemberID] => 12321
)
 from 76.126.95.113
2023/11/19 07:11:24 [/shop/shopping/load_payment_module.php] ErrCode=E01&ErrInfo=E01390002 from 76.126.95.113
2023/11/19 07:11:24 [/shop/shopping/load_payment_module.php] Array
(
    [0] => Array
        (
            [ErrCode] => E01
            [ErrInfo] => E01390002
        )

)
 from 76.126.95.113
2023/11/19 07:11:24 [/shop/shopping/load_payment_module.php] SendRequest:https://p01.mul-pay.jp/payment/SearchCard.idPass from 76.126.95.113
2023/11/19 07:11:24 [/shop/shopping/load_payment_module.php] Array
(
    [SiteID] => mst0000007602
    [SitePass] => ******
    [MemberID] => 12321
)
 from 76.126.95.113
2023/11/19 07:11:24 [/shop/shopping/load_payment_module.php] ErrCode=E01|E01&ErrInfo=E01390002|E01240002 from 76.126.95.113
2023/11/19 07:11:24 [/shop/shopping/load_payment_module.php] Array
(
    [0] => Array
        (
            [ErrCode] => E01
            [ErrInfo] => E01390002
        )

    [1] => Array
        (
            [ErrCode] => E01
            [ErrInfo] => E01240002
        )

)
 from 76.126.95.113
2023/11/19 07:13:24 [/shop/shopping/load_payment_module.php] SendRequest:https://p01.mul-pay.jp/payment/SearchMember.idPass from 76.126.95.113
2023/11/19 07:13:24 [/shop/shopping/load_payment_module.php] Array
(
    [SiteID] => mst0000007602
    [SitePass] => ******
    [MemberID] => 12321
)
 from 76.126.95.113
2023/11/19 07:13:24 [/shop/shopping/load_payment_module.php] ErrCode=E01&ErrInfo=E01390002 from 76.126.95.113
2023/11/19 07:13:24 [/shop/shopping/load_payment_module.php] Array
(
    [0] => Array
        (
            [ErrCode] => E01
            [ErrInfo] => E01390002
        )

)
 from 76.126.95.113
2023/11/19 07:13:24 [/shop/shopping/load_payment_module.php] SendRequest:https://p01.mul-pay.jp/payment/SearchCard.idPass from 76.126.95.113
2023/11/19 07:13:24 [/shop/shopping/load_payment_module.php] Array
(
    [SiteID] => mst0000007602
    [SitePass] => ******
    [MemberID] => 12321
)
 from 76.126.95.113
2023/11/19 07:13:24 [/shop/shopping/load_payment_module.php] ErrCode=E01|E01&ErrInfo=E01390002|E01240002 from 76.126.95.113
2023/11/19 07:13:24 [/shop/shopping/load_payment_module.php] Array
(
    [0] => Array
        (
            [ErrCode] => E01
            [ErrInfo] => E01390002
        )

    [1] => Array
        (
            [ErrCode] => E01
            [ErrInfo] => E01240002
        )

)
 from 76.126.95.113
2023/11/19 07:13:24 [/shop/shopping/load_payment_module.php] SendRequest:https://p01.mul-pay.jp/payment/EntryTran.idPass from 76.126.95.113
2023/11/19 07:13:24 [/shop/shopping/load_payment_module.php] Array
(
    [ShopID] => 9000034600950
    [ShopPass] => ******
    [OrderID] => 955013-19071324
    [JobCd] => CAPTURE
    [Amount] => 10520
    [TdFlag] => 0
    [TdTenantName] => 
)
 from 76.126.95.113
2023/11/19 07:13:24 [/shop/shopping/load_payment_module.php] AccessID=648c0076a310a8c69c478f2f0812f6b2&AccessPass=58098551430adf97425b341696d20e76 from 76.126.95.113
2023/11/19 07:13:24 [/shop/shopping/load_payment_module.php] Array
(
    [0] => Array
        (
            [AccessID] => 648c0076a310a8c69c478f2f0812f6b2
            [AccessPass] => 58098551430adf97425b341696d20e76
        )

)
 from 76.126.95.113
2023/11/19 07:13:24 [/shop/shopping/load_payment_module.php] load_payment_module.php set payment data:Array
(
    [AccessID] => 648c0076a310a8c69c478f2f0812f6b2
    [AccessPass] => 58098551430adf97425b341696d20e76
    [OrderID] => 955013-19071324
    [Amount] => 10520
    [JobCd] => CAPTURE
    [action_status] => 1
    [pay_status] => 0
)
 from 76.126.95.113
2023/11/19 07:13:24 [/shop/shopping/load_payment_module.php] SendRequest:https://p01.mul-pay.jp/payment/ExecTran.idPass from 76.126.95.113
2023/11/19 07:13:24 [/shop/shopping/load_payment_module.php] Array
(
    [AccessID] => 648c0076a310a8c69c478f2f0812f6b2
    [AccessPass] => 58098551430adf97425b341696d20e76
    [OrderID] => 955013-19071324
    [Method] => 1
    [Token] => e832220d33efabd6f42cad1a2cb6f9c8b560de407596994de7c68dd946ba67d2
    [ClientField1] => 
    [ClientField2] => 
    [ClientField3] => EC-CUBE4.3.35
)
 from 76.126.95.113
2023/11/19 07:13:24 [/shop/shopping/load_payment_module.php] ACS=0&OrderID=955013-19071324&Forward=2S49631&Method=1&PayTimes=&Approve=0018894&TranID=2311190713602257210134182415&TranDate=20231119071324&CheckString=05aad6cffddb11bfd56f69205e540c30 from 76.126.95.113
2023/11/19 07:13:24 [/shop/shopping/load_payment_module.php] Array
(
    [0] => Array
        (
            [ACS] => 0
            [OrderID] => 955013-19071324
            [Forward] => 2S49631
            [Method] => 1
            [PayTimes] => 
            [Approve] => 0018894
            [TranID] => 2311190713602257210134182415
            [TranDate] => 20231119071324
            [CheckString] => 05aad6cffddb11bfd56f69205e540c30
        )

)
 from 76.126.95.113
2023/11/19 07:13:24 [/shop/shopping/load_payment_module.php] load_payment_module.php set payment data:Array
(
    [ACS] => 0
    [Forward] => 2S49631
    [Method] => 1
    [PayTimes] => 
    [Approve] => 0018894
    [TranID] => 2311190713602257210134182415
    [TranDate] => 20231119071324
    [CheckString] => 05aad6cffddb11bfd56f69205e540c30
    [Amount] => 10520
    [JobCd] => CAPTURE
    [action_status] => 3
    [pay_status] => 13
)
 from 76.126.95.113
2023/11/19 07:13:25 [/shop/user_data/pg_mulpay_recv.php] ******* receiveer data start ******* from 210.175.7.20
2023/11/19 07:13:25 [/shop/user_data/pg_mulpay_recv.php] Array
(
    [ShopID] => 9000034600950
    [ShopPass] => **********
    [AccessID] => 648c0076a310a8c69c478f2f0812f6b2
    [AccessPass] => ********************************
    [OrderID] => 955013-19071324
    [Status] => CAPTURE
    [JobCd] => CAPTURE
    [Amount] => 10520
    [Tax] => 0
    [Currency] => JPN
    [Forward] => 2S49631
    [Method] => 1
    [PayTimes] => 
    [TranID] => 2311190713602257210134182415
    [Approve] => 0018894
    [TranDate] => 20231119071324
    [ErrCode] => 
    [ErrInfo] => 
    [PayType] => 0
)
 from 210.175.7.20
2023/11/19 07:13:25 [/shop/user_data/pg_mulpay_recv.php] ******* receiveer data end ******* from 210.175.7.20
2023/11/19 07:13:30 [/shop/user_data/pg_mulpay_recv.php] update order status:1 order_id=955013 from 210.175.7.20
2023/11/19 07:13:30 [/shop/user_data/pg_mulpay_recv.php] pg_mulpay_recv.php set payment data:Array
(
    [ShopID] => 9000034600950
    [AccessID] => 648c0076a310a8c69c478f2f0812f6b2
    [OrderID] => 955013-19071324
    [Status] => CAPTURE
    [JobCd] => CAPTURE
    [Amount] => 10520
    [Tax] => 0
    [Currency] => JPN
    [Forward] => 2S49631
    [Method] => 1
    [PayTimes] => 
    [TranID] => 2311190713602257210134182415
    [Approve] => 0018894
    [TranDate] => 20231119071324
    [ErrCode] => 
    [ErrInfo] => 
    [PayType] => 0
    [CvsCode] => 
    [CvsConfNo] => 
    [CvsReceiptNo] => 
    [EdyReceiptNo] => 
    [EdyOrderNo] => 
    [SuicaReceiptNo] => 
    [SuicaOrderNo] => 
    [CustID] => 
    [BkCode] => 
    [ConfNo] => 
    [PaymentTerm] => 
    [EncryptReceiptNo] => 
    [FinishDate] => 
    [ReceiptDate] => 
    [WebMoneyManagementNo] => 
    [WebMoneySettleCode] => 
    [AuPayInfoNo] => 
    [AuPayMethod] => 
    [AuCancelAmount] => 
    [AuCancelTax] => 
    [DocomoSettlementCode] => 
    [DocomoCancelAmount] => 
    [DocomoCancelTax] => 
    [pay_status] => 13
)
 from 210.175.7.20
2023/11/19 07:13:30 [/shop/user_data/pg_mulpay_recv.php] response:true from 210.175.7.20
2023/11/19 08:25:13 [/shop/shopping/load_payment_module.php] SendRequest:https://p01.mul-pay.jp/payment/EntryTran.idPass from 126.88.188.165
2023/11/19 08:25:13 [/shop/shopping/load_payment_module.php] Array
(
    [ShopID] => 9000034600950
    [ShopPass] => ******
    [OrderID] => 955014-19082513
    [JobCd] => CAPTURE
    [Amount] => 14150
    [TdFlag] => 0
    [TdTenantName] => 
)
 from 126.88.188.165
2023/11/19 08:25:13 [/shop/shopping/load_payment_module.php] AccessID=737848586ce736fab85b1e7d3c5f4121&AccessPass=62a16447cafaed8ce37555367c34e552 from 126.88.188.165
2023/11/19 08:25:13 [/shop/shopping/load_payment_module.php] Array
(
    [0] => Array
        (
            [AccessID] => 737848586ce736fab85b1e7d3c5f4121
            [AccessPass] => 62a16447cafaed8ce37555367c34e552
        )

)
 from 126.88.188.165
2023/11/19 08:25:13 [/shop/shopping/load_payment_module.php] load_payment_module.php set payment data:Array
(
    [AccessID] => 737848586ce736fab85b1e7d3c5f4121
    [AccessPass] => 62a16447cafaed8ce37555367c34e552
    [OrderID] => 955014-19082513
    [Amount] => 14150
    [JobCd] => CAPTURE
    [action_status] => 1
    [pay_status] => 0
)
 from 126.88.188.165
2023/11/19 08:25:13 [/shop/shopping/load_payment_module.php] SendRequest:https://p01.mul-pay.jp/payment/ExecTran.idPass from 126.88.188.165
2023/11/19 08:25:13 [/shop/shopping/load_payment_module.php] Array
(
    [AccessID] => 737848586ce736fab85b1e7d3c5f4121
    [AccessPass] => 62a16447cafaed8ce37555367c34e552
    [OrderID] => 955014-19082513
    [Method] => 1
    [Token] => 45f48994d1972383a3fbba89d1a2e0452f08b5ab528a5c6066a41084c4388f80
    [ClientField1] => 
    [ClientField2] => 
    [ClientField3] => EC-CUBE4.3.35
)
 from 126.88.188.165
2023/11/19 08:25:14 [/shop/shopping/load_payment_module.php] ACS=0&OrderID=955014-19082513&Forward=2a99661&Method=1&PayTimes=&Approve=0244891&TranID=2311190825602257210134172355&TranDate=20231119082514&CheckString=0f28a261beb57cef61e33b1c04ee8341 from 126.88.188.165
2023/11/19 08:25:14 [/shop/shopping/load_payment_module.php] Array
(
    [0] => Array
        (
            [ACS] => 0
            [OrderID] => 955014-19082513
            [Forward] => 2a99661
            [Method] => 1
            [PayTimes] => 
            [Approve] => 0244891
            [TranID] => 2311190825602257210134172355
            [TranDate] => 20231119082514
            [CheckString] => 0f28a261beb57cef61e33b1c04ee8341
        )

)
 from 126.88.188.165
2023/11/19 08:25:14 [/shop/shopping/load_payment_module.php] load_payment_module.php set payment data:Array
(
    [ACS] => 0
    [Forward] => 2a99661
    [Method] => 1
    [PayTimes] => 
    [Approve] => 0244891
    [TranID] => 2311190825602257210134172355
    [TranDate] => 20231119082514
    [CheckString] => 0f28a261beb57cef61e33b1c04ee8341
    [Amount] => 14150
    [JobCd] => CAPTURE
    [action_status] => 3
    [pay_status] => 13
)
 from 126.88.188.165
2023/11/19 08:25:14 [/shop/user_data/pg_mulpay_recv.php] ******* receiveer data start ******* from 210.175.7.20
2023/11/19 08:25:14 [/shop/user_data/pg_mulpay_recv.php] Array
(
    [ShopID] => 9000034600950
    [ShopPass] => **********
    [AccessID] => 737848586ce736fab85b1e7d3c5f4121
    [AccessPass] => ********************************
    [OrderID] => 955014-19082513
    [Status] => CAPTURE
    [JobCd] => CAPTURE
    [Amount] => 14150
    [Tax] => 0
    [Currency] => JPN
    [Forward] => 2a99661
    [Method] => 1
    [PayTimes] => 
    [TranID] => 2311190825602257210134172355
    [Approve] => 0244891
    [TranDate] => 20231119082514
    [ErrCode] => 
    [ErrInfo] => 
    [PayType] => 0
)
 from 210.175.7.20
2023/11/19 08:25:14 [/shop/user_data/pg_mulpay_recv.php] ******* receiveer data end ******* from 210.175.7.20
2023/11/19 08:25:19 [/shop/user_data/pg_mulpay_recv.php] update order status:1 order_id=955014 from 210.175.7.20
2023/11/19 08:25:19 [/shop/user_data/pg_mulpay_recv.php] pg_mulpay_recv.php set payment data:Array
(
    [ShopID] => 9000034600950
    [AccessID] => 737848586ce736fab85b1e7d3c5f4121
    [OrderID] => 955014-19082513
    [Status] => CAPTURE
    [JobCd] => CAPTURE
    [Amount] => 14150
    [Tax] => 0
    [Currency] => JPN
    [Forward] => 2a99661
    [Method] => 1
    [PayTimes] => 
    [TranID] => 2311190825602257210134172355
    [Approve] => 0244891
    [TranDate] => 20231119082514
    [ErrCode] => 
    [ErrInfo] => 
    [PayType] => 0
    [CvsCode] => 
    [CvsConfNo] => 
    [CvsReceiptNo] => 
    [EdyReceiptNo] => 
    [EdyOrderNo] => 
    [SuicaReceiptNo] => 
    [SuicaOrderNo] => 
    [CustID] => 
    [BkCode] => 
    [ConfNo] => 
    [PaymentTerm] => 
    [EncryptReceiptNo] => 
    [FinishDate] => 
    [ReceiptDate] => 
    [WebMoneyManagementNo] => 
    [WebMoneySettleCode] => 
    [AuPayInfoNo] => 
    [AuPayMethod] => 
    [AuCancelAmount] => 
    [AuCancelTax] => 
    [DocomoSettlementCode] => 
    [DocomoCancelAmount] => 
    [DocomoCancelTax] => 
    [pay_status] => 13
)
 from 210.175.7.20
2023/11/19 08:25:19 [/shop/user_data/pg_mulpay_recv.php] response:true from 210.175.7.20
2023/11/19 10:25:22 [/shop/master/order/edit.php] edit.php set payment data:Array
(
    [no_update_status_flg] => 1
)
 from 114.160.216.147
2023/11/19 10:25:22 [/shop/master/order/edit.php] SendRequest:https://p01.mul-pay.jp/payment/ChangeTran.idPass from 114.160.216.147
2023/11/19 10:25:22 [/shop/master/order/edit.php] Array
(
    [ShopID] => 9000034600950
    [ShopPass] => ******
    [AccessID] => e74e076e9383b019d92766de894a716e
    [AccessPass] => 16eca56b5b27346d6bbff15ca773bf3a
    [JobCd] => CAPTURE
    [Amount] => 22590
)
 from 114.160.216.147
2023/11/19 10:25:23 [/shop/master/order/edit.php] AccessID=e74e076e9383b019d92766de894a716e&AccessPass=16eca56b5b27346d6bbff15ca773bf3a&Forward=2S49631&Approve=0018732&TranID=2311191025602257210134152411&TranDate=20231119102523 from 114.160.216.147
2023/11/19 10:25:23 [/shop/master/order/edit.php] Array
(
    [0] => Array
        (
            [AccessID] => e74e076e9383b019d92766de894a716e
            [AccessPass] => 16eca56b5b27346d6bbff15ca773bf3a
            [Forward] => 2S49631
            [Approve] => 0018732
            [TranID] => 2311191025602257210134152411
            [TranDate] => 20231119102523
        )

)
 from 114.160.216.147
2023/11/19 10:25:23 [/shop/master/order/edit.php] edit.php set payment data:Array
(
    [AccessID] => e74e076e9383b019d92766de894a716e
    [AccessPass] => 16eca56b5b27346d6bbff15ca773bf3a
    [Forward] => 2S49631
    [Approve] => 0018732
    [TranID] => 2311191025602257210134152411
    [TranDate] => 20231119102523
    [action_status] => 6
    [pay_status] => 13
    [JobCd] => CAPTURE
    [Amount] => 22590
)
 from 114.160.216.147
2023/11/19 10:25:23 [/shop/user_data/pg_mulpay_recv.php] ******* receiveer data start ******* from 210.175.7.20
2023/11/19 10:25:23 [/shop/user_data/pg_mulpay_recv.php] Array
(
    [ShopID] => 9000034600950
    [ShopPass] => **********
    [AccessID] => e74e076e9383b019d92766de894a716e
    [AccessPass] => ********************************
    [OrderID] => 954187-05001538
    [Status] => RETURNX
    [JobCd] => RETURNX
    [Amount] => 19950
    [Tax] => 0
    [Currency] => JPN
    [Forward] => 2S49631
    [Method] => 1
    [PayTimes] => 
    [TranID] => 2311191025602257210134152410
    [Approve] =>        
    [TranDate] => 20231119102523
    [ErrCode] => 
    [ErrInfo] => 
    [PayType] => 0
)
 from 210.175.7.20
2023/11/19 10:25:23 [/shop/user_data/pg_mulpay_recv.php] ******* receiveer data end ******* from 210.175.7.20
2023/11/19 10:25:23 [/shop/user_data/pg_mulpay_recv.php] pg_mulpay_recv.php set payment data:Array
(
    [ShopID] => 9000034600950
    [AccessID] => e74e076e9383b019d92766de894a716e
    [OrderID] => 954187-05001538
    [Status] => RETURNX
    [JobCd] => RETURNX
    [Amount] => 19950
    [Tax] => 0
    [Currency] => JPN
    [Forward] => 2S49631
    [Method] => 1
    [PayTimes] => 
    [TranID] => 2311191025602257210134152410
    [TranDate] => 20231119102523
    [ErrCode] => 
    [ErrInfo] => 
    [PayType] => 0
    [CvsCode] => 
    [CvsConfNo] => 
    [CvsReceiptNo] => 
    [EdyReceiptNo] => 
    [EdyOrderNo] => 
    [SuicaReceiptNo] => 
    [SuicaOrderNo] => 
    [CustID] => 
    [BkCode] => 
    [ConfNo] => 
    [PaymentTerm] => 
    [EncryptReceiptNo] => 
    [FinishDate] => 
    [ReceiptDate] => 
    [WebMoneyManagementNo] => 
    [WebMoneySettleCode] => 
    [AuPayInfoNo] => 
    [AuPayMethod] => 
    [AuCancelAmount] => 
    [AuCancelTax] => 
    [DocomoSettlementCode] => 
    [DocomoCancelAmount] => 
    [DocomoCancelTax] => 
    [pay_status] => 16
)
 from 210.175.7.20
2023/11/19 10:25:23 [/shop/user_data/pg_mulpay_recv.php] response:true from 210.175.7.20
2023/11/19 10:25:23 [/shop/user_data/pg_mulpay_recv.php] ******* receiveer data start ******* from 210.175.7.20
2023/11/19 10:25:23 [/shop/user_data/pg_mulpay_recv.php] Array
(
    [ShopID] => 9000034600950
    [ShopPass] => **********
    [AccessID] => e74e076e9383b019d92766de894a716e
    [AccessPass] => ********************************
    [OrderID] => 954187-05001538
    [Status] => CAPTURE
    [JobCd] => CAPTURE
    [Amount] => 22590
    [Tax] => 0
    [Currency] => JPN
    [Forward] => 2S49631
    [Method] => 1
    [PayTimes] => 
    [TranID] => 2311191025602257210134152411
    [Approve] => 0018732
    [TranDate] => 20231119102523
    [ErrCode] => 
    [ErrInfo] => 
    [PayType] => 0
)
 from 210.175.7.20
2023/11/19 10:25:23 [/shop/user_data/pg_mulpay_recv.php] ******* receiveer data end ******* from 210.175.7.20
2023/11/19 10:25:28 [/shop/user_data/pg_mulpay_recv.php] no update order status order_id=954187 from 210.175.7.20
2023/11/19 10:25:28 [/shop/user_data/pg_mulpay_recv.php] pg_mulpay_recv.php set payment data:Array
(
    [ShopID] => 9000034600950
    [AccessID] => e74e076e9383b019d92766de894a716e
    [OrderID] => 954187-05001538
    [Status] => CAPTURE
    [JobCd] => CAPTURE
    [Amount] => 22590
    [Tax] => 0
    [Currency] => JPN
    [Forward] => 2S49631
    [Method] => 1
    [PayTimes] => 
    [TranID] => 2311191025602257210134152411
    [Approve] => 0018732
    [TranDate] => 20231119102523
    [ErrCode] => 
    [ErrInfo] => 
    [PayType] => 0
    [CvsCode] => 
    [CvsConfNo] => 
    [CvsReceiptNo] => 
    [EdyReceiptNo] => 
    [EdyOrderNo] => 
    [SuicaReceiptNo] => 
    [SuicaOrderNo] => 
    [CustID] => 
    [BkCode] => 
    [ConfNo] => 
    [PaymentTerm] => 
    [EncryptReceiptNo] => 
    [FinishDate] => 
    [ReceiptDate] => 
    [WebMoneyManagementNo] => 
    [WebMoneySettleCode] => 
    [AuPayInfoNo] => 
    [AuPayMethod] => 
    [AuCancelAmount] => 
    [AuCancelTax] => 
    [DocomoSettlementCode] => 
    [DocomoCancelAmount] => 
    [DocomoCancelTax] => 
    [pay_status] => 13
    [no_update_status_flg] => 0
)
 from 210.175.7.20
2023/11/19 10:25:28 [/shop/user_data/pg_mulpay_recv.php] response:true from 210.175.7.20
2023/11/19 10:25:30 [/shop/master/order/edit.php] SendRequest:https://p01.mul-pay.jp/payment/SearchTrade.idPass from 114.160.216.147
2023/11/19 10:25:30 [/shop/master/order/edit.php] Array
(
    [ShopID] => 9000034600950
    [ShopPass] => ******
    [OrderID] => 954187-05001538
)
 from 114.160.216.147
2023/11/19 10:25:30 [/shop/master/order/edit.php] OrderID=954187-05001538&Status=CAPTURE&ProcessDate=20231119102523&JobCd=CAPTURE&AccessID=e74e076e9383b019d92766de894a716e&AccessPass=16eca56b5b27346d6bbff15ca773bf3a&ItemCode=0000990&Amount=22590&Tax=0&SiteID=&MemberID=&CardNo=************5537&Expire=2501&Method=1&PayTimes=&Forward=2S49631&TranID=2311191025602257210134152411&Approve=0018732&ClientField1=&ClientField2=&ClientField3=EC-CUBE4.3.35 from 114.160.216.147
2023/11/19 10:25:30 [/shop/master/order/edit.php] Array
(
    [0] => Array
        (
            [OrderID] => 954187-05001538
            [Status] => CAPTURE
            [ProcessDate] => 20231119102523
            [JobCd] => CAPTURE
            [AccessID] => e74e076e9383b019d92766de894a716e
            [AccessPass] => 16eca56b5b27346d6bbff15ca773bf3a
            [ItemCode] => 0000990
            [Amount] => 22590
            [Tax] => 0
            [SiteID] => 
            [MemberID] => 
            [CardNo] => ************5537
            [Expire] => 2501
            [Method] => 1
            [PayTimes] => 
            [Forward] => 2S49631
            [TranID] => 2311191025602257210134152411
            [Approve] => 0018732
            [ClientField1] => 
            [ClientField2] => 
            [ClientField3] => EC-CUBE4.3.35
        )

)
 from 114.160.216.147
2023/11/19 10:25:30 [/shop/master/order/edit.php] edit.php set payment data:Array
(
    [OrderID] => 954187-05001538
    [Status] => CAPTURE
    [ProcessDate] => 20231119102523
    [JobCd] => CAPTURE
    [AccessID] => e74e076e9383b019d92766de894a716e
    [AccessPass] => 16eca56b5b27346d6bbff15ca773bf3a
    [ItemCode] => 0000990
    [Amount] => 22590
    [Tax] => 0
    [SiteID] => 
    [MemberID] => 
    [CardNo] => ************5537
    [Expire] => 2501
    [Method] => 1
    [PayTimes] => 
    [Forward] => 2S49631
    [TranID] => 2311191025602257210134152411
    [Approve] => 0018732
    [ClientField1] => 
    [ClientField2] => 
    [ClientField3] => EC-CUBE4.3.35
    [action_status] => 6
    [pay_status] => 13
)
 from 114.160.216.147
2023/11/19 11:19:30 [/shop/shopping/load_payment_module.php] SendRequest:https://p01.mul-pay.jp/payment/EntryTran.idPass from 23.241.138.86
2023/11/19 11:19:30 [/shop/shopping/load_payment_module.php] Array
(
    [ShopID] => 9000034600950
    [ShopPass] => ******
    [OrderID] => 955015-19111930
    [JobCd] => CAPTURE
    [Amount] => 4610
    [TdFlag] => 0
    [TdTenantName] => 
)
 from 23.241.138.86
2023/11/19 11:19:30 [/shop/shopping/load_payment_module.php] AccessID=63bbd8231b4e2ecef1e18d8f4f70caa2&AccessPass=6755035a375b3c8a7f690562d7fcd90f from 23.241.138.86
2023/11/19 11:19:30 [/shop/shopping/load_payment_module.php] Array
(
    [0] => Array
        (
            [AccessID] => 63bbd8231b4e2ecef1e18d8f4f70caa2
            [AccessPass] => 6755035a375b3c8a7f690562d7fcd90f
        )

)
 from 23.241.138.86
2023/11/19 11:19:30 [/shop/shopping/load_payment_module.php] load_payment_module.php set payment data:Array
(
    [AccessID] => 63bbd8231b4e2ecef1e18d8f4f70caa2
    [AccessPass] => 6755035a375b3c8a7f690562d7fcd90f
    [OrderID] => 955015-19111930
    [Amount] => 4610
    [JobCd] => CAPTURE
    [action_status] => 1
    [pay_status] => 0
)
 from 23.241.138.86
2023/11/19 11:19:30 [/shop/shopping/load_payment_module.php] SendRequest:https://p01.mul-pay.jp/payment/ExecTran.idPass from 23.241.138.86
2023/11/19 11:19:30 [/shop/shopping/load_payment_module.php] Array
(
    [AccessID] => 63bbd8231b4e2ecef1e18d8f4f70caa2
    [AccessPass] => 6755035a375b3c8a7f690562d7fcd90f
    [OrderID] => 955015-19111930
    [Method] => 1
    [Token] => f330462be2ac08244fd41420318a6619a054aa0c9c15497a0b757318949c0c4c
    [ClientField1] => 
    [ClientField2] => 
    [ClientField3] => EC-CUBE4.3.35
)
 from 23.241.138.86
2023/11/19 11:19:31 [/shop/shopping/load_payment_module.php] ACS=0&OrderID=955015-19111930&Forward=2S49631&Method=1&PayTimes=&Approve=0079463&TranID=2311191119602257210134152412&TranDate=20231119111931&CheckString=0ec647764a2bcbf76012e85f8f25b894 from 23.241.138.86
2023/11/19 11:19:31 [/shop/shopping/load_payment_module.php] Array
(
    [0] => Array
        (
            [ACS] => 0
            [OrderID] => 955015-19111930
            [Forward] => 2S49631
            [Method] => 1
            [PayTimes] => 
            [Approve] => 0079463
            [TranID] => 2311191119602257210134152412
            [TranDate] => 20231119111931
            [CheckString] => 0ec647764a2bcbf76012e85f8f25b894
        )

)
 from 23.241.138.86
2023/11/19 11:19:31 [/shop/shopping/load_payment_module.php] load_payment_module.php set payment data:Array
(
    [ACS] => 0
    [Forward] => 2S49631
    [Method] => 1
    [PayTimes] => 
    [Approve] => 0079463
    [TranID] => 2311191119602257210134152412
    [TranDate] => 20231119111931
    [CheckString] => 0ec647764a2bcbf76012e85f8f25b894
    [Amount] => 4610
    [JobCd] => CAPTURE
    [action_status] => 3
    [pay_status] => 13
)
 from 23.241.138.86
2023/11/19 11:19:31 [/shop/user_data/pg_mulpay_recv.php] ******* receiveer data start ******* from 210.175.7.20
2023/11/19 11:19:31 [/shop/user_data/pg_mulpay_recv.php] Array
(
    [ShopID] => 9000034600950
    [ShopPass] => **********
    [AccessID] => 63bbd8231b4e2ecef1e18d8f4f70caa2
    [AccessPass] => ********************************
    [OrderID] => 955015-19111930
    [Status] => CAPTURE
    [JobCd] => CAPTURE
    [Amount] => 4610
    [Tax] => 0
    [Currency] => JPN
    [Forward] => 2S49631
    [Method] => 1
    [PayTimes] => 
    [TranID] => 2311191119602257210134152412
    [Approve] => 0079463
    [TranDate] => 20231119111931
    [ErrCode] => 
    [ErrInfo] => 
    [PayType] => 0
)
 from 210.175.7.20
2023/11/19 11:19:31 [/shop/user_data/pg_mulpay_recv.php] ******* receiveer data end ******* from 210.175.7.20
2023/11/19 11:19:36 [/shop/user_data/pg_mulpay_recv.php] update order status:1 order_id=955015 from 210.175.7.20
2023/11/19 11:19:36 [/shop/user_data/pg_mulpay_recv.php] pg_mulpay_recv.php set payment data:Array
(
    [ShopID] => 9000034600950
    [AccessID] => 63bbd8231b4e2ecef1e18d8f4f70caa2
    [OrderID] => 955015-19111930
    [Status] => CAPTURE
    [JobCd] => CAPTURE
    [Amount] => 4610
    [Tax] => 0
    [Currency] => JPN
    [Forward] => 2S49631
    [Method] => 1
    [PayTimes] => 
    [TranID] => 2311191119602257210134152412
    [Approve] => 0079463
    [TranDate] => 20231119111931
    [ErrCode] => 
    [ErrInfo] => 
    [PayType] => 0
    [CvsCode] => 
    [CvsConfNo] => 
    [CvsReceiptNo] => 
    [EdyReceiptNo] => 
    [EdyOrderNo] => 
    [SuicaReceiptNo] => 
    [SuicaOrderNo] => 
    [CustID] => 
    [BkCode] => 
    [ConfNo] => 
    [PaymentTerm] => 
    [EncryptReceiptNo] => 
    [FinishDate] => 
    [ReceiptDate] => 
    [WebMoneyManagementNo] => 
    [WebMoneySettleCode] => 
    [AuPayInfoNo] => 
    [AuPayMethod] => 
    [AuCancelAmount] => 
    [AuCancelTax] => 
    [DocomoSettlementCode] => 
    [DocomoCancelAmount] => 
    [DocomoCancelTax] => 
    [pay_status] => 13
)
 from 210.175.7.20
2023/11/19 11:19:36 [/shop/user_data/pg_mulpay_recv.php] response:true from 210.175.7.20
2023/11/19 18:09:47 [/shop/shopping/load_payment_module.php] SendRequest:https://p01.mul-pay.jp/payment/EntryTran.idPass from 24.13.221.123
2023/11/19 18:09:47 [/shop/shopping/load_payment_module.php] Array
(
    [ShopID] => 9000034600950
    [ShopPass] => ******
    [OrderID] => 955016-19180947
    [JobCd] => CAPTURE
    [Amount] => 5430
    [TdFlag] => 0
    [TdTenantName] => 
)
 from 24.13.221.123
2023/11/19 18:09:47 [/shop/shopping/load_payment_module.php] AccessID=2ace18088e40399fc0adcfafcf234921&AccessPass=0a1d2884183d418e6f6b73dd929c1a9a from 24.13.221.123
2023/11/19 18:09:47 [/shop/shopping/load_payment_module.php] Array
(
    [0] => Array
        (
            [AccessID] => 2ace18088e40399fc0adcfafcf234921
            [AccessPass] => 0a1d2884183d418e6f6b73dd929c1a9a
        )

)
 from 24.13.221.123
2023/11/19 18:09:47 [/shop/shopping/load_payment_module.php] load_payment_module.php set payment data:Array
(
    [AccessID] => 2ace18088e40399fc0adcfafcf234921
    [AccessPass] => 0a1d2884183d418e6f6b73dd929c1a9a
    [OrderID] => 955016-19180947
    [Amount] => 5430
    [JobCd] => CAPTURE
    [action_status] => 1
    [pay_status] => 0
)
 from 24.13.221.123
2023/11/19 18:09:47 [/shop/shopping/load_payment_module.php] SendRequest:https://p01.mul-pay.jp/payment/ExecTran.idPass from 24.13.221.123
2023/11/19 18:09:47 [/shop/shopping/load_payment_module.php] Array
(
    [AccessID] => 2ace18088e40399fc0adcfafcf234921
    [AccessPass] => 0a1d2884183d418e6f6b73dd929c1a9a
    [OrderID] => 955016-19180947
    [Method] => 1
    [Token] => d4de8b0682e855ab73d69149e1a78fa2db4a3fdbe757994cb1893b1add83f496
    [ClientField1] => 
    [ClientField2] => 
    [ClientField3] => EC-CUBE4.3.35
)
 from 24.13.221.123
2023/11/19 18:09:47 [/shop/shopping/load_payment_module.php] ACS=0&OrderID=955016-19180947&Forward=2S49631&Method=1&PayTimes=&Approve=0084233&TranID=2311191809602257210134152413&TranDate=20231119180947&CheckString=5538445924af740a05555bf284376527 from 24.13.221.123
2023/11/19 18:09:47 [/shop/shopping/load_payment_module.php] Array
(
    [0] => Array
        (
            [ACS] => 0
            [OrderID] => 955016-19180947
            [Forward] => 2S49631
            [Method] => 1
            [PayTimes] => 
            [Approve] => 0084233
            [TranID] => 2311191809602257210134152413
            [TranDate] => 20231119180947
            [CheckString] => 5538445924af740a05555bf284376527
        )

)
 from 24.13.221.123
2023/11/19 18:09:47 [/shop/shopping/load_payment_module.php] load_payment_module.php set payment data:Array
(
    [ACS] => 0
    [Forward] => 2S49631
    [Method] => 1
    [PayTimes] => 
    [Approve] => 0084233
    [TranID] => 2311191809602257210134152413
    [TranDate] => 20231119180947
    [CheckString] => 5538445924af740a05555bf284376527
    [Amount] => 5430
    [JobCd] => CAPTURE
    [action_status] => 3
    [pay_status] => 13
)
 from 24.13.221.123
2023/11/19 18:09:47 [/shop/user_data/pg_mulpay_recv.php] ******* receiveer data start ******* from 210.175.7.20
2023/11/19 18:09:47 [/shop/user_data/pg_mulpay_recv.php] Array
(
    [ShopID] => 9000034600950
    [ShopPass] => **********
    [AccessID] => 2ace18088e40399fc0adcfafcf234921
    [AccessPass] => ********************************
    [OrderID] => 955016-19180947
    [Status] => CAPTURE
    [JobCd] => CAPTURE
    [Amount] => 5430
    [Tax] => 0
    [Currency] => JPN
    [Forward] => 2S49631
    [Method] => 1
    [PayTimes] => 
    [TranID] => 2311191809602257210134152413
    [Approve] => 0084233
    [TranDate] => 20231119180947
    [ErrCode] => 
    [ErrInfo] => 
    [PayType] => 0
)
 from 210.175.7.20
2023/11/19 18:09:47 [/shop/user_data/pg_mulpay_recv.php] ******* receiveer data end ******* from 210.175.7.20
2023/11/19 18:09:52 [/shop/user_data/pg_mulpay_recv.php] update order status:1 order_id=955016 from 210.175.7.20
2023/11/19 18:09:52 [/shop/user_data/pg_mulpay_recv.php] pg_mulpay_recv.php set payment data:Array
(
    [ShopID] => 9000034600950
    [AccessID] => 2ace18088e40399fc0adcfafcf234921
    [OrderID] => 955016-19180947
    [Status] => CAPTURE
    [JobCd] => CAPTURE
    [Amount] => 5430
    [Tax] => 0
    [Currency] => JPN
    [Forward] => 2S49631
    [Method] => 1
    [PayTimes] => 
    [TranID] => 2311191809602257210134152413
    [Approve] => 0084233
    [TranDate] => 20231119180947
    [ErrCode] => 
    [ErrInfo] => 
    [PayType] => 0
    [CvsCode] => 
    [CvsConfNo] => 
    [CvsReceiptNo] => 
    [EdyReceiptNo] => 
    [EdyOrderNo] => 
    [SuicaReceiptNo] => 
    [SuicaOrderNo] => 
    [CustID] => 
    [BkCode] => 
    [ConfNo] => 
    [PaymentTerm] => 
    [EncryptReceiptNo] => 
    [FinishDate] => 
    [ReceiptDate] => 
    [WebMoneyManagementNo] => 
    [WebMoneySettleCode] => 
    [AuPayInfoNo] => 
    [AuPayMethod] => 
    [AuCancelAmount] => 
    [AuCancelTax] => 
    [DocomoSettlementCode] => 
    [DocomoCancelAmount] => 
    [DocomoCancelTax] => 
    [pay_status] => 13
)
 from 210.175.7.20
2023/11/19 18:09:52 [/shop/user_data/pg_mulpay_recv.php] response:true from 210.175.7.20
2023/11/19 18:25:29 [/shop/shopping/load_payment_module.php] SendRequest:https://p01.mul-pay.jp/payment/EntryTran.idPass from 147.161.194.106
2023/11/19 18:25:29 [/shop/shopping/load_payment_module.php] Array
(
    [ShopID] => 9000034600950
    [ShopPass] => ******
    [OrderID] => 955017-19182529
    [JobCd] => CAPTURE
    [Amount] => 5500
    [TdFlag] => 0
    [TdTenantName] => 
)
 from 147.161.194.106
2023/11/19 18:25:29 [/shop/shopping/load_payment_module.php] AccessID=2c63d12af278a4258a40a13f5ef799cc&AccessPass=7a6f11c614ad302b5333ea1e14b2b186 from 147.161.194.106
2023/11/19 18:25:29 [/shop/shopping/load_payment_module.php] Array
(
    [0] => Array
        (
            [AccessID] => 2c63d12af278a4258a40a13f5ef799cc
            [AccessPass] => 7a6f11c614ad302b5333ea1e14b2b186
        )

)
 from 147.161.194.106
2023/11/19 18:25:29 [/shop/shopping/load_payment_module.php] load_payment_module.php set payment data:Array
(
    [AccessID] => 2c63d12af278a4258a40a13f5ef799cc
    [AccessPass] => 7a6f11c614ad302b5333ea1e14b2b186
    [OrderID] => 955017-19182529
    [Amount] => 5500
    [JobCd] => CAPTURE
    [action_status] => 1
    [pay_status] => 0
)
 from 147.161.194.106
2023/11/19 18:25:29 [/shop/shopping/load_payment_module.php] SendRequest:https://p01.mul-pay.jp/payment/ExecTran.idPass from 147.161.194.106
2023/11/19 18:25:29 [/shop/shopping/load_payment_module.php] Array
(
    [AccessID] => 2c63d12af278a4258a40a13f5ef799cc
    [AccessPass] => 7a6f11c614ad302b5333ea1e14b2b186
    [OrderID] => 955017-19182529
    [Method] => 1
    [Token] => 833655f98f299d1a44c9a14112cd9b5243fdeee2dd3665f4043dc6db251bcc03
    [ClientField1] => 
    [ClientField2] => 
    [ClientField3] => EC-CUBE4.3.35
)
 from 147.161.194.106
2023/11/19 18:25:30 [/shop/shopping/load_payment_module.php] ACS=0&OrderID=955017-19182529&Forward=2959876&Method=1&PayTimes=&Approve=0025461&TranID=2311191825602257210134162454&TranDate=20231119182530&CheckString=50932f6e4fa37c4eafc437911c4e8943 from 147.161.194.106
2023/11/19 18:25:30 [/shop/shopping/load_payment_module.php] Array
(
    [0] => Array
        (
            [ACS] => 0
            [OrderID] => 955017-19182529
            [Forward] => 2959876
            [Method] => 1
            [PayTimes] => 
            [Approve] => 0025461
            [TranID] => 2311191825602257210134162454
            [TranDate] => 20231119182530
            [CheckString] => 50932f6e4fa37c4eafc437911c4e8943
        )

)
 from 147.161.194.106
2023/11/19 18:25:30 [/shop/shopping/load_payment_module.php] load_payment_module.php set payment data:Array
(
    [ACS] => 0
    [Forward] => 2959876
    [Method] => 1
    [PayTimes] => 
    [Approve] => 0025461
    [TranID] => 2311191825602257210134162454
    [TranDate] => 20231119182530
    [CheckString] => 50932f6e4fa37c4eafc437911c4e8943
    [Amount] => 5500
    [JobCd] => CAPTURE
    [action_status] => 3
    [pay_status] => 13
)
 from 147.161.194.106
2023/11/19 18:25:30 [/shop/user_data/pg_mulpay_recv.php] ******* receiveer data start ******* from 210.175.7.20
2023/11/19 18:25:30 [/shop/user_data/pg_mulpay_recv.php] Array
(
    [ShopID] => 9000034600950
    [ShopPass] => **********
    [AccessID] => 2c63d12af278a4258a40a13f5ef799cc
    [AccessPass] => ********************************
    [OrderID] => 955017-19182529
    [Status] => CAPTURE
    [JobCd] => CAPTURE
    [Amount] => 5500
    [Tax] => 0
    [Currency] => JPN
    [Forward] => 2959876
    [Method] => 1
    [PayTimes] => 
    [TranID] => 2311191825602257210134162454
    [Approve] => 0025461
    [TranDate] => 20231119182530
    [ErrCode] => 
    [ErrInfo] => 
    [PayType] => 0
)
 from 210.175.7.20
2023/11/19 18:25:30 [/shop/user_data/pg_mulpay_recv.php] ******* receiveer data end ******* from 210.175.7.20
2023/11/19 18:25:35 [/shop/user_data/pg_mulpay_recv.php] update order status:1 order_id=955017 from 210.175.7.20
2023/11/19 18:25:35 [/shop/user_data/pg_mulpay_recv.php] pg_mulpay_recv.php set payment data:Array
(
    [ShopID] => 9000034600950
    [AccessID] => 2c63d12af278a4258a40a13f5ef799cc
    [OrderID] => 955017-19182529
    [Status] => CAPTURE
    [JobCd] => CAPTURE
    [Amount] => 5500
    [Tax] => 0
    [Currency] => JPN
    [Forward] => 2959876
    [Method] => 1
    [PayTimes] => 
    [TranID] => 2311191825602257210134162454
    [Approve] => 0025461
    [TranDate] => 20231119182530
    [ErrCode] => 
    [ErrInfo] => 
    [PayType] => 0
    [CvsCode] => 
    [CvsConfNo] => 
    [CvsReceiptNo] => 
    [EdyReceiptNo] => 
    [EdyOrderNo] => 
    [SuicaReceiptNo] => 
    [SuicaOrderNo] => 
    [CustID] => 
    [BkCode] => 
    [ConfNo] => 
    [PaymentTerm] => 
    [EncryptReceiptNo] => 
    [FinishDate] => 
    [ReceiptDate] => 
    [WebMoneyManagementNo] => 
    [WebMoneySettleCode] => 
    [AuPayInfoNo] => 
    [AuPayMethod] => 
    [AuCancelAmount] => 
    [AuCancelTax] => 
    [DocomoSettlementCode] => 
    [DocomoCancelAmount] => 
    [DocomoCancelTax] => 
    [pay_status] => 13
)
 from 210.175.7.20
2023/11/19 18:25:35 [/shop/user_data/pg_mulpay_recv.php] response:true from 210.175.7.20
2023/11/19 23:15:38 [/shop/shopping/load_payment_module.php] SendRequest:https://p01.mul-pay.jp/payment/EntryTran.idPass from 194.180.179.173
2023/11/19 23:15:38 [/shop/shopping/load_payment_module.php] Array
(
    [ShopID] => 9000034600950
    [ShopPass] => ******
    [OrderID] => 955018-19231538
    [JobCd] => CAPTURE
    [Amount] => 5160
    [TdFlag] => 0
    [TdTenantName] => 
)
 from 194.180.179.173
2023/11/19 23:15:38 [/shop/shopping/load_payment_module.php] AccessID=e526684d30523da48ff9cf4de4bc17d0&AccessPass=4f5cf2b083d61f7b0c541967a0a82e3e from 194.180.179.173
2023/11/19 23:15:38 [/shop/shopping/load_payment_module.php] Array
(
    [0] => Array
        (
            [AccessID] => e526684d30523da48ff9cf4de4bc17d0
            [AccessPass] => 4f5cf2b083d61f7b0c541967a0a82e3e
        )

)
 from 194.180.179.173
2023/11/19 23:15:38 [/shop/shopping/load_payment_module.php] load_payment_module.php set payment data:Array
(
    [AccessID] => e526684d30523da48ff9cf4de4bc17d0
    [AccessPass] => 4f5cf2b083d61f7b0c541967a0a82e3e
    [OrderID] => 955018-19231538
    [Amount] => 5160
    [JobCd] => CAPTURE
    [action_status] => 1
    [pay_status] => 0
)
 from 194.180.179.173
2023/11/19 23:15:38 [/shop/shopping/load_payment_module.php] SendRequest:https://p01.mul-pay.jp/payment/ExecTran.idPass from 194.180.179.173
2023/11/19 23:15:38 [/shop/shopping/load_payment_module.php] Array
(
    [AccessID] => e526684d30523da48ff9cf4de4bc17d0
    [AccessPass] => 4f5cf2b083d61f7b0c541967a0a82e3e
    [OrderID] => 955018-19231538
    [Method] => 1
    [Token] => 81194e550d144de3661f59291718a258be960a63417d5adbc57ea81a5100d6ac
    [ClientField1] => 
    [ClientField2] => 
    [ClientField3] => EC-CUBE4.3.35
)
 from 194.180.179.173
2023/11/19 23:15:39 [/shop/shopping/load_payment_module.php] ACS=0&OrderID=955018-19231538&Forward=2959876&Method=1&PayTimes=&Approve=0583161&TranID=2311192315602257210134182416&TranDate=20231119231539&CheckString=05050bd2564cbf6579331e9bde93a255 from 194.180.179.173
2023/11/19 23:15:39 [/shop/shopping/load_payment_module.php] Array
(
    [0] => Array
        (
            [ACS] => 0
            [OrderID] => 955018-19231538
            [Forward] => 2959876
            [Method] => 1
            [PayTimes] => 
            [Approve] => 0583161
            [TranID] => 2311192315602257210134182416
            [TranDate] => 20231119231539
            [CheckString] => 05050bd2564cbf6579331e9bde93a255
        )

)
 from 194.180.179.173
2023/11/19 23:15:39 [/shop/shopping/load_payment_module.php] load_payment_module.php set payment data:Array
(
    [ACS] => 0
    [Forward] => 2959876
    [Method] => 1
    [PayTimes] => 
    [Approve] => 0583161
    [TranID] => 2311192315602257210134182416
    [TranDate] => 20231119231539
    [CheckString] => 05050bd2564cbf6579331e9bde93a255
    [Amount] => 5160
    [JobCd] => CAPTURE
    [action_status] => 3
    [pay_status] => 13
)
 from 194.180.179.173
2023/11/19 23:15:39 [/shop/user_data/pg_mulpay_recv.php] ******* receiveer data start ******* from 210.175.7.20
2023/11/19 23:15:39 [/shop/user_data/pg_mulpay_recv.php] Array
(
    [ShopID] => 9000034600950
    [ShopPass] => **********
    [AccessID] => e526684d30523da48ff9cf4de4bc17d0
    [AccessPass] => ********************************
    [OrderID] => 955018-19231538
    [Status] => CAPTURE
    [JobCd] => CAPTURE
    [Amount] => 5160
    [Tax] => 0
    [Currency] => JPN
    [Forward] => 2959876
    [Method] => 1
    [PayTimes] => 
    [TranID] => 2311192315602257210134182416
    [Approve] => 0583161
    [TranDate] => 20231119231539
    [ErrCode] => 
    [ErrInfo] => 
    [PayType] => 0
)
 from 210.175.7.20
2023/11/19 23:15:39 [/shop/user_data/pg_mulpay_recv.php] ******* receiveer data end ******* from 210.175.7.20
2023/11/19 23:15:44 [/shop/user_data/pg_mulpay_recv.php] update order status:1 order_id=955018 from 210.175.7.20
2023/11/19 23:15:44 [/shop/user_data/pg_mulpay_recv.php] pg_mulpay_recv.php set payment data:Array
(
    [ShopID] => 9000034600950
    [AccessID] => e526684d30523da48ff9cf4de4bc17d0
    [OrderID] => 955018-19231538
    [Status] => CAPTURE
    [JobCd] => CAPTURE
    [Amount] => 5160
    [Tax] => 0
    [Currency] => JPN
    [Forward] => 2959876
    [Method] => 1
    [PayTimes] => 
    [TranID] => 2311192315602257210134182416
    [Approve] => 0583161
    [TranDate] => 20231119231539
    [ErrCode] => 
    [ErrInfo] => 
    [PayType] => 0
    [CvsCode] => 
    [CvsConfNo] => 
    [CvsReceiptNo] => 
    [EdyReceiptNo] => 
    [EdyOrderNo] => 
    [SuicaReceiptNo] => 
    [SuicaOrderNo] => 
    [CustID] => 
    [BkCode] => 
    [ConfNo] => 
    [PaymentTerm] => 
    [EncryptReceiptNo] => 
    [FinishDate] => 
    [ReceiptDate] => 
    [WebMoneyManagementNo] => 
    [WebMoneySettleCode] => 
    [AuPayInfoNo] => 
    [AuPayMethod] => 
    [AuCancelAmount] => 
    [AuCancelTax] => 
    [DocomoSettlementCode] => 
    [DocomoCancelAmount] => 
    [DocomoCancelTax] => 
    [pay_status] => 13
)
 from 210.175.7.20
2023/11/19 23:15:44 [/shop/user_data/pg_mulpay_recv.php] response:true from 210.175.7.20
