2020/08/19 10:48:01 [/shop/shopping/load_payment_module.php] SendRequest:https://p01.mul-pay.jp/payment/SearchMember.idPass from 126.147.184.192
2020/08/19 10:48:01 [/shop/shopping/load_payment_module.php] Array
(
    [SiteID] => mst0000007602
    [SitePass] => ******
    [MemberID] => 3060
)
 from 126.147.184.192
2020/08/19 10:48:01 [/shop/shopping/load_payment_module.php] ErrCode=E01&ErrInfo=E01390002 from 126.147.184.192
2020/08/19 10:48:01 [/shop/shopping/load_payment_module.php] Array
(
    [0] => Array
        (
            [ErrCode] => E01
            [ErrInfo] => E01390002
        )

)
 from 126.147.184.192
2020/08/19 10:48:01 [/shop/shopping/load_payment_module.php] SendRequest:https://p01.mul-pay.jp/payment/SearchCard.idPass from 126.147.184.192
2020/08/19 10:48:01 [/shop/shopping/load_payment_module.php] Array
(
    [SiteID] => mst0000007602
    [SitePass] => ******
    [MemberID] => 3060
)
 from 126.147.184.192
2020/08/19 10:48:01 [/shop/shopping/load_payment_module.php] ErrCode=E01|E01&ErrInfo=E01390002|E01240002 from 126.147.184.192
2020/08/19 10:48:01 [/shop/shopping/load_payment_module.php] Array
(
    [0] => Array
        (
            [ErrCode] => E01
            [ErrInfo] => E01390002
        )

    [1] => Array
        (
            [ErrCode] => E01
            [ErrInfo] => E01240002
        )

)
 from 126.147.184.192
2020/08/19 10:49:28 [/shop/shopping/load_payment_module.php] SendRequest:https://p01.mul-pay.jp/payment/SearchMember.idPass from 126.147.184.192
2020/08/19 10:49:28 [/shop/shopping/load_payment_module.php] Array
(
    [SiteID] => mst0000007602
    [SitePass] => ******
    [MemberID] => 3060
)
 from 126.147.184.192
2020/08/19 10:49:29 [/shop/shopping/load_payment_module.php] ErrCode=E01&ErrInfo=E01390002 from 126.147.184.192
2020/08/19 10:49:29 [/shop/shopping/load_payment_module.php] Array
(
    [0] => Array
        (
            [ErrCode] => E01
            [ErrInfo] => E01390002
        )

)
 from 126.147.184.192
2020/08/19 10:49:29 [/shop/shopping/load_payment_module.php] SendRequest:https://p01.mul-pay.jp/payment/SearchCard.idPass from 126.147.184.192
2020/08/19 10:49:29 [/shop/shopping/load_payment_module.php] Array
(
    [SiteID] => mst0000007602
    [SitePass] => ******
    [MemberID] => 3060
)
 from 126.147.184.192
2020/08/19 10:49:29 [/shop/shopping/load_payment_module.php] ErrCode=E01|E01&ErrInfo=E01390002|E01240002 from 126.147.184.192
2020/08/19 10:49:29 [/shop/shopping/load_payment_module.php] Array
(
    [0] => Array
        (
            [ErrCode] => E01
            [ErrInfo] => E01390002
        )

    [1] => Array
        (
            [ErrCode] => E01
            [ErrInfo] => E01240002
        )

)
 from 126.147.184.192
2020/08/19 10:49:29 [/shop/shopping/load_payment_module.php] SendRequest:https://p01.mul-pay.jp/payment/EntryTran.idPass from 126.147.184.192
2020/08/19 10:49:29 [/shop/shopping/load_payment_module.php] Array
(
    [ShopID] => 9000034600950
    [ShopPass] => ******
    [OrderID] => 944498-19104929
    [JobCd] => CAPTURE
    [Amount] => 17306
    [TdFlag] => 0
    [TdTenantName] => 
)
 from 126.147.184.192
2020/08/19 10:49:29 [/shop/shopping/load_payment_module.php] AccessID=6beec904d757de9172df4fe8ccd54da8&AccessPass=0ff4ca46b300d5d4b4cda5b16a3b9796 from 126.147.184.192
2020/08/19 10:49:29 [/shop/shopping/load_payment_module.php] Array
(
    [0] => Array
        (
            [AccessID] => 6beec904d757de9172df4fe8ccd54da8
            [AccessPass] => 0ff4ca46b300d5d4b4cda5b16a3b9796
        )

)
 from 126.147.184.192
2020/08/19 10:49:29 [/shop/shopping/load_payment_module.php] load_payment_module.php set payment data:Array
(
    [AccessID] => 6beec904d757de9172df4fe8ccd54da8
    [AccessPass] => 0ff4ca46b300d5d4b4cda5b16a3b9796
    [OrderID] => 944498-19104929
    [Amount] => 17306
    [JobCd] => CAPTURE
    [action_status] => 1
    [pay_status] => 0
)
 from 126.147.184.192
2020/08/19 10:49:29 [/shop/shopping/load_payment_module.php] SendRequest:https://p01.mul-pay.jp/payment/ExecTran.idPass from 126.147.184.192
2020/08/19 10:49:29 [/shop/shopping/load_payment_module.php] Array
(
    [AccessID] => 6beec904d757de9172df4fe8ccd54da8
    [AccessPass] => 0ff4ca46b300d5d4b4cda5b16a3b9796
    [OrderID] => 944498-19104929
    [Method] => 1
    [Token] => ade391a3b9a50063b7e8288d6018b427a631584e830023c7d1cecbd1d1e6aeb0
    [ClientField1] => 
    [ClientField2] => 
    [ClientField3] => EC-CUBE4.3.24
)
 from 126.147.184.192
2020/08/19 10:49:30 [/shop/shopping/load_payment_module.php] ACS=0&OrderID=944498-19104929&Forward=2S49631&Method=1&PayTimes=&Approve=0005488&TranID=2008191049602257210134123569&TranDate=20200819104930&CheckString=7413bcd68968dae8dfc83d731c376031 from 126.147.184.192
2020/08/19 10:49:30 [/shop/shopping/load_payment_module.php] Array
(
    [0] => Array
        (
            [ACS] => 0
            [OrderID] => 944498-19104929
            [Forward] => 2S49631
            [Method] => 1
            [PayTimes] => 
            [Approve] => 0005488
            [TranID] => 2008191049602257210134123569
            [TranDate] => 20200819104930
            [CheckString] => 7413bcd68968dae8dfc83d731c376031
        )

)
 from 126.147.184.192
2020/08/19 10:49:30 [/shop/shopping/load_payment_module.php] load_payment_module.php set payment data:Array
(
    [ACS] => 0
    [Forward] => 2S49631
    [Method] => 1
    [PayTimes] => 
    [Approve] => 0005488
    [TranID] => 2008191049602257210134123569
    [TranDate] => 20200819104930
    [CheckString] => 7413bcd68968dae8dfc83d731c376031
    [Amount] => 17306
    [JobCd] => CAPTURE
    [action_status] => 3
    [pay_status] => 13
)
 from 126.147.184.192
2020/08/19 10:49:31 [/shop/user_data/pg_mulpay_recv.php] ******* receiveer data start ******* from 210.175.7.20
2020/08/19 10:49:31 [/shop/user_data/pg_mulpay_recv.php] Array
(
    [ShopID] => 9000034600950
    [ShopPass] => **********
    [AccessID] => 6beec904d757de9172df4fe8ccd54da8
    [AccessPass] => ********************************
    [OrderID] => 944498-19104929
    [Status] => CAPTURE
    [JobCd] => CAPTURE
    [Amount] => 17306
    [Tax] => 0
    [Currency] => JPN
    [Forward] => 2S49631
    [Method] => 1
    [PayTimes] => 
    [TranID] => 2008191049602257210134123569
    [Approve] => 0005488
    [TranDate] => 20200819104930
    [ErrCode] => 
    [ErrInfo] => 
    [PayType] => 0
)
 from 210.175.7.20
2020/08/19 10:49:31 [/shop/user_data/pg_mulpay_recv.php] ******* receiveer data end ******* from 210.175.7.20
2020/08/19 10:49:36 [/shop/user_data/pg_mulpay_recv.php] update order status:1 order_id=944498 from 210.175.7.20
2020/08/19 10:49:36 [/shop/user_data/pg_mulpay_recv.php] pg_mulpay_recv.php set payment data:Array
(
    [ShopID] => 9000034600950
    [AccessID] => 6beec904d757de9172df4fe8ccd54da8
    [OrderID] => 944498-19104929
    [Status] => CAPTURE
    [JobCd] => CAPTURE
    [Amount] => 17306
    [Tax] => 0
    [Currency] => JPN
    [Forward] => 2S49631
    [Method] => 1
    [PayTimes] => 
    [TranID] => 2008191049602257210134123569
    [Approve] => 0005488
    [TranDate] => 20200819104930
    [ErrCode] => 
    [ErrInfo] => 
    [PayType] => 0
    [CvsCode] => 
    [CvsConfNo] => 
    [CvsReceiptNo] => 
    [EdyReceiptNo] => 
    [EdyOrderNo] => 
    [SuicaReceiptNo] => 
    [SuicaOrderNo] => 
    [CustID] => 
    [BkCode] => 
    [ConfNo] => 
    [PaymentTerm] => 
    [EncryptReceiptNo] => 
    [FinishDate] => 
    [ReceiptDate] => 
    [WebMoneyManagementNo] => 
    [WebMoneySettleCode] => 
    [AuPayInfoNo] => 
    [AuPayMethod] => 
    [AuCancelAmount] => 
    [AuCancelTax] => 
    [DocomoSettlementCode] => 
    [DocomoCancelAmount] => 
    [DocomoCancelTax] => 
    [pay_status] => 13
)
 from 210.175.7.20
2020/08/19 10:49:36 [/shop/user_data/pg_mulpay_recv.php] response:true from 210.175.7.20
2020/08/19 10:52:44 [/shop/shopping/load_payment_module.php] SendRequest:https://p01.mul-pay.jp/payment/SearchMember.idPass from 126.147.184.192
2020/08/19 10:52:44 [/shop/shopping/load_payment_module.php] Array
(
    [SiteID] => mst0000007602
    [SitePass] => ******
    [MemberID] => 3060
)
 from 126.147.184.192
2020/08/19 10:52:44 [/shop/shopping/load_payment_module.php] ErrCode=E01&ErrInfo=E01390002 from 126.147.184.192
2020/08/19 10:52:44 [/shop/shopping/load_payment_module.php] Array
(
    [0] => Array
        (
            [ErrCode] => E01
            [ErrInfo] => E01390002
        )

)
 from 126.147.184.192
2020/08/19 10:52:44 [/shop/shopping/load_payment_module.php] SendRequest:https://p01.mul-pay.jp/payment/SearchCard.idPass from 126.147.184.192
2020/08/19 10:52:44 [/shop/shopping/load_payment_module.php] Array
(
    [SiteID] => mst0000007602
    [SitePass] => ******
    [MemberID] => 3060
)
 from 126.147.184.192
2020/08/19 10:52:45 [/shop/shopping/load_payment_module.php] ErrCode=E01|E01&ErrInfo=E01390002|E01240002 from 126.147.184.192
2020/08/19 10:52:45 [/shop/shopping/load_payment_module.php] Array
(
    [0] => Array
        (
            [ErrCode] => E01
            [ErrInfo] => E01390002
        )

    [1] => Array
        (
            [ErrCode] => E01
            [ErrInfo] => E01240002
        )

)
 from 126.147.184.192
2020/08/19 10:53:20 [/shop/shopping/load_payment_module.php] SendRequest:https://p01.mul-pay.jp/payment/SearchMember.idPass from 126.147.184.192
2020/08/19 10:53:20 [/shop/shopping/load_payment_module.php] Array
(
    [SiteID] => mst0000007602
    [SitePass] => ******
    [MemberID] => 3060
)
 from 126.147.184.192
2020/08/19 10:53:20 [/shop/shopping/load_payment_module.php] ErrCode=E01&ErrInfo=E01390002 from 126.147.184.192
2020/08/19 10:53:20 [/shop/shopping/load_payment_module.php] Array
(
    [0] => Array
        (
            [ErrCode] => E01
            [ErrInfo] => E01390002
        )

)
 from 126.147.184.192
2020/08/19 10:53:20 [/shop/shopping/load_payment_module.php] SendRequest:https://p01.mul-pay.jp/payment/SearchCard.idPass from 126.147.184.192
2020/08/19 10:53:20 [/shop/shopping/load_payment_module.php] Array
(
    [SiteID] => mst0000007602
    [SitePass] => ******
    [MemberID] => 3060
)
 from 126.147.184.192
2020/08/19 10:53:20 [/shop/shopping/load_payment_module.php] ErrCode=E01|E01&ErrInfo=E01390002|E01240002 from 126.147.184.192
2020/08/19 10:53:20 [/shop/shopping/load_payment_module.php] Array
(
    [0] => Array
        (
            [ErrCode] => E01
            [ErrInfo] => E01390002
        )

    [1] => Array
        (
            [ErrCode] => E01
            [ErrInfo] => E01240002
        )

)
 from 126.147.184.192
2020/08/19 10:53:20 [/shop/shopping/load_payment_module.php] SendRequest:https://p01.mul-pay.jp/payment/EntryTran.idPass from 126.147.184.192
2020/08/19 10:53:20 [/shop/shopping/load_payment_module.php] Array
(
    [ShopID] => 9000034600950
    [ShopPass] => ******
    [OrderID] => 944499-19105320
    [JobCd] => CAPTURE
    [Amount] => 8850
    [TdFlag] => 0
    [TdTenantName] => 
)
 from 126.147.184.192
2020/08/19 10:53:20 [/shop/shopping/load_payment_module.php] AccessID=c3a232de5e299abd974600b46eb176f3&AccessPass=a09f911a40dc22fd39876a3eee405b2b from 126.147.184.192
2020/08/19 10:53:20 [/shop/shopping/load_payment_module.php] Array
(
    [0] => Array
        (
            [AccessID] => c3a232de5e299abd974600b46eb176f3
            [AccessPass] => a09f911a40dc22fd39876a3eee405b2b
        )

)
 from 126.147.184.192
2020/08/19 10:53:20 [/shop/shopping/load_payment_module.php] load_payment_module.php set payment data:Array
(
    [AccessID] => c3a232de5e299abd974600b46eb176f3
    [AccessPass] => a09f911a40dc22fd39876a3eee405b2b
    [OrderID] => 944499-19105320
    [Amount] => 8850
    [JobCd] => CAPTURE
    [action_status] => 1
    [pay_status] => 0
)
 from 126.147.184.192
2020/08/19 10:53:21 [/shop/shopping/load_payment_module.php] SendRequest:https://p01.mul-pay.jp/payment/ExecTran.idPass from 126.147.184.192
2020/08/19 10:53:21 [/shop/shopping/load_payment_module.php] Array
(
    [AccessID] => c3a232de5e299abd974600b46eb176f3
    [AccessPass] => a09f911a40dc22fd39876a3eee405b2b
    [OrderID] => 944499-19105320
    [Method] => 1
    [Token] => 1af9cd0ba1870f4fcdc7d0994df1bc809fcb368d6fe02e9cde68330bddd48d80
    [ClientField1] => 
    [ClientField2] => 
    [ClientField3] => EC-CUBE4.3.24
)
 from 126.147.184.192
2020/08/19 10:53:22 [/shop/shopping/load_payment_module.php] ACS=0&OrderID=944499-19105320&Forward=2S49631&Method=1&PayTimes=&Approve=0001125&TranID=2008191053602257210134133228&TranDate=20200819105322&CheckString=deb1347e1fff0c8a202494f673d5173c from 126.147.184.192
2020/08/19 10:53:22 [/shop/shopping/load_payment_module.php] Array
(
    [0] => Array
        (
            [ACS] => 0
            [OrderID] => 944499-19105320
            [Forward] => 2S49631
            [Method] => 1
            [PayTimes] => 
            [Approve] => 0001125
            [TranID] => 2008191053602257210134133228
            [TranDate] => 20200819105322
            [CheckString] => deb1347e1fff0c8a202494f673d5173c
        )

)
 from 126.147.184.192
2020/08/19 10:53:22 [/shop/shopping/load_payment_module.php] load_payment_module.php set payment data:Array
(
    [ACS] => 0
    [Forward] => 2S49631
    [Method] => 1
    [PayTimes] => 
    [Approve] => 0001125
    [TranID] => 2008191053602257210134133228
    [TranDate] => 20200819105322
    [CheckString] => deb1347e1fff0c8a202494f673d5173c
    [Amount] => 8850
    [JobCd] => CAPTURE
    [action_status] => 3
    [pay_status] => 13
)
 from 126.147.184.192
2020/08/19 10:53:22 [/shop/user_data/pg_mulpay_recv.php] ******* receiveer data start ******* from 210.175.7.20
2020/08/19 10:53:22 [/shop/user_data/pg_mulpay_recv.php] Array
(
    [ShopID] => 9000034600950
    [ShopPass] => **********
    [AccessID] => c3a232de5e299abd974600b46eb176f3
    [AccessPass] => ********************************
    [OrderID] => 944499-19105320
    [Status] => CAPTURE
    [JobCd] => CAPTURE
    [Amount] => 8850
    [Tax] => 0
    [Currency] => JPN
    [Forward] => 2S49631
    [Method] => 1
    [PayTimes] => 
    [TranID] => 2008191053602257210134133228
    [Approve] => 0001125
    [TranDate] => 20200819105322
    [ErrCode] => 
    [ErrInfo] => 
    [PayType] => 0
)
 from 210.175.7.20
2020/08/19 10:53:22 [/shop/user_data/pg_mulpay_recv.php] ******* receiveer data end ******* from 210.175.7.20
2020/08/19 10:53:27 [/shop/user_data/pg_mulpay_recv.php] update order status:1 order_id=944499 from 210.175.7.20
2020/08/19 10:53:27 [/shop/user_data/pg_mulpay_recv.php] pg_mulpay_recv.php set payment data:Array
(
    [ShopID] => 9000034600950
    [AccessID] => c3a232de5e299abd974600b46eb176f3
    [OrderID] => 944499-19105320
    [Status] => CAPTURE
    [JobCd] => CAPTURE
    [Amount] => 8850
    [Tax] => 0
    [Currency] => JPN
    [Forward] => 2S49631
    [Method] => 1
    [PayTimes] => 
    [TranID] => 2008191053602257210134133228
    [Approve] => 0001125
    [TranDate] => 20200819105322
    [ErrCode] => 
    [ErrInfo] => 
    [PayType] => 0
    [CvsCode] => 
    [CvsConfNo] => 
    [CvsReceiptNo] => 
    [EdyReceiptNo] => 
    [EdyOrderNo] => 
    [SuicaReceiptNo] => 
    [SuicaOrderNo] => 
    [CustID] => 
    [BkCode] => 
    [ConfNo] => 
    [PaymentTerm] => 
    [EncryptReceiptNo] => 
    [FinishDate] => 
    [ReceiptDate] => 
    [WebMoneyManagementNo] => 
    [WebMoneySettleCode] => 
    [AuPayInfoNo] => 
    [AuPayMethod] => 
    [AuCancelAmount] => 
    [AuCancelTax] => 
    [DocomoSettlementCode] => 
    [DocomoCancelAmount] => 
    [DocomoCancelTax] => 
    [pay_status] => 13
)
 from 210.175.7.20
2020/08/19 10:53:27 [/shop/user_data/pg_mulpay_recv.php] response:true from 210.175.7.20
2020/08/19 23:53:15 [/shop/shopping/load_payment_module.php] SendRequest:https://p01.mul-pay.jp/payment/SearchMember.idPass from 126.215.247.139
2020/08/19 23:53:15 [/shop/shopping/load_payment_module.php] Array
(
    [SiteID] => mst0000007602
    [SitePass] => ******
    [MemberID] => 10404
)
 from 126.215.247.139
2020/08/19 23:53:15 [/shop/shopping/load_payment_module.php] ErrCode=E01&ErrInfo=E01390002 from 126.215.247.139
2020/08/19 23:53:15 [/shop/shopping/load_payment_module.php] Array
(
    [0] => Array
        (
            [ErrCode] => E01
            [ErrInfo] => E01390002
        )

)
 from 126.215.247.139
2020/08/19 23:53:15 [/shop/shopping/load_payment_module.php] SendRequest:https://p01.mul-pay.jp/payment/SearchCard.idPass from 126.215.247.139
2020/08/19 23:53:15 [/shop/shopping/load_payment_module.php] Array
(
    [SiteID] => mst0000007602
    [SitePass] => ******
    [MemberID] => 10404
)
 from 126.215.247.139
2020/08/19 23:53:16 [/shop/shopping/load_payment_module.php] ErrCode=E01|E01&ErrInfo=E01390002|E01240002 from 126.215.247.139
2020/08/19 23:53:16 [/shop/shopping/load_payment_module.php] Array
(
    [0] => Array
        (
            [ErrCode] => E01
            [ErrInfo] => E01390002
        )

    [1] => Array
        (
            [ErrCode] => E01
            [ErrInfo] => E01240002
        )

)
 from 126.215.247.139
2020/08/19 23:54:02 [/shop/shopping/load_payment_module.php] SendRequest:https://p01.mul-pay.jp/payment/SearchMember.idPass from 126.215.247.139
2020/08/19 23:54:02 [/shop/shopping/load_payment_module.php] Array
(
    [SiteID] => mst0000007602
    [SitePass] => ******
    [MemberID] => 10404
)
 from 126.215.247.139
2020/08/19 23:54:02 [/shop/shopping/load_payment_module.php] ErrCode=E01&ErrInfo=E01390002 from 126.215.247.139
2020/08/19 23:54:02 [/shop/shopping/load_payment_module.php] Array
(
    [0] => Array
        (
            [ErrCode] => E01
            [ErrInfo] => E01390002
        )

)
 from 126.215.247.139
2020/08/19 23:54:02 [/shop/shopping/load_payment_module.php] SendRequest:https://p01.mul-pay.jp/payment/SearchCard.idPass from 126.215.247.139
2020/08/19 23:54:02 [/shop/shopping/load_payment_module.php] Array
(
    [SiteID] => mst0000007602
    [SitePass] => ******
    [MemberID] => 10404
)
 from 126.215.247.139
2020/08/19 23:54:02 [/shop/shopping/load_payment_module.php] ErrCode=E01|E01&ErrInfo=E01390002|E01240002 from 126.215.247.139
2020/08/19 23:54:02 [/shop/shopping/load_payment_module.php] Array
(
    [0] => Array
        (
            [ErrCode] => E01
            [ErrInfo] => E01390002
        )

    [1] => Array
        (
            [ErrCode] => E01
            [ErrInfo] => E01240002
        )

)
 from 126.215.247.139
2020/08/19 23:54:02 [/shop/shopping/load_payment_module.php] SendRequest:https://p01.mul-pay.jp/payment/EntryTran.idPass from 126.215.247.139
2020/08/19 23:54:02 [/shop/shopping/load_payment_module.php] Array
(
    [ShopID] => 9000034600950
    [ShopPass] => ******
    [OrderID] => 944500-19235402
    [JobCd] => CAPTURE
    [Amount] => 9950
    [TdFlag] => 0
    [TdTenantName] => 
)
 from 126.215.247.139
2020/08/19 23:54:02 [/shop/shopping/load_payment_module.php] AccessID=b3efc6620a7bb8d1c3256a34517a86b9&AccessPass=6416563544416aaa8142749f544fd22e from 126.215.247.139
2020/08/19 23:54:02 [/shop/shopping/load_payment_module.php] Array
(
    [0] => Array
        (
            [AccessID] => b3efc6620a7bb8d1c3256a34517a86b9
            [AccessPass] => 6416563544416aaa8142749f544fd22e
        )

)
 from 126.215.247.139
2020/08/19 23:54:02 [/shop/shopping/load_payment_module.php] load_payment_module.php set payment data:Array
(
    [AccessID] => b3efc6620a7bb8d1c3256a34517a86b9
    [AccessPass] => 6416563544416aaa8142749f544fd22e
    [OrderID] => 944500-19235402
    [Amount] => 9950
    [JobCd] => CAPTURE
    [action_status] => 1
    [pay_status] => 0
)
 from 126.215.247.139
2020/08/19 23:54:02 [/shop/shopping/load_payment_module.php] SendRequest:https://p01.mul-pay.jp/payment/ExecTran.idPass from 126.215.247.139
2020/08/19 23:54:02 [/shop/shopping/load_payment_module.php] Array
(
    [AccessID] => b3efc6620a7bb8d1c3256a34517a86b9
    [AccessPass] => 6416563544416aaa8142749f544fd22e
    [OrderID] => 944500-19235402
    [Method] => 1
    [Token] => d821ac9857ed77529e4e53eddbc31bee4868b619dd813cb97a1ea11839a9670c
    [ClientField1] => 
    [ClientField2] => 
    [ClientField3] => EC-CUBE4.3.24
)
 from 126.215.247.139
2020/08/19 23:54:04 [/shop/shopping/load_payment_module.php] ACS=0&OrderID=944500-19235402&Forward=2S49631&Method=1&PayTimes=&Approve=0035487&TranID=2008192354602257210134113499&TranDate=20200819235404&CheckString=1950b438a8fff2fb575fa0414dfbf205 from 126.215.247.139
2020/08/19 23:54:04 [/shop/shopping/load_payment_module.php] Array
(
    [0] => Array
        (
            [ACS] => 0
            [OrderID] => 944500-19235402
            [Forward] => 2S49631
            [Method] => 1
            [PayTimes] => 
            [Approve] => 0035487
            [TranID] => 2008192354602257210134113499
            [TranDate] => 20200819235404
            [CheckString] => 1950b438a8fff2fb575fa0414dfbf205
        )

)
 from 126.215.247.139
2020/08/19 23:54:04 [/shop/shopping/load_payment_module.php] load_payment_module.php set payment data:Array
(
    [ACS] => 0
    [Forward] => 2S49631
    [Method] => 1
    [PayTimes] => 
    [Approve] => 0035487
    [TranID] => 2008192354602257210134113499
    [TranDate] => 20200819235404
    [CheckString] => 1950b438a8fff2fb575fa0414dfbf205
    [Amount] => 9950
    [JobCd] => CAPTURE
    [action_status] => 3
    [pay_status] => 13
)
 from 126.215.247.139
2020/08/19 23:54:04 [/shop/user_data/pg_mulpay_recv.php] ******* receiveer data start ******* from 210.175.7.20
2020/08/19 23:54:04 [/shop/user_data/pg_mulpay_recv.php] Array
(
    [ShopID] => 9000034600950
    [ShopPass] => **********
    [AccessID] => b3efc6620a7bb8d1c3256a34517a86b9
    [AccessPass] => ********************************
    [OrderID] => 944500-19235402
    [Status] => CAPTURE
    [JobCd] => CAPTURE
    [Amount] => 9950
    [Tax] => 0
    [Currency] => JPN
    [Forward] => 2S49631
    [Method] => 1
    [PayTimes] => 
    [TranID] => 2008192354602257210134113499
    [Approve] => 0035487
    [TranDate] => 20200819235404
    [ErrCode] => 
    [ErrInfo] => 
    [PayType] => 0
)
 from 210.175.7.20
2020/08/19 23:54:04 [/shop/user_data/pg_mulpay_recv.php] ******* receiveer data end ******* from 210.175.7.20
2020/08/19 23:54:09 [/shop/user_data/pg_mulpay_recv.php] update order status:1 order_id=944500 from 210.175.7.20
2020/08/19 23:54:09 [/shop/user_data/pg_mulpay_recv.php] pg_mulpay_recv.php set payment data:Array
(
    [ShopID] => 9000034600950
    [AccessID] => b3efc6620a7bb8d1c3256a34517a86b9
    [OrderID] => 944500-19235402
    [Status] => CAPTURE
    [JobCd] => CAPTURE
    [Amount] => 9950
    [Tax] => 0
    [Currency] => JPN
    [Forward] => 2S49631
    [Method] => 1
    [PayTimes] => 
    [TranID] => 2008192354602257210134113499
    [Approve] => 0035487
    [TranDate] => 20200819235404
    [ErrCode] => 
    [ErrInfo] => 
    [PayType] => 0
    [CvsCode] => 
    [CvsConfNo] => 
    [CvsReceiptNo] => 
    [EdyReceiptNo] => 
    [EdyOrderNo] => 
    [SuicaReceiptNo] => 
    [SuicaOrderNo] => 
    [CustID] => 
    [BkCode] => 
    [ConfNo] => 
    [PaymentTerm] => 
    [EncryptReceiptNo] => 
    [FinishDate] => 
    [ReceiptDate] => 
    [WebMoneyManagementNo] => 
    [WebMoneySettleCode] => 
    [AuPayInfoNo] => 
    [AuPayMethod] => 
    [AuCancelAmount] => 
    [AuCancelTax] => 
    [DocomoSettlementCode] => 
    [DocomoCancelAmount] => 
    [DocomoCancelTax] => 
    [pay_status] => 13
)
 from 210.175.7.20
2020/08/19 23:54:09 [/shop/user_data/pg_mulpay_recv.php] response:true from 210.175.7.20
