2025/01/20 01:25:57 [/shop/shopping/load_payment_module.php] SendRequest:https://p01.mul-pay.jp/payment/SearchMember.idPass from 170.85.7.89
2025/01/20 01:25:57 [/shop/shopping/load_payment_module.php] Array
(
    [SiteID] => mst0000007602
    [SitePass] => ******
    [MemberID] => 13140
)
 from 170.85.7.89
2025/01/20 01:25:57 [/shop/shopping/load_payment_module.php] ErrCode=E01&ErrInfo=E01390002 from 170.85.7.89
2025/01/20 01:25:57 [/shop/shopping/load_payment_module.php] Array
(
    [0] => Array
        (
            [ErrCode] => E01
            [ErrInfo] => E01390002
        )

)
 from 170.85.7.89
2025/01/20 01:25:57 [/shop/shopping/load_payment_module.php] SendRequest:https://p01.mul-pay.jp/payment/SearchCard.idPass from 170.85.7.89
2025/01/20 01:25:57 [/shop/shopping/load_payment_module.php] Array
(
    [SiteID] => mst0000007602
    [SitePass] => ******
    [MemberID] => 13140
)
 from 170.85.7.89
2025/01/20 01:25:57 [/shop/shopping/load_payment_module.php] ErrCode=E01|E01&ErrInfo=E01390002|E01240002 from 170.85.7.89
2025/01/20 01:25:57 [/shop/shopping/load_payment_module.php] Array
(
    [0] => Array
        (
            [ErrCode] => E01
            [ErrInfo] => E01390002
        )

    [1] => Array
        (
            [ErrCode] => E01
            [ErrInfo] => E01240002
        )

)
 from 170.85.7.89
2025/01/20 01:28:18 [/shop/shopping/load_payment_module.php] SendRequest:https://p01.mul-pay.jp/payment/SearchMember.idPass from 170.85.7.89
2025/01/20 01:28:18 [/shop/shopping/load_payment_module.php] Array
(
    [SiteID] => mst0000007602
    [SitePass] => ******
    [MemberID] => 13140
)
 from 170.85.7.89
2025/01/20 01:28:18 [/shop/shopping/load_payment_module.php] ErrCode=E01&ErrInfo=E01390002 from 170.85.7.89
2025/01/20 01:28:18 [/shop/shopping/load_payment_module.php] Array
(
    [0] => Array
        (
            [ErrCode] => E01
            [ErrInfo] => E01390002
        )

)
 from 170.85.7.89
2025/01/20 01:28:18 [/shop/shopping/load_payment_module.php] SendRequest:https://p01.mul-pay.jp/payment/SearchCard.idPass from 170.85.7.89
2025/01/20 01:28:18 [/shop/shopping/load_payment_module.php] Array
(
    [SiteID] => mst0000007602
    [SitePass] => ******
    [MemberID] => 13140
)
 from 170.85.7.89
2025/01/20 01:28:18 [/shop/shopping/load_payment_module.php] ErrCode=E01|E01&ErrInfo=E01390002|E01240002 from 170.85.7.89
2025/01/20 01:28:18 [/shop/shopping/load_payment_module.php] Array
(
    [0] => Array
        (
            [ErrCode] => E01
            [ErrInfo] => E01390002
        )

    [1] => Array
        (
            [ErrCode] => E01
            [ErrInfo] => E01240002
        )

)
 from 170.85.7.89
2025/01/20 01:28:18 [/shop/shopping/load_payment_module.php] SendRequest:https://p01.mul-pay.jp/payment/EntryTran.idPass from 170.85.7.89
2025/01/20 01:28:18 [/shop/shopping/load_payment_module.php] Array
(
    [ShopID] => 9000034600950
    [ShopPass] => ******
    [OrderID] => 960338-20012818
    [JobCd] => CAPTURE
    [Amount] => 9970
    [TdFlag] => 0
    [TdTenantName] => 
)
 from 170.85.7.89
2025/01/20 01:28:18 [/shop/shopping/load_payment_module.php] AccessID=7cc466601a883aa5dc04313dba9376c8&AccessPass=215057cc1e7f7e5f1bf4167f9906f6c4 from 170.85.7.89
2025/01/20 01:28:18 [/shop/shopping/load_payment_module.php] Array
(
    [0] => Array
        (
            [AccessID] => 7cc466601a883aa5dc04313dba9376c8
            [AccessPass] => 215057cc1e7f7e5f1bf4167f9906f6c4
        )

)
 from 170.85.7.89
2025/01/20 01:28:18 [/shop/shopping/load_payment_module.php] load_payment_module.php set payment data:Array
(
    [AccessID] => 7cc466601a883aa5dc04313dba9376c8
    [AccessPass] => 215057cc1e7f7e5f1bf4167f9906f6c4
    [OrderID] => 960338-20012818
    [Amount] => 9970
    [JobCd] => CAPTURE
    [action_status] => 1
    [pay_status] => 0
)
 from 170.85.7.89
2025/01/20 01:28:18 [/shop/shopping/load_payment_module.php] SendRequest:https://p01.mul-pay.jp/payment/ExecTran.idPass from 170.85.7.89
2025/01/20 01:28:18 [/shop/shopping/load_payment_module.php] Array
(
    [AccessID] => 7cc466601a883aa5dc04313dba9376c8
    [AccessPass] => 215057cc1e7f7e5f1bf4167f9906f6c4
    [OrderID] => 960338-20012818
    [Method] => 1
    [Token] => a327903e7c40d6b8159f4df76a854f5abf0747b9de00aea91cd33e45c4a0b5db
    [ClientField1] => 
    [ClientField2] => 
    [ClientField3] => EC-CUBE4.3.35
)
 from 170.85.7.89
2025/01/20 01:28:20 [/shop/shopping/load_payment_module.php] ACS=0&OrderID=960338-20012818&Forward=2a99661&Method=1&PayTimes=&Approve=0247428&TranID=2501200128602257210134153914&TranDate=20250120012820&CheckString=93be465ce78989c27505fc7077da4361 from 170.85.7.89
2025/01/20 01:28:20 [/shop/shopping/load_payment_module.php] Array
(
    [0] => Array
        (
            [ACS] => 0
            [OrderID] => 960338-20012818
            [Forward] => 2a99661
            [Method] => 1
            [PayTimes] => 
            [Approve] => 0247428
            [TranID] => 2501200128602257210134153914
            [TranDate] => 20250120012820
            [CheckString] => 93be465ce78989c27505fc7077da4361
        )

)
 from 170.85.7.89
2025/01/20 01:28:20 [/shop/shopping/load_payment_module.php] load_payment_module.php set payment data:Array
(
    [ACS] => 0
    [Forward] => 2a99661
    [Method] => 1
    [PayTimes] => 
    [Approve] => 0247428
    [TranID] => 2501200128602257210134153914
    [TranDate] => 20250120012820
    [CheckString] => 93be465ce78989c27505fc7077da4361
    [Amount] => 9970
    [JobCd] => CAPTURE
    [action_status] => 3
    [pay_status] => 13
)
 from 170.85.7.89
2025/01/20 01:28:21 [/shop/user_data/pg_mulpay_recv.php] ******* receiveer data start ******* from 210.175.7.20
2025/01/20 01:28:21 [/shop/user_data/pg_mulpay_recv.php] Array
(
    [ShopID] => 9000034600950
    [ShopPass] => **********
    [AccessID] => 7cc466601a883aa5dc04313dba9376c8
    [AccessPass] => ********************************
    [OrderID] => 960338-20012818
    [Status] => CAPTURE
    [JobCd] => CAPTURE
    [Amount] => 9970
    [Tax] => 0
    [Currency] => JPN
    [Forward] => 2a99661
    [Method] => 1
    [PayTimes] => 
    [TranID] => 2501200128602257210134153914
    [Approve] => 0247428
    [TranDate] => 20250120012820
    [ErrCode] => 
    [ErrInfo] => 
    [PayType] => 0
)
 from 210.175.7.20
2025/01/20 01:28:21 [/shop/user_data/pg_mulpay_recv.php] ******* receiveer data end ******* from 210.175.7.20
2025/01/20 01:28:26 [/shop/user_data/pg_mulpay_recv.php] update order status:1 order_id=960338 from 210.175.7.20
2025/01/20 01:28:26 [/shop/user_data/pg_mulpay_recv.php] pg_mulpay_recv.php set payment data:Array
(
    [ShopID] => 9000034600950
    [AccessID] => 7cc466601a883aa5dc04313dba9376c8
    [OrderID] => 960338-20012818
    [Status] => CAPTURE
    [JobCd] => CAPTURE
    [Amount] => 9970
    [Tax] => 0
    [Currency] => JPN
    [Forward] => 2a99661
    [Method] => 1
    [PayTimes] => 
    [TranID] => 2501200128602257210134153914
    [Approve] => 0247428
    [TranDate] => 20250120012820
    [ErrCode] => 
    [ErrInfo] => 
    [PayType] => 0
    [CvsCode] => 
    [CvsConfNo] => 
    [CvsReceiptNo] => 
    [EdyReceiptNo] => 
    [EdyOrderNo] => 
    [SuicaReceiptNo] => 
    [SuicaOrderNo] => 
    [CustID] => 
    [BkCode] => 
    [ConfNo] => 
    [PaymentTerm] => 
    [EncryptReceiptNo] => 
    [FinishDate] => 
    [ReceiptDate] => 
    [WebMoneyManagementNo] => 
    [WebMoneySettleCode] => 
    [AuPayInfoNo] => 
    [AuPayMethod] => 
    [AuCancelAmount] => 
    [AuCancelTax] => 
    [DocomoSettlementCode] => 
    [DocomoCancelAmount] => 
    [DocomoCancelTax] => 
    [pay_status] => 13
)
 from 210.175.7.20
2025/01/20 01:28:26 [/shop/user_data/pg_mulpay_recv.php] response:true from 210.175.7.20
2025/01/20 06:24:37 [/shop/shopping/load_payment_module.php] SendRequest:https://p01.mul-pay.jp/payment/SearchMember.idPass from 88.165.117.43
2025/01/20 06:24:37 [/shop/shopping/load_payment_module.php] Array
(
    [SiteID] => mst0000007602
    [SitePass] => ******
    [MemberID] => 11149
)
 from 88.165.117.43
2025/01/20 06:24:37 [/shop/shopping/load_payment_module.php] ErrCode=E01&ErrInfo=E01390002 from 88.165.117.43
2025/01/20 06:24:37 [/shop/shopping/load_payment_module.php] Array
(
    [0] => Array
        (
            [ErrCode] => E01
            [ErrInfo] => E01390002
        )

)
 from 88.165.117.43
2025/01/20 06:24:37 [/shop/shopping/load_payment_module.php] SendRequest:https://p01.mul-pay.jp/payment/SearchCard.idPass from 88.165.117.43
2025/01/20 06:24:37 [/shop/shopping/load_payment_module.php] Array
(
    [SiteID] => mst0000007602
    [SitePass] => ******
    [MemberID] => 11149
)
 from 88.165.117.43
2025/01/20 06:24:37 [/shop/shopping/load_payment_module.php] ErrCode=E01|E01&ErrInfo=E01390002|E01240002 from 88.165.117.43
2025/01/20 06:24:37 [/shop/shopping/load_payment_module.php] Array
(
    [0] => Array
        (
            [ErrCode] => E01
            [ErrInfo] => E01390002
        )

    [1] => Array
        (
            [ErrCode] => E01
            [ErrInfo] => E01240002
        )

)
 from 88.165.117.43
2025/01/20 06:27:09 [/shop/shopping/load_payment_module.php] SendRequest:https://p01.mul-pay.jp/payment/SearchMember.idPass from 88.165.117.43
2025/01/20 06:27:09 [/shop/shopping/load_payment_module.php] Array
(
    [SiteID] => mst0000007602
    [SitePass] => ******
    [MemberID] => 11149
)
 from 88.165.117.43
2025/01/20 06:27:09 [/shop/shopping/load_payment_module.php] ErrCode=E01&ErrInfo=E01390002 from 88.165.117.43
2025/01/20 06:27:09 [/shop/shopping/load_payment_module.php] Array
(
    [0] => Array
        (
            [ErrCode] => E01
            [ErrInfo] => E01390002
        )

)
 from 88.165.117.43
2025/01/20 06:27:09 [/shop/shopping/load_payment_module.php] SendRequest:https://p01.mul-pay.jp/payment/SearchCard.idPass from 88.165.117.43
2025/01/20 06:27:09 [/shop/shopping/load_payment_module.php] Array
(
    [SiteID] => mst0000007602
    [SitePass] => ******
    [MemberID] => 11149
)
 from 88.165.117.43
2025/01/20 06:27:09 [/shop/shopping/load_payment_module.php] ErrCode=E01|E01&ErrInfo=E01390002|E01240002 from 88.165.117.43
2025/01/20 06:27:09 [/shop/shopping/load_payment_module.php] Array
(
    [0] => Array
        (
            [ErrCode] => E01
            [ErrInfo] => E01390002
        )

    [1] => Array
        (
            [ErrCode] => E01
            [ErrInfo] => E01240002
        )

)
 from 88.165.117.43
2025/01/20 06:27:09 [/shop/shopping/load_payment_module.php] SendRequest:https://p01.mul-pay.jp/payment/EntryTran.idPass from 88.165.117.43
2025/01/20 06:27:09 [/shop/shopping/load_payment_module.php] Array
(
    [ShopID] => 9000034600950
    [ShopPass] => ******
    [OrderID] => 960339-20062709
    [JobCd] => CAPTURE
    [Amount] => 8505
    [TdFlag] => 0
    [TdTenantName] => 
)
 from 88.165.117.43
2025/01/20 06:27:09 [/shop/shopping/load_payment_module.php] AccessID=c9580881650a63a040991109b1f10f41&AccessPass=b886019a9bb4b0ad7701f32094f80f70 from 88.165.117.43
2025/01/20 06:27:09 [/shop/shopping/load_payment_module.php] Array
(
    [0] => Array
        (
            [AccessID] => c9580881650a63a040991109b1f10f41
            [AccessPass] => b886019a9bb4b0ad7701f32094f80f70
        )

)
 from 88.165.117.43
2025/01/20 06:27:09 [/shop/shopping/load_payment_module.php] load_payment_module.php set payment data:Array
(
    [AccessID] => c9580881650a63a040991109b1f10f41
    [AccessPass] => b886019a9bb4b0ad7701f32094f80f70
    [OrderID] => 960339-20062709
    [Amount] => 8505
    [JobCd] => CAPTURE
    [action_status] => 1
    [pay_status] => 0
)
 from 88.165.117.43
2025/01/20 06:27:10 [/shop/shopping/load_payment_module.php] SendRequest:https://p01.mul-pay.jp/payment/ExecTran.idPass from 88.165.117.43
2025/01/20 06:27:10 [/shop/shopping/load_payment_module.php] Array
(
    [AccessID] => c9580881650a63a040991109b1f10f41
    [AccessPass] => b886019a9bb4b0ad7701f32094f80f70
    [OrderID] => 960339-20062709
    [Method] => 1
    [Token] => bc5cad5a328f11986a54b2ff2c3ea4f81a1ada5c86b6de067cce0e865a5eded3
    [ClientField1] => 
    [ClientField2] => 
    [ClientField3] => EC-CUBE4.3.35
)
 from 88.165.117.43
2025/01/20 06:27:10 [/shop/shopping/load_payment_module.php] ACS=0&OrderID=960339-20062709&Forward=2S49631&Method=1&PayTimes=&Approve=0017167&TranID=2501200627602257210134183788&TranDate=20250120062710&CheckString=6eb11faeed3cc3297f19c1abec4e6a9b from 88.165.117.43
2025/01/20 06:27:10 [/shop/shopping/load_payment_module.php] Array
(
    [0] => Array
        (
            [ACS] => 0
            [OrderID] => 960339-20062709
            [Forward] => 2S49631
            [Method] => 1
            [PayTimes] => 
            [Approve] => 0017167
            [TranID] => 2501200627602257210134183788
            [TranDate] => 20250120062710
            [CheckString] => 6eb11faeed3cc3297f19c1abec4e6a9b
        )

)
 from 88.165.117.43
2025/01/20 06:27:10 [/shop/shopping/load_payment_module.php] load_payment_module.php set payment data:Array
(
    [ACS] => 0
    [Forward] => 2S49631
    [Method] => 1
    [PayTimes] => 
    [Approve] => 0017167
    [TranID] => 2501200627602257210134183788
    [TranDate] => 20250120062710
    [CheckString] => 6eb11faeed3cc3297f19c1abec4e6a9b
    [Amount] => 8505
    [JobCd] => CAPTURE
    [action_status] => 3
    [pay_status] => 13
)
 from 88.165.117.43
2025/01/20 06:27:11 [/shop/user_data/pg_mulpay_recv.php] ******* receiveer data start ******* from 210.175.7.20
2025/01/20 06:27:11 [/shop/user_data/pg_mulpay_recv.php] Array
(
    [ShopID] => 9000034600950
    [ShopPass] => **********
    [AccessID] => c9580881650a63a040991109b1f10f41
    [AccessPass] => ********************************
    [OrderID] => 960339-20062709
    [Status] => CAPTURE
    [JobCd] => CAPTURE
    [Amount] => 8505
    [Tax] => 0
    [Currency] => JPN
    [Forward] => 2S49631
    [Method] => 1
    [PayTimes] => 
    [TranID] => 2501200627602257210134183788
    [Approve] => 0017167
    [TranDate] => 20250120062710
    [ErrCode] => 
    [ErrInfo] => 
    [PayType] => 0
)
 from 210.175.7.20
2025/01/20 06:27:11 [/shop/user_data/pg_mulpay_recv.php] ******* receiveer data end ******* from 210.175.7.20
2025/01/20 06:27:16 [/shop/user_data/pg_mulpay_recv.php] update order status:1 order_id=960339 from 210.175.7.20
2025/01/20 06:27:16 [/shop/user_data/pg_mulpay_recv.php] pg_mulpay_recv.php set payment data:Array
(
    [ShopID] => 9000034600950
    [AccessID] => c9580881650a63a040991109b1f10f41
    [OrderID] => 960339-20062709
    [Status] => CAPTURE
    [JobCd] => CAPTURE
    [Amount] => 8505
    [Tax] => 0
    [Currency] => JPN
    [Forward] => 2S49631
    [Method] => 1
    [PayTimes] => 
    [TranID] => 2501200627602257210134183788
    [Approve] => 0017167
    [TranDate] => 20250120062710
    [ErrCode] => 
    [ErrInfo] => 
    [PayType] => 0
    [CvsCode] => 
    [CvsConfNo] => 
    [CvsReceiptNo] => 
    [EdyReceiptNo] => 
    [EdyOrderNo] => 
    [SuicaReceiptNo] => 
    [SuicaOrderNo] => 
    [CustID] => 
    [BkCode] => 
    [ConfNo] => 
    [PaymentTerm] => 
    [EncryptReceiptNo] => 
    [FinishDate] => 
    [ReceiptDate] => 
    [WebMoneyManagementNo] => 
    [WebMoneySettleCode] => 
    [AuPayInfoNo] => 
    [AuPayMethod] => 
    [AuCancelAmount] => 
    [AuCancelTax] => 
    [DocomoSettlementCode] => 
    [DocomoCancelAmount] => 
    [DocomoCancelTax] => 
    [pay_status] => 13
)
 from 210.175.7.20
2025/01/20 06:27:16 [/shop/user_data/pg_mulpay_recv.php] response:true from 210.175.7.20
2025/01/20 09:29:53 [/shop/shopping/load_payment_module.php] SendRequest:https://p01.mul-pay.jp/payment/EntryTran.idPass from 141.239.230.214
2025/01/20 09:29:53 [/shop/shopping/load_payment_module.php] Array
(
    [ShopID] => 9000034600950
    [ShopPass] => ******
    [OrderID] => 960340-20092953
    [JobCd] => CAPTURE
    [Amount] => 9450
    [TdFlag] => 0
    [TdTenantName] => 
)
 from 141.239.230.214
2025/01/20 09:29:53 [/shop/shopping/load_payment_module.php] AccessID=99b589418d645fd4a7db0dc35e4ce36f&AccessPass=5e4779d5fdb02f599a1282c08edcf527 from 141.239.230.214
2025/01/20 09:29:53 [/shop/shopping/load_payment_module.php] Array
(
    [0] => Array
        (
            [AccessID] => 99b589418d645fd4a7db0dc35e4ce36f
            [AccessPass] => 5e4779d5fdb02f599a1282c08edcf527
        )

)
 from 141.239.230.214
2025/01/20 09:29:53 [/shop/shopping/load_payment_module.php] load_payment_module.php set payment data:Array
(
    [AccessID] => 99b589418d645fd4a7db0dc35e4ce36f
    [AccessPass] => 5e4779d5fdb02f599a1282c08edcf527
    [OrderID] => 960340-20092953
    [Amount] => 9450
    [JobCd] => CAPTURE
    [action_status] => 1
    [pay_status] => 0
)
 from 141.239.230.214
2025/01/20 09:29:53 [/shop/shopping/load_payment_module.php] SendRequest:https://p01.mul-pay.jp/payment/ExecTran.idPass from 141.239.230.214
2025/01/20 09:29:53 [/shop/shopping/load_payment_module.php] Array
(
    [AccessID] => 99b589418d645fd4a7db0dc35e4ce36f
    [AccessPass] => 5e4779d5fdb02f599a1282c08edcf527
    [OrderID] => 960340-20092953
    [Method] => 1
    [Token] => 3f2c60d37f17937a0b732480216316c65f105f02f323ff3be495d6a5653d4044
    [ClientField1] => 
    [ClientField2] => 
    [ClientField3] => EC-CUBE4.3.35
)
 from 141.239.230.214
2025/01/20 09:29:54 [/shop/shopping/load_payment_module.php] ACS=0&OrderID=960340-20092953&Forward=2a99661&Method=1&PayTimes=&Approve=0217021&TranID=2501200929602257210134163927&TranDate=20250120092954&CheckString=b50aecae44a43bedd78904b1bb389ece from 141.239.230.214
2025/01/20 09:29:54 [/shop/shopping/load_payment_module.php] Array
(
    [0] => Array
        (
            [ACS] => 0
            [OrderID] => 960340-20092953
            [Forward] => 2a99661
            [Method] => 1
            [PayTimes] => 
            [Approve] => 0217021
            [TranID] => 2501200929602257210134163927
            [TranDate] => 20250120092954
            [CheckString] => b50aecae44a43bedd78904b1bb389ece
        )

)
 from 141.239.230.214
2025/01/20 09:29:54 [/shop/shopping/load_payment_module.php] load_payment_module.php set payment data:Array
(
    [ACS] => 0
    [Forward] => 2a99661
    [Method] => 1
    [PayTimes] => 
    [Approve] => 0217021
    [TranID] => 2501200929602257210134163927
    [TranDate] => 20250120092954
    [CheckString] => b50aecae44a43bedd78904b1bb389ece
    [Amount] => 9450
    [JobCd] => CAPTURE
    [action_status] => 3
    [pay_status] => 13
)
 from 141.239.230.214
2025/01/20 09:29:54 [/shop/user_data/pg_mulpay_recv.php] ******* receiveer data start ******* from 210.175.7.20
2025/01/20 09:29:54 [/shop/user_data/pg_mulpay_recv.php] Array
(
    [ShopID] => 9000034600950
    [ShopPass] => **********
    [AccessID] => 99b589418d645fd4a7db0dc35e4ce36f
    [AccessPass] => ********************************
    [OrderID] => 960340-20092953
    [Status] => CAPTURE
    [JobCd] => CAPTURE
    [Amount] => 9450
    [Tax] => 0
    [Currency] => JPN
    [Forward] => 2a99661
    [Method] => 1
    [PayTimes] => 
    [TranID] => 2501200929602257210134163927
    [Approve] => 0217021
    [TranDate] => 20250120092954
    [ErrCode] => 
    [ErrInfo] => 
    [PayType] => 0
)
 from 210.175.7.20
2025/01/20 09:29:54 [/shop/user_data/pg_mulpay_recv.php] ******* receiveer data end ******* from 210.175.7.20
2025/01/20 09:29:59 [/shop/user_data/pg_mulpay_recv.php] update order status:1 order_id=960340 from 210.175.7.20
2025/01/20 09:29:59 [/shop/user_data/pg_mulpay_recv.php] pg_mulpay_recv.php set payment data:Array
(
    [ShopID] => 9000034600950
    [AccessID] => 99b589418d645fd4a7db0dc35e4ce36f
    [OrderID] => 960340-20092953
    [Status] => CAPTURE
    [JobCd] => CAPTURE
    [Amount] => 9450
    [Tax] => 0
    [Currency] => JPN
    [Forward] => 2a99661
    [Method] => 1
    [PayTimes] => 
    [TranID] => 2501200929602257210134163927
    [Approve] => 0217021
    [TranDate] => 20250120092954
    [ErrCode] => 
    [ErrInfo] => 
    [PayType] => 0
    [CvsCode] => 
    [CvsConfNo] => 
    [CvsReceiptNo] => 
    [EdyReceiptNo] => 
    [EdyOrderNo] => 
    [SuicaReceiptNo] => 
    [SuicaOrderNo] => 
    [CustID] => 
    [BkCode] => 
    [ConfNo] => 
    [PaymentTerm] => 
    [EncryptReceiptNo] => 
    [FinishDate] => 
    [ReceiptDate] => 
    [WebMoneyManagementNo] => 
    [WebMoneySettleCode] => 
    [AuPayInfoNo] => 
    [AuPayMethod] => 
    [AuCancelAmount] => 
    [AuCancelTax] => 
    [DocomoSettlementCode] => 
    [DocomoCancelAmount] => 
    [DocomoCancelTax] => 
    [pay_status] => 13
)
 from 210.175.7.20
2025/01/20 09:29:59 [/shop/user_data/pg_mulpay_recv.php] response:true from 210.175.7.20
2025/01/20 10:56:36 [/shop/master/order/edit.php] edit.php set payment data:Array
(
    [no_update_status_flg] => 1
)
 from 114.160.216.147
2025/01/20 10:56:36 [/shop/master/order/edit.php] SendRequest:https://p01.mul-pay.jp/payment/ChangeTran.idPass from 114.160.216.147
2025/01/20 10:56:36 [/shop/master/order/edit.php] Array
(
    [ShopID] => 9000034600950
    [ShopPass] => ******
    [AccessID] => 3e9a3f786630e40e589246b6ef3416f4
    [AccessPass] => bcc234701eb7f041b556a81fa0ab7a4e
    [JobCd] => CAPTURE
    [Amount] => 13117
)
 from 114.160.216.147
2025/01/20 10:56:37 [/shop/master/order/edit.php] AccessID=3e9a3f786630e40e589246b6ef3416f4&AccessPass=bcc234701eb7f041b556a81fa0ab7a4e&Forward=2S49631&Approve=0091038&TranID=2501201056602257210134153915&TranDate=20250120105637 from 114.160.216.147
2025/01/20 10:56:37 [/shop/master/order/edit.php] Array
(
    [0] => Array
        (
            [AccessID] => 3e9a3f786630e40e589246b6ef3416f4
            [AccessPass] => bcc234701eb7f041b556a81fa0ab7a4e
            [Forward] => 2S49631
            [Approve] => 0091038
            [TranID] => 2501201056602257210134153915
            [TranDate] => 20250120105637
        )

)
 from 114.160.216.147
2025/01/20 10:56:37 [/shop/master/order/edit.php] edit.php set payment data:Array
(
    [AccessID] => 3e9a3f786630e40e589246b6ef3416f4
    [AccessPass] => bcc234701eb7f041b556a81fa0ab7a4e
    [Forward] => 2S49631
    [Approve] => 0091038
    [TranID] => 2501201056602257210134153915
    [TranDate] => 20250120105637
    [action_status] => 6
    [pay_status] => 13
    [JobCd] => CAPTURE
    [Amount] => 13117
)
 from 114.160.216.147
2025/01/20 10:56:37 [/shop/user_data/pg_mulpay_recv.php] ******* receiveer data start ******* from 210.175.7.20
2025/01/20 10:56:37 [/shop/user_data/pg_mulpay_recv.php] Array
(
    [ShopID] => 9000034600950
    [ShopPass] => **********
    [AccessID] => 3e9a3f786630e40e589246b6ef3416f4
    [AccessPass] => ********************************
    [OrderID] => 959624-06025735
    [Status] => RETURNX
    [JobCd] => RETURNX
    [Amount] => 12787
    [Tax] => 0
    [Currency] => JPN
    [Forward] => 2S49631
    [Method] => 1
    [PayTimes] => 
    [TranID] => 2501201056602257210134163928
    [Approve] =>        
    [TranDate] => 20250120105637
    [ErrCode] => 
    [ErrInfo] => 
    [PayType] => 0
)
 from 210.175.7.20
2025/01/20 10:56:37 [/shop/user_data/pg_mulpay_recv.php] ******* receiveer data end ******* from 210.175.7.20
2025/01/20 10:56:37 [/shop/user_data/pg_mulpay_recv.php] pg_mulpay_recv.php set payment data:Array
(
    [ShopID] => 9000034600950
    [AccessID] => 3e9a3f786630e40e589246b6ef3416f4
    [OrderID] => 959624-06025735
    [Status] => RETURNX
    [JobCd] => RETURNX
    [Amount] => 12787
    [Tax] => 0
    [Currency] => JPN
    [Forward] => 2S49631
    [Method] => 1
    [PayTimes] => 
    [TranID] => 2501201056602257210134163928
    [TranDate] => 20250120105637
    [ErrCode] => 
    [ErrInfo] => 
    [PayType] => 0
    [CvsCode] => 
    [CvsConfNo] => 
    [CvsReceiptNo] => 
    [EdyReceiptNo] => 
    [EdyOrderNo] => 
    [SuicaReceiptNo] => 
    [SuicaOrderNo] => 
    [CustID] => 
    [BkCode] => 
    [ConfNo] => 
    [PaymentTerm] => 
    [EncryptReceiptNo] => 
    [FinishDate] => 
    [ReceiptDate] => 
    [WebMoneyManagementNo] => 
    [WebMoneySettleCode] => 
    [AuPayInfoNo] => 
    [AuPayMethod] => 
    [AuCancelAmount] => 
    [AuCancelTax] => 
    [DocomoSettlementCode] => 
    [DocomoCancelAmount] => 
    [DocomoCancelTax] => 
    [pay_status] => 16
)
 from 210.175.7.20
2025/01/20 10:56:37 [/shop/user_data/pg_mulpay_recv.php] response:true from 210.175.7.20
2025/01/20 10:56:37 [/shop/user_data/pg_mulpay_recv.php] ******* receiveer data start ******* from 210.175.7.20
2025/01/20 10:56:37 [/shop/user_data/pg_mulpay_recv.php] Array
(
    [ShopID] => 9000034600950
    [ShopPass] => **********
    [AccessID] => 3e9a3f786630e40e589246b6ef3416f4
    [AccessPass] => ********************************
    [OrderID] => 959624-06025735
    [Status] => CAPTURE
    [JobCd] => CAPTURE
    [Amount] => 13117
    [Tax] => 0
    [Currency] => JPN
    [Forward] => 2S49631
    [Method] => 1
    [PayTimes] => 
    [TranID] => 2501201056602257210134153915
    [Approve] => 0091038
    [TranDate] => 20250120105637
    [ErrCode] => 
    [ErrInfo] => 
    [PayType] => 0
)
 from 210.175.7.20
2025/01/20 10:56:37 [/shop/user_data/pg_mulpay_recv.php] ******* receiveer data end ******* from 210.175.7.20
2025/01/20 10:56:42 [/shop/user_data/pg_mulpay_recv.php] no update order status order_id=959624 from 210.175.7.20
2025/01/20 10:56:42 [/shop/user_data/pg_mulpay_recv.php] pg_mulpay_recv.php set payment data:Array
(
    [ShopID] => 9000034600950
    [AccessID] => 3e9a3f786630e40e589246b6ef3416f4
    [OrderID] => 959624-06025735
    [Status] => CAPTURE
    [JobCd] => CAPTURE
    [Amount] => 13117
    [Tax] => 0
    [Currency] => JPN
    [Forward] => 2S49631
    [Method] => 1
    [PayTimes] => 
    [TranID] => 2501201056602257210134153915
    [Approve] => 0091038
    [TranDate] => 20250120105637
    [ErrCode] => 
    [ErrInfo] => 
    [PayType] => 0
    [CvsCode] => 
    [CvsConfNo] => 
    [CvsReceiptNo] => 
    [EdyReceiptNo] => 
    [EdyOrderNo] => 
    [SuicaReceiptNo] => 
    [SuicaOrderNo] => 
    [CustID] => 
    [BkCode] => 
    [ConfNo] => 
    [PaymentTerm] => 
    [EncryptReceiptNo] => 
    [FinishDate] => 
    [ReceiptDate] => 
    [WebMoneyManagementNo] => 
    [WebMoneySettleCode] => 
    [AuPayInfoNo] => 
    [AuPayMethod] => 
    [AuCancelAmount] => 
    [AuCancelTax] => 
    [DocomoSettlementCode] => 
    [DocomoCancelAmount] => 
    [DocomoCancelTax] => 
    [pay_status] => 13
    [no_update_status_flg] => 0
)
 from 210.175.7.20
2025/01/20 10:56:42 [/shop/user_data/pg_mulpay_recv.php] response:true from 210.175.7.20
2025/01/20 15:01:47 [/shop/master/order/edit.php] edit.php set payment data:Array
(
    [no_update_status_flg] => 1
)
 from 114.160.216.147
2025/01/20 15:01:47 [/shop/master/order/edit.php] SendRequest:https://p01.mul-pay.jp/payment/ChangeTran.idPass from 114.160.216.147
2025/01/20 15:01:47 [/shop/master/order/edit.php] Array
(
    [ShopID] => 9000034600950
    [ShopPass] => ******
    [AccessID] => 1265e79c9539e0089e09d82ab2701e97
    [AccessPass] => ce1c0df5975bba7127d0eaa966a15a12
    [JobCd] => CAPTURE
    [Amount] => 11250
)
 from 114.160.216.147
2025/01/20 15:01:49 [/shop/master/order/edit.php] AccessID=1265e79c9539e0089e09d82ab2701e97&AccessPass=ce1c0df5975bba7127d0eaa966a15a12&Forward=2959876&Approve=0044789&TranID=2501201501602257210134163929&TranDate=20250120150149 from 114.160.216.147
2025/01/20 15:01:49 [/shop/master/order/edit.php] Array
(
    [0] => Array
        (
            [AccessID] => 1265e79c9539e0089e09d82ab2701e97
            [AccessPass] => ce1c0df5975bba7127d0eaa966a15a12
            [Forward] => 2959876
            [Approve] => 0044789
            [TranID] => 2501201501602257210134163929
            [TranDate] => 20250120150149
        )

)
 from 114.160.216.147
2025/01/20 15:01:49 [/shop/master/order/edit.php] edit.php set payment data:Array
(
    [AccessID] => 1265e79c9539e0089e09d82ab2701e97
    [AccessPass] => ce1c0df5975bba7127d0eaa966a15a12
    [Forward] => 2959876
    [Approve] => 0044789
    [TranID] => 2501201501602257210134163929
    [TranDate] => 20250120150149
    [action_status] => 6
    [pay_status] => 13
    [JobCd] => CAPTURE
    [Amount] => 11250
)
 from 114.160.216.147
2025/01/20 15:01:49 [/shop/user_data/pg_mulpay_recv.php] ******* receiveer data start ******* from 210.175.7.20
2025/01/20 15:01:49 [/shop/user_data/pg_mulpay_recv.php] Array
(
    [ShopID] => 9000034600950
    [ShopPass] => **********
    [AccessID] => 1265e79c9539e0089e09d82ab2701e97
    [AccessPass] => ********************************
    [OrderID] => 960080-18102033
    [Status] => RETURNX
    [JobCd] => RETURNX
    [Amount] => 10150
    [Tax] => 0
    [Currency] => JPN
    [Forward] => 2959876
    [Method] => 1
    [PayTimes] => 
    [TranID] => 2501201501602257210134173783
    [Approve] =>        
    [TranDate] => 20250120150149
    [ErrCode] => 
    [ErrInfo] => 
    [PayType] => 0
)
 from 210.175.7.20
2025/01/20 15:01:49 [/shop/user_data/pg_mulpay_recv.php] ******* receiveer data end ******* from 210.175.7.20
2025/01/20 15:01:49 [/shop/user_data/pg_mulpay_recv.php] pg_mulpay_recv.php set payment data:Array
(
    [ShopID] => 9000034600950
    [AccessID] => 1265e79c9539e0089e09d82ab2701e97
    [OrderID] => 960080-18102033
    [Status] => RETURNX
    [JobCd] => RETURNX
    [Amount] => 10150
    [Tax] => 0
    [Currency] => JPN
    [Forward] => 2959876
    [Method] => 1
    [PayTimes] => 
    [TranID] => 2501201501602257210134173783
    [TranDate] => 20250120150149
    [ErrCode] => 
    [ErrInfo] => 
    [PayType] => 0
    [CvsCode] => 
    [CvsConfNo] => 
    [CvsReceiptNo] => 
    [EdyReceiptNo] => 
    [EdyOrderNo] => 
    [SuicaReceiptNo] => 
    [SuicaOrderNo] => 
    [CustID] => 
    [BkCode] => 
    [ConfNo] => 
    [PaymentTerm] => 
    [EncryptReceiptNo] => 
    [FinishDate] => 
    [ReceiptDate] => 
    [WebMoneyManagementNo] => 
    [WebMoneySettleCode] => 
    [AuPayInfoNo] => 
    [AuPayMethod] => 
    [AuCancelAmount] => 
    [AuCancelTax] => 
    [DocomoSettlementCode] => 
    [DocomoCancelAmount] => 
    [DocomoCancelTax] => 
    [pay_status] => 16
)
 from 210.175.7.20
2025/01/20 15:01:49 [/shop/user_data/pg_mulpay_recv.php] response:true from 210.175.7.20
2025/01/20 15:01:49 [/shop/user_data/pg_mulpay_recv.php] ******* receiveer data start ******* from 210.175.7.20
2025/01/20 15:01:49 [/shop/user_data/pg_mulpay_recv.php] Array
(
    [ShopID] => 9000034600950
    [ShopPass] => **********
    [AccessID] => 1265e79c9539e0089e09d82ab2701e97
    [AccessPass] => ********************************
    [OrderID] => 960080-18102033
    [Status] => CAPTURE
    [JobCd] => CAPTURE
    [Amount] => 11250
    [Tax] => 0
    [Currency] => JPN
    [Forward] => 2959876
    [Method] => 1
    [PayTimes] => 
    [TranID] => 2501201501602257210134163929
    [Approve] => 0044789
    [TranDate] => 20250120150149
    [ErrCode] => 
    [ErrInfo] => 
    [PayType] => 0
)
 from 210.175.7.20
2025/01/20 15:01:49 [/shop/user_data/pg_mulpay_recv.php] ******* receiveer data end ******* from 210.175.7.20
2025/01/20 15:01:54 [/shop/user_data/pg_mulpay_recv.php] no update order status order_id=960080 from 210.175.7.20
2025/01/20 15:01:54 [/shop/user_data/pg_mulpay_recv.php] pg_mulpay_recv.php set payment data:Array
(
    [ShopID] => 9000034600950
    [AccessID] => 1265e79c9539e0089e09d82ab2701e97
    [OrderID] => 960080-18102033
    [Status] => CAPTURE
    [JobCd] => CAPTURE
    [Amount] => 11250
    [Tax] => 0
    [Currency] => JPN
    [Forward] => 2959876
    [Method] => 1
    [PayTimes] => 
    [TranID] => 2501201501602257210134163929
    [Approve] => 0044789
    [TranDate] => 20250120150149
    [ErrCode] => 
    [ErrInfo] => 
    [PayType] => 0
    [CvsCode] => 
    [CvsConfNo] => 
    [CvsReceiptNo] => 
    [EdyReceiptNo] => 
    [EdyOrderNo] => 
    [SuicaReceiptNo] => 
    [SuicaOrderNo] => 
    [CustID] => 
    [BkCode] => 
    [ConfNo] => 
    [PaymentTerm] => 
    [EncryptReceiptNo] => 
    [FinishDate] => 
    [ReceiptDate] => 
    [WebMoneyManagementNo] => 
    [WebMoneySettleCode] => 
    [AuPayInfoNo] => 
    [AuPayMethod] => 
    [AuCancelAmount] => 
    [AuCancelTax] => 
    [DocomoSettlementCode] => 
    [DocomoCancelAmount] => 
    [DocomoCancelTax] => 
    [pay_status] => 13
    [no_update_status_flg] => 0
)
 from 210.175.7.20
2025/01/20 15:01:55 [/shop/user_data/pg_mulpay_recv.php] response:true from 210.175.7.20
2025/01/20 15:01:57 [/shop/master/order/edit.php] SendRequest:https://p01.mul-pay.jp/payment/SearchTrade.idPass from 114.160.216.147
2025/01/20 15:01:57 [/shop/master/order/edit.php] Array
(
    [ShopID] => 9000034600950
    [ShopPass] => ******
    [OrderID] => 960080-18102033
)
 from 114.160.216.147
2025/01/20 15:01:57 [/shop/master/order/edit.php] OrderID=960080-18102033&Status=CAPTURE&ProcessDate=20250120150149&JobCd=CAPTURE&AccessID=1265e79c9539e0089e09d82ab2701e97&AccessPass=ce1c0df5975bba7127d0eaa966a15a12&ItemCode=0000990&Amount=11250&Tax=0&SiteID=&MemberID=&CardNo=************4071&Expire=2711&Method=1&PayTimes=&Forward=2959876&TranID=2501201501602257210134163929&Approve=0044789&ClientField1=&ClientField2=&ClientField3=EC-CUBE4.3.35 from 114.160.216.147
2025/01/20 15:01:57 [/shop/master/order/edit.php] Array
(
    [0] => Array
        (
            [OrderID] => 960080-18102033
            [Status] => CAPTURE
            [ProcessDate] => 20250120150149
            [JobCd] => CAPTURE
            [AccessID] => 1265e79c9539e0089e09d82ab2701e97
            [AccessPass] => ce1c0df5975bba7127d0eaa966a15a12
            [ItemCode] => 0000990
            [Amount] => 11250
            [Tax] => 0
            [SiteID] => 
            [MemberID] => 
            [CardNo] => ************4071
            [Expire] => 2711
            [Method] => 1
            [PayTimes] => 
            [Forward] => 2959876
            [TranID] => 2501201501602257210134163929
            [Approve] => 0044789
            [ClientField1] => 
            [ClientField2] => 
            [ClientField3] => EC-CUBE4.3.35
        )

)
 from 114.160.216.147
2025/01/20 15:01:57 [/shop/master/order/edit.php] edit.php set payment data:Array
(
    [OrderID] => 960080-18102033
    [Status] => CAPTURE
    [ProcessDate] => 20250120150149
    [JobCd] => CAPTURE
    [AccessID] => 1265e79c9539e0089e09d82ab2701e97
    [AccessPass] => ce1c0df5975bba7127d0eaa966a15a12
    [ItemCode] => 0000990
    [Amount] => 11250
    [Tax] => 0
    [SiteID] => 
    [MemberID] => 
    [CardNo] => ************4071
    [Expire] => 2711
    [Method] => 1
    [PayTimes] => 
    [Forward] => 2959876
    [TranID] => 2501201501602257210134163929
    [Approve] => 0044789
    [ClientField1] => 
    [ClientField2] => 
    [ClientField3] => EC-CUBE4.3.35
    [action_status] => 6
    [pay_status] => 13
)
 from 114.160.216.147
2025/01/20 18:15:13 [/shop/shopping/load_payment_module.php] SendRequest:https://p01.mul-pay.jp/payment/SearchMember.idPass from 126.146.213.127
2025/01/20 18:15:13 [/shop/shopping/load_payment_module.php] Array
(
    [SiteID] => mst0000007602
    [SitePass] => ******
    [MemberID] => 10331
)
 from 126.146.213.127
2025/01/20 18:15:13 [/shop/shopping/load_payment_module.php] ErrCode=E01&ErrInfo=E01390002 from 126.146.213.127
2025/01/20 18:15:13 [/shop/shopping/load_payment_module.php] Array
(
    [0] => Array
        (
            [ErrCode] => E01
            [ErrInfo] => E01390002
        )

)
 from 126.146.213.127
2025/01/20 18:15:13 [/shop/shopping/load_payment_module.php] SendRequest:https://p01.mul-pay.jp/payment/SearchCard.idPass from 126.146.213.127
2025/01/20 18:15:13 [/shop/shopping/load_payment_module.php] Array
(
    [SiteID] => mst0000007602
    [SitePass] => ******
    [MemberID] => 10331
)
 from 126.146.213.127
2025/01/20 18:15:13 [/shop/shopping/load_payment_module.php] ErrCode=E01|E01&ErrInfo=E01390002|E01240002 from 126.146.213.127
2025/01/20 18:15:13 [/shop/shopping/load_payment_module.php] Array
(
    [0] => Array
        (
            [ErrCode] => E01
            [ErrInfo] => E01390002
        )

    [1] => Array
        (
            [ErrCode] => E01
            [ErrInfo] => E01240002
        )

)
 from 126.146.213.127
2025/01/20 18:15:45 [/shop/shopping/load_payment_module.php] SendRequest:https://p01.mul-pay.jp/payment/SearchMember.idPass from 126.146.213.127
2025/01/20 18:15:45 [/shop/shopping/load_payment_module.php] Array
(
    [SiteID] => mst0000007602
    [SitePass] => ******
    [MemberID] => 10331
)
 from 126.146.213.127
2025/01/20 18:15:45 [/shop/shopping/load_payment_module.php] ErrCode=E01&ErrInfo=E01390002 from 126.146.213.127
2025/01/20 18:15:45 [/shop/shopping/load_payment_module.php] Array
(
    [0] => Array
        (
            [ErrCode] => E01
            [ErrInfo] => E01390002
        )

)
 from 126.146.213.127
2025/01/20 18:15:45 [/shop/shopping/load_payment_module.php] SendRequest:https://p01.mul-pay.jp/payment/SearchCard.idPass from 126.146.213.127
2025/01/20 18:15:45 [/shop/shopping/load_payment_module.php] Array
(
    [SiteID] => mst0000007602
    [SitePass] => ******
    [MemberID] => 10331
)
 from 126.146.213.127
2025/01/20 18:15:45 [/shop/shopping/load_payment_module.php] ErrCode=E01|E01&ErrInfo=E01390002|E01240002 from 126.146.213.127
2025/01/20 18:15:45 [/shop/shopping/load_payment_module.php] Array
(
    [0] => Array
        (
            [ErrCode] => E01
            [ErrInfo] => E01390002
        )

    [1] => Array
        (
            [ErrCode] => E01
            [ErrInfo] => E01240002
        )

)
 from 126.146.213.127
2025/01/20 18:15:45 [/shop/shopping/load_payment_module.php] SendRequest:https://p01.mul-pay.jp/payment/EntryTran.idPass from 126.146.213.127
2025/01/20 18:15:45 [/shop/shopping/load_payment_module.php] Array
(
    [ShopID] => 9000034600950
    [ShopPass] => ******
    [OrderID] => 960341-20181545
    [JobCd] => CAPTURE
    [Amount] => 14948
    [TdFlag] => 0
    [TdTenantName] => 
)
 from 126.146.213.127
2025/01/20 18:15:45 [/shop/shopping/load_payment_module.php] AccessID=b1d0810b9f45805306ef305dfcd35683&AccessPass=e787d0dbf8c909f309fffcc7d10ba2da from 126.146.213.127
2025/01/20 18:15:45 [/shop/shopping/load_payment_module.php] Array
(
    [0] => Array
        (
            [AccessID] => b1d0810b9f45805306ef305dfcd35683
            [AccessPass] => e787d0dbf8c909f309fffcc7d10ba2da
        )

)
 from 126.146.213.127
2025/01/20 18:15:45 [/shop/shopping/load_payment_module.php] load_payment_module.php set payment data:Array
(
    [AccessID] => b1d0810b9f45805306ef305dfcd35683
    [AccessPass] => e787d0dbf8c909f309fffcc7d10ba2da
    [OrderID] => 960341-20181545
    [Amount] => 14948
    [JobCd] => CAPTURE
    [action_status] => 1
    [pay_status] => 0
)
 from 126.146.213.127
2025/01/20 18:15:45 [/shop/shopping/load_payment_module.php] SendRequest:https://p01.mul-pay.jp/payment/ExecTran.idPass from 126.146.213.127
2025/01/20 18:15:45 [/shop/shopping/load_payment_module.php] Array
(
    [AccessID] => b1d0810b9f45805306ef305dfcd35683
    [AccessPass] => e787d0dbf8c909f309fffcc7d10ba2da
    [OrderID] => 960341-20181545
    [Method] => 1
    [Token] => cc56194da9cf15cc36855ef996dd23829acae63e988784d4619907f277a6e74d
    [ClientField1] => 
    [ClientField2] => 
    [ClientField3] => EC-CUBE4.3.35
)
 from 126.146.213.127
2025/01/20 18:15:45 [/shop/shopping/load_payment_module.php] ACS=0&OrderID=960341-20181545&Forward=2S49631&Method=1&PayTimes=&Approve=0020594&TranID=2501201815602257210134163930&TranDate=20250120181545&CheckString=119a596edd96b2ace4f063a8a0033735 from 126.146.213.127
2025/01/20 18:15:45 [/shop/shopping/load_payment_module.php] Array
(
    [0] => Array
        (
            [ACS] => 0
            [OrderID] => 960341-20181545
            [Forward] => 2S49631
            [Method] => 1
            [PayTimes] => 
            [Approve] => 0020594
            [TranID] => 2501201815602257210134163930
            [TranDate] => 20250120181545
            [CheckString] => 119a596edd96b2ace4f063a8a0033735
        )

)
 from 126.146.213.127
2025/01/20 18:15:45 [/shop/shopping/load_payment_module.php] load_payment_module.php set payment data:Array
(
    [ACS] => 0
    [Forward] => 2S49631
    [Method] => 1
    [PayTimes] => 
    [Approve] => 0020594
    [TranID] => 2501201815602257210134163930
    [TranDate] => 20250120181545
    [CheckString] => 119a596edd96b2ace4f063a8a0033735
    [Amount] => 14948
    [JobCd] => CAPTURE
    [action_status] => 3
    [pay_status] => 13
)
 from 126.146.213.127
2025/01/20 18:15:46 [/shop/user_data/pg_mulpay_recv.php] ******* receiveer data start ******* from 210.175.7.20
2025/01/20 18:15:46 [/shop/user_data/pg_mulpay_recv.php] Array
(
    [ShopID] => 9000034600950
    [ShopPass] => **********
    [AccessID] => b1d0810b9f45805306ef305dfcd35683
    [AccessPass] => ********************************
    [OrderID] => 960341-20181545
    [Status] => CAPTURE
    [JobCd] => CAPTURE
    [Amount] => 14948
    [Tax] => 0
    [Currency] => JPN
    [Forward] => 2S49631
    [Method] => 1
    [PayTimes] => 
    [TranID] => 2501201815602257210134163930
    [Approve] => 0020594
    [TranDate] => 20250120181545
    [ErrCode] => 
    [ErrInfo] => 
    [PayType] => 0
)
 from 210.175.7.20
2025/01/20 18:15:46 [/shop/user_data/pg_mulpay_recv.php] ******* receiveer data end ******* from 210.175.7.20
2025/01/20 18:15:51 [/shop/user_data/pg_mulpay_recv.php] update order status:1 order_id=960341 from 210.175.7.20
2025/01/20 18:15:51 [/shop/user_data/pg_mulpay_recv.php] pg_mulpay_recv.php set payment data:Array
(
    [ShopID] => 9000034600950
    [AccessID] => b1d0810b9f45805306ef305dfcd35683
    [OrderID] => 960341-20181545
    [Status] => CAPTURE
    [JobCd] => CAPTURE
    [Amount] => 14948
    [Tax] => 0
    [Currency] => JPN
    [Forward] => 2S49631
    [Method] => 1
    [PayTimes] => 
    [TranID] => 2501201815602257210134163930
    [Approve] => 0020594
    [TranDate] => 20250120181545
    [ErrCode] => 
    [ErrInfo] => 
    [PayType] => 0
    [CvsCode] => 
    [CvsConfNo] => 
    [CvsReceiptNo] => 
    [EdyReceiptNo] => 
    [EdyOrderNo] => 
    [SuicaReceiptNo] => 
    [SuicaOrderNo] => 
    [CustID] => 
    [BkCode] => 
    [ConfNo] => 
    [PaymentTerm] => 
    [EncryptReceiptNo] => 
    [FinishDate] => 
    [ReceiptDate] => 
    [WebMoneyManagementNo] => 
    [WebMoneySettleCode] => 
    [AuPayInfoNo] => 
    [AuPayMethod] => 
    [AuCancelAmount] => 
    [AuCancelTax] => 
    [DocomoSettlementCode] => 
    [DocomoCancelAmount] => 
    [DocomoCancelTax] => 
    [pay_status] => 13
)
 from 210.175.7.20
2025/01/20 18:15:51 [/shop/user_data/pg_mulpay_recv.php] response:true from 210.175.7.20
2025/01/20 18:31:35 [/shop/shopping/load_payment_module.php] SendRequest:https://p01.mul-pay.jp/payment/EntryTran.idPass from 86.48.13.49
2025/01/20 18:31:35 [/shop/shopping/load_payment_module.php] Array
(
    [ShopID] => 9000034600950
    [ShopPass] => ******
    [OrderID] => 960342-20183135
    [JobCd] => CAPTURE
    [Amount] => 3830
    [TdFlag] => 0
    [TdTenantName] => 
)
 from 86.48.13.49
2025/01/20 18:31:36 [/shop/shopping/load_payment_module.php] AccessID=e1170b46ea1a0ebee4b162bdcbd99c60&AccessPass=4df0d63214db978d47bc0fe1340533f3 from 86.48.13.49
2025/01/20 18:31:36 [/shop/shopping/load_payment_module.php] Array
(
    [0] => Array
        (
            [AccessID] => e1170b46ea1a0ebee4b162bdcbd99c60
            [AccessPass] => 4df0d63214db978d47bc0fe1340533f3
        )

)
 from 86.48.13.49
2025/01/20 18:31:36 [/shop/shopping/load_payment_module.php] load_payment_module.php set payment data:Array
(
    [AccessID] => e1170b46ea1a0ebee4b162bdcbd99c60
    [AccessPass] => 4df0d63214db978d47bc0fe1340533f3
    [OrderID] => 960342-20183135
    [Amount] => 3830
    [JobCd] => CAPTURE
    [action_status] => 1
    [pay_status] => 0
)
 from 86.48.13.49
2025/01/20 18:31:36 [/shop/shopping/load_payment_module.php] SendRequest:https://p01.mul-pay.jp/payment/ExecTran.idPass from 86.48.13.49
2025/01/20 18:31:36 [/shop/shopping/load_payment_module.php] Array
(
    [AccessID] => e1170b46ea1a0ebee4b162bdcbd99c60
    [AccessPass] => 4df0d63214db978d47bc0fe1340533f3
    [OrderID] => 960342-20183135
    [Method] => 1
    [Token] => a89698e1e8c863cc7564781f5f40de3dd64c10b07a4efa41df86a526e39e2f05
    [ClientField1] => 
    [ClientField2] => 
    [ClientField3] => EC-CUBE4.3.35
)
 from 86.48.13.49
2025/01/20 18:31:37 [/shop/shopping/load_payment_module.php] ACS=0&OrderID=960342-20183135&Forward=2959876&Method=1&PayTimes=&Approve=0303284&TranID=2501201831602257210134173784&TranDate=20250120183137&CheckString=cc3aae3ddd0e2b28013ab6e160ae59d3 from 86.48.13.49
2025/01/20 18:31:37 [/shop/shopping/load_payment_module.php] Array
(
    [0] => Array
        (
            [ACS] => 0
            [OrderID] => 960342-20183135
            [Forward] => 2959876
            [Method] => 1
            [PayTimes] => 
            [Approve] => 0303284
            [TranID] => 2501201831602257210134173784
            [TranDate] => 20250120183137
            [CheckString] => cc3aae3ddd0e2b28013ab6e160ae59d3
        )

)
 from 86.48.13.49
2025/01/20 18:31:37 [/shop/shopping/load_payment_module.php] load_payment_module.php set payment data:Array
(
    [ACS] => 0
    [Forward] => 2959876
    [Method] => 1
    [PayTimes] => 
    [Approve] => 0303284
    [TranID] => 2501201831602257210134173784
    [TranDate] => 20250120183137
    [CheckString] => cc3aae3ddd0e2b28013ab6e160ae59d3
    [Amount] => 3830
    [JobCd] => CAPTURE
    [action_status] => 3
    [pay_status] => 13
)
 from 86.48.13.49
2025/01/20 18:31:37 [/shop/user_data/pg_mulpay_recv.php] ******* receiveer data start ******* from 210.175.7.20
2025/01/20 18:31:37 [/shop/user_data/pg_mulpay_recv.php] Array
(
    [ShopID] => 9000034600950
    [ShopPass] => **********
    [AccessID] => e1170b46ea1a0ebee4b162bdcbd99c60
    [AccessPass] => ********************************
    [OrderID] => 960342-20183135
    [Status] => CAPTURE
    [JobCd] => CAPTURE
    [Amount] => 3830
    [Tax] => 0
    [Currency] => JPN
    [Forward] => 2959876
    [Method] => 1
    [PayTimes] => 
    [TranID] => 2501201831602257210134173784
    [Approve] => 0303284
    [TranDate] => 20250120183137
    [ErrCode] => 
    [ErrInfo] => 
    [PayType] => 0
)
 from 210.175.7.20
2025/01/20 18:31:37 [/shop/user_data/pg_mulpay_recv.php] ******* receiveer data end ******* from 210.175.7.20
2025/01/20 18:31:42 [/shop/user_data/pg_mulpay_recv.php] update order status:1 order_id=960342 from 210.175.7.20
2025/01/20 18:31:42 [/shop/user_data/pg_mulpay_recv.php] pg_mulpay_recv.php set payment data:Array
(
    [ShopID] => 9000034600950
    [AccessID] => e1170b46ea1a0ebee4b162bdcbd99c60
    [OrderID] => 960342-20183135
    [Status] => CAPTURE
    [JobCd] => CAPTURE
    [Amount] => 3830
    [Tax] => 0
    [Currency] => JPN
    [Forward] => 2959876
    [Method] => 1
    [PayTimes] => 
    [TranID] => 2501201831602257210134173784
    [Approve] => 0303284
    [TranDate] => 20250120183137
    [ErrCode] => 
    [ErrInfo] => 
    [PayType] => 0
    [CvsCode] => 
    [CvsConfNo] => 
    [CvsReceiptNo] => 
    [EdyReceiptNo] => 
    [EdyOrderNo] => 
    [SuicaReceiptNo] => 
    [SuicaOrderNo] => 
    [CustID] => 
    [BkCode] => 
    [ConfNo] => 
    [PaymentTerm] => 
    [EncryptReceiptNo] => 
    [FinishDate] => 
    [ReceiptDate] => 
    [WebMoneyManagementNo] => 
    [WebMoneySettleCode] => 
    [AuPayInfoNo] => 
    [AuPayMethod] => 
    [AuCancelAmount] => 
    [AuCancelTax] => 
    [DocomoSettlementCode] => 
    [DocomoCancelAmount] => 
    [DocomoCancelTax] => 
    [pay_status] => 13
)
 from 210.175.7.20
2025/01/20 18:31:42 [/shop/user_data/pg_mulpay_recv.php] response:true from 210.175.7.20
2025/01/20 18:40:12 [/shop/shopping/load_payment_module.php] SendRequest:https://p01.mul-pay.jp/payment/SearchMember.idPass from 112.137.191.250
2025/01/20 18:40:12 [/shop/shopping/load_payment_module.php] Array
(
    [SiteID] => mst0000007602
    [SitePass] => ******
    [MemberID] => 13141
)
 from 112.137.191.250
2025/01/20 18:40:12 [/shop/shopping/load_payment_module.php] ErrCode=E01&ErrInfo=E01390002 from 112.137.191.250
2025/01/20 18:40:12 [/shop/shopping/load_payment_module.php] Array
(
    [0] => Array
        (
            [ErrCode] => E01
            [ErrInfo] => E01390002
        )

)
 from 112.137.191.250
2025/01/20 18:40:12 [/shop/shopping/load_payment_module.php] SendRequest:https://p01.mul-pay.jp/payment/SearchCard.idPass from 112.137.191.250
2025/01/20 18:40:12 [/shop/shopping/load_payment_module.php] Array
(
    [SiteID] => mst0000007602
    [SitePass] => ******
    [MemberID] => 13141
)
 from 112.137.191.250
2025/01/20 18:40:12 [/shop/shopping/load_payment_module.php] ErrCode=E01|E01&ErrInfo=E01390002|E01240002 from 112.137.191.250
2025/01/20 18:40:12 [/shop/shopping/load_payment_module.php] Array
(
    [0] => Array
        (
            [ErrCode] => E01
            [ErrInfo] => E01390002
        )

    [1] => Array
        (
            [ErrCode] => E01
            [ErrInfo] => E01240002
        )

)
 from 112.137.191.250
2025/01/20 18:40:23 [/shop/shopping/load_payment_module.php] SendRequest:https://p01.mul-pay.jp/payment/SearchMember.idPass from 112.137.191.250
2025/01/20 18:40:23 [/shop/shopping/load_payment_module.php] Array
(
    [SiteID] => mst0000007602
    [SitePass] => ******
    [MemberID] => 13141
)
 from 112.137.191.250
2025/01/20 18:40:24 [/shop/shopping/load_payment_module.php] ErrCode=E01&ErrInfo=E01390002 from 112.137.191.250
2025/01/20 18:40:24 [/shop/shopping/load_payment_module.php] Array
(
    [0] => Array
        (
            [ErrCode] => E01
            [ErrInfo] => E01390002
        )

)
 from 112.137.191.250
2025/01/20 18:40:24 [/shop/shopping/load_payment_module.php] SendRequest:https://p01.mul-pay.jp/payment/SearchCard.idPass from 112.137.191.250
2025/01/20 18:40:24 [/shop/shopping/load_payment_module.php] Array
(
    [SiteID] => mst0000007602
    [SitePass] => ******
    [MemberID] => 13141
)
 from 112.137.191.250
2025/01/20 18:40:24 [/shop/shopping/load_payment_module.php] ErrCode=E01|E01&ErrInfo=E01390002|E01240002 from 112.137.191.250
2025/01/20 18:40:24 [/shop/shopping/load_payment_module.php] Array
(
    [0] => Array
        (
            [ErrCode] => E01
            [ErrInfo] => E01390002
        )

    [1] => Array
        (
            [ErrCode] => E01
            [ErrInfo] => E01240002
        )

)
 from 112.137.191.250
2025/01/20 18:40:24 [/shop/shopping/load_payment_module.php] SendRequest:https://p01.mul-pay.jp/payment/EntryTran.idPass from 112.137.191.250
2025/01/20 18:40:24 [/shop/shopping/load_payment_module.php] Array
(
    [ShopID] => 9000034600950
    [ShopPass] => ******
    [OrderID] => 960343-20184024
    [JobCd] => CAPTURE
    [Amount] => 15950
    [TdFlag] => 0
    [TdTenantName] => 
)
 from 112.137.191.250
2025/01/20 18:40:24 [/shop/shopping/load_payment_module.php] AccessID=0ee86ad82d3284c3f936195247975a49&AccessPass=2ff1c346e47c298685b24676109686d7 from 112.137.191.250
2025/01/20 18:40:24 [/shop/shopping/load_payment_module.php] Array
(
    [0] => Array
        (
            [AccessID] => 0ee86ad82d3284c3f936195247975a49
            [AccessPass] => 2ff1c346e47c298685b24676109686d7
        )

)
 from 112.137.191.250
2025/01/20 18:40:24 [/shop/shopping/load_payment_module.php] load_payment_module.php set payment data:Array
(
    [AccessID] => 0ee86ad82d3284c3f936195247975a49
    [AccessPass] => 2ff1c346e47c298685b24676109686d7
    [OrderID] => 960343-20184024
    [Amount] => 15950
    [JobCd] => CAPTURE
    [action_status] => 1
    [pay_status] => 0
)
 from 112.137.191.250
2025/01/20 18:40:24 [/shop/shopping/load_payment_module.php] SendRequest:https://p01.mul-pay.jp/payment/ExecTran.idPass from 112.137.191.250
2025/01/20 18:40:24 [/shop/shopping/load_payment_module.php] Array
(
    [AccessID] => 0ee86ad82d3284c3f936195247975a49
    [AccessPass] => 2ff1c346e47c298685b24676109686d7
    [OrderID] => 960343-20184024
    [Method] => 1
    [Token] => 895ba1f3adf7aa20abea5788544d6014848db1f644f50ee1b9279135de4ddae2
    [ClientField1] => 
    [ClientField2] => 
    [ClientField3] => EC-CUBE4.3.35
)
 from 112.137.191.250
2025/01/20 18:40:25 [/shop/shopping/load_payment_module.php] ACS=0&OrderID=960343-20184024&Forward=2a99661&Method=1&PayTimes=&Approve=0281151&TranID=2501201840602257210134183789&TranDate=20250120184025&CheckString=a2d9c08b447ded3f1658113efc4537d8 from 112.137.191.250
2025/01/20 18:40:25 [/shop/shopping/load_payment_module.php] Array
(
    [0] => Array
        (
            [ACS] => 0
            [OrderID] => 960343-20184024
            [Forward] => 2a99661
            [Method] => 1
            [PayTimes] => 
            [Approve] => 0281151
            [TranID] => 2501201840602257210134183789
            [TranDate] => 20250120184025
            [CheckString] => a2d9c08b447ded3f1658113efc4537d8
        )

)
 from 112.137.191.250
2025/01/20 18:40:25 [/shop/shopping/load_payment_module.php] load_payment_module.php set payment data:Array
(
    [ACS] => 0
    [Forward] => 2a99661
    [Method] => 1
    [PayTimes] => 
    [Approve] => 0281151
    [TranID] => 2501201840602257210134183789
    [TranDate] => 20250120184025
    [CheckString] => a2d9c08b447ded3f1658113efc4537d8
    [Amount] => 15950
    [JobCd] => CAPTURE
    [action_status] => 3
    [pay_status] => 13
)
 from 112.137.191.250
2025/01/20 18:40:25 [/shop/user_data/pg_mulpay_recv.php] ******* receiveer data start ******* from 210.175.7.20
2025/01/20 18:40:25 [/shop/user_data/pg_mulpay_recv.php] Array
(
    [ShopID] => 9000034600950
    [ShopPass] => **********
    [AccessID] => 0ee86ad82d3284c3f936195247975a49
    [AccessPass] => ********************************
    [OrderID] => 960343-20184024
    [Status] => CAPTURE
    [JobCd] => CAPTURE
    [Amount] => 15950
    [Tax] => 0
    [Currency] => JPN
    [Forward] => 2a99661
    [Method] => 1
    [PayTimes] => 
    [TranID] => 2501201840602257210134183789
    [Approve] => 0281151
    [TranDate] => 20250120184025
    [ErrCode] => 
    [ErrInfo] => 
    [PayType] => 0
)
 from 210.175.7.20
2025/01/20 18:40:25 [/shop/user_data/pg_mulpay_recv.php] ******* receiveer data end ******* from 210.175.7.20
2025/01/20 18:40:30 [/shop/user_data/pg_mulpay_recv.php] update order status:1 order_id=960343 from 210.175.7.20
2025/01/20 18:40:30 [/shop/user_data/pg_mulpay_recv.php] pg_mulpay_recv.php set payment data:Array
(
    [ShopID] => 9000034600950
    [AccessID] => 0ee86ad82d3284c3f936195247975a49
    [OrderID] => 960343-20184024
    [Status] => CAPTURE
    [JobCd] => CAPTURE
    [Amount] => 15950
    [Tax] => 0
    [Currency] => JPN
    [Forward] => 2a99661
    [Method] => 1
    [PayTimes] => 
    [TranID] => 2501201840602257210134183789
    [Approve] => 0281151
    [TranDate] => 20250120184025
    [ErrCode] => 
    [ErrInfo] => 
    [PayType] => 0
    [CvsCode] => 
    [CvsConfNo] => 
    [CvsReceiptNo] => 
    [EdyReceiptNo] => 
    [EdyOrderNo] => 
    [SuicaReceiptNo] => 
    [SuicaOrderNo] => 
    [CustID] => 
    [BkCode] => 
    [ConfNo] => 
    [PaymentTerm] => 
    [EncryptReceiptNo] => 
    [FinishDate] => 
    [ReceiptDate] => 
    [WebMoneyManagementNo] => 
    [WebMoneySettleCode] => 
    [AuPayInfoNo] => 
    [AuPayMethod] => 
    [AuCancelAmount] => 
    [AuCancelTax] => 
    [DocomoSettlementCode] => 
    [DocomoCancelAmount] => 
    [DocomoCancelTax] => 
    [pay_status] => 13
)
 from 210.175.7.20
2025/01/20 18:40:30 [/shop/user_data/pg_mulpay_recv.php] response:true from 210.175.7.20
2025/01/20 22:10:24 [/shop/shopping/load_payment_module.php] SendRequest:https://p01.mul-pay.jp/payment/SearchMember.idPass from 124.211.235.175
2025/01/20 22:10:24 [/shop/shopping/load_payment_module.php] Array
(
    [SiteID] => mst0000007602
    [SitePass] => ******
    [MemberID] => 11110
)
 from 124.211.235.175
2025/01/20 22:10:24 [/shop/shopping/load_payment_module.php] ErrCode=E01&ErrInfo=E01390002 from 124.211.235.175
2025/01/20 22:10:24 [/shop/shopping/load_payment_module.php] Array
(
    [0] => Array
        (
            [ErrCode] => E01
            [ErrInfo] => E01390002
        )

)
 from 124.211.235.175
2025/01/20 22:10:24 [/shop/shopping/load_payment_module.php] SendRequest:https://p01.mul-pay.jp/payment/SearchCard.idPass from 124.211.235.175
2025/01/20 22:10:24 [/shop/shopping/load_payment_module.php] Array
(
    [SiteID] => mst0000007602
    [SitePass] => ******
    [MemberID] => 11110
)
 from 124.211.235.175
2025/01/20 22:10:24 [/shop/shopping/load_payment_module.php] ErrCode=E01|E01&ErrInfo=E01390002|E01240002 from 124.211.235.175
2025/01/20 22:10:24 [/shop/shopping/load_payment_module.php] Array
(
    [0] => Array
        (
            [ErrCode] => E01
            [ErrInfo] => E01390002
        )

    [1] => Array
        (
            [ErrCode] => E01
            [ErrInfo] => E01240002
        )

)
 from 124.211.235.175
2025/01/20 22:10:40 [/shop/shopping/load_payment_module.php] SendRequest:https://p01.mul-pay.jp/payment/SearchMember.idPass from 124.211.235.175
2025/01/20 22:10:40 [/shop/shopping/load_payment_module.php] Array
(
    [SiteID] => mst0000007602
    [SitePass] => ******
    [MemberID] => 11110
)
 from 124.211.235.175
2025/01/20 22:10:40 [/shop/shopping/load_payment_module.php] ErrCode=E01&ErrInfo=E01390002 from 124.211.235.175
2025/01/20 22:10:40 [/shop/shopping/load_payment_module.php] Array
(
    [0] => Array
        (
            [ErrCode] => E01
            [ErrInfo] => E01390002
        )

)
 from 124.211.235.175
2025/01/20 22:10:40 [/shop/shopping/load_payment_module.php] SendRequest:https://p01.mul-pay.jp/payment/SearchCard.idPass from 124.211.235.175
2025/01/20 22:10:40 [/shop/shopping/load_payment_module.php] Array
(
    [SiteID] => mst0000007602
    [SitePass] => ******
    [MemberID] => 11110
)
 from 124.211.235.175
2025/01/20 22:10:40 [/shop/shopping/load_payment_module.php] ErrCode=E01|E01&ErrInfo=E01390002|E01240002 from 124.211.235.175
2025/01/20 22:10:40 [/shop/shopping/load_payment_module.php] Array
(
    [0] => Array
        (
            [ErrCode] => E01
            [ErrInfo] => E01390002
        )

    [1] => Array
        (
            [ErrCode] => E01
            [ErrInfo] => E01240002
        )

)
 from 124.211.235.175
2025/01/20 22:10:40 [/shop/shopping/load_payment_module.php] SendRequest:https://p01.mul-pay.jp/payment/EntryTran.idPass from 124.211.235.175
2025/01/20 22:10:40 [/shop/shopping/load_payment_module.php] Array
(
    [ShopID] => 9000034600950
    [ShopPass] => ******
    [OrderID] => 960344-20221040
    [JobCd] => CAPTURE
    [Amount] => 3210
    [TdFlag] => 0
    [TdTenantName] => 
)
 from 124.211.235.175
2025/01/20 22:10:40 [/shop/shopping/load_payment_module.php] AccessID=e71d7a9d34b00e5378240c33b6b1ab94&AccessPass=68861a761200fb0205709102ec93db27 from 124.211.235.175
2025/01/20 22:10:40 [/shop/shopping/load_payment_module.php] Array
(
    [0] => Array
        (
            [AccessID] => e71d7a9d34b00e5378240c33b6b1ab94
            [AccessPass] => 68861a761200fb0205709102ec93db27
        )

)
 from 124.211.235.175
2025/01/20 22:10:40 [/shop/shopping/load_payment_module.php] load_payment_module.php set payment data:Array
(
    [AccessID] => e71d7a9d34b00e5378240c33b6b1ab94
    [AccessPass] => 68861a761200fb0205709102ec93db27
    [OrderID] => 960344-20221040
    [Amount] => 3210
    [JobCd] => CAPTURE
    [action_status] => 1
    [pay_status] => 0
)
 from 124.211.235.175
2025/01/20 22:10:40 [/shop/shopping/load_payment_module.php] SendRequest:https://p01.mul-pay.jp/payment/ExecTran.idPass from 124.211.235.175
2025/01/20 22:10:40 [/shop/shopping/load_payment_module.php] Array
(
    [AccessID] => e71d7a9d34b00e5378240c33b6b1ab94
    [AccessPass] => 68861a761200fb0205709102ec93db27
    [OrderID] => 960344-20221040
    [Method] => 1
    [Token] => 06058b71a477f6fdd27ccca44e61d8041757b98fee91e3c07ea72421d3e84fde
    [ClientField1] => 
    [ClientField2] => 
    [ClientField3] => EC-CUBE4.3.35
)
 from 124.211.235.175
2025/01/20 22:10:41 [/shop/shopping/load_payment_module.php] ACS=0&OrderID=960344-20221040&Forward=2S49631&Method=1&PayTimes=&Approve=0830859&TranID=2501202210602257210134153916&TranDate=20250120221041&CheckString=7f3908f156e0ba4cc5f40bdf47a861bc from 124.211.235.175
2025/01/20 22:10:41 [/shop/shopping/load_payment_module.php] Array
(
    [0] => Array
        (
            [ACS] => 0
            [OrderID] => 960344-20221040
            [Forward] => 2S49631
            [Method] => 1
            [PayTimes] => 
            [Approve] => 0830859
            [TranID] => 2501202210602257210134153916
            [TranDate] => 20250120221041
            [CheckString] => 7f3908f156e0ba4cc5f40bdf47a861bc
        )

)
 from 124.211.235.175
2025/01/20 22:10:41 [/shop/shopping/load_payment_module.php] load_payment_module.php set payment data:Array
(
    [ACS] => 0
    [Forward] => 2S49631
    [Method] => 1
    [PayTimes] => 
    [Approve] => 0830859
    [TranID] => 2501202210602257210134153916
    [TranDate] => 20250120221041
    [CheckString] => 7f3908f156e0ba4cc5f40bdf47a861bc
    [Amount] => 3210
    [JobCd] => CAPTURE
    [action_status] => 3
    [pay_status] => 13
)
 from 124.211.235.175
2025/01/20 22:10:41 [/shop/user_data/pg_mulpay_recv.php] ******* receiveer data start ******* from 210.175.7.20
2025/01/20 22:10:41 [/shop/user_data/pg_mulpay_recv.php] Array
(
    [ShopID] => 9000034600950
    [ShopPass] => **********
    [AccessID] => e71d7a9d34b00e5378240c33b6b1ab94
    [AccessPass] => ********************************
    [OrderID] => 960344-20221040
    [Status] => CAPTURE
    [JobCd] => CAPTURE
    [Amount] => 3210
    [Tax] => 0
    [Currency] => JPN
    [Forward] => 2S49631
    [Method] => 1
    [PayTimes] => 
    [TranID] => 2501202210602257210134153916
    [Approve] => 0830859
    [TranDate] => 20250120221041
    [ErrCode] => 
    [ErrInfo] => 
    [PayType] => 0
)
 from 210.175.7.20
2025/01/20 22:10:41 [/shop/user_data/pg_mulpay_recv.php] ******* receiveer data end ******* from 210.175.7.20
2025/01/20 22:10:46 [/shop/user_data/pg_mulpay_recv.php] update order status:1 order_id=960344 from 210.175.7.20
2025/01/20 22:10:46 [/shop/user_data/pg_mulpay_recv.php] pg_mulpay_recv.php set payment data:Array
(
    [ShopID] => 9000034600950
    [AccessID] => e71d7a9d34b00e5378240c33b6b1ab94
    [OrderID] => 960344-20221040
    [Status] => CAPTURE
    [JobCd] => CAPTURE
    [Amount] => 3210
    [Tax] => 0
    [Currency] => JPN
    [Forward] => 2S49631
    [Method] => 1
    [PayTimes] => 
    [TranID] => 2501202210602257210134153916
    [Approve] => 0830859
    [TranDate] => 20250120221041
    [ErrCode] => 
    [ErrInfo] => 
    [PayType] => 0
    [CvsCode] => 
    [CvsConfNo] => 
    [CvsReceiptNo] => 
    [EdyReceiptNo] => 
    [EdyOrderNo] => 
    [SuicaReceiptNo] => 
    [SuicaOrderNo] => 
    [CustID] => 
    [BkCode] => 
    [ConfNo] => 
    [PaymentTerm] => 
    [EncryptReceiptNo] => 
    [FinishDate] => 
    [ReceiptDate] => 
    [WebMoneyManagementNo] => 
    [WebMoneySettleCode] => 
    [AuPayInfoNo] => 
    [AuPayMethod] => 
    [AuCancelAmount] => 
    [AuCancelTax] => 
    [DocomoSettlementCode] => 
    [DocomoCancelAmount] => 
    [DocomoCancelTax] => 
    [pay_status] => 13
)
 from 210.175.7.20
2025/01/20 22:10:46 [/shop/user_data/pg_mulpay_recv.php] response:true from 210.175.7.20
2025/01/20 22:58:34 [/shop/shopping/load_payment_module.php] SendRequest:https://p01.mul-pay.jp/payment/SearchMember.idPass from 75.141.62.2
2025/01/20 22:58:34 [/shop/shopping/load_payment_module.php] Array
(
    [SiteID] => mst0000007602
    [SitePass] => ******
    [MemberID] => 12742
)
 from 75.141.62.2
2025/01/20 22:58:34 [/shop/shopping/load_payment_module.php] ErrCode=E01&ErrInfo=E01390002 from 75.141.62.2
2025/01/20 22:58:34 [/shop/shopping/load_payment_module.php] Array
(
    [0] => Array
        (
            [ErrCode] => E01
            [ErrInfo] => E01390002
        )

)
 from 75.141.62.2
2025/01/20 22:58:34 [/shop/shopping/load_payment_module.php] SendRequest:https://p01.mul-pay.jp/payment/SearchCard.idPass from 75.141.62.2
2025/01/20 22:58:34 [/shop/shopping/load_payment_module.php] Array
(
    [SiteID] => mst0000007602
    [SitePass] => ******
    [MemberID] => 12742
)
 from 75.141.62.2
2025/01/20 22:58:34 [/shop/shopping/load_payment_module.php] ErrCode=E01|E01&ErrInfo=E01390002|E01240002 from 75.141.62.2
2025/01/20 22:58:34 [/shop/shopping/load_payment_module.php] Array
(
    [0] => Array
        (
            [ErrCode] => E01
            [ErrInfo] => E01390002
        )

    [1] => Array
        (
            [ErrCode] => E01
            [ErrInfo] => E01240002
        )

)
 from 75.141.62.2
2025/01/20 22:59:38 [/shop/shopping/load_payment_module.php] SendRequest:https://p01.mul-pay.jp/payment/SearchMember.idPass from 75.141.62.2
2025/01/20 22:59:38 [/shop/shopping/load_payment_module.php] Array
(
    [SiteID] => mst0000007602
    [SitePass] => ******
    [MemberID] => 12742
)
 from 75.141.62.2
2025/01/20 22:59:38 [/shop/shopping/load_payment_module.php] ErrCode=E01&ErrInfo=E01390002 from 75.141.62.2
2025/01/20 22:59:38 [/shop/shopping/load_payment_module.php] Array
(
    [0] => Array
        (
            [ErrCode] => E01
            [ErrInfo] => E01390002
        )

)
 from 75.141.62.2
2025/01/20 22:59:38 [/shop/shopping/load_payment_module.php] SendRequest:https://p01.mul-pay.jp/payment/SearchCard.idPass from 75.141.62.2
2025/01/20 22:59:38 [/shop/shopping/load_payment_module.php] Array
(
    [SiteID] => mst0000007602
    [SitePass] => ******
    [MemberID] => 12742
)
 from 75.141.62.2
2025/01/20 22:59:38 [/shop/shopping/load_payment_module.php] ErrCode=E01|E01&ErrInfo=E01390002|E01240002 from 75.141.62.2
2025/01/20 22:59:38 [/shop/shopping/load_payment_module.php] Array
(
    [0] => Array
        (
            [ErrCode] => E01
            [ErrInfo] => E01390002
        )

    [1] => Array
        (
            [ErrCode] => E01
            [ErrInfo] => E01240002
        )

)
 from 75.141.62.2
2025/01/20 22:59:38 [/shop/shopping/load_payment_module.php] SendRequest:https://p01.mul-pay.jp/payment/EntryTran.idPass from 75.141.62.2
2025/01/20 22:59:38 [/shop/shopping/load_payment_module.php] Array
(
    [ShopID] => 9000034600950
    [ShopPass] => ******
    [OrderID] => 960345-20225938
    [JobCd] => CAPTURE
    [Amount] => 10460
    [TdFlag] => 0
    [TdTenantName] => 
)
 from 75.141.62.2
2025/01/20 22:59:38 [/shop/shopping/load_payment_module.php] AccessID=c90eb1f0f35a787065535399c6fa45d1&AccessPass=05e73800487096e0c516cb1d5c7e7b3d from 75.141.62.2
2025/01/20 22:59:38 [/shop/shopping/load_payment_module.php] Array
(
    [0] => Array
        (
            [AccessID] => c90eb1f0f35a787065535399c6fa45d1
            [AccessPass] => 05e73800487096e0c516cb1d5c7e7b3d
        )

)
 from 75.141.62.2
2025/01/20 22:59:38 [/shop/shopping/load_payment_module.php] load_payment_module.php set payment data:Array
(
    [AccessID] => c90eb1f0f35a787065535399c6fa45d1
    [AccessPass] => 05e73800487096e0c516cb1d5c7e7b3d
    [OrderID] => 960345-20225938
    [Amount] => 10460
    [JobCd] => CAPTURE
    [action_status] => 1
    [pay_status] => 0
)
 from 75.141.62.2
2025/01/20 22:59:38 [/shop/shopping/load_payment_module.php] SendRequest:https://p01.mul-pay.jp/payment/ExecTran.idPass from 75.141.62.2
2025/01/20 22:59:38 [/shop/shopping/load_payment_module.php] Array
(
    [AccessID] => c90eb1f0f35a787065535399c6fa45d1
    [AccessPass] => 05e73800487096e0c516cb1d5c7e7b3d
    [OrderID] => 960345-20225938
    [Method] => 1
    [Token] => 4e00d4630a452d5c3fa052dcad9878b1551dc115ad9930930bc094c38f6c2400
    [ClientField1] => 
    [ClientField2] => 
    [ClientField3] => EC-CUBE4.3.35
)
 from 75.141.62.2
2025/01/20 22:59:39 [/shop/shopping/load_payment_module.php] ACS=0&OrderID=960345-20225938&Forward=2S49631&Method=1&PayTimes=&Approve=0081669&TranID=2501202259602257210134173785&TranDate=20250120225939&CheckString=3a1ac5632c4874f87c3576ca670c4133 from 75.141.62.2
2025/01/20 22:59:39 [/shop/shopping/load_payment_module.php] Array
(
    [0] => Array
        (
            [ACS] => 0
            [OrderID] => 960345-20225938
            [Forward] => 2S49631
            [Method] => 1
            [PayTimes] => 
            [Approve] => 0081669
            [TranID] => 2501202259602257210134173785
            [TranDate] => 20250120225939
            [CheckString] => 3a1ac5632c4874f87c3576ca670c4133
        )

)
 from 75.141.62.2
2025/01/20 22:59:39 [/shop/shopping/load_payment_module.php] load_payment_module.php set payment data:Array
(
    [ACS] => 0
    [Forward] => 2S49631
    [Method] => 1
    [PayTimes] => 
    [Approve] => 0081669
    [TranID] => 2501202259602257210134173785
    [TranDate] => 20250120225939
    [CheckString] => 3a1ac5632c4874f87c3576ca670c4133
    [Amount] => 10460
    [JobCd] => CAPTURE
    [action_status] => 3
    [pay_status] => 13
)
 from 75.141.62.2
2025/01/20 22:59:39 [/shop/user_data/pg_mulpay_recv.php] ******* receiveer data start ******* from 210.175.7.20
2025/01/20 22:59:39 [/shop/user_data/pg_mulpay_recv.php] Array
(
    [ShopID] => 9000034600950
    [ShopPass] => **********
    [AccessID] => c90eb1f0f35a787065535399c6fa45d1
    [AccessPass] => ********************************
    [OrderID] => 960345-20225938
    [Status] => CAPTURE
    [JobCd] => CAPTURE
    [Amount] => 10460
    [Tax] => 0
    [Currency] => JPN
    [Forward] => 2S49631
    [Method] => 1
    [PayTimes] => 
    [TranID] => 2501202259602257210134173785
    [Approve] => 0081669
    [TranDate] => 20250120225939
    [ErrCode] => 
    [ErrInfo] => 
    [PayType] => 0
)
 from 210.175.7.20
2025/01/20 22:59:39 [/shop/user_data/pg_mulpay_recv.php] ******* receiveer data end ******* from 210.175.7.20
2025/01/20 22:59:44 [/shop/user_data/pg_mulpay_recv.php] update order status:1 order_id=960345 from 210.175.7.20
2025/01/20 22:59:44 [/shop/user_data/pg_mulpay_recv.php] pg_mulpay_recv.php set payment data:Array
(
    [ShopID] => 9000034600950
    [AccessID] => c90eb1f0f35a787065535399c6fa45d1
    [OrderID] => 960345-20225938
    [Status] => CAPTURE
    [JobCd] => CAPTURE
    [Amount] => 10460
    [Tax] => 0
    [Currency] => JPN
    [Forward] => 2S49631
    [Method] => 1
    [PayTimes] => 
    [TranID] => 2501202259602257210134173785
    [Approve] => 0081669
    [TranDate] => 20250120225939
    [ErrCode] => 
    [ErrInfo] => 
    [PayType] => 0
    [CvsCode] => 
    [CvsConfNo] => 
    [CvsReceiptNo] => 
    [EdyReceiptNo] => 
    [EdyOrderNo] => 
    [SuicaReceiptNo] => 
    [SuicaOrderNo] => 
    [CustID] => 
    [BkCode] => 
    [ConfNo] => 
    [PaymentTerm] => 
    [EncryptReceiptNo] => 
    [FinishDate] => 
    [ReceiptDate] => 
    [WebMoneyManagementNo] => 
    [WebMoneySettleCode] => 
    [AuPayInfoNo] => 
    [AuPayMethod] => 
    [AuCancelAmount] => 
    [AuCancelTax] => 
    [DocomoSettlementCode] => 
    [DocomoCancelAmount] => 
    [DocomoCancelTax] => 
    [pay_status] => 13
)
 from 210.175.7.20
2025/01/20 22:59:44 [/shop/user_data/pg_mulpay_recv.php] response:true from 210.175.7.20
2025/01/20 23:20:15 [/shop/shopping/load_payment_module.php] SendRequest:https://p01.mul-pay.jp/payment/EntryTran.idPass from 136.23.35.73
2025/01/20 23:20:15 [/shop/shopping/load_payment_module.php] Array
(
    [ShopID] => 9000034600950
    [ShopPass] => ******
    [OrderID] => 960346-20232015
    [JobCd] => CAPTURE
    [Amount] => 7410
    [TdFlag] => 0
    [TdTenantName] => 
)
 from 136.23.35.73
2025/01/20 23:20:16 [/shop/shopping/load_payment_module.php] AccessID=b99baf62f9149a52a07a4bdfeb2e6e9b&AccessPass=ccbc4d6f431532d47af9b70c84c0d8af from 136.23.35.73
2025/01/20 23:20:16 [/shop/shopping/load_payment_module.php] Array
(
    [0] => Array
        (
            [AccessID] => b99baf62f9149a52a07a4bdfeb2e6e9b
            [AccessPass] => ccbc4d6f431532d47af9b70c84c0d8af
        )

)
 from 136.23.35.73
2025/01/20 23:20:16 [/shop/shopping/load_payment_module.php] load_payment_module.php set payment data:Array
(
    [AccessID] => b99baf62f9149a52a07a4bdfeb2e6e9b
    [AccessPass] => ccbc4d6f431532d47af9b70c84c0d8af
    [OrderID] => 960346-20232015
    [Amount] => 7410
    [JobCd] => CAPTURE
    [action_status] => 1
    [pay_status] => 0
)
 from 136.23.35.73
2025/01/20 23:20:16 [/shop/shopping/load_payment_module.php] SendRequest:https://p01.mul-pay.jp/payment/ExecTran.idPass from 136.23.35.73
2025/01/20 23:20:16 [/shop/shopping/load_payment_module.php] Array
(
    [AccessID] => b99baf62f9149a52a07a4bdfeb2e6e9b
    [AccessPass] => ccbc4d6f431532d47af9b70c84c0d8af
    [OrderID] => 960346-20232015
    [Method] => 1
    [Token] => a239160c215a32343bfadcf69127e2f32b0ace5e39ddd2afef6688e9843b313e
    [ClientField1] => 
    [ClientField2] => 
    [ClientField3] => EC-CUBE4.3.35
)
 from 136.23.35.73
2025/01/20 23:20:16 [/shop/shopping/load_payment_module.php] ACS=0&OrderID=960346-20232015&Forward=2959876&Method=1&PayTimes=&Approve=0367089&TranID=2501202320602257210134173786&TranDate=20250120232016&CheckString=5174c3acdd12f084b82ae8edb3d94e09 from 136.23.35.73
2025/01/20 23:20:16 [/shop/shopping/load_payment_module.php] Array
(
    [0] => Array
        (
            [ACS] => 0
            [OrderID] => 960346-20232015
            [Forward] => 2959876
            [Method] => 1
            [PayTimes] => 
            [Approve] => 0367089
            [TranID] => 2501202320602257210134173786
            [TranDate] => 20250120232016
            [CheckString] => 5174c3acdd12f084b82ae8edb3d94e09
        )

)
 from 136.23.35.73
2025/01/20 23:20:16 [/shop/shopping/load_payment_module.php] load_payment_module.php set payment data:Array
(
    [ACS] => 0
    [Forward] => 2959876
    [Method] => 1
    [PayTimes] => 
    [Approve] => 0367089
    [TranID] => 2501202320602257210134173786
    [TranDate] => 20250120232016
    [CheckString] => 5174c3acdd12f084b82ae8edb3d94e09
    [Amount] => 7410
    [JobCd] => CAPTURE
    [action_status] => 3
    [pay_status] => 13
)
 from 136.23.35.73
2025/01/20 23:20:17 [/shop/user_data/pg_mulpay_recv.php] ******* receiveer data start ******* from 210.175.7.20
2025/01/20 23:20:17 [/shop/user_data/pg_mulpay_recv.php] Array
(
    [ShopID] => 9000034600950
    [ShopPass] => **********
    [AccessID] => b99baf62f9149a52a07a4bdfeb2e6e9b
    [AccessPass] => ********************************
    [OrderID] => 960346-20232015
    [Status] => CAPTURE
    [JobCd] => CAPTURE
    [Amount] => 7410
    [Tax] => 0
    [Currency] => JPN
    [Forward] => 2959876
    [Method] => 1
    [PayTimes] => 
    [TranID] => 2501202320602257210134173786
    [Approve] => 0367089
    [TranDate] => 20250120232016
    [ErrCode] => 
    [ErrInfo] => 
    [PayType] => 0
)
 from 210.175.7.20
2025/01/20 23:20:17 [/shop/user_data/pg_mulpay_recv.php] ******* receiveer data end ******* from 210.175.7.20
2025/01/20 23:20:22 [/shop/user_data/pg_mulpay_recv.php] update order status:1 order_id=960346 from 210.175.7.20
2025/01/20 23:20:22 [/shop/user_data/pg_mulpay_recv.php] pg_mulpay_recv.php set payment data:Array
(
    [ShopID] => 9000034600950
    [AccessID] => b99baf62f9149a52a07a4bdfeb2e6e9b
    [OrderID] => 960346-20232015
    [Status] => CAPTURE
    [JobCd] => CAPTURE
    [Amount] => 7410
    [Tax] => 0
    [Currency] => JPN
    [Forward] => 2959876
    [Method] => 1
    [PayTimes] => 
    [TranID] => 2501202320602257210134173786
    [Approve] => 0367089
    [TranDate] => 20250120232016
    [ErrCode] => 
    [ErrInfo] => 
    [PayType] => 0
    [CvsCode] => 
    [CvsConfNo] => 
    [CvsReceiptNo] => 
    [EdyReceiptNo] => 
    [EdyOrderNo] => 
    [SuicaReceiptNo] => 
    [SuicaOrderNo] => 
    [CustID] => 
    [BkCode] => 
    [ConfNo] => 
    [PaymentTerm] => 
    [EncryptReceiptNo] => 
    [FinishDate] => 
    [ReceiptDate] => 
    [WebMoneyManagementNo] => 
    [WebMoneySettleCode] => 
    [AuPayInfoNo] => 
    [AuPayMethod] => 
    [AuCancelAmount] => 
    [AuCancelTax] => 
    [DocomoSettlementCode] => 
    [DocomoCancelAmount] => 
    [DocomoCancelTax] => 
    [pay_status] => 13
)
 from 210.175.7.20
2025/01/20 23:20:22 [/shop/user_data/pg_mulpay_recv.php] response:true from 210.175.7.20
2025/01/20 23:29:54 [/shop/shopping/load_payment_module.php] SendRequest:https://p01.mul-pay.jp/payment/EntryTran.idPass from 165.225.209.61
2025/01/20 23:29:54 [/shop/shopping/load_payment_module.php] Array
(
    [ShopID] => 9000034600950
    [ShopPass] => ******
    [OrderID] => 960347-20232954
    [JobCd] => CAPTURE
    [Amount] => 6950
    [TdFlag] => 0
    [TdTenantName] => 
)
 from 165.225.209.61
2025/01/20 23:29:54 [/shop/shopping/load_payment_module.php] AccessID=203f476da906748ef8367d6482d41525&AccessPass=d8356b4ada3af9df6e68938bc149e87c from 165.225.209.61
2025/01/20 23:29:54 [/shop/shopping/load_payment_module.php] Array
(
    [0] => Array
        (
            [AccessID] => 203f476da906748ef8367d6482d41525
            [AccessPass] => d8356b4ada3af9df6e68938bc149e87c
        )

)
 from 165.225.209.61
2025/01/20 23:29:54 [/shop/shopping/load_payment_module.php] load_payment_module.php set payment data:Array
(
    [AccessID] => 203f476da906748ef8367d6482d41525
    [AccessPass] => d8356b4ada3af9df6e68938bc149e87c
    [OrderID] => 960347-20232954
    [Amount] => 6950
    [JobCd] => CAPTURE
    [action_status] => 1
    [pay_status] => 0
)
 from 165.225.209.61
2025/01/20 23:29:54 [/shop/shopping/load_payment_module.php] SendRequest:https://p01.mul-pay.jp/payment/ExecTran.idPass from 165.225.209.61
2025/01/20 23:29:54 [/shop/shopping/load_payment_module.php] Array
(
    [AccessID] => 203f476da906748ef8367d6482d41525
    [AccessPass] => d8356b4ada3af9df6e68938bc149e87c
    [OrderID] => 960347-20232954
    [Method] => 1
    [Token] => cbf1aef4e69ea624dff549512351fe6b6898c9a8d44d9f7c77a918ce10e35587
    [ClientField1] => 
    [ClientField2] => 
    [ClientField3] => EC-CUBE4.3.35
)
 from 165.225.209.61
2025/01/20 23:29:54 [/shop/shopping/load_payment_module.php] ACS=0&OrderID=960347-20232954&Forward=2959876&Method=1&PayTimes=&Approve=0086375&TranID=2501202329602257210134163931&TranDate=20250120232954&CheckString=cebc28a71e64347738ad032024720698 from 165.225.209.61
2025/01/20 23:29:54 [/shop/shopping/load_payment_module.php] Array
(
    [0] => Array
        (
            [ACS] => 0
            [OrderID] => 960347-20232954
            [Forward] => 2959876
            [Method] => 1
            [PayTimes] => 
            [Approve] => 0086375
            [TranID] => 2501202329602257210134163931
            [TranDate] => 20250120232954
            [CheckString] => cebc28a71e64347738ad032024720698
        )

)
 from 165.225.209.61
2025/01/20 23:29:54 [/shop/shopping/load_payment_module.php] load_payment_module.php set payment data:Array
(
    [ACS] => 0
    [Forward] => 2959876
    [Method] => 1
    [PayTimes] => 
    [Approve] => 0086375
    [TranID] => 2501202329602257210134163931
    [TranDate] => 20250120232954
    [CheckString] => cebc28a71e64347738ad032024720698
    [Amount] => 6950
    [JobCd] => CAPTURE
    [action_status] => 3
    [pay_status] => 13
)
 from 165.225.209.61
2025/01/20 23:29:54 [/shop/user_data/pg_mulpay_recv.php] ******* receiveer data start ******* from 210.175.7.20
2025/01/20 23:29:54 [/shop/user_data/pg_mulpay_recv.php] Array
(
    [ShopID] => 9000034600950
    [ShopPass] => **********
    [AccessID] => 203f476da906748ef8367d6482d41525
    [AccessPass] => ********************************
    [OrderID] => 960347-20232954
    [Status] => CAPTURE
    [JobCd] => CAPTURE
    [Amount] => 6950
    [Tax] => 0
    [Currency] => JPN
    [Forward] => 2959876
    [Method] => 1
    [PayTimes] => 
    [TranID] => 2501202329602257210134163931
    [Approve] => 0086375
    [TranDate] => 20250120232954
    [ErrCode] => 
    [ErrInfo] => 
    [PayType] => 0
)
 from 210.175.7.20
2025/01/20 23:29:54 [/shop/user_data/pg_mulpay_recv.php] ******* receiveer data end ******* from 210.175.7.20
2025/01/20 23:29:59 [/shop/user_data/pg_mulpay_recv.php] update order status:1 order_id=960347 from 210.175.7.20
2025/01/20 23:29:59 [/shop/user_data/pg_mulpay_recv.php] pg_mulpay_recv.php set payment data:Array
(
    [ShopID] => 9000034600950
    [AccessID] => 203f476da906748ef8367d6482d41525
    [OrderID] => 960347-20232954
    [Status] => CAPTURE
    [JobCd] => CAPTURE
    [Amount] => 6950
    [Tax] => 0
    [Currency] => JPN
    [Forward] => 2959876
    [Method] => 1
    [PayTimes] => 
    [TranID] => 2501202329602257210134163931
    [Approve] => 0086375
    [TranDate] => 20250120232954
    [ErrCode] => 
    [ErrInfo] => 
    [PayType] => 0
    [CvsCode] => 
    [CvsConfNo] => 
    [CvsReceiptNo] => 
    [EdyReceiptNo] => 
    [EdyOrderNo] => 
    [SuicaReceiptNo] => 
    [SuicaOrderNo] => 
    [CustID] => 
    [BkCode] => 
    [ConfNo] => 
    [PaymentTerm] => 
    [EncryptReceiptNo] => 
    [FinishDate] => 
    [ReceiptDate] => 
    [WebMoneyManagementNo] => 
    [WebMoneySettleCode] => 
    [AuPayInfoNo] => 
    [AuPayMethod] => 
    [AuCancelAmount] => 
    [AuCancelTax] => 
    [DocomoSettlementCode] => 
    [DocomoCancelAmount] => 
    [DocomoCancelTax] => 
    [pay_status] => 13
)
 from 210.175.7.20
2025/01/20 23:29:59 [/shop/user_data/pg_mulpay_recv.php] response:true from 210.175.7.20
