2023/02/19 02:23:59 [/shop/shopping/load_payment_module.php] SendRequest:https://p01.mul-pay.jp/payment/SearchMember.idPass from 173.183.35.16
2023/02/19 02:23:59 [/shop/shopping/load_payment_module.php] Array
(
    [SiteID] => mst0000007602
    [SitePass] => ******
    [MemberID] => 11277
)
 from 173.183.35.16
2023/02/19 02:23:59 [/shop/shopping/load_payment_module.php] ErrCode=E01&ErrInfo=E01390002 from 173.183.35.16
2023/02/19 02:23:59 [/shop/shopping/load_payment_module.php] Array
(
    [0] => Array
        (
            [ErrCode] => E01
            [ErrInfo] => E01390002
        )

)
 from 173.183.35.16
2023/02/19 02:23:59 [/shop/shopping/load_payment_module.php] SendRequest:https://p01.mul-pay.jp/payment/SearchCard.idPass from 173.183.35.16
2023/02/19 02:23:59 [/shop/shopping/load_payment_module.php] Array
(
    [SiteID] => mst0000007602
    [SitePass] => ******
    [MemberID] => 11277
)
 from 173.183.35.16
2023/02/19 02:23:59 [/shop/shopping/load_payment_module.php] ErrCode=E01|E01&ErrInfo=E01390002|E01240002 from 173.183.35.16
2023/02/19 02:23:59 [/shop/shopping/load_payment_module.php] Array
(
    [0] => Array
        (
            [ErrCode] => E01
            [ErrInfo] => E01390002
        )

    [1] => Array
        (
            [ErrCode] => E01
            [ErrInfo] => E01240002
        )

)
 from 173.183.35.16
2023/02/19 02:24:18 [/shop/shopping/load_payment_module.php] SendRequest:https://p01.mul-pay.jp/payment/SearchMember.idPass from 173.183.35.16
2023/02/19 02:24:18 [/shop/shopping/load_payment_module.php] Array
(
    [SiteID] => mst0000007602
    [SitePass] => ******
    [MemberID] => 11277
)
 from 173.183.35.16
2023/02/19 02:24:18 [/shop/shopping/load_payment_module.php] ErrCode=E01&ErrInfo=E01390002 from 173.183.35.16
2023/02/19 02:24:18 [/shop/shopping/load_payment_module.php] Array
(
    [0] => Array
        (
            [ErrCode] => E01
            [ErrInfo] => E01390002
        )

)
 from 173.183.35.16
2023/02/19 02:24:18 [/shop/shopping/load_payment_module.php] SendRequest:https://p01.mul-pay.jp/payment/SearchCard.idPass from 173.183.35.16
2023/02/19 02:24:18 [/shop/shopping/load_payment_module.php] Array
(
    [SiteID] => mst0000007602
    [SitePass] => ******
    [MemberID] => 11277
)
 from 173.183.35.16
2023/02/19 02:24:19 [/shop/shopping/load_payment_module.php] ErrCode=E01|E01&ErrInfo=E01390002|E01240002 from 173.183.35.16
2023/02/19 02:24:19 [/shop/shopping/load_payment_module.php] Array
(
    [0] => Array
        (
            [ErrCode] => E01
            [ErrInfo] => E01390002
        )

    [1] => Array
        (
            [ErrCode] => E01
            [ErrInfo] => E01240002
        )

)
 from 173.183.35.16
2023/02/19 02:24:19 [/shop/shopping/load_payment_module.php] SendRequest:https://p01.mul-pay.jp/payment/EntryTran.idPass from 173.183.35.16
2023/02/19 02:24:19 [/shop/shopping/load_payment_module.php] Array
(
    [ShopID] => 9000034600950
    [ShopPass] => ******
    [OrderID] => 949731-19022419
    [JobCd] => CAPTURE
    [Amount] => 12900
    [TdFlag] => 0
    [TdTenantName] => 
)
 from 173.183.35.16
2023/02/19 02:24:19 [/shop/shopping/load_payment_module.php] AccessID=1078f1fa5640f9a92aa31e7d6f83e0de&AccessPass=dde8d1b4367922ff455d5fccaf144886 from 173.183.35.16
2023/02/19 02:24:19 [/shop/shopping/load_payment_module.php] Array
(
    [0] => Array
        (
            [AccessID] => 1078f1fa5640f9a92aa31e7d6f83e0de
            [AccessPass] => dde8d1b4367922ff455d5fccaf144886
        )

)
 from 173.183.35.16
2023/02/19 02:24:19 [/shop/shopping/load_payment_module.php] load_payment_module.php set payment data:Array
(
    [AccessID] => 1078f1fa5640f9a92aa31e7d6f83e0de
    [AccessPass] => dde8d1b4367922ff455d5fccaf144886
    [OrderID] => 949731-19022419
    [Amount] => 12900
    [JobCd] => CAPTURE
    [action_status] => 1
    [pay_status] => 0
)
 from 173.183.35.16
2023/02/19 02:24:19 [/shop/shopping/load_payment_module.php] SendRequest:https://p01.mul-pay.jp/payment/ExecTran.idPass from 173.183.35.16
2023/02/19 02:24:19 [/shop/shopping/load_payment_module.php] Array
(
    [AccessID] => 1078f1fa5640f9a92aa31e7d6f83e0de
    [AccessPass] => dde8d1b4367922ff455d5fccaf144886
    [OrderID] => 949731-19022419
    [Method] => 1
    [Token] => 3b218aef3923caced0917383dfcb0b273231a5d71acb5267f111602c3e776902
    [ClientField1] => 
    [ClientField2] => 
    [ClientField3] => EC-CUBE4.3.35
)
 from 173.183.35.16
2023/02/19 02:24:19 [/shop/shopping/load_payment_module.php] ACS=0&OrderID=949731-19022419&Forward=2S49631&Method=1&PayTimes=&Approve=0813097&TranID=2302190224602257210134161015&TranDate=20230219022419&CheckString=3e12ccf117b4e957c9ded1bba3759244 from 173.183.35.16
2023/02/19 02:24:19 [/shop/shopping/load_payment_module.php] Array
(
    [0] => Array
        (
            [ACS] => 0
            [OrderID] => 949731-19022419
            [Forward] => 2S49631
            [Method] => 1
            [PayTimes] => 
            [Approve] => 0813097
            [TranID] => 2302190224602257210134161015
            [TranDate] => 20230219022419
            [CheckString] => 3e12ccf117b4e957c9ded1bba3759244
        )

)
 from 173.183.35.16
2023/02/19 02:24:19 [/shop/shopping/load_payment_module.php] load_payment_module.php set payment data:Array
(
    [ACS] => 0
    [Forward] => 2S49631
    [Method] => 1
    [PayTimes] => 
    [Approve] => 0813097
    [TranID] => 2302190224602257210134161015
    [TranDate] => 20230219022419
    [CheckString] => 3e12ccf117b4e957c9ded1bba3759244
    [Amount] => 12900
    [JobCd] => CAPTURE
    [action_status] => 3
    [pay_status] => 13
)
 from 173.183.35.16
2023/02/19 02:24:20 [/shop/user_data/pg_mulpay_recv.php] ******* receiveer data start ******* from 210.175.7.20
2023/02/19 02:24:20 [/shop/user_data/pg_mulpay_recv.php] Array
(
    [ShopID] => 9000034600950
    [ShopPass] => **********
    [AccessID] => 1078f1fa5640f9a92aa31e7d6f83e0de
    [AccessPass] => ********************************
    [OrderID] => 949731-19022419
    [Status] => CAPTURE
    [JobCd] => CAPTURE
    [Amount] => 12900
    [Tax] => 0
    [Currency] => JPN
    [Forward] => 2S49631
    [Method] => 1
    [PayTimes] => 
    [TranID] => 2302190224602257210134161015
    [Approve] => 0813097
    [TranDate] => 20230219022419
    [ErrCode] => 
    [ErrInfo] => 
    [PayType] => 0
)
 from 210.175.7.20
2023/02/19 02:24:20 [/shop/user_data/pg_mulpay_recv.php] ******* receiveer data end ******* from 210.175.7.20
2023/02/19 02:24:25 [/shop/user_data/pg_mulpay_recv.php] update order status:1 order_id=949731 from 210.175.7.20
2023/02/19 02:24:25 [/shop/user_data/pg_mulpay_recv.php] pg_mulpay_recv.php set payment data:Array
(
    [ShopID] => 9000034600950
    [AccessID] => 1078f1fa5640f9a92aa31e7d6f83e0de
    [OrderID] => 949731-19022419
    [Status] => CAPTURE
    [JobCd] => CAPTURE
    [Amount] => 12900
    [Tax] => 0
    [Currency] => JPN
    [Forward] => 2S49631
    [Method] => 1
    [PayTimes] => 
    [TranID] => 2302190224602257210134161015
    [Approve] => 0813097
    [TranDate] => 20230219022419
    [ErrCode] => 
    [ErrInfo] => 
    [PayType] => 0
    [CvsCode] => 
    [CvsConfNo] => 
    [CvsReceiptNo] => 
    [EdyReceiptNo] => 
    [EdyOrderNo] => 
    [SuicaReceiptNo] => 
    [SuicaOrderNo] => 
    [CustID] => 
    [BkCode] => 
    [ConfNo] => 
    [PaymentTerm] => 
    [EncryptReceiptNo] => 
    [FinishDate] => 
    [ReceiptDate] => 
    [WebMoneyManagementNo] => 
    [WebMoneySettleCode] => 
    [AuPayInfoNo] => 
    [AuPayMethod] => 
    [AuCancelAmount] => 
    [AuCancelTax] => 
    [DocomoSettlementCode] => 
    [DocomoCancelAmount] => 
    [DocomoCancelTax] => 
    [pay_status] => 13
)
 from 210.175.7.20
2023/02/19 02:24:25 [/shop/user_data/pg_mulpay_recv.php] response:true from 210.175.7.20
2023/02/19 03:15:12 [/shop/shopping/load_payment_module.php] SendRequest:https://p01.mul-pay.jp/payment/EntryTran.idPass from 87.95.37.33
2023/02/19 03:15:12 [/shop/shopping/load_payment_module.php] Array
(
    [ShopID] => 9000034600950
    [ShopPass] => ******
    [OrderID] => 949732-19031512
    [JobCd] => CAPTURE
    [Amount] => 8440
    [TdFlag] => 0
    [TdTenantName] => 
)
 from 87.95.37.33
2023/02/19 03:15:12 [/shop/shopping/load_payment_module.php] AccessID=354a848a92fad6d2223b808fd4db7f56&AccessPass=aac6e7f5d3d916dcff0c334a4350ea46 from 87.95.37.33
2023/02/19 03:15:12 [/shop/shopping/load_payment_module.php] Array
(
    [0] => Array
        (
            [AccessID] => 354a848a92fad6d2223b808fd4db7f56
            [AccessPass] => aac6e7f5d3d916dcff0c334a4350ea46
        )

)
 from 87.95.37.33
2023/02/19 03:15:12 [/shop/shopping/load_payment_module.php] load_payment_module.php set payment data:Array
(
    [AccessID] => 354a848a92fad6d2223b808fd4db7f56
    [AccessPass] => aac6e7f5d3d916dcff0c334a4350ea46
    [OrderID] => 949732-19031512
    [Amount] => 8440
    [JobCd] => CAPTURE
    [action_status] => 1
    [pay_status] => 0
)
 from 87.95.37.33
2023/02/19 03:15:12 [/shop/shopping/load_payment_module.php] SendRequest:https://p01.mul-pay.jp/payment/ExecTran.idPass from 87.95.37.33
2023/02/19 03:15:12 [/shop/shopping/load_payment_module.php] Array
(
    [AccessID] => 354a848a92fad6d2223b808fd4db7f56
    [AccessPass] => aac6e7f5d3d916dcff0c334a4350ea46
    [OrderID] => 949732-19031512
    [Method] => 1
    [Token] => b2a011111629324fcce77ce4030aec69e344d8d7f000b681d6b2b8045dd91096
    [ClientField1] => 
    [ClientField2] => 
    [ClientField3] => EC-CUBE4.3.35
)
 from 87.95.37.33
2023/02/19 03:15:12 [/shop/shopping/load_payment_module.php] ACS=0&OrderID=949732-19031512&Forward=2959876&Method=1&PayTimes=&Approve=0964577&TranID=2302190315602257210134170926&TranDate=20230219031512&CheckString=fd958e3e34d6145ae757346e05fd7154 from 87.95.37.33
2023/02/19 03:15:12 [/shop/shopping/load_payment_module.php] Array
(
    [0] => Array
        (
            [ACS] => 0
            [OrderID] => 949732-19031512
            [Forward] => 2959876
            [Method] => 1
            [PayTimes] => 
            [Approve] => 0964577
            [TranID] => 2302190315602257210134170926
            [TranDate] => 20230219031512
            [CheckString] => fd958e3e34d6145ae757346e05fd7154
        )

)
 from 87.95.37.33
2023/02/19 03:15:12 [/shop/shopping/load_payment_module.php] load_payment_module.php set payment data:Array
(
    [ACS] => 0
    [Forward] => 2959876
    [Method] => 1
    [PayTimes] => 
    [Approve] => 0964577
    [TranID] => 2302190315602257210134170926
    [TranDate] => 20230219031512
    [CheckString] => fd958e3e34d6145ae757346e05fd7154
    [Amount] => 8440
    [JobCd] => CAPTURE
    [action_status] => 3
    [pay_status] => 13
)
 from 87.95.37.33
2023/02/19 03:15:13 [/shop/user_data/pg_mulpay_recv.php] ******* receiveer data start ******* from 210.175.7.20
2023/02/19 03:15:13 [/shop/user_data/pg_mulpay_recv.php] Array
(
    [ShopID] => 9000034600950
    [ShopPass] => **********
    [AccessID] => 354a848a92fad6d2223b808fd4db7f56
    [AccessPass] => ********************************
    [OrderID] => 949732-19031512
    [Status] => CAPTURE
    [JobCd] => CAPTURE
    [Amount] => 8440
    [Tax] => 0
    [Currency] => JPN
    [Forward] => 2959876
    [Method] => 1
    [PayTimes] => 
    [TranID] => 2302190315602257210134170926
    [Approve] => 0964577
    [TranDate] => 20230219031512
    [ErrCode] => 
    [ErrInfo] => 
    [PayType] => 0
)
 from 210.175.7.20
2023/02/19 03:15:13 [/shop/user_data/pg_mulpay_recv.php] ******* receiveer data end ******* from 210.175.7.20
2023/02/19 03:15:18 [/shop/user_data/pg_mulpay_recv.php] update order status:1 order_id=949732 from 210.175.7.20
2023/02/19 03:15:18 [/shop/user_data/pg_mulpay_recv.php] pg_mulpay_recv.php set payment data:Array
(
    [ShopID] => 9000034600950
    [AccessID] => 354a848a92fad6d2223b808fd4db7f56
    [OrderID] => 949732-19031512
    [Status] => CAPTURE
    [JobCd] => CAPTURE
    [Amount] => 8440
    [Tax] => 0
    [Currency] => JPN
    [Forward] => 2959876
    [Method] => 1
    [PayTimes] => 
    [TranID] => 2302190315602257210134170926
    [Approve] => 0964577
    [TranDate] => 20230219031512
    [ErrCode] => 
    [ErrInfo] => 
    [PayType] => 0
    [CvsCode] => 
    [CvsConfNo] => 
    [CvsReceiptNo] => 
    [EdyReceiptNo] => 
    [EdyOrderNo] => 
    [SuicaReceiptNo] => 
    [SuicaOrderNo] => 
    [CustID] => 
    [BkCode] => 
    [ConfNo] => 
    [PaymentTerm] => 
    [EncryptReceiptNo] => 
    [FinishDate] => 
    [ReceiptDate] => 
    [WebMoneyManagementNo] => 
    [WebMoneySettleCode] => 
    [AuPayInfoNo] => 
    [AuPayMethod] => 
    [AuCancelAmount] => 
    [AuCancelTax] => 
    [DocomoSettlementCode] => 
    [DocomoCancelAmount] => 
    [DocomoCancelTax] => 
    [pay_status] => 13
)
 from 210.175.7.20
2023/02/19 03:15:18 [/shop/user_data/pg_mulpay_recv.php] response:true from 210.175.7.20
2023/02/19 09:03:09 [/shop/shopping/load_payment_module.php] SendRequest:https://p01.mul-pay.jp/payment/EntryTran.idPass from 175.105.80.18
2023/02/19 09:03:09 [/shop/shopping/load_payment_module.php] Array
(
    [ShopID] => 9000034600950
    [ShopPass] => ******
    [OrderID] => 949733-19090309
    [JobCd] => CAPTURE
    [Amount] => 9950
    [TdFlag] => 0
    [TdTenantName] => 
)
 from 175.105.80.18
2023/02/19 09:03:09 [/shop/shopping/load_payment_module.php] AccessID=b59dbb056314d017a7481941b3bab674&AccessPass=15a2c8fd6b0a8a62348301cb02397fcd from 175.105.80.18
2023/02/19 09:03:09 [/shop/shopping/load_payment_module.php] Array
(
    [0] => Array
        (
            [AccessID] => b59dbb056314d017a7481941b3bab674
            [AccessPass] => 15a2c8fd6b0a8a62348301cb02397fcd
        )

)
 from 175.105.80.18
2023/02/19 09:03:09 [/shop/shopping/load_payment_module.php] load_payment_module.php set payment data:Array
(
    [AccessID] => b59dbb056314d017a7481941b3bab674
    [AccessPass] => 15a2c8fd6b0a8a62348301cb02397fcd
    [OrderID] => 949733-19090309
    [Amount] => 9950
    [JobCd] => CAPTURE
    [action_status] => 1
    [pay_status] => 0
)
 from 175.105.80.18
2023/02/19 09:03:09 [/shop/shopping/load_payment_module.php] SendRequest:https://p01.mul-pay.jp/payment/ExecTran.idPass from 175.105.80.18
2023/02/19 09:03:09 [/shop/shopping/load_payment_module.php] Array
(
    [AccessID] => b59dbb056314d017a7481941b3bab674
    [AccessPass] => 15a2c8fd6b0a8a62348301cb02397fcd
    [OrderID] => 949733-19090309
    [Method] => 1
    [Token] => 58c7a4a41e0e9543256c842e7d087101feefc39e028a02e788b81eb7bab461d5
    [ClientField1] => 
    [ClientField2] => 
    [ClientField3] => EC-CUBE4.3.35
)
 from 175.105.80.18
2023/02/19 09:03:09 [/shop/shopping/load_payment_module.php] ACS=0&OrderID=949733-19090309&Forward=2S49631&Method=1&PayTimes=&Approve=0092889&TranID=2302190903602257210134181034&TranDate=20230219090309&CheckString=a131bea90215bf93311b9f298b5ddab2 from 175.105.80.18
2023/02/19 09:03:09 [/shop/shopping/load_payment_module.php] Array
(
    [0] => Array
        (
            [ACS] => 0
            [OrderID] => 949733-19090309
            [Forward] => 2S49631
            [Method] => 1
            [PayTimes] => 
            [Approve] => 0092889
            [TranID] => 2302190903602257210134181034
            [TranDate] => 20230219090309
            [CheckString] => a131bea90215bf93311b9f298b5ddab2
        )

)
 from 175.105.80.18
2023/02/19 09:03:09 [/shop/shopping/load_payment_module.php] load_payment_module.php set payment data:Array
(
    [ACS] => 0
    [Forward] => 2S49631
    [Method] => 1
    [PayTimes] => 
    [Approve] => 0092889
    [TranID] => 2302190903602257210134181034
    [TranDate] => 20230219090309
    [CheckString] => a131bea90215bf93311b9f298b5ddab2
    [Amount] => 9950
    [JobCd] => CAPTURE
    [action_status] => 3
    [pay_status] => 13
)
 from 175.105.80.18
2023/02/19 09:03:10 [/shop/user_data/pg_mulpay_recv.php] ******* receiveer data start ******* from 210.175.7.20
2023/02/19 09:03:10 [/shop/user_data/pg_mulpay_recv.php] Array
(
    [ShopID] => 9000034600950
    [ShopPass] => **********
    [AccessID] => b59dbb056314d017a7481941b3bab674
    [AccessPass] => ********************************
    [OrderID] => 949733-19090309
    [Status] => CAPTURE
    [JobCd] => CAPTURE
    [Amount] => 9950
    [Tax] => 0
    [Currency] => JPN
    [Forward] => 2S49631
    [Method] => 1
    [PayTimes] => 
    [TranID] => 2302190903602257210134181034
    [Approve] => 0092889
    [TranDate] => 20230219090309
    [ErrCode] => 
    [ErrInfo] => 
    [PayType] => 0
)
 from 210.175.7.20
2023/02/19 09:03:10 [/shop/user_data/pg_mulpay_recv.php] ******* receiveer data end ******* from 210.175.7.20
2023/02/19 09:03:15 [/shop/user_data/pg_mulpay_recv.php] update order status:1 order_id=949733 from 210.175.7.20
2023/02/19 09:03:15 [/shop/user_data/pg_mulpay_recv.php] pg_mulpay_recv.php set payment data:Array
(
    [ShopID] => 9000034600950
    [AccessID] => b59dbb056314d017a7481941b3bab674
    [OrderID] => 949733-19090309
    [Status] => CAPTURE
    [JobCd] => CAPTURE
    [Amount] => 9950
    [Tax] => 0
    [Currency] => JPN
    [Forward] => 2S49631
    [Method] => 1
    [PayTimes] => 
    [TranID] => 2302190903602257210134181034
    [Approve] => 0092889
    [TranDate] => 20230219090309
    [ErrCode] => 
    [ErrInfo] => 
    [PayType] => 0
    [CvsCode] => 
    [CvsConfNo] => 
    [CvsReceiptNo] => 
    [EdyReceiptNo] => 
    [EdyOrderNo] => 
    [SuicaReceiptNo] => 
    [SuicaOrderNo] => 
    [CustID] => 
    [BkCode] => 
    [ConfNo] => 
    [PaymentTerm] => 
    [EncryptReceiptNo] => 
    [FinishDate] => 
    [ReceiptDate] => 
    [WebMoneyManagementNo] => 
    [WebMoneySettleCode] => 
    [AuPayInfoNo] => 
    [AuPayMethod] => 
    [AuCancelAmount] => 
    [AuCancelTax] => 
    [DocomoSettlementCode] => 
    [DocomoCancelAmount] => 
    [DocomoCancelTax] => 
    [pay_status] => 13
)
 from 210.175.7.20
2023/02/19 09:03:15 [/shop/user_data/pg_mulpay_recv.php] response:true from 210.175.7.20
2023/02/19 10:22:08 [/shop/shopping/load_payment_module.php] SendRequest:https://p01.mul-pay.jp/payment/EntryTran.idPass from 90.149.54.239
2023/02/19 10:22:08 [/shop/shopping/load_payment_module.php] Array
(
    [ShopID] => 9000034600950
    [ShopPass] => ******
    [OrderID] => 949734-19102208
    [JobCd] => CAPTURE
    [Amount] => 8450
    [TdFlag] => 0
    [TdTenantName] => 
)
 from 90.149.54.239
2023/02/19 10:22:08 [/shop/shopping/load_payment_module.php] AccessID=dbb75410d482798985e100029990cba4&AccessPass=945f50f10afa35811e67b44d60723c09 from 90.149.54.239
2023/02/19 10:22:08 [/shop/shopping/load_payment_module.php] Array
(
    [0] => Array
        (
            [AccessID] => dbb75410d482798985e100029990cba4
            [AccessPass] => 945f50f10afa35811e67b44d60723c09
        )

)
 from 90.149.54.239
2023/02/19 10:22:08 [/shop/shopping/load_payment_module.php] load_payment_module.php set payment data:Array
(
    [AccessID] => dbb75410d482798985e100029990cba4
    [AccessPass] => 945f50f10afa35811e67b44d60723c09
    [OrderID] => 949734-19102208
    [Amount] => 8450
    [JobCd] => CAPTURE
    [action_status] => 1
    [pay_status] => 0
)
 from 90.149.54.239
2023/02/19 10:22:08 [/shop/shopping/load_payment_module.php] SendRequest:https://p01.mul-pay.jp/payment/ExecTran.idPass from 90.149.54.239
2023/02/19 10:22:08 [/shop/shopping/load_payment_module.php] Array
(
    [AccessID] => dbb75410d482798985e100029990cba4
    [AccessPass] => 945f50f10afa35811e67b44d60723c09
    [OrderID] => 949734-19102208
    [Method] => 1
    [Token] => a7bfbaf0ea65981470024766a5d3feb439cb3defd4afe9780a843d5549da996f
    [ClientField1] => 
    [ClientField2] => 
    [ClientField3] => EC-CUBE4.3.35
)
 from 90.149.54.239
2023/02/19 10:22:09 [/shop/shopping/load_payment_module.php] ACS=0&OrderID=949734-19102208&Forward=2959876&Method=1&PayTimes=&Approve=0783961&TranID=2302191022602257210134170927&TranDate=20230219102209&CheckString=b53a1610ad8cce2d96a7b1aac5979a15 from 90.149.54.239
2023/02/19 10:22:09 [/shop/shopping/load_payment_module.php] Array
(
    [0] => Array
        (
            [ACS] => 0
            [OrderID] => 949734-19102208
            [Forward] => 2959876
            [Method] => 1
            [PayTimes] => 
            [Approve] => 0783961
            [TranID] => 2302191022602257210134170927
            [TranDate] => 20230219102209
            [CheckString] => b53a1610ad8cce2d96a7b1aac5979a15
        )

)
 from 90.149.54.239
2023/02/19 10:22:09 [/shop/shopping/load_payment_module.php] load_payment_module.php set payment data:Array
(
    [ACS] => 0
    [Forward] => 2959876
    [Method] => 1
    [PayTimes] => 
    [Approve] => 0783961
    [TranID] => 2302191022602257210134170927
    [TranDate] => 20230219102209
    [CheckString] => b53a1610ad8cce2d96a7b1aac5979a15
    [Amount] => 8450
    [JobCd] => CAPTURE
    [action_status] => 3
    [pay_status] => 13
)
 from 90.149.54.239
2023/02/19 10:22:09 [/shop/user_data/pg_mulpay_recv.php] ******* receiveer data start ******* from 210.175.7.20
2023/02/19 10:22:09 [/shop/user_data/pg_mulpay_recv.php] Array
(
    [ShopID] => 9000034600950
    [ShopPass] => **********
    [AccessID] => dbb75410d482798985e100029990cba4
    [AccessPass] => ********************************
    [OrderID] => 949734-19102208
    [Status] => CAPTURE
    [JobCd] => CAPTURE
    [Amount] => 8450
    [Tax] => 0
    [Currency] => JPN
    [Forward] => 2959876
    [Method] => 1
    [PayTimes] => 
    [TranID] => 2302191022602257210134170927
    [Approve] => 0783961
    [TranDate] => 20230219102209
    [ErrCode] => 
    [ErrInfo] => 
    [PayType] => 0
)
 from 210.175.7.20
2023/02/19 10:22:09 [/shop/user_data/pg_mulpay_recv.php] ******* receiveer data end ******* from 210.175.7.20
2023/02/19 10:22:14 [/shop/user_data/pg_mulpay_recv.php] update order status:1 order_id=949734 from 210.175.7.20
2023/02/19 10:22:14 [/shop/user_data/pg_mulpay_recv.php] pg_mulpay_recv.php set payment data:Array
(
    [ShopID] => 9000034600950
    [AccessID] => dbb75410d482798985e100029990cba4
    [OrderID] => 949734-19102208
    [Status] => CAPTURE
    [JobCd] => CAPTURE
    [Amount] => 8450
    [Tax] => 0
    [Currency] => JPN
    [Forward] => 2959876
    [Method] => 1
    [PayTimes] => 
    [TranID] => 2302191022602257210134170927
    [Approve] => 0783961
    [TranDate] => 20230219102209
    [ErrCode] => 
    [ErrInfo] => 
    [PayType] => 0
    [CvsCode] => 
    [CvsConfNo] => 
    [CvsReceiptNo] => 
    [EdyReceiptNo] => 
    [EdyOrderNo] => 
    [SuicaReceiptNo] => 
    [SuicaOrderNo] => 
    [CustID] => 
    [BkCode] => 
    [ConfNo] => 
    [PaymentTerm] => 
    [EncryptReceiptNo] => 
    [FinishDate] => 
    [ReceiptDate] => 
    [WebMoneyManagementNo] => 
    [WebMoneySettleCode] => 
    [AuPayInfoNo] => 
    [AuPayMethod] => 
    [AuCancelAmount] => 
    [AuCancelTax] => 
    [DocomoSettlementCode] => 
    [DocomoCancelAmount] => 
    [DocomoCancelTax] => 
    [pay_status] => 13
)
 from 210.175.7.20
2023/02/19 10:22:14 [/shop/user_data/pg_mulpay_recv.php] response:true from 210.175.7.20
2023/02/19 14:19:55 [/shop/shopping/load_payment_module.php] SendRequest:https://p01.mul-pay.jp/payment/SearchMember.idPass from 116.251.142.94
2023/02/19 14:19:55 [/shop/shopping/load_payment_module.php] Array
(
    [SiteID] => mst0000007602
    [SitePass] => ******
    [MemberID] => 11285
)
 from 116.251.142.94
2023/02/19 14:19:55 [/shop/shopping/load_payment_module.php] ErrCode=E01&ErrInfo=E01390002 from 116.251.142.94
2023/02/19 14:19:55 [/shop/shopping/load_payment_module.php] Array
(
    [0] => Array
        (
            [ErrCode] => E01
            [ErrInfo] => E01390002
        )

)
 from 116.251.142.94
2023/02/19 14:19:55 [/shop/shopping/load_payment_module.php] SendRequest:https://p01.mul-pay.jp/payment/SearchCard.idPass from 116.251.142.94
2023/02/19 14:19:55 [/shop/shopping/load_payment_module.php] Array
(
    [SiteID] => mst0000007602
    [SitePass] => ******
    [MemberID] => 11285
)
 from 116.251.142.94
2023/02/19 14:19:55 [/shop/shopping/load_payment_module.php] ErrCode=E01|E01&ErrInfo=E01390002|E01240002 from 116.251.142.94
2023/02/19 14:19:55 [/shop/shopping/load_payment_module.php] Array
(
    [0] => Array
        (
            [ErrCode] => E01
            [ErrInfo] => E01390002
        )

    [1] => Array
        (
            [ErrCode] => E01
            [ErrInfo] => E01240002
        )

)
 from 116.251.142.94
2023/02/19 14:20:10 [/shop/shopping/load_payment_module.php] SendRequest:https://p01.mul-pay.jp/payment/SearchMember.idPass from 116.251.142.94
2023/02/19 14:20:10 [/shop/shopping/load_payment_module.php] Array
(
    [SiteID] => mst0000007602
    [SitePass] => ******
    [MemberID] => 11285
)
 from 116.251.142.94
2023/02/19 14:20:10 [/shop/shopping/load_payment_module.php] ErrCode=E01&ErrInfo=E01390002 from 116.251.142.94
2023/02/19 14:20:10 [/shop/shopping/load_payment_module.php] Array
(
    [0] => Array
        (
            [ErrCode] => E01
            [ErrInfo] => E01390002
        )

)
 from 116.251.142.94
2023/02/19 14:20:10 [/shop/shopping/load_payment_module.php] SendRequest:https://p01.mul-pay.jp/payment/SearchCard.idPass from 116.251.142.94
2023/02/19 14:20:10 [/shop/shopping/load_payment_module.php] Array
(
    [SiteID] => mst0000007602
    [SitePass] => ******
    [MemberID] => 11285
)
 from 116.251.142.94
2023/02/19 14:20:10 [/shop/shopping/load_payment_module.php] ErrCode=E01|E01&ErrInfo=E01390002|E01240002 from 116.251.142.94
2023/02/19 14:20:10 [/shop/shopping/load_payment_module.php] Array
(
    [0] => Array
        (
            [ErrCode] => E01
            [ErrInfo] => E01390002
        )

    [1] => Array
        (
            [ErrCode] => E01
            [ErrInfo] => E01240002
        )

)
 from 116.251.142.94
2023/02/19 14:20:10 [/shop/shopping/load_payment_module.php] SendRequest:https://p01.mul-pay.jp/payment/EntryTran.idPass from 116.251.142.94
2023/02/19 14:20:10 [/shop/shopping/load_payment_module.php] Array
(
    [ShopID] => 9000034600950
    [ShopPass] => ******
    [OrderID] => 949735-19142010
    [JobCd] => CAPTURE
    [Amount] => 8800
    [TdFlag] => 0
    [TdTenantName] => 
)
 from 116.251.142.94
2023/02/19 14:20:10 [/shop/shopping/load_payment_module.php] AccessID=99366f3fcd3432e36fda14ee6fa788dc&AccessPass=c6bb0cd33b9ed0baac5b414e8938d06b from 116.251.142.94
2023/02/19 14:20:10 [/shop/shopping/load_payment_module.php] Array
(
    [0] => Array
        (
            [AccessID] => 99366f3fcd3432e36fda14ee6fa788dc
            [AccessPass] => c6bb0cd33b9ed0baac5b414e8938d06b
        )

)
 from 116.251.142.94
2023/02/19 14:20:10 [/shop/shopping/load_payment_module.php] load_payment_module.php set payment data:Array
(
    [AccessID] => 99366f3fcd3432e36fda14ee6fa788dc
    [AccessPass] => c6bb0cd33b9ed0baac5b414e8938d06b
    [OrderID] => 949735-19142010
    [Amount] => 8800
    [JobCd] => CAPTURE
    [action_status] => 1
    [pay_status] => 0
)
 from 116.251.142.94
2023/02/19 14:20:10 [/shop/shopping/load_payment_module.php] SendRequest:https://p01.mul-pay.jp/payment/ExecTran.idPass from 116.251.142.94
2023/02/19 14:20:10 [/shop/shopping/load_payment_module.php] Array
(
    [AccessID] => 99366f3fcd3432e36fda14ee6fa788dc
    [AccessPass] => c6bb0cd33b9ed0baac5b414e8938d06b
    [OrderID] => 949735-19142010
    [Method] => 1
    [Token] => 97787580ced96261b3b96c66159e50bcbb8562007773472e53ddc7f64debd3df
    [ClientField1] => 
    [ClientField2] => 
    [ClientField3] => EC-CUBE4.3.35
)
 from 116.251.142.94
2023/02/19 14:20:11 [/shop/shopping/load_payment_module.php] ACS=0&OrderID=949735-19142010&Forward=2S49631&Method=1&PayTimes=&Approve=0013461&TranID=2302191420602257210134170928&TranDate=20230219142011&CheckString=72495dab4a95e31c73d720f15eb5f9e7 from 116.251.142.94
2023/02/19 14:20:11 [/shop/shopping/load_payment_module.php] Array
(
    [0] => Array
        (
            [ACS] => 0
            [OrderID] => 949735-19142010
            [Forward] => 2S49631
            [Method] => 1
            [PayTimes] => 
            [Approve] => 0013461
            [TranID] => 2302191420602257210134170928
            [TranDate] => 20230219142011
            [CheckString] => 72495dab4a95e31c73d720f15eb5f9e7
        )

)
 from 116.251.142.94
2023/02/19 14:20:11 [/shop/shopping/load_payment_module.php] load_payment_module.php set payment data:Array
(
    [ACS] => 0
    [Forward] => 2S49631
    [Method] => 1
    [PayTimes] => 
    [Approve] => 0013461
    [TranID] => 2302191420602257210134170928
    [TranDate] => 20230219142011
    [CheckString] => 72495dab4a95e31c73d720f15eb5f9e7
    [Amount] => 8800
    [JobCd] => CAPTURE
    [action_status] => 3
    [pay_status] => 13
)
 from 116.251.142.94
2023/02/19 14:20:11 [/shop/user_data/pg_mulpay_recv.php] ******* receiveer data start ******* from 210.175.7.20
2023/02/19 14:20:11 [/shop/user_data/pg_mulpay_recv.php] Array
(
    [ShopID] => 9000034600950
    [ShopPass] => **********
    [AccessID] => 99366f3fcd3432e36fda14ee6fa788dc
    [AccessPass] => ********************************
    [OrderID] => 949735-19142010
    [Status] => CAPTURE
    [JobCd] => CAPTURE
    [Amount] => 8800
    [Tax] => 0
    [Currency] => JPN
    [Forward] => 2S49631
    [Method] => 1
    [PayTimes] => 
    [TranID] => 2302191420602257210134170928
    [Approve] => 0013461
    [TranDate] => 20230219142011
    [ErrCode] => 
    [ErrInfo] => 
    [PayType] => 0
)
 from 210.175.7.20
2023/02/19 14:20:11 [/shop/user_data/pg_mulpay_recv.php] ******* receiveer data end ******* from 210.175.7.20
2023/02/19 14:20:16 [/shop/user_data/pg_mulpay_recv.php] update order status:1 order_id=949735 from 210.175.7.20
2023/02/19 14:20:16 [/shop/user_data/pg_mulpay_recv.php] pg_mulpay_recv.php set payment data:Array
(
    [ShopID] => 9000034600950
    [AccessID] => 99366f3fcd3432e36fda14ee6fa788dc
    [OrderID] => 949735-19142010
    [Status] => CAPTURE
    [JobCd] => CAPTURE
    [Amount] => 8800
    [Tax] => 0
    [Currency] => JPN
    [Forward] => 2S49631
    [Method] => 1
    [PayTimes] => 
    [TranID] => 2302191420602257210134170928
    [Approve] => 0013461
    [TranDate] => 20230219142011
    [ErrCode] => 
    [ErrInfo] => 
    [PayType] => 0
    [CvsCode] => 
    [CvsConfNo] => 
    [CvsReceiptNo] => 
    [EdyReceiptNo] => 
    [EdyOrderNo] => 
    [SuicaReceiptNo] => 
    [SuicaOrderNo] => 
    [CustID] => 
    [BkCode] => 
    [ConfNo] => 
    [PaymentTerm] => 
    [EncryptReceiptNo] => 
    [FinishDate] => 
    [ReceiptDate] => 
    [WebMoneyManagementNo] => 
    [WebMoneySettleCode] => 
    [AuPayInfoNo] => 
    [AuPayMethod] => 
    [AuCancelAmount] => 
    [AuCancelTax] => 
    [DocomoSettlementCode] => 
    [DocomoCancelAmount] => 
    [DocomoCancelTax] => 
    [pay_status] => 13
)
 from 210.175.7.20
2023/02/19 14:20:16 [/shop/user_data/pg_mulpay_recv.php] response:true from 210.175.7.20
2023/02/19 15:55:03 [/shop/shopping/load_payment_module.php] SendRequest:https://p01.mul-pay.jp/payment/EntryTran.idPass from 36.10.47.139
2023/02/19 15:55:03 [/shop/shopping/load_payment_module.php] Array
(
    [ShopID] => 9000034600950
    [ShopPass] => ******
    [OrderID] => 949736-19155503
    [JobCd] => CAPTURE
    [Amount] => 3830
    [TdFlag] => 0
    [TdTenantName] => 
)
 from 36.10.47.139
2023/02/19 15:55:03 [/shop/shopping/load_payment_module.php] AccessID=c4326c8073cf11f28446847dd060ab49&AccessPass=d72bdefffff348f5722a041786cc4443 from 36.10.47.139
2023/02/19 15:55:03 [/shop/shopping/load_payment_module.php] Array
(
    [0] => Array
        (
            [AccessID] => c4326c8073cf11f28446847dd060ab49
            [AccessPass] => d72bdefffff348f5722a041786cc4443
        )

)
 from 36.10.47.139
2023/02/19 15:55:03 [/shop/shopping/load_payment_module.php] load_payment_module.php set payment data:Array
(
    [AccessID] => c4326c8073cf11f28446847dd060ab49
    [AccessPass] => d72bdefffff348f5722a041786cc4443
    [OrderID] => 949736-19155503
    [Amount] => 3830
    [JobCd] => CAPTURE
    [action_status] => 1
    [pay_status] => 0
)
 from 36.10.47.139
2023/02/19 15:55:03 [/shop/shopping/load_payment_module.php] SendRequest:https://p01.mul-pay.jp/payment/ExecTran.idPass from 36.10.47.139
2023/02/19 15:55:03 [/shop/shopping/load_payment_module.php] Array
(
    [AccessID] => c4326c8073cf11f28446847dd060ab49
    [AccessPass] => d72bdefffff348f5722a041786cc4443
    [OrderID] => 949736-19155503
    [Method] => 1
    [Token] => 9df66dee81da2bddf3547612f6f596652dda26bed720859bd975f04d8dcee65a
    [ClientField1] => 
    [ClientField2] => 
    [ClientField3] => EC-CUBE4.3.35
)
 from 36.10.47.139
2023/02/19 15:55:04 [/shop/shopping/load_payment_module.php] ACS=0&OrderID=949736-19155503&Forward=2S49631&Method=1&PayTimes=&Approve=0019185&TranID=2302191555602257210134150990&TranDate=20230219155504&CheckString=ff8a1449736bb331ed216447a311b03c from 36.10.47.139
2023/02/19 15:55:04 [/shop/shopping/load_payment_module.php] Array
(
    [0] => Array
        (
            [ACS] => 0
            [OrderID] => 949736-19155503
            [Forward] => 2S49631
            [Method] => 1
            [PayTimes] => 
            [Approve] => 0019185
            [TranID] => 2302191555602257210134150990
            [TranDate] => 20230219155504
            [CheckString] => ff8a1449736bb331ed216447a311b03c
        )

)
 from 36.10.47.139
2023/02/19 15:55:04 [/shop/shopping/load_payment_module.php] load_payment_module.php set payment data:Array
(
    [ACS] => 0
    [Forward] => 2S49631
    [Method] => 1
    [PayTimes] => 
    [Approve] => 0019185
    [TranID] => 2302191555602257210134150990
    [TranDate] => 20230219155504
    [CheckString] => ff8a1449736bb331ed216447a311b03c
    [Amount] => 3830
    [JobCd] => CAPTURE
    [action_status] => 3
    [pay_status] => 13
)
 from 36.10.47.139
2023/02/19 15:55:04 [/shop/user_data/pg_mulpay_recv.php] ******* receiveer data start ******* from 210.175.7.20
2023/02/19 15:55:04 [/shop/user_data/pg_mulpay_recv.php] Array
(
    [ShopID] => 9000034600950
    [ShopPass] => **********
    [AccessID] => c4326c8073cf11f28446847dd060ab49
    [AccessPass] => ********************************
    [OrderID] => 949736-19155503
    [Status] => CAPTURE
    [JobCd] => CAPTURE
    [Amount] => 3830
    [Tax] => 0
    [Currency] => JPN
    [Forward] => 2S49631
    [Method] => 1
    [PayTimes] => 
    [TranID] => 2302191555602257210134150990
    [Approve] => 0019185
    [TranDate] => 20230219155504
    [ErrCode] => 
    [ErrInfo] => 
    [PayType] => 0
)
 from 210.175.7.20
2023/02/19 15:55:04 [/shop/user_data/pg_mulpay_recv.php] ******* receiveer data end ******* from 210.175.7.20
2023/02/19 15:55:09 [/shop/user_data/pg_mulpay_recv.php] update order status:1 order_id=949736 from 210.175.7.20
2023/02/19 15:55:09 [/shop/user_data/pg_mulpay_recv.php] pg_mulpay_recv.php set payment data:Array
(
    [ShopID] => 9000034600950
    [AccessID] => c4326c8073cf11f28446847dd060ab49
    [OrderID] => 949736-19155503
    [Status] => CAPTURE
    [JobCd] => CAPTURE
    [Amount] => 3830
    [Tax] => 0
    [Currency] => JPN
    [Forward] => 2S49631
    [Method] => 1
    [PayTimes] => 
    [TranID] => 2302191555602257210134150990
    [Approve] => 0019185
    [TranDate] => 20230219155504
    [ErrCode] => 
    [ErrInfo] => 
    [PayType] => 0
    [CvsCode] => 
    [CvsConfNo] => 
    [CvsReceiptNo] => 
    [EdyReceiptNo] => 
    [EdyOrderNo] => 
    [SuicaReceiptNo] => 
    [SuicaOrderNo] => 
    [CustID] => 
    [BkCode] => 
    [ConfNo] => 
    [PaymentTerm] => 
    [EncryptReceiptNo] => 
    [FinishDate] => 
    [ReceiptDate] => 
    [WebMoneyManagementNo] => 
    [WebMoneySettleCode] => 
    [AuPayInfoNo] => 
    [AuPayMethod] => 
    [AuCancelAmount] => 
    [AuCancelTax] => 
    [DocomoSettlementCode] => 
    [DocomoCancelAmount] => 
    [DocomoCancelTax] => 
    [pay_status] => 13
)
 from 210.175.7.20
2023/02/19 15:55:09 [/shop/user_data/pg_mulpay_recv.php] response:true from 210.175.7.20
2023/02/19 17:04:10 [/shop/shopping/load_payment_module.php] SendRequest:https://p01.mul-pay.jp/payment/EntryTran.idPass from 210.194.88.121
2023/02/19 17:04:10 [/shop/shopping/load_payment_module.php] Array
(
    [ShopID] => 9000034600950
    [ShopPass] => ******
    [OrderID] => 949737-19170410
    [JobCd] => CAPTURE
    [Amount] => 2510
    [TdFlag] => 0
    [TdTenantName] => 
)
 from 210.194.88.121
2023/02/19 17:04:10 [/shop/shopping/load_payment_module.php] AccessID=f8140e6b84e0b35f287edfb8cef0b7fa&AccessPass=f8716f4fed99d535092a2b5715fb4a96 from 210.194.88.121
2023/02/19 17:04:10 [/shop/shopping/load_payment_module.php] Array
(
    [0] => Array
        (
            [AccessID] => f8140e6b84e0b35f287edfb8cef0b7fa
            [AccessPass] => f8716f4fed99d535092a2b5715fb4a96
        )

)
 from 210.194.88.121
2023/02/19 17:04:10 [/shop/shopping/load_payment_module.php] load_payment_module.php set payment data:Array
(
    [AccessID] => f8140e6b84e0b35f287edfb8cef0b7fa
    [AccessPass] => f8716f4fed99d535092a2b5715fb4a96
    [OrderID] => 949737-19170410
    [Amount] => 2510
    [JobCd] => CAPTURE
    [action_status] => 1
    [pay_status] => 0
)
 from 210.194.88.121
2023/02/19 17:04:10 [/shop/shopping/load_payment_module.php] SendRequest:https://p01.mul-pay.jp/payment/ExecTran.idPass from 210.194.88.121
2023/02/19 17:04:10 [/shop/shopping/load_payment_module.php] Array
(
    [AccessID] => f8140e6b84e0b35f287edfb8cef0b7fa
    [AccessPass] => f8716f4fed99d535092a2b5715fb4a96
    [OrderID] => 949737-19170410
    [Method] => 1
    [Token] => d463e32578e1156da4e80b6dbcbd641ea48e62a9592480a90f1fdaed579a6f0a
    [ClientField1] => 
    [ClientField2] => 
    [ClientField3] => EC-CUBE4.3.35
)
 from 210.194.88.121
2023/02/19 17:04:11 [/shop/shopping/load_payment_module.php] ACS=0&OrderID=949737-19170410&Forward=2S49631&Method=1&PayTimes=&Approve=0764200&TranID=2302191704602257210134161016&TranDate=20230219170411&CheckString=e9656c849c2b80b7c81a88d8e6fc8554 from 210.194.88.121
2023/02/19 17:04:11 [/shop/shopping/load_payment_module.php] Array
(
    [0] => Array
        (
            [ACS] => 0
            [OrderID] => 949737-19170410
            [Forward] => 2S49631
            [Method] => 1
            [PayTimes] => 
            [Approve] => 0764200
            [TranID] => 2302191704602257210134161016
            [TranDate] => 20230219170411
            [CheckString] => e9656c849c2b80b7c81a88d8e6fc8554
        )

)
 from 210.194.88.121
2023/02/19 17:04:11 [/shop/shopping/load_payment_module.php] load_payment_module.php set payment data:Array
(
    [ACS] => 0
    [Forward] => 2S49631
    [Method] => 1
    [PayTimes] => 
    [Approve] => 0764200
    [TranID] => 2302191704602257210134161016
    [TranDate] => 20230219170411
    [CheckString] => e9656c849c2b80b7c81a88d8e6fc8554
    [Amount] => 2510
    [JobCd] => CAPTURE
    [action_status] => 3
    [pay_status] => 13
)
 from 210.194.88.121
2023/02/19 17:04:12 [/shop/user_data/pg_mulpay_recv.php] ******* receiveer data start ******* from 210.175.7.20
2023/02/19 17:04:12 [/shop/user_data/pg_mulpay_recv.php] Array
(
    [ShopID] => 9000034600950
    [ShopPass] => **********
    [AccessID] => f8140e6b84e0b35f287edfb8cef0b7fa
    [AccessPass] => ********************************
    [OrderID] => 949737-19170410
    [Status] => CAPTURE
    [JobCd] => CAPTURE
    [Amount] => 2510
    [Tax] => 0
    [Currency] => JPN
    [Forward] => 2S49631
    [Method] => 1
    [PayTimes] => 
    [TranID] => 2302191704602257210134161016
    [Approve] => 0764200
    [TranDate] => 20230219170411
    [ErrCode] => 
    [ErrInfo] => 
    [PayType] => 0
)
 from 210.175.7.20
2023/02/19 17:04:12 [/shop/user_data/pg_mulpay_recv.php] ******* receiveer data end ******* from 210.175.7.20
2023/02/19 17:04:17 [/shop/user_data/pg_mulpay_recv.php] update order status:1 order_id=949737 from 210.175.7.20
2023/02/19 17:04:17 [/shop/user_data/pg_mulpay_recv.php] pg_mulpay_recv.php set payment data:Array
(
    [ShopID] => 9000034600950
    [AccessID] => f8140e6b84e0b35f287edfb8cef0b7fa
    [OrderID] => 949737-19170410
    [Status] => CAPTURE
    [JobCd] => CAPTURE
    [Amount] => 2510
    [Tax] => 0
    [Currency] => JPN
    [Forward] => 2S49631
    [Method] => 1
    [PayTimes] => 
    [TranID] => 2302191704602257210134161016
    [Approve] => 0764200
    [TranDate] => 20230219170411
    [ErrCode] => 
    [ErrInfo] => 
    [PayType] => 0
    [CvsCode] => 
    [CvsConfNo] => 
    [CvsReceiptNo] => 
    [EdyReceiptNo] => 
    [EdyOrderNo] => 
    [SuicaReceiptNo] => 
    [SuicaOrderNo] => 
    [CustID] => 
    [BkCode] => 
    [ConfNo] => 
    [PaymentTerm] => 
    [EncryptReceiptNo] => 
    [FinishDate] => 
    [ReceiptDate] => 
    [WebMoneyManagementNo] => 
    [WebMoneySettleCode] => 
    [AuPayInfoNo] => 
    [AuPayMethod] => 
    [AuCancelAmount] => 
    [AuCancelTax] => 
    [DocomoSettlementCode] => 
    [DocomoCancelAmount] => 
    [DocomoCancelTax] => 
    [pay_status] => 13
)
 from 210.175.7.20
2023/02/19 17:04:17 [/shop/user_data/pg_mulpay_recv.php] response:true from 210.175.7.20
2023/02/19 17:57:26 [/shop/shopping/load_payment_module.php] SendRequest:https://p01.mul-pay.jp/payment/SearchMember.idPass from 50.3.70.137
2023/02/19 17:57:26 [/shop/shopping/load_payment_module.php] Array
(
    [SiteID] => mst0000007602
    [SitePass] => ******
    [MemberID] => 11275
)
 from 50.3.70.137
2023/02/19 17:57:26 [/shop/shopping/load_payment_module.php] ErrCode=E01&ErrInfo=E01390002 from 50.3.70.137
2023/02/19 17:57:26 [/shop/shopping/load_payment_module.php] Array
(
    [0] => Array
        (
            [ErrCode] => E01
            [ErrInfo] => E01390002
        )

)
 from 50.3.70.137
2023/02/19 17:57:26 [/shop/shopping/load_payment_module.php] SendRequest:https://p01.mul-pay.jp/payment/SearchCard.idPass from 50.3.70.137
2023/02/19 17:57:26 [/shop/shopping/load_payment_module.php] Array
(
    [SiteID] => mst0000007602
    [SitePass] => ******
    [MemberID] => 11275
)
 from 50.3.70.137
2023/02/19 17:57:26 [/shop/shopping/load_payment_module.php] ErrCode=E01|E01&ErrInfo=E01390002|E01240002 from 50.3.70.137
2023/02/19 17:57:26 [/shop/shopping/load_payment_module.php] Array
(
    [0] => Array
        (
            [ErrCode] => E01
            [ErrInfo] => E01390002
        )

    [1] => Array
        (
            [ErrCode] => E01
            [ErrInfo] => E01240002
        )

)
 from 50.3.70.137
2023/02/19 17:59:05 [/shop/shopping/load_payment_module.php] SendRequest:https://p01.mul-pay.jp/payment/SearchMember.idPass from 50.3.70.137
2023/02/19 17:59:05 [/shop/shopping/load_payment_module.php] Array
(
    [SiteID] => mst0000007602
    [SitePass] => ******
    [MemberID] => 11275
)
 from 50.3.70.137
2023/02/19 17:59:06 [/shop/shopping/load_payment_module.php] ErrCode=E01&ErrInfo=E01390002 from 50.3.70.137
2023/02/19 17:59:06 [/shop/shopping/load_payment_module.php] Array
(
    [0] => Array
        (
            [ErrCode] => E01
            [ErrInfo] => E01390002
        )

)
 from 50.3.70.137
2023/02/19 17:59:06 [/shop/shopping/load_payment_module.php] SendRequest:https://p01.mul-pay.jp/payment/SearchCard.idPass from 50.3.70.137
2023/02/19 17:59:06 [/shop/shopping/load_payment_module.php] Array
(
    [SiteID] => mst0000007602
    [SitePass] => ******
    [MemberID] => 11275
)
 from 50.3.70.137
2023/02/19 17:59:06 [/shop/shopping/load_payment_module.php] ErrCode=E01|E01&ErrInfo=E01390002|E01240002 from 50.3.70.137
2023/02/19 17:59:06 [/shop/shopping/load_payment_module.php] Array
(
    [0] => Array
        (
            [ErrCode] => E01
            [ErrInfo] => E01390002
        )

    [1] => Array
        (
            [ErrCode] => E01
            [ErrInfo] => E01240002
        )

)
 from 50.3.70.137
2023/02/19 17:59:06 [/shop/shopping/load_payment_module.php] SendRequest:https://p01.mul-pay.jp/payment/EntryTran.idPass from 50.3.70.137
2023/02/19 17:59:06 [/shop/shopping/load_payment_module.php] Array
(
    [ShopID] => 9000034600950
    [ShopPass] => ******
    [OrderID] => 949738-19175906
    [JobCd] => CAPTURE
    [Amount] => 25720
    [TdFlag] => 0
    [TdTenantName] => 
)
 from 50.3.70.137
2023/02/19 17:59:06 [/shop/shopping/load_payment_module.php] AccessID=fb1724636570ff906a88a346e668824f&AccessPass=e9a2cba268966bbadc7d6dfb81223ace from 50.3.70.137
2023/02/19 17:59:06 [/shop/shopping/load_payment_module.php] Array
(
    [0] => Array
        (
            [AccessID] => fb1724636570ff906a88a346e668824f
            [AccessPass] => e9a2cba268966bbadc7d6dfb81223ace
        )

)
 from 50.3.70.137
2023/02/19 17:59:06 [/shop/shopping/load_payment_module.php] load_payment_module.php set payment data:Array
(
    [AccessID] => fb1724636570ff906a88a346e668824f
    [AccessPass] => e9a2cba268966bbadc7d6dfb81223ace
    [OrderID] => 949738-19175906
    [Amount] => 25720
    [JobCd] => CAPTURE
    [action_status] => 1
    [pay_status] => 0
)
 from 50.3.70.137
2023/02/19 17:59:06 [/shop/shopping/load_payment_module.php] SendRequest:https://p01.mul-pay.jp/payment/ExecTran.idPass from 50.3.70.137
2023/02/19 17:59:06 [/shop/shopping/load_payment_module.php] Array
(
    [AccessID] => fb1724636570ff906a88a346e668824f
    [AccessPass] => e9a2cba268966bbadc7d6dfb81223ace
    [OrderID] => 949738-19175906
    [Method] => 1
    [Token] => 9f038c6f2cc5fedaacbb4eebe583765ca82a4396b2e591530c14eae5f2eef9e0
    [ClientField1] => 
    [ClientField2] => 
    [ClientField3] => EC-CUBE4.3.35
)
 from 50.3.70.137
2023/02/19 17:59:07 [/shop/shopping/load_payment_module.php] ACS=0&OrderID=949738-19175906&Forward=2S49631&Method=1&PayTimes=&Approve=0199667&TranID=2302191759602257210134150991&TranDate=20230219175907&CheckString=e12608e0bcb446dcac19c432c0441840 from 50.3.70.137
2023/02/19 17:59:07 [/shop/shopping/load_payment_module.php] Array
(
    [0] => Array
        (
            [ACS] => 0
            [OrderID] => 949738-19175906
            [Forward] => 2S49631
            [Method] => 1
            [PayTimes] => 
            [Approve] => 0199667
            [TranID] => 2302191759602257210134150991
            [TranDate] => 20230219175907
            [CheckString] => e12608e0bcb446dcac19c432c0441840
        )

)
 from 50.3.70.137
2023/02/19 17:59:07 [/shop/shopping/load_payment_module.php] load_payment_module.php set payment data:Array
(
    [ACS] => 0
    [Forward] => 2S49631
    [Method] => 1
    [PayTimes] => 
    [Approve] => 0199667
    [TranID] => 2302191759602257210134150991
    [TranDate] => 20230219175907
    [CheckString] => e12608e0bcb446dcac19c432c0441840
    [Amount] => 25720
    [JobCd] => CAPTURE
    [action_status] => 3
    [pay_status] => 13
)
 from 50.3.70.137
2023/02/19 17:59:07 [/shop/user_data/pg_mulpay_recv.php] ******* receiveer data start ******* from 210.175.7.20
2023/02/19 17:59:07 [/shop/user_data/pg_mulpay_recv.php] Array
(
    [ShopID] => 9000034600950
    [ShopPass] => **********
    [AccessID] => fb1724636570ff906a88a346e668824f
    [AccessPass] => ********************************
    [OrderID] => 949738-19175906
    [Status] => CAPTURE
    [JobCd] => CAPTURE
    [Amount] => 25720
    [Tax] => 0
    [Currency] => JPN
    [Forward] => 2S49631
    [Method] => 1
    [PayTimes] => 
    [TranID] => 2302191759602257210134150991
    [Approve] => 0199667
    [TranDate] => 20230219175907
    [ErrCode] => 
    [ErrInfo] => 
    [PayType] => 0
)
 from 210.175.7.20
2023/02/19 17:59:07 [/shop/user_data/pg_mulpay_recv.php] ******* receiveer data end ******* from 210.175.7.20
2023/02/19 17:59:12 [/shop/user_data/pg_mulpay_recv.php] update order status:1 order_id=949738 from 210.175.7.20
2023/02/19 17:59:12 [/shop/user_data/pg_mulpay_recv.php] pg_mulpay_recv.php set payment data:Array
(
    [ShopID] => 9000034600950
    [AccessID] => fb1724636570ff906a88a346e668824f
    [OrderID] => 949738-19175906
    [Status] => CAPTURE
    [JobCd] => CAPTURE
    [Amount] => 25720
    [Tax] => 0
    [Currency] => JPN
    [Forward] => 2S49631
    [Method] => 1
    [PayTimes] => 
    [TranID] => 2302191759602257210134150991
    [Approve] => 0199667
    [TranDate] => 20230219175907
    [ErrCode] => 
    [ErrInfo] => 
    [PayType] => 0
    [CvsCode] => 
    [CvsConfNo] => 
    [CvsReceiptNo] => 
    [EdyReceiptNo] => 
    [EdyOrderNo] => 
    [SuicaReceiptNo] => 
    [SuicaOrderNo] => 
    [CustID] => 
    [BkCode] => 
    [ConfNo] => 
    [PaymentTerm] => 
    [EncryptReceiptNo] => 
    [FinishDate] => 
    [ReceiptDate] => 
    [WebMoneyManagementNo] => 
    [WebMoneySettleCode] => 
    [AuPayInfoNo] => 
    [AuPayMethod] => 
    [AuCancelAmount] => 
    [AuCancelTax] => 
    [DocomoSettlementCode] => 
    [DocomoCancelAmount] => 
    [DocomoCancelTax] => 
    [pay_status] => 13
)
 from 210.175.7.20
2023/02/19 17:59:12 [/shop/user_data/pg_mulpay_recv.php] response:true from 210.175.7.20
2023/02/19 18:26:03 [/shop/shopping/load_payment_module.php] SendRequest:https://p01.mul-pay.jp/payment/EntryTran.idPass from 116.14.93.108
2023/02/19 18:26:03 [/shop/shopping/load_payment_module.php] Array
(
    [ShopID] => 9000034600950
    [ShopPass] => ******
    [OrderID] => 949739-19182603
    [JobCd] => CAPTURE
    [Amount] => 5570
    [TdFlag] => 0
    [TdTenantName] => 
)
 from 116.14.93.108
2023/02/19 18:26:03 [/shop/shopping/load_payment_module.php] AccessID=4a1c632b4130a32ba91680dab53339a5&AccessPass=d7297dd149b8573c865fd6c51de926fc from 116.14.93.108
2023/02/19 18:26:03 [/shop/shopping/load_payment_module.php] Array
(
    [0] => Array
        (
            [AccessID] => 4a1c632b4130a32ba91680dab53339a5
            [AccessPass] => d7297dd149b8573c865fd6c51de926fc
        )

)
 from 116.14.93.108
2023/02/19 18:26:03 [/shop/shopping/load_payment_module.php] load_payment_module.php set payment data:Array
(
    [AccessID] => 4a1c632b4130a32ba91680dab53339a5
    [AccessPass] => d7297dd149b8573c865fd6c51de926fc
    [OrderID] => 949739-19182603
    [Amount] => 5570
    [JobCd] => CAPTURE
    [action_status] => 1
    [pay_status] => 0
)
 from 116.14.93.108
2023/02/19 18:26:03 [/shop/shopping/load_payment_module.php] SendRequest:https://p01.mul-pay.jp/payment/ExecTran.idPass from 116.14.93.108
2023/02/19 18:26:03 [/shop/shopping/load_payment_module.php] Array
(
    [AccessID] => 4a1c632b4130a32ba91680dab53339a5
    [AccessPass] => d7297dd149b8573c865fd6c51de926fc
    [OrderID] => 949739-19182603
    [Method] => 1
    [Token] => d29b2679b951110a15ff0e38655f05c271bb6bc296c43f7798b5a3b4d2d334e7
    [ClientField1] => 
    [ClientField2] => 
    [ClientField3] => EC-CUBE4.3.35
)
 from 116.14.93.108
2023/02/19 18:26:04 [/shop/shopping/load_payment_module.php] ACS=0&OrderID=949739-19182603&Forward=2959876&Method=1&PayTimes=&Approve=0674272&TranID=2302191826602257210134161017&TranDate=20230219182604&CheckString=bcf6759ee159fdcfebbf293216b42113 from 116.14.93.108
2023/02/19 18:26:04 [/shop/shopping/load_payment_module.php] Array
(
    [0] => Array
        (
            [ACS] => 0
            [OrderID] => 949739-19182603
            [Forward] => 2959876
            [Method] => 1
            [PayTimes] => 
            [Approve] => 0674272
            [TranID] => 2302191826602257210134161017
            [TranDate] => 20230219182604
            [CheckString] => bcf6759ee159fdcfebbf293216b42113
        )

)
 from 116.14.93.108
2023/02/19 18:26:04 [/shop/shopping/load_payment_module.php] load_payment_module.php set payment data:Array
(
    [ACS] => 0
    [Forward] => 2959876
    [Method] => 1
    [PayTimes] => 
    [Approve] => 0674272
    [TranID] => 2302191826602257210134161017
    [TranDate] => 20230219182604
    [CheckString] => bcf6759ee159fdcfebbf293216b42113
    [Amount] => 5570
    [JobCd] => CAPTURE
    [action_status] => 3
    [pay_status] => 13
)
 from 116.14.93.108
2023/02/19 18:26:04 [/shop/user_data/pg_mulpay_recv.php] ******* receiveer data start ******* from 210.175.7.20
2023/02/19 18:26:04 [/shop/user_data/pg_mulpay_recv.php] Array
(
    [ShopID] => 9000034600950
    [ShopPass] => **********
    [AccessID] => 4a1c632b4130a32ba91680dab53339a5
    [AccessPass] => ********************************
    [OrderID] => 949739-19182603
    [Status] => CAPTURE
    [JobCd] => CAPTURE
    [Amount] => 5570
    [Tax] => 0
    [Currency] => JPN
    [Forward] => 2959876
    [Method] => 1
    [PayTimes] => 
    [TranID] => 2302191826602257210134161017
    [Approve] => 0674272
    [TranDate] => 20230219182604
    [ErrCode] => 
    [ErrInfo] => 
    [PayType] => 0
)
 from 210.175.7.20
2023/02/19 18:26:04 [/shop/user_data/pg_mulpay_recv.php] ******* receiveer data end ******* from 210.175.7.20
2023/02/19 18:26:09 [/shop/user_data/pg_mulpay_recv.php] update order status:1 order_id=949739 from 210.175.7.20
2023/02/19 18:26:09 [/shop/user_data/pg_mulpay_recv.php] pg_mulpay_recv.php set payment data:Array
(
    [ShopID] => 9000034600950
    [AccessID] => 4a1c632b4130a32ba91680dab53339a5
    [OrderID] => 949739-19182603
    [Status] => CAPTURE
    [JobCd] => CAPTURE
    [Amount] => 5570
    [Tax] => 0
    [Currency] => JPN
    [Forward] => 2959876
    [Method] => 1
    [PayTimes] => 
    [TranID] => 2302191826602257210134161017
    [Approve] => 0674272
    [TranDate] => 20230219182604
    [ErrCode] => 
    [ErrInfo] => 
    [PayType] => 0
    [CvsCode] => 
    [CvsConfNo] => 
    [CvsReceiptNo] => 
    [EdyReceiptNo] => 
    [EdyOrderNo] => 
    [SuicaReceiptNo] => 
    [SuicaOrderNo] => 
    [CustID] => 
    [BkCode] => 
    [ConfNo] => 
    [PaymentTerm] => 
    [EncryptReceiptNo] => 
    [FinishDate] => 
    [ReceiptDate] => 
    [WebMoneyManagementNo] => 
    [WebMoneySettleCode] => 
    [AuPayInfoNo] => 
    [AuPayMethod] => 
    [AuCancelAmount] => 
    [AuCancelTax] => 
    [DocomoSettlementCode] => 
    [DocomoCancelAmount] => 
    [DocomoCancelTax] => 
    [pay_status] => 13
)
 from 210.175.7.20
2023/02/19 18:26:09 [/shop/user_data/pg_mulpay_recv.php] response:true from 210.175.7.20
2023/02/19 18:55:18 [/shop/shopping/load_payment_module.php] SendRequest:https://p01.mul-pay.jp/payment/SearchMember.idPass from 222.153.45.190
2023/02/19 18:55:18 [/shop/shopping/load_payment_module.php] Array
(
    [SiteID] => mst0000007602
    [SitePass] => ******
    [MemberID] => 11286
)
 from 222.153.45.190
2023/02/19 18:55:18 [/shop/shopping/load_payment_module.php] ErrCode=E01&ErrInfo=E01390002 from 222.153.45.190
2023/02/19 18:55:18 [/shop/shopping/load_payment_module.php] Array
(
    [0] => Array
        (
            [ErrCode] => E01
            [ErrInfo] => E01390002
        )

)
 from 222.153.45.190
2023/02/19 18:55:18 [/shop/shopping/load_payment_module.php] SendRequest:https://p01.mul-pay.jp/payment/SearchCard.idPass from 222.153.45.190
2023/02/19 18:55:18 [/shop/shopping/load_payment_module.php] Array
(
    [SiteID] => mst0000007602
    [SitePass] => ******
    [MemberID] => 11286
)
 from 222.153.45.190
2023/02/19 18:55:18 [/shop/shopping/load_payment_module.php] ErrCode=E01|E01&ErrInfo=E01390002|E01240002 from 222.153.45.190
2023/02/19 18:55:18 [/shop/shopping/load_payment_module.php] Array
(
    [0] => Array
        (
            [ErrCode] => E01
            [ErrInfo] => E01390002
        )

    [1] => Array
        (
            [ErrCode] => E01
            [ErrInfo] => E01240002
        )

)
 from 222.153.45.190
2023/02/19 19:09:55 [/shop/shopping/load_payment_module.php] SendRequest:https://p01.mul-pay.jp/payment/SearchMember.idPass from 222.153.45.190
2023/02/19 19:09:55 [/shop/shopping/load_payment_module.php] Array
(
    [SiteID] => mst0000007602
    [SitePass] => ******
    [MemberID] => 11286
)
 from 222.153.45.190
2023/02/19 19:09:55 [/shop/shopping/load_payment_module.php] ErrCode=E01&ErrInfo=E01390002 from 222.153.45.190
2023/02/19 19:09:56 [/shop/shopping/load_payment_module.php] Array
(
    [0] => Array
        (
            [ErrCode] => E01
            [ErrInfo] => E01390002
        )

)
 from 222.153.45.190
2023/02/19 19:09:56 [/shop/shopping/load_payment_module.php] SendRequest:https://p01.mul-pay.jp/payment/SearchCard.idPass from 222.153.45.190
2023/02/19 19:09:56 [/shop/shopping/load_payment_module.php] Array
(
    [SiteID] => mst0000007602
    [SitePass] => ******
    [MemberID] => 11286
)
 from 222.153.45.190
2023/02/19 19:09:56 [/shop/shopping/load_payment_module.php] ErrCode=E01|E01&ErrInfo=E01390002|E01240002 from 222.153.45.190
2023/02/19 19:09:56 [/shop/shopping/load_payment_module.php] Array
(
    [0] => Array
        (
            [ErrCode] => E01
            [ErrInfo] => E01390002
        )

    [1] => Array
        (
            [ErrCode] => E01
            [ErrInfo] => E01240002
        )

)
 from 222.153.45.190
2023/02/19 19:19:00 [/shop/shopping/load_payment_module.php] SendRequest:https://p01.mul-pay.jp/payment/SearchMember.idPass from 126.151.118.146
2023/02/19 19:19:00 [/shop/shopping/load_payment_module.php] Array
(
    [SiteID] => mst0000007602
    [SitePass] => ******
    [MemberID] => 6206
)
 from 126.151.118.146
2023/02/19 19:19:00 [/shop/shopping/load_payment_module.php] ErrCode=E01&ErrInfo=E01390002 from 126.151.118.146
2023/02/19 19:19:00 [/shop/shopping/load_payment_module.php] Array
(
    [0] => Array
        (
            [ErrCode] => E01
            [ErrInfo] => E01390002
        )

)
 from 126.151.118.146
2023/02/19 19:19:00 [/shop/shopping/load_payment_module.php] SendRequest:https://p01.mul-pay.jp/payment/SearchCard.idPass from 126.151.118.146
2023/02/19 19:19:00 [/shop/shopping/load_payment_module.php] Array
(
    [SiteID] => mst0000007602
    [SitePass] => ******
    [MemberID] => 6206
)
 from 126.151.118.146
2023/02/19 19:19:00 [/shop/shopping/load_payment_module.php] ErrCode=E01|E01&ErrInfo=E01390002|E01240002 from 126.151.118.146
2023/02/19 19:19:00 [/shop/shopping/load_payment_module.php] Array
(
    [0] => Array
        (
            [ErrCode] => E01
            [ErrInfo] => E01390002
        )

    [1] => Array
        (
            [ErrCode] => E01
            [ErrInfo] => E01240002
        )

)
 from 126.151.118.146
2023/02/19 19:19:45 [/shop/shopping/load_payment_module.php] SendRequest:https://p01.mul-pay.jp/payment/SearchMember.idPass from 126.151.118.146
2023/02/19 19:19:45 [/shop/shopping/load_payment_module.php] Array
(
    [SiteID] => mst0000007602
    [SitePass] => ******
    [MemberID] => 6206
)
 from 126.151.118.146
2023/02/19 19:19:45 [/shop/shopping/load_payment_module.php] ErrCode=E01&ErrInfo=E01390002 from 126.151.118.146
2023/02/19 19:19:45 [/shop/shopping/load_payment_module.php] Array
(
    [0] => Array
        (
            [ErrCode] => E01
            [ErrInfo] => E01390002
        )

)
 from 126.151.118.146
2023/02/19 19:19:45 [/shop/shopping/load_payment_module.php] SendRequest:https://p01.mul-pay.jp/payment/SearchCard.idPass from 126.151.118.146
2023/02/19 19:19:45 [/shop/shopping/load_payment_module.php] Array
(
    [SiteID] => mst0000007602
    [SitePass] => ******
    [MemberID] => 6206
)
 from 126.151.118.146
2023/02/19 19:19:45 [/shop/shopping/load_payment_module.php] ErrCode=E01|E01&ErrInfo=E01390002|E01240002 from 126.151.118.146
2023/02/19 19:19:45 [/shop/shopping/load_payment_module.php] Array
(
    [0] => Array
        (
            [ErrCode] => E01
            [ErrInfo] => E01390002
        )

    [1] => Array
        (
            [ErrCode] => E01
            [ErrInfo] => E01240002
        )

)
 from 126.151.118.146
2023/02/19 19:20:51 [/shop/shopping/load_payment_module.php] SendRequest:https://p01.mul-pay.jp/payment/SearchMember.idPass from 126.151.118.146
2023/02/19 19:20:51 [/shop/shopping/load_payment_module.php] Array
(
    [SiteID] => mst0000007602
    [SitePass] => ******
    [MemberID] => 6206
)
 from 126.151.118.146
2023/02/19 19:20:51 [/shop/shopping/load_payment_module.php] ErrCode=E01&ErrInfo=E01390002 from 126.151.118.146
2023/02/19 19:20:51 [/shop/shopping/load_payment_module.php] Array
(
    [0] => Array
        (
            [ErrCode] => E01
            [ErrInfo] => E01390002
        )

)
 from 126.151.118.146
2023/02/19 19:20:51 [/shop/shopping/load_payment_module.php] SendRequest:https://p01.mul-pay.jp/payment/SearchCard.idPass from 126.151.118.146
2023/02/19 19:20:51 [/shop/shopping/load_payment_module.php] Array
(
    [SiteID] => mst0000007602
    [SitePass] => ******
    [MemberID] => 6206
)
 from 126.151.118.146
2023/02/19 19:20:51 [/shop/shopping/load_payment_module.php] ErrCode=E01|E01&ErrInfo=E01390002|E01240002 from 126.151.118.146
2023/02/19 19:20:51 [/shop/shopping/load_payment_module.php] Array
(
    [0] => Array
        (
            [ErrCode] => E01
            [ErrInfo] => E01390002
        )

    [1] => Array
        (
            [ErrCode] => E01
            [ErrInfo] => E01240002
        )

)
 from 126.151.118.146
2023/02/19 19:21:02 [/shop/shopping/load_payment_module.php] SendRequest:https://p01.mul-pay.jp/payment/SearchMember.idPass from 126.151.118.146
2023/02/19 19:21:02 [/shop/shopping/load_payment_module.php] Array
(
    [SiteID] => mst0000007602
    [SitePass] => ******
    [MemberID] => 6206
)
 from 126.151.118.146
2023/02/19 19:21:02 [/shop/shopping/load_payment_module.php] SendRequest:https://p01.mul-pay.jp/payment/SearchMember.idPass from 126.151.118.146
2023/02/19 19:21:02 [/shop/shopping/load_payment_module.php] Array
(
    [SiteID] => mst0000007602
    [SitePass] => ******
    [MemberID] => 6206
)
 from 126.151.118.146
2023/02/19 19:21:02 [/shop/shopping/load_payment_module.php] SendRequest:https://p01.mul-pay.jp/payment/SearchMember.idPass from 126.151.118.146
2023/02/19 19:21:02 [/shop/shopping/load_payment_module.php] Array
(
    [SiteID] => mst0000007602
    [SitePass] => ******
    [MemberID] => 6206
)
 from 126.151.118.146
2023/02/19 19:21:02 [/shop/shopping/load_payment_module.php] ErrCode=E01&ErrInfo=E01390002 from 126.151.118.146
2023/02/19 19:21:02 [/shop/shopping/load_payment_module.php] ErrCode=E01&ErrInfo=E01390002 from 126.151.118.146
2023/02/19 19:21:02 [/shop/shopping/load_payment_module.php] ErrCode=E01&ErrInfo=E01390002 from 126.151.118.146
2023/02/19 19:21:02 [/shop/shopping/load_payment_module.php] Array
(
    [0] => Array
        (
            [ErrCode] => E01
            [ErrInfo] => E01390002
        )

)
 from 126.151.118.146
2023/02/19 19:21:02 [/shop/shopping/load_payment_module.php] SendRequest:https://p01.mul-pay.jp/payment/SearchCard.idPass from 126.151.118.146
2023/02/19 19:21:02 [/shop/shopping/load_payment_module.php] Array
(
    [SiteID] => mst0000007602
    [SitePass] => ******
    [MemberID] => 6206
)
 from 126.151.118.146
2023/02/19 19:21:02 [/shop/shopping/load_payment_module.php] Array
(
    [0] => Array
        (
            [ErrCode] => E01
            [ErrInfo] => E01390002
        )

)
 from 126.151.118.146
2023/02/19 19:21:02 [/shop/shopping/load_payment_module.php] SendRequest:https://p01.mul-pay.jp/payment/SearchCard.idPass from 126.151.118.146
2023/02/19 19:21:02 [/shop/shopping/load_payment_module.php] Array
(
    [SiteID] => mst0000007602
    [SitePass] => ******
    [MemberID] => 6206
)
 from 126.151.118.146
2023/02/19 19:21:02 [/shop/shopping/load_payment_module.php] Array
(
    [0] => Array
        (
            [ErrCode] => E01
            [ErrInfo] => E01390002
        )

)
 from 126.151.118.146
2023/02/19 19:21:02 [/shop/shopping/load_payment_module.php] SendRequest:https://p01.mul-pay.jp/payment/SearchCard.idPass from 126.151.118.146
2023/02/19 19:21:02 [/shop/shopping/load_payment_module.php] Array
(
    [SiteID] => mst0000007602
    [SitePass] => ******
    [MemberID] => 6206
)
 from 126.151.118.146
2023/02/19 19:21:02 [/shop/shopping/load_payment_module.php] ErrCode=E01|E01&ErrInfo=E01390002|E01240002 from 126.151.118.146
2023/02/19 19:21:02 [/shop/shopping/load_payment_module.php] ErrCode=E01|E01&ErrInfo=E01390002|E01240002 from 126.151.118.146
2023/02/19 19:21:02 [/shop/shopping/load_payment_module.php] ErrCode=E01|E01&ErrInfo=E01390002|E01240002 from 126.151.118.146
2023/02/19 19:21:02 [/shop/shopping/load_payment_module.php] Array
(
    [0] => Array
        (
            [ErrCode] => E01
            [ErrInfo] => E01390002
        )

    [1] => Array
        (
            [ErrCode] => E01
            [ErrInfo] => E01240002
        )

)
 from 126.151.118.146
2023/02/19 19:21:02 [/shop/shopping/load_payment_module.php] Array
(
    [0] => Array
        (
            [ErrCode] => E01
            [ErrInfo] => E01390002
        )

    [1] => Array
        (
            [ErrCode] => E01
            [ErrInfo] => E01240002
        )

)
 from 126.151.118.146
2023/02/19 19:21:02 [/shop/shopping/load_payment_module.php] Array
(
    [0] => Array
        (
            [ErrCode] => E01
            [ErrInfo] => E01390002
        )

    [1] => Array
        (
            [ErrCode] => E01
            [ErrInfo] => E01240002
        )

)
 from 126.151.118.146
2023/02/19 19:23:12 [/shop/shopping/load_payment_module.php] SendRequest:https://p01.mul-pay.jp/payment/SearchMember.idPass from 126.151.118.146
2023/02/19 19:23:12 [/shop/shopping/load_payment_module.php] Array
(
    [SiteID] => mst0000007602
    [SitePass] => ******
    [MemberID] => 6206
)
 from 126.151.118.146
2023/02/19 19:23:12 [/shop/shopping/load_payment_module.php] ErrCode=E01&ErrInfo=E01390002 from 126.151.118.146
2023/02/19 19:23:12 [/shop/shopping/load_payment_module.php] Array
(
    [0] => Array
        (
            [ErrCode] => E01
            [ErrInfo] => E01390002
        )

)
 from 126.151.118.146
2023/02/19 19:23:12 [/shop/shopping/load_payment_module.php] SendRequest:https://p01.mul-pay.jp/payment/SearchCard.idPass from 126.151.118.146
2023/02/19 19:23:12 [/shop/shopping/load_payment_module.php] Array
(
    [SiteID] => mst0000007602
    [SitePass] => ******
    [MemberID] => 6206
)
 from 126.151.118.146
2023/02/19 19:23:12 [/shop/shopping/load_payment_module.php] ErrCode=E01|E01&ErrInfo=E01390002|E01240002 from 126.151.118.146
2023/02/19 19:23:12 [/shop/shopping/load_payment_module.php] Array
(
    [0] => Array
        (
            [ErrCode] => E01
            [ErrInfo] => E01390002
        )

    [1] => Array
        (
            [ErrCode] => E01
            [ErrInfo] => E01240002
        )

)
 from 126.151.118.146
2023/02/19 19:23:29 [/shop/shopping/load_payment_module.php] SendRequest:https://p01.mul-pay.jp/payment/SearchMember.idPass from 126.151.118.146
2023/02/19 19:23:29 [/shop/shopping/load_payment_module.php] Array
(
    [SiteID] => mst0000007602
    [SitePass] => ******
    [MemberID] => 6206
)
 from 126.151.118.146
2023/02/19 19:23:29 [/shop/shopping/load_payment_module.php] ErrCode=E01&ErrInfo=E01390002 from 126.151.118.146
2023/02/19 19:23:29 [/shop/shopping/load_payment_module.php] Array
(
    [0] => Array
        (
            [ErrCode] => E01
            [ErrInfo] => E01390002
        )

)
 from 126.151.118.146
2023/02/19 19:23:29 [/shop/shopping/load_payment_module.php] SendRequest:https://p01.mul-pay.jp/payment/SearchCard.idPass from 126.151.118.146
2023/02/19 19:23:29 [/shop/shopping/load_payment_module.php] Array
(
    [SiteID] => mst0000007602
    [SitePass] => ******
    [MemberID] => 6206
)
 from 126.151.118.146
2023/02/19 19:23:29 [/shop/shopping/load_payment_module.php] ErrCode=E01|E01&ErrInfo=E01390002|E01240002 from 126.151.118.146
2023/02/19 19:23:29 [/shop/shopping/load_payment_module.php] Array
(
    [0] => Array
        (
            [ErrCode] => E01
            [ErrInfo] => E01390002
        )

    [1] => Array
        (
            [ErrCode] => E01
            [ErrInfo] => E01240002
        )

)
 from 126.151.118.146
2023/02/19 19:23:29 [/shop/shopping/load_payment_module.php] SendRequest:https://p01.mul-pay.jp/payment/EntryTran.idPass from 126.151.118.146
2023/02/19 19:23:29 [/shop/shopping/load_payment_module.php] Array
(
    [ShopID] => 9000034600950
    [ShopPass] => ******
    [OrderID] => 949744-19192329
    [JobCd] => CAPTURE
    [Amount] => 1
    [TdFlag] => 0
    [TdTenantName] => 
)
 from 126.151.118.146
2023/02/19 19:23:29 [/shop/shopping/load_payment_module.php] AccessID=fcada1aa75038767f35f809d44df1cf3&AccessPass=d5c445ea2170f99fb8cca57399c712b7 from 126.151.118.146
2023/02/19 19:23:29 [/shop/shopping/load_payment_module.php] Array
(
    [0] => Array
        (
            [AccessID] => fcada1aa75038767f35f809d44df1cf3
            [AccessPass] => d5c445ea2170f99fb8cca57399c712b7
        )

)
 from 126.151.118.146
2023/02/19 19:23:29 [/shop/shopping/load_payment_module.php] load_payment_module.php set payment data:Array
(
    [AccessID] => fcada1aa75038767f35f809d44df1cf3
    [AccessPass] => d5c445ea2170f99fb8cca57399c712b7
    [OrderID] => 949744-19192329
    [Amount] => 1
    [JobCd] => CAPTURE
    [action_status] => 1
    [pay_status] => 0
)
 from 126.151.118.146
2023/02/19 19:23:29 [/shop/shopping/load_payment_module.php] SendRequest:https://p01.mul-pay.jp/payment/ExecTran.idPass from 126.151.118.146
2023/02/19 19:23:29 [/shop/shopping/load_payment_module.php] Array
(
    [AccessID] => fcada1aa75038767f35f809d44df1cf3
    [AccessPass] => d5c445ea2170f99fb8cca57399c712b7
    [OrderID] => 949744-19192329
    [Method] => 1
    [Token] => 2076a88b935c60be5e6e7aa90f4991a930755dda7cb8ab4bd570d12286f09874
    [ClientField1] => 
    [ClientField2] => 
    [ClientField3] => EC-CUBE4.3.35
)
 from 126.151.118.146
2023/02/19 19:23:30 [/shop/shopping/load_payment_module.php] ACS=0&OrderID=949744-19192329&Forward=2S49631&Method=1&PayTimes=&Approve=0019201&TranID=2302191923602257210134181035&TranDate=20230219192330&CheckString=a48d15c0a85e5487b479e75696f23218 from 126.151.118.146
2023/02/19 19:23:30 [/shop/shopping/load_payment_module.php] Array
(
    [0] => Array
        (
            [ACS] => 0
            [OrderID] => 949744-19192329
            [Forward] => 2S49631
            [Method] => 1
            [PayTimes] => 
            [Approve] => 0019201
            [TranID] => 2302191923602257210134181035
            [TranDate] => 20230219192330
            [CheckString] => a48d15c0a85e5487b479e75696f23218
        )

)
 from 126.151.118.146
2023/02/19 19:23:30 [/shop/shopping/load_payment_module.php] load_payment_module.php set payment data:Array
(
    [ACS] => 0
    [Forward] => 2S49631
    [Method] => 1
    [PayTimes] => 
    [Approve] => 0019201
    [TranID] => 2302191923602257210134181035
    [TranDate] => 20230219192330
    [CheckString] => a48d15c0a85e5487b479e75696f23218
    [Amount] => 1
    [JobCd] => CAPTURE
    [action_status] => 3
    [pay_status] => 13
)
 from 126.151.118.146
2023/02/19 19:23:30 [/shop/user_data/pg_mulpay_recv.php] ******* receiveer data start ******* from 210.175.7.20
2023/02/19 19:23:30 [/shop/user_data/pg_mulpay_recv.php] Array
(
    [ShopID] => 9000034600950
    [ShopPass] => **********
    [AccessID] => fcada1aa75038767f35f809d44df1cf3
    [AccessPass] => ********************************
    [OrderID] => 949744-19192329
    [Status] => CAPTURE
    [JobCd] => CAPTURE
    [Amount] => 1
    [Tax] => 0
    [Currency] => JPN
    [Forward] => 2S49631
    [Method] => 1
    [PayTimes] => 
    [TranID] => 2302191923602257210134181035
    [Approve] => 0019201
    [TranDate] => 20230219192330
    [ErrCode] => 
    [ErrInfo] => 
    [PayType] => 0
)
 from 210.175.7.20
2023/02/19 19:23:30 [/shop/user_data/pg_mulpay_recv.php] ******* receiveer data end ******* from 210.175.7.20
2023/02/19 19:23:35 [/shop/user_data/pg_mulpay_recv.php] update order status:1 order_id=949744 from 210.175.7.20
2023/02/19 19:23:35 [/shop/user_data/pg_mulpay_recv.php] pg_mulpay_recv.php set payment data:Array
(
    [ShopID] => 9000034600950
    [AccessID] => fcada1aa75038767f35f809d44df1cf3
    [OrderID] => 949744-19192329
    [Status] => CAPTURE
    [JobCd] => CAPTURE
    [Amount] => 1
    [Tax] => 0
    [Currency] => JPN
    [Forward] => 2S49631
    [Method] => 1
    [PayTimes] => 
    [TranID] => 2302191923602257210134181035
    [Approve] => 0019201
    [TranDate] => 20230219192330
    [ErrCode] => 
    [ErrInfo] => 
    [PayType] => 0
    [CvsCode] => 
    [CvsConfNo] => 
    [CvsReceiptNo] => 
    [EdyReceiptNo] => 
    [EdyOrderNo] => 
    [SuicaReceiptNo] => 
    [SuicaOrderNo] => 
    [CustID] => 
    [BkCode] => 
    [ConfNo] => 
    [PaymentTerm] => 
    [EncryptReceiptNo] => 
    [FinishDate] => 
    [ReceiptDate] => 
    [WebMoneyManagementNo] => 
    [WebMoneySettleCode] => 
    [AuPayInfoNo] => 
    [AuPayMethod] => 
    [AuCancelAmount] => 
    [AuCancelTax] => 
    [DocomoSettlementCode] => 
    [DocomoCancelAmount] => 
    [DocomoCancelTax] => 
    [pay_status] => 13
)
 from 210.175.7.20
2023/02/19 19:23:35 [/shop/user_data/pg_mulpay_recv.php] response:true from 210.175.7.20
2023/02/19 19:41:52 [/shop/shopping/load_payment_module.php] SendRequest:https://p01.mul-pay.jp/payment/EntryTran.idPass from 14.13.128.160
2023/02/19 19:41:52 [/shop/shopping/load_payment_module.php] Array
(
    [ShopID] => 9000034600950
    [ShopPass] => ******
    [OrderID] => 949745-19194152
    [JobCd] => CAPTURE
    [Amount] => 7110
    [TdFlag] => 0
    [TdTenantName] => 
)
 from 14.13.128.160
2023/02/19 19:41:52 [/shop/shopping/load_payment_module.php] AccessID=384c95ffeb87fc68639bc693dd0db790&AccessPass=dfa1fc8523baf883d7342143b13dff72 from 14.13.128.160
2023/02/19 19:41:52 [/shop/shopping/load_payment_module.php] Array
(
    [0] => Array
        (
            [AccessID] => 384c95ffeb87fc68639bc693dd0db790
            [AccessPass] => dfa1fc8523baf883d7342143b13dff72
        )

)
 from 14.13.128.160
2023/02/19 19:41:52 [/shop/shopping/load_payment_module.php] load_payment_module.php set payment data:Array
(
    [AccessID] => 384c95ffeb87fc68639bc693dd0db790
    [AccessPass] => dfa1fc8523baf883d7342143b13dff72
    [OrderID] => 949745-19194152
    [Amount] => 7110
    [JobCd] => CAPTURE
    [action_status] => 1
    [pay_status] => 0
)
 from 14.13.128.160
2023/02/19 19:41:52 [/shop/shopping/load_payment_module.php] SendRequest:https://p01.mul-pay.jp/payment/ExecTran.idPass from 14.13.128.160
2023/02/19 19:41:52 [/shop/shopping/load_payment_module.php] Array
(
    [AccessID] => 384c95ffeb87fc68639bc693dd0db790
    [AccessPass] => dfa1fc8523baf883d7342143b13dff72
    [OrderID] => 949745-19194152
    [Method] => 1
    [Token] => 254a3b308b2afde3e5dcbc2e7c1e98fadb9a31b599b95606f812b356e76f0633
    [ClientField1] => 
    [ClientField2] => 
    [ClientField3] => EC-CUBE4.3.35
)
 from 14.13.128.160
2023/02/19 19:41:53 [/shop/shopping/load_payment_module.php] ACS=0&OrderID=949745-19194152&Forward=2S49631&Method=1&PayTimes=&Approve=0326456&TranID=2302191941602257210134150992&TranDate=20230219194153&CheckString=ea8f6e57cc41aafa508eab91f422e04b from 14.13.128.160
2023/02/19 19:41:53 [/shop/shopping/load_payment_module.php] Array
(
    [0] => Array
        (
            [ACS] => 0
            [OrderID] => 949745-19194152
            [Forward] => 2S49631
            [Method] => 1
            [PayTimes] => 
            [Approve] => 0326456
            [TranID] => 2302191941602257210134150992
            [TranDate] => 20230219194153
            [CheckString] => ea8f6e57cc41aafa508eab91f422e04b
        )

)
 from 14.13.128.160
2023/02/19 19:41:53 [/shop/shopping/load_payment_module.php] load_payment_module.php set payment data:Array
(
    [ACS] => 0
    [Forward] => 2S49631
    [Method] => 1
    [PayTimes] => 
    [Approve] => 0326456
    [TranID] => 2302191941602257210134150992
    [TranDate] => 20230219194153
    [CheckString] => ea8f6e57cc41aafa508eab91f422e04b
    [Amount] => 7110
    [JobCd] => CAPTURE
    [action_status] => 3
    [pay_status] => 13
)
 from 14.13.128.160
2023/02/19 19:41:53 [/shop/user_data/pg_mulpay_recv.php] ******* receiveer data start ******* from 210.175.7.20
2023/02/19 19:41:53 [/shop/user_data/pg_mulpay_recv.php] Array
(
    [ShopID] => 9000034600950
    [ShopPass] => **********
    [AccessID] => 384c95ffeb87fc68639bc693dd0db790
    [AccessPass] => ********************************
    [OrderID] => 949745-19194152
    [Status] => CAPTURE
    [JobCd] => CAPTURE
    [Amount] => 7110
    [Tax] => 0
    [Currency] => JPN
    [Forward] => 2S49631
    [Method] => 1
    [PayTimes] => 
    [TranID] => 2302191941602257210134150992
    [Approve] => 0326456
    [TranDate] => 20230219194153
    [ErrCode] => 
    [ErrInfo] => 
    [PayType] => 0
)
 from 210.175.7.20
2023/02/19 19:41:53 [/shop/user_data/pg_mulpay_recv.php] ******* receiveer data end ******* from 210.175.7.20
2023/02/19 19:41:58 [/shop/user_data/pg_mulpay_recv.php] update order status:1 order_id=949745 from 210.175.7.20
2023/02/19 19:41:58 [/shop/user_data/pg_mulpay_recv.php] pg_mulpay_recv.php set payment data:Array
(
    [ShopID] => 9000034600950
    [AccessID] => 384c95ffeb87fc68639bc693dd0db790
    [OrderID] => 949745-19194152
    [Status] => CAPTURE
    [JobCd] => CAPTURE
    [Amount] => 7110
    [Tax] => 0
    [Currency] => JPN
    [Forward] => 2S49631
    [Method] => 1
    [PayTimes] => 
    [TranID] => 2302191941602257210134150992
    [Approve] => 0326456
    [TranDate] => 20230219194153
    [ErrCode] => 
    [ErrInfo] => 
    [PayType] => 0
    [CvsCode] => 
    [CvsConfNo] => 
    [CvsReceiptNo] => 
    [EdyReceiptNo] => 
    [EdyOrderNo] => 
    [SuicaReceiptNo] => 
    [SuicaOrderNo] => 
    [CustID] => 
    [BkCode] => 
    [ConfNo] => 
    [PaymentTerm] => 
    [EncryptReceiptNo] => 
    [FinishDate] => 
    [ReceiptDate] => 
    [WebMoneyManagementNo] => 
    [WebMoneySettleCode] => 
    [AuPayInfoNo] => 
    [AuPayMethod] => 
    [AuCancelAmount] => 
    [AuCancelTax] => 
    [DocomoSettlementCode] => 
    [DocomoCancelAmount] => 
    [DocomoCancelTax] => 
    [pay_status] => 13
)
 from 210.175.7.20
2023/02/19 19:41:58 [/shop/user_data/pg_mulpay_recv.php] response:true from 210.175.7.20
