2020/11/26 11:52:43 [/shop/shopping/load_payment_module.php] SendRequest:https://p01.mul-pay.jp/payment/SearchMember.idPass from 153.204.15.136
2020/11/26 11:52:43 [/shop/shopping/load_payment_module.php] Array
(
    [SiteID] => mst0000007602
    [SitePass] => ******
    [MemberID] => 10421
)
 from 153.204.15.136
2020/11/26 11:52:43 [/shop/shopping/load_payment_module.php] ErrCode=E01&ErrInfo=E01390002 from 153.204.15.136
2020/11/26 11:52:43 [/shop/shopping/load_payment_module.php] Array
(
    [0] => Array
        (
            [ErrCode] => E01
            [ErrInfo] => E01390002
        )

)
 from 153.204.15.136
2020/11/26 11:52:43 [/shop/shopping/load_payment_module.php] SendRequest:https://p01.mul-pay.jp/payment/SearchCard.idPass from 153.204.15.136
2020/11/26 11:52:43 [/shop/shopping/load_payment_module.php] Array
(
    [SiteID] => mst0000007602
    [SitePass] => ******
    [MemberID] => 10421
)
 from 153.204.15.136
2020/11/26 11:52:44 [/shop/shopping/load_payment_module.php] ErrCode=E01|E01&ErrInfo=E01390002|E01240002 from 153.204.15.136
2020/11/26 11:52:44 [/shop/shopping/load_payment_module.php] Array
(
    [0] => Array
        (
            [ErrCode] => E01
            [ErrInfo] => E01390002
        )

    [1] => Array
        (
            [ErrCode] => E01
            [ErrInfo] => E01240002
        )

)
 from 153.204.15.136
2020/11/26 11:53:35 [/shop/shopping/load_payment_module.php] SendRequest:https://p01.mul-pay.jp/payment/SearchMember.idPass from 153.204.15.136
2020/11/26 11:53:35 [/shop/shopping/load_payment_module.php] Array
(
    [SiteID] => mst0000007602
    [SitePass] => ******
    [MemberID] => 10421
)
 from 153.204.15.136
2020/11/26 11:53:35 [/shop/shopping/load_payment_module.php] ErrCode=E01&ErrInfo=E01390002 from 153.204.15.136
2020/11/26 11:53:35 [/shop/shopping/load_payment_module.php] Array
(
    [0] => Array
        (
            [ErrCode] => E01
            [ErrInfo] => E01390002
        )

)
 from 153.204.15.136
2020/11/26 11:53:35 [/shop/shopping/load_payment_module.php] SendRequest:https://p01.mul-pay.jp/payment/SearchCard.idPass from 153.204.15.136
2020/11/26 11:53:35 [/shop/shopping/load_payment_module.php] Array
(
    [SiteID] => mst0000007602
    [SitePass] => ******
    [MemberID] => 10421
)
 from 153.204.15.136
2020/11/26 11:53:35 [/shop/shopping/load_payment_module.php] ErrCode=E01|E01&ErrInfo=E01390002|E01240002 from 153.204.15.136
2020/11/26 11:53:35 [/shop/shopping/load_payment_module.php] Array
(
    [0] => Array
        (
            [ErrCode] => E01
            [ErrInfo] => E01390002
        )

    [1] => Array
        (
            [ErrCode] => E01
            [ErrInfo] => E01240002
        )

)
 from 153.204.15.136
2020/11/26 11:53:35 [/shop/shopping/load_payment_module.php] SendRequest:https://p01.mul-pay.jp/payment/EntryTran.idPass from 153.204.15.136
2020/11/26 11:53:35 [/shop/shopping/load_payment_module.php] Array
(
    [ShopID] => 9000034600950
    [ShopPass] => ******
    [OrderID] => 944859-26115335
    [JobCd] => CAPTURE
    [Amount] => 7861
    [TdFlag] => 0
    [TdTenantName] => 
)
 from 153.204.15.136
2020/11/26 11:53:36 [/shop/shopping/load_payment_module.php] AccessID=8323d6b07afc7618211fd848431f673f&AccessPass=28a2d8168b132ead2401e071523f9b81 from 153.204.15.136
2020/11/26 11:53:36 [/shop/shopping/load_payment_module.php] Array
(
    [0] => Array
        (
            [AccessID] => 8323d6b07afc7618211fd848431f673f
            [AccessPass] => 28a2d8168b132ead2401e071523f9b81
        )

)
 from 153.204.15.136
2020/11/26 11:53:36 [/shop/shopping/load_payment_module.php] load_payment_module.php set payment data:Array
(
    [AccessID] => 8323d6b07afc7618211fd848431f673f
    [AccessPass] => 28a2d8168b132ead2401e071523f9b81
    [OrderID] => 944859-26115335
    [Amount] => 7861
    [JobCd] => CAPTURE
    [action_status] => 1
    [pay_status] => 0
)
 from 153.204.15.136
2020/11/26 11:53:36 [/shop/shopping/load_payment_module.php] SendRequest:https://p01.mul-pay.jp/payment/ExecTran.idPass from 153.204.15.136
2020/11/26 11:53:36 [/shop/shopping/load_payment_module.php] Array
(
    [AccessID] => 8323d6b07afc7618211fd848431f673f
    [AccessPass] => 28a2d8168b132ead2401e071523f9b81
    [OrderID] => 944859-26115335
    [Method] => 1
    [Token] => ac5130d42a468fee061f2961fe437b64be84950484998931b42ac07022db21d0
    [ClientField1] => 
    [ClientField2] => 
    [ClientField3] => EC-CUBE4.3.24
)
 from 153.204.15.136
2020/11/26 11:53:38 [/shop/shopping/load_payment_module.php] ACS=0&OrderID=944859-26115335&Forward=2959876&Method=1&PayTimes=&Approve=0015796&TranID=2011261153602257210134123696&TranDate=20201126115338&CheckString=484ea4c85d1dd9acdd9f65185d297143 from 153.204.15.136
2020/11/26 11:53:38 [/shop/shopping/load_payment_module.php] Array
(
    [0] => Array
        (
            [ACS] => 0
            [OrderID] => 944859-26115335
            [Forward] => 2959876
            [Method] => 1
            [PayTimes] => 
            [Approve] => 0015796
            [TranID] => 2011261153602257210134123696
            [TranDate] => 20201126115338
            [CheckString] => 484ea4c85d1dd9acdd9f65185d297143
        )

)
 from 153.204.15.136
2020/11/26 11:53:38 [/shop/shopping/load_payment_module.php] load_payment_module.php set payment data:Array
(
    [ACS] => 0
    [Forward] => 2959876
    [Method] => 1
    [PayTimes] => 
    [Approve] => 0015796
    [TranID] => 2011261153602257210134123696
    [TranDate] => 20201126115338
    [CheckString] => 484ea4c85d1dd9acdd9f65185d297143
    [Amount] => 7861
    [JobCd] => CAPTURE
    [action_status] => 3
    [pay_status] => 13
)
 from 153.204.15.136
2020/11/26 11:53:38 [/shop/user_data/pg_mulpay_recv.php] ******* receiveer data start ******* from 210.175.7.20
2020/11/26 11:53:38 [/shop/user_data/pg_mulpay_recv.php] Array
(
    [ShopID] => 9000034600950
    [ShopPass] => **********
    [AccessID] => 8323d6b07afc7618211fd848431f673f
    [AccessPass] => ********************************
    [OrderID] => 944859-26115335
    [Status] => CAPTURE
    [JobCd] => CAPTURE
    [Amount] => 7861
    [Tax] => 0
    [Currency] => JPN
    [Forward] => 2959876
    [Method] => 1
    [PayTimes] => 
    [TranID] => 2011261153602257210134123696
    [Approve] => 0015796
    [TranDate] => 20201126115338
    [ErrCode] => 
    [ErrInfo] => 
    [PayType] => 0
)
 from 210.175.7.20
2020/11/26 11:53:38 [/shop/user_data/pg_mulpay_recv.php] ******* receiveer data end ******* from 210.175.7.20
2020/11/26 11:53:43 [/shop/user_data/pg_mulpay_recv.php] update order status:1 order_id=944859 from 210.175.7.20
2020/11/26 11:53:44 [/shop/user_data/pg_mulpay_recv.php] pg_mulpay_recv.php set payment data:Array
(
    [ShopID] => 9000034600950
    [AccessID] => 8323d6b07afc7618211fd848431f673f
    [OrderID] => 944859-26115335
    [Status] => CAPTURE
    [JobCd] => CAPTURE
    [Amount] => 7861
    [Tax] => 0
    [Currency] => JPN
    [Forward] => 2959876
    [Method] => 1
    [PayTimes] => 
    [TranID] => 2011261153602257210134123696
    [Approve] => 0015796
    [TranDate] => 20201126115338
    [ErrCode] => 
    [ErrInfo] => 
    [PayType] => 0
    [CvsCode] => 
    [CvsConfNo] => 
    [CvsReceiptNo] => 
    [EdyReceiptNo] => 
    [EdyOrderNo] => 
    [SuicaReceiptNo] => 
    [SuicaOrderNo] => 
    [CustID] => 
    [BkCode] => 
    [ConfNo] => 
    [PaymentTerm] => 
    [EncryptReceiptNo] => 
    [FinishDate] => 
    [ReceiptDate] => 
    [WebMoneyManagementNo] => 
    [WebMoneySettleCode] => 
    [AuPayInfoNo] => 
    [AuPayMethod] => 
    [AuCancelAmount] => 
    [AuCancelTax] => 
    [DocomoSettlementCode] => 
    [DocomoCancelAmount] => 
    [DocomoCancelTax] => 
    [pay_status] => 13
)
 from 210.175.7.20
2020/11/26 11:53:44 [/shop/user_data/pg_mulpay_recv.php] response:true from 210.175.7.20
2020/11/26 14:32:45 [/shop/shopping/load_payment_module.php] SendRequest:https://p01.mul-pay.jp/payment/EntryTran.idPass from 165.225.112.145
2020/11/26 14:32:45 [/shop/shopping/load_payment_module.php] Array
(
    [ShopID] => 9000034600950
    [ShopPass] => ******
    [OrderID] => 944860-26143245
    [JobCd] => CAPTURE
    [Amount] => 10500
    [TdFlag] => 0
    [TdTenantName] => 
)
 from 165.225.112.145
2020/11/26 14:32:45 [/shop/shopping/load_payment_module.php] AccessID=eb530477e660985307fffadc4bcff6ab&AccessPass=fdc6ca8b2e82e8504c8050aeea455d41 from 165.225.112.145
2020/11/26 14:32:45 [/shop/shopping/load_payment_module.php] Array
(
    [0] => Array
        (
            [AccessID] => eb530477e660985307fffadc4bcff6ab
            [AccessPass] => fdc6ca8b2e82e8504c8050aeea455d41
        )

)
 from 165.225.112.145
2020/11/26 14:32:45 [/shop/shopping/load_payment_module.php] load_payment_module.php set payment data:Array
(
    [AccessID] => eb530477e660985307fffadc4bcff6ab
    [AccessPass] => fdc6ca8b2e82e8504c8050aeea455d41
    [OrderID] => 944860-26143245
    [Amount] => 10500
    [JobCd] => CAPTURE
    [action_status] => 1
    [pay_status] => 0
)
 from 165.225.112.145
2020/11/26 14:32:45 [/shop/shopping/load_payment_module.php] SendRequest:https://p01.mul-pay.jp/payment/ExecTran.idPass from 165.225.112.145
2020/11/26 14:32:45 [/shop/shopping/load_payment_module.php] Array
(
    [AccessID] => eb530477e660985307fffadc4bcff6ab
    [AccessPass] => fdc6ca8b2e82e8504c8050aeea455d41
    [OrderID] => 944860-26143245
    [Method] => 1
    [Token] => 6e211e1eeff3b2d19c7162bc0f910005040c01c5acb5d2294313d1437bfb2c6a
    [ClientField1] => 
    [ClientField2] => 
    [ClientField3] => EC-CUBE4.3.24
)
 from 165.225.112.145
2020/11/26 14:32:46 [/shop/shopping/load_payment_module.php] ACS=0&OrderID=944860-26143245&Forward=2959876&Method=1&PayTimes=&Approve=0042147&TranID=2011261432602257210134133353&TranDate=20201126143246&CheckString=50a82164c64d3190bb8dc33c4f24d217 from 165.225.112.145
2020/11/26 14:32:46 [/shop/shopping/load_payment_module.php] Array
(
    [0] => Array
        (
            [ACS] => 0
            [OrderID] => 944860-26143245
            [Forward] => 2959876
            [Method] => 1
            [PayTimes] => 
            [Approve] => 0042147
            [TranID] => 2011261432602257210134133353
            [TranDate] => 20201126143246
            [CheckString] => 50a82164c64d3190bb8dc33c4f24d217
        )

)
 from 165.225.112.145
2020/11/26 14:32:46 [/shop/shopping/load_payment_module.php] load_payment_module.php set payment data:Array
(
    [ACS] => 0
    [Forward] => 2959876
    [Method] => 1
    [PayTimes] => 
    [Approve] => 0042147
    [TranID] => 2011261432602257210134133353
    [TranDate] => 20201126143246
    [CheckString] => 50a82164c64d3190bb8dc33c4f24d217
    [Amount] => 10500
    [JobCd] => CAPTURE
    [action_status] => 3
    [pay_status] => 13
)
 from 165.225.112.145
2020/11/26 14:32:47 [/shop/user_data/pg_mulpay_recv.php] ******* receiveer data start ******* from 210.175.7.20
2020/11/26 14:32:47 [/shop/user_data/pg_mulpay_recv.php] Array
(
    [ShopID] => 9000034600950
    [ShopPass] => **********
    [AccessID] => eb530477e660985307fffadc4bcff6ab
    [AccessPass] => ********************************
    [OrderID] => 944860-26143245
    [Status] => CAPTURE
    [JobCd] => CAPTURE
    [Amount] => 10500
    [Tax] => 0
    [Currency] => JPN
    [Forward] => 2959876
    [Method] => 1
    [PayTimes] => 
    [TranID] => 2011261432602257210134133353
    [Approve] => 0042147
    [TranDate] => 20201126143246
    [ErrCode] => 
    [ErrInfo] => 
    [PayType] => 0
)
 from 210.175.7.20
2020/11/26 14:32:47 [/shop/user_data/pg_mulpay_recv.php] ******* receiveer data end ******* from 210.175.7.20
2020/11/26 14:32:52 [/shop/user_data/pg_mulpay_recv.php] update order status:1 order_id=944860 from 210.175.7.20
2020/11/26 14:32:52 [/shop/user_data/pg_mulpay_recv.php] pg_mulpay_recv.php set payment data:Array
(
    [ShopID] => 9000034600950
    [AccessID] => eb530477e660985307fffadc4bcff6ab
    [OrderID] => 944860-26143245
    [Status] => CAPTURE
    [JobCd] => CAPTURE
    [Amount] => 10500
    [Tax] => 0
    [Currency] => JPN
    [Forward] => 2959876
    [Method] => 1
    [PayTimes] => 
    [TranID] => 2011261432602257210134133353
    [Approve] => 0042147
    [TranDate] => 20201126143246
    [ErrCode] => 
    [ErrInfo] => 
    [PayType] => 0
    [CvsCode] => 
    [CvsConfNo] => 
    [CvsReceiptNo] => 
    [EdyReceiptNo] => 
    [EdyOrderNo] => 
    [SuicaReceiptNo] => 
    [SuicaOrderNo] => 
    [CustID] => 
    [BkCode] => 
    [ConfNo] => 
    [PaymentTerm] => 
    [EncryptReceiptNo] => 
    [FinishDate] => 
    [ReceiptDate] => 
    [WebMoneyManagementNo] => 
    [WebMoneySettleCode] => 
    [AuPayInfoNo] => 
    [AuPayMethod] => 
    [AuCancelAmount] => 
    [AuCancelTax] => 
    [DocomoSettlementCode] => 
    [DocomoCancelAmount] => 
    [DocomoCancelTax] => 
    [pay_status] => 13
)
 from 210.175.7.20
2020/11/26 14:32:52 [/shop/user_data/pg_mulpay_recv.php] response:true from 210.175.7.20
2020/11/26 18:57:28 [/shop/shopping/load_payment_module.php] SendRequest:https://p01.mul-pay.jp/payment/SearchMember.idPass from 89.243.137.116
2020/11/26 18:57:28 [/shop/shopping/load_payment_module.php] Array
(
    [SiteID] => mst0000007602
    [SitePass] => ******
    [MemberID] => 10424
)
 from 89.243.137.116
2020/11/26 18:57:29 [/shop/shopping/load_payment_module.php] ErrCode=E01&ErrInfo=E01390002 from 89.243.137.116
2020/11/26 18:57:29 [/shop/shopping/load_payment_module.php] Array
(
    [0] => Array
        (
            [ErrCode] => E01
            [ErrInfo] => E01390002
        )

)
 from 89.243.137.116
2020/11/26 18:57:29 [/shop/shopping/load_payment_module.php] SendRequest:https://p01.mul-pay.jp/payment/SearchCard.idPass from 89.243.137.116
2020/11/26 18:57:29 [/shop/shopping/load_payment_module.php] Array
(
    [SiteID] => mst0000007602
    [SitePass] => ******
    [MemberID] => 10424
)
 from 89.243.137.116
2020/11/26 18:57:29 [/shop/shopping/load_payment_module.php] ErrCode=E01|E01&ErrInfo=E01390002|E01240002 from 89.243.137.116
2020/11/26 18:57:29 [/shop/shopping/load_payment_module.php] Array
(
    [0] => Array
        (
            [ErrCode] => E01
            [ErrInfo] => E01390002
        )

    [1] => Array
        (
            [ErrCode] => E01
            [ErrInfo] => E01240002
        )

)
 from 89.243.137.116
2020/11/26 19:00:08 [/shop/shopping/load_payment_module.php] SendRequest:https://p01.mul-pay.jp/payment/SearchMember.idPass from 89.243.137.116
2020/11/26 19:00:08 [/shop/shopping/load_payment_module.php] Array
(
    [SiteID] => mst0000007602
    [SitePass] => ******
    [MemberID] => 10424
)
 from 89.243.137.116
2020/11/26 19:00:08 [/shop/shopping/load_payment_module.php] ErrCode=E01&ErrInfo=E01390002 from 89.243.137.116
2020/11/26 19:00:08 [/shop/shopping/load_payment_module.php] Array
(
    [0] => Array
        (
            [ErrCode] => E01
            [ErrInfo] => E01390002
        )

)
 from 89.243.137.116
2020/11/26 19:00:08 [/shop/shopping/load_payment_module.php] SendRequest:https://p01.mul-pay.jp/payment/SearchCard.idPass from 89.243.137.116
2020/11/26 19:00:08 [/shop/shopping/load_payment_module.php] Array
(
    [SiteID] => mst0000007602
    [SitePass] => ******
    [MemberID] => 10424
)
 from 89.243.137.116
2020/11/26 19:00:08 [/shop/shopping/load_payment_module.php] ErrCode=E01|E01&ErrInfo=E01390002|E01240002 from 89.243.137.116
2020/11/26 19:00:08 [/shop/shopping/load_payment_module.php] Array
(
    [0] => Array
        (
            [ErrCode] => E01
            [ErrInfo] => E01390002
        )

    [1] => Array
        (
            [ErrCode] => E01
            [ErrInfo] => E01240002
        )

)
 from 89.243.137.116
2020/11/26 19:00:08 [/shop/shopping/load_payment_module.php] SendRequest:https://p01.mul-pay.jp/payment/EntryTran.idPass from 89.243.137.116
2020/11/26 19:00:08 [/shop/shopping/load_payment_module.php] Array
(
    [ShopID] => 9000034600950
    [ShopPass] => ******
    [OrderID] => 944861-26190008
    [JobCd] => CAPTURE
    [Amount] => 9964
    [TdFlag] => 0
    [TdTenantName] => 
)
 from 89.243.137.116
2020/11/26 19:00:09 [/shop/shopping/load_payment_module.php] AccessID=d63c719514eb4564e21a038ceb090851&AccessPass=a65194c7a38b8b147841dda7dbd053f1 from 89.243.137.116
2020/11/26 19:00:09 [/shop/shopping/load_payment_module.php] Array
(
    [0] => Array
        (
            [AccessID] => d63c719514eb4564e21a038ceb090851
            [AccessPass] => a65194c7a38b8b147841dda7dbd053f1
        )

)
 from 89.243.137.116
2020/11/26 19:00:09 [/shop/shopping/load_payment_module.php] load_payment_module.php set payment data:Array
(
    [AccessID] => d63c719514eb4564e21a038ceb090851
    [AccessPass] => a65194c7a38b8b147841dda7dbd053f1
    [OrderID] => 944861-26190008
    [Amount] => 9964
    [JobCd] => CAPTURE
    [action_status] => 1
    [pay_status] => 0
)
 from 89.243.137.116
2020/11/26 19:00:09 [/shop/shopping/load_payment_module.php] SendRequest:https://p01.mul-pay.jp/payment/ExecTran.idPass from 89.243.137.116
2020/11/26 19:00:09 [/shop/shopping/load_payment_module.php] Array
(
    [AccessID] => d63c719514eb4564e21a038ceb090851
    [AccessPass] => a65194c7a38b8b147841dda7dbd053f1
    [OrderID] => 944861-26190008
    [Method] => 1
    [Token] => dafffb61574abb4be970315bc660601b1897c943d80b29bde5440dd6aaa5dba8
    [ClientField1] => 
    [ClientField2] => 
    [ClientField3] => EC-CUBE4.3.24
)
 from 89.243.137.116
2020/11/26 19:00:10 [/shop/shopping/load_payment_module.php] ACS=0&OrderID=944861-26190008&Forward=2a99661&Method=1&PayTimes=&Approve=0000017&TranID=2011261900602257210134123697&TranDate=20201126190010&CheckString=f0042eb6e5acd3d5e9be3574af4d1407 from 89.243.137.116
2020/11/26 19:00:10 [/shop/shopping/load_payment_module.php] Array
(
    [0] => Array
        (
            [ACS] => 0
            [OrderID] => 944861-26190008
            [Forward] => 2a99661
            [Method] => 1
            [PayTimes] => 
            [Approve] => 0000017
            [TranID] => 2011261900602257210134123697
            [TranDate] => 20201126190010
            [CheckString] => f0042eb6e5acd3d5e9be3574af4d1407
        )

)
 from 89.243.137.116
2020/11/26 19:00:10 [/shop/shopping/load_payment_module.php] load_payment_module.php set payment data:Array
(
    [ACS] => 0
    [Forward] => 2a99661
    [Method] => 1
    [PayTimes] => 
    [Approve] => 0000017
    [TranID] => 2011261900602257210134123697
    [TranDate] => 20201126190010
    [CheckString] => f0042eb6e5acd3d5e9be3574af4d1407
    [Amount] => 9964
    [JobCd] => CAPTURE
    [action_status] => 3
    [pay_status] => 13
)
 from 89.243.137.116
2020/11/26 19:00:11 [/shop/user_data/pg_mulpay_recv.php] ******* receiveer data start ******* from 210.175.7.20
2020/11/26 19:00:11 [/shop/user_data/pg_mulpay_recv.php] Array
(
    [ShopID] => 9000034600950
    [ShopPass] => **********
    [AccessID] => d63c719514eb4564e21a038ceb090851
    [AccessPass] => ********************************
    [OrderID] => 944861-26190008
    [Status] => CAPTURE
    [JobCd] => CAPTURE
    [Amount] => 9964
    [Tax] => 0
    [Currency] => JPN
    [Forward] => 2a99661
    [Method] => 1
    [PayTimes] => 
    [TranID] => 2011261900602257210134123697
    [Approve] => 0000017
    [TranDate] => 20201126190010
    [ErrCode] => 
    [ErrInfo] => 
    [PayType] => 0
)
 from 210.175.7.20
2020/11/26 19:00:11 [/shop/user_data/pg_mulpay_recv.php] ******* receiveer data end ******* from 210.175.7.20
2020/11/26 19:00:16 [/shop/user_data/pg_mulpay_recv.php] update order status:1 order_id=944861 from 210.175.7.20
2020/11/26 19:00:16 [/shop/user_data/pg_mulpay_recv.php] pg_mulpay_recv.php set payment data:Array
(
    [ShopID] => 9000034600950
    [AccessID] => d63c719514eb4564e21a038ceb090851
    [OrderID] => 944861-26190008
    [Status] => CAPTURE
    [JobCd] => CAPTURE
    [Amount] => 9964
    [Tax] => 0
    [Currency] => JPN
    [Forward] => 2a99661
    [Method] => 1
    [PayTimes] => 
    [TranID] => 2011261900602257210134123697
    [Approve] => 0000017
    [TranDate] => 20201126190010
    [ErrCode] => 
    [ErrInfo] => 
    [PayType] => 0
    [CvsCode] => 
    [CvsConfNo] => 
    [CvsReceiptNo] => 
    [EdyReceiptNo] => 
    [EdyOrderNo] => 
    [SuicaReceiptNo] => 
    [SuicaOrderNo] => 
    [CustID] => 
    [BkCode] => 
    [ConfNo] => 
    [PaymentTerm] => 
    [EncryptReceiptNo] => 
    [FinishDate] => 
    [ReceiptDate] => 
    [WebMoneyManagementNo] => 
    [WebMoneySettleCode] => 
    [AuPayInfoNo] => 
    [AuPayMethod] => 
    [AuCancelAmount] => 
    [AuCancelTax] => 
    [DocomoSettlementCode] => 
    [DocomoCancelAmount] => 
    [DocomoCancelTax] => 
    [pay_status] => 13
)
 from 210.175.7.20
2020/11/26 19:00:17 [/shop/user_data/pg_mulpay_recv.php] response:true from 210.175.7.20
2020/11/26 19:13:26 [/shop/shopping/load_payment_module.php] SendRequest:https://p01.mul-pay.jp/payment/EntryTran.idPass from 165.225.112.148
2020/11/26 19:13:26 [/shop/shopping/load_payment_module.php] Array
(
    [ShopID] => 9000034600950
    [ShopPass] => ******
    [OrderID] => 944862-26191326
    [JobCd] => CAPTURE
    [Amount] => 9100
    [TdFlag] => 0
    [TdTenantName] => 
)
 from 165.225.112.148
2020/11/26 19:13:26 [/shop/shopping/load_payment_module.php] AccessID=44f40e2c04e6676e59381499bb6292e8&AccessPass=4b15f7bcef4abca51be91bbf83c514dc from 165.225.112.148
2020/11/26 19:13:26 [/shop/shopping/load_payment_module.php] Array
(
    [0] => Array
        (
            [AccessID] => 44f40e2c04e6676e59381499bb6292e8
            [AccessPass] => 4b15f7bcef4abca51be91bbf83c514dc
        )

)
 from 165.225.112.148
2020/11/26 19:13:26 [/shop/shopping/load_payment_module.php] load_payment_module.php set payment data:Array
(
    [AccessID] => 44f40e2c04e6676e59381499bb6292e8
    [AccessPass] => 4b15f7bcef4abca51be91bbf83c514dc
    [OrderID] => 944862-26191326
    [Amount] => 9100
    [JobCd] => CAPTURE
    [action_status] => 1
    [pay_status] => 0
)
 from 165.225.112.148
2020/11/26 19:13:27 [/shop/shopping/load_payment_module.php] SendRequest:https://p01.mul-pay.jp/payment/ExecTran.idPass from 165.225.112.148
2020/11/26 19:13:27 [/shop/shopping/load_payment_module.php] Array
(
    [AccessID] => 44f40e2c04e6676e59381499bb6292e8
    [AccessPass] => 4b15f7bcef4abca51be91bbf83c514dc
    [OrderID] => 944862-26191326
    [Method] => 1
    [Token] => dea67464140b752d0f09f4cd83f922eb0538f2a1f0350ba792a8b4b498a944d8
    [ClientField1] => 
    [ClientField2] => 
    [ClientField3] => EC-CUBE4.3.24
)
 from 165.225.112.148
2020/11/26 19:13:28 [/shop/shopping/load_payment_module.php] ErrCode=G12&ErrInfo=42G120000 from 165.225.112.148
2020/11/26 19:13:28 [/shop/shopping/load_payment_module.php] Array
(
    [0] => Array
        (
            [ErrCode] => G12
            [ErrInfo] => 42G120000
        )

)
 from 165.225.112.148
2020/11/26 19:13:28 [/shop/shopping/load_payment_module.php] load_payment_module.php set payment data:Array
(
    [request_error] => Array
        (
            [0] => このカードでは取引をする事が出来ません。 (G12-42G120000)
        )

    [Amount] => 9100
    [JobCd] => CAPTURE
    [action_status] => 3
)
 from 165.225.112.148
2020/11/26 19:13:29 [/shop/user_data/pg_mulpay_recv.php] ******* receiveer data start ******* from 210.175.7.20
2020/11/26 19:13:29 [/shop/user_data/pg_mulpay_recv.php] Array
(
    [ShopID] => 9000034600950
    [ShopPass] => **********
    [AccessID] => 44f40e2c04e6676e59381499bb6292e8
    [AccessPass] => ********************************
    [OrderID] => 944862-26191326
    [Status] => UNPROCESSED
    [JobCd] => CAPTURE
    [Amount] => 9100
    [Tax] => 0
    [Currency] => JPN
    [Forward] => 2959876
    [Method] => 1
    [PayTimes] => 
    [TranID] => 2011261913602257210134113635
    [Approve] =>        
    [TranDate] => 20201126191328
    [ErrCode] => G12
    [ErrInfo] => 42G120000
    [PayType] => 0
)
 from 210.175.7.20
2020/11/26 19:13:29 [/shop/user_data/pg_mulpay_recv.php] ******* receiveer data end ******* from 210.175.7.20
2020/11/26 19:13:29 [/shop/user_data/pg_mulpay_recv.php] pg_mulpay_recv.php set payment data:Array
(
    [ShopID] => 9000034600950
    [AccessID] => 44f40e2c04e6676e59381499bb6292e8
    [OrderID] => 944862-26191326
    [Status] => UNPROCESSED
    [JobCd] => CAPTURE
    [Amount] => 9100
    [Tax] => 0
    [Currency] => JPN
    [Forward] => 2959876
    [Method] => 1
    [PayTimes] => 
    [TranID] => 2011261913602257210134113635
    [Approve] => 
    [TranDate] => 20201126191328
    [ErrCode] => G12
    [ErrInfo] => 42G120000
    [PayType] => 0
    [CvsCode] => 
    [CvsConfNo] => 
    [CvsReceiptNo] => 
    [EdyReceiptNo] => 
    [EdyOrderNo] => 
    [SuicaReceiptNo] => 
    [SuicaOrderNo] => 
    [CustID] => 
    [BkCode] => 
    [ConfNo] => 
    [PaymentTerm] => 
    [EncryptReceiptNo] => 
    [FinishDate] => 
    [ReceiptDate] => 
    [WebMoneyManagementNo] => 
    [WebMoneySettleCode] => 
    [AuPayInfoNo] => 
    [AuPayMethod] => 
    [AuCancelAmount] => 
    [AuCancelTax] => 
    [DocomoSettlementCode] => 
    [DocomoCancelAmount] => 
    [DocomoCancelTax] => 
    [pay_status] => 0
)
 from 210.175.7.20
2020/11/26 19:13:29 [/shop/user_data/pg_mulpay_recv.php] response:true from 210.175.7.20
2020/11/26 19:13:52 [/shop/shopping/load_payment_module.php] SendRequest:https://p01.mul-pay.jp/payment/ExecTran.idPass from 165.225.112.148
2020/11/26 19:13:52 [/shop/shopping/load_payment_module.php] Array
(
    [AccessID] => 44f40e2c04e6676e59381499bb6292e8
    [AccessPass] => 4b15f7bcef4abca51be91bbf83c514dc
    [OrderID] => 944862-26191326
    [Method] => 1
    [PayTimes] => 
    [Token] => d0b6877d79accf8c677e4514e73855b244bffd9f6ddd7a970808ae6dbc1f4538
    [ClientField1] => 
    [ClientField2] => 
    [ClientField3] => EC-CUBE4.3.24
)
 from 165.225.112.148
2020/11/26 19:13:53 [/shop/shopping/load_payment_module.php] ACS=0&OrderID=944862-26191326&Forward=2959876&Method=1&PayTimes=&Approve=0079018&TranID=2011261913602257210134123698&TranDate=20201126191353&CheckString=69f5faffb6fd05859bb2ad1e089d8de8 from 165.225.112.148
2020/11/26 19:13:53 [/shop/shopping/load_payment_module.php] Array
(
    [0] => Array
        (
            [ACS] => 0
            [OrderID] => 944862-26191326
            [Forward] => 2959876
            [Method] => 1
            [PayTimes] => 
            [Approve] => 0079018
            [TranID] => 2011261913602257210134123698
            [TranDate] => 20201126191353
            [CheckString] => 69f5faffb6fd05859bb2ad1e089d8de8
        )

)
 from 165.225.112.148
2020/11/26 19:13:53 [/shop/shopping/load_payment_module.php] load_payment_module.php set payment data:Array
(
    [ACS] => 0
    [Forward] => 2959876
    [Method] => 1
    [PayTimes] => 
    [Approve] => 0079018
    [TranID] => 2011261913602257210134123698
    [TranDate] => 20201126191353
    [CheckString] => 69f5faffb6fd05859bb2ad1e089d8de8
    [Amount] => 9100
    [JobCd] => CAPTURE
    [action_status] => 3
    [pay_status] => 13
)
 from 165.225.112.148
2020/11/26 19:13:53 [/shop/user_data/pg_mulpay_recv.php] ******* receiveer data start ******* from 210.175.7.20
2020/11/26 19:13:53 [/shop/user_data/pg_mulpay_recv.php] Array
(
    [ShopID] => 9000034600950
    [ShopPass] => **********
    [AccessID] => 44f40e2c04e6676e59381499bb6292e8
    [AccessPass] => ********************************
    [OrderID] => 944862-26191326
    [Status] => CAPTURE
    [JobCd] => CAPTURE
    [Amount] => 9100
    [Tax] => 0
    [Currency] => JPN
    [Forward] => 2959876
    [Method] => 1
    [PayTimes] => 
    [TranID] => 2011261913602257210134123698
    [Approve] => 0079018
    [TranDate] => 20201126191353
    [ErrCode] => 
    [ErrInfo] => 
    [PayType] => 0
)
 from 210.175.7.20
2020/11/26 19:13:53 [/shop/user_data/pg_mulpay_recv.php] ******* receiveer data end ******* from 210.175.7.20
2020/11/26 19:13:58 [/shop/user_data/pg_mulpay_recv.php] update order status:1 order_id=944862 from 210.175.7.20
2020/11/26 19:13:58 [/shop/user_data/pg_mulpay_recv.php] pg_mulpay_recv.php set payment data:Array
(
    [ShopID] => 9000034600950
    [AccessID] => 44f40e2c04e6676e59381499bb6292e8
    [OrderID] => 944862-26191326
    [Status] => CAPTURE
    [JobCd] => CAPTURE
    [Amount] => 9100
    [Tax] => 0
    [Currency] => JPN
    [Forward] => 2959876
    [Method] => 1
    [PayTimes] => 
    [TranID] => 2011261913602257210134123698
    [Approve] => 0079018
    [TranDate] => 20201126191353
    [PayType] => 0
    [CvsCode] => 
    [CvsConfNo] => 
    [CvsReceiptNo] => 
    [EdyReceiptNo] => 
    [EdyOrderNo] => 
    [SuicaReceiptNo] => 
    [SuicaOrderNo] => 
    [CustID] => 
    [BkCode] => 
    [ConfNo] => 
    [PaymentTerm] => 
    [EncryptReceiptNo] => 
    [FinishDate] => 
    [ReceiptDate] => 
    [WebMoneyManagementNo] => 
    [WebMoneySettleCode] => 
    [AuPayInfoNo] => 
    [AuPayMethod] => 
    [AuCancelAmount] => 
    [AuCancelTax] => 
    [DocomoSettlementCode] => 
    [DocomoCancelAmount] => 
    [DocomoCancelTax] => 
    [pay_status] => 13
)
 from 210.175.7.20
2020/11/26 19:13:58 [/shop/user_data/pg_mulpay_recv.php] response:true from 210.175.7.20
