2020/10/04 21:33:50 [/shop/shopping/load_payment_module.php] SendRequest:https://p01.mul-pay.jp/payment/SearchMember.idPass from 202.210.220.193
2020/10/04 21:33:50 [/shop/shopping/load_payment_module.php] Array
(
    [SiteID] => mst0000007602
    [SitePass] => ******
    [MemberID] => 2825
)
 from 202.210.220.193
2020/10/04 21:33:51 [/shop/shopping/load_payment_module.php] ErrCode=E01&ErrInfo=E01390002 from 202.210.220.193
2020/10/04 21:33:51 [/shop/shopping/load_payment_module.php] Array
(
    [0] => Array
        (
            [ErrCode] => E01
            [ErrInfo] => E01390002
        )

)
 from 202.210.220.193
2020/10/04 21:33:51 [/shop/shopping/load_payment_module.php] SendRequest:https://p01.mul-pay.jp/payment/SearchCard.idPass from 202.210.220.193
2020/10/04 21:33:51 [/shop/shopping/load_payment_module.php] Array
(
    [SiteID] => mst0000007602
    [SitePass] => ******
    [MemberID] => 2825
)
 from 202.210.220.193
2020/10/04 21:33:51 [/shop/shopping/load_payment_module.php] ErrCode=E01|E01&ErrInfo=E01390002|E01240002 from 202.210.220.193
2020/10/04 21:33:51 [/shop/shopping/load_payment_module.php] Array
(
    [0] => Array
        (
            [ErrCode] => E01
            [ErrInfo] => E01390002
        )

    [1] => Array
        (
            [ErrCode] => E01
            [ErrInfo] => E01240002
        )

)
 from 202.210.220.193
2020/10/04 21:36:03 [/shop/shopping/load_payment_module.php] SendRequest:https://p01.mul-pay.jp/payment/SearchMember.idPass from 202.210.220.193
2020/10/04 21:36:03 [/shop/shopping/load_payment_module.php] Array
(
    [SiteID] => mst0000007602
    [SitePass] => ******
    [MemberID] => 2825
)
 from 202.210.220.193
2020/10/04 21:36:03 [/shop/shopping/load_payment_module.php] ErrCode=E01&ErrInfo=E01390002 from 202.210.220.193
2020/10/04 21:36:03 [/shop/shopping/load_payment_module.php] Array
(
    [0] => Array
        (
            [ErrCode] => E01
            [ErrInfo] => E01390002
        )

)
 from 202.210.220.193
2020/10/04 21:36:03 [/shop/shopping/load_payment_module.php] SendRequest:https://p01.mul-pay.jp/payment/SearchCard.idPass from 202.210.220.193
2020/10/04 21:36:03 [/shop/shopping/load_payment_module.php] Array
(
    [SiteID] => mst0000007602
    [SitePass] => ******
    [MemberID] => 2825
)
 from 202.210.220.193
2020/10/04 21:36:04 [/shop/shopping/load_payment_module.php] ErrCode=E01|E01&ErrInfo=E01390002|E01240002 from 202.210.220.193
2020/10/04 21:36:04 [/shop/shopping/load_payment_module.php] Array
(
    [0] => Array
        (
            [ErrCode] => E01
            [ErrInfo] => E01390002
        )

    [1] => Array
        (
            [ErrCode] => E01
            [ErrInfo] => E01240002
        )

)
 from 202.210.220.193
2020/10/04 21:36:04 [/shop/shopping/load_payment_module.php] SendRequest:https://p01.mul-pay.jp/payment/EntryTran.idPass from 202.210.220.193
2020/10/04 21:36:04 [/shop/shopping/load_payment_module.php] Array
(
    [ShopID] => 9000034600950
    [ShopPass] => ******
    [OrderID] => 944670-04213604
    [JobCd] => CAPTURE
    [Amount] => 3990
    [TdFlag] => 0
    [TdTenantName] => 
)
 from 202.210.220.193
2020/10/04 21:36:04 [/shop/shopping/load_payment_module.php] AccessID=cca98885bb81fac286bbf32e6e310c93&AccessPass=a6df931d42c7f467aa3aace627e148dc from 202.210.220.193
2020/10/04 21:36:04 [/shop/shopping/load_payment_module.php] Array
(
    [0] => Array
        (
            [AccessID] => cca98885bb81fac286bbf32e6e310c93
            [AccessPass] => a6df931d42c7f467aa3aace627e148dc
        )

)
 from 202.210.220.193
2020/10/04 21:36:04 [/shop/shopping/load_payment_module.php] load_payment_module.php set payment data:Array
(
    [AccessID] => cca98885bb81fac286bbf32e6e310c93
    [AccessPass] => a6df931d42c7f467aa3aace627e148dc
    [OrderID] => 944670-04213604
    [Amount] => 3990
    [JobCd] => CAPTURE
    [action_status] => 1
    [pay_status] => 0
)
 from 202.210.220.193
2020/10/04 21:36:04 [/shop/shopping/load_payment_module.php] SendRequest:https://p01.mul-pay.jp/payment/ExecTran.idPass from 202.210.220.193
2020/10/04 21:36:04 [/shop/shopping/load_payment_module.php] Array
(
    [AccessID] => cca98885bb81fac286bbf32e6e310c93
    [AccessPass] => a6df931d42c7f467aa3aace627e148dc
    [OrderID] => 944670-04213604
    [Method] => 1
    [Token] => 7c29879dd78ecf45c9b99ed7a378864b7ad1a3925ec65572d0ecedc38e5c2831
    [ClientField1] => 
    [ClientField2] => 
    [ClientField3] => EC-CUBE4.3.24
)
 from 202.210.220.193
2020/10/04 21:36:06 [/shop/shopping/load_payment_module.php] ACS=0&OrderID=944670-04213604&Forward=2S49631&Method=1&PayTimes=&Approve=0002389&TranID=2010042136602257210134133282&TranDate=20201004213606&CheckString=09f39a2b23a493ba64eeb4da55cf5d9d from 202.210.220.193
2020/10/04 21:36:06 [/shop/shopping/load_payment_module.php] Array
(
    [0] => Array
        (
            [ACS] => 0
            [OrderID] => 944670-04213604
            [Forward] => 2S49631
            [Method] => 1
            [PayTimes] => 
            [Approve] => 0002389
            [TranID] => 2010042136602257210134133282
            [TranDate] => 20201004213606
            [CheckString] => 09f39a2b23a493ba64eeb4da55cf5d9d
        )

)
 from 202.210.220.193
2020/10/04 21:36:06 [/shop/shopping/load_payment_module.php] load_payment_module.php set payment data:Array
(
    [ACS] => 0
    [Forward] => 2S49631
    [Method] => 1
    [PayTimes] => 
    [Approve] => 0002389
    [TranID] => 2010042136602257210134133282
    [TranDate] => 20201004213606
    [CheckString] => 09f39a2b23a493ba64eeb4da55cf5d9d
    [Amount] => 3990
    [JobCd] => CAPTURE
    [action_status] => 3
    [pay_status] => 13
)
 from 202.210.220.193
2020/10/04 21:36:07 [/shop/user_data/pg_mulpay_recv.php] ******* receiveer data start ******* from 210.175.7.20
2020/10/04 21:36:07 [/shop/user_data/pg_mulpay_recv.php] Array
(
    [ShopID] => 9000034600950
    [ShopPass] => **********
    [AccessID] => cca98885bb81fac286bbf32e6e310c93
    [AccessPass] => ********************************
    [OrderID] => 944670-04213604
    [Status] => CAPTURE
    [JobCd] => CAPTURE
    [Amount] => 3990
    [Tax] => 0
    [Currency] => JPN
    [Forward] => 2S49631
    [Method] => 1
    [PayTimes] => 
    [TranID] => 2010042136602257210134133282
    [Approve] => 0002389
    [TranDate] => 20201004213606
    [ErrCode] => 
    [ErrInfo] => 
    [PayType] => 0
)
 from 210.175.7.20
2020/10/04 21:36:07 [/shop/user_data/pg_mulpay_recv.php] ******* receiveer data end ******* from 210.175.7.20
2020/10/04 21:36:12 [/shop/user_data/pg_mulpay_recv.php] update order status:1 order_id=944670 from 210.175.7.20
2020/10/04 21:36:12 [/shop/user_data/pg_mulpay_recv.php] pg_mulpay_recv.php set payment data:Array
(
    [ShopID] => 9000034600950
    [AccessID] => cca98885bb81fac286bbf32e6e310c93
    [OrderID] => 944670-04213604
    [Status] => CAPTURE
    [JobCd] => CAPTURE
    [Amount] => 3990
    [Tax] => 0
    [Currency] => JPN
    [Forward] => 2S49631
    [Method] => 1
    [PayTimes] => 
    [TranID] => 2010042136602257210134133282
    [Approve] => 0002389
    [TranDate] => 20201004213606
    [ErrCode] => 
    [ErrInfo] => 
    [PayType] => 0
    [CvsCode] => 
    [CvsConfNo] => 
    [CvsReceiptNo] => 
    [EdyReceiptNo] => 
    [EdyOrderNo] => 
    [SuicaReceiptNo] => 
    [SuicaOrderNo] => 
    [CustID] => 
    [BkCode] => 
    [ConfNo] => 
    [PaymentTerm] => 
    [EncryptReceiptNo] => 
    [FinishDate] => 
    [ReceiptDate] => 
    [WebMoneyManagementNo] => 
    [WebMoneySettleCode] => 
    [AuPayInfoNo] => 
    [AuPayMethod] => 
    [AuCancelAmount] => 
    [AuCancelTax] => 
    [DocomoSettlementCode] => 
    [DocomoCancelAmount] => 
    [DocomoCancelTax] => 
    [pay_status] => 13
)
 from 210.175.7.20
2020/10/04 21:36:12 [/shop/user_data/pg_mulpay_recv.php] response:true from 210.175.7.20
