2022/04/23 05:38:10 [/shop/shopping/load_payment_module.php] SendRequest:https://p01.mul-pay.jp/payment/SearchMember.idPass from 165.225.243.1
2022/04/23 05:38:10 [/shop/shopping/load_payment_module.php] Array
(
    [SiteID] => mst0000007602
    [SitePass] => ******
    [MemberID] => 9601
)
 from 165.225.243.1
2022/04/23 05:38:10 [/shop/shopping/load_payment_module.php] ErrCode=E01&ErrInfo=E01390002 from 165.225.243.1
2022/04/23 05:38:10 [/shop/shopping/load_payment_module.php] Array
(
    [0] => Array
        (
            [ErrCode] => E01
            [ErrInfo] => E01390002
        )

)
 from 165.225.243.1
2022/04/23 05:38:10 [/shop/shopping/load_payment_module.php] SendRequest:https://p01.mul-pay.jp/payment/SearchCard.idPass from 165.225.243.1
2022/04/23 05:38:10 [/shop/shopping/load_payment_module.php] Array
(
    [SiteID] => mst0000007602
    [SitePass] => ******
    [MemberID] => 9601
)
 from 165.225.243.1
2022/04/23 05:38:10 [/shop/shopping/load_payment_module.php] ErrCode=E01|E01&ErrInfo=E01390002|E01240002 from 165.225.243.1
2022/04/23 05:38:10 [/shop/shopping/load_payment_module.php] Array
(
    [0] => Array
        (
            [ErrCode] => E01
            [ErrInfo] => E01390002
        )

    [1] => Array
        (
            [ErrCode] => E01
            [ErrInfo] => E01240002
        )

)
 from 165.225.243.1
2022/04/23 09:12:15 [/shop/shopping/load_payment_module.php] SendRequest:https://p01.mul-pay.jp/payment/EntryTran.idPass from 118.22.89.80
2022/04/23 09:12:15 [/shop/shopping/load_payment_module.php] Array
(
    [ShopID] => 9000034600950
    [ShopPass] => ******
    [OrderID] => 946504-23091215
    [JobCd] => CAPTURE
    [Amount] => 4610
    [TdFlag] => 0
    [TdTenantName] => 
)
 from 118.22.89.80
2022/04/23 09:12:15 [/shop/shopping/load_payment_module.php] AccessID=d8452bbecaf8992f6ba48328f4da2097&AccessPass=2adb6bad6d0a240ded9705d3c48d001c from 118.22.89.80
2022/04/23 09:12:15 [/shop/shopping/load_payment_module.php] Array
(
    [0] => Array
        (
            [AccessID] => d8452bbecaf8992f6ba48328f4da2097
            [AccessPass] => 2adb6bad6d0a240ded9705d3c48d001c
        )

)
 from 118.22.89.80
2022/04/23 09:12:15 [/shop/shopping/load_payment_module.php] load_payment_module.php set payment data:Array
(
    [AccessID] => d8452bbecaf8992f6ba48328f4da2097
    [AccessPass] => 2adb6bad6d0a240ded9705d3c48d001c
    [OrderID] => 946504-23091215
    [Amount] => 4610
    [JobCd] => CAPTURE
    [action_status] => 1
    [pay_status] => 0
)
 from 118.22.89.80
2022/04/23 09:12:15 [/shop/shopping/load_payment_module.php] SendRequest:https://p01.mul-pay.jp/payment/ExecTran.idPass from 118.22.89.80
2022/04/23 09:12:15 [/shop/shopping/load_payment_module.php] Array
(
    [AccessID] => d8452bbecaf8992f6ba48328f4da2097
    [AccessPass] => 2adb6bad6d0a240ded9705d3c48d001c
    [OrderID] => 946504-23091215
    [Method] => 1
    [Token] => 8b880dbb03cac4a15139f6336b165737f29be8398b5f625c56646ce737e09e63
    [ClientField1] => 
    [ClientField2] => 
    [ClientField3] => EC-CUBE4.3.35
)
 from 118.22.89.80
2022/04/23 09:12:17 [/shop/shopping/load_payment_module.php] ACS=0&OrderID=946504-23091215&Forward=2959876&Method=1&PayTimes=&Approve=0387049&TranID=2204230912602257210134170087&TranDate=20220423091217&CheckString=d0744de169cf032862aa552400cef157 from 118.22.89.80
2022/04/23 09:12:17 [/shop/shopping/load_payment_module.php] Array
(
    [0] => Array
        (
            [ACS] => 0
            [OrderID] => 946504-23091215
            [Forward] => 2959876
            [Method] => 1
            [PayTimes] => 
            [Approve] => 0387049
            [TranID] => 2204230912602257210134170087
            [TranDate] => 20220423091217
            [CheckString] => d0744de169cf032862aa552400cef157
        )

)
 from 118.22.89.80
2022/04/23 09:12:17 [/shop/shopping/load_payment_module.php] load_payment_module.php set payment data:Array
(
    [ACS] => 0
    [Forward] => 2959876
    [Method] => 1
    [PayTimes] => 
    [Approve] => 0387049
    [TranID] => 2204230912602257210134170087
    [TranDate] => 20220423091217
    [CheckString] => d0744de169cf032862aa552400cef157
    [Amount] => 4610
    [JobCd] => CAPTURE
    [action_status] => 3
    [pay_status] => 13
)
 from 118.22.89.80
2022/04/23 09:12:17 [/shop/user_data/pg_mulpay_recv.php] ******* receiveer data start ******* from 210.175.7.20
2022/04/23 09:12:17 [/shop/user_data/pg_mulpay_recv.php] Array
(
    [ShopID] => 9000034600950
    [ShopPass] => **********
    [AccessID] => d8452bbecaf8992f6ba48328f4da2097
    [AccessPass] => ********************************
    [OrderID] => 946504-23091215
    [Status] => CAPTURE
    [JobCd] => CAPTURE
    [Amount] => 4610
    [Tax] => 0
    [Currency] => JPN
    [Forward] => 2959876
    [Method] => 1
    [PayTimes] => 
    [TranID] => 2204230912602257210134170087
    [Approve] => 0387049
    [TranDate] => 20220423091217
    [ErrCode] => 
    [ErrInfo] => 
    [PayType] => 0
)
 from 210.175.7.20
2022/04/23 09:12:17 [/shop/user_data/pg_mulpay_recv.php] ******* receiveer data end ******* from 210.175.7.20
2022/04/23 09:12:22 [/shop/user_data/pg_mulpay_recv.php] update order status:1 order_id=946504 from 210.175.7.20
2022/04/23 09:12:22 [/shop/user_data/pg_mulpay_recv.php] pg_mulpay_recv.php set payment data:Array
(
    [ShopID] => 9000034600950
    [AccessID] => d8452bbecaf8992f6ba48328f4da2097
    [OrderID] => 946504-23091215
    [Status] => CAPTURE
    [JobCd] => CAPTURE
    [Amount] => 4610
    [Tax] => 0
    [Currency] => JPN
    [Forward] => 2959876
    [Method] => 1
    [PayTimes] => 
    [TranID] => 2204230912602257210134170087
    [Approve] => 0387049
    [TranDate] => 20220423091217
    [ErrCode] => 
    [ErrInfo] => 
    [PayType] => 0
    [CvsCode] => 
    [CvsConfNo] => 
    [CvsReceiptNo] => 
    [EdyReceiptNo] => 
    [EdyOrderNo] => 
    [SuicaReceiptNo] => 
    [SuicaOrderNo] => 
    [CustID] => 
    [BkCode] => 
    [ConfNo] => 
    [PaymentTerm] => 
    [EncryptReceiptNo] => 
    [FinishDate] => 
    [ReceiptDate] => 
    [WebMoneyManagementNo] => 
    [WebMoneySettleCode] => 
    [AuPayInfoNo] => 
    [AuPayMethod] => 
    [AuCancelAmount] => 
    [AuCancelTax] => 
    [DocomoSettlementCode] => 
    [DocomoCancelAmount] => 
    [DocomoCancelTax] => 
    [pay_status] => 13
)
 from 210.175.7.20
2022/04/23 09:12:22 [/shop/user_data/pg_mulpay_recv.php] response:true from 210.175.7.20
