2020/09/06 11:27:32 [/shop/shopping/load_payment_module.php] SendRequest:https://p01.mul-pay.jp/payment/SearchMember.idPass from 203.181.32.218
2020/09/06 11:27:32 [/shop/shopping/load_payment_module.php] Array
(
    [SiteID] => mst0000007602
    [SitePass] => ******
    [MemberID] => 9644
)
 from 203.181.32.218
2020/09/06 11:27:32 [/shop/shopping/load_payment_module.php] ErrCode=E01&ErrInfo=E01390002 from 203.181.32.218
2020/09/06 11:27:32 [/shop/shopping/load_payment_module.php] Array
(
    [0] => Array
        (
            [ErrCode] => E01
            [ErrInfo] => E01390002
        )

)
 from 203.181.32.218
2020/09/06 11:27:32 [/shop/shopping/load_payment_module.php] SendRequest:https://p01.mul-pay.jp/payment/SearchCard.idPass from 203.181.32.218
2020/09/06 11:27:32 [/shop/shopping/load_payment_module.php] Array
(
    [SiteID] => mst0000007602
    [SitePass] => ******
    [MemberID] => 9644
)
 from 203.181.32.218
2020/09/06 11:27:33 [/shop/shopping/load_payment_module.php] ErrCode=E01|E01&ErrInfo=E01390002|E01240002 from 203.181.32.218
2020/09/06 11:27:33 [/shop/shopping/load_payment_module.php] Array
(
    [0] => Array
        (
            [ErrCode] => E01
            [ErrInfo] => E01390002
        )

    [1] => Array
        (
            [ErrCode] => E01
            [ErrInfo] => E01240002
        )

)
 from 203.181.32.218
2020/09/06 11:29:15 [/shop/shopping/load_payment_module.php] SendRequest:https://p01.mul-pay.jp/payment/SearchMember.idPass from 203.181.32.218
2020/09/06 11:29:15 [/shop/shopping/load_payment_module.php] Array
(
    [SiteID] => mst0000007602
    [SitePass] => ******
    [MemberID] => 9644
)
 from 203.181.32.218
2020/09/06 11:29:15 [/shop/shopping/load_payment_module.php] ErrCode=E01&ErrInfo=E01390002 from 203.181.32.218
2020/09/06 11:29:15 [/shop/shopping/load_payment_module.php] Array
(
    [0] => Array
        (
            [ErrCode] => E01
            [ErrInfo] => E01390002
        )

)
 from 203.181.32.218
2020/09/06 11:29:15 [/shop/shopping/load_payment_module.php] SendRequest:https://p01.mul-pay.jp/payment/SearchCard.idPass from 203.181.32.218
2020/09/06 11:29:15 [/shop/shopping/load_payment_module.php] Array
(
    [SiteID] => mst0000007602
    [SitePass] => ******
    [MemberID] => 9644
)
 from 203.181.32.218
2020/09/06 11:29:16 [/shop/shopping/load_payment_module.php] ErrCode=E01|E01&ErrInfo=E01390002|E01240002 from 203.181.32.218
2020/09/06 11:29:16 [/shop/shopping/load_payment_module.php] Array
(
    [0] => Array
        (
            [ErrCode] => E01
            [ErrInfo] => E01390002
        )

    [1] => Array
        (
            [ErrCode] => E01
            [ErrInfo] => E01240002
        )

)
 from 203.181.32.218
2020/09/06 11:29:16 [/shop/shopping/load_payment_module.php] SendRequest:https://p01.mul-pay.jp/payment/EntryTran.idPass from 203.181.32.218
2020/09/06 11:29:16 [/shop/shopping/load_payment_module.php] Array
(
    [ShopID] => 9000034600950
    [ShopPass] => ******
    [OrderID] => 944575-06112916
    [JobCd] => CAPTURE
    [Amount] => 164
    [TdFlag] => 0
    [TdTenantName] => 
)
 from 203.181.32.218
2020/09/06 11:29:16 [/shop/shopping/load_payment_module.php] AccessID=1b472615954142cd19819b5cd63cd69b&AccessPass=522fb4791ac046ebd0a656d0692a0fe6 from 203.181.32.218
2020/09/06 11:29:16 [/shop/shopping/load_payment_module.php] Array
(
    [0] => Array
        (
            [AccessID] => 1b472615954142cd19819b5cd63cd69b
            [AccessPass] => 522fb4791ac046ebd0a656d0692a0fe6
        )

)
 from 203.181.32.218
2020/09/06 11:29:16 [/shop/shopping/load_payment_module.php] load_payment_module.php set payment data:Array
(
    [AccessID] => 1b472615954142cd19819b5cd63cd69b
    [AccessPass] => 522fb4791ac046ebd0a656d0692a0fe6
    [OrderID] => 944575-06112916
    [Amount] => 164
    [JobCd] => CAPTURE
    [action_status] => 1
    [pay_status] => 0
)
 from 203.181.32.218
2020/09/06 11:29:16 [/shop/shopping/load_payment_module.php] SendRequest:https://p01.mul-pay.jp/payment/ExecTran.idPass from 203.181.32.218
2020/09/06 11:29:16 [/shop/shopping/load_payment_module.php] Array
(
    [AccessID] => 1b472615954142cd19819b5cd63cd69b
    [AccessPass] => 522fb4791ac046ebd0a656d0692a0fe6
    [OrderID] => 944575-06112916
    [Method] => 1
    [Token] => a5f1ce15357aabbe7511e0c16f0ea646cd730fb9b9ce19ec15ad6c260d41ca43
    [ClientField1] => 
    [ClientField2] => 
    [ClientField3] => EC-CUBE4.3.24
)
 from 203.181.32.218
2020/09/06 11:29:17 [/shop/shopping/load_payment_module.php] ACS=0&OrderID=944575-06112916&Forward=2S49631&Method=1&PayTimes=&Approve=0933277&TranID=2009061129602257210134113530&TranDate=20200906112917&CheckString=b9a4e46b6a1c11cfd6b8e9c0af1cf323 from 203.181.32.218
2020/09/06 11:29:17 [/shop/shopping/load_payment_module.php] Array
(
    [0] => Array
        (
            [ACS] => 0
            [OrderID] => 944575-06112916
            [Forward] => 2S49631
            [Method] => 1
            [PayTimes] => 
            [Approve] => 0933277
            [TranID] => 2009061129602257210134113530
            [TranDate] => 20200906112917
            [CheckString] => b9a4e46b6a1c11cfd6b8e9c0af1cf323
        )

)
 from 203.181.32.218
2020/09/06 11:29:17 [/shop/shopping/load_payment_module.php] load_payment_module.php set payment data:Array
(
    [ACS] => 0
    [Forward] => 2S49631
    [Method] => 1
    [PayTimes] => 
    [Approve] => 0933277
    [TranID] => 2009061129602257210134113530
    [TranDate] => 20200906112917
    [CheckString] => b9a4e46b6a1c11cfd6b8e9c0af1cf323
    [Amount] => 164
    [JobCd] => CAPTURE
    [action_status] => 3
    [pay_status] => 13
)
 from 203.181.32.218
2020/09/06 11:29:18 [/shop/user_data/pg_mulpay_recv.php] ******* receiveer data start ******* from 210.175.7.20
2020/09/06 11:29:18 [/shop/user_data/pg_mulpay_recv.php] Array
(
    [ShopID] => 9000034600950
    [ShopPass] => **********
    [AccessID] => 1b472615954142cd19819b5cd63cd69b
    [AccessPass] => ********************************
    [OrderID] => 944575-06112916
    [Status] => CAPTURE
    [JobCd] => CAPTURE
    [Amount] => 164
    [Tax] => 0
    [Currency] => JPN
    [Forward] => 2S49631
    [Method] => 1
    [PayTimes] => 
    [TranID] => 2009061129602257210134113530
    [Approve] => 0933277
    [TranDate] => 20200906112917
    [ErrCode] => 
    [ErrInfo] => 
    [PayType] => 0
)
 from 210.175.7.20
2020/09/06 11:29:18 [/shop/user_data/pg_mulpay_recv.php] ******* receiveer data end ******* from 210.175.7.20
2020/09/06 11:29:23 [/shop/user_data/pg_mulpay_recv.php] update order status:1 order_id=944575 from 210.175.7.20
2020/09/06 11:29:23 [/shop/user_data/pg_mulpay_recv.php] pg_mulpay_recv.php set payment data:Array
(
    [ShopID] => 9000034600950
    [AccessID] => 1b472615954142cd19819b5cd63cd69b
    [OrderID] => 944575-06112916
    [Status] => CAPTURE
    [JobCd] => CAPTURE
    [Amount] => 164
    [Tax] => 0
    [Currency] => JPN
    [Forward] => 2S49631
    [Method] => 1
    [PayTimes] => 
    [TranID] => 2009061129602257210134113530
    [Approve] => 0933277
    [TranDate] => 20200906112917
    [ErrCode] => 
    [ErrInfo] => 
    [PayType] => 0
    [CvsCode] => 
    [CvsConfNo] => 
    [CvsReceiptNo] => 
    [EdyReceiptNo] => 
    [EdyOrderNo] => 
    [SuicaReceiptNo] => 
    [SuicaOrderNo] => 
    [CustID] => 
    [BkCode] => 
    [ConfNo] => 
    [PaymentTerm] => 
    [EncryptReceiptNo] => 
    [FinishDate] => 
    [ReceiptDate] => 
    [WebMoneyManagementNo] => 
    [WebMoneySettleCode] => 
    [AuPayInfoNo] => 
    [AuPayMethod] => 
    [AuCancelAmount] => 
    [AuCancelTax] => 
    [DocomoSettlementCode] => 
    [DocomoCancelAmount] => 
    [DocomoCancelTax] => 
    [pay_status] => 13
)
 from 210.175.7.20
2020/09/06 11:29:23 [/shop/user_data/pg_mulpay_recv.php] response:true from 210.175.7.20
2020/09/06 12:03:09 [/shop/shopping/load_payment_module.php] SendRequest:https://p01.mul-pay.jp/payment/EntryTran.idPass from 126.199.202.242
2020/09/06 12:03:09 [/shop/shopping/load_payment_module.php] Array
(
    [ShopID] => 9000034600950
    [ShopPass] => ******
    [OrderID] => 944576-06120309
    [JobCd] => CAPTURE
    [Amount] => 6490
    [TdFlag] => 0
    [TdTenantName] => 
)
 from 126.199.202.242
2020/09/06 12:03:09 [/shop/shopping/load_payment_module.php] AccessID=dcf1b2d131338c6bab448599fa8d9713&AccessPass=881c60de936b978d8eb7e948ab64b8fb from 126.199.202.242
2020/09/06 12:03:09 [/shop/shopping/load_payment_module.php] Array
(
    [0] => Array
        (
            [AccessID] => dcf1b2d131338c6bab448599fa8d9713
            [AccessPass] => 881c60de936b978d8eb7e948ab64b8fb
        )

)
 from 126.199.202.242
2020/09/06 12:03:09 [/shop/shopping/load_payment_module.php] load_payment_module.php set payment data:Array
(
    [AccessID] => dcf1b2d131338c6bab448599fa8d9713
    [AccessPass] => 881c60de936b978d8eb7e948ab64b8fb
    [OrderID] => 944576-06120309
    [Amount] => 6490
    [JobCd] => CAPTURE
    [action_status] => 1
    [pay_status] => 0
)
 from 126.199.202.242
2020/09/06 12:03:09 [/shop/shopping/load_payment_module.php] SendRequest:https://p01.mul-pay.jp/payment/ExecTran.idPass from 126.199.202.242
2020/09/06 12:03:09 [/shop/shopping/load_payment_module.php] Array
(
    [AccessID] => dcf1b2d131338c6bab448599fa8d9713
    [AccessPass] => 881c60de936b978d8eb7e948ab64b8fb
    [OrderID] => 944576-06120309
    [Method] => 1
    [Token] => 7731d680d99b30e51a22ddc8d627913afaa6ea7f93b0894c99e77cde19986492
    [ClientField1] => 
    [ClientField2] => 
    [ClientField3] => EC-CUBE4.3.24
)
 from 126.199.202.242
2020/09/06 12:03:11 [/shop/shopping/load_payment_module.php] ACS=0&OrderID=944576-06120309&Forward=2959876&Method=1&PayTimes=&Approve=0095578&TranID=2009061203602257210134123593&TranDate=20200906120311&CheckString=7737c8bce834e8c176487e78fe57a119 from 126.199.202.242
2020/09/06 12:03:11 [/shop/shopping/load_payment_module.php] Array
(
    [0] => Array
        (
            [ACS] => 0
            [OrderID] => 944576-06120309
            [Forward] => 2959876
            [Method] => 1
            [PayTimes] => 
            [Approve] => 0095578
            [TranID] => 2009061203602257210134123593
            [TranDate] => 20200906120311
            [CheckString] => 7737c8bce834e8c176487e78fe57a119
        )

)
 from 126.199.202.242
2020/09/06 12:03:11 [/shop/shopping/load_payment_module.php] load_payment_module.php set payment data:Array
(
    [ACS] => 0
    [Forward] => 2959876
    [Method] => 1
    [PayTimes] => 
    [Approve] => 0095578
    [TranID] => 2009061203602257210134123593
    [TranDate] => 20200906120311
    [CheckString] => 7737c8bce834e8c176487e78fe57a119
    [Amount] => 6490
    [JobCd] => CAPTURE
    [action_status] => 3
    [pay_status] => 13
)
 from 126.199.202.242
2020/09/06 12:03:11 [/shop/user_data/pg_mulpay_recv.php] ******* receiveer data start ******* from 210.175.7.20
2020/09/06 12:03:11 [/shop/user_data/pg_mulpay_recv.php] Array
(
    [ShopID] => 9000034600950
    [ShopPass] => **********
    [AccessID] => dcf1b2d131338c6bab448599fa8d9713
    [AccessPass] => ********************************
    [OrderID] => 944576-06120309
    [Status] => CAPTURE
    [JobCd] => CAPTURE
    [Amount] => 6490
    [Tax] => 0
    [Currency] => JPN
    [Forward] => 2959876
    [Method] => 1
    [PayTimes] => 
    [TranID] => 2009061203602257210134123593
    [Approve] => 0095578
    [TranDate] => 20200906120311
    [ErrCode] => 
    [ErrInfo] => 
    [PayType] => 0
)
 from 210.175.7.20
2020/09/06 12:03:11 [/shop/user_data/pg_mulpay_recv.php] ******* receiveer data end ******* from 210.175.7.20
2020/09/06 12:03:16 [/shop/user_data/pg_mulpay_recv.php] update order status:1 order_id=944576 from 210.175.7.20
2020/09/06 12:03:16 [/shop/user_data/pg_mulpay_recv.php] pg_mulpay_recv.php set payment data:Array
(
    [ShopID] => 9000034600950
    [AccessID] => dcf1b2d131338c6bab448599fa8d9713
    [OrderID] => 944576-06120309
    [Status] => CAPTURE
    [JobCd] => CAPTURE
    [Amount] => 6490
    [Tax] => 0
    [Currency] => JPN
    [Forward] => 2959876
    [Method] => 1
    [PayTimes] => 
    [TranID] => 2009061203602257210134123593
    [Approve] => 0095578
    [TranDate] => 20200906120311
    [ErrCode] => 
    [ErrInfo] => 
    [PayType] => 0
    [CvsCode] => 
    [CvsConfNo] => 
    [CvsReceiptNo] => 
    [EdyReceiptNo] => 
    [EdyOrderNo] => 
    [SuicaReceiptNo] => 
    [SuicaOrderNo] => 
    [CustID] => 
    [BkCode] => 
    [ConfNo] => 
    [PaymentTerm] => 
    [EncryptReceiptNo] => 
    [FinishDate] => 
    [ReceiptDate] => 
    [WebMoneyManagementNo] => 
    [WebMoneySettleCode] => 
    [AuPayInfoNo] => 
    [AuPayMethod] => 
    [AuCancelAmount] => 
    [AuCancelTax] => 
    [DocomoSettlementCode] => 
    [DocomoCancelAmount] => 
    [DocomoCancelTax] => 
    [pay_status] => 13
)
 from 210.175.7.20
2020/09/06 12:03:16 [/shop/user_data/pg_mulpay_recv.php] response:true from 210.175.7.20
2020/09/06 15:46:29 [/shop/shopping/load_payment_module.php] SendRequest:https://p01.mul-pay.jp/payment/SearchMember.idPass from 86.98.81.225
2020/09/06 15:46:29 [/shop/shopping/load_payment_module.php] Array
(
    [SiteID] => mst0000007602
    [SitePass] => ******
    [MemberID] => 10413
)
 from 86.98.81.225
2020/09/06 15:46:29 [/shop/shopping/load_payment_module.php] ErrCode=E01&ErrInfo=E01390002 from 86.98.81.225
2020/09/06 15:46:29 [/shop/shopping/load_payment_module.php] Array
(
    [0] => Array
        (
            [ErrCode] => E01
            [ErrInfo] => E01390002
        )

)
 from 86.98.81.225
2020/09/06 15:46:29 [/shop/shopping/load_payment_module.php] SendRequest:https://p01.mul-pay.jp/payment/SearchCard.idPass from 86.98.81.225
2020/09/06 15:46:29 [/shop/shopping/load_payment_module.php] Array
(
    [SiteID] => mst0000007602
    [SitePass] => ******
    [MemberID] => 10413
)
 from 86.98.81.225
2020/09/06 15:46:29 [/shop/shopping/load_payment_module.php] ErrCode=E01|E01&ErrInfo=E01390002|E01240002 from 86.98.81.225
2020/09/06 15:46:29 [/shop/shopping/load_payment_module.php] Array
(
    [0] => Array
        (
            [ErrCode] => E01
            [ErrInfo] => E01390002
        )

    [1] => Array
        (
            [ErrCode] => E01
            [ErrInfo] => E01240002
        )

)
 from 86.98.81.225
2020/09/06 15:46:46 [/shop/shopping/load_payment_module.php] SendRequest:https://p01.mul-pay.jp/payment/SearchMember.idPass from 86.98.81.225
2020/09/06 15:46:46 [/shop/shopping/load_payment_module.php] Array
(
    [SiteID] => mst0000007602
    [SitePass] => ******
    [MemberID] => 10413
)
 from 86.98.81.225
2020/09/06 15:46:47 [/shop/shopping/load_payment_module.php] ErrCode=E01&ErrInfo=E01390002 from 86.98.81.225
2020/09/06 15:46:47 [/shop/shopping/load_payment_module.php] Array
(
    [0] => Array
        (
            [ErrCode] => E01
            [ErrInfo] => E01390002
        )

)
 from 86.98.81.225
2020/09/06 15:46:47 [/shop/shopping/load_payment_module.php] SendRequest:https://p01.mul-pay.jp/payment/SearchCard.idPass from 86.98.81.225
2020/09/06 15:46:47 [/shop/shopping/load_payment_module.php] Array
(
    [SiteID] => mst0000007602
    [SitePass] => ******
    [MemberID] => 10413
)
 from 86.98.81.225
2020/09/06 15:46:47 [/shop/shopping/load_payment_module.php] ErrCode=E01|E01&ErrInfo=E01390002|E01240002 from 86.98.81.225
2020/09/06 15:46:47 [/shop/shopping/load_payment_module.php] Array
(
    [0] => Array
        (
            [ErrCode] => E01
            [ErrInfo] => E01390002
        )

    [1] => Array
        (
            [ErrCode] => E01
            [ErrInfo] => E01240002
        )

)
 from 86.98.81.225
2020/09/06 15:46:47 [/shop/shopping/load_payment_module.php] SendRequest:https://p01.mul-pay.jp/payment/EntryTran.idPass from 86.98.81.225
2020/09/06 15:46:47 [/shop/shopping/load_payment_module.php] Array
(
    [ShopID] => 9000034600950
    [ShopPass] => ******
    [OrderID] => 944577-06154647
    [JobCd] => CAPTURE
    [Amount] => 10500
    [TdFlag] => 0
    [TdTenantName] => 
)
 from 86.98.81.225
2020/09/06 15:46:47 [/shop/shopping/load_payment_module.php] AccessID=823e64e265b3d88af22978dbcd8b3db4&AccessPass=d386fe80a062f4b02df1f765ca25a0be from 86.98.81.225
2020/09/06 15:46:47 [/shop/shopping/load_payment_module.php] Array
(
    [0] => Array
        (
            [AccessID] => 823e64e265b3d88af22978dbcd8b3db4
            [AccessPass] => d386fe80a062f4b02df1f765ca25a0be
        )

)
 from 86.98.81.225
2020/09/06 15:46:47 [/shop/shopping/load_payment_module.php] load_payment_module.php set payment data:Array
(
    [AccessID] => 823e64e265b3d88af22978dbcd8b3db4
    [AccessPass] => d386fe80a062f4b02df1f765ca25a0be
    [OrderID] => 944577-06154647
    [Amount] => 10500
    [JobCd] => CAPTURE
    [action_status] => 1
    [pay_status] => 0
)
 from 86.98.81.225
2020/09/06 15:46:47 [/shop/shopping/load_payment_module.php] SendRequest:https://p01.mul-pay.jp/payment/ExecTran.idPass from 86.98.81.225
2020/09/06 15:46:47 [/shop/shopping/load_payment_module.php] Array
(
    [AccessID] => 823e64e265b3d88af22978dbcd8b3db4
    [AccessPass] => d386fe80a062f4b02df1f765ca25a0be
    [OrderID] => 944577-06154647
    [Method] => 1
    [Token] => 3f3ad10a78b386d3d8a94d6e7431339a61a6e239e834a8de396120d905f2e572
    [ClientField1] => 
    [ClientField2] => 
    [ClientField3] => EC-CUBE4.3.24
)
 from 86.98.81.225
2020/09/06 15:46:48 [/shop/shopping/load_payment_module.php] ACS=0&OrderID=944577-06154647&Forward=2S49631&Method=1&PayTimes=&Approve=0391450&TranID=2009061546602257210134133256&TranDate=20200906154648&CheckString=56cdd8be72e6024395ceac91e6521f18 from 86.98.81.225
2020/09/06 15:46:48 [/shop/shopping/load_payment_module.php] Array
(
    [0] => Array
        (
            [ACS] => 0
            [OrderID] => 944577-06154647
            [Forward] => 2S49631
            [Method] => 1
            [PayTimes] => 
            [Approve] => 0391450
            [TranID] => 2009061546602257210134133256
            [TranDate] => 20200906154648
            [CheckString] => 56cdd8be72e6024395ceac91e6521f18
        )

)
 from 86.98.81.225
2020/09/06 15:46:48 [/shop/shopping/load_payment_module.php] load_payment_module.php set payment data:Array
(
    [ACS] => 0
    [Forward] => 2S49631
    [Method] => 1
    [PayTimes] => 
    [Approve] => 0391450
    [TranID] => 2009061546602257210134133256
    [TranDate] => 20200906154648
    [CheckString] => 56cdd8be72e6024395ceac91e6521f18
    [Amount] => 10500
    [JobCd] => CAPTURE
    [action_status] => 3
    [pay_status] => 13
)
 from 86.98.81.225
2020/09/06 15:46:49 [/shop/user_data/pg_mulpay_recv.php] ******* receiveer data start ******* from 210.175.7.20
2020/09/06 15:46:49 [/shop/user_data/pg_mulpay_recv.php] Array
(
    [ShopID] => 9000034600950
    [ShopPass] => **********
    [AccessID] => 823e64e265b3d88af22978dbcd8b3db4
    [AccessPass] => ********************************
    [OrderID] => 944577-06154647
    [Status] => CAPTURE
    [JobCd] => CAPTURE
    [Amount] => 10500
    [Tax] => 0
    [Currency] => JPN
    [Forward] => 2S49631
    [Method] => 1
    [PayTimes] => 
    [TranID] => 2009061546602257210134133256
    [Approve] => 0391450
    [TranDate] => 20200906154648
    [ErrCode] => 
    [ErrInfo] => 
    [PayType] => 0
)
 from 210.175.7.20
2020/09/06 15:46:49 [/shop/user_data/pg_mulpay_recv.php] ******* receiveer data end ******* from 210.175.7.20
2020/09/06 15:46:54 [/shop/user_data/pg_mulpay_recv.php] update order status:1 order_id=944577 from 210.175.7.20
2020/09/06 15:46:54 [/shop/user_data/pg_mulpay_recv.php] pg_mulpay_recv.php set payment data:Array
(
    [ShopID] => 9000034600950
    [AccessID] => 823e64e265b3d88af22978dbcd8b3db4
    [OrderID] => 944577-06154647
    [Status] => CAPTURE
    [JobCd] => CAPTURE
    [Amount] => 10500
    [Tax] => 0
    [Currency] => JPN
    [Forward] => 2S49631
    [Method] => 1
    [PayTimes] => 
    [TranID] => 2009061546602257210134133256
    [Approve] => 0391450
    [TranDate] => 20200906154648
    [ErrCode] => 
    [ErrInfo] => 
    [PayType] => 0
    [CvsCode] => 
    [CvsConfNo] => 
    [CvsReceiptNo] => 
    [EdyReceiptNo] => 
    [EdyOrderNo] => 
    [SuicaReceiptNo] => 
    [SuicaOrderNo] => 
    [CustID] => 
    [BkCode] => 
    [ConfNo] => 
    [PaymentTerm] => 
    [EncryptReceiptNo] => 
    [FinishDate] => 
    [ReceiptDate] => 
    [WebMoneyManagementNo] => 
    [WebMoneySettleCode] => 
    [AuPayInfoNo] => 
    [AuPayMethod] => 
    [AuCancelAmount] => 
    [AuCancelTax] => 
    [DocomoSettlementCode] => 
    [DocomoCancelAmount] => 
    [DocomoCancelTax] => 
    [pay_status] => 13
)
 from 210.175.7.20
2020/09/06 15:46:54 [/shop/user_data/pg_mulpay_recv.php] response:true from 210.175.7.20
