2023/06/17 00:03:23 [/shop/shopping/load_payment_module.php] SendRequest:https://p01.mul-pay.jp/payment/EntryTran.idPass from 49.96.25.128
2023/06/17 00:03:23 [/shop/shopping/load_payment_module.php] Array
(
    [ShopID] => 9000034600950
    [ShopPass] => ******
    [OrderID] => 952390-17000323
    [JobCd] => CAPTURE
    [Amount] => 18250
    [TdFlag] => 0
    [TdTenantName] => 
)
 from 49.96.25.128
2023/06/17 00:03:24 [/shop/shopping/load_payment_module.php] AccessID=75081c0734581a3b32d8b285b5e3d7af&AccessPass=bf6b0979684baf205f7277898823a324 from 49.96.25.128
2023/06/17 00:03:24 [/shop/shopping/load_payment_module.php] Array
(
    [0] => Array
        (
            [AccessID] => 75081c0734581a3b32d8b285b5e3d7af
            [AccessPass] => bf6b0979684baf205f7277898823a324
        )

)
 from 49.96.25.128
2023/06/17 00:03:24 [/shop/shopping/load_payment_module.php] load_payment_module.php set payment data:Array
(
    [AccessID] => 75081c0734581a3b32d8b285b5e3d7af
    [AccessPass] => bf6b0979684baf205f7277898823a324
    [OrderID] => 952390-17000323
    [Amount] => 18250
    [JobCd] => CAPTURE
    [action_status] => 1
    [pay_status] => 0
)
 from 49.96.25.128
2023/06/17 00:03:24 [/shop/shopping/load_payment_module.php] SendRequest:https://p01.mul-pay.jp/payment/ExecTran.idPass from 49.96.25.128
2023/06/17 00:03:24 [/shop/shopping/load_payment_module.php] Array
(
    [AccessID] => 75081c0734581a3b32d8b285b5e3d7af
    [AccessPass] => bf6b0979684baf205f7277898823a324
    [OrderID] => 952390-17000323
    [Method] => 1
    [Token] => 90380045004ff078fcb216db0bf6a76bdf60e4c7d437a3d2db86abfb03ba8d8c
    [ClientField1] => 
    [ClientField2] => 
    [ClientField3] => EC-CUBE4.3.35
)
 from 49.96.25.128
2023/06/17 00:03:24 [/shop/shopping/load_payment_module.php] ErrCode=G97&ErrInfo=42G970000 from 49.96.25.128
2023/06/17 00:03:24 [/shop/shopping/load_payment_module.php] Array
(
    [0] => Array
        (
            [ErrCode] => G97
            [ErrInfo] => 42G970000
        )

)
 from 49.96.25.128
2023/06/17 00:03:24 [/shop/shopping/load_payment_module.php] load_payment_module.php set payment data:Array
(
    [request_error] => Array
        (
            [0] => このカードでは取引をする事が出来ません。 (G97-42G970000)
        )

    [Amount] => 18250
    [JobCd] => CAPTURE
    [action_status] => 3
)
 from 49.96.25.128
2023/06/17 00:03:25 [/shop/user_data/pg_mulpay_recv.php] ******* receiveer data start ******* from 210.175.7.20
2023/06/17 00:03:25 [/shop/user_data/pg_mulpay_recv.php] Array
(
    [ShopID] => 9000034600950
    [ShopPass] => **********
    [AccessID] => 75081c0734581a3b32d8b285b5e3d7af
    [AccessPass] => ********************************
    [OrderID] => 952390-17000323
    [Status] => UNPROCESSED
    [JobCd] => CAPTURE
    [Amount] => 18250
    [Tax] => 0
    [Currency] => JPN
    [Forward] => 2959876
    [Method] => 1
    [PayTimes] => 
    [TranID] => 2306170003602257210134161696
    [Approve] =>        
    [TranDate] => 20230617000324
    [ErrCode] => G97
    [ErrInfo] => 42G970000
    [PayType] => 0
)
 from 210.175.7.20
2023/06/17 00:03:25 [/shop/user_data/pg_mulpay_recv.php] ******* receiveer data end ******* from 210.175.7.20
2023/06/17 00:03:25 [/shop/user_data/pg_mulpay_recv.php] pg_mulpay_recv.php set payment data:Array
(
    [ShopID] => 9000034600950
    [AccessID] => 75081c0734581a3b32d8b285b5e3d7af
    [OrderID] => 952390-17000323
    [Status] => UNPROCESSED
    [JobCd] => CAPTURE
    [Amount] => 18250
    [Tax] => 0
    [Currency] => JPN
    [Forward] => 2959876
    [Method] => 1
    [PayTimes] => 
    [TranID] => 2306170003602257210134161696
    [Approve] => 
    [TranDate] => 20230617000324
    [ErrCode] => G97
    [ErrInfo] => 42G970000
    [PayType] => 0
    [CvsCode] => 
    [CvsConfNo] => 
    [CvsReceiptNo] => 
    [EdyReceiptNo] => 
    [EdyOrderNo] => 
    [SuicaReceiptNo] => 
    [SuicaOrderNo] => 
    [CustID] => 
    [BkCode] => 
    [ConfNo] => 
    [PaymentTerm] => 
    [EncryptReceiptNo] => 
    [FinishDate] => 
    [ReceiptDate] => 
    [WebMoneyManagementNo] => 
    [WebMoneySettleCode] => 
    [AuPayInfoNo] => 
    [AuPayMethod] => 
    [AuCancelAmount] => 
    [AuCancelTax] => 
    [DocomoSettlementCode] => 
    [DocomoCancelAmount] => 
    [DocomoCancelTax] => 
    [pay_status] => 0
)
 from 210.175.7.20
2023/06/17 00:03:25 [/shop/user_data/pg_mulpay_recv.php] response:true from 210.175.7.20
2023/06/17 01:12:40 [/shop/shopping/load_payment_module.php] SendRequest:https://p01.mul-pay.jp/payment/EntryTran.idPass from 76.14.1.154
2023/06/17 01:12:40 [/shop/shopping/load_payment_module.php] Array
(
    [ShopID] => 9000034600950
    [ShopPass] => ******
    [OrderID] => 952391-17011240
    [JobCd] => CAPTURE
    [Amount] => 2910
    [TdFlag] => 0
    [TdTenantName] => 
)
 from 76.14.1.154
2023/06/17 01:12:40 [/shop/shopping/load_payment_module.php] AccessID=d8747a03f7bb7a04be7023459bb7c2fe&AccessPass=b83fdc150ac57629136fd73541a23c1e from 76.14.1.154
2023/06/17 01:12:40 [/shop/shopping/load_payment_module.php] Array
(
    [0] => Array
        (
            [AccessID] => d8747a03f7bb7a04be7023459bb7c2fe
            [AccessPass] => b83fdc150ac57629136fd73541a23c1e
        )

)
 from 76.14.1.154
2023/06/17 01:12:40 [/shop/shopping/load_payment_module.php] load_payment_module.php set payment data:Array
(
    [AccessID] => d8747a03f7bb7a04be7023459bb7c2fe
    [AccessPass] => b83fdc150ac57629136fd73541a23c1e
    [OrderID] => 952391-17011240
    [Amount] => 2910
    [JobCd] => CAPTURE
    [action_status] => 1
    [pay_status] => 0
)
 from 76.14.1.154
2023/06/17 01:12:40 [/shop/shopping/load_payment_module.php] SendRequest:https://p01.mul-pay.jp/payment/ExecTran.idPass from 76.14.1.154
2023/06/17 01:12:40 [/shop/shopping/load_payment_module.php] Array
(
    [AccessID] => d8747a03f7bb7a04be7023459bb7c2fe
    [AccessPass] => b83fdc150ac57629136fd73541a23c1e
    [OrderID] => 952391-17011240
    [Method] => 1
    [Token] => e0c9e92ddf96be4e78acafbf7a2bce537a84ab45e9c140f2f9afcb05ad1a9418
    [ClientField1] => 
    [ClientField2] => 
    [ClientField3] => EC-CUBE4.3.35
)
 from 76.14.1.154
2023/06/17 01:12:41 [/shop/shopping/load_payment_module.php] ACS=0&OrderID=952391-17011240&Forward=2959876&Method=1&PayTimes=&Approve=0000889&TranID=2306170112602257210134161697&TranDate=20230617011241&CheckString=8531c8f945dd15ae94048ec55e11a779 from 76.14.1.154
2023/06/17 01:12:41 [/shop/shopping/load_payment_module.php] Array
(
    [0] => Array
        (
            [ACS] => 0
            [OrderID] => 952391-17011240
            [Forward] => 2959876
            [Method] => 1
            [PayTimes] => 
            [Approve] => 0000889
            [TranID] => 2306170112602257210134161697
            [TranDate] => 20230617011241
            [CheckString] => 8531c8f945dd15ae94048ec55e11a779
        )

)
 from 76.14.1.154
2023/06/17 01:12:41 [/shop/shopping/load_payment_module.php] load_payment_module.php set payment data:Array
(
    [ACS] => 0
    [Forward] => 2959876
    [Method] => 1
    [PayTimes] => 
    [Approve] => 0000889
    [TranID] => 2306170112602257210134161697
    [TranDate] => 20230617011241
    [CheckString] => 8531c8f945dd15ae94048ec55e11a779
    [Amount] => 2910
    [JobCd] => CAPTURE
    [action_status] => 3
    [pay_status] => 13
)
 from 76.14.1.154
2023/06/17 01:12:41 [/shop/user_data/pg_mulpay_recv.php] ******* receiveer data start ******* from 210.175.7.20
2023/06/17 01:12:41 [/shop/user_data/pg_mulpay_recv.php] Array
(
    [ShopID] => 9000034600950
    [ShopPass] => **********
    [AccessID] => d8747a03f7bb7a04be7023459bb7c2fe
    [AccessPass] => ********************************
    [OrderID] => 952391-17011240
    [Status] => CAPTURE
    [JobCd] => CAPTURE
    [Amount] => 2910
    [Tax] => 0
    [Currency] => JPN
    [Forward] => 2959876
    [Method] => 1
    [PayTimes] => 
    [TranID] => 2306170112602257210134161697
    [Approve] => 0000889
    [TranDate] => 20230617011241
    [ErrCode] => 
    [ErrInfo] => 
    [PayType] => 0
)
 from 210.175.7.20
2023/06/17 01:12:41 [/shop/user_data/pg_mulpay_recv.php] ******* receiveer data end ******* from 210.175.7.20
2023/06/17 01:12:46 [/shop/user_data/pg_mulpay_recv.php] update order status:1 order_id=952391 from 210.175.7.20
2023/06/17 01:12:46 [/shop/user_data/pg_mulpay_recv.php] pg_mulpay_recv.php set payment data:Array
(
    [ShopID] => 9000034600950
    [AccessID] => d8747a03f7bb7a04be7023459bb7c2fe
    [OrderID] => 952391-17011240
    [Status] => CAPTURE
    [JobCd] => CAPTURE
    [Amount] => 2910
    [Tax] => 0
    [Currency] => JPN
    [Forward] => 2959876
    [Method] => 1
    [PayTimes] => 
    [TranID] => 2306170112602257210134161697
    [Approve] => 0000889
    [TranDate] => 20230617011241
    [ErrCode] => 
    [ErrInfo] => 
    [PayType] => 0
    [CvsCode] => 
    [CvsConfNo] => 
    [CvsReceiptNo] => 
    [EdyReceiptNo] => 
    [EdyOrderNo] => 
    [SuicaReceiptNo] => 
    [SuicaOrderNo] => 
    [CustID] => 
    [BkCode] => 
    [ConfNo] => 
    [PaymentTerm] => 
    [EncryptReceiptNo] => 
    [FinishDate] => 
    [ReceiptDate] => 
    [WebMoneyManagementNo] => 
    [WebMoneySettleCode] => 
    [AuPayInfoNo] => 
    [AuPayMethod] => 
    [AuCancelAmount] => 
    [AuCancelTax] => 
    [DocomoSettlementCode] => 
    [DocomoCancelAmount] => 
    [DocomoCancelTax] => 
    [pay_status] => 13
)
 from 210.175.7.20
2023/06/17 01:12:46 [/shop/user_data/pg_mulpay_recv.php] response:true from 210.175.7.20
2023/06/17 01:33:47 [/shop/shopping/load_payment_module.php] SendRequest:https://p01.mul-pay.jp/payment/SearchMember.idPass from 37.231.107.72
2023/06/17 01:33:47 [/shop/shopping/load_payment_module.php] Array
(
    [SiteID] => mst0000007602
    [SitePass] => ******
    [MemberID] => 11837
)
 from 37.231.107.72
2023/06/17 01:33:47 [/shop/shopping/load_payment_module.php] ErrCode=E01&ErrInfo=E01390002 from 37.231.107.72
2023/06/17 01:33:47 [/shop/shopping/load_payment_module.php] Array
(
    [0] => Array
        (
            [ErrCode] => E01
            [ErrInfo] => E01390002
        )

)
 from 37.231.107.72
2023/06/17 01:33:47 [/shop/shopping/load_payment_module.php] SendRequest:https://p01.mul-pay.jp/payment/SearchCard.idPass from 37.231.107.72
2023/06/17 01:33:47 [/shop/shopping/load_payment_module.php] Array
(
    [SiteID] => mst0000007602
    [SitePass] => ******
    [MemberID] => 11837
)
 from 37.231.107.72
2023/06/17 01:33:48 [/shop/shopping/load_payment_module.php] ErrCode=E01|E01&ErrInfo=E01390002|E01240002 from 37.231.107.72
2023/06/17 01:33:48 [/shop/shopping/load_payment_module.php] Array
(
    [0] => Array
        (
            [ErrCode] => E01
            [ErrInfo] => E01390002
        )

    [1] => Array
        (
            [ErrCode] => E01
            [ErrInfo] => E01240002
        )

)
 from 37.231.107.72
2023/06/17 01:34:18 [/shop/shopping/load_payment_module.php] SendRequest:https://p01.mul-pay.jp/payment/SearchMember.idPass from 37.231.107.72
2023/06/17 01:34:18 [/shop/shopping/load_payment_module.php] Array
(
    [SiteID] => mst0000007602
    [SitePass] => ******
    [MemberID] => 11837
)
 from 37.231.107.72
2023/06/17 01:34:18 [/shop/shopping/load_payment_module.php] ErrCode=E01&ErrInfo=E01390002 from 37.231.107.72
2023/06/17 01:34:18 [/shop/shopping/load_payment_module.php] Array
(
    [0] => Array
        (
            [ErrCode] => E01
            [ErrInfo] => E01390002
        )

)
 from 37.231.107.72
2023/06/17 01:34:18 [/shop/shopping/load_payment_module.php] SendRequest:https://p01.mul-pay.jp/payment/SearchCard.idPass from 37.231.107.72
2023/06/17 01:34:18 [/shop/shopping/load_payment_module.php] Array
(
    [SiteID] => mst0000007602
    [SitePass] => ******
    [MemberID] => 11837
)
 from 37.231.107.72
2023/06/17 01:34:18 [/shop/shopping/load_payment_module.php] ErrCode=E01|E01&ErrInfo=E01390002|E01240002 from 37.231.107.72
2023/06/17 01:34:18 [/shop/shopping/load_payment_module.php] Array
(
    [0] => Array
        (
            [ErrCode] => E01
            [ErrInfo] => E01390002
        )

    [1] => Array
        (
            [ErrCode] => E01
            [ErrInfo] => E01240002
        )

)
 from 37.231.107.72
2023/06/17 01:34:18 [/shop/shopping/load_payment_module.php] SendRequest:https://p01.mul-pay.jp/payment/EntryTran.idPass from 37.231.107.72
2023/06/17 01:34:18 [/shop/shopping/load_payment_module.php] Array
(
    [ShopID] => 9000034600950
    [ShopPass] => ******
    [OrderID] => 952392-17013418
    [JobCd] => CAPTURE
    [Amount] => 16360
    [TdFlag] => 0
    [TdTenantName] => 
)
 from 37.231.107.72
2023/06/17 01:34:18 [/shop/shopping/load_payment_module.php] AccessID=cfb8a4706f07684b1726831a387ab830&AccessPass=d24aa9ebdc2c6f1e36591e3fc363f5d9 from 37.231.107.72
2023/06/17 01:34:18 [/shop/shopping/load_payment_module.php] Array
(
    [0] => Array
        (
            [AccessID] => cfb8a4706f07684b1726831a387ab830
            [AccessPass] => d24aa9ebdc2c6f1e36591e3fc363f5d9
        )

)
 from 37.231.107.72
2023/06/17 01:34:18 [/shop/shopping/load_payment_module.php] load_payment_module.php set payment data:Array
(
    [AccessID] => cfb8a4706f07684b1726831a387ab830
    [AccessPass] => d24aa9ebdc2c6f1e36591e3fc363f5d9
    [OrderID] => 952392-17013418
    [Amount] => 16360
    [JobCd] => CAPTURE
    [action_status] => 1
    [pay_status] => 0
)
 from 37.231.107.72
2023/06/17 01:34:18 [/shop/shopping/load_payment_module.php] SendRequest:https://p01.mul-pay.jp/payment/ExecTran.idPass from 37.231.107.72
2023/06/17 01:34:18 [/shop/shopping/load_payment_module.php] Array
(
    [AccessID] => cfb8a4706f07684b1726831a387ab830
    [AccessPass] => d24aa9ebdc2c6f1e36591e3fc363f5d9
    [OrderID] => 952392-17013418
    [Method] => 1
    [Token] => ce5de5f571a8f86a250cc928b3b12b1d5008d170390ffeb7784db5e3f316c47e
    [ClientField1] => 
    [ClientField2] => 
    [ClientField3] => EC-CUBE4.3.35
)
 from 37.231.107.72
2023/06/17 01:34:19 [/shop/shopping/load_payment_module.php] ACS=0&OrderID=952392-17013418&Forward=2S49631&Method=1&PayTimes=&Approve=0193538&TranID=2306170134602257210134151723&TranDate=20230617013419&CheckString=0e9745f18e6008e8bb08a47a3359b41b from 37.231.107.72
2023/06/17 01:34:19 [/shop/shopping/load_payment_module.php] Array
(
    [0] => Array
        (
            [ACS] => 0
            [OrderID] => 952392-17013418
            [Forward] => 2S49631
            [Method] => 1
            [PayTimes] => 
            [Approve] => 0193538
            [TranID] => 2306170134602257210134151723
            [TranDate] => 20230617013419
            [CheckString] => 0e9745f18e6008e8bb08a47a3359b41b
        )

)
 from 37.231.107.72
2023/06/17 01:34:19 [/shop/shopping/load_payment_module.php] load_payment_module.php set payment data:Array
(
    [ACS] => 0
    [Forward] => 2S49631
    [Method] => 1
    [PayTimes] => 
    [Approve] => 0193538
    [TranID] => 2306170134602257210134151723
    [TranDate] => 20230617013419
    [CheckString] => 0e9745f18e6008e8bb08a47a3359b41b
    [Amount] => 16360
    [JobCd] => CAPTURE
    [action_status] => 3
    [pay_status] => 13
)
 from 37.231.107.72
2023/06/17 01:34:19 [/shop/user_data/pg_mulpay_recv.php] ******* receiveer data start ******* from 210.175.7.20
2023/06/17 01:34:19 [/shop/user_data/pg_mulpay_recv.php] Array
(
    [ShopID] => 9000034600950
    [ShopPass] => **********
    [AccessID] => cfb8a4706f07684b1726831a387ab830
    [AccessPass] => ********************************
    [OrderID] => 952392-17013418
    [Status] => CAPTURE
    [JobCd] => CAPTURE
    [Amount] => 16360
    [Tax] => 0
    [Currency] => JPN
    [Forward] => 2S49631
    [Method] => 1
    [PayTimes] => 
    [TranID] => 2306170134602257210134151723
    [Approve] => 0193538
    [TranDate] => 20230617013419
    [ErrCode] => 
    [ErrInfo] => 
    [PayType] => 0
)
 from 210.175.7.20
2023/06/17 01:34:19 [/shop/user_data/pg_mulpay_recv.php] ******* receiveer data end ******* from 210.175.7.20
2023/06/17 01:34:24 [/shop/user_data/pg_mulpay_recv.php] update order status:1 order_id=952392 from 210.175.7.20
2023/06/17 01:34:24 [/shop/user_data/pg_mulpay_recv.php] pg_mulpay_recv.php set payment data:Array
(
    [ShopID] => 9000034600950
    [AccessID] => cfb8a4706f07684b1726831a387ab830
    [OrderID] => 952392-17013418
    [Status] => CAPTURE
    [JobCd] => CAPTURE
    [Amount] => 16360
    [Tax] => 0
    [Currency] => JPN
    [Forward] => 2S49631
    [Method] => 1
    [PayTimes] => 
    [TranID] => 2306170134602257210134151723
    [Approve] => 0193538
    [TranDate] => 20230617013419
    [ErrCode] => 
    [ErrInfo] => 
    [PayType] => 0
    [CvsCode] => 
    [CvsConfNo] => 
    [CvsReceiptNo] => 
    [EdyReceiptNo] => 
    [EdyOrderNo] => 
    [SuicaReceiptNo] => 
    [SuicaOrderNo] => 
    [CustID] => 
    [BkCode] => 
    [ConfNo] => 
    [PaymentTerm] => 
    [EncryptReceiptNo] => 
    [FinishDate] => 
    [ReceiptDate] => 
    [WebMoneyManagementNo] => 
    [WebMoneySettleCode] => 
    [AuPayInfoNo] => 
    [AuPayMethod] => 
    [AuCancelAmount] => 
    [AuCancelTax] => 
    [DocomoSettlementCode] => 
    [DocomoCancelAmount] => 
    [DocomoCancelTax] => 
    [pay_status] => 13
)
 from 210.175.7.20
2023/06/17 01:34:24 [/shop/user_data/pg_mulpay_recv.php] response:true from 210.175.7.20
2023/06/17 03:01:08 [/shop/shopping/load_payment_module.php] SendRequest:https://p01.mul-pay.jp/payment/EntryTran.idPass from 176.253.246.29
2023/06/17 03:01:08 [/shop/shopping/load_payment_module.php] Array
(
    [ShopID] => 9000034600950
    [ShopPass] => ******
    [OrderID] => 952393-17030108
    [JobCd] => CAPTURE
    [Amount] => 5280
    [TdFlag] => 0
    [TdTenantName] => 
)
 from 176.253.246.29
2023/06/17 03:01:08 [/shop/shopping/load_payment_module.php] AccessID=7958444a3429c7c05fe012bff1f724a1&AccessPass=094b8f062b3372f1f364973c74cca4cc from 176.253.246.29
2023/06/17 03:01:08 [/shop/shopping/load_payment_module.php] Array
(
    [0] => Array
        (
            [AccessID] => 7958444a3429c7c05fe012bff1f724a1
            [AccessPass] => 094b8f062b3372f1f364973c74cca4cc
        )

)
 from 176.253.246.29
2023/06/17 03:01:08 [/shop/shopping/load_payment_module.php] load_payment_module.php set payment data:Array
(
    [AccessID] => 7958444a3429c7c05fe012bff1f724a1
    [AccessPass] => 094b8f062b3372f1f364973c74cca4cc
    [OrderID] => 952393-17030108
    [Amount] => 5280
    [JobCd] => CAPTURE
    [action_status] => 1
    [pay_status] => 0
)
 from 176.253.246.29
2023/06/17 03:01:08 [/shop/shopping/load_payment_module.php] SendRequest:https://p01.mul-pay.jp/payment/ExecTran.idPass from 176.253.246.29
2023/06/17 03:01:08 [/shop/shopping/load_payment_module.php] Array
(
    [AccessID] => 7958444a3429c7c05fe012bff1f724a1
    [AccessPass] => 094b8f062b3372f1f364973c74cca4cc
    [OrderID] => 952393-17030108
    [Method] => 1
    [Token] => 1d9cf8d38cba756592760f8c887c5916dfa30cfcd0edbe795ddaafa183370eb2
    [ClientField1] => 
    [ClientField2] => 
    [ClientField3] => EC-CUBE4.3.35
)
 from 176.253.246.29
2023/06/17 03:01:09 [/shop/shopping/load_payment_module.php] ACS=0&OrderID=952393-17030108&Forward=2S49631&Method=1&PayTimes=&Approve=0471082&TranID=2306170301602257210134181728&TranDate=20230617030109&CheckString=952cd11337d838dc2737a72f98d3816d from 176.253.246.29
2023/06/17 03:01:09 [/shop/shopping/load_payment_module.php] Array
(
    [0] => Array
        (
            [ACS] => 0
            [OrderID] => 952393-17030108
            [Forward] => 2S49631
            [Method] => 1
            [PayTimes] => 
            [Approve] => 0471082
            [TranID] => 2306170301602257210134181728
            [TranDate] => 20230617030109
            [CheckString] => 952cd11337d838dc2737a72f98d3816d
        )

)
 from 176.253.246.29
2023/06/17 03:01:09 [/shop/shopping/load_payment_module.php] load_payment_module.php set payment data:Array
(
    [ACS] => 0
    [Forward] => 2S49631
    [Method] => 1
    [PayTimes] => 
    [Approve] => 0471082
    [TranID] => 2306170301602257210134181728
    [TranDate] => 20230617030109
    [CheckString] => 952cd11337d838dc2737a72f98d3816d
    [Amount] => 5280
    [JobCd] => CAPTURE
    [action_status] => 3
    [pay_status] => 13
)
 from 176.253.246.29
2023/06/17 03:01:09 [/shop/user_data/pg_mulpay_recv.php] ******* receiveer data start ******* from 210.175.7.20
2023/06/17 03:01:09 [/shop/user_data/pg_mulpay_recv.php] Array
(
    [ShopID] => 9000034600950
    [ShopPass] => **********
    [AccessID] => 7958444a3429c7c05fe012bff1f724a1
    [AccessPass] => ********************************
    [OrderID] => 952393-17030108
    [Status] => CAPTURE
    [JobCd] => CAPTURE
    [Amount] => 5280
    [Tax] => 0
    [Currency] => JPN
    [Forward] => 2S49631
    [Method] => 1
    [PayTimes] => 
    [TranID] => 2306170301602257210134181728
    [Approve] => 0471082
    [TranDate] => 20230617030109
    [ErrCode] => 
    [ErrInfo] => 
    [PayType] => 0
)
 from 210.175.7.20
2023/06/17 03:01:09 [/shop/user_data/pg_mulpay_recv.php] ******* receiveer data end ******* from 210.175.7.20
2023/06/17 03:01:14 [/shop/user_data/pg_mulpay_recv.php] update order status:1 order_id=952393 from 210.175.7.20
2023/06/17 03:01:14 [/shop/user_data/pg_mulpay_recv.php] pg_mulpay_recv.php set payment data:Array
(
    [ShopID] => 9000034600950
    [AccessID] => 7958444a3429c7c05fe012bff1f724a1
    [OrderID] => 952393-17030108
    [Status] => CAPTURE
    [JobCd] => CAPTURE
    [Amount] => 5280
    [Tax] => 0
    [Currency] => JPN
    [Forward] => 2S49631
    [Method] => 1
    [PayTimes] => 
    [TranID] => 2306170301602257210134181728
    [Approve] => 0471082
    [TranDate] => 20230617030109
    [ErrCode] => 
    [ErrInfo] => 
    [PayType] => 0
    [CvsCode] => 
    [CvsConfNo] => 
    [CvsReceiptNo] => 
    [EdyReceiptNo] => 
    [EdyOrderNo] => 
    [SuicaReceiptNo] => 
    [SuicaOrderNo] => 
    [CustID] => 
    [BkCode] => 
    [ConfNo] => 
    [PaymentTerm] => 
    [EncryptReceiptNo] => 
    [FinishDate] => 
    [ReceiptDate] => 
    [WebMoneyManagementNo] => 
    [WebMoneySettleCode] => 
    [AuPayInfoNo] => 
    [AuPayMethod] => 
    [AuCancelAmount] => 
    [AuCancelTax] => 
    [DocomoSettlementCode] => 
    [DocomoCancelAmount] => 
    [DocomoCancelTax] => 
    [pay_status] => 13
)
 from 210.175.7.20
2023/06/17 03:01:14 [/shop/user_data/pg_mulpay_recv.php] response:true from 210.175.7.20
2023/06/17 03:18:03 [/shop/shopping/load_payment_module.php] SendRequest:https://p01.mul-pay.jp/payment/EntryTran.idPass from 37.34.206.163
2023/06/17 03:18:03 [/shop/shopping/load_payment_module.php] Array
(
    [ShopID] => 9000034600950
    [ShopPass] => ******
    [OrderID] => 952395-17031803
    [JobCd] => CAPTURE
    [Amount] => 8730
    [TdFlag] => 0
    [TdTenantName] => 
)
 from 37.34.206.163
2023/06/17 03:18:03 [/shop/shopping/load_payment_module.php] AccessID=07204ed6f5dc34bad3ba6451387b4d48&AccessPass=d92dccf16bf5bf4e8c51cae551325e29 from 37.34.206.163
2023/06/17 03:18:03 [/shop/shopping/load_payment_module.php] Array
(
    [0] => Array
        (
            [AccessID] => 07204ed6f5dc34bad3ba6451387b4d48
            [AccessPass] => d92dccf16bf5bf4e8c51cae551325e29
        )

)
 from 37.34.206.163
2023/06/17 03:18:03 [/shop/shopping/load_payment_module.php] load_payment_module.php set payment data:Array
(
    [AccessID] => 07204ed6f5dc34bad3ba6451387b4d48
    [AccessPass] => d92dccf16bf5bf4e8c51cae551325e29
    [OrderID] => 952395-17031803
    [Amount] => 8730
    [JobCd] => CAPTURE
    [action_status] => 1
    [pay_status] => 0
)
 from 37.34.206.163
2023/06/17 03:18:03 [/shop/shopping/load_payment_module.php] SendRequest:https://p01.mul-pay.jp/payment/ExecTran.idPass from 37.34.206.163
2023/06/17 03:18:03 [/shop/shopping/load_payment_module.php] Array
(
    [AccessID] => 07204ed6f5dc34bad3ba6451387b4d48
    [AccessPass] => d92dccf16bf5bf4e8c51cae551325e29
    [OrderID] => 952395-17031803
    [Method] => 1
    [Token] => 8c80fb718069d0979b0d4410735e3f9591819942a07d72614de66a22f98c9bba
    [ClientField1] => 
    [ClientField2] => 
    [ClientField3] => EC-CUBE4.3.35
)
 from 37.34.206.163
2023/06/17 03:18:04 [/shop/shopping/load_payment_module.php] ErrCode=G54&ErrInfo=42G540000 from 37.34.206.163
2023/06/17 03:18:04 [/shop/shopping/load_payment_module.php] Array
(
    [0] => Array
        (
            [ErrCode] => G54
            [ErrInfo] => 42G540000
        )

)
 from 37.34.206.163
2023/06/17 03:18:04 [/shop/shopping/load_payment_module.php] load_payment_module.php set payment data:Array
(
    [request_error] => Array
        (
            [0] => このカードでは取引をする事が出来ません。 (G54-42G540000)
        )

    [Amount] => 8730
    [JobCd] => CAPTURE
    [action_status] => 3
)
 from 37.34.206.163
2023/06/17 03:18:04 [/shop/user_data/pg_mulpay_recv.php] ******* receiveer data start ******* from 210.175.7.20
2023/06/17 03:18:04 [/shop/user_data/pg_mulpay_recv.php] Array
(
    [ShopID] => 9000034600950
    [ShopPass] => **********
    [AccessID] => 07204ed6f5dc34bad3ba6451387b4d48
    [AccessPass] => ********************************
    [OrderID] => 952395-17031803
    [Status] => UNPROCESSED
    [JobCd] => CAPTURE
    [Amount] => 8730
    [Tax] => 0
    [Currency] => JPN
    [Forward] => 2S49631
    [Method] => 1
    [PayTimes] => 
    [TranID] => 2306170318602257210134171661
    [Approve] =>        
    [TranDate] => 20230617031804
    [ErrCode] => G54
    [ErrInfo] => 42G540000
    [PayType] => 0
)
 from 210.175.7.20
2023/06/17 03:18:04 [/shop/user_data/pg_mulpay_recv.php] ******* receiveer data end ******* from 210.175.7.20
2023/06/17 03:18:04 [/shop/user_data/pg_mulpay_recv.php] pg_mulpay_recv.php set payment data:Array
(
    [ShopID] => 9000034600950
    [AccessID] => 07204ed6f5dc34bad3ba6451387b4d48
    [OrderID] => 952395-17031803
    [Status] => UNPROCESSED
    [JobCd] => CAPTURE
    [Amount] => 8730
    [Tax] => 0
    [Currency] => JPN
    [Forward] => 2S49631
    [Method] => 1
    [PayTimes] => 
    [TranID] => 2306170318602257210134171661
    [Approve] => 
    [TranDate] => 20230617031804
    [ErrCode] => G54
    [ErrInfo] => 42G540000
    [PayType] => 0
    [CvsCode] => 
    [CvsConfNo] => 
    [CvsReceiptNo] => 
    [EdyReceiptNo] => 
    [EdyOrderNo] => 
    [SuicaReceiptNo] => 
    [SuicaOrderNo] => 
    [CustID] => 
    [BkCode] => 
    [ConfNo] => 
    [PaymentTerm] => 
    [EncryptReceiptNo] => 
    [FinishDate] => 
    [ReceiptDate] => 
    [WebMoneyManagementNo] => 
    [WebMoneySettleCode] => 
    [AuPayInfoNo] => 
    [AuPayMethod] => 
    [AuCancelAmount] => 
    [AuCancelTax] => 
    [DocomoSettlementCode] => 
    [DocomoCancelAmount] => 
    [DocomoCancelTax] => 
    [pay_status] => 0
)
 from 210.175.7.20
2023/06/17 03:18:04 [/shop/user_data/pg_mulpay_recv.php] response:true from 210.175.7.20
2023/06/17 03:19:59 [/shop/shopping/load_payment_module.php] SendRequest:https://p01.mul-pay.jp/payment/ExecTran.idPass from 37.34.206.163
2023/06/17 03:19:59 [/shop/shopping/load_payment_module.php] Array
(
    [AccessID] => 07204ed6f5dc34bad3ba6451387b4d48
    [AccessPass] => d92dccf16bf5bf4e8c51cae551325e29
    [OrderID] => 952395-17031803
    [Method] => 1
    [PayTimes] => 
    [Token] => 608b8875baebc167cbb18ed8ef5e6551de072ac601e4ac9376be535090e8d0b3
    [ClientField1] => 
    [ClientField2] => 
    [ClientField3] => EC-CUBE4.3.35
)
 from 37.34.206.163
2023/06/17 03:20:00 [/shop/shopping/load_payment_module.php] ACS=0&OrderID=952395-17031803&Forward=2S49631&Method=1&PayTimes=&Approve=0953582&TranID=2306170319602257210134181729&TranDate=20230617032000&CheckString=007d1e3f517e95d02fc56ae78ff3ec20 from 37.34.206.163
2023/06/17 03:20:00 [/shop/shopping/load_payment_module.php] Array
(
    [0] => Array
        (
            [ACS] => 0
            [OrderID] => 952395-17031803
            [Forward] => 2S49631
            [Method] => 1
            [PayTimes] => 
            [Approve] => 0953582
            [TranID] => 2306170319602257210134181729
            [TranDate] => 20230617032000
            [CheckString] => 007d1e3f517e95d02fc56ae78ff3ec20
        )

)
 from 37.34.206.163
2023/06/17 03:20:00 [/shop/shopping/load_payment_module.php] load_payment_module.php set payment data:Array
(
    [ACS] => 0
    [Forward] => 2S49631
    [Method] => 1
    [PayTimes] => 
    [Approve] => 0953582
    [TranID] => 2306170319602257210134181729
    [TranDate] => 20230617032000
    [CheckString] => 007d1e3f517e95d02fc56ae78ff3ec20
    [Amount] => 8730
    [JobCd] => CAPTURE
    [action_status] => 3
    [pay_status] => 13
)
 from 37.34.206.163
2023/06/17 03:20:00 [/shop/user_data/pg_mulpay_recv.php] ******* receiveer data start ******* from 210.175.7.20
2023/06/17 03:20:00 [/shop/user_data/pg_mulpay_recv.php] Array
(
    [ShopID] => 9000034600950
    [ShopPass] => **********
    [AccessID] => 07204ed6f5dc34bad3ba6451387b4d48
    [AccessPass] => ********************************
    [OrderID] => 952395-17031803
    [Status] => CAPTURE
    [JobCd] => CAPTURE
    [Amount] => 8730
    [Tax] => 0
    [Currency] => JPN
    [Forward] => 2S49631
    [Method] => 1
    [PayTimes] => 
    [TranID] => 2306170319602257210134181729
    [Approve] => 0953582
    [TranDate] => 20230617032000
    [ErrCode] => 
    [ErrInfo] => 
    [PayType] => 0
)
 from 210.175.7.20
2023/06/17 03:20:00 [/shop/user_data/pg_mulpay_recv.php] ******* receiveer data end ******* from 210.175.7.20
2023/06/17 03:20:05 [/shop/user_data/pg_mulpay_recv.php] update order status:1 order_id=952395 from 210.175.7.20
2023/06/17 03:20:05 [/shop/user_data/pg_mulpay_recv.php] pg_mulpay_recv.php set payment data:Array
(
    [ShopID] => 9000034600950
    [AccessID] => 07204ed6f5dc34bad3ba6451387b4d48
    [OrderID] => 952395-17031803
    [Status] => CAPTURE
    [JobCd] => CAPTURE
    [Amount] => 8730
    [Tax] => 0
    [Currency] => JPN
    [Forward] => 2S49631
    [Method] => 1
    [PayTimes] => 
    [TranID] => 2306170319602257210134181729
    [Approve] => 0953582
    [TranDate] => 20230617032000
    [PayType] => 0
    [CvsCode] => 
    [CvsConfNo] => 
    [CvsReceiptNo] => 
    [EdyReceiptNo] => 
    [EdyOrderNo] => 
    [SuicaReceiptNo] => 
    [SuicaOrderNo] => 
    [CustID] => 
    [BkCode] => 
    [ConfNo] => 
    [PaymentTerm] => 
    [EncryptReceiptNo] => 
    [FinishDate] => 
    [ReceiptDate] => 
    [WebMoneyManagementNo] => 
    [WebMoneySettleCode] => 
    [AuPayInfoNo] => 
    [AuPayMethod] => 
    [AuCancelAmount] => 
    [AuCancelTax] => 
    [DocomoSettlementCode] => 
    [DocomoCancelAmount] => 
    [DocomoCancelTax] => 
    [pay_status] => 13
)
 from 210.175.7.20
2023/06/17 03:20:05 [/shop/user_data/pg_mulpay_recv.php] response:true from 210.175.7.20
2023/06/17 04:42:44 [/shop/shopping/load_payment_module.php] SendRequest:https://p01.mul-pay.jp/payment/SearchMember.idPass from 212.184.223.117
2023/06/17 04:42:44 [/shop/shopping/load_payment_module.php] Array
(
    [SiteID] => mst0000007602
    [SitePass] => ******
    [MemberID] => 10948
)
 from 212.184.223.117
2023/06/17 04:42:44 [/shop/shopping/load_payment_module.php] ErrCode=E01&ErrInfo=E01390002 from 212.184.223.117
2023/06/17 04:42:44 [/shop/shopping/load_payment_module.php] Array
(
    [0] => Array
        (
            [ErrCode] => E01
            [ErrInfo] => E01390002
        )

)
 from 212.184.223.117
2023/06/17 04:42:44 [/shop/shopping/load_payment_module.php] SendRequest:https://p01.mul-pay.jp/payment/SearchCard.idPass from 212.184.223.117
2023/06/17 04:42:44 [/shop/shopping/load_payment_module.php] Array
(
    [SiteID] => mst0000007602
    [SitePass] => ******
    [MemberID] => 10948
)
 from 212.184.223.117
2023/06/17 04:42:44 [/shop/shopping/load_payment_module.php] ErrCode=E01|E01&ErrInfo=E01390002|E01240002 from 212.184.223.117
2023/06/17 04:42:44 [/shop/shopping/load_payment_module.php] Array
(
    [0] => Array
        (
            [ErrCode] => E01
            [ErrInfo] => E01390002
        )

    [1] => Array
        (
            [ErrCode] => E01
            [ErrInfo] => E01240002
        )

)
 from 212.184.223.117
2023/06/17 04:43:50 [/shop/shopping/load_payment_module.php] SendRequest:https://p01.mul-pay.jp/payment/SearchMember.idPass from 212.184.223.117
2023/06/17 04:43:50 [/shop/shopping/load_payment_module.php] Array
(
    [SiteID] => mst0000007602
    [SitePass] => ******
    [MemberID] => 10948
)
 from 212.184.223.117
2023/06/17 04:43:50 [/shop/shopping/load_payment_module.php] ErrCode=E01&ErrInfo=E01390002 from 212.184.223.117
2023/06/17 04:43:50 [/shop/shopping/load_payment_module.php] Array
(
    [0] => Array
        (
            [ErrCode] => E01
            [ErrInfo] => E01390002
        )

)
 from 212.184.223.117
2023/06/17 04:43:50 [/shop/shopping/load_payment_module.php] SendRequest:https://p01.mul-pay.jp/payment/SearchCard.idPass from 212.184.223.117
2023/06/17 04:43:50 [/shop/shopping/load_payment_module.php] Array
(
    [SiteID] => mst0000007602
    [SitePass] => ******
    [MemberID] => 10948
)
 from 212.184.223.117
2023/06/17 04:43:50 [/shop/shopping/load_payment_module.php] ErrCode=E01|E01&ErrInfo=E01390002|E01240002 from 212.184.223.117
2023/06/17 04:43:50 [/shop/shopping/load_payment_module.php] Array
(
    [0] => Array
        (
            [ErrCode] => E01
            [ErrInfo] => E01390002
        )

    [1] => Array
        (
            [ErrCode] => E01
            [ErrInfo] => E01240002
        )

)
 from 212.184.223.117
2023/06/17 04:43:50 [/shop/shopping/load_payment_module.php] SendRequest:https://p01.mul-pay.jp/payment/EntryTran.idPass from 212.184.223.117
2023/06/17 04:43:50 [/shop/shopping/load_payment_module.php] Array
(
    [ShopID] => 9000034600950
    [ShopPass] => ******
    [OrderID] => 952396-17044350
    [JobCd] => CAPTURE
    [Amount] => 5510
    [TdFlag] => 0
    [TdTenantName] => 
)
 from 212.184.223.117
2023/06/17 04:43:50 [/shop/shopping/load_payment_module.php] AccessID=15f2e9fc3d8d68beaafc0cd520633b84&AccessPass=574a34e6ab9f268b96616d081965f53f from 212.184.223.117
2023/06/17 04:43:50 [/shop/shopping/load_payment_module.php] Array
(
    [0] => Array
        (
            [AccessID] => 15f2e9fc3d8d68beaafc0cd520633b84
            [AccessPass] => 574a34e6ab9f268b96616d081965f53f
        )

)
 from 212.184.223.117
2023/06/17 04:43:50 [/shop/shopping/load_payment_module.php] load_payment_module.php set payment data:Array
(
    [AccessID] => 15f2e9fc3d8d68beaafc0cd520633b84
    [AccessPass] => 574a34e6ab9f268b96616d081965f53f
    [OrderID] => 952396-17044350
    [Amount] => 5510
    [JobCd] => CAPTURE
    [action_status] => 1
    [pay_status] => 0
)
 from 212.184.223.117
2023/06/17 04:43:50 [/shop/shopping/load_payment_module.php] SendRequest:https://p01.mul-pay.jp/payment/ExecTran.idPass from 212.184.223.117
2023/06/17 04:43:50 [/shop/shopping/load_payment_module.php] Array
(
    [AccessID] => 15f2e9fc3d8d68beaafc0cd520633b84
    [AccessPass] => 574a34e6ab9f268b96616d081965f53f
    [OrderID] => 952396-17044350
    [Method] => 1
    [Token] => 2273262589718660ca1d13072bda48c61cee46e024be8a9a6e841bf32565de25
    [ClientField1] => 
    [ClientField2] => 
    [ClientField3] => EC-CUBE4.3.35
)
 from 212.184.223.117
2023/06/17 04:43:50 [/shop/shopping/load_payment_module.php] ACS=0&OrderID=952396-17044350&Forward=2959876&Method=1&PayTimes=&Approve=0763074&TranID=2306170443602257210134171662&TranDate=20230617044350&CheckString=960c6ed8ecccb9ef4e68d93de07d4653 from 212.184.223.117
2023/06/17 04:43:50 [/shop/shopping/load_payment_module.php] Array
(
    [0] => Array
        (
            [ACS] => 0
            [OrderID] => 952396-17044350
            [Forward] => 2959876
            [Method] => 1
            [PayTimes] => 
            [Approve] => 0763074
            [TranID] => 2306170443602257210134171662
            [TranDate] => 20230617044350
            [CheckString] => 960c6ed8ecccb9ef4e68d93de07d4653
        )

)
 from 212.184.223.117
2023/06/17 04:43:51 [/shop/shopping/load_payment_module.php] load_payment_module.php set payment data:Array
(
    [ACS] => 0
    [Forward] => 2959876
    [Method] => 1
    [PayTimes] => 
    [Approve] => 0763074
    [TranID] => 2306170443602257210134171662
    [TranDate] => 20230617044350
    [CheckString] => 960c6ed8ecccb9ef4e68d93de07d4653
    [Amount] => 5510
    [JobCd] => CAPTURE
    [action_status] => 3
    [pay_status] => 13
)
 from 212.184.223.117
2023/06/17 04:43:51 [/shop/user_data/pg_mulpay_recv.php] ******* receiveer data start ******* from 210.175.7.20
2023/06/17 04:43:51 [/shop/user_data/pg_mulpay_recv.php] Array
(
    [ShopID] => 9000034600950
    [ShopPass] => **********
    [AccessID] => 15f2e9fc3d8d68beaafc0cd520633b84
    [AccessPass] => ********************************
    [OrderID] => 952396-17044350
    [Status] => CAPTURE
    [JobCd] => CAPTURE
    [Amount] => 5510
    [Tax] => 0
    [Currency] => JPN
    [Forward] => 2959876
    [Method] => 1
    [PayTimes] => 
    [TranID] => 2306170443602257210134171662
    [Approve] => 0763074
    [TranDate] => 20230617044350
    [ErrCode] => 
    [ErrInfo] => 
    [PayType] => 0
)
 from 210.175.7.20
2023/06/17 04:43:51 [/shop/user_data/pg_mulpay_recv.php] ******* receiveer data end ******* from 210.175.7.20
2023/06/17 04:43:56 [/shop/user_data/pg_mulpay_recv.php] update order status:1 order_id=952396 from 210.175.7.20
2023/06/17 04:43:56 [/shop/user_data/pg_mulpay_recv.php] pg_mulpay_recv.php set payment data:Array
(
    [ShopID] => 9000034600950
    [AccessID] => 15f2e9fc3d8d68beaafc0cd520633b84
    [OrderID] => 952396-17044350
    [Status] => CAPTURE
    [JobCd] => CAPTURE
    [Amount] => 5510
    [Tax] => 0
    [Currency] => JPN
    [Forward] => 2959876
    [Method] => 1
    [PayTimes] => 
    [TranID] => 2306170443602257210134171662
    [Approve] => 0763074
    [TranDate] => 20230617044350
    [ErrCode] => 
    [ErrInfo] => 
    [PayType] => 0
    [CvsCode] => 
    [CvsConfNo] => 
    [CvsReceiptNo] => 
    [EdyReceiptNo] => 
    [EdyOrderNo] => 
    [SuicaReceiptNo] => 
    [SuicaOrderNo] => 
    [CustID] => 
    [BkCode] => 
    [ConfNo] => 
    [PaymentTerm] => 
    [EncryptReceiptNo] => 
    [FinishDate] => 
    [ReceiptDate] => 
    [WebMoneyManagementNo] => 
    [WebMoneySettleCode] => 
    [AuPayInfoNo] => 
    [AuPayMethod] => 
    [AuCancelAmount] => 
    [AuCancelTax] => 
    [DocomoSettlementCode] => 
    [DocomoCancelAmount] => 
    [DocomoCancelTax] => 
    [pay_status] => 13
)
 from 210.175.7.20
2023/06/17 04:43:56 [/shop/user_data/pg_mulpay_recv.php] response:true from 210.175.7.20
2023/06/17 05:14:07 [/shop/shopping/load_payment_module.php] SendRequest:https://p01.mul-pay.jp/payment/EntryTran.idPass from 172.56.168.8
2023/06/17 05:14:07 [/shop/shopping/load_payment_module.php] Array
(
    [ShopID] => 9000034600950
    [ShopPass] => ******
    [OrderID] => 952397-17051407
    [JobCd] => CAPTURE
    [Amount] => 11010
    [TdFlag] => 0
    [TdTenantName] => 
)
 from 172.56.168.8
2023/06/17 05:14:07 [/shop/shopping/load_payment_module.php] AccessID=4b990f1111dab29c9b0e2955cb7b9fd2&AccessPass=8bb69d68fdca9a1e4493f63d875a85b6 from 172.56.168.8
2023/06/17 05:14:07 [/shop/shopping/load_payment_module.php] Array
(
    [0] => Array
        (
            [AccessID] => 4b990f1111dab29c9b0e2955cb7b9fd2
            [AccessPass] => 8bb69d68fdca9a1e4493f63d875a85b6
        )

)
 from 172.56.168.8
2023/06/17 05:14:07 [/shop/shopping/load_payment_module.php] load_payment_module.php set payment data:Array
(
    [AccessID] => 4b990f1111dab29c9b0e2955cb7b9fd2
    [AccessPass] => 8bb69d68fdca9a1e4493f63d875a85b6
    [OrderID] => 952397-17051407
    [Amount] => 11010
    [JobCd] => CAPTURE
    [action_status] => 1
    [pay_status] => 0
)
 from 172.56.168.8
2023/06/17 05:14:07 [/shop/shopping/load_payment_module.php] SendRequest:https://p01.mul-pay.jp/payment/ExecTran.idPass from 172.56.168.8
2023/06/17 05:14:07 [/shop/shopping/load_payment_module.php] Array
(
    [AccessID] => 4b990f1111dab29c9b0e2955cb7b9fd2
    [AccessPass] => 8bb69d68fdca9a1e4493f63d875a85b6
    [OrderID] => 952397-17051407
    [Method] => 1
    [Token] => 9146709b836c743733478286b36e6f2906c45b2f21ab3fa44c4a4820aeda2158
    [ClientField1] => 
    [ClientField2] => 
    [ClientField3] => EC-CUBE4.3.35
)
 from 172.56.168.8
2023/06/17 05:14:08 [/shop/shopping/load_payment_module.php] ACS=0&OrderID=952397-17051407&Forward=2S49631&Method=1&PayTimes=&Approve=0196403&TranID=2306170514602257210134171663&TranDate=20230617051408&CheckString=56c7163fc5d4bc51b2f23d7dae169b08 from 172.56.168.8
2023/06/17 05:14:08 [/shop/shopping/load_payment_module.php] Array
(
    [0] => Array
        (
            [ACS] => 0
            [OrderID] => 952397-17051407
            [Forward] => 2S49631
            [Method] => 1
            [PayTimes] => 
            [Approve] => 0196403
            [TranID] => 2306170514602257210134171663
            [TranDate] => 20230617051408
            [CheckString] => 56c7163fc5d4bc51b2f23d7dae169b08
        )

)
 from 172.56.168.8
2023/06/17 05:14:08 [/shop/shopping/load_payment_module.php] load_payment_module.php set payment data:Array
(
    [ACS] => 0
    [Forward] => 2S49631
    [Method] => 1
    [PayTimes] => 
    [Approve] => 0196403
    [TranID] => 2306170514602257210134171663
    [TranDate] => 20230617051408
    [CheckString] => 56c7163fc5d4bc51b2f23d7dae169b08
    [Amount] => 11010
    [JobCd] => CAPTURE
    [action_status] => 3
    [pay_status] => 13
)
 from 172.56.168.8
2023/06/17 05:14:08 [/shop/user_data/pg_mulpay_recv.php] ******* receiveer data start ******* from 210.175.7.20
2023/06/17 05:14:08 [/shop/user_data/pg_mulpay_recv.php] Array
(
    [ShopID] => 9000034600950
    [ShopPass] => **********
    [AccessID] => 4b990f1111dab29c9b0e2955cb7b9fd2
    [AccessPass] => ********************************
    [OrderID] => 952397-17051407
    [Status] => CAPTURE
    [JobCd] => CAPTURE
    [Amount] => 11010
    [Tax] => 0
    [Currency] => JPN
    [Forward] => 2S49631
    [Method] => 1
    [PayTimes] => 
    [TranID] => 2306170514602257210134171663
    [Approve] => 0196403
    [TranDate] => 20230617051408
    [ErrCode] => 
    [ErrInfo] => 
    [PayType] => 0
)
 from 210.175.7.20
2023/06/17 05:14:08 [/shop/user_data/pg_mulpay_recv.php] ******* receiveer data end ******* from 210.175.7.20
2023/06/17 05:14:13 [/shop/user_data/pg_mulpay_recv.php] update order status:1 order_id=952397 from 210.175.7.20
2023/06/17 05:14:13 [/shop/user_data/pg_mulpay_recv.php] pg_mulpay_recv.php set payment data:Array
(
    [ShopID] => 9000034600950
    [AccessID] => 4b990f1111dab29c9b0e2955cb7b9fd2
    [OrderID] => 952397-17051407
    [Status] => CAPTURE
    [JobCd] => CAPTURE
    [Amount] => 11010
    [Tax] => 0
    [Currency] => JPN
    [Forward] => 2S49631
    [Method] => 1
    [PayTimes] => 
    [TranID] => 2306170514602257210134171663
    [Approve] => 0196403
    [TranDate] => 20230617051408
    [ErrCode] => 
    [ErrInfo] => 
    [PayType] => 0
    [CvsCode] => 
    [CvsConfNo] => 
    [CvsReceiptNo] => 
    [EdyReceiptNo] => 
    [EdyOrderNo] => 
    [SuicaReceiptNo] => 
    [SuicaOrderNo] => 
    [CustID] => 
    [BkCode] => 
    [ConfNo] => 
    [PaymentTerm] => 
    [EncryptReceiptNo] => 
    [FinishDate] => 
    [ReceiptDate] => 
    [WebMoneyManagementNo] => 
    [WebMoneySettleCode] => 
    [AuPayInfoNo] => 
    [AuPayMethod] => 
    [AuCancelAmount] => 
    [AuCancelTax] => 
    [DocomoSettlementCode] => 
    [DocomoCancelAmount] => 
    [DocomoCancelTax] => 
    [pay_status] => 13
)
 from 210.175.7.20
2023/06/17 05:14:13 [/shop/user_data/pg_mulpay_recv.php] response:true from 210.175.7.20
2023/06/17 09:09:27 [/shop/shopping/load_payment_module.php] SendRequest:https://p01.mul-pay.jp/payment/SearchMember.idPass from 114.165.139.188
2023/06/17 09:09:27 [/shop/shopping/load_payment_module.php] Array
(
    [SiteID] => mst0000007602
    [SitePass] => ******
    [MemberID] => 10923
)
 from 114.165.139.188
2023/06/17 09:09:27 [/shop/shopping/load_payment_module.php] ErrCode=E01&ErrInfo=E01390002 from 114.165.139.188
2023/06/17 09:09:27 [/shop/shopping/load_payment_module.php] Array
(
    [0] => Array
        (
            [ErrCode] => E01
            [ErrInfo] => E01390002
        )

)
 from 114.165.139.188
2023/06/17 09:09:27 [/shop/shopping/load_payment_module.php] SendRequest:https://p01.mul-pay.jp/payment/SearchCard.idPass from 114.165.139.188
2023/06/17 09:09:27 [/shop/shopping/load_payment_module.php] Array
(
    [SiteID] => mst0000007602
    [SitePass] => ******
    [MemberID] => 10923
)
 from 114.165.139.188
2023/06/17 09:09:27 [/shop/shopping/load_payment_module.php] ErrCode=E01|E01&ErrInfo=E01390002|E01240002 from 114.165.139.188
2023/06/17 09:09:27 [/shop/shopping/load_payment_module.php] Array
(
    [0] => Array
        (
            [ErrCode] => E01
            [ErrInfo] => E01390002
        )

    [1] => Array
        (
            [ErrCode] => E01
            [ErrInfo] => E01240002
        )

)
 from 114.165.139.188
2023/06/17 09:10:01 [/shop/shopping/load_payment_module.php] SendRequest:https://p01.mul-pay.jp/payment/SearchMember.idPass from 114.165.139.188
2023/06/17 09:10:01 [/shop/shopping/load_payment_module.php] Array
(
    [SiteID] => mst0000007602
    [SitePass] => ******
    [MemberID] => 10923
)
 from 114.165.139.188
2023/06/17 09:10:01 [/shop/shopping/load_payment_module.php] ErrCode=E01&ErrInfo=E01390002 from 114.165.139.188
2023/06/17 09:10:01 [/shop/shopping/load_payment_module.php] Array
(
    [0] => Array
        (
            [ErrCode] => E01
            [ErrInfo] => E01390002
        )

)
 from 114.165.139.188
2023/06/17 09:10:01 [/shop/shopping/load_payment_module.php] SendRequest:https://p01.mul-pay.jp/payment/SearchCard.idPass from 114.165.139.188
2023/06/17 09:10:01 [/shop/shopping/load_payment_module.php] Array
(
    [SiteID] => mst0000007602
    [SitePass] => ******
    [MemberID] => 10923
)
 from 114.165.139.188
2023/06/17 09:10:01 [/shop/shopping/load_payment_module.php] ErrCode=E01|E01&ErrInfo=E01390002|E01240002 from 114.165.139.188
2023/06/17 09:10:01 [/shop/shopping/load_payment_module.php] Array
(
    [0] => Array
        (
            [ErrCode] => E01
            [ErrInfo] => E01390002
        )

    [1] => Array
        (
            [ErrCode] => E01
            [ErrInfo] => E01240002
        )

)
 from 114.165.139.188
2023/06/17 09:10:01 [/shop/shopping/load_payment_module.php] SendRequest:https://p01.mul-pay.jp/payment/EntryTran.idPass from 114.165.139.188
2023/06/17 09:10:01 [/shop/shopping/load_payment_module.php] Array
(
    [ShopID] => 9000034600950
    [ShopPass] => ******
    [OrderID] => 952398-17091001
    [JobCd] => CAPTURE
    [Amount] => 7772
    [TdFlag] => 0
    [TdTenantName] => 
)
 from 114.165.139.188
2023/06/17 09:10:01 [/shop/shopping/load_payment_module.php] AccessID=4695252995f873cccdc02afc28f2f07d&AccessPass=d2c34d2f515dbb67b8ebe0867839d94b from 114.165.139.188
2023/06/17 09:10:01 [/shop/shopping/load_payment_module.php] Array
(
    [0] => Array
        (
            [AccessID] => 4695252995f873cccdc02afc28f2f07d
            [AccessPass] => d2c34d2f515dbb67b8ebe0867839d94b
        )

)
 from 114.165.139.188
2023/06/17 09:10:01 [/shop/shopping/load_payment_module.php] load_payment_module.php set payment data:Array
(
    [AccessID] => 4695252995f873cccdc02afc28f2f07d
    [AccessPass] => d2c34d2f515dbb67b8ebe0867839d94b
    [OrderID] => 952398-17091001
    [Amount] => 7772
    [JobCd] => CAPTURE
    [action_status] => 1
    [pay_status] => 0
)
 from 114.165.139.188
2023/06/17 09:10:01 [/shop/shopping/load_payment_module.php] SendRequest:https://p01.mul-pay.jp/payment/ExecTran.idPass from 114.165.139.188
2023/06/17 09:10:01 [/shop/shopping/load_payment_module.php] Array
(
    [AccessID] => 4695252995f873cccdc02afc28f2f07d
    [AccessPass] => d2c34d2f515dbb67b8ebe0867839d94b
    [OrderID] => 952398-17091001
    [Method] => 1
    [Token] => 5ad7c03516e6a4cd2ab8830a848c4456567536d5d752c0e65ac4dc226f50dd90
    [ClientField1] => 
    [ClientField2] => 
    [ClientField3] => EC-CUBE4.3.35
)
 from 114.165.139.188
2023/06/17 09:10:02 [/shop/shopping/load_payment_module.php] ACS=0&OrderID=952398-17091001&Forward=2a99661&Method=1&PayTimes=&Approve=0227080&TranID=2306170910602257210134161698&TranDate=20230617091002&CheckString=dee51f479a6236da678b3c6d3538b9fb from 114.165.139.188
2023/06/17 09:10:02 [/shop/shopping/load_payment_module.php] Array
(
    [0] => Array
        (
            [ACS] => 0
            [OrderID] => 952398-17091001
            [Forward] => 2a99661
            [Method] => 1
            [PayTimes] => 
            [Approve] => 0227080
            [TranID] => 2306170910602257210134161698
            [TranDate] => 20230617091002
            [CheckString] => dee51f479a6236da678b3c6d3538b9fb
        )

)
 from 114.165.139.188
2023/06/17 09:10:02 [/shop/shopping/load_payment_module.php] load_payment_module.php set payment data:Array
(
    [ACS] => 0
    [Forward] => 2a99661
    [Method] => 1
    [PayTimes] => 
    [Approve] => 0227080
    [TranID] => 2306170910602257210134161698
    [TranDate] => 20230617091002
    [CheckString] => dee51f479a6236da678b3c6d3538b9fb
    [Amount] => 7772
    [JobCd] => CAPTURE
    [action_status] => 3
    [pay_status] => 13
)
 from 114.165.139.188
2023/06/17 09:10:02 [/shop/user_data/pg_mulpay_recv.php] ******* receiveer data start ******* from 210.175.7.20
2023/06/17 09:10:02 [/shop/user_data/pg_mulpay_recv.php] Array
(
    [ShopID] => 9000034600950
    [ShopPass] => **********
    [AccessID] => 4695252995f873cccdc02afc28f2f07d
    [AccessPass] => ********************************
    [OrderID] => 952398-17091001
    [Status] => CAPTURE
    [JobCd] => CAPTURE
    [Amount] => 7772
    [Tax] => 0
    [Currency] => JPN
    [Forward] => 2a99661
    [Method] => 1
    [PayTimes] => 
    [TranID] => 2306170910602257210134161698
    [Approve] => 0227080
    [TranDate] => 20230617091002
    [ErrCode] => 
    [ErrInfo] => 
    [PayType] => 0
)
 from 210.175.7.20
2023/06/17 09:10:02 [/shop/user_data/pg_mulpay_recv.php] ******* receiveer data end ******* from 210.175.7.20
2023/06/17 09:10:07 [/shop/user_data/pg_mulpay_recv.php] update order status:1 order_id=952398 from 210.175.7.20
2023/06/17 09:10:07 [/shop/user_data/pg_mulpay_recv.php] pg_mulpay_recv.php set payment data:Array
(
    [ShopID] => 9000034600950
    [AccessID] => 4695252995f873cccdc02afc28f2f07d
    [OrderID] => 952398-17091001
    [Status] => CAPTURE
    [JobCd] => CAPTURE
    [Amount] => 7772
    [Tax] => 0
    [Currency] => JPN
    [Forward] => 2a99661
    [Method] => 1
    [PayTimes] => 
    [TranID] => 2306170910602257210134161698
    [Approve] => 0227080
    [TranDate] => 20230617091002
    [ErrCode] => 
    [ErrInfo] => 
    [PayType] => 0
    [CvsCode] => 
    [CvsConfNo] => 
    [CvsReceiptNo] => 
    [EdyReceiptNo] => 
    [EdyOrderNo] => 
    [SuicaReceiptNo] => 
    [SuicaOrderNo] => 
    [CustID] => 
    [BkCode] => 
    [ConfNo] => 
    [PaymentTerm] => 
    [EncryptReceiptNo] => 
    [FinishDate] => 
    [ReceiptDate] => 
    [WebMoneyManagementNo] => 
    [WebMoneySettleCode] => 
    [AuPayInfoNo] => 
    [AuPayMethod] => 
    [AuCancelAmount] => 
    [AuCancelTax] => 
    [DocomoSettlementCode] => 
    [DocomoCancelAmount] => 
    [DocomoCancelTax] => 
    [pay_status] => 13
)
 from 210.175.7.20
2023/06/17 09:10:07 [/shop/user_data/pg_mulpay_recv.php] response:true from 210.175.7.20
2023/06/17 09:21:09 [/shop/shopping/load_payment_module.php] SendRequest:https://p01.mul-pay.jp/payment/SearchMember.idPass from 201.26.58.127
2023/06/17 09:21:09 [/shop/shopping/load_payment_module.php] Array
(
    [SiteID] => mst0000007602
    [SitePass] => ******
    [MemberID] => 11838
)
 from 201.26.58.127
2023/06/17 09:21:09 [/shop/shopping/load_payment_module.php] ErrCode=E01&ErrInfo=E01390002 from 201.26.58.127
2023/06/17 09:21:09 [/shop/shopping/load_payment_module.php] Array
(
    [0] => Array
        (
            [ErrCode] => E01
            [ErrInfo] => E01390002
        )

)
 from 201.26.58.127
2023/06/17 09:21:09 [/shop/shopping/load_payment_module.php] SendRequest:https://p01.mul-pay.jp/payment/SearchCard.idPass from 201.26.58.127
2023/06/17 09:21:09 [/shop/shopping/load_payment_module.php] Array
(
    [SiteID] => mst0000007602
    [SitePass] => ******
    [MemberID] => 11838
)
 from 201.26.58.127
2023/06/17 09:21:09 [/shop/shopping/load_payment_module.php] ErrCode=E01|E01&ErrInfo=E01390002|E01240002 from 201.26.58.127
2023/06/17 09:21:09 [/shop/shopping/load_payment_module.php] Array
(
    [0] => Array
        (
            [ErrCode] => E01
            [ErrInfo] => E01390002
        )

    [1] => Array
        (
            [ErrCode] => E01
            [ErrInfo] => E01240002
        )

)
 from 201.26.58.127
2023/06/17 09:22:33 [/shop/shopping/load_payment_module.php] SendRequest:https://p01.mul-pay.jp/payment/SearchMember.idPass from 201.26.58.127
2023/06/17 09:22:33 [/shop/shopping/load_payment_module.php] Array
(
    [SiteID] => mst0000007602
    [SitePass] => ******
    [MemberID] => 11838
)
 from 201.26.58.127
2023/06/17 09:22:33 [/shop/shopping/load_payment_module.php] ErrCode=E01&ErrInfo=E01390002 from 201.26.58.127
2023/06/17 09:22:33 [/shop/shopping/load_payment_module.php] Array
(
    [0] => Array
        (
            [ErrCode] => E01
            [ErrInfo] => E01390002
        )

)
 from 201.26.58.127
2023/06/17 09:22:33 [/shop/shopping/load_payment_module.php] SendRequest:https://p01.mul-pay.jp/payment/SearchCard.idPass from 201.26.58.127
2023/06/17 09:22:33 [/shop/shopping/load_payment_module.php] Array
(
    [SiteID] => mst0000007602
    [SitePass] => ******
    [MemberID] => 11838
)
 from 201.26.58.127
2023/06/17 09:22:33 [/shop/shopping/load_payment_module.php] ErrCode=E01|E01&ErrInfo=E01390002|E01240002 from 201.26.58.127
2023/06/17 09:22:33 [/shop/shopping/load_payment_module.php] Array
(
    [0] => Array
        (
            [ErrCode] => E01
            [ErrInfo] => E01390002
        )

    [1] => Array
        (
            [ErrCode] => E01
            [ErrInfo] => E01240002
        )

)
 from 201.26.58.127
2023/06/17 09:22:33 [/shop/shopping/load_payment_module.php] SendRequest:https://p01.mul-pay.jp/payment/EntryTran.idPass from 201.26.58.127
2023/06/17 09:22:33 [/shop/shopping/load_payment_module.php] Array
(
    [ShopID] => 9000034600950
    [ShopPass] => ******
    [OrderID] => 952399-17092233
    [JobCd] => CAPTURE
    [Amount] => 17450
    [TdFlag] => 0
    [TdTenantName] => 
)
 from 201.26.58.127
2023/06/17 09:22:33 [/shop/shopping/load_payment_module.php] AccessID=00cee31ff628dc60c58cd9cd06771a4d&AccessPass=22743caadfd40bb801cafdd9d7d5a3b8 from 201.26.58.127
2023/06/17 09:22:33 [/shop/shopping/load_payment_module.php] Array
(
    [0] => Array
        (
            [AccessID] => 00cee31ff628dc60c58cd9cd06771a4d
            [AccessPass] => 22743caadfd40bb801cafdd9d7d5a3b8
        )

)
 from 201.26.58.127
2023/06/17 09:22:33 [/shop/shopping/load_payment_module.php] load_payment_module.php set payment data:Array
(
    [AccessID] => 00cee31ff628dc60c58cd9cd06771a4d
    [AccessPass] => 22743caadfd40bb801cafdd9d7d5a3b8
    [OrderID] => 952399-17092233
    [Amount] => 17450
    [JobCd] => CAPTURE
    [action_status] => 1
    [pay_status] => 0
)
 from 201.26.58.127
2023/06/17 09:22:33 [/shop/shopping/load_payment_module.php] SendRequest:https://p01.mul-pay.jp/payment/ExecTran.idPass from 201.26.58.127
2023/06/17 09:22:33 [/shop/shopping/load_payment_module.php] Array
(
    [AccessID] => 00cee31ff628dc60c58cd9cd06771a4d
    [AccessPass] => 22743caadfd40bb801cafdd9d7d5a3b8
    [OrderID] => 952399-17092233
    [Method] => 1
    [Token] => 59edf14358e3ffee4faf847b70d4e45269c97c21a81a681bab862151494e5f7d
    [ClientField1] => 
    [ClientField2] => 
    [ClientField3] => EC-CUBE4.3.35
)
 from 201.26.58.127
2023/06/17 09:22:33 [/shop/shopping/load_payment_module.php] ACS=0&OrderID=952399-17092233&Forward=2959876&Method=1&PayTimes=&Approve=0012282&TranID=2306170922602257210134171664&TranDate=20230617092233&CheckString=2f0db0b26130f2a9d94cdef36c0347f2 from 201.26.58.127
2023/06/17 09:22:33 [/shop/shopping/load_payment_module.php] Array
(
    [0] => Array
        (
            [ACS] => 0
            [OrderID] => 952399-17092233
            [Forward] => 2959876
            [Method] => 1
            [PayTimes] => 
            [Approve] => 0012282
            [TranID] => 2306170922602257210134171664
            [TranDate] => 20230617092233
            [CheckString] => 2f0db0b26130f2a9d94cdef36c0347f2
        )

)
 from 201.26.58.127
2023/06/17 09:22:33 [/shop/shopping/load_payment_module.php] load_payment_module.php set payment data:Array
(
    [ACS] => 0
    [Forward] => 2959876
    [Method] => 1
    [PayTimes] => 
    [Approve] => 0012282
    [TranID] => 2306170922602257210134171664
    [TranDate] => 20230617092233
    [CheckString] => 2f0db0b26130f2a9d94cdef36c0347f2
    [Amount] => 17450
    [JobCd] => CAPTURE
    [action_status] => 3
    [pay_status] => 13
)
 from 201.26.58.127
2023/06/17 09:22:34 [/shop/user_data/pg_mulpay_recv.php] ******* receiveer data start ******* from 210.175.7.20
2023/06/17 09:22:34 [/shop/user_data/pg_mulpay_recv.php] Array
(
    [ShopID] => 9000034600950
    [ShopPass] => **********
    [AccessID] => 00cee31ff628dc60c58cd9cd06771a4d
    [AccessPass] => ********************************
    [OrderID] => 952399-17092233
    [Status] => CAPTURE
    [JobCd] => CAPTURE
    [Amount] => 17450
    [Tax] => 0
    [Currency] => JPN
    [Forward] => 2959876
    [Method] => 1
    [PayTimes] => 
    [TranID] => 2306170922602257210134171664
    [Approve] => 0012282
    [TranDate] => 20230617092233
    [ErrCode] => 
    [ErrInfo] => 
    [PayType] => 0
)
 from 210.175.7.20
2023/06/17 09:22:34 [/shop/user_data/pg_mulpay_recv.php] ******* receiveer data end ******* from 210.175.7.20
2023/06/17 09:22:39 [/shop/user_data/pg_mulpay_recv.php] update order status:1 order_id=952399 from 210.175.7.20
2023/06/17 09:22:39 [/shop/user_data/pg_mulpay_recv.php] pg_mulpay_recv.php set payment data:Array
(
    [ShopID] => 9000034600950
    [AccessID] => 00cee31ff628dc60c58cd9cd06771a4d
    [OrderID] => 952399-17092233
    [Status] => CAPTURE
    [JobCd] => CAPTURE
    [Amount] => 17450
    [Tax] => 0
    [Currency] => JPN
    [Forward] => 2959876
    [Method] => 1
    [PayTimes] => 
    [TranID] => 2306170922602257210134171664
    [Approve] => 0012282
    [TranDate] => 20230617092233
    [ErrCode] => 
    [ErrInfo] => 
    [PayType] => 0
    [CvsCode] => 
    [CvsConfNo] => 
    [CvsReceiptNo] => 
    [EdyReceiptNo] => 
    [EdyOrderNo] => 
    [SuicaReceiptNo] => 
    [SuicaOrderNo] => 
    [CustID] => 
    [BkCode] => 
    [ConfNo] => 
    [PaymentTerm] => 
    [EncryptReceiptNo] => 
    [FinishDate] => 
    [ReceiptDate] => 
    [WebMoneyManagementNo] => 
    [WebMoneySettleCode] => 
    [AuPayInfoNo] => 
    [AuPayMethod] => 
    [AuCancelAmount] => 
    [AuCancelTax] => 
    [DocomoSettlementCode] => 
    [DocomoCancelAmount] => 
    [DocomoCancelTax] => 
    [pay_status] => 13
)
 from 210.175.7.20
2023/06/17 09:22:39 [/shop/user_data/pg_mulpay_recv.php] response:true from 210.175.7.20
2023/06/17 14:23:40 [/shop/shopping/load_payment_module.php] SendRequest:https://p01.mul-pay.jp/payment/SearchMember.idPass from 61.192.187.78
2023/06/17 14:23:40 [/shop/shopping/load_payment_module.php] Array
(
    [SiteID] => mst0000007602
    [SitePass] => ******
    [MemberID] => 10331
)
 from 61.192.187.78
2023/06/17 14:23:40 [/shop/shopping/load_payment_module.php] ErrCode=E01&ErrInfo=E01390002 from 61.192.187.78
2023/06/17 14:23:40 [/shop/shopping/load_payment_module.php] Array
(
    [0] => Array
        (
            [ErrCode] => E01
            [ErrInfo] => E01390002
        )

)
 from 61.192.187.78
2023/06/17 14:23:40 [/shop/shopping/load_payment_module.php] SendRequest:https://p01.mul-pay.jp/payment/SearchCard.idPass from 61.192.187.78
2023/06/17 14:23:40 [/shop/shopping/load_payment_module.php] Array
(
    [SiteID] => mst0000007602
    [SitePass] => ******
    [MemberID] => 10331
)
 from 61.192.187.78
2023/06/17 14:23:40 [/shop/shopping/load_payment_module.php] ErrCode=E01|E01&ErrInfo=E01390002|E01240002 from 61.192.187.78
2023/06/17 14:23:40 [/shop/shopping/load_payment_module.php] Array
(
    [0] => Array
        (
            [ErrCode] => E01
            [ErrInfo] => E01390002
        )

    [1] => Array
        (
            [ErrCode] => E01
            [ErrInfo] => E01240002
        )

)
 from 61.192.187.78
2023/06/17 14:24:15 [/shop/shopping/load_payment_module.php] SendRequest:https://p01.mul-pay.jp/payment/SearchMember.idPass from 61.192.187.78
2023/06/17 14:24:15 [/shop/shopping/load_payment_module.php] Array
(
    [SiteID] => mst0000007602
    [SitePass] => ******
    [MemberID] => 10331
)
 from 61.192.187.78
2023/06/17 14:24:15 [/shop/shopping/load_payment_module.php] ErrCode=E01&ErrInfo=E01390002 from 61.192.187.78
2023/06/17 14:24:15 [/shop/shopping/load_payment_module.php] Array
(
    [0] => Array
        (
            [ErrCode] => E01
            [ErrInfo] => E01390002
        )

)
 from 61.192.187.78
2023/06/17 14:24:15 [/shop/shopping/load_payment_module.php] SendRequest:https://p01.mul-pay.jp/payment/SearchCard.idPass from 61.192.187.78
2023/06/17 14:24:15 [/shop/shopping/load_payment_module.php] Array
(
    [SiteID] => mst0000007602
    [SitePass] => ******
    [MemberID] => 10331
)
 from 61.192.187.78
2023/06/17 14:24:15 [/shop/shopping/load_payment_module.php] ErrCode=E01|E01&ErrInfo=E01390002|E01240002 from 61.192.187.78
2023/06/17 14:24:15 [/shop/shopping/load_payment_module.php] Array
(
    [0] => Array
        (
            [ErrCode] => E01
            [ErrInfo] => E01390002
        )

    [1] => Array
        (
            [ErrCode] => E01
            [ErrInfo] => E01240002
        )

)
 from 61.192.187.78
2023/06/17 14:24:15 [/shop/shopping/load_payment_module.php] SendRequest:https://p01.mul-pay.jp/payment/EntryTran.idPass from 61.192.187.78
2023/06/17 14:24:15 [/shop/shopping/load_payment_module.php] Array
(
    [ShopID] => 9000034600950
    [ShopPass] => ******
    [OrderID] => 952400-17142415
    [JobCd] => CAPTURE
    [Amount] => 15700
    [TdFlag] => 0
    [TdTenantName] => 
)
 from 61.192.187.78
2023/06/17 14:24:15 [/shop/shopping/load_payment_module.php] AccessID=9a9c5102e4c2dc57b399bc75a542140f&AccessPass=e10b37a769fb53bca5679ca61ba8725c from 61.192.187.78
2023/06/17 14:24:15 [/shop/shopping/load_payment_module.php] Array
(
    [0] => Array
        (
            [AccessID] => 9a9c5102e4c2dc57b399bc75a542140f
            [AccessPass] => e10b37a769fb53bca5679ca61ba8725c
        )

)
 from 61.192.187.78
2023/06/17 14:24:15 [/shop/shopping/load_payment_module.php] load_payment_module.php set payment data:Array
(
    [AccessID] => 9a9c5102e4c2dc57b399bc75a542140f
    [AccessPass] => e10b37a769fb53bca5679ca61ba8725c
    [OrderID] => 952400-17142415
    [Amount] => 15700
    [JobCd] => CAPTURE
    [action_status] => 1
    [pay_status] => 0
)
 from 61.192.187.78
2023/06/17 14:24:15 [/shop/shopping/load_payment_module.php] SendRequest:https://p01.mul-pay.jp/payment/ExecTran.idPass from 61.192.187.78
2023/06/17 14:24:15 [/shop/shopping/load_payment_module.php] Array
(
    [AccessID] => 9a9c5102e4c2dc57b399bc75a542140f
    [AccessPass] => e10b37a769fb53bca5679ca61ba8725c
    [OrderID] => 952400-17142415
    [Method] => 1
    [Token] => 0506a1fa143a7847237a82ae5fc92bb1c849bb05b9d798b33f78c9b06c5cabc3
    [ClientField1] => 
    [ClientField2] => 
    [ClientField3] => EC-CUBE4.3.35
)
 from 61.192.187.78
2023/06/17 14:24:15 [/shop/shopping/load_payment_module.php] ACS=0&OrderID=952400-17142415&Forward=2S49631&Method=1&PayTimes=&Approve=0017996&TranID=2306171424602257210134151724&TranDate=20230617142415&CheckString=cfa0188fc260827f15af3e616f64531b from 61.192.187.78
2023/06/17 14:24:15 [/shop/shopping/load_payment_module.php] Array
(
    [0] => Array
        (
            [ACS] => 0
            [OrderID] => 952400-17142415
            [Forward] => 2S49631
            [Method] => 1
            [PayTimes] => 
            [Approve] => 0017996
            [TranID] => 2306171424602257210134151724
            [TranDate] => 20230617142415
            [CheckString] => cfa0188fc260827f15af3e616f64531b
        )

)
 from 61.192.187.78
2023/06/17 14:24:15 [/shop/shopping/load_payment_module.php] load_payment_module.php set payment data:Array
(
    [ACS] => 0
    [Forward] => 2S49631
    [Method] => 1
    [PayTimes] => 
    [Approve] => 0017996
    [TranID] => 2306171424602257210134151724
    [TranDate] => 20230617142415
    [CheckString] => cfa0188fc260827f15af3e616f64531b
    [Amount] => 15700
    [JobCd] => CAPTURE
    [action_status] => 3
    [pay_status] => 13
)
 from 61.192.187.78
2023/06/17 14:24:15 [/shop/user_data/pg_mulpay_recv.php] ******* receiveer data start ******* from 210.175.7.20
2023/06/17 14:24:15 [/shop/user_data/pg_mulpay_recv.php] Array
(
    [ShopID] => 9000034600950
    [ShopPass] => **********
    [AccessID] => 9a9c5102e4c2dc57b399bc75a542140f
    [AccessPass] => ********************************
    [OrderID] => 952400-17142415
    [Status] => CAPTURE
    [JobCd] => CAPTURE
    [Amount] => 15700
    [Tax] => 0
    [Currency] => JPN
    [Forward] => 2S49631
    [Method] => 1
    [PayTimes] => 
    [TranID] => 2306171424602257210134151724
    [Approve] => 0017996
    [TranDate] => 20230617142415
    [ErrCode] => 
    [ErrInfo] => 
    [PayType] => 0
)
 from 210.175.7.20
2023/06/17 14:24:15 [/shop/user_data/pg_mulpay_recv.php] ******* receiveer data end ******* from 210.175.7.20
2023/06/17 14:24:20 [/shop/user_data/pg_mulpay_recv.php] update order status:1 order_id=952400 from 210.175.7.20
2023/06/17 14:24:20 [/shop/user_data/pg_mulpay_recv.php] pg_mulpay_recv.php set payment data:Array
(
    [ShopID] => 9000034600950
    [AccessID] => 9a9c5102e4c2dc57b399bc75a542140f
    [OrderID] => 952400-17142415
    [Status] => CAPTURE
    [JobCd] => CAPTURE
    [Amount] => 15700
    [Tax] => 0
    [Currency] => JPN
    [Forward] => 2S49631
    [Method] => 1
    [PayTimes] => 
    [TranID] => 2306171424602257210134151724
    [Approve] => 0017996
    [TranDate] => 20230617142415
    [ErrCode] => 
    [ErrInfo] => 
    [PayType] => 0
    [CvsCode] => 
    [CvsConfNo] => 
    [CvsReceiptNo] => 
    [EdyReceiptNo] => 
    [EdyOrderNo] => 
    [SuicaReceiptNo] => 
    [SuicaOrderNo] => 
    [CustID] => 
    [BkCode] => 
    [ConfNo] => 
    [PaymentTerm] => 
    [EncryptReceiptNo] => 
    [FinishDate] => 
    [ReceiptDate] => 
    [WebMoneyManagementNo] => 
    [WebMoneySettleCode] => 
    [AuPayInfoNo] => 
    [AuPayMethod] => 
    [AuCancelAmount] => 
    [AuCancelTax] => 
    [DocomoSettlementCode] => 
    [DocomoCancelAmount] => 
    [DocomoCancelTax] => 
    [pay_status] => 13
)
 from 210.175.7.20
2023/06/17 14:24:21 [/shop/user_data/pg_mulpay_recv.php] response:true from 210.175.7.20
2023/06/17 22:46:02 [/shop/shopping/load_payment_module.php] SendRequest:https://p01.mul-pay.jp/payment/EntryTran.idPass from 178.232.226.242
2023/06/17 22:46:02 [/shop/shopping/load_payment_module.php] Array
(
    [ShopID] => 9000034600950
    [ShopPass] => ******
    [OrderID] => 952401-17224602
    [JobCd] => CAPTURE
    [Amount] => 9550
    [TdFlag] => 0
    [TdTenantName] => 
)
 from 178.232.226.242
2023/06/17 22:46:02 [/shop/shopping/load_payment_module.php] AccessID=30d22f2e9ddaa80d2fe8f586f71e5712&AccessPass=af46d7c0929736be439501d8608e9bd0 from 178.232.226.242
2023/06/17 22:46:02 [/shop/shopping/load_payment_module.php] Array
(
    [0] => Array
        (
            [AccessID] => 30d22f2e9ddaa80d2fe8f586f71e5712
            [AccessPass] => af46d7c0929736be439501d8608e9bd0
        )

)
 from 178.232.226.242
2023/06/17 22:46:02 [/shop/shopping/load_payment_module.php] load_payment_module.php set payment data:Array
(
    [AccessID] => 30d22f2e9ddaa80d2fe8f586f71e5712
    [AccessPass] => af46d7c0929736be439501d8608e9bd0
    [OrderID] => 952401-17224602
    [Amount] => 9550
    [JobCd] => CAPTURE
    [action_status] => 1
    [pay_status] => 0
)
 from 178.232.226.242
2023/06/17 22:46:02 [/shop/shopping/load_payment_module.php] SendRequest:https://p01.mul-pay.jp/payment/ExecTran.idPass from 178.232.226.242
2023/06/17 22:46:02 [/shop/shopping/load_payment_module.php] Array
(
    [AccessID] => 30d22f2e9ddaa80d2fe8f586f71e5712
    [AccessPass] => af46d7c0929736be439501d8608e9bd0
    [OrderID] => 952401-17224602
    [Method] => 1
    [Token] => 49058fcbbfd8ece7118a5147c953930bd42f2575dee3e2766503192d726e454e
    [ClientField1] => 
    [ClientField2] => 
    [ClientField3] => EC-CUBE4.3.35
)
 from 178.232.226.242
2023/06/17 22:46:03 [/shop/shopping/load_payment_module.php] ACS=0&OrderID=952401-17224602&Forward=2S49631&Method=1&PayTimes=&Approve=0274128&TranID=2306172246602257210134181730&TranDate=20230617224603&CheckString=f2cc380573738af1c4faa32c6fc9064a from 178.232.226.242
2023/06/17 22:46:03 [/shop/shopping/load_payment_module.php] Array
(
    [0] => Array
        (
            [ACS] => 0
            [OrderID] => 952401-17224602
            [Forward] => 2S49631
            [Method] => 1
            [PayTimes] => 
            [Approve] => 0274128
            [TranID] => 2306172246602257210134181730
            [TranDate] => 20230617224603
            [CheckString] => f2cc380573738af1c4faa32c6fc9064a
        )

)
 from 178.232.226.242
2023/06/17 22:46:03 [/shop/shopping/load_payment_module.php] load_payment_module.php set payment data:Array
(
    [ACS] => 0
    [Forward] => 2S49631
    [Method] => 1
    [PayTimes] => 
    [Approve] => 0274128
    [TranID] => 2306172246602257210134181730
    [TranDate] => 20230617224603
    [CheckString] => f2cc380573738af1c4faa32c6fc9064a
    [Amount] => 9550
    [JobCd] => CAPTURE
    [action_status] => 3
    [pay_status] => 13
)
 from 178.232.226.242
2023/06/17 22:46:03 [/shop/user_data/pg_mulpay_recv.php] ******* receiveer data start ******* from 210.175.7.20
2023/06/17 22:46:03 [/shop/user_data/pg_mulpay_recv.php] Array
(
    [ShopID] => 9000034600950
    [ShopPass] => **********
    [AccessID] => 30d22f2e9ddaa80d2fe8f586f71e5712
    [AccessPass] => ********************************
    [OrderID] => 952401-17224602
    [Status] => CAPTURE
    [JobCd] => CAPTURE
    [Amount] => 9550
    [Tax] => 0
    [Currency] => JPN
    [Forward] => 2S49631
    [Method] => 1
    [PayTimes] => 
    [TranID] => 2306172246602257210134181730
    [Approve] => 0274128
    [TranDate] => 20230617224603
    [ErrCode] => 
    [ErrInfo] => 
    [PayType] => 0
)
 from 210.175.7.20
2023/06/17 22:46:03 [/shop/user_data/pg_mulpay_recv.php] ******* receiveer data end ******* from 210.175.7.20
2023/06/17 22:46:08 [/shop/user_data/pg_mulpay_recv.php] update order status:1 order_id=952401 from 210.175.7.20
2023/06/17 22:46:08 [/shop/user_data/pg_mulpay_recv.php] pg_mulpay_recv.php set payment data:Array
(
    [ShopID] => 9000034600950
    [AccessID] => 30d22f2e9ddaa80d2fe8f586f71e5712
    [OrderID] => 952401-17224602
    [Status] => CAPTURE
    [JobCd] => CAPTURE
    [Amount] => 9550
    [Tax] => 0
    [Currency] => JPN
    [Forward] => 2S49631
    [Method] => 1
    [PayTimes] => 
    [TranID] => 2306172246602257210134181730
    [Approve] => 0274128
    [TranDate] => 20230617224603
    [ErrCode] => 
    [ErrInfo] => 
    [PayType] => 0
    [CvsCode] => 
    [CvsConfNo] => 
    [CvsReceiptNo] => 
    [EdyReceiptNo] => 
    [EdyOrderNo] => 
    [SuicaReceiptNo] => 
    [SuicaOrderNo] => 
    [CustID] => 
    [BkCode] => 
    [ConfNo] => 
    [PaymentTerm] => 
    [EncryptReceiptNo] => 
    [FinishDate] => 
    [ReceiptDate] => 
    [WebMoneyManagementNo] => 
    [WebMoneySettleCode] => 
    [AuPayInfoNo] => 
    [AuPayMethod] => 
    [AuCancelAmount] => 
    [AuCancelTax] => 
    [DocomoSettlementCode] => 
    [DocomoCancelAmount] => 
    [DocomoCancelTax] => 
    [pay_status] => 13
)
 from 210.175.7.20
2023/06/17 22:46:08 [/shop/user_data/pg_mulpay_recv.php] response:true from 210.175.7.20
