2021/04/10 00:28:25 [/shop/shopping/load_payment_module.php] SendRequest:https://p01.mul-pay.jp/payment/SearchMember.idPass from 126.213.139.102
2021/04/10 00:28:25 [/shop/shopping/load_payment_module.php] Array
(
    [SiteID] => mst0000007602
    [SitePass] => ******
    [MemberID] => 6206
)
 from 126.213.139.102
2021/04/10 00:28:25 [/shop/shopping/load_payment_module.php] ErrCode=E01&ErrInfo=E01390002 from 126.213.139.102
2021/04/10 00:28:25 [/shop/shopping/load_payment_module.php] Array
(
    [0] => Array
        (
            [ErrCode] => E01
            [ErrInfo] => E01390002
        )

)
 from 126.213.139.102
2021/04/10 00:28:25 [/shop/shopping/load_payment_module.php] SendRequest:https://p01.mul-pay.jp/payment/SearchCard.idPass from 126.213.139.102
2021/04/10 00:28:25 [/shop/shopping/load_payment_module.php] Array
(
    [SiteID] => mst0000007602
    [SitePass] => ******
    [MemberID] => 6206
)
 from 126.213.139.102
2021/04/10 00:28:26 [/shop/shopping/load_payment_module.php] ErrCode=E01|E01&ErrInfo=E01390002|E01240002 from 126.213.139.102
2021/04/10 00:28:26 [/shop/shopping/load_payment_module.php] Array
(
    [0] => Array
        (
            [ErrCode] => E01
            [ErrInfo] => E01390002
        )

    [1] => Array
        (
            [ErrCode] => E01
            [ErrInfo] => E01240002
        )

)
 from 126.213.139.102
2021/04/10 00:28:54 [/shop/shopping/load_payment_module.php] SendRequest:https://p01.mul-pay.jp/payment/SearchMember.idPass from 126.213.139.102
2021/04/10 00:28:54 [/shop/shopping/load_payment_module.php] Array
(
    [SiteID] => mst0000007602
    [SitePass] => ******
    [MemberID] => 6206
)
 from 126.213.139.102
2021/04/10 00:28:54 [/shop/shopping/load_payment_module.php] ErrCode=E01&ErrInfo=E01390002 from 126.213.139.102
2021/04/10 00:28:54 [/shop/shopping/load_payment_module.php] Array
(
    [0] => Array
        (
            [ErrCode] => E01
            [ErrInfo] => E01390002
        )

)
 from 126.213.139.102
2021/04/10 00:28:54 [/shop/shopping/load_payment_module.php] SendRequest:https://p01.mul-pay.jp/payment/SearchCard.idPass from 126.213.139.102
2021/04/10 00:28:54 [/shop/shopping/load_payment_module.php] Array
(
    [SiteID] => mst0000007602
    [SitePass] => ******
    [MemberID] => 6206
)
 from 126.213.139.102
2021/04/10 00:28:54 [/shop/shopping/load_payment_module.php] ErrCode=E01|E01&ErrInfo=E01390002|E01240002 from 126.213.139.102
2021/04/10 00:28:54 [/shop/shopping/load_payment_module.php] Array
(
    [0] => Array
        (
            [ErrCode] => E01
            [ErrInfo] => E01390002
        )

    [1] => Array
        (
            [ErrCode] => E01
            [ErrInfo] => E01240002
        )

)
 from 126.213.139.102
2021/04/10 00:29:20 [/shop/shopping/load_payment_module.php] SendRequest:https://p01.mul-pay.jp/payment/SearchMember.idPass from 126.213.139.102
2021/04/10 00:29:20 [/shop/shopping/load_payment_module.php] Array
(
    [SiteID] => mst0000007602
    [SitePass] => ******
    [MemberID] => 6206
)
 from 126.213.139.102
2021/04/10 00:29:20 [/shop/shopping/load_payment_module.php] SendRequest:https://p01.mul-pay.jp/payment/SearchMember.idPass from 126.213.139.102
2021/04/10 00:29:20 [/shop/shopping/load_payment_module.php] Array
(
    [SiteID] => mst0000007602
    [SitePass] => ******
    [MemberID] => 6206
)
 from 126.213.139.102
2021/04/10 00:29:21 [/shop/shopping/load_payment_module.php] ErrCode=E01&ErrInfo=E01390002 from 126.213.139.102
2021/04/10 00:29:21 [/shop/shopping/load_payment_module.php] Array
(
    [0] => Array
        (
            [ErrCode] => E01
            [ErrInfo] => E01390002
        )

)
 from 126.213.139.102
2021/04/10 00:29:21 [/shop/shopping/load_payment_module.php] SendRequest:https://p01.mul-pay.jp/payment/SearchCard.idPass from 126.213.139.102
2021/04/10 00:29:21 [/shop/shopping/load_payment_module.php] Array
(
    [SiteID] => mst0000007602
    [SitePass] => ******
    [MemberID] => 6206
)
 from 126.213.139.102
2021/04/10 00:29:21 [/shop/shopping/load_payment_module.php] ErrCode=E01&ErrInfo=E01390002 from 126.213.139.102
2021/04/10 00:29:21 [/shop/shopping/load_payment_module.php] Array
(
    [0] => Array
        (
            [ErrCode] => E01
            [ErrInfo] => E01390002
        )

)
 from 126.213.139.102
2021/04/10 00:29:21 [/shop/shopping/load_payment_module.php] SendRequest:https://p01.mul-pay.jp/payment/SearchCard.idPass from 126.213.139.102
2021/04/10 00:29:21 [/shop/shopping/load_payment_module.php] Array
(
    [SiteID] => mst0000007602
    [SitePass] => ******
    [MemberID] => 6206
)
 from 126.213.139.102
2021/04/10 00:29:21 [/shop/shopping/load_payment_module.php] ErrCode=E01|E01&ErrInfo=E01390002|E01240002 from 126.213.139.102
2021/04/10 00:29:21 [/shop/shopping/load_payment_module.php] Array
(
    [0] => Array
        (
            [ErrCode] => E01
            [ErrInfo] => E01390002
        )

    [1] => Array
        (
            [ErrCode] => E01
            [ErrInfo] => E01240002
        )

)
 from 126.213.139.102
2021/04/10 00:29:21 [/shop/shopping/load_payment_module.php] ErrCode=E01|E01&ErrInfo=E01390002|E01240002 from 126.213.139.102
2021/04/10 00:29:21 [/shop/shopping/load_payment_module.php] Array
(
    [0] => Array
        (
            [ErrCode] => E01
            [ErrInfo] => E01390002
        )

    [1] => Array
        (
            [ErrCode] => E01
            [ErrInfo] => E01240002
        )

)
 from 126.213.139.102
2021/04/10 00:31:25 [/shop/shopping/load_payment_module.php] SendRequest:https://p01.mul-pay.jp/payment/SearchMember.idPass from 126.213.139.102
2021/04/10 00:31:25 [/shop/shopping/load_payment_module.php] Array
(
    [SiteID] => mst0000007602
    [SitePass] => ******
    [MemberID] => 6206
)
 from 126.213.139.102
2021/04/10 00:31:25 [/shop/shopping/load_payment_module.php] ErrCode=E01&ErrInfo=E01390002 from 126.213.139.102
2021/04/10 00:31:25 [/shop/shopping/load_payment_module.php] Array
(
    [0] => Array
        (
            [ErrCode] => E01
            [ErrInfo] => E01390002
        )

)
 from 126.213.139.102
2021/04/10 00:31:25 [/shop/shopping/load_payment_module.php] SendRequest:https://p01.mul-pay.jp/payment/SearchCard.idPass from 126.213.139.102
2021/04/10 00:31:25 [/shop/shopping/load_payment_module.php] Array
(
    [SiteID] => mst0000007602
    [SitePass] => ******
    [MemberID] => 6206
)
 from 126.213.139.102
2021/04/10 00:31:25 [/shop/shopping/load_payment_module.php] ErrCode=E01|E01&ErrInfo=E01390002|E01240002 from 126.213.139.102
2021/04/10 00:31:25 [/shop/shopping/load_payment_module.php] Array
(
    [0] => Array
        (
            [ErrCode] => E01
            [ErrInfo] => E01390002
        )

    [1] => Array
        (
            [ErrCode] => E01
            [ErrInfo] => E01240002
        )

)
 from 126.213.139.102
2021/04/10 00:31:44 [/shop/shopping/load_payment_module.php] SendRequest:https://p01.mul-pay.jp/payment/SearchMember.idPass from 126.213.139.102
2021/04/10 00:31:44 [/shop/shopping/load_payment_module.php] Array
(
    [SiteID] => mst0000007602
    [SitePass] => ******
    [MemberID] => 6206
)
 from 126.213.139.102
2021/04/10 00:31:44 [/shop/shopping/load_payment_module.php] ErrCode=E01&ErrInfo=E01390002 from 126.213.139.102
2021/04/10 00:31:44 [/shop/shopping/load_payment_module.php] Array
(
    [0] => Array
        (
            [ErrCode] => E01
            [ErrInfo] => E01390002
        )

)
 from 126.213.139.102
2021/04/10 00:31:44 [/shop/shopping/load_payment_module.php] SendRequest:https://p01.mul-pay.jp/payment/SearchCard.idPass from 126.213.139.102
2021/04/10 00:31:44 [/shop/shopping/load_payment_module.php] Array
(
    [SiteID] => mst0000007602
    [SitePass] => ******
    [MemberID] => 6206
)
 from 126.213.139.102
2021/04/10 00:31:45 [/shop/shopping/load_payment_module.php] ErrCode=E01|E01&ErrInfo=E01390002|E01240002 from 126.213.139.102
2021/04/10 00:31:45 [/shop/shopping/load_payment_module.php] Array
(
    [0] => Array
        (
            [ErrCode] => E01
            [ErrInfo] => E01390002
        )

    [1] => Array
        (
            [ErrCode] => E01
            [ErrInfo] => E01240002
        )

)
 from 126.213.139.102
2021/04/10 00:31:45 [/shop/shopping/load_payment_module.php] SendRequest:https://p01.mul-pay.jp/payment/EntryTran.idPass from 126.213.139.102
2021/04/10 00:31:45 [/shop/shopping/load_payment_module.php] Array
(
    [ShopID] => 9000034600950
    [ShopPass] => ******
    [OrderID] => 945243-10003145
    [JobCd] => CAPTURE
    [Amount] => 1
    [TdFlag] => 0
    [TdTenantName] => 
)
 from 126.213.139.102
2021/04/10 00:31:45 [/shop/shopping/load_payment_module.php] AccessID=0da1413564a5d90ecadf4e4dc4aac2c7&AccessPass=685dd538b921c457011d51f8b6711ef7 from 126.213.139.102
2021/04/10 00:31:45 [/shop/shopping/load_payment_module.php] Array
(
    [0] => Array
        (
            [AccessID] => 0da1413564a5d90ecadf4e4dc4aac2c7
            [AccessPass] => 685dd538b921c457011d51f8b6711ef7
        )

)
 from 126.213.139.102
2021/04/10 00:31:45 [/shop/shopping/load_payment_module.php] load_payment_module.php set payment data:Array
(
    [AccessID] => 0da1413564a5d90ecadf4e4dc4aac2c7
    [AccessPass] => 685dd538b921c457011d51f8b6711ef7
    [OrderID] => 945243-10003145
    [Amount] => 1
    [JobCd] => CAPTURE
    [action_status] => 1
    [pay_status] => 0
)
 from 126.213.139.102
2021/04/10 00:31:45 [/shop/shopping/load_payment_module.php] SendRequest:https://p01.mul-pay.jp/payment/ExecTran.idPass from 126.213.139.102
2021/04/10 00:31:45 [/shop/shopping/load_payment_module.php] Array
(
    [AccessID] => 0da1413564a5d90ecadf4e4dc4aac2c7
    [AccessPass] => 685dd538b921c457011d51f8b6711ef7
    [OrderID] => 945243-10003145
    [Method] => 1
    [Token] => 64b552b316256a81de20f638adc383a68b6ca8db6e05aef5ee1c68b4275013a8
    [ClientField1] => 
    [ClientField2] => 
    [ClientField3] => EC-CUBE4.3.24
)
 from 126.213.139.102
2021/04/10 00:31:46 [/shop/shopping/load_payment_module.php] ACS=0&OrderID=945243-10003145&Forward=2S49631&Method=1&PayTimes=&Approve=0009024&TranID=2104100031602257210134113796&TranDate=20210410003146&CheckString=e98de5c8f215af2c2acf9ce2c1e92feb from 126.213.139.102
2021/04/10 00:31:46 [/shop/shopping/load_payment_module.php] Array
(
    [0] => Array
        (
            [ACS] => 0
            [OrderID] => 945243-10003145
            [Forward] => 2S49631
            [Method] => 1
            [PayTimes] => 
            [Approve] => 0009024
            [TranID] => 2104100031602257210134113796
            [TranDate] => 20210410003146
            [CheckString] => e98de5c8f215af2c2acf9ce2c1e92feb
        )

)
 from 126.213.139.102
2021/04/10 00:31:46 [/shop/shopping/load_payment_module.php] load_payment_module.php set payment data:Array
(
    [ACS] => 0
    [Forward] => 2S49631
    [Method] => 1
    [PayTimes] => 
    [Approve] => 0009024
    [TranID] => 2104100031602257210134113796
    [TranDate] => 20210410003146
    [CheckString] => e98de5c8f215af2c2acf9ce2c1e92feb
    [Amount] => 1
    [JobCd] => CAPTURE
    [action_status] => 3
    [pay_status] => 13
)
 from 126.213.139.102
2021/04/10 00:31:46 [/shop/user_data/pg_mulpay_recv.php] ******* receiveer data start ******* from 210.175.7.20
2021/04/10 00:31:46 [/shop/user_data/pg_mulpay_recv.php] Array
(
    [ShopID] => 9000034600950
    [ShopPass] => **********
    [AccessID] => 0da1413564a5d90ecadf4e4dc4aac2c7
    [AccessPass] => ********************************
    [OrderID] => 945243-10003145
    [Status] => CAPTURE
    [JobCd] => CAPTURE
    [Amount] => 1
    [Tax] => 0
    [Currency] => JPN
    [Forward] => 2S49631
    [Method] => 1
    [PayTimes] => 
    [TranID] => 2104100031602257210134113796
    [Approve] => 0009024
    [TranDate] => 20210410003146
    [ErrCode] => 
    [ErrInfo] => 
    [PayType] => 0
)
 from 210.175.7.20
2021/04/10 00:31:46 [/shop/user_data/pg_mulpay_recv.php] ******* receiveer data end ******* from 210.175.7.20
2021/04/10 00:31:51 [/shop/user_data/pg_mulpay_recv.php] update order status:1 order_id=945243 from 210.175.7.20
2021/04/10 00:31:51 [/shop/user_data/pg_mulpay_recv.php] pg_mulpay_recv.php set payment data:Array
(
    [ShopID] => 9000034600950
    [AccessID] => 0da1413564a5d90ecadf4e4dc4aac2c7
    [OrderID] => 945243-10003145
    [Status] => CAPTURE
    [JobCd] => CAPTURE
    [Amount] => 1
    [Tax] => 0
    [Currency] => JPN
    [Forward] => 2S49631
    [Method] => 1
    [PayTimes] => 
    [TranID] => 2104100031602257210134113796
    [Approve] => 0009024
    [TranDate] => 20210410003146
    [ErrCode] => 
    [ErrInfo] => 
    [PayType] => 0
    [CvsCode] => 
    [CvsConfNo] => 
    [CvsReceiptNo] => 
    [EdyReceiptNo] => 
    [EdyOrderNo] => 
    [SuicaReceiptNo] => 
    [SuicaOrderNo] => 
    [CustID] => 
    [BkCode] => 
    [ConfNo] => 
    [PaymentTerm] => 
    [EncryptReceiptNo] => 
    [FinishDate] => 
    [ReceiptDate] => 
    [WebMoneyManagementNo] => 
    [WebMoneySettleCode] => 
    [AuPayInfoNo] => 
    [AuPayMethod] => 
    [AuCancelAmount] => 
    [AuCancelTax] => 
    [DocomoSettlementCode] => 
    [DocomoCancelAmount] => 
    [DocomoCancelTax] => 
    [pay_status] => 13
)
 from 210.175.7.20
2021/04/10 00:31:51 [/shop/user_data/pg_mulpay_recv.php] response:true from 210.175.7.20
2021/04/10 12:45:59 [/shop/master/order/edit.php] edit.php set payment data:Array
(
    [no_update_status_flg] => 1
)
 from 114.160.216.147
2021/04/10 12:45:59 [/shop/master/order/edit.php] SendRequest:https://p01.mul-pay.jp/payment/ChangeTran.idPass from 114.160.216.147
2021/04/10 12:45:59 [/shop/master/order/edit.php] Array
(
    [ShopID] => 9000034600950
    [ShopPass] => ******
    [AccessID] => 3c3c8193fa95bd2d0dc07244c0abdc06
    [AccessPass] => 4ffd3fd710e24cde0c1e32a56a46b27d
    [JobCd] => CAPTURE
    [Amount] => 12880
)
 from 114.160.216.147
2021/04/10 12:46:02 [/shop/master/order/edit.php] ErrCode=G12&ErrInfo=42G120000 from 114.160.216.147
2021/04/10 12:46:02 [/shop/master/order/edit.php] Array
(
    [0] => Array
        (
            [ErrCode] => G12
            [ErrInfo] => 42G120000
        )

)
 from 114.160.216.147
2021/04/10 12:46:02 [/shop/user_data/pg_mulpay_recv.php] ******* receiveer data start ******* from 210.175.7.20
2021/04/10 12:46:02 [/shop/user_data/pg_mulpay_recv.php] Array
(
    [ShopID] => 9000034600950
    [ShopPass] => **********
    [AccessID] => 3c3c8193fa95bd2d0dc07244c0abdc06
    [AccessPass] => ********************************
    [OrderID] => 945156-09171136
    [Status] => CAPTURE
    [JobCd] => CAPTURE
    [Amount] => 12880
    [Tax] => 0
    [Currency] => JPN
    [Forward] => 2a99661
    [Method] => 1
    [PayTimes] => 
    [TranID] => 2104101246602257210134123847
    [Approve] =>        
    [TranDate] => 20210410124602
    [ErrCode] => G12
    [ErrInfo] => 42G120000
    [PayType] => 0
)
 from 210.175.7.20
2021/04/10 12:46:02 [/shop/user_data/pg_mulpay_recv.php] ******* receiveer data end ******* from 210.175.7.20
2021/04/10 12:46:07 [/shop/user_data/pg_mulpay_recv.php] no update order status order_id=945156 from 210.175.7.20
2021/04/10 12:46:07 [/shop/user_data/pg_mulpay_recv.php] pg_mulpay_recv.php set payment data:Array
(
    [ShopID] => 9000034600950
    [AccessID] => 3c3c8193fa95bd2d0dc07244c0abdc06
    [OrderID] => 945156-09171136
    [Status] => CAPTURE
    [JobCd] => CAPTURE
    [Amount] => 12880
    [Tax] => 0
    [Currency] => JPN
    [Forward] => 2a99661
    [Method] => 1
    [PayTimes] => 
    [TranID] => 2104101246602257210134123847
    [TranDate] => 20210410124602
    [ErrCode] => G12
    [ErrInfo] => 42G120000
    [PayType] => 0
    [CvsCode] => 
    [CvsConfNo] => 
    [CvsReceiptNo] => 
    [EdyReceiptNo] => 
    [EdyOrderNo] => 
    [SuicaReceiptNo] => 
    [SuicaOrderNo] => 
    [CustID] => 
    [BkCode] => 
    [ConfNo] => 
    [PaymentTerm] => 
    [EncryptReceiptNo] => 
    [FinishDate] => 
    [ReceiptDate] => 
    [WebMoneyManagementNo] => 
    [WebMoneySettleCode] => 
    [AuPayInfoNo] => 
    [AuPayMethod] => 
    [AuCancelAmount] => 
    [AuCancelTax] => 
    [DocomoSettlementCode] => 
    [DocomoCancelAmount] => 
    [DocomoCancelTax] => 
    [pay_status] => 13
    [no_update_status_flg] => 0
)
 from 210.175.7.20
2021/04/10 12:46:07 [/shop/user_data/pg_mulpay_recv.php] response:true from 210.175.7.20
2021/04/10 17:21:40 [/shop/shopping/load_payment_module.php] SendRequest:https://p01.mul-pay.jp/payment/SearchMember.idPass from 106.133.31.84
2021/04/10 17:21:40 [/shop/shopping/load_payment_module.php] Array
(
    [SiteID] => mst0000007602
    [SitePass] => ******
    [MemberID] => 3321
)
 from 106.133.31.84
2021/04/10 17:21:40 [/shop/shopping/load_payment_module.php] ErrCode=E01&ErrInfo=E01390002 from 106.133.31.84
2021/04/10 17:21:40 [/shop/shopping/load_payment_module.php] Array
(
    [0] => Array
        (
            [ErrCode] => E01
            [ErrInfo] => E01390002
        )

)
 from 106.133.31.84
2021/04/10 17:21:40 [/shop/shopping/load_payment_module.php] SendRequest:https://p01.mul-pay.jp/payment/SearchCard.idPass from 106.133.31.84
2021/04/10 17:21:40 [/shop/shopping/load_payment_module.php] Array
(
    [SiteID] => mst0000007602
    [SitePass] => ******
    [MemberID] => 3321
)
 from 106.133.31.84
2021/04/10 17:21:40 [/shop/shopping/load_payment_module.php] ErrCode=E01|E01&ErrInfo=E01390002|E01240002 from 106.133.31.84
2021/04/10 17:21:40 [/shop/shopping/load_payment_module.php] Array
(
    [0] => Array
        (
            [ErrCode] => E01
            [ErrInfo] => E01390002
        )

    [1] => Array
        (
            [ErrCode] => E01
            [ErrInfo] => E01240002
        )

)
 from 106.133.31.84
2021/04/10 17:22:54 [/shop/shopping/load_payment_module.php] SendRequest:https://p01.mul-pay.jp/payment/SearchMember.idPass from 106.133.31.84
2021/04/10 17:22:54 [/shop/shopping/load_payment_module.php] Array
(
    [SiteID] => mst0000007602
    [SitePass] => ******
    [MemberID] => 3321
)
 from 106.133.31.84
2021/04/10 17:22:55 [/shop/shopping/load_payment_module.php] ErrCode=E01&ErrInfo=E01390002 from 106.133.31.84
2021/04/10 17:22:55 [/shop/shopping/load_payment_module.php] Array
(
    [0] => Array
        (
            [ErrCode] => E01
            [ErrInfo] => E01390002
        )

)
 from 106.133.31.84
2021/04/10 17:22:55 [/shop/shopping/load_payment_module.php] SendRequest:https://p01.mul-pay.jp/payment/SearchCard.idPass from 106.133.31.84
2021/04/10 17:22:55 [/shop/shopping/load_payment_module.php] Array
(
    [SiteID] => mst0000007602
    [SitePass] => ******
    [MemberID] => 3321
)
 from 106.133.31.84
2021/04/10 17:22:55 [/shop/shopping/load_payment_module.php] ErrCode=E01|E01&ErrInfo=E01390002|E01240002 from 106.133.31.84
2021/04/10 17:22:55 [/shop/shopping/load_payment_module.php] Array
(
    [0] => Array
        (
            [ErrCode] => E01
            [ErrInfo] => E01390002
        )

    [1] => Array
        (
            [ErrCode] => E01
            [ErrInfo] => E01240002
        )

)
 from 106.133.31.84
2021/04/10 17:22:55 [/shop/shopping/load_payment_module.php] SendRequest:https://p01.mul-pay.jp/payment/EntryTran.idPass from 106.133.31.84
2021/04/10 17:22:55 [/shop/shopping/load_payment_module.php] Array
(
    [ShopID] => 9000034600950
    [ShopPass] => ******
    [OrderID] => 945244-10172255
    [JobCd] => CAPTURE
    [Amount] => 7500
    [TdFlag] => 0
    [TdTenantName] => 
)
 from 106.133.31.84
2021/04/10 17:22:55 [/shop/shopping/load_payment_module.php] AccessID=07f9dc1595d5d86d454bc9550de850a5&AccessPass=5aa2237bfa09db7106e2a8a230e1f6ab from 106.133.31.84
2021/04/10 17:22:55 [/shop/shopping/load_payment_module.php] Array
(
    [0] => Array
        (
            [AccessID] => 07f9dc1595d5d86d454bc9550de850a5
            [AccessPass] => 5aa2237bfa09db7106e2a8a230e1f6ab
        )

)
 from 106.133.31.84
2021/04/10 17:22:55 [/shop/shopping/load_payment_module.php] load_payment_module.php set payment data:Array
(
    [AccessID] => 07f9dc1595d5d86d454bc9550de850a5
    [AccessPass] => 5aa2237bfa09db7106e2a8a230e1f6ab
    [OrderID] => 945244-10172255
    [Amount] => 7500
    [JobCd] => CAPTURE
    [action_status] => 1
    [pay_status] => 0
)
 from 106.133.31.84
2021/04/10 17:22:55 [/shop/shopping/load_payment_module.php] SendRequest:https://p01.mul-pay.jp/payment/ExecTran.idPass from 106.133.31.84
2021/04/10 17:22:55 [/shop/shopping/load_payment_module.php] Array
(
    [AccessID] => 07f9dc1595d5d86d454bc9550de850a5
    [AccessPass] => 5aa2237bfa09db7106e2a8a230e1f6ab
    [OrderID] => 945244-10172255
    [Method] => 1
    [Token] => 378f0262b8ea6134fba57c40a62ac6af4c92da0aa742fc3b579d69e32bd6a683
    [ClientField1] => 
    [ClientField2] => 
    [ClientField3] => EC-CUBE4.3.24
)
 from 106.133.31.84
2021/04/10 17:22:57 [/shop/shopping/load_payment_module.php] ACS=0&OrderID=945244-10172255&Forward=2S49631&Method=1&PayTimes=&Approve=0230328&TranID=2104101722602257210134113798&TranDate=20210410172257&CheckString=defb4364202532e86aead132f3af79c0 from 106.133.31.84
2021/04/10 17:22:57 [/shop/shopping/load_payment_module.php] Array
(
    [0] => Array
        (
            [ACS] => 0
            [OrderID] => 945244-10172255
            [Forward] => 2S49631
            [Method] => 1
            [PayTimes] => 
            [Approve] => 0230328
            [TranID] => 2104101722602257210134113798
            [TranDate] => 20210410172257
            [CheckString] => defb4364202532e86aead132f3af79c0
        )

)
 from 106.133.31.84
2021/04/10 17:22:57 [/shop/shopping/load_payment_module.php] load_payment_module.php set payment data:Array
(
    [ACS] => 0
    [Forward] => 2S49631
    [Method] => 1
    [PayTimes] => 
    [Approve] => 0230328
    [TranID] => 2104101722602257210134113798
    [TranDate] => 20210410172257
    [CheckString] => defb4364202532e86aead132f3af79c0
    [Amount] => 7500
    [JobCd] => CAPTURE
    [action_status] => 3
    [pay_status] => 13
)
 from 106.133.31.84
2021/04/10 17:22:57 [/shop/user_data/pg_mulpay_recv.php] ******* receiveer data start ******* from 210.175.7.20
2021/04/10 17:22:57 [/shop/user_data/pg_mulpay_recv.php] Array
(
    [ShopID] => 9000034600950
    [ShopPass] => **********
    [AccessID] => 07f9dc1595d5d86d454bc9550de850a5
    [AccessPass] => ********************************
    [OrderID] => 945244-10172255
    [Status] => CAPTURE
    [JobCd] => CAPTURE
    [Amount] => 7500
    [Tax] => 0
    [Currency] => JPN
    [Forward] => 2S49631
    [Method] => 1
    [PayTimes] => 
    [TranID] => 2104101722602257210134113798
    [Approve] => 0230328
    [TranDate] => 20210410172257
    [ErrCode] => 
    [ErrInfo] => 
    [PayType] => 0
)
 from 210.175.7.20
2021/04/10 17:22:57 [/shop/user_data/pg_mulpay_recv.php] ******* receiveer data end ******* from 210.175.7.20
2021/04/10 17:23:02 [/shop/user_data/pg_mulpay_recv.php] update order status:1 order_id=945244 from 210.175.7.20
2021/04/10 17:23:02 [/shop/user_data/pg_mulpay_recv.php] pg_mulpay_recv.php set payment data:Array
(
    [ShopID] => 9000034600950
    [AccessID] => 07f9dc1595d5d86d454bc9550de850a5
    [OrderID] => 945244-10172255
    [Status] => CAPTURE
    [JobCd] => CAPTURE
    [Amount] => 7500
    [Tax] => 0
    [Currency] => JPN
    [Forward] => 2S49631
    [Method] => 1
    [PayTimes] => 
    [TranID] => 2104101722602257210134113798
    [Approve] => 0230328
    [TranDate] => 20210410172257
    [ErrCode] => 
    [ErrInfo] => 
    [PayType] => 0
    [CvsCode] => 
    [CvsConfNo] => 
    [CvsReceiptNo] => 
    [EdyReceiptNo] => 
    [EdyOrderNo] => 
    [SuicaReceiptNo] => 
    [SuicaOrderNo] => 
    [CustID] => 
    [BkCode] => 
    [ConfNo] => 
    [PaymentTerm] => 
    [EncryptReceiptNo] => 
    [FinishDate] => 
    [ReceiptDate] => 
    [WebMoneyManagementNo] => 
    [WebMoneySettleCode] => 
    [AuPayInfoNo] => 
    [AuPayMethod] => 
    [AuCancelAmount] => 
    [AuCancelTax] => 
    [DocomoSettlementCode] => 
    [DocomoCancelAmount] => 
    [DocomoCancelTax] => 
    [pay_status] => 13
)
 from 210.175.7.20
2021/04/10 17:23:03 [/shop/user_data/pg_mulpay_recv.php] response:true from 210.175.7.20
