2025/12/04 01:39:36 [/shop/shopping/load_payment_module.php] SendRequest:https://p01.mul-pay.jp/payment/EntryTran.idPass from 170.85.7.96
2025/12/04 01:39:36 [/shop/shopping/load_payment_module.php] Array
(
    [ShopID] => 9000034600950
    [ShopPass] => ******
    [OrderID] => 963457-04013936
    [JobCd] => CAPTURE
    [Amount] => 10500
    [TdFlag] => 0
    [TdTenantName] => 
)
 from 170.85.7.96
2025/12/04 01:39:37 [/shop/shopping/load_payment_module.php] AccessID=07d4053147301debd693a6f76e6076d8&AccessPass=6187b64da464b8c3ef85d1a0767b6b15 from 170.85.7.96
2025/12/04 01:39:37 [/shop/shopping/load_payment_module.php] Array
(
    [0] => Array
        (
            [AccessID] => 07d4053147301debd693a6f76e6076d8
            [AccessPass] => 6187b64da464b8c3ef85d1a0767b6b15
        )

)
 from 170.85.7.96
2025/12/04 01:39:37 [/shop/shopping/load_payment_module.php] load_payment_module.php set payment data:Array
(
    [AccessID] => 07d4053147301debd693a6f76e6076d8
    [AccessPass] => 6187b64da464b8c3ef85d1a0767b6b15
    [OrderID] => 963457-04013936
    [Amount] => 10500
    [JobCd] => CAPTURE
    [action_status] => 1
    [pay_status] => 0
)
 from 170.85.7.96
2025/12/04 01:39:37 [/shop/shopping/load_payment_module.php] SendRequest:https://p01.mul-pay.jp/payment/ExecTran.idPass from 170.85.7.96
2025/12/04 01:39:37 [/shop/shopping/load_payment_module.php] Array
(
    [AccessID] => 07d4053147301debd693a6f76e6076d8
    [AccessPass] => 6187b64da464b8c3ef85d1a0767b6b15
    [OrderID] => 963457-04013936
    [Method] => 1
    [Token] => b4c13a3927638c3af069d5a921852cdf65bbd20f68e234542d3f8abde6b4384f
    [ClientField1] => 
    [ClientField2] => 
    [ClientField3] => EC-CUBE4.3.35
)
 from 170.85.7.96
2025/12/04 01:39:37 [/shop/shopping/load_payment_module.php] ACS=0&OrderID=963457-04013936&Forward=2S49631&Method=1&PayTimes=&Approve=0081204&TranID=2512040139602257210134103177&TranDate=20251204013937&CheckString=58e6eae24bc043516511fa8c132bc4aa from 170.85.7.96
2025/12/04 01:39:37 [/shop/shopping/load_payment_module.php] Array
(
    [0] => Array
        (
            [ACS] => 0
            [OrderID] => 963457-04013936
            [Forward] => 2S49631
            [Method] => 1
            [PayTimes] => 
            [Approve] => 0081204
            [TranID] => 2512040139602257210134103177
            [TranDate] => 20251204013937
            [CheckString] => 58e6eae24bc043516511fa8c132bc4aa
        )

)
 from 170.85.7.96
2025/12/04 01:39:37 [/shop/shopping/load_payment_module.php] load_payment_module.php set payment data:Array
(
    [ACS] => 0
    [Forward] => 2S49631
    [Method] => 1
    [PayTimes] => 
    [Approve] => 0081204
    [TranID] => 2512040139602257210134103177
    [TranDate] => 20251204013937
    [CheckString] => 58e6eae24bc043516511fa8c132bc4aa
    [Amount] => 10500
    [JobCd] => CAPTURE
    [action_status] => 3
    [pay_status] => 13
)
 from 170.85.7.96
2025/12/04 01:39:37 [/shop/user_data/pg_mulpay_recv.php] ******* receiveer data start ******* from 210.175.7.20
2025/12/04 01:39:37 [/shop/user_data/pg_mulpay_recv.php] Array
(
    [ShopID] => 9000034600950
    [ShopPass] => **********
    [AccessID] => 07d4053147301debd693a6f76e6076d8
    [AccessPass] => ********************************
    [OrderID] => 963457-04013936
    [Status] => CAPTURE
    [JobCd] => CAPTURE
    [Amount] => 10500
    [Tax] => 0
    [Currency] => JPN
    [Forward] => 2S49631
    [Method] => 1
    [PayTimes] => 
    [TranID] => 2512040139602257210134103177
    [Approve] => 0081204
    [TranDate] => 20251204013937
    [ErrCode] => 
    [ErrInfo] => 
    [PayType] => 0
)
 from 210.175.7.20
2025/12/04 01:39:37 [/shop/user_data/pg_mulpay_recv.php] ******* receiveer data end ******* from 210.175.7.20
2025/12/04 01:39:42 [/shop/user_data/pg_mulpay_recv.php] update order status:1 order_id=963457 from 210.175.7.20
2025/12/04 01:39:42 [/shop/user_data/pg_mulpay_recv.php] pg_mulpay_recv.php set payment data:Array
(
    [ShopID] => 9000034600950
    [AccessID] => 07d4053147301debd693a6f76e6076d8
    [OrderID] => 963457-04013936
    [Status] => CAPTURE
    [JobCd] => CAPTURE
    [Amount] => 10500
    [Tax] => 0
    [Currency] => JPN
    [Forward] => 2S49631
    [Method] => 1
    [PayTimes] => 
    [TranID] => 2512040139602257210134103177
    [Approve] => 0081204
    [TranDate] => 20251204013937
    [ErrCode] => 
    [ErrInfo] => 
    [PayType] => 0
    [CvsCode] => 
    [CvsConfNo] => 
    [CvsReceiptNo] => 
    [EdyReceiptNo] => 
    [EdyOrderNo] => 
    [SuicaReceiptNo] => 
    [SuicaOrderNo] => 
    [CustID] => 
    [BkCode] => 
    [ConfNo] => 
    [PaymentTerm] => 
    [EncryptReceiptNo] => 
    [FinishDate] => 
    [ReceiptDate] => 
    [WebMoneyManagementNo] => 
    [WebMoneySettleCode] => 
    [AuPayInfoNo] => 
    [AuPayMethod] => 
    [AuCancelAmount] => 
    [AuCancelTax] => 
    [DocomoSettlementCode] => 
    [DocomoCancelAmount] => 
    [DocomoCancelTax] => 
    [pay_status] => 13
)
 from 210.175.7.20
2025/12/04 01:39:42 [/shop/user_data/pg_mulpay_recv.php] response:true from 210.175.7.20
2025/12/04 03:28:19 [/shop/shopping/load_payment_module.php] SendRequest:https://p01.mul-pay.jp/payment/SearchMember.idPass from 73.166.232.166
2025/12/04 03:28:19 [/shop/shopping/load_payment_module.php] Array
(
    [SiteID] => mst0000007602
    [SitePass] => ******
    [MemberID] => 6374
)
 from 73.166.232.166
2025/12/04 03:28:19 [/shop/shopping/load_payment_module.php] ErrCode=E01&ErrInfo=E01390002 from 73.166.232.166
2025/12/04 03:28:19 [/shop/shopping/load_payment_module.php] Array
(
    [0] => Array
        (
            [ErrCode] => E01
            [ErrInfo] => E01390002
        )

)
 from 73.166.232.166
2025/12/04 03:28:19 [/shop/shopping/load_payment_module.php] SendRequest:https://p01.mul-pay.jp/payment/SearchCard.idPass from 73.166.232.166
2025/12/04 03:28:19 [/shop/shopping/load_payment_module.php] Array
(
    [SiteID] => mst0000007602
    [SitePass] => ******
    [MemberID] => 6374
)
 from 73.166.232.166
2025/12/04 03:28:19 [/shop/shopping/load_payment_module.php] ErrCode=E01|E01&ErrInfo=E01390002|E01240002 from 73.166.232.166
2025/12/04 03:28:19 [/shop/shopping/load_payment_module.php] Array
(
    [0] => Array
        (
            [ErrCode] => E01
            [ErrInfo] => E01390002
        )

    [1] => Array
        (
            [ErrCode] => E01
            [ErrInfo] => E01240002
        )

)
 from 73.166.232.166
2025/12/04 03:30:09 [/shop/shopping/load_payment_module.php] SendRequest:https://p01.mul-pay.jp/payment/SearchMember.idPass from 73.166.232.166
2025/12/04 03:30:09 [/shop/shopping/load_payment_module.php] Array
(
    [SiteID] => mst0000007602
    [SitePass] => ******
    [MemberID] => 6374
)
 from 73.166.232.166
2025/12/04 03:30:09 [/shop/shopping/load_payment_module.php] ErrCode=E01&ErrInfo=E01390002 from 73.166.232.166
2025/12/04 03:30:09 [/shop/shopping/load_payment_module.php] Array
(
    [0] => Array
        (
            [ErrCode] => E01
            [ErrInfo] => E01390002
        )

)
 from 73.166.232.166
2025/12/04 03:30:09 [/shop/shopping/load_payment_module.php] SendRequest:https://p01.mul-pay.jp/payment/SearchCard.idPass from 73.166.232.166
2025/12/04 03:30:09 [/shop/shopping/load_payment_module.php] Array
(
    [SiteID] => mst0000007602
    [SitePass] => ******
    [MemberID] => 6374
)
 from 73.166.232.166
2025/12/04 03:30:09 [/shop/shopping/load_payment_module.php] ErrCode=E01|E01&ErrInfo=E01390002|E01240002 from 73.166.232.166
2025/12/04 03:30:09 [/shop/shopping/load_payment_module.php] Array
(
    [0] => Array
        (
            [ErrCode] => E01
            [ErrInfo] => E01390002
        )

    [1] => Array
        (
            [ErrCode] => E01
            [ErrInfo] => E01240002
        )

)
 from 73.166.232.166
2025/12/04 03:30:09 [/shop/shopping/load_payment_module.php] SendRequest:https://p01.mul-pay.jp/payment/EntryTran.idPass from 73.166.232.166
2025/12/04 03:30:09 [/shop/shopping/load_payment_module.php] Array
(
    [ShopID] => 9000034600950
    [ShopPass] => ******
    [OrderID] => 963458-04033009
    [JobCd] => CAPTURE
    [Amount] => 8750
    [TdFlag] => 0
    [TdTenantName] => 
)
 from 73.166.232.166
2025/12/04 03:30:09 [/shop/shopping/load_payment_module.php] AccessID=9729046161a9f6d50b16e90ba971a0ed&AccessPass=a550ed6e06eef1bac7d3f92d89f896a5 from 73.166.232.166
2025/12/04 03:30:09 [/shop/shopping/load_payment_module.php] Array
(
    [0] => Array
        (
            [AccessID] => 9729046161a9f6d50b16e90ba971a0ed
            [AccessPass] => a550ed6e06eef1bac7d3f92d89f896a5
        )

)
 from 73.166.232.166
2025/12/04 03:30:09 [/shop/shopping/load_payment_module.php] load_payment_module.php set payment data:Array
(
    [AccessID] => 9729046161a9f6d50b16e90ba971a0ed
    [AccessPass] => a550ed6e06eef1bac7d3f92d89f896a5
    [OrderID] => 963458-04033009
    [Amount] => 8750
    [JobCd] => CAPTURE
    [action_status] => 1
    [pay_status] => 0
)
 from 73.166.232.166
2025/12/04 03:30:09 [/shop/shopping/load_payment_module.php] SendRequest:https://p01.mul-pay.jp/payment/ExecTran.idPass from 73.166.232.166
2025/12/04 03:30:09 [/shop/shopping/load_payment_module.php] Array
(
    [AccessID] => 9729046161a9f6d50b16e90ba971a0ed
    [AccessPass] => a550ed6e06eef1bac7d3f92d89f896a5
    [OrderID] => 963458-04033009
    [Method] => 1
    [Token] => 135c70adffe04498e849a065b4b5ec9a37f3ed5c641b7a1005f4f5db8b7a67e1
    [ClientField1] => 
    [ClientField2] => 
    [ClientField3] => EC-CUBE4.3.35
)
 from 73.166.232.166
2025/12/04 03:30:09 [/shop/shopping/load_payment_module.php] ACS=0&OrderID=963458-04033009&Forward=2S49631&Method=1&PayTimes=&Approve=0041914&TranID=2512040330602257210134103178&TranDate=20251204033009&CheckString=d1490fd38c3c65bc35c1c116862c4994 from 73.166.232.166
2025/12/04 03:30:09 [/shop/shopping/load_payment_module.php] Array
(
    [0] => Array
        (
            [ACS] => 0
            [OrderID] => 963458-04033009
            [Forward] => 2S49631
            [Method] => 1
            [PayTimes] => 
            [Approve] => 0041914
            [TranID] => 2512040330602257210134103178
            [TranDate] => 20251204033009
            [CheckString] => d1490fd38c3c65bc35c1c116862c4994
        )

)
 from 73.166.232.166
2025/12/04 03:30:09 [/shop/shopping/load_payment_module.php] load_payment_module.php set payment data:Array
(
    [ACS] => 0
    [Forward] => 2S49631
    [Method] => 1
    [PayTimes] => 
    [Approve] => 0041914
    [TranID] => 2512040330602257210134103178
    [TranDate] => 20251204033009
    [CheckString] => d1490fd38c3c65bc35c1c116862c4994
    [Amount] => 8750
    [JobCd] => CAPTURE
    [action_status] => 3
    [pay_status] => 13
)
 from 73.166.232.166
2025/12/04 03:30:10 [/shop/user_data/pg_mulpay_recv.php] ******* receiveer data start ******* from 210.175.7.20
2025/12/04 03:30:10 [/shop/user_data/pg_mulpay_recv.php] Array
(
    [ShopID] => 9000034600950
    [ShopPass] => **********
    [AccessID] => 9729046161a9f6d50b16e90ba971a0ed
    [AccessPass] => ********************************
    [OrderID] => 963458-04033009
    [Status] => CAPTURE
    [JobCd] => CAPTURE
    [Amount] => 8750
    [Tax] => 0
    [Currency] => JPN
    [Forward] => 2S49631
    [Method] => 1
    [PayTimes] => 
    [TranID] => 2512040330602257210134103178
    [Approve] => 0041914
    [TranDate] => 20251204033009
    [ErrCode] => 
    [ErrInfo] => 
    [PayType] => 0
)
 from 210.175.7.20
2025/12/04 03:30:10 [/shop/user_data/pg_mulpay_recv.php] ******* receiveer data end ******* from 210.175.7.20
2025/12/04 03:30:15 [/shop/user_data/pg_mulpay_recv.php] update order status:1 order_id=963458 from 210.175.7.20
2025/12/04 03:30:15 [/shop/user_data/pg_mulpay_recv.php] pg_mulpay_recv.php set payment data:Array
(
    [ShopID] => 9000034600950
    [AccessID] => 9729046161a9f6d50b16e90ba971a0ed
    [OrderID] => 963458-04033009
    [Status] => CAPTURE
    [JobCd] => CAPTURE
    [Amount] => 8750
    [Tax] => 0
    [Currency] => JPN
    [Forward] => 2S49631
    [Method] => 1
    [PayTimes] => 
    [TranID] => 2512040330602257210134103178
    [Approve] => 0041914
    [TranDate] => 20251204033009
    [ErrCode] => 
    [ErrInfo] => 
    [PayType] => 0
    [CvsCode] => 
    [CvsConfNo] => 
    [CvsReceiptNo] => 
    [EdyReceiptNo] => 
    [EdyOrderNo] => 
    [SuicaReceiptNo] => 
    [SuicaOrderNo] => 
    [CustID] => 
    [BkCode] => 
    [ConfNo] => 
    [PaymentTerm] => 
    [EncryptReceiptNo] => 
    [FinishDate] => 
    [ReceiptDate] => 
    [WebMoneyManagementNo] => 
    [WebMoneySettleCode] => 
    [AuPayInfoNo] => 
    [AuPayMethod] => 
    [AuCancelAmount] => 
    [AuCancelTax] => 
    [DocomoSettlementCode] => 
    [DocomoCancelAmount] => 
    [DocomoCancelTax] => 
    [pay_status] => 13
)
 from 210.175.7.20
2025/12/04 03:30:15 [/shop/user_data/pg_mulpay_recv.php] response:true from 210.175.7.20
2025/12/04 08:07:52 [/shop/shopping/load_payment_module.php] SendRequest:https://p01.mul-pay.jp/payment/EntryTran.idPass from 104.28.122.113
2025/12/04 08:07:52 [/shop/shopping/load_payment_module.php] Array
(
    [ShopID] => 9000034600950
    [ShopPass] => ******
    [OrderID] => 963459-04080752
    [JobCd] => CAPTURE
    [Amount] => 17050
    [TdFlag] => 0
    [TdTenantName] => 
)
 from 104.28.122.113
2025/12/04 08:07:52 [/shop/shopping/load_payment_module.php] AccessID=dc01086309f354b6efdcee9e530b76ec&AccessPass=91bdd730a80f356ac47f68b747375b98 from 104.28.122.113
2025/12/04 08:07:52 [/shop/shopping/load_payment_module.php] Array
(
    [0] => Array
        (
            [AccessID] => dc01086309f354b6efdcee9e530b76ec
            [AccessPass] => 91bdd730a80f356ac47f68b747375b98
        )

)
 from 104.28.122.113
2025/12/04 08:07:52 [/shop/shopping/load_payment_module.php] load_payment_module.php set payment data:Array
(
    [AccessID] => dc01086309f354b6efdcee9e530b76ec
    [AccessPass] => 91bdd730a80f356ac47f68b747375b98
    [OrderID] => 963459-04080752
    [Amount] => 17050
    [JobCd] => CAPTURE
    [action_status] => 1
    [pay_status] => 0
)
 from 104.28.122.113
2025/12/04 08:07:52 [/shop/shopping/load_payment_module.php] SendRequest:https://p01.mul-pay.jp/payment/ExecTran.idPass from 104.28.122.113
2025/12/04 08:07:52 [/shop/shopping/load_payment_module.php] Array
(
    [AccessID] => dc01086309f354b6efdcee9e530b76ec
    [AccessPass] => 91bdd730a80f356ac47f68b747375b98
    [OrderID] => 963459-04080752
    [Method] => 1
    [Token] => 9deb1584b517dc925c293c9d97345172e56b473bed059d955fd1c48785d4ca0b
    [ClientField1] => 
    [ClientField2] => 
    [ClientField3] => EC-CUBE4.3.35
)
 from 104.28.122.113
2025/12/04 08:07:53 [/shop/shopping/load_payment_module.php] ACS=0&OrderID=963459-04080752&Forward=2S49631&Method=1&PayTimes=&Approve=0005673&TranID=2512040807602257210134103179&TranDate=20251204080753&CheckString=02a513295d9c477bd735d95e5a13466b from 104.28.122.113
2025/12/04 08:07:53 [/shop/shopping/load_payment_module.php] Array
(
    [0] => Array
        (
            [ACS] => 0
            [OrderID] => 963459-04080752
            [Forward] => 2S49631
            [Method] => 1
            [PayTimes] => 
            [Approve] => 0005673
            [TranID] => 2512040807602257210134103179
            [TranDate] => 20251204080753
            [CheckString] => 02a513295d9c477bd735d95e5a13466b
        )

)
 from 104.28.122.113
2025/12/04 08:07:53 [/shop/shopping/load_payment_module.php] load_payment_module.php set payment data:Array
(
    [ACS] => 0
    [Forward] => 2S49631
    [Method] => 1
    [PayTimes] => 
    [Approve] => 0005673
    [TranID] => 2512040807602257210134103179
    [TranDate] => 20251204080753
    [CheckString] => 02a513295d9c477bd735d95e5a13466b
    [Amount] => 17050
    [JobCd] => CAPTURE
    [action_status] => 3
    [pay_status] => 13
)
 from 104.28.122.113
2025/12/04 08:07:53 [/shop/user_data/pg_mulpay_recv.php] ******* receiveer data start ******* from 210.175.7.20
2025/12/04 08:07:53 [/shop/user_data/pg_mulpay_recv.php] Array
(
    [ShopID] => 9000034600950
    [ShopPass] => **********
    [AccessID] => dc01086309f354b6efdcee9e530b76ec
    [AccessPass] => ********************************
    [OrderID] => 963459-04080752
    [Status] => CAPTURE
    [JobCd] => CAPTURE
    [Amount] => 17050
    [Tax] => 0
    [Currency] => JPN
    [Forward] => 2S49631
    [Method] => 1
    [PayTimes] => 
    [TranID] => 2512040807602257210134103179
    [Approve] => 0005673
    [TranDate] => 20251204080753
    [ErrCode] => 
    [ErrInfo] => 
    [PayType] => 0
)
 from 210.175.7.20
2025/12/04 08:07:53 [/shop/user_data/pg_mulpay_recv.php] ******* receiveer data end ******* from 210.175.7.20
2025/12/04 08:07:58 [/shop/user_data/pg_mulpay_recv.php] update order status:1 order_id=963459 from 210.175.7.20
2025/12/04 08:07:58 [/shop/user_data/pg_mulpay_recv.php] pg_mulpay_recv.php set payment data:Array
(
    [ShopID] => 9000034600950
    [AccessID] => dc01086309f354b6efdcee9e530b76ec
    [OrderID] => 963459-04080752
    [Status] => CAPTURE
    [JobCd] => CAPTURE
    [Amount] => 17050
    [Tax] => 0
    [Currency] => JPN
    [Forward] => 2S49631
    [Method] => 1
    [PayTimes] => 
    [TranID] => 2512040807602257210134103179
    [Approve] => 0005673
    [TranDate] => 20251204080753
    [ErrCode] => 
    [ErrInfo] => 
    [PayType] => 0
    [CvsCode] => 
    [CvsConfNo] => 
    [CvsReceiptNo] => 
    [EdyReceiptNo] => 
    [EdyOrderNo] => 
    [SuicaReceiptNo] => 
    [SuicaOrderNo] => 
    [CustID] => 
    [BkCode] => 
    [ConfNo] => 
    [PaymentTerm] => 
    [EncryptReceiptNo] => 
    [FinishDate] => 
    [ReceiptDate] => 
    [WebMoneyManagementNo] => 
    [WebMoneySettleCode] => 
    [AuPayInfoNo] => 
    [AuPayMethod] => 
    [AuCancelAmount] => 
    [AuCancelTax] => 
    [DocomoSettlementCode] => 
    [DocomoCancelAmount] => 
    [DocomoCancelTax] => 
    [pay_status] => 13
)
 from 210.175.7.20
2025/12/04 08:07:58 [/shop/user_data/pg_mulpay_recv.php] response:true from 210.175.7.20
2025/12/04 10:07:26 [/shop/shopping/load_payment_module.php] SendRequest:https://p01.mul-pay.jp/payment/EntryTran.idPass from 24.4.57.44
2025/12/04 10:07:26 [/shop/shopping/load_payment_module.php] Array
(
    [ShopID] => 9000034600950
    [ShopPass] => ******
    [OrderID] => 963460-04100726
    [JobCd] => CAPTURE
    [Amount] => 6050
    [TdFlag] => 0
    [TdTenantName] => 
)
 from 24.4.57.44
2025/12/04 10:07:26 [/shop/shopping/load_payment_module.php] AccessID=cc644bac00d57a7395b3b2b48bdbb725&AccessPass=da237d684643660d42ac66773cdf2d5c from 24.4.57.44
2025/12/04 10:07:26 [/shop/shopping/load_payment_module.php] Array
(
    [0] => Array
        (
            [AccessID] => cc644bac00d57a7395b3b2b48bdbb725
            [AccessPass] => da237d684643660d42ac66773cdf2d5c
        )

)
 from 24.4.57.44
2025/12/04 10:07:26 [/shop/shopping/load_payment_module.php] load_payment_module.php set payment data:Array
(
    [AccessID] => cc644bac00d57a7395b3b2b48bdbb725
    [AccessPass] => da237d684643660d42ac66773cdf2d5c
    [OrderID] => 963460-04100726
    [Amount] => 6050
    [JobCd] => CAPTURE
    [action_status] => 1
    [pay_status] => 0
)
 from 24.4.57.44
2025/12/04 10:07:26 [/shop/shopping/load_payment_module.php] SendRequest:https://p01.mul-pay.jp/payment/ExecTran.idPass from 24.4.57.44
2025/12/04 10:07:26 [/shop/shopping/load_payment_module.php] Array
(
    [AccessID] => cc644bac00d57a7395b3b2b48bdbb725
    [AccessPass] => da237d684643660d42ac66773cdf2d5c
    [OrderID] => 963460-04100726
    [Method] => 1
    [Token] => 949221efc25340018e0f834a90528f861ddf9d04322ce779c23fe35533e5561e
    [ClientField1] => 
    [ClientField2] => 
    [ClientField3] => EC-CUBE4.3.35
)
 from 24.4.57.44
2025/12/04 10:07:27 [/shop/shopping/load_payment_module.php] ACS=0&OrderID=963460-04100726&Forward=2S49631&Method=1&PayTimes=&Approve=0025624&TranID=2512041007602257210134103180&TranDate=20251204100727&CheckString=f70fb0607127441e7b729d87ab98b36a from 24.4.57.44
2025/12/04 10:07:27 [/shop/shopping/load_payment_module.php] Array
(
    [0] => Array
        (
            [ACS] => 0
            [OrderID] => 963460-04100726
            [Forward] => 2S49631
            [Method] => 1
            [PayTimes] => 
            [Approve] => 0025624
            [TranID] => 2512041007602257210134103180
            [TranDate] => 20251204100727
            [CheckString] => f70fb0607127441e7b729d87ab98b36a
        )

)
 from 24.4.57.44
2025/12/04 10:07:27 [/shop/shopping/load_payment_module.php] load_payment_module.php set payment data:Array
(
    [ACS] => 0
    [Forward] => 2S49631
    [Method] => 1
    [PayTimes] => 
    [Approve] => 0025624
    [TranID] => 2512041007602257210134103180
    [TranDate] => 20251204100727
    [CheckString] => f70fb0607127441e7b729d87ab98b36a
    [Amount] => 6050
    [JobCd] => CAPTURE
    [action_status] => 3
    [pay_status] => 13
)
 from 24.4.57.44
2025/12/04 10:07:27 [/shop/user_data/pg_mulpay_recv.php] ******* receiveer data start ******* from 210.175.7.20
2025/12/04 10:07:27 [/shop/user_data/pg_mulpay_recv.php] Array
(
    [ShopID] => 9000034600950
    [ShopPass] => **********
    [AccessID] => cc644bac00d57a7395b3b2b48bdbb725
    [AccessPass] => ********************************
    [OrderID] => 963460-04100726
    [Status] => CAPTURE
    [JobCd] => CAPTURE
    [Amount] => 6050
    [Tax] => 0
    [Currency] => JPN
    [Forward] => 2S49631
    [Method] => 1
    [PayTimes] => 
    [TranID] => 2512041007602257210134103180
    [Approve] => 0025624
    [TranDate] => 20251204100727
    [ErrCode] => 
    [ErrInfo] => 
    [PayType] => 0
)
 from 210.175.7.20
2025/12/04 10:07:27 [/shop/user_data/pg_mulpay_recv.php] ******* receiveer data end ******* from 210.175.7.20
2025/12/04 10:07:32 [/shop/user_data/pg_mulpay_recv.php] update order status:1 order_id=963460 from 210.175.7.20
2025/12/04 10:07:32 [/shop/user_data/pg_mulpay_recv.php] pg_mulpay_recv.php set payment data:Array
(
    [ShopID] => 9000034600950
    [AccessID] => cc644bac00d57a7395b3b2b48bdbb725
    [OrderID] => 963460-04100726
    [Status] => CAPTURE
    [JobCd] => CAPTURE
    [Amount] => 6050
    [Tax] => 0
    [Currency] => JPN
    [Forward] => 2S49631
    [Method] => 1
    [PayTimes] => 
    [TranID] => 2512041007602257210134103180
    [Approve] => 0025624
    [TranDate] => 20251204100727
    [ErrCode] => 
    [ErrInfo] => 
    [PayType] => 0
    [CvsCode] => 
    [CvsConfNo] => 
    [CvsReceiptNo] => 
    [EdyReceiptNo] => 
    [EdyOrderNo] => 
    [SuicaReceiptNo] => 
    [SuicaOrderNo] => 
    [CustID] => 
    [BkCode] => 
    [ConfNo] => 
    [PaymentTerm] => 
    [EncryptReceiptNo] => 
    [FinishDate] => 
    [ReceiptDate] => 
    [WebMoneyManagementNo] => 
    [WebMoneySettleCode] => 
    [AuPayInfoNo] => 
    [AuPayMethod] => 
    [AuCancelAmount] => 
    [AuCancelTax] => 
    [DocomoSettlementCode] => 
    [DocomoCancelAmount] => 
    [DocomoCancelTax] => 
    [pay_status] => 13
)
 from 210.175.7.20
2025/12/04 10:07:32 [/shop/user_data/pg_mulpay_recv.php] response:true from 210.175.7.20
2025/12/04 10:47:14 [/shop/shopping/load_payment_module.php] SendRequest:https://p01.mul-pay.jp/payment/EntryTran.idPass from 104.28.99.208
2025/12/04 10:47:14 [/shop/shopping/load_payment_module.php] Array
(
    [ShopID] => 9000034600950
    [ShopPass] => ******
    [OrderID] => 963461-04104714
    [JobCd] => CAPTURE
    [Amount] => 8470
    [TdFlag] => 0
    [TdTenantName] => 
)
 from 104.28.99.208
2025/12/04 10:47:14 [/shop/shopping/load_payment_module.php] AccessID=a16e8973bcd05206548cf9da98a8a372&AccessPass=d9ecfc09bdce9330a440658cb98f5ffe from 104.28.99.208
2025/12/04 10:47:14 [/shop/shopping/load_payment_module.php] Array
(
    [0] => Array
        (
            [AccessID] => a16e8973bcd05206548cf9da98a8a372
            [AccessPass] => d9ecfc09bdce9330a440658cb98f5ffe
        )

)
 from 104.28.99.208
2025/12/04 10:47:14 [/shop/shopping/load_payment_module.php] load_payment_module.php set payment data:Array
(
    [AccessID] => a16e8973bcd05206548cf9da98a8a372
    [AccessPass] => d9ecfc09bdce9330a440658cb98f5ffe
    [OrderID] => 963461-04104714
    [Amount] => 8470
    [JobCd] => CAPTURE
    [action_status] => 1
    [pay_status] => 0
)
 from 104.28.99.208
2025/12/04 10:47:14 [/shop/shopping/load_payment_module.php] SendRequest:https://p01.mul-pay.jp/payment/ExecTran.idPass from 104.28.99.208
2025/12/04 10:47:14 [/shop/shopping/load_payment_module.php] Array
(
    [AccessID] => a16e8973bcd05206548cf9da98a8a372
    [AccessPass] => d9ecfc09bdce9330a440658cb98f5ffe
    [OrderID] => 963461-04104714
    [Method] => 1
    [Token] => dca76150e8e8a78e3b34999ac678a271a8e3afb9e7f4085d385e2f61777f28c6
    [ClientField1] => 
    [ClientField2] => 
    [ClientField3] => EC-CUBE4.3.35
)
 from 104.28.99.208
2025/12/04 10:47:15 [/shop/shopping/load_payment_module.php] ACS=0&OrderID=963461-04104714&Forward=2S49631&Method=1&PayTimes=&Approve=0014545&TranID=2512041047602257210134103181&TranDate=20251204104715&CheckString=f7c12138f214ba5ddbb867649d188fa8 from 104.28.99.208
2025/12/04 10:47:15 [/shop/shopping/load_payment_module.php] Array
(
    [0] => Array
        (
            [ACS] => 0
            [OrderID] => 963461-04104714
            [Forward] => 2S49631
            [Method] => 1
            [PayTimes] => 
            [Approve] => 0014545
            [TranID] => 2512041047602257210134103181
            [TranDate] => 20251204104715
            [CheckString] => f7c12138f214ba5ddbb867649d188fa8
        )

)
 from 104.28.99.208
2025/12/04 10:47:15 [/shop/shopping/load_payment_module.php] load_payment_module.php set payment data:Array
(
    [ACS] => 0
    [Forward] => 2S49631
    [Method] => 1
    [PayTimes] => 
    [Approve] => 0014545
    [TranID] => 2512041047602257210134103181
    [TranDate] => 20251204104715
    [CheckString] => f7c12138f214ba5ddbb867649d188fa8
    [Amount] => 8470
    [JobCd] => CAPTURE
    [action_status] => 3
    [pay_status] => 13
)
 from 104.28.99.208
2025/12/04 10:47:15 [/shop/user_data/pg_mulpay_recv.php] ******* receiveer data start ******* from 210.175.7.20
2025/12/04 10:47:15 [/shop/user_data/pg_mulpay_recv.php] Array
(
    [ShopID] => 9000034600950
    [ShopPass] => **********
    [AccessID] => a16e8973bcd05206548cf9da98a8a372
    [AccessPass] => ********************************
    [OrderID] => 963461-04104714
    [Status] => CAPTURE
    [JobCd] => CAPTURE
    [Amount] => 8470
    [Tax] => 0
    [Currency] => JPN
    [Forward] => 2S49631
    [Method] => 1
    [PayTimes] => 
    [TranID] => 2512041047602257210134103181
    [Approve] => 0014545
    [TranDate] => 20251204104715
    [ErrCode] => 
    [ErrInfo] => 
    [PayType] => 0
)
 from 210.175.7.20
2025/12/04 10:47:15 [/shop/user_data/pg_mulpay_recv.php] ******* receiveer data end ******* from 210.175.7.20
2025/12/04 10:47:20 [/shop/user_data/pg_mulpay_recv.php] update order status:1 order_id=963461 from 210.175.7.20
2025/12/04 10:47:20 [/shop/user_data/pg_mulpay_recv.php] pg_mulpay_recv.php set payment data:Array
(
    [ShopID] => 9000034600950
    [AccessID] => a16e8973bcd05206548cf9da98a8a372
    [OrderID] => 963461-04104714
    [Status] => CAPTURE
    [JobCd] => CAPTURE
    [Amount] => 8470
    [Tax] => 0
    [Currency] => JPN
    [Forward] => 2S49631
    [Method] => 1
    [PayTimes] => 
    [TranID] => 2512041047602257210134103181
    [Approve] => 0014545
    [TranDate] => 20251204104715
    [ErrCode] => 
    [ErrInfo] => 
    [PayType] => 0
    [CvsCode] => 
    [CvsConfNo] => 
    [CvsReceiptNo] => 
    [EdyReceiptNo] => 
    [EdyOrderNo] => 
    [SuicaReceiptNo] => 
    [SuicaOrderNo] => 
    [CustID] => 
    [BkCode] => 
    [ConfNo] => 
    [PaymentTerm] => 
    [EncryptReceiptNo] => 
    [FinishDate] => 
    [ReceiptDate] => 
    [WebMoneyManagementNo] => 
    [WebMoneySettleCode] => 
    [AuPayInfoNo] => 
    [AuPayMethod] => 
    [AuCancelAmount] => 
    [AuCancelTax] => 
    [DocomoSettlementCode] => 
    [DocomoCancelAmount] => 
    [DocomoCancelTax] => 
    [pay_status] => 13
)
 from 210.175.7.20
2025/12/04 10:47:20 [/shop/user_data/pg_mulpay_recv.php] response:true from 210.175.7.20
2025/12/04 11:09:33 [/shop/shopping/load_payment_module.php] SendRequest:https://p01.mul-pay.jp/payment/SearchMember.idPass from 189.130.143.64
2025/12/04 11:09:33 [/shop/shopping/load_payment_module.php] Array
(
    [SiteID] => mst0000007602
    [SitePass] => ******
    [MemberID] => 8224
)
 from 189.130.143.64
2025/12/04 11:09:33 [/shop/shopping/load_payment_module.php] ErrCode=E01&ErrInfo=E01390002 from 189.130.143.64
2025/12/04 11:09:33 [/shop/shopping/load_payment_module.php] Array
(
    [0] => Array
        (
            [ErrCode] => E01
            [ErrInfo] => E01390002
        )

)
 from 189.130.143.64
2025/12/04 11:09:33 [/shop/shopping/load_payment_module.php] SendRequest:https://p01.mul-pay.jp/payment/SearchCard.idPass from 189.130.143.64
2025/12/04 11:09:33 [/shop/shopping/load_payment_module.php] Array
(
    [SiteID] => mst0000007602
    [SitePass] => ******
    [MemberID] => 8224
)
 from 189.130.143.64
2025/12/04 11:09:33 [/shop/shopping/load_payment_module.php] ErrCode=E01|E01&ErrInfo=E01390002|E01240002 from 189.130.143.64
2025/12/04 11:09:33 [/shop/shopping/load_payment_module.php] Array
(
    [0] => Array
        (
            [ErrCode] => E01
            [ErrInfo] => E01390002
        )

    [1] => Array
        (
            [ErrCode] => E01
            [ErrInfo] => E01240002
        )

)
 from 189.130.143.64
2025/12/04 11:12:18 [/shop/shopping/load_payment_module.php] SendRequest:https://p01.mul-pay.jp/payment/SearchMember.idPass from 189.130.143.64
2025/12/04 11:12:18 [/shop/shopping/load_payment_module.php] Array
(
    [SiteID] => mst0000007602
    [SitePass] => ******
    [MemberID] => 8224
)
 from 189.130.143.64
2025/12/04 11:12:19 [/shop/shopping/load_payment_module.php] ErrCode=E01&ErrInfo=E01390002 from 189.130.143.64
2025/12/04 11:12:19 [/shop/shopping/load_payment_module.php] Array
(
    [0] => Array
        (
            [ErrCode] => E01
            [ErrInfo] => E01390002
        )

)
 from 189.130.143.64
2025/12/04 11:12:19 [/shop/shopping/load_payment_module.php] SendRequest:https://p01.mul-pay.jp/payment/SearchCard.idPass from 189.130.143.64
2025/12/04 11:12:19 [/shop/shopping/load_payment_module.php] Array
(
    [SiteID] => mst0000007602
    [SitePass] => ******
    [MemberID] => 8224
)
 from 189.130.143.64
2025/12/04 11:12:19 [/shop/shopping/load_payment_module.php] ErrCode=E01|E01&ErrInfo=E01390002|E01240002 from 189.130.143.64
2025/12/04 11:12:19 [/shop/shopping/load_payment_module.php] Array
(
    [0] => Array
        (
            [ErrCode] => E01
            [ErrInfo] => E01390002
        )

    [1] => Array
        (
            [ErrCode] => E01
            [ErrInfo] => E01240002
        )

)
 from 189.130.143.64
2025/12/04 11:12:19 [/shop/shopping/load_payment_module.php] SendRequest:https://p01.mul-pay.jp/payment/EntryTran.idPass from 189.130.143.64
2025/12/04 11:12:19 [/shop/shopping/load_payment_module.php] Array
(
    [ShopID] => 9000034600950
    [ShopPass] => ******
    [OrderID] => 963462-04111219
    [JobCd] => CAPTURE
    [Amount] => 6991
    [TdFlag] => 0
    [TdTenantName] => 
)
 from 189.130.143.64
2025/12/04 11:12:19 [/shop/shopping/load_payment_module.php] AccessID=f0d8143a8483b3a2277c0f9d60fb7a7a&AccessPass=d00ea26154625a66fc2915393d80a1d4 from 189.130.143.64
2025/12/04 11:12:19 [/shop/shopping/load_payment_module.php] Array
(
    [0] => Array
        (
            [AccessID] => f0d8143a8483b3a2277c0f9d60fb7a7a
            [AccessPass] => d00ea26154625a66fc2915393d80a1d4
        )

)
 from 189.130.143.64
2025/12/04 11:12:19 [/shop/shopping/load_payment_module.php] load_payment_module.php set payment data:Array
(
    [AccessID] => f0d8143a8483b3a2277c0f9d60fb7a7a
    [AccessPass] => d00ea26154625a66fc2915393d80a1d4
    [OrderID] => 963462-04111219
    [Amount] => 6991
    [JobCd] => CAPTURE
    [action_status] => 1
    [pay_status] => 0
)
 from 189.130.143.64
2025/12/04 11:12:19 [/shop/shopping/load_payment_module.php] SendRequest:https://p01.mul-pay.jp/payment/ExecTran.idPass from 189.130.143.64
2025/12/04 11:12:19 [/shop/shopping/load_payment_module.php] Array
(
    [AccessID] => f0d8143a8483b3a2277c0f9d60fb7a7a
    [AccessPass] => d00ea26154625a66fc2915393d80a1d4
    [OrderID] => 963462-04111219
    [Method] => 1
    [Token] => 8bbf3ab7aab542580e59df15d4f84e777a15f8ebb69a994f34f2f44e9f77c235
    [ClientField1] => 
    [ClientField2] => 
    [ClientField3] => EC-CUBE4.3.35
)
 from 189.130.143.64
2025/12/04 11:12:20 [/shop/shopping/load_payment_module.php] ACS=0&OrderID=963462-04111219&Forward=2959876&Method=1&PayTimes=&Approve=0935225&TranID=2512041112602257210134103182&TranDate=20251204111220&CheckString=52444d046a0310c525f68afff083b514 from 189.130.143.64
2025/12/04 11:12:20 [/shop/shopping/load_payment_module.php] Array
(
    [0] => Array
        (
            [ACS] => 0
            [OrderID] => 963462-04111219
            [Forward] => 2959876
            [Method] => 1
            [PayTimes] => 
            [Approve] => 0935225
            [TranID] => 2512041112602257210134103182
            [TranDate] => 20251204111220
            [CheckString] => 52444d046a0310c525f68afff083b514
        )

)
 from 189.130.143.64
2025/12/04 11:12:20 [/shop/shopping/load_payment_module.php] load_payment_module.php set payment data:Array
(
    [ACS] => 0
    [Forward] => 2959876
    [Method] => 1
    [PayTimes] => 
    [Approve] => 0935225
    [TranID] => 2512041112602257210134103182
    [TranDate] => 20251204111220
    [CheckString] => 52444d046a0310c525f68afff083b514
    [Amount] => 6991
    [JobCd] => CAPTURE
    [action_status] => 3
    [pay_status] => 13
)
 from 189.130.143.64
2025/12/04 11:12:21 [/shop/user_data/pg_mulpay_recv.php] ******* receiveer data start ******* from 210.175.7.20
2025/12/04 11:12:21 [/shop/user_data/pg_mulpay_recv.php] Array
(
    [ShopID] => 9000034600950
    [ShopPass] => **********
    [AccessID] => f0d8143a8483b3a2277c0f9d60fb7a7a
    [AccessPass] => ********************************
    [OrderID] => 963462-04111219
    [Status] => CAPTURE
    [JobCd] => CAPTURE
    [Amount] => 6991
    [Tax] => 0
    [Currency] => JPN
    [Forward] => 2959876
    [Method] => 1
    [PayTimes] => 
    [TranID] => 2512041112602257210134103182
    [Approve] => 0935225
    [TranDate] => 20251204111220
    [ErrCode] => 
    [ErrInfo] => 
    [PayType] => 0
)
 from 210.175.7.20
2025/12/04 11:12:21 [/shop/user_data/pg_mulpay_recv.php] ******* receiveer data end ******* from 210.175.7.20
2025/12/04 11:12:26 [/shop/user_data/pg_mulpay_recv.php] update order status:1 order_id=963462 from 210.175.7.20
2025/12/04 11:12:26 [/shop/user_data/pg_mulpay_recv.php] pg_mulpay_recv.php set payment data:Array
(
    [ShopID] => 9000034600950
    [AccessID] => f0d8143a8483b3a2277c0f9d60fb7a7a
    [OrderID] => 963462-04111219
    [Status] => CAPTURE
    [JobCd] => CAPTURE
    [Amount] => 6991
    [Tax] => 0
    [Currency] => JPN
    [Forward] => 2959876
    [Method] => 1
    [PayTimes] => 
    [TranID] => 2512041112602257210134103182
    [Approve] => 0935225
    [TranDate] => 20251204111220
    [ErrCode] => 
    [ErrInfo] => 
    [PayType] => 0
    [CvsCode] => 
    [CvsConfNo] => 
    [CvsReceiptNo] => 
    [EdyReceiptNo] => 
    [EdyOrderNo] => 
    [SuicaReceiptNo] => 
    [SuicaOrderNo] => 
    [CustID] => 
    [BkCode] => 
    [ConfNo] => 
    [PaymentTerm] => 
    [EncryptReceiptNo] => 
    [FinishDate] => 
    [ReceiptDate] => 
    [WebMoneyManagementNo] => 
    [WebMoneySettleCode] => 
    [AuPayInfoNo] => 
    [AuPayMethod] => 
    [AuCancelAmount] => 
    [AuCancelTax] => 
    [DocomoSettlementCode] => 
    [DocomoCancelAmount] => 
    [DocomoCancelTax] => 
    [pay_status] => 13
)
 from 210.175.7.20
2025/12/04 11:12:26 [/shop/user_data/pg_mulpay_recv.php] response:true from 210.175.7.20
2025/12/04 16:15:46 [/shop/shopping/load_payment_module.php] SendRequest:https://p01.mul-pay.jp/payment/SearchMember.idPass from 173.68.11.232
2025/12/04 16:15:46 [/shop/shopping/load_payment_module.php] Array
(
    [SiteID] => mst0000007602
    [SitePass] => ******
    [MemberID] => 12380
)
 from 173.68.11.232
2025/12/04 16:15:46 [/shop/shopping/load_payment_module.php] ErrCode=E01&ErrInfo=E01390002 from 173.68.11.232
2025/12/04 16:15:46 [/shop/shopping/load_payment_module.php] Array
(
    [0] => Array
        (
            [ErrCode] => E01
            [ErrInfo] => E01390002
        )

)
 from 173.68.11.232
2025/12/04 16:15:46 [/shop/shopping/load_payment_module.php] SendRequest:https://p01.mul-pay.jp/payment/SearchCard.idPass from 173.68.11.232
2025/12/04 16:15:46 [/shop/shopping/load_payment_module.php] Array
(
    [SiteID] => mst0000007602
    [SitePass] => ******
    [MemberID] => 12380
)
 from 173.68.11.232
2025/12/04 16:15:46 [/shop/shopping/load_payment_module.php] ErrCode=E01|E01&ErrInfo=E01390002|E01240002 from 173.68.11.232
2025/12/04 16:15:46 [/shop/shopping/load_payment_module.php] Array
(
    [0] => Array
        (
            [ErrCode] => E01
            [ErrInfo] => E01390002
        )

    [1] => Array
        (
            [ErrCode] => E01
            [ErrInfo] => E01240002
        )

)
 from 173.68.11.232
2025/12/04 16:18:21 [/shop/shopping/load_payment_module.php] SendRequest:https://p01.mul-pay.jp/payment/SearchMember.idPass from 173.68.11.232
2025/12/04 16:18:21 [/shop/shopping/load_payment_module.php] Array
(
    [SiteID] => mst0000007602
    [SitePass] => ******
    [MemberID] => 12380
)
 from 173.68.11.232
2025/12/04 16:18:22 [/shop/shopping/load_payment_module.php] ErrCode=E01&ErrInfo=E01390002 from 173.68.11.232
2025/12/04 16:18:22 [/shop/shopping/load_payment_module.php] Array
(
    [0] => Array
        (
            [ErrCode] => E01
            [ErrInfo] => E01390002
        )

)
 from 173.68.11.232
2025/12/04 16:18:22 [/shop/shopping/load_payment_module.php] SendRequest:https://p01.mul-pay.jp/payment/SearchCard.idPass from 173.68.11.232
2025/12/04 16:18:22 [/shop/shopping/load_payment_module.php] Array
(
    [SiteID] => mst0000007602
    [SitePass] => ******
    [MemberID] => 12380
)
 from 173.68.11.232
2025/12/04 16:18:22 [/shop/shopping/load_payment_module.php] ErrCode=E01|E01&ErrInfo=E01390002|E01240002 from 173.68.11.232
2025/12/04 16:18:22 [/shop/shopping/load_payment_module.php] Array
(
    [0] => Array
        (
            [ErrCode] => E01
            [ErrInfo] => E01390002
        )

    [1] => Array
        (
            [ErrCode] => E01
            [ErrInfo] => E01240002
        )

)
 from 173.68.11.232
2025/12/04 16:18:22 [/shop/shopping/load_payment_module.php] SendRequest:https://p01.mul-pay.jp/payment/EntryTran.idPass from 173.68.11.232
2025/12/04 16:18:22 [/shop/shopping/load_payment_module.php] Array
(
    [ShopID] => 9000034600950
    [ShopPass] => ******
    [OrderID] => 963463-04161822
    [JobCd] => CAPTURE
    [Amount] => 12618
    [TdFlag] => 0
    [TdTenantName] => 
)
 from 173.68.11.232
2025/12/04 16:18:22 [/shop/shopping/load_payment_module.php] AccessID=875fac765304e8f9a60de4dbd5d6233a&AccessPass=a456eee0b34049ead4b9756349b48c84 from 173.68.11.232
2025/12/04 16:18:22 [/shop/shopping/load_payment_module.php] Array
(
    [0] => Array
        (
            [AccessID] => 875fac765304e8f9a60de4dbd5d6233a
            [AccessPass] => a456eee0b34049ead4b9756349b48c84
        )

)
 from 173.68.11.232
2025/12/04 16:18:22 [/shop/shopping/load_payment_module.php] load_payment_module.php set payment data:Array
(
    [AccessID] => 875fac765304e8f9a60de4dbd5d6233a
    [AccessPass] => a456eee0b34049ead4b9756349b48c84
    [OrderID] => 963463-04161822
    [Amount] => 12618
    [JobCd] => CAPTURE
    [action_status] => 1
    [pay_status] => 0
)
 from 173.68.11.232
2025/12/04 16:18:22 [/shop/shopping/load_payment_module.php] SendRequest:https://p01.mul-pay.jp/payment/ExecTran.idPass from 173.68.11.232
2025/12/04 16:18:22 [/shop/shopping/load_payment_module.php] Array
(
    [AccessID] => 875fac765304e8f9a60de4dbd5d6233a
    [AccessPass] => a456eee0b34049ead4b9756349b48c84
    [OrderID] => 963463-04161822
    [Method] => 1
    [Token] => 6f7d3d1c4351ad9e2df210edc83495dbf38a790c0b4fdd7b83703c80a7ce8e95
    [ClientField1] => 
    [ClientField2] => 
    [ClientField3] => EC-CUBE4.3.35
)
 from 173.68.11.232
2025/12/04 16:18:23 [/shop/shopping/load_payment_module.php] ACS=0&OrderID=963463-04161822&Forward=2959876&Method=1&PayTimes=&Approve=0315699&TranID=2512041618602257210134103183&TranDate=20251204161823&CheckString=b8a9e10a2dc79e9db6cb3dbc89ad01be from 173.68.11.232
2025/12/04 16:18:23 [/shop/shopping/load_payment_module.php] Array
(
    [0] => Array
        (
            [ACS] => 0
            [OrderID] => 963463-04161822
            [Forward] => 2959876
            [Method] => 1
            [PayTimes] => 
            [Approve] => 0315699
            [TranID] => 2512041618602257210134103183
            [TranDate] => 20251204161823
            [CheckString] => b8a9e10a2dc79e9db6cb3dbc89ad01be
        )

)
 from 173.68.11.232
2025/12/04 16:18:23 [/shop/shopping/load_payment_module.php] load_payment_module.php set payment data:Array
(
    [ACS] => 0
    [Forward] => 2959876
    [Method] => 1
    [PayTimes] => 
    [Approve] => 0315699
    [TranID] => 2512041618602257210134103183
    [TranDate] => 20251204161823
    [CheckString] => b8a9e10a2dc79e9db6cb3dbc89ad01be
    [Amount] => 12618
    [JobCd] => CAPTURE
    [action_status] => 3
    [pay_status] => 13
)
 from 173.68.11.232
2025/12/04 16:18:23 [/shop/user_data/pg_mulpay_recv.php] ******* receiveer data start ******* from 210.175.7.20
2025/12/04 16:18:23 [/shop/user_data/pg_mulpay_recv.php] Array
(
    [ShopID] => 9000034600950
    [ShopPass] => **********
    [AccessID] => 875fac765304e8f9a60de4dbd5d6233a
    [AccessPass] => ********************************
    [OrderID] => 963463-04161822
    [Status] => CAPTURE
    [JobCd] => CAPTURE
    [Amount] => 12618
    [Tax] => 0
    [Currency] => JPN
    [Forward] => 2959876
    [Method] => 1
    [PayTimes] => 
    [TranID] => 2512041618602257210134103183
    [Approve] => 0315699
    [TranDate] => 20251204161823
    [ErrCode] => 
    [ErrInfo] => 
    [PayType] => 0
)
 from 210.175.7.20
2025/12/04 16:18:23 [/shop/user_data/pg_mulpay_recv.php] ******* receiveer data end ******* from 210.175.7.20
2025/12/04 16:18:28 [/shop/user_data/pg_mulpay_recv.php] update order status:1 order_id=963463 from 210.175.7.20
2025/12/04 16:18:28 [/shop/user_data/pg_mulpay_recv.php] pg_mulpay_recv.php set payment data:Array
(
    [ShopID] => 9000034600950
    [AccessID] => 875fac765304e8f9a60de4dbd5d6233a
    [OrderID] => 963463-04161822
    [Status] => CAPTURE
    [JobCd] => CAPTURE
    [Amount] => 12618
    [Tax] => 0
    [Currency] => JPN
    [Forward] => 2959876
    [Method] => 1
    [PayTimes] => 
    [TranID] => 2512041618602257210134103183
    [Approve] => 0315699
    [TranDate] => 20251204161823
    [ErrCode] => 
    [ErrInfo] => 
    [PayType] => 0
    [CvsCode] => 
    [CvsConfNo] => 
    [CvsReceiptNo] => 
    [EdyReceiptNo] => 
    [EdyOrderNo] => 
    [SuicaReceiptNo] => 
    [SuicaOrderNo] => 
    [CustID] => 
    [BkCode] => 
    [ConfNo] => 
    [PaymentTerm] => 
    [EncryptReceiptNo] => 
    [FinishDate] => 
    [ReceiptDate] => 
    [WebMoneyManagementNo] => 
    [WebMoneySettleCode] => 
    [AuPayInfoNo] => 
    [AuPayMethod] => 
    [AuCancelAmount] => 
    [AuCancelTax] => 
    [DocomoSettlementCode] => 
    [DocomoCancelAmount] => 
    [DocomoCancelTax] => 
    [pay_status] => 13
)
 from 210.175.7.20
2025/12/04 16:18:28 [/shop/user_data/pg_mulpay_recv.php] response:true from 210.175.7.20
2025/12/04 16:25:33 [/shop/shopping/load_payment_module.php] SendRequest:https://p01.mul-pay.jp/payment/SearchMember.idPass from 104.28.99.218
2025/12/04 16:25:33 [/shop/shopping/load_payment_module.php] Array
(
    [SiteID] => mst0000007602
    [SitePass] => ******
    [MemberID] => 12515
)
 from 104.28.99.218
2025/12/04 16:25:34 [/shop/shopping/load_payment_module.php] ErrCode=E01&ErrInfo=E01390002 from 104.28.99.218
2025/12/04 16:25:34 [/shop/shopping/load_payment_module.php] Array
(
    [0] => Array
        (
            [ErrCode] => E01
            [ErrInfo] => E01390002
        )

)
 from 104.28.99.218
2025/12/04 16:25:34 [/shop/shopping/load_payment_module.php] SendRequest:https://p01.mul-pay.jp/payment/SearchCard.idPass from 104.28.99.218
2025/12/04 16:25:34 [/shop/shopping/load_payment_module.php] Array
(
    [SiteID] => mst0000007602
    [SitePass] => ******
    [MemberID] => 12515
)
 from 104.28.99.218
2025/12/04 16:25:34 [/shop/shopping/load_payment_module.php] ErrCode=E01|E01&ErrInfo=E01390002|E01240002 from 104.28.99.218
2025/12/04 16:25:34 [/shop/shopping/load_payment_module.php] Array
(
    [0] => Array
        (
            [ErrCode] => E01
            [ErrInfo] => E01390002
        )

    [1] => Array
        (
            [ErrCode] => E01
            [ErrInfo] => E01240002
        )

)
 from 104.28.99.218
2025/12/04 16:26:13 [/shop/shopping/load_payment_module.php] SendRequest:https://p01.mul-pay.jp/payment/SearchMember.idPass from 104.28.101.205
2025/12/04 16:26:13 [/shop/shopping/load_payment_module.php] Array
(
    [SiteID] => mst0000007602
    [SitePass] => ******
    [MemberID] => 12515
)
 from 104.28.101.205
2025/12/04 16:26:13 [/shop/shopping/load_payment_module.php] ErrCode=E01&ErrInfo=E01390002 from 104.28.101.205
2025/12/04 16:26:13 [/shop/shopping/load_payment_module.php] Array
(
    [0] => Array
        (
            [ErrCode] => E01
            [ErrInfo] => E01390002
        )

)
 from 104.28.101.205
2025/12/04 16:26:13 [/shop/shopping/load_payment_module.php] SendRequest:https://p01.mul-pay.jp/payment/SearchCard.idPass from 104.28.101.205
2025/12/04 16:26:13 [/shop/shopping/load_payment_module.php] Array
(
    [SiteID] => mst0000007602
    [SitePass] => ******
    [MemberID] => 12515
)
 from 104.28.101.205
2025/12/04 16:26:13 [/shop/shopping/load_payment_module.php] ErrCode=E01|E01&ErrInfo=E01390002|E01240002 from 104.28.101.205
2025/12/04 16:26:13 [/shop/shopping/load_payment_module.php] Array
(
    [0] => Array
        (
            [ErrCode] => E01
            [ErrInfo] => E01390002
        )

    [1] => Array
        (
            [ErrCode] => E01
            [ErrInfo] => E01240002
        )

)
 from 104.28.101.205
2025/12/04 16:26:13 [/shop/shopping/load_payment_module.php] SendRequest:https://p01.mul-pay.jp/payment/EntryTran.idPass from 104.28.101.205
2025/12/04 16:26:13 [/shop/shopping/load_payment_module.php] Array
(
    [ShopID] => 9000034600950
    [ShopPass] => ******
    [OrderID] => 963464-04162613
    [JobCd] => CAPTURE
    [Amount] => 37750
    [TdFlag] => 0
    [TdTenantName] => 
)
 from 104.28.101.205
2025/12/04 16:26:13 [/shop/shopping/load_payment_module.php] AccessID=09746446cabf2ddfff67607a9165c7ff&AccessPass=7e3c7787de0922620e498e15924ac138 from 104.28.101.205
2025/12/04 16:26:13 [/shop/shopping/load_payment_module.php] Array
(
    [0] => Array
        (
            [AccessID] => 09746446cabf2ddfff67607a9165c7ff
            [AccessPass] => 7e3c7787de0922620e498e15924ac138
        )

)
 from 104.28.101.205
2025/12/04 16:26:13 [/shop/shopping/load_payment_module.php] load_payment_module.php set payment data:Array
(
    [AccessID] => 09746446cabf2ddfff67607a9165c7ff
    [AccessPass] => 7e3c7787de0922620e498e15924ac138
    [OrderID] => 963464-04162613
    [Amount] => 37750
    [JobCd] => CAPTURE
    [action_status] => 1
    [pay_status] => 0
)
 from 104.28.101.205
2025/12/04 16:26:13 [/shop/shopping/load_payment_module.php] SendRequest:https://p01.mul-pay.jp/payment/ExecTran.idPass from 104.28.101.205
2025/12/04 16:26:13 [/shop/shopping/load_payment_module.php] Array
(
    [AccessID] => 09746446cabf2ddfff67607a9165c7ff
    [AccessPass] => 7e3c7787de0922620e498e15924ac138
    [OrderID] => 963464-04162613
    [Method] => 1
    [Token] => 00fa84c73816c97af45a8eefa7969480d4b1b3c42e7cb442f19c42777cde48b1
    [ClientField1] => 
    [ClientField2] => 
    [ClientField3] => EC-CUBE4.3.35
)
 from 104.28.101.205
2025/12/04 16:26:14 [/shop/shopping/load_payment_module.php] ACS=0&OrderID=963464-04162613&Forward=2959876&Method=1&PayTimes=&Approve=0016888&TranID=2512041626602257210134103184&TranDate=20251204162614&CheckString=01cb0a19a1de03f7e9a6154db48d340e from 104.28.101.205
2025/12/04 16:26:14 [/shop/shopping/load_payment_module.php] Array
(
    [0] => Array
        (
            [ACS] => 0
            [OrderID] => 963464-04162613
            [Forward] => 2959876
            [Method] => 1
            [PayTimes] => 
            [Approve] => 0016888
            [TranID] => 2512041626602257210134103184
            [TranDate] => 20251204162614
            [CheckString] => 01cb0a19a1de03f7e9a6154db48d340e
        )

)
 from 104.28.101.205
2025/12/04 16:26:14 [/shop/shopping/load_payment_module.php] load_payment_module.php set payment data:Array
(
    [ACS] => 0
    [Forward] => 2959876
    [Method] => 1
    [PayTimes] => 
    [Approve] => 0016888
    [TranID] => 2512041626602257210134103184
    [TranDate] => 20251204162614
    [CheckString] => 01cb0a19a1de03f7e9a6154db48d340e
    [Amount] => 37750
    [JobCd] => CAPTURE
    [action_status] => 3
    [pay_status] => 13
)
 from 104.28.101.205
2025/12/04 16:26:14 [/shop/user_data/pg_mulpay_recv.php] ******* receiveer data start ******* from 210.175.7.20
2025/12/04 16:26:14 [/shop/user_data/pg_mulpay_recv.php] Array
(
    [ShopID] => 9000034600950
    [ShopPass] => **********
    [AccessID] => 09746446cabf2ddfff67607a9165c7ff
    [AccessPass] => ********************************
    [OrderID] => 963464-04162613
    [Status] => CAPTURE
    [JobCd] => CAPTURE
    [Amount] => 37750
    [Tax] => 0
    [Currency] => JPN
    [Forward] => 2959876
    [Method] => 1
    [PayTimes] => 
    [TranID] => 2512041626602257210134103184
    [Approve] => 0016888
    [TranDate] => 20251204162614
    [ErrCode] => 
    [ErrInfo] => 
    [PayType] => 0
)
 from 210.175.7.20
2025/12/04 16:26:14 [/shop/user_data/pg_mulpay_recv.php] ******* receiveer data end ******* from 210.175.7.20
2025/12/04 16:26:19 [/shop/user_data/pg_mulpay_recv.php] update order status:1 order_id=963464 from 210.175.7.20
2025/12/04 16:26:19 [/shop/user_data/pg_mulpay_recv.php] pg_mulpay_recv.php set payment data:Array
(
    [ShopID] => 9000034600950
    [AccessID] => 09746446cabf2ddfff67607a9165c7ff
    [OrderID] => 963464-04162613
    [Status] => CAPTURE
    [JobCd] => CAPTURE
    [Amount] => 37750
    [Tax] => 0
    [Currency] => JPN
    [Forward] => 2959876
    [Method] => 1
    [PayTimes] => 
    [TranID] => 2512041626602257210134103184
    [Approve] => 0016888
    [TranDate] => 20251204162614
    [ErrCode] => 
    [ErrInfo] => 
    [PayType] => 0
    [CvsCode] => 
    [CvsConfNo] => 
    [CvsReceiptNo] => 
    [EdyReceiptNo] => 
    [EdyOrderNo] => 
    [SuicaReceiptNo] => 
    [SuicaOrderNo] => 
    [CustID] => 
    [BkCode] => 
    [ConfNo] => 
    [PaymentTerm] => 
    [EncryptReceiptNo] => 
    [FinishDate] => 
    [ReceiptDate] => 
    [WebMoneyManagementNo] => 
    [WebMoneySettleCode] => 
    [AuPayInfoNo] => 
    [AuPayMethod] => 
    [AuCancelAmount] => 
    [AuCancelTax] => 
    [DocomoSettlementCode] => 
    [DocomoCancelAmount] => 
    [DocomoCancelTax] => 
    [pay_status] => 13
)
 from 210.175.7.20
2025/12/04 16:26:19 [/shop/user_data/pg_mulpay_recv.php] response:true from 210.175.7.20
2025/12/04 17:02:39 [/shop/master/order/edit.php] edit.php set payment data:Array
(
    [no_update_status_flg] => 1
)
 from 114.160.216.147
2025/12/04 17:02:39 [/shop/master/order/edit.php] SendRequest:https://p01.mul-pay.jp/payment/ChangeTran.idPass from 114.160.216.147
2025/12/04 17:02:39 [/shop/master/order/edit.php] Array
(
    [ShopID] => 9000034600950
    [ShopPass] => ******
    [AccessID] => 09746446cabf2ddfff67607a9165c7ff
    [AccessPass] => 7e3c7787de0922620e498e15924ac138
    [JobCd] => CAPTURE
    [Amount] => 43030
)
 from 114.160.216.147
2025/12/04 17:02:40 [/shop/master/order/edit.php] AccessID=09746446cabf2ddfff67607a9165c7ff&AccessPass=7e3c7787de0922620e498e15924ac138&Forward=2959876&Approve=0024348&TranID=2512041702602257210134103186&TranDate=20251204170240 from 114.160.216.147
2025/12/04 17:02:40 [/shop/master/order/edit.php] Array
(
    [0] => Array
        (
            [AccessID] => 09746446cabf2ddfff67607a9165c7ff
            [AccessPass] => 7e3c7787de0922620e498e15924ac138
            [Forward] => 2959876
            [Approve] => 0024348
            [TranID] => 2512041702602257210134103186
            [TranDate] => 20251204170240
        )

)
 from 114.160.216.147
2025/12/04 17:02:40 [/shop/master/order/edit.php] edit.php set payment data:Array
(
    [AccessID] => 09746446cabf2ddfff67607a9165c7ff
    [AccessPass] => 7e3c7787de0922620e498e15924ac138
    [Forward] => 2959876
    [Approve] => 0024348
    [TranID] => 2512041702602257210134103186
    [TranDate] => 20251204170240
    [action_status] => 6
    [pay_status] => 13
    [JobCd] => CAPTURE
    [Amount] => 43030
)
 from 114.160.216.147
2025/12/04 17:02:40 [/shop/user_data/pg_mulpay_recv.php] ******* receiveer data start ******* from 210.175.7.20
2025/12/04 17:02:40 [/shop/user_data/pg_mulpay_recv.php] Array
(
    [ShopID] => 9000034600950
    [ShopPass] => **********
    [AccessID] => 09746446cabf2ddfff67607a9165c7ff
    [AccessPass] => ********************************
    [OrderID] => 963464-04162613
    [Status] => VOID
    [JobCd] => VOID
    [Amount] => 37750
    [Tax] => 0
    [Currency] => JPN
    [Forward] => 2959876
    [Method] => 1
    [PayTimes] => 
    [TranID] => 2512041702602257210134103185
    [Approve] => 0014862
    [TranDate] => 20251204170240
    [ErrCode] => 
    [ErrInfo] => 
    [PayType] => 0
)
 from 210.175.7.20
2025/12/04 17:02:40 [/shop/user_data/pg_mulpay_recv.php] ******* receiveer data end ******* from 210.175.7.20
2025/12/04 17:02:40 [/shop/user_data/pg_mulpay_recv.php] pg_mulpay_recv.php set payment data:Array
(
    [ShopID] => 9000034600950
    [AccessID] => 09746446cabf2ddfff67607a9165c7ff
    [OrderID] => 963464-04162613
    [Status] => VOID
    [JobCd] => VOID
    [Amount] => 37750
    [Tax] => 0
    [Currency] => JPN
    [Forward] => 2959876
    [Method] => 1
    [PayTimes] => 
    [TranID] => 2512041702602257210134103185
    [Approve] => 0014862
    [TranDate] => 20251204170240
    [ErrCode] => 
    [ErrInfo] => 
    [PayType] => 0
    [CvsCode] => 
    [CvsConfNo] => 
    [CvsReceiptNo] => 
    [EdyReceiptNo] => 
    [EdyOrderNo] => 
    [SuicaReceiptNo] => 
    [SuicaOrderNo] => 
    [CustID] => 
    [BkCode] => 
    [ConfNo] => 
    [PaymentTerm] => 
    [EncryptReceiptNo] => 
    [FinishDate] => 
    [ReceiptDate] => 
    [WebMoneyManagementNo] => 
    [WebMoneySettleCode] => 
    [AuPayInfoNo] => 
    [AuPayMethod] => 
    [AuCancelAmount] => 
    [AuCancelTax] => 
    [DocomoSettlementCode] => 
    [DocomoCancelAmount] => 
    [DocomoCancelTax] => 
    [pay_status] => 14
)
 from 210.175.7.20
2025/12/04 17:02:40 [/shop/user_data/pg_mulpay_recv.php] response:true from 210.175.7.20
2025/12/04 17:02:40 [/shop/user_data/pg_mulpay_recv.php] ******* receiveer data start ******* from 210.175.7.20
2025/12/04 17:02:40 [/shop/user_data/pg_mulpay_recv.php] Array
(
    [ShopID] => 9000034600950
    [ShopPass] => **********
    [AccessID] => 09746446cabf2ddfff67607a9165c7ff
    [AccessPass] => ********************************
    [OrderID] => 963464-04162613
    [Status] => CAPTURE
    [JobCd] => CAPTURE
    [Amount] => 43030
    [Tax] => 0
    [Currency] => JPN
    [Forward] => 2959876
    [Method] => 1
    [PayTimes] => 
    [TranID] => 2512041702602257210134103186
    [Approve] => 0024348
    [TranDate] => 20251204170240
    [ErrCode] => 
    [ErrInfo] => 
    [PayType] => 0
)
 from 210.175.7.20
2025/12/04 17:02:40 [/shop/user_data/pg_mulpay_recv.php] ******* receiveer data end ******* from 210.175.7.20
2025/12/04 17:02:45 [/shop/user_data/pg_mulpay_recv.php] no update order status order_id=963464 from 210.175.7.20
2025/12/04 17:02:45 [/shop/user_data/pg_mulpay_recv.php] pg_mulpay_recv.php set payment data:Array
(
    [ShopID] => 9000034600950
    [AccessID] => 09746446cabf2ddfff67607a9165c7ff
    [OrderID] => 963464-04162613
    [Status] => CAPTURE
    [JobCd] => CAPTURE
    [Amount] => 43030
    [Tax] => 0
    [Currency] => JPN
    [Forward] => 2959876
    [Method] => 1
    [PayTimes] => 
    [TranID] => 2512041702602257210134103186
    [Approve] => 0024348
    [TranDate] => 20251204170240
    [ErrCode] => 
    [ErrInfo] => 
    [PayType] => 0
    [CvsCode] => 
    [CvsConfNo] => 
    [CvsReceiptNo] => 
    [EdyReceiptNo] => 
    [EdyOrderNo] => 
    [SuicaReceiptNo] => 
    [SuicaOrderNo] => 
    [CustID] => 
    [BkCode] => 
    [ConfNo] => 
    [PaymentTerm] => 
    [EncryptReceiptNo] => 
    [FinishDate] => 
    [ReceiptDate] => 
    [WebMoneyManagementNo] => 
    [WebMoneySettleCode] => 
    [AuPayInfoNo] => 
    [AuPayMethod] => 
    [AuCancelAmount] => 
    [AuCancelTax] => 
    [DocomoSettlementCode] => 
    [DocomoCancelAmount] => 
    [DocomoCancelTax] => 
    [pay_status] => 13
    [no_update_status_flg] => 0
)
 from 210.175.7.20
2025/12/04 17:02:45 [/shop/user_data/pg_mulpay_recv.php] response:true from 210.175.7.20
2025/12/04 17:02:50 [/shop/master/order/edit.php] SendRequest:https://p01.mul-pay.jp/payment/SearchTrade.idPass from 114.160.216.147
2025/12/04 17:02:50 [/shop/master/order/edit.php] Array
(
    [ShopID] => 9000034600950
    [ShopPass] => ******
    [OrderID] => 963464-04162613
)
 from 114.160.216.147
2025/12/04 17:02:50 [/shop/master/order/edit.php] OrderID=963464-04162613&Status=CAPTURE&ProcessDate=20251204170240&JobCd=CAPTURE&AccessID=09746446cabf2ddfff67607a9165c7ff&AccessPass=7e3c7787de0922620e498e15924ac138&ItemCode=0000990&Amount=43030&Tax=0&SiteID=&MemberID=&CardNo=************3663&Expire=3003&Method=1&PayTimes=&Forward=2959876&TranID=2512041702602257210134103186&Approve=0024348&ClientField1=&ClientField2=&ClientField3=EC-CUBE4.3.35 from 114.160.216.147
2025/12/04 17:02:50 [/shop/master/order/edit.php] Array
(
    [0] => Array
        (
            [OrderID] => 963464-04162613
            [Status] => CAPTURE
            [ProcessDate] => 20251204170240
            [JobCd] => CAPTURE
            [AccessID] => 09746446cabf2ddfff67607a9165c7ff
            [AccessPass] => 7e3c7787de0922620e498e15924ac138
            [ItemCode] => 0000990
            [Amount] => 43030
            [Tax] => 0
            [SiteID] => 
            [MemberID] => 
            [CardNo] => ************3663
            [Expire] => 3003
            [Method] => 1
            [PayTimes] => 
            [Forward] => 2959876
            [TranID] => 2512041702602257210134103186
            [Approve] => 0024348
            [ClientField1] => 
            [ClientField2] => 
            [ClientField3] => EC-CUBE4.3.35
        )

)
 from 114.160.216.147
2025/12/04 17:02:50 [/shop/master/order/edit.php] edit.php set payment data:Array
(
    [OrderID] => 963464-04162613
    [Status] => CAPTURE
    [ProcessDate] => 20251204170240
    [JobCd] => CAPTURE
    [AccessID] => 09746446cabf2ddfff67607a9165c7ff
    [AccessPass] => 7e3c7787de0922620e498e15924ac138
    [ItemCode] => 0000990
    [Amount] => 43030
    [Tax] => 0
    [SiteID] => 
    [MemberID] => 
    [CardNo] => ************3663
    [Expire] => 3003
    [Method] => 1
    [PayTimes] => 
    [Forward] => 2959876
    [TranID] => 2512041702602257210134103186
    [Approve] => 0024348
    [ClientField1] => 
    [ClientField2] => 
    [ClientField3] => EC-CUBE4.3.35
    [action_status] => 6
    [pay_status] => 13
)
 from 114.160.216.147
