2024/03/21 00:02:44 [/shop/shopping/load_payment_module.php] SendRequest:https://p01.mul-pay.jp/payment/SearchMember.idPass from 114.108.219.56
2024/03/21 00:02:44 [/shop/shopping/load_payment_module.php] Array
(
    [SiteID] => mst0000007602
    [SitePass] => ******
    [MemberID] => 12595
)
 from 114.108.219.56
2024/03/21 00:02:44 [/shop/shopping/load_payment_module.php] ErrCode=E01&ErrInfo=E01390002 from 114.108.219.56
2024/03/21 00:02:44 [/shop/shopping/load_payment_module.php] Array
(
    [0] => Array
        (
            [ErrCode] => E01
            [ErrInfo] => E01390002
        )

)
 from 114.108.219.56
2024/03/21 00:02:44 [/shop/shopping/load_payment_module.php] SendRequest:https://p01.mul-pay.jp/payment/SearchCard.idPass from 114.108.219.56
2024/03/21 00:02:44 [/shop/shopping/load_payment_module.php] Array
(
    [SiteID] => mst0000007602
    [SitePass] => ******
    [MemberID] => 12595
)
 from 114.108.219.56
2024/03/21 00:02:44 [/shop/shopping/load_payment_module.php] ErrCode=E01|E01&ErrInfo=E01390002|E01240002 from 114.108.219.56
2024/03/21 00:02:44 [/shop/shopping/load_payment_module.php] Array
(
    [0] => Array
        (
            [ErrCode] => E01
            [ErrInfo] => E01390002
        )

    [1] => Array
        (
            [ErrCode] => E01
            [ErrInfo] => E01240002
        )

)
 from 114.108.219.56
2024/03/21 00:03:09 [/shop/shopping/load_payment_module.php] SendRequest:https://p01.mul-pay.jp/payment/SearchMember.idPass from 114.108.219.56
2024/03/21 00:03:09 [/shop/shopping/load_payment_module.php] Array
(
    [SiteID] => mst0000007602
    [SitePass] => ******
    [MemberID] => 12595
)
 from 114.108.219.56
2024/03/21 00:03:09 [/shop/shopping/load_payment_module.php] ErrCode=E01&ErrInfo=E01390002 from 114.108.219.56
2024/03/21 00:03:09 [/shop/shopping/load_payment_module.php] Array
(
    [0] => Array
        (
            [ErrCode] => E01
            [ErrInfo] => E01390002
        )

)
 from 114.108.219.56
2024/03/21 00:03:09 [/shop/shopping/load_payment_module.php] SendRequest:https://p01.mul-pay.jp/payment/SearchCard.idPass from 114.108.219.56
2024/03/21 00:03:09 [/shop/shopping/load_payment_module.php] Array
(
    [SiteID] => mst0000007602
    [SitePass] => ******
    [MemberID] => 12595
)
 from 114.108.219.56
2024/03/21 00:03:09 [/shop/shopping/load_payment_module.php] ErrCode=E01|E01&ErrInfo=E01390002|E01240002 from 114.108.219.56
2024/03/21 00:03:09 [/shop/shopping/load_payment_module.php] Array
(
    [0] => Array
        (
            [ErrCode] => E01
            [ErrInfo] => E01390002
        )

    [1] => Array
        (
            [ErrCode] => E01
            [ErrInfo] => E01240002
        )

)
 from 114.108.219.56
2024/03/21 02:17:54 [/shop/shopping/load_payment_module.php] SendRequest:https://p01.mul-pay.jp/payment/EntryTran.idPass from 5.32.70.202
2024/03/21 02:17:54 [/shop/shopping/load_payment_module.php] Array
(
    [ShopID] => 9000034600950
    [ShopPass] => ******
    [OrderID] => 956681-21021754
    [JobCd] => CAPTURE
    [Amount] => 16700
    [TdFlag] => 0
    [TdTenantName] => 
)
 from 5.32.70.202
2024/03/21 02:17:54 [/shop/shopping/load_payment_module.php] AccessID=0710a6521b76502184ae9f74e763af3f&AccessPass=dc5175e1c9448dbdd04577cbdbd01d59 from 5.32.70.202
2024/03/21 02:17:54 [/shop/shopping/load_payment_module.php] Array
(
    [0] => Array
        (
            [AccessID] => 0710a6521b76502184ae9f74e763af3f
            [AccessPass] => dc5175e1c9448dbdd04577cbdbd01d59
        )

)
 from 5.32.70.202
2024/03/21 02:17:54 [/shop/shopping/load_payment_module.php] load_payment_module.php set payment data:Array
(
    [AccessID] => 0710a6521b76502184ae9f74e763af3f
    [AccessPass] => dc5175e1c9448dbdd04577cbdbd01d59
    [OrderID] => 956681-21021754
    [Amount] => 16700
    [JobCd] => CAPTURE
    [action_status] => 1
    [pay_status] => 0
)
 from 5.32.70.202
2024/03/21 02:17:54 [/shop/shopping/load_payment_module.php] SendRequest:https://p01.mul-pay.jp/payment/ExecTran.idPass from 5.32.70.202
2024/03/21 02:17:54 [/shop/shopping/load_payment_module.php] Array
(
    [AccessID] => 0710a6521b76502184ae9f74e763af3f
    [AccessPass] => dc5175e1c9448dbdd04577cbdbd01d59
    [OrderID] => 956681-21021754
    [Method] => 1
    [Token] => 056d79e741ced7ea8572ac6603a3211fec6142e9c071db0e56ccf196f82537c0
    [ClientField1] => 
    [ClientField2] => 
    [ClientField3] => EC-CUBE4.3.35
)
 from 5.32.70.202
2024/03/21 02:17:55 [/shop/shopping/load_payment_module.php] ACS=0&OrderID=956681-21021754&Forward=2959876&Method=1&PayTimes=&Approve=0944734&TranID=2403210217602257210134182845&TranDate=20240321021755&CheckString=698b675a7da82128aa2b7421b0c75997 from 5.32.70.202
2024/03/21 02:17:55 [/shop/shopping/load_payment_module.php] Array
(
    [0] => Array
        (
            [ACS] => 0
            [OrderID] => 956681-21021754
            [Forward] => 2959876
            [Method] => 1
            [PayTimes] => 
            [Approve] => 0944734
            [TranID] => 2403210217602257210134182845
            [TranDate] => 20240321021755
            [CheckString] => 698b675a7da82128aa2b7421b0c75997
        )

)
 from 5.32.70.202
2024/03/21 02:17:55 [/shop/shopping/load_payment_module.php] load_payment_module.php set payment data:Array
(
    [ACS] => 0
    [Forward] => 2959876
    [Method] => 1
    [PayTimes] => 
    [Approve] => 0944734
    [TranID] => 2403210217602257210134182845
    [TranDate] => 20240321021755
    [CheckString] => 698b675a7da82128aa2b7421b0c75997
    [Amount] => 16700
    [JobCd] => CAPTURE
    [action_status] => 3
    [pay_status] => 13
)
 from 5.32.70.202
2024/03/21 02:17:55 [/shop/user_data/pg_mulpay_recv.php] ******* receiveer data start ******* from 210.175.7.20
2024/03/21 02:17:55 [/shop/user_data/pg_mulpay_recv.php] Array
(
    [ShopID] => 9000034600950
    [ShopPass] => **********
    [AccessID] => 0710a6521b76502184ae9f74e763af3f
    [AccessPass] => ********************************
    [OrderID] => 956681-21021754
    [Status] => CAPTURE
    [JobCd] => CAPTURE
    [Amount] => 16700
    [Tax] => 0
    [Currency] => JPN
    [Forward] => 2959876
    [Method] => 1
    [PayTimes] => 
    [TranID] => 2403210217602257210134182845
    [Approve] => 0944734
    [TranDate] => 20240321021755
    [ErrCode] => 
    [ErrInfo] => 
    [PayType] => 0
)
 from 210.175.7.20
2024/03/21 02:17:55 [/shop/user_data/pg_mulpay_recv.php] ******* receiveer data end ******* from 210.175.7.20
2024/03/21 02:18:00 [/shop/user_data/pg_mulpay_recv.php] update order status:1 order_id=956681 from 210.175.7.20
2024/03/21 02:18:00 [/shop/user_data/pg_mulpay_recv.php] pg_mulpay_recv.php set payment data:Array
(
    [ShopID] => 9000034600950
    [AccessID] => 0710a6521b76502184ae9f74e763af3f
    [OrderID] => 956681-21021754
    [Status] => CAPTURE
    [JobCd] => CAPTURE
    [Amount] => 16700
    [Tax] => 0
    [Currency] => JPN
    [Forward] => 2959876
    [Method] => 1
    [PayTimes] => 
    [TranID] => 2403210217602257210134182845
    [Approve] => 0944734
    [TranDate] => 20240321021755
    [ErrCode] => 
    [ErrInfo] => 
    [PayType] => 0
    [CvsCode] => 
    [CvsConfNo] => 
    [CvsReceiptNo] => 
    [EdyReceiptNo] => 
    [EdyOrderNo] => 
    [SuicaReceiptNo] => 
    [SuicaOrderNo] => 
    [CustID] => 
    [BkCode] => 
    [ConfNo] => 
    [PaymentTerm] => 
    [EncryptReceiptNo] => 
    [FinishDate] => 
    [ReceiptDate] => 
    [WebMoneyManagementNo] => 
    [WebMoneySettleCode] => 
    [AuPayInfoNo] => 
    [AuPayMethod] => 
    [AuCancelAmount] => 
    [AuCancelTax] => 
    [DocomoSettlementCode] => 
    [DocomoCancelAmount] => 
    [DocomoCancelTax] => 
    [pay_status] => 13
)
 from 210.175.7.20
2024/03/21 02:18:00 [/shop/user_data/pg_mulpay_recv.php] response:true from 210.175.7.20
2024/03/21 06:24:41 [/shop/shopping/load_payment_module.php] SendRequest:https://p01.mul-pay.jp/payment/EntryTran.idPass from 99.120.227.200
2024/03/21 06:24:41 [/shop/shopping/load_payment_module.php] Array
(
    [ShopID] => 9000034600950
    [ShopPass] => ******
    [OrderID] => 956682-21062441
    [JobCd] => CAPTURE
    [Amount] => 9550
    [TdFlag] => 0
    [TdTenantName] => 
)
 from 99.120.227.200
2024/03/21 06:24:42 [/shop/shopping/load_payment_module.php] AccessID=f482d65d719bc03bb9c5d586863ac3de&AccessPass=a995e87a0f0d6eb93c65dc5d58cef82d from 99.120.227.200
2024/03/21 06:24:42 [/shop/shopping/load_payment_module.php] Array
(
    [0] => Array
        (
            [AccessID] => f482d65d719bc03bb9c5d586863ac3de
            [AccessPass] => a995e87a0f0d6eb93c65dc5d58cef82d
        )

)
 from 99.120.227.200
2024/03/21 06:24:42 [/shop/shopping/load_payment_module.php] load_payment_module.php set payment data:Array
(
    [AccessID] => f482d65d719bc03bb9c5d586863ac3de
    [AccessPass] => a995e87a0f0d6eb93c65dc5d58cef82d
    [OrderID] => 956682-21062441
    [Amount] => 9550
    [JobCd] => CAPTURE
    [action_status] => 1
    [pay_status] => 0
)
 from 99.120.227.200
2024/03/21 06:24:42 [/shop/shopping/load_payment_module.php] SendRequest:https://p01.mul-pay.jp/payment/ExecTran.idPass from 99.120.227.200
2024/03/21 06:24:42 [/shop/shopping/load_payment_module.php] Array
(
    [AccessID] => f482d65d719bc03bb9c5d586863ac3de
    [AccessPass] => a995e87a0f0d6eb93c65dc5d58cef82d
    [OrderID] => 956682-21062441
    [Method] => 1
    [Token] => 2ca2099bb8320ef90a109aae812bfd30e854e22cb157bc5acf7542e3d6358fbc
    [ClientField1] => 
    [ClientField2] => 
    [ClientField3] => EC-CUBE4.3.35
)
 from 99.120.227.200
2024/03/21 06:24:43 [/shop/shopping/load_payment_module.php] ACS=0&OrderID=956682-21062441&Forward=2a99661&Method=1&PayTimes=&Approve=0201837&TranID=2403210624602257210134172769&TranDate=20240321062443&CheckString=e60f60438feabb2abcb0d6111935e2f9 from 99.120.227.200
2024/03/21 06:24:43 [/shop/shopping/load_payment_module.php] Array
(
    [0] => Array
        (
            [ACS] => 0
            [OrderID] => 956682-21062441
            [Forward] => 2a99661
            [Method] => 1
            [PayTimes] => 
            [Approve] => 0201837
            [TranID] => 2403210624602257210134172769
            [TranDate] => 20240321062443
            [CheckString] => e60f60438feabb2abcb0d6111935e2f9
        )

)
 from 99.120.227.200
2024/03/21 06:24:43 [/shop/shopping/load_payment_module.php] load_payment_module.php set payment data:Array
(
    [ACS] => 0
    [Forward] => 2a99661
    [Method] => 1
    [PayTimes] => 
    [Approve] => 0201837
    [TranID] => 2403210624602257210134172769
    [TranDate] => 20240321062443
    [CheckString] => e60f60438feabb2abcb0d6111935e2f9
    [Amount] => 9550
    [JobCd] => CAPTURE
    [action_status] => 3
    [pay_status] => 13
)
 from 99.120.227.200
2024/03/21 06:24:43 [/shop/user_data/pg_mulpay_recv.php] ******* receiveer data start ******* from 210.175.7.20
2024/03/21 06:24:43 [/shop/user_data/pg_mulpay_recv.php] Array
(
    [ShopID] => 9000034600950
    [ShopPass] => **********
    [AccessID] => f482d65d719bc03bb9c5d586863ac3de
    [AccessPass] => ********************************
    [OrderID] => 956682-21062441
    [Status] => CAPTURE
    [JobCd] => CAPTURE
    [Amount] => 9550
    [Tax] => 0
    [Currency] => JPN
    [Forward] => 2a99661
    [Method] => 1
    [PayTimes] => 
    [TranID] => 2403210624602257210134172769
    [Approve] => 0201837
    [TranDate] => 20240321062443
    [ErrCode] => 
    [ErrInfo] => 
    [PayType] => 0
)
 from 210.175.7.20
2024/03/21 06:24:43 [/shop/user_data/pg_mulpay_recv.php] ******* receiveer data end ******* from 210.175.7.20
2024/03/21 06:24:48 [/shop/user_data/pg_mulpay_recv.php] update order status:1 order_id=956682 from 210.175.7.20
2024/03/21 06:24:48 [/shop/user_data/pg_mulpay_recv.php] pg_mulpay_recv.php set payment data:Array
(
    [ShopID] => 9000034600950
    [AccessID] => f482d65d719bc03bb9c5d586863ac3de
    [OrderID] => 956682-21062441
    [Status] => CAPTURE
    [JobCd] => CAPTURE
    [Amount] => 9550
    [Tax] => 0
    [Currency] => JPN
    [Forward] => 2a99661
    [Method] => 1
    [PayTimes] => 
    [TranID] => 2403210624602257210134172769
    [Approve] => 0201837
    [TranDate] => 20240321062443
    [ErrCode] => 
    [ErrInfo] => 
    [PayType] => 0
    [CvsCode] => 
    [CvsConfNo] => 
    [CvsReceiptNo] => 
    [EdyReceiptNo] => 
    [EdyOrderNo] => 
    [SuicaReceiptNo] => 
    [SuicaOrderNo] => 
    [CustID] => 
    [BkCode] => 
    [ConfNo] => 
    [PaymentTerm] => 
    [EncryptReceiptNo] => 
    [FinishDate] => 
    [ReceiptDate] => 
    [WebMoneyManagementNo] => 
    [WebMoneySettleCode] => 
    [AuPayInfoNo] => 
    [AuPayMethod] => 
    [AuCancelAmount] => 
    [AuCancelTax] => 
    [DocomoSettlementCode] => 
    [DocomoCancelAmount] => 
    [DocomoCancelTax] => 
    [pay_status] => 13
)
 from 210.175.7.20
2024/03/21 06:24:48 [/shop/user_data/pg_mulpay_recv.php] response:true from 210.175.7.20
2024/03/21 08:37:26 [/shop/shopping/load_payment_module.php] SendRequest:https://p01.mul-pay.jp/payment/EntryTran.idPass from 81.51.182.105
2024/03/21 08:37:26 [/shop/shopping/load_payment_module.php] Array
(
    [ShopID] => 9000034600950
    [ShopPass] => ******
    [OrderID] => 956683-21083726
    [JobCd] => CAPTURE
    [Amount] => 7500
    [TdFlag] => 0
    [TdTenantName] => 
)
 from 81.51.182.105
2024/03/21 08:37:26 [/shop/shopping/load_payment_module.php] AccessID=6ebe85e1a48786d1ff7a82163e8775d0&AccessPass=aeaafe696f375e1a60784007d43a7064 from 81.51.182.105
2024/03/21 08:37:26 [/shop/shopping/load_payment_module.php] Array
(
    [0] => Array
        (
            [AccessID] => 6ebe85e1a48786d1ff7a82163e8775d0
            [AccessPass] => aeaafe696f375e1a60784007d43a7064
        )

)
 from 81.51.182.105
2024/03/21 08:37:26 [/shop/shopping/load_payment_module.php] load_payment_module.php set payment data:Array
(
    [AccessID] => 6ebe85e1a48786d1ff7a82163e8775d0
    [AccessPass] => aeaafe696f375e1a60784007d43a7064
    [OrderID] => 956683-21083726
    [Amount] => 7500
    [JobCd] => CAPTURE
    [action_status] => 1
    [pay_status] => 0
)
 from 81.51.182.105
2024/03/21 08:37:26 [/shop/shopping/load_payment_module.php] SendRequest:https://p01.mul-pay.jp/payment/ExecTran.idPass from 81.51.182.105
2024/03/21 08:37:26 [/shop/shopping/load_payment_module.php] Array
(
    [AccessID] => 6ebe85e1a48786d1ff7a82163e8775d0
    [AccessPass] => aeaafe696f375e1a60784007d43a7064
    [OrderID] => 956683-21083726
    [Method] => 1
    [Token] => ccbcc44cf497767ef46974f3f6567688483c6eca55f944e5024dc2687a9e4654
    [ClientField1] => 
    [ClientField2] => 
    [ClientField3] => EC-CUBE4.3.35
)
 from 81.51.182.105
2024/03/21 08:37:27 [/shop/shopping/load_payment_module.php] ACS=0&OrderID=956683-21083726&Forward=2S49631&Method=1&PayTimes=&Approve=0563112&TranID=2403210837602257210134152889&TranDate=20240321083727&CheckString=0d84184b1279cf4f1c0faa3b91654c86 from 81.51.182.105
2024/03/21 08:37:27 [/shop/shopping/load_payment_module.php] Array
(
    [0] => Array
        (
            [ACS] => 0
            [OrderID] => 956683-21083726
            [Forward] => 2S49631
            [Method] => 1
            [PayTimes] => 
            [Approve] => 0563112
            [TranID] => 2403210837602257210134152889
            [TranDate] => 20240321083727
            [CheckString] => 0d84184b1279cf4f1c0faa3b91654c86
        )

)
 from 81.51.182.105
2024/03/21 08:37:27 [/shop/shopping/load_payment_module.php] load_payment_module.php set payment data:Array
(
    [ACS] => 0
    [Forward] => 2S49631
    [Method] => 1
    [PayTimes] => 
    [Approve] => 0563112
    [TranID] => 2403210837602257210134152889
    [TranDate] => 20240321083727
    [CheckString] => 0d84184b1279cf4f1c0faa3b91654c86
    [Amount] => 7500
    [JobCd] => CAPTURE
    [action_status] => 3
    [pay_status] => 13
)
 from 81.51.182.105
2024/03/21 08:37:27 [/shop/user_data/pg_mulpay_recv.php] ******* receiveer data start ******* from 210.175.7.20
2024/03/21 08:37:27 [/shop/user_data/pg_mulpay_recv.php] Array
(
    [ShopID] => 9000034600950
    [ShopPass] => **********
    [AccessID] => 6ebe85e1a48786d1ff7a82163e8775d0
    [AccessPass] => ********************************
    [OrderID] => 956683-21083726
    [Status] => CAPTURE
    [JobCd] => CAPTURE
    [Amount] => 7500
    [Tax] => 0
    [Currency] => JPN
    [Forward] => 2S49631
    [Method] => 1
    [PayTimes] => 
    [TranID] => 2403210837602257210134152889
    [Approve] => 0563112
    [TranDate] => 20240321083727
    [ErrCode] => 
    [ErrInfo] => 
    [PayType] => 0
)
 from 210.175.7.20
2024/03/21 08:37:27 [/shop/user_data/pg_mulpay_recv.php] ******* receiveer data end ******* from 210.175.7.20
2024/03/21 08:37:32 [/shop/user_data/pg_mulpay_recv.php] update order status:1 order_id=956683 from 210.175.7.20
2024/03/21 08:37:32 [/shop/user_data/pg_mulpay_recv.php] pg_mulpay_recv.php set payment data:Array
(
    [ShopID] => 9000034600950
    [AccessID] => 6ebe85e1a48786d1ff7a82163e8775d0
    [OrderID] => 956683-21083726
    [Status] => CAPTURE
    [JobCd] => CAPTURE
    [Amount] => 7500
    [Tax] => 0
    [Currency] => JPN
    [Forward] => 2S49631
    [Method] => 1
    [PayTimes] => 
    [TranID] => 2403210837602257210134152889
    [Approve] => 0563112
    [TranDate] => 20240321083727
    [ErrCode] => 
    [ErrInfo] => 
    [PayType] => 0
    [CvsCode] => 
    [CvsConfNo] => 
    [CvsReceiptNo] => 
    [EdyReceiptNo] => 
    [EdyOrderNo] => 
    [SuicaReceiptNo] => 
    [SuicaOrderNo] => 
    [CustID] => 
    [BkCode] => 
    [ConfNo] => 
    [PaymentTerm] => 
    [EncryptReceiptNo] => 
    [FinishDate] => 
    [ReceiptDate] => 
    [WebMoneyManagementNo] => 
    [WebMoneySettleCode] => 
    [AuPayInfoNo] => 
    [AuPayMethod] => 
    [AuCancelAmount] => 
    [AuCancelTax] => 
    [DocomoSettlementCode] => 
    [DocomoCancelAmount] => 
    [DocomoCancelTax] => 
    [pay_status] => 13
)
 from 210.175.7.20
2024/03/21 08:37:32 [/shop/user_data/pg_mulpay_recv.php] response:true from 210.175.7.20
2024/03/21 09:38:45 [/shop/shopping/load_payment_module.php] SendRequest:https://p01.mul-pay.jp/payment/SearchMember.idPass from 49.130.128.10
2024/03/21 09:38:45 [/shop/shopping/load_payment_module.php] Array
(
    [SiteID] => mst0000007602
    [SitePass] => ******
    [MemberID] => 11261
)
 from 49.130.128.10
2024/03/21 09:38:45 [/shop/shopping/load_payment_module.php] ErrCode=E01&ErrInfo=E01390002 from 49.130.128.10
2024/03/21 09:38:45 [/shop/shopping/load_payment_module.php] Array
(
    [0] => Array
        (
            [ErrCode] => E01
            [ErrInfo] => E01390002
        )

)
 from 49.130.128.10
2024/03/21 09:38:45 [/shop/shopping/load_payment_module.php] SendRequest:https://p01.mul-pay.jp/payment/SearchCard.idPass from 49.130.128.10
2024/03/21 09:38:45 [/shop/shopping/load_payment_module.php] Array
(
    [SiteID] => mst0000007602
    [SitePass] => ******
    [MemberID] => 11261
)
 from 49.130.128.10
2024/03/21 09:38:45 [/shop/shopping/load_payment_module.php] ErrCode=E01|E01&ErrInfo=E01390002|E01240002 from 49.130.128.10
2024/03/21 09:38:45 [/shop/shopping/load_payment_module.php] Array
(
    [0] => Array
        (
            [ErrCode] => E01
            [ErrInfo] => E01390002
        )

    [1] => Array
        (
            [ErrCode] => E01
            [ErrInfo] => E01240002
        )

)
 from 49.130.128.10
2024/03/21 09:40:06 [/shop/shopping/load_payment_module.php] SendRequest:https://p01.mul-pay.jp/payment/SearchMember.idPass from 49.130.128.10
2024/03/21 09:40:06 [/shop/shopping/load_payment_module.php] Array
(
    [SiteID] => mst0000007602
    [SitePass] => ******
    [MemberID] => 11261
)
 from 49.130.128.10
2024/03/21 09:40:06 [/shop/shopping/load_payment_module.php] ErrCode=E01&ErrInfo=E01390002 from 49.130.128.10
2024/03/21 09:40:06 [/shop/shopping/load_payment_module.php] Array
(
    [0] => Array
        (
            [ErrCode] => E01
            [ErrInfo] => E01390002
        )

)
 from 49.130.128.10
2024/03/21 09:40:06 [/shop/shopping/load_payment_module.php] SendRequest:https://p01.mul-pay.jp/payment/SearchCard.idPass from 49.130.128.10
2024/03/21 09:40:06 [/shop/shopping/load_payment_module.php] Array
(
    [SiteID] => mst0000007602
    [SitePass] => ******
    [MemberID] => 11261
)
 from 49.130.128.10
2024/03/21 09:40:07 [/shop/shopping/load_payment_module.php] ErrCode=E01|E01&ErrInfo=E01390002|E01240002 from 49.130.128.10
2024/03/21 09:40:07 [/shop/shopping/load_payment_module.php] Array
(
    [0] => Array
        (
            [ErrCode] => E01
            [ErrInfo] => E01390002
        )

    [1] => Array
        (
            [ErrCode] => E01
            [ErrInfo] => E01240002
        )

)
 from 49.130.128.10
2024/03/21 09:40:07 [/shop/shopping/load_payment_module.php] SendRequest:https://p01.mul-pay.jp/payment/EntryTran.idPass from 49.130.128.10
2024/03/21 09:40:07 [/shop/shopping/load_payment_module.php] Array
(
    [ShopID] => 9000034600950
    [ShopPass] => ******
    [OrderID] => 956684-21094007
    [JobCd] => CAPTURE
    [Amount] => 10754
    [TdFlag] => 0
    [TdTenantName] => 
)
 from 49.130.128.10
2024/03/21 09:40:07 [/shop/shopping/load_payment_module.php] AccessID=97136d5ffe3390fb1a1f76d52079cf10&AccessPass=681c72b542fdbdfb84303cb1b5375633 from 49.130.128.10
2024/03/21 09:40:07 [/shop/shopping/load_payment_module.php] Array
(
    [0] => Array
        (
            [AccessID] => 97136d5ffe3390fb1a1f76d52079cf10
            [AccessPass] => 681c72b542fdbdfb84303cb1b5375633
        )

)
 from 49.130.128.10
2024/03/21 09:40:07 [/shop/shopping/load_payment_module.php] load_payment_module.php set payment data:Array
(
    [AccessID] => 97136d5ffe3390fb1a1f76d52079cf10
    [AccessPass] => 681c72b542fdbdfb84303cb1b5375633
    [OrderID] => 956684-21094007
    [Amount] => 10754
    [JobCd] => CAPTURE
    [action_status] => 1
    [pay_status] => 0
)
 from 49.130.128.10
2024/03/21 09:40:07 [/shop/shopping/load_payment_module.php] SendRequest:https://p01.mul-pay.jp/payment/ExecTran.idPass from 49.130.128.10
2024/03/21 09:40:07 [/shop/shopping/load_payment_module.php] Array
(
    [AccessID] => 97136d5ffe3390fb1a1f76d52079cf10
    [AccessPass] => 681c72b542fdbdfb84303cb1b5375633
    [OrderID] => 956684-21094007
    [Method] => 1
    [Token] => 7831a527955e33600194163ab92af0465f1b24a5e862a7848902dea3d6059516
    [ClientField1] => 
    [ClientField2] => 
    [ClientField3] => EC-CUBE4.3.35
)
 from 49.130.128.10
2024/03/21 09:40:08 [/shop/shopping/load_payment_module.php] ACS=0&OrderID=956684-21094007&Forward=2959876&Method=1&PayTimes=&Approve=0763122&TranID=2403210940602257210134172770&TranDate=20240321094008&CheckString=84977c8eb94fbf2d1fc7ae9b15a3572e from 49.130.128.10
2024/03/21 09:40:08 [/shop/shopping/load_payment_module.php] Array
(
    [0] => Array
        (
            [ACS] => 0
            [OrderID] => 956684-21094007
            [Forward] => 2959876
            [Method] => 1
            [PayTimes] => 
            [Approve] => 0763122
            [TranID] => 2403210940602257210134172770
            [TranDate] => 20240321094008
            [CheckString] => 84977c8eb94fbf2d1fc7ae9b15a3572e
        )

)
 from 49.130.128.10
2024/03/21 09:40:08 [/shop/shopping/load_payment_module.php] load_payment_module.php set payment data:Array
(
    [ACS] => 0
    [Forward] => 2959876
    [Method] => 1
    [PayTimes] => 
    [Approve] => 0763122
    [TranID] => 2403210940602257210134172770
    [TranDate] => 20240321094008
    [CheckString] => 84977c8eb94fbf2d1fc7ae9b15a3572e
    [Amount] => 10754
    [JobCd] => CAPTURE
    [action_status] => 3
    [pay_status] => 13
)
 from 49.130.128.10
2024/03/21 09:40:08 [/shop/user_data/pg_mulpay_recv.php] ******* receiveer data start ******* from 210.175.7.20
2024/03/21 09:40:08 [/shop/user_data/pg_mulpay_recv.php] Array
(
    [ShopID] => 9000034600950
    [ShopPass] => **********
    [AccessID] => 97136d5ffe3390fb1a1f76d52079cf10
    [AccessPass] => ********************************
    [OrderID] => 956684-21094007
    [Status] => CAPTURE
    [JobCd] => CAPTURE
    [Amount] => 10754
    [Tax] => 0
    [Currency] => JPN
    [Forward] => 2959876
    [Method] => 1
    [PayTimes] => 
    [TranID] => 2403210940602257210134172770
    [Approve] => 0763122
    [TranDate] => 20240321094008
    [ErrCode] => 
    [ErrInfo] => 
    [PayType] => 0
)
 from 210.175.7.20
2024/03/21 09:40:08 [/shop/user_data/pg_mulpay_recv.php] ******* receiveer data end ******* from 210.175.7.20
2024/03/21 09:40:13 [/shop/user_data/pg_mulpay_recv.php] update order status:1 order_id=956684 from 210.175.7.20
2024/03/21 09:40:13 [/shop/user_data/pg_mulpay_recv.php] pg_mulpay_recv.php set payment data:Array
(
    [ShopID] => 9000034600950
    [AccessID] => 97136d5ffe3390fb1a1f76d52079cf10
    [OrderID] => 956684-21094007
    [Status] => CAPTURE
    [JobCd] => CAPTURE
    [Amount] => 10754
    [Tax] => 0
    [Currency] => JPN
    [Forward] => 2959876
    [Method] => 1
    [PayTimes] => 
    [TranID] => 2403210940602257210134172770
    [Approve] => 0763122
    [TranDate] => 20240321094008
    [ErrCode] => 
    [ErrInfo] => 
    [PayType] => 0
    [CvsCode] => 
    [CvsConfNo] => 
    [CvsReceiptNo] => 
    [EdyReceiptNo] => 
    [EdyOrderNo] => 
    [SuicaReceiptNo] => 
    [SuicaOrderNo] => 
    [CustID] => 
    [BkCode] => 
    [ConfNo] => 
    [PaymentTerm] => 
    [EncryptReceiptNo] => 
    [FinishDate] => 
    [ReceiptDate] => 
    [WebMoneyManagementNo] => 
    [WebMoneySettleCode] => 
    [AuPayInfoNo] => 
    [AuPayMethod] => 
    [AuCancelAmount] => 
    [AuCancelTax] => 
    [DocomoSettlementCode] => 
    [DocomoCancelAmount] => 
    [DocomoCancelTax] => 
    [pay_status] => 13
)
 from 210.175.7.20
2024/03/21 09:40:13 [/shop/user_data/pg_mulpay_recv.php] response:true from 210.175.7.20
2024/03/21 11:35:14 [/shop/shopping/load_payment_module.php] SendRequest:https://p01.mul-pay.jp/payment/EntryTran.idPass from 104.190.193.167
2024/03/21 11:35:14 [/shop/shopping/load_payment_module.php] Array
(
    [ShopID] => 9000034600950
    [ShopPass] => ******
    [OrderID] => 956685-21113514
    [JobCd] => CAPTURE
    [Amount] => 3440
    [TdFlag] => 0
    [TdTenantName] => 
)
 from 104.190.193.167
2024/03/21 11:35:14 [/shop/shopping/load_payment_module.php] AccessID=494d9cc2bb6421236554ddaee1f079aa&AccessPass=bc96385623a1a407c14959cc6b5e6e4f from 104.190.193.167
2024/03/21 11:35:14 [/shop/shopping/load_payment_module.php] Array
(
    [0] => Array
        (
            [AccessID] => 494d9cc2bb6421236554ddaee1f079aa
            [AccessPass] => bc96385623a1a407c14959cc6b5e6e4f
        )

)
 from 104.190.193.167
2024/03/21 11:35:14 [/shop/shopping/load_payment_module.php] load_payment_module.php set payment data:Array
(
    [AccessID] => 494d9cc2bb6421236554ddaee1f079aa
    [AccessPass] => bc96385623a1a407c14959cc6b5e6e4f
    [OrderID] => 956685-21113514
    [Amount] => 3440
    [JobCd] => CAPTURE
    [action_status] => 1
    [pay_status] => 0
)
 from 104.190.193.167
2024/03/21 11:35:14 [/shop/shopping/load_payment_module.php] SendRequest:https://p01.mul-pay.jp/payment/ExecTran.idPass from 104.190.193.167
2024/03/21 11:35:14 [/shop/shopping/load_payment_module.php] Array
(
    [AccessID] => 494d9cc2bb6421236554ddaee1f079aa
    [AccessPass] => bc96385623a1a407c14959cc6b5e6e4f
    [OrderID] => 956685-21113514
    [Method] => 1
    [Token] => 21a08fe1b49908a0349b589539a8f774d691d5acff4592d1eeed48ae442088cd
    [ClientField1] => 
    [ClientField2] => 
    [ClientField3] => EC-CUBE4.3.35
)
 from 104.190.193.167
2024/03/21 11:35:15 [/shop/shopping/load_payment_module.php] ACS=0&OrderID=956685-21113514&Forward=2a99661&Method=1&PayTimes=&Approve=0286514&TranID=2403211135602257210134162908&TranDate=20240321113515&CheckString=6961d1613b860cc4a2c6eb4096661323 from 104.190.193.167
2024/03/21 11:35:15 [/shop/shopping/load_payment_module.php] Array
(
    [0] => Array
        (
            [ACS] => 0
            [OrderID] => 956685-21113514
            [Forward] => 2a99661
            [Method] => 1
            [PayTimes] => 
            [Approve] => 0286514
            [TranID] => 2403211135602257210134162908
            [TranDate] => 20240321113515
            [CheckString] => 6961d1613b860cc4a2c6eb4096661323
        )

)
 from 104.190.193.167
2024/03/21 11:35:15 [/shop/shopping/load_payment_module.php] load_payment_module.php set payment data:Array
(
    [ACS] => 0
    [Forward] => 2a99661
    [Method] => 1
    [PayTimes] => 
    [Approve] => 0286514
    [TranID] => 2403211135602257210134162908
    [TranDate] => 20240321113515
    [CheckString] => 6961d1613b860cc4a2c6eb4096661323
    [Amount] => 3440
    [JobCd] => CAPTURE
    [action_status] => 3
    [pay_status] => 13
)
 from 104.190.193.167
2024/03/21 11:35:16 [/shop/user_data/pg_mulpay_recv.php] ******* receiveer data start ******* from 210.175.7.20
2024/03/21 11:35:16 [/shop/user_data/pg_mulpay_recv.php] Array
(
    [ShopID] => 9000034600950
    [ShopPass] => **********
    [AccessID] => 494d9cc2bb6421236554ddaee1f079aa
    [AccessPass] => ********************************
    [OrderID] => 956685-21113514
    [Status] => CAPTURE
    [JobCd] => CAPTURE
    [Amount] => 3440
    [Tax] => 0
    [Currency] => JPN
    [Forward] => 2a99661
    [Method] => 1
    [PayTimes] => 
    [TranID] => 2403211135602257210134162908
    [Approve] => 0286514
    [TranDate] => 20240321113515
    [ErrCode] => 
    [ErrInfo] => 
    [PayType] => 0
)
 from 210.175.7.20
2024/03/21 11:35:16 [/shop/user_data/pg_mulpay_recv.php] ******* receiveer data end ******* from 210.175.7.20
2024/03/21 11:35:21 [/shop/user_data/pg_mulpay_recv.php] update order status:1 order_id=956685 from 210.175.7.20
2024/03/21 11:35:21 [/shop/user_data/pg_mulpay_recv.php] pg_mulpay_recv.php set payment data:Array
(
    [ShopID] => 9000034600950
    [AccessID] => 494d9cc2bb6421236554ddaee1f079aa
    [OrderID] => 956685-21113514
    [Status] => CAPTURE
    [JobCd] => CAPTURE
    [Amount] => 3440
    [Tax] => 0
    [Currency] => JPN
    [Forward] => 2a99661
    [Method] => 1
    [PayTimes] => 
    [TranID] => 2403211135602257210134162908
    [Approve] => 0286514
    [TranDate] => 20240321113515
    [ErrCode] => 
    [ErrInfo] => 
    [PayType] => 0
    [CvsCode] => 
    [CvsConfNo] => 
    [CvsReceiptNo] => 
    [EdyReceiptNo] => 
    [EdyOrderNo] => 
    [SuicaReceiptNo] => 
    [SuicaOrderNo] => 
    [CustID] => 
    [BkCode] => 
    [ConfNo] => 
    [PaymentTerm] => 
    [EncryptReceiptNo] => 
    [FinishDate] => 
    [ReceiptDate] => 
    [WebMoneyManagementNo] => 
    [WebMoneySettleCode] => 
    [AuPayInfoNo] => 
    [AuPayMethod] => 
    [AuCancelAmount] => 
    [AuCancelTax] => 
    [DocomoSettlementCode] => 
    [DocomoCancelAmount] => 
    [DocomoCancelTax] => 
    [pay_status] => 13
)
 from 210.175.7.20
2024/03/21 11:35:21 [/shop/user_data/pg_mulpay_recv.php] response:true from 210.175.7.20
2024/03/21 12:10:36 [/shop/shopping/load_payment_module.php] SendRequest:https://p01.mul-pay.jp/payment/SearchMember.idPass from 140.213.1.61
2024/03/21 12:10:36 [/shop/shopping/load_payment_module.php] Array
(
    [SiteID] => mst0000007602
    [SitePass] => ******
    [MemberID] => 10922
)
 from 140.213.1.61
2024/03/21 12:10:36 [/shop/shopping/load_payment_module.php] ErrCode=E01&ErrInfo=E01390002 from 140.213.1.61
2024/03/21 12:10:36 [/shop/shopping/load_payment_module.php] Array
(
    [0] => Array
        (
            [ErrCode] => E01
            [ErrInfo] => E01390002
        )

)
 from 140.213.1.61
2024/03/21 12:10:36 [/shop/shopping/load_payment_module.php] SendRequest:https://p01.mul-pay.jp/payment/SearchCard.idPass from 140.213.1.61
2024/03/21 12:10:36 [/shop/shopping/load_payment_module.php] Array
(
    [SiteID] => mst0000007602
    [SitePass] => ******
    [MemberID] => 10922
)
 from 140.213.1.61
2024/03/21 12:10:36 [/shop/shopping/load_payment_module.php] ErrCode=E01|E01&ErrInfo=E01390002|E01240002 from 140.213.1.61
2024/03/21 12:10:36 [/shop/shopping/load_payment_module.php] Array
(
    [0] => Array
        (
            [ErrCode] => E01
            [ErrInfo] => E01390002
        )

    [1] => Array
        (
            [ErrCode] => E01
            [ErrInfo] => E01240002
        )

)
 from 140.213.1.61
2024/03/21 12:10:52 [/shop/shopping/load_payment_module.php] SendRequest:https://p01.mul-pay.jp/payment/SearchMember.idPass from 140.213.1.61
2024/03/21 12:10:52 [/shop/shopping/load_payment_module.php] Array
(
    [SiteID] => mst0000007602
    [SitePass] => ******
    [MemberID] => 10922
)
 from 140.213.1.61
2024/03/21 12:10:52 [/shop/shopping/load_payment_module.php] ErrCode=E01&ErrInfo=E01390002 from 140.213.1.61
2024/03/21 12:10:52 [/shop/shopping/load_payment_module.php] Array
(
    [0] => Array
        (
            [ErrCode] => E01
            [ErrInfo] => E01390002
        )

)
 from 140.213.1.61
2024/03/21 12:10:52 [/shop/shopping/load_payment_module.php] SendRequest:https://p01.mul-pay.jp/payment/SearchCard.idPass from 140.213.1.61
2024/03/21 12:10:52 [/shop/shopping/load_payment_module.php] Array
(
    [SiteID] => mst0000007602
    [SitePass] => ******
    [MemberID] => 10922
)
 from 140.213.1.61
2024/03/21 12:10:52 [/shop/shopping/load_payment_module.php] ErrCode=E01|E01&ErrInfo=E01390002|E01240002 from 140.213.1.61
2024/03/21 12:10:52 [/shop/shopping/load_payment_module.php] Array
(
    [0] => Array
        (
            [ErrCode] => E01
            [ErrInfo] => E01390002
        )

    [1] => Array
        (
            [ErrCode] => E01
            [ErrInfo] => E01240002
        )

)
 from 140.213.1.61
2024/03/21 12:10:52 [/shop/shopping/load_payment_module.php] SendRequest:https://p01.mul-pay.jp/payment/EntryTran.idPass from 140.213.1.61
2024/03/21 12:10:52 [/shop/shopping/load_payment_module.php] Array
(
    [ShopID] => 9000034600950
    [ShopPass] => ******
    [OrderID] => 956686-21121052
    [JobCd] => CAPTURE
    [Amount] => 5780
    [TdFlag] => 0
    [TdTenantName] => 
)
 from 140.213.1.61
2024/03/21 12:10:52 [/shop/shopping/load_payment_module.php] AccessID=001cd6bb0ba663ec4158d0cffd52c591&AccessPass=c617ff592f9259d32d573e8f5c06214b from 140.213.1.61
2024/03/21 12:10:52 [/shop/shopping/load_payment_module.php] Array
(
    [0] => Array
        (
            [AccessID] => 001cd6bb0ba663ec4158d0cffd52c591
            [AccessPass] => c617ff592f9259d32d573e8f5c06214b
        )

)
 from 140.213.1.61
2024/03/21 12:10:52 [/shop/shopping/load_payment_module.php] load_payment_module.php set payment data:Array
(
    [AccessID] => 001cd6bb0ba663ec4158d0cffd52c591
    [AccessPass] => c617ff592f9259d32d573e8f5c06214b
    [OrderID] => 956686-21121052
    [Amount] => 5780
    [JobCd] => CAPTURE
    [action_status] => 1
    [pay_status] => 0
)
 from 140.213.1.61
2024/03/21 12:10:52 [/shop/shopping/load_payment_module.php] SendRequest:https://p01.mul-pay.jp/payment/ExecTran.idPass from 140.213.1.61
2024/03/21 12:10:52 [/shop/shopping/load_payment_module.php] Array
(
    [AccessID] => 001cd6bb0ba663ec4158d0cffd52c591
    [AccessPass] => c617ff592f9259d32d573e8f5c06214b
    [OrderID] => 956686-21121052
    [Method] => 1
    [Token] => d401b3cf8a2dbf35f2e1c8eaf021255972ba9d28c5f1891762897c211b92783a
    [ClientField1] => 
    [ClientField2] => 
    [ClientField3] => EC-CUBE4.3.35
)
 from 140.213.1.61
2024/03/21 12:10:53 [/shop/shopping/load_payment_module.php] ACS=0&OrderID=956686-21121052&Forward=2959876&Method=1&PayTimes=&Approve=0470723&TranID=2403211210602257210134162909&TranDate=20240321121053&CheckString=ceadd703ef8885b86ffb598518d14df9 from 140.213.1.61
2024/03/21 12:10:53 [/shop/shopping/load_payment_module.php] Array
(
    [0] => Array
        (
            [ACS] => 0
            [OrderID] => 956686-21121052
            [Forward] => 2959876
            [Method] => 1
            [PayTimes] => 
            [Approve] => 0470723
            [TranID] => 2403211210602257210134162909
            [TranDate] => 20240321121053
            [CheckString] => ceadd703ef8885b86ffb598518d14df9
        )

)
 from 140.213.1.61
2024/03/21 12:10:53 [/shop/shopping/load_payment_module.php] load_payment_module.php set payment data:Array
(
    [ACS] => 0
    [Forward] => 2959876
    [Method] => 1
    [PayTimes] => 
    [Approve] => 0470723
    [TranID] => 2403211210602257210134162909
    [TranDate] => 20240321121053
    [CheckString] => ceadd703ef8885b86ffb598518d14df9
    [Amount] => 5780
    [JobCd] => CAPTURE
    [action_status] => 3
    [pay_status] => 13
)
 from 140.213.1.61
2024/03/21 12:10:53 [/shop/user_data/pg_mulpay_recv.php] ******* receiveer data start ******* from 210.175.7.20
2024/03/21 12:10:53 [/shop/user_data/pg_mulpay_recv.php] Array
(
    [ShopID] => 9000034600950
    [ShopPass] => **********
    [AccessID] => 001cd6bb0ba663ec4158d0cffd52c591
    [AccessPass] => ********************************
    [OrderID] => 956686-21121052
    [Status] => CAPTURE
    [JobCd] => CAPTURE
    [Amount] => 5780
    [Tax] => 0
    [Currency] => JPN
    [Forward] => 2959876
    [Method] => 1
    [PayTimes] => 
    [TranID] => 2403211210602257210134162909
    [Approve] => 0470723
    [TranDate] => 20240321121053
    [ErrCode] => 
    [ErrInfo] => 
    [PayType] => 0
)
 from 210.175.7.20
2024/03/21 12:10:53 [/shop/user_data/pg_mulpay_recv.php] ******* receiveer data end ******* from 210.175.7.20
2024/03/21 12:10:58 [/shop/user_data/pg_mulpay_recv.php] update order status:1 order_id=956686 from 210.175.7.20
2024/03/21 12:10:58 [/shop/user_data/pg_mulpay_recv.php] pg_mulpay_recv.php set payment data:Array
(
    [ShopID] => 9000034600950
    [AccessID] => 001cd6bb0ba663ec4158d0cffd52c591
    [OrderID] => 956686-21121052
    [Status] => CAPTURE
    [JobCd] => CAPTURE
    [Amount] => 5780
    [Tax] => 0
    [Currency] => JPN
    [Forward] => 2959876
    [Method] => 1
    [PayTimes] => 
    [TranID] => 2403211210602257210134162909
    [Approve] => 0470723
    [TranDate] => 20240321121053
    [ErrCode] => 
    [ErrInfo] => 
    [PayType] => 0
    [CvsCode] => 
    [CvsConfNo] => 
    [CvsReceiptNo] => 
    [EdyReceiptNo] => 
    [EdyOrderNo] => 
    [SuicaReceiptNo] => 
    [SuicaOrderNo] => 
    [CustID] => 
    [BkCode] => 
    [ConfNo] => 
    [PaymentTerm] => 
    [EncryptReceiptNo] => 
    [FinishDate] => 
    [ReceiptDate] => 
    [WebMoneyManagementNo] => 
    [WebMoneySettleCode] => 
    [AuPayInfoNo] => 
    [AuPayMethod] => 
    [AuCancelAmount] => 
    [AuCancelTax] => 
    [DocomoSettlementCode] => 
    [DocomoCancelAmount] => 
    [DocomoCancelTax] => 
    [pay_status] => 13
)
 from 210.175.7.20
2024/03/21 12:10:58 [/shop/user_data/pg_mulpay_recv.php] response:true from 210.175.7.20
2024/03/21 12:15:38 [/shop/shopping/load_payment_module.php] SendRequest:https://p01.mul-pay.jp/payment/SearchMember.idPass from 140.213.1.61
2024/03/21 12:15:38 [/shop/shopping/load_payment_module.php] Array
(
    [SiteID] => mst0000007602
    [SitePass] => ******
    [MemberID] => 10922
)
 from 140.213.1.61
2024/03/21 12:15:38 [/shop/shopping/load_payment_module.php] ErrCode=E01&ErrInfo=E01390002 from 140.213.1.61
2024/03/21 12:15:38 [/shop/shopping/load_payment_module.php] Array
(
    [0] => Array
        (
            [ErrCode] => E01
            [ErrInfo] => E01390002
        )

)
 from 140.213.1.61
2024/03/21 12:15:38 [/shop/shopping/load_payment_module.php] SendRequest:https://p01.mul-pay.jp/payment/SearchCard.idPass from 140.213.1.61
2024/03/21 12:15:38 [/shop/shopping/load_payment_module.php] Array
(
    [SiteID] => mst0000007602
    [SitePass] => ******
    [MemberID] => 10922
)
 from 140.213.1.61
2024/03/21 12:15:38 [/shop/shopping/load_payment_module.php] ErrCode=E01|E01&ErrInfo=E01390002|E01240002 from 140.213.1.61
2024/03/21 12:15:38 [/shop/shopping/load_payment_module.php] Array
(
    [0] => Array
        (
            [ErrCode] => E01
            [ErrInfo] => E01390002
        )

    [1] => Array
        (
            [ErrCode] => E01
            [ErrInfo] => E01240002
        )

)
 from 140.213.1.61
2024/03/21 12:15:55 [/shop/shopping/load_payment_module.php] SendRequest:https://p01.mul-pay.jp/payment/SearchMember.idPass from 140.213.1.61
2024/03/21 12:15:55 [/shop/shopping/load_payment_module.php] Array
(
    [SiteID] => mst0000007602
    [SitePass] => ******
    [MemberID] => 10922
)
 from 140.213.1.61
2024/03/21 12:15:55 [/shop/shopping/load_payment_module.php] ErrCode=E01&ErrInfo=E01390002 from 140.213.1.61
2024/03/21 12:15:55 [/shop/shopping/load_payment_module.php] Array
(
    [0] => Array
        (
            [ErrCode] => E01
            [ErrInfo] => E01390002
        )

)
 from 140.213.1.61
2024/03/21 12:15:55 [/shop/shopping/load_payment_module.php] SendRequest:https://p01.mul-pay.jp/payment/SearchCard.idPass from 140.213.1.61
2024/03/21 12:15:55 [/shop/shopping/load_payment_module.php] Array
(
    [SiteID] => mst0000007602
    [SitePass] => ******
    [MemberID] => 10922
)
 from 140.213.1.61
2024/03/21 12:15:55 [/shop/shopping/load_payment_module.php] ErrCode=E01|E01&ErrInfo=E01390002|E01240002 from 140.213.1.61
2024/03/21 12:15:55 [/shop/shopping/load_payment_module.php] Array
(
    [0] => Array
        (
            [ErrCode] => E01
            [ErrInfo] => E01390002
        )

    [1] => Array
        (
            [ErrCode] => E01
            [ErrInfo] => E01240002
        )

)
 from 140.213.1.61
2024/03/21 12:15:55 [/shop/shopping/load_payment_module.php] SendRequest:https://p01.mul-pay.jp/payment/EntryTran.idPass from 140.213.1.61
2024/03/21 12:15:55 [/shop/shopping/load_payment_module.php] Array
(
    [ShopID] => 9000034600950
    [ShopPass] => ******
    [OrderID] => 956687-21121555
    [JobCd] => CAPTURE
    [Amount] => 9870
    [TdFlag] => 0
    [TdTenantName] => 
)
 from 140.213.1.61
2024/03/21 12:15:55 [/shop/shopping/load_payment_module.php] AccessID=39f21171b19203e1d8db003b2819f34d&AccessPass=69d17dc07f733d114ac4744b76c95b9b from 140.213.1.61
2024/03/21 12:15:55 [/shop/shopping/load_payment_module.php] Array
(
    [0] => Array
        (
            [AccessID] => 39f21171b19203e1d8db003b2819f34d
            [AccessPass] => 69d17dc07f733d114ac4744b76c95b9b
        )

)
 from 140.213.1.61
2024/03/21 12:15:55 [/shop/shopping/load_payment_module.php] load_payment_module.php set payment data:Array
(
    [AccessID] => 39f21171b19203e1d8db003b2819f34d
    [AccessPass] => 69d17dc07f733d114ac4744b76c95b9b
    [OrderID] => 956687-21121555
    [Amount] => 9870
    [JobCd] => CAPTURE
    [action_status] => 1
    [pay_status] => 0
)
 from 140.213.1.61
2024/03/21 12:15:55 [/shop/shopping/load_payment_module.php] SendRequest:https://p01.mul-pay.jp/payment/ExecTran.idPass from 140.213.1.61
2024/03/21 12:15:55 [/shop/shopping/load_payment_module.php] Array
(
    [AccessID] => 39f21171b19203e1d8db003b2819f34d
    [AccessPass] => 69d17dc07f733d114ac4744b76c95b9b
    [OrderID] => 956687-21121555
    [Method] => 1
    [Token] => 56eb1958d9f0c70a88134638ed40008476565462d98e0dcbb14bc85e79947230
    [ClientField1] => 
    [ClientField2] => 
    [ClientField3] => EC-CUBE4.3.35
)
 from 140.213.1.61
2024/03/21 12:15:56 [/shop/shopping/load_payment_module.php] ACS=0&OrderID=956687-21121555&Forward=2959876&Method=1&PayTimes=&Approve=0471288&TranID=2403211215602257210134152890&TranDate=20240321121556&CheckString=ae9cb8467c4f0eee74ff1632b5adb19b from 140.213.1.61
2024/03/21 12:15:56 [/shop/shopping/load_payment_module.php] Array
(
    [0] => Array
        (
            [ACS] => 0
            [OrderID] => 956687-21121555
            [Forward] => 2959876
            [Method] => 1
            [PayTimes] => 
            [Approve] => 0471288
            [TranID] => 2403211215602257210134152890
            [TranDate] => 20240321121556
            [CheckString] => ae9cb8467c4f0eee74ff1632b5adb19b
        )

)
 from 140.213.1.61
2024/03/21 12:15:56 [/shop/shopping/load_payment_module.php] load_payment_module.php set payment data:Array
(
    [ACS] => 0
    [Forward] => 2959876
    [Method] => 1
    [PayTimes] => 
    [Approve] => 0471288
    [TranID] => 2403211215602257210134152890
    [TranDate] => 20240321121556
    [CheckString] => ae9cb8467c4f0eee74ff1632b5adb19b
    [Amount] => 9870
    [JobCd] => CAPTURE
    [action_status] => 3
    [pay_status] => 13
)
 from 140.213.1.61
2024/03/21 12:15:56 [/shop/user_data/pg_mulpay_recv.php] ******* receiveer data start ******* from 210.175.7.20
2024/03/21 12:15:56 [/shop/user_data/pg_mulpay_recv.php] Array
(
    [ShopID] => 9000034600950
    [ShopPass] => **********
    [AccessID] => 39f21171b19203e1d8db003b2819f34d
    [AccessPass] => ********************************
    [OrderID] => 956687-21121555
    [Status] => CAPTURE
    [JobCd] => CAPTURE
    [Amount] => 9870
    [Tax] => 0
    [Currency] => JPN
    [Forward] => 2959876
    [Method] => 1
    [PayTimes] => 
    [TranID] => 2403211215602257210134152890
    [Approve] => 0471288
    [TranDate] => 20240321121556
    [ErrCode] => 
    [ErrInfo] => 
    [PayType] => 0
)
 from 210.175.7.20
2024/03/21 12:15:56 [/shop/user_data/pg_mulpay_recv.php] ******* receiveer data end ******* from 210.175.7.20
2024/03/21 12:16:01 [/shop/user_data/pg_mulpay_recv.php] update order status:1 order_id=956687 from 210.175.7.20
2024/03/21 12:16:01 [/shop/user_data/pg_mulpay_recv.php] pg_mulpay_recv.php set payment data:Array
(
    [ShopID] => 9000034600950
    [AccessID] => 39f21171b19203e1d8db003b2819f34d
    [OrderID] => 956687-21121555
    [Status] => CAPTURE
    [JobCd] => CAPTURE
    [Amount] => 9870
    [Tax] => 0
    [Currency] => JPN
    [Forward] => 2959876
    [Method] => 1
    [PayTimes] => 
    [TranID] => 2403211215602257210134152890
    [Approve] => 0471288
    [TranDate] => 20240321121556
    [ErrCode] => 
    [ErrInfo] => 
    [PayType] => 0
    [CvsCode] => 
    [CvsConfNo] => 
    [CvsReceiptNo] => 
    [EdyReceiptNo] => 
    [EdyOrderNo] => 
    [SuicaReceiptNo] => 
    [SuicaOrderNo] => 
    [CustID] => 
    [BkCode] => 
    [ConfNo] => 
    [PaymentTerm] => 
    [EncryptReceiptNo] => 
    [FinishDate] => 
    [ReceiptDate] => 
    [WebMoneyManagementNo] => 
    [WebMoneySettleCode] => 
    [AuPayInfoNo] => 
    [AuPayMethod] => 
    [AuCancelAmount] => 
    [AuCancelTax] => 
    [DocomoSettlementCode] => 
    [DocomoCancelAmount] => 
    [DocomoCancelTax] => 
    [pay_status] => 13
)
 from 210.175.7.20
2024/03/21 12:16:01 [/shop/user_data/pg_mulpay_recv.php] response:true from 210.175.7.20
2024/03/21 15:24:13 [/shop/shopping/load_payment_module.php] SendRequest:https://p01.mul-pay.jp/payment/EntryTran.idPass from 49.183.158.243
2024/03/21 15:24:13 [/shop/shopping/load_payment_module.php] Array
(
    [ShopID] => 9000034600950
    [ShopPass] => ******
    [OrderID] => 956688-21152413
    [JobCd] => CAPTURE
    [Amount] => 6400
    [TdFlag] => 0
    [TdTenantName] => 
)
 from 49.183.158.243
2024/03/21 15:24:13 [/shop/shopping/load_payment_module.php] AccessID=3cbc14c940b0774dc60a70ebd3089cd0&AccessPass=63aa0dda307828ef8b7018682f1ec233 from 49.183.158.243
2024/03/21 15:24:13 [/shop/shopping/load_payment_module.php] Array
(
    [0] => Array
        (
            [AccessID] => 3cbc14c940b0774dc60a70ebd3089cd0
            [AccessPass] => 63aa0dda307828ef8b7018682f1ec233
        )

)
 from 49.183.158.243
2024/03/21 15:24:13 [/shop/shopping/load_payment_module.php] load_payment_module.php set payment data:Array
(
    [AccessID] => 3cbc14c940b0774dc60a70ebd3089cd0
    [AccessPass] => 63aa0dda307828ef8b7018682f1ec233
    [OrderID] => 956688-21152413
    [Amount] => 6400
    [JobCd] => CAPTURE
    [action_status] => 1
    [pay_status] => 0
)
 from 49.183.158.243
2024/03/21 15:24:13 [/shop/shopping/load_payment_module.php] SendRequest:https://p01.mul-pay.jp/payment/ExecTran.idPass from 49.183.158.243
2024/03/21 15:24:13 [/shop/shopping/load_payment_module.php] Array
(
    [AccessID] => 3cbc14c940b0774dc60a70ebd3089cd0
    [AccessPass] => 63aa0dda307828ef8b7018682f1ec233
    [OrderID] => 956688-21152413
    [Method] => 1
    [Token] => e8d7eef2a7cdfa43d801bdb29fa80ef8aa5bfca14c39f0f2d8e088670cf81b56
    [ClientField1] => 
    [ClientField2] => 
    [ClientField3] => EC-CUBE4.3.35
)
 from 49.183.158.243
2024/03/21 15:24:15 [/shop/shopping/load_payment_module.php] ACS=0&OrderID=956688-21152413&Forward=2S49631&Method=1&PayTimes=&Approve=0706401&TranID=2403211524602257210134162910&TranDate=20240321152415&CheckString=2dadd74e0689c28e58c42bd4d99bbfa3 from 49.183.158.243
2024/03/21 15:24:15 [/shop/shopping/load_payment_module.php] Array
(
    [0] => Array
        (
            [ACS] => 0
            [OrderID] => 956688-21152413
            [Forward] => 2S49631
            [Method] => 1
            [PayTimes] => 
            [Approve] => 0706401
            [TranID] => 2403211524602257210134162910
            [TranDate] => 20240321152415
            [CheckString] => 2dadd74e0689c28e58c42bd4d99bbfa3
        )

)
 from 49.183.158.243
2024/03/21 15:24:15 [/shop/shopping/load_payment_module.php] load_payment_module.php set payment data:Array
(
    [ACS] => 0
    [Forward] => 2S49631
    [Method] => 1
    [PayTimes] => 
    [Approve] => 0706401
    [TranID] => 2403211524602257210134162910
    [TranDate] => 20240321152415
    [CheckString] => 2dadd74e0689c28e58c42bd4d99bbfa3
    [Amount] => 6400
    [JobCd] => CAPTURE
    [action_status] => 3
    [pay_status] => 13
)
 from 49.183.158.243
2024/03/21 15:24:15 [/shop/user_data/pg_mulpay_recv.php] ******* receiveer data start ******* from 210.175.7.20
2024/03/21 15:24:15 [/shop/user_data/pg_mulpay_recv.php] Array
(
    [ShopID] => 9000034600950
    [ShopPass] => **********
    [AccessID] => 3cbc14c940b0774dc60a70ebd3089cd0
    [AccessPass] => ********************************
    [OrderID] => 956688-21152413
    [Status] => CAPTURE
    [JobCd] => CAPTURE
    [Amount] => 6400
    [Tax] => 0
    [Currency] => JPN
    [Forward] => 2S49631
    [Method] => 1
    [PayTimes] => 
    [TranID] => 2403211524602257210134162910
    [Approve] => 0706401
    [TranDate] => 20240321152415
    [ErrCode] => 
    [ErrInfo] => 
    [PayType] => 0
)
 from 210.175.7.20
2024/03/21 15:24:15 [/shop/user_data/pg_mulpay_recv.php] ******* receiveer data end ******* from 210.175.7.20
2024/03/21 15:24:20 [/shop/user_data/pg_mulpay_recv.php] update order status:1 order_id=956688 from 210.175.7.20
2024/03/21 15:24:20 [/shop/user_data/pg_mulpay_recv.php] pg_mulpay_recv.php set payment data:Array
(
    [ShopID] => 9000034600950
    [AccessID] => 3cbc14c940b0774dc60a70ebd3089cd0
    [OrderID] => 956688-21152413
    [Status] => CAPTURE
    [JobCd] => CAPTURE
    [Amount] => 6400
    [Tax] => 0
    [Currency] => JPN
    [Forward] => 2S49631
    [Method] => 1
    [PayTimes] => 
    [TranID] => 2403211524602257210134162910
    [Approve] => 0706401
    [TranDate] => 20240321152415
    [ErrCode] => 
    [ErrInfo] => 
    [PayType] => 0
    [CvsCode] => 
    [CvsConfNo] => 
    [CvsReceiptNo] => 
    [EdyReceiptNo] => 
    [EdyOrderNo] => 
    [SuicaReceiptNo] => 
    [SuicaOrderNo] => 
    [CustID] => 
    [BkCode] => 
    [ConfNo] => 
    [PaymentTerm] => 
    [EncryptReceiptNo] => 
    [FinishDate] => 
    [ReceiptDate] => 
    [WebMoneyManagementNo] => 
    [WebMoneySettleCode] => 
    [AuPayInfoNo] => 
    [AuPayMethod] => 
    [AuCancelAmount] => 
    [AuCancelTax] => 
    [DocomoSettlementCode] => 
    [DocomoCancelAmount] => 
    [DocomoCancelTax] => 
    [pay_status] => 13
)
 from 210.175.7.20
2024/03/21 15:24:20 [/shop/user_data/pg_mulpay_recv.php] response:true from 210.175.7.20
2024/03/21 18:03:22 [/shop/shopping/load_payment_module.php] SendRequest:https://p01.mul-pay.jp/payment/SearchMember.idPass from 94.32.226.187
2024/03/21 18:03:22 [/shop/shopping/load_payment_module.php] Array
(
    [SiteID] => mst0000007602
    [SitePass] => ******
    [MemberID] => 12244
)
 from 94.32.226.187
2024/03/21 18:03:22 [/shop/shopping/load_payment_module.php] ErrCode=E01&ErrInfo=E01390002 from 94.32.226.187
2024/03/21 18:03:22 [/shop/shopping/load_payment_module.php] Array
(
    [0] => Array
        (
            [ErrCode] => E01
            [ErrInfo] => E01390002
        )

)
 from 94.32.226.187
2024/03/21 18:03:22 [/shop/shopping/load_payment_module.php] SendRequest:https://p01.mul-pay.jp/payment/SearchCard.idPass from 94.32.226.187
2024/03/21 18:03:22 [/shop/shopping/load_payment_module.php] Array
(
    [SiteID] => mst0000007602
    [SitePass] => ******
    [MemberID] => 12244
)
 from 94.32.226.187
2024/03/21 18:03:22 [/shop/shopping/load_payment_module.php] ErrCode=E01|E01&ErrInfo=E01390002|E01240002 from 94.32.226.187
2024/03/21 18:03:22 [/shop/shopping/load_payment_module.php] Array
(
    [0] => Array
        (
            [ErrCode] => E01
            [ErrInfo] => E01390002
        )

    [1] => Array
        (
            [ErrCode] => E01
            [ErrInfo] => E01240002
        )

)
 from 94.32.226.187
2024/03/21 18:07:48 [/shop/shopping/load_payment_module.php] SendRequest:https://p01.mul-pay.jp/payment/SearchMember.idPass from 94.32.226.187
2024/03/21 18:07:48 [/shop/shopping/load_payment_module.php] Array
(
    [SiteID] => mst0000007602
    [SitePass] => ******
    [MemberID] => 12244
)
 from 94.32.226.187
2024/03/21 18:07:48 [/shop/shopping/load_payment_module.php] ErrCode=E01&ErrInfo=E01390002 from 94.32.226.187
2024/03/21 18:07:48 [/shop/shopping/load_payment_module.php] Array
(
    [0] => Array
        (
            [ErrCode] => E01
            [ErrInfo] => E01390002
        )

)
 from 94.32.226.187
2024/03/21 18:07:48 [/shop/shopping/load_payment_module.php] SendRequest:https://p01.mul-pay.jp/payment/SearchCard.idPass from 94.32.226.187
2024/03/21 18:07:48 [/shop/shopping/load_payment_module.php] Array
(
    [SiteID] => mst0000007602
    [SitePass] => ******
    [MemberID] => 12244
)
 from 94.32.226.187
2024/03/21 18:07:48 [/shop/shopping/load_payment_module.php] ErrCode=E01|E01&ErrInfo=E01390002|E01240002 from 94.32.226.187
2024/03/21 18:07:48 [/shop/shopping/load_payment_module.php] Array
(
    [0] => Array
        (
            [ErrCode] => E01
            [ErrInfo] => E01390002
        )

    [1] => Array
        (
            [ErrCode] => E01
            [ErrInfo] => E01240002
        )

)
 from 94.32.226.187
2024/03/21 18:07:48 [/shop/shopping/load_payment_module.php] SendRequest:https://p01.mul-pay.jp/payment/EntryTran.idPass from 94.32.226.187
2024/03/21 18:07:48 [/shop/shopping/load_payment_module.php] Array
(
    [ShopID] => 9000034600950
    [ShopPass] => ******
    [OrderID] => 956689-21180748
    [JobCd] => CAPTURE
    [Amount] => 8050
    [TdFlag] => 0
    [TdTenantName] => 
)
 from 94.32.226.187
2024/03/21 18:07:48 [/shop/shopping/load_payment_module.php] AccessID=a985b1df6155a1b79141c4b7f70ed980&AccessPass=a9d756eb7e10610cfe2f6684d54f15c8 from 94.32.226.187
2024/03/21 18:07:48 [/shop/shopping/load_payment_module.php] Array
(
    [0] => Array
        (
            [AccessID] => a985b1df6155a1b79141c4b7f70ed980
            [AccessPass] => a9d756eb7e10610cfe2f6684d54f15c8
        )

)
 from 94.32.226.187
2024/03/21 18:07:48 [/shop/shopping/load_payment_module.php] load_payment_module.php set payment data:Array
(
    [AccessID] => a985b1df6155a1b79141c4b7f70ed980
    [AccessPass] => a9d756eb7e10610cfe2f6684d54f15c8
    [OrderID] => 956689-21180748
    [Amount] => 8050
    [JobCd] => CAPTURE
    [action_status] => 1
    [pay_status] => 0
)
 from 94.32.226.187
2024/03/21 18:07:48 [/shop/shopping/load_payment_module.php] SendRequest:https://p01.mul-pay.jp/payment/ExecTran.idPass from 94.32.226.187
2024/03/21 18:07:48 [/shop/shopping/load_payment_module.php] Array
(
    [AccessID] => a985b1df6155a1b79141c4b7f70ed980
    [AccessPass] => a9d756eb7e10610cfe2f6684d54f15c8
    [OrderID] => 956689-21180748
    [Method] => 1
    [Token] => c754b61af16ba360218924f1125bd1a1ab618bf8f6742a804eec328da988b519
    [ClientField1] => 
    [ClientField2] => 
    [ClientField3] => EC-CUBE4.3.35
)
 from 94.32.226.187
2024/03/21 18:07:49 [/shop/shopping/load_payment_module.php] ACS=0&OrderID=956689-21180748&Forward=2959876&Method=1&PayTimes=&Approve=0479612&TranID=2403211807602257210134152891&TranDate=20240321180749&CheckString=6e4e529137a2874b8147713373319dae from 94.32.226.187
2024/03/21 18:07:49 [/shop/shopping/load_payment_module.php] Array
(
    [0] => Array
        (
            [ACS] => 0
            [OrderID] => 956689-21180748
            [Forward] => 2959876
            [Method] => 1
            [PayTimes] => 
            [Approve] => 0479612
            [TranID] => 2403211807602257210134152891
            [TranDate] => 20240321180749
            [CheckString] => 6e4e529137a2874b8147713373319dae
        )

)
 from 94.32.226.187
2024/03/21 18:07:49 [/shop/shopping/load_payment_module.php] load_payment_module.php set payment data:Array
(
    [ACS] => 0
    [Forward] => 2959876
    [Method] => 1
    [PayTimes] => 
    [Approve] => 0479612
    [TranID] => 2403211807602257210134152891
    [TranDate] => 20240321180749
    [CheckString] => 6e4e529137a2874b8147713373319dae
    [Amount] => 8050
    [JobCd] => CAPTURE
    [action_status] => 3
    [pay_status] => 13
)
 from 94.32.226.187
2024/03/21 18:07:49 [/shop/user_data/pg_mulpay_recv.php] ******* receiveer data start ******* from 210.175.7.20
2024/03/21 18:07:49 [/shop/user_data/pg_mulpay_recv.php] Array
(
    [ShopID] => 9000034600950
    [ShopPass] => **********
    [AccessID] => a985b1df6155a1b79141c4b7f70ed980
    [AccessPass] => ********************************
    [OrderID] => 956689-21180748
    [Status] => CAPTURE
    [JobCd] => CAPTURE
    [Amount] => 8050
    [Tax] => 0
    [Currency] => JPN
    [Forward] => 2959876
    [Method] => 1
    [PayTimes] => 
    [TranID] => 2403211807602257210134152891
    [Approve] => 0479612
    [TranDate] => 20240321180749
    [ErrCode] => 
    [ErrInfo] => 
    [PayType] => 0
)
 from 210.175.7.20
2024/03/21 18:07:49 [/shop/user_data/pg_mulpay_recv.php] ******* receiveer data end ******* from 210.175.7.20
2024/03/21 18:07:54 [/shop/user_data/pg_mulpay_recv.php] update order status:1 order_id=956689 from 210.175.7.20
2024/03/21 18:07:54 [/shop/user_data/pg_mulpay_recv.php] pg_mulpay_recv.php set payment data:Array
(
    [ShopID] => 9000034600950
    [AccessID] => a985b1df6155a1b79141c4b7f70ed980
    [OrderID] => 956689-21180748
    [Status] => CAPTURE
    [JobCd] => CAPTURE
    [Amount] => 8050
    [Tax] => 0
    [Currency] => JPN
    [Forward] => 2959876
    [Method] => 1
    [PayTimes] => 
    [TranID] => 2403211807602257210134152891
    [Approve] => 0479612
    [TranDate] => 20240321180749
    [ErrCode] => 
    [ErrInfo] => 
    [PayType] => 0
    [CvsCode] => 
    [CvsConfNo] => 
    [CvsReceiptNo] => 
    [EdyReceiptNo] => 
    [EdyOrderNo] => 
    [SuicaReceiptNo] => 
    [SuicaOrderNo] => 
    [CustID] => 
    [BkCode] => 
    [ConfNo] => 
    [PaymentTerm] => 
    [EncryptReceiptNo] => 
    [FinishDate] => 
    [ReceiptDate] => 
    [WebMoneyManagementNo] => 
    [WebMoneySettleCode] => 
    [AuPayInfoNo] => 
    [AuPayMethod] => 
    [AuCancelAmount] => 
    [AuCancelTax] => 
    [DocomoSettlementCode] => 
    [DocomoCancelAmount] => 
    [DocomoCancelTax] => 
    [pay_status] => 13
)
 from 210.175.7.20
2024/03/21 18:07:54 [/shop/user_data/pg_mulpay_recv.php] response:true from 210.175.7.20
2024/03/21 18:16:02 [/shop/shopping/load_payment_module.php] SendRequest:https://p01.mul-pay.jp/payment/EntryTran.idPass from 81.164.79.11
2024/03/21 18:16:02 [/shop/shopping/load_payment_module.php] Array
(
    [ShopID] => 9000034600950
    [ShopPass] => ******
    [OrderID] => 956690-21181602
    [JobCd] => CAPTURE
    [Amount] => 19900
    [TdFlag] => 0
    [TdTenantName] => 
)
 from 81.164.79.11
2024/03/21 18:16:02 [/shop/shopping/load_payment_module.php] AccessID=9dc993ca9b6d4c50ad796a6c0abe83c9&AccessPass=c26669951cec62e94dea530284643120 from 81.164.79.11
2024/03/21 18:16:02 [/shop/shopping/load_payment_module.php] Array
(
    [0] => Array
        (
            [AccessID] => 9dc993ca9b6d4c50ad796a6c0abe83c9
            [AccessPass] => c26669951cec62e94dea530284643120
        )

)
 from 81.164.79.11
2024/03/21 18:16:02 [/shop/shopping/load_payment_module.php] load_payment_module.php set payment data:Array
(
    [AccessID] => 9dc993ca9b6d4c50ad796a6c0abe83c9
    [AccessPass] => c26669951cec62e94dea530284643120
    [OrderID] => 956690-21181602
    [Amount] => 19900
    [JobCd] => CAPTURE
    [action_status] => 1
    [pay_status] => 0
)
 from 81.164.79.11
2024/03/21 18:16:02 [/shop/shopping/load_payment_module.php] SendRequest:https://p01.mul-pay.jp/payment/ExecTran.idPass from 81.164.79.11
2024/03/21 18:16:02 [/shop/shopping/load_payment_module.php] Array
(
    [AccessID] => 9dc993ca9b6d4c50ad796a6c0abe83c9
    [AccessPass] => c26669951cec62e94dea530284643120
    [OrderID] => 956690-21181602
    [Method] => 1
    [Token] => 52b611939d62bb5203513e5133f1770420d3431c936437fd5c2b7ede26a5a6e1
    [ClientField1] => 
    [ClientField2] => 
    [ClientField3] => EC-CUBE4.3.35
)
 from 81.164.79.11
2024/03/21 18:16:03 [/shop/shopping/load_payment_module.php] ACS=0&OrderID=956690-21181602&Forward=2S49631&Method=1&PayTimes=&Approve=0710268&TranID=2403211816602257210134172771&TranDate=20240321181603&CheckString=d43727b4b58a81ac55598f5888f93bfd from 81.164.79.11
2024/03/21 18:16:03 [/shop/shopping/load_payment_module.php] Array
(
    [0] => Array
        (
            [ACS] => 0
            [OrderID] => 956690-21181602
            [Forward] => 2S49631
            [Method] => 1
            [PayTimes] => 
            [Approve] => 0710268
            [TranID] => 2403211816602257210134172771
            [TranDate] => 20240321181603
            [CheckString] => d43727b4b58a81ac55598f5888f93bfd
        )

)
 from 81.164.79.11
2024/03/21 18:16:03 [/shop/shopping/load_payment_module.php] load_payment_module.php set payment data:Array
(
    [ACS] => 0
    [Forward] => 2S49631
    [Method] => 1
    [PayTimes] => 
    [Approve] => 0710268
    [TranID] => 2403211816602257210134172771
    [TranDate] => 20240321181603
    [CheckString] => d43727b4b58a81ac55598f5888f93bfd
    [Amount] => 19900
    [JobCd] => CAPTURE
    [action_status] => 3
    [pay_status] => 13
)
 from 81.164.79.11
2024/03/21 18:16:03 [/shop/user_data/pg_mulpay_recv.php] ******* receiveer data start ******* from 210.175.7.20
2024/03/21 18:16:03 [/shop/user_data/pg_mulpay_recv.php] Array
(
    [ShopID] => 9000034600950
    [ShopPass] => **********
    [AccessID] => 9dc993ca9b6d4c50ad796a6c0abe83c9
    [AccessPass] => ********************************
    [OrderID] => 956690-21181602
    [Status] => CAPTURE
    [JobCd] => CAPTURE
    [Amount] => 19900
    [Tax] => 0
    [Currency] => JPN
    [Forward] => 2S49631
    [Method] => 1
    [PayTimes] => 
    [TranID] => 2403211816602257210134172771
    [Approve] => 0710268
    [TranDate] => 20240321181603
    [ErrCode] => 
    [ErrInfo] => 
    [PayType] => 0
)
 from 210.175.7.20
2024/03/21 18:16:03 [/shop/user_data/pg_mulpay_recv.php] ******* receiveer data end ******* from 210.175.7.20
2024/03/21 18:16:08 [/shop/user_data/pg_mulpay_recv.php] update order status:1 order_id=956690 from 210.175.7.20
2024/03/21 18:16:08 [/shop/user_data/pg_mulpay_recv.php] pg_mulpay_recv.php set payment data:Array
(
    [ShopID] => 9000034600950
    [AccessID] => 9dc993ca9b6d4c50ad796a6c0abe83c9
    [OrderID] => 956690-21181602
    [Status] => CAPTURE
    [JobCd] => CAPTURE
    [Amount] => 19900
    [Tax] => 0
    [Currency] => JPN
    [Forward] => 2S49631
    [Method] => 1
    [PayTimes] => 
    [TranID] => 2403211816602257210134172771
    [Approve] => 0710268
    [TranDate] => 20240321181603
    [ErrCode] => 
    [ErrInfo] => 
    [PayType] => 0
    [CvsCode] => 
    [CvsConfNo] => 
    [CvsReceiptNo] => 
    [EdyReceiptNo] => 
    [EdyOrderNo] => 
    [SuicaReceiptNo] => 
    [SuicaOrderNo] => 
    [CustID] => 
    [BkCode] => 
    [ConfNo] => 
    [PaymentTerm] => 
    [EncryptReceiptNo] => 
    [FinishDate] => 
    [ReceiptDate] => 
    [WebMoneyManagementNo] => 
    [WebMoneySettleCode] => 
    [AuPayInfoNo] => 
    [AuPayMethod] => 
    [AuCancelAmount] => 
    [AuCancelTax] => 
    [DocomoSettlementCode] => 
    [DocomoCancelAmount] => 
    [DocomoCancelTax] => 
    [pay_status] => 13
)
 from 210.175.7.20
2024/03/21 18:16:08 [/shop/user_data/pg_mulpay_recv.php] response:true from 210.175.7.20
2024/03/21 21:44:04 [/shop/shopping/load_payment_module.php] SendRequest:https://p01.mul-pay.jp/payment/EntryTran.idPass from 165.225.110.95
2024/03/21 21:44:04 [/shop/shopping/load_payment_module.php] Array
(
    [ShopID] => 9000034600950
    [ShopPass] => ******
    [OrderID] => 956691-21214404
    [JobCd] => CAPTURE
    [Amount] => 6560
    [TdFlag] => 0
    [TdTenantName] => 
)
 from 165.225.110.95
2024/03/21 21:44:04 [/shop/shopping/load_payment_module.php] AccessID=48caa1fc2bc65a08c6887d7e9030c8f8&AccessPass=5f733efe77631d2eb6130ca4dd9bf517 from 165.225.110.95
2024/03/21 21:44:04 [/shop/shopping/load_payment_module.php] Array
(
    [0] => Array
        (
            [AccessID] => 48caa1fc2bc65a08c6887d7e9030c8f8
            [AccessPass] => 5f733efe77631d2eb6130ca4dd9bf517
        )

)
 from 165.225.110.95
2024/03/21 21:44:04 [/shop/shopping/load_payment_module.php] load_payment_module.php set payment data:Array
(
    [AccessID] => 48caa1fc2bc65a08c6887d7e9030c8f8
    [AccessPass] => 5f733efe77631d2eb6130ca4dd9bf517
    [OrderID] => 956691-21214404
    [Amount] => 6560
    [JobCd] => CAPTURE
    [action_status] => 1
    [pay_status] => 0
)
 from 165.225.110.95
2024/03/21 21:44:04 [/shop/shopping/load_payment_module.php] SendRequest:https://p01.mul-pay.jp/payment/ExecTran.idPass from 165.225.110.95
2024/03/21 21:44:04 [/shop/shopping/load_payment_module.php] Array
(
    [AccessID] => 48caa1fc2bc65a08c6887d7e9030c8f8
    [AccessPass] => 5f733efe77631d2eb6130ca4dd9bf517
    [OrderID] => 956691-21214404
    [Method] => 1
    [Token] => 7958b4bf695197bfcf4efc899f2255d2b1f2d3bd645a9ebaf2853222a6a0ac74
    [ClientField1] => 
    [ClientField2] => 
    [ClientField3] => EC-CUBE4.3.35
)
 from 165.225.110.95
2024/03/21 21:44:04 [/shop/shopping/load_payment_module.php] ACS=0&OrderID=956691-21214404&Forward=2S49631&Method=1&PayTimes=&Approve=0451040&TranID=2403212144602257210134152892&TranDate=20240321214404&CheckString=ca7f08045b1b29f67e5478d1f6775991 from 165.225.110.95
2024/03/21 21:44:04 [/shop/shopping/load_payment_module.php] Array
(
    [0] => Array
        (
            [ACS] => 0
            [OrderID] => 956691-21214404
            [Forward] => 2S49631
            [Method] => 1
            [PayTimes] => 
            [Approve] => 0451040
            [TranID] => 2403212144602257210134152892
            [TranDate] => 20240321214404
            [CheckString] => ca7f08045b1b29f67e5478d1f6775991
        )

)
 from 165.225.110.95
2024/03/21 21:44:04 [/shop/shopping/load_payment_module.php] load_payment_module.php set payment data:Array
(
    [ACS] => 0
    [Forward] => 2S49631
    [Method] => 1
    [PayTimes] => 
    [Approve] => 0451040
    [TranID] => 2403212144602257210134152892
    [TranDate] => 20240321214404
    [CheckString] => ca7f08045b1b29f67e5478d1f6775991
    [Amount] => 6560
    [JobCd] => CAPTURE
    [action_status] => 3
    [pay_status] => 13
)
 from 165.225.110.95
2024/03/21 21:44:05 [/shop/user_data/pg_mulpay_recv.php] ******* receiveer data start ******* from 210.175.7.20
2024/03/21 21:44:05 [/shop/user_data/pg_mulpay_recv.php] Array
(
    [ShopID] => 9000034600950
    [ShopPass] => **********
    [AccessID] => 48caa1fc2bc65a08c6887d7e9030c8f8
    [AccessPass] => ********************************
    [OrderID] => 956691-21214404
    [Status] => CAPTURE
    [JobCd] => CAPTURE
    [Amount] => 6560
    [Tax] => 0
    [Currency] => JPN
    [Forward] => 2S49631
    [Method] => 1
    [PayTimes] => 
    [TranID] => 2403212144602257210134152892
    [Approve] => 0451040
    [TranDate] => 20240321214404
    [ErrCode] => 
    [ErrInfo] => 
    [PayType] => 0
)
 from 210.175.7.20
2024/03/21 21:44:05 [/shop/user_data/pg_mulpay_recv.php] ******* receiveer data end ******* from 210.175.7.20
2024/03/21 21:44:10 [/shop/user_data/pg_mulpay_recv.php] update order status:1 order_id=956691 from 210.175.7.20
2024/03/21 21:44:10 [/shop/user_data/pg_mulpay_recv.php] pg_mulpay_recv.php set payment data:Array
(
    [ShopID] => 9000034600950
    [AccessID] => 48caa1fc2bc65a08c6887d7e9030c8f8
    [OrderID] => 956691-21214404
    [Status] => CAPTURE
    [JobCd] => CAPTURE
    [Amount] => 6560
    [Tax] => 0
    [Currency] => JPN
    [Forward] => 2S49631
    [Method] => 1
    [PayTimes] => 
    [TranID] => 2403212144602257210134152892
    [Approve] => 0451040
    [TranDate] => 20240321214404
    [ErrCode] => 
    [ErrInfo] => 
    [PayType] => 0
    [CvsCode] => 
    [CvsConfNo] => 
    [CvsReceiptNo] => 
    [EdyReceiptNo] => 
    [EdyOrderNo] => 
    [SuicaReceiptNo] => 
    [SuicaOrderNo] => 
    [CustID] => 
    [BkCode] => 
    [ConfNo] => 
    [PaymentTerm] => 
    [EncryptReceiptNo] => 
    [FinishDate] => 
    [ReceiptDate] => 
    [WebMoneyManagementNo] => 
    [WebMoneySettleCode] => 
    [AuPayInfoNo] => 
    [AuPayMethod] => 
    [AuCancelAmount] => 
    [AuCancelTax] => 
    [DocomoSettlementCode] => 
    [DocomoCancelAmount] => 
    [DocomoCancelTax] => 
    [pay_status] => 13
)
 from 210.175.7.20
2024/03/21 21:44:10 [/shop/user_data/pg_mulpay_recv.php] response:true from 210.175.7.20
2024/03/21 21:54:26 [/shop/shopping/load_payment_module.php] SendRequest:https://p01.mul-pay.jp/payment/SearchMember.idPass from 118.220.202.128
2024/03/21 21:54:26 [/shop/shopping/load_payment_module.php] Array
(
    [SiteID] => mst0000007602
    [SitePass] => ******
    [MemberID] => 4043
)
 from 118.220.202.128
2024/03/21 21:54:26 [/shop/shopping/load_payment_module.php] ErrCode=E01&ErrInfo=E01390002 from 118.220.202.128
2024/03/21 21:54:26 [/shop/shopping/load_payment_module.php] Array
(
    [0] => Array
        (
            [ErrCode] => E01
            [ErrInfo] => E01390002
        )

)
 from 118.220.202.128
2024/03/21 21:54:26 [/shop/shopping/load_payment_module.php] SendRequest:https://p01.mul-pay.jp/payment/SearchCard.idPass from 118.220.202.128
2024/03/21 21:54:26 [/shop/shopping/load_payment_module.php] Array
(
    [SiteID] => mst0000007602
    [SitePass] => ******
    [MemberID] => 4043
)
 from 118.220.202.128
2024/03/21 21:54:26 [/shop/shopping/load_payment_module.php] ErrCode=E01|E01&ErrInfo=E01390002|E01240002 from 118.220.202.128
2024/03/21 21:54:26 [/shop/shopping/load_payment_module.php] Array
(
    [0] => Array
        (
            [ErrCode] => E01
            [ErrInfo] => E01390002
        )

    [1] => Array
        (
            [ErrCode] => E01
            [ErrInfo] => E01240002
        )

)
 from 118.220.202.128
2024/03/21 21:55:17 [/shop/shopping/load_payment_module.php] SendRequest:https://p01.mul-pay.jp/payment/SearchMember.idPass from 118.220.202.128
2024/03/21 21:55:17 [/shop/shopping/load_payment_module.php] Array
(
    [SiteID] => mst0000007602
    [SitePass] => ******
    [MemberID] => 4043
)
 from 118.220.202.128
2024/03/21 21:55:17 [/shop/shopping/load_payment_module.php] ErrCode=E01&ErrInfo=E01390002 from 118.220.202.128
2024/03/21 21:55:17 [/shop/shopping/load_payment_module.php] Array
(
    [0] => Array
        (
            [ErrCode] => E01
            [ErrInfo] => E01390002
        )

)
 from 118.220.202.128
2024/03/21 21:55:17 [/shop/shopping/load_payment_module.php] SendRequest:https://p01.mul-pay.jp/payment/SearchCard.idPass from 118.220.202.128
2024/03/21 21:55:17 [/shop/shopping/load_payment_module.php] Array
(
    [SiteID] => mst0000007602
    [SitePass] => ******
    [MemberID] => 4043
)
 from 118.220.202.128
2024/03/21 21:55:17 [/shop/shopping/load_payment_module.php] ErrCode=E01|E01&ErrInfo=E01390002|E01240002 from 118.220.202.128
2024/03/21 21:55:17 [/shop/shopping/load_payment_module.php] Array
(
    [0] => Array
        (
            [ErrCode] => E01
            [ErrInfo] => E01390002
        )

    [1] => Array
        (
            [ErrCode] => E01
            [ErrInfo] => E01240002
        )

)
 from 118.220.202.128
2024/03/21 21:55:17 [/shop/shopping/load_payment_module.php] SendRequest:https://p01.mul-pay.jp/payment/EntryTran.idPass from 118.220.202.128
2024/03/21 21:55:17 [/shop/shopping/load_payment_module.php] Array
(
    [ShopID] => 9000034600950
    [ShopPass] => ******
    [OrderID] => 956692-21215517
    [JobCd] => CAPTURE
    [Amount] => 2754
    [TdFlag] => 0
    [TdTenantName] => 
)
 from 118.220.202.128
2024/03/21 21:55:17 [/shop/shopping/load_payment_module.php] AccessID=f99e1f4adbb7c24a7b2b0e0269ed193e&AccessPass=b7fd94a8eb3d8ddabbb8178d15f40f68 from 118.220.202.128
2024/03/21 21:55:17 [/shop/shopping/load_payment_module.php] Array
(
    [0] => Array
        (
            [AccessID] => f99e1f4adbb7c24a7b2b0e0269ed193e
            [AccessPass] => b7fd94a8eb3d8ddabbb8178d15f40f68
        )

)
 from 118.220.202.128
2024/03/21 21:55:17 [/shop/shopping/load_payment_module.php] load_payment_module.php set payment data:Array
(
    [AccessID] => f99e1f4adbb7c24a7b2b0e0269ed193e
    [AccessPass] => b7fd94a8eb3d8ddabbb8178d15f40f68
    [OrderID] => 956692-21215517
    [Amount] => 2754
    [JobCd] => CAPTURE
    [action_status] => 1
    [pay_status] => 0
)
 from 118.220.202.128
2024/03/21 21:55:17 [/shop/shopping/load_payment_module.php] SendRequest:https://p01.mul-pay.jp/payment/ExecTran.idPass from 118.220.202.128
2024/03/21 21:55:17 [/shop/shopping/load_payment_module.php] Array
(
    [AccessID] => f99e1f4adbb7c24a7b2b0e0269ed193e
    [AccessPass] => b7fd94a8eb3d8ddabbb8178d15f40f68
    [OrderID] => 956692-21215517
    [Method] => 1
    [Token] => 6a1c4cff76dac67e2d5075c084581d14fb7b052d7a9701a4e856b30a04cf16ab
    [ClientField1] => 
    [ClientField2] => 
    [ClientField3] => EC-CUBE4.3.35
)
 from 118.220.202.128
2024/03/21 21:55:18 [/shop/shopping/load_payment_module.php] ACS=0&OrderID=956692-21215517&Forward=2959876&Method=1&PayTimes=&Approve=0387745&TranID=2403212155602257210134152893&TranDate=20240321215518&CheckString=fb96c15f6e4334e559b7772424c3e85b from 118.220.202.128
2024/03/21 21:55:18 [/shop/shopping/load_payment_module.php] Array
(
    [0] => Array
        (
            [ACS] => 0
            [OrderID] => 956692-21215517
            [Forward] => 2959876
            [Method] => 1
            [PayTimes] => 
            [Approve] => 0387745
            [TranID] => 2403212155602257210134152893
            [TranDate] => 20240321215518
            [CheckString] => fb96c15f6e4334e559b7772424c3e85b
        )

)
 from 118.220.202.128
2024/03/21 21:55:18 [/shop/shopping/load_payment_module.php] load_payment_module.php set payment data:Array
(
    [ACS] => 0
    [Forward] => 2959876
    [Method] => 1
    [PayTimes] => 
    [Approve] => 0387745
    [TranID] => 2403212155602257210134152893
    [TranDate] => 20240321215518
    [CheckString] => fb96c15f6e4334e559b7772424c3e85b
    [Amount] => 2754
    [JobCd] => CAPTURE
    [action_status] => 3
    [pay_status] => 13
)
 from 118.220.202.128
2024/03/21 21:55:18 [/shop/user_data/pg_mulpay_recv.php] ******* receiveer data start ******* from 210.175.7.20
2024/03/21 21:55:18 [/shop/user_data/pg_mulpay_recv.php] Array
(
    [ShopID] => 9000034600950
    [ShopPass] => **********
    [AccessID] => f99e1f4adbb7c24a7b2b0e0269ed193e
    [AccessPass] => ********************************
    [OrderID] => 956692-21215517
    [Status] => CAPTURE
    [JobCd] => CAPTURE
    [Amount] => 2754
    [Tax] => 0
    [Currency] => JPN
    [Forward] => 2959876
    [Method] => 1
    [PayTimes] => 
    [TranID] => 2403212155602257210134152893
    [Approve] => 0387745
    [TranDate] => 20240321215518
    [ErrCode] => 
    [ErrInfo] => 
    [PayType] => 0
)
 from 210.175.7.20
2024/03/21 21:55:18 [/shop/user_data/pg_mulpay_recv.php] ******* receiveer data end ******* from 210.175.7.20
2024/03/21 21:55:23 [/shop/user_data/pg_mulpay_recv.php] update order status:1 order_id=956692 from 210.175.7.20
2024/03/21 21:55:23 [/shop/user_data/pg_mulpay_recv.php] pg_mulpay_recv.php set payment data:Array
(
    [ShopID] => 9000034600950
    [AccessID] => f99e1f4adbb7c24a7b2b0e0269ed193e
    [OrderID] => 956692-21215517
    [Status] => CAPTURE
    [JobCd] => CAPTURE
    [Amount] => 2754
    [Tax] => 0
    [Currency] => JPN
    [Forward] => 2959876
    [Method] => 1
    [PayTimes] => 
    [TranID] => 2403212155602257210134152893
    [Approve] => 0387745
    [TranDate] => 20240321215518
    [ErrCode] => 
    [ErrInfo] => 
    [PayType] => 0
    [CvsCode] => 
    [CvsConfNo] => 
    [CvsReceiptNo] => 
    [EdyReceiptNo] => 
    [EdyOrderNo] => 
    [SuicaReceiptNo] => 
    [SuicaOrderNo] => 
    [CustID] => 
    [BkCode] => 
    [ConfNo] => 
    [PaymentTerm] => 
    [EncryptReceiptNo] => 
    [FinishDate] => 
    [ReceiptDate] => 
    [WebMoneyManagementNo] => 
    [WebMoneySettleCode] => 
    [AuPayInfoNo] => 
    [AuPayMethod] => 
    [AuCancelAmount] => 
    [AuCancelTax] => 
    [DocomoSettlementCode] => 
    [DocomoCancelAmount] => 
    [DocomoCancelTax] => 
    [pay_status] => 13
)
 from 210.175.7.20
2024/03/21 21:55:23 [/shop/user_data/pg_mulpay_recv.php] response:true from 210.175.7.20
