2020/05/09 12:25:11 [/shop/shopping/load_payment_module.php] SendRequest:https://p01.mul-pay.jp/payment/EntryTran.idPass from 218.225.239.119
2020/05/09 12:25:11 [/shop/shopping/load_payment_module.php] Array
(
    [ShopID] => 9000034600950
    [ShopPass] => ******
    [OrderID] => 944204-09122511
    [JobCd] => CAPTURE
    [Amount] => 1180
    [TdFlag] => 0
    [TdTenantName] => 
)
 from 218.225.239.119
2020/05/09 12:25:11 [/shop/shopping/load_payment_module.php] AccessID=4d988a28d0f0cd50a729f8c07a646c82&AccessPass=1d47d9d6e163f0988411cb1f36137729 from 218.225.239.119
2020/05/09 12:25:11 [/shop/shopping/load_payment_module.php] Array
(
    [0] => Array
        (
            [AccessID] => 4d988a28d0f0cd50a729f8c07a646c82
            [AccessPass] => 1d47d9d6e163f0988411cb1f36137729
        )

)
 from 218.225.239.119
2020/05/09 12:25:11 [/shop/shopping/load_payment_module.php] load_payment_module.php set payment data:Array
(
    [AccessID] => 4d988a28d0f0cd50a729f8c07a646c82
    [AccessPass] => 1d47d9d6e163f0988411cb1f36137729
    [OrderID] => 944204-09122511
    [Amount] => 1180
    [JobCd] => CAPTURE
    [action_status] => 1
    [pay_status] => 0
)
 from 218.225.239.119
2020/05/09 12:25:11 [/shop/shopping/load_payment_module.php] SendRequest:https://p01.mul-pay.jp/payment/ExecTran.idPass from 218.225.239.119
2020/05/09 12:25:11 [/shop/shopping/load_payment_module.php] Array
(
    [AccessID] => 4d988a28d0f0cd50a729f8c07a646c82
    [AccessPass] => 1d47d9d6e163f0988411cb1f36137729
    [OrderID] => 944204-09122511
    [Method] => 1
    [Token] => 629bd2508a90479177f71e10ad9500ab52d7c7c80446edc011f40a5b87a46a87
    [ClientField1] => 
    [ClientField2] => 
    [ClientField3] => EC-CUBE4.3.24
)
 from 218.225.239.119
2020/05/09 12:25:12 [/shop/shopping/load_payment_module.php] ErrCode=G97&ErrInfo=42G970000 from 218.225.239.119
2020/05/09 12:25:12 [/shop/shopping/load_payment_module.php] Array
(
    [0] => Array
        (
            [ErrCode] => G97
            [ErrInfo] => 42G970000
        )

)
 from 218.225.239.119
2020/05/09 12:25:12 [/shop/shopping/load_payment_module.php] load_payment_module.php set payment data:Array
(
    [request_error] => Array
        (
            [0] => このカードでは取引をする事が出来ません。 (G97-42G970000)
        )

    [Amount] => 1180
    [JobCd] => CAPTURE
    [action_status] => 3
)
 from 218.225.239.119
2020/05/09 12:25:13 [/shop/user_data/pg_mulpay_recv.php] ******* receiveer data start ******* from 210.175.7.20
2020/05/09 12:25:13 [/shop/user_data/pg_mulpay_recv.php] Array
(
    [ShopID] => 9000034600950
    [ShopPass] => **********
    [AccessID] => 4d988a28d0f0cd50a729f8c07a646c82
    [AccessPass] => ********************************
    [OrderID] => 944204-09122511
    [Status] => UNPROCESSED
    [JobCd] => CAPTURE
    [Amount] => 1180
    [Tax] => 0
    [Currency] => JPN
    [Forward] => 2S49631
    [Method] => 1
    [PayTimes] => 
    [TranID] => 2005091225602257210134133101
    [Approve] =>        
    [TranDate] => 20200509122512
    [ErrCode] => G97
    [ErrInfo] => 42G970000
    [PayType] => 0
)
 from 210.175.7.20
2020/05/09 12:25:13 [/shop/user_data/pg_mulpay_recv.php] ******* receiveer data end ******* from 210.175.7.20
2020/05/09 12:25:13 [/shop/user_data/pg_mulpay_recv.php] pg_mulpay_recv.php set payment data:Array
(
    [ShopID] => 9000034600950
    [AccessID] => 4d988a28d0f0cd50a729f8c07a646c82
    [OrderID] => 944204-09122511
    [Status] => UNPROCESSED
    [JobCd] => CAPTURE
    [Amount] => 1180
    [Tax] => 0
    [Currency] => JPN
    [Forward] => 2S49631
    [Method] => 1
    [PayTimes] => 
    [TranID] => 2005091225602257210134133101
    [Approve] => 
    [TranDate] => 20200509122512
    [ErrCode] => G97
    [ErrInfo] => 42G970000
    [PayType] => 0
    [CvsCode] => 
    [CvsConfNo] => 
    [CvsReceiptNo] => 
    [EdyReceiptNo] => 
    [EdyOrderNo] => 
    [SuicaReceiptNo] => 
    [SuicaOrderNo] => 
    [CustID] => 
    [BkCode] => 
    [ConfNo] => 
    [PaymentTerm] => 
    [EncryptReceiptNo] => 
    [FinishDate] => 
    [ReceiptDate] => 
    [WebMoneyManagementNo] => 
    [WebMoneySettleCode] => 
    [AuPayInfoNo] => 
    [AuPayMethod] => 
    [AuCancelAmount] => 
    [AuCancelTax] => 
    [DocomoSettlementCode] => 
    [DocomoCancelAmount] => 
    [DocomoCancelTax] => 
    [pay_status] => 0
)
 from 210.175.7.20
2020/05/09 12:25:13 [/shop/user_data/pg_mulpay_recv.php] response:true from 210.175.7.20
2020/05/09 12:26:24 [/shop/shopping/load_payment_module.php] SendRequest:https://p01.mul-pay.jp/payment/ExecTran.idPass from 218.225.239.119
2020/05/09 12:26:24 [/shop/shopping/load_payment_module.php] Array
(
    [AccessID] => 4d988a28d0f0cd50a729f8c07a646c82
    [AccessPass] => 1d47d9d6e163f0988411cb1f36137729
    [OrderID] => 944204-09122511
    [Method] => 1
    [PayTimes] => 
    [Token] => fc0499fe6b381923c586d25faefcb5348cb2ea54471d058c87441d0f306cbd6f
    [ClientField1] => 
    [ClientField2] => 
    [ClientField3] => EC-CUBE4.3.24
)
 from 218.225.239.119
2020/05/09 12:26:25 [/shop/shopping/load_payment_module.php] ErrCode=G97&ErrInfo=42G970000 from 218.225.239.119
2020/05/09 12:26:25 [/shop/shopping/load_payment_module.php] Array
(
    [0] => Array
        (
            [ErrCode] => G97
            [ErrInfo] => 42G970000
        )

)
 from 218.225.239.119
2020/05/09 12:26:25 [/shop/shopping/load_payment_module.php] load_payment_module.php set payment data:Array
(
    [request_error] => Array
        (
            [0] => このカードでは取引をする事が出来ません。 (G97-42G970000)
        )

    [Amount] => 1180
    [JobCd] => CAPTURE
    [action_status] => 3
)
 from 218.225.239.119
2020/05/09 12:26:25 [/shop/user_data/pg_mulpay_recv.php] ******* receiveer data start ******* from 210.175.7.20
2020/05/09 12:26:25 [/shop/user_data/pg_mulpay_recv.php] Array
(
    [ShopID] => 9000034600950
    [ShopPass] => **********
    [AccessID] => 4d988a28d0f0cd50a729f8c07a646c82
    [AccessPass] => ********************************
    [OrderID] => 944204-09122511
    [Status] => UNPROCESSED
    [JobCd] => CAPTURE
    [Amount] => 1180
    [Tax] => 0
    [Currency] => JPN
    [Forward] => 2S49631
    [Method] => 1
    [PayTimes] => 
    [TranID] => 2005091226602257210134113414
    [Approve] =>        
    [TranDate] => 20200509122625
    [ErrCode] => G97
    [ErrInfo] => 42G970000
    [PayType] => 0
)
 from 210.175.7.20
2020/05/09 12:26:25 [/shop/user_data/pg_mulpay_recv.php] ******* receiveer data end ******* from 210.175.7.20
2020/05/09 12:26:25 [/shop/user_data/pg_mulpay_recv.php] pg_mulpay_recv.php set payment data:Array
(
    [ShopID] => 9000034600950
    [AccessID] => 4d988a28d0f0cd50a729f8c07a646c82
    [OrderID] => 944204-09122511
    [Status] => UNPROCESSED
    [JobCd] => CAPTURE
    [Amount] => 1180
    [Tax] => 0
    [Currency] => JPN
    [Forward] => 2S49631
    [Method] => 1
    [PayTimes] => 
    [TranID] => 2005091226602257210134113414
    [Approve] => 
    [TranDate] => 20200509122625
    [ErrCode] => G97
    [ErrInfo] => 42G970000
    [PayType] => 0
    [CvsCode] => 
    [CvsConfNo] => 
    [CvsReceiptNo] => 
    [EdyReceiptNo] => 
    [EdyOrderNo] => 
    [SuicaReceiptNo] => 
    [SuicaOrderNo] => 
    [CustID] => 
    [BkCode] => 
    [ConfNo] => 
    [PaymentTerm] => 
    [EncryptReceiptNo] => 
    [FinishDate] => 
    [ReceiptDate] => 
    [WebMoneyManagementNo] => 
    [WebMoneySettleCode] => 
    [AuPayInfoNo] => 
    [AuPayMethod] => 
    [AuCancelAmount] => 
    [AuCancelTax] => 
    [DocomoSettlementCode] => 
    [DocomoCancelAmount] => 
    [DocomoCancelTax] => 
    [pay_status] => 0
)
 from 210.175.7.20
2020/05/09 12:26:25 [/shop/user_data/pg_mulpay_recv.php] response:true from 210.175.7.20
2020/05/09 12:27:10 [/shop/shopping/load_payment_module.php] SendRequest:https://p01.mul-pay.jp/payment/ExecTran.idPass from 218.225.239.119
2020/05/09 12:27:10 [/shop/shopping/load_payment_module.php] Array
(
    [AccessID] => 4d988a28d0f0cd50a729f8c07a646c82
    [AccessPass] => 1d47d9d6e163f0988411cb1f36137729
    [OrderID] => 944204-09122511
    [Method] => 1
    [PayTimes] => 
    [Token] => 7d77a20f915ef8d1ce0f2d43ec335c8cb14dbde5d47c2332a2221e31b0f0d031
    [ClientField1] => 
    [ClientField2] => 
    [ClientField3] => EC-CUBE4.3.24
)
 from 218.225.239.119
2020/05/09 12:27:11 [/shop/shopping/load_payment_module.php] ACS=0&OrderID=944204-09122511&Forward=2S49631&Method=1&PayTimes=&Approve=0126641&TranID=2005091227602257210134123462&TranDate=20200509122711&CheckString=b6d30e3059aef4ddb74b8266af1a0d57 from 218.225.239.119
2020/05/09 12:27:11 [/shop/shopping/load_payment_module.php] Array
(
    [0] => Array
        (
            [ACS] => 0
            [OrderID] => 944204-09122511
            [Forward] => 2S49631
            [Method] => 1
            [PayTimes] => 
            [Approve] => 0126641
            [TranID] => 2005091227602257210134123462
            [TranDate] => 20200509122711
            [CheckString] => b6d30e3059aef4ddb74b8266af1a0d57
        )

)
 from 218.225.239.119
2020/05/09 12:27:11 [/shop/shopping/load_payment_module.php] load_payment_module.php set payment data:Array
(
    [ACS] => 0
    [Forward] => 2S49631
    [Method] => 1
    [PayTimes] => 
    [Approve] => 0126641
    [TranID] => 2005091227602257210134123462
    [TranDate] => 20200509122711
    [CheckString] => b6d30e3059aef4ddb74b8266af1a0d57
    [Amount] => 1180
    [JobCd] => CAPTURE
    [action_status] => 3
    [pay_status] => 13
)
 from 218.225.239.119
2020/05/09 12:27:12 [/shop/user_data/pg_mulpay_recv.php] ******* receiveer data start ******* from 210.175.7.20
2020/05/09 12:27:12 [/shop/user_data/pg_mulpay_recv.php] Array
(
    [ShopID] => 9000034600950
    [ShopPass] => **********
    [AccessID] => 4d988a28d0f0cd50a729f8c07a646c82
    [AccessPass] => ********************************
    [OrderID] => 944204-09122511
    [Status] => CAPTURE
    [JobCd] => CAPTURE
    [Amount] => 1180
    [Tax] => 0
    [Currency] => JPN
    [Forward] => 2S49631
    [Method] => 1
    [PayTimes] => 
    [TranID] => 2005091227602257210134123462
    [Approve] => 0126641
    [TranDate] => 20200509122711
    [ErrCode] => 
    [ErrInfo] => 
    [PayType] => 0
)
 from 210.175.7.20
2020/05/09 12:27:12 [/shop/user_data/pg_mulpay_recv.php] ******* receiveer data end ******* from 210.175.7.20
2020/05/09 12:27:17 [/shop/user_data/pg_mulpay_recv.php] update order status:1 order_id=944204 from 210.175.7.20
2020/05/09 12:27:17 [/shop/user_data/pg_mulpay_recv.php] pg_mulpay_recv.php set payment data:Array
(
    [ShopID] => 9000034600950
    [AccessID] => 4d988a28d0f0cd50a729f8c07a646c82
    [OrderID] => 944204-09122511
    [Status] => CAPTURE
    [JobCd] => CAPTURE
    [Amount] => 1180
    [Tax] => 0
    [Currency] => JPN
    [Forward] => 2S49631
    [Method] => 1
    [PayTimes] => 
    [TranID] => 2005091227602257210134123462
    [Approve] => 0126641
    [TranDate] => 20200509122711
    [PayType] => 0
    [CvsCode] => 
    [CvsConfNo] => 
    [CvsReceiptNo] => 
    [EdyReceiptNo] => 
    [EdyOrderNo] => 
    [SuicaReceiptNo] => 
    [SuicaOrderNo] => 
    [CustID] => 
    [BkCode] => 
    [ConfNo] => 
    [PaymentTerm] => 
    [EncryptReceiptNo] => 
    [FinishDate] => 
    [ReceiptDate] => 
    [WebMoneyManagementNo] => 
    [WebMoneySettleCode] => 
    [AuPayInfoNo] => 
    [AuPayMethod] => 
    [AuCancelAmount] => 
    [AuCancelTax] => 
    [DocomoSettlementCode] => 
    [DocomoCancelAmount] => 
    [DocomoCancelTax] => 
    [pay_status] => 13
)
 from 210.175.7.20
2020/05/09 12:27:17 [/shop/user_data/pg_mulpay_recv.php] response:true from 210.175.7.20
2020/05/09 13:04:11 [/shop/shopping/load_payment_module.php] SendRequest:https://p01.mul-pay.jp/payment/EntryTran.idPass from 211.1.214.68
2020/05/09 13:04:11 [/shop/shopping/load_payment_module.php] Array
(
    [ShopID] => 9000034600950
    [ShopPass] => ******
    [OrderID] => 944205-09130411
    [JobCd] => CAPTURE
    [Amount] => 15190
    [TdFlag] => 0
    [TdTenantName] => 
)
 from 211.1.214.68
2020/05/09 13:04:11 [/shop/shopping/load_payment_module.php] AccessID=c146be6437b6541634d791efc01786ee&AccessPass=55394f04c91ce840a3bd4c244b686c9b from 211.1.214.68
2020/05/09 13:04:11 [/shop/shopping/load_payment_module.php] Array
(
    [0] => Array
        (
            [AccessID] => c146be6437b6541634d791efc01786ee
            [AccessPass] => 55394f04c91ce840a3bd4c244b686c9b
        )

)
 from 211.1.214.68
2020/05/09 13:04:11 [/shop/shopping/load_payment_module.php] load_payment_module.php set payment data:Array
(
    [AccessID] => c146be6437b6541634d791efc01786ee
    [AccessPass] => 55394f04c91ce840a3bd4c244b686c9b
    [OrderID] => 944205-09130411
    [Amount] => 15190
    [JobCd] => CAPTURE
    [action_status] => 1
    [pay_status] => 0
)
 from 211.1.214.68
2020/05/09 13:04:11 [/shop/shopping/load_payment_module.php] SendRequest:https://p01.mul-pay.jp/payment/ExecTran.idPass from 211.1.214.68
2020/05/09 13:04:11 [/shop/shopping/load_payment_module.php] Array
(
    [AccessID] => c146be6437b6541634d791efc01786ee
    [AccessPass] => 55394f04c91ce840a3bd4c244b686c9b
    [OrderID] => 944205-09130411
    [Method] => 1
    [Token] => c20e42cdabf2d0fa1b6be09fbeb833806b5808d3e9939951688eebc66702203a
    [ClientField1] => 
    [ClientField2] => 
    [ClientField3] => EC-CUBE4.3.24
)
 from 211.1.214.68
2020/05/09 13:04:12 [/shop/shopping/load_payment_module.php] ACS=0&OrderID=944205-09130411&Forward=2S49631&Method=1&PayTimes=&Approve=0837443&TranID=2005091304602257210134133102&TranDate=20200509130412&CheckString=976bba30225c2f2eadcbe2542c3d9071 from 211.1.214.68
2020/05/09 13:04:12 [/shop/shopping/load_payment_module.php] Array
(
    [0] => Array
        (
            [ACS] => 0
            [OrderID] => 944205-09130411
            [Forward] => 2S49631
            [Method] => 1
            [PayTimes] => 
            [Approve] => 0837443
            [TranID] => 2005091304602257210134133102
            [TranDate] => 20200509130412
            [CheckString] => 976bba30225c2f2eadcbe2542c3d9071
        )

)
 from 211.1.214.68
2020/05/09 13:04:12 [/shop/shopping/load_payment_module.php] load_payment_module.php set payment data:Array
(
    [ACS] => 0
    [Forward] => 2S49631
    [Method] => 1
    [PayTimes] => 
    [Approve] => 0837443
    [TranID] => 2005091304602257210134133102
    [TranDate] => 20200509130412
    [CheckString] => 976bba30225c2f2eadcbe2542c3d9071
    [Amount] => 15190
    [JobCd] => CAPTURE
    [action_status] => 3
    [pay_status] => 13
)
 from 211.1.214.68
2020/05/09 13:04:13 [/shop/user_data/pg_mulpay_recv.php] ******* receiveer data start ******* from 210.175.7.20
2020/05/09 13:04:13 [/shop/user_data/pg_mulpay_recv.php] Array
(
    [ShopID] => 9000034600950
    [ShopPass] => **********
    [AccessID] => c146be6437b6541634d791efc01786ee
    [AccessPass] => ********************************
    [OrderID] => 944205-09130411
    [Status] => CAPTURE
    [JobCd] => CAPTURE
    [Amount] => 15190
    [Tax] => 0
    [Currency] => JPN
    [Forward] => 2S49631
    [Method] => 1
    [PayTimes] => 
    [TranID] => 2005091304602257210134133102
    [Approve] => 0837443
    [TranDate] => 20200509130412
    [ErrCode] => 
    [ErrInfo] => 
    [PayType] => 0
)
 from 210.175.7.20
2020/05/09 13:04:13 [/shop/user_data/pg_mulpay_recv.php] ******* receiveer data end ******* from 210.175.7.20
2020/05/09 13:04:18 [/shop/user_data/pg_mulpay_recv.php] update order status:1 order_id=944205 from 210.175.7.20
2020/05/09 13:04:18 [/shop/user_data/pg_mulpay_recv.php] pg_mulpay_recv.php set payment data:Array
(
    [ShopID] => 9000034600950
    [AccessID] => c146be6437b6541634d791efc01786ee
    [OrderID] => 944205-09130411
    [Status] => CAPTURE
    [JobCd] => CAPTURE
    [Amount] => 15190
    [Tax] => 0
    [Currency] => JPN
    [Forward] => 2S49631
    [Method] => 1
    [PayTimes] => 
    [TranID] => 2005091304602257210134133102
    [Approve] => 0837443
    [TranDate] => 20200509130412
    [ErrCode] => 
    [ErrInfo] => 
    [PayType] => 0
    [CvsCode] => 
    [CvsConfNo] => 
    [CvsReceiptNo] => 
    [EdyReceiptNo] => 
    [EdyOrderNo] => 
    [SuicaReceiptNo] => 
    [SuicaOrderNo] => 
    [CustID] => 
    [BkCode] => 
    [ConfNo] => 
    [PaymentTerm] => 
    [EncryptReceiptNo] => 
    [FinishDate] => 
    [ReceiptDate] => 
    [WebMoneyManagementNo] => 
    [WebMoneySettleCode] => 
    [AuPayInfoNo] => 
    [AuPayMethod] => 
    [AuCancelAmount] => 
    [AuCancelTax] => 
    [DocomoSettlementCode] => 
    [DocomoCancelAmount] => 
    [DocomoCancelTax] => 
    [pay_status] => 13
)
 from 210.175.7.20
2020/05/09 13:04:18 [/shop/user_data/pg_mulpay_recv.php] response:true from 210.175.7.20
2020/05/09 13:34:29 [/shop/shopping/load_payment_module.php] SendRequest:https://p01.mul-pay.jp/payment/SearchMember.idPass from 110.44.74.115
2020/05/09 13:34:29 [/shop/shopping/load_payment_module.php] Array
(
    [SiteID] => mst0000007602
    [SitePass] => ******
    [MemberID] => 7809
)
 from 110.44.74.115
2020/05/09 13:34:30 [/shop/shopping/load_payment_module.php] ErrCode=E01&ErrInfo=E01390002 from 110.44.74.115
2020/05/09 13:34:30 [/shop/shopping/load_payment_module.php] Array
(
    [0] => Array
        (
            [ErrCode] => E01
            [ErrInfo] => E01390002
        )

)
 from 110.44.74.115
2020/05/09 13:34:30 [/shop/shopping/load_payment_module.php] SendRequest:https://p01.mul-pay.jp/payment/SearchCard.idPass from 110.44.74.115
2020/05/09 13:34:30 [/shop/shopping/load_payment_module.php] Array
(
    [SiteID] => mst0000007602
    [SitePass] => ******
    [MemberID] => 7809
)
 from 110.44.74.115
2020/05/09 13:34:30 [/shop/shopping/load_payment_module.php] ErrCode=E01|E01&ErrInfo=E01390002|E01240002 from 110.44.74.115
2020/05/09 13:34:30 [/shop/shopping/load_payment_module.php] Array
(
    [0] => Array
        (
            [ErrCode] => E01
            [ErrInfo] => E01390002
        )

    [1] => Array
        (
            [ErrCode] => E01
            [ErrInfo] => E01240002
        )

)
 from 110.44.74.115
2020/05/09 13:35:26 [/shop/shopping/load_payment_module.php] SendRequest:https://p01.mul-pay.jp/payment/SearchMember.idPass from 110.44.74.115
2020/05/09 13:35:26 [/shop/shopping/load_payment_module.php] Array
(
    [SiteID] => mst0000007602
    [SitePass] => ******
    [MemberID] => 7809
)
 from 110.44.74.115
2020/05/09 13:35:26 [/shop/shopping/load_payment_module.php] ErrCode=E01&ErrInfo=E01390002 from 110.44.74.115
2020/05/09 13:35:26 [/shop/shopping/load_payment_module.php] Array
(
    [0] => Array
        (
            [ErrCode] => E01
            [ErrInfo] => E01390002
        )

)
 from 110.44.74.115
2020/05/09 13:35:26 [/shop/shopping/load_payment_module.php] SendRequest:https://p01.mul-pay.jp/payment/SearchCard.idPass from 110.44.74.115
2020/05/09 13:35:26 [/shop/shopping/load_payment_module.php] Array
(
    [SiteID] => mst0000007602
    [SitePass] => ******
    [MemberID] => 7809
)
 from 110.44.74.115
2020/05/09 13:35:26 [/shop/shopping/load_payment_module.php] ErrCode=E01|E01&ErrInfo=E01390002|E01240002 from 110.44.74.115
2020/05/09 13:35:26 [/shop/shopping/load_payment_module.php] Array
(
    [0] => Array
        (
            [ErrCode] => E01
            [ErrInfo] => E01390002
        )

    [1] => Array
        (
            [ErrCode] => E01
            [ErrInfo] => E01240002
        )

)
 from 110.44.74.115
2020/05/09 13:36:23 [/shop/shopping/load_payment_module.php] SendRequest:https://p01.mul-pay.jp/payment/SearchMember.idPass from 110.44.74.115
2020/05/09 13:36:23 [/shop/shopping/load_payment_module.php] Array
(
    [SiteID] => mst0000007602
    [SitePass] => ******
    [MemberID] => 7809
)
 from 110.44.74.115
2020/05/09 13:36:23 [/shop/shopping/load_payment_module.php] ErrCode=E01&ErrInfo=E01390002 from 110.44.74.115
2020/05/09 13:36:23 [/shop/shopping/load_payment_module.php] Array
(
    [0] => Array
        (
            [ErrCode] => E01
            [ErrInfo] => E01390002
        )

)
 from 110.44.74.115
2020/05/09 13:36:23 [/shop/shopping/load_payment_module.php] SendRequest:https://p01.mul-pay.jp/payment/SearchCard.idPass from 110.44.74.115
2020/05/09 13:36:23 [/shop/shopping/load_payment_module.php] Array
(
    [SiteID] => mst0000007602
    [SitePass] => ******
    [MemberID] => 7809
)
 from 110.44.74.115
2020/05/09 13:36:23 [/shop/shopping/load_payment_module.php] ErrCode=E01|E01&ErrInfo=E01390002|E01240002 from 110.44.74.115
2020/05/09 13:36:23 [/shop/shopping/load_payment_module.php] Array
(
    [0] => Array
        (
            [ErrCode] => E01
            [ErrInfo] => E01390002
        )

    [1] => Array
        (
            [ErrCode] => E01
            [ErrInfo] => E01240002
        )

)
 from 110.44.74.115
2020/05/09 13:36:23 [/shop/shopping/load_payment_module.php] SendRequest:https://p01.mul-pay.jp/payment/EntryTran.idPass from 110.44.74.115
2020/05/09 13:36:23 [/shop/shopping/load_payment_module.php] Array
(
    [ShopID] => 9000034600950
    [ShopPass] => ******
    [OrderID] => 944207-09133623
    [JobCd] => CAPTURE
    [Amount] => 28829
    [TdFlag] => 0
    [TdTenantName] => 
)
 from 110.44.74.115
2020/05/09 13:36:24 [/shop/shopping/load_payment_module.php] AccessID=5b21c14165e47ccf7b35cc31eaf416ba&AccessPass=4ddfc959a060b1b51b2df192bb996129 from 110.44.74.115
2020/05/09 13:36:24 [/shop/shopping/load_payment_module.php] Array
(
    [0] => Array
        (
            [AccessID] => 5b21c14165e47ccf7b35cc31eaf416ba
            [AccessPass] => 4ddfc959a060b1b51b2df192bb996129
        )

)
 from 110.44.74.115
2020/05/09 13:36:24 [/shop/shopping/load_payment_module.php] load_payment_module.php set payment data:Array
(
    [AccessID] => 5b21c14165e47ccf7b35cc31eaf416ba
    [AccessPass] => 4ddfc959a060b1b51b2df192bb996129
    [OrderID] => 944207-09133623
    [Amount] => 28829
    [JobCd] => CAPTURE
    [action_status] => 1
    [pay_status] => 0
)
 from 110.44.74.115
2020/05/09 13:36:24 [/shop/shopping/load_payment_module.php] SendRequest:https://p01.mul-pay.jp/payment/ExecTran.idPass from 110.44.74.115
2020/05/09 13:36:24 [/shop/shopping/load_payment_module.php] Array
(
    [AccessID] => 5b21c14165e47ccf7b35cc31eaf416ba
    [AccessPass] => 4ddfc959a060b1b51b2df192bb996129
    [OrderID] => 944207-09133623
    [Method] => 1
    [Token] => eb6a7dba53f41b3f66aa787a0f72883fbc84b8d51b734742715320f40a858a1d
    [ClientField1] => 
    [ClientField2] => 
    [ClientField3] => EC-CUBE4.3.24
)
 from 110.44.74.115
2020/05/09 13:36:25 [/shop/shopping/load_payment_module.php] ACS=0&OrderID=944207-09133623&Forward=2S49631&Method=1&PayTimes=&Approve=0143069&TranID=2005091336602257210134113415&TranDate=20200509133625&CheckString=245bb4816968f52c93cccdade48fa54d from 110.44.74.115
2020/05/09 13:36:25 [/shop/shopping/load_payment_module.php] Array
(
    [0] => Array
        (
            [ACS] => 0
            [OrderID] => 944207-09133623
            [Forward] => 2S49631
            [Method] => 1
            [PayTimes] => 
            [Approve] => 0143069
            [TranID] => 2005091336602257210134113415
            [TranDate] => 20200509133625
            [CheckString] => 245bb4816968f52c93cccdade48fa54d
        )

)
 from 110.44.74.115
2020/05/09 13:36:25 [/shop/shopping/load_payment_module.php] load_payment_module.php set payment data:Array
(
    [ACS] => 0
    [Forward] => 2S49631
    [Method] => 1
    [PayTimes] => 
    [Approve] => 0143069
    [TranID] => 2005091336602257210134113415
    [TranDate] => 20200509133625
    [CheckString] => 245bb4816968f52c93cccdade48fa54d
    [Amount] => 28829
    [JobCd] => CAPTURE
    [action_status] => 3
    [pay_status] => 13
)
 from 110.44.74.115
2020/05/09 13:36:25 [/shop/user_data/pg_mulpay_recv.php] ******* receiveer data start ******* from 210.175.7.20
2020/05/09 13:36:25 [/shop/user_data/pg_mulpay_recv.php] Array
(
    [ShopID] => 9000034600950
    [ShopPass] => **********
    [AccessID] => 5b21c14165e47ccf7b35cc31eaf416ba
    [AccessPass] => ********************************
    [OrderID] => 944207-09133623
    [Status] => CAPTURE
    [JobCd] => CAPTURE
    [Amount] => 28829
    [Tax] => 0
    [Currency] => JPN
    [Forward] => 2S49631
    [Method] => 1
    [PayTimes] => 
    [TranID] => 2005091336602257210134113415
    [Approve] => 0143069
    [TranDate] => 20200509133625
    [ErrCode] => 
    [ErrInfo] => 
    [PayType] => 0
)
 from 210.175.7.20
2020/05/09 13:36:25 [/shop/user_data/pg_mulpay_recv.php] ******* receiveer data end ******* from 210.175.7.20
2020/05/09 13:36:30 [/shop/user_data/pg_mulpay_recv.php] update order status:1 order_id=944207 from 210.175.7.20
2020/05/09 13:36:30 [/shop/user_data/pg_mulpay_recv.php] pg_mulpay_recv.php set payment data:Array
(
    [ShopID] => 9000034600950
    [AccessID] => 5b21c14165e47ccf7b35cc31eaf416ba
    [OrderID] => 944207-09133623
    [Status] => CAPTURE
    [JobCd] => CAPTURE
    [Amount] => 28829
    [Tax] => 0
    [Currency] => JPN
    [Forward] => 2S49631
    [Method] => 1
    [PayTimes] => 
    [TranID] => 2005091336602257210134113415
    [Approve] => 0143069
    [TranDate] => 20200509133625
    [ErrCode] => 
    [ErrInfo] => 
    [PayType] => 0
    [CvsCode] => 
    [CvsConfNo] => 
    [CvsReceiptNo] => 
    [EdyReceiptNo] => 
    [EdyOrderNo] => 
    [SuicaReceiptNo] => 
    [SuicaOrderNo] => 
    [CustID] => 
    [BkCode] => 
    [ConfNo] => 
    [PaymentTerm] => 
    [EncryptReceiptNo] => 
    [FinishDate] => 
    [ReceiptDate] => 
    [WebMoneyManagementNo] => 
    [WebMoneySettleCode] => 
    [AuPayInfoNo] => 
    [AuPayMethod] => 
    [AuCancelAmount] => 
    [AuCancelTax] => 
    [DocomoSettlementCode] => 
    [DocomoCancelAmount] => 
    [DocomoCancelTax] => 
    [pay_status] => 13
)
 from 210.175.7.20
2020/05/09 13:36:30 [/shop/user_data/pg_mulpay_recv.php] response:true from 210.175.7.20
2020/05/09 17:02:39 [/shop/shopping/load_payment_module.php] SendRequest:https://p01.mul-pay.jp/payment/EntryTran.idPass from 126.189.246.134
2020/05/09 17:02:39 [/shop/shopping/load_payment_module.php] Array
(
    [ShopID] => 9000034600950
    [ShopPass] => ******
    [OrderID] => 944208-09170239
    [JobCd] => CAPTURE
    [Amount] => 16750
    [TdFlag] => 0
    [TdTenantName] => 
)
 from 126.189.246.134
2020/05/09 17:02:40 [/shop/shopping/load_payment_module.php] AccessID=c5dcf0bbc2050066011b980c34de6036&AccessPass=f8a57d138cad80e9c330e2f07cd8d8ce from 126.189.246.134
2020/05/09 17:02:40 [/shop/shopping/load_payment_module.php] Array
(
    [0] => Array
        (
            [AccessID] => c5dcf0bbc2050066011b980c34de6036
            [AccessPass] => f8a57d138cad80e9c330e2f07cd8d8ce
        )

)
 from 126.189.246.134
2020/05/09 17:02:40 [/shop/shopping/load_payment_module.php] load_payment_module.php set payment data:Array
(
    [AccessID] => c5dcf0bbc2050066011b980c34de6036
    [AccessPass] => f8a57d138cad80e9c330e2f07cd8d8ce
    [OrderID] => 944208-09170239
    [Amount] => 16750
    [JobCd] => CAPTURE
    [action_status] => 1
    [pay_status] => 0
)
 from 126.189.246.134
2020/05/09 17:02:40 [/shop/shopping/load_payment_module.php] SendRequest:https://p01.mul-pay.jp/payment/ExecTran.idPass from 126.189.246.134
2020/05/09 17:02:40 [/shop/shopping/load_payment_module.php] Array
(
    [AccessID] => c5dcf0bbc2050066011b980c34de6036
    [AccessPass] => f8a57d138cad80e9c330e2f07cd8d8ce
    [OrderID] => 944208-09170239
    [Method] => 1
    [Token] => 2799af2af4c0c7c5fedbdd6dd08ee8df422fd6695ad5876ac2fad8065523f623
    [ClientField1] => 
    [ClientField2] => 
    [ClientField3] => EC-CUBE4.3.24
)
 from 126.189.246.134
2020/05/09 17:02:42 [/shop/shopping/load_payment_module.php] ACS=0&OrderID=944208-09170239&Forward=2959876&Method=1&PayTimes=&Approve=0996143&TranID=2005091702602257210134113416&TranDate=20200509170242&CheckString=2e38c6a0920573dc8d753c5a3f43ce54 from 126.189.246.134
2020/05/09 17:02:42 [/shop/shopping/load_payment_module.php] Array
(
    [0] => Array
        (
            [ACS] => 0
            [OrderID] => 944208-09170239
            [Forward] => 2959876
            [Method] => 1
            [PayTimes] => 
            [Approve] => 0996143
            [TranID] => 2005091702602257210134113416
            [TranDate] => 20200509170242
            [CheckString] => 2e38c6a0920573dc8d753c5a3f43ce54
        )

)
 from 126.189.246.134
2020/05/09 17:02:42 [/shop/shopping/load_payment_module.php] load_payment_module.php set payment data:Array
(
    [ACS] => 0
    [Forward] => 2959876
    [Method] => 1
    [PayTimes] => 
    [Approve] => 0996143
    [TranID] => 2005091702602257210134113416
    [TranDate] => 20200509170242
    [CheckString] => 2e38c6a0920573dc8d753c5a3f43ce54
    [Amount] => 16750
    [JobCd] => CAPTURE
    [action_status] => 3
    [pay_status] => 13
)
 from 126.189.246.134
2020/05/09 17:02:42 [/shop/user_data/pg_mulpay_recv.php] ******* receiveer data start ******* from 210.175.7.20
2020/05/09 17:02:42 [/shop/user_data/pg_mulpay_recv.php] Array
(
    [ShopID] => 9000034600950
    [ShopPass] => **********
    [AccessID] => c5dcf0bbc2050066011b980c34de6036
    [AccessPass] => ********************************
    [OrderID] => 944208-09170239
    [Status] => CAPTURE
    [JobCd] => CAPTURE
    [Amount] => 16750
    [Tax] => 0
    [Currency] => JPN
    [Forward] => 2959876
    [Method] => 1
    [PayTimes] => 
    [TranID] => 2005091702602257210134113416
    [Approve] => 0996143
    [TranDate] => 20200509170242
    [ErrCode] => 
    [ErrInfo] => 
    [PayType] => 0
)
 from 210.175.7.20
2020/05/09 17:02:42 [/shop/user_data/pg_mulpay_recv.php] ******* receiveer data end ******* from 210.175.7.20
2020/05/09 17:02:47 [/shop/user_data/pg_mulpay_recv.php] update order status:1 order_id=944208 from 210.175.7.20
2020/05/09 17:02:47 [/shop/user_data/pg_mulpay_recv.php] pg_mulpay_recv.php set payment data:Array
(
    [ShopID] => 9000034600950
    [AccessID] => c5dcf0bbc2050066011b980c34de6036
    [OrderID] => 944208-09170239
    [Status] => CAPTURE
    [JobCd] => CAPTURE
    [Amount] => 16750
    [Tax] => 0
    [Currency] => JPN
    [Forward] => 2959876
    [Method] => 1
    [PayTimes] => 
    [TranID] => 2005091702602257210134113416
    [Approve] => 0996143
    [TranDate] => 20200509170242
    [ErrCode] => 
    [ErrInfo] => 
    [PayType] => 0
    [CvsCode] => 
    [CvsConfNo] => 
    [CvsReceiptNo] => 
    [EdyReceiptNo] => 
    [EdyOrderNo] => 
    [SuicaReceiptNo] => 
    [SuicaOrderNo] => 
    [CustID] => 
    [BkCode] => 
    [ConfNo] => 
    [PaymentTerm] => 
    [EncryptReceiptNo] => 
    [FinishDate] => 
    [ReceiptDate] => 
    [WebMoneyManagementNo] => 
    [WebMoneySettleCode] => 
    [AuPayInfoNo] => 
    [AuPayMethod] => 
    [AuCancelAmount] => 
    [AuCancelTax] => 
    [DocomoSettlementCode] => 
    [DocomoCancelAmount] => 
    [DocomoCancelTax] => 
    [pay_status] => 13
)
 from 210.175.7.20
2020/05/09 17:02:47 [/shop/user_data/pg_mulpay_recv.php] response:true from 210.175.7.20
2020/05/09 17:32:15 [/shop/shopping/load_payment_module.php] SendRequest:https://p01.mul-pay.jp/payment/EntryTran.idPass from 211.8.18.206
2020/05/09 17:32:15 [/shop/shopping/load_payment_module.php] Array
(
    [ShopID] => 9000034600950
    [ShopPass] => ******
    [OrderID] => 944209-09173215
    [JobCd] => CAPTURE
    [Amount] => 2270
    [TdFlag] => 0
    [TdTenantName] => 
)
 from 211.8.18.206
2020/05/09 17:32:15 [/shop/shopping/load_payment_module.php] AccessID=b04ed2054eb38cfe3bb9bc5e248b1990&AccessPass=0b7d9bffadbf4df87ba0e967ad68ac9c from 211.8.18.206
2020/05/09 17:32:15 [/shop/shopping/load_payment_module.php] Array
(
    [0] => Array
        (
            [AccessID] => b04ed2054eb38cfe3bb9bc5e248b1990
            [AccessPass] => 0b7d9bffadbf4df87ba0e967ad68ac9c
        )

)
 from 211.8.18.206
2020/05/09 17:32:15 [/shop/shopping/load_payment_module.php] load_payment_module.php set payment data:Array
(
    [AccessID] => b04ed2054eb38cfe3bb9bc5e248b1990
    [AccessPass] => 0b7d9bffadbf4df87ba0e967ad68ac9c
    [OrderID] => 944209-09173215
    [Amount] => 2270
    [JobCd] => CAPTURE
    [action_status] => 1
    [pay_status] => 0
)
 from 211.8.18.206
2020/05/09 17:32:15 [/shop/shopping/load_payment_module.php] SendRequest:https://p01.mul-pay.jp/payment/ExecTran.idPass from 211.8.18.206
2020/05/09 17:32:15 [/shop/shopping/load_payment_module.php] Array
(
    [AccessID] => b04ed2054eb38cfe3bb9bc5e248b1990
    [AccessPass] => 0b7d9bffadbf4df87ba0e967ad68ac9c
    [OrderID] => 944209-09173215
    [Method] => 1
    [Token] => 151234c5d96db998ea9fc3a86184d19f8bf85d6544fa2d9baec9ccb5428a300b
    [ClientField1] => 
    [ClientField2] => 
    [ClientField3] => EC-CUBE4.3.24
)
 from 211.8.18.206
2020/05/09 17:32:16 [/shop/shopping/load_payment_module.php] ErrCode=G30&ErrInfo=42G300000 from 211.8.18.206
2020/05/09 17:32:16 [/shop/shopping/load_payment_module.php] Array
(
    [0] => Array
        (
            [ErrCode] => G30
            [ErrInfo] => 42G300000
        )

)
 from 211.8.18.206
2020/05/09 17:32:16 [/shop/shopping/load_payment_module.php] load_payment_module.php set payment data:Array
(
    [request_error] => Array
        (
            [0] => このカードでは取引をする事が出来ません。 (G30-42G300000)
        )

    [Amount] => 2270
    [JobCd] => CAPTURE
    [action_status] => 3
)
 from 211.8.18.206
2020/05/09 17:32:17 [/shop/user_data/pg_mulpay_recv.php] ******* receiveer data start ******* from 210.175.7.20
2020/05/09 17:32:17 [/shop/user_data/pg_mulpay_recv.php] Array
(
    [ShopID] => 9000034600950
    [ShopPass] => **********
    [AccessID] => b04ed2054eb38cfe3bb9bc5e248b1990
    [AccessPass] => ********************************
    [OrderID] => 944209-09173215
    [Status] => UNPROCESSED
    [JobCd] => CAPTURE
    [Amount] => 2270
    [Tax] => 0
    [Currency] => JPN
    [Forward] => 2S49631
    [Method] => 1
    [PayTimes] => 
    [TranID] => 2005091732602257210134113417
    [Approve] =>        
    [TranDate] => 20200509173216
    [ErrCode] => G30
    [ErrInfo] => 42G300000
    [PayType] => 0
)
 from 210.175.7.20
2020/05/09 17:32:17 [/shop/user_data/pg_mulpay_recv.php] ******* receiveer data end ******* from 210.175.7.20
2020/05/09 17:32:17 [/shop/user_data/pg_mulpay_recv.php] pg_mulpay_recv.php set payment data:Array
(
    [ShopID] => 9000034600950
    [AccessID] => b04ed2054eb38cfe3bb9bc5e248b1990
    [OrderID] => 944209-09173215
    [Status] => UNPROCESSED
    [JobCd] => CAPTURE
    [Amount] => 2270
    [Tax] => 0
    [Currency] => JPN
    [Forward] => 2S49631
    [Method] => 1
    [PayTimes] => 
    [TranID] => 2005091732602257210134113417
    [Approve] => 
    [TranDate] => 20200509173216
    [ErrCode] => G30
    [ErrInfo] => 42G300000
    [PayType] => 0
    [CvsCode] => 
    [CvsConfNo] => 
    [CvsReceiptNo] => 
    [EdyReceiptNo] => 
    [EdyOrderNo] => 
    [SuicaReceiptNo] => 
    [SuicaOrderNo] => 
    [CustID] => 
    [BkCode] => 
    [ConfNo] => 
    [PaymentTerm] => 
    [EncryptReceiptNo] => 
    [FinishDate] => 
    [ReceiptDate] => 
    [WebMoneyManagementNo] => 
    [WebMoneySettleCode] => 
    [AuPayInfoNo] => 
    [AuPayMethod] => 
    [AuCancelAmount] => 
    [AuCancelTax] => 
    [DocomoSettlementCode] => 
    [DocomoCancelAmount] => 
    [DocomoCancelTax] => 
    [pay_status] => 0
)
 from 210.175.7.20
2020/05/09 17:32:17 [/shop/user_data/pg_mulpay_recv.php] response:true from 210.175.7.20
2020/05/09 17:32:29 [/shop/shopping/load_payment_module.php] SendRequest:https://p01.mul-pay.jp/payment/ExecTran.idPass from 211.8.18.206
2020/05/09 17:32:29 [/shop/shopping/load_payment_module.php] Array
(
    [AccessID] => b04ed2054eb38cfe3bb9bc5e248b1990
    [AccessPass] => 0b7d9bffadbf4df87ba0e967ad68ac9c
    [OrderID] => 944209-09173215
    [Method] => 1
    [PayTimes] => 
    [Token] => 7491b2a4516eadf8a19122c0826bd056a0508110b213df4c764a96cb26d5b7db
    [ClientField1] => 
    [ClientField2] => 
    [ClientField3] => EC-CUBE4.3.24
)
 from 211.8.18.206
2020/05/09 17:32:30 [/shop/shopping/load_payment_module.php] ErrCode=G30&ErrInfo=42G300000 from 211.8.18.206
2020/05/09 17:32:30 [/shop/shopping/load_payment_module.php] Array
(
    [0] => Array
        (
            [ErrCode] => G30
            [ErrInfo] => 42G300000
        )

)
 from 211.8.18.206
2020/05/09 17:32:30 [/shop/shopping/load_payment_module.php] load_payment_module.php set payment data:Array
(
    [request_error] => Array
        (
            [0] => このカードでは取引をする事が出来ません。 (G30-42G300000)
        )

    [Amount] => 2270
    [JobCd] => CAPTURE
    [action_status] => 3
)
 from 211.8.18.206
2020/05/09 17:32:30 [/shop/user_data/pg_mulpay_recv.php] ******* receiveer data start ******* from 210.175.7.20
2020/05/09 17:32:30 [/shop/user_data/pg_mulpay_recv.php] Array
(
    [ShopID] => 9000034600950
    [ShopPass] => **********
    [AccessID] => b04ed2054eb38cfe3bb9bc5e248b1990
    [AccessPass] => ********************************
    [OrderID] => 944209-09173215
    [Status] => UNPROCESSED
    [JobCd] => CAPTURE
    [Amount] => 2270
    [Tax] => 0
    [Currency] => JPN
    [Forward] => 2S49631
    [Method] => 1
    [PayTimes] => 
    [TranID] => 2005091732602257210134133103
    [Approve] =>        
    [TranDate] => 20200509173230
    [ErrCode] => G30
    [ErrInfo] => 42G300000
    [PayType] => 0
)
 from 210.175.7.20
2020/05/09 17:32:30 [/shop/user_data/pg_mulpay_recv.php] ******* receiveer data end ******* from 210.175.7.20
2020/05/09 17:32:30 [/shop/user_data/pg_mulpay_recv.php] pg_mulpay_recv.php set payment data:Array
(
    [ShopID] => 9000034600950
    [AccessID] => b04ed2054eb38cfe3bb9bc5e248b1990
    [OrderID] => 944209-09173215
    [Status] => UNPROCESSED
    [JobCd] => CAPTURE
    [Amount] => 2270
    [Tax] => 0
    [Currency] => JPN
    [Forward] => 2S49631
    [Method] => 1
    [PayTimes] => 
    [TranID] => 2005091732602257210134133103
    [Approve] => 
    [TranDate] => 20200509173230
    [ErrCode] => G30
    [ErrInfo] => 42G300000
    [PayType] => 0
    [CvsCode] => 
    [CvsConfNo] => 
    [CvsReceiptNo] => 
    [EdyReceiptNo] => 
    [EdyOrderNo] => 
    [SuicaReceiptNo] => 
    [SuicaOrderNo] => 
    [CustID] => 
    [BkCode] => 
    [ConfNo] => 
    [PaymentTerm] => 
    [EncryptReceiptNo] => 
    [FinishDate] => 
    [ReceiptDate] => 
    [WebMoneyManagementNo] => 
    [WebMoneySettleCode] => 
    [AuPayInfoNo] => 
    [AuPayMethod] => 
    [AuCancelAmount] => 
    [AuCancelTax] => 
    [DocomoSettlementCode] => 
    [DocomoCancelAmount] => 
    [DocomoCancelTax] => 
    [pay_status] => 0
)
 from 210.175.7.20
2020/05/09 17:32:30 [/shop/user_data/pg_mulpay_recv.php] response:true from 210.175.7.20
2020/05/09 17:32:42 [/shop/shopping/load_payment_module.php] SendRequest:https://p01.mul-pay.jp/payment/ExecTran.idPass from 211.8.18.206
2020/05/09 17:32:42 [/shop/shopping/load_payment_module.php] Array
(
    [AccessID] => b04ed2054eb38cfe3bb9bc5e248b1990
    [AccessPass] => 0b7d9bffadbf4df87ba0e967ad68ac9c
    [OrderID] => 944209-09173215
    [Method] => 1
    [PayTimes] => 
    [Token] => d2feaba91bae77551f47fe01156e9cff88c1c6d82c7d2f208834d3e8b11fa569
    [ClientField1] => 
    [ClientField2] => 
    [ClientField3] => EC-CUBE4.3.24
)
 from 211.8.18.206
2020/05/09 17:32:43 [/shop/shopping/load_payment_module.php] ErrCode=G30&ErrInfo=42G300000 from 211.8.18.206
2020/05/09 17:32:43 [/shop/shopping/load_payment_module.php] Array
(
    [0] => Array
        (
            [ErrCode] => G30
            [ErrInfo] => 42G300000
        )

)
 from 211.8.18.206
2020/05/09 17:32:43 [/shop/shopping/load_payment_module.php] load_payment_module.php set payment data:Array
(
    [request_error] => Array
        (
            [0] => このカードでは取引をする事が出来ません。 (G30-42G300000)
        )

    [Amount] => 2270
    [JobCd] => CAPTURE
    [action_status] => 3
)
 from 211.8.18.206
2020/05/09 17:32:43 [/shop/user_data/pg_mulpay_recv.php] ******* receiveer data start ******* from 210.175.7.20
2020/05/09 17:32:43 [/shop/user_data/pg_mulpay_recv.php] Array
(
    [ShopID] => 9000034600950
    [ShopPass] => **********
    [AccessID] => b04ed2054eb38cfe3bb9bc5e248b1990
    [AccessPass] => ********************************
    [OrderID] => 944209-09173215
    [Status] => UNPROCESSED
    [JobCd] => CAPTURE
    [Amount] => 2270
    [Tax] => 0
    [Currency] => JPN
    [Forward] => 2S49631
    [Method] => 1
    [PayTimes] => 
    [TranID] => 2005091732602257210134133104
    [Approve] =>        
    [TranDate] => 20200509173243
    [ErrCode] => G30
    [ErrInfo] => 42G300000
    [PayType] => 0
)
 from 210.175.7.20
2020/05/09 17:32:43 [/shop/user_data/pg_mulpay_recv.php] ******* receiveer data end ******* from 210.175.7.20
2020/05/09 17:32:43 [/shop/user_data/pg_mulpay_recv.php] pg_mulpay_recv.php set payment data:Array
(
    [ShopID] => 9000034600950
    [AccessID] => b04ed2054eb38cfe3bb9bc5e248b1990
    [OrderID] => 944209-09173215
    [Status] => UNPROCESSED
    [JobCd] => CAPTURE
    [Amount] => 2270
    [Tax] => 0
    [Currency] => JPN
    [Forward] => 2S49631
    [Method] => 1
    [PayTimes] => 
    [TranID] => 2005091732602257210134133104
    [Approve] => 
    [TranDate] => 20200509173243
    [ErrCode] => G30
    [ErrInfo] => 42G300000
    [PayType] => 0
    [CvsCode] => 
    [CvsConfNo] => 
    [CvsReceiptNo] => 
    [EdyReceiptNo] => 
    [EdyOrderNo] => 
    [SuicaReceiptNo] => 
    [SuicaOrderNo] => 
    [CustID] => 
    [BkCode] => 
    [ConfNo] => 
    [PaymentTerm] => 
    [EncryptReceiptNo] => 
    [FinishDate] => 
    [ReceiptDate] => 
    [WebMoneyManagementNo] => 
    [WebMoneySettleCode] => 
    [AuPayInfoNo] => 
    [AuPayMethod] => 
    [AuCancelAmount] => 
    [AuCancelTax] => 
    [DocomoSettlementCode] => 
    [DocomoCancelAmount] => 
    [DocomoCancelTax] => 
    [pay_status] => 0
)
 from 210.175.7.20
2020/05/09 17:32:43 [/shop/user_data/pg_mulpay_recv.php] response:true from 210.175.7.20
2020/05/09 17:32:58 [/shop/shopping/load_payment_module.php] SendRequest:https://p01.mul-pay.jp/payment/ExecTran.idPass from 211.8.18.206
2020/05/09 17:32:58 [/shop/shopping/load_payment_module.php] Array
(
    [AccessID] => b04ed2054eb38cfe3bb9bc5e248b1990
    [AccessPass] => 0b7d9bffadbf4df87ba0e967ad68ac9c
    [OrderID] => 944209-09173215
    [Method] => 1
    [PayTimes] => 
    [Token] => cc798adadb6f404709661552b5c9348708d3f00068907b2bbb18c7489319fdc7
    [ClientField1] => 
    [ClientField2] => 
    [ClientField3] => EC-CUBE4.3.24
)
 from 211.8.18.206
2020/05/09 17:32:59 [/shop/shopping/load_payment_module.php] ErrCode=G30&ErrInfo=42G300000 from 211.8.18.206
2020/05/09 17:32:59 [/shop/shopping/load_payment_module.php] Array
(
    [0] => Array
        (
            [ErrCode] => G30
            [ErrInfo] => 42G300000
        )

)
 from 211.8.18.206
2020/05/09 17:32:59 [/shop/shopping/load_payment_module.php] load_payment_module.php set payment data:Array
(
    [request_error] => Array
        (
            [0] => このカードでは取引をする事が出来ません。 (G30-42G300000)
        )

    [Amount] => 2270
    [JobCd] => CAPTURE
    [action_status] => 3
)
 from 211.8.18.206
2020/05/09 17:33:00 [/shop/user_data/pg_mulpay_recv.php] ******* receiveer data start ******* from 210.175.7.20
2020/05/09 17:33:00 [/shop/user_data/pg_mulpay_recv.php] Array
(
    [ShopID] => 9000034600950
    [ShopPass] => **********
    [AccessID] => b04ed2054eb38cfe3bb9bc5e248b1990
    [AccessPass] => ********************************
    [OrderID] => 944209-09173215
    [Status] => UNPROCESSED
    [JobCd] => CAPTURE
    [Amount] => 2270
    [Tax] => 0
    [Currency] => JPN
    [Forward] => 2S49631
    [Method] => 1
    [PayTimes] => 
    [TranID] => 2005091732602257210134133105
    [Approve] =>        
    [TranDate] => 20200509173259
    [ErrCode] => G30
    [ErrInfo] => 42G300000
    [PayType] => 0
)
 from 210.175.7.20
2020/05/09 17:33:00 [/shop/user_data/pg_mulpay_recv.php] ******* receiveer data end ******* from 210.175.7.20
2020/05/09 17:33:00 [/shop/user_data/pg_mulpay_recv.php] pg_mulpay_recv.php set payment data:Array
(
    [ShopID] => 9000034600950
    [AccessID] => b04ed2054eb38cfe3bb9bc5e248b1990
    [OrderID] => 944209-09173215
    [Status] => UNPROCESSED
    [JobCd] => CAPTURE
    [Amount] => 2270
    [Tax] => 0
    [Currency] => JPN
    [Forward] => 2S49631
    [Method] => 1
    [PayTimes] => 
    [TranID] => 2005091732602257210134133105
    [Approve] => 
    [TranDate] => 20200509173259
    [ErrCode] => G30
    [ErrInfo] => 42G300000
    [PayType] => 0
    [CvsCode] => 
    [CvsConfNo] => 
    [CvsReceiptNo] => 
    [EdyReceiptNo] => 
    [EdyOrderNo] => 
    [SuicaReceiptNo] => 
    [SuicaOrderNo] => 
    [CustID] => 
    [BkCode] => 
    [ConfNo] => 
    [PaymentTerm] => 
    [EncryptReceiptNo] => 
    [FinishDate] => 
    [ReceiptDate] => 
    [WebMoneyManagementNo] => 
    [WebMoneySettleCode] => 
    [AuPayInfoNo] => 
    [AuPayMethod] => 
    [AuCancelAmount] => 
    [AuCancelTax] => 
    [DocomoSettlementCode] => 
    [DocomoCancelAmount] => 
    [DocomoCancelTax] => 
    [pay_status] => 0
)
 from 210.175.7.20
2020/05/09 17:33:00 [/shop/user_data/pg_mulpay_recv.php] response:true from 210.175.7.20
2020/05/09 17:33:35 [/shop/shopping/load_payment_module.php] SendRequest:https://p01.mul-pay.jp/payment/ExecTran.idPass from 211.8.18.206
2020/05/09 17:33:35 [/shop/shopping/load_payment_module.php] Array
(
    [AccessID] => b04ed2054eb38cfe3bb9bc5e248b1990
    [AccessPass] => 0b7d9bffadbf4df87ba0e967ad68ac9c
    [OrderID] => 944209-09173215
    [Method] => 1
    [PayTimes] => 
    [Token] => d212bda481cc1403cb1643695de1f01e054d2368c7c122346b6b3860e6a0ca97
    [ClientField1] => 
    [ClientField2] => 
    [ClientField3] => EC-CUBE4.3.24
)
 from 211.8.18.206
2020/05/09 17:33:36 [/shop/shopping/load_payment_module.php] ErrCode=G56&ErrInfo=42G560000 from 211.8.18.206
2020/05/09 17:33:36 [/shop/shopping/load_payment_module.php] Array
(
    [0] => Array
        (
            [ErrCode] => G56
            [ErrInfo] => 42G560000
        )

)
 from 211.8.18.206
2020/05/09 17:33:36 [/shop/shopping/load_payment_module.php] load_payment_module.php set payment data:Array
(
    [request_error] => Array
        (
            [0] => このカードでは取引をする事が出来ません。 (G56-42G560000)
        )

    [Amount] => 2270
    [JobCd] => CAPTURE
    [action_status] => 3
)
 from 211.8.18.206
2020/05/09 17:33:37 [/shop/user_data/pg_mulpay_recv.php] ******* receiveer data start ******* from 210.175.7.20
2020/05/09 17:33:37 [/shop/user_data/pg_mulpay_recv.php] Array
(
    [ShopID] => 9000034600950
    [ShopPass] => **********
    [AccessID] => b04ed2054eb38cfe3bb9bc5e248b1990
    [AccessPass] => ********************************
    [OrderID] => 944209-09173215
    [Status] => UNPROCESSED
    [JobCd] => CAPTURE
    [Amount] => 2270
    [Tax] => 0
    [Currency] => JPN
    [Forward] => 2959876
    [Method] => 1
    [PayTimes] => 
    [TranID] => 2005091733602257210134123463
    [Approve] =>        
    [TranDate] => 20200509173336
    [ErrCode] => G56
    [ErrInfo] => 42G560000
    [PayType] => 0
)
 from 210.175.7.20
2020/05/09 17:33:37 [/shop/user_data/pg_mulpay_recv.php] ******* receiveer data end ******* from 210.175.7.20
2020/05/09 17:33:37 [/shop/user_data/pg_mulpay_recv.php] pg_mulpay_recv.php set payment data:Array
(
    [ShopID] => 9000034600950
    [AccessID] => b04ed2054eb38cfe3bb9bc5e248b1990
    [OrderID] => 944209-09173215
    [Status] => UNPROCESSED
    [JobCd] => CAPTURE
    [Amount] => 2270
    [Tax] => 0
    [Currency] => JPN
    [Forward] => 2959876
    [Method] => 1
    [PayTimes] => 
    [TranID] => 2005091733602257210134123463
    [Approve] => 
    [TranDate] => 20200509173336
    [ErrCode] => G56
    [ErrInfo] => 42G560000
    [PayType] => 0
    [CvsCode] => 
    [CvsConfNo] => 
    [CvsReceiptNo] => 
    [EdyReceiptNo] => 
    [EdyOrderNo] => 
    [SuicaReceiptNo] => 
    [SuicaOrderNo] => 
    [CustID] => 
    [BkCode] => 
    [ConfNo] => 
    [PaymentTerm] => 
    [EncryptReceiptNo] => 
    [FinishDate] => 
    [ReceiptDate] => 
    [WebMoneyManagementNo] => 
    [WebMoneySettleCode] => 
    [AuPayInfoNo] => 
    [AuPayMethod] => 
    [AuCancelAmount] => 
    [AuCancelTax] => 
    [DocomoSettlementCode] => 
    [DocomoCancelAmount] => 
    [DocomoCancelTax] => 
    [pay_status] => 0
)
 from 210.175.7.20
2020/05/09 17:33:37 [/shop/user_data/pg_mulpay_recv.php] response:true from 210.175.7.20
2020/05/09 17:33:54 [/shop/shopping/load_payment_module.php] SendRequest:https://p01.mul-pay.jp/payment/ExecTran.idPass from 211.8.18.206
2020/05/09 17:33:54 [/shop/shopping/load_payment_module.php] Array
(
    [AccessID] => b04ed2054eb38cfe3bb9bc5e248b1990
    [AccessPass] => 0b7d9bffadbf4df87ba0e967ad68ac9c
    [OrderID] => 944209-09173215
    [Method] => 1
    [PayTimes] => 
    [Token] => 7ee1f06951d6cadd5cb03edf311eb176673e0c05bf8a867b5b6f5428830e5098
    [ClientField1] => 
    [ClientField2] => 
    [ClientField3] => EC-CUBE4.3.24
)
 from 211.8.18.206
2020/05/09 17:33:55 [/shop/shopping/load_payment_module.php] ACS=0&OrderID=944209-09173215&Forward=2959876&Method=1&PayTimes=&Approve=0000851&TranID=2005091733602257210134123464&TranDate=20200509173355&CheckString=e742a1e967e23ecbdab3b262f2f10200 from 211.8.18.206
2020/05/09 17:33:55 [/shop/shopping/load_payment_module.php] Array
(
    [0] => Array
        (
            [ACS] => 0
            [OrderID] => 944209-09173215
            [Forward] => 2959876
            [Method] => 1
            [PayTimes] => 
            [Approve] => 0000851
            [TranID] => 2005091733602257210134123464
            [TranDate] => 20200509173355
            [CheckString] => e742a1e967e23ecbdab3b262f2f10200
        )

)
 from 211.8.18.206
2020/05/09 17:33:55 [/shop/shopping/load_payment_module.php] load_payment_module.php set payment data:Array
(
    [ACS] => 0
    [Forward] => 2959876
    [Method] => 1
    [PayTimes] => 
    [Approve] => 0000851
    [TranID] => 2005091733602257210134123464
    [TranDate] => 20200509173355
    [CheckString] => e742a1e967e23ecbdab3b262f2f10200
    [Amount] => 2270
    [JobCd] => CAPTURE
    [action_status] => 3
    [pay_status] => 13
)
 from 211.8.18.206
2020/05/09 17:33:56 [/shop/user_data/pg_mulpay_recv.php] ******* receiveer data start ******* from 210.175.7.20
2020/05/09 17:33:56 [/shop/user_data/pg_mulpay_recv.php] Array
(
    [ShopID] => 9000034600950
    [ShopPass] => **********
    [AccessID] => b04ed2054eb38cfe3bb9bc5e248b1990
    [AccessPass] => ********************************
    [OrderID] => 944209-09173215
    [Status] => CAPTURE
    [JobCd] => CAPTURE
    [Amount] => 2270
    [Tax] => 0
    [Currency] => JPN
    [Forward] => 2959876
    [Method] => 1
    [PayTimes] => 
    [TranID] => 2005091733602257210134123464
    [Approve] => 0000851
    [TranDate] => 20200509173355
    [ErrCode] => 
    [ErrInfo] => 
    [PayType] => 0
)
 from 210.175.7.20
2020/05/09 17:33:56 [/shop/user_data/pg_mulpay_recv.php] ******* receiveer data end ******* from 210.175.7.20
2020/05/09 17:34:01 [/shop/user_data/pg_mulpay_recv.php] update order status:1 order_id=944209 from 210.175.7.20
2020/05/09 17:34:01 [/shop/user_data/pg_mulpay_recv.php] pg_mulpay_recv.php set payment data:Array
(
    [ShopID] => 9000034600950
    [AccessID] => b04ed2054eb38cfe3bb9bc5e248b1990
    [OrderID] => 944209-09173215
    [Status] => CAPTURE
    [JobCd] => CAPTURE
    [Amount] => 2270
    [Tax] => 0
    [Currency] => JPN
    [Forward] => 2959876
    [Method] => 1
    [PayTimes] => 
    [TranID] => 2005091733602257210134123464
    [Approve] => 0000851
    [TranDate] => 20200509173355
    [PayType] => 0
    [CvsCode] => 
    [CvsConfNo] => 
    [CvsReceiptNo] => 
    [EdyReceiptNo] => 
    [EdyOrderNo] => 
    [SuicaReceiptNo] => 
    [SuicaOrderNo] => 
    [CustID] => 
    [BkCode] => 
    [ConfNo] => 
    [PaymentTerm] => 
    [EncryptReceiptNo] => 
    [FinishDate] => 
    [ReceiptDate] => 
    [WebMoneyManagementNo] => 
    [WebMoneySettleCode] => 
    [AuPayInfoNo] => 
    [AuPayMethod] => 
    [AuCancelAmount] => 
    [AuCancelTax] => 
    [DocomoSettlementCode] => 
    [DocomoCancelAmount] => 
    [DocomoCancelTax] => 
    [pay_status] => 13
)
 from 210.175.7.20
2020/05/09 17:34:01 [/shop/user_data/pg_mulpay_recv.php] response:true from 210.175.7.20
