2021/04/26 00:38:02 [/shop/shopping/load_payment_module.php] SendRequest:https://p01.mul-pay.jp/payment/SearchMember.idPass from 126.215.244.201
2021/04/26 00:38:02 [/shop/shopping/load_payment_module.php] Array
(
    [SiteID] => mst0000007602
    [SitePass] => ******
    [MemberID] => 7689
)
 from 126.215.244.201
2021/04/26 00:38:02 [/shop/shopping/load_payment_module.php] ErrCode=E01&ErrInfo=E01390002 from 126.215.244.201
2021/04/26 00:38:02 [/shop/shopping/load_payment_module.php] Array
(
    [0] => Array
        (
            [ErrCode] => E01
            [ErrInfo] => E01390002
        )

)
 from 126.215.244.201
2021/04/26 00:38:02 [/shop/shopping/load_payment_module.php] SendRequest:https://p01.mul-pay.jp/payment/SearchCard.idPass from 126.215.244.201
2021/04/26 00:38:02 [/shop/shopping/load_payment_module.php] Array
(
    [SiteID] => mst0000007602
    [SitePass] => ******
    [MemberID] => 7689
)
 from 126.215.244.201
2021/04/26 00:38:02 [/shop/shopping/load_payment_module.php] ErrCode=E01|E01&ErrInfo=E01390002|E01240002 from 126.215.244.201
2021/04/26 00:38:02 [/shop/shopping/load_payment_module.php] Array
(
    [0] => Array
        (
            [ErrCode] => E01
            [ErrInfo] => E01390002
        )

    [1] => Array
        (
            [ErrCode] => E01
            [ErrInfo] => E01240002
        )

)
 from 126.215.244.201
2021/04/26 00:39:40 [/shop/shopping/load_payment_module.php] SendRequest:https://p01.mul-pay.jp/payment/SearchMember.idPass from 126.215.244.201
2021/04/26 00:39:40 [/shop/shopping/load_payment_module.php] Array
(
    [SiteID] => mst0000007602
    [SitePass] => ******
    [MemberID] => 7689
)
 from 126.215.244.201
2021/04/26 00:39:40 [/shop/shopping/load_payment_module.php] ErrCode=E01&ErrInfo=E01390002 from 126.215.244.201
2021/04/26 00:39:40 [/shop/shopping/load_payment_module.php] Array
(
    [0] => Array
        (
            [ErrCode] => E01
            [ErrInfo] => E01390002
        )

)
 from 126.215.244.201
2021/04/26 00:39:40 [/shop/shopping/load_payment_module.php] SendRequest:https://p01.mul-pay.jp/payment/SearchCard.idPass from 126.215.244.201
2021/04/26 00:39:40 [/shop/shopping/load_payment_module.php] Array
(
    [SiteID] => mst0000007602
    [SitePass] => ******
    [MemberID] => 7689
)
 from 126.215.244.201
2021/04/26 00:39:40 [/shop/shopping/load_payment_module.php] ErrCode=E01|E01&ErrInfo=E01390002|E01240002 from 126.215.244.201
2021/04/26 00:39:40 [/shop/shopping/load_payment_module.php] Array
(
    [0] => Array
        (
            [ErrCode] => E01
            [ErrInfo] => E01390002
        )

    [1] => Array
        (
            [ErrCode] => E01
            [ErrInfo] => E01240002
        )

)
 from 126.215.244.201
2021/04/26 00:39:40 [/shop/shopping/load_payment_module.php] SendRequest:https://p01.mul-pay.jp/payment/EntryTran.idPass from 126.215.244.201
2021/04/26 00:39:40 [/shop/shopping/load_payment_module.php] Array
(
    [ShopID] => 9000034600950
    [ShopPass] => ******
    [OrderID] => 945292-26003940
    [JobCd] => CAPTURE
    [Amount] => 8429
    [TdFlag] => 0
    [TdTenantName] => 
)
 from 126.215.244.201
2021/04/26 00:39:40 [/shop/shopping/load_payment_module.php] AccessID=d59ff296304a0206946f7a69ca79139b&AccessPass=11ed387ca940671920fcbf36d4dabf4f from 126.215.244.201
2021/04/26 00:39:40 [/shop/shopping/load_payment_module.php] Array
(
    [0] => Array
        (
            [AccessID] => d59ff296304a0206946f7a69ca79139b
            [AccessPass] => 11ed387ca940671920fcbf36d4dabf4f
        )

)
 from 126.215.244.201
2021/04/26 00:39:40 [/shop/shopping/load_payment_module.php] load_payment_module.php set payment data:Array
(
    [AccessID] => d59ff296304a0206946f7a69ca79139b
    [AccessPass] => 11ed387ca940671920fcbf36d4dabf4f
    [OrderID] => 945292-26003940
    [Amount] => 8429
    [JobCd] => CAPTURE
    [action_status] => 1
    [pay_status] => 0
)
 from 126.215.244.201
2021/04/26 00:39:40 [/shop/shopping/load_payment_module.php] SendRequest:https://p01.mul-pay.jp/payment/ExecTran.idPass from 126.215.244.201
2021/04/26 00:39:40 [/shop/shopping/load_payment_module.php] Array
(
    [AccessID] => d59ff296304a0206946f7a69ca79139b
    [AccessPass] => 11ed387ca940671920fcbf36d4dabf4f
    [OrderID] => 945292-26003940
    [Method] => 1
    [Token] => 5aa42a56d8e2417743e73bd9f3fa4343f2c3df107dce2e545ad8aae87860eb28
    [ClientField1] => 
    [ClientField2] => 
    [ClientField3] => EC-CUBE4.3.24
)
 from 126.215.244.201
2021/04/26 00:39:41 [/shop/shopping/load_payment_module.php] ACS=0&OrderID=945292-26003940&Forward=2S49631&Method=1&PayTimes=&Approve=0025780&TranID=2104260039602257210134123863&TranDate=20210426003941&CheckString=7a06ef2859d796fb8f6d55854fcb770d from 126.215.244.201
2021/04/26 00:39:41 [/shop/shopping/load_payment_module.php] Array
(
    [0] => Array
        (
            [ACS] => 0
            [OrderID] => 945292-26003940
            [Forward] => 2S49631
            [Method] => 1
            [PayTimes] => 
            [Approve] => 0025780
            [TranID] => 2104260039602257210134123863
            [TranDate] => 20210426003941
            [CheckString] => 7a06ef2859d796fb8f6d55854fcb770d
        )

)
 from 126.215.244.201
2021/04/26 00:39:41 [/shop/shopping/load_payment_module.php] load_payment_module.php set payment data:Array
(
    [ACS] => 0
    [Forward] => 2S49631
    [Method] => 1
    [PayTimes] => 
    [Approve] => 0025780
    [TranID] => 2104260039602257210134123863
    [TranDate] => 20210426003941
    [CheckString] => 7a06ef2859d796fb8f6d55854fcb770d
    [Amount] => 8429
    [JobCd] => CAPTURE
    [action_status] => 3
    [pay_status] => 13
)
 from 126.215.244.201
2021/04/26 00:39:42 [/shop/user_data/pg_mulpay_recv.php] ******* receiveer data start ******* from 210.175.7.20
2021/04/26 00:39:42 [/shop/user_data/pg_mulpay_recv.php] Array
(
    [ShopID] => 9000034600950
    [ShopPass] => **********
    [AccessID] => d59ff296304a0206946f7a69ca79139b
    [AccessPass] => ********************************
    [OrderID] => 945292-26003940
    [Status] => CAPTURE
    [JobCd] => CAPTURE
    [Amount] => 8429
    [Tax] => 0
    [Currency] => JPN
    [Forward] => 2S49631
    [Method] => 1
    [PayTimes] => 
    [TranID] => 2104260039602257210134123863
    [Approve] => 0025780
    [TranDate] => 20210426003941
    [ErrCode] => 
    [ErrInfo] => 
    [PayType] => 0
)
 from 210.175.7.20
2021/04/26 00:39:42 [/shop/user_data/pg_mulpay_recv.php] ******* receiveer data end ******* from 210.175.7.20
2021/04/26 00:39:47 [/shop/user_data/pg_mulpay_recv.php] update order status:1 order_id=945292 from 210.175.7.20
2021/04/26 00:39:47 [/shop/user_data/pg_mulpay_recv.php] pg_mulpay_recv.php set payment data:Array
(
    [ShopID] => 9000034600950
    [AccessID] => d59ff296304a0206946f7a69ca79139b
    [OrderID] => 945292-26003940
    [Status] => CAPTURE
    [JobCd] => CAPTURE
    [Amount] => 8429
    [Tax] => 0
    [Currency] => JPN
    [Forward] => 2S49631
    [Method] => 1
    [PayTimes] => 
    [TranID] => 2104260039602257210134123863
    [Approve] => 0025780
    [TranDate] => 20210426003941
    [ErrCode] => 
    [ErrInfo] => 
    [PayType] => 0
    [CvsCode] => 
    [CvsConfNo] => 
    [CvsReceiptNo] => 
    [EdyReceiptNo] => 
    [EdyOrderNo] => 
    [SuicaReceiptNo] => 
    [SuicaOrderNo] => 
    [CustID] => 
    [BkCode] => 
    [ConfNo] => 
    [PaymentTerm] => 
    [EncryptReceiptNo] => 
    [FinishDate] => 
    [ReceiptDate] => 
    [WebMoneyManagementNo] => 
    [WebMoneySettleCode] => 
    [AuPayInfoNo] => 
    [AuPayMethod] => 
    [AuCancelAmount] => 
    [AuCancelTax] => 
    [DocomoSettlementCode] => 
    [DocomoCancelAmount] => 
    [DocomoCancelTax] => 
    [pay_status] => 13
)
 from 210.175.7.20
2021/04/26 00:39:47 [/shop/user_data/pg_mulpay_recv.php] response:true from 210.175.7.20
2021/04/26 15:49:32 [/shop/shopping/load_payment_module.php] SendRequest:https://p01.mul-pay.jp/payment/EntryTran.idPass from 114.19.85.124
2021/04/26 15:49:32 [/shop/shopping/load_payment_module.php] Array
(
    [ShopID] => 9000034600950
    [ShopPass] => ******
    [OrderID] => 945293-26154932
    [JobCd] => CAPTURE
    [Amount] => 4220
    [TdFlag] => 0
    [TdTenantName] => 
)
 from 114.19.85.124
2021/04/26 15:49:32 [/shop/shopping/load_payment_module.php] AccessID=df1248151a0182b5035bbba19337eeaa&AccessPass=d0a93ff72175195af0fd13a12fda80fd from 114.19.85.124
2021/04/26 15:49:32 [/shop/shopping/load_payment_module.php] Array
(
    [0] => Array
        (
            [AccessID] => df1248151a0182b5035bbba19337eeaa
            [AccessPass] => d0a93ff72175195af0fd13a12fda80fd
        )

)
 from 114.19.85.124
2021/04/26 15:49:32 [/shop/shopping/load_payment_module.php] load_payment_module.php set payment data:Array
(
    [AccessID] => df1248151a0182b5035bbba19337eeaa
    [AccessPass] => d0a93ff72175195af0fd13a12fda80fd
    [OrderID] => 945293-26154932
    [Amount] => 4220
    [JobCd] => CAPTURE
    [action_status] => 1
    [pay_status] => 0
)
 from 114.19.85.124
2021/04/26 15:49:32 [/shop/shopping/load_payment_module.php] SendRequest:https://p01.mul-pay.jp/payment/ExecTran.idPass from 114.19.85.124
2021/04/26 15:49:32 [/shop/shopping/load_payment_module.php] Array
(
    [AccessID] => df1248151a0182b5035bbba19337eeaa
    [AccessPass] => d0a93ff72175195af0fd13a12fda80fd
    [OrderID] => 945293-26154932
    [Method] => 1
    [Token] => d52359a84df9b063c5c20fbb4ffbadf4ca2ec2c16864ce94325aaec6ab67d0ba
    [ClientField1] => 
    [ClientField2] => 
    [ClientField3] => EC-CUBE4.3.24
)
 from 114.19.85.124
2021/04/26 15:49:32 [/shop/shopping/load_payment_module.php] ErrCode=E01&ErrInfo=E01260010 from 114.19.85.124
2021/04/26 15:49:32 [/shop/shopping/load_payment_module.php] Array
(
    [0] => Array
        (
            [ErrCode] => E01
            [ErrInfo] => E01260010
        )

)
 from 114.19.85.124
2021/04/26 15:49:32 [/shop/shopping/load_payment_module.php] load_payment_module.php set payment data:Array
(
    [request_error] => Array
        (
            [0] => 指定された支払方法はご利用できません。 (E01-E01260010)
        )

    [Amount] => 4220
    [JobCd] => CAPTURE
    [action_status] => 3
)
 from 114.19.85.124
2021/04/26 15:50:09 [/shop/shopping/load_payment_module.php] SendRequest:https://p01.mul-pay.jp/payment/ExecTran.idPass from 114.19.85.124
2021/04/26 15:50:09 [/shop/shopping/load_payment_module.php] Array
(
    [AccessID] => df1248151a0182b5035bbba19337eeaa
    [AccessPass] => d0a93ff72175195af0fd13a12fda80fd
    [OrderID] => 945293-26154932
    [Method] => 1
    [Token] => e02b58cf2d03c37dd93eb4bb4cc08fd1d45031f2496dfcd94f4dd4694f5f0ff5
    [ClientField1] => 
    [ClientField2] => 
    [ClientField3] => EC-CUBE4.3.24
)
 from 114.19.85.124
2021/04/26 15:50:10 [/shop/shopping/load_payment_module.php] ACS=0&OrderID=945293-26154932&Forward=2S49631&Method=1&PayTimes=&Approve=0733516&TranID=2104261550602257210134133516&TranDate=20210426155010&CheckString=7cff8f4cc50bae24b639083922350eb4 from 114.19.85.124
2021/04/26 15:50:10 [/shop/shopping/load_payment_module.php] Array
(
    [0] => Array
        (
            [ACS] => 0
            [OrderID] => 945293-26154932
            [Forward] => 2S49631
            [Method] => 1
            [PayTimes] => 
            [Approve] => 0733516
            [TranID] => 2104261550602257210134133516
            [TranDate] => 20210426155010
            [CheckString] => 7cff8f4cc50bae24b639083922350eb4
        )

)
 from 114.19.85.124
2021/04/26 15:50:10 [/shop/shopping/load_payment_module.php] load_payment_module.php set payment data:Array
(
    [ACS] => 0
    [Forward] => 2S49631
    [Method] => 1
    [PayTimes] => 
    [Approve] => 0733516
    [TranID] => 2104261550602257210134133516
    [TranDate] => 20210426155010
    [CheckString] => 7cff8f4cc50bae24b639083922350eb4
    [Amount] => 4220
    [JobCd] => CAPTURE
    [action_status] => 3
    [pay_status] => 13
)
 from 114.19.85.124
2021/04/26 15:50:10 [/shop/user_data/pg_mulpay_recv.php] ******* receiveer data start ******* from 210.175.7.20
2021/04/26 15:50:10 [/shop/user_data/pg_mulpay_recv.php] Array
(
    [ShopID] => 9000034600950
    [ShopPass] => **********
    [AccessID] => df1248151a0182b5035bbba19337eeaa
    [AccessPass] => ********************************
    [OrderID] => 945293-26154932
    [Status] => CAPTURE
    [JobCd] => CAPTURE
    [Amount] => 4220
    [Tax] => 0
    [Currency] => JPN
    [Forward] => 2S49631
    [Method] => 1
    [PayTimes] => 
    [TranID] => 2104261550602257210134133516
    [Approve] => 0733516
    [TranDate] => 20210426155010
    [ErrCode] => 
    [ErrInfo] => 
    [PayType] => 0
)
 from 210.175.7.20
2021/04/26 15:50:10 [/shop/user_data/pg_mulpay_recv.php] ******* receiveer data end ******* from 210.175.7.20
2021/04/26 15:50:15 [/shop/user_data/pg_mulpay_recv.php] update order status:1 order_id=945293 from 210.175.7.20
2021/04/26 15:50:15 [/shop/user_data/pg_mulpay_recv.php] pg_mulpay_recv.php set payment data:Array
(
    [ShopID] => 9000034600950
    [AccessID] => df1248151a0182b5035bbba19337eeaa
    [OrderID] => 945293-26154932
    [Status] => CAPTURE
    [JobCd] => CAPTURE
    [Amount] => 4220
    [Tax] => 0
    [Currency] => JPN
    [Forward] => 2S49631
    [Method] => 1
    [PayTimes] => 
    [TranID] => 2104261550602257210134133516
    [Approve] => 0733516
    [TranDate] => 20210426155010
    [ErrCode] => 
    [ErrInfo] => 
    [PayType] => 0
    [CvsCode] => 
    [CvsConfNo] => 
    [CvsReceiptNo] => 
    [EdyReceiptNo] => 
    [EdyOrderNo] => 
    [SuicaReceiptNo] => 
    [SuicaOrderNo] => 
    [CustID] => 
    [BkCode] => 
    [ConfNo] => 
    [PaymentTerm] => 
    [EncryptReceiptNo] => 
    [FinishDate] => 
    [ReceiptDate] => 
    [WebMoneyManagementNo] => 
    [WebMoneySettleCode] => 
    [AuPayInfoNo] => 
    [AuPayMethod] => 
    [AuCancelAmount] => 
    [AuCancelTax] => 
    [DocomoSettlementCode] => 
    [DocomoCancelAmount] => 
    [DocomoCancelTax] => 
    [pay_status] => 13
)
 from 210.175.7.20
2021/04/26 15:50:15 [/shop/user_data/pg_mulpay_recv.php] response:true from 210.175.7.20
2021/04/26 17:39:06 [/shop/shopping/load_payment_module.php] SendRequest:https://p01.mul-pay.jp/payment/SearchMember.idPass from 14.3.42.142
2021/04/26 17:39:06 [/shop/shopping/load_payment_module.php] Array
(
    [SiteID] => mst0000007602
    [SitePass] => ******
    [MemberID] => 3055
)
 from 14.3.42.142
2021/04/26 17:39:06 [/shop/shopping/load_payment_module.php] ErrCode=E01&ErrInfo=E01390002 from 14.3.42.142
2021/04/26 17:39:06 [/shop/shopping/load_payment_module.php] Array
(
    [0] => Array
        (
            [ErrCode] => E01
            [ErrInfo] => E01390002
        )

)
 from 14.3.42.142
2021/04/26 17:39:06 [/shop/shopping/load_payment_module.php] SendRequest:https://p01.mul-pay.jp/payment/SearchCard.idPass from 14.3.42.142
2021/04/26 17:39:06 [/shop/shopping/load_payment_module.php] Array
(
    [SiteID] => mst0000007602
    [SitePass] => ******
    [MemberID] => 3055
)
 from 14.3.42.142
2021/04/26 17:39:06 [/shop/shopping/load_payment_module.php] ErrCode=E01|E01&ErrInfo=E01390002|E01240002 from 14.3.42.142
2021/04/26 17:39:06 [/shop/shopping/load_payment_module.php] Array
(
    [0] => Array
        (
            [ErrCode] => E01
            [ErrInfo] => E01390002
        )

    [1] => Array
        (
            [ErrCode] => E01
            [ErrInfo] => E01240002
        )

)
 from 14.3.42.142
2021/04/26 17:39:23 [/shop/shopping/load_payment_module.php] SendRequest:https://p01.mul-pay.jp/payment/SearchMember.idPass from 14.3.42.142
2021/04/26 17:39:23 [/shop/shopping/load_payment_module.php] Array
(
    [SiteID] => mst0000007602
    [SitePass] => ******
    [MemberID] => 3055
)
 from 14.3.42.142
2021/04/26 17:39:23 [/shop/shopping/load_payment_module.php] ErrCode=E01&ErrInfo=E01390002 from 14.3.42.142
2021/04/26 17:39:23 [/shop/shopping/load_payment_module.php] Array
(
    [0] => Array
        (
            [ErrCode] => E01
            [ErrInfo] => E01390002
        )

)
 from 14.3.42.142
2021/04/26 17:39:23 [/shop/shopping/load_payment_module.php] SendRequest:https://p01.mul-pay.jp/payment/SearchCard.idPass from 14.3.42.142
2021/04/26 17:39:23 [/shop/shopping/load_payment_module.php] Array
(
    [SiteID] => mst0000007602
    [SitePass] => ******
    [MemberID] => 3055
)
 from 14.3.42.142
2021/04/26 17:39:24 [/shop/shopping/load_payment_module.php] ErrCode=E01|E01&ErrInfo=E01390002|E01240002 from 14.3.42.142
2021/04/26 17:39:24 [/shop/shopping/load_payment_module.php] Array
(
    [0] => Array
        (
            [ErrCode] => E01
            [ErrInfo] => E01390002
        )

    [1] => Array
        (
            [ErrCode] => E01
            [ErrInfo] => E01240002
        )

)
 from 14.3.42.142
2021/04/26 17:39:24 [/shop/shopping/load_payment_module.php] SendRequest:https://p01.mul-pay.jp/payment/EntryTran.idPass from 14.3.42.142
2021/04/26 17:39:24 [/shop/shopping/load_payment_module.php] Array
(
    [ShopID] => 9000034600950
    [ShopPass] => ******
    [OrderID] => 945295-26173924
    [JobCd] => CAPTURE
    [Amount] => 12270
    [TdFlag] => 0
    [TdTenantName] => 
)
 from 14.3.42.142
2021/04/26 17:39:24 [/shop/shopping/load_payment_module.php] AccessID=d2921a54a4866cd8914a052296e03125&AccessPass=9b3e8498f0fad68ccbedf7eea8621eb1 from 14.3.42.142
2021/04/26 17:39:24 [/shop/shopping/load_payment_module.php] Array
(
    [0] => Array
        (
            [AccessID] => d2921a54a4866cd8914a052296e03125
            [AccessPass] => 9b3e8498f0fad68ccbedf7eea8621eb1
        )

)
 from 14.3.42.142
2021/04/26 17:39:24 [/shop/shopping/load_payment_module.php] load_payment_module.php set payment data:Array
(
    [AccessID] => d2921a54a4866cd8914a052296e03125
    [AccessPass] => 9b3e8498f0fad68ccbedf7eea8621eb1
    [OrderID] => 945295-26173924
    [Amount] => 12270
    [JobCd] => CAPTURE
    [action_status] => 1
    [pay_status] => 0
)
 from 14.3.42.142
2021/04/26 17:39:24 [/shop/shopping/load_payment_module.php] SendRequest:https://p01.mul-pay.jp/payment/ExecTran.idPass from 14.3.42.142
2021/04/26 17:39:24 [/shop/shopping/load_payment_module.php] Array
(
    [AccessID] => d2921a54a4866cd8914a052296e03125
    [AccessPass] => 9b3e8498f0fad68ccbedf7eea8621eb1
    [OrderID] => 945295-26173924
    [Method] => 1
    [Token] => 3eb8f0f963a8a091ddc9ed3fc4e46c8bee89e5a365090386fc2c42d3112051ef
    [ClientField1] => 
    [ClientField2] => 
    [ClientField3] => EC-CUBE4.3.24
)
 from 14.3.42.142
2021/04/26 17:39:25 [/shop/shopping/load_payment_module.php] ACS=0&OrderID=945295-26173924&Forward=2S49631&Method=1&PayTimes=&Approve=0077573&TranID=2104261739602257210134123864&TranDate=20210426173925&CheckString=518d150651acd7be4b6b7e2aed56a016 from 14.3.42.142
2021/04/26 17:39:25 [/shop/shopping/load_payment_module.php] Array
(
    [0] => Array
        (
            [ACS] => 0
            [OrderID] => 945295-26173924
            [Forward] => 2S49631
            [Method] => 1
            [PayTimes] => 
            [Approve] => 0077573
            [TranID] => 2104261739602257210134123864
            [TranDate] => 20210426173925
            [CheckString] => 518d150651acd7be4b6b7e2aed56a016
        )

)
 from 14.3.42.142
2021/04/26 17:39:25 [/shop/shopping/load_payment_module.php] load_payment_module.php set payment data:Array
(
    [ACS] => 0
    [Forward] => 2S49631
    [Method] => 1
    [PayTimes] => 
    [Approve] => 0077573
    [TranID] => 2104261739602257210134123864
    [TranDate] => 20210426173925
    [CheckString] => 518d150651acd7be4b6b7e2aed56a016
    [Amount] => 12270
    [JobCd] => CAPTURE
    [action_status] => 3
    [pay_status] => 13
)
 from 14.3.42.142
2021/04/26 17:39:25 [/shop/user_data/pg_mulpay_recv.php] ******* receiveer data start ******* from 210.175.7.20
2021/04/26 17:39:25 [/shop/user_data/pg_mulpay_recv.php] Array
(
    [ShopID] => 9000034600950
    [ShopPass] => **********
    [AccessID] => d2921a54a4866cd8914a052296e03125
    [AccessPass] => ********************************
    [OrderID] => 945295-26173924
    [Status] => CAPTURE
    [JobCd] => CAPTURE
    [Amount] => 12270
    [Tax] => 0
    [Currency] => JPN
    [Forward] => 2S49631
    [Method] => 1
    [PayTimes] => 
    [TranID] => 2104261739602257210134123864
    [Approve] => 0077573
    [TranDate] => 20210426173925
    [ErrCode] => 
    [ErrInfo] => 
    [PayType] => 0
)
 from 210.175.7.20
2021/04/26 17:39:25 [/shop/user_data/pg_mulpay_recv.php] ******* receiveer data end ******* from 210.175.7.20
2021/04/26 17:39:30 [/shop/user_data/pg_mulpay_recv.php] update order status:1 order_id=945295 from 210.175.7.20
2021/04/26 17:39:30 [/shop/user_data/pg_mulpay_recv.php] pg_mulpay_recv.php set payment data:Array
(
    [ShopID] => 9000034600950
    [AccessID] => d2921a54a4866cd8914a052296e03125
    [OrderID] => 945295-26173924
    [Status] => CAPTURE
    [JobCd] => CAPTURE
    [Amount] => 12270
    [Tax] => 0
    [Currency] => JPN
    [Forward] => 2S49631
    [Method] => 1
    [PayTimes] => 
    [TranID] => 2104261739602257210134123864
    [Approve] => 0077573
    [TranDate] => 20210426173925
    [ErrCode] => 
    [ErrInfo] => 
    [PayType] => 0
    [CvsCode] => 
    [CvsConfNo] => 
    [CvsReceiptNo] => 
    [EdyReceiptNo] => 
    [EdyOrderNo] => 
    [SuicaReceiptNo] => 
    [SuicaOrderNo] => 
    [CustID] => 
    [BkCode] => 
    [ConfNo] => 
    [PaymentTerm] => 
    [EncryptReceiptNo] => 
    [FinishDate] => 
    [ReceiptDate] => 
    [WebMoneyManagementNo] => 
    [WebMoneySettleCode] => 
    [AuPayInfoNo] => 
    [AuPayMethod] => 
    [AuCancelAmount] => 
    [AuCancelTax] => 
    [DocomoSettlementCode] => 
    [DocomoCancelAmount] => 
    [DocomoCancelTax] => 
    [pay_status] => 13
)
 from 210.175.7.20
2021/04/26 17:39:30 [/shop/user_data/pg_mulpay_recv.php] response:true from 210.175.7.20
2021/04/26 22:08:18 [/shop/shopping/load_payment_module.php] SendRequest:https://p01.mul-pay.jp/payment/EntryTran.idPass from 113.156.149.253
2021/04/26 22:08:18 [/shop/shopping/load_payment_module.php] Array
(
    [ShopID] => 9000034600950
    [ShopPass] => ******
    [OrderID] => 945296-26220818
    [JobCd] => CAPTURE
    [Amount] => 3830
    [TdFlag] => 0
    [TdTenantName] => 
)
 from 113.156.149.253
2021/04/26 22:08:18 [/shop/shopping/load_payment_module.php] AccessID=4cc5dbe73f7fd407e7faf1faf2eabd0b&AccessPass=feffc1f328f4a35678abfa274c76a117 from 113.156.149.253
2021/04/26 22:08:18 [/shop/shopping/load_payment_module.php] Array
(
    [0] => Array
        (
            [AccessID] => 4cc5dbe73f7fd407e7faf1faf2eabd0b
            [AccessPass] => feffc1f328f4a35678abfa274c76a117
        )

)
 from 113.156.149.253
2021/04/26 22:08:18 [/shop/shopping/load_payment_module.php] load_payment_module.php set payment data:Array
(
    [AccessID] => 4cc5dbe73f7fd407e7faf1faf2eabd0b
    [AccessPass] => feffc1f328f4a35678abfa274c76a117
    [OrderID] => 945296-26220818
    [Amount] => 3830
    [JobCd] => CAPTURE
    [action_status] => 1
    [pay_status] => 0
)
 from 113.156.149.253
2021/04/26 22:08:18 [/shop/shopping/load_payment_module.php] SendRequest:https://p01.mul-pay.jp/payment/ExecTran.idPass from 113.156.149.253
2021/04/26 22:08:18 [/shop/shopping/load_payment_module.php] Array
(
    [AccessID] => 4cc5dbe73f7fd407e7faf1faf2eabd0b
    [AccessPass] => feffc1f328f4a35678abfa274c76a117
    [OrderID] => 945296-26220818
    [Method] => 1
    [Token] => 9427933b692d95b58d0981a7b7a36eeb084b39a62a6702266cc5537b0508bf36
    [ClientField1] => 
    [ClientField2] => 
    [ClientField3] => EC-CUBE4.3.24
)
 from 113.156.149.253
2021/04/26 22:08:19 [/shop/shopping/load_payment_module.php] ErrCode=G30&ErrInfo=42G300000 from 113.156.149.253
2021/04/26 22:08:19 [/shop/shopping/load_payment_module.php] Array
(
    [0] => Array
        (
            [ErrCode] => G30
            [ErrInfo] => 42G300000
        )

)
 from 113.156.149.253
2021/04/26 22:08:19 [/shop/shopping/load_payment_module.php] load_payment_module.php set payment data:Array
(
    [request_error] => Array
        (
            [0] => このカードでは取引をする事が出来ません。 (G30-42G300000)
        )

    [Amount] => 3830
    [JobCd] => CAPTURE
    [action_status] => 3
)
 from 113.156.149.253
2021/04/26 22:08:20 [/shop/user_data/pg_mulpay_recv.php] ******* receiveer data start ******* from 210.175.7.20
2021/04/26 22:08:20 [/shop/user_data/pg_mulpay_recv.php] Array
(
    [ShopID] => 9000034600950
    [ShopPass] => **********
    [AccessID] => 4cc5dbe73f7fd407e7faf1faf2eabd0b
    [AccessPass] => ********************************
    [OrderID] => 945296-26220818
    [Status] => UNPROCESSED
    [JobCd] => CAPTURE
    [Amount] => 3830
    [Tax] => 0
    [Currency] => JPN
    [Forward] => 2959876
    [Method] => 1
    [PayTimes] => 
    [TranID] => 2104262208602257210134133517
    [Approve] =>        
    [TranDate] => 20210426220820
    [ErrCode] => G30
    [ErrInfo] => 42G300000
    [PayType] => 0
)
 from 210.175.7.20
2021/04/26 22:08:20 [/shop/user_data/pg_mulpay_recv.php] ******* receiveer data end ******* from 210.175.7.20
2021/04/26 22:08:20 [/shop/user_data/pg_mulpay_recv.php] pg_mulpay_recv.php set payment data:Array
(
    [ShopID] => 9000034600950
    [AccessID] => 4cc5dbe73f7fd407e7faf1faf2eabd0b
    [OrderID] => 945296-26220818
    [Status] => UNPROCESSED
    [JobCd] => CAPTURE
    [Amount] => 3830
    [Tax] => 0
    [Currency] => JPN
    [Forward] => 2959876
    [Method] => 1
    [PayTimes] => 
    [TranID] => 2104262208602257210134133517
    [Approve] => 
    [TranDate] => 20210426220820
    [ErrCode] => G30
    [ErrInfo] => 42G300000
    [PayType] => 0
    [CvsCode] => 
    [CvsConfNo] => 
    [CvsReceiptNo] => 
    [EdyReceiptNo] => 
    [EdyOrderNo] => 
    [SuicaReceiptNo] => 
    [SuicaOrderNo] => 
    [CustID] => 
    [BkCode] => 
    [ConfNo] => 
    [PaymentTerm] => 
    [EncryptReceiptNo] => 
    [FinishDate] => 
    [ReceiptDate] => 
    [WebMoneyManagementNo] => 
    [WebMoneySettleCode] => 
    [AuPayInfoNo] => 
    [AuPayMethod] => 
    [AuCancelAmount] => 
    [AuCancelTax] => 
    [DocomoSettlementCode] => 
    [DocomoCancelAmount] => 
    [DocomoCancelTax] => 
    [pay_status] => 0
)
 from 210.175.7.20
2021/04/26 22:08:20 [/shop/user_data/pg_mulpay_recv.php] response:true from 210.175.7.20
2021/04/26 22:09:06 [/shop/shopping/load_payment_module.php] SendRequest:https://p01.mul-pay.jp/payment/ExecTran.idPass from 113.156.149.253
2021/04/26 22:09:06 [/shop/shopping/load_payment_module.php] Array
(
    [AccessID] => 4cc5dbe73f7fd407e7faf1faf2eabd0b
    [AccessPass] => feffc1f328f4a35678abfa274c76a117
    [OrderID] => 945296-26220818
    [Method] => 1
    [PayTimes] => 
    [Token] => 80ca1b17eb76a2e69dce9883270e4015a65f56a192d7448dd7fb37f8b845d2a4
    [ClientField1] => 
    [ClientField2] => 
    [ClientField3] => EC-CUBE4.3.24
)
 from 113.156.149.253
2021/04/26 22:09:07 [/shop/shopping/load_payment_module.php] ErrCode=G30&ErrInfo=42G300000 from 113.156.149.253
2021/04/26 22:09:07 [/shop/shopping/load_payment_module.php] Array
(
    [0] => Array
        (
            [ErrCode] => G30
            [ErrInfo] => 42G300000
        )

)
 from 113.156.149.253
2021/04/26 22:09:07 [/shop/shopping/load_payment_module.php] load_payment_module.php set payment data:Array
(
    [request_error] => Array
        (
            [0] => このカードでは取引をする事が出来ません。 (G30-42G300000)
        )

    [Amount] => 3830
    [JobCd] => CAPTURE
    [action_status] => 3
)
 from 113.156.149.253
2021/04/26 22:09:08 [/shop/user_data/pg_mulpay_recv.php] ******* receiveer data start ******* from 210.175.7.20
2021/04/26 22:09:08 [/shop/user_data/pg_mulpay_recv.php] Array
(
    [ShopID] => 9000034600950
    [ShopPass] => **********
    [AccessID] => 4cc5dbe73f7fd407e7faf1faf2eabd0b
    [AccessPass] => ********************************
    [OrderID] => 945296-26220818
    [Status] => UNPROCESSED
    [JobCd] => CAPTURE
    [Amount] => 3830
    [Tax] => 0
    [Currency] => JPN
    [Forward] => 2959876
    [Method] => 1
    [PayTimes] => 
    [TranID] => 2104262209602257210134133518
    [Approve] =>        
    [TranDate] => 20210426220908
    [ErrCode] => G30
    [ErrInfo] => 42G300000
    [PayType] => 0
)
 from 210.175.7.20
2021/04/26 22:09:08 [/shop/user_data/pg_mulpay_recv.php] ******* receiveer data end ******* from 210.175.7.20
2021/04/26 22:09:08 [/shop/user_data/pg_mulpay_recv.php] pg_mulpay_recv.php set payment data:Array
(
    [ShopID] => 9000034600950
    [AccessID] => 4cc5dbe73f7fd407e7faf1faf2eabd0b
    [OrderID] => 945296-26220818
    [Status] => UNPROCESSED
    [JobCd] => CAPTURE
    [Amount] => 3830
    [Tax] => 0
    [Currency] => JPN
    [Forward] => 2959876
    [Method] => 1
    [PayTimes] => 
    [TranID] => 2104262209602257210134133518
    [Approve] => 
    [TranDate] => 20210426220908
    [ErrCode] => G30
    [ErrInfo] => 42G300000
    [PayType] => 0
    [CvsCode] => 
    [CvsConfNo] => 
    [CvsReceiptNo] => 
    [EdyReceiptNo] => 
    [EdyOrderNo] => 
    [SuicaReceiptNo] => 
    [SuicaOrderNo] => 
    [CustID] => 
    [BkCode] => 
    [ConfNo] => 
    [PaymentTerm] => 
    [EncryptReceiptNo] => 
    [FinishDate] => 
    [ReceiptDate] => 
    [WebMoneyManagementNo] => 
    [WebMoneySettleCode] => 
    [AuPayInfoNo] => 
    [AuPayMethod] => 
    [AuCancelAmount] => 
    [AuCancelTax] => 
    [DocomoSettlementCode] => 
    [DocomoCancelAmount] => 
    [DocomoCancelTax] => 
    [pay_status] => 0
)
 from 210.175.7.20
2021/04/26 22:09:08 [/shop/user_data/pg_mulpay_recv.php] response:true from 210.175.7.20
2021/04/26 22:11:56 [/shop/shopping/load_payment_module.php] SendRequest:https://p01.mul-pay.jp/payment/ExecTran.idPass from 113.156.149.253
2021/04/26 22:11:56 [/shop/shopping/load_payment_module.php] Array
(
    [AccessID] => 4cc5dbe73f7fd407e7faf1faf2eabd0b
    [AccessPass] => feffc1f328f4a35678abfa274c76a117
    [OrderID] => 945296-26220818
    [Method] => 1
    [PayTimes] => 
    [Token] => da82db381fbecd3a70a6820e33944270752589ed560b70fe00caa1e3110e50b5
    [ClientField1] => 
    [ClientField2] => 
    [ClientField3] => EC-CUBE4.3.24
)
 from 113.156.149.253
2021/04/26 22:11:58 [/shop/shopping/load_payment_module.php] ACS=0&OrderID=945296-26220818&Forward=2S49631&Method=1&PayTimes=&Approve=0471649&TranID=2104262211602257210134133519&TranDate=20210426221158&CheckString=7ef5b9b11a0b5be3e19eec1286404c90 from 113.156.149.253
2021/04/26 22:11:58 [/shop/shopping/load_payment_module.php] Array
(
    [0] => Array
        (
            [ACS] => 0
            [OrderID] => 945296-26220818
            [Forward] => 2S49631
            [Method] => 1
            [PayTimes] => 
            [Approve] => 0471649
            [TranID] => 2104262211602257210134133519
            [TranDate] => 20210426221158
            [CheckString] => 7ef5b9b11a0b5be3e19eec1286404c90
        )

)
 from 113.156.149.253
2021/04/26 22:11:58 [/shop/shopping/load_payment_module.php] load_payment_module.php set payment data:Array
(
    [ACS] => 0
    [Forward] => 2S49631
    [Method] => 1
    [PayTimes] => 
    [Approve] => 0471649
    [TranID] => 2104262211602257210134133519
    [TranDate] => 20210426221158
    [CheckString] => 7ef5b9b11a0b5be3e19eec1286404c90
    [Amount] => 3830
    [JobCd] => CAPTURE
    [action_status] => 3
    [pay_status] => 13
)
 from 113.156.149.253
2021/04/26 22:11:58 [/shop/user_data/pg_mulpay_recv.php] ******* receiveer data start ******* from 210.175.7.20
2021/04/26 22:11:58 [/shop/user_data/pg_mulpay_recv.php] Array
(
    [ShopID] => 9000034600950
    [ShopPass] => **********
    [AccessID] => 4cc5dbe73f7fd407e7faf1faf2eabd0b
    [AccessPass] => ********************************
    [OrderID] => 945296-26220818
    [Status] => CAPTURE
    [JobCd] => CAPTURE
    [Amount] => 3830
    [Tax] => 0
    [Currency] => JPN
    [Forward] => 2S49631
    [Method] => 1
    [PayTimes] => 
    [TranID] => 2104262211602257210134133519
    [Approve] => 0471649
    [TranDate] => 20210426221158
    [ErrCode] => 
    [ErrInfo] => 
    [PayType] => 0
)
 from 210.175.7.20
2021/04/26 22:11:58 [/shop/user_data/pg_mulpay_recv.php] ******* receiveer data end ******* from 210.175.7.20
2021/04/26 22:12:03 [/shop/user_data/pg_mulpay_recv.php] update order status:1 order_id=945296 from 210.175.7.20
2021/04/26 22:12:03 [/shop/user_data/pg_mulpay_recv.php] pg_mulpay_recv.php set payment data:Array
(
    [ShopID] => 9000034600950
    [AccessID] => 4cc5dbe73f7fd407e7faf1faf2eabd0b
    [OrderID] => 945296-26220818
    [Status] => CAPTURE
    [JobCd] => CAPTURE
    [Amount] => 3830
    [Tax] => 0
    [Currency] => JPN
    [Forward] => 2S49631
    [Method] => 1
    [PayTimes] => 
    [TranID] => 2104262211602257210134133519
    [Approve] => 0471649
    [TranDate] => 20210426221158
    [PayType] => 0
    [CvsCode] => 
    [CvsConfNo] => 
    [CvsReceiptNo] => 
    [EdyReceiptNo] => 
    [EdyOrderNo] => 
    [SuicaReceiptNo] => 
    [SuicaOrderNo] => 
    [CustID] => 
    [BkCode] => 
    [ConfNo] => 
    [PaymentTerm] => 
    [EncryptReceiptNo] => 
    [FinishDate] => 
    [ReceiptDate] => 
    [WebMoneyManagementNo] => 
    [WebMoneySettleCode] => 
    [AuPayInfoNo] => 
    [AuPayMethod] => 
    [AuCancelAmount] => 
    [AuCancelTax] => 
    [DocomoSettlementCode] => 
    [DocomoCancelAmount] => 
    [DocomoCancelTax] => 
    [pay_status] => 13
)
 from 210.175.7.20
2021/04/26 22:12:03 [/shop/user_data/pg_mulpay_recv.php] response:true from 210.175.7.20
